INFO     2022-05-28 23:23:32 WDM::logger.py:log:16: ====== WebDriver manager ======
INFO     2022-05-28 23:23:34 WDM::logger.py:log:16: Current google-chrome version is 102.0.5005
INFO     2022-05-28 23:23:34 WDM::logger.py:log:16: Get LATEST chromedriver version for 102.0.5005 google-chrome
DEBUG    2022-05-28 23:23:34 urllib3.connectionpool::connectionpool.py:_new_conn:1001: Starting new HTTPS connection (1): chromedriver.storage.googleapis.com:443
DEBUG    2022-05-28 23:23:34 urllib3.connectionpool::connectionpool.py:_make_request:456: https://chromedriver.storage.googleapis.com:443 "GET /LATEST_RELEASE_102.0.5005 HTTP/1.1" 200 13
INFO     2022-05-28 23:23:34 WDM::logger.py:log:16: Driver [C:\Users\teddy\.wdm\drivers\chromedriver\win32\102.0.5005.61\chromedriver.exe] found in cache
DEBUG    2022-05-28 23:23:34 selenium.webdriver.remote.remote_connection::remote_connection.py:_request:361: POST http://localhost:10112/session {"capabilities": {"firstMatch": [{}], "alwaysMatch": {"browserName": "chrome", "pageLoadStrategy": "normal", "goog:chromeOptions": {"extensions": [], "args": []}}}}
DEBUG    2022-05-28 23:23:34 urllib3.connectionpool::connectionpool.py:_new_conn:228: Starting new HTTP connection (1): localhost:10112
DEBUG    2022-05-28 23:23:35 urllib3.connectionpool::connectionpool.py:_make_request:456: http://localhost:10112 "POST /session HTTP/1.1" 200 789
DEBUG    2022-05-28 23:23:35 selenium.webdriver.remote.remote_connection::remote_connection.py:_request:383: Remote response: status=200 | data={"value":{"capabilities":{"acceptInsecureCerts":false,"browserName":"chrome","browserVersion":"102.0.5005.61","chrome":{"chromedriverVersion":"102.0.5005.61 (0e59bcc00cc4985ce39ad31c150065f159d95ad3-refs/branch-heads/5005@{#819})","userDataDir":"C:\\Users\\teddy\\AppData\\Local\\Temp\\scoped_dir3024_1655590833"},"goog:chromeOptions":{"debuggerAddress":"localhost:10116"},"networkConnectionEnabled":false,"pageLoadStrategy":"normal","platformName":"windows","proxy":{},"setWindowRect":true,"strictFileInteractability":false,"timeouts":{"implicit":0,"pageLoad":300000,"script":30000},"unhandledPromptBehavior":"dismiss and notify","webauthn:extension:credBlob":true,"webauthn:extension:largeBlob":true,"webauthn:virtualAuthenticators":true},"sessionId":"dc6c0e2a0ee29f59170708975679ac5a"}} | headers=HTTPHeaderDict({'Content-Length': '789', 'Content-Type': 'application/json; charset=utf-8', 'cache-control': 'no-cache'})
DEBUG    2022-05-28 23:23:35 selenium.webdriver.remote.remote_connection::remote_connection.py:_request:412: Finished Request
DEBUG    2022-05-28 23:23:35 selenium.webdriver.remote.remote_connection::remote_connection.py:_request:361: POST http://localhost:10112/session/dc6c0e2a0ee29f59170708975679ac5a/window/maximize {}
DEBUG    2022-05-28 23:23:36 urllib3.connectionpool::connectionpool.py:_make_request:456: http://localhost:10112 "POST /session/dc6c0e2a0ee29f59170708975679ac5a/window/maximize HTTP/1.1" 200 52
DEBUG    2022-05-28 23:23:36 selenium.webdriver.remote.remote_connection::remote_connection.py:_request:383: Remote response: status=200 | data={"value":{"height":1048,"width":1936,"x":-8,"y":-8}} | headers=HTTPHeaderDict({'Content-Length': '52', 'Content-Type': 'application/json; charset=utf-8', 'cache-control': 'no-cache'})
DEBUG    2022-05-28 23:23:36 selenium.webdriver.remote.remote_connection::remote_connection.py:_request:412: Finished Request
DEBUG    2022-05-28 23:23:36 selenium.webdriver.remote.remote_connection::remote_connection.py:_request:361: POST http://localhost:10112/session/dc6c0e2a0ee29f59170708975679ac5a/timeouts {"implicit": 10000}
DEBUG    2022-05-28 23:23:36 urllib3.connectionpool::connectionpool.py:_make_request:456: http://localhost:10112 "POST /session/dc6c0e2a0ee29f59170708975679ac5a/timeouts HTTP/1.1" 200 14
DEBUG    2022-05-28 23:23:36 selenium.webdriver.remote.remote_connection::remote_connection.py:_request:383: Remote response: status=200 | data={"value":null} | headers=HTTPHeaderDict({'Content-Length': '14', 'Content-Type': 'application/json; charset=utf-8', 'cache-control': 'no-cache'})
DEBUG    2022-05-28 23:23:36 selenium.webdriver.remote.remote_connection::remote_connection.py:_request:412: Finished Request
DEBUG    2022-05-28 23:23:36 selenium.webdriver.remote.remote_connection::remote_connection.py:_request:361: POST http://localhost:10112/session/dc6c0e2a0ee29f59170708975679ac5a/url {"url": "https://www.yogiyo.co.kr/mobile/#/"}
DEBUG    2022-05-28 23:23:38 urllib3.connectionpool::connectionpool.py:_make_request:456: http://localhost:10112 "POST /session/dc6c0e2a0ee29f59170708975679ac5a/url HTTP/1.1" 200 14
DEBUG    2022-05-28 23:23:38 selenium.webdriver.remote.remote_connection::remote_connection.py:_request:383: Remote response: status=200 | data={"value":null} | headers=HTTPHeaderDict({'Content-Length': '14', 'Content-Type': 'application/json; charset=utf-8', 'cache-control': 'no-cache'})
DEBUG    2022-05-28 23:23:38 selenium.webdriver.remote.remote_connection::remote_connection.py:_request:412: Finished Request
DEBUG    2022-05-28 23:23:38 selenium.webdriver.remote.remote_connection::remote_connection.py:_request:361: POST http://localhost:10112/session/dc6c0e2a0ee29f59170708975679ac5a/element {"using": "xpath", "value": "//input[@name='address_input']"}
DEBUG    2022-05-28 23:23:38 urllib3.connectionpool::connectionpool.py:_make_request:456: http://localhost:10112 "POST /session/dc6c0e2a0ee29f59170708975679ac5a/element HTTP/1.1" 200 88
DEBUG    2022-05-28 23:23:38 selenium.webdriver.remote.remote_connection::remote_connection.py:_request:383: Remote response: status=200 | data={"value":{"element-6066-11e4-a52e-4f735466cecf":"e7d1feb0-ccfa-4630-802c-9642f47cff40"}} | headers=HTTPHeaderDict({'Content-Length': '88', 'Content-Type': 'application/json; charset=utf-8', 'cache-control': 'no-cache'})
DEBUG    2022-05-28 23:23:38 selenium.webdriver.remote.remote_connection::remote_connection.py:_request:412: Finished Request
DEBUG    2022-05-28 23:23:38 selenium.webdriver.remote.remote_connection::remote_connection.py:_request:361: POST http://localhost:10112/session/dc6c0e2a0ee29f59170708975679ac5a/element/e7d1feb0-ccfa-4630-802c-9642f47cff40/clear {"id": "e7d1feb0-ccfa-4630-802c-9642f47cff40"}
DEBUG    2022-05-28 23:23:38 urllib3.connectionpool::connectionpool.py:_make_request:456: http://localhost:10112 "POST /session/dc6c0e2a0ee29f59170708975679ac5a/element/e7d1feb0-ccfa-4630-802c-9642f47cff40/clear HTTP/1.1" 200 14
DEBUG    2022-05-28 23:23:38 selenium.webdriver.remote.remote_connection::remote_connection.py:_request:383: Remote response: status=200 | data={"value":null} | headers=HTTPHeaderDict({'Content-Length': '14', 'Content-Type': 'application/json; charset=utf-8', 'cache-control': 'no-cache'})
DEBUG    2022-05-28 23:23:38 selenium.webdriver.remote.remote_connection::remote_connection.py:_request:412: Finished Request
DEBUG    2022-05-28 23:23:38 selenium.webdriver.remote.remote_connection::remote_connection.py:_request:361: POST http://localhost:10112/session/dc6c0e2a0ee29f59170708975679ac5a/element {"using": "xpath", "value": "//input[@name='address_input']"}
DEBUG    2022-05-28 23:23:38 urllib3.connectionpool::connectionpool.py:_make_request:456: http://localhost:10112 "POST /session/dc6c0e2a0ee29f59170708975679ac5a/element HTTP/1.1" 200 88
DEBUG    2022-05-28 23:23:38 selenium.webdriver.remote.remote_connection::remote_connection.py:_request:383: Remote response: status=200 | data={"value":{"element-6066-11e4-a52e-4f735466cecf":"e7d1feb0-ccfa-4630-802c-9642f47cff40"}} | headers=HTTPHeaderDict({'Content-Length': '88', 'Content-Type': 'application/json; charset=utf-8', 'cache-control': 'no-cache'})
DEBUG    2022-05-28 23:23:38 selenium.webdriver.remote.remote_connection::remote_connection.py:_request:412: Finished Request
DEBUG    2022-05-28 23:23:38 selenium.webdriver.remote.remote_connection::remote_connection.py:_request:361: POST http://localhost:10112/session/dc6c0e2a0ee29f59170708975679ac5a/element/e7d1feb0-ccfa-4630-802c-9642f47cff40/value {"text": "\uc11c\uc6b8\ud2b9\ubcc4\uc2dc \ub3d9\uc791\uad6c \uc0ac\ub2f9\ub3d9 144-4 \uc774\uc218\uc5ed(7\ud638\uc120)", "value": ["\uc11c", "\uc6b8", "\ud2b9", "\ubcc4", "\uc2dc", " ", "\ub3d9", "\uc791", "\uad6c", " ", "\uc0ac", "\ub2f9", "\ub3d9", " ", "1", "4", "4", "-", "4", " ", "\uc774", "\uc218", "\uc5ed", "(", "7", "\ud638", "\uc120", ")"], "id": "e7d1feb0-ccfa-4630-802c-9642f47cff40"}
DEBUG    2022-05-28 23:23:38 urllib3.connectionpool::connectionpool.py:_make_request:456: http://localhost:10112 "POST /session/dc6c0e2a0ee29f59170708975679ac5a/element/e7d1feb0-ccfa-4630-802c-9642f47cff40/value HTTP/1.1" 200 14
DEBUG    2022-05-28 23:23:38 selenium.webdriver.remote.remote_connection::remote_connection.py:_request:383: Remote response: status=200 | data={"value":null} | headers=HTTPHeaderDict({'Content-Length': '14', 'Content-Type': 'application/json; charset=utf-8', 'cache-control': 'no-cache'})
DEBUG    2022-05-28 23:23:38 selenium.webdriver.remote.remote_connection::remote_connection.py:_request:412: Finished Request
DEBUG    2022-05-28 23:23:38 selenium.webdriver.remote.remote_connection::remote_connection.py:_request:361: POST http://localhost:10112/session/dc6c0e2a0ee29f59170708975679ac5a/element {"using": "xpath", "value": "//button[@class='btn btn-default ico-pick']"}
DEBUG    2022-05-28 23:23:38 urllib3.connectionpool::connectionpool.py:_make_request:456: http://localhost:10112 "POST /session/dc6c0e2a0ee29f59170708975679ac5a/element HTTP/1.1" 200 88
DEBUG    2022-05-28 23:23:38 selenium.webdriver.remote.remote_connection::remote_connection.py:_request:383: Remote response: status=200 | data={"value":{"element-6066-11e4-a52e-4f735466cecf":"d11ad38a-7fea-4988-bd02-e272096560fd"}} | headers=HTTPHeaderDict({'Content-Length': '88', 'Content-Type': 'application/json; charset=utf-8', 'cache-control': 'no-cache'})
DEBUG    2022-05-28 23:23:38 selenium.webdriver.remote.remote_connection::remote_connection.py:_request:412: Finished Request
DEBUG    2022-05-28 23:23:38 selenium.webdriver.remote.remote_connection::remote_connection.py:_request:361: POST http://localhost:10112/session/dc6c0e2a0ee29f59170708975679ac5a/element/d11ad38a-7fea-4988-bd02-e272096560fd/click {"id": "d11ad38a-7fea-4988-bd02-e272096560fd"}
DEBUG    2022-05-28 23:23:38 urllib3.connectionpool::connectionpool.py:_make_request:456: http://localhost:10112 "POST /session/dc6c0e2a0ee29f59170708975679ac5a/element/d11ad38a-7fea-4988-bd02-e272096560fd/click HTTP/1.1" 200 14
DEBUG    2022-05-28 23:23:38 selenium.webdriver.remote.remote_connection::remote_connection.py:_request:383: Remote response: status=200 | data={"value":null} | headers=HTTPHeaderDict({'Content-Length': '14', 'Content-Type': 'application/json; charset=utf-8', 'cache-control': 'no-cache'})
DEBUG    2022-05-28 23:23:38 selenium.webdriver.remote.remote_connection::remote_connection.py:_request:412: Finished Request
DEBUG    2022-05-28 23:23:40 selenium.webdriver.remote.remote_connection::remote_connection.py:_request:361: GET http://localhost:10112/session/dc6c0e2a0ee29f59170708975679ac5a/url {}
DEBUG    2022-05-28 23:23:40 urllib3.connectionpool::connectionpool.py:_make_request:456: http://localhost:10112 "GET /session/dc6c0e2a0ee29f59170708975679ac5a/url HTTP/1.1" 200 99
DEBUG    2022-05-28 23:23:40 selenium.webdriver.remote.remote_connection::remote_connection.py:_request:383: Remote response: status=200 | data={"value":"https://www.yogiyo.co.kr/mobile/#/%EC%84%9C%EC%9A%B8%ED%8A%B9%EB%B3%84%EC%8B%9C/156091/"} | headers=HTTPHeaderDict({'Content-Length': '99', 'Content-Type': 'application/json; charset=utf-8', 'cache-control': 'no-cache'})
DEBUG    2022-05-28 23:23:40 selenium.webdriver.remote.remote_connection::remote_connection.py:_request:412: Finished Request
INFO     2022-05-28 23:23:40 root::mod_common.py:compare_url:25: 현재 URL : https://www.yogiyo.co.kr/mobile/#/%EC%84%9C%EC%9A%B8%ED%8A%B9%EB%B3%84%EC%8B%9C/156091/
INFO     2022-05-28 23:23:40 root::mod_common.py:compare_url:26: 비교 URL : https://www.yogiyo.co.kr/mobile/#/%EC%84%9C%EC%9A%B8%ED%8A%B9%EB%B3%84%EC%8B%9C/156091/
INFO     2022-05-28 23:23:40 root::mod_common.py:compare_url:28: 두 URL이 일치합니다.
INFO     2022-05-28 23:23:40 root::mod_enter.py:enter_restaurant_list:19: Success : 레스토랑 리스트 페이지 진입에 성공했습니다.
DEBUG    2022-05-28 23:23:40 selenium.webdriver.remote.remote_connection::remote_connection.py:_request:361: POST http://localhost:10112/session/dc6c0e2a0ee29f59170708975679ac5a/elements {"using": "xpath", "value": "//div[@class='logo']"}
DEBUG    2022-05-28 23:23:40 urllib3.connectionpool::connectionpool.py:_make_request:456: http://localhost:10112 "POST /session/dc6c0e2a0ee29f59170708975679ac5a/elements HTTP/1.1" 200 4751
DEBUG    2022-05-28 23:23:40 selenium.webdriver.remote.remote_connection::remote_connection.py:_request:383: Remote response: status=200 | data={"value":[{"element-6066-11e4-a52e-4f735466cecf":"bcee8a3d-b552-4575-89e6-fec703071d67"},{"element-6066-11e4-a52e-4f735466cecf":"ce4deb08-0072-4605-bde9-b37fb6433b66"},{"element-6066-11e4-a52e-4f735466cecf":"b67e2826-4df2-4d03-ba1c-b965206bd0bc"},{"element-6066-11e4-a52e-4f735466cecf":"e6722ff7-6a02-458e-83d7-00378282f44d"},{"element-6066-11e4-a52e-4f735466cecf":"437f0590-e28c-491d-b851-8766e2fe4900"},{"element-6066-11e4-a52e-4f735466cecf":"c5d93516-71eb-46a1-8132-5bdaff26116f"},{"element-6066-11e4-a52e-4f735466cecf":"0a147163-06bf-4b38-aa19-a1590c73cb59"},{"element-6066-11e4-a52e-4f735466cecf":"382a65dd-e59e-469d-8afb-5be31669abc0"},{"element-6066-11e4-a52e-4f735466cecf":"c7441eb2-3ad6-4206-9641-2be2d9bacdb8"},{"element-6066-11e4-a52e-4f735466cecf":"2d397cc3-6977-4c4a-8d53-df5ebbe7f3c2"},{"element-6066-11e4-a52e-4f735466cecf":"5e4c9dcc-a71b-46f8-8bdd-566d1d71eb04"},{"element-6066-11e4-a52e-4f735466cecf":"b253bca9-6072-4a27-898a-a5e3c5d7f4b6"},{"element-6066-11e4-a52e-4f735466cecf":"8c87bc05-e7fb-4b37-af1f-c9e7feaf7672"},{"element-6066-11e4-a52e-4f735466cecf":"7c8fa04b-ff15-4bdc-8d8d-7d0473bd50b0"},{"element-6066-11e4-a52e-4f735466cecf":"eec3f6ce-5b18-4a4b-8953-ef4e122e1fdd"},{"element-6066-11e4-a52e-4f735466cecf":"67ba524a-5262-4cdc-a864-012e8edb583a"},{"element-6066-11e4-a52e-4f735466cecf":"ce5c5464-8ca6-4269-b5e3-e8965cd137d7"},{"element-6066-11e4-a52e-4f735466cecf":"153d5c8e-c52c-43b8-8a53-83d002c904fc"},{"element-6066-11e4-a52e-4f735466cecf":"36479e44-9739-4f02-8669-654506b12891"},{"element-6066-11e4-a52e-4f735466cecf":"33303d30-7094-4c5f-8a9c-55266d71348c"},{"element-6066-11e4-a52e-4f735466cecf":"3ac9c316-cde0-4e79-80d1-8f7027b8d846"},{"element-6066-11e4-a52e-4f735466cecf":"56594d08-eb31-4374-a1e6-035588b183c4"},{"element-6066-11e4-a52e-4f735466cecf":"bf5d2ab5-45f4-4709-9b8e-fe336bd71658"},{"element-6066-11e4-a52e-4f735466cecf":"ed71ee07-0022-4c7e-a3b0-3b5378ed2f54"},{"element-6066-11e4-a52e-4f735466cecf":"794d26ad-bbd3-4519-8ea8-e7c8cb32d3a7"},{"element-6066-11e4-a52e-4f735466cecf":"5da427dc-6a06-4e7f-bb2b-f1a2ff0f806f"},{"element-6066-11e4-a52e-4f735466cecf":"7e86e166-4405-48d7-9094-9bf3e887c4b5"},{"element-6066-11e4-a52e-4f735466cecf":"82be5688-602b-457a-b4c1-0c909b6b1b60"},{"element-6066-11e4-a52e-4f735466cecf":"f155047e-6f64-4ebc-93fa-5b519f3d198f"},{"element-6066-11e4-a52e-4f735466cecf":"6732d469-e562-4665-ab78-9bc2b9a4b242"},{"element-6066-11e4-a52e-4f735466cecf":"72395f40-1772-4732-8dfa-53293398b7ea"},{"element-6066-11e4-a52e-4f735466cecf":"389fe1fa-3073-46e3-801c-510070140e02"},{"element-6066-11e4-a52e-4f735466cecf":"fd588523-331a-4649-b114-40a9b8498791"},{"element-6066-11e4-a52e-4f735466cecf":"83efaeb3-7603-41f8-a89e-4a77ca22a5df"},{"element-6066-11e4-a52e-4f735466cecf":"64d1ce7b-fda8-44f2-81b3-6430b9c08612"},{"element-6066-11e4-a52e-4f735466cecf":"7df43f51-aa60-47ab-8151-d3af12232d8f"},{"element-6066-11e4-a52e-4f735466cecf":"24c67da9-1b49-4158-8400-593c1746050d"},{"element-6066-11e4-a52e-4f735466cecf":"f07818ca-6739-49c3-8409-04254563d938"},{"element-6066-11e4-a52e-4f735466cecf":"563b966c-b65b-41c7-8378-9f2da0a4354a"},{"element-6066-11e4-a52e-4f735466cecf":"1fb69f35-5575-4fe6-b519-e279aa1a7284"},{"element-6066-11e4-a52e-4f735466cecf":"6841a9dd-f13f-4515-afbe-2bb9e65ff12e"},{"element-6066-11e4-a52e-4f735466cecf":"e3c04ba1-0593-4e8f-9272-71dbd2c6c704"},{"element-6066-11e4-a52e-4f735466cecf":"81b77407-9752-4530-a718-40342a05909c"},{"element-6066-11e4-a52e-4f735466cecf":"0848726a-a5ed-44ed-9d42-b62c91c42905"},{"element-6066-11e4-a52e-4f735466cecf":"b3dce19c-a166-4e4b-aac1-4ea40f63eeda"},{"element-6066-11e4-a52e-4f735466cecf":"856a8b95-af9d-4488-8961-bfe0db713d93"},{"element-6066-11e4-a52e-4f735466cecf":"428f3c83-c5dd-4414-b6b8-9cb9bc4f974b"},{"element-6066-11e4-a52e-4f735466cecf":"3c76a417-d691-4a37-aee5-7f1345d13757"},{"element-6066-11e4-a52e-4f735466cecf":"5e3c1228-e7f6-46b2-b308-731b93fe1660"},{"element-6066-11e4-a52e-4f735466cecf":"2f1154f0-a491-4fdf-a9d9-e9d5a450bc49"},{"element-6066-11e4-a52e-4f735466cecf":"dd439789-f752-48fc-ad4b-303bebd04ed1"},{"element-6066-11e4-a52e-4f735466cecf":"70126652-fc6a-43a2-8622-92d54e9b1f90"},{"element-6066-11e4-a52e-4f735466cecf":"00c87e80-f6aa-4532-af34-7d3e7d18d28a"},{"element-6066-11e4-a52e-4f735466cecf":"9c35871b-018a-4350-ac61-df0b7d169c5b"},{"element-6066-11e4-a52e-4f735466cecf":"7152df2f-c71d-4b77-bdab-22dd66c0ece8"},{"element-6066-11e4-a52e-4f735466cecf":"1f712b13-0b4b-430c-b5b8-6ac891593637"},{"element-6066-11e4-a52e-4f735466cecf":"60aca5e6-7cd8-4c81-9e61-7ab295c1784d"},{"element-6066-11e4-a52e-4f735466cecf":"ec8ad9cb-3564-4cbc-a7f6-421e368aa653"},{"element-6066-11e4-a52e-4f735466cecf":"3e0e8d37-2322-4f03-9b7c-18593ab674f3"},{"element-6066-11e4-a52e-4f735466cecf":"0026432e-9a85-4691-80bc-9a48e21a8821"}]} | headers=HTTPHeaderDict({'Content-Length': '4751', 'Content-Type': 'application/json; charset=utf-8', 'cache-control': 'no-cache'})
DEBUG    2022-05-28 23:23:40 selenium.webdriver.remote.remote_connection::remote_connection.py:_request:412: Finished Request
INFO     2022-05-28 23:23:40 root::mod_common.py:is_element_exist:13: //div[@class='logo']엘리먼트가 존재합니다.
INFO     2022-05-28 23:23:40 root::func_item.py:item_logo_exist:18: Pass : 레스토랑 로고 이미지가 노출되고 있습니다.
DEBUG    2022-05-28 23:23:40 selenium.webdriver.remote.remote_connection::remote_connection.py:_request:361: DELETE http://localhost:10112/session/dc6c0e2a0ee29f59170708975679ac5a {}
DEBUG    2022-05-28 23:23:40 urllib3.connectionpool::connectionpool.py:_make_request:456: http://localhost:10112 "DELETE /session/dc6c0e2a0ee29f59170708975679ac5a HTTP/1.1" 200 14
DEBUG    2022-05-28 23:23:40 selenium.webdriver.remote.remote_connection::remote_connection.py:_request:383: Remote response: status=200 | data={"value":null} | headers=HTTPHeaderDict({'Content-Length': '14', 'Content-Type': 'application/json; charset=utf-8', 'cache-control': 'no-cache'})
DEBUG    2022-05-28 23:23:40 selenium.webdriver.remote.remote_connection::remote_connection.py:_request:412: Finished Request
INFO     2022-05-28 23:23:42 WDM::logger.py:log:16: ====== WebDriver manager ======
INFO     2022-05-28 23:23:43 WDM::logger.py:log:16: Current google-chrome version is 102.0.5005
INFO     2022-05-28 23:23:43 WDM::logger.py:log:16: Get LATEST chromedriver version for 102.0.5005 google-chrome
DEBUG    2022-05-28 23:23:43 urllib3.connectionpool::connectionpool.py:_new_conn:1001: Starting new HTTPS connection (1): chromedriver.storage.googleapis.com:443
DEBUG    2022-05-28 23:23:43 urllib3.connectionpool::connectionpool.py:_make_request:456: https://chromedriver.storage.googleapis.com:443 "GET /LATEST_RELEASE_102.0.5005 HTTP/1.1" 200 13
INFO     2022-05-28 23:23:43 WDM::logger.py:log:16: Driver [C:\Users\teddy\.wdm\drivers\chromedriver\win32\102.0.5005.61\chromedriver.exe] found in cache
DEBUG    2022-05-28 23:23:44 selenium.webdriver.remote.remote_connection::remote_connection.py:_request:361: POST http://localhost:10169/session {"capabilities": {"firstMatch": [{}], "alwaysMatch": {"browserName": "chrome", "pageLoadStrategy": "normal", "goog:chromeOptions": {"extensions": [], "args": []}}}}
DEBUG    2022-05-28 23:23:44 urllib3.connectionpool::connectionpool.py:_new_conn:228: Starting new HTTP connection (1): localhost:10169
DEBUG    2022-05-28 23:23:45 urllib3.connectionpool::connectionpool.py:_make_request:456: http://localhost:10169 "POST /session HTTP/1.1" 200 790
DEBUG    2022-05-28 23:23:45 selenium.webdriver.remote.remote_connection::remote_connection.py:_request:383: Remote response: status=200 | data={"value":{"capabilities":{"acceptInsecureCerts":false,"browserName":"chrome","browserVersion":"102.0.5005.61","chrome":{"chromedriverVersion":"102.0.5005.61 (0e59bcc00cc4985ce39ad31c150065f159d95ad3-refs/branch-heads/5005@{#819})","userDataDir":"C:\\Users\\teddy\\AppData\\Local\\Temp\\scoped_dir84740_1353281238"},"goog:chromeOptions":{"debuggerAddress":"localhost:10173"},"networkConnectionEnabled":false,"pageLoadStrategy":"normal","platformName":"windows","proxy":{},"setWindowRect":true,"strictFileInteractability":false,"timeouts":{"implicit":0,"pageLoad":300000,"script":30000},"unhandledPromptBehavior":"dismiss and notify","webauthn:extension:credBlob":true,"webauthn:extension:largeBlob":true,"webauthn:virtualAuthenticators":true},"sessionId":"73ed99b10a2747ef35d1b0b3f25763c3"}} | headers=HTTPHeaderDict({'Content-Length': '790', 'Content-Type': 'application/json; charset=utf-8', 'cache-control': 'no-cache'})
DEBUG    2022-05-28 23:23:45 selenium.webdriver.remote.remote_connection::remote_connection.py:_request:412: Finished Request
DEBUG    2022-05-28 23:23:45 selenium.webdriver.remote.remote_connection::remote_connection.py:_request:361: POST http://localhost:10169/session/73ed99b10a2747ef35d1b0b3f25763c3/window/maximize {}
DEBUG    2022-05-28 23:23:45 urllib3.connectionpool::connectionpool.py:_make_request:456: http://localhost:10169 "POST /session/73ed99b10a2747ef35d1b0b3f25763c3/window/maximize HTTP/1.1" 200 52
DEBUG    2022-05-28 23:23:45 selenium.webdriver.remote.remote_connection::remote_connection.py:_request:383: Remote response: status=200 | data={"value":{"height":1048,"width":1936,"x":-8,"y":-8}} | headers=HTTPHeaderDict({'Content-Length': '52', 'Content-Type': 'application/json; charset=utf-8', 'cache-control': 'no-cache'})
DEBUG    2022-05-28 23:23:45 selenium.webdriver.remote.remote_connection::remote_connection.py:_request:412: Finished Request
DEBUG    2022-05-28 23:23:45 selenium.webdriver.remote.remote_connection::remote_connection.py:_request:361: POST http://localhost:10169/session/73ed99b10a2747ef35d1b0b3f25763c3/timeouts {"implicit": 10000}
DEBUG    2022-05-28 23:23:45 urllib3.connectionpool::connectionpool.py:_make_request:456: http://localhost:10169 "POST /session/73ed99b10a2747ef35d1b0b3f25763c3/timeouts HTTP/1.1" 200 14
DEBUG    2022-05-28 23:23:45 selenium.webdriver.remote.remote_connection::remote_connection.py:_request:383: Remote response: status=200 | data={"value":null} | headers=HTTPHeaderDict({'Content-Length': '14', 'Content-Type': 'application/json; charset=utf-8', 'cache-control': 'no-cache'})
DEBUG    2022-05-28 23:23:45 selenium.webdriver.remote.remote_connection::remote_connection.py:_request:412: Finished Request
DEBUG    2022-05-28 23:23:45 selenium.webdriver.remote.remote_connection::remote_connection.py:_request:361: POST http://localhost:10169/session/73ed99b10a2747ef35d1b0b3f25763c3/url {"url": "https://www.yogiyo.co.kr/mobile/#/"}
DEBUG    2022-05-28 23:23:47 urllib3.connectionpool::connectionpool.py:_make_request:456: http://localhost:10169 "POST /session/73ed99b10a2747ef35d1b0b3f25763c3/url HTTP/1.1" 200 14
DEBUG    2022-05-28 23:23:47 selenium.webdriver.remote.remote_connection::remote_connection.py:_request:383: Remote response: status=200 | data={"value":null} | headers=HTTPHeaderDict({'Content-Length': '14', 'Content-Type': 'application/json; charset=utf-8', 'cache-control': 'no-cache'})
DEBUG    2022-05-28 23:23:47 selenium.webdriver.remote.remote_connection::remote_connection.py:_request:412: Finished Request
DEBUG    2022-05-28 23:23:48 selenium.webdriver.remote.remote_connection::remote_connection.py:_request:361: POST http://localhost:10169/session/73ed99b10a2747ef35d1b0b3f25763c3/element {"using": "xpath", "value": "//input[@name='address_input']"}
DEBUG    2022-05-28 23:23:48 urllib3.connectionpool::connectionpool.py:_make_request:456: http://localhost:10169 "POST /session/73ed99b10a2747ef35d1b0b3f25763c3/element HTTP/1.1" 200 88
DEBUG    2022-05-28 23:23:48 selenium.webdriver.remote.remote_connection::remote_connection.py:_request:383: Remote response: status=200 | data={"value":{"element-6066-11e4-a52e-4f735466cecf":"f852b761-9478-4f87-a296-d19f4f24c0c4"}} | headers=HTTPHeaderDict({'Content-Length': '88', 'Content-Type': 'application/json; charset=utf-8', 'cache-control': 'no-cache'})
DEBUG    2022-05-28 23:23:48 selenium.webdriver.remote.remote_connection::remote_connection.py:_request:412: Finished Request
DEBUG    2022-05-28 23:23:48 selenium.webdriver.remote.remote_connection::remote_connection.py:_request:361: POST http://localhost:10169/session/73ed99b10a2747ef35d1b0b3f25763c3/element/f852b761-9478-4f87-a296-d19f4f24c0c4/clear {"id": "f852b761-9478-4f87-a296-d19f4f24c0c4"}
DEBUG    2022-05-28 23:23:48 urllib3.connectionpool::connectionpool.py:_make_request:456: http://localhost:10169 "POST /session/73ed99b10a2747ef35d1b0b3f25763c3/element/f852b761-9478-4f87-a296-d19f4f24c0c4/clear HTTP/1.1" 200 14
DEBUG    2022-05-28 23:23:48 selenium.webdriver.remote.remote_connection::remote_connection.py:_request:383: Remote response: status=200 | data={"value":null} | headers=HTTPHeaderDict({'Content-Length': '14', 'Content-Type': 'application/json; charset=utf-8', 'cache-control': 'no-cache'})
DEBUG    2022-05-28 23:23:48 selenium.webdriver.remote.remote_connection::remote_connection.py:_request:412: Finished Request
DEBUG    2022-05-28 23:23:48 selenium.webdriver.remote.remote_connection::remote_connection.py:_request:361: POST http://localhost:10169/session/73ed99b10a2747ef35d1b0b3f25763c3/element {"using": "xpath", "value": "//input[@name='address_input']"}
DEBUG    2022-05-28 23:23:48 urllib3.connectionpool::connectionpool.py:_make_request:456: http://localhost:10169 "POST /session/73ed99b10a2747ef35d1b0b3f25763c3/element HTTP/1.1" 200 88
DEBUG    2022-05-28 23:23:48 selenium.webdriver.remote.remote_connection::remote_connection.py:_request:383: Remote response: status=200 | data={"value":{"element-6066-11e4-a52e-4f735466cecf":"f852b761-9478-4f87-a296-d19f4f24c0c4"}} | headers=HTTPHeaderDict({'Content-Length': '88', 'Content-Type': 'application/json; charset=utf-8', 'cache-control': 'no-cache'})
DEBUG    2022-05-28 23:23:48 selenium.webdriver.remote.remote_connection::remote_connection.py:_request:412: Finished Request
DEBUG    2022-05-28 23:23:48 selenium.webdriver.remote.remote_connection::remote_connection.py:_request:361: POST http://localhost:10169/session/73ed99b10a2747ef35d1b0b3f25763c3/element/f852b761-9478-4f87-a296-d19f4f24c0c4/value {"text": "\uc11c\uc6b8\ud2b9\ubcc4\uc2dc \ub3d9\uc791\uad6c \uc0ac\ub2f9\ub3d9 144-4 \uc774\uc218\uc5ed(7\ud638\uc120)", "value": ["\uc11c", "\uc6b8", "\ud2b9", "\ubcc4", "\uc2dc", " ", "\ub3d9", "\uc791", "\uad6c", " ", "\uc0ac", "\ub2f9", "\ub3d9", " ", "1", "4", "4", "-", "4", " ", "\uc774", "\uc218", "\uc5ed", "(", "7", "\ud638", "\uc120", ")"], "id": "f852b761-9478-4f87-a296-d19f4f24c0c4"}
DEBUG    2022-05-28 23:23:48 urllib3.connectionpool::connectionpool.py:_make_request:456: http://localhost:10169 "POST /session/73ed99b10a2747ef35d1b0b3f25763c3/element/f852b761-9478-4f87-a296-d19f4f24c0c4/value HTTP/1.1" 200 14
DEBUG    2022-05-28 23:23:48 selenium.webdriver.remote.remote_connection::remote_connection.py:_request:383: Remote response: status=200 | data={"value":null} | headers=HTTPHeaderDict({'Content-Length': '14', 'Content-Type': 'application/json; charset=utf-8', 'cache-control': 'no-cache'})
DEBUG    2022-05-28 23:23:48 selenium.webdriver.remote.remote_connection::remote_connection.py:_request:412: Finished Request
DEBUG    2022-05-28 23:23:48 selenium.webdriver.remote.remote_connection::remote_connection.py:_request:361: POST http://localhost:10169/session/73ed99b10a2747ef35d1b0b3f25763c3/element {"using": "xpath", "value": "//button[@class='btn btn-default ico-pick']"}
DEBUG    2022-05-28 23:23:48 urllib3.connectionpool::connectionpool.py:_make_request:456: http://localhost:10169 "POST /session/73ed99b10a2747ef35d1b0b3f25763c3/element HTTP/1.1" 200 88
DEBUG    2022-05-28 23:23:48 selenium.webdriver.remote.remote_connection::remote_connection.py:_request:383: Remote response: status=200 | data={"value":{"element-6066-11e4-a52e-4f735466cecf":"fb9c57c2-1a06-4abf-8f9f-8cb87f751af1"}} | headers=HTTPHeaderDict({'Content-Length': '88', 'Content-Type': 'application/json; charset=utf-8', 'cache-control': 'no-cache'})
DEBUG    2022-05-28 23:23:48 selenium.webdriver.remote.remote_connection::remote_connection.py:_request:412: Finished Request
DEBUG    2022-05-28 23:23:48 selenium.webdriver.remote.remote_connection::remote_connection.py:_request:361: POST http://localhost:10169/session/73ed99b10a2747ef35d1b0b3f25763c3/element/fb9c57c2-1a06-4abf-8f9f-8cb87f751af1/click {"id": "fb9c57c2-1a06-4abf-8f9f-8cb87f751af1"}
DEBUG    2022-05-28 23:23:48 urllib3.connectionpool::connectionpool.py:_make_request:456: http://localhost:10169 "POST /session/73ed99b10a2747ef35d1b0b3f25763c3/element/fb9c57c2-1a06-4abf-8f9f-8cb87f751af1/click HTTP/1.1" 200 14
DEBUG    2022-05-28 23:23:48 selenium.webdriver.remote.remote_connection::remote_connection.py:_request:383: Remote response: status=200 | data={"value":null} | headers=HTTPHeaderDict({'Content-Length': '14', 'Content-Type': 'application/json; charset=utf-8', 'cache-control': 'no-cache'})
DEBUG    2022-05-28 23:23:48 selenium.webdriver.remote.remote_connection::remote_connection.py:_request:412: Finished Request
DEBUG    2022-05-28 23:23:49 selenium.webdriver.remote.remote_connection::remote_connection.py:_request:361: GET http://localhost:10169/session/73ed99b10a2747ef35d1b0b3f25763c3/url {}
DEBUG    2022-05-28 23:23:49 urllib3.connectionpool::connectionpool.py:_make_request:456: http://localhost:10169 "GET /session/73ed99b10a2747ef35d1b0b3f25763c3/url HTTP/1.1" 200 99
DEBUG    2022-05-28 23:23:49 selenium.webdriver.remote.remote_connection::remote_connection.py:_request:383: Remote response: status=200 | data={"value":"https://www.yogiyo.co.kr/mobile/#/%EC%84%9C%EC%9A%B8%ED%8A%B9%EB%B3%84%EC%8B%9C/156091/"} | headers=HTTPHeaderDict({'Content-Length': '99', 'Content-Type': 'application/json; charset=utf-8', 'cache-control': 'no-cache'})
DEBUG    2022-05-28 23:23:49 selenium.webdriver.remote.remote_connection::remote_connection.py:_request:412: Finished Request
INFO     2022-05-28 23:23:49 root::mod_common.py:compare_url:25: 현재 URL : https://www.yogiyo.co.kr/mobile/#/%EC%84%9C%EC%9A%B8%ED%8A%B9%EB%B3%84%EC%8B%9C/156091/
INFO     2022-05-28 23:23:49 root::mod_common.py:compare_url:26: 비교 URL : https://www.yogiyo.co.kr/mobile/#/%EC%84%9C%EC%9A%B8%ED%8A%B9%EB%B3%84%EC%8B%9C/156091/
INFO     2022-05-28 23:23:49 root::mod_common.py:compare_url:28: 두 URL이 일치합니다.
INFO     2022-05-28 23:23:49 root::mod_enter.py:enter_restaurant_list:19: Success : 레스토랑 리스트 페이지 진입에 성공했습니다.
DEBUG    2022-05-28 23:23:49 selenium.webdriver.remote.remote_connection::remote_connection.py:_request:361: POST http://localhost:10169/session/73ed99b10a2747ef35d1b0b3f25763c3/execute/sync {"script": "return document.body.scrollHeight", "args": []}
DEBUG    2022-05-28 23:23:49 urllib3.connectionpool::connectionpool.py:_make_request:456: http://localhost:10169 "POST /session/73ed99b10a2747ef35d1b0b3f25763c3/execute/sync HTTP/1.1" 200 14
DEBUG    2022-05-28 23:23:49 selenium.webdriver.remote.remote_connection::remote_connection.py:_request:383: Remote response: status=200 | data={"value":4505} | headers=HTTPHeaderDict({'Content-Length': '14', 'Content-Type': 'application/json; charset=utf-8', 'cache-control': 'no-cache'})
DEBUG    2022-05-28 23:23:49 selenium.webdriver.remote.remote_connection::remote_connection.py:_request:412: Finished Request
DEBUG    2022-05-28 23:23:49 selenium.webdriver.remote.remote_connection::remote_connection.py:_request:361: POST http://localhost:10169/session/73ed99b10a2747ef35d1b0b3f25763c3/execute/sync {"script": "window.scrollTo(0, 4505)", "args": []}
DEBUG    2022-05-28 23:23:49 urllib3.connectionpool::connectionpool.py:_make_request:456: http://localhost:10169 "POST /session/73ed99b10a2747ef35d1b0b3f25763c3/execute/sync HTTP/1.1" 200 14
DEBUG    2022-05-28 23:23:49 selenium.webdriver.remote.remote_connection::remote_connection.py:_request:383: Remote response: status=200 | data={"value":null} | headers=HTTPHeaderDict({'Content-Length': '14', 'Content-Type': 'application/json; charset=utf-8', 'cache-control': 'no-cache'})
DEBUG    2022-05-28 23:23:49 selenium.webdriver.remote.remote_connection::remote_connection.py:_request:412: Finished Request
DEBUG    2022-05-28 23:23:50 selenium.webdriver.remote.remote_connection::remote_connection.py:_request:361: POST http://localhost:10169/session/73ed99b10a2747ef35d1b0b3f25763c3/execute/sync {"script": "return document.body.scrollHeight", "args": []}
DEBUG    2022-05-28 23:23:50 urllib3.connectionpool::connectionpool.py:_make_request:456: http://localhost:10169 "POST /session/73ed99b10a2747ef35d1b0b3f25763c3/execute/sync HTTP/1.1" 200 14
DEBUG    2022-05-28 23:23:50 selenium.webdriver.remote.remote_connection::remote_connection.py:_request:383: Remote response: status=200 | data={"value":7984} | headers=HTTPHeaderDict({'Content-Length': '14', 'Content-Type': 'application/json; charset=utf-8', 'cache-control': 'no-cache'})
DEBUG    2022-05-28 23:23:50 selenium.webdriver.remote.remote_connection::remote_connection.py:_request:412: Finished Request
DEBUG    2022-05-28 23:23:50 selenium.webdriver.remote.remote_connection::remote_connection.py:_request:361: POST http://localhost:10169/session/73ed99b10a2747ef35d1b0b3f25763c3/execute/sync {"script": "window.scrollTo(4505, 7984)", "args": []}
DEBUG    2022-05-28 23:23:50 urllib3.connectionpool::connectionpool.py:_make_request:456: http://localhost:10169 "POST /session/73ed99b10a2747ef35d1b0b3f25763c3/execute/sync HTTP/1.1" 200 14
DEBUG    2022-05-28 23:23:50 selenium.webdriver.remote.remote_connection::remote_connection.py:_request:383: Remote response: status=200 | data={"value":null} | headers=HTTPHeaderDict({'Content-Length': '14', 'Content-Type': 'application/json; charset=utf-8', 'cache-control': 'no-cache'})
DEBUG    2022-05-28 23:23:50 selenium.webdriver.remote.remote_connection::remote_connection.py:_request:412: Finished Request
DEBUG    2022-05-28 23:23:51 selenium.webdriver.remote.remote_connection::remote_connection.py:_request:361: POST http://localhost:10169/session/73ed99b10a2747ef35d1b0b3f25763c3/execute/sync {"script": "return document.body.scrollHeight", "args": []}
DEBUG    2022-05-28 23:23:51 urllib3.connectionpool::connectionpool.py:_make_request:456: http://localhost:10169 "POST /session/73ed99b10a2747ef35d1b0b3f25763c3/execute/sync HTTP/1.1" 200 15
DEBUG    2022-05-28 23:23:51 selenium.webdriver.remote.remote_connection::remote_connection.py:_request:383: Remote response: status=200 | data={"value":11524} | headers=HTTPHeaderDict({'Content-Length': '15', 'Content-Type': 'application/json; charset=utf-8', 'cache-control': 'no-cache'})
DEBUG    2022-05-28 23:23:51 selenium.webdriver.remote.remote_connection::remote_connection.py:_request:412: Finished Request
DEBUG    2022-05-28 23:23:51 selenium.webdriver.remote.remote_connection::remote_connection.py:_request:361: POST http://localhost:10169/session/73ed99b10a2747ef35d1b0b3f25763c3/execute/sync {"script": "window.scrollTo(7984, 11524)", "args": []}
DEBUG    2022-05-28 23:23:51 urllib3.connectionpool::connectionpool.py:_make_request:456: http://localhost:10169 "POST /session/73ed99b10a2747ef35d1b0b3f25763c3/execute/sync HTTP/1.1" 200 14
DEBUG    2022-05-28 23:23:51 selenium.webdriver.remote.remote_connection::remote_connection.py:_request:383: Remote response: status=200 | data={"value":null} | headers=HTTPHeaderDict({'Content-Length': '14', 'Content-Type': 'application/json; charset=utf-8', 'cache-control': 'no-cache'})
DEBUG    2022-05-28 23:23:51 selenium.webdriver.remote.remote_connection::remote_connection.py:_request:412: Finished Request
DEBUG    2022-05-28 23:23:52 selenium.webdriver.remote.remote_connection::remote_connection.py:_request:361: POST http://localhost:10169/session/73ed99b10a2747ef35d1b0b3f25763c3/execute/sync {"script": "return document.body.scrollHeight", "args": []}
DEBUG    2022-05-28 23:23:52 urllib3.connectionpool::connectionpool.py:_make_request:456: http://localhost:10169 "POST /session/73ed99b10a2747ef35d1b0b3f25763c3/execute/sync HTTP/1.1" 200 15
DEBUG    2022-05-28 23:23:52 selenium.webdriver.remote.remote_connection::remote_connection.py:_request:383: Remote response: status=200 | data={"value":15064} | headers=HTTPHeaderDict({'Content-Length': '15', 'Content-Type': 'application/json; charset=utf-8', 'cache-control': 'no-cache'})
DEBUG    2022-05-28 23:23:52 selenium.webdriver.remote.remote_connection::remote_connection.py:_request:412: Finished Request
DEBUG    2022-05-28 23:23:52 selenium.webdriver.remote.remote_connection::remote_connection.py:_request:361: POST http://localhost:10169/session/73ed99b10a2747ef35d1b0b3f25763c3/execute/sync {"script": "window.scrollTo(11524, 15064)", "args": []}
DEBUG    2022-05-28 23:23:52 urllib3.connectionpool::connectionpool.py:_make_request:456: http://localhost:10169 "POST /session/73ed99b10a2747ef35d1b0b3f25763c3/execute/sync HTTP/1.1" 200 14
DEBUG    2022-05-28 23:23:52 selenium.webdriver.remote.remote_connection::remote_connection.py:_request:383: Remote response: status=200 | data={"value":null} | headers=HTTPHeaderDict({'Content-Length': '14', 'Content-Type': 'application/json; charset=utf-8', 'cache-control': 'no-cache'})
DEBUG    2022-05-28 23:23:52 selenium.webdriver.remote.remote_connection::remote_connection.py:_request:412: Finished Request
DEBUG    2022-05-28 23:23:53 selenium.webdriver.remote.remote_connection::remote_connection.py:_request:361: POST http://localhost:10169/session/73ed99b10a2747ef35d1b0b3f25763c3/execute/sync {"script": "return document.body.scrollHeight", "args": []}
DEBUG    2022-05-28 23:23:53 urllib3.connectionpool::connectionpool.py:_make_request:456: http://localhost:10169 "POST /session/73ed99b10a2747ef35d1b0b3f25763c3/execute/sync HTTP/1.1" 200 15
DEBUG    2022-05-28 23:23:53 selenium.webdriver.remote.remote_connection::remote_connection.py:_request:383: Remote response: status=200 | data={"value":18604} | headers=HTTPHeaderDict({'Content-Length': '15', 'Content-Type': 'application/json; charset=utf-8', 'cache-control': 'no-cache'})
DEBUG    2022-05-28 23:23:53 selenium.webdriver.remote.remote_connection::remote_connection.py:_request:412: Finished Request
DEBUG    2022-05-28 23:23:53 selenium.webdriver.remote.remote_connection::remote_connection.py:_request:361: POST http://localhost:10169/session/73ed99b10a2747ef35d1b0b3f25763c3/execute/sync {"script": "window.scrollTo(15064, 18604)", "args": []}
DEBUG    2022-05-28 23:23:53 urllib3.connectionpool::connectionpool.py:_make_request:456: http://localhost:10169 "POST /session/73ed99b10a2747ef35d1b0b3f25763c3/execute/sync HTTP/1.1" 200 14
DEBUG    2022-05-28 23:23:53 selenium.webdriver.remote.remote_connection::remote_connection.py:_request:383: Remote response: status=200 | data={"value":null} | headers=HTTPHeaderDict({'Content-Length': '14', 'Content-Type': 'application/json; charset=utf-8', 'cache-control': 'no-cache'})
DEBUG    2022-05-28 23:23:53 selenium.webdriver.remote.remote_connection::remote_connection.py:_request:412: Finished Request
DEBUG    2022-05-28 23:23:54 selenium.webdriver.remote.remote_connection::remote_connection.py:_request:361: POST http://localhost:10169/session/73ed99b10a2747ef35d1b0b3f25763c3/execute/sync {"script": "return document.body.scrollHeight", "args": []}
DEBUG    2022-05-28 23:23:54 urllib3.connectionpool::connectionpool.py:_make_request:456: http://localhost:10169 "POST /session/73ed99b10a2747ef35d1b0b3f25763c3/execute/sync HTTP/1.1" 200 15
DEBUG    2022-05-28 23:23:54 selenium.webdriver.remote.remote_connection::remote_connection.py:_request:383: Remote response: status=200 | data={"value":22144} | headers=HTTPHeaderDict({'Content-Length': '15', 'Content-Type': 'application/json; charset=utf-8', 'cache-control': 'no-cache'})
DEBUG    2022-05-28 23:23:54 selenium.webdriver.remote.remote_connection::remote_connection.py:_request:412: Finished Request
DEBUG    2022-05-28 23:23:54 selenium.webdriver.remote.remote_connection::remote_connection.py:_request:361: POST http://localhost:10169/session/73ed99b10a2747ef35d1b0b3f25763c3/execute/sync {"script": "window.scrollTo(18604, 22144)", "args": []}
DEBUG    2022-05-28 23:23:54 urllib3.connectionpool::connectionpool.py:_make_request:456: http://localhost:10169 "POST /session/73ed99b10a2747ef35d1b0b3f25763c3/execute/sync HTTP/1.1" 200 14
DEBUG    2022-05-28 23:23:54 selenium.webdriver.remote.remote_connection::remote_connection.py:_request:383: Remote response: status=200 | data={"value":null} | headers=HTTPHeaderDict({'Content-Length': '14', 'Content-Type': 'application/json; charset=utf-8', 'cache-control': 'no-cache'})
DEBUG    2022-05-28 23:23:54 selenium.webdriver.remote.remote_connection::remote_connection.py:_request:412: Finished Request
DEBUG    2022-05-28 23:23:55 selenium.webdriver.remote.remote_connection::remote_connection.py:_request:361: POST http://localhost:10169/session/73ed99b10a2747ef35d1b0b3f25763c3/execute/sync {"script": "return document.body.scrollHeight", "args": []}
DEBUG    2022-05-28 23:23:55 urllib3.connectionpool::connectionpool.py:_make_request:456: http://localhost:10169 "POST /session/73ed99b10a2747ef35d1b0b3f25763c3/execute/sync HTTP/1.1" 200 15
DEBUG    2022-05-28 23:23:55 selenium.webdriver.remote.remote_connection::remote_connection.py:_request:383: Remote response: status=200 | data={"value":25684} | headers=HTTPHeaderDict({'Content-Length': '15', 'Content-Type': 'application/json; charset=utf-8', 'cache-control': 'no-cache'})
DEBUG    2022-05-28 23:23:55 selenium.webdriver.remote.remote_connection::remote_connection.py:_request:412: Finished Request
DEBUG    2022-05-28 23:23:55 selenium.webdriver.remote.remote_connection::remote_connection.py:_request:361: POST http://localhost:10169/session/73ed99b10a2747ef35d1b0b3f25763c3/execute/sync {"script": "window.scrollTo(22144, 25684)", "args": []}
DEBUG    2022-05-28 23:23:55 urllib3.connectionpool::connectionpool.py:_make_request:456: http://localhost:10169 "POST /session/73ed99b10a2747ef35d1b0b3f25763c3/execute/sync HTTP/1.1" 200 14
DEBUG    2022-05-28 23:23:55 selenium.webdriver.remote.remote_connection::remote_connection.py:_request:383: Remote response: status=200 | data={"value":null} | headers=HTTPHeaderDict({'Content-Length': '14', 'Content-Type': 'application/json; charset=utf-8', 'cache-control': 'no-cache'})
DEBUG    2022-05-28 23:23:55 selenium.webdriver.remote.remote_connection::remote_connection.py:_request:412: Finished Request
DEBUG    2022-05-28 23:23:56 selenium.webdriver.remote.remote_connection::remote_connection.py:_request:361: POST http://localhost:10169/session/73ed99b10a2747ef35d1b0b3f25763c3/execute/sync {"script": "return document.body.scrollHeight", "args": []}
DEBUG    2022-05-28 23:23:56 urllib3.connectionpool::connectionpool.py:_make_request:456: http://localhost:10169 "POST /session/73ed99b10a2747ef35d1b0b3f25763c3/execute/sync HTTP/1.1" 200 15
DEBUG    2022-05-28 23:23:56 selenium.webdriver.remote.remote_connection::remote_connection.py:_request:383: Remote response: status=200 | data={"value":29224} | headers=HTTPHeaderDict({'Content-Length': '15', 'Content-Type': 'application/json; charset=utf-8', 'cache-control': 'no-cache'})
DEBUG    2022-05-28 23:23:56 selenium.webdriver.remote.remote_connection::remote_connection.py:_request:412: Finished Request
DEBUG    2022-05-28 23:23:56 selenium.webdriver.remote.remote_connection::remote_connection.py:_request:361: POST http://localhost:10169/session/73ed99b10a2747ef35d1b0b3f25763c3/execute/sync {"script": "window.scrollTo(25684, 29224)", "args": []}
DEBUG    2022-05-28 23:23:56 urllib3.connectionpool::connectionpool.py:_make_request:456: http://localhost:10169 "POST /session/73ed99b10a2747ef35d1b0b3f25763c3/execute/sync HTTP/1.1" 200 14
DEBUG    2022-05-28 23:23:56 selenium.webdriver.remote.remote_connection::remote_connection.py:_request:383: Remote response: status=200 | data={"value":null} | headers=HTTPHeaderDict({'Content-Length': '14', 'Content-Type': 'application/json; charset=utf-8', 'cache-control': 'no-cache'})
DEBUG    2022-05-28 23:23:56 selenium.webdriver.remote.remote_connection::remote_connection.py:_request:412: Finished Request
DEBUG    2022-05-28 23:23:57 selenium.webdriver.remote.remote_connection::remote_connection.py:_request:361: POST http://localhost:10169/session/73ed99b10a2747ef35d1b0b3f25763c3/execute/sync {"script": "return document.body.scrollHeight", "args": []}
DEBUG    2022-05-28 23:23:57 urllib3.connectionpool::connectionpool.py:_make_request:456: http://localhost:10169 "POST /session/73ed99b10a2747ef35d1b0b3f25763c3/execute/sync HTTP/1.1" 200 15
DEBUG    2022-05-28 23:23:57 selenium.webdriver.remote.remote_connection::remote_connection.py:_request:383: Remote response: status=200 | data={"value":32764} | headers=HTTPHeaderDict({'Content-Length': '15', 'Content-Type': 'application/json; charset=utf-8', 'cache-control': 'no-cache'})
DEBUG    2022-05-28 23:23:57 selenium.webdriver.remote.remote_connection::remote_connection.py:_request:412: Finished Request
DEBUG    2022-05-28 23:23:57 selenium.webdriver.remote.remote_connection::remote_connection.py:_request:361: POST http://localhost:10169/session/73ed99b10a2747ef35d1b0b3f25763c3/execute/sync {"script": "window.scrollTo(29224, 32764)", "args": []}
DEBUG    2022-05-28 23:23:57 urllib3.connectionpool::connectionpool.py:_make_request:456: http://localhost:10169 "POST /session/73ed99b10a2747ef35d1b0b3f25763c3/execute/sync HTTP/1.1" 200 14
DEBUG    2022-05-28 23:23:57 selenium.webdriver.remote.remote_connection::remote_connection.py:_request:383: Remote response: status=200 | data={"value":null} | headers=HTTPHeaderDict({'Content-Length': '14', 'Content-Type': 'application/json; charset=utf-8', 'cache-control': 'no-cache'})
DEBUG    2022-05-28 23:23:57 selenium.webdriver.remote.remote_connection::remote_connection.py:_request:412: Finished Request
DEBUG    2022-05-28 23:23:58 selenium.webdriver.remote.remote_connection::remote_connection.py:_request:361: POST http://localhost:10169/session/73ed99b10a2747ef35d1b0b3f25763c3/execute/sync {"script": "return document.body.scrollHeight", "args": []}
DEBUG    2022-05-28 23:23:58 urllib3.connectionpool::connectionpool.py:_make_request:456: http://localhost:10169 "POST /session/73ed99b10a2747ef35d1b0b3f25763c3/execute/sync HTTP/1.1" 200 15
DEBUG    2022-05-28 23:23:58 selenium.webdriver.remote.remote_connection::remote_connection.py:_request:383: Remote response: status=200 | data={"value":36304} | headers=HTTPHeaderDict({'Content-Length': '15', 'Content-Type': 'application/json; charset=utf-8', 'cache-control': 'no-cache'})
DEBUG    2022-05-28 23:23:58 selenium.webdriver.remote.remote_connection::remote_connection.py:_request:412: Finished Request
DEBUG    2022-05-28 23:23:58 selenium.webdriver.remote.remote_connection::remote_connection.py:_request:361: POST http://localhost:10169/session/73ed99b10a2747ef35d1b0b3f25763c3/execute/sync {"script": "window.scrollTo(32764, 36304)", "args": []}
DEBUG    2022-05-28 23:23:58 urllib3.connectionpool::connectionpool.py:_make_request:456: http://localhost:10169 "POST /session/73ed99b10a2747ef35d1b0b3f25763c3/execute/sync HTTP/1.1" 200 14
DEBUG    2022-05-28 23:23:58 selenium.webdriver.remote.remote_connection::remote_connection.py:_request:383: Remote response: status=200 | data={"value":null} | headers=HTTPHeaderDict({'Content-Length': '14', 'Content-Type': 'application/json; charset=utf-8', 'cache-control': 'no-cache'})
DEBUG    2022-05-28 23:23:58 selenium.webdriver.remote.remote_connection::remote_connection.py:_request:412: Finished Request
DEBUG    2022-05-28 23:23:59 selenium.webdriver.remote.remote_connection::remote_connection.py:_request:361: POST http://localhost:10169/session/73ed99b10a2747ef35d1b0b3f25763c3/execute/sync {"script": "return document.body.scrollHeight", "args": []}
DEBUG    2022-05-28 23:23:59 urllib3.connectionpool::connectionpool.py:_make_request:456: http://localhost:10169 "POST /session/73ed99b10a2747ef35d1b0b3f25763c3/execute/sync HTTP/1.1" 200 15
DEBUG    2022-05-28 23:23:59 selenium.webdriver.remote.remote_connection::remote_connection.py:_request:383: Remote response: status=200 | data={"value":39844} | headers=HTTPHeaderDict({'Content-Length': '15', 'Content-Type': 'application/json; charset=utf-8', 'cache-control': 'no-cache'})
DEBUG    2022-05-28 23:23:59 selenium.webdriver.remote.remote_connection::remote_connection.py:_request:412: Finished Request
DEBUG    2022-05-28 23:23:59 selenium.webdriver.remote.remote_connection::remote_connection.py:_request:361: POST http://localhost:10169/session/73ed99b10a2747ef35d1b0b3f25763c3/execute/sync {"script": "window.scrollTo(36304, 39844)", "args": []}
DEBUG    2022-05-28 23:23:59 urllib3.connectionpool::connectionpool.py:_make_request:456: http://localhost:10169 "POST /session/73ed99b10a2747ef35d1b0b3f25763c3/execute/sync HTTP/1.1" 200 14
DEBUG    2022-05-28 23:23:59 selenium.webdriver.remote.remote_connection::remote_connection.py:_request:383: Remote response: status=200 | data={"value":null} | headers=HTTPHeaderDict({'Content-Length': '14', 'Content-Type': 'application/json; charset=utf-8', 'cache-control': 'no-cache'})
DEBUG    2022-05-28 23:23:59 selenium.webdriver.remote.remote_connection::remote_connection.py:_request:412: Finished Request
DEBUG    2022-05-28 23:24:00 selenium.webdriver.remote.remote_connection::remote_connection.py:_request:361: POST http://localhost:10169/session/73ed99b10a2747ef35d1b0b3f25763c3/execute/sync {"script": "return document.body.scrollHeight", "args": []}
DEBUG    2022-05-28 23:24:00 urllib3.connectionpool::connectionpool.py:_make_request:456: http://localhost:10169 "POST /session/73ed99b10a2747ef35d1b0b3f25763c3/execute/sync HTTP/1.1" 200 15
DEBUG    2022-05-28 23:24:00 selenium.webdriver.remote.remote_connection::remote_connection.py:_request:383: Remote response: status=200 | data={"value":43384} | headers=HTTPHeaderDict({'Content-Length': '15', 'Content-Type': 'application/json; charset=utf-8', 'cache-control': 'no-cache'})
DEBUG    2022-05-28 23:24:00 selenium.webdriver.remote.remote_connection::remote_connection.py:_request:412: Finished Request
DEBUG    2022-05-28 23:24:00 selenium.webdriver.remote.remote_connection::remote_connection.py:_request:361: POST http://localhost:10169/session/73ed99b10a2747ef35d1b0b3f25763c3/execute/sync {"script": "window.scrollTo(39844, 43384)", "args": []}
DEBUG    2022-05-28 23:24:00 urllib3.connectionpool::connectionpool.py:_make_request:456: http://localhost:10169 "POST /session/73ed99b10a2747ef35d1b0b3f25763c3/execute/sync HTTP/1.1" 200 14
DEBUG    2022-05-28 23:24:00 selenium.webdriver.remote.remote_connection::remote_connection.py:_request:383: Remote response: status=200 | data={"value":null} | headers=HTTPHeaderDict({'Content-Length': '14', 'Content-Type': 'application/json; charset=utf-8', 'cache-control': 'no-cache'})
DEBUG    2022-05-28 23:24:00 selenium.webdriver.remote.remote_connection::remote_connection.py:_request:412: Finished Request
DEBUG    2022-05-28 23:24:01 selenium.webdriver.remote.remote_connection::remote_connection.py:_request:361: POST http://localhost:10169/session/73ed99b10a2747ef35d1b0b3f25763c3/execute/sync {"script": "return document.body.scrollHeight", "args": []}
DEBUG    2022-05-28 23:24:01 urllib3.connectionpool::connectionpool.py:_make_request:456: http://localhost:10169 "POST /session/73ed99b10a2747ef35d1b0b3f25763c3/execute/sync HTTP/1.1" 200 15
DEBUG    2022-05-28 23:24:01 selenium.webdriver.remote.remote_connection::remote_connection.py:_request:383: Remote response: status=200 | data={"value":46924} | headers=HTTPHeaderDict({'Content-Length': '15', 'Content-Type': 'application/json; charset=utf-8', 'cache-control': 'no-cache'})
DEBUG    2022-05-28 23:24:01 selenium.webdriver.remote.remote_connection::remote_connection.py:_request:412: Finished Request
DEBUG    2022-05-28 23:24:01 selenium.webdriver.remote.remote_connection::remote_connection.py:_request:361: POST http://localhost:10169/session/73ed99b10a2747ef35d1b0b3f25763c3/execute/sync {"script": "window.scrollTo(43384, 46924)", "args": []}
DEBUG    2022-05-28 23:24:01 urllib3.connectionpool::connectionpool.py:_make_request:456: http://localhost:10169 "POST /session/73ed99b10a2747ef35d1b0b3f25763c3/execute/sync HTTP/1.1" 200 14
DEBUG    2022-05-28 23:24:01 selenium.webdriver.remote.remote_connection::remote_connection.py:_request:383: Remote response: status=200 | data={"value":null} | headers=HTTPHeaderDict({'Content-Length': '14', 'Content-Type': 'application/json; charset=utf-8', 'cache-control': 'no-cache'})
DEBUG    2022-05-28 23:24:01 selenium.webdriver.remote.remote_connection::remote_connection.py:_request:412: Finished Request
DEBUG    2022-05-28 23:24:02 selenium.webdriver.remote.remote_connection::remote_connection.py:_request:361: POST http://localhost:10169/session/73ed99b10a2747ef35d1b0b3f25763c3/execute/sync {"script": "return document.body.scrollHeight", "args": []}
DEBUG    2022-05-28 23:24:02 urllib3.connectionpool::connectionpool.py:_make_request:456: http://localhost:10169 "POST /session/73ed99b10a2747ef35d1b0b3f25763c3/execute/sync HTTP/1.1" 200 15
DEBUG    2022-05-28 23:24:02 selenium.webdriver.remote.remote_connection::remote_connection.py:_request:383: Remote response: status=200 | data={"value":50464} | headers=HTTPHeaderDict({'Content-Length': '15', 'Content-Type': 'application/json; charset=utf-8', 'cache-control': 'no-cache'})
DEBUG    2022-05-28 23:24:02 selenium.webdriver.remote.remote_connection::remote_connection.py:_request:412: Finished Request
DEBUG    2022-05-28 23:24:02 selenium.webdriver.remote.remote_connection::remote_connection.py:_request:361: POST http://localhost:10169/session/73ed99b10a2747ef35d1b0b3f25763c3/execute/sync {"script": "window.scrollTo(46924, 50464)", "args": []}
DEBUG    2022-05-28 23:24:02 urllib3.connectionpool::connectionpool.py:_make_request:456: http://localhost:10169 "POST /session/73ed99b10a2747ef35d1b0b3f25763c3/execute/sync HTTP/1.1" 200 14
DEBUG    2022-05-28 23:24:02 selenium.webdriver.remote.remote_connection::remote_connection.py:_request:383: Remote response: status=200 | data={"value":null} | headers=HTTPHeaderDict({'Content-Length': '14', 'Content-Type': 'application/json; charset=utf-8', 'cache-control': 'no-cache'})
DEBUG    2022-05-28 23:24:02 selenium.webdriver.remote.remote_connection::remote_connection.py:_request:412: Finished Request
DEBUG    2022-05-28 23:24:03 selenium.webdriver.remote.remote_connection::remote_connection.py:_request:361: POST http://localhost:10169/session/73ed99b10a2747ef35d1b0b3f25763c3/execute/sync {"script": "return document.body.scrollHeight", "args": []}
DEBUG    2022-05-28 23:24:03 urllib3.connectionpool::connectionpool.py:_make_request:456: http://localhost:10169 "POST /session/73ed99b10a2747ef35d1b0b3f25763c3/execute/sync HTTP/1.1" 200 15
DEBUG    2022-05-28 23:24:03 selenium.webdriver.remote.remote_connection::remote_connection.py:_request:383: Remote response: status=200 | data={"value":54004} | headers=HTTPHeaderDict({'Content-Length': '15', 'Content-Type': 'application/json; charset=utf-8', 'cache-control': 'no-cache'})
DEBUG    2022-05-28 23:24:03 selenium.webdriver.remote.remote_connection::remote_connection.py:_request:412: Finished Request
DEBUG    2022-05-28 23:24:03 selenium.webdriver.remote.remote_connection::remote_connection.py:_request:361: POST http://localhost:10169/session/73ed99b10a2747ef35d1b0b3f25763c3/execute/sync {"script": "window.scrollTo(50464, 54004)", "args": []}
DEBUG    2022-05-28 23:24:03 urllib3.connectionpool::connectionpool.py:_make_request:456: http://localhost:10169 "POST /session/73ed99b10a2747ef35d1b0b3f25763c3/execute/sync HTTP/1.1" 200 14
DEBUG    2022-05-28 23:24:03 selenium.webdriver.remote.remote_connection::remote_connection.py:_request:383: Remote response: status=200 | data={"value":null} | headers=HTTPHeaderDict({'Content-Length': '14', 'Content-Type': 'application/json; charset=utf-8', 'cache-control': 'no-cache'})
DEBUG    2022-05-28 23:24:03 selenium.webdriver.remote.remote_connection::remote_connection.py:_request:412: Finished Request
DEBUG    2022-05-28 23:24:03 selenium.webdriver.remote.remote_connection::remote_connection.py:_request:361: POST http://localhost:10169/session/73ed99b10a2747ef35d1b0b3f25763c3/execute/sync {"script": "return document.body.scrollHeight", "args": []}
DEBUG    2022-05-28 23:24:03 urllib3.connectionpool::connectionpool.py:_make_request:456: http://localhost:10169 "POST /session/73ed99b10a2747ef35d1b0b3f25763c3/execute/sync HTTP/1.1" 200 15
DEBUG    2022-05-28 23:24:03 selenium.webdriver.remote.remote_connection::remote_connection.py:_request:383: Remote response: status=200 | data={"value":57544} | headers=HTTPHeaderDict({'Content-Length': '15', 'Content-Type': 'application/json; charset=utf-8', 'cache-control': 'no-cache'})
DEBUG    2022-05-28 23:24:03 selenium.webdriver.remote.remote_connection::remote_connection.py:_request:412: Finished Request
DEBUG    2022-05-28 23:24:03 selenium.webdriver.remote.remote_connection::remote_connection.py:_request:361: POST http://localhost:10169/session/73ed99b10a2747ef35d1b0b3f25763c3/execute/sync {"script": "window.scrollTo(54004, 57544)", "args": []}
DEBUG    2022-05-28 23:24:04 urllib3.connectionpool::connectionpool.py:_make_request:456: http://localhost:10169 "POST /session/73ed99b10a2747ef35d1b0b3f25763c3/execute/sync HTTP/1.1" 200 14
DEBUG    2022-05-28 23:24:04 selenium.webdriver.remote.remote_connection::remote_connection.py:_request:383: Remote response: status=200 | data={"value":null} | headers=HTTPHeaderDict({'Content-Length': '14', 'Content-Type': 'application/json; charset=utf-8', 'cache-control': 'no-cache'})
DEBUG    2022-05-28 23:24:04 selenium.webdriver.remote.remote_connection::remote_connection.py:_request:412: Finished Request
DEBUG    2022-05-28 23:24:04 selenium.webdriver.remote.remote_connection::remote_connection.py:_request:361: POST http://localhost:10169/session/73ed99b10a2747ef35d1b0b3f25763c3/execute/sync {"script": "return document.body.scrollHeight", "args": []}
DEBUG    2022-05-28 23:24:04 urllib3.connectionpool::connectionpool.py:_make_request:456: http://localhost:10169 "POST /session/73ed99b10a2747ef35d1b0b3f25763c3/execute/sync HTTP/1.1" 200 15
DEBUG    2022-05-28 23:24:04 selenium.webdriver.remote.remote_connection::remote_connection.py:_request:383: Remote response: status=200 | data={"value":61084} | headers=HTTPHeaderDict({'Content-Length': '15', 'Content-Type': 'application/json; charset=utf-8', 'cache-control': 'no-cache'})
DEBUG    2022-05-28 23:24:04 selenium.webdriver.remote.remote_connection::remote_connection.py:_request:412: Finished Request
DEBUG    2022-05-28 23:24:04 selenium.webdriver.remote.remote_connection::remote_connection.py:_request:361: POST http://localhost:10169/session/73ed99b10a2747ef35d1b0b3f25763c3/execute/sync {"script": "window.scrollTo(57544, 61084)", "args": []}
DEBUG    2022-05-28 23:24:05 urllib3.connectionpool::connectionpool.py:_make_request:456: http://localhost:10169 "POST /session/73ed99b10a2747ef35d1b0b3f25763c3/execute/sync HTTP/1.1" 200 14
DEBUG    2022-05-28 23:24:05 selenium.webdriver.remote.remote_connection::remote_connection.py:_request:383: Remote response: status=200 | data={"value":null} | headers=HTTPHeaderDict({'Content-Length': '14', 'Content-Type': 'application/json; charset=utf-8', 'cache-control': 'no-cache'})
DEBUG    2022-05-28 23:24:05 selenium.webdriver.remote.remote_connection::remote_connection.py:_request:412: Finished Request
DEBUG    2022-05-28 23:24:05 selenium.webdriver.remote.remote_connection::remote_connection.py:_request:361: POST http://localhost:10169/session/73ed99b10a2747ef35d1b0b3f25763c3/execute/sync {"script": "return document.body.scrollHeight", "args": []}
DEBUG    2022-05-28 23:24:05 urllib3.connectionpool::connectionpool.py:_make_request:456: http://localhost:10169 "POST /session/73ed99b10a2747ef35d1b0b3f25763c3/execute/sync HTTP/1.1" 200 15
DEBUG    2022-05-28 23:24:05 selenium.webdriver.remote.remote_connection::remote_connection.py:_request:383: Remote response: status=200 | data={"value":64624} | headers=HTTPHeaderDict({'Content-Length': '15', 'Content-Type': 'application/json; charset=utf-8', 'cache-control': 'no-cache'})
DEBUG    2022-05-28 23:24:05 selenium.webdriver.remote.remote_connection::remote_connection.py:_request:412: Finished Request
DEBUG    2022-05-28 23:24:05 selenium.webdriver.remote.remote_connection::remote_connection.py:_request:361: POST http://localhost:10169/session/73ed99b10a2747ef35d1b0b3f25763c3/execute/sync {"script": "window.scrollTo(61084, 64624)", "args": []}
DEBUG    2022-05-28 23:24:05 urllib3.connectionpool::connectionpool.py:_make_request:456: http://localhost:10169 "POST /session/73ed99b10a2747ef35d1b0b3f25763c3/execute/sync HTTP/1.1" 200 14
DEBUG    2022-05-28 23:24:05 selenium.webdriver.remote.remote_connection::remote_connection.py:_request:383: Remote response: status=200 | data={"value":null} | headers=HTTPHeaderDict({'Content-Length': '14', 'Content-Type': 'application/json; charset=utf-8', 'cache-control': 'no-cache'})
DEBUG    2022-05-28 23:24:05 selenium.webdriver.remote.remote_connection::remote_connection.py:_request:412: Finished Request
DEBUG    2022-05-28 23:24:06 selenium.webdriver.remote.remote_connection::remote_connection.py:_request:361: POST http://localhost:10169/session/73ed99b10a2747ef35d1b0b3f25763c3/execute/sync {"script": "return document.body.scrollHeight", "args": []}
DEBUG    2022-05-28 23:24:06 urllib3.connectionpool::connectionpool.py:_make_request:456: http://localhost:10169 "POST /session/73ed99b10a2747ef35d1b0b3f25763c3/execute/sync HTTP/1.1" 200 15
DEBUG    2022-05-28 23:24:06 selenium.webdriver.remote.remote_connection::remote_connection.py:_request:383: Remote response: status=200 | data={"value":68164} | headers=HTTPHeaderDict({'Content-Length': '15', 'Content-Type': 'application/json; charset=utf-8', 'cache-control': 'no-cache'})
DEBUG    2022-05-28 23:24:06 selenium.webdriver.remote.remote_connection::remote_connection.py:_request:412: Finished Request
DEBUG    2022-05-28 23:24:06 selenium.webdriver.remote.remote_connection::remote_connection.py:_request:361: POST http://localhost:10169/session/73ed99b10a2747ef35d1b0b3f25763c3/execute/sync {"script": "window.scrollTo(64624, 68164)", "args": []}
DEBUG    2022-05-28 23:24:06 urllib3.connectionpool::connectionpool.py:_make_request:456: http://localhost:10169 "POST /session/73ed99b10a2747ef35d1b0b3f25763c3/execute/sync HTTP/1.1" 200 14
DEBUG    2022-05-28 23:24:06 selenium.webdriver.remote.remote_connection::remote_connection.py:_request:383: Remote response: status=200 | data={"value":null} | headers=HTTPHeaderDict({'Content-Length': '14', 'Content-Type': 'application/json; charset=utf-8', 'cache-control': 'no-cache'})
DEBUG    2022-05-28 23:24:06 selenium.webdriver.remote.remote_connection::remote_connection.py:_request:412: Finished Request
DEBUG    2022-05-28 23:24:07 selenium.webdriver.remote.remote_connection::remote_connection.py:_request:361: POST http://localhost:10169/session/73ed99b10a2747ef35d1b0b3f25763c3/execute/sync {"script": "return document.body.scrollHeight", "args": []}
DEBUG    2022-05-28 23:24:07 urllib3.connectionpool::connectionpool.py:_make_request:456: http://localhost:10169 "POST /session/73ed99b10a2747ef35d1b0b3f25763c3/execute/sync HTTP/1.1" 200 15
DEBUG    2022-05-28 23:24:07 selenium.webdriver.remote.remote_connection::remote_connection.py:_request:383: Remote response: status=200 | data={"value":71704} | headers=HTTPHeaderDict({'Content-Length': '15', 'Content-Type': 'application/json; charset=utf-8', 'cache-control': 'no-cache'})
DEBUG    2022-05-28 23:24:07 selenium.webdriver.remote.remote_connection::remote_connection.py:_request:412: Finished Request
DEBUG    2022-05-28 23:24:07 selenium.webdriver.remote.remote_connection::remote_connection.py:_request:361: POST http://localhost:10169/session/73ed99b10a2747ef35d1b0b3f25763c3/execute/sync {"script": "window.scrollTo(68164, 71704)", "args": []}
DEBUG    2022-05-28 23:24:07 urllib3.connectionpool::connectionpool.py:_make_request:456: http://localhost:10169 "POST /session/73ed99b10a2747ef35d1b0b3f25763c3/execute/sync HTTP/1.1" 200 14
DEBUG    2022-05-28 23:24:07 selenium.webdriver.remote.remote_connection::remote_connection.py:_request:383: Remote response: status=200 | data={"value":null} | headers=HTTPHeaderDict({'Content-Length': '14', 'Content-Type': 'application/json; charset=utf-8', 'cache-control': 'no-cache'})
DEBUG    2022-05-28 23:24:07 selenium.webdriver.remote.remote_connection::remote_connection.py:_request:412: Finished Request
DEBUG    2022-05-28 23:24:08 selenium.webdriver.remote.remote_connection::remote_connection.py:_request:361: POST http://localhost:10169/session/73ed99b10a2747ef35d1b0b3f25763c3/execute/sync {"script": "return document.body.scrollHeight", "args": []}
DEBUG    2022-05-28 23:24:08 urllib3.connectionpool::connectionpool.py:_make_request:456: http://localhost:10169 "POST /session/73ed99b10a2747ef35d1b0b3f25763c3/execute/sync HTTP/1.1" 200 15
DEBUG    2022-05-28 23:24:08 selenium.webdriver.remote.remote_connection::remote_connection.py:_request:383: Remote response: status=200 | data={"value":75244} | headers=HTTPHeaderDict({'Content-Length': '15', 'Content-Type': 'application/json; charset=utf-8', 'cache-control': 'no-cache'})
DEBUG    2022-05-28 23:24:08 selenium.webdriver.remote.remote_connection::remote_connection.py:_request:412: Finished Request
DEBUG    2022-05-28 23:24:08 selenium.webdriver.remote.remote_connection::remote_connection.py:_request:361: POST http://localhost:10169/session/73ed99b10a2747ef35d1b0b3f25763c3/execute/sync {"script": "window.scrollTo(71704, 75244)", "args": []}
DEBUG    2022-05-28 23:24:08 urllib3.connectionpool::connectionpool.py:_make_request:456: http://localhost:10169 "POST /session/73ed99b10a2747ef35d1b0b3f25763c3/execute/sync HTTP/1.1" 200 14
DEBUG    2022-05-28 23:24:08 selenium.webdriver.remote.remote_connection::remote_connection.py:_request:383: Remote response: status=200 | data={"value":null} | headers=HTTPHeaderDict({'Content-Length': '14', 'Content-Type': 'application/json; charset=utf-8', 'cache-control': 'no-cache'})
DEBUG    2022-05-28 23:24:08 selenium.webdriver.remote.remote_connection::remote_connection.py:_request:412: Finished Request
DEBUG    2022-05-28 23:24:09 selenium.webdriver.remote.remote_connection::remote_connection.py:_request:361: POST http://localhost:10169/session/73ed99b10a2747ef35d1b0b3f25763c3/execute/sync {"script": "return document.body.scrollHeight", "args": []}
DEBUG    2022-05-28 23:24:09 urllib3.connectionpool::connectionpool.py:_make_request:456: http://localhost:10169 "POST /session/73ed99b10a2747ef35d1b0b3f25763c3/execute/sync HTTP/1.1" 200 15
DEBUG    2022-05-28 23:24:09 selenium.webdriver.remote.remote_connection::remote_connection.py:_request:383: Remote response: status=200 | data={"value":78784} | headers=HTTPHeaderDict({'Content-Length': '15', 'Content-Type': 'application/json; charset=utf-8', 'cache-control': 'no-cache'})
DEBUG    2022-05-28 23:24:09 selenium.webdriver.remote.remote_connection::remote_connection.py:_request:412: Finished Request
DEBUG    2022-05-28 23:24:09 selenium.webdriver.remote.remote_connection::remote_connection.py:_request:361: POST http://localhost:10169/session/73ed99b10a2747ef35d1b0b3f25763c3/execute/sync {"script": "window.scrollTo(75244, 78784)", "args": []}
DEBUG    2022-05-28 23:24:09 urllib3.connectionpool::connectionpool.py:_make_request:456: http://localhost:10169 "POST /session/73ed99b10a2747ef35d1b0b3f25763c3/execute/sync HTTP/1.1" 200 14
DEBUG    2022-05-28 23:24:09 selenium.webdriver.remote.remote_connection::remote_connection.py:_request:383: Remote response: status=200 | data={"value":null} | headers=HTTPHeaderDict({'Content-Length': '14', 'Content-Type': 'application/json; charset=utf-8', 'cache-control': 'no-cache'})
DEBUG    2022-05-28 23:24:09 selenium.webdriver.remote.remote_connection::remote_connection.py:_request:412: Finished Request
DEBUG    2022-05-28 23:24:10 selenium.webdriver.remote.remote_connection::remote_connection.py:_request:361: POST http://localhost:10169/session/73ed99b10a2747ef35d1b0b3f25763c3/execute/sync {"script": "return document.body.scrollHeight", "args": []}
DEBUG    2022-05-28 23:24:10 urllib3.connectionpool::connectionpool.py:_make_request:456: http://localhost:10169 "POST /session/73ed99b10a2747ef35d1b0b3f25763c3/execute/sync HTTP/1.1" 200 15
DEBUG    2022-05-28 23:24:10 selenium.webdriver.remote.remote_connection::remote_connection.py:_request:383: Remote response: status=200 | data={"value":82324} | headers=HTTPHeaderDict({'Content-Length': '15', 'Content-Type': 'application/json; charset=utf-8', 'cache-control': 'no-cache'})
DEBUG    2022-05-28 23:24:10 selenium.webdriver.remote.remote_connection::remote_connection.py:_request:412: Finished Request
DEBUG    2022-05-28 23:24:10 selenium.webdriver.remote.remote_connection::remote_connection.py:_request:361: POST http://localhost:10169/session/73ed99b10a2747ef35d1b0b3f25763c3/execute/sync {"script": "window.scrollTo(78784, 82324)", "args": []}
DEBUG    2022-05-28 23:24:10 urllib3.connectionpool::connectionpool.py:_make_request:456: http://localhost:10169 "POST /session/73ed99b10a2747ef35d1b0b3f25763c3/execute/sync HTTP/1.1" 200 14
DEBUG    2022-05-28 23:24:10 selenium.webdriver.remote.remote_connection::remote_connection.py:_request:383: Remote response: status=200 | data={"value":null} | headers=HTTPHeaderDict({'Content-Length': '14', 'Content-Type': 'application/json; charset=utf-8', 'cache-control': 'no-cache'})
DEBUG    2022-05-28 23:24:10 selenium.webdriver.remote.remote_connection::remote_connection.py:_request:412: Finished Request
DEBUG    2022-05-28 23:24:11 selenium.webdriver.remote.remote_connection::remote_connection.py:_request:361: POST http://localhost:10169/session/73ed99b10a2747ef35d1b0b3f25763c3/execute/sync {"script": "return document.body.scrollHeight", "args": []}
DEBUG    2022-05-28 23:24:11 urllib3.connectionpool::connectionpool.py:_make_request:456: http://localhost:10169 "POST /session/73ed99b10a2747ef35d1b0b3f25763c3/execute/sync HTTP/1.1" 200 15
DEBUG    2022-05-28 23:24:11 selenium.webdriver.remote.remote_connection::remote_connection.py:_request:383: Remote response: status=200 | data={"value":85864} | headers=HTTPHeaderDict({'Content-Length': '15', 'Content-Type': 'application/json; charset=utf-8', 'cache-control': 'no-cache'})
DEBUG    2022-05-28 23:24:11 selenium.webdriver.remote.remote_connection::remote_connection.py:_request:412: Finished Request
DEBUG    2022-05-28 23:24:11 selenium.webdriver.remote.remote_connection::remote_connection.py:_request:361: POST http://localhost:10169/session/73ed99b10a2747ef35d1b0b3f25763c3/execute/sync {"script": "window.scrollTo(82324, 85864)", "args": []}
DEBUG    2022-05-28 23:24:11 urllib3.connectionpool::connectionpool.py:_make_request:456: http://localhost:10169 "POST /session/73ed99b10a2747ef35d1b0b3f25763c3/execute/sync HTTP/1.1" 200 14
DEBUG    2022-05-28 23:24:11 selenium.webdriver.remote.remote_connection::remote_connection.py:_request:383: Remote response: status=200 | data={"value":null} | headers=HTTPHeaderDict({'Content-Length': '14', 'Content-Type': 'application/json; charset=utf-8', 'cache-control': 'no-cache'})
DEBUG    2022-05-28 23:24:11 selenium.webdriver.remote.remote_connection::remote_connection.py:_request:412: Finished Request
DEBUG    2022-05-28 23:24:12 selenium.webdriver.remote.remote_connection::remote_connection.py:_request:361: POST http://localhost:10169/session/73ed99b10a2747ef35d1b0b3f25763c3/execute/sync {"script": "return document.body.scrollHeight", "args": []}
DEBUG    2022-05-28 23:24:12 urllib3.connectionpool::connectionpool.py:_make_request:456: http://localhost:10169 "POST /session/73ed99b10a2747ef35d1b0b3f25763c3/execute/sync HTTP/1.1" 200 15
DEBUG    2022-05-28 23:24:12 selenium.webdriver.remote.remote_connection::remote_connection.py:_request:383: Remote response: status=200 | data={"value":89404} | headers=HTTPHeaderDict({'Content-Length': '15', 'Content-Type': 'application/json; charset=utf-8', 'cache-control': 'no-cache'})
DEBUG    2022-05-28 23:24:12 selenium.webdriver.remote.remote_connection::remote_connection.py:_request:412: Finished Request
DEBUG    2022-05-28 23:24:12 selenium.webdriver.remote.remote_connection::remote_connection.py:_request:361: POST http://localhost:10169/session/73ed99b10a2747ef35d1b0b3f25763c3/execute/sync {"script": "window.scrollTo(85864, 89404)", "args": []}
DEBUG    2022-05-28 23:24:12 urllib3.connectionpool::connectionpool.py:_make_request:456: http://localhost:10169 "POST /session/73ed99b10a2747ef35d1b0b3f25763c3/execute/sync HTTP/1.1" 200 14
DEBUG    2022-05-28 23:24:12 selenium.webdriver.remote.remote_connection::remote_connection.py:_request:383: Remote response: status=200 | data={"value":null} | headers=HTTPHeaderDict({'Content-Length': '14', 'Content-Type': 'application/json; charset=utf-8', 'cache-control': 'no-cache'})
DEBUG    2022-05-28 23:24:12 selenium.webdriver.remote.remote_connection::remote_connection.py:_request:412: Finished Request
DEBUG    2022-05-28 23:24:13 selenium.webdriver.remote.remote_connection::remote_connection.py:_request:361: POST http://localhost:10169/session/73ed99b10a2747ef35d1b0b3f25763c3/execute/sync {"script": "return document.body.scrollHeight", "args": []}
DEBUG    2022-05-28 23:24:13 urllib3.connectionpool::connectionpool.py:_make_request:456: http://localhost:10169 "POST /session/73ed99b10a2747ef35d1b0b3f25763c3/execute/sync HTTP/1.1" 200 15
DEBUG    2022-05-28 23:24:13 selenium.webdriver.remote.remote_connection::remote_connection.py:_request:383: Remote response: status=200 | data={"value":92944} | headers=HTTPHeaderDict({'Content-Length': '15', 'Content-Type': 'application/json; charset=utf-8', 'cache-control': 'no-cache'})
DEBUG    2022-05-28 23:24:13 selenium.webdriver.remote.remote_connection::remote_connection.py:_request:412: Finished Request
DEBUG    2022-05-28 23:24:13 selenium.webdriver.remote.remote_connection::remote_connection.py:_request:361: POST http://localhost:10169/session/73ed99b10a2747ef35d1b0b3f25763c3/execute/sync {"script": "window.scrollTo(89404, 92944)", "args": []}
DEBUG    2022-05-28 23:24:13 urllib3.connectionpool::connectionpool.py:_make_request:456: http://localhost:10169 "POST /session/73ed99b10a2747ef35d1b0b3f25763c3/execute/sync HTTP/1.1" 200 14
DEBUG    2022-05-28 23:24:13 selenium.webdriver.remote.remote_connection::remote_connection.py:_request:383: Remote response: status=200 | data={"value":null} | headers=HTTPHeaderDict({'Content-Length': '14', 'Content-Type': 'application/json; charset=utf-8', 'cache-control': 'no-cache'})
DEBUG    2022-05-28 23:24:13 selenium.webdriver.remote.remote_connection::remote_connection.py:_request:412: Finished Request
DEBUG    2022-05-28 23:24:14 selenium.webdriver.remote.remote_connection::remote_connection.py:_request:361: POST http://localhost:10169/session/73ed99b10a2747ef35d1b0b3f25763c3/execute/sync {"script": "return document.body.scrollHeight", "args": []}
DEBUG    2022-05-28 23:24:14 urllib3.connectionpool::connectionpool.py:_make_request:456: http://localhost:10169 "POST /session/73ed99b10a2747ef35d1b0b3f25763c3/execute/sync HTTP/1.1" 200 15
DEBUG    2022-05-28 23:24:14 selenium.webdriver.remote.remote_connection::remote_connection.py:_request:383: Remote response: status=200 | data={"value":96484} | headers=HTTPHeaderDict({'Content-Length': '15', 'Content-Type': 'application/json; charset=utf-8', 'cache-control': 'no-cache'})
DEBUG    2022-05-28 23:24:14 selenium.webdriver.remote.remote_connection::remote_connection.py:_request:412: Finished Request
DEBUG    2022-05-28 23:24:14 selenium.webdriver.remote.remote_connection::remote_connection.py:_request:361: POST http://localhost:10169/session/73ed99b10a2747ef35d1b0b3f25763c3/execute/sync {"script": "window.scrollTo(92944, 96484)", "args": []}
DEBUG    2022-05-28 23:24:14 urllib3.connectionpool::connectionpool.py:_make_request:456: http://localhost:10169 "POST /session/73ed99b10a2747ef35d1b0b3f25763c3/execute/sync HTTP/1.1" 200 14
DEBUG    2022-05-28 23:24:14 selenium.webdriver.remote.remote_connection::remote_connection.py:_request:383: Remote response: status=200 | data={"value":null} | headers=HTTPHeaderDict({'Content-Length': '14', 'Content-Type': 'application/json; charset=utf-8', 'cache-control': 'no-cache'})
DEBUG    2022-05-28 23:24:14 selenium.webdriver.remote.remote_connection::remote_connection.py:_request:412: Finished Request
DEBUG    2022-05-28 23:24:15 selenium.webdriver.remote.remote_connection::remote_connection.py:_request:361: POST http://localhost:10169/session/73ed99b10a2747ef35d1b0b3f25763c3/execute/sync {"script": "return document.body.scrollHeight", "args": []}
DEBUG    2022-05-28 23:24:15 urllib3.connectionpool::connectionpool.py:_make_request:456: http://localhost:10169 "POST /session/73ed99b10a2747ef35d1b0b3f25763c3/execute/sync HTTP/1.1" 200 16
DEBUG    2022-05-28 23:24:15 selenium.webdriver.remote.remote_connection::remote_connection.py:_request:383: Remote response: status=200 | data={"value":100024} | headers=HTTPHeaderDict({'Content-Length': '16', 'Content-Type': 'application/json; charset=utf-8', 'cache-control': 'no-cache'})
DEBUG    2022-05-28 23:24:15 selenium.webdriver.remote.remote_connection::remote_connection.py:_request:412: Finished Request
DEBUG    2022-05-28 23:24:15 selenium.webdriver.remote.remote_connection::remote_connection.py:_request:361: POST http://localhost:10169/session/73ed99b10a2747ef35d1b0b3f25763c3/execute/sync {"script": "window.scrollTo(96484, 100024)", "args": []}
DEBUG    2022-05-28 23:24:15 urllib3.connectionpool::connectionpool.py:_make_request:456: http://localhost:10169 "POST /session/73ed99b10a2747ef35d1b0b3f25763c3/execute/sync HTTP/1.1" 200 14
DEBUG    2022-05-28 23:24:15 selenium.webdriver.remote.remote_connection::remote_connection.py:_request:383: Remote response: status=200 | data={"value":null} | headers=HTTPHeaderDict({'Content-Length': '14', 'Content-Type': 'application/json; charset=utf-8', 'cache-control': 'no-cache'})
DEBUG    2022-05-28 23:24:15 selenium.webdriver.remote.remote_connection::remote_connection.py:_request:412: Finished Request
DEBUG    2022-05-28 23:24:16 selenium.webdriver.remote.remote_connection::remote_connection.py:_request:361: POST http://localhost:10169/session/73ed99b10a2747ef35d1b0b3f25763c3/execute/sync {"script": "return document.body.scrollHeight", "args": []}
DEBUG    2022-05-28 23:24:16 urllib3.connectionpool::connectionpool.py:_make_request:456: http://localhost:10169 "POST /session/73ed99b10a2747ef35d1b0b3f25763c3/execute/sync HTTP/1.1" 200 16
DEBUG    2022-05-28 23:24:16 selenium.webdriver.remote.remote_connection::remote_connection.py:_request:383: Remote response: status=200 | data={"value":103564} | headers=HTTPHeaderDict({'Content-Length': '16', 'Content-Type': 'application/json; charset=utf-8', 'cache-control': 'no-cache'})
DEBUG    2022-05-28 23:24:16 selenium.webdriver.remote.remote_connection::remote_connection.py:_request:412: Finished Request
DEBUG    2022-05-28 23:24:16 selenium.webdriver.remote.remote_connection::remote_connection.py:_request:361: POST http://localhost:10169/session/73ed99b10a2747ef35d1b0b3f25763c3/execute/sync {"script": "window.scrollTo(100024, 103564)", "args": []}
DEBUG    2022-05-28 23:24:16 urllib3.connectionpool::connectionpool.py:_make_request:456: http://localhost:10169 "POST /session/73ed99b10a2747ef35d1b0b3f25763c3/execute/sync HTTP/1.1" 200 14
DEBUG    2022-05-28 23:24:16 selenium.webdriver.remote.remote_connection::remote_connection.py:_request:383: Remote response: status=200 | data={"value":null} | headers=HTTPHeaderDict({'Content-Length': '14', 'Content-Type': 'application/json; charset=utf-8', 'cache-control': 'no-cache'})
DEBUG    2022-05-28 23:24:16 selenium.webdriver.remote.remote_connection::remote_connection.py:_request:412: Finished Request
DEBUG    2022-05-28 23:24:17 selenium.webdriver.remote.remote_connection::remote_connection.py:_request:361: POST http://localhost:10169/session/73ed99b10a2747ef35d1b0b3f25763c3/execute/sync {"script": "return document.body.scrollHeight", "args": []}
DEBUG    2022-05-28 23:24:17 urllib3.connectionpool::connectionpool.py:_make_request:456: http://localhost:10169 "POST /session/73ed99b10a2747ef35d1b0b3f25763c3/execute/sync HTTP/1.1" 200 16
DEBUG    2022-05-28 23:24:17 selenium.webdriver.remote.remote_connection::remote_connection.py:_request:383: Remote response: status=200 | data={"value":107104} | headers=HTTPHeaderDict({'Content-Length': '16', 'Content-Type': 'application/json; charset=utf-8', 'cache-control': 'no-cache'})
DEBUG    2022-05-28 23:24:17 selenium.webdriver.remote.remote_connection::remote_connection.py:_request:412: Finished Request
DEBUG    2022-05-28 23:24:17 selenium.webdriver.remote.remote_connection::remote_connection.py:_request:361: POST http://localhost:10169/session/73ed99b10a2747ef35d1b0b3f25763c3/execute/sync {"script": "window.scrollTo(103564, 107104)", "args": []}
DEBUG    2022-05-28 23:24:17 urllib3.connectionpool::connectionpool.py:_make_request:456: http://localhost:10169 "POST /session/73ed99b10a2747ef35d1b0b3f25763c3/execute/sync HTTP/1.1" 200 14
DEBUG    2022-05-28 23:24:17 selenium.webdriver.remote.remote_connection::remote_connection.py:_request:383: Remote response: status=200 | data={"value":null} | headers=HTTPHeaderDict({'Content-Length': '14', 'Content-Type': 'application/json; charset=utf-8', 'cache-control': 'no-cache'})
DEBUG    2022-05-28 23:24:17 selenium.webdriver.remote.remote_connection::remote_connection.py:_request:412: Finished Request
DEBUG    2022-05-28 23:24:18 selenium.webdriver.remote.remote_connection::remote_connection.py:_request:361: POST http://localhost:10169/session/73ed99b10a2747ef35d1b0b3f25763c3/execute/sync {"script": "return document.body.scrollHeight", "args": []}
DEBUG    2022-05-28 23:24:18 urllib3.connectionpool::connectionpool.py:_make_request:456: http://localhost:10169 "POST /session/73ed99b10a2747ef35d1b0b3f25763c3/execute/sync HTTP/1.1" 200 16
DEBUG    2022-05-28 23:24:18 selenium.webdriver.remote.remote_connection::remote_connection.py:_request:383: Remote response: status=200 | data={"value":110644} | headers=HTTPHeaderDict({'Content-Length': '16', 'Content-Type': 'application/json; charset=utf-8', 'cache-control': 'no-cache'})
DEBUG    2022-05-28 23:24:18 selenium.webdriver.remote.remote_connection::remote_connection.py:_request:412: Finished Request
DEBUG    2022-05-28 23:24:18 selenium.webdriver.remote.remote_connection::remote_connection.py:_request:361: POST http://localhost:10169/session/73ed99b10a2747ef35d1b0b3f25763c3/execute/sync {"script": "window.scrollTo(107104, 110644)", "args": []}
DEBUG    2022-05-28 23:24:18 urllib3.connectionpool::connectionpool.py:_make_request:456: http://localhost:10169 "POST /session/73ed99b10a2747ef35d1b0b3f25763c3/execute/sync HTTP/1.1" 200 14
DEBUG    2022-05-28 23:24:18 selenium.webdriver.remote.remote_connection::remote_connection.py:_request:383: Remote response: status=200 | data={"value":null} | headers=HTTPHeaderDict({'Content-Length': '14', 'Content-Type': 'application/json; charset=utf-8', 'cache-control': 'no-cache'})
DEBUG    2022-05-28 23:24:18 selenium.webdriver.remote.remote_connection::remote_connection.py:_request:412: Finished Request
DEBUG    2022-05-28 23:24:19 selenium.webdriver.remote.remote_connection::remote_connection.py:_request:361: POST http://localhost:10169/session/73ed99b10a2747ef35d1b0b3f25763c3/execute/sync {"script": "return document.body.scrollHeight", "args": []}
DEBUG    2022-05-28 23:24:19 urllib3.connectionpool::connectionpool.py:_make_request:456: http://localhost:10169 "POST /session/73ed99b10a2747ef35d1b0b3f25763c3/execute/sync HTTP/1.1" 200 16
DEBUG    2022-05-28 23:24:19 selenium.webdriver.remote.remote_connection::remote_connection.py:_request:383: Remote response: status=200 | data={"value":114184} | headers=HTTPHeaderDict({'Content-Length': '16', 'Content-Type': 'application/json; charset=utf-8', 'cache-control': 'no-cache'})
DEBUG    2022-05-28 23:24:19 selenium.webdriver.remote.remote_connection::remote_connection.py:_request:412: Finished Request
DEBUG    2022-05-28 23:24:19 selenium.webdriver.remote.remote_connection::remote_connection.py:_request:361: POST http://localhost:10169/session/73ed99b10a2747ef35d1b0b3f25763c3/execute/sync {"script": "window.scrollTo(110644, 114184)", "args": []}
DEBUG    2022-05-28 23:24:19 urllib3.connectionpool::connectionpool.py:_make_request:456: http://localhost:10169 "POST /session/73ed99b10a2747ef35d1b0b3f25763c3/execute/sync HTTP/1.1" 200 14
DEBUG    2022-05-28 23:24:19 selenium.webdriver.remote.remote_connection::remote_connection.py:_request:383: Remote response: status=200 | data={"value":null} | headers=HTTPHeaderDict({'Content-Length': '14', 'Content-Type': 'application/json; charset=utf-8', 'cache-control': 'no-cache'})
DEBUG    2022-05-28 23:24:19 selenium.webdriver.remote.remote_connection::remote_connection.py:_request:412: Finished Request
DEBUG    2022-05-28 23:24:20 selenium.webdriver.remote.remote_connection::remote_connection.py:_request:361: POST http://localhost:10169/session/73ed99b10a2747ef35d1b0b3f25763c3/execute/sync {"script": "return document.body.scrollHeight", "args": []}
DEBUG    2022-05-28 23:24:20 urllib3.connectionpool::connectionpool.py:_make_request:456: http://localhost:10169 "POST /session/73ed99b10a2747ef35d1b0b3f25763c3/execute/sync HTTP/1.1" 200 16
DEBUG    2022-05-28 23:24:20 selenium.webdriver.remote.remote_connection::remote_connection.py:_request:383: Remote response: status=200 | data={"value":117724} | headers=HTTPHeaderDict({'Content-Length': '16', 'Content-Type': 'application/json; charset=utf-8', 'cache-control': 'no-cache'})
DEBUG    2022-05-28 23:24:20 selenium.webdriver.remote.remote_connection::remote_connection.py:_request:412: Finished Request
DEBUG    2022-05-28 23:24:20 selenium.webdriver.remote.remote_connection::remote_connection.py:_request:361: POST http://localhost:10169/session/73ed99b10a2747ef35d1b0b3f25763c3/execute/sync {"script": "window.scrollTo(114184, 117724)", "args": []}
DEBUG    2022-05-28 23:24:20 urllib3.connectionpool::connectionpool.py:_make_request:456: http://localhost:10169 "POST /session/73ed99b10a2747ef35d1b0b3f25763c3/execute/sync HTTP/1.1" 200 14
DEBUG    2022-05-28 23:24:20 selenium.webdriver.remote.remote_connection::remote_connection.py:_request:383: Remote response: status=200 | data={"value":null} | headers=HTTPHeaderDict({'Content-Length': '14', 'Content-Type': 'application/json; charset=utf-8', 'cache-control': 'no-cache'})
DEBUG    2022-05-28 23:24:20 selenium.webdriver.remote.remote_connection::remote_connection.py:_request:412: Finished Request
DEBUG    2022-05-28 23:24:21 selenium.webdriver.remote.remote_connection::remote_connection.py:_request:361: POST http://localhost:10169/session/73ed99b10a2747ef35d1b0b3f25763c3/execute/sync {"script": "return document.body.scrollHeight", "args": []}
DEBUG    2022-05-28 23:24:21 urllib3.connectionpool::connectionpool.py:_make_request:456: http://localhost:10169 "POST /session/73ed99b10a2747ef35d1b0b3f25763c3/execute/sync HTTP/1.1" 200 16
DEBUG    2022-05-28 23:24:21 selenium.webdriver.remote.remote_connection::remote_connection.py:_request:383: Remote response: status=200 | data={"value":121264} | headers=HTTPHeaderDict({'Content-Length': '16', 'Content-Type': 'application/json; charset=utf-8', 'cache-control': 'no-cache'})
DEBUG    2022-05-28 23:24:21 selenium.webdriver.remote.remote_connection::remote_connection.py:_request:412: Finished Request
DEBUG    2022-05-28 23:24:21 selenium.webdriver.remote.remote_connection::remote_connection.py:_request:361: POST http://localhost:10169/session/73ed99b10a2747ef35d1b0b3f25763c3/execute/sync {"script": "window.scrollTo(117724, 121264)", "args": []}
DEBUG    2022-05-28 23:24:21 urllib3.connectionpool::connectionpool.py:_make_request:456: http://localhost:10169 "POST /session/73ed99b10a2747ef35d1b0b3f25763c3/execute/sync HTTP/1.1" 200 14
DEBUG    2022-05-28 23:24:21 selenium.webdriver.remote.remote_connection::remote_connection.py:_request:383: Remote response: status=200 | data={"value":null} | headers=HTTPHeaderDict({'Content-Length': '14', 'Content-Type': 'application/json; charset=utf-8', 'cache-control': 'no-cache'})
DEBUG    2022-05-28 23:24:21 selenium.webdriver.remote.remote_connection::remote_connection.py:_request:412: Finished Request
DEBUG    2022-05-28 23:24:22 selenium.webdriver.remote.remote_connection::remote_connection.py:_request:361: POST http://localhost:10169/session/73ed99b10a2747ef35d1b0b3f25763c3/execute/sync {"script": "return document.body.scrollHeight", "args": []}
DEBUG    2022-05-28 23:24:22 urllib3.connectionpool::connectionpool.py:_make_request:456: http://localhost:10169 "POST /session/73ed99b10a2747ef35d1b0b3f25763c3/execute/sync HTTP/1.1" 200 16
DEBUG    2022-05-28 23:24:22 selenium.webdriver.remote.remote_connection::remote_connection.py:_request:383: Remote response: status=200 | data={"value":124804} | headers=HTTPHeaderDict({'Content-Length': '16', 'Content-Type': 'application/json; charset=utf-8', 'cache-control': 'no-cache'})
DEBUG    2022-05-28 23:24:22 selenium.webdriver.remote.remote_connection::remote_connection.py:_request:412: Finished Request
DEBUG    2022-05-28 23:24:22 selenium.webdriver.remote.remote_connection::remote_connection.py:_request:361: POST http://localhost:10169/session/73ed99b10a2747ef35d1b0b3f25763c3/execute/sync {"script": "window.scrollTo(121264, 124804)", "args": []}
DEBUG    2022-05-28 23:24:22 urllib3.connectionpool::connectionpool.py:_make_request:456: http://localhost:10169 "POST /session/73ed99b10a2747ef35d1b0b3f25763c3/execute/sync HTTP/1.1" 200 14
DEBUG    2022-05-28 23:24:22 selenium.webdriver.remote.remote_connection::remote_connection.py:_request:383: Remote response: status=200 | data={"value":null} | headers=HTTPHeaderDict({'Content-Length': '14', 'Content-Type': 'application/json; charset=utf-8', 'cache-control': 'no-cache'})
DEBUG    2022-05-28 23:24:22 selenium.webdriver.remote.remote_connection::remote_connection.py:_request:412: Finished Request
DEBUG    2022-05-28 23:24:23 selenium.webdriver.remote.remote_connection::remote_connection.py:_request:361: POST http://localhost:10169/session/73ed99b10a2747ef35d1b0b3f25763c3/execute/sync {"script": "return document.body.scrollHeight", "args": []}
DEBUG    2022-05-28 23:24:23 urllib3.connectionpool::connectionpool.py:_make_request:456: http://localhost:10169 "POST /session/73ed99b10a2747ef35d1b0b3f25763c3/execute/sync HTTP/1.1" 200 16
DEBUG    2022-05-28 23:24:23 selenium.webdriver.remote.remote_connection::remote_connection.py:_request:383: Remote response: status=200 | data={"value":128344} | headers=HTTPHeaderDict({'Content-Length': '16', 'Content-Type': 'application/json; charset=utf-8', 'cache-control': 'no-cache'})
DEBUG    2022-05-28 23:24:23 selenium.webdriver.remote.remote_connection::remote_connection.py:_request:412: Finished Request
DEBUG    2022-05-28 23:24:23 selenium.webdriver.remote.remote_connection::remote_connection.py:_request:361: POST http://localhost:10169/session/73ed99b10a2747ef35d1b0b3f25763c3/execute/sync {"script": "window.scrollTo(124804, 128344)", "args": []}
DEBUG    2022-05-28 23:24:23 urllib3.connectionpool::connectionpool.py:_make_request:456: http://localhost:10169 "POST /session/73ed99b10a2747ef35d1b0b3f25763c3/execute/sync HTTP/1.1" 200 14
DEBUG    2022-05-28 23:24:23 selenium.webdriver.remote.remote_connection::remote_connection.py:_request:383: Remote response: status=200 | data={"value":null} | headers=HTTPHeaderDict({'Content-Length': '14', 'Content-Type': 'application/json; charset=utf-8', 'cache-control': 'no-cache'})
DEBUG    2022-05-28 23:24:23 selenium.webdriver.remote.remote_connection::remote_connection.py:_request:412: Finished Request
DEBUG    2022-05-28 23:24:24 selenium.webdriver.remote.remote_connection::remote_connection.py:_request:361: POST http://localhost:10169/session/73ed99b10a2747ef35d1b0b3f25763c3/execute/sync {"script": "return document.body.scrollHeight", "args": []}
DEBUG    2022-05-28 23:24:24 urllib3.connectionpool::connectionpool.py:_make_request:456: http://localhost:10169 "POST /session/73ed99b10a2747ef35d1b0b3f25763c3/execute/sync HTTP/1.1" 200 16
DEBUG    2022-05-28 23:24:24 selenium.webdriver.remote.remote_connection::remote_connection.py:_request:383: Remote response: status=200 | data={"value":131884} | headers=HTTPHeaderDict({'Content-Length': '16', 'Content-Type': 'application/json; charset=utf-8', 'cache-control': 'no-cache'})
DEBUG    2022-05-28 23:24:24 selenium.webdriver.remote.remote_connection::remote_connection.py:_request:412: Finished Request
DEBUG    2022-05-28 23:24:24 selenium.webdriver.remote.remote_connection::remote_connection.py:_request:361: POST http://localhost:10169/session/73ed99b10a2747ef35d1b0b3f25763c3/execute/sync {"script": "window.scrollTo(128344, 131884)", "args": []}
DEBUG    2022-05-28 23:24:24 urllib3.connectionpool::connectionpool.py:_make_request:456: http://localhost:10169 "POST /session/73ed99b10a2747ef35d1b0b3f25763c3/execute/sync HTTP/1.1" 200 14
DEBUG    2022-05-28 23:24:24 selenium.webdriver.remote.remote_connection::remote_connection.py:_request:383: Remote response: status=200 | data={"value":null} | headers=HTTPHeaderDict({'Content-Length': '14', 'Content-Type': 'application/json; charset=utf-8', 'cache-control': 'no-cache'})
DEBUG    2022-05-28 23:24:24 selenium.webdriver.remote.remote_connection::remote_connection.py:_request:412: Finished Request
DEBUG    2022-05-28 23:24:25 selenium.webdriver.remote.remote_connection::remote_connection.py:_request:361: POST http://localhost:10169/session/73ed99b10a2747ef35d1b0b3f25763c3/execute/sync {"script": "return document.body.scrollHeight", "args": []}
DEBUG    2022-05-28 23:24:25 urllib3.connectionpool::connectionpool.py:_make_request:456: http://localhost:10169 "POST /session/73ed99b10a2747ef35d1b0b3f25763c3/execute/sync HTTP/1.1" 200 16
DEBUG    2022-05-28 23:24:25 selenium.webdriver.remote.remote_connection::remote_connection.py:_request:383: Remote response: status=200 | data={"value":135424} | headers=HTTPHeaderDict({'Content-Length': '16', 'Content-Type': 'application/json; charset=utf-8', 'cache-control': 'no-cache'})
DEBUG    2022-05-28 23:24:25 selenium.webdriver.remote.remote_connection::remote_connection.py:_request:412: Finished Request
DEBUG    2022-05-28 23:24:25 selenium.webdriver.remote.remote_connection::remote_connection.py:_request:361: POST http://localhost:10169/session/73ed99b10a2747ef35d1b0b3f25763c3/execute/sync {"script": "window.scrollTo(131884, 135424)", "args": []}
DEBUG    2022-05-28 23:24:25 urllib3.connectionpool::connectionpool.py:_make_request:456: http://localhost:10169 "POST /session/73ed99b10a2747ef35d1b0b3f25763c3/execute/sync HTTP/1.1" 200 14
DEBUG    2022-05-28 23:24:25 selenium.webdriver.remote.remote_connection::remote_connection.py:_request:383: Remote response: status=200 | data={"value":null} | headers=HTTPHeaderDict({'Content-Length': '14', 'Content-Type': 'application/json; charset=utf-8', 'cache-control': 'no-cache'})
DEBUG    2022-05-28 23:24:25 selenium.webdriver.remote.remote_connection::remote_connection.py:_request:412: Finished Request
DEBUG    2022-05-28 23:24:26 selenium.webdriver.remote.remote_connection::remote_connection.py:_request:361: POST http://localhost:10169/session/73ed99b10a2747ef35d1b0b3f25763c3/execute/sync {"script": "return document.body.scrollHeight", "args": []}
DEBUG    2022-05-28 23:24:26 urllib3.connectionpool::connectionpool.py:_make_request:456: http://localhost:10169 "POST /session/73ed99b10a2747ef35d1b0b3f25763c3/execute/sync HTTP/1.1" 200 16
DEBUG    2022-05-28 23:24:26 selenium.webdriver.remote.remote_connection::remote_connection.py:_request:383: Remote response: status=200 | data={"value":136250} | headers=HTTPHeaderDict({'Content-Length': '16', 'Content-Type': 'application/json; charset=utf-8', 'cache-control': 'no-cache'})
DEBUG    2022-05-28 23:24:26 selenium.webdriver.remote.remote_connection::remote_connection.py:_request:412: Finished Request
DEBUG    2022-05-28 23:24:26 selenium.webdriver.remote.remote_connection::remote_connection.py:_request:361: POST http://localhost:10169/session/73ed99b10a2747ef35d1b0b3f25763c3/execute/sync {"script": "window.scrollTo(135424, 136250)", "args": []}
DEBUG    2022-05-28 23:24:26 urllib3.connectionpool::connectionpool.py:_make_request:456: http://localhost:10169 "POST /session/73ed99b10a2747ef35d1b0b3f25763c3/execute/sync HTTP/1.1" 200 14
DEBUG    2022-05-28 23:24:26 selenium.webdriver.remote.remote_connection::remote_connection.py:_request:383: Remote response: status=200 | data={"value":null} | headers=HTTPHeaderDict({'Content-Length': '14', 'Content-Type': 'application/json; charset=utf-8', 'cache-control': 'no-cache'})
DEBUG    2022-05-28 23:24:26 selenium.webdriver.remote.remote_connection::remote_connection.py:_request:412: Finished Request
DEBUG    2022-05-28 23:24:27 selenium.webdriver.remote.remote_connection::remote_connection.py:_request:361: POST http://localhost:10169/session/73ed99b10a2747ef35d1b0b3f25763c3/execute/sync {"script": "return document.body.scrollHeight", "args": []}
DEBUG    2022-05-28 23:24:27 urllib3.connectionpool::connectionpool.py:_make_request:456: http://localhost:10169 "POST /session/73ed99b10a2747ef35d1b0b3f25763c3/execute/sync HTTP/1.1" 200 16
DEBUG    2022-05-28 23:24:27 selenium.webdriver.remote.remote_connection::remote_connection.py:_request:383: Remote response: status=200 | data={"value":136250} | headers=HTTPHeaderDict({'Content-Length': '16', 'Content-Type': 'application/json; charset=utf-8', 'cache-control': 'no-cache'})
DEBUG    2022-05-28 23:24:27 selenium.webdriver.remote.remote_connection::remote_connection.py:_request:412: Finished Request
DEBUG    2022-05-28 23:24:27 selenium.webdriver.remote.remote_connection::remote_connection.py:_request:361: POST http://localhost:10169/session/73ed99b10a2747ef35d1b0b3f25763c3/elements {"using": "xpath", "value": "//div[@class='logo ng-hide']"}
DEBUG    2022-05-28 23:24:28 urllib3.connectionpool::connectionpool.py:_make_request:456: http://localhost:10169 "POST /session/73ed99b10a2747ef35d1b0b3f25763c3/elements HTTP/1.1" 200 149005
DEBUG    2022-05-28 23:24:28 selenium.webdriver.remote.remote_connection::remote_connection.py:_request:383: Remote response: status=200 | data={"value":[{"element-6066-11e4-a52e-4f735466cecf":"70d0c542-13c9-4a1f-a30a-9aec5308536b"},{"element-6066-11e4-a52e-4f735466cecf":"cba86202-11d5-4992-ad88-0ead111b92a2"},{"element-6066-11e4-a52e-4f735466cecf":"60e9a7e2-3dc5-40cf-8583-5d55d6c7e9f1"},{"element-6066-11e4-a52e-4f735466cecf":"f8df021b-20b1-457b-b5c2-62eea2453eb6"},{"element-6066-11e4-a52e-4f735466cecf":"f5f11ba9-29f2-46cf-bbf2-6836b03177c1"},{"element-6066-11e4-a52e-4f735466cecf":"25e08803-ffd8-4dc9-bcf8-fa983c8a0617"},{"element-6066-11e4-a52e-4f735466cecf":"9b73ca82-7822-48c7-851b-5d2e7e1edb18"},{"element-6066-11e4-a52e-4f735466cecf":"08445969-fa99-41bb-a8b3-d64fafd58d8a"},{"element-6066-11e4-a52e-4f735466cecf":"22f218e4-fd85-46c5-833e-020084083f7e"},{"element-6066-11e4-a52e-4f735466cecf":"67ab3139-eeb7-4855-8b59-fc47cd4625be"},{"element-6066-11e4-a52e-4f735466cecf":"bf2bff34-7816-4311-b10f-ff04690fba7b"},{"element-6066-11e4-a52e-4f735466cecf":"34a6b5f3-e5ce-4ff4-8057-9edb58d56b2c"},{"element-6066-11e4-a52e-4f735466cecf":"de029d71-8d68-4d4d-9ec4-624b5f4cb212"},{"element-6066-11e4-a52e-4f735466cecf":"e262807a-e54c-4d51-92fc-ad2e63be0758"},{"element-6066-11e4-a52e-4f735466cecf":"23e6934b-b34b-4b62-ad95-4303f69e10c7"},{"element-6066-11e4-a52e-4f735466cecf":"09281f2d-baba-449d-8ea6-cc5064fe6305"},{"element-6066-11e4-a52e-4f735466cecf":"d5a085f1-fe96-4ad9-babe-814a219b7dee"},{"element-6066-11e4-a52e-4f735466cecf":"b22ce05f-9ebd-4daa-b262-7130ff58e645"},{"element-6066-11e4-a52e-4f735466cecf":"69e02a94-4895-4dfd-8c05-6b818dfd453c"},{"element-6066-11e4-a52e-4f735466cecf":"5741193b-95bf-4c36-b2b3-909c17c71a23"},{"element-6066-11e4-a52e-4f735466cecf":"6271f700-1a74-442f-9b93-afa09bd03950"},{"element-6066-11e4-a52e-4f735466cecf":"f6d38e67-6cc7-4917-bf6b-435821c2a00d"},{"element-6066-11e4-a52e-4f735466cecf":"10943f02-08a9-4d85-be8c-e81724b715d7"},{"element-6066-11e4-a52e-4f735466cecf":"1bd1b44f-8b3d-429f-9011-0fb729814ebc"},{"element-6066-11e4-a52e-4f735466cecf":"ceccddd4-361a-44a6-96e7-8d9fb201e35a"},{"element-6066-11e4-a52e-4f735466cecf":"cd4cd538-7cc6-45d9-a21e-0d95ba64636f"},{"element-6066-11e4-a52e-4f735466cecf":"8198884e-5be7-4219-be58-beedd7defd0b"},{"element-6066-11e4-a52e-4f735466cecf":"da4df715-cf37-48df-bd89-9c773d309447"},{"element-6066-11e4-a52e-4f735466cecf":"717c5a68-b06f-4fb2-bb93-ce65c456346d"},{"element-6066-11e4-a52e-4f735466cecf":"3d0bdfdd-14bf-41b0-bd70-f1ed9f37bced"},{"element-6066-11e4-a52e-4f735466cecf":"4648678e-c4d9-4138-95ae-6710d00379cf"},{"element-6066-11e4-a52e-4f735466cecf":"0da16490-8bf3-408c-80ce-56db4966a6fd"},{"element-6066-11e4-a52e-4f735466cecf":"cf4eca3f-fa20-4dd0-a5e9-561c8c4a5146"},{"element-6066-11e4-a52e-4f735466cecf":"94e84f34-53b4-418b-b468-4297065e9ca8"},{"element-6066-11e4-a52e-4f735466cecf":"04f5247f-ee50-4b01-8b2d-e70448ef56e6"},{"element-6066-11e4-a52e-4f735466cecf":"2736022d-b45e-4ad5-b4a0-866151c7b047"},{"element-6066-11e4-a52e-4f735466cecf":"84cb429d-366b-43a7-9c7d-caf9488b28a1"},{"element-6066-11e4-a52e-4f735466cecf":"92788154-b74e-4680-a4d3-03ca7b5d62ea"},{"element-6066-11e4-a52e-4f735466cecf":"4959ce35-3757-488c-a958-e5152028ef12"},{"element-6066-11e4-a52e-4f735466cecf":"fe1042c0-2c14-48fe-9f8a-e956eb87fcec"},{"element-6066-11e4-a52e-4f735466cecf":"d3810a8e-197f-4a10-a889-05227544aa8d"},{"element-6066-11e4-a52e-4f735466cecf":"a79e93ac-73f9-46fb-b359-a308655a29a1"},{"element-6066-11e4-a52e-4f735466cecf":"831e6cb7-efbb-4498-8478-99732b81ad48"},{"element-6066-11e4-a52e-4f735466cecf":"4f1dca00-e851-4015-b5bd-c86b53c2fde2"},{"element-6066-11e4-a52e-4f735466cecf":"5e46efc7-c8c3-4f4a-8816-8a88ffb429c7"},{"element-6066-11e4-a52e-4f735466cecf":"ea9a68c0-6d3b-4ea4-8367-48d52c6cbb27"},{"element-6066-11e4-a52e-4f735466cecf":"9b677a75-a5e1-4c0f-bfa5-cb02355cd199"},{"element-6066-11e4-a52e-4f735466cecf":"96fbeb2e-4b29-4b10-8132-49bbbf73a4d2"},{"element-6066-11e4-a52e-4f735466cecf":"53f31ac4-f774-4a3d-bdcf-744db6d3e4b7"},{"element-6066-11e4-a52e-4f735466cecf":"2cdbc86f-3b83-4975-86b9-2ccb9bcd5626"},{"element-6066-11e4-a52e-4f735466cecf":"e913a4e2-add5-446d-8428-60f511fb4195"},{"element-6066-11e4-a52e-4f735466cecf":"eb25ba14-685b-4308-bf01-1e6b890b5d48"},{"element-6066-11e4-a52e-4f735466cecf":"d5ecf3f2-eace-420d-9f43-2c95e61c0ec4"},{"element-6066-11e4-a52e-4f735466cecf":"58d2f1cf-1cd3-46e9-86e1-960614c8eee1"},{"element-6066-11e4-a52e-4f735466cecf":"158bb560-85a8-4d45-8417-cd3401a4a0ec"},{"element-6066-11e4-a52e-4f735466cecf":"66640992-2f1f-491c-ac90-0e3c9a535dd5"},{"element-6066-11e4-a52e-4f735466cecf":"ea900f61-a092-4971-9f1d-8ec42e60d42f"},{"element-6066-11e4-a52e-4f735466cecf":"65788138-89ad-40a6-8b77-045c0f10c5e7"},{"element-6066-11e4-a52e-4f735466cecf":"51451390-9abd-4085-b0ae-ccd0f6538275"},{"element-6066-11e4-a52e-4f735466cecf":"f63b382f-6b6b-4573-9579-d27c18211189"},{"element-6066-11e4-a52e-4f735466cecf":"b9d6707e-08a9-43c5-a853-e1345c4d2650"},{"element-6066-11e4-a52e-4f735466cecf":"c7a60368-84c7-4ae5-84e7-3a6f59b89dd7"},{"element-6066-11e4-a52e-4f735466cecf":"5450c04b-a8c7-4781-bf49-544c22ce2ab3"},{"element-6066-11e4-a52e-4f735466cecf":"4ca5aa5d-b72b-4994-b806-3bdcb54d66a9"},{"element-6066-11e4-a52e-4f735466cecf":"78d5b779-2a6f-46f6-8ad0-294995325d2e"},{"element-6066-11e4-a52e-4f735466cecf":"6e65e64d-839d-440c-9750-a95df1e7c121"},{"element-6066-11e4-a52e-4f735466cecf":"37ba3bbd-a394-49ca-8281-0156d90d14aa"},{"element-6066-11e4-a52e-4f735466cecf":"539409d6-4415-41f3-8a2e-b3f3f0453150"},{"element-6066-11e4-a52e-4f735466cecf":"85ebb021-6e03-4130-be9a-07974233fbbe"},{"element-6066-11e4-a52e-4f735466cecf":"94544cf9-a0e7-4a63-a2b4-637153b2bbeb"},{"element-6066-11e4-a52e-4f735466cecf":"05c3660a-d4b9-428e-8943-3f7b9ec15b9c"},{"element-6066-11e4-a52e-4f735466cecf":"e7d795e2-6c97-4b96-a627-fac3a3193df1"},{"element-6066-11e4-a52e-4f735466cecf":"ac4c90fc-2323-4d6b-adfe-163910eae8a7"},{"element-6066-11e4-a52e-4f735466cecf":"efdc5d4b-46d0-472e-b22b-08cd5a69a0bd"},{"element-6066-11e4-a52e-4f735466cecf":"6e97da3e-c1b0-45e7-8906-5980b621e7c4"},{"element-6066-11e4-a52e-4f735466cecf":"94b1647d-ec0b-45dc-b791-17eaa769845f"},{"element-6066-11e4-a52e-4f735466cecf":"e154bdb1-fbef-4e0f-a106-a608c930efb6"},{"element-6066-11e4-a52e-4f735466cecf":"01a5c158-6675-415e-a656-74f5619a6f30"},{"element-6066-11e4-a52e-4f735466cecf":"35f9d74c-c345-41be-bdd5-c838c6c621cc"},{"element-6066-11e4-a52e-4f735466cecf":"d196a76d-fdb9-4188-96e1-b40a148625c7"},{"element-6066-11e4-a52e-4f735466cecf":"a4a84298-643b-45c9-9ca7-1a7dd170f586"},{"element-6066-11e4-a52e-4f735466cecf":"b7752adc-a11c-4fd7-8345-004f3df893d9"},{"element-6066-11e4-a52e-4f735466cecf":"d260ddec-8631-4513-a3d3-d459dfb71dba"},{"element-6066-11e4-a52e-4f735466cecf":"c9749342-b559-43f5-a669-499d9de766a1"},{"element-6066-11e4-a52e-4f735466cecf":"2676bee5-6506-4b54-a8ce-9eb44614836f"},{"element-6066-11e4-a52e-4f735466cecf":"445107c0-b701-436b-a624-740779a71133"},{"element-6066-11e4-a52e-4f735466cecf":"b2eecb85-8911-4b35-b0d1-9b24f29ed8cd"},{"element-6066-11e4-a52e-4f735466cecf":"0ac77a36-f819-437b-a908-a144a336d464"},{"element-6066-11e4-a52e-4f735466cecf":"a1c3d655-c7ea-4917-8d21-f1624c55e23d"},{"element-6066-11e4-a52e-4f735466cecf":"b7ac9404-f29f-4e77-bb19-d7588258b68e"},{"element-6066-11e4-a52e-4f735466cecf":"bdbc8ecb-96f4-44fc-bdb4-3ee4a3e47e0c"},{"element-6066-11e4-a52e-4f735466cecf":"ee3ceff5-74a4-4eb1-8bda-270045ad0b45"},{"element-6066-11e4-a52e-4f735466cecf":"3e0fa115-a077-490f-8057-90b7d7ed7d54"},{"element-6066-11e4-a52e-4f735466cecf":"3f758bb3-ab49-4abc-af70-e6c3d20d49f0"},{"element-6066-11e4-a52e-4f735466cecf":"6851b9b4-0c67-4beb-8b0c-5b6684266de0"},{"element-6066-11e4-a52e-4f735466cecf":"88ad55c4-fba9-4c7f-9350-693c6f6bd655"},{"element-6066-11e4-a52e-4f735466cecf":"cc0f3a1b-5549-4b10-8e80-0f425e44ffba"},{"element-6066-11e4-a52e-4f735466cecf":"fef94354-c52b-4d37-8ae3-4c7b37743626"},{"element-6066-11e4-a52e-4f735466cecf":"5b40a512-e5df-4aeb-b8f3-125da2893466"},{"element-6066-11e4-a52e-4f735466cecf":"18ebafab-6af5-4f07-b4d6-81c1c129e1bb"},{"element-6066-11e4-a52e-4f735466cecf":"b8c48fe8-bea7-4537-8e5c-24899710b0ac"},{"element-6066-11e4-a52e-4f735466cecf":"ad9c8caa-5c6f-42d1-8fab-e081efcaf714"},{"element-6066-11e4-a52e-4f735466cecf":"1d9a1546-cc8f-457f-a1a1-612098cc2cfd"},{"element-6066-11e4-a52e-4f735466cecf":"da283e50-4a85-4e9a-aa65-9656028fef5d"},{"element-6066-11e4-a52e-4f735466cecf":"f9366912-1982-44c9-b38b-ab5be18d16e0"},{"element-6066-11e4-a52e-4f735466cecf":"c4f02cf8-0782-4847-ae91-88b0c9a805b0"},{"element-6066-11e4-a52e-4f735466cecf":"18e817f9-dd74-4e48-8c61-0036dcd766a9"},{"element-6066-11e4-a52e-4f735466cecf":"4a5d692e-c760-4886-bb5e-b66311ec8984"},{"element-6066-11e4-a52e-4f735466cecf":"742a267e-2e8c-4871-98f7-400a81cb7dfc"},{"element-6066-11e4-a52e-4f735466cecf":"ecec59b7-f205-4862-934a-879bde700a80"},{"element-6066-11e4-a52e-4f735466cecf":"b6b46a41-b4d9-41fe-bf32-81947f08dc7a"},{"element-6066-11e4-a52e-4f735466cecf":"81c87ed5-b474-426d-864a-0cb37da9813c"},{"element-6066-11e4-a52e-4f735466cecf":"fe6ab01e-677f-4ba3-b6a9-3aa1d2a642c6"},{"element-6066-11e4-a52e-4f735466cecf":"8d5963e2-489b-4cb3-8fc8-02c986d2ceb0"},{"element-6066-11e4-a52e-4f735466cecf":"6349a839-fe81-49cb-9ef5-3a15071cff12"},{"element-6066-11e4-a52e-4f735466cecf":"eae00238-93b3-4d53-b7af-96e3e7f085ca"},{"element-6066-11e4-a52e-4f735466cecf":"043df2e7-7bfb-44e9-bb1f-da61cd253423"},{"element-6066-11e4-a52e-4f735466cecf":"6af24842-663c-4a29-adce-6c717503dffa"},{"element-6066-11e4-a52e-4f735466cecf":"9d6f4491-6344-4e7e-a615-a778b89b478f"},{"element-6066-11e4-a52e-4f735466cecf":"b5d3204b-2235-4498-8348-f57badf47e5d"},{"element-6066-11e4-a52e-4f735466cecf":"05ec9d3a-797b-4509-b7ab-f46f1f8c40d4"},{"element-6066-11e4-a52e-4f735466cecf":"e6296eaa-ad21-4e33-960d-8cf6e2e8696b"},{"element-6066-11e4-a52e-4f735466cecf":"995cd88b-4671-41d1-8ab2-f60713900df1"},{"element-6066-11e4-a52e-4f735466cecf":"9d0f5a62-bd64-435e-a8d2-09b3307efd9a"},{"element-6066-11e4-a52e-4f735466cecf":"06976530-fbaf-4415-81f2-904e01bcf70f"},{"element-6066-11e4-a52e-4f735466cecf":"cf87ee5c-a8d4-450a-857c-13bf81f83859"},{"element-6066-11e4-a52e-4f735466cecf":"c69e99da-bd78-4b56-aca3-2c4f63c6bc56"},{"element-6066-11e4-a52e-4f735466cecf":"0b4908bc-3482-4474-8790-0fea44793b88"},{"element-6066-11e4-a52e-4f735466cecf":"4cc94bbd-8572-42e1-aa4b-0fa60f69f17d"},{"element-6066-11e4-a52e-4f735466cecf":"43cb5c29-380f-4905-9c08-22f962b3e3a2"},{"element-6066-11e4-a52e-4f735466cecf":"466084b9-7078-4809-8991-35961a18d53d"},{"element-6066-11e4-a52e-4f735466cecf":"7f4bc9fa-c8bb-4749-8f6f-4ea64e2f1f45"},{"element-6066-11e4-a52e-4f735466cecf":"a3e6241e-c991-4c52-948b-852b20613e71"},{"element-6066-11e4-a52e-4f735466cecf":"7a643f4a-84f7-49ff-b060-5329baae1632"},{"element-6066-11e4-a52e-4f735466cecf":"9dece5d0-603b-4357-a748-f9c0f8230f30"},{"element-6066-11e4-a52e-4f735466cecf":"fff56307-755c-4180-bf59-b41f73b970b5"},{"element-6066-11e4-a52e-4f735466cecf":"faf034bd-be2c-494a-9393-6bbeb349d49e"},{"element-6066-11e4-a52e-4f735466cecf":"317103d2-bc9b-4a6d-80b5-d84f98d3d6c9"},{"element-6066-11e4-a52e-4f735466cecf":"5ba70952-97e5-4d88-8d9b-74fd0b8b7936"},{"element-6066-11e4-a52e-4f735466cecf":"756f5c7c-45f6-419a-b487-631a27b84c20"},{"element-6066-11e4-a52e-4f735466cecf":"82941b08-dbdb-4599-b462-0dac51a3dd13"},{"element-6066-11e4-a52e-4f735466cecf":"14a24a3e-8114-451f-9fb2-f1c8c0282467"},{"element-6066-11e4-a52e-4f735466cecf":"cc7b9624-5de6-40da-bfbb-68d8ab74c07a"},{"element-6066-11e4-a52e-4f735466cecf":"2f7e884b-a0d5-493c-bc01-cb0c2af97d2e"},{"element-6066-11e4-a52e-4f735466cecf":"0b7e598e-8112-46ca-98e8-39d7cbf8f5a6"},{"element-6066-11e4-a52e-4f735466cecf":"f20c766b-1886-4393-a4e2-650924a1a452"},{"element-6066-11e4-a52e-4f735466cecf":"74422a8e-9770-4872-a9fb-e0a863bc29c7"},{"element-6066-11e4-a52e-4f735466cecf":"b7ab4bd2-fffa-4cc7-a304-668b7fecd65a"},{"element-6066-11e4-a52e-4f735466cecf":"97fa05a3-d2c3-4bd2-847d-b79e96d692cf"},{"element-6066-11e4-a52e-4f735466cecf":"db3e6324-23f4-4629-8870-cfc0fdb3c638"},{"element-6066-11e4-a52e-4f735466cecf":"dd3360b3-3bcf-47c5-966c-a6f195dae4ff"},{"element-6066-11e4-a52e-4f735466cecf":"587b9890-eacd-4c8a-b33f-6c9a9ff36728"},{"element-6066-11e4-a52e-4f735466cecf":"83d475af-07d2-46f5-a601-360424a43f4a"},{"element-6066-11e4-a52e-4f735466cecf":"19231ab2-c87b-4873-b31d-2684db1bceab"},{"element-6066-11e4-a52e-4f735466cecf":"17d5b661-6775-49ee-bf08-4e147de4623c"},{"element-6066-11e4-a52e-4f735466cecf":"4ab7a34f-094b-4ec9-bf00-e7a18ef26761"},{"element-6066-11e4-a52e-4f735466cecf":"af2c79d8-4cf1-4992-83cd-2dc92bdb8d42"},{"element-6066-11e4-a52e-4f735466cecf":"f6278dfb-5ff1-4d0a-8b2e-f89ef144f916"},{"element-6066-11e4-a52e-4f735466cecf":"66cc505e-989d-44a8-88c7-4cf51cfc9ba4"},{"element-6066-11e4-a52e-4f735466cecf":"e8184e53-d1be-464d-9fab-b64a5c33106f"},{"element-6066-11e4-a52e-4f735466cecf":"b5c545bd-bab9-4c30-8ced-0dc4b811d464"},{"element-6066-11e4-a52e-4f735466cecf":"59dd3ca5-e50f-4805-8515-154828c4c197"},{"element-6066-11e4-a52e-4f735466cecf":"19edfcce-3a87-418a-948f-4b25c31bc41d"},{"element-6066-11e4-a52e-4f735466cecf":"3de38e1f-cf28-4ab8-8713-75fe9824ce45"},{"element-6066-11e4-a52e-4f735466cecf":"adb1afee-3403-41f3-881e-50c9334ccdde"},{"element-6066-11e4-a52e-4f735466cecf":"e060c835-1258-444d-beec-8d9fc23b047b"},{"element-6066-11e4-a52e-4f735466cecf":"9e30694f-bed0-4d94-8ea8-babba2fc6a3c"},{"element-6066-11e4-a52e-4f735466cecf":"d6f6b285-2c51-4dba-a362-166916e41950"},{"element-6066-11e4-a52e-4f735466cecf":"061485f7-9554-45b1-912c-3b5a8cacc012"},{"element-6066-11e4-a52e-4f735466cecf":"b0d23c30-ed8b-4e35-8d7d-a741ecbaf8a7"},{"element-6066-11e4-a52e-4f735466cecf":"888004b3-d4a0-48e4-8629-09b7d6dbf2a5"},{"element-6066-11e4-a52e-4f735466cecf":"42e3571c-9ee1-43a2-82fa-5f0399f44630"},{"element-6066-11e4-a52e-4f735466cecf":"4522d2a3-6cf5-4f20-af85-72d0d65169f9"},{"element-6066-11e4-a52e-4f735466cecf":"0919f0f5-a444-4f04-8751-1424b33315f3"},{"element-6066-11e4-a52e-4f735466cecf":"a3648ac2-a56e-4b37-919d-c0308ebb488f"},{"element-6066-11e4-a52e-4f735466cecf":"7685e437-bbc6-4961-ba99-dac461bdc58e"},{"element-6066-11e4-a52e-4f735466cecf":"f5d3766f-f63d-4016-8a29-804bfe169ba5"},{"element-6066-11e4-a52e-4f735466cecf":"170a194f-c563-4bb8-887d-3a41f8f041a6"},{"element-6066-11e4-a52e-4f735466cecf":"d9d0124e-d4b2-492e-aa78-e67d11e1d2fb"},{"element-6066-11e4-a52e-4f735466cecf":"c693fa28-f3d5-451b-9982-fd8075c8cb04"},{"element-6066-11e4-a52e-4f735466cecf":"169b7c33-887c-4e6f-b0cf-020847755f79"},{"element-6066-11e4-a52e-4f735466cecf":"078d3c7e-d447-4663-a297-9e5593803587"},{"element-6066-11e4-a52e-4f735466cecf":"9f636672-2b47-41a8-a5e4-a5fa89bf788e"},{"element-6066-11e4-a52e-4f735466cecf":"513499a1-0296-4a55-82ad-a8d656213192"},{"element-6066-11e4-a52e-4f735466cecf":"665d050f-b002-4aa4-94e5-c629380e9525"},{"element-6066-11e4-a52e-4f735466cecf":"c346dbdd-d3ae-4c43-8fbb-d9326be9cfc0"},{"element-6066-11e4-a52e-4f735466cecf":"58f249f4-2e51-4c20-bada-31fa29ab1385"},{"element-6066-11e4-a52e-4f735466cecf":"45874517-9d1e-4bb9-bd3c-a9e59301a3ce"},{"element-6066-11e4-a52e-4f735466cecf":"7ab018f7-af4d-40e3-935a-30017614cc4c"},{"element-6066-11e4-a52e-4f735466cecf":"910c2696-b34f-4a7b-b701-5b4b050db931"},{"element-6066-11e4-a52e-4f735466cecf":"17ad2fe2-be93-439e-8c4f-81b78a215b33"},{"element-6066-11e4-a52e-4f735466cecf":"f9bdcd54-d68f-4996-86af-687e3b5c90dd"},{"element-6066-11e4-a52e-4f735466cecf":"aabac1e6-97bd-428a-8af2-0bda9ec0f268"},{"element-6066-11e4-a52e-4f735466cecf":"f0b254d7-2f3b-4913-a420-bceeb5d7843a"},{"element-6066-11e4-a52e-4f735466cecf":"38277734-0a9c-4ed0-907b-b9d3d378f172"},{"element-6066-11e4-a52e-4f735466cecf":"f4d65db7-9522-4f82-a181-1437dd09993c"},{"element-6066-11e4-a52e-4f735466cecf":"838c08a3-8f07-42ff-9245-72549682d896"},{"element-6066-11e4-a52e-4f735466cecf":"2c8182e3-e713-4565-bcab-f8a7c782bd0a"},{"element-6066-11e4-a52e-4f735466cecf":"cd4320e9-fe20-4037-bb2e-3e136c8a2202"},{"element-6066-11e4-a52e-4f735466cecf":"396cee50-b0c9-4525-a1a0-24f752659d52"},{"element-6066-11e4-a52e-4f735466cecf":"d387d3c6-d1ba-4abf-93ae-6875ef09d919"},{"element-6066-11e4-a52e-4f735466cecf":"7fa67834-a5eb-47c1-a5ab-25ded08f952f"},{"element-6066-11e4-a52e-4f735466cecf":"8fe204b0-7dbd-4dae-9ff8-830ac20929e0"},{"element-6066-11e4-a52e-4f735466cecf":"b9d3ec74-7695-4b68-9394-284ada713425"},{"element-6066-11e4-a52e-4f735466cecf":"f5a717fb-f5ee-459c-93a4-c0ba95c2148c"},{"element-6066-11e4-a52e-4f735466cecf":"fc3d7662-c2be-40b4-8b75-6de387923a1b"},{"element-6066-11e4-a52e-4f735466cecf":"965f7108-e263-46af-be08-d6f8897d338b"},{"element-6066-11e4-a52e-4f735466cecf":"8c34c010-1a43-4899-a27b-5f63a48ba95e"},{"element-6066-11e4-a52e-4f735466cecf":"e08ec25e-0d63-4d5e-8e95-87c88b52117f"},{"element-6066-11e4-a52e-4f735466cecf":"51e63354-a302-42ad-92c7-ecca6928968b"},{"element-6066-11e4-a52e-4f735466cecf":"e267354a-df26-43ca-839e-6896b077a326"},{"element-6066-11e4-a52e-4f735466cecf":"534d8277-a9a7-45a3-a6a1-ae259388ab14"},{"element-6066-11e4-a52e-4f735466cecf":"21aa7245-ff06-4df6-bf16-fbcd2c32be4d"},{"element-6066-11e4-a52e-4f735466cecf":"8efe5d21-7920-4db9-b46b-cc6123b9c99d"},{"element-6066-11e4-a52e-4f735466cecf":"d756a14e-79e0-4944-b133-44a8a00a1165"},{"element-6066-11e4-a52e-4f735466cecf":"7ac00381-d1ce-4f93-88b3-fa97115f418c"},{"element-6066-11e4-a52e-4f735466cecf":"f7ddaf72-930d-4890-979d-ef3c1321681d"},{"element-6066-11e4-a52e-4f735466cecf":"9eb4ad62-b9d8-4bc2-a2ce-c9480927b520"},{"element-6066-11e4-a52e-4f735466cecf":"a9ba2c6d-f727-4f32-bc87-64c6a52a5777"},{"element-6066-11e4-a52e-4f735466cecf":"824029c0-f31d-49f0-9689-93eb73ed68e8"},{"element-6066-11e4-a52e-4f735466cecf":"5861d640-c140-4b6a-adde-0d464c8dbd1f"},{"element-6066-11e4-a52e-4f735466cecf":"278915ec-c688-4efc-b07b-e25ca0c38092"},{"element-6066-11e4-a52e-4f735466cecf":"5cc1660a-8e61-400c-84a8-06f10ab914fa"},{"element-6066-11e4-a52e-4f735466cecf":"06350675-ee69-4183-98b1-4c5fb32f1168"},{"element-6066-11e4-a52e-4f735466cecf":"e553e1c0-96bb-46ce-a1a1-cda970e2ccec"},{"element-6066-11e4-a52e-4f735466cecf":"e898e48e-b4f3-4c17-a878-3e6ed2e1b49e"},{"element-6066-11e4-a52e-4f735466cecf":"7ca92c32-f82a-439d-90a5-ccfdb65f0463"},{"element-6066-11e4-a52e-4f735466cecf":"846265d3-2e86-4bcd-bd58-9f2b075bc5bc"},{"element-6066-11e4-a52e-4f735466cecf":"084c6094-6e1e-422f-9542-782ae00701e1"},{"element-6066-11e4-a52e-4f735466cecf":"27dd2e17-c690-4e21-9cff-b2e865774094"},{"element-6066-11e4-a52e-4f735466cecf":"e19f5243-a5d1-47ab-ae2b-0f4576aec8c7"},{"element-6066-11e4-a52e-4f735466cecf":"dc6f9032-ee42-4c90-bbef-a61b76ecda18"},{"element-6066-11e4-a52e-4f735466cecf":"c5d497e6-7534-4789-ab68-df2abb8bc49f"},{"element-6066-11e4-a52e-4f735466cecf":"c10ec3fc-63fe-4675-8d05-3ec1b506d2ae"},{"element-6066-11e4-a52e-4f735466cecf":"ccd26ba5-5a5c-4724-b89a-f7518fab562e"},{"element-6066-11e4-a52e-4f735466cecf":"fdeb19c6-7628-4085-be39-7b1ce65f45e2"},{"element-6066-11e4-a52e-4f735466cecf":"2925f910-bf73-4c2d-aa9a-6206243a3b0c"},{"element-6066-11e4-a52e-4f735466cecf":"b212ef64-176c-45f4-8b1b-656c9081dc3d"},{"element-6066-11e4-a52e-4f735466cecf":"7e661407-2170-4f61-8837-ac6f6718fa72"},{"element-6066-11e4-a52e-4f735466cecf":"1084f8d3-a247-4e88-8d20-833679e737e4"},{"element-6066-11e4-a52e-4f735466cecf":"02a2a408-cc45-42ed-a81f-675b8ced6845"},{"element-6066-11e4-a52e-4f735466cecf":"9015143f-3078-4b8b-bc15-c989a6001a00"},{"element-6066-11e4-a52e-4f735466cecf":"7a57d77a-f794-4a02-981d-8346ba5363d8"},{"element-6066-11e4-a52e-4f735466cecf":"54a0ed5a-a630-4849-ba54-a803b211a6cf"},{"element-6066-11e4-a52e-4f735466cecf":"c99d5027-7f60-49b0-982f-bb149d37679a"},{"element-6066-11e4-a52e-4f735466cecf":"6330e5ca-abe6-480f-9485-a70eab381537"},{"element-6066-11e4-a52e-4f735466cecf":"d898829e-b36b-4312-a5e4-f96cc432cbba"},{"element-6066-11e4-a52e-4f735466cecf":"c49e5853-0efc-48bc-bdec-9845280af013"},{"element-6066-11e4-a52e-4f735466cecf":"d531aa24-796a-43bd-887c-a1f47c969e32"},{"element-6066-11e4-a52e-4f735466cecf":"bb81c772-0d87-466a-9b20-f0e24de3394d"},{"element-6066-11e4-a52e-4f735466cecf":"a1178a2f-fdb4-46e5-a214-1679ce7b4f0e"},{"element-6066-11e4-a52e-4f735466cecf":"d526eee8-fc89-4865-b5a8-dd4676939b2f"},{"element-6066-11e4-a52e-4f735466cecf":"61efa8e3-767c-4b47-8498-6516eac9c9db"},{"element-6066-11e4-a52e-4f735466cecf":"7f0ce6c7-8693-47d7-a2fe-aee2793aebf0"},{"element-6066-11e4-a52e-4f735466cecf":"2e29cca0-3635-4487-a957-32222f44abad"},{"element-6066-11e4-a52e-4f735466cecf":"dcd4b59e-3209-4aad-b779-3d059807ae16"},{"element-6066-11e4-a52e-4f735466cecf":"2e303996-97de-4abc-b878-0235474e6b74"},{"element-6066-11e4-a52e-4f735466cecf":"0edac44a-57a0-4d65-827d-37abc2b5ca61"},{"element-6066-11e4-a52e-4f735466cecf":"072a62ee-82fd-491b-81c3-d64937d4a2b0"},{"element-6066-11e4-a52e-4f735466cecf":"e87db74a-3605-4f71-be67-fd54562a15fe"},{"element-6066-11e4-a52e-4f735466cecf":"a2904f2a-4bb7-4141-83b9-d0bbc59fcc86"},{"element-6066-11e4-a52e-4f735466cecf":"709c5301-2c26-472a-be08-e55a1fa975b6"},{"element-6066-11e4-a52e-4f735466cecf":"0391e74f-ce1c-45e1-8f0c-123eb82f7a3b"},{"element-6066-11e4-a52e-4f735466cecf":"20729adb-5bdd-4084-a3e6-28b1b0b5ea97"},{"element-6066-11e4-a52e-4f735466cecf":"c0f23cfa-75eb-4667-b748-e298460b77d0"},{"element-6066-11e4-a52e-4f735466cecf":"2168781b-e11f-4c2b-9bb6-4b9dd45cf1f5"},{"element-6066-11e4-a52e-4f735466cecf":"a23f6dc4-d62a-4df3-91a5-210692014e48"},{"element-6066-11e4-a52e-4f735466cecf":"22ce05bb-7659-4cb9-9769-add62711d9f7"},{"element-6066-11e4-a52e-4f735466cecf":"e8e64b0d-eb34-4bdc-b512-7096d172d93f"},{"element-6066-11e4-a52e-4f735466cecf":"32ca5efb-c0c2-4ae6-b767-7bb325eabb68"},{"element-6066-11e4-a52e-4f735466cecf":"87e616cd-80c0-402d-aa92-d8a0de169fb6"},{"element-6066-11e4-a52e-4f735466cecf":"f7ef3c01-c79c-44a4-8c8f-b251e20026fa"},{"element-6066-11e4-a52e-4f735466cecf":"e427788c-9e58-4bff-9b81-5089d2945d4a"},{"element-6066-11e4-a52e-4f735466cecf":"5a2e248c-2de1-44e3-b1e9-d209c1650d85"},{"element-6066-11e4-a52e-4f735466cecf":"075b2c48-b7ff-42ed-b0e9-1706d553006c"},{"element-6066-11e4-a52e-4f735466cecf":"fbceda76-e1f6-4f5e-a7a1-ec4ff32b2ff5"},{"element-6066-11e4-a52e-4f735466cecf":"2ab526ba-47a8-49cc-ae0f-b0b97a9aa833"},{"element-6066-11e4-a52e-4f735466cecf":"cf84d334-f3fb-45ad-8fd0-c3cb5f0f222a"},{"element-6066-11e4-a52e-4f735466cecf":"f687cc9d-5045-4825-b430-dda07824f623"},{"element-6066-11e4-a52e-4f735466cecf":"98b7b01a-0219-42ce-a3da-d8fda88dad9e"},{"element-6066-11e4-a52e-4f735466cecf":"97cea48f-2ac9-4950-aa95-3a6d1ef51cb9"},{"element-6066-11e4-a52e-4f735466cecf":"beb428d5-c50e-40b2-9bcb-7d9e58569930"},{"element-6066-11e4-a52e-4f735466cecf":"b581b93e-d1a1-4a1b-85e8-fcfd890a73ec"},{"element-6066-11e4-a52e-4f735466cecf":"93865449-e1d7-4a7e-b5af-585a01d4591e"},{"element-6066-11e4-a52e-4f735466cecf":"79932516-3464-4845-b925-e05257f40834"},{"element-6066-11e4-a52e-4f735466cecf":"ce5abce9-069a-42f8-9e64-c2fac4a0e051"},{"element-6066-11e4-a52e-4f735466cecf":"4a185b6e-8177-45cc-8ceb-936db2158742"},{"element-6066-11e4-a52e-4f735466cecf":"064f25ca-26f4-4b62-bcbd-a8054a263ff7"},{"element-6066-11e4-a52e-4f735466cecf":"c0f2aea5-176e-4df8-a238-5b9ad7be8f25"},{"element-6066-11e4-a52e-4f735466cecf":"a0f94dba-f382-47b0-a184-c26ff12e22ff"},{"element-6066-11e4-a52e-4f735466cecf":"cdb31320-13ef-4e2c-9997-1cd2c6639c6d"},{"element-6066-11e4-a52e-4f735466cecf":"6cc9bba7-b432-41d6-ab35-98dca9fd860d"},{"element-6066-11e4-a52e-4f735466cecf":"e82995bd-443d-4b6c-b225-e223f287eb53"},{"element-6066-11e4-a52e-4f735466cecf":"56d12d56-0702-4298-a551-0ec8a7e1bd28"},{"element-6066-11e4-a52e-4f735466cecf":"c98ca03a-aa9c-436e-ae18-26378cae5442"},{"element-6066-11e4-a52e-4f735466cecf":"aa75369d-2160-4773-b734-c79ab68b8cd5"},{"element-6066-11e4-a52e-4f735466cecf":"31544cf1-7eb0-47ad-9227-cb87d67f7c4f"},{"element-6066-11e4-a52e-4f735466cecf":"bcd4ac55-08ec-4d65-a600-701b6ca91abb"},{"element-6066-11e4-a52e-4f735466cecf":"adc56fd0-4ca1-453c-8f51-8bb39ab6bab0"},{"element-6066-11e4-a52e-4f735466cecf":"4936cf53-b716-432c-8088-b4dc15e2abc6"},{"element-6066-11e4-a52e-4f735466cecf":"28224364-a6d7-41f5-9cda-d2fceb42f48d"},{"element-6066-11e4-a52e-4f735466cecf":"81a8f5b8-0fa0-4f57-8f84-b4aac51077a3"},{"element-6066-11e4-a52e-4f735466cecf":"de9901e7-9a8c-481c-838c-92051baa3222"},{"element-6066-11e4-a52e-4f735466cecf":"e560d596-ffe7-4471-8854-040f2e84633a"},{"element-6066-11e4-a52e-4f735466cecf":"c4d389e1-3e0a-415e-9286-ca7bbbde972a"},{"element-6066-11e4-a52e-4f735466cecf":"42d69238-d8d5-41dd-863b-99d7d1135ae1"},{"element-6066-11e4-a52e-4f735466cecf":"e4ef0d40-16cb-4426-8ca0-997cf550db1f"},{"element-6066-11e4-a52e-4f735466cecf":"42b8ff46-2ad3-4067-82ec-03e5ce5feb92"},{"element-6066-11e4-a52e-4f735466cecf":"2049f092-4369-44f8-986b-c3045e7ec2ad"},{"element-6066-11e4-a52e-4f735466cecf":"8f2be984-218a-4184-a166-631e900d23e5"},{"element-6066-11e4-a52e-4f735466cecf":"318feb8c-9aaf-4371-bde6-5fbbc892e087"},{"element-6066-11e4-a52e-4f735466cecf":"0fe439fb-149d-484c-8c56-8cab649aec77"},{"element-6066-11e4-a52e-4f735466cecf":"0967aa7d-398d-4f8f-a14f-5de593f44a0c"},{"element-6066-11e4-a52e-4f735466cecf":"8ca0b0b7-b07f-4190-bc75-2f20191d568d"},{"element-6066-11e4-a52e-4f735466cecf":"35aa0f93-e50f-4f22-bae0-7cbf91647a41"},{"element-6066-11e4-a52e-4f735466cecf":"be6dc623-6ae9-4d73-9c15-9779196f0094"},{"element-6066-11e4-a52e-4f735466cecf":"f91a36f5-4293-42c7-ae27-99287cef3ea7"},{"element-6066-11e4-a52e-4f735466cecf":"c2b82edc-82c7-41bb-9f2f-93fb4751084a"},{"element-6066-11e4-a52e-4f735466cecf":"850deed4-da90-46eb-b0c4-019e985bbc42"},{"element-6066-11e4-a52e-4f735466cecf":"d2a58994-391d-4b22-a249-8670ab9dd227"},{"element-6066-11e4-a52e-4f735466cecf":"ea510f0b-f765-486c-a845-6a51d8f51cd9"},{"element-6066-11e4-a52e-4f735466cecf":"f51c7498-869c-42b4-96a6-e9e64c32b97a"},{"element-6066-11e4-a52e-4f735466cecf":"0e87844b-9d48-4b45-90ca-b9b7992e48ec"},{"element-6066-11e4-a52e-4f735466cecf":"94eaba0d-624d-4641-b190-01f29933e514"},{"element-6066-11e4-a52e-4f735466cecf":"34539da7-41e7-4e19-8197-b927a34ceeaa"},{"element-6066-11e4-a52e-4f735466cecf":"c0d56bf1-ccf0-4439-b0e5-f1a124b913af"},{"element-6066-11e4-a52e-4f735466cecf":"c4328e9b-9b08-4bd5-9744-b459de07d617"},{"element-6066-11e4-a52e-4f735466cecf":"23d6a28a-00b6-485b-8397-f7451f55c386"},{"element-6066-11e4-a52e-4f735466cecf":"d5100c98-dd37-4d25-9cca-72f6244a237b"},{"element-6066-11e4-a52e-4f735466cecf":"d8ce6e60-4dcb-40c0-8076-20083d755fc8"},{"element-6066-11e4-a52e-4f735466cecf":"12287ff3-a75a-4b9b-a7ec-ded4acbf855e"},{"element-6066-11e4-a52e-4f735466cecf":"cf41c5bf-5d4f-4f98-aebf-a78a51a3b33d"},{"element-6066-11e4-a52e-4f735466cecf":"dea2d5b7-b93f-4744-8095-2820b1f4fe37"},{"element-6066-11e4-a52e-4f735466cecf":"a1184378-37f9-4e97-b797-39e4b7dc59d4"},{"element-6066-11e4-a52e-4f735466cecf":"be379b50-8f8d-4f68-ad84-43b7a2e92436"},{"element-6066-11e4-a52e-4f735466cecf":"b2bbbe43-d60a-4ebd-a919-24443d6f5aae"},{"element-6066-11e4-a52e-4f735466cecf":"33aa7a2d-7d24-4b3e-a565-b91968959871"},{"element-6066-11e4-a52e-4f735466cecf":"91b86264-db9d-4edc-96a1-34bb41998b1b"},{"element-6066-11e4-a52e-4f735466cecf":"edd27148-290b-46b4-9dd7-1d4405f73186"},{"element-6066-11e4-a52e-4f735466cecf":"251e10c8-9341-4f4a-a87c-e4abca67e7a5"},{"element-6066-11e4-a52e-4f735466cecf":"e78f44dd-6db7-4ce2-8f05-73adaa529b98"},{"element-6066-11e4-a52e-4f735466cecf":"505046c8-fae8-4da2-8ef7-863ddd3a20b4"},{"element-6066-11e4-a52e-4f735466cecf":"b3593e94-ae57-47d5-8547-911d6fa45e44"},{"element-6066-11e4-a52e-4f735466cecf":"8aa8cf78-16bd-4ed8-80ce-02fd01293808"},{"element-6066-11e4-a52e-4f735466cecf":"7ff20f56-a01a-4beb-8563-a0eb082be21d"},{"element-6066-11e4-a52e-4f735466cecf":"6213fa6a-a69b-4a37-abce-24e5b5064e98"},{"element-6066-11e4-a52e-4f735466cecf":"27216ff5-50fc-41ec-8fb3-9a6d2622805c"},{"element-6066-11e4-a52e-4f735466cecf":"334a86d7-fcbf-427b-b77c-543c0d332615"},{"element-6066-11e4-a52e-4f735466cecf":"8b70c9ce-81e4-44d3-9264-d4949360833a"},{"element-6066-11e4-a52e-4f735466cecf":"8bb073a2-6a93-4361-904f-abf13f1882f1"},{"element-6066-11e4-a52e-4f735466cecf":"87ad8bad-6c18-4b00-970d-afb066739765"},{"element-6066-11e4-a52e-4f735466cecf":"748185b7-1ef4-4536-bb08-f56c1b43811a"},{"element-6066-11e4-a52e-4f735466cecf":"30513595-839b-4732-bea9-b0c2fa2e76ce"},{"element-6066-11e4-a52e-4f735466cecf":"4c754217-1eba-46da-be15-014232d7fe3d"},{"element-6066-11e4-a52e-4f735466cecf":"aa8a683b-4896-4df1-b8f1-1e51813fd6be"},{"element-6066-11e4-a52e-4f735466cecf":"c3b4cf21-5348-4366-9939-c0cf6cf304d7"},{"element-6066-11e4-a52e-4f735466cecf":"f176e7d0-0d02-4c6c-9e6c-1e35cc5a5573"},{"element-6066-11e4-a52e-4f735466cecf":"dc1d26d1-7d7f-40d3-ab52-7e07bc82d536"},{"element-6066-11e4-a52e-4f735466cecf":"a1a715d9-1f23-4a61-9f52-083e8a32a4b0"},{"element-6066-11e4-a52e-4f735466cecf":"23101ec5-4fa5-437f-81b1-faf92994f302"},{"element-6066-11e4-a52e-4f735466cecf":"63aa1516-93c7-4101-a215-1c58d92bdf5e"},{"element-6066-11e4-a52e-4f735466cecf":"76af303d-7d4a-42a1-99cb-259e05192b68"},{"element-6066-11e4-a52e-4f735466cecf":"4e4e2980-e4ba-4bd5-8f5e-76a8181cc350"},{"element-6066-11e4-a52e-4f735466cecf":"d55ab6da-74b5-45d3-995c-3471e0f9b1de"},{"element-6066-11e4-a52e-4f735466cecf":"ca997212-5197-4761-a86c-71082045099c"},{"element-6066-11e4-a52e-4f735466cecf":"816c9f82-6667-4a6e-9e17-5f97c01e2732"},{"element-6066-11e4-a52e-4f735466cecf":"18c3c1b0-f0f4-4f31-b031-c12a8c84ba9f"},{"element-6066-11e4-a52e-4f735466cecf":"12981453-bee5-4605-a034-db0ad228a724"},{"element-6066-11e4-a52e-4f735466cecf":"4033b477-f532-4afa-b8d6-01f760e478e5"},{"element-6066-11e4-a52e-4f735466cecf":"d790a57f-ab23-4f35-81ad-203b7a23cb7c"},{"element-6066-11e4-a52e-4f735466cecf":"9b1c3b7c-2964-4852-af98-cfa848f78974"},{"element-6066-11e4-a52e-4f735466cecf":"f3f3abbf-eaf4-4acb-a917-89aee2560d35"},{"element-6066-11e4-a52e-4f735466cecf":"3448c6f4-4a2e-4a60-93d3-19a6ba56d96c"},{"element-6066-11e4-a52e-4f735466cecf":"ac73698b-a881-4f97-855e-b8b193f2ab01"},{"element-6066-11e4-a52e-4f735466cecf":"f0e5e166-e7a8-4d5b-9383-f1ca10bbc124"},{"element-6066-11e4-a52e-4f735466cecf":"b4bbaedf-49fa-401b-b86e-b59433371014"},{"element-6066-11e4-a52e-4f735466cecf":"4ed084b1-b8dd-4da7-a7d2-8db71e5c532d"},{"element-6066-11e4-a52e-4f735466cecf":"0e3550a5-2519-490d-b308-c93ae45bf0f1"},{"element-6066-11e4-a52e-4f735466cecf":"f3b2d091-70a0-47b8-91dd-fe4c5fd2af1c"},{"element-6066-11e4-a52e-4f735466cecf":"0f76bcf6-796c-46c2-b9c7-5d615a1228d6"},{"element-6066-11e4-a52e-4f735466cecf":"289ec74f-8201-4faa-9371-df263c56bcf1"},{"element-6066-11e4-a52e-4f735466cecf":"e63da7c8-b325-484d-83ac-783d337960f2"},{"element-6066-11e4-a52e-4f735466cecf":"2a1b15a0-37ee-438c-b345-c6ce6d57783e"},{"element-6066-11e4-a52e-4f735466cecf":"0dad6cdc-4e34-42bc-970a-01d6e074c76f"},{"element-6066-11e4-a52e-4f735466cecf":"c45f20ed-7940-4236-8eef-bb380c0e0016"},{"element-6066-11e4-a52e-4f735466cecf":"4ec08905-37ac-4a60-9290-c0809a178ff1"},{"element-6066-11e4-a52e-4f735466cecf":"e1bad4f8-4d4f-4b52-a040-1adbd9b64c82"},{"element-6066-11e4-a52e-4f735466cecf":"1c0ea0b0-e159-4bcb-89d6-6e05e8fa3e5e"},{"element-6066-11e4-a52e-4f735466cecf":"bc3c27f4-071a-4805-88fe-098c1ccd91b0"},{"element-6066-11e4-a52e-4f735466cecf":"206a2f14-459a-4ee3-b592-b76ffbf79e3a"},{"element-6066-11e4-a52e-4f735466cecf":"278ace5d-3f5d-47bf-b530-d8b6956dcc8e"},{"element-6066-11e4-a52e-4f735466cecf":"3e1f5d0a-e665-40e8-ae20-5c2c6d12adfc"},{"element-6066-11e4-a52e-4f735466cecf":"3f5e499c-e4c8-4cb0-a47e-2670babfdbf8"},{"element-6066-11e4-a52e-4f735466cecf":"13d17a77-707e-494c-9e1f-f85c9ca637af"},{"element-6066-11e4-a52e-4f735466cecf":"db9566ff-c138-4f3e-9625-f00cbafa7271"},{"element-6066-11e4-a52e-4f735466cecf":"2e82225e-1687-4b84-abe9-f1a4ad458974"},{"element-6066-11e4-a52e-4f735466cecf":"b4f05367-9b08-4b52-811e-db7036a3a0c7"},{"element-6066-11e4-a52e-4f735466cecf":"57f870cf-d353-490d-b466-123915a7853a"},{"element-6066-11e4-a52e-4f735466cecf":"83b5a193-bd0d-45b8-8aea-6677b3fffc6e"},{"element-6066-11e4-a52e-4f735466cecf":"059fcc58-bd44-4d37-a8d8-b08490a6a444"},{"element-6066-11e4-a52e-4f735466cecf":"735f1e43-4732-4e3c-9300-df1d31e5d139"},{"element-6066-11e4-a52e-4f735466cecf":"5345d427-dc65-4736-8baa-94b1c2806f2e"},{"element-6066-11e4-a52e-4f735466cecf":"00dd9535-29a1-4b2f-aece-4aeb6452ecc1"},{"element-6066-11e4-a52e-4f735466cecf":"83ab1195-6a78-4c5b-9674-98fdfc1d3657"},{"element-6066-11e4-a52e-4f735466cecf":"a6b729d9-ae73-4bfd-a9bc-78ca2eee88ef"},{"element-6066-11e4-a52e-4f735466cecf":"d2f10f31-283b-4aa3-ad6e-63be9846bf0c"},{"element-6066-11e4-a52e-4f735466cecf":"54da72c1-b3ad-41b8-b7ef-2ee9bbf2e8d8"},{"element-6066-11e4-a52e-4f735466cecf":"bef07628-fd4d-4eec-ad78-de5e1055a28e"},{"element-6066-11e4-a52e-4f735466cecf":"36b37c02-3206-444b-aa80-5f8e76f692e9"},{"element-6066-11e4-a52e-4f735466cecf":"eb8a67e4-4843-4d13-985e-585114058e4d"},{"element-6066-11e4-a52e-4f735466cecf":"1af87631-d1de-4eb0-b09d-719df402c65f"},{"element-6066-11e4-a52e-4f735466cecf":"4ac3d7aa-b87a-483b-8a68-725814a1e285"},{"element-6066-11e4-a52e-4f735466cecf":"5585a49d-0033-4f5c-90c6-d8c0b63bc4d2"},{"element-6066-11e4-a52e-4f735466cecf":"fbb39aad-ebbc-4c11-acb4-913ae8ca50ca"},{"element-6066-11e4-a52e-4f735466cecf":"b6ee1832-9712-4277-babe-e385ab9e310e"},{"element-6066-11e4-a52e-4f735466cecf":"81a7cca6-f5ee-49ff-86d8-4645c7efab3c"},{"element-6066-11e4-a52e-4f735466cecf":"ab36895d-e088-4881-9c5d-7829e522d9fd"},{"element-6066-11e4-a52e-4f735466cecf":"40b3d0cf-3628-48c0-a10e-a19ba4b1e9a4"},{"element-6066-11e4-a52e-4f735466cecf":"86d513bd-82ea-4f9b-a360-b663b743264c"},{"element-6066-11e4-a52e-4f735466cecf":"375881f2-d0a7-438d-8f73-9e5a8f88ba3f"},{"element-6066-11e4-a52e-4f735466cecf":"fb81b72f-bb49-485e-a1db-c4d04b784345"},{"element-6066-11e4-a52e-4f735466cecf":"27ec70ce-94b9-4e4e-8faf-d319b9a1df2e"},{"element-6066-11e4-a52e-4f735466cecf":"c33cd7af-0592-4368-a801-af4c3e5d4628"},{"element-6066-11e4-a52e-4f735466cecf":"17a96b19-06fa-444d-992d-7447f49fbf86"},{"element-6066-11e4-a52e-4f735466cecf":"373d15b3-1688-46d1-9e47-229227548043"},{"element-6066-11e4-a52e-4f735466cecf":"e1cc34a8-1311-4dfb-bc14-657cd91dac02"},{"element-6066-11e4-a52e-4f735466cecf":"f8fa904f-b49b-4d25-b339-afc865a037d5"},{"element-6066-11e4-a52e-4f735466cecf":"4ca55579-0d12-47c0-8630-10a4be1dcd86"},{"element-6066-11e4-a52e-4f735466cecf":"f6c1781f-7907-41d6-b337-6107c26b005c"},{"element-6066-11e4-a52e-4f735466cecf":"0380cf1c-c907-4ba4-bfc7-2e945784dd9e"},{"element-6066-11e4-a52e-4f735466cecf":"9f9ab5c3-cba0-4090-88c7-48b6e0caf330"},{"element-6066-11e4-a52e-4f735466cecf":"7bf81149-4f39-4925-a432-6aeaa6dc94d0"},{"element-6066-11e4-a52e-4f735466cecf":"159c34fb-3c38-4864-9d20-986b33d7bb3b"},{"element-6066-11e4-a52e-4f735466cecf":"084277f4-dc8b-47d8-b61a-99bcf39476a0"},{"element-6066-11e4-a52e-4f735466cecf":"61693268-250b-43a5-b8d6-33e15282dba2"},{"element-6066-11e4-a52e-4f735466cecf":"cb321706-7b4d-4ae1-87b7-3d7b7beec52b"},{"element-6066-11e4-a52e-4f735466cecf":"0739d580-7a74-41a5-abad-aa9e3fb9d1ce"},{"element-6066-11e4-a52e-4f735466cecf":"b96401f8-bffe-4bc5-af1f-86549b0a4f4b"},{"element-6066-11e4-a52e-4f735466cecf":"155b39b4-5141-4101-a307-0a2f16912ad6"},{"element-6066-11e4-a52e-4f735466cecf":"7115e8fa-659b-40bb-b01a-6125950a3497"},{"element-6066-11e4-a52e-4f735466cecf":"9de3623c-9ae7-43db-9678-612219f8dfa0"},{"element-6066-11e4-a52e-4f735466cecf":"e44834b7-e55f-4000-94b4-95d641be14a0"},{"element-6066-11e4-a52e-4f735466cecf":"dfee8975-2de3-4997-a81a-1f55f3e0d9e2"},{"element-6066-11e4-a52e-4f735466cecf":"4420b60f-9737-4f24-858f-6fb1726cf7bb"},{"element-6066-11e4-a52e-4f735466cecf":"1a936a82-57d2-41b0-860c-42caaf3c182d"},{"element-6066-11e4-a52e-4f735466cecf":"0dbf1430-996a-40f9-ada6-7fd55b20cde0"},{"element-6066-11e4-a52e-4f735466cecf":"22b198e2-bf4d-4dfb-b3e1-a334b067c15f"},{"element-6066-11e4-a52e-4f735466cecf":"15be07e8-05e5-4e4d-976c-4b215cf7c215"},{"element-6066-11e4-a52e-4f735466cecf":"06f53909-563b-45bf-891a-457a33a7e637"},{"element-6066-11e4-a52e-4f735466cecf":"e1000e6f-e174-4954-bf6b-4955ed0a1313"},{"element-6066-11e4-a52e-4f735466cecf":"6f5c377c-c64f-48af-9288-a3256565a8c7"},{"element-6066-11e4-a52e-4f735466cecf":"436adc9b-2ccd-49a4-881d-73809b3eb15f"},{"element-6066-11e4-a52e-4f735466cecf":"7834f33c-de27-4009-bfe9-33102a5306a9"},{"element-6066-11e4-a52e-4f735466cecf":"0f36e3c2-3c11-45c9-bace-f1cf1a1ee3fc"},{"element-6066-11e4-a52e-4f735466cecf":"576aef58-f3e3-4a50-8c42-d1f23138a4ae"},{"element-6066-11e4-a52e-4f735466cecf":"c6b366aa-fecd-4408-af12-9cbac58e7875"},{"element-6066-11e4-a52e-4f735466cecf":"e37e1a5b-dc49-43e4-b754-48e51e56c99e"},{"element-6066-11e4-a52e-4f735466cecf":"87ebe2e4-d1ac-4a46-85bc-9cc452b3bc34"},{"element-6066-11e4-a52e-4f735466cecf":"5f47e248-3303-4b93-8bb6-3019076340a1"},{"element-6066-11e4-a52e-4f735466cecf":"0bcefffd-3ded-4a0b-9748-741b69365b3e"},{"element-6066-11e4-a52e-4f735466cecf":"18341844-cbfd-4707-afcd-7b8929121e07"},{"element-6066-11e4-a52e-4f735466cecf":"cc86c1c3-f2b8-474d-99b1-c1283650c3b9"},{"element-6066-11e4-a52e-4f735466cecf":"35f60c14-5471-4ca5-99f9-8b3e56b59887"},{"element-6066-11e4-a52e-4f735466cecf":"8ff8fe25-44ea-49dd-bfbe-53cfeb0aab18"},{"element-6066-11e4-a52e-4f735466cecf":"3a5b1c8b-1a97-42a2-af3e-4e38ce417eaa"},{"element-6066-11e4-a52e-4f735466cecf":"059d2975-8c2c-4e1d-896e-03371b9391a0"},{"element-6066-11e4-a52e-4f735466cecf":"cd74310b-f0c5-4827-9ec4-eeaf5953ca88"},{"element-6066-11e4-a52e-4f735466cecf":"a2e192e7-2fe0-4d2e-81ba-9ae7aaf7554c"},{"element-6066-11e4-a52e-4f735466cecf":"88c1a0e8-fac6-44f7-8b26-5cda7feb42fa"},{"element-6066-11e4-a52e-4f735466cecf":"bf1786e0-562a-464c-ab4f-f0e2a0a28fed"},{"element-6066-11e4-a52e-4f735466cecf":"8301023f-fe81-4c77-957b-1ae01894dbc5"},{"element-6066-11e4-a52e-4f735466cecf":"208ce6bf-7550-4ac4-b400-aa6218d6494f"},{"element-6066-11e4-a52e-4f735466cecf":"14c96055-5357-451d-aba3-12539de48914"},{"element-6066-11e4-a52e-4f735466cecf":"c6f20f48-492d-4e56-80f8-df21fa4e9c08"},{"element-6066-11e4-a52e-4f735466cecf":"36987c60-6c89-436d-850a-78a12db80513"},{"element-6066-11e4-a52e-4f735466cecf":"3e8466d6-0b0a-4ca2-8cf4-855aca57f36f"},{"element-6066-11e4-a52e-4f735466cecf":"28f63183-b8eb-4697-9e51-78025c3aa644"},{"element-6066-11e4-a52e-4f735466cecf":"6c270dcd-c222-4ba9-95b9-50bf99337799"},{"element-6066-11e4-a52e-4f735466cecf":"1b1cab72-c250-4265-bf77-fad4fd01aceb"},{"element-6066-11e4-a52e-4f735466cecf":"fa138c3d-a33c-4bd9-a3c0-0c003acb8033"},{"element-6066-11e4-a52e-4f735466cecf":"dcb8140e-f98e-42b4-94ae-9ad4c7f4e2fb"},{"element-6066-11e4-a52e-4f735466cecf":"bc668ac4-d57a-43e2-ab6e-3d52068e1dca"},{"element-6066-11e4-a52e-4f735466cecf":"abc5956e-b446-4fe0-94f4-a40d4f0dfff4"},{"element-6066-11e4-a52e-4f735466cecf":"7c94a6e6-15d8-4f6e-873b-7967549a305d"},{"element-6066-11e4-a52e-4f735466cecf":"509a236a-8874-4b4b-b307-4bdb9eea6950"},{"element-6066-11e4-a52e-4f735466cecf":"2e67d27b-3760-4bcd-bbb4-eb25a49c55e6"},{"element-6066-11e4-a52e-4f735466cecf":"725a52d3-4362-4731-9e56-48f1367d8152"},{"element-6066-11e4-a52e-4f735466cecf":"103f71be-f5c6-4849-927e-ea713fdfc6e1"},{"element-6066-11e4-a52e-4f735466cecf":"ed469025-650d-43a0-9df6-aed6b1f44542"},{"element-6066-11e4-a52e-4f735466cecf":"7ba85976-2108-408f-815b-a50502eb9b9e"},{"element-6066-11e4-a52e-4f735466cecf":"2f5bbc9f-40df-45a3-b6f0-032639e2224b"},{"element-6066-11e4-a52e-4f735466cecf":"8841394e-01e8-4b29-ba2c-fdc696a17321"},{"element-6066-11e4-a52e-4f735466cecf":"152a1b9c-960c-451c-b3ad-c5e575a265ae"},{"element-6066-11e4-a52e-4f735466cecf":"bcddb6ab-d53f-4886-80c8-bc914d7476f4"},{"element-6066-11e4-a52e-4f735466cecf":"a247c2df-ba44-4d3a-aa28-e218f6da3ca8"},{"element-6066-11e4-a52e-4f735466cecf":"5251d961-bbea-46d4-afc9-946f990bc8d3"},{"element-6066-11e4-a52e-4f735466cecf":"38708aba-5c48-4dc4-b043-ce272277f0c2"},{"element-6066-11e4-a52e-4f735466cecf":"63c541c5-ccfc-4d0a-8a65-4dee9bdda824"},{"element-6066-11e4-a52e-4f735466cecf":"e2e83c46-d20d-4e28-b98b-e06e2302cb68"},{"element-6066-11e4-a52e-4f735466cecf":"ac6df248-87cd-4540-a42a-af15fa0a6daf"},{"element-6066-11e4-a52e-4f735466cecf":"a80934bb-4f72-45d8-90e6-0eeb97c160a4"},{"element-6066-11e4-a52e-4f735466cecf":"74ff02a4-d45d-4a00-a724-d18b46959c61"},{"element-6066-11e4-a52e-4f735466cecf":"72cd75ce-71b7-434c-8330-173a57d0d800"},{"element-6066-11e4-a52e-4f735466cecf":"052a35d0-ecfd-4e28-bfe0-f98bbeab1286"},{"element-6066-11e4-a52e-4f735466cecf":"3268ded0-de86-4543-8641-c8040235f51f"},{"element-6066-11e4-a52e-4f735466cecf":"f0b167c0-ece8-404a-9535-8d845a7ad24e"},{"element-6066-11e4-a52e-4f735466cecf":"d2caa1e7-8084-465f-b6c6-adedfc8cc7c9"},{"element-6066-11e4-a52e-4f735466cecf":"118750dc-ba8e-437b-9a8b-0a43c7a44589"},{"element-6066-11e4-a52e-4f735466cecf":"d4aaf802-2a28-4731-b731-b2ddae21cc55"},{"element-6066-11e4-a52e-4f735466cecf":"795bea01-858f-484e-bcb1-985c86dd6d5a"},{"element-6066-11e4-a52e-4f735466cecf":"6f6283c1-4252-4b94-b9b1-75fed7fada4a"},{"element-6066-11e4-a52e-4f735466cecf":"01c79169-12ab-4e15-8f0b-783b794f6294"},{"element-6066-11e4-a52e-4f735466cecf":"0c8bd9fb-9866-45a0-ba0f-59be91d79a3f"},{"element-6066-11e4-a52e-4f735466cecf":"5683b15c-f5d8-4fca-9e6c-8f557af470a5"},{"element-6066-11e4-a52e-4f735466cecf":"81626f03-4ae9-469a-af83-54dc86ef63e4"},{"element-6066-11e4-a52e-4f735466cecf":"0663cbe0-fe1b-478f-85a7-1eca36e612fc"},{"element-6066-11e4-a52e-4f735466cecf":"99210c76-1d23-4149-b173-7a6efdca8f71"},{"element-6066-11e4-a52e-4f735466cecf":"69a5a169-8ad2-4b87-aee0-0d69bad14640"},{"element-6066-11e4-a52e-4f735466cecf":"4024234b-075a-4fc9-871a-1348135f555e"},{"element-6066-11e4-a52e-4f735466cecf":"37d4acdd-42fe-4986-b3ba-4fbf912e8dfa"},{"element-6066-11e4-a52e-4f735466cecf":"b4fbba81-c56f-4a2c-a5d3-fb44d0e80b80"},{"element-6066-11e4-a52e-4f735466cecf":"414876c5-30f6-4302-98be-deee5fb37615"},{"element-6066-11e4-a52e-4f735466cecf":"7ae00d83-6210-4f0d-a0b6-41fbe66358f0"},{"element-6066-11e4-a52e-4f735466cecf":"9e5ee445-2a7b-4ac4-a1bc-f94ece51f459"},{"element-6066-11e4-a52e-4f735466cecf":"612c70c2-1f94-45c0-aca8-27ab94a2d3ba"},{"element-6066-11e4-a52e-4f735466cecf":"57eb5cbf-6069-463a-9c8d-63aad2d15b23"},{"element-6066-11e4-a52e-4f735466cecf":"de7dc795-a74e-427e-85b2-4da3abb0fe39"},{"element-6066-11e4-a52e-4f735466cecf":"986f78ac-9e5d-4f22-9249-673ea8d810c9"},{"element-6066-11e4-a52e-4f735466cecf":"e5a8f076-f482-4b05-a146-c370c5aec3a9"},{"element-6066-11e4-a52e-4f735466cecf":"01cb7f1b-9ae3-45de-8cec-5d8d7c38d2b3"},{"element-6066-11e4-a52e-4f735466cecf":"ebf405b5-5928-4564-be2c-298fd4e114e9"},{"element-6066-11e4-a52e-4f735466cecf":"ce9b616f-4b9c-4f3e-a644-a85c8451ad6b"},{"element-6066-11e4-a52e-4f735466cecf":"8214416c-2295-4473-bfad-3889c1402cce"},{"element-6066-11e4-a52e-4f735466cecf":"703e4594-c4be-43d8-bf25-39c123db97bb"},{"element-6066-11e4-a52e-4f735466cecf":"7783c083-7fb4-466a-838d-233ec389b65e"},{"element-6066-11e4-a52e-4f735466cecf":"b2a6ea58-40b7-44d5-9b25-8984a5e61f79"},{"element-6066-11e4-a52e-4f735466cecf":"3cae007b-2d83-4ab9-a19f-3f31aef784c3"},{"element-6066-11e4-a52e-4f735466cecf":"67f545cc-73f8-4529-91b9-a93c3b4c8c36"},{"element-6066-11e4-a52e-4f735466cecf":"ea0b3a86-f5bd-425e-b6c8-16417b336def"},{"element-6066-11e4-a52e-4f735466cecf":"400c02b6-2903-4555-abed-cc35b2ba124d"},{"element-6066-11e4-a52e-4f735466cecf":"8615a181-0766-46c6-a72d-ac12fff23330"},{"element-6066-11e4-a52e-4f735466cecf":"51bc3d94-7c29-435e-ae8e-1a73ed3423b3"},{"element-6066-11e4-a52e-4f735466cecf":"8e350d6a-b051-429b-a4a4-349784418a55"},{"element-6066-11e4-a52e-4f735466cecf":"23c22550-4272-4145-8efe-ea947be7298a"},{"element-6066-11e4-a52e-4f735466cecf":"3bc51044-7b84-4a8a-8e87-a0c40622176a"},{"element-6066-11e4-a52e-4f735466cecf":"c6c27619-d682-4cb5-b58a-c755cad06145"},{"element-6066-11e4-a52e-4f735466cecf":"6bf9adc0-86c2-4402-b573-356b7a0bfd87"},{"element-6066-11e4-a52e-4f735466cecf":"9c8195f9-f067-4db7-9919-5caae8966941"},{"element-6066-11e4-a52e-4f735466cecf":"4115f6bd-dd26-499b-aa20-f950eaf51a30"},{"element-6066-11e4-a52e-4f735466cecf":"a3797e67-d11e-4669-a0cd-3b7762283d0c"},{"element-6066-11e4-a52e-4f735466cecf":"c17f3ecc-b3ad-4a61-9196-0237bd92f11b"},{"element-6066-11e4-a52e-4f735466cecf":"1811a157-52e9-4321-b934-ea29fb7c89f0"},{"element-6066-11e4-a52e-4f735466cecf":"d0219546-1315-4667-9e82-a256fc5c4069"},{"element-6066-11e4-a52e-4f735466cecf":"606bb3e8-20d8-47dd-b4f0-e283254179e8"},{"element-6066-11e4-a52e-4f735466cecf":"89e0e9e7-116a-4cac-a3e6-3f1dcbf864ac"},{"element-6066-11e4-a52e-4f735466cecf":"a3952c44-2885-4088-bebb-12e5bba198ac"},{"element-6066-11e4-a52e-4f735466cecf":"b7fe927f-b64e-418f-8ae2-b6e725d7e641"},{"element-6066-11e4-a52e-4f735466cecf":"93373802-4e8a-47fa-b618-0e19e1d8e122"},{"element-6066-11e4-a52e-4f735466cecf":"6b183aa6-adce-473e-ba82-0f5f699fc88a"},{"element-6066-11e4-a52e-4f735466cecf":"36e8b3e5-4c39-4d78-ba09-90fa2b0686f9"},{"element-6066-11e4-a52e-4f735466cecf":"f4baaef2-57ed-4abd-add9-bb254008bf2a"},{"element-6066-11e4-a52e-4f735466cecf":"4122534e-35fb-44b5-96cd-8f1afd2758b0"},{"element-6066-11e4-a52e-4f735466cecf":"269a86db-df4d-4c91-bfe1-d5123d326f31"},{"element-6066-11e4-a52e-4f735466cecf":"01c2fb75-2749-4262-badb-12e3e0b0cf97"},{"element-6066-11e4-a52e-4f735466cecf":"7e88aa2d-8880-44cd-a2fe-1f103e2712ff"},{"element-6066-11e4-a52e-4f735466cecf":"e7036acc-9023-4ece-bbce-8cfd2f38c1ea"},{"element-6066-11e4-a52e-4f735466cecf":"d00e5af3-0cff-441a-9fac-3d9508129751"},{"element-6066-11e4-a52e-4f735466cecf":"7704b0bb-46d8-4aab-98e6-2671e7ce118a"},{"element-6066-11e4-a52e-4f735466cecf":"9e72b7d1-5434-41aa-bdf4-6e0c093a511b"},{"element-6066-11e4-a52e-4f735466cecf":"d2d4cca7-67df-41c8-93cb-dad316c93880"},{"element-6066-11e4-a52e-4f735466cecf":"b013f9d8-2733-431a-866f-e8e935c32fbb"},{"element-6066-11e4-a52e-4f735466cecf":"f9129bce-1aa0-4229-9435-ca55272643d9"},{"element-6066-11e4-a52e-4f735466cecf":"5857df66-562b-4577-ae65-8f273f03e210"},{"element-6066-11e4-a52e-4f735466cecf":"f9abeb34-b138-4923-abb4-23fd9da2b4bb"},{"element-6066-11e4-a52e-4f735466cecf":"fc6ed9f6-8348-478f-a78d-e01e5d1b128d"},{"element-6066-11e4-a52e-4f735466cecf":"91c7ce1b-dd12-49c9-9a24-c7c6bbd7c644"},{"element-6066-11e4-a52e-4f735466cecf":"3ab96fd8-b46f-4afe-8cf3-de1f5c41baac"},{"element-6066-11e4-a52e-4f735466cecf":"a2b74d85-b876-4c7e-943d-a48b7de0cb3f"},{"element-6066-11e4-a52e-4f735466cecf":"501da831-9531-40fa-8dc3-0eb49ae1159a"},{"element-6066-11e4-a52e-4f735466cecf":"c22f4284-0297-44e4-bb86-ffc18d411608"},{"element-6066-11e4-a52e-4f735466cecf":"631af971-d0cd-41d4-8620-28aab25724eb"},{"element-6066-11e4-a52e-4f735466cecf":"2fe70833-9c3c-40e5-8196-d374aec31726"},{"element-6066-11e4-a52e-4f735466cecf":"4726c426-89dc-401f-bea7-590caf4cd84a"},{"element-6066-11e4-a52e-4f735466cecf":"f2ef69a5-9a3f-4078-8f9b-801931279f45"},{"element-6066-11e4-a52e-4f735466cecf":"f97476b0-29c7-4ca7-82dc-c3f127db4cca"},{"element-6066-11e4-a52e-4f735466cecf":"16d14f2b-f3dd-44a9-8660-44d7f585bdcb"},{"element-6066-11e4-a52e-4f735466cecf":"35b53796-d0c7-4e83-bf60-0e41a92ca698"},{"element-6066-11e4-a52e-4f735466cecf":"3342a602-e027-43c1-89af-c3b96d0d35d4"},{"element-6066-11e4-a52e-4f735466cecf":"e3ac17d1-9ce1-4145-bd08-19c17b8c2453"},{"element-6066-11e4-a52e-4f735466cecf":"85add559-8b5b-4139-bd1c-3dbda14dee7c"},{"element-6066-11e4-a52e-4f735466cecf":"46b059dc-d360-4f17-a8e3-556cc9512655"},{"element-6066-11e4-a52e-4f735466cecf":"f5847cf8-827c-4286-9145-ec9d7dd8403e"},{"element-6066-11e4-a52e-4f735466cecf":"91bece6c-49d6-4730-aa2e-34528ef9f9fb"},{"element-6066-11e4-a52e-4f735466cecf":"0249a119-5c3b-4f94-baad-e7a2d6a49063"},{"element-6066-11e4-a52e-4f735466cecf":"9392a18c-623b-4b97-a761-a0f801de5ff7"},{"element-6066-11e4-a52e-4f735466cecf":"34d102d0-cb25-4b4e-a6c0-d1bb29458562"},{"element-6066-11e4-a52e-4f735466cecf":"494c20b2-4a2c-47db-b1f3-dcf41d2c87b7"},{"element-6066-11e4-a52e-4f735466cecf":"b654048f-f78e-4956-ab0a-038195f42b82"},{"element-6066-11e4-a52e-4f735466cecf":"0d43c15d-7cb3-4a2d-b562-148894524988"},{"element-6066-11e4-a52e-4f735466cecf":"4d6f3251-de99-472e-8fb1-a48def54ed59"},{"element-6066-11e4-a52e-4f735466cecf":"b52a8727-b2c4-4fe8-8cf6-c7d5e672b9de"},{"element-6066-11e4-a52e-4f735466cecf":"3813b93f-d4c3-4d8c-8232-be433eda7ca1"},{"element-6066-11e4-a52e-4f735466cecf":"1eb44c0b-6981-4c49-a71d-1b3957625577"},{"element-6066-11e4-a52e-4f735466cecf":"82a5e424-abe3-4208-a332-8e16e6ba3fd1"},{"element-6066-11e4-a52e-4f735466cecf":"af71d2eb-6d98-4dac-9297-a9616a7928c9"},{"element-6066-11e4-a52e-4f735466cecf":"fd2d0e52-466f-42e7-b02d-ec79589a6910"},{"element-6066-11e4-a52e-4f735466cecf":"d73390b6-4547-4bab-a54d-301b00acf81d"},{"element-6066-11e4-a52e-4f735466cecf":"51325ee8-55ea-4c61-a1dd-4b5417828fd1"},{"element-6066-11e4-a52e-4f735466cecf":"c5716aeb-192c-4cb1-a925-1c700d3a5abc"},{"element-6066-11e4-a52e-4f735466cecf":"2abcdfb2-a134-4d58-86a4-1c93c022339f"},{"element-6066-11e4-a52e-4f735466cecf":"99b9f0da-7975-4384-9c5c-26c8b94bbe84"},{"element-6066-11e4-a52e-4f735466cecf":"bc59b335-c711-4786-a10a-42a576f841b4"},{"element-6066-11e4-a52e-4f735466cecf":"1262b83d-fec3-4532-b9cc-bbe7bb79ff4f"},{"element-6066-11e4-a52e-4f735466cecf":"d176cc21-09c8-438e-9210-60d60cf8d173"},{"element-6066-11e4-a52e-4f735466cecf":"8147cc82-59f7-4930-b995-695d78650970"},{"element-6066-11e4-a52e-4f735466cecf":"fa9776e6-7d06-456e-8060-6873db305760"},{"element-6066-11e4-a52e-4f735466cecf":"e9d40acb-9764-4131-a864-fae981a239b2"},{"element-6066-11e4-a52e-4f735466cecf":"fc99c6eb-f2a2-441a-8092-5fa099429ebc"},{"element-6066-11e4-a52e-4f735466cecf":"224f5285-c7c3-4ce9-a021-9907cbd8c0a2"},{"element-6066-11e4-a52e-4f735466cecf":"afed9c53-32b7-47b4-aab0-506fc8c691ae"},{"element-6066-11e4-a52e-4f735466cecf":"78236a62-f5f6-499a-9276-fbe43c0d0f96"},{"element-6066-11e4-a52e-4f735466cecf":"53aa8649-f9b9-4206-b410-b23f534d711c"},{"element-6066-11e4-a52e-4f735466cecf":"eb4608b8-8024-43bf-955d-e2ed0cf69506"},{"element-6066-11e4-a52e-4f735466cecf":"d117ec50-c55d-4032-9775-04ecb6a67c53"},{"element-6066-11e4-a52e-4f735466cecf":"47392f58-47e7-4f5d-a507-42685f1a0524"},{"element-6066-11e4-a52e-4f735466cecf":"2e528223-c1c9-4792-9594-6873d5b2ffdb"},{"element-6066-11e4-a52e-4f735466cecf":"30bb25ea-74cc-498e-b354-2f5863ad509a"},{"element-6066-11e4-a52e-4f735466cecf":"9cdc23bd-7f53-4021-9ae1-4df13f4e1f50"},{"element-6066-11e4-a52e-4f735466cecf":"f015fe68-ccee-41a7-bf2c-8dff6ec7ca4a"},{"element-6066-11e4-a52e-4f735466cecf":"f4763dae-1598-404e-a03c-ea3f83c143cc"},{"element-6066-11e4-a52e-4f735466cecf":"36b306bc-30eb-4186-8a3d-e9b32c4bfa7c"},{"element-6066-11e4-a52e-4f735466cecf":"e256fa34-0697-451e-812c-a473cd6ae807"},{"element-6066-11e4-a52e-4f735466cecf":"959915d7-2c46-43eb-a823-5951e0980ac6"},{"element-6066-11e4-a52e-4f735466cecf":"57f0edbd-da96-4973-99cb-28fbbc44ed95"},{"element-6066-11e4-a52e-4f735466cecf":"cb7592a0-66d9-481c-a514-c49daf14fdef"},{"element-6066-11e4-a52e-4f735466cecf":"8918ee50-62d3-4343-ae45-fc23e06bc1f7"},{"element-6066-11e4-a52e-4f735466cecf":"1c1ab397-9a3b-4b22-b78d-7162b70ad97c"},{"element-6066-11e4-a52e-4f735466cecf":"e30ed9db-57c4-4c0c-bcc7-1475bb078258"},{"element-6066-11e4-a52e-4f735466cecf":"9112d647-ad0f-4c10-92f0-acc45488b825"},{"element-6066-11e4-a52e-4f735466cecf":"70415058-a83c-4ae0-9a1e-acabc5f322a9"},{"element-6066-11e4-a52e-4f735466cecf":"f6051ad5-6615-4801-a4aa-0d04b9d0def8"},{"element-6066-11e4-a52e-4f735466cecf":"99ec4a63-e892-4ca4-b3c2-3287f8f61043"},{"element-6066-11e4-a52e-4f735466cecf":"5fa00226-3f87-4041-9986-573301a79043"},{"element-6066-11e4-a52e-4f735466cecf":"4b6dca8a-f60d-4400-97f3-399fa957ab1d"},{"element-6066-11e4-a52e-4f735466cecf":"2fa4e765-4147-4a64-82f0-5e9087471af2"},{"element-6066-11e4-a52e-4f735466cecf":"a958711b-363e-49c9-a33a-fee716488825"},{"element-6066-11e4-a52e-4f735466cecf":"d6017ba0-c252-4c64-b209-c39178391a8c"},{"element-6066-11e4-a52e-4f735466cecf":"4a88b442-6862-42be-a0fe-db490f497b5d"},{"element-6066-11e4-a52e-4f735466cecf":"2c70c381-f020-473c-8015-5d872a263906"},{"element-6066-11e4-a52e-4f735466cecf":"25885ec8-69c1-4c96-a024-500073769ff9"},{"element-6066-11e4-a52e-4f735466cecf":"e2c61414-924a-4857-a073-8f68692912a6"},{"element-6066-11e4-a52e-4f735466cecf":"e522cf37-8882-406a-a1a0-e3d3712e3c84"},{"element-6066-11e4-a52e-4f735466cecf":"2880e261-6eb1-418d-8c0c-8b1b84a24537"},{"element-6066-11e4-a52e-4f735466cecf":"55aec267-de82-41f6-9258-a430e286938e"},{"element-6066-11e4-a52e-4f735466cecf":"8e129bf4-f819-4da2-874d-d2061042b0f1"},{"element-6066-11e4-a52e-4f735466cecf":"5d58da83-9b38-413d-8b62-a679a1603174"},{"element-6066-11e4-a52e-4f735466cecf":"107f52ee-9fe3-401f-ad75-c295b6d53e68"},{"element-6066-11e4-a52e-4f735466cecf":"bcf92713-f751-455a-af0b-569f020f2c93"},{"element-6066-11e4-a52e-4f735466cecf":"0beb54b2-0b28-4cfc-b2ac-c209dcdd4328"},{"element-6066-11e4-a52e-4f735466cecf":"4a5af157-f826-4697-b949-002c11bba367"},{"element-6066-11e4-a52e-4f735466cecf":"3cc65bb7-1092-40f5-9917-8fbc8810fbec"},{"element-6066-11e4-a52e-4f735466cecf":"3a88c9f6-7dec-411f-b11f-a28eccfbf90a"},{"element-6066-11e4-a52e-4f735466cecf":"d11ba082-35b0-45ab-9bd9-31e42c3f5b93"},{"element-6066-11e4-a52e-4f735466cecf":"4794bb00-77ae-4115-82db-226e66b18ac8"},{"element-6066-11e4-a52e-4f735466cecf":"b3ff3deb-614b-4873-903d-b6cd785f36a5"},{"element-6066-11e4-a52e-4f735466cecf":"1908355b-3b95-4338-bdae-4bca87e4bc62"},{"element-6066-11e4-a52e-4f735466cecf":"6187391c-ec3d-4f51-a7fc-84399a9998a8"},{"element-6066-11e4-a52e-4f735466cecf":"0c0b08b3-c157-4146-a4ac-8816e30a3136"},{"element-6066-11e4-a52e-4f735466cecf":"e87f0cf5-f06b-4e2a-9a32-a2bd244fec08"},{"element-6066-11e4-a52e-4f735466cecf":"61c37746-d9a0-4f72-82d7-a1353f4c209f"},{"element-6066-11e4-a52e-4f735466cecf":"c83f08d8-48ee-4d09-ba67-858bf649400e"},{"element-6066-11e4-a52e-4f735466cecf":"dbdf678b-f80e-4475-8b99-02f07be9e1b0"},{"element-6066-11e4-a52e-4f735466cecf":"d4148b31-8207-4abd-9abe-e5cb33c655d7"},{"element-6066-11e4-a52e-4f735466cecf":"d06aa960-ae63-4f96-b888-7f3a17e8ff29"},{"element-6066-11e4-a52e-4f735466cecf":"69da7d58-8f4e-4d37-ae63-e2185ad7dd6b"},{"element-6066-11e4-a52e-4f735466cecf":"c33c219a-b70f-4f53-9099-bb81010898a1"},{"element-6066-11e4-a52e-4f735466cecf":"8554b78b-870e-4dec-a6c4-5edf7ec5fb0b"},{"element-6066-11e4-a52e-4f735466cecf":"ff3ad453-e6f7-416e-8152-c976c4507fc0"},{"element-6066-11e4-a52e-4f735466cecf":"54dcb9d3-6e17-4329-9aa1-e927f776d51f"},{"element-6066-11e4-a52e-4f735466cecf":"5e18a66d-e3ae-4476-8d49-019f6814e79c"},{"element-6066-11e4-a52e-4f735466cecf":"5e99d00d-ea85-49d0-8c19-4040e2db57f7"},{"element-6066-11e4-a52e-4f735466cecf":"e0768ffb-2bd8-41e6-82f5-2b988ff8eefa"},{"element-6066-11e4-a52e-4f735466cecf":"a9c3c354-f708-47c8-a04f-c5abc2d26e19"},{"element-6066-11e4-a52e-4f735466cecf":"6d61f343-76b2-4362-ab77-2e8ce5b5ec0c"},{"element-6066-11e4-a52e-4f735466cecf":"3bb1eae4-89e7-4000-8bde-f4ddee365165"},{"element-6066-11e4-a52e-4f735466cecf":"f51a2c9f-1952-4bbd-89f6-4e79e800b08c"},{"element-6066-11e4-a52e-4f735466cecf":"ce8841b1-edba-4806-ab79-5790fc60eca1"},{"element-6066-11e4-a52e-4f735466cecf":"7f3dbe52-1573-432a-9781-1e7ba1d220a8"},{"element-6066-11e4-a52e-4f735466cecf":"376c48fe-5c54-47e0-9108-b462be7cfe3c"},{"element-6066-11e4-a52e-4f735466cecf":"1d808bf4-99a2-44bb-84d6-45a32d292325"},{"element-6066-11e4-a52e-4f735466cecf":"7c792f1c-aec7-4fa2-9dd1-5972b702f14e"},{"element-6066-11e4-a52e-4f735466cecf":"759b5385-1bdd-4522-8cfb-a5770899a47c"},{"element-6066-11e4-a52e-4f735466cecf":"056e5eb0-8a2f-424e-bc69-753b0bdcced9"},{"element-6066-11e4-a52e-4f735466cecf":"edac48ce-3f17-4415-a65c-0e4acc4d19dc"},{"element-6066-11e4-a52e-4f735466cecf":"828bfc0e-973d-451c-b167-c0567ecc528d"},{"element-6066-11e4-a52e-4f735466cecf":"7357edb3-ddb3-415c-b66e-d8b8ecc75eb1"},{"element-6066-11e4-a52e-4f735466cecf":"3f61a2f4-582a-4086-8d4f-32522392d8d1"},{"element-6066-11e4-a52e-4f735466cecf":"6849fed7-622c-4874-87c9-b878713f5922"},{"element-6066-11e4-a52e-4f735466cecf":"f3976874-18dc-4169-8fe2-259d3227def1"},{"element-6066-11e4-a52e-4f735466cecf":"67a63049-c266-4678-b6ed-c41741eea904"},{"element-6066-11e4-a52e-4f735466cecf":"23ef65ff-95bc-4afc-a510-2f4797c9a32a"},{"element-6066-11e4-a52e-4f735466cecf":"cba61374-db22-40f1-a7ab-e178e8013344"},{"element-6066-11e4-a52e-4f735466cecf":"d79debc1-ee7f-438a-acb6-a4cec35d5782"},{"element-6066-11e4-a52e-4f735466cecf":"df65fc41-785a-4cc0-b666-aaebc66c17fe"},{"element-6066-11e4-a52e-4f735466cecf":"23b86ad6-f226-4a84-8cfe-e134915e883f"},{"element-6066-11e4-a52e-4f735466cecf":"f79b81fd-adae-4e4e-bc53-465765e8a037"},{"element-6066-11e4-a52e-4f735466cecf":"98a6f5e2-ecf4-43c2-a2ff-3401e35ed1b9"},{"element-6066-11e4-a52e-4f735466cecf":"08ba4833-06eb-4385-adb9-92e18afaeb84"},{"element-6066-11e4-a52e-4f735466cecf":"f6653cab-e3f8-49fd-97b1-54d7fa4f814b"},{"element-6066-11e4-a52e-4f735466cecf":"ed25e9e2-6e92-46e4-88e3-c0d5782342d6"},{"element-6066-11e4-a52e-4f735466cecf":"9b4258f5-01b5-4129-a178-3210f5524148"},{"element-6066-11e4-a52e-4f735466cecf":"96fb0f57-f62e-45d3-b80e-8bb17a8e2cde"},{"element-6066-11e4-a52e-4f735466cecf":"2475e8cc-492e-4d7b-a810-ea8f58aa877d"},{"element-6066-11e4-a52e-4f735466cecf":"0caae9ed-c501-4820-bd32-c573ff43b84e"},{"element-6066-11e4-a52e-4f735466cecf":"9954a145-2ac5-4129-a313-d9b0afec66bc"},{"element-6066-11e4-a52e-4f735466cecf":"07147abe-7132-4d9e-806d-99b180352c7d"},{"element-6066-11e4-a52e-4f735466cecf":"fe08954d-0189-4a72-be6f-93027d73bd98"},{"element-6066-11e4-a52e-4f735466cecf":"3b22fc2c-b935-48d2-9b7f-a82dc23a97d9"},{"element-6066-11e4-a52e-4f735466cecf":"f3339523-e802-4e16-a2fa-bcf3e04396c9"},{"element-6066-11e4-a52e-4f735466cecf":"98d4a7f4-d73c-4a52-80dd-6bfbd164b14e"},{"element-6066-11e4-a52e-4f735466cecf":"362f248c-04f3-40fb-93f4-9e035c73a50a"},{"element-6066-11e4-a52e-4f735466cecf":"ec1bd4dd-c6b1-41ae-94f2-7e01d796119d"},{"element-6066-11e4-a52e-4f735466cecf":"873e9212-ad3b-403d-8da7-8011737c7161"},{"element-6066-11e4-a52e-4f735466cecf":"a73b1c4d-ac4d-4eed-83df-b0cb673bfc6f"},{"element-6066-11e4-a52e-4f735466cecf":"fb78b3eb-d7e9-47de-9aa5-d9024efeed21"},{"element-6066-11e4-a52e-4f735466cecf":"37509ced-7fdf-4a01-bee7-3476502fec88"},{"element-6066-11e4-a52e-4f735466cecf":"dbdeab0b-8397-4305-a8dc-c80739884012"},{"element-6066-11e4-a52e-4f735466cecf":"9de91660-8087-4ada-9407-2fe7caa5d323"},{"element-6066-11e4-a52e-4f735466cecf":"be7a5f5d-58ed-4719-b305-506b2430ac08"},{"element-6066-11e4-a52e-4f735466cecf":"ec5c3637-c125-4b5f-94ae-967d8fe7ba15"},{"element-6066-11e4-a52e-4f735466cecf":"1a4d854e-c258-4510-8760-264ce132de42"},{"element-6066-11e4-a52e-4f735466cecf":"d881fd82-8f56-40df-b3f0-a74938f6c785"},{"element-6066-11e4-a52e-4f735466cecf":"b7bb88f7-f73b-48a9-9912-2d2dd7889d9b"},{"element-6066-11e4-a52e-4f735466cecf":"14be4c20-59fe-4e93-bf12-d7985f1af7aa"},{"element-6066-11e4-a52e-4f735466cecf":"d754d29a-f456-4cab-a5ba-2c3e999c3b3a"},{"element-6066-11e4-a52e-4f735466cecf":"117f6778-3faa-4a77-9709-a95a0be3115f"},{"element-6066-11e4-a52e-4f735466cecf":"f1fa678e-afb5-433f-8ea9-75fb704260d9"},{"element-6066-11e4-a52e-4f735466cecf":"a47d81bd-75e7-4038-9859-da7f6a6e2c89"},{"element-6066-11e4-a52e-4f735466cecf":"4086c979-f7a8-4233-baf8-553c41cee40f"},{"element-6066-11e4-a52e-4f735466cecf":"70007138-b4f6-4f58-9aa6-f3ae94a94894"},{"element-6066-11e4-a52e-4f735466cecf":"168d59c8-df49-41e3-9869-3a73e783981e"},{"element-6066-11e4-a52e-4f735466cecf":"f7478647-a73d-47b6-b8aa-5935c8260625"},{"element-6066-11e4-a52e-4f735466cecf":"9d71b6e1-f06c-40ae-808f-e738181f9f5b"},{"element-6066-11e4-a52e-4f735466cecf":"86405126-1718-4a16-bf87-b92f3a885963"},{"element-6066-11e4-a52e-4f735466cecf":"9a56f126-885a-4ff8-991a-4d1badb9fe73"},{"element-6066-11e4-a52e-4f735466cecf":"6f97df04-1762-4cd1-b409-55b88340f068"},{"element-6066-11e4-a52e-4f735466cecf":"bec6ae31-1b13-4b0e-a3de-64a5bb91d629"},{"element-6066-11e4-a52e-4f735466cecf":"0e730172-4072-4586-8fb0-bba1b0105b5d"},{"element-6066-11e4-a52e-4f735466cecf":"819a4f37-4300-46f8-8c69-e9a929b6c193"},{"element-6066-11e4-a52e-4f735466cecf":"13cce85c-5a1e-40af-9217-6aced0702e19"},{"element-6066-11e4-a52e-4f735466cecf":"9692b34a-90a9-4fe4-9d9c-b99d2e42c6bc"},{"element-6066-11e4-a52e-4f735466cecf":"bcd1d4ce-f6fb-4a5b-9fa9-5c2d9fb46182"},{"element-6066-11e4-a52e-4f735466cecf":"ebe22b6b-a922-4664-b714-425df464ae82"},{"element-6066-11e4-a52e-4f735466cecf":"b2e6ba6e-0e0e-4b36-b4e5-fa366a57de51"},{"element-6066-11e4-a52e-4f735466cecf":"e50e51c9-2b76-43ba-9825-db822c8de8a1"},{"element-6066-11e4-a52e-4f735466cecf":"8f54e31d-e2db-4b65-ac96-b8a7753e3fbe"},{"element-6066-11e4-a52e-4f735466cecf":"48021bba-060c-400b-92ff-80241883fc4e"},{"element-6066-11e4-a52e-4f735466cecf":"1f76a703-d3c5-46e8-80d8-f9c15221d0ce"},{"element-6066-11e4-a52e-4f735466cecf":"0aec5b70-8d2b-46b1-8c23-c356b8cf3a0b"},{"element-6066-11e4-a52e-4f735466cecf":"12b72902-1d3d-4a19-9c55-df01c99801c1"},{"element-6066-11e4-a52e-4f735466cecf":"7fbf8226-e60b-4606-8339-a7436ea0bf6e"},{"element-6066-11e4-a52e-4f735466cecf":"7aab236a-f3f9-4223-8ef0-ccbbb4199795"},{"element-6066-11e4-a52e-4f735466cecf":"e09c3d0b-69aa-456f-a1eb-670918feb6b1"},{"element-6066-11e4-a52e-4f735466cecf":"54f51591-1ac1-4572-81bb-a8ae135c3306"},{"element-6066-11e4-a52e-4f735466cecf":"979dcdb6-4d94-45c2-a3a4-5c09495a5954"},{"element-6066-11e4-a52e-4f735466cecf":"8a9ba26b-ba57-4771-abad-cb12e49f602d"},{"element-6066-11e4-a52e-4f735466cecf":"c17310d6-3ac0-4d27-8ea4-77cb9717b4a9"},{"element-6066-11e4-a52e-4f735466cecf":"d1c359d3-3191-4e51-83de-fe96300b44e0"},{"element-6066-11e4-a52e-4f735466cecf":"7eed3d32-38c0-4a82-9c18-3184b6abb8c4"},{"element-6066-11e4-a52e-4f735466cecf":"e73d6ed7-b438-4130-b442-64f7606305eb"},{"element-6066-11e4-a52e-4f735466cecf":"eb90e5a8-8339-4e4e-954a-426722074960"},{"element-6066-11e4-a52e-4f735466cecf":"4385f8c1-f86f-4835-bbff-ccf5f155a1dd"},{"element-6066-11e4-a52e-4f735466cecf":"eedde5dc-8c05-4e97-989e-7dc97550917a"},{"element-6066-11e4-a52e-4f735466cecf":"30d504b9-4674-4962-910d-2bf02dc493a7"},{"element-6066-11e4-a52e-4f735466cecf":"0429436b-7f7c-43ba-993b-369e5aea4729"},{"element-6066-11e4-a52e-4f735466cecf":"4dfc315b-6f90-431e-9b4e-5f4cc3c5b4f8"},{"element-6066-11e4-a52e-4f735466cecf":"65a6ceec-042b-4c4b-b2c8-6b6695638b7e"},{"element-6066-11e4-a52e-4f735466cecf":"593986a8-0b59-4c66-ba84-9b903ac6d8d5"},{"element-6066-11e4-a52e-4f735466cecf":"05ad1724-f79c-407d-86b5-2d65a9189b2c"},{"element-6066-11e4-a52e-4f735466cecf":"069de09d-704c-4737-8e83-1885b2fd3bf1"},{"element-6066-11e4-a52e-4f735466cecf":"fef5790e-27f8-461b-bc51-8dd054691d74"},{"element-6066-11e4-a52e-4f735466cecf":"663183ac-b210-402c-8e40-ae36e952edcd"},{"element-6066-11e4-a52e-4f735466cecf":"4378e243-22ac-4a1e-b06c-03133818174f"},{"element-6066-11e4-a52e-4f735466cecf":"3f9e1380-6030-4eb1-a4f5-53ea98d2b740"},{"element-6066-11e4-a52e-4f735466cecf":"0b21d475-b72e-4b0b-8741-c3fa52975d3a"},{"element-6066-11e4-a52e-4f735466cecf":"1cd1e724-c028-4821-9bc4-4182f03f4a4c"},{"element-6066-11e4-a52e-4f735466cecf":"acc26410-b495-4c46-b4a6-1ca9422f7db1"},{"element-6066-11e4-a52e-4f735466cecf":"2686a928-65ea-45af-970e-93b05b1616a2"},{"element-6066-11e4-a52e-4f735466cecf":"e2f68d25-6e6a-424b-9004-b9e4389b5817"},{"element-6066-11e4-a52e-4f735466cecf":"f0237505-5349-4b08-8b34-8c71666b73be"},{"element-6066-11e4-a52e-4f735466cecf":"a5b0b7c2-3427-4797-8411-f83a8024e217"},{"element-6066-11e4-a52e-4f735466cecf":"83e6dbaf-bfdf-493a-b62f-b958bb13cbf0"},{"element-6066-11e4-a52e-4f735466cecf":"7e00a3fe-55e8-401c-ae09-9fdbf15cdb0b"},{"element-6066-11e4-a52e-4f735466cecf":"d2c91ab5-a4be-469a-b8f7-5072de0cc12c"},{"element-6066-11e4-a52e-4f735466cecf":"29f585d3-c747-4d8c-ac1d-ed44eea77018"},{"element-6066-11e4-a52e-4f735466cecf":"b477f3dd-2e3a-4586-bd55-21e1d17c2ca1"},{"element-6066-11e4-a52e-4f735466cecf":"b922fa73-4b4f-4431-978f-6732e4c70bda"},{"element-6066-11e4-a52e-4f735466cecf":"6bf20673-9b5d-4565-82d3-304be12b0f54"},{"element-6066-11e4-a52e-4f735466cecf":"18c8f34c-3138-44aa-8bd4-176d3a3919a5"},{"element-6066-11e4-a52e-4f735466cecf":"bad0ae60-85e2-469e-aa66-0651ba622bf5"},{"element-6066-11e4-a52e-4f735466cecf":"7900eec8-af3f-4598-a8f0-bc0846c6848e"},{"element-6066-11e4-a52e-4f735466cecf":"e867c827-d4c8-433c-844c-d7d89913789c"},{"element-6066-11e4-a52e-4f735466cecf":"46e74128-cbf8-41d7-a02e-aa89a27d85a4"},{"element-6066-11e4-a52e-4f735466cecf":"3093c493-6b2b-4a4a-9be7-8440fd6a24c7"},{"element-6066-11e4-a52e-4f735466cecf":"fa6741f5-b40b-4b2b-a1dc-9a68aad5fcd7"},{"element-6066-11e4-a52e-4f735466cecf":"a68426da-1eb2-4bc0-be30-daa4b86588cc"},{"element-6066-11e4-a52e-4f735466cecf":"41429ba6-7a4b-4701-af0b-e8377e8d849f"},{"element-6066-11e4-a52e-4f735466cecf":"45172ed5-baf3-4e75-9e98-77d9561e40bd"},{"element-6066-11e4-a52e-4f735466cecf":"7782cb6e-2de7-4dfb-af2e-97e0161fe1bc"},{"element-6066-11e4-a52e-4f735466cecf":"5b14cbcf-7255-43bc-88ed-9405d5126365"},{"element-6066-11e4-a52e-4f735466cecf":"f42bc988-ac55-4ce8-b44e-a0c6cd0de30c"},{"element-6066-11e4-a52e-4f735466cecf":"fffd01c4-97f2-4b92-8934-bfc1e25fec58"},{"element-6066-11e4-a52e-4f735466cecf":"3c1cad4c-1f2d-4b71-b426-fac1db73c140"},{"element-6066-11e4-a52e-4f735466cecf":"d8c51503-40b2-476d-b8cf-bb1f4f2ed8cf"},{"element-6066-11e4-a52e-4f735466cecf":"25049c7d-50d2-435f-91e2-df1170d246c1"},{"element-6066-11e4-a52e-4f735466cecf":"1d1af0d4-ce5a-41b4-896f-b722dd028a44"},{"element-6066-11e4-a52e-4f735466cecf":"c5fed638-4f18-493a-a67e-9c4faad6888d"},{"element-6066-11e4-a52e-4f735466cecf":"68f757c1-2429-4127-80b1-a24ba3c856f1"},{"element-6066-11e4-a52e-4f735466cecf":"0fc11308-373e-4a53-b74c-2eb420ff5d02"},{"element-6066-11e4-a52e-4f735466cecf":"a56f50b0-ada2-40b4-884f-226cf28b959d"},{"element-6066-11e4-a52e-4f735466cecf":"24946b3f-9c87-4813-a225-52daf1946a0f"},{"element-6066-11e4-a52e-4f735466cecf":"6a550398-fef8-4449-a481-ba009152aab7"},{"element-6066-11e4-a52e-4f735466cecf":"98356325-ae8a-47c8-af61-9aa13d8bdb76"},{"element-6066-11e4-a52e-4f735466cecf":"1b4cd583-356a-44e6-aa20-75c35f32f348"},{"element-6066-11e4-a52e-4f735466cecf":"621044df-0da7-4c87-b0a9-fed00f8474a8"},{"element-6066-11e4-a52e-4f735466cecf":"89d557c6-5bd6-4212-baba-3a694cf2de43"},{"element-6066-11e4-a52e-4f735466cecf":"2c631b1f-01d6-4fa6-a87a-993877e14b82"},{"element-6066-11e4-a52e-4f735466cecf":"005de41f-8dfb-445d-8db2-12a3bdd8b661"},{"element-6066-11e4-a52e-4f735466cecf":"234c4f38-b00d-44fa-b3b1-019f28e2bdc5"},{"element-6066-11e4-a52e-4f735466cecf":"3c6bf451-a412-4732-9815-5e11153eea1a"},{"element-6066-11e4-a52e-4f735466cecf":"b6501de1-2dfb-4b37-a12b-df2dc9fb29f6"},{"element-6066-11e4-a52e-4f735466cecf":"5d6b7e80-09cc-43f1-acd2-36221d0d81d2"},{"element-6066-11e4-a52e-4f735466cecf":"72b678d5-af58-4aeb-93a0-8e0d7fe33d13"},{"element-6066-11e4-a52e-4f735466cecf":"2895c9b6-717a-49bb-922d-5b6c9a11e83c"},{"element-6066-11e4-a52e-4f735466cecf":"530cf2b8-3f7b-41d8-aea9-360d53034533"},{"element-6066-11e4-a52e-4f735466cecf":"9cddf0f4-5e90-4e5a-b5f2-6e96495b9eb0"},{"element-6066-11e4-a52e-4f735466cecf":"ad71b422-cb8e-4a8a-a5c7-591943c6bae3"},{"element-6066-11e4-a52e-4f735466cecf":"d5c059da-e903-438f-a9f2-1a84136b7bea"},{"element-6066-11e4-a52e-4f735466cecf":"e51f10f0-32b2-4411-9d31-90ca2d65431c"},{"element-6066-11e4-a52e-4f735466cecf":"2b41c92b-c903-4184-9331-9be7464105e4"},{"element-6066-11e4-a52e-4f735466cecf":"37f7c0f8-1bf7-448b-a213-50303ddd317a"},{"element-6066-11e4-a52e-4f735466cecf":"d2ce19d0-4f5f-49a4-a6b7-e5f9350c4069"},{"element-6066-11e4-a52e-4f735466cecf":"a1ffd50b-0ec7-42df-9dd0-83e5059e6adc"},{"element-6066-11e4-a52e-4f735466cecf":"710130c0-2040-4e3c-9b1e-c5a6567fe987"},{"element-6066-11e4-a52e-4f735466cecf":"81548e4c-2bd6-479a-a644-ab40e71701b3"},{"element-6066-11e4-a52e-4f735466cecf":"efa4c065-3b8d-4a18-866f-a45086896b01"},{"element-6066-11e4-a52e-4f735466cecf":"90191c8b-f1bd-473d-8c17-f0401d0a58d6"},{"element-6066-11e4-a52e-4f735466cecf":"c8e0d6f2-1850-457b-a055-2511bcd39756"},{"element-6066-11e4-a52e-4f735466cecf":"c7dd87f7-a94d-432f-ba42-ca8edf404d08"},{"element-6066-11e4-a52e-4f735466cecf":"4769ccdf-c480-40ea-abec-794c51dfcc94"},{"element-6066-11e4-a52e-4f735466cecf":"6e96552f-2195-47bf-a445-71da77a4d6d2"},{"element-6066-11e4-a52e-4f735466cecf":"18a397cf-1c25-4c05-b380-76609477ce08"},{"element-6066-11e4-a52e-4f735466cecf":"db238d50-69e0-4023-907f-7afd9989a505"},{"element-6066-11e4-a52e-4f735466cecf":"d231baa8-b0cc-4156-b0c1-cd18b9d9c907"},{"element-6066-11e4-a52e-4f735466cecf":"c3837b9a-9063-40bd-8329-3b13fc9f2e92"},{"element-6066-11e4-a52e-4f735466cecf":"408cc4b1-53b9-4fea-9b21-8aebd9396541"},{"element-6066-11e4-a52e-4f735466cecf":"937e2e76-a67d-40a7-ab38-92665c75d0f3"},{"element-6066-11e4-a52e-4f735466cecf":"c7d90339-401d-4844-bc33-99ddbf55d8e2"},{"element-6066-11e4-a52e-4f735466cecf":"7946df9a-2fb3-43a4-9b72-c73873b239fd"},{"element-6066-11e4-a52e-4f735466cecf":"b192eb12-672a-480e-a762-494cb455e0b9"},{"element-6066-11e4-a52e-4f735466cecf":"ae6c3655-2eed-4f9f-8f13-efe8654a9a05"},{"element-6066-11e4-a52e-4f735466cecf":"95e05f9c-7742-496b-837e-b028f3899e8a"},{"element-6066-11e4-a52e-4f735466cecf":"1e554083-7343-436c-bc31-b64d610f2a0d"},{"element-6066-11e4-a52e-4f735466cecf":"e1b4bace-fff0-4e5f-a630-e7ce20e9b9a6"},{"element-6066-11e4-a52e-4f735466cecf":"5cb3204b-ebf6-40fa-9129-42c58e70ecad"},{"element-6066-11e4-a52e-4f735466cecf":"05fe81f6-ac38-41c8-8071-30f88f10ee61"},{"element-6066-11e4-a52e-4f735466cecf":"ed2089e4-bc87-4ee9-9543-b33aad6aa732"},{"element-6066-11e4-a52e-4f735466cecf":"fe41cb9b-0c04-4e0d-b288-17a7099aeb92"},{"element-6066-11e4-a52e-4f735466cecf":"6a2ba4d9-97ce-492a-9404-2d91881349b6"},{"element-6066-11e4-a52e-4f735466cecf":"c4549e6d-8249-4398-945f-92c08eb8a7b3"},{"element-6066-11e4-a52e-4f735466cecf":"912eafaa-375f-4632-87a8-7109658e2666"},{"element-6066-11e4-a52e-4f735466cecf":"15678666-a795-4e49-8a0b-40a921f7aa05"},{"element-6066-11e4-a52e-4f735466cecf":"a64f40c8-ad9c-4968-99c3-95fe2ff13932"},{"element-6066-11e4-a52e-4f735466cecf":"1035d656-0c5c-4284-9b8e-ffa31bca7528"},{"element-6066-11e4-a52e-4f735466cecf":"6dbbd4d9-8c7a-4ffc-a8d8-992adfda749e"},{"element-6066-11e4-a52e-4f735466cecf":"1912e79f-2ded-482d-8c6b-dc0ba9efc582"},{"element-6066-11e4-a52e-4f735466cecf":"9223a46c-5017-4eff-b366-9b868a78d2f7"},{"element-6066-11e4-a52e-4f735466cecf":"5e6d0589-f3be-45f5-9249-7eabe72d4d09"},{"element-6066-11e4-a52e-4f735466cecf":"2929e286-8aa0-41a7-845f-a380aadc4b9a"},{"element-6066-11e4-a52e-4f735466cecf":"87916768-706a-4fbe-955f-8600991642c7"},{"element-6066-11e4-a52e-4f735466cecf":"68384c26-a5e1-4ebb-8acf-d12dd9ac3f51"},{"element-6066-11e4-a52e-4f735466cecf":"52aef672-a76a-48ff-9817-c80284896d36"},{"element-6066-11e4-a52e-4f735466cecf":"4ff39c44-06b1-4ca6-b083-5652e0fef41c"},{"element-6066-11e4-a52e-4f735466cecf":"610c00a4-59e3-4ec9-9e6d-e2533c5ec74f"},{"element-6066-11e4-a52e-4f735466cecf":"fe00971c-61ae-4d3c-90bc-317a0d345905"},{"element-6066-11e4-a52e-4f735466cecf":"554f1449-e254-40cd-ab65-b531b1156867"},{"element-6066-11e4-a52e-4f735466cecf":"0f8c626a-07c3-43b1-ad5b-12a5eb6c6ba3"},{"element-6066-11e4-a52e-4f735466cecf":"c6e38e28-a2c4-42cd-930c-50a212f2dc80"},{"element-6066-11e4-a52e-4f735466cecf":"dd5d3da9-ba56-469e-b842-f4273024bcba"},{"element-6066-11e4-a52e-4f735466cecf":"7e33a35e-a5eb-4d43-8540-47952e3d95ab"},{"element-6066-11e4-a52e-4f735466cecf":"3ee23212-60cc-4168-9bd1-0d82a30bdc86"},{"element-6066-11e4-a52e-4f735466cecf":"994bdc83-2b88-4242-9897-702750bd9eb4"},{"element-6066-11e4-a52e-4f735466cecf":"f8d062d5-43b1-4042-8ebd-4f4670e71a5c"},{"element-6066-11e4-a52e-4f735466cecf":"247f64a5-52f2-408b-b461-be3169de77b2"},{"element-6066-11e4-a52e-4f735466cecf":"79beb4b4-7ce3-43b4-8e30-40eefe4e68cd"},{"element-6066-11e4-a52e-4f735466cecf":"ae407fbf-9b38-4792-ab0c-70b3e13bad35"},{"element-6066-11e4-a52e-4f735466cecf":"b538210c-61b5-4132-97d3-aad6c7a9a96e"},{"element-6066-11e4-a52e-4f735466cecf":"99c45567-fa17-499c-a997-18fd4a9485ae"},{"element-6066-11e4-a52e-4f735466cecf":"e672b4e6-bf5d-46c3-a5c3-b0a7286381a1"},{"element-6066-11e4-a52e-4f735466cecf":"44c2a159-d9f7-434a-9814-f30af0c82b46"},{"element-6066-11e4-a52e-4f735466cecf":"c2a4d425-6e20-4117-a595-db09f1e603bf"},{"element-6066-11e4-a52e-4f735466cecf":"a98e8150-0edd-4e5c-a734-d21a7be7ab21"},{"element-6066-11e4-a52e-4f735466cecf":"c76862ee-9389-408d-b7c4-91e79a6f72b9"},{"element-6066-11e4-a52e-4f735466cecf":"02d08e61-0ce0-47b7-81b2-ae38b3e07699"},{"element-6066-11e4-a52e-4f735466cecf":"05ea9240-86b2-464c-aac8-f04b7e4375e0"},{"element-6066-11e4-a52e-4f735466cecf":"8494ee26-56a5-4a6b-b140-c83bebfecd34"},{"element-6066-11e4-a52e-4f735466cecf":"fe37151d-3072-4331-b382-8ab44c497ac0"},{"element-6066-11e4-a52e-4f735466cecf":"82ddde6e-cef3-42a4-afbe-dfe993746e8f"},{"element-6066-11e4-a52e-4f735466cecf":"8858d8e8-4cb1-41bd-b4e3-82dc66f69572"},{"element-6066-11e4-a52e-4f735466cecf":"f6ecc726-c8b9-4a57-b3f3-cdd9ff9978c3"},{"element-6066-11e4-a52e-4f735466cecf":"f6527f3a-ce37-4844-aab3-43bfc96e0b21"},{"element-6066-11e4-a52e-4f735466cecf":"d619a74e-b0f8-4139-9417-403432164ffb"},{"element-6066-11e4-a52e-4f735466cecf":"ee55a33d-e099-4b9d-a3c2-6602117f980b"},{"element-6066-11e4-a52e-4f735466cecf":"2aa02e7e-7853-41cf-98ae-21ec03264fcd"},{"element-6066-11e4-a52e-4f735466cecf":"b15423fc-1b24-4d42-949f-63db9e71a8cf"},{"element-6066-11e4-a52e-4f735466cecf":"6d5b5f19-db98-47bb-852c-4bf6418ff288"},{"element-6066-11e4-a52e-4f735466cecf":"72ba72f9-407f-4119-9c5a-e5136b1f04df"},{"element-6066-11e4-a52e-4f735466cecf":"e2ce7a6e-7f21-451c-9dbf-8c12361efd23"},{"element-6066-11e4-a52e-4f735466cecf":"4531a807-06ca-4b1b-8299-fb915c237cb2"},{"element-6066-11e4-a52e-4f735466cecf":"e7df88ec-ffab-4d7a-baef-5149c1c84053"},{"element-6066-11e4-a52e-4f735466cecf":"3be279d6-6967-43e2-9656-05b3d36a87aa"},{"element-6066-11e4-a52e-4f735466cecf":"0ced837e-3e7a-4f48-a058-e9b5135f5366"},{"element-6066-11e4-a52e-4f735466cecf":"eeb4c5f4-6104-4f29-8300-2bb8a2398d4f"},{"element-6066-11e4-a52e-4f735466cecf":"07ac4cbb-6d69-43d6-a825-21e12d91f672"},{"element-6066-11e4-a52e-4f735466cecf":"506a4dad-260c-4f5f-82ae-3fe77335503c"},{"element-6066-11e4-a52e-4f735466cecf":"6884da9f-af40-4230-860f-9ce3ecba0d32"},{"element-6066-11e4-a52e-4f735466cecf":"f58cdce9-853e-4c7f-afdc-f39261176b22"},{"element-6066-11e4-a52e-4f735466cecf":"7058be8b-cf88-49f1-a505-c9975e19198e"},{"element-6066-11e4-a52e-4f735466cecf":"57c0ea6e-78be-445f-9efe-2e18f1d701b1"},{"element-6066-11e4-a52e-4f735466cecf":"5f9e71d2-6a92-46ea-8479-af6878829ecd"},{"element-6066-11e4-a52e-4f735466cecf":"089c0c53-3336-4f3b-b5c1-ab02eec17d1a"},{"element-6066-11e4-a52e-4f735466cecf":"cae37152-3471-4cbd-8286-9625afa3dc38"},{"element-6066-11e4-a52e-4f735466cecf":"d5e5d474-8a2f-49fb-bef5-c288930b5a08"},{"element-6066-11e4-a52e-4f735466cecf":"e35eee0d-b224-40a7-85c7-55d6cfea14d2"},{"element-6066-11e4-a52e-4f735466cecf":"86d1aa80-5308-4ab3-b4a3-b634a1241b80"},{"element-6066-11e4-a52e-4f735466cecf":"41a93572-ae1d-441d-8287-9547b458b5de"},{"element-6066-11e4-a52e-4f735466cecf":"42cd6a98-c334-4c40-bbdf-a5265abe912b"},{"element-6066-11e4-a52e-4f735466cecf":"9f9f3ffe-61fe-40fb-b8aa-2ced463adf5b"},{"element-6066-11e4-a52e-4f735466cecf":"24d6ba7c-2c5a-4160-ad87-eede24f8c6e5"},{"element-6066-11e4-a52e-4f735466cecf":"7a17ea78-9d79-4052-968e-6f27b62084e4"},{"element-6066-11e4-a52e-4f735466cecf":"6cac37c6-7dd0-46f5-a720-b70aaff89058"},{"element-6066-11e4-a52e-4f735466cecf":"67fbb538-fc0c-48c4-8510-d8af1da329fb"},{"element-6066-11e4-a52e-4f735466cecf":"be6c4a61-e7f2-4b0f-b3f6-e3362f9dc2e5"},{"element-6066-11e4-a52e-4f735466cecf":"3a47d23e-e2bc-4a84-8532-0b74bda74fae"},{"element-6066-11e4-a52e-4f735466cecf":"17a1789f-8c31-4abe-a5a6-4dfe6f3ff160"},{"element-6066-11e4-a52e-4f735466cecf":"ac9c0245-3046-45bc-a15b-834c60195493"},{"element-6066-11e4-a52e-4f735466cecf":"4e2c473f-4509-476e-8e95-d183541b5df4"},{"element-6066-11e4-a52e-4f735466cecf":"a80c2fdd-1fca-4470-b6a6-850f293052e7"},{"element-6066-11e4-a52e-4f735466cecf":"706423df-4338-4d3d-9479-b92cf07115f7"},{"element-6066-11e4-a52e-4f735466cecf":"21bad7a8-88e8-456e-a451-8a089986a7fb"},{"element-6066-11e4-a52e-4f735466cecf":"5ae83650-8aea-449e-be6c-6c6b80b5712e"},{"element-6066-11e4-a52e-4f735466cecf":"f6dbd47c-66aa-431f-b8f2-a102c4072fef"},{"element-6066-11e4-a52e-4f735466cecf":"0432d049-c6b5-4787-b348-390c7b26adf0"},{"element-6066-11e4-a52e-4f735466cecf":"0fe13688-d383-48bb-baa6-7aca13a0fa84"},{"element-6066-11e4-a52e-4f735466cecf":"33d40c63-5f8c-4c8c-9cb1-b835ba15d3ba"},{"element-6066-11e4-a52e-4f735466cecf":"c0d9c90e-e110-4556-8ee4-62291c280fad"},{"element-6066-11e4-a52e-4f735466cecf":"83527d2a-920b-4875-94e2-367de9f450e4"},{"element-6066-11e4-a52e-4f735466cecf":"57eb2e5f-2cc7-4042-8880-65d5e6d41803"},{"element-6066-11e4-a52e-4f735466cecf":"1ab2ee8d-0967-4957-abf6-df4492c5858e"},{"element-6066-11e4-a52e-4f735466cecf":"294cb1d8-c8b8-4fa8-9eb6-9b3c382d00fd"},{"element-6066-11e4-a52e-4f735466cecf":"9a99b406-f72d-4070-b535-5f2806715101"},{"element-6066-11e4-a52e-4f735466cecf":"93c2d84d-170e-4396-bf8c-19c6e34fc8c2"},{"element-6066-11e4-a52e-4f735466cecf":"bed4fa8c-f41e-46c6-9e0f-81aae990bf6d"},{"element-6066-11e4-a52e-4f735466cecf":"43e0d3c8-53f3-4b0f-ad28-ffbcdbe852b7"},{"element-6066-11e4-a52e-4f735466cecf":"b2f7a12f-8d55-495e-966d-654993d9c925"},{"element-6066-11e4-a52e-4f735466cecf":"40adae3d-1f09-4a8b-8fb5-46a017219d55"},{"element-6066-11e4-a52e-4f735466cecf":"2428b68a-3e0e-4f47-a4ab-d932b104431f"},{"element-6066-11e4-a52e-4f735466cecf":"f1b187e1-8d45-4fc3-ab20-cde752fbfc2b"},{"element-6066-11e4-a52e-4f735466cecf":"ba960d13-afd1-46bc-b0fd-e4c0e9787a8f"},{"element-6066-11e4-a52e-4f735466cecf":"aab4f206-3051-4a95-999b-7c1d4d0c296a"},{"element-6066-11e4-a52e-4f735466cecf":"5e046db6-9509-4626-b761-79c98f445bb7"},{"element-6066-11e4-a52e-4f735466cecf":"e8a82b3f-940a-4064-80b5-abd6766b3e1a"},{"element-6066-11e4-a52e-4f735466cecf":"d08a28c5-83cc-46b3-83b5-2b2348c042bf"},{"element-6066-11e4-a52e-4f735466cecf":"0da6b3d7-6c59-4cd6-9276-0f5b212ebbf7"},{"element-6066-11e4-a52e-4f735466cecf":"a9fb2236-3394-4c5c-88a2-549ab2e66764"},{"element-6066-11e4-a52e-4f735466cecf":"a1665828-ecfd-4362-b8d8-809bbaa71736"},{"element-6066-11e4-a52e-4f735466cecf":"88c7c4b6-25ee-4ce4-b38b-4d74d8f3d1d1"},{"element-6066-11e4-a52e-4f735466cecf":"ddf7996e-1561-427e-8f74-bd8c3cf8e17e"},{"element-6066-11e4-a52e-4f735466cecf":"e89a9ab9-dd63-47e4-808f-4f95fa65d3e8"},{"element-6066-11e4-a52e-4f735466cecf":"6275e2ce-2aaa-4f3b-99f7-0c44b3d65cf9"},{"element-6066-11e4-a52e-4f735466cecf":"d45f4579-7374-48b5-8e0a-ce6fefbf50dd"},{"element-6066-11e4-a52e-4f735466cecf":"0defef0d-a1da-4b85-bddf-4b591d426b64"},{"element-6066-11e4-a52e-4f735466cecf":"333e0d67-1b19-4fa0-828a-f30e595a2a9f"},{"element-6066-11e4-a52e-4f735466cecf":"33a563b5-f304-4a16-a8b2-c654f9d72ad6"},{"element-6066-11e4-a52e-4f735466cecf":"e1393c59-c79f-4647-b559-4392e096859b"},{"element-6066-11e4-a52e-4f735466cecf":"55cf4c58-ae00-4944-8cb4-de0d1f31b338"},{"element-6066-11e4-a52e-4f735466cecf":"3347534d-9bad-46e9-a609-36e09b6a6729"},{"element-6066-11e4-a52e-4f735466cecf":"b7821d45-e641-4ccd-8324-bb99b616dd58"},{"element-6066-11e4-a52e-4f735466cecf":"7c8bfe66-05d8-426e-bb8b-54a53657733e"},{"element-6066-11e4-a52e-4f735466cecf":"03b6df6a-6e13-4439-bdc7-0a52c358bb4d"},{"element-6066-11e4-a52e-4f735466cecf":"fa6d9d5e-b7f2-4e54-a740-d76d0aca5498"},{"element-6066-11e4-a52e-4f735466cecf":"532a92b8-3a24-4de3-9061-8efdf711a43a"},{"element-6066-11e4-a52e-4f735466cecf":"ce2a8bb0-61f2-4985-99d5-2d1bc1412bb7"},{"element-6066-11e4-a52e-4f735466cecf":"6b07ddc5-c031-49af-9104-60d3d4afd052"},{"element-6066-11e4-a52e-4f735466cecf":"ffccb5d2-6de9-4912-a0b6-ccd733983caf"},{"element-6066-11e4-a52e-4f735466cecf":"dc7b8389-8864-42d0-9a5d-76d3bd24035e"},{"element-6066-11e4-a52e-4f735466cecf":"5e3756e0-0fa8-45b1-9e92-88ca045cd754"},{"element-6066-11e4-a52e-4f735466cecf":"115477b6-a98b-41d5-b256-2b2c447bbcde"},{"element-6066-11e4-a52e-4f735466cecf":"a870d12f-e493-48cc-9ee4-955ee428fea0"},{"element-6066-11e4-a52e-4f735466cecf":"672f0bcf-c128-42fb-9e62-f54d19a135a8"},{"element-6066-11e4-a52e-4f735466cecf":"bb560242-ade1-4a7a-b0f8-eb74d544599f"},{"element-6066-11e4-a52e-4f735466cecf":"e45fd0d1-0b05-423c-932d-2be429c2f81d"},{"element-6066-11e4-a52e-4f735466cecf":"ec528a51-fcca-4e4a-a757-282569e11eac"},{"element-6066-11e4-a52e-4f735466cecf":"33b7c1f8-e5f1-443c-b9f5-b2841746ccaf"},{"element-6066-11e4-a52e-4f735466cecf":"fd3184ad-8af3-4800-91bb-0b318d306f12"},{"element-6066-11e4-a52e-4f735466cecf":"20527892-d86f-46fe-b2be-ac0fa26cc23d"},{"element-6066-11e4-a52e-4f735466cecf":"fcf76ec1-921c-43fe-b5a6-55bfaf0f32f7"},{"element-6066-11e4-a52e-4f735466cecf":"ff046841-a4d2-40d1-abc2-b7dc7de96233"},{"element-6066-11e4-a52e-4f735466cecf":"cf2a72a9-7699-4db4-a725-95c842e7382c"},{"element-6066-11e4-a52e-4f735466cecf":"fd0e2f2f-0dd8-4d32-bbe6-3da6d3528d20"},{"element-6066-11e4-a52e-4f735466cecf":"c318ca50-4082-4e09-8364-ae8220b1e2a3"},{"element-6066-11e4-a52e-4f735466cecf":"64400d9a-2111-440d-b9ae-43a37070584f"},{"element-6066-11e4-a52e-4f735466cecf":"c8072c2e-3a82-4f4e-be82-b17a48d38920"},{"element-6066-11e4-a52e-4f735466cecf":"d7869f70-11be-4b1e-9495-8384e098f4fa"},{"element-6066-11e4-a52e-4f735466cecf":"9439db84-424f-41ff-9456-51e3b0bc9b63"},{"element-6066-11e4-a52e-4f735466cecf":"ec8b6715-bb23-4512-a516-1da3ebb36c9f"},{"element-6066-11e4-a52e-4f735466cecf":"1b914bbd-5e67-46b5-a0b2-d5ba43ac063b"},{"element-6066-11e4-a52e-4f735466cecf":"39b8bde4-031c-4e3a-b9f8-bacd21f52c14"},{"element-6066-11e4-a52e-4f735466cecf":"e9881e05-975e-40ba-9b9e-4c14519a5838"},{"element-6066-11e4-a52e-4f735466cecf":"6be05cbe-8842-4d00-b4fe-1ef9ef9031ce"},{"element-6066-11e4-a52e-4f735466cecf":"b1e507d9-3f27-42f5-8986-7ec16c6dd580"},{"element-6066-11e4-a52e-4f735466cecf":"77337672-c6ab-4753-96e6-9caf8eac9d52"},{"element-6066-11e4-a52e-4f735466cecf":"97122ec5-89ad-40ea-9ba4-88929191c44f"},{"element-6066-11e4-a52e-4f735466cecf":"dac87870-4351-4db4-b5bc-a538e8b9fc05"},{"element-6066-11e4-a52e-4f735466cecf":"17102eb9-f184-4108-a427-680d8bd20866"},{"element-6066-11e4-a52e-4f735466cecf":"8d74cd7f-7be4-4ecc-8f96-5fe79f9af245"},{"element-6066-11e4-a52e-4f735466cecf":"9f46bf01-c4b2-466e-b0f5-87c32dcb9387"},{"element-6066-11e4-a52e-4f735466cecf":"0050b099-3f21-4b16-beaa-f5745d90dd9e"},{"element-6066-11e4-a52e-4f735466cecf":"f3e2153f-17c0-47aa-b0f6-9eb5f48bc599"},{"element-6066-11e4-a52e-4f735466cecf":"5f3414d3-95b1-4194-ae25-9f4376330f9d"},{"element-6066-11e4-a52e-4f735466cecf":"8058f5da-4541-4fdc-9707-9eb535f5ac6e"},{"element-6066-11e4-a52e-4f735466cecf":"088552e2-0f55-4cab-b2cc-c9537f5c8c95"},{"element-6066-11e4-a52e-4f735466cecf":"4d3d7814-9583-42d2-96e0-c61c3ee452d0"},{"element-6066-11e4-a52e-4f735466cecf":"b6125451-5dee-46c6-9d98-923901b38f2f"},{"element-6066-11e4-a52e-4f735466cecf":"79a48ac4-d317-4b4b-9bdd-84e783dcc8de"},{"element-6066-11e4-a52e-4f735466cecf":"7b32f733-e763-400f-a238-27fe8a8501fa"},{"element-6066-11e4-a52e-4f735466cecf":"c8dd8757-be33-4d26-b0bc-e4a6901de3fb"},{"element-6066-11e4-a52e-4f735466cecf":"49f7afd0-fc47-460f-9cf6-79f83a94304c"},{"element-6066-11e4-a52e-4f735466cecf":"a336d84d-f318-4a90-9ae5-43ed600c4614"},{"element-6066-11e4-a52e-4f735466cecf":"3e9df924-8e03-4598-ba69-79e4e2b66867"},{"element-6066-11e4-a52e-4f735466cecf":"80885d28-c121-4a22-8fc3-29c01699810f"},{"element-6066-11e4-a52e-4f735466cecf":"ee301d52-5a7b-4c33-978c-d76f27ffdf54"},{"element-6066-11e4-a52e-4f735466cecf":"098b0cbc-efc0-4ae1-bfe1-94a8e8a6b810"},{"element-6066-11e4-a52e-4f735466cecf":"66df0f06-fe0f-4c4e-830a-7d5dd6045da0"},{"element-6066-11e4-a52e-4f735466cecf":"1505c707-afb9-49de-abe8-75975ceab1ed"},{"element-6066-11e4-a52e-4f735466cecf":"f2bdba1b-8c32-4e23-a865-7587b195f385"},{"element-6066-11e4-a52e-4f735466cecf":"c6dfff55-58ff-4215-995f-abfae76c64cc"},{"element-6066-11e4-a52e-4f735466cecf":"10e4ad56-83eb-4468-9852-6e08b2b541c6"},{"element-6066-11e4-a52e-4f735466cecf":"c8971a2b-f953-4a9d-a442-49189d7dc261"},{"element-6066-11e4-a52e-4f735466cecf":"986279e3-a415-4c8c-abcc-0a1be8e8d825"},{"element-6066-11e4-a52e-4f735466cecf":"76601ec4-4fd4-404d-a014-023d25544048"},{"element-6066-11e4-a52e-4f735466cecf":"fc6c5d5c-5bdc-4647-96c0-23d5ba182371"},{"element-6066-11e4-a52e-4f735466cecf":"e8cdd542-0720-4740-ba25-e7266515926d"},{"element-6066-11e4-a52e-4f735466cecf":"3a83ccc7-0258-4d40-9273-5f7de38ea236"},{"element-6066-11e4-a52e-4f735466cecf":"6fbadd2c-d0ec-4bd0-8f6b-2a1e8524417b"},{"element-6066-11e4-a52e-4f735466cecf":"90484179-ca57-4d1a-afaf-5e903a60affa"},{"element-6066-11e4-a52e-4f735466cecf":"97b21382-5272-45a7-a07d-f0f779443abe"},{"element-6066-11e4-a52e-4f735466cecf":"0daca1b1-e9d7-4892-a032-f025a2c4b956"},{"element-6066-11e4-a52e-4f735466cecf":"f71d0799-6ec2-451c-9961-cfa969130657"},{"element-6066-11e4-a52e-4f735466cecf":"cd1158e3-bb63-4e98-961e-fcd3b24700a7"},{"element-6066-11e4-a52e-4f735466cecf":"8998c9fb-cec4-42fd-8406-4942a4750c25"},{"element-6066-11e4-a52e-4f735466cecf":"1e847702-3eb1-483a-9a2d-bd05478d439f"},{"element-6066-11e4-a52e-4f735466cecf":"82191493-fade-44b0-99a6-a474f308b660"},{"element-6066-11e4-a52e-4f735466cecf":"4d72ff33-1c55-4518-a468-dfcefe5102c3"},{"element-6066-11e4-a52e-4f735466cecf":"03e59012-a55d-456b-874c-7b830044e48a"},{"element-6066-11e4-a52e-4f735466cecf":"dc6443b2-54e3-4a6b-89a7-b1214ca839bb"},{"element-6066-11e4-a52e-4f735466cecf":"a7e65173-6bb0-45f2-880a-ba669cbfb6b3"},{"element-6066-11e4-a52e-4f735466cecf":"d0e79ab5-9c75-4970-9a2c-4e87ab8b4a68"},{"element-6066-11e4-a52e-4f735466cecf":"8436df87-859d-4180-bec3-ed428e2f1deb"},{"element-6066-11e4-a52e-4f735466cecf":"8eb1ff2d-4e15-4246-aaa6-cb98286340b4"},{"element-6066-11e4-a52e-4f735466cecf":"cccff076-4a96-4327-ad0a-b964f661c65b"},{"element-6066-11e4-a52e-4f735466cecf":"b7ace206-a6db-45fa-a279-d0e0fdac9794"},{"element-6066-11e4-a52e-4f735466cecf":"1adc7fac-da3f-403e-b2cd-60496a090076"},{"element-6066-11e4-a52e-4f735466cecf":"5257b74a-4b16-4b00-946d-f5e53530d62c"},{"element-6066-11e4-a52e-4f735466cecf":"02fa5c90-706b-4d96-aadb-61bca8ba8e60"},{"element-6066-11e4-a52e-4f735466cecf":"9386cf9c-d9f5-40f6-8de6-ec360adfc81c"},{"element-6066-11e4-a52e-4f735466cecf":"b86b4c4e-419b-42c8-95e8-064ab5eb434a"},{"element-6066-11e4-a52e-4f735466cecf":"56167050-f695-4a20-94f1-834da6ba36b1"},{"element-6066-11e4-a52e-4f735466cecf":"0876148b-71e8-4067-a3f1-5844b571ad05"},{"element-6066-11e4-a52e-4f735466cecf":"f3282329-dc95-4c61-b796-20f70d2b3616"},{"element-6066-11e4-a52e-4f735466cecf":"ac206e16-5309-49e6-9834-e6ce7aa1d381"},{"element-6066-11e4-a52e-4f735466cecf":"467c39f0-9fce-4a2b-85a0-913e8e42d816"},{"element-6066-11e4-a52e-4f735466cecf":"418c51a5-022d-4f50-90e6-0bb54a55333f"},{"element-6066-11e4-a52e-4f735466cecf":"f15a6774-d9da-4f14-9f82-2a66e784b619"},{"element-6066-11e4-a52e-4f735466cecf":"54931342-3ae8-42e7-a09d-fa04125af623"},{"element-6066-11e4-a52e-4f735466cecf":"544f81c2-f67c-4c78-b17f-6725b1405cd4"},{"element-6066-11e4-a52e-4f735466cecf":"ffacaee5-f3a3-499a-a7f2-54abecad1b7d"},{"element-6066-11e4-a52e-4f735466cecf":"2510c36b-a027-4763-8787-07c714e3300b"},{"element-6066-11e4-a52e-4f735466cecf":"fba37213-ff4b-48f6-b2c4-0802809965f3"},{"element-6066-11e4-a52e-4f735466cecf":"3988db1b-2b64-4645-b173-97abbf58f872"},{"element-6066-11e4-a52e-4f735466cecf":"054308b9-873c-4296-847e-1c0fa9ccb189"},{"element-6066-11e4-a52e-4f735466cecf":"c45fdf03-9064-41df-9f07-e0ba5939be16"},{"element-6066-11e4-a52e-4f735466cecf":"560f01b1-b51a-48fc-9d53-4991aa380302"},{"element-6066-11e4-a52e-4f735466cecf":"ca80614d-e0f1-455c-8088-7d3166a0b67e"},{"element-6066-11e4-a52e-4f735466cecf":"734ca30e-9c4c-44bd-bf07-e848bc6e5a8c"},{"element-6066-11e4-a52e-4f735466cecf":"c3e58735-88da-40dd-a996-00662c4ce3b7"},{"element-6066-11e4-a52e-4f735466cecf":"f793b5ab-41f1-4624-b902-a6935baddf6b"},{"element-6066-11e4-a52e-4f735466cecf":"33274cb1-961e-4365-bed2-187b31e6ac82"},{"element-6066-11e4-a52e-4f735466cecf":"1d5afe5a-e686-4465-81a5-3946c8acf255"},{"element-6066-11e4-a52e-4f735466cecf":"1a06b1e4-ea63-42ca-96b2-52d1125acb85"},{"element-6066-11e4-a52e-4f735466cecf":"89980229-38e3-4bf9-bacc-a739cfd671d8"},{"element-6066-11e4-a52e-4f735466cecf":"3a9c1967-dd66-44a7-b2b1-3569b21ddc86"},{"element-6066-11e4-a52e-4f735466cecf":"d8ec0a21-3bff-4148-8216-3cf9e8c3b781"},{"element-6066-11e4-a52e-4f735466cecf":"ce05c2c1-b032-47aa-b3a5-078ba68d4dcd"},{"element-6066-11e4-a52e-4f735466cecf":"c909b93f-78fa-40f7-966c-8dc5bcaa2f4f"},{"element-6066-11e4-a52e-4f735466cecf":"48a12298-e3e2-422f-9a64-d3dbaf8af2cd"},{"element-6066-11e4-a52e-4f735466cecf":"db9d9ba8-eab6-4ed5-a804-f0191aa45b19"},{"element-6066-11e4-a52e-4f735466cecf":"4f2d10c7-0984-4460-b781-a54bc5261f6f"},{"element-6066-11e4-a52e-4f735466cecf":"40c486d3-b2c5-42c9-aeb8-65bf3076445d"},{"element-6066-11e4-a52e-4f735466cecf":"fd136c48-4746-4076-bb02-bb1f2d37b2f3"},{"element-6066-11e4-a52e-4f735466cecf":"22fc111e-b6d2-4c74-9e0e-34b492b8b88e"},{"element-6066-11e4-a52e-4f735466cecf":"fff3e7a3-16c3-4245-a912-36752496e3f9"},{"element-6066-11e4-a52e-4f735466cecf":"a912b52e-f8c4-4768-b2fa-590c768fee01"},{"element-6066-11e4-a52e-4f735466cecf":"5bb1ea53-e0ab-4ebd-b29d-d47c7b53c49f"},{"element-6066-11e4-a52e-4f735466cecf":"6d758cfd-8253-4c92-b75d-0d6a0e53b05c"},{"element-6066-11e4-a52e-4f735466cecf":"6ce385dd-ebcc-4986-96a5-1d022bf0dbd3"},{"element-6066-11e4-a52e-4f735466cecf":"3d77e43e-6f57-41b0-8ebf-b5ed02281726"},{"element-6066-11e4-a52e-4f735466cecf":"e402896b-c7f5-4838-a96a-dadc26bd8541"},{"element-6066-11e4-a52e-4f735466cecf":"2202d892-2767-4e48-92be-24524ce4e127"},{"element-6066-11e4-a52e-4f735466cecf":"f268fe2b-27ff-47d3-beaa-e842eab1f147"},{"element-6066-11e4-a52e-4f735466cecf":"cc46ce3d-e5ac-4065-87e7-24851f8eba99"},{"element-6066-11e4-a52e-4f735466cecf":"0fe78424-0820-415f-947f-306a8e77604a"},{"element-6066-11e4-a52e-4f735466cecf":"c354ea38-0df6-4817-b633-0f69575b6b41"},{"element-6066-11e4-a52e-4f735466cecf":"9580944e-d04c-47de-8085-f66feb1038d1"},{"element-6066-11e4-a52e-4f735466cecf":"8ca616b8-da1b-4e7a-bd76-22ffd878c200"},{"element-6066-11e4-a52e-4f735466cecf":"b6749ebb-7e70-4535-998c-d2ea7a03a877"},{"element-6066-11e4-a52e-4f735466cecf":"dba9d03e-3f67-4faf-93da-feea2aa53535"},{"element-6066-11e4-a52e-4f735466cecf":"ccfe3c90-b761-46af-af52-4526040ff55b"},{"element-6066-11e4-a52e-4f735466cecf":"c566c8b5-0269-48d9-82c7-aaea0bbd1c2a"},{"element-6066-11e4-a52e-4f735466cecf":"8c8bcfaa-7294-47ef-913f-8a12464ecf10"},{"element-6066-11e4-a52e-4f735466cecf":"19df270f-5466-49f1-965d-4afdc6ac7448"},{"element-6066-11e4-a52e-4f735466cecf":"6d750a9d-80fd-4633-a96a-c28d5d89440a"},{"element-6066-11e4-a52e-4f735466cecf":"393cfc78-be54-459d-a13f-cddd4acefb3a"},{"element-6066-11e4-a52e-4f735466cecf":"cb42f5bb-5357-4bd1-93b2-c9934ff2f36c"},{"element-6066-11e4-a52e-4f735466cecf":"c0a35d80-035f-4b94-8bbf-b63a4efe2442"},{"element-6066-11e4-a52e-4f735466cecf":"4cdddd37-63b3-47fa-9e8b-96a17b41c933"},{"element-6066-11e4-a52e-4f735466cecf":"1f128d2c-224d-4196-a104-95c492b3d217"},{"element-6066-11e4-a52e-4f735466cecf":"39eb39f6-cf6c-4f42-812d-9ca801a4f556"},{"element-6066-11e4-a52e-4f735466cecf":"dbbe5db5-08fb-4f24-8777-38c0c84a90ae"},{"element-6066-11e4-a52e-4f735466cecf":"021364f5-a055-40af-be36-467dfceb426f"},{"element-6066-11e4-a52e-4f735466cecf":"3e1e3d6c-2f1d-490a-8239-70b3ec2a51ee"},{"element-6066-11e4-a52e-4f735466cecf":"30f86221-2fc9-4a24-b629-046a59963338"},{"element-6066-11e4-a52e-4f735466cecf":"4e5b91bc-5e1d-4312-88be-18cdf8e49dcb"},{"element-6066-11e4-a52e-4f735466cecf":"ecddaa36-3cbb-45e6-b677-b25cd0d7c416"},{"element-6066-11e4-a52e-4f735466cecf":"5bda9ab2-c994-4801-b557-404c43bde38e"},{"element-6066-11e4-a52e-4f735466cecf":"670d82dc-425e-4b91-9a6d-7000667dc299"},{"element-6066-11e4-a52e-4f735466cecf":"fe0852e1-123b-4ff5-a2ce-902706f72c09"},{"element-6066-11e4-a52e-4f735466cecf":"f1ea3897-c939-4352-890e-34a86fc0d888"},{"element-6066-11e4-a52e-4f735466cecf":"6d77e280-5959-4b15-8c88-ab8562166089"},{"element-6066-11e4-a52e-4f735466cecf":"bee26161-2c41-4403-8e70-3d8c412eb3c3"},{"element-6066-11e4-a52e-4f735466cecf":"9e60bc1e-265e-4505-864c-d8a699eb0566"},{"element-6066-11e4-a52e-4f735466cecf":"4492ada8-1335-4c68-b92e-6c60e7318c46"},{"element-6066-11e4-a52e-4f735466cecf":"35ac9373-b734-4069-8e78-d4dfa1468e98"},{"element-6066-11e4-a52e-4f735466cecf":"9bd44ed5-40c6-4d9f-ae6a-b5ffbbbb32dd"},{"element-6066-11e4-a52e-4f735466cecf":"bbc18428-0701-4704-b945-5ff150aee5ee"},{"element-6066-11e4-a52e-4f735466cecf":"1125f0ee-5cb3-4ffe-a2d3-1ecb1a9dbab5"},{"element-6066-11e4-a52e-4f735466cecf":"a2e8e1f5-682b-4207-88ad-1fad53b7b3f7"},{"element-6066-11e4-a52e-4f735466cecf":"830f8216-0a75-45c7-b413-0e81b9e942b9"},{"element-6066-11e4-a52e-4f735466cecf":"331bd4a0-fc62-4461-a8c4-bed85759d332"},{"element-6066-11e4-a52e-4f735466cecf":"8f83566f-a5c4-4334-8ac4-4c1bcfc284d3"},{"element-6066-11e4-a52e-4f735466cecf":"8fefb4c2-dc31-4e43-ae8d-12831dc34a2f"},{"element-6066-11e4-a52e-4f735466cecf":"09a51fe8-fee9-47e6-833f-2fb2d4588b52"},{"element-6066-11e4-a52e-4f735466cecf":"bcedd8dc-3705-42c4-9e63-a22fa14fc3a1"},{"element-6066-11e4-a52e-4f735466cecf":"ff9123a2-e15a-4d29-b4c3-f8aa1cab8d7e"},{"element-6066-11e4-a52e-4f735466cecf":"a7b0928f-0594-477b-a4fe-12977d1c68e9"},{"element-6066-11e4-a52e-4f735466cecf":"83c541bf-2a1e-4cc5-9827-21fec0fba2f5"},{"element-6066-11e4-a52e-4f735466cecf":"17654974-3c00-49d3-b8f8-970c6cba14e1"},{"element-6066-11e4-a52e-4f735466cecf":"2b0c31d7-17d2-4ef7-906d-388edb7eeaed"},{"element-6066-11e4-a52e-4f735466cecf":"4e405400-2d55-4138-9cbb-854e970f7b45"},{"element-6066-11e4-a52e-4f735466cecf":"3f94cef0-7a95-44d1-8e9a-5a859552ac11"},{"element-6066-11e4-a52e-4f735466cecf":"14901519-5b97-4fa2-af9c-f6d212e03774"},{"element-6066-11e4-a52e-4f735466cecf":"168581fa-1387-4323-983f-5f20ccd14e30"},{"element-6066-11e4-a52e-4f735466cecf":"edc98053-0d1f-49ed-beeb-b3029974d00e"},{"element-6066-11e4-a52e-4f735466cecf":"c09d6d55-9ceb-4be2-a186-48945d0ad800"},{"element-6066-11e4-a52e-4f735466cecf":"64d58b60-a604-4669-929b-d5bbc7da6d31"},{"element-6066-11e4-a52e-4f735466cecf":"efa579ca-a38b-47f1-abab-6e4817f1b03e"},{"element-6066-11e4-a52e-4f735466cecf":"a966c968-f245-4006-a896-27c2c7c994d4"},{"element-6066-11e4-a52e-4f735466cecf":"e1bd5073-225c-40e8-8f8a-d95bd6aa255e"},{"element-6066-11e4-a52e-4f735466cecf":"428ba9a9-ac28-4aeb-b577-c6944114098b"},{"element-6066-11e4-a52e-4f735466cecf":"b08d451c-276c-40b1-b755-2678f346b2e9"},{"element-6066-11e4-a52e-4f735466cecf":"370e5770-8f8c-4cc7-8f50-2fff4873059c"},{"element-6066-11e4-a52e-4f735466cecf":"453fc5ff-7fc9-4c7f-8f23-db952d7b1e49"},{"element-6066-11e4-a52e-4f735466cecf":"cda1c19d-6426-4aaa-9b33-1f2c1ae2ecfc"},{"element-6066-11e4-a52e-4f735466cecf":"7db79589-f51f-477a-a9bc-125d37fe1bfe"},{"element-6066-11e4-a52e-4f735466cecf":"1151c96f-abd6-47b5-9268-d39ec5be7d18"},{"element-6066-11e4-a52e-4f735466cecf":"f3ed41b0-cdc8-47f4-b16b-146e56bf7549"},{"element-6066-11e4-a52e-4f735466cecf":"6e2cc0dc-42ec-4e57-9a4a-508283a12a68"},{"element-6066-11e4-a52e-4f735466cecf":"e66c2ec5-4f90-4c52-b9d1-f0cd6944fa38"},{"element-6066-11e4-a52e-4f735466cecf":"ef4d73f8-04d7-44a0-bdd2-6752df49ee37"},{"element-6066-11e4-a52e-4f735466cecf":"da797b9b-7d30-4ca1-8179-785ffe60ac02"},{"element-6066-11e4-a52e-4f735466cecf":"eceffa35-f501-4e14-9d92-0c4b7bf7a66e"},{"element-6066-11e4-a52e-4f735466cecf":"71e04959-755b-4692-a7e9-099e951e3007"},{"element-6066-11e4-a52e-4f735466cecf":"593e0d87-ee6a-4bb2-b967-9e10c0c7501b"},{"element-6066-11e4-a52e-4f735466cecf":"c5a6ecd1-2b3d-463a-94d4-5245b4633f45"},{"element-6066-11e4-a52e-4f735466cecf":"31272935-d4d6-4b0b-8434-82f25cc62fe4"},{"element-6066-11e4-a52e-4f735466cecf":"3586d789-3136-4cde-9a41-32da667deca2"},{"element-6066-11e4-a52e-4f735466cecf":"cc68c7d9-b7f2-4516-9be5-505eb28ff748"},{"element-6066-11e4-a52e-4f735466cecf":"cde6c39e-9a83-415f-8814-48e78be9cf91"},{"element-6066-11e4-a52e-4f735466cecf":"69f3d594-5519-4469-ba6f-733371412f72"},{"element-6066-11e4-a52e-4f735466cecf":"309e99f0-1698-46d8-a567-562e3e136504"},{"element-6066-11e4-a52e-4f735466cecf":"4c32d569-fd62-4e7b-b252-b5c2ce0a92a2"},{"element-6066-11e4-a52e-4f735466cecf":"4f1acd0e-6782-4b65-b4c6-26a42b82cb38"},{"element-6066-11e4-a52e-4f735466cecf":"1b9a2fc6-8ea5-4cf7-97fc-e897749fa9b4"},{"element-6066-11e4-a52e-4f735466cecf":"eba46af1-7610-4f60-a461-a0ceeb78221d"},{"element-6066-11e4-a52e-4f735466cecf":"ffbd6060-9de7-46b9-900d-01d24f03a3ff"},{"element-6066-11e4-a52e-4f735466cecf":"5ee73171-36e6-425f-8851-efc156ea6268"},{"element-6066-11e4-a52e-4f735466cecf":"1ae92316-005c-4ca7-a2ab-c44a76435050"},{"element-6066-11e4-a52e-4f735466cecf":"5eee88a9-4d68-436b-a567-eadfe482ca1b"},{"element-6066-11e4-a52e-4f735466cecf":"ca85cfce-e736-43ce-9ce6-f6c2e98e1f31"},{"element-6066-11e4-a52e-4f735466cecf":"5794e9fa-7b92-4ebf-8128-8e19302f0ad8"},{"element-6066-11e4-a52e-4f735466cecf":"a07b48a5-2999-4ccb-9cf6-f47dfcc31a83"},{"element-6066-11e4-a52e-4f735466cecf":"6f8227d2-b97e-436b-af51-3845177f1423"},{"element-6066-11e4-a52e-4f735466cecf":"808bd82e-3630-4c23-b44b-9b41e36e2ac4"},{"element-6066-11e4-a52e-4f735466cecf":"8857bda6-61c2-4fd9-b214-034f61e56449"},{"element-6066-11e4-a52e-4f735466cecf":"b4d0aed2-b767-4399-b81e-1a0663dace4b"},{"element-6066-11e4-a52e-4f735466cecf":"160a49c8-2721-4155-a428-25a0252369da"},{"element-6066-11e4-a52e-4f735466cecf":"88126929-849e-4ae0-ac86-e2f2dd481ecb"},{"element-6066-11e4-a52e-4f735466cecf":"9eb841de-779b-4891-bfb9-659117acca59"},{"element-6066-11e4-a52e-4f735466cecf":"622fffa6-6717-4595-bc09-c3b081810aca"},{"element-6066-11e4-a52e-4f735466cecf":"3c61feb6-e5c4-4df0-b8ed-23842c9e2857"},{"element-6066-11e4-a52e-4f735466cecf":"4128984e-1f54-45a6-b116-b56b9880fb46"},{"element-6066-11e4-a52e-4f735466cecf":"41a71066-6151-41e8-ba52-cfd62b4c0d2d"},{"element-6066-11e4-a52e-4f735466cecf":"960fe88e-8264-444a-8c48-82d2146e37f6"},{"element-6066-11e4-a52e-4f735466cecf":"c6d3a1ae-c954-4f88-a06b-66fc8a1a471e"},{"element-6066-11e4-a52e-4f735466cecf":"80c3b00f-c5cb-4b3f-a447-bc098b8e8b95"},{"element-6066-11e4-a52e-4f735466cecf":"a849711a-8cf7-485d-ae36-19105664d514"},{"element-6066-11e4-a52e-4f735466cecf":"e38852e5-4bdc-43e8-b01c-91fadd986f1f"},{"element-6066-11e4-a52e-4f735466cecf":"b9010b82-6b2d-487f-bfed-33ddd3e1a5c8"},{"element-6066-11e4-a52e-4f735466cecf":"5f0011bd-a71f-4d9b-a0c1-b5ddd567553b"},{"element-6066-11e4-a52e-4f735466cecf":"03f9f9f7-4a70-4544-83f6-69fcbfff20d0"},{"element-6066-11e4-a52e-4f735466cecf":"2b4d7944-33e0-49e5-b11e-89d81a466835"},{"element-6066-11e4-a52e-4f735466cecf":"48a3f99e-a385-4026-8096-95248df43059"},{"element-6066-11e4-a52e-4f735466cecf":"700f0aef-9d66-4b3f-ba25-7f9f2cf7e3bd"},{"element-6066-11e4-a52e-4f735466cecf":"0a3e0a00-77f0-43da-94eb-9c0d1182ddb7"},{"element-6066-11e4-a52e-4f735466cecf":"94c564c1-c2e9-4589-83d3-d1a65ac2f659"},{"element-6066-11e4-a52e-4f735466cecf":"e8a0f703-7edf-4f3d-8d1d-403abb488e57"},{"element-6066-11e4-a52e-4f735466cecf":"c05b31a6-07fd-4e6f-92a5-974b3870842f"},{"element-6066-11e4-a52e-4f735466cecf":"e56e85ea-94d4-4ae5-94cd-c74a7a0a79ad"},{"element-6066-11e4-a52e-4f735466cecf":"ac8deade-2241-44e7-b49d-2174f3be5693"},{"element-6066-11e4-a52e-4f735466cecf":"39c81464-8626-4bcc-94b0-91792c0adf2e"},{"element-6066-11e4-a52e-4f735466cecf":"50d09179-076f-4d0b-8d56-8f0511fadd7b"},{"element-6066-11e4-a52e-4f735466cecf":"20036d29-c1dc-46dd-96c2-174b74bece12"},{"element-6066-11e4-a52e-4f735466cecf":"27dd1aef-79be-4319-8309-acc149e618a0"},{"element-6066-11e4-a52e-4f735466cecf":"5d7ab746-8537-422a-bb9c-d36f45017581"},{"element-6066-11e4-a52e-4f735466cecf":"5e8e75fd-f69b-47dd-aaf9-0c39a47648f7"},{"element-6066-11e4-a52e-4f735466cecf":"19a68fd0-f319-4adb-8ee8-e9a70ea5e461"},{"element-6066-11e4-a52e-4f735466cecf":"a4964d29-2db6-485f-848f-596ae076fc7f"},{"element-6066-11e4-a52e-4f735466cecf":"21380587-69bc-4d36-a562-848ece8bd108"},{"element-6066-11e4-a52e-4f735466cecf":"2f19fe27-37cb-48a3-8bc4-876e83220dee"},{"element-6066-11e4-a52e-4f735466cecf":"863a5c45-64d0-4363-8efe-fa65bc516ac4"},{"element-6066-11e4-a52e-4f735466cecf":"019a3f50-7ada-43ff-af1d-b34e1a51337d"},{"element-6066-11e4-a52e-4f735466cecf":"d08b37e1-2a5a-4da9-a5f0-9e17747964b4"},{"element-6066-11e4-a52e-4f735466cecf":"39c21cf2-f3ac-4c83-b7a2-9d6467cbdb64"},{"element-6066-11e4-a52e-4f735466cecf":"5eec185d-7ebb-4a68-b08c-f4668958b111"},{"element-6066-11e4-a52e-4f735466cecf":"488fcb0e-7561-45f4-b0cb-4c61da22614b"},{"element-6066-11e4-a52e-4f735466cecf":"9588b5f1-2c1c-4d5e-bf18-43d75084bdc3"},{"element-6066-11e4-a52e-4f735466cecf":"c35fb63e-b874-4833-9b35-42c593c41833"},{"element-6066-11e4-a52e-4f735466cecf":"f14ff766-95ac-4d45-8df0-563280d02ed2"},{"element-6066-11e4-a52e-4f735466cecf":"2f6ef9a5-0558-4641-822c-cc4b31720e2e"},{"element-6066-11e4-a52e-4f735466cecf":"8ffddc03-312e-40fd-a3ca-d28c4e0898df"},{"element-6066-11e4-a52e-4f735466cecf":"b0ae8f0b-1202-4a36-a908-319df7ad51c5"},{"element-6066-11e4-a52e-4f735466cecf":"87237402-a735-41f1-9629-dea9fe8d5dfb"},{"element-6066-11e4-a52e-4f735466cecf":"eb222bf1-e00d-44ea-9d18-2766e2658921"},{"element-6066-11e4-a52e-4f735466cecf":"1b7f845d-6989-4be8-bb59-19f31c975422"},{"element-6066-11e4-a52e-4f735466cecf":"c746da7c-af76-474e-ae40-45c59a4ca588"},{"element-6066-11e4-a52e-4f735466cecf":"10f3cf3d-650b-4405-bc72-cebc0046b1fa"},{"element-6066-11e4-a52e-4f735466cecf":"55d9cf1d-00af-4ab4-bbae-5fde7d5a0063"},{"element-6066-11e4-a52e-4f735466cecf":"f1625bff-8985-4f6b-93e5-c206a59bfb67"},{"element-6066-11e4-a52e-4f735466cecf":"e6c2ae35-2f7f-42bf-b40e-244cfb58f28a"},{"element-6066-11e4-a52e-4f735466cecf":"a0aa0a7d-2e92-4668-8223-2c8dedc18680"},{"element-6066-11e4-a52e-4f735466cecf":"6190f969-ca6f-4264-b0d3-a57f41cab19c"},{"element-6066-11e4-a52e-4f735466cecf":"a4047889-208b-4ac7-9cb8-37b1bc7c416b"},{"element-6066-11e4-a52e-4f735466cecf":"47eaeb77-13a4-404a-8718-f765ca8632d7"},{"element-6066-11e4-a52e-4f735466cecf":"ec8dde49-fbc0-4c53-926e-2b6291fd1d2e"},{"element-6066-11e4-a52e-4f735466cecf":"cd5fbf96-3b2d-402e-9eef-95619ba97874"},{"element-6066-11e4-a52e-4f735466cecf":"0d1bc961-5827-4680-b258-d36efb1b33a0"},{"element-6066-11e4-a52e-4f735466cecf":"d1169753-66fa-417f-bb7c-01bd3b420b2f"},{"element-6066-11e4-a52e-4f735466cecf":"fc85cf93-301a-44b6-b024-b5b33f1d103c"},{"element-6066-11e4-a52e-4f735466cecf":"542c3651-68be-43b1-aa1e-3390f0cd4c60"},{"element-6066-11e4-a52e-4f735466cecf":"9c6936bd-0090-4450-a96e-1163ab9f4553"},{"element-6066-11e4-a52e-4f735466cecf":"b37dd98b-d8cb-4b51-8ca4-c3f774c3de3d"},{"element-6066-11e4-a52e-4f735466cecf":"74cad2ad-137d-45a1-b901-9ba9f1e1ded0"},{"element-6066-11e4-a52e-4f735466cecf":"e5f30d70-74c6-44d9-b841-f7c22819aaef"},{"element-6066-11e4-a52e-4f735466cecf":"63796fc0-4f1c-494e-b1f4-bfa026afd9a4"},{"element-6066-11e4-a52e-4f735466cecf":"2ea0aeab-957e-4748-8865-14eb6bab6418"},{"element-6066-11e4-a52e-4f735466cecf":"30de07dd-bbf3-48b0-9f7e-0279e5f39ff0"},{"element-6066-11e4-a52e-4f735466cecf":"2d247109-ed62-4460-a651-aeac01d7b292"},{"element-6066-11e4-a52e-4f735466cecf":"a5285588-de17-4c73-baa9-8ea694dc259b"},{"element-6066-11e4-a52e-4f735466cecf":"50a89cb4-7fe7-4f90-82a0-c1be57874300"},{"element-6066-11e4-a52e-4f735466cecf":"ae57a423-c216-4a23-a7be-be96d8ecf893"},{"element-6066-11e4-a52e-4f735466cecf":"b6724c1a-e2fe-4472-858d-55e2b513f092"},{"element-6066-11e4-a52e-4f735466cecf":"82b4d4c5-963f-4929-b50b-f569c0632b96"},{"element-6066-11e4-a52e-4f735466cecf":"9705bf8c-1ad9-42f3-b666-60a67d42792f"},{"element-6066-11e4-a52e-4f735466cecf":"eeb26b6e-1cb7-4d0d-a26d-732ee4374b62"},{"element-6066-11e4-a52e-4f735466cecf":"d580fff2-50d2-4aae-9443-1e6591969dcd"},{"element-6066-11e4-a52e-4f735466cecf":"3c11520e-bfa9-4946-9463-5c98038577c5"},{"element-6066-11e4-a52e-4f735466cecf":"c4532c07-54d6-40f0-a58d-7eb01e2d27a7"},{"element-6066-11e4-a52e-4f735466cecf":"de6f7954-6d8b-451f-b292-4936fcaf058e"},{"element-6066-11e4-a52e-4f735466cecf":"a4855703-7f72-496a-b788-7a845ef02ebc"},{"element-6066-11e4-a52e-4f735466cecf":"15ae602e-0f6a-4d1d-b31e-5a69d3ed5326"},{"element-6066-11e4-a52e-4f735466cecf":"ef30d23c-2e39-4e6a-9773-11a36d503a6a"},{"element-6066-11e4-a52e-4f735466cecf":"c3b6b63d-a3a6-4e93-8e08-d2bf21afdb40"},{"element-6066-11e4-a52e-4f735466cecf":"28e3b0e3-f0b3-4cb6-9570-7c109d8a4df0"},{"element-6066-11e4-a52e-4f735466cecf":"21b98d3b-e8dc-4866-b1ac-307f3bcd5a49"},{"element-6066-11e4-a52e-4f735466cecf":"18b02334-fd2b-491e-a979-0ead8bdbf7b5"},{"element-6066-11e4-a52e-4f735466cecf":"9086d5b5-ac04-461f-92ec-b33ca9b72acf"},{"element-6066-11e4-a52e-4f735466cecf":"a05b29b2-d2aa-4a14-8d87-449ccf972b6a"},{"element-6066-11e4-a52e-4f735466cecf":"ff6877f2-49db-40d5-93c2-794223041bd7"},{"element-6066-11e4-a52e-4f735466cecf":"67792d1b-11fd-4835-94d8-e91477ad7b51"},{"element-6066-11e4-a52e-4f735466cecf":"3b6b0ddc-0e64-479c-83ec-05b10093edd7"},{"element-6066-11e4-a52e-4f735466cecf":"1438a7e5-34a6-4b54-97d0-13c8f5325f1a"},{"element-6066-11e4-a52e-4f735466cecf":"1e1f0ce7-8a70-49cc-aaa4-17dddce3f6bc"},{"element-6066-11e4-a52e-4f735466cecf":"1ea93664-9980-4e66-a0c8-4570d4be4936"},{"element-6066-11e4-a52e-4f735466cecf":"0e5bb665-6b34-4969-8244-339ce2727501"},{"element-6066-11e4-a52e-4f735466cecf":"37020af2-ba7d-4be1-8ec4-81495e5577d3"},{"element-6066-11e4-a52e-4f735466cecf":"79df4c99-28fe-40c9-9bc2-6e7422fb4bcb"},{"element-6066-11e4-a52e-4f735466cecf":"9b195e26-d025-4be4-960e-a455fa204115"},{"element-6066-11e4-a52e-4f735466cecf":"4dc7e3fe-7f7c-460a-b88b-1e64af2d33da"},{"element-6066-11e4-a52e-4f735466cecf":"96913cb9-80d6-4e13-b4b6-1da3bff1ea11"},{"element-6066-11e4-a52e-4f735466cecf":"ba13027c-4f35-4878-b898-acb5d3f38d6b"},{"element-6066-11e4-a52e-4f735466cecf":"6a6acde2-5d76-4c2b-861b-8878099cc891"},{"element-6066-11e4-a52e-4f735466cecf":"9611850f-4008-4137-a6f2-ebec5e03fdf0"},{"element-6066-11e4-a52e-4f735466cecf":"250a1dc4-acee-4c52-b8e8-70ae5a5d8694"},{"element-6066-11e4-a52e-4f735466cecf":"65d9d567-eaf1-4d7c-abf4-c3ef0593fe37"},{"element-6066-11e4-a52e-4f735466cecf":"6a7ff7f1-0dd3-470b-8915-e08fdd78ad47"},{"element-6066-11e4-a52e-4f735466cecf":"a542e1d7-f18f-4e41-a7f9-60e27b0c5842"},{"element-6066-11e4-a52e-4f735466cecf":"1ef73cc8-db74-4f7d-bf4a-28f5af82806e"},{"element-6066-11e4-a52e-4f735466cecf":"080fcfb5-88e5-4e74-98d8-7f095b1649b6"},{"element-6066-11e4-a52e-4f735466cecf":"262966e2-26a9-4e20-a867-f8fd53adb827"},{"element-6066-11e4-a52e-4f735466cecf":"7bd163c0-6a82-4a24-a3d3-8cdfc4c7b30b"},{"element-6066-11e4-a52e-4f735466cecf":"4961bb0f-4d85-421d-8ec1-96d31396981a"},{"element-6066-11e4-a52e-4f735466cecf":"855b4bea-3876-4038-8b88-c17dbea9d76e"},{"element-6066-11e4-a52e-4f735466cecf":"7b7fc464-7e8e-4e0b-9c3e-13b0ebbf9247"},{"element-6066-11e4-a52e-4f735466cecf":"fb44e7c2-ca6f-4fd9-aea6-f559a4852c7d"},{"element-6066-11e4-a52e-4f735466cecf":"b82db288-dcf7-4daa-aaff-6aac3533edab"},{"element-6066-11e4-a52e-4f735466cecf":"0faae6b2-336f-42dc-a3a7-694ae88989be"},{"element-6066-11e4-a52e-4f735466cecf":"8452cd2b-da62-42d9-9751-0bab6a16459c"},{"element-6066-11e4-a52e-4f735466cecf":"6d5bc6eb-1251-446c-9b02-3d20d33db8f3"},{"element-6066-11e4-a52e-4f735466cecf":"d93a7d9d-e388-4df0-9085-71a7c50986cc"},{"element-6066-11e4-a52e-4f735466cecf":"e8fb3988-a699-4996-a5e0-a2dfd5cab5e8"},{"element-6066-11e4-a52e-4f735466cecf":"51bf2e58-be4e-49d0-8bde-2b3b14c41eee"},{"element-6066-11e4-a52e-4f735466cecf":"f7dfffc9-7631-4755-9b92-e358c7b8806d"},{"element-6066-11e4-a52e-4f735466cecf":"1459916d-4955-4758-8163-a462d9c0bd1d"},{"element-6066-11e4-a52e-4f735466cecf":"b8708770-1d0f-4125-8fa8-755118965d97"},{"element-6066-11e4-a52e-4f735466cecf":"3310dcdb-862b-4f79-8f56-139510737bf7"},{"element-6066-11e4-a52e-4f735466cecf":"bb1e98d4-88f7-4df0-9c9c-934c30ddfef8"},{"element-6066-11e4-a52e-4f735466cecf":"1d4a70ee-ab87-499a-ab06-70efb3325222"},{"element-6066-11e4-a52e-4f735466cecf":"35f7c081-acc4-4a76-8573-5ab6736e8caa"},{"element-6066-11e4-a52e-4f735466cecf":"1d598a54-ab40-4089-a52c-9fba4d4891de"},{"element-6066-11e4-a52e-4f735466cecf":"3f10b919-5286-4716-bebf-8888d5b519ba"},{"element-6066-11e4-a52e-4f735466cecf":"c29ddbb6-8d15-426d-941a-9d52b3213a2b"},{"element-6066-11e4-a52e-4f735466cecf":"1da8a52b-6e9e-4ae3-895c-6b679469d971"},{"element-6066-11e4-a52e-4f735466cecf":"81e4ccd6-5a97-4a60-ae1c-e7aa68907ca0"},{"element-6066-11e4-a52e-4f735466cecf":"998c00fb-6b8c-4d10-bb7f-05201985419e"},{"element-6066-11e4-a52e-4f735466cecf":"a90ad5d9-8fc8-4fac-969e-d901fcfeec1e"},{"element-6066-11e4-a52e-4f735466cecf":"03401c1d-14c1-422b-b66c-1db8eb757217"},{"element-6066-11e4-a52e-4f735466cecf":"5bff2dfb-3b8f-44c1-ab96-a1ab5a862b3a"},{"element-6066-11e4-a52e-4f735466cecf":"1d43e9ec-7233-44c3-8bfa-e7e59f6c63cd"},{"element-6066-11e4-a52e-4f735466cecf":"dc842dd7-2054-4587-858e-5cd2103850e0"},{"element-6066-11e4-a52e-4f735466cecf":"36cf85a9-e34f-42ba-af1c-652fcf8524ed"},{"element-6066-11e4-a52e-4f735466cecf":"6964df65-ab89-4157-bff0-2df96703150f"},{"element-6066-11e4-a52e-4f735466cecf":"6a823bb3-6db5-4132-a1f2-be6e4cf2602f"},{"element-6066-11e4-a52e-4f735466cecf":"40221b15-eaf5-4660-b9f3-d1107afa4bac"},{"element-6066-11e4-a52e-4f735466cecf":"4a226242-7ffc-420a-bb25-cc539e9f713e"},{"element-6066-11e4-a52e-4f735466cecf":"e80dae7b-db2c-490d-a986-6bdfa44c025d"},{"element-6066-11e4-a52e-4f735466cecf":"cb6d036e-3272-4e0f-adfd-e0d818d1b89c"},{"element-6066-11e4-a52e-4f735466cecf":"41d0dfbb-fb48-4b7a-ae46-891ed7eea875"},{"element-6066-11e4-a52e-4f735466cecf":"92451e51-6fd7-4360-8e22-6b573153dc71"},{"element-6066-11e4-a52e-4f735466cecf":"e1687dbe-3d9c-4919-8469-39896ac8b6e8"},{"element-6066-11e4-a52e-4f735466cecf":"0a3f04f6-ec23-4432-b216-8568a75e7a88"},{"element-6066-11e4-a52e-4f735466cecf":"9c149a65-027c-422b-b9dc-021c8f98957f"},{"element-6066-11e4-a52e-4f735466cecf":"bb33111e-e4b5-4283-bfa5-8baef73e161e"},{"element-6066-11e4-a52e-4f735466cecf":"b18b5560-8e2e-424f-a8cc-09cd2983d7b5"},{"element-6066-11e4-a52e-4f735466cecf":"c77e7964-32ab-454a-8e03-88e8886bafda"},{"element-6066-11e4-a52e-4f735466cecf":"43dc505c-68fa-4520-b88d-92ee0f5a4c26"},{"element-6066-11e4-a52e-4f735466cecf":"c0ab368b-c90f-424d-98a3-ffa25509bab3"},{"element-6066-11e4-a52e-4f735466cecf":"31db063a-7247-4af3-8a6f-ba8c96b52907"},{"element-6066-11e4-a52e-4f735466cecf":"1639d028-f7ac-47e1-91b6-d36ead106597"},{"element-6066-11e4-a52e-4f735466cecf":"ac86972f-c932-408d-ae37-8b23fa1f4447"},{"element-6066-11e4-a52e-4f735466cecf":"b02e51bd-a238-4ee8-bd1a-6b0fbc5c5ee8"},{"element-6066-11e4-a52e-4f735466cecf":"887940af-f3eb-4b13-b3b3-c626c81fef98"},{"element-6066-11e4-a52e-4f735466cecf":"4ce00ad8-fcab-41e6-8f4e-744ab366315a"},{"element-6066-11e4-a52e-4f735466cecf":"0d99151b-0cfc-413c-95ad-fd20ef4fd523"},{"element-6066-11e4-a52e-4f735466cecf":"e09c36df-be4e-451e-9227-6ec42476bc55"},{"element-6066-11e4-a52e-4f735466cecf":"f344e983-a8fd-4adf-9957-fadc246bc546"},{"element-6066-11e4-a52e-4f735466cecf":"684e1f12-1f4d-4891-a07a-f2a9c24e54bd"},{"element-6066-11e4-a52e-4f735466cecf":"ffe958b0-bfa6-4629-8c0f-47f5f334a2bb"},{"element-6066-11e4-a52e-4f735466cecf":"647c90e0-3389-4f62-b7a3-151a87fa2798"},{"element-6066-11e4-a52e-4f735466cecf":"6ac154f5-767b-4700-99fd-6c6a940ef0af"},{"element-6066-11e4-a52e-4f735466cecf":"e3200570-5e53-4c59-b9b6-8045575d22d6"},{"element-6066-11e4-a52e-4f735466cecf":"56057181-17dd-4f4d-a953-6e33924975b2"},{"element-6066-11e4-a52e-4f735466cecf":"0fac90e8-970a-46a7-8446-32d99c2660b8"},{"element-6066-11e4-a52e-4f735466cecf":"94316f9a-3360-4569-bec0-4b8dbedc328e"},{"element-6066-11e4-a52e-4f735466cecf":"42010c3b-588d-424c-9458-875cf9034da7"},{"element-6066-11e4-a52e-4f735466cecf":"cd913ba3-3b4d-425b-b3ce-2b0d79b83e0a"},{"element-6066-11e4-a52e-4f735466cecf":"3fc16878-c2f0-4afe-bffc-1e7a8184b889"},{"element-6066-11e4-a52e-4f735466cecf":"b973b906-32d9-43ed-8e68-269983f52201"},{"element-6066-11e4-a52e-4f735466cecf":"c630d705-08c3-4c98-afc1-5118eaaee768"},{"element-6066-11e4-a52e-4f735466cecf":"1eec8bc0-a6ff-4cf6-bad4-a71575549fcb"},{"element-6066-11e4-a52e-4f735466cecf":"9386edfc-35ca-4db0-9ab8-17820d26046e"},{"element-6066-11e4-a52e-4f735466cecf":"1aaa5bf9-0c7d-43f4-9391-d3f1f4bcce89"},{"element-6066-11e4-a52e-4f735466cecf":"b3df4396-8596-48c6-b1bb-edde98dc038d"},{"element-6066-11e4-a52e-4f735466cecf":"afdb64c8-33c3-4a76-8c95-a5172215e775"},{"element-6066-11e4-a52e-4f735466cecf":"b63b201b-8ffe-4f33-b34f-6189b388caaf"},{"element-6066-11e4-a52e-4f735466cecf":"ac1de580-0b3f-4e72-ae98-bf033bc65941"},{"element-6066-11e4-a52e-4f735466cecf":"14561430-82bc-431b-b68d-55f07000c33f"},{"element-6066-11e4-a52e-4f735466cecf":"3ecf904a-73cc-4586-af73-35280caf2cbc"},{"element-6066-11e4-a52e-4f735466cecf":"24a9eef8-b78f-4da4-9feb-d58ff5d45adb"},{"element-6066-11e4-a52e-4f735466cecf":"d44064e1-f5b6-41fb-ba4a-92971ea09ecd"},{"element-6066-11e4-a52e-4f735466cecf":"84fec6fd-db12-4fdc-bb67-effd9db4d03a"},{"element-6066-11e4-a52e-4f735466cecf":"66bab1dc-6efc-4cc7-80db-da2269748530"},{"element-6066-11e4-a52e-4f735466cecf":"fb8b144b-70ce-4e2d-825b-67e1ed9fede3"},{"element-6066-11e4-a52e-4f735466cecf":"ac2b98d5-0979-4cf3-a133-6e6279565fd5"},{"element-6066-11e4-a52e-4f735466cecf":"0daea58b-f26a-43a6-81d5-8455f6b2d95c"},{"element-6066-11e4-a52e-4f735466cecf":"1fd754f9-9f8e-458e-8e19-2d0be1b6aeec"},{"element-6066-11e4-a52e-4f735466cecf":"6c445e4b-f970-4340-8ce4-a527698acd61"},{"element-6066-11e4-a52e-4f735466cecf":"b2f2853a-3e8e-43e7-af37-6daa43a56ede"},{"element-6066-11e4-a52e-4f735466cecf":"e6176e1d-d61c-4ee8-b3ab-eb3123a870e4"},{"element-6066-11e4-a52e-4f735466cecf":"d7fc0e7a-e7c7-4d83-878b-6be3f1c69740"},{"element-6066-11e4-a52e-4f735466cecf":"4318d4c8-b074-418a-acff-45b74128671d"},{"element-6066-11e4-a52e-4f735466cecf":"27f7e661-69c4-4974-bafa-74efe58012bc"},{"element-6066-11e4-a52e-4f735466cecf":"7852fa2f-77a4-4503-8071-a85fbaf421ab"},{"element-6066-11e4-a52e-4f735466cecf":"4fb3c2a5-74e5-4ecd-94d1-8bdc8eb65095"},{"element-6066-11e4-a52e-4f735466cecf":"378e1678-0a86-4151-ab21-b69f3aaf8e2b"},{"element-6066-11e4-a52e-4f735466cecf":"e9512133-66cd-4f35-9bbf-1662c9ad6745"},{"element-6066-11e4-a52e-4f735466cecf":"9a935d10-5dc9-40b9-a57b-3ba2321749aa"},{"element-6066-11e4-a52e-4f735466cecf":"d9285485-aa0a-45a3-b1c8-e16ea303faae"},{"element-6066-11e4-a52e-4f735466cecf":"aa6bb61c-b08a-40d4-9b93-1bb99745e7fc"},{"element-6066-11e4-a52e-4f735466cecf":"febc6e88-f313-4fdc-865f-94b49a8a9cd4"},{"element-6066-11e4-a52e-4f735466cecf":"89640482-702e-4f29-8d30-da9099aa2c83"},{"element-6066-11e4-a52e-4f735466cecf":"3fa8c416-59f7-4352-aa6a-1e8507bc78f5"},{"element-6066-11e4-a52e-4f735466cecf":"026596df-fc3f-4a4d-ad5d-354056db3dbb"},{"element-6066-11e4-a52e-4f735466cecf":"634fc967-e5ea-4f89-a744-3c3c2f3a968b"},{"element-6066-11e4-a52e-4f735466cecf":"49bfba58-c0d5-4e63-a675-5538fa91c5b7"},{"element-6066-11e4-a52e-4f735466cecf":"c6b7a42d-0e98-4642-bb0e-607e7d42375e"},{"element-6066-11e4-a52e-4f735466cecf":"0db7bc8a-7056-45fd-ac51-52f2e8fa9f45"},{"element-6066-11e4-a52e-4f735466cecf":"c94a57a1-49d5-4a81-b551-b0a1c952568f"},{"element-6066-11e4-a52e-4f735466cecf":"db033df1-2198-4520-9363-13cd7790237c"},{"element-6066-11e4-a52e-4f735466cecf":"6d780fc3-59d2-459b-9c28-0dcde8e9296f"},{"element-6066-11e4-a52e-4f735466cecf":"908eaf66-51eb-4057-a954-749e97d61ff2"},{"element-6066-11e4-a52e-4f735466cecf":"a9fcb5cf-62ab-4508-b4a2-9ff1d356eb3f"},{"element-6066-11e4-a52e-4f735466cecf":"18b992b8-d9f2-4a6b-9315-2122eb9c3c4d"},{"element-6066-11e4-a52e-4f735466cecf":"61c95a25-b3a7-4f42-8001-ce127b2add5c"},{"element-6066-11e4-a52e-4f735466cecf":"6f9e4d5a-5c4a-4029-8bc5-f64243cc2998"},{"element-6066-11e4-a52e-4f735466cecf":"bf5b4aaa-dc09-48e9-b5fa-ed303a0afd30"},{"element-6066-11e4-a52e-4f735466cecf":"6a469c36-e3cb-430e-8512-62be2abecf4b"},{"element-6066-11e4-a52e-4f735466cecf":"a8483569-110b-4473-bf62-5c00b8d2fcb5"},{"element-6066-11e4-a52e-4f735466cecf":"3c68a91f-54d7-4743-a83c-ec4ad21d018f"},{"element-6066-11e4-a52e-4f735466cecf":"a45fc37f-6365-49cd-a367-62e1a636207f"},{"element-6066-11e4-a52e-4f735466cecf":"f569d09c-215d-4816-89c0-d28ebf3f4dc5"},{"element-6066-11e4-a52e-4f735466cecf":"70eeb75a-c622-4a1f-9a4d-34ca21fd7ae8"},{"element-6066-11e4-a52e-4f735466cecf":"1466355f-27cb-4500-a9ee-95b74f6c1223"},{"element-6066-11e4-a52e-4f735466cecf":"6279e22c-9610-4e18-958b-fc632855349d"},{"element-6066-11e4-a52e-4f735466cecf":"6e283f78-1f2a-4c9e-9580-08446a2ceb35"},{"element-6066-11e4-a52e-4f735466cecf":"a5c70c69-0329-4ea4-bb0f-17e8e1d01ac4"},{"element-6066-11e4-a52e-4f735466cecf":"80ece642-77bc-4f7e-95c3-ac5aba2ae855"},{"element-6066-11e4-a52e-4f735466cecf":"8ecb6ed6-05ea-4366-a97b-b54a8e22660f"},{"element-6066-11e4-a52e-4f735466cecf":"03439dec-da64-4d64-9e4e-eb419ec763c6"},{"element-6066-11e4-a52e-4f735466cecf":"e1d11dbe-ecbe-4f49-a24f-67aa72a7d52d"},{"element-6066-11e4-a52e-4f735466cecf":"16baf9fa-0f03-4df2-8eec-7890e5f291f2"},{"element-6066-11e4-a52e-4f735466cecf":"309d9f4e-257f-4334-965e-3af1b84f3ede"},{"element-6066-11e4-a52e-4f735466cecf":"d3d9b2d0-fdd2-4d86-89be-fc2585f94f72"},{"element-6066-11e4-a52e-4f735466cecf":"501ea2e1-5fb5-40fc-924e-38e925c05db3"},{"element-6066-11e4-a52e-4f735466cecf":"a871d4d7-8cd9-4c21-ad94-48d6271cef70"},{"element-6066-11e4-a52e-4f735466cecf":"3dd09292-3f85-4f23-8795-ae58eb102104"},{"element-6066-11e4-a52e-4f735466cecf":"f8d2ea2a-834e-4c93-aa43-8b70f2460e68"},{"element-6066-11e4-a52e-4f735466cecf":"17b8d405-d3ab-46e4-a562-87213619352d"},{"element-6066-11e4-a52e-4f735466cecf":"a1b8bdc9-3101-4477-b8b0-65dfc8d0724a"},{"element-6066-11e4-a52e-4f735466cecf":"56ddf9f6-03cb-4bd0-bf19-e4b0cbe06bdc"},{"element-6066-11e4-a52e-4f735466cecf":"b5bd661a-a95c-4bbe-8e79-7149f05a3df3"},{"element-6066-11e4-a52e-4f735466cecf":"ba48db8f-575d-4eb4-94f3-8d9ae925a783"},{"element-6066-11e4-a52e-4f735466cecf":"6dcfbb4d-e037-4020-8676-117dd424318b"},{"element-6066-11e4-a52e-4f735466cecf":"f08f25d2-8f9e-4551-a1c0-c2c27b556f5c"},{"element-6066-11e4-a52e-4f735466cecf":"e0139e0b-1ef4-48c9-afbe-165b6bcbb0ec"},{"element-6066-11e4-a52e-4f735466cecf":"8754addc-c1be-4509-995a-e9196a426e3b"},{"element-6066-11e4-a52e-4f735466cecf":"c053d6e9-94ec-400f-9c54-423342096dd6"},{"element-6066-11e4-a52e-4f735466cecf":"4d2523e5-6dd2-4c96-b228-89c8715c6d10"},{"element-6066-11e4-a52e-4f735466cecf":"46354d9d-99f9-44fa-8c05-7f674c20e6ad"},{"element-6066-11e4-a52e-4f735466cecf":"b3987d81-afad-46af-a8d9-6a8d2405ae8e"},{"element-6066-11e4-a52e-4f735466cecf":"aeba6946-dcd8-46eb-9dcd-ac7241dde999"},{"element-6066-11e4-a52e-4f735466cecf":"a6592c32-4e76-427d-a715-fb57d76a6f30"},{"element-6066-11e4-a52e-4f735466cecf":"5772b4ad-5fa7-4ed4-a3d3-54b58c9e78d8"},{"element-6066-11e4-a52e-4f735466cecf":"b17b13af-ba78-4d52-8c7b-3c0174bf8636"},{"element-6066-11e4-a52e-4f735466cecf":"de67907a-6534-492e-9a46-0a54c947aaea"},{"element-6066-11e4-a52e-4f735466cecf":"9a3ee521-a414-4ce1-87c5-096ec1085922"},{"element-6066-11e4-a52e-4f735466cecf":"6c7e3b49-ffaa-415b-b67f-bdaae08d7723"},{"element-6066-11e4-a52e-4f735466cecf":"394a5e8a-1ff4-4cb8-a203-286a66ffc9ad"},{"element-6066-11e4-a52e-4f735466cecf":"9dfca137-2f3a-4514-98db-dbcfe4a493d7"},{"element-6066-11e4-a52e-4f735466cecf":"d04f6d1f-b0e3-48ae-b66e-1cfea4b492a7"},{"element-6066-11e4-a52e-4f735466cecf":"843bad4c-51ef-4efc-8529-b549b264e3d7"},{"element-6066-11e4-a52e-4f735466cecf":"078f91e6-9938-42ba-bab2-b7ec3178f786"},{"element-6066-11e4-a52e-4f735466cecf":"cefb1752-0e01-4599-adb6-1379c8e0204c"},{"element-6066-11e4-a52e-4f735466cecf":"3c1793ca-b7d1-4c51-8959-c69f4d9ae59e"},{"element-6066-11e4-a52e-4f735466cecf":"a9701069-7f4a-41c0-9c94-37985b663db8"},{"element-6066-11e4-a52e-4f735466cecf":"f9456a59-94be-471e-93f2-24239124dc9b"},{"element-6066-11e4-a52e-4f735466cecf":"c731aa5c-bc77-4ef5-85fc-c3341e317ab4"},{"element-6066-11e4-a52e-4f735466cecf":"03c29bb1-371f-4340-8fec-b0bd5de1153b"},{"element-6066-11e4-a52e-4f735466cecf":"686f18f2-9cab-448c-8219-d30c1005720c"},{"element-6066-11e4-a52e-4f735466cecf":"58fefd97-4ea0-443c-bdbc-080fafe47fc2"},{"element-6066-11e4-a52e-4f735466cecf":"bb3c0014-0d6e-4d23-9933-046599e91a59"},{"element-6066-11e4-a52e-4f735466cecf":"9f29e4e8-833e-42ad-a956-b314251b1288"},{"element-6066-11e4-a52e-4f735466cecf":"e7590b4d-60df-488e-91f3-efb50db580bf"},{"element-6066-11e4-a52e-4f735466cecf":"f0477547-50e5-4712-84a0-95e2d1cf6882"},{"element-6066-11e4-a52e-4f735466cecf":"371484c5-0a8a-4499-be2b-f6e43a30f2d1"},{"element-6066-11e4-a52e-4f735466cecf":"67060d89-7b19-4ed5-a280-e832b37c1290"},{"element-6066-11e4-a52e-4f735466cecf":"d6d0245e-8a04-4820-9b47-1322b60457b5"},{"element-6066-11e4-a52e-4f735466cecf":"72f6c2a3-607f-4e79-8cb8-6210e5ce41f2"},{"element-6066-11e4-a52e-4f735466cecf":"d488083b-593a-47aa-99f1-80c9ffb79930"},{"element-6066-11e4-a52e-4f735466cecf":"f7f7d6cd-e2d6-406d-a420-f6dfc5f81b1c"},{"element-6066-11e4-a52e-4f735466cecf":"890bfbf5-3106-4eab-b47d-350df94f0ab1"},{"element-6066-11e4-a52e-4f735466cecf":"bde379f9-b190-4bf3-b5db-438f5fcfd57c"},{"element-6066-11e4-a52e-4f735466cecf":"34f9ef96-4c9a-4cf1-a458-132ecc93c23f"},{"element-6066-11e4-a52e-4f735466cecf":"53ecee30-3ac5-4fb5-8aeb-bb3e22f9470a"},{"element-6066-11e4-a52e-4f735466cecf":"2386f3be-fc25-4767-8b1a-01abee635de4"},{"element-6066-11e4-a52e-4f735466cecf":"3385509f-7aff-4c3b-8c84-8ee601562fc1"},{"element-6066-11e4-a52e-4f735466cecf":"06b2abdb-75e0-41c7-905a-9e4310d28e09"},{"element-6066-11e4-a52e-4f735466cecf":"09fa5ba8-f637-4a05-92d7-33b4e28d7d29"},{"element-6066-11e4-a52e-4f735466cecf":"18e201eb-7044-4def-b45a-e4189d38a3fe"},{"element-6066-11e4-a52e-4f735466cecf":"8398e5a1-53b5-4107-ac2d-b43dff2d0e91"},{"element-6066-11e4-a52e-4f735466cecf":"474cabcd-94a5-453b-a381-8b8d8f4f740a"},{"element-6066-11e4-a52e-4f735466cecf":"da8b29cf-3e23-4d56-bfd4-0ab0f9184aa6"},{"element-6066-11e4-a52e-4f735466cecf":"e2bb2563-1d63-4ec0-bf18-89cad4e9153d"},{"element-6066-11e4-a52e-4f735466cecf":"f90db246-a1d9-44b6-ab93-b94e4c3dd22f"},{"element-6066-11e4-a52e-4f735466cecf":"736fa655-733e-4b48-82dc-fb7b56baccf6"},{"element-6066-11e4-a52e-4f735466cecf":"68fe57ff-2466-441f-961c-e7fd9575b6e9"},{"element-6066-11e4-a52e-4f735466cecf":"2d3b1c9a-523d-4d33-8132-79af182dd835"},{"element-6066-11e4-a52e-4f735466cecf":"5e7dea8c-7a91-4c22-ad4b-db8666697156"},{"element-6066-11e4-a52e-4f735466cecf":"82f3fe10-8f34-490f-a8f1-5f036e5f3899"},{"element-6066-11e4-a52e-4f735466cecf":"f92008a9-1c3b-4d51-8d18-3f95968dc9ad"},{"element-6066-11e4-a52e-4f735466cecf":"63803c0e-9769-48fa-96b0-46df56ed6970"},{"element-6066-11e4-a52e-4f735466cecf":"26ba1774-a2d4-40d0-ba10-7fe8e3e8d99c"},{"element-6066-11e4-a52e-4f735466cecf":"c345fe58-3ed7-4ecb-9b55-ae5a354bb921"},{"element-6066-11e4-a52e-4f735466cecf":"d7c7c3bf-22e6-42b0-bd09-21b101acec32"},{"element-6066-11e4-a52e-4f735466cecf":"33e18f86-1a70-4a88-aece-29dda2f59006"},{"element-6066-11e4-a52e-4f735466cecf":"ee564f34-e5a2-4f0f-a986-b3a5e072b97e"},{"element-6066-11e4-a52e-4f735466cecf":"4ff7434b-fc1f-4750-a0d8-9a56f763d848"},{"element-6066-11e4-a52e-4f735466cecf":"21313308-7e90-4b28-af26-4510b5c9b742"},{"element-6066-11e4-a52e-4f735466cecf":"fe9b3c5e-0a57-45cf-bfb9-3ccab0d2245d"},{"element-6066-11e4-a52e-4f735466cecf":"471d819a-4bd3-438d-943d-dd4edcab19ac"},{"element-6066-11e4-a52e-4f735466cecf":"13ee6b92-330a-4abb-aa66-97610aa53456"},{"element-6066-11e4-a52e-4f735466cecf":"7851ff76-ad1d-4831-9d92-e581fc2c1697"},{"element-6066-11e4-a52e-4f735466cecf":"488fd464-4e06-4118-bc9f-85093ae82665"},{"element-6066-11e4-a52e-4f735466cecf":"80700abf-610a-4ab8-b73a-59746681a03e"},{"element-6066-11e4-a52e-4f735466cecf":"e89049d7-001d-4cd3-899f-47431b688bac"},{"element-6066-11e4-a52e-4f735466cecf":"2d034770-07ae-466a-97ba-8105e4b4ff83"},{"element-6066-11e4-a52e-4f735466cecf":"0dcabf24-37f3-415f-850e-dfe8365cd565"},{"element-6066-11e4-a52e-4f735466cecf":"921cd81e-735c-4e74-af27-c9e81750c754"},{"element-6066-11e4-a52e-4f735466cecf":"96613250-9bdd-4072-8000-389ce6fa9566"},{"element-6066-11e4-a52e-4f735466cecf":"dfb70dfa-477d-410d-bda2-800a88d4d46a"},{"element-6066-11e4-a52e-4f735466cecf":"e5d7232c-5fed-4cc8-a1ae-fff8dc81c130"},{"element-6066-11e4-a52e-4f735466cecf":"ad4416a8-cf00-4a15-87a9-58b857bdc772"},{"element-6066-11e4-a52e-4f735466cecf":"86699ccf-19cf-4962-bc39-a5e50ecd5bfc"},{"element-6066-11e4-a52e-4f735466cecf":"15d6f969-a713-4e6b-bf6d-6e93c027c37d"},{"element-6066-11e4-a52e-4f735466cecf":"87574102-2962-4fa1-84a4-3f541b1ee67f"},{"element-6066-11e4-a52e-4f735466cecf":"8fcc55be-d44c-4c74-bf88-505f55311fd0"},{"element-6066-11e4-a52e-4f735466cecf":"3cacb21c-306b-44fd-9ce8-84ea8f3f0e17"},{"element-6066-11e4-a52e-4f735466cecf":"e3afca0a-3aad-413c-93fe-70cd39aacf92"},{"element-6066-11e4-a52e-4f735466cecf":"dd496fd5-bfd0-43d0-a907-1428ea233291"},{"element-6066-11e4-a52e-4f735466cecf":"ad976127-9fff-48ba-9812-a2d4812b16f4"},{"element-6066-11e4-a52e-4f735466cecf":"cd8940cc-bdcc-447e-8cad-7e03c337215b"},{"element-6066-11e4-a52e-4f735466cecf":"aefd91bf-dac6-4a25-95ad-ee2d90a0fdfa"},{"element-6066-11e4-a52e-4f735466cecf":"6d4e4131-a1b8-43a0-8165-75b054439de7"},{"element-6066-11e4-a52e-4f735466cecf":"74bd5502-cba6-42e5-a267-e53cf9d9712b"},{"element-6066-11e4-a52e-4f735466cecf":"6cbba554-038b-4b27-b940-263a1b756567"},{"element-6066-11e4-a52e-4f735466cecf":"18580ee8-9b68-4064-8aaf-aa61e333f13a"},{"element-6066-11e4-a52e-4f735466cecf":"ef6af9e2-aaec-4116-be6d-a54b7523f39a"},{"element-6066-11e4-a52e-4f735466cecf":"92f826f1-e84f-422f-ba82-e2ab9220c192"},{"element-6066-11e4-a52e-4f735466cecf":"ee90f084-283e-49ca-b937-763266b92570"},{"element-6066-11e4-a52e-4f735466cecf":"826a7073-c379-4175-8437-eb4f5ee43a87"},{"element-6066-11e4-a52e-4f735466cecf":"d885bdec-4466-40b6-b536-48677e230d28"},{"element-6066-11e4-a52e-4f735466cecf":"6db532cd-5607-475b-af80-4fcdba5438e7"},{"element-6066-11e4-a52e-4f735466cecf":"ec4d25a8-25f9-40da-9dde-1d57abb6c2fe"},{"element-6066-11e4-a52e-4f735466cecf":"c599fab2-a090-4875-8955-dcc0964d7d17"},{"element-6066-11e4-a52e-4f735466cecf":"f02cde78-e6e2-441d-b0cd-ae30f957a292"},{"element-6066-11e4-a52e-4f735466cecf":"a5de9414-d7ae-4838-89c4-49eddcb133cb"},{"element-6066-11e4-a52e-4f735466cecf":"f39de56a-e82c-4eb1-8e50-a28e993e3b4c"},{"element-6066-11e4-a52e-4f735466cecf":"e1eb910a-5547-45f7-9e46-ff557575eedb"},{"element-6066-11e4-a52e-4f735466cecf":"8be17199-b260-42c1-a249-725a4ddeb054"},{"element-6066-11e4-a52e-4f735466cecf":"85889b19-9293-4ff4-8e70-68de9710eba4"},{"element-6066-11e4-a52e-4f735466cecf":"9146123c-e88a-4bfa-9f09-d94c5e9c1f3f"},{"element-6066-11e4-a52e-4f735466cecf":"304bc39c-a2aa-457c-8fca-9645557c0277"},{"element-6066-11e4-a52e-4f735466cecf":"af66ce49-5816-42a4-872b-070687a25182"},{"element-6066-11e4-a52e-4f735466cecf":"27f0f63f-3034-422e-9056-3711031ec19c"},{"element-6066-11e4-a52e-4f735466cecf":"e3f78b71-187c-4f4c-acbb-102ad23ae272"},{"element-6066-11e4-a52e-4f735466cecf":"bb277a7a-61f4-4f3e-9fe2-c9c34f869ffb"},{"element-6066-11e4-a52e-4f735466cecf":"fed63750-4aef-439c-b7c2-c9ada59c6205"},{"element-6066-11e4-a52e-4f735466cecf":"40439de0-2d49-488f-8c6a-118396dd3cbb"},{"element-6066-11e4-a52e-4f735466cecf":"9933c6b3-e3dd-48b2-8cdf-ecaafa008931"},{"element-6066-11e4-a52e-4f735466cecf":"3f410a05-42c5-410d-8a9c-7990b8f27ee6"},{"element-6066-11e4-a52e-4f735466cecf":"41a3c9c4-9446-4377-af76-8f05b0dffdf5"},{"element-6066-11e4-a52e-4f735466cecf":"83619f35-7b7d-4919-9f54-81fdbc2997bd"},{"element-6066-11e4-a52e-4f735466cecf":"51fdc893-d419-4c47-a5f2-b5db0989dc39"},{"element-6066-11e4-a52e-4f735466cecf":"da943822-62e4-480c-b5eb-51edc151dedc"},{"element-6066-11e4-a52e-4f735466cecf":"557c523f-d386-4fce-9643-642082dd4ccc"},{"element-6066-11e4-a52e-4f735466cecf":"32987bda-52b8-48c3-a5c5-64ec760255c6"},{"element-6066-11e4-a52e-4f735466cecf":"afa852de-4558-4967-9ff5-1b43a10a67ac"},{"element-6066-11e4-a52e-4f735466cecf":"73537ccb-09ae-4466-bbaa-26de66e4d2f5"},{"element-6066-11e4-a52e-4f735466cecf":"2e2b0c61-d822-46bb-85bd-e6632835a8c6"},{"element-6066-11e4-a52e-4f735466cecf":"00bad4ee-cd46-46de-a03e-3ac84f316482"},{"element-6066-11e4-a52e-4f735466cecf":"e00c4df4-6119-43ea-86d3-3f1aacf95126"},{"element-6066-11e4-a52e-4f735466cecf":"500c21c9-ce63-4a2b-a4ef-f780d612084d"},{"element-6066-11e4-a52e-4f735466cecf":"5f856644-7017-46d4-8e6a-5109bee7c75d"},{"element-6066-11e4-a52e-4f735466cecf":"ab48da21-99e8-4e55-b225-55920b7de6e1"},{"element-6066-11e4-a52e-4f735466cecf":"12ed9a16-6666-4bd7-a04e-7594262727ec"},{"element-6066-11e4-a52e-4f735466cecf":"0933795f-288d-4e1c-a18f-3c9f7e43afc2"},{"element-6066-11e4-a52e-4f735466cecf":"c619d405-b1ce-4142-84b0-004edb9fa707"},{"element-6066-11e4-a52e-4f735466cecf":"7858dffa-bc4a-4d4c-9e51-7e054f67fa55"},{"element-6066-11e4-a52e-4f735466cecf":"016a05eb-ddc4-43c2-9dd9-8db530cd7cdf"},{"element-6066-11e4-a52e-4f735466cecf":"eb8326fa-5923-407d-8a7c-009f5c1aea4a"},{"element-6066-11e4-a52e-4f735466cecf":"53aa6fc2-67a0-488f-ac26-fe335584cc96"},{"element-6066-11e4-a52e-4f735466cecf":"ec6374e4-32e8-4dc0-9096-3a99140cdb0b"},{"element-6066-11e4-a52e-4f735466cecf":"e12095a3-aeeb-435e-b18b-bf281bec523e"},{"element-6066-11e4-a52e-4f735466cecf":"beb128aa-07c7-4f68-bc5e-43974ccaf792"},{"element-6066-11e4-a52e-4f735466cecf":"e1a84ebc-924b-4f61-9433-00ddc7703b35"},{"element-6066-11e4-a52e-4f735466cecf":"776f18d7-3eeb-4eff-80a2-80ab251f91a5"},{"element-6066-11e4-a52e-4f735466cecf":"f39e7aaf-1031-4304-91f9-e4c7c6334a96"},{"element-6066-11e4-a52e-4f735466cecf":"7c979577-9a55-4178-ac72-e4da2adb60ce"},{"element-6066-11e4-a52e-4f735466cecf":"bffa089c-b98e-4a8e-93a0-f02c71b5441f"},{"element-6066-11e4-a52e-4f735466cecf":"333a99ef-a90e-49f6-a624-a6c886e1aa5c"},{"element-6066-11e4-a52e-4f735466cecf":"62c2ecc3-3c53-4c2b-a152-08e2d301eea3"},{"element-6066-11e4-a52e-4f735466cecf":"2db77db7-e6e5-4a3b-b2c0-1b79f1340f0d"},{"element-6066-11e4-a52e-4f735466cecf":"89bb5465-4af4-4109-85ee-7850cbce5ecc"},{"element-6066-11e4-a52e-4f735466cecf":"5a056b8f-dcd5-4613-a364-eaa83fc19679"},{"element-6066-11e4-a52e-4f735466cecf":"01b2a1e9-bbcd-4eb9-a25e-8b76c4264be3"},{"element-6066-11e4-a52e-4f735466cecf":"c9e6a60d-0e01-4afe-b963-61878c5ca9fe"},{"element-6066-11e4-a52e-4f735466cecf":"86110e4e-65d7-40c8-8080-36a5cfbce8e6"},{"element-6066-11e4-a52e-4f735466cecf":"a29ecf38-2258-4a13-a7fe-9f75681db639"},{"element-6066-11e4-a52e-4f735466cecf":"ad2a3d9d-2b48-4680-9e47-87ef02d6c7ed"},{"element-6066-11e4-a52e-4f735466cecf":"19fc9fc9-e693-4850-b5c0-d1d97558890f"},{"element-6066-11e4-a52e-4f735466cecf":"4e027c66-f22c-4fb7-b2d1-7483ace1569f"},{"element-6066-11e4-a52e-4f735466cecf":"db0d6fa8-d838-4d54-9134-b1a3d5fc6c1a"},{"element-6066-11e4-a52e-4f735466cecf":"49f1c998-8d5c-4267-8925-8bee0f3eee6c"},{"element-6066-11e4-a52e-4f735466cecf":"03838236-e602-4654-b5fe-486eea21e82c"},{"element-6066-11e4-a52e-4f735466cecf":"52303277-82a5-4d06-b44d-4a337f3d0889"},{"element-6066-11e4-a52e-4f735466cecf":"3d8b679d-ef4b-460c-9bc6-8b46d7489924"},{"element-6066-11e4-a52e-4f735466cecf":"c81942ae-d774-42ca-9e75-930697cc0342"},{"element-6066-11e4-a52e-4f735466cecf":"a5339d55-be1d-47fe-be0d-672bb71cceed"},{"element-6066-11e4-a52e-4f735466cecf":"3bcb155e-0107-4e2d-a471-34d415de512c"},{"element-6066-11e4-a52e-4f735466cecf":"6e305542-cede-4e3a-87ac-da84237d39bf"},{"element-6066-11e4-a52e-4f735466cecf":"c4f2c915-00c9-494e-86e8-0c1e6e15a0b0"},{"element-6066-11e4-a52e-4f735466cecf":"30269bbe-7560-409f-8f16-b8e1a02ba3d2"},{"element-6066-11e4-a52e-4f735466cecf":"46694d17-c8c3-428e-a7da-1304540b607b"},{"element-6066-11e4-a52e-4f735466cecf":"d2cd7908-399c-4882-9282-c4129167a909"},{"element-6066-11e4-a52e-4f735466cecf":"bd73cf0b-caeb-4e78-957a-bd08957f25ba"},{"element-6066-11e4-a52e-4f735466cecf":"c5d57968-56d1-408e-96f2-a56503c2e7dc"},{"element-6066-11e4-a52e-4f735466cecf":"d7f6438f-3fb3-4fc9-a1bc-d56b87cd4525"},{"element-6066-11e4-a52e-4f735466cecf":"6db044c5-e3d0-49be-aa82-ccf745465e4c"},{"element-6066-11e4-a52e-4f735466cecf":"ebeb7a4c-4516-413d-84ad-f908a4fb57ed"},{"element-6066-11e4-a52e-4f735466cecf":"a6aaed77-ba3e-4bd6-aaed-dd7fc0fc9401"},{"element-6066-11e4-a52e-4f735466cecf":"ff6ec654-d9ec-4dd2-aadb-2e8fd70e4643"},{"element-6066-11e4-a52e-4f735466cecf":"f8f7be31-6099-4bca-93ef-4e4bb87f703a"},{"element-6066-11e4-a52e-4f735466cecf":"f894f1de-099b-4112-9cef-aa2c852d3d9f"},{"element-6066-11e4-a52e-4f735466cecf":"3ee11d2d-9e2c-4861-8321-ce815084217b"},{"element-6066-11e4-a52e-4f735466cecf":"b2b22bdb-41e4-4d09-bb88-5247eb9254fe"},{"element-6066-11e4-a52e-4f735466cecf":"078cdc24-fd75-4be8-a030-561143fae34c"},{"element-6066-11e4-a52e-4f735466cecf":"01be41f0-0ef1-4076-88b8-c416873acf04"},{"element-6066-11e4-a52e-4f735466cecf":"01b24e0a-d466-44a8-985a-86d50aebcd27"},{"element-6066-11e4-a52e-4f735466cecf":"20b8ad40-b173-4246-b6c5-ced63aeedec5"},{"element-6066-11e4-a52e-4f735466cecf":"bb0ea6ca-4b4b-417d-b6fc-a7488d52f48e"},{"element-6066-11e4-a52e-4f735466cecf":"19244dac-3f3d-4d62-a6a1-42d27f9089c6"},{"element-6066-11e4-a52e-4f735466cecf":"b53d4443-c2a4-4837-9ca7-cd4441585d1a"},{"element-6066-11e4-a52e-4f735466cecf":"488729b8-1064-47fc-a6b7-de094e058492"},{"element-6066-11e4-a52e-4f735466cecf":"e80befa8-1f59-4992-ac5c-0f7a699a94b8"},{"element-6066-11e4-a52e-4f735466cecf":"1bb0c21a-faf3-4b23-9bfd-1074dd8471db"},{"element-6066-11e4-a52e-4f735466cecf":"f757d7f0-46e9-4d76-a987-19c41d643b9e"},{"element-6066-11e4-a52e-4f735466cecf":"d960901c-d815-4690-a211-c986a471542d"},{"element-6066-11e4-a52e-4f735466cecf":"3da2f44f-65ba-418d-b18a-eb65b4a9a505"},{"element-6066-11e4-a52e-4f735466cecf":"fc6d0861-9124-4ee4-82e9-b02bc232c25e"},{"element-6066-11e4-a52e-4f735466cecf":"d9e63e15-963b-40fb-ba12-0614f4015ce7"},{"element-6066-11e4-a52e-4f735466cecf":"632b075f-140c-43c3-aaa6-436a277f4e8f"},{"element-6066-11e4-a52e-4f735466cecf":"8a13b188-aaa1-4ea5-a578-4997b6c2bfe7"},{"element-6066-11e4-a52e-4f735466cecf":"baeef7e4-a212-4d57-8294-8945d5dae670"},{"element-6066-11e4-a52e-4f735466cecf":"a12bf742-1bf7-428c-8a56-5acc8eff2182"},{"element-6066-11e4-a52e-4f735466cecf":"66ce78a1-a39c-46ee-ad6a-6bb82ef6b5a6"},{"element-6066-11e4-a52e-4f735466cecf":"3a9baab3-1533-49ec-b490-0e5c97b9f1bb"},{"element-6066-11e4-a52e-4f735466cecf":"efddec56-f2f2-4b8e-90fd-c7ebb014b52e"},{"element-6066-11e4-a52e-4f735466cecf":"0b52ae45-f263-4272-84e7-4af7cfc5dbac"},{"element-6066-11e4-a52e-4f735466cecf":"7ab7c95c-d6d2-48d8-94c0-bd11611a7566"},{"element-6066-11e4-a52e-4f735466cecf":"ac9ce332-b207-44fb-ba16-22b2b376a041"},{"element-6066-11e4-a52e-4f735466cecf":"ce8bbcbb-854d-4327-8dd7-b0d1cad75778"},{"element-6066-11e4-a52e-4f735466cecf":"0c166afd-5dd7-4261-ad6a-171020552357"},{"element-6066-11e4-a52e-4f735466cecf":"0de7bdee-d4ab-4f6a-a85f-d71c625f8208"},{"element-6066-11e4-a52e-4f735466cecf":"0dc2f580-f854-45b7-88ae-24f10dbe0c2f"},{"element-6066-11e4-a52e-4f735466cecf":"c3d15c35-ece4-47d6-8355-bd8749be7104"},{"element-6066-11e4-a52e-4f735466cecf":"5e1c1d71-58c1-4ab5-917d-a8334e2a441a"},{"element-6066-11e4-a52e-4f735466cecf":"c6b957fc-f74e-45d9-bd4f-46bf06cbb3eb"},{"element-6066-11e4-a52e-4f735466cecf":"795c1517-6786-4a39-9e8e-5046b267547a"},{"element-6066-11e4-a52e-4f735466cecf":"9322f82e-c838-4596-8b3c-167a57fb8c09"},{"element-6066-11e4-a52e-4f735466cecf":"3b1af74b-1a05-4f97-a13b-1bc647e80a33"},{"element-6066-11e4-a52e-4f735466cecf":"86025681-b140-4a51-b01a-19ae5131dc06"},{"element-6066-11e4-a52e-4f735466cecf":"5c4838c9-1a62-42df-8a9f-fc5b4405195a"},{"element-6066-11e4-a52e-4f735466cecf":"f1de5e91-79d1-445c-a9ce-ca95f3589954"},{"element-6066-11e4-a52e-4f735466cecf":"eb67c9f1-c9d4-44f1-9584-3a4424e474d0"},{"element-6066-11e4-a52e-4f735466cecf":"1a661859-c88c-43a2-81e6-21f4384122fb"},{"element-6066-11e4-a52e-4f735466cecf":"3556c77b-2f38-41b9-97a2-aa92e7317d26"},{"element-6066-11e4-a52e-4f735466cecf":"7fbb4e90-c293-4679-95ec-7f935d4621d1"},{"element-6066-11e4-a52e-4f735466cecf":"d7c2600d-8367-435f-9fb8-d26bc626e846"},{"element-6066-11e4-a52e-4f735466cecf":"bab6ff5e-ee5a-4299-a2e8-4f81b616686c"},{"element-6066-11e4-a52e-4f735466cecf":"6a023960-8e74-44b9-b232-c5ec233fd74c"},{"element-6066-11e4-a52e-4f735466cecf":"7c8a88ab-0b24-47da-bf3c-723201ac2754"},{"element-6066-11e4-a52e-4f735466cecf":"a48b4367-06dc-4dce-bbe9-2bef6fa50d62"},{"element-6066-11e4-a52e-4f735466cecf":"2e170262-9a4a-4e6d-a8dd-6a148031466a"},{"element-6066-11e4-a52e-4f735466cecf":"fad7370c-97b1-457c-bab6-d6193eb863d6"},{"element-6066-11e4-a52e-4f735466cecf":"ff1c633f-749b-4877-8109-a68d3805c3a3"},{"element-6066-11e4-a52e-4f735466cecf":"71cf9f89-d90a-4eb5-85d8-9ad77eb2192b"},{"element-6066-11e4-a52e-4f735466cecf":"e097f215-e3f8-4d01-8b9b-19b9059bbc40"},{"element-6066-11e4-a52e-4f735466cecf":"12be2db5-8069-41a3-b827-72438a5e3759"},{"element-6066-11e4-a52e-4f735466cecf":"513f6ec9-28ae-422f-831e-84982d958783"},{"element-6066-11e4-a52e-4f735466cecf":"428ff664-0e14-4406-8457-d14b1306a5fc"},{"element-6066-11e4-a52e-4f735466cecf":"55e6ecbc-f281-43cc-959d-d8d94579b8e4"},{"element-6066-11e4-a52e-4f735466cecf":"73e3ac99-d41b-421f-9aef-db6d1c571f19"},{"element-6066-11e4-a52e-4f735466cecf":"c1f7b7aa-ae2d-4f43-b0cb-0a817460ad16"},{"element-6066-11e4-a52e-4f735466cecf":"07852526-aea5-459f-990e-deff32b3de7a"},{"element-6066-11e4-a52e-4f735466cecf":"c59b79ac-6ddd-4d45-9904-1df746829495"},{"element-6066-11e4-a52e-4f735466cecf":"0b850129-7214-4b77-a23e-cf366f8004a0"},{"element-6066-11e4-a52e-4f735466cecf":"58ef2de0-2c7b-4078-bf8f-7c02d590242b"},{"element-6066-11e4-a52e-4f735466cecf":"fb140e5a-d245-4c31-8a02-86d4d8c80683"},{"element-6066-11e4-a52e-4f735466cecf":"615f40ea-a252-4680-85d8-fb4338316d37"},{"element-6066-11e4-a52e-4f735466cecf":"377717d9-3c32-4b3b-948e-7c452716a6c0"},{"element-6066-11e4-a52e-4f735466cecf":"d86ea308-865e-4d2b-875b-23ef1e9eaf89"},{"element-6066-11e4-a52e-4f735466cecf":"8bf76aba-41c6-4e2b-b914-dbdb65bea8a1"},{"element-6066-11e4-a52e-4f735466cecf":"f0bc189a-8fce-4256-a35f-336377c8ee38"},{"element-6066-11e4-a52e-4f735466cecf":"025019fa-356f-487e-a516-16030f14e059"},{"element-6066-11e4-a52e-4f735466cecf":"8888344a-7ee0-4055-91f8-819deb184937"},{"element-6066-11e4-a52e-4f735466cecf":"690df034-e32f-4545-8e30-81544a4ac2b3"},{"element-6066-11e4-a52e-4f735466cecf":"b880347e-c279-4fd5-9f78-99c2ec442073"},{"element-6066-11e4-a52e-4f735466cecf":"aa95879e-65f5-41c7-a96b-35e25ff1da7e"},{"element-6066-11e4-a52e-4f735466cecf":"9b66b3b7-bb95-497e-8b23-222d8cd19b51"},{"element-6066-11e4-a52e-4f735466cecf":"5e9806fb-19c9-4099-9273-2e24f241be73"},{"element-6066-11e4-a52e-4f735466cecf":"8349f324-08af-4cce-bce3-3e1b77b28c85"},{"element-6066-11e4-a52e-4f735466cecf":"f26aaf1a-4d49-42f0-9182-62b557a64b2f"},{"element-6066-11e4-a52e-4f735466cecf":"11168651-e02b-4779-842e-3721faa269be"},{"element-6066-11e4-a52e-4f735466cecf":"0e42c9c4-7f0e-414d-b33d-a15d38dfc4e5"},{"element-6066-11e4-a52e-4f735466cecf":"503f9370-4aa6-43b3-96d9-2d7bde7ca2d2"},{"element-6066-11e4-a52e-4f735466cecf":"0f1cadfc-21c6-4465-b987-d773c98978e4"},{"element-6066-11e4-a52e-4f735466cecf":"0e9a8a0e-5a48-4215-b7ae-ec4915a1c8d7"},{"element-6066-11e4-a52e-4f735466cecf":"8e7155d6-7e75-403b-bf0f-2df9030cf2c3"},{"element-6066-11e4-a52e-4f735466cecf":"b29dca2a-c60c-4126-9534-76a3f4576e46"},{"element-6066-11e4-a52e-4f735466cecf":"04ea053e-c5ac-4275-8c6e-cfbe09e54cbf"},{"element-6066-11e4-a52e-4f735466cecf":"f72fbfcf-c51a-4be5-bbeb-32cea9105c3d"},{"element-6066-11e4-a52e-4f735466cecf":"f391155e-c2eb-4f2a-af20-02655b6cd65e"},{"element-6066-11e4-a52e-4f735466cecf":"ca1117b7-31ea-42a4-9e23-aecbcbbf120b"},{"element-6066-11e4-a52e-4f735466cecf":"156a6e9d-bb3d-4ed6-9e5b-31fb3a6da9f9"},{"element-6066-11e4-a52e-4f735466cecf":"c57ca7cb-5856-4f83-9295-49c4963c7291"},{"element-6066-11e4-a52e-4f735466cecf":"d4b12dd3-3e88-4de3-871d-29cbe33de1f3"},{"element-6066-11e4-a52e-4f735466cecf":"3f0d8f6c-d91c-4d89-9e1a-436f7c2f0e63"},{"element-6066-11e4-a52e-4f735466cecf":"601e3c18-95a3-4a13-b5cf-038626bbb5ef"},{"element-6066-11e4-a52e-4f735466cecf":"97b55ed8-2472-4e02-a18d-56400d15a98a"},{"element-6066-11e4-a52e-4f735466cecf":"3af28658-5443-44c3-842f-f834274bf21a"},{"element-6066-11e4-a52e-4f735466cecf":"2b780b3e-2b21-4bdc-8353-a0c59035d044"},{"element-6066-11e4-a52e-4f735466cecf":"1e1c857c-d9a5-4648-9f98-2ce20af04b31"},{"element-6066-11e4-a52e-4f735466cecf":"872a3a48-590d-409a-9d2d-da42f80f3a31"},{"element-6066-11e4-a52e-4f735466cecf":"131e14af-b601-42cb-8933-633b5f96509e"},{"element-6066-11e4-a52e-4f735466cecf":"c6fb8155-7256-4a15-a375-a01f6417da92"},{"element-6066-11e4-a52e-4f735466cecf":"90cd4f7f-85ea-4778-aac0-00ee750b8193"},{"element-6066-11e4-a52e-4f735466cecf":"4fb39728-9216-4daa-a6df-96e694897d71"},{"element-6066-11e4-a52e-4f735466cecf":"36a6bfad-7a59-491b-95ed-4c2c86af78cf"},{"element-6066-11e4-a52e-4f735466cecf":"072480b3-0eb3-4b10-8f50-7750ce3bd5a7"},{"element-6066-11e4-a52e-4f735466cecf":"6dd1108f-6ae7-48c9-b676-88e4c5c00aa4"},{"element-6066-11e4-a52e-4f735466cecf":"5f5f99e9-57c5-4f4e-9de0-390920413015"},{"element-6066-11e4-a52e-4f735466cecf":"d8d77471-206c-44c7-b7f1-1b18a62ed29e"},{"element-6066-11e4-a52e-4f735466cecf":"17bd75d4-e53b-401b-ab57-788bd2bf8f6b"},{"element-6066-11e4-a52e-4f735466cecf":"57aab259-273e-4e9b-9e8e-10741945c28f"},{"element-6066-11e4-a52e-4f735466cecf":"545e8c70-cdfc-4710-a3f5-23ae1f999491"},{"element-6066-11e4-a52e-4f735466cecf":"57945215-9682-4055-b21f-624593264e87"},{"element-6066-11e4-a52e-4f735466cecf":"93c38aa7-b27b-4664-a4ff-eefbf88e4d71"},{"element-6066-11e4-a52e-4f735466cecf":"06595e26-24fb-4d7c-8b58-9aea0761ae1d"},{"element-6066-11e4-a52e-4f735466cecf":"e76a1d45-2d72-462e-afb6-abdea11f0a9b"},{"element-6066-11e4-a52e-4f735466cecf":"a70e3d87-c287-41ab-91bc-d68315899214"},{"element-6066-11e4-a52e-4f735466cecf":"32bd95f6-de31-4b92-aead-35932e334126"},{"element-6066-11e4-a52e-4f735466cecf":"9ad6bed4-aeca-4bb9-952a-8f08d71426a9"},{"element-6066-11e4-a52e-4f735466cecf":"ea5cc980-e6ae-4edd-80e8-21f28cab5b5d"},{"element-6066-11e4-a52e-4f735466cecf":"38296511-f7a7-4bbb-91e5-3f1c48d56c9a"},{"element-6066-11e4-a52e-4f735466cecf":"df78d082-0655-45ed-b413-34d2b156fc0b"},{"element-6066-11e4-a52e-4f735466cecf":"a538111f-5a4b-44e4-aeb7-b6975753fc8f"},{"element-6066-11e4-a52e-4f735466cecf":"2f3ab3b5-0d55-4ad3-934e-f48ed8b063d6"},{"element-6066-11e4-a52e-4f735466cecf":"dc61ab3d-dced-4984-b211-6b8bd19c6903"},{"element-6066-11e4-a52e-4f735466cecf":"64a2b05f-0a6c-4fc3-ac20-0a61b1007c7e"},{"element-6066-11e4-a52e-4f735466cecf":"176f312b-cfad-488b-9fe2-22883e344818"},{"element-6066-11e4-a52e-4f735466cecf":"8536da05-e929-4c47-b1a9-4d1df62519b1"},{"element-6066-11e4-a52e-4f735466cecf":"86ec9b72-f7a4-42ff-ae39-fb5971e75181"},{"element-6066-11e4-a52e-4f735466cecf":"b7258c08-3bef-45fe-b3eb-38a08db38edb"},{"element-6066-11e4-a52e-4f735466cecf":"abc1d583-6817-418a-9397-725eada4b266"},{"element-6066-11e4-a52e-4f735466cecf":"e6d91c89-de9d-43a7-a84b-8877e706d510"},{"element-6066-11e4-a52e-4f735466cecf":"a74cc1f3-face-4d7a-83f1-ad4dd50970a5"},{"element-6066-11e4-a52e-4f735466cecf":"f5494b04-60a7-4560-8907-01d51982ea27"},{"element-6066-11e4-a52e-4f735466cecf":"c91c8cf7-6718-4208-bb5d-dfccb5647f9f"},{"element-6066-11e4-a52e-4f735466cecf":"dd12202a-69c0-453a-b27a-7ff894edbf90"},{"element-6066-11e4-a52e-4f735466cecf":"1d8a1fa9-8416-422f-b843-f52a4b39d838"},{"element-6066-11e4-a52e-4f735466cecf":"9ab3735b-9369-474a-afa3-43b9a2ecfa7d"},{"element-6066-11e4-a52e-4f735466cecf":"7c72dd6a-67aa-4c34-b799-9ea407f3702d"},{"element-6066-11e4-a52e-4f735466cecf":"7e6c0119-b34b-404f-8d69-2ad61ec2a034"},{"element-6066-11e4-a52e-4f735466cecf":"8c1b2420-d851-4902-8311-a48c1f58c3ee"},{"element-6066-11e4-a52e-4f735466cecf":"42db00ad-2378-46e0-b61d-f48a2d648e10"},{"element-6066-11e4-a52e-4f735466cecf":"d29a25d8-0bb7-40fc-949e-4e4891c1a34a"},{"element-6066-11e4-a52e-4f735466cecf":"6b9e71fc-f445-4b60-968f-50a701ba61be"},{"element-6066-11e4-a52e-4f735466cecf":"233935c4-72cb-46ae-8717-4d2ce695dcf6"},{"element-6066-11e4-a52e-4f735466cecf":"0df2cc6a-7a8f-4e41-b838-549f85b2e614"},{"element-6066-11e4-a52e-4f735466cecf":"95a07979-7047-49cc-a98a-9f5f711e31da"},{"element-6066-11e4-a52e-4f735466cecf":"1ddf8be7-ddf4-4efe-b8e9-abcd7fbbcda9"},{"element-6066-11e4-a52e-4f735466cecf":"f4f1717b-3109-4b4c-9552-71e19862d961"},{"element-6066-11e4-a52e-4f735466cecf":"223fee11-da1e-4d75-83d2-62caa1bac3e7"},{"element-6066-11e4-a52e-4f735466cecf":"1875c0de-dba2-4318-af2d-1f55be61fde2"},{"element-6066-11e4-a52e-4f735466cecf":"ad0c0075-8649-4fdd-99f4-a96cbc7b805c"},{"element-6066-11e4-a52e-4f735466cecf":"de7e95fd-909d-45db-bda1-702912d0dfad"},{"element-6066-11e4-a52e-4f735466cecf":"55a85e26-127c-40e8-a43a-0addc984c256"},{"element-6066-11e4-a52e-4f735466cecf":"5788c0a5-1b3e-4ad0-879d-8d81aac53dc4"},{"element-6066-11e4-a52e-4f735466cecf":"1ecb2ba8-9106-470a-9176-d179e39c25f5"},{"element-6066-11e4-a52e-4f735466cecf":"7c90f3b0-1ebd-455d-be81-4fbff2acffb7"},{"element-6066-11e4-a52e-4f735466cecf":"736a94b9-3281-49cf-a259-44ca434cd32e"},{"element-6066-11e4-a52e-4f735466cecf":"f90458e8-e83b-4a8c-93e7-e0a1039dc815"},{"element-6066-11e4-a52e-4f735466cecf":"959b0001-759b-4515-a5e7-2fc5e9ff37fd"},{"element-6066-11e4-a52e-4f735466cecf":"b06aafd1-575e-4cdb-baaf-d33ca486f24e"},{"element-6066-11e4-a52e-4f735466cecf":"6dbd7dec-f380-46c3-a87f-3cad0e09a1ad"},{"element-6066-11e4-a52e-4f735466cecf":"e618578c-0cb8-4b4b-94b4-b051fc6b183f"},{"element-6066-11e4-a52e-4f735466cecf":"a9dfc9e9-a28a-4c80-be74-8c26015fe839"},{"element-6066-11e4-a52e-4f735466cecf":"0241937f-e661-4e68-96c9-1d32c36939d3"},{"element-6066-11e4-a52e-4f735466cecf":"ab713030-caca-40df-870f-f86262e3cb3b"},{"element-6066-11e4-a52e-4f735466cecf":"343849d0-8951-4e69-a07b-a7acb141f0e1"},{"element-6066-11e4-a52e-4f735466cecf":"9fe234c0-7969-479b-83e6-48ec9149cefe"},{"element-6066-11e4-a52e-4f735466cecf":"672d7ede-5675-4444-9077-8fac49a0e443"},{"element-6066-11e4-a52e-4f735466cecf":"b39aa261-bc8b-4468-8623-78d5fcf8e548"},{"element-6066-11e4-a52e-4f735466cecf":"5b979b3f-d023-4d42-988f-7e505c89e0e4"},{"element-6066-11e4-a52e-4f735466cecf":"dc28202a-16d9-4caa-8456-f1f5adb82897"},{"element-6066-11e4-a52e-4f735466cecf":"689952d0-7f46-4f23-8983-b4ff9f9e04b9"},{"element-6066-11e4-a52e-4f735466cecf":"1a812c11-70b2-47d3-aeff-ec849e66b1db"},{"element-6066-11e4-a52e-4f735466cecf":"3a3acdd7-5fa5-487e-9c09-d51983421c4e"},{"element-6066-11e4-a52e-4f735466cecf":"08dbcbe4-7a05-4942-82d3-83d9e28e6180"},{"element-6066-11e4-a52e-4f735466cecf":"e3734e96-0f0b-46f0-bed6-9509dacb24c8"},{"element-6066-11e4-a52e-4f735466cecf":"e0eb928f-37c8-4aa8-b1a4-701ae6480ac3"},{"element-6066-11e4-a52e-4f735466cecf":"d1fdb07b-1b75-4a0f-aa9f-8f3ccdb85ed6"},{"element-6066-11e4-a52e-4f735466cecf":"15c9174a-aece-4ce5-b13a-5ff1b1ecc63d"},{"element-6066-11e4-a52e-4f735466cecf":"0dedcc88-e895-4893-89c1-571ea428c8f8"},{"element-6066-11e4-a52e-4f735466cecf":"286e4429-adff-464b-b1fa-a206271d76c0"},{"element-6066-11e4-a52e-4f735466cecf":"238ac068-9d10-47cb-90c0-ffbdd7c33c59"},{"element-6066-11e4-a52e-4f735466cecf":"37b2ed09-f76e-4eb9-b83e-b69990462563"},{"element-6066-11e4-a52e-4f735466cecf":"3b9cb6c4-3ecb-43fa-9c70-cc25ac179543"},{"element-6066-11e4-a52e-4f735466cecf":"67dc30bf-3cbb-4320-a9b1-ecea27205a25"},{"element-6066-11e4-a52e-4f735466cecf":"bd7604d6-4702-4840-addf-f13bccef14ee"},{"element-6066-11e4-a52e-4f735466cecf":"34d74084-4786-4f03-9c22-2ad7e1edd230"},{"element-6066-11e4-a52e-4f735466cecf":"033cdf9a-ecca-4e85-93a6-b9604e7baf51"},{"element-6066-11e4-a52e-4f735466cecf":"189c389b-525f-43e6-b529-489cb08487c4"},{"element-6066-11e4-a52e-4f735466cecf":"d61ad70b-3867-4484-bff2-43726952b7a9"},{"element-6066-11e4-a52e-4f735466cecf":"c3cbcb85-8736-4cd5-9968-87c021c7b08c"},{"element-6066-11e4-a52e-4f735466cecf":"9ab55542-df35-486d-95ba-756fe54f27d3"},{"element-6066-11e4-a52e-4f735466cecf":"8ab765dd-b5c7-4235-9905-6bc2adccce81"},{"element-6066-11e4-a52e-4f735466cecf":"3fc679b5-af58-4251-8739-5dbac93c39f9"},{"element-6066-11e4-a52e-4f735466cecf":"e8bff169-5c8f-4004-8b1e-4686d6cdc045"},{"element-6066-11e4-a52e-4f735466cecf":"ab340a22-64e2-4250-af11-6d8217044972"},{"element-6066-11e4-a52e-4f735466cecf":"e208afa5-721e-4b66-bc6e-131e5c4593b4"},{"element-6066-11e4-a52e-4f735466cecf":"0d7d543f-f646-4ad4-a618-a55a62fe7658"},{"element-6066-11e4-a52e-4f735466cecf":"63f3643e-67ed-4283-a7bf-07aceb1c3fb7"},{"element-6066-11e4-a52e-4f735466cecf":"6ddc91ae-e348-4b96-a194-7822612af335"},{"element-6066-11e4-a52e-4f735466cecf":"43d3bd69-114e-498c-a7cd-40d634d2a513"},{"element-6066-11e4-a52e-4f735466cecf":"6b6981cd-e36c-42a5-a853-0996ca302edf"},{"element-6066-11e4-a52e-4f735466cecf":"4fa797fe-ec18-4c5d-8efe-b0583629ec52"},{"element-6066-11e4-a52e-4f735466cecf":"e39abf89-3a15-4a05-a57b-bec7ec95244d"},{"element-6066-11e4-a52e-4f735466cecf":"57c46b4c-c981-4ac1-aad1-7a7a7bbeaa22"},{"element-6066-11e4-a52e-4f735466cecf":"653825ab-2990-4030-9f51-e2152dd9e400"},{"element-6066-11e4-a52e-4f735466cecf":"5c8daa09-c812-428a-9627-af93968bf1d5"},{"element-6066-11e4-a52e-4f735466cecf":"7dff7522-5d3f-41da-b922-67e9b12f853b"},{"element-6066-11e4-a52e-4f735466cecf":"01f04aab-e80e-4239-a9f0-825af6d2d06c"},{"element-6066-11e4-a52e-4f735466cecf":"953783d0-822c-4ec6-8bd1-3dd5a941ff08"},{"element-6066-11e4-a52e-4f735466cecf":"2e71686a-c814-40b9-9081-07b5ff2e80ee"},{"element-6066-11e4-a52e-4f735466cecf":"0f232874-477f-4749-97f1-5fb826201e85"},{"element-6066-11e4-a52e-4f735466cecf":"116441a7-5b3a-440f-998b-ddcf21cc142c"},{"element-6066-11e4-a52e-4f735466cecf":"4edd275c-b74e-4eee-a967-96a090adcc0f"},{"element-6066-11e4-a52e-4f735466cecf":"1efbbf0d-42cb-4e2e-9780-74e60c9ffe83"},{"element-6066-11e4-a52e-4f735466cecf":"d3643019-c269-4204-a960-a35037643928"},{"element-6066-11e4-a52e-4f735466cecf":"0f41af5b-66a6-4199-b4e6-9fbf9259c73d"},{"element-6066-11e4-a52e-4f735466cecf":"ae13ce21-d20a-4f7e-acf1-4b65081ec6a7"},{"element-6066-11e4-a52e-4f735466cecf":"35d2e6b8-33ce-41fa-a092-5ac201923d87"},{"element-6066-11e4-a52e-4f735466cecf":"21cf57c0-f1b3-4613-88bb-561a4025f97e"},{"element-6066-11e4-a52e-4f735466cecf":"eb907fd8-34ad-441e-a422-62757acf247d"},{"element-6066-11e4-a52e-4f735466cecf":"e427cfdf-a941-46cc-a241-1765169f8ed0"},{"element-6066-11e4-a52e-4f735466cecf":"36592d97-3203-4965-a2f3-b15aa2b7e5fe"},{"element-6066-11e4-a52e-4f735466cecf":"294d0849-c7c1-431c-9629-380daa002bfc"},{"element-6066-11e4-a52e-4f735466cecf":"b797c56c-c741-485c-8258-83fb7eb2a8d5"},{"element-6066-11e4-a52e-4f735466cecf":"0e24729d-1abb-471a-8d68-c3e83adf7294"},{"element-6066-11e4-a52e-4f735466cecf":"cb2b7891-20b8-4d39-b895-2b585eec3518"},{"element-6066-11e4-a52e-4f735466cecf":"ddd2f1f2-6f7a-46e3-9e6f-0250daa49ccb"},{"element-6066-11e4-a52e-4f735466cecf":"c6e70c9f-c411-4d5f-8425-326a98495a80"},{"element-6066-11e4-a52e-4f735466cecf":"1e574da2-fdf9-468d-bb0d-f058ade16be6"},{"element-6066-11e4-a52e-4f735466cecf":"23893a7d-2e62-4cd4-bc81-d00f8804f05f"},{"element-6066-11e4-a52e-4f735466cecf":"2d298674-f764-4d97-9dc9-1141669b17a2"},{"element-6066-11e4-a52e-4f735466cecf":"296cb36e-ad79-4474-aa02-00d7267f98fc"}]} | headers=HTTPHeaderDict({'Content-Length': '149005', 'Content-Type': 'application/json; charset=utf-8', 'cache-control': 'no-cache'})
DEBUG    2022-05-28 23:24:28 selenium.webdriver.remote.remote_connection::remote_connection.py:_request:412: Finished Request
INFO     2022-05-28 23:24:28 root::mod_common.py:is_element_exist:13: //div[@class='logo ng-hide']엘리먼트가 존재합니다.
INFO     2022-05-28 23:24:28 root::func_item.py:item_logo_hide:34: Pass : 서비스 미제공 로고 이미지가 노출되고 있습니다.
DEBUG    2022-05-28 23:24:28 selenium.webdriver.remote.remote_connection::remote_connection.py:_request:361: DELETE http://localhost:10169/session/73ed99b10a2747ef35d1b0b3f25763c3 {}
DEBUG    2022-05-28 23:24:28 urllib3.connectionpool::connectionpool.py:_make_request:456: http://localhost:10169 "DELETE /session/73ed99b10a2747ef35d1b0b3f25763c3 HTTP/1.1" 200 14
DEBUG    2022-05-28 23:24:28 selenium.webdriver.remote.remote_connection::remote_connection.py:_request:383: Remote response: status=200 | data={"value":null} | headers=HTTPHeaderDict({'Content-Length': '14', 'Content-Type': 'application/json; charset=utf-8', 'cache-control': 'no-cache'})
DEBUG    2022-05-28 23:24:28 selenium.webdriver.remote.remote_connection::remote_connection.py:_request:412: Finished Request
INFO     2022-05-28 23:24:30 WDM::logger.py:log:16: ====== WebDriver manager ======
INFO     2022-05-28 23:24:31 WDM::logger.py:log:16: Current google-chrome version is 102.0.5005
INFO     2022-05-28 23:24:31 WDM::logger.py:log:16: Get LATEST chromedriver version for 102.0.5005 google-chrome
DEBUG    2022-05-28 23:24:31 urllib3.connectionpool::connectionpool.py:_new_conn:1001: Starting new HTTPS connection (1): chromedriver.storage.googleapis.com:443
DEBUG    2022-05-28 23:24:31 urllib3.connectionpool::connectionpool.py:_make_request:456: https://chromedriver.storage.googleapis.com:443 "GET /LATEST_RELEASE_102.0.5005 HTTP/1.1" 200 13
INFO     2022-05-28 23:24:31 WDM::logger.py:log:16: Driver [C:\Users\teddy\.wdm\drivers\chromedriver\win32\102.0.5005.61\chromedriver.exe] found in cache
DEBUG    2022-05-28 23:24:32 selenium.webdriver.remote.remote_connection::remote_connection.py:_request:361: POST http://localhost:10258/session {"capabilities": {"firstMatch": [{}], "alwaysMatch": {"browserName": "chrome", "pageLoadStrategy": "normal", "goog:chromeOptions": {"extensions": [], "args": []}}}}
DEBUG    2022-05-28 23:24:32 urllib3.connectionpool::connectionpool.py:_new_conn:228: Starting new HTTP connection (1): localhost:10258
DEBUG    2022-05-28 23:24:33 urllib3.connectionpool::connectionpool.py:_make_request:456: http://localhost:10258 "POST /session HTTP/1.1" 200 790
DEBUG    2022-05-28 23:24:33 selenium.webdriver.remote.remote_connection::remote_connection.py:_request:383: Remote response: status=200 | data={"value":{"capabilities":{"acceptInsecureCerts":false,"browserName":"chrome","browserVersion":"102.0.5005.61","chrome":{"chromedriverVersion":"102.0.5005.61 (0e59bcc00cc4985ce39ad31c150065f159d95ad3-refs/branch-heads/5005@{#819})","userDataDir":"C:\\Users\\teddy\\AppData\\Local\\Temp\\scoped_dir72840_1086488696"},"goog:chromeOptions":{"debuggerAddress":"localhost:10262"},"networkConnectionEnabled":false,"pageLoadStrategy":"normal","platformName":"windows","proxy":{},"setWindowRect":true,"strictFileInteractability":false,"timeouts":{"implicit":0,"pageLoad":300000,"script":30000},"unhandledPromptBehavior":"dismiss and notify","webauthn:extension:credBlob":true,"webauthn:extension:largeBlob":true,"webauthn:virtualAuthenticators":true},"sessionId":"2f140efbfe34fd19693291710fb38043"}} | headers=HTTPHeaderDict({'Content-Length': '790', 'Content-Type': 'application/json; charset=utf-8', 'cache-control': 'no-cache'})
DEBUG    2022-05-28 23:24:33 selenium.webdriver.remote.remote_connection::remote_connection.py:_request:412: Finished Request
DEBUG    2022-05-28 23:24:33 selenium.webdriver.remote.remote_connection::remote_connection.py:_request:361: POST http://localhost:10258/session/2f140efbfe34fd19693291710fb38043/window/maximize {}
DEBUG    2022-05-28 23:24:33 urllib3.connectionpool::connectionpool.py:_make_request:456: http://localhost:10258 "POST /session/2f140efbfe34fd19693291710fb38043/window/maximize HTTP/1.1" 200 52
DEBUG    2022-05-28 23:24:33 selenium.webdriver.remote.remote_connection::remote_connection.py:_request:383: Remote response: status=200 | data={"value":{"height":1048,"width":1936,"x":-8,"y":-8}} | headers=HTTPHeaderDict({'Content-Length': '52', 'Content-Type': 'application/json; charset=utf-8', 'cache-control': 'no-cache'})
DEBUG    2022-05-28 23:24:33 selenium.webdriver.remote.remote_connection::remote_connection.py:_request:412: Finished Request
DEBUG    2022-05-28 23:24:33 selenium.webdriver.remote.remote_connection::remote_connection.py:_request:361: POST http://localhost:10258/session/2f140efbfe34fd19693291710fb38043/timeouts {"implicit": 10000}
DEBUG    2022-05-28 23:24:33 urllib3.connectionpool::connectionpool.py:_make_request:456: http://localhost:10258 "POST /session/2f140efbfe34fd19693291710fb38043/timeouts HTTP/1.1" 200 14
DEBUG    2022-05-28 23:24:33 selenium.webdriver.remote.remote_connection::remote_connection.py:_request:383: Remote response: status=200 | data={"value":null} | headers=HTTPHeaderDict({'Content-Length': '14', 'Content-Type': 'application/json; charset=utf-8', 'cache-control': 'no-cache'})
DEBUG    2022-05-28 23:24:33 selenium.webdriver.remote.remote_connection::remote_connection.py:_request:412: Finished Request
DEBUG    2022-05-28 23:24:33 selenium.webdriver.remote.remote_connection::remote_connection.py:_request:361: POST http://localhost:10258/session/2f140efbfe34fd19693291710fb38043/url {"url": "https://www.yogiyo.co.kr/mobile/#/"}
DEBUG    2022-05-28 23:24:35 urllib3.connectionpool::connectionpool.py:_make_request:456: http://localhost:10258 "POST /session/2f140efbfe34fd19693291710fb38043/url HTTP/1.1" 200 14
DEBUG    2022-05-28 23:24:35 selenium.webdriver.remote.remote_connection::remote_connection.py:_request:383: Remote response: status=200 | data={"value":null} | headers=HTTPHeaderDict({'Content-Length': '14', 'Content-Type': 'application/json; charset=utf-8', 'cache-control': 'no-cache'})
DEBUG    2022-05-28 23:24:35 selenium.webdriver.remote.remote_connection::remote_connection.py:_request:412: Finished Request
DEBUG    2022-05-28 23:24:35 selenium.webdriver.remote.remote_connection::remote_connection.py:_request:361: POST http://localhost:10258/session/2f140efbfe34fd19693291710fb38043/element {"using": "xpath", "value": "//input[@name='address_input']"}
DEBUG    2022-05-28 23:24:35 urllib3.connectionpool::connectionpool.py:_make_request:456: http://localhost:10258 "POST /session/2f140efbfe34fd19693291710fb38043/element HTTP/1.1" 200 88
DEBUG    2022-05-28 23:24:35 selenium.webdriver.remote.remote_connection::remote_connection.py:_request:383: Remote response: status=200 | data={"value":{"element-6066-11e4-a52e-4f735466cecf":"d7c8ce78-93fc-4122-81b1-f5940a28b20d"}} | headers=HTTPHeaderDict({'Content-Length': '88', 'Content-Type': 'application/json; charset=utf-8', 'cache-control': 'no-cache'})
DEBUG    2022-05-28 23:24:35 selenium.webdriver.remote.remote_connection::remote_connection.py:_request:412: Finished Request
DEBUG    2022-05-28 23:24:35 selenium.webdriver.remote.remote_connection::remote_connection.py:_request:361: POST http://localhost:10258/session/2f140efbfe34fd19693291710fb38043/element/d7c8ce78-93fc-4122-81b1-f5940a28b20d/clear {"id": "d7c8ce78-93fc-4122-81b1-f5940a28b20d"}
DEBUG    2022-05-28 23:24:35 urllib3.connectionpool::connectionpool.py:_make_request:456: http://localhost:10258 "POST /session/2f140efbfe34fd19693291710fb38043/element/d7c8ce78-93fc-4122-81b1-f5940a28b20d/clear HTTP/1.1" 200 14
DEBUG    2022-05-28 23:24:35 selenium.webdriver.remote.remote_connection::remote_connection.py:_request:383: Remote response: status=200 | data={"value":null} | headers=HTTPHeaderDict({'Content-Length': '14', 'Content-Type': 'application/json; charset=utf-8', 'cache-control': 'no-cache'})
DEBUG    2022-05-28 23:24:35 selenium.webdriver.remote.remote_connection::remote_connection.py:_request:412: Finished Request
DEBUG    2022-05-28 23:24:35 selenium.webdriver.remote.remote_connection::remote_connection.py:_request:361: POST http://localhost:10258/session/2f140efbfe34fd19693291710fb38043/element {"using": "xpath", "value": "//input[@name='address_input']"}
DEBUG    2022-05-28 23:24:35 urllib3.connectionpool::connectionpool.py:_make_request:456: http://localhost:10258 "POST /session/2f140efbfe34fd19693291710fb38043/element HTTP/1.1" 200 88
DEBUG    2022-05-28 23:24:35 selenium.webdriver.remote.remote_connection::remote_connection.py:_request:383: Remote response: status=200 | data={"value":{"element-6066-11e4-a52e-4f735466cecf":"d7c8ce78-93fc-4122-81b1-f5940a28b20d"}} | headers=HTTPHeaderDict({'Content-Length': '88', 'Content-Type': 'application/json; charset=utf-8', 'cache-control': 'no-cache'})
DEBUG    2022-05-28 23:24:35 selenium.webdriver.remote.remote_connection::remote_connection.py:_request:412: Finished Request
DEBUG    2022-05-28 23:24:35 selenium.webdriver.remote.remote_connection::remote_connection.py:_request:361: POST http://localhost:10258/session/2f140efbfe34fd19693291710fb38043/element/d7c8ce78-93fc-4122-81b1-f5940a28b20d/value {"text": "\uc11c\uc6b8\ud2b9\ubcc4\uc2dc \ub3d9\uc791\uad6c \uc0ac\ub2f9\ub3d9 144-4 \uc774\uc218\uc5ed(7\ud638\uc120)", "value": ["\uc11c", "\uc6b8", "\ud2b9", "\ubcc4", "\uc2dc", " ", "\ub3d9", "\uc791", "\uad6c", " ", "\uc0ac", "\ub2f9", "\ub3d9", " ", "1", "4", "4", "-", "4", " ", "\uc774", "\uc218", "\uc5ed", "(", "7", "\ud638", "\uc120", ")"], "id": "d7c8ce78-93fc-4122-81b1-f5940a28b20d"}
DEBUG    2022-05-28 23:24:36 urllib3.connectionpool::connectionpool.py:_make_request:456: http://localhost:10258 "POST /session/2f140efbfe34fd19693291710fb38043/element/d7c8ce78-93fc-4122-81b1-f5940a28b20d/value HTTP/1.1" 200 14
DEBUG    2022-05-28 23:24:36 selenium.webdriver.remote.remote_connection::remote_connection.py:_request:383: Remote response: status=200 | data={"value":null} | headers=HTTPHeaderDict({'Content-Length': '14', 'Content-Type': 'application/json; charset=utf-8', 'cache-control': 'no-cache'})
DEBUG    2022-05-28 23:24:36 selenium.webdriver.remote.remote_connection::remote_connection.py:_request:412: Finished Request
DEBUG    2022-05-28 23:24:36 selenium.webdriver.remote.remote_connection::remote_connection.py:_request:361: POST http://localhost:10258/session/2f140efbfe34fd19693291710fb38043/element {"using": "xpath", "value": "//button[@class='btn btn-default ico-pick']"}
DEBUG    2022-05-28 23:24:36 urllib3.connectionpool::connectionpool.py:_make_request:456: http://localhost:10258 "POST /session/2f140efbfe34fd19693291710fb38043/element HTTP/1.1" 200 88
DEBUG    2022-05-28 23:24:36 selenium.webdriver.remote.remote_connection::remote_connection.py:_request:383: Remote response: status=200 | data={"value":{"element-6066-11e4-a52e-4f735466cecf":"498a23e3-a2ca-45d0-bdf3-8cc568e649fc"}} | headers=HTTPHeaderDict({'Content-Length': '88', 'Content-Type': 'application/json; charset=utf-8', 'cache-control': 'no-cache'})
DEBUG    2022-05-28 23:24:36 selenium.webdriver.remote.remote_connection::remote_connection.py:_request:412: Finished Request
DEBUG    2022-05-28 23:24:36 selenium.webdriver.remote.remote_connection::remote_connection.py:_request:361: POST http://localhost:10258/session/2f140efbfe34fd19693291710fb38043/element/498a23e3-a2ca-45d0-bdf3-8cc568e649fc/click {"id": "498a23e3-a2ca-45d0-bdf3-8cc568e649fc"}
DEBUG    2022-05-28 23:24:36 urllib3.connectionpool::connectionpool.py:_make_request:456: http://localhost:10258 "POST /session/2f140efbfe34fd19693291710fb38043/element/498a23e3-a2ca-45d0-bdf3-8cc568e649fc/click HTTP/1.1" 200 14
DEBUG    2022-05-28 23:24:36 selenium.webdriver.remote.remote_connection::remote_connection.py:_request:383: Remote response: status=200 | data={"value":null} | headers=HTTPHeaderDict({'Content-Length': '14', 'Content-Type': 'application/json; charset=utf-8', 'cache-control': 'no-cache'})
DEBUG    2022-05-28 23:24:36 selenium.webdriver.remote.remote_connection::remote_connection.py:_request:412: Finished Request
DEBUG    2022-05-28 23:24:37 selenium.webdriver.remote.remote_connection::remote_connection.py:_request:361: GET http://localhost:10258/session/2f140efbfe34fd19693291710fb38043/url {}
DEBUG    2022-05-28 23:24:37 urllib3.connectionpool::connectionpool.py:_make_request:456: http://localhost:10258 "GET /session/2f140efbfe34fd19693291710fb38043/url HTTP/1.1" 200 99
DEBUG    2022-05-28 23:24:37 selenium.webdriver.remote.remote_connection::remote_connection.py:_request:383: Remote response: status=200 | data={"value":"https://www.yogiyo.co.kr/mobile/#/%EC%84%9C%EC%9A%B8%ED%8A%B9%EB%B3%84%EC%8B%9C/156091/"} | headers=HTTPHeaderDict({'Content-Length': '99', 'Content-Type': 'application/json; charset=utf-8', 'cache-control': 'no-cache'})
DEBUG    2022-05-28 23:24:37 selenium.webdriver.remote.remote_connection::remote_connection.py:_request:412: Finished Request
INFO     2022-05-28 23:24:37 root::mod_common.py:compare_url:25: 현재 URL : https://www.yogiyo.co.kr/mobile/#/%EC%84%9C%EC%9A%B8%ED%8A%B9%EB%B3%84%EC%8B%9C/156091/
INFO     2022-05-28 23:24:37 root::mod_common.py:compare_url:26: 비교 URL : https://www.yogiyo.co.kr/mobile/#/%EC%84%9C%EC%9A%B8%ED%8A%B9%EB%B3%84%EC%8B%9C/156091/
INFO     2022-05-28 23:24:37 root::mod_common.py:compare_url:28: 두 URL이 일치합니다.
INFO     2022-05-28 23:24:37 root::mod_enter.py:enter_restaurant_list:19: Success : 레스토랑 리스트 페이지 진입에 성공했습니다.
DEBUG    2022-05-28 23:24:37 selenium.webdriver.remote.remote_connection::remote_connection.py:_request:361: POST http://localhost:10258/session/2f140efbfe34fd19693291710fb38043/execute/sync {"script": "return document.body.scrollHeight", "args": []}
DEBUG    2022-05-28 23:24:37 urllib3.connectionpool::connectionpool.py:_make_request:456: http://localhost:10258 "POST /session/2f140efbfe34fd19693291710fb38043/execute/sync HTTP/1.1" 200 14
DEBUG    2022-05-28 23:24:37 selenium.webdriver.remote.remote_connection::remote_connection.py:_request:383: Remote response: status=200 | data={"value":4505} | headers=HTTPHeaderDict({'Content-Length': '14', 'Content-Type': 'application/json; charset=utf-8', 'cache-control': 'no-cache'})
DEBUG    2022-05-28 23:24:37 selenium.webdriver.remote.remote_connection::remote_connection.py:_request:412: Finished Request
DEBUG    2022-05-28 23:24:37 selenium.webdriver.remote.remote_connection::remote_connection.py:_request:361: POST http://localhost:10258/session/2f140efbfe34fd19693291710fb38043/execute/sync {"script": "window.scrollTo(0, 4505)", "args": []}
DEBUG    2022-05-28 23:24:37 urllib3.connectionpool::connectionpool.py:_make_request:456: http://localhost:10258 "POST /session/2f140efbfe34fd19693291710fb38043/execute/sync HTTP/1.1" 200 14
DEBUG    2022-05-28 23:24:37 selenium.webdriver.remote.remote_connection::remote_connection.py:_request:383: Remote response: status=200 | data={"value":null} | headers=HTTPHeaderDict({'Content-Length': '14', 'Content-Type': 'application/json; charset=utf-8', 'cache-control': 'no-cache'})
DEBUG    2022-05-28 23:24:37 selenium.webdriver.remote.remote_connection::remote_connection.py:_request:412: Finished Request
DEBUG    2022-05-28 23:24:38 selenium.webdriver.remote.remote_connection::remote_connection.py:_request:361: POST http://localhost:10258/session/2f140efbfe34fd19693291710fb38043/execute/sync {"script": "return document.body.scrollHeight", "args": []}
DEBUG    2022-05-28 23:24:38 urllib3.connectionpool::connectionpool.py:_make_request:456: http://localhost:10258 "POST /session/2f140efbfe34fd19693291710fb38043/execute/sync HTTP/1.1" 200 14
DEBUG    2022-05-28 23:24:38 selenium.webdriver.remote.remote_connection::remote_connection.py:_request:383: Remote response: status=200 | data={"value":7984} | headers=HTTPHeaderDict({'Content-Length': '14', 'Content-Type': 'application/json; charset=utf-8', 'cache-control': 'no-cache'})
DEBUG    2022-05-28 23:24:38 selenium.webdriver.remote.remote_connection::remote_connection.py:_request:412: Finished Request
DEBUG    2022-05-28 23:24:38 selenium.webdriver.remote.remote_connection::remote_connection.py:_request:361: POST http://localhost:10258/session/2f140efbfe34fd19693291710fb38043/execute/sync {"script": "window.scrollTo(4505, 7984)", "args": []}
DEBUG    2022-05-28 23:24:38 urllib3.connectionpool::connectionpool.py:_make_request:456: http://localhost:10258 "POST /session/2f140efbfe34fd19693291710fb38043/execute/sync HTTP/1.1" 200 14
DEBUG    2022-05-28 23:24:38 selenium.webdriver.remote.remote_connection::remote_connection.py:_request:383: Remote response: status=200 | data={"value":null} | headers=HTTPHeaderDict({'Content-Length': '14', 'Content-Type': 'application/json; charset=utf-8', 'cache-control': 'no-cache'})
DEBUG    2022-05-28 23:24:38 selenium.webdriver.remote.remote_connection::remote_connection.py:_request:412: Finished Request
DEBUG    2022-05-28 23:24:39 selenium.webdriver.remote.remote_connection::remote_connection.py:_request:361: POST http://localhost:10258/session/2f140efbfe34fd19693291710fb38043/execute/sync {"script": "return document.body.scrollHeight", "args": []}
DEBUG    2022-05-28 23:24:39 urllib3.connectionpool::connectionpool.py:_make_request:456: http://localhost:10258 "POST /session/2f140efbfe34fd19693291710fb38043/execute/sync HTTP/1.1" 200 15
DEBUG    2022-05-28 23:24:39 selenium.webdriver.remote.remote_connection::remote_connection.py:_request:383: Remote response: status=200 | data={"value":11524} | headers=HTTPHeaderDict({'Content-Length': '15', 'Content-Type': 'application/json; charset=utf-8', 'cache-control': 'no-cache'})
DEBUG    2022-05-28 23:24:39 selenium.webdriver.remote.remote_connection::remote_connection.py:_request:412: Finished Request
DEBUG    2022-05-28 23:24:39 selenium.webdriver.remote.remote_connection::remote_connection.py:_request:361: POST http://localhost:10258/session/2f140efbfe34fd19693291710fb38043/execute/sync {"script": "window.scrollTo(7984, 11524)", "args": []}
DEBUG    2022-05-28 23:24:39 urllib3.connectionpool::connectionpool.py:_make_request:456: http://localhost:10258 "POST /session/2f140efbfe34fd19693291710fb38043/execute/sync HTTP/1.1" 200 14
DEBUG    2022-05-28 23:24:39 selenium.webdriver.remote.remote_connection::remote_connection.py:_request:383: Remote response: status=200 | data={"value":null} | headers=HTTPHeaderDict({'Content-Length': '14', 'Content-Type': 'application/json; charset=utf-8', 'cache-control': 'no-cache'})
DEBUG    2022-05-28 23:24:39 selenium.webdriver.remote.remote_connection::remote_connection.py:_request:412: Finished Request
DEBUG    2022-05-28 23:24:40 selenium.webdriver.remote.remote_connection::remote_connection.py:_request:361: POST http://localhost:10258/session/2f140efbfe34fd19693291710fb38043/execute/sync {"script": "return document.body.scrollHeight", "args": []}
DEBUG    2022-05-28 23:24:40 urllib3.connectionpool::connectionpool.py:_make_request:456: http://localhost:10258 "POST /session/2f140efbfe34fd19693291710fb38043/execute/sync HTTP/1.1" 200 15
DEBUG    2022-05-28 23:24:40 selenium.webdriver.remote.remote_connection::remote_connection.py:_request:383: Remote response: status=200 | data={"value":15064} | headers=HTTPHeaderDict({'Content-Length': '15', 'Content-Type': 'application/json; charset=utf-8', 'cache-control': 'no-cache'})
DEBUG    2022-05-28 23:24:40 selenium.webdriver.remote.remote_connection::remote_connection.py:_request:412: Finished Request
DEBUG    2022-05-28 23:24:40 selenium.webdriver.remote.remote_connection::remote_connection.py:_request:361: POST http://localhost:10258/session/2f140efbfe34fd19693291710fb38043/execute/sync {"script": "window.scrollTo(11524, 15064)", "args": []}
DEBUG    2022-05-28 23:24:40 urllib3.connectionpool::connectionpool.py:_make_request:456: http://localhost:10258 "POST /session/2f140efbfe34fd19693291710fb38043/execute/sync HTTP/1.1" 200 14
DEBUG    2022-05-28 23:24:40 selenium.webdriver.remote.remote_connection::remote_connection.py:_request:383: Remote response: status=200 | data={"value":null} | headers=HTTPHeaderDict({'Content-Length': '14', 'Content-Type': 'application/json; charset=utf-8', 'cache-control': 'no-cache'})
DEBUG    2022-05-28 23:24:40 selenium.webdriver.remote.remote_connection::remote_connection.py:_request:412: Finished Request
DEBUG    2022-05-28 23:24:41 selenium.webdriver.remote.remote_connection::remote_connection.py:_request:361: POST http://localhost:10258/session/2f140efbfe34fd19693291710fb38043/execute/sync {"script": "return document.body.scrollHeight", "args": []}
DEBUG    2022-05-28 23:24:41 urllib3.connectionpool::connectionpool.py:_make_request:456: http://localhost:10258 "POST /session/2f140efbfe34fd19693291710fb38043/execute/sync HTTP/1.1" 200 15
DEBUG    2022-05-28 23:24:41 selenium.webdriver.remote.remote_connection::remote_connection.py:_request:383: Remote response: status=200 | data={"value":18604} | headers=HTTPHeaderDict({'Content-Length': '15', 'Content-Type': 'application/json; charset=utf-8', 'cache-control': 'no-cache'})
DEBUG    2022-05-28 23:24:41 selenium.webdriver.remote.remote_connection::remote_connection.py:_request:412: Finished Request
DEBUG    2022-05-28 23:24:41 selenium.webdriver.remote.remote_connection::remote_connection.py:_request:361: POST http://localhost:10258/session/2f140efbfe34fd19693291710fb38043/execute/sync {"script": "window.scrollTo(15064, 18604)", "args": []}
DEBUG    2022-05-28 23:24:41 urllib3.connectionpool::connectionpool.py:_make_request:456: http://localhost:10258 "POST /session/2f140efbfe34fd19693291710fb38043/execute/sync HTTP/1.1" 200 14
DEBUG    2022-05-28 23:24:41 selenium.webdriver.remote.remote_connection::remote_connection.py:_request:383: Remote response: status=200 | data={"value":null} | headers=HTTPHeaderDict({'Content-Length': '14', 'Content-Type': 'application/json; charset=utf-8', 'cache-control': 'no-cache'})
DEBUG    2022-05-28 23:24:41 selenium.webdriver.remote.remote_connection::remote_connection.py:_request:412: Finished Request
DEBUG    2022-05-28 23:24:42 selenium.webdriver.remote.remote_connection::remote_connection.py:_request:361: POST http://localhost:10258/session/2f140efbfe34fd19693291710fb38043/execute/sync {"script": "return document.body.scrollHeight", "args": []}
DEBUG    2022-05-28 23:24:42 urllib3.connectionpool::connectionpool.py:_make_request:456: http://localhost:10258 "POST /session/2f140efbfe34fd19693291710fb38043/execute/sync HTTP/1.1" 200 15
DEBUG    2022-05-28 23:24:42 selenium.webdriver.remote.remote_connection::remote_connection.py:_request:383: Remote response: status=200 | data={"value":22144} | headers=HTTPHeaderDict({'Content-Length': '15', 'Content-Type': 'application/json; charset=utf-8', 'cache-control': 'no-cache'})
DEBUG    2022-05-28 23:24:42 selenium.webdriver.remote.remote_connection::remote_connection.py:_request:412: Finished Request
DEBUG    2022-05-28 23:24:42 selenium.webdriver.remote.remote_connection::remote_connection.py:_request:361: POST http://localhost:10258/session/2f140efbfe34fd19693291710fb38043/execute/sync {"script": "window.scrollTo(18604, 22144)", "args": []}
DEBUG    2022-05-28 23:24:42 urllib3.connectionpool::connectionpool.py:_make_request:456: http://localhost:10258 "POST /session/2f140efbfe34fd19693291710fb38043/execute/sync HTTP/1.1" 200 14
DEBUG    2022-05-28 23:24:42 selenium.webdriver.remote.remote_connection::remote_connection.py:_request:383: Remote response: status=200 | data={"value":null} | headers=HTTPHeaderDict({'Content-Length': '14', 'Content-Type': 'application/json; charset=utf-8', 'cache-control': 'no-cache'})
DEBUG    2022-05-28 23:24:42 selenium.webdriver.remote.remote_connection::remote_connection.py:_request:412: Finished Request
DEBUG    2022-05-28 23:24:43 selenium.webdriver.remote.remote_connection::remote_connection.py:_request:361: POST http://localhost:10258/session/2f140efbfe34fd19693291710fb38043/execute/sync {"script": "return document.body.scrollHeight", "args": []}
DEBUG    2022-05-28 23:24:43 urllib3.connectionpool::connectionpool.py:_make_request:456: http://localhost:10258 "POST /session/2f140efbfe34fd19693291710fb38043/execute/sync HTTP/1.1" 200 15
DEBUG    2022-05-28 23:24:43 selenium.webdriver.remote.remote_connection::remote_connection.py:_request:383: Remote response: status=200 | data={"value":25684} | headers=HTTPHeaderDict({'Content-Length': '15', 'Content-Type': 'application/json; charset=utf-8', 'cache-control': 'no-cache'})
DEBUG    2022-05-28 23:24:43 selenium.webdriver.remote.remote_connection::remote_connection.py:_request:412: Finished Request
DEBUG    2022-05-28 23:24:43 selenium.webdriver.remote.remote_connection::remote_connection.py:_request:361: POST http://localhost:10258/session/2f140efbfe34fd19693291710fb38043/execute/sync {"script": "window.scrollTo(22144, 25684)", "args": []}
DEBUG    2022-05-28 23:24:43 urllib3.connectionpool::connectionpool.py:_make_request:456: http://localhost:10258 "POST /session/2f140efbfe34fd19693291710fb38043/execute/sync HTTP/1.1" 200 14
DEBUG    2022-05-28 23:24:43 selenium.webdriver.remote.remote_connection::remote_connection.py:_request:383: Remote response: status=200 | data={"value":null} | headers=HTTPHeaderDict({'Content-Length': '14', 'Content-Type': 'application/json; charset=utf-8', 'cache-control': 'no-cache'})
DEBUG    2022-05-28 23:24:43 selenium.webdriver.remote.remote_connection::remote_connection.py:_request:412: Finished Request
DEBUG    2022-05-28 23:24:44 selenium.webdriver.remote.remote_connection::remote_connection.py:_request:361: POST http://localhost:10258/session/2f140efbfe34fd19693291710fb38043/execute/sync {"script": "return document.body.scrollHeight", "args": []}
DEBUG    2022-05-28 23:24:44 urllib3.connectionpool::connectionpool.py:_make_request:456: http://localhost:10258 "POST /session/2f140efbfe34fd19693291710fb38043/execute/sync HTTP/1.1" 200 15
DEBUG    2022-05-28 23:24:44 selenium.webdriver.remote.remote_connection::remote_connection.py:_request:383: Remote response: status=200 | data={"value":29224} | headers=HTTPHeaderDict({'Content-Length': '15', 'Content-Type': 'application/json; charset=utf-8', 'cache-control': 'no-cache'})
DEBUG    2022-05-28 23:24:44 selenium.webdriver.remote.remote_connection::remote_connection.py:_request:412: Finished Request
DEBUG    2022-05-28 23:24:44 selenium.webdriver.remote.remote_connection::remote_connection.py:_request:361: POST http://localhost:10258/session/2f140efbfe34fd19693291710fb38043/execute/sync {"script": "window.scrollTo(25684, 29224)", "args": []}
DEBUG    2022-05-28 23:24:44 urllib3.connectionpool::connectionpool.py:_make_request:456: http://localhost:10258 "POST /session/2f140efbfe34fd19693291710fb38043/execute/sync HTTP/1.1" 200 14
DEBUG    2022-05-28 23:24:44 selenium.webdriver.remote.remote_connection::remote_connection.py:_request:383: Remote response: status=200 | data={"value":null} | headers=HTTPHeaderDict({'Content-Length': '14', 'Content-Type': 'application/json; charset=utf-8', 'cache-control': 'no-cache'})
DEBUG    2022-05-28 23:24:44 selenium.webdriver.remote.remote_connection::remote_connection.py:_request:412: Finished Request
DEBUG    2022-05-28 23:24:45 selenium.webdriver.remote.remote_connection::remote_connection.py:_request:361: POST http://localhost:10258/session/2f140efbfe34fd19693291710fb38043/execute/sync {"script": "return document.body.scrollHeight", "args": []}
DEBUG    2022-05-28 23:24:45 urllib3.connectionpool::connectionpool.py:_make_request:456: http://localhost:10258 "POST /session/2f140efbfe34fd19693291710fb38043/execute/sync HTTP/1.1" 200 15
DEBUG    2022-05-28 23:24:45 selenium.webdriver.remote.remote_connection::remote_connection.py:_request:383: Remote response: status=200 | data={"value":32764} | headers=HTTPHeaderDict({'Content-Length': '15', 'Content-Type': 'application/json; charset=utf-8', 'cache-control': 'no-cache'})
DEBUG    2022-05-28 23:24:45 selenium.webdriver.remote.remote_connection::remote_connection.py:_request:412: Finished Request
DEBUG    2022-05-28 23:24:45 selenium.webdriver.remote.remote_connection::remote_connection.py:_request:361: POST http://localhost:10258/session/2f140efbfe34fd19693291710fb38043/execute/sync {"script": "window.scrollTo(29224, 32764)", "args": []}
DEBUG    2022-05-28 23:24:45 urllib3.connectionpool::connectionpool.py:_make_request:456: http://localhost:10258 "POST /session/2f140efbfe34fd19693291710fb38043/execute/sync HTTP/1.1" 200 14
DEBUG    2022-05-28 23:24:45 selenium.webdriver.remote.remote_connection::remote_connection.py:_request:383: Remote response: status=200 | data={"value":null} | headers=HTTPHeaderDict({'Content-Length': '14', 'Content-Type': 'application/json; charset=utf-8', 'cache-control': 'no-cache'})
DEBUG    2022-05-28 23:24:45 selenium.webdriver.remote.remote_connection::remote_connection.py:_request:412: Finished Request
DEBUG    2022-05-28 23:24:46 selenium.webdriver.remote.remote_connection::remote_connection.py:_request:361: POST http://localhost:10258/session/2f140efbfe34fd19693291710fb38043/execute/sync {"script": "return document.body.scrollHeight", "args": []}
DEBUG    2022-05-28 23:24:46 urllib3.connectionpool::connectionpool.py:_make_request:456: http://localhost:10258 "POST /session/2f140efbfe34fd19693291710fb38043/execute/sync HTTP/1.1" 200 15
DEBUG    2022-05-28 23:24:46 selenium.webdriver.remote.remote_connection::remote_connection.py:_request:383: Remote response: status=200 | data={"value":36304} | headers=HTTPHeaderDict({'Content-Length': '15', 'Content-Type': 'application/json; charset=utf-8', 'cache-control': 'no-cache'})
DEBUG    2022-05-28 23:24:46 selenium.webdriver.remote.remote_connection::remote_connection.py:_request:412: Finished Request
DEBUG    2022-05-28 23:24:46 selenium.webdriver.remote.remote_connection::remote_connection.py:_request:361: POST http://localhost:10258/session/2f140efbfe34fd19693291710fb38043/execute/sync {"script": "window.scrollTo(32764, 36304)", "args": []}
DEBUG    2022-05-28 23:24:46 urllib3.connectionpool::connectionpool.py:_make_request:456: http://localhost:10258 "POST /session/2f140efbfe34fd19693291710fb38043/execute/sync HTTP/1.1" 200 14
DEBUG    2022-05-28 23:24:46 selenium.webdriver.remote.remote_connection::remote_connection.py:_request:383: Remote response: status=200 | data={"value":null} | headers=HTTPHeaderDict({'Content-Length': '14', 'Content-Type': 'application/json; charset=utf-8', 'cache-control': 'no-cache'})
DEBUG    2022-05-28 23:24:46 selenium.webdriver.remote.remote_connection::remote_connection.py:_request:412: Finished Request
DEBUG    2022-05-28 23:24:47 selenium.webdriver.remote.remote_connection::remote_connection.py:_request:361: POST http://localhost:10258/session/2f140efbfe34fd19693291710fb38043/execute/sync {"script": "return document.body.scrollHeight", "args": []}
DEBUG    2022-05-28 23:24:47 urllib3.connectionpool::connectionpool.py:_make_request:456: http://localhost:10258 "POST /session/2f140efbfe34fd19693291710fb38043/execute/sync HTTP/1.1" 200 15
DEBUG    2022-05-28 23:24:47 selenium.webdriver.remote.remote_connection::remote_connection.py:_request:383: Remote response: status=200 | data={"value":39844} | headers=HTTPHeaderDict({'Content-Length': '15', 'Content-Type': 'application/json; charset=utf-8', 'cache-control': 'no-cache'})
DEBUG    2022-05-28 23:24:47 selenium.webdriver.remote.remote_connection::remote_connection.py:_request:412: Finished Request
DEBUG    2022-05-28 23:24:47 selenium.webdriver.remote.remote_connection::remote_connection.py:_request:361: POST http://localhost:10258/session/2f140efbfe34fd19693291710fb38043/execute/sync {"script": "window.scrollTo(36304, 39844)", "args": []}
DEBUG    2022-05-28 23:24:47 urllib3.connectionpool::connectionpool.py:_make_request:456: http://localhost:10258 "POST /session/2f140efbfe34fd19693291710fb38043/execute/sync HTTP/1.1" 200 14
DEBUG    2022-05-28 23:24:47 selenium.webdriver.remote.remote_connection::remote_connection.py:_request:383: Remote response: status=200 | data={"value":null} | headers=HTTPHeaderDict({'Content-Length': '14', 'Content-Type': 'application/json; charset=utf-8', 'cache-control': 'no-cache'})
DEBUG    2022-05-28 23:24:47 selenium.webdriver.remote.remote_connection::remote_connection.py:_request:412: Finished Request
DEBUG    2022-05-28 23:24:47 selenium.webdriver.remote.remote_connection::remote_connection.py:_request:361: POST http://localhost:10258/session/2f140efbfe34fd19693291710fb38043/execute/sync {"script": "return document.body.scrollHeight", "args": []}
DEBUG    2022-05-28 23:24:47 urllib3.connectionpool::connectionpool.py:_make_request:456: http://localhost:10258 "POST /session/2f140efbfe34fd19693291710fb38043/execute/sync HTTP/1.1" 200 15
DEBUG    2022-05-28 23:24:47 selenium.webdriver.remote.remote_connection::remote_connection.py:_request:383: Remote response: status=200 | data={"value":43384} | headers=HTTPHeaderDict({'Content-Length': '15', 'Content-Type': 'application/json; charset=utf-8', 'cache-control': 'no-cache'})
DEBUG    2022-05-28 23:24:47 selenium.webdriver.remote.remote_connection::remote_connection.py:_request:412: Finished Request
DEBUG    2022-05-28 23:24:47 selenium.webdriver.remote.remote_connection::remote_connection.py:_request:361: POST http://localhost:10258/session/2f140efbfe34fd19693291710fb38043/execute/sync {"script": "window.scrollTo(39844, 43384)", "args": []}
DEBUG    2022-05-28 23:24:48 urllib3.connectionpool::connectionpool.py:_make_request:456: http://localhost:10258 "POST /session/2f140efbfe34fd19693291710fb38043/execute/sync HTTP/1.1" 200 14
DEBUG    2022-05-28 23:24:48 selenium.webdriver.remote.remote_connection::remote_connection.py:_request:383: Remote response: status=200 | data={"value":null} | headers=HTTPHeaderDict({'Content-Length': '14', 'Content-Type': 'application/json; charset=utf-8', 'cache-control': 'no-cache'})
DEBUG    2022-05-28 23:24:48 selenium.webdriver.remote.remote_connection::remote_connection.py:_request:412: Finished Request
DEBUG    2022-05-28 23:24:48 selenium.webdriver.remote.remote_connection::remote_connection.py:_request:361: POST http://localhost:10258/session/2f140efbfe34fd19693291710fb38043/execute/sync {"script": "return document.body.scrollHeight", "args": []}
DEBUG    2022-05-28 23:24:48 urllib3.connectionpool::connectionpool.py:_make_request:456: http://localhost:10258 "POST /session/2f140efbfe34fd19693291710fb38043/execute/sync HTTP/1.1" 200 15
DEBUG    2022-05-28 23:24:48 selenium.webdriver.remote.remote_connection::remote_connection.py:_request:383: Remote response: status=200 | data={"value":46924} | headers=HTTPHeaderDict({'Content-Length': '15', 'Content-Type': 'application/json; charset=utf-8', 'cache-control': 'no-cache'})
DEBUG    2022-05-28 23:24:48 selenium.webdriver.remote.remote_connection::remote_connection.py:_request:412: Finished Request
DEBUG    2022-05-28 23:24:48 selenium.webdriver.remote.remote_connection::remote_connection.py:_request:361: POST http://localhost:10258/session/2f140efbfe34fd19693291710fb38043/execute/sync {"script": "window.scrollTo(43384, 46924)", "args": []}
DEBUG    2022-05-28 23:24:48 urllib3.connectionpool::connectionpool.py:_make_request:456: http://localhost:10258 "POST /session/2f140efbfe34fd19693291710fb38043/execute/sync HTTP/1.1" 200 14
DEBUG    2022-05-28 23:24:48 selenium.webdriver.remote.remote_connection::remote_connection.py:_request:383: Remote response: status=200 | data={"value":null} | headers=HTTPHeaderDict({'Content-Length': '14', 'Content-Type': 'application/json; charset=utf-8', 'cache-control': 'no-cache'})
DEBUG    2022-05-28 23:24:48 selenium.webdriver.remote.remote_connection::remote_connection.py:_request:412: Finished Request
DEBUG    2022-05-28 23:24:49 selenium.webdriver.remote.remote_connection::remote_connection.py:_request:361: POST http://localhost:10258/session/2f140efbfe34fd19693291710fb38043/execute/sync {"script": "return document.body.scrollHeight", "args": []}
DEBUG    2022-05-28 23:24:49 urllib3.connectionpool::connectionpool.py:_make_request:456: http://localhost:10258 "POST /session/2f140efbfe34fd19693291710fb38043/execute/sync HTTP/1.1" 200 15
DEBUG    2022-05-28 23:24:49 selenium.webdriver.remote.remote_connection::remote_connection.py:_request:383: Remote response: status=200 | data={"value":50464} | headers=HTTPHeaderDict({'Content-Length': '15', 'Content-Type': 'application/json; charset=utf-8', 'cache-control': 'no-cache'})
DEBUG    2022-05-28 23:24:49 selenium.webdriver.remote.remote_connection::remote_connection.py:_request:412: Finished Request
DEBUG    2022-05-28 23:24:49 selenium.webdriver.remote.remote_connection::remote_connection.py:_request:361: POST http://localhost:10258/session/2f140efbfe34fd19693291710fb38043/execute/sync {"script": "window.scrollTo(46924, 50464)", "args": []}
DEBUG    2022-05-28 23:24:49 urllib3.connectionpool::connectionpool.py:_make_request:456: http://localhost:10258 "POST /session/2f140efbfe34fd19693291710fb38043/execute/sync HTTP/1.1" 200 14
DEBUG    2022-05-28 23:24:49 selenium.webdriver.remote.remote_connection::remote_connection.py:_request:383: Remote response: status=200 | data={"value":null} | headers=HTTPHeaderDict({'Content-Length': '14', 'Content-Type': 'application/json; charset=utf-8', 'cache-control': 'no-cache'})
DEBUG    2022-05-28 23:24:49 selenium.webdriver.remote.remote_connection::remote_connection.py:_request:412: Finished Request
DEBUG    2022-05-28 23:24:50 selenium.webdriver.remote.remote_connection::remote_connection.py:_request:361: POST http://localhost:10258/session/2f140efbfe34fd19693291710fb38043/execute/sync {"script": "return document.body.scrollHeight", "args": []}
DEBUG    2022-05-28 23:24:50 urllib3.connectionpool::connectionpool.py:_make_request:456: http://localhost:10258 "POST /session/2f140efbfe34fd19693291710fb38043/execute/sync HTTP/1.1" 200 15
DEBUG    2022-05-28 23:24:50 selenium.webdriver.remote.remote_connection::remote_connection.py:_request:383: Remote response: status=200 | data={"value":54004} | headers=HTTPHeaderDict({'Content-Length': '15', 'Content-Type': 'application/json; charset=utf-8', 'cache-control': 'no-cache'})
DEBUG    2022-05-28 23:24:50 selenium.webdriver.remote.remote_connection::remote_connection.py:_request:412: Finished Request
DEBUG    2022-05-28 23:24:50 selenium.webdriver.remote.remote_connection::remote_connection.py:_request:361: POST http://localhost:10258/session/2f140efbfe34fd19693291710fb38043/execute/sync {"script": "window.scrollTo(50464, 54004)", "args": []}
DEBUG    2022-05-28 23:24:50 urllib3.connectionpool::connectionpool.py:_make_request:456: http://localhost:10258 "POST /session/2f140efbfe34fd19693291710fb38043/execute/sync HTTP/1.1" 200 14
DEBUG    2022-05-28 23:24:50 selenium.webdriver.remote.remote_connection::remote_connection.py:_request:383: Remote response: status=200 | data={"value":null} | headers=HTTPHeaderDict({'Content-Length': '14', 'Content-Type': 'application/json; charset=utf-8', 'cache-control': 'no-cache'})
DEBUG    2022-05-28 23:24:50 selenium.webdriver.remote.remote_connection::remote_connection.py:_request:412: Finished Request
DEBUG    2022-05-28 23:24:51 selenium.webdriver.remote.remote_connection::remote_connection.py:_request:361: POST http://localhost:10258/session/2f140efbfe34fd19693291710fb38043/execute/sync {"script": "return document.body.scrollHeight", "args": []}
DEBUG    2022-05-28 23:24:51 urllib3.connectionpool::connectionpool.py:_make_request:456: http://localhost:10258 "POST /session/2f140efbfe34fd19693291710fb38043/execute/sync HTTP/1.1" 200 15
DEBUG    2022-05-28 23:24:51 selenium.webdriver.remote.remote_connection::remote_connection.py:_request:383: Remote response: status=200 | data={"value":57544} | headers=HTTPHeaderDict({'Content-Length': '15', 'Content-Type': 'application/json; charset=utf-8', 'cache-control': 'no-cache'})
DEBUG    2022-05-28 23:24:51 selenium.webdriver.remote.remote_connection::remote_connection.py:_request:412: Finished Request
DEBUG    2022-05-28 23:24:51 selenium.webdriver.remote.remote_connection::remote_connection.py:_request:361: POST http://localhost:10258/session/2f140efbfe34fd19693291710fb38043/execute/sync {"script": "window.scrollTo(54004, 57544)", "args": []}
DEBUG    2022-05-28 23:24:51 urllib3.connectionpool::connectionpool.py:_make_request:456: http://localhost:10258 "POST /session/2f140efbfe34fd19693291710fb38043/execute/sync HTTP/1.1" 200 14
DEBUG    2022-05-28 23:24:51 selenium.webdriver.remote.remote_connection::remote_connection.py:_request:383: Remote response: status=200 | data={"value":null} | headers=HTTPHeaderDict({'Content-Length': '14', 'Content-Type': 'application/json; charset=utf-8', 'cache-control': 'no-cache'})
DEBUG    2022-05-28 23:24:51 selenium.webdriver.remote.remote_connection::remote_connection.py:_request:412: Finished Request
DEBUG    2022-05-28 23:24:52 selenium.webdriver.remote.remote_connection::remote_connection.py:_request:361: POST http://localhost:10258/session/2f140efbfe34fd19693291710fb38043/execute/sync {"script": "return document.body.scrollHeight", "args": []}
DEBUG    2022-05-28 23:24:52 urllib3.connectionpool::connectionpool.py:_make_request:456: http://localhost:10258 "POST /session/2f140efbfe34fd19693291710fb38043/execute/sync HTTP/1.1" 200 15
DEBUG    2022-05-28 23:24:52 selenium.webdriver.remote.remote_connection::remote_connection.py:_request:383: Remote response: status=200 | data={"value":61084} | headers=HTTPHeaderDict({'Content-Length': '15', 'Content-Type': 'application/json; charset=utf-8', 'cache-control': 'no-cache'})
DEBUG    2022-05-28 23:24:52 selenium.webdriver.remote.remote_connection::remote_connection.py:_request:412: Finished Request
DEBUG    2022-05-28 23:24:52 selenium.webdriver.remote.remote_connection::remote_connection.py:_request:361: POST http://localhost:10258/session/2f140efbfe34fd19693291710fb38043/execute/sync {"script": "window.scrollTo(57544, 61084)", "args": []}
DEBUG    2022-05-28 23:24:52 urllib3.connectionpool::connectionpool.py:_make_request:456: http://localhost:10258 "POST /session/2f140efbfe34fd19693291710fb38043/execute/sync HTTP/1.1" 200 14
DEBUG    2022-05-28 23:24:52 selenium.webdriver.remote.remote_connection::remote_connection.py:_request:383: Remote response: status=200 | data={"value":null} | headers=HTTPHeaderDict({'Content-Length': '14', 'Content-Type': 'application/json; charset=utf-8', 'cache-control': 'no-cache'})
DEBUG    2022-05-28 23:24:52 selenium.webdriver.remote.remote_connection::remote_connection.py:_request:412: Finished Request
DEBUG    2022-05-28 23:24:53 selenium.webdriver.remote.remote_connection::remote_connection.py:_request:361: POST http://localhost:10258/session/2f140efbfe34fd19693291710fb38043/execute/sync {"script": "return document.body.scrollHeight", "args": []}
DEBUG    2022-05-28 23:24:53 urllib3.connectionpool::connectionpool.py:_make_request:456: http://localhost:10258 "POST /session/2f140efbfe34fd19693291710fb38043/execute/sync HTTP/1.1" 200 15
DEBUG    2022-05-28 23:24:53 selenium.webdriver.remote.remote_connection::remote_connection.py:_request:383: Remote response: status=200 | data={"value":64624} | headers=HTTPHeaderDict({'Content-Length': '15', 'Content-Type': 'application/json; charset=utf-8', 'cache-control': 'no-cache'})
DEBUG    2022-05-28 23:24:53 selenium.webdriver.remote.remote_connection::remote_connection.py:_request:412: Finished Request
DEBUG    2022-05-28 23:24:53 selenium.webdriver.remote.remote_connection::remote_connection.py:_request:361: POST http://localhost:10258/session/2f140efbfe34fd19693291710fb38043/execute/sync {"script": "window.scrollTo(61084, 64624)", "args": []}
DEBUG    2022-05-28 23:24:53 urllib3.connectionpool::connectionpool.py:_make_request:456: http://localhost:10258 "POST /session/2f140efbfe34fd19693291710fb38043/execute/sync HTTP/1.1" 200 14
DEBUG    2022-05-28 23:24:53 selenium.webdriver.remote.remote_connection::remote_connection.py:_request:383: Remote response: status=200 | data={"value":null} | headers=HTTPHeaderDict({'Content-Length': '14', 'Content-Type': 'application/json; charset=utf-8', 'cache-control': 'no-cache'})
DEBUG    2022-05-28 23:24:53 selenium.webdriver.remote.remote_connection::remote_connection.py:_request:412: Finished Request
DEBUG    2022-05-28 23:24:54 selenium.webdriver.remote.remote_connection::remote_connection.py:_request:361: POST http://localhost:10258/session/2f140efbfe34fd19693291710fb38043/execute/sync {"script": "return document.body.scrollHeight", "args": []}
DEBUG    2022-05-28 23:24:54 urllib3.connectionpool::connectionpool.py:_make_request:456: http://localhost:10258 "POST /session/2f140efbfe34fd19693291710fb38043/execute/sync HTTP/1.1" 200 15
DEBUG    2022-05-28 23:24:54 selenium.webdriver.remote.remote_connection::remote_connection.py:_request:383: Remote response: status=200 | data={"value":68164} | headers=HTTPHeaderDict({'Content-Length': '15', 'Content-Type': 'application/json; charset=utf-8', 'cache-control': 'no-cache'})
DEBUG    2022-05-28 23:24:54 selenium.webdriver.remote.remote_connection::remote_connection.py:_request:412: Finished Request
DEBUG    2022-05-28 23:24:54 selenium.webdriver.remote.remote_connection::remote_connection.py:_request:361: POST http://localhost:10258/session/2f140efbfe34fd19693291710fb38043/execute/sync {"script": "window.scrollTo(64624, 68164)", "args": []}
DEBUG    2022-05-28 23:24:54 urllib3.connectionpool::connectionpool.py:_make_request:456: http://localhost:10258 "POST /session/2f140efbfe34fd19693291710fb38043/execute/sync HTTP/1.1" 200 14
DEBUG    2022-05-28 23:24:54 selenium.webdriver.remote.remote_connection::remote_connection.py:_request:383: Remote response: status=200 | data={"value":null} | headers=HTTPHeaderDict({'Content-Length': '14', 'Content-Type': 'application/json; charset=utf-8', 'cache-control': 'no-cache'})
DEBUG    2022-05-28 23:24:54 selenium.webdriver.remote.remote_connection::remote_connection.py:_request:412: Finished Request
DEBUG    2022-05-28 23:24:55 selenium.webdriver.remote.remote_connection::remote_connection.py:_request:361: POST http://localhost:10258/session/2f140efbfe34fd19693291710fb38043/execute/sync {"script": "return document.body.scrollHeight", "args": []}
DEBUG    2022-05-28 23:24:55 urllib3.connectionpool::connectionpool.py:_make_request:456: http://localhost:10258 "POST /session/2f140efbfe34fd19693291710fb38043/execute/sync HTTP/1.1" 200 15
DEBUG    2022-05-28 23:24:55 selenium.webdriver.remote.remote_connection::remote_connection.py:_request:383: Remote response: status=200 | data={"value":71704} | headers=HTTPHeaderDict({'Content-Length': '15', 'Content-Type': 'application/json; charset=utf-8', 'cache-control': 'no-cache'})
DEBUG    2022-05-28 23:24:55 selenium.webdriver.remote.remote_connection::remote_connection.py:_request:412: Finished Request
DEBUG    2022-05-28 23:24:55 selenium.webdriver.remote.remote_connection::remote_connection.py:_request:361: POST http://localhost:10258/session/2f140efbfe34fd19693291710fb38043/execute/sync {"script": "window.scrollTo(68164, 71704)", "args": []}
DEBUG    2022-05-28 23:24:55 urllib3.connectionpool::connectionpool.py:_make_request:456: http://localhost:10258 "POST /session/2f140efbfe34fd19693291710fb38043/execute/sync HTTP/1.1" 200 14
DEBUG    2022-05-28 23:24:55 selenium.webdriver.remote.remote_connection::remote_connection.py:_request:383: Remote response: status=200 | data={"value":null} | headers=HTTPHeaderDict({'Content-Length': '14', 'Content-Type': 'application/json; charset=utf-8', 'cache-control': 'no-cache'})
DEBUG    2022-05-28 23:24:55 selenium.webdriver.remote.remote_connection::remote_connection.py:_request:412: Finished Request
DEBUG    2022-05-28 23:24:56 selenium.webdriver.remote.remote_connection::remote_connection.py:_request:361: POST http://localhost:10258/session/2f140efbfe34fd19693291710fb38043/execute/sync {"script": "return document.body.scrollHeight", "args": []}
DEBUG    2022-05-28 23:24:56 urllib3.connectionpool::connectionpool.py:_make_request:456: http://localhost:10258 "POST /session/2f140efbfe34fd19693291710fb38043/execute/sync HTTP/1.1" 200 15
DEBUG    2022-05-28 23:24:56 selenium.webdriver.remote.remote_connection::remote_connection.py:_request:383: Remote response: status=200 | data={"value":75244} | headers=HTTPHeaderDict({'Content-Length': '15', 'Content-Type': 'application/json; charset=utf-8', 'cache-control': 'no-cache'})
DEBUG    2022-05-28 23:24:56 selenium.webdriver.remote.remote_connection::remote_connection.py:_request:412: Finished Request
DEBUG    2022-05-28 23:24:56 selenium.webdriver.remote.remote_connection::remote_connection.py:_request:361: POST http://localhost:10258/session/2f140efbfe34fd19693291710fb38043/execute/sync {"script": "window.scrollTo(71704, 75244)", "args": []}
DEBUG    2022-05-28 23:24:56 urllib3.connectionpool::connectionpool.py:_make_request:456: http://localhost:10258 "POST /session/2f140efbfe34fd19693291710fb38043/execute/sync HTTP/1.1" 200 14
DEBUG    2022-05-28 23:24:56 selenium.webdriver.remote.remote_connection::remote_connection.py:_request:383: Remote response: status=200 | data={"value":null} | headers=HTTPHeaderDict({'Content-Length': '14', 'Content-Type': 'application/json; charset=utf-8', 'cache-control': 'no-cache'})
DEBUG    2022-05-28 23:24:56 selenium.webdriver.remote.remote_connection::remote_connection.py:_request:412: Finished Request
DEBUG    2022-05-28 23:24:57 selenium.webdriver.remote.remote_connection::remote_connection.py:_request:361: POST http://localhost:10258/session/2f140efbfe34fd19693291710fb38043/execute/sync {"script": "return document.body.scrollHeight", "args": []}
DEBUG    2022-05-28 23:24:57 urllib3.connectionpool::connectionpool.py:_make_request:456: http://localhost:10258 "POST /session/2f140efbfe34fd19693291710fb38043/execute/sync HTTP/1.1" 200 15
DEBUG    2022-05-28 23:24:57 selenium.webdriver.remote.remote_connection::remote_connection.py:_request:383: Remote response: status=200 | data={"value":78784} | headers=HTTPHeaderDict({'Content-Length': '15', 'Content-Type': 'application/json; charset=utf-8', 'cache-control': 'no-cache'})
DEBUG    2022-05-28 23:24:57 selenium.webdriver.remote.remote_connection::remote_connection.py:_request:412: Finished Request
DEBUG    2022-05-28 23:24:57 selenium.webdriver.remote.remote_connection::remote_connection.py:_request:361: POST http://localhost:10258/session/2f140efbfe34fd19693291710fb38043/execute/sync {"script": "window.scrollTo(75244, 78784)", "args": []}
DEBUG    2022-05-28 23:24:57 urllib3.connectionpool::connectionpool.py:_make_request:456: http://localhost:10258 "POST /session/2f140efbfe34fd19693291710fb38043/execute/sync HTTP/1.1" 200 14
DEBUG    2022-05-28 23:24:57 selenium.webdriver.remote.remote_connection::remote_connection.py:_request:383: Remote response: status=200 | data={"value":null} | headers=HTTPHeaderDict({'Content-Length': '14', 'Content-Type': 'application/json; charset=utf-8', 'cache-control': 'no-cache'})
DEBUG    2022-05-28 23:24:57 selenium.webdriver.remote.remote_connection::remote_connection.py:_request:412: Finished Request
DEBUG    2022-05-28 23:24:58 selenium.webdriver.remote.remote_connection::remote_connection.py:_request:361: POST http://localhost:10258/session/2f140efbfe34fd19693291710fb38043/execute/sync {"script": "return document.body.scrollHeight", "args": []}
DEBUG    2022-05-28 23:24:58 urllib3.connectionpool::connectionpool.py:_make_request:456: http://localhost:10258 "POST /session/2f140efbfe34fd19693291710fb38043/execute/sync HTTP/1.1" 200 15
DEBUG    2022-05-28 23:24:58 selenium.webdriver.remote.remote_connection::remote_connection.py:_request:383: Remote response: status=200 | data={"value":82324} | headers=HTTPHeaderDict({'Content-Length': '15', 'Content-Type': 'application/json; charset=utf-8', 'cache-control': 'no-cache'})
DEBUG    2022-05-28 23:24:58 selenium.webdriver.remote.remote_connection::remote_connection.py:_request:412: Finished Request
DEBUG    2022-05-28 23:24:58 selenium.webdriver.remote.remote_connection::remote_connection.py:_request:361: POST http://localhost:10258/session/2f140efbfe34fd19693291710fb38043/execute/sync {"script": "window.scrollTo(78784, 82324)", "args": []}
DEBUG    2022-05-28 23:24:58 urllib3.connectionpool::connectionpool.py:_make_request:456: http://localhost:10258 "POST /session/2f140efbfe34fd19693291710fb38043/execute/sync HTTP/1.1" 200 14
DEBUG    2022-05-28 23:24:58 selenium.webdriver.remote.remote_connection::remote_connection.py:_request:383: Remote response: status=200 | data={"value":null} | headers=HTTPHeaderDict({'Content-Length': '14', 'Content-Type': 'application/json; charset=utf-8', 'cache-control': 'no-cache'})
DEBUG    2022-05-28 23:24:58 selenium.webdriver.remote.remote_connection::remote_connection.py:_request:412: Finished Request
DEBUG    2022-05-28 23:24:59 selenium.webdriver.remote.remote_connection::remote_connection.py:_request:361: POST http://localhost:10258/session/2f140efbfe34fd19693291710fb38043/execute/sync {"script": "return document.body.scrollHeight", "args": []}
DEBUG    2022-05-28 23:24:59 urllib3.connectionpool::connectionpool.py:_make_request:456: http://localhost:10258 "POST /session/2f140efbfe34fd19693291710fb38043/execute/sync HTTP/1.1" 200 15
DEBUG    2022-05-28 23:24:59 selenium.webdriver.remote.remote_connection::remote_connection.py:_request:383: Remote response: status=200 | data={"value":85864} | headers=HTTPHeaderDict({'Content-Length': '15', 'Content-Type': 'application/json; charset=utf-8', 'cache-control': 'no-cache'})
DEBUG    2022-05-28 23:24:59 selenium.webdriver.remote.remote_connection::remote_connection.py:_request:412: Finished Request
DEBUG    2022-05-28 23:24:59 selenium.webdriver.remote.remote_connection::remote_connection.py:_request:361: POST http://localhost:10258/session/2f140efbfe34fd19693291710fb38043/execute/sync {"script": "window.scrollTo(82324, 85864)", "args": []}
DEBUG    2022-05-28 23:24:59 urllib3.connectionpool::connectionpool.py:_make_request:456: http://localhost:10258 "POST /session/2f140efbfe34fd19693291710fb38043/execute/sync HTTP/1.1" 200 14
DEBUG    2022-05-28 23:24:59 selenium.webdriver.remote.remote_connection::remote_connection.py:_request:383: Remote response: status=200 | data={"value":null} | headers=HTTPHeaderDict({'Content-Length': '14', 'Content-Type': 'application/json; charset=utf-8', 'cache-control': 'no-cache'})
DEBUG    2022-05-28 23:24:59 selenium.webdriver.remote.remote_connection::remote_connection.py:_request:412: Finished Request
DEBUG    2022-05-28 23:25:00 selenium.webdriver.remote.remote_connection::remote_connection.py:_request:361: POST http://localhost:10258/session/2f140efbfe34fd19693291710fb38043/execute/sync {"script": "return document.body.scrollHeight", "args": []}
DEBUG    2022-05-28 23:25:00 urllib3.connectionpool::connectionpool.py:_make_request:456: http://localhost:10258 "POST /session/2f140efbfe34fd19693291710fb38043/execute/sync HTTP/1.1" 200 15
DEBUG    2022-05-28 23:25:00 selenium.webdriver.remote.remote_connection::remote_connection.py:_request:383: Remote response: status=200 | data={"value":89404} | headers=HTTPHeaderDict({'Content-Length': '15', 'Content-Type': 'application/json; charset=utf-8', 'cache-control': 'no-cache'})
DEBUG    2022-05-28 23:25:00 selenium.webdriver.remote.remote_connection::remote_connection.py:_request:412: Finished Request
DEBUG    2022-05-28 23:25:00 selenium.webdriver.remote.remote_connection::remote_connection.py:_request:361: POST http://localhost:10258/session/2f140efbfe34fd19693291710fb38043/execute/sync {"script": "window.scrollTo(85864, 89404)", "args": []}
DEBUG    2022-05-28 23:25:00 urllib3.connectionpool::connectionpool.py:_make_request:456: http://localhost:10258 "POST /session/2f140efbfe34fd19693291710fb38043/execute/sync HTTP/1.1" 200 14
DEBUG    2022-05-28 23:25:00 selenium.webdriver.remote.remote_connection::remote_connection.py:_request:383: Remote response: status=200 | data={"value":null} | headers=HTTPHeaderDict({'Content-Length': '14', 'Content-Type': 'application/json; charset=utf-8', 'cache-control': 'no-cache'})
DEBUG    2022-05-28 23:25:00 selenium.webdriver.remote.remote_connection::remote_connection.py:_request:412: Finished Request
DEBUG    2022-05-28 23:25:01 selenium.webdriver.remote.remote_connection::remote_connection.py:_request:361: POST http://localhost:10258/session/2f140efbfe34fd19693291710fb38043/execute/sync {"script": "return document.body.scrollHeight", "args": []}
DEBUG    2022-05-28 23:25:01 urllib3.connectionpool::connectionpool.py:_make_request:456: http://localhost:10258 "POST /session/2f140efbfe34fd19693291710fb38043/execute/sync HTTP/1.1" 200 15
DEBUG    2022-05-28 23:25:01 selenium.webdriver.remote.remote_connection::remote_connection.py:_request:383: Remote response: status=200 | data={"value":92944} | headers=HTTPHeaderDict({'Content-Length': '15', 'Content-Type': 'application/json; charset=utf-8', 'cache-control': 'no-cache'})
DEBUG    2022-05-28 23:25:01 selenium.webdriver.remote.remote_connection::remote_connection.py:_request:412: Finished Request
DEBUG    2022-05-28 23:25:01 selenium.webdriver.remote.remote_connection::remote_connection.py:_request:361: POST http://localhost:10258/session/2f140efbfe34fd19693291710fb38043/execute/sync {"script": "window.scrollTo(89404, 92944)", "args": []}
DEBUG    2022-05-28 23:25:01 urllib3.connectionpool::connectionpool.py:_make_request:456: http://localhost:10258 "POST /session/2f140efbfe34fd19693291710fb38043/execute/sync HTTP/1.1" 200 14
DEBUG    2022-05-28 23:25:01 selenium.webdriver.remote.remote_connection::remote_connection.py:_request:383: Remote response: status=200 | data={"value":null} | headers=HTTPHeaderDict({'Content-Length': '14', 'Content-Type': 'application/json; charset=utf-8', 'cache-control': 'no-cache'})
DEBUG    2022-05-28 23:25:01 selenium.webdriver.remote.remote_connection::remote_connection.py:_request:412: Finished Request
DEBUG    2022-05-28 23:25:02 selenium.webdriver.remote.remote_connection::remote_connection.py:_request:361: POST http://localhost:10258/session/2f140efbfe34fd19693291710fb38043/execute/sync {"script": "return document.body.scrollHeight", "args": []}
DEBUG    2022-05-28 23:25:02 urllib3.connectionpool::connectionpool.py:_make_request:456: http://localhost:10258 "POST /session/2f140efbfe34fd19693291710fb38043/execute/sync HTTP/1.1" 200 15
DEBUG    2022-05-28 23:25:02 selenium.webdriver.remote.remote_connection::remote_connection.py:_request:383: Remote response: status=200 | data={"value":96484} | headers=HTTPHeaderDict({'Content-Length': '15', 'Content-Type': 'application/json; charset=utf-8', 'cache-control': 'no-cache'})
DEBUG    2022-05-28 23:25:02 selenium.webdriver.remote.remote_connection::remote_connection.py:_request:412: Finished Request
DEBUG    2022-05-28 23:25:02 selenium.webdriver.remote.remote_connection::remote_connection.py:_request:361: POST http://localhost:10258/session/2f140efbfe34fd19693291710fb38043/execute/sync {"script": "window.scrollTo(92944, 96484)", "args": []}
DEBUG    2022-05-28 23:25:02 urllib3.connectionpool::connectionpool.py:_make_request:456: http://localhost:10258 "POST /session/2f140efbfe34fd19693291710fb38043/execute/sync HTTP/1.1" 200 14
DEBUG    2022-05-28 23:25:02 selenium.webdriver.remote.remote_connection::remote_connection.py:_request:383: Remote response: status=200 | data={"value":null} | headers=HTTPHeaderDict({'Content-Length': '14', 'Content-Type': 'application/json; charset=utf-8', 'cache-control': 'no-cache'})
DEBUG    2022-05-28 23:25:02 selenium.webdriver.remote.remote_connection::remote_connection.py:_request:412: Finished Request
DEBUG    2022-05-28 23:25:03 selenium.webdriver.remote.remote_connection::remote_connection.py:_request:361: POST http://localhost:10258/session/2f140efbfe34fd19693291710fb38043/execute/sync {"script": "return document.body.scrollHeight", "args": []}
DEBUG    2022-05-28 23:25:03 urllib3.connectionpool::connectionpool.py:_make_request:456: http://localhost:10258 "POST /session/2f140efbfe34fd19693291710fb38043/execute/sync HTTP/1.1" 200 16
DEBUG    2022-05-28 23:25:03 selenium.webdriver.remote.remote_connection::remote_connection.py:_request:383: Remote response: status=200 | data={"value":100024} | headers=HTTPHeaderDict({'Content-Length': '16', 'Content-Type': 'application/json; charset=utf-8', 'cache-control': 'no-cache'})
DEBUG    2022-05-28 23:25:03 selenium.webdriver.remote.remote_connection::remote_connection.py:_request:412: Finished Request
DEBUG    2022-05-28 23:25:03 selenium.webdriver.remote.remote_connection::remote_connection.py:_request:361: POST http://localhost:10258/session/2f140efbfe34fd19693291710fb38043/execute/sync {"script": "window.scrollTo(96484, 100024)", "args": []}
DEBUG    2022-05-28 23:25:03 urllib3.connectionpool::connectionpool.py:_make_request:456: http://localhost:10258 "POST /session/2f140efbfe34fd19693291710fb38043/execute/sync HTTP/1.1" 200 14
DEBUG    2022-05-28 23:25:03 selenium.webdriver.remote.remote_connection::remote_connection.py:_request:383: Remote response: status=200 | data={"value":null} | headers=HTTPHeaderDict({'Content-Length': '14', 'Content-Type': 'application/json; charset=utf-8', 'cache-control': 'no-cache'})
DEBUG    2022-05-28 23:25:03 selenium.webdriver.remote.remote_connection::remote_connection.py:_request:412: Finished Request
DEBUG    2022-05-28 23:25:04 selenium.webdriver.remote.remote_connection::remote_connection.py:_request:361: POST http://localhost:10258/session/2f140efbfe34fd19693291710fb38043/execute/sync {"script": "return document.body.scrollHeight", "args": []}
DEBUG    2022-05-28 23:25:04 urllib3.connectionpool::connectionpool.py:_make_request:456: http://localhost:10258 "POST /session/2f140efbfe34fd19693291710fb38043/execute/sync HTTP/1.1" 200 16
DEBUG    2022-05-28 23:25:04 selenium.webdriver.remote.remote_connection::remote_connection.py:_request:383: Remote response: status=200 | data={"value":103564} | headers=HTTPHeaderDict({'Content-Length': '16', 'Content-Type': 'application/json; charset=utf-8', 'cache-control': 'no-cache'})
DEBUG    2022-05-28 23:25:04 selenium.webdriver.remote.remote_connection::remote_connection.py:_request:412: Finished Request
DEBUG    2022-05-28 23:25:04 selenium.webdriver.remote.remote_connection::remote_connection.py:_request:361: POST http://localhost:10258/session/2f140efbfe34fd19693291710fb38043/execute/sync {"script": "window.scrollTo(100024, 103564)", "args": []}
DEBUG    2022-05-28 23:25:04 urllib3.connectionpool::connectionpool.py:_make_request:456: http://localhost:10258 "POST /session/2f140efbfe34fd19693291710fb38043/execute/sync HTTP/1.1" 200 14
DEBUG    2022-05-28 23:25:04 selenium.webdriver.remote.remote_connection::remote_connection.py:_request:383: Remote response: status=200 | data={"value":null} | headers=HTTPHeaderDict({'Content-Length': '14', 'Content-Type': 'application/json; charset=utf-8', 'cache-control': 'no-cache'})
DEBUG    2022-05-28 23:25:04 selenium.webdriver.remote.remote_connection::remote_connection.py:_request:412: Finished Request
DEBUG    2022-05-28 23:25:05 selenium.webdriver.remote.remote_connection::remote_connection.py:_request:361: POST http://localhost:10258/session/2f140efbfe34fd19693291710fb38043/execute/sync {"script": "return document.body.scrollHeight", "args": []}
DEBUG    2022-05-28 23:25:05 urllib3.connectionpool::connectionpool.py:_make_request:456: http://localhost:10258 "POST /session/2f140efbfe34fd19693291710fb38043/execute/sync HTTP/1.1" 200 16
DEBUG    2022-05-28 23:25:05 selenium.webdriver.remote.remote_connection::remote_connection.py:_request:383: Remote response: status=200 | data={"value":107104} | headers=HTTPHeaderDict({'Content-Length': '16', 'Content-Type': 'application/json; charset=utf-8', 'cache-control': 'no-cache'})
DEBUG    2022-05-28 23:25:05 selenium.webdriver.remote.remote_connection::remote_connection.py:_request:412: Finished Request
DEBUG    2022-05-28 23:25:05 selenium.webdriver.remote.remote_connection::remote_connection.py:_request:361: POST http://localhost:10258/session/2f140efbfe34fd19693291710fb38043/execute/sync {"script": "window.scrollTo(103564, 107104)", "args": []}
DEBUG    2022-05-28 23:25:05 urllib3.connectionpool::connectionpool.py:_make_request:456: http://localhost:10258 "POST /session/2f140efbfe34fd19693291710fb38043/execute/sync HTTP/1.1" 200 14
DEBUG    2022-05-28 23:25:05 selenium.webdriver.remote.remote_connection::remote_connection.py:_request:383: Remote response: status=200 | data={"value":null} | headers=HTTPHeaderDict({'Content-Length': '14', 'Content-Type': 'application/json; charset=utf-8', 'cache-control': 'no-cache'})
DEBUG    2022-05-28 23:25:05 selenium.webdriver.remote.remote_connection::remote_connection.py:_request:412: Finished Request
DEBUG    2022-05-28 23:25:06 selenium.webdriver.remote.remote_connection::remote_connection.py:_request:361: POST http://localhost:10258/session/2f140efbfe34fd19693291710fb38043/execute/sync {"script": "return document.body.scrollHeight", "args": []}
DEBUG    2022-05-28 23:25:06 urllib3.connectionpool::connectionpool.py:_make_request:456: http://localhost:10258 "POST /session/2f140efbfe34fd19693291710fb38043/execute/sync HTTP/1.1" 200 16
DEBUG    2022-05-28 23:25:06 selenium.webdriver.remote.remote_connection::remote_connection.py:_request:383: Remote response: status=200 | data={"value":110644} | headers=HTTPHeaderDict({'Content-Length': '16', 'Content-Type': 'application/json; charset=utf-8', 'cache-control': 'no-cache'})
DEBUG    2022-05-28 23:25:06 selenium.webdriver.remote.remote_connection::remote_connection.py:_request:412: Finished Request
DEBUG    2022-05-28 23:25:06 selenium.webdriver.remote.remote_connection::remote_connection.py:_request:361: POST http://localhost:10258/session/2f140efbfe34fd19693291710fb38043/execute/sync {"script": "window.scrollTo(107104, 110644)", "args": []}
DEBUG    2022-05-28 23:25:06 urllib3.connectionpool::connectionpool.py:_make_request:456: http://localhost:10258 "POST /session/2f140efbfe34fd19693291710fb38043/execute/sync HTTP/1.1" 200 14
DEBUG    2022-05-28 23:25:06 selenium.webdriver.remote.remote_connection::remote_connection.py:_request:383: Remote response: status=200 | data={"value":null} | headers=HTTPHeaderDict({'Content-Length': '14', 'Content-Type': 'application/json; charset=utf-8', 'cache-control': 'no-cache'})
DEBUG    2022-05-28 23:25:06 selenium.webdriver.remote.remote_connection::remote_connection.py:_request:412: Finished Request
DEBUG    2022-05-28 23:25:07 selenium.webdriver.remote.remote_connection::remote_connection.py:_request:361: POST http://localhost:10258/session/2f140efbfe34fd19693291710fb38043/execute/sync {"script": "return document.body.scrollHeight", "args": []}
DEBUG    2022-05-28 23:25:07 urllib3.connectionpool::connectionpool.py:_make_request:456: http://localhost:10258 "POST /session/2f140efbfe34fd19693291710fb38043/execute/sync HTTP/1.1" 200 16
DEBUG    2022-05-28 23:25:07 selenium.webdriver.remote.remote_connection::remote_connection.py:_request:383: Remote response: status=200 | data={"value":114184} | headers=HTTPHeaderDict({'Content-Length': '16', 'Content-Type': 'application/json; charset=utf-8', 'cache-control': 'no-cache'})
DEBUG    2022-05-28 23:25:07 selenium.webdriver.remote.remote_connection::remote_connection.py:_request:412: Finished Request
DEBUG    2022-05-28 23:25:07 selenium.webdriver.remote.remote_connection::remote_connection.py:_request:361: POST http://localhost:10258/session/2f140efbfe34fd19693291710fb38043/execute/sync {"script": "window.scrollTo(110644, 114184)", "args": []}
DEBUG    2022-05-28 23:25:07 urllib3.connectionpool::connectionpool.py:_make_request:456: http://localhost:10258 "POST /session/2f140efbfe34fd19693291710fb38043/execute/sync HTTP/1.1" 200 14
DEBUG    2022-05-28 23:25:07 selenium.webdriver.remote.remote_connection::remote_connection.py:_request:383: Remote response: status=200 | data={"value":null} | headers=HTTPHeaderDict({'Content-Length': '14', 'Content-Type': 'application/json; charset=utf-8', 'cache-control': 'no-cache'})
DEBUG    2022-05-28 23:25:07 selenium.webdriver.remote.remote_connection::remote_connection.py:_request:412: Finished Request
DEBUG    2022-05-28 23:25:08 selenium.webdriver.remote.remote_connection::remote_connection.py:_request:361: POST http://localhost:10258/session/2f140efbfe34fd19693291710fb38043/execute/sync {"script": "return document.body.scrollHeight", "args": []}
DEBUG    2022-05-28 23:25:08 urllib3.connectionpool::connectionpool.py:_make_request:456: http://localhost:10258 "POST /session/2f140efbfe34fd19693291710fb38043/execute/sync HTTP/1.1" 200 16
DEBUG    2022-05-28 23:25:08 selenium.webdriver.remote.remote_connection::remote_connection.py:_request:383: Remote response: status=200 | data={"value":117724} | headers=HTTPHeaderDict({'Content-Length': '16', 'Content-Type': 'application/json; charset=utf-8', 'cache-control': 'no-cache'})
DEBUG    2022-05-28 23:25:08 selenium.webdriver.remote.remote_connection::remote_connection.py:_request:412: Finished Request
DEBUG    2022-05-28 23:25:08 selenium.webdriver.remote.remote_connection::remote_connection.py:_request:361: POST http://localhost:10258/session/2f140efbfe34fd19693291710fb38043/execute/sync {"script": "window.scrollTo(114184, 117724)", "args": []}
DEBUG    2022-05-28 23:25:08 urllib3.connectionpool::connectionpool.py:_make_request:456: http://localhost:10258 "POST /session/2f140efbfe34fd19693291710fb38043/execute/sync HTTP/1.1" 200 14
DEBUG    2022-05-28 23:25:08 selenium.webdriver.remote.remote_connection::remote_connection.py:_request:383: Remote response: status=200 | data={"value":null} | headers=HTTPHeaderDict({'Content-Length': '14', 'Content-Type': 'application/json; charset=utf-8', 'cache-control': 'no-cache'})
DEBUG    2022-05-28 23:25:08 selenium.webdriver.remote.remote_connection::remote_connection.py:_request:412: Finished Request
DEBUG    2022-05-28 23:25:09 selenium.webdriver.remote.remote_connection::remote_connection.py:_request:361: POST http://localhost:10258/session/2f140efbfe34fd19693291710fb38043/execute/sync {"script": "return document.body.scrollHeight", "args": []}
DEBUG    2022-05-28 23:25:09 urllib3.connectionpool::connectionpool.py:_make_request:456: http://localhost:10258 "POST /session/2f140efbfe34fd19693291710fb38043/execute/sync HTTP/1.1" 200 16
DEBUG    2022-05-28 23:25:09 selenium.webdriver.remote.remote_connection::remote_connection.py:_request:383: Remote response: status=200 | data={"value":121264} | headers=HTTPHeaderDict({'Content-Length': '16', 'Content-Type': 'application/json; charset=utf-8', 'cache-control': 'no-cache'})
DEBUG    2022-05-28 23:25:09 selenium.webdriver.remote.remote_connection::remote_connection.py:_request:412: Finished Request
DEBUG    2022-05-28 23:25:09 selenium.webdriver.remote.remote_connection::remote_connection.py:_request:361: POST http://localhost:10258/session/2f140efbfe34fd19693291710fb38043/execute/sync {"script": "window.scrollTo(117724, 121264)", "args": []}
DEBUG    2022-05-28 23:25:09 urllib3.connectionpool::connectionpool.py:_make_request:456: http://localhost:10258 "POST /session/2f140efbfe34fd19693291710fb38043/execute/sync HTTP/1.1" 200 14
DEBUG    2022-05-28 23:25:09 selenium.webdriver.remote.remote_connection::remote_connection.py:_request:383: Remote response: status=200 | data={"value":null} | headers=HTTPHeaderDict({'Content-Length': '14', 'Content-Type': 'application/json; charset=utf-8', 'cache-control': 'no-cache'})
DEBUG    2022-05-28 23:25:09 selenium.webdriver.remote.remote_connection::remote_connection.py:_request:412: Finished Request
DEBUG    2022-05-28 23:25:10 selenium.webdriver.remote.remote_connection::remote_connection.py:_request:361: POST http://localhost:10258/session/2f140efbfe34fd19693291710fb38043/execute/sync {"script": "return document.body.scrollHeight", "args": []}
DEBUG    2022-05-28 23:25:10 urllib3.connectionpool::connectionpool.py:_make_request:456: http://localhost:10258 "POST /session/2f140efbfe34fd19693291710fb38043/execute/sync HTTP/1.1" 200 16
DEBUG    2022-05-28 23:25:10 selenium.webdriver.remote.remote_connection::remote_connection.py:_request:383: Remote response: status=200 | data={"value":124804} | headers=HTTPHeaderDict({'Content-Length': '16', 'Content-Type': 'application/json; charset=utf-8', 'cache-control': 'no-cache'})
DEBUG    2022-05-28 23:25:10 selenium.webdriver.remote.remote_connection::remote_connection.py:_request:412: Finished Request
DEBUG    2022-05-28 23:25:10 selenium.webdriver.remote.remote_connection::remote_connection.py:_request:361: POST http://localhost:10258/session/2f140efbfe34fd19693291710fb38043/execute/sync {"script": "window.scrollTo(121264, 124804)", "args": []}
DEBUG    2022-05-28 23:25:10 urllib3.connectionpool::connectionpool.py:_make_request:456: http://localhost:10258 "POST /session/2f140efbfe34fd19693291710fb38043/execute/sync HTTP/1.1" 200 14
DEBUG    2022-05-28 23:25:10 selenium.webdriver.remote.remote_connection::remote_connection.py:_request:383: Remote response: status=200 | data={"value":null} | headers=HTTPHeaderDict({'Content-Length': '14', 'Content-Type': 'application/json; charset=utf-8', 'cache-control': 'no-cache'})
DEBUG    2022-05-28 23:25:10 selenium.webdriver.remote.remote_connection::remote_connection.py:_request:412: Finished Request
DEBUG    2022-05-28 23:25:11 selenium.webdriver.remote.remote_connection::remote_connection.py:_request:361: POST http://localhost:10258/session/2f140efbfe34fd19693291710fb38043/execute/sync {"script": "return document.body.scrollHeight", "args": []}
DEBUG    2022-05-28 23:25:11 urllib3.connectionpool::connectionpool.py:_make_request:456: http://localhost:10258 "POST /session/2f140efbfe34fd19693291710fb38043/execute/sync HTTP/1.1" 200 16
DEBUG    2022-05-28 23:25:11 selenium.webdriver.remote.remote_connection::remote_connection.py:_request:383: Remote response: status=200 | data={"value":128344} | headers=HTTPHeaderDict({'Content-Length': '16', 'Content-Type': 'application/json; charset=utf-8', 'cache-control': 'no-cache'})
DEBUG    2022-05-28 23:25:11 selenium.webdriver.remote.remote_connection::remote_connection.py:_request:412: Finished Request
DEBUG    2022-05-28 23:25:11 selenium.webdriver.remote.remote_connection::remote_connection.py:_request:361: POST http://localhost:10258/session/2f140efbfe34fd19693291710fb38043/execute/sync {"script": "window.scrollTo(124804, 128344)", "args": []}
DEBUG    2022-05-28 23:25:11 urllib3.connectionpool::connectionpool.py:_make_request:456: http://localhost:10258 "POST /session/2f140efbfe34fd19693291710fb38043/execute/sync HTTP/1.1" 200 14
DEBUG    2022-05-28 23:25:11 selenium.webdriver.remote.remote_connection::remote_connection.py:_request:383: Remote response: status=200 | data={"value":null} | headers=HTTPHeaderDict({'Content-Length': '14', 'Content-Type': 'application/json; charset=utf-8', 'cache-control': 'no-cache'})
DEBUG    2022-05-28 23:25:11 selenium.webdriver.remote.remote_connection::remote_connection.py:_request:412: Finished Request
DEBUG    2022-05-28 23:25:12 selenium.webdriver.remote.remote_connection::remote_connection.py:_request:361: POST http://localhost:10258/session/2f140efbfe34fd19693291710fb38043/execute/sync {"script": "return document.body.scrollHeight", "args": []}
DEBUG    2022-05-28 23:25:12 urllib3.connectionpool::connectionpool.py:_make_request:456: http://localhost:10258 "POST /session/2f140efbfe34fd19693291710fb38043/execute/sync HTTP/1.1" 200 16
DEBUG    2022-05-28 23:25:12 selenium.webdriver.remote.remote_connection::remote_connection.py:_request:383: Remote response: status=200 | data={"value":131884} | headers=HTTPHeaderDict({'Content-Length': '16', 'Content-Type': 'application/json; charset=utf-8', 'cache-control': 'no-cache'})
DEBUG    2022-05-28 23:25:12 selenium.webdriver.remote.remote_connection::remote_connection.py:_request:412: Finished Request
DEBUG    2022-05-28 23:25:12 selenium.webdriver.remote.remote_connection::remote_connection.py:_request:361: POST http://localhost:10258/session/2f140efbfe34fd19693291710fb38043/execute/sync {"script": "window.scrollTo(128344, 131884)", "args": []}
DEBUG    2022-05-28 23:25:12 urllib3.connectionpool::connectionpool.py:_make_request:456: http://localhost:10258 "POST /session/2f140efbfe34fd19693291710fb38043/execute/sync HTTP/1.1" 200 14
DEBUG    2022-05-28 23:25:12 selenium.webdriver.remote.remote_connection::remote_connection.py:_request:383: Remote response: status=200 | data={"value":null} | headers=HTTPHeaderDict({'Content-Length': '14', 'Content-Type': 'application/json; charset=utf-8', 'cache-control': 'no-cache'})
DEBUG    2022-05-28 23:25:12 selenium.webdriver.remote.remote_connection::remote_connection.py:_request:412: Finished Request
DEBUG    2022-05-28 23:25:13 selenium.webdriver.remote.remote_connection::remote_connection.py:_request:361: POST http://localhost:10258/session/2f140efbfe34fd19693291710fb38043/execute/sync {"script": "return document.body.scrollHeight", "args": []}
DEBUG    2022-05-28 23:25:13 urllib3.connectionpool::connectionpool.py:_make_request:456: http://localhost:10258 "POST /session/2f140efbfe34fd19693291710fb38043/execute/sync HTTP/1.1" 200 16
DEBUG    2022-05-28 23:25:13 selenium.webdriver.remote.remote_connection::remote_connection.py:_request:383: Remote response: status=200 | data={"value":135424} | headers=HTTPHeaderDict({'Content-Length': '16', 'Content-Type': 'application/json; charset=utf-8', 'cache-control': 'no-cache'})
DEBUG    2022-05-28 23:25:13 selenium.webdriver.remote.remote_connection::remote_connection.py:_request:412: Finished Request
DEBUG    2022-05-28 23:25:13 selenium.webdriver.remote.remote_connection::remote_connection.py:_request:361: POST http://localhost:10258/session/2f140efbfe34fd19693291710fb38043/execute/sync {"script": "window.scrollTo(131884, 135424)", "args": []}
DEBUG    2022-05-28 23:25:13 urllib3.connectionpool::connectionpool.py:_make_request:456: http://localhost:10258 "POST /session/2f140efbfe34fd19693291710fb38043/execute/sync HTTP/1.1" 200 14
DEBUG    2022-05-28 23:25:13 selenium.webdriver.remote.remote_connection::remote_connection.py:_request:383: Remote response: status=200 | data={"value":null} | headers=HTTPHeaderDict({'Content-Length': '14', 'Content-Type': 'application/json; charset=utf-8', 'cache-control': 'no-cache'})
DEBUG    2022-05-28 23:25:13 selenium.webdriver.remote.remote_connection::remote_connection.py:_request:412: Finished Request
DEBUG    2022-05-28 23:25:14 selenium.webdriver.remote.remote_connection::remote_connection.py:_request:361: POST http://localhost:10258/session/2f140efbfe34fd19693291710fb38043/execute/sync {"script": "return document.body.scrollHeight", "args": []}
DEBUG    2022-05-28 23:25:14 urllib3.connectionpool::connectionpool.py:_make_request:456: http://localhost:10258 "POST /session/2f140efbfe34fd19693291710fb38043/execute/sync HTTP/1.1" 200 16
DEBUG    2022-05-28 23:25:14 selenium.webdriver.remote.remote_connection::remote_connection.py:_request:383: Remote response: status=200 | data={"value":136250} | headers=HTTPHeaderDict({'Content-Length': '16', 'Content-Type': 'application/json; charset=utf-8', 'cache-control': 'no-cache'})
DEBUG    2022-05-28 23:25:14 selenium.webdriver.remote.remote_connection::remote_connection.py:_request:412: Finished Request
DEBUG    2022-05-28 23:25:14 selenium.webdriver.remote.remote_connection::remote_connection.py:_request:361: POST http://localhost:10258/session/2f140efbfe34fd19693291710fb38043/execute/sync {"script": "window.scrollTo(135424, 136250)", "args": []}
DEBUG    2022-05-28 23:25:14 urllib3.connectionpool::connectionpool.py:_make_request:456: http://localhost:10258 "POST /session/2f140efbfe34fd19693291710fb38043/execute/sync HTTP/1.1" 200 14
DEBUG    2022-05-28 23:25:14 selenium.webdriver.remote.remote_connection::remote_connection.py:_request:383: Remote response: status=200 | data={"value":null} | headers=HTTPHeaderDict({'Content-Length': '14', 'Content-Type': 'application/json; charset=utf-8', 'cache-control': 'no-cache'})
DEBUG    2022-05-28 23:25:14 selenium.webdriver.remote.remote_connection::remote_connection.py:_request:412: Finished Request
DEBUG    2022-05-28 23:25:15 selenium.webdriver.remote.remote_connection::remote_connection.py:_request:361: POST http://localhost:10258/session/2f140efbfe34fd19693291710fb38043/execute/sync {"script": "return document.body.scrollHeight", "args": []}
DEBUG    2022-05-28 23:25:15 urllib3.connectionpool::connectionpool.py:_make_request:456: http://localhost:10258 "POST /session/2f140efbfe34fd19693291710fb38043/execute/sync HTTP/1.1" 200 16
DEBUG    2022-05-28 23:25:15 selenium.webdriver.remote.remote_connection::remote_connection.py:_request:383: Remote response: status=200 | data={"value":136250} | headers=HTTPHeaderDict({'Content-Length': '16', 'Content-Type': 'application/json; charset=utf-8', 'cache-control': 'no-cache'})
DEBUG    2022-05-28 23:25:15 selenium.webdriver.remote.remote_connection::remote_connection.py:_request:412: Finished Request
DEBUG    2022-05-28 23:25:15 selenium.webdriver.remote.remote_connection::remote_connection.py:_request:361: POST http://localhost:10258/session/2f140efbfe34fd19693291710fb38043/elements {"using": "xpath", "value": "//div[@class='logo']"}
DEBUG    2022-05-28 23:25:15 urllib3.connectionpool::connectionpool.py:_make_request:456: http://localhost:10258 "POST /session/2f140efbfe34fd19693291710fb38043/elements HTTP/1.1" 200 32243
DEBUG    2022-05-28 23:25:15 selenium.webdriver.remote.remote_connection::remote_connection.py:_request:383: Remote response: status=200 | data={"value":[{"element-6066-11e4-a52e-4f735466cecf":"81c2a46e-1192-492b-b09d-37d8e4e3a42a"},{"element-6066-11e4-a52e-4f735466cecf":"2bff97dd-a16d-43be-840a-d8415d9cbdcd"},{"element-6066-11e4-a52e-4f735466cecf":"80769939-3f5e-4c26-8a61-f5f94536b612"},{"element-6066-11e4-a52e-4f735466cecf":"db0782b5-e4aa-4c7c-9735-daf927f88964"},{"element-6066-11e4-a52e-4f735466cecf":"23ec9ec7-2f8c-4bd1-aaee-e511c01d53bd"},{"element-6066-11e4-a52e-4f735466cecf":"cfa2fc55-4465-4a0f-9bf2-a93f2684de0f"},{"element-6066-11e4-a52e-4f735466cecf":"ce322f3b-1477-4519-8dbe-5177f91cb28f"},{"element-6066-11e4-a52e-4f735466cecf":"117c2e5e-3d50-4803-af72-a36d64fd25b3"},{"element-6066-11e4-a52e-4f735466cecf":"686cfdc5-d276-40b2-8abc-b7b24a7a5a2b"},{"element-6066-11e4-a52e-4f735466cecf":"3368cc01-c4b6-4b36-82c5-f928f44fda17"},{"element-6066-11e4-a52e-4f735466cecf":"8263882c-d522-43c5-a01a-5e7812db91a8"},{"element-6066-11e4-a52e-4f735466cecf":"2964f3d1-2fbd-4ec1-a09b-d7f6737710d4"},{"element-6066-11e4-a52e-4f735466cecf":"8f82ea91-3fd5-4219-8b48-0d2c1813c5cc"},{"element-6066-11e4-a52e-4f735466cecf":"be1c5999-6535-4fe5-8579-f561ae2aaebd"},{"element-6066-11e4-a52e-4f735466cecf":"53a38155-66cd-48b6-81a2-26126a40ef6c"},{"element-6066-11e4-a52e-4f735466cecf":"9e2af552-ca9e-45d5-9c02-994333416e1c"},{"element-6066-11e4-a52e-4f735466cecf":"2fff0cf1-5d31-464f-9db2-335c6eea3838"},{"element-6066-11e4-a52e-4f735466cecf":"f3d86f6b-c2a6-4d9c-9f93-c815266bafe4"},{"element-6066-11e4-a52e-4f735466cecf":"6912e817-52d2-4d37-ba04-026a2b2d3f49"},{"element-6066-11e4-a52e-4f735466cecf":"2598484a-d29e-4793-b603-49017e597ec7"},{"element-6066-11e4-a52e-4f735466cecf":"02000884-5df5-408e-bc12-df84a7a635f9"},{"element-6066-11e4-a52e-4f735466cecf":"cdd8d28d-e094-4367-bd4b-0505de39fb82"},{"element-6066-11e4-a52e-4f735466cecf":"976d2a8f-2d9d-4330-b7ba-7477983a0d85"},{"element-6066-11e4-a52e-4f735466cecf":"88db4b93-646a-459d-88b1-06591519ad42"},{"element-6066-11e4-a52e-4f735466cecf":"b0592f94-9af6-45b3-9339-ab0cd072cbab"},{"element-6066-11e4-a52e-4f735466cecf":"acf4ae29-e903-4c3d-adc5-577449c48bf3"},{"element-6066-11e4-a52e-4f735466cecf":"c3b18f93-5017-4733-9f38-2c052ebca7a8"},{"element-6066-11e4-a52e-4f735466cecf":"562efd5d-2ebc-4eef-b404-72ea6036595d"},{"element-6066-11e4-a52e-4f735466cecf":"e125ce88-b614-47f9-925b-2f1ecb80ba59"},{"element-6066-11e4-a52e-4f735466cecf":"44c5e80a-eb04-4a71-9a51-eacd03c0d981"},{"element-6066-11e4-a52e-4f735466cecf":"80a3a4f6-4682-4c11-8715-3494638a6fb4"},{"element-6066-11e4-a52e-4f735466cecf":"3401b315-925a-436f-892b-eccb1f32ccbe"},{"element-6066-11e4-a52e-4f735466cecf":"d1f2534e-c55a-4d30-9755-291af494e2f9"},{"element-6066-11e4-a52e-4f735466cecf":"3d933bf7-0384-45f6-bf3a-0064523ec8a1"},{"element-6066-11e4-a52e-4f735466cecf":"1aefeb47-9071-4269-95b0-aebf1dbd5d9c"},{"element-6066-11e4-a52e-4f735466cecf":"dc155e88-dcc8-48f4-bcac-2c074a78018f"},{"element-6066-11e4-a52e-4f735466cecf":"d15b853f-e22b-41bc-a992-636d9ef2a725"},{"element-6066-11e4-a52e-4f735466cecf":"651962bf-af58-4aaa-874d-c8be8fbd3ba7"},{"element-6066-11e4-a52e-4f735466cecf":"20844dab-c2d0-4ee3-a83c-5e298564a5b6"},{"element-6066-11e4-a52e-4f735466cecf":"be04cd95-1529-4029-ab4f-c1ac4e9076be"},{"element-6066-11e4-a52e-4f735466cecf":"907c38f7-3426-4128-8089-6eacbe5fcb78"},{"element-6066-11e4-a52e-4f735466cecf":"47effcda-53df-42a2-9c99-dd9d0c46a919"},{"element-6066-11e4-a52e-4f735466cecf":"e43c045e-7f67-4430-af6d-292aae15344b"},{"element-6066-11e4-a52e-4f735466cecf":"4a251cb6-b025-46bd-a9e4-c2a5affeda50"},{"element-6066-11e4-a52e-4f735466cecf":"264ebfb9-1284-4e0b-b5ea-8ca3cba67285"},{"element-6066-11e4-a52e-4f735466cecf":"677d60ce-71ea-44be-a20a-3a36580935a6"},{"element-6066-11e4-a52e-4f735466cecf":"4e4c8ead-d4fb-4bfd-abf8-a0393c11ff1b"},{"element-6066-11e4-a52e-4f735466cecf":"4651c5af-df48-45c6-bd70-3c44c5393140"},{"element-6066-11e4-a52e-4f735466cecf":"91324e9d-08c2-4448-86c9-f6282a63f0f4"},{"element-6066-11e4-a52e-4f735466cecf":"527cef38-9b22-4bae-aa8b-8635b63847c6"},{"element-6066-11e4-a52e-4f735466cecf":"ce1c3bdc-0a7e-41f6-87fb-aec8596f04bb"},{"element-6066-11e4-a52e-4f735466cecf":"e483f83a-aaed-47f4-9ccf-a8bd1c80dd4f"},{"element-6066-11e4-a52e-4f735466cecf":"23e5eba1-ca6c-47fc-b6d0-617ca6a983de"},{"element-6066-11e4-a52e-4f735466cecf":"485fcbe2-711c-4e60-9c95-0dbda573ea1d"},{"element-6066-11e4-a52e-4f735466cecf":"ed76a11d-c32e-4259-9342-c38449a24a42"},{"element-6066-11e4-a52e-4f735466cecf":"4c9c5f14-38d6-471f-b767-d32d6d334b85"},{"element-6066-11e4-a52e-4f735466cecf":"7b53d040-fd21-4d51-a8b3-b70627027ab9"},{"element-6066-11e4-a52e-4f735466cecf":"54aae367-1015-484a-8764-c9cbf432a9f7"},{"element-6066-11e4-a52e-4f735466cecf":"85c69816-d48a-4c52-9793-92c9250feaf0"},{"element-6066-11e4-a52e-4f735466cecf":"53a6c70f-fd1b-4fcb-b36d-5aa69c6456db"},{"element-6066-11e4-a52e-4f735466cecf":"fa5a4132-dd0c-48b9-899e-fd6c87032110"},{"element-6066-11e4-a52e-4f735466cecf":"83085b88-4d08-41f8-b355-e9b2c0625f57"},{"element-6066-11e4-a52e-4f735466cecf":"36c3b85f-c8f7-4fc3-9407-ff722b9590dc"},{"element-6066-11e4-a52e-4f735466cecf":"ccfd28a5-8583-4b9c-b024-8096ef2cb7de"},{"element-6066-11e4-a52e-4f735466cecf":"fadbfade-49f5-49f9-b060-fabe03809a70"},{"element-6066-11e4-a52e-4f735466cecf":"02bc4a4b-31e5-4f73-9400-2ac4b90a22e1"},{"element-6066-11e4-a52e-4f735466cecf":"aff4ce43-abce-4dba-b19e-b2c0cc1576f0"},{"element-6066-11e4-a52e-4f735466cecf":"63b7e2ef-7be5-4d84-824e-eb1fada66a6d"},{"element-6066-11e4-a52e-4f735466cecf":"7df99ba1-38f6-4e00-a2db-39f801c58b68"},{"element-6066-11e4-a52e-4f735466cecf":"16625e1f-c533-4d59-b458-c73b17bddb7a"},{"element-6066-11e4-a52e-4f735466cecf":"64186a22-20a0-4214-97a4-da0691775836"},{"element-6066-11e4-a52e-4f735466cecf":"2f437b00-ba8b-41ad-af18-1d851cd7984e"},{"element-6066-11e4-a52e-4f735466cecf":"9d232f6d-bf80-4496-b334-b6b4cbf3459c"},{"element-6066-11e4-a52e-4f735466cecf":"412210e0-8fe0-4dc4-babe-94d37da0abc0"},{"element-6066-11e4-a52e-4f735466cecf":"f05001ab-6806-419f-9522-86941b26556f"},{"element-6066-11e4-a52e-4f735466cecf":"3d21bcaf-7508-454a-9fdb-0a3a9aee856d"},{"element-6066-11e4-a52e-4f735466cecf":"8d4485a5-b253-46f5-9a45-c36d48e796b1"},{"element-6066-11e4-a52e-4f735466cecf":"3dc73a60-8c64-40bb-aac0-8f8ba6d3de0a"},{"element-6066-11e4-a52e-4f735466cecf":"2aa63a0f-9a4c-48e8-8754-5f349c4418fb"},{"element-6066-11e4-a52e-4f735466cecf":"3d1131b7-7311-4dd8-bb48-41fc3dc4cd1b"},{"element-6066-11e4-a52e-4f735466cecf":"6ed1cbd3-893f-42e6-839b-593f79bf019b"},{"element-6066-11e4-a52e-4f735466cecf":"cf1a7d75-7a97-4837-bd0a-b95452beac27"},{"element-6066-11e4-a52e-4f735466cecf":"32602270-5cfa-4e39-820f-657289b0b712"},{"element-6066-11e4-a52e-4f735466cecf":"c0f98745-2c68-4c79-8ac2-d1be69a62e6a"},{"element-6066-11e4-a52e-4f735466cecf":"a2facbf2-1a0c-42ce-8223-f18c43df03d1"},{"element-6066-11e4-a52e-4f735466cecf":"6dc849c0-ce6e-4789-9aff-592d14d9e265"},{"element-6066-11e4-a52e-4f735466cecf":"9fa84d80-6820-4090-bc43-74b6b987f38d"},{"element-6066-11e4-a52e-4f735466cecf":"1d9b6e37-44bf-4820-926a-9572c427c8dd"},{"element-6066-11e4-a52e-4f735466cecf":"859d9fb5-b5fb-4b06-aeb0-ea5c52e820c1"},{"element-6066-11e4-a52e-4f735466cecf":"72987148-df00-40dd-a4b2-207f950404d7"},{"element-6066-11e4-a52e-4f735466cecf":"1b594f3c-02ef-4f2e-aad4-8f5b9fa52eb6"},{"element-6066-11e4-a52e-4f735466cecf":"289ba82d-3cb3-43a9-af2a-00dd9ce9a750"},{"element-6066-11e4-a52e-4f735466cecf":"cc2cdd46-8478-4b54-8f65-78e323d2dfb2"},{"element-6066-11e4-a52e-4f735466cecf":"66135255-00ca-48f7-bae5-79bc147c759c"},{"element-6066-11e4-a52e-4f735466cecf":"364447e8-955a-4e77-b481-bbfa307ab733"},{"element-6066-11e4-a52e-4f735466cecf":"3d6de13a-f401-4dc6-8d26-5b982882e34a"},{"element-6066-11e4-a52e-4f735466cecf":"fb0b7a14-cc67-4603-86a4-26b6d5aa77ca"},{"element-6066-11e4-a52e-4f735466cecf":"7b76a237-dc78-4ce5-adce-8e8a3af39220"},{"element-6066-11e4-a52e-4f735466cecf":"457eb19f-a2c4-4298-bebe-629bca7caa2a"},{"element-6066-11e4-a52e-4f735466cecf":"4c58edea-1aa6-43a3-8b3a-2d98731a1d1f"},{"element-6066-11e4-a52e-4f735466cecf":"fa53f97d-cac2-4d23-b452-a24ae112f219"},{"element-6066-11e4-a52e-4f735466cecf":"7c0b9e07-b9fe-4c44-9053-7349c20a290b"},{"element-6066-11e4-a52e-4f735466cecf":"4d21ac9c-6f52-4949-a3bb-90d624b03ccb"},{"element-6066-11e4-a52e-4f735466cecf":"9b9858ac-5600-48c3-bcbb-a46a2941a072"},{"element-6066-11e4-a52e-4f735466cecf":"4472fe1f-5a47-4df2-945f-4a0307228871"},{"element-6066-11e4-a52e-4f735466cecf":"27eff55e-585f-4e87-b97a-d666913afc06"},{"element-6066-11e4-a52e-4f735466cecf":"ded2d8ec-e2ba-497a-a1f3-ffb11fea2f26"},{"element-6066-11e4-a52e-4f735466cecf":"9176439e-f00d-4d50-af8b-56185292ec52"},{"element-6066-11e4-a52e-4f735466cecf":"69742636-acdf-4e7e-a3b3-72852a2fde2a"},{"element-6066-11e4-a52e-4f735466cecf":"cdf02371-ac2e-409e-80ce-00eef9c0edb9"},{"element-6066-11e4-a52e-4f735466cecf":"0c07576b-daf2-496e-9fca-daae03fb3efb"},{"element-6066-11e4-a52e-4f735466cecf":"d096f989-c5c4-49aa-8b4c-836bd5fe4b07"},{"element-6066-11e4-a52e-4f735466cecf":"dcf126cf-d2c1-46c0-ba3e-dc5d901c97f1"},{"element-6066-11e4-a52e-4f735466cecf":"ae461546-be13-4691-a35b-24c9e8fc15ad"},{"element-6066-11e4-a52e-4f735466cecf":"3f8d0590-c45a-4bc1-9609-0b88eb317308"},{"element-6066-11e4-a52e-4f735466cecf":"bbfc86d4-c1ef-4915-9453-5f5069e3d88f"},{"element-6066-11e4-a52e-4f735466cecf":"1daf5ff2-a446-43f2-9243-fce2d5c52305"},{"element-6066-11e4-a52e-4f735466cecf":"95e40805-0e30-4ef0-9145-da73249e9b56"},{"element-6066-11e4-a52e-4f735466cecf":"7c16e9cf-d027-4cf6-aaf6-84b0bc6b1271"},{"element-6066-11e4-a52e-4f735466cecf":"feea55f7-f485-4a2f-8d07-1c478206fa46"},{"element-6066-11e4-a52e-4f735466cecf":"7f681227-a830-4a02-821c-9eb4c6a8bf34"},{"element-6066-11e4-a52e-4f735466cecf":"8c104053-e19b-431b-9e25-4cd830b5727c"},{"element-6066-11e4-a52e-4f735466cecf":"049393f4-38db-4e6d-8285-058c67c200f8"},{"element-6066-11e4-a52e-4f735466cecf":"f47b2684-6bae-4025-8dce-8a1fee35d37f"},{"element-6066-11e4-a52e-4f735466cecf":"2469597a-9e47-4880-ba1c-af284cf67e42"},{"element-6066-11e4-a52e-4f735466cecf":"1e74bab3-78d6-468a-9ab1-e4ea99d8eaea"},{"element-6066-11e4-a52e-4f735466cecf":"c5790146-821b-4669-9582-9eb16c961fa3"},{"element-6066-11e4-a52e-4f735466cecf":"5a0b3d5d-d39b-41d0-b71a-2ef59d960833"},{"element-6066-11e4-a52e-4f735466cecf":"41715472-eac3-4d68-9566-6b4732f12603"},{"element-6066-11e4-a52e-4f735466cecf":"98497ff0-1ddb-4b5e-a42a-6c0c9452a1f1"},{"element-6066-11e4-a52e-4f735466cecf":"50939303-2412-4e24-b454-e9ddcd94d4ba"},{"element-6066-11e4-a52e-4f735466cecf":"294e5a49-0a1a-40f8-8c7b-5fab31674051"},{"element-6066-11e4-a52e-4f735466cecf":"9f842d62-8e6e-47b0-ab81-8d6023961f9d"},{"element-6066-11e4-a52e-4f735466cecf":"d5c7b4f5-6e67-40bd-af9f-c221c5b80c5a"},{"element-6066-11e4-a52e-4f735466cecf":"206c0ad6-78e7-4697-97d3-9806911e4e0c"},{"element-6066-11e4-a52e-4f735466cecf":"e2fc4d5c-80c0-40a7-b1fa-5e3eac2b3167"},{"element-6066-11e4-a52e-4f735466cecf":"030d8cda-2b30-4499-9360-7c6f1ca24ca4"},{"element-6066-11e4-a52e-4f735466cecf":"05035e57-1b21-44a1-b5f8-9f4ed6bf2ca3"},{"element-6066-11e4-a52e-4f735466cecf":"4a4b180d-94a4-4aa0-9c78-8d9873980dd4"},{"element-6066-11e4-a52e-4f735466cecf":"76b1acb9-35d3-4834-931a-29ba1454bede"},{"element-6066-11e4-a52e-4f735466cecf":"bb9e478b-b77e-4158-92a2-785c02a8de87"},{"element-6066-11e4-a52e-4f735466cecf":"b632cc2d-a50a-4e77-bc2a-0ae23013cf40"},{"element-6066-11e4-a52e-4f735466cecf":"fc603865-2646-4d19-b2e2-9080ce794b4d"},{"element-6066-11e4-a52e-4f735466cecf":"3abd9782-f4cd-4677-8009-416d1ee81970"},{"element-6066-11e4-a52e-4f735466cecf":"04c02f34-d2e8-44f0-89d6-043d685ab5b6"},{"element-6066-11e4-a52e-4f735466cecf":"198a4255-5f5e-4334-ab6b-99005a9ccfb3"},{"element-6066-11e4-a52e-4f735466cecf":"fe4289df-1c0f-4d28-ba53-45e102318124"},{"element-6066-11e4-a52e-4f735466cecf":"8f816218-03e3-4e5c-831c-a7cc3072d7a6"},{"element-6066-11e4-a52e-4f735466cecf":"f9481b0d-4449-4acd-8baa-91fce3e83b7d"},{"element-6066-11e4-a52e-4f735466cecf":"cc760e2e-244a-4b03-85bd-de281affe01b"},{"element-6066-11e4-a52e-4f735466cecf":"d4c57684-8d2b-4632-90e8-5630994c1d40"},{"element-6066-11e4-a52e-4f735466cecf":"263bacd5-f92b-4828-9d76-84e7748f17ca"},{"element-6066-11e4-a52e-4f735466cecf":"69833f09-3b43-4c33-8130-f7c9c77dbae5"},{"element-6066-11e4-a52e-4f735466cecf":"039edac7-553b-4517-9b51-c704abda0b28"},{"element-6066-11e4-a52e-4f735466cecf":"756e566c-2e25-4434-a580-292364626da0"},{"element-6066-11e4-a52e-4f735466cecf":"7e224116-f877-450f-839b-d51a29e58c64"},{"element-6066-11e4-a52e-4f735466cecf":"d970c8c7-1a8c-4a75-9b69-c5e1a008717b"},{"element-6066-11e4-a52e-4f735466cecf":"fdc843e9-7c63-472a-8f17-f7f25658a3e2"},{"element-6066-11e4-a52e-4f735466cecf":"414e4af0-fad4-497b-aa7e-b15bb05de60e"},{"element-6066-11e4-a52e-4f735466cecf":"145666cb-7074-4c31-b7bf-4102c6c2826c"},{"element-6066-11e4-a52e-4f735466cecf":"71e8f57d-70c0-445d-bdd9-f76b97b86495"},{"element-6066-11e4-a52e-4f735466cecf":"6b230af2-077d-40fa-9090-fdf0a7130c50"},{"element-6066-11e4-a52e-4f735466cecf":"f694c639-a7ea-4348-89cf-533f422368af"},{"element-6066-11e4-a52e-4f735466cecf":"11ec1fc0-5dd2-4e8f-a98a-a753eb180a4b"},{"element-6066-11e4-a52e-4f735466cecf":"1e106058-c606-4b7b-bd8b-22cb0e661c9d"},{"element-6066-11e4-a52e-4f735466cecf":"8e3fe5e5-b860-4a12-86aa-4cd74360f961"},{"element-6066-11e4-a52e-4f735466cecf":"575e5c58-3619-4ab8-bcb2-3671e108233c"},{"element-6066-11e4-a52e-4f735466cecf":"2f1f75bd-3ec9-4120-afc1-e6d7afc54177"},{"element-6066-11e4-a52e-4f735466cecf":"7749bfea-5ef5-41c5-b71c-07befef13409"},{"element-6066-11e4-a52e-4f735466cecf":"07ee9f3d-212a-4c5b-8cfd-9fc377d71406"},{"element-6066-11e4-a52e-4f735466cecf":"468f362d-c451-44df-9af4-ce2a2d7edbd2"},{"element-6066-11e4-a52e-4f735466cecf":"9be2e81d-eda7-479e-afea-c825db9eec7e"},{"element-6066-11e4-a52e-4f735466cecf":"b52708c9-2460-4a6a-8ee7-0eb9d7b518f3"},{"element-6066-11e4-a52e-4f735466cecf":"8c44271f-6dc8-4412-8a79-516045efadc8"},{"element-6066-11e4-a52e-4f735466cecf":"ed2ca69e-112f-4020-814c-df78dd764391"},{"element-6066-11e4-a52e-4f735466cecf":"fc973a30-7ef6-42f7-ad43-e5e887c00ac9"},{"element-6066-11e4-a52e-4f735466cecf":"34318737-32d2-41bf-898c-1ca9700dca6c"},{"element-6066-11e4-a52e-4f735466cecf":"5493370d-3177-46ea-b5a5-11e65f61b2bf"},{"element-6066-11e4-a52e-4f735466cecf":"d94fc2f7-585e-484b-b7f5-1c7493ed59ea"},{"element-6066-11e4-a52e-4f735466cecf":"38231fd8-1205-4276-b706-e553f905ed2f"},{"element-6066-11e4-a52e-4f735466cecf":"0b967585-fb23-4a77-80a6-6bdb0b528042"},{"element-6066-11e4-a52e-4f735466cecf":"d73c39e9-5cfb-4a74-bed1-37268476f716"},{"element-6066-11e4-a52e-4f735466cecf":"b8faa1ab-787b-4a21-9514-7e79d650bb21"},{"element-6066-11e4-a52e-4f735466cecf":"7a9117ea-0ffb-436d-bb1d-1fae426bd553"},{"element-6066-11e4-a52e-4f735466cecf":"22f7a0e3-089b-4b45-9153-4e773812db75"},{"element-6066-11e4-a52e-4f735466cecf":"8a591538-d7df-4e05-890a-6d6b96a53231"},{"element-6066-11e4-a52e-4f735466cecf":"7b4efd06-9a61-4b54-aaaf-212495fe1f37"},{"element-6066-11e4-a52e-4f735466cecf":"5ae6caae-2836-43b1-b480-297b458a6384"},{"element-6066-11e4-a52e-4f735466cecf":"754e75f8-845c-44fb-ab9e-2a477e6c7d81"},{"element-6066-11e4-a52e-4f735466cecf":"a05f94a8-8dac-4075-8343-ba61a6391bc2"},{"element-6066-11e4-a52e-4f735466cecf":"262f8ec6-142c-4b3b-8704-766f754ba1aa"},{"element-6066-11e4-a52e-4f735466cecf":"a853b791-8545-42b7-9894-25499c8b27cc"},{"element-6066-11e4-a52e-4f735466cecf":"a88ba5ff-a70c-4faf-994b-7a803e184ab7"},{"element-6066-11e4-a52e-4f735466cecf":"63fa9729-1b53-4861-9ccc-b05c6f7575f5"},{"element-6066-11e4-a52e-4f735466cecf":"9e819dc9-1825-4193-8b40-3e02f8d14872"},{"element-6066-11e4-a52e-4f735466cecf":"90df2259-6505-4576-bf9a-ca5fd636b26b"},{"element-6066-11e4-a52e-4f735466cecf":"d62829f6-b70d-4f14-a850-8f77ab7e6427"},{"element-6066-11e4-a52e-4f735466cecf":"76db5ee9-a6cb-4579-a958-5a6e42b4ef80"},{"element-6066-11e4-a52e-4f735466cecf":"40477901-761b-4fdc-af72-34c0a0c3a199"},{"element-6066-11e4-a52e-4f735466cecf":"de44afd2-630b-4423-be71-2cd88f06f1e6"},{"element-6066-11e4-a52e-4f735466cecf":"d82cd4fa-7109-45a8-808a-1823d75c5864"},{"element-6066-11e4-a52e-4f735466cecf":"ffd1342a-80a3-47c6-8fa1-c0f0a03c364e"},{"element-6066-11e4-a52e-4f735466cecf":"2b051530-da37-4853-aabb-015ae28c744d"},{"element-6066-11e4-a52e-4f735466cecf":"fc48a08e-c4eb-4237-9a11-acc03ae99026"},{"element-6066-11e4-a52e-4f735466cecf":"799740d3-47f1-4527-9502-d089d0ed1ba1"},{"element-6066-11e4-a52e-4f735466cecf":"46f30b86-910f-49bb-8b6e-132663e61f24"},{"element-6066-11e4-a52e-4f735466cecf":"e9a2e9ca-139f-4f8b-85ea-34607e0a8f89"},{"element-6066-11e4-a52e-4f735466cecf":"5045c105-edf9-4258-ab75-eca2d0ebbfb2"},{"element-6066-11e4-a52e-4f735466cecf":"2349ab29-4e13-49f0-a7ef-8e868b4d055f"},{"element-6066-11e4-a52e-4f735466cecf":"8d97de2e-cfce-42b9-bae5-a8639a4e1666"},{"element-6066-11e4-a52e-4f735466cecf":"085a9edb-3826-499e-9287-dbcb452931ff"},{"element-6066-11e4-a52e-4f735466cecf":"84ea1c0f-f6c4-4357-b7fc-ff69b7f991dd"},{"element-6066-11e4-a52e-4f735466cecf":"85543b74-b983-43af-adc8-bfaaa664656e"},{"element-6066-11e4-a52e-4f735466cecf":"866a0829-9ada-423a-9d60-71309996f1c0"},{"element-6066-11e4-a52e-4f735466cecf":"b393790b-18b4-4de4-be5e-cc7a384c2215"},{"element-6066-11e4-a52e-4f735466cecf":"70ca0e96-074c-4e04-bf5d-f26a76e16860"},{"element-6066-11e4-a52e-4f735466cecf":"e4974307-5f20-4ddc-b939-cd5d0c2dc8a6"},{"element-6066-11e4-a52e-4f735466cecf":"76d2ebca-cfe9-425f-be9e-faf49aad5d10"},{"element-6066-11e4-a52e-4f735466cecf":"f710d9e4-61d7-4d84-8aef-075e9e65e2e4"},{"element-6066-11e4-a52e-4f735466cecf":"132bce26-fc80-4761-a79f-b8a83c616a59"},{"element-6066-11e4-a52e-4f735466cecf":"5d746afd-cebb-4c82-b32e-43c2260b1047"},{"element-6066-11e4-a52e-4f735466cecf":"ffc01bdd-339a-45a4-83b3-6aecdc001516"},{"element-6066-11e4-a52e-4f735466cecf":"78d94fe5-c535-40f6-97ad-691f257e3bcc"},{"element-6066-11e4-a52e-4f735466cecf":"81ef6aa3-3d8e-4a4b-8b8e-c461c68a8744"},{"element-6066-11e4-a52e-4f735466cecf":"1bac5b4c-c3be-4f1e-8fbc-63ad1597c581"},{"element-6066-11e4-a52e-4f735466cecf":"262aa94c-5686-4bad-b469-9a03ede0d21b"},{"element-6066-11e4-a52e-4f735466cecf":"f04e292c-6934-4fa6-a587-c69a4177f3a9"},{"element-6066-11e4-a52e-4f735466cecf":"aa7ff6ec-7770-44e1-b1e6-890ba407d019"},{"element-6066-11e4-a52e-4f735466cecf":"4a0ec26e-7948-4517-a1e0-def628a77814"},{"element-6066-11e4-a52e-4f735466cecf":"792a379c-99b2-47c1-b549-5f06c543032a"},{"element-6066-11e4-a52e-4f735466cecf":"4a88ef91-aecd-4861-98e7-a902d4d6db7f"},{"element-6066-11e4-a52e-4f735466cecf":"4e22cbfe-771d-46b2-9741-3a094a5804f0"},{"element-6066-11e4-a52e-4f735466cecf":"8bebbbb7-8e1d-4078-98bd-412531bc8c75"},{"element-6066-11e4-a52e-4f735466cecf":"3ac25be7-b084-4db4-bd65-8ac1aafdd33b"},{"element-6066-11e4-a52e-4f735466cecf":"1564ed82-83e2-4285-bca1-8dc8263c7622"},{"element-6066-11e4-a52e-4f735466cecf":"d35b3c33-110d-4ab9-a2db-a21ad2c0e6f7"},{"element-6066-11e4-a52e-4f735466cecf":"b1e4da7f-079a-40c0-8ecd-14fcf5c38955"},{"element-6066-11e4-a52e-4f735466cecf":"f17f4f72-67dc-4ad9-99d2-1c5cb47f1920"},{"element-6066-11e4-a52e-4f735466cecf":"92986b61-163c-4cf0-996a-9f7c8eb2ed59"},{"element-6066-11e4-a52e-4f735466cecf":"d0b67490-5489-4e41-bb2c-2639c78fec62"},{"element-6066-11e4-a52e-4f735466cecf":"60ecb071-696b-4334-b294-e3b4764df143"},{"element-6066-11e4-a52e-4f735466cecf":"36d89862-5f86-456e-8131-28bb3fc45bb7"},{"element-6066-11e4-a52e-4f735466cecf":"f61fe78b-cd20-4dc0-91f1-69e6696c7213"},{"element-6066-11e4-a52e-4f735466cecf":"9946c648-8734-47e9-a852-78874c7278c3"},{"element-6066-11e4-a52e-4f735466cecf":"34be25b9-deff-4ad1-8b9f-9bc3eafe2a82"},{"element-6066-11e4-a52e-4f735466cecf":"c8af9d7f-a48f-434a-b553-069b86181c35"},{"element-6066-11e4-a52e-4f735466cecf":"aab56c99-68fd-4ce3-9ebf-d1c0f2c364a2"},{"element-6066-11e4-a52e-4f735466cecf":"ec87724a-07b3-4c2d-b6b8-bba30fba630f"},{"element-6066-11e4-a52e-4f735466cecf":"1cb93380-4f3d-47a1-8096-5c8d8477a4a4"},{"element-6066-11e4-a52e-4f735466cecf":"65296521-b053-4e48-b3a5-ae613c5ee9d2"},{"element-6066-11e4-a52e-4f735466cecf":"b080e48c-eff0-43a2-8ee2-425c71559773"},{"element-6066-11e4-a52e-4f735466cecf":"c4829c30-d55d-4cc8-97ae-9e3de7a32232"},{"element-6066-11e4-a52e-4f735466cecf":"140d326a-ddd7-4cfe-960e-72480a85a698"},{"element-6066-11e4-a52e-4f735466cecf":"07ff9fb0-72d9-4a61-9e3e-50c1085366bf"},{"element-6066-11e4-a52e-4f735466cecf":"c14ed3a5-e8ff-421d-82b8-9f48843dced4"},{"element-6066-11e4-a52e-4f735466cecf":"7a380578-908f-4623-84e4-498b8631cf22"},{"element-6066-11e4-a52e-4f735466cecf":"08ffa20d-ab30-4b4f-8f98-cb907b41226c"},{"element-6066-11e4-a52e-4f735466cecf":"417c0eb7-52c1-4625-ad99-0bb1b4c1d3bf"},{"element-6066-11e4-a52e-4f735466cecf":"7cbf3026-aa8f-4368-bbbb-154355ecd0e9"},{"element-6066-11e4-a52e-4f735466cecf":"d5412cbd-5095-438f-a9c3-e555512ab55e"},{"element-6066-11e4-a52e-4f735466cecf":"49442c51-5503-42f3-9fbd-02b8d16cacdc"},{"element-6066-11e4-a52e-4f735466cecf":"4d415663-b0a5-4d7b-88b5-e84bb22c7911"},{"element-6066-11e4-a52e-4f735466cecf":"48dcce8d-8c60-46a3-a882-463a423e7ab8"},{"element-6066-11e4-a52e-4f735466cecf":"61134343-a495-4696-ae5d-fd5b84310b1d"},{"element-6066-11e4-a52e-4f735466cecf":"849aa3a9-3775-4d22-b4f2-9d01b79895a7"},{"element-6066-11e4-a52e-4f735466cecf":"19ae76cd-b761-4f56-a140-6c41e8e4f8b5"},{"element-6066-11e4-a52e-4f735466cecf":"64ced920-fb7f-4672-98fa-75ad3522467f"},{"element-6066-11e4-a52e-4f735466cecf":"d5906b21-7f51-423b-aa78-18290652570c"},{"element-6066-11e4-a52e-4f735466cecf":"7475d59d-ce15-404f-a9a8-6cefc83546c9"},{"element-6066-11e4-a52e-4f735466cecf":"3eda8fae-054d-44a8-a9b3-21cdce04c7f2"},{"element-6066-11e4-a52e-4f735466cecf":"fddae0f3-60c9-42b5-8e8a-b09a62112dd2"},{"element-6066-11e4-a52e-4f735466cecf":"6fa9baff-154a-468b-8c2a-b0d95dc390ab"},{"element-6066-11e4-a52e-4f735466cecf":"105c0a90-586b-4350-955c-46f7f5bbce98"},{"element-6066-11e4-a52e-4f735466cecf":"766bc06d-8f02-479b-bfcf-71b6fa1e838b"},{"element-6066-11e4-a52e-4f735466cecf":"e0470b62-ab65-4981-8425-4b1e072103fa"},{"element-6066-11e4-a52e-4f735466cecf":"8d93cd9b-1aaa-4e1b-9642-032c3b425e6a"},{"element-6066-11e4-a52e-4f735466cecf":"b52dded1-d842-4af1-8f5d-c1f75c8eea8d"},{"element-6066-11e4-a52e-4f735466cecf":"925e9a23-e62d-409c-8f32-76ab827d27b9"},{"element-6066-11e4-a52e-4f735466cecf":"e7062779-ce15-4af6-9598-143509e83111"},{"element-6066-11e4-a52e-4f735466cecf":"a01652da-5e84-43a4-ba51-87247e2d41f4"},{"element-6066-11e4-a52e-4f735466cecf":"d2e9af75-db20-4aa5-9407-7fab8bb0dbf1"},{"element-6066-11e4-a52e-4f735466cecf":"8332b402-4733-4736-b18f-285a2fb24d97"},{"element-6066-11e4-a52e-4f735466cecf":"16cbc828-9a33-4e02-9f82-2d22d4879a71"},{"element-6066-11e4-a52e-4f735466cecf":"4b87f8e7-4be2-4101-9d19-1897f627eb8e"},{"element-6066-11e4-a52e-4f735466cecf":"ffeebefd-87bf-470c-8141-21a3118b8a26"},{"element-6066-11e4-a52e-4f735466cecf":"867fb08f-5e25-4185-9676-1b0cc141ea98"},{"element-6066-11e4-a52e-4f735466cecf":"564c0ee1-dacb-4f5c-9c36-67bbf0d33367"},{"element-6066-11e4-a52e-4f735466cecf":"c5ff75b8-e2d2-46ae-bc56-e49bea2f1341"},{"element-6066-11e4-a52e-4f735466cecf":"65758942-19b8-4c0f-83d9-a93f32f1b0d4"},{"element-6066-11e4-a52e-4f735466cecf":"06b98795-6071-4386-b4e7-a75ed554313d"},{"element-6066-11e4-a52e-4f735466cecf":"c481d5cd-badd-4d68-978c-943a2dedb824"},{"element-6066-11e4-a52e-4f735466cecf":"3665311f-ef9b-459f-b72d-c9a213260e1b"},{"element-6066-11e4-a52e-4f735466cecf":"219070ac-6a06-4924-96a5-bb7be7641ab9"},{"element-6066-11e4-a52e-4f735466cecf":"c399ea09-2585-4124-a23e-4e972ef8ee4e"},{"element-6066-11e4-a52e-4f735466cecf":"00752dee-2641-484b-813b-a68007cf3546"},{"element-6066-11e4-a52e-4f735466cecf":"0f10deb8-726a-4c7f-a0fa-745a068a4df2"},{"element-6066-11e4-a52e-4f735466cecf":"9e318784-77f3-4f2b-8581-c3cab71139ff"},{"element-6066-11e4-a52e-4f735466cecf":"d8f2cbde-5f49-4c9c-af67-7921d0d8bbc1"},{"element-6066-11e4-a52e-4f735466cecf":"be7283a4-cf68-49c7-952c-4d7c0cd19cf7"},{"element-6066-11e4-a52e-4f735466cecf":"7d98396c-6f2d-44cc-a273-cf25c93b1c12"},{"element-6066-11e4-a52e-4f735466cecf":"870948e8-b35f-49bc-8baf-4a593ada5d52"},{"element-6066-11e4-a52e-4f735466cecf":"8b8ad9bb-d6c0-427c-b40b-24e0ae18ee07"},{"element-6066-11e4-a52e-4f735466cecf":"4209f8f2-b023-4057-b1db-ef6326671930"},{"element-6066-11e4-a52e-4f735466cecf":"362a4ba3-65b9-43cd-8916-19f185c06420"},{"element-6066-11e4-a52e-4f735466cecf":"17e72898-edec-433e-ad43-c04ac5858c4f"},{"element-6066-11e4-a52e-4f735466cecf":"9c5ae0e1-3bf8-4b37-960d-faa23e2ac5d5"},{"element-6066-11e4-a52e-4f735466cecf":"521a8f11-4c55-4328-88ae-aba2a89c7d6b"},{"element-6066-11e4-a52e-4f735466cecf":"ce393dab-c187-437b-a2e5-f898c246bfa3"},{"element-6066-11e4-a52e-4f735466cecf":"476aef96-097f-4678-88f6-130697958bed"},{"element-6066-11e4-a52e-4f735466cecf":"96a8df4c-fd9f-4cf6-b7fa-58c4e91f062d"},{"element-6066-11e4-a52e-4f735466cecf":"f75ede02-deeb-4daa-b9fc-d9137aaa078f"},{"element-6066-11e4-a52e-4f735466cecf":"3935e90b-1edc-4bd3-82e3-50dd2786b333"},{"element-6066-11e4-a52e-4f735466cecf":"7c26618f-185a-452f-9ef5-61444ccae3d9"},{"element-6066-11e4-a52e-4f735466cecf":"1f2a42d2-d451-4859-b288-014d847e361b"},{"element-6066-11e4-a52e-4f735466cecf":"27add8f2-8bb9-4f33-b4f3-2e4f7159f5a0"},{"element-6066-11e4-a52e-4f735466cecf":"fb5f8eac-263b-437e-9cb5-a9eee74a4707"},{"element-6066-11e4-a52e-4f735466cecf":"40df54ac-86e3-4b94-8361-7a0f9d09d5cb"},{"element-6066-11e4-a52e-4f735466cecf":"e9d14675-388e-43da-9e44-22d08f2d38f2"},{"element-6066-11e4-a52e-4f735466cecf":"58c6aa71-c4f0-4596-9d59-4d907269e6d7"},{"element-6066-11e4-a52e-4f735466cecf":"e31aed2e-803d-4ee7-9a3e-8f0b141c539c"},{"element-6066-11e4-a52e-4f735466cecf":"fc2e6367-004d-4884-ae18-2ad0cd27665c"},{"element-6066-11e4-a52e-4f735466cecf":"60fdb113-280f-445e-a72f-e507b147a81b"},{"element-6066-11e4-a52e-4f735466cecf":"f8c40893-ea95-4020-8d41-49de0e8b4160"},{"element-6066-11e4-a52e-4f735466cecf":"9782b75a-401f-4c44-a8e4-bf32932f6231"},{"element-6066-11e4-a52e-4f735466cecf":"78cc42cc-5a10-46fe-98a9-6a9eed0a608d"},{"element-6066-11e4-a52e-4f735466cecf":"4055a1c9-e21f-458c-8cac-b23fe1d93e07"},{"element-6066-11e4-a52e-4f735466cecf":"f7104b64-9f6e-4b10-af53-bf1d18e7641a"},{"element-6066-11e4-a52e-4f735466cecf":"0775c496-de35-41e2-aef8-0ad0350b8f94"},{"element-6066-11e4-a52e-4f735466cecf":"1f75d1ac-2764-42bc-9ee2-4afe95c071b3"},{"element-6066-11e4-a52e-4f735466cecf":"2cd09c4d-c0f7-4174-ad7b-a1b9c7c64a8a"},{"element-6066-11e4-a52e-4f735466cecf":"fd01280d-89c2-4342-ab80-426014a11035"},{"element-6066-11e4-a52e-4f735466cecf":"323326b5-7ae5-468e-9b7f-2d63102b85f4"},{"element-6066-11e4-a52e-4f735466cecf":"cf880bdb-6eb1-445d-8445-3bc666a8dd3f"},{"element-6066-11e4-a52e-4f735466cecf":"38547b03-0617-42a8-b0aa-dbbfc17e031d"},{"element-6066-11e4-a52e-4f735466cecf":"4c9bfe3f-73fc-4120-b861-c39b291ba7ee"},{"element-6066-11e4-a52e-4f735466cecf":"2ba80bce-5762-488d-b1ae-001cebccf9d0"},{"element-6066-11e4-a52e-4f735466cecf":"86ba5dae-38a9-4ff9-a933-525ba596ab9c"},{"element-6066-11e4-a52e-4f735466cecf":"ae67be5d-f80c-4225-80c6-58da875e6dd4"},{"element-6066-11e4-a52e-4f735466cecf":"d6c06e88-bc10-4e01-b9f8-c36b002cc4c5"},{"element-6066-11e4-a52e-4f735466cecf":"43beca06-7216-42c7-b25e-32ed5b0e58e7"},{"element-6066-11e4-a52e-4f735466cecf":"210f5270-73cc-4d76-9323-5a963ae67e84"},{"element-6066-11e4-a52e-4f735466cecf":"4bed969a-3e1f-4e48-b795-30438338504a"},{"element-6066-11e4-a52e-4f735466cecf":"8a2d19cd-e0cf-4627-95c9-089971db241c"},{"element-6066-11e4-a52e-4f735466cecf":"d980134c-e2c3-47bf-bd28-c03d75399eb8"},{"element-6066-11e4-a52e-4f735466cecf":"d7e9a139-0caa-48a9-841c-c15b5c33bba0"},{"element-6066-11e4-a52e-4f735466cecf":"728276d3-4dd8-478e-bc93-e50878c5ecac"},{"element-6066-11e4-a52e-4f735466cecf":"7ede94ef-acce-4ada-8f81-04878c411701"},{"element-6066-11e4-a52e-4f735466cecf":"f882e097-6869-46e5-b862-bcb97e560d48"},{"element-6066-11e4-a52e-4f735466cecf":"8fa5dc6a-3098-4e53-9d30-7dabd03d0d93"},{"element-6066-11e4-a52e-4f735466cecf":"1ebee5d3-ed40-4f98-8b43-fc38a0be98fb"},{"element-6066-11e4-a52e-4f735466cecf":"41ddc94a-cab5-4855-b6a0-da299fb6dd9c"},{"element-6066-11e4-a52e-4f735466cecf":"33a0627e-3320-4e86-a49c-506632ac07ab"},{"element-6066-11e4-a52e-4f735466cecf":"776f3b0f-b46b-42a2-872a-65efc92bafec"},{"element-6066-11e4-a52e-4f735466cecf":"d1eab693-ff62-4db3-899a-7590a9de8834"},{"element-6066-11e4-a52e-4f735466cecf":"b6637fea-bd01-44f2-b230-ddc1c69785c0"},{"element-6066-11e4-a52e-4f735466cecf":"35f1f7df-b51f-47b3-9e35-df275d4879a2"},{"element-6066-11e4-a52e-4f735466cecf":"95fabb87-3c48-49b4-9ba2-8be26b545539"},{"element-6066-11e4-a52e-4f735466cecf":"386a44aa-66c1-4c77-95d3-5035f7251c20"},{"element-6066-11e4-a52e-4f735466cecf":"19051798-1bca-4ecd-9b50-697383a72b41"},{"element-6066-11e4-a52e-4f735466cecf":"6408d335-29a3-4bcc-bce4-df28f0e8612c"},{"element-6066-11e4-a52e-4f735466cecf":"9c99b448-3855-4bc8-9fc4-9823693aec46"},{"element-6066-11e4-a52e-4f735466cecf":"e8cfe7a6-6e9b-49fe-950d-31c5141bc355"},{"element-6066-11e4-a52e-4f735466cecf":"3233ab5f-cd6c-4cf1-9d8d-d19f9d88e405"},{"element-6066-11e4-a52e-4f735466cecf":"7059bd67-fa26-4608-b296-a344fd52d9a1"},{"element-6066-11e4-a52e-4f735466cecf":"f0f0ef63-d777-44ff-a28b-d59c62ee5f6b"},{"element-6066-11e4-a52e-4f735466cecf":"c4a96012-e91d-4a91-8ae6-80e00cd1f452"},{"element-6066-11e4-a52e-4f735466cecf":"b607cdb2-0329-4a53-ab7d-aca0c57194ff"},{"element-6066-11e4-a52e-4f735466cecf":"87c53805-2867-4529-8017-1e622e5c47f3"},{"element-6066-11e4-a52e-4f735466cecf":"b4dcc43f-96a7-4aa4-b373-ecb83984461e"},{"element-6066-11e4-a52e-4f735466cecf":"5f723f1f-f17c-40cd-bb16-c7cd66c7623b"},{"element-6066-11e4-a52e-4f735466cecf":"84c5a706-2798-49b6-861b-4440329650f2"},{"element-6066-11e4-a52e-4f735466cecf":"e9eb4ff2-10b1-46d9-8368-c267b9859e0d"},{"element-6066-11e4-a52e-4f735466cecf":"af3b2b42-4e82-41fe-8f2a-8ef95fac4652"},{"element-6066-11e4-a52e-4f735466cecf":"ef040e41-c894-4eda-8fea-aa3058ec06fb"},{"element-6066-11e4-a52e-4f735466cecf":"5fcb1423-30a4-473b-b017-b47b8bc4e60f"},{"element-6066-11e4-a52e-4f735466cecf":"1a94ea70-89c4-4be0-8bba-17930c0afd6c"},{"element-6066-11e4-a52e-4f735466cecf":"0125932c-4737-4dc1-ae72-5107e3f51232"},{"element-6066-11e4-a52e-4f735466cecf":"0102fe4b-6af8-42df-a3d9-a928b11d89cc"},{"element-6066-11e4-a52e-4f735466cecf":"0f7d9c33-fec9-4aeb-b595-f717d5013fdf"},{"element-6066-11e4-a52e-4f735466cecf":"617f8139-b4ba-4ff2-b2ed-92a23e7963bf"},{"element-6066-11e4-a52e-4f735466cecf":"94309fb8-ba1f-4813-8183-6446ab643fab"},{"element-6066-11e4-a52e-4f735466cecf":"aa57da45-95a0-4fd8-8093-666552d4aac3"},{"element-6066-11e4-a52e-4f735466cecf":"3fcf2df8-c36b-4d70-880d-8176a204d139"},{"element-6066-11e4-a52e-4f735466cecf":"b5b06435-d474-41e9-9c04-977f221d337c"},{"element-6066-11e4-a52e-4f735466cecf":"ca6d5841-98c5-4ea2-a4e4-35ca47cf252b"},{"element-6066-11e4-a52e-4f735466cecf":"5425cd64-61c3-4468-bf55-5380e3d2d6a2"},{"element-6066-11e4-a52e-4f735466cecf":"fd7efb8c-c016-4c73-91b9-f72fca15115c"},{"element-6066-11e4-a52e-4f735466cecf":"08104a20-8461-4c8e-91c0-d1ba21733796"},{"element-6066-11e4-a52e-4f735466cecf":"7faa7ba5-f0a5-498e-b795-e209ebb97b29"},{"element-6066-11e4-a52e-4f735466cecf":"1448202e-45ad-4a17-bf8c-2e503ab28937"},{"element-6066-11e4-a52e-4f735466cecf":"fe4c2b60-d27c-442a-bfcb-aeb38507c238"},{"element-6066-11e4-a52e-4f735466cecf":"0333d7ca-9f99-4243-bc77-934b4bfaaffe"},{"element-6066-11e4-a52e-4f735466cecf":"00d6e951-b3fc-4ac4-9170-5b2435bd10d3"},{"element-6066-11e4-a52e-4f735466cecf":"3743f659-7912-485a-9c2d-0014a754e6b2"},{"element-6066-11e4-a52e-4f735466cecf":"bd1b4815-389d-4330-93f9-a3d8b126614e"},{"element-6066-11e4-a52e-4f735466cecf":"46ed5c6c-5e52-41be-8386-b285e39504b9"},{"element-6066-11e4-a52e-4f735466cecf":"c8a5ce7c-1386-4dc0-8923-ca4abaedb659"},{"element-6066-11e4-a52e-4f735466cecf":"15131cb3-481a-4702-b97f-393e49b5e2e3"},{"element-6066-11e4-a52e-4f735466cecf":"db59686b-d878-4852-a8b3-3a5b21e2bbd9"},{"element-6066-11e4-a52e-4f735466cecf":"87eef488-5e7c-4c40-af30-7b8dd58f9ea5"},{"element-6066-11e4-a52e-4f735466cecf":"852abe56-72fb-4680-9609-364bb04a1748"},{"element-6066-11e4-a52e-4f735466cecf":"47a9f254-9408-45d2-bf81-f33d7bbd488e"},{"element-6066-11e4-a52e-4f735466cecf":"d6534c7e-eb9b-4cac-981f-b99fb57a7a6e"},{"element-6066-11e4-a52e-4f735466cecf":"4e8396d7-1c05-43fb-b67f-98e3bda298f2"},{"element-6066-11e4-a52e-4f735466cecf":"ac936ce1-10a4-4105-a1b0-549cde531848"},{"element-6066-11e4-a52e-4f735466cecf":"e0062fbf-7a99-4fc2-87b5-8163657558ab"},{"element-6066-11e4-a52e-4f735466cecf":"2fdef8bb-ef97-4455-8dfd-c9f64d76aa52"},{"element-6066-11e4-a52e-4f735466cecf":"18d15a91-cd70-49f0-a6ed-b886b1a58fb1"}]} | headers=HTTPHeaderDict({'Content-Length': '32243', 'Content-Type': 'application/json; charset=utf-8', 'cache-control': 'no-cache'})
DEBUG    2022-05-28 23:25:15 selenium.webdriver.remote.remote_connection::remote_connection.py:_request:412: Finished Request
DEBUG    2022-05-28 23:25:15 selenium.webdriver.remote.remote_connection::remote_connection.py:_request:361: POST http://localhost:10258/session/2f140efbfe34fd19693291710fb38043/elements {"using": "xpath", "value": "//div[@class='logo ng-hide']"}
DEBUG    2022-05-28 23:25:16 urllib3.connectionpool::connectionpool.py:_make_request:456: http://localhost:10258 "POST /session/2f140efbfe34fd19693291710fb38043/elements HTTP/1.1" 200 149005
DEBUG    2022-05-28 23:25:16 selenium.webdriver.remote.remote_connection::remote_connection.py:_request:383: Remote response: status=200 | data={"value":[{"element-6066-11e4-a52e-4f735466cecf":"4e3eee06-f395-4de5-97e8-8c8fdfc0dc9d"},{"element-6066-11e4-a52e-4f735466cecf":"82714055-a08c-4409-a6b9-a5db5344838a"},{"element-6066-11e4-a52e-4f735466cecf":"e8eb335d-8c93-4829-b4d0-14c017396e17"},{"element-6066-11e4-a52e-4f735466cecf":"4b654dfa-90dd-4356-90b9-e44960f01fae"},{"element-6066-11e4-a52e-4f735466cecf":"25ca3e5a-d06f-48e9-b29f-84ef60ce6963"},{"element-6066-11e4-a52e-4f735466cecf":"a71f0a8b-1d89-48b3-93b9-3dc8bc4b8752"},{"element-6066-11e4-a52e-4f735466cecf":"ca6e8594-3235-4310-8e77-2882681217f3"},{"element-6066-11e4-a52e-4f735466cecf":"2bb68578-88f5-4f95-990f-53bc5e25f94e"},{"element-6066-11e4-a52e-4f735466cecf":"7e92d93e-4b85-45ec-bca3-2a7ccd4fda95"},{"element-6066-11e4-a52e-4f735466cecf":"aec10fb5-bb9c-4afe-af2d-444421f4ae0c"},{"element-6066-11e4-a52e-4f735466cecf":"21861deb-aac0-4429-8140-523de811dc4b"},{"element-6066-11e4-a52e-4f735466cecf":"60bf3b59-28c1-43b2-a58f-81ebefce1741"},{"element-6066-11e4-a52e-4f735466cecf":"7b1ed63a-510d-419f-9409-92e64256220e"},{"element-6066-11e4-a52e-4f735466cecf":"9caac2af-12b2-4ef0-ab3a-6ab437ab6257"},{"element-6066-11e4-a52e-4f735466cecf":"9d1ef9f1-106c-4dcc-bdac-f2a46f0c4329"},{"element-6066-11e4-a52e-4f735466cecf":"45253b1f-0477-41b5-8299-f0e7eb806ed4"},{"element-6066-11e4-a52e-4f735466cecf":"ccb32982-33d4-4675-ac4b-2c5b4237c84b"},{"element-6066-11e4-a52e-4f735466cecf":"14bb8ca9-b22f-4c58-af96-320f6ce6c2f5"},{"element-6066-11e4-a52e-4f735466cecf":"c47bed1f-4edc-4c31-aaca-4484c4be4e87"},{"element-6066-11e4-a52e-4f735466cecf":"851538bc-20ae-450e-9c1c-a7fdcc59775e"},{"element-6066-11e4-a52e-4f735466cecf":"c5a3b7f0-15e4-4f99-a859-dc558b810fba"},{"element-6066-11e4-a52e-4f735466cecf":"2647a847-31d3-4930-8fe9-35962c599dfa"},{"element-6066-11e4-a52e-4f735466cecf":"b3d313af-5a30-4dee-bf39-de0b11721a8b"},{"element-6066-11e4-a52e-4f735466cecf":"1749e4bc-4ff3-482f-a15e-91208a9e58ee"},{"element-6066-11e4-a52e-4f735466cecf":"3223f95b-85cf-4224-945c-caa542b52123"},{"element-6066-11e4-a52e-4f735466cecf":"e2fdeff2-9325-4c44-8583-a7927f935a90"},{"element-6066-11e4-a52e-4f735466cecf":"5e232c7a-4146-4c21-97da-25eb8fe2a2bf"},{"element-6066-11e4-a52e-4f735466cecf":"411379a8-fa44-46b0-93fb-8d0d21cde0d2"},{"element-6066-11e4-a52e-4f735466cecf":"451be977-5349-4aca-aa2e-8c4e36607a64"},{"element-6066-11e4-a52e-4f735466cecf":"76673055-4bad-43f2-9567-e6378afe5911"},{"element-6066-11e4-a52e-4f735466cecf":"b28671a0-0608-4060-8397-ac90641cd60f"},{"element-6066-11e4-a52e-4f735466cecf":"f4c40dc3-832e-42bc-b650-47bd3e0cb644"},{"element-6066-11e4-a52e-4f735466cecf":"134e249f-7f56-45d7-aa2d-75508831fc93"},{"element-6066-11e4-a52e-4f735466cecf":"1fb4b40d-bd98-462e-beaf-2d0c4510f8aa"},{"element-6066-11e4-a52e-4f735466cecf":"c21c9b32-0e31-4abc-b220-c6e2ec336a55"},{"element-6066-11e4-a52e-4f735466cecf":"7a07de4c-d5cf-4580-9007-c99399a8e5b7"},{"element-6066-11e4-a52e-4f735466cecf":"dbf8edae-866a-40c2-849d-56b29d976b08"},{"element-6066-11e4-a52e-4f735466cecf":"26e8afd1-d174-4ee6-bcdc-bc99784f9492"},{"element-6066-11e4-a52e-4f735466cecf":"734a8d2f-87b2-4966-82b4-818f26dfc24f"},{"element-6066-11e4-a52e-4f735466cecf":"de7fcaf4-dba8-4dc4-bfdd-52ad9ec38a2d"},{"element-6066-11e4-a52e-4f735466cecf":"89d7436f-3424-4a5b-bf7b-005f36525067"},{"element-6066-11e4-a52e-4f735466cecf":"6c186573-cc3a-4ffe-a6d9-8fdb08aa3ceb"},{"element-6066-11e4-a52e-4f735466cecf":"56106b00-d91c-447c-886e-e813264ad2b0"},{"element-6066-11e4-a52e-4f735466cecf":"729d9e39-1cf8-4682-ba49-f65841b4c424"},{"element-6066-11e4-a52e-4f735466cecf":"a138da03-7a36-47c7-a07f-ad7e62b34cfd"},{"element-6066-11e4-a52e-4f735466cecf":"72b74943-521c-4400-8b9d-109547b2dc7f"},{"element-6066-11e4-a52e-4f735466cecf":"afd6fe2b-f3b6-4482-a727-ab5b2a0bd5ae"},{"element-6066-11e4-a52e-4f735466cecf":"ba9ad362-2ad4-4102-a235-29323f22eaf6"},{"element-6066-11e4-a52e-4f735466cecf":"1baf8230-cab2-46b5-a931-217fb5757dad"},{"element-6066-11e4-a52e-4f735466cecf":"ddca3433-9ac3-4ef7-9285-3f70817e31d2"},{"element-6066-11e4-a52e-4f735466cecf":"aa4d2a96-01e1-491b-a261-cbb8eb08047f"},{"element-6066-11e4-a52e-4f735466cecf":"5bbcf532-bd5a-4455-84d9-c706f1fc4158"},{"element-6066-11e4-a52e-4f735466cecf":"dabb01c7-fe69-401a-b2cf-ff7fb216e818"},{"element-6066-11e4-a52e-4f735466cecf":"70b7cc50-9e68-4261-b702-33531fef2d3e"},{"element-6066-11e4-a52e-4f735466cecf":"92918616-bb4a-4dd4-91e9-20b8aa6ad5a6"},{"element-6066-11e4-a52e-4f735466cecf":"f05bf5be-ca89-42c6-a84e-96e0cc4b4eab"},{"element-6066-11e4-a52e-4f735466cecf":"611c034a-aade-4f90-9855-2944268ba70e"},{"element-6066-11e4-a52e-4f735466cecf":"135c8d53-ded6-483c-a926-3be5abd32288"},{"element-6066-11e4-a52e-4f735466cecf":"b6dc976c-300f-4676-9fc3-eb5a51963e43"},{"element-6066-11e4-a52e-4f735466cecf":"0269971f-2e58-4c37-a94f-9b554405df58"},{"element-6066-11e4-a52e-4f735466cecf":"3e5a283b-41a3-421a-9dc6-ba438de92cc3"},{"element-6066-11e4-a52e-4f735466cecf":"5113701e-c212-46b9-be42-5d8e4cca855a"},{"element-6066-11e4-a52e-4f735466cecf":"40fbf7f2-d772-4d21-9126-609b06bcb4bf"},{"element-6066-11e4-a52e-4f735466cecf":"ff59ea10-6c00-4801-bffa-f8c8f7787f0d"},{"element-6066-11e4-a52e-4f735466cecf":"ef69c5ef-ba24-4c47-960b-28a623fe5d9f"},{"element-6066-11e4-a52e-4f735466cecf":"3cf5811f-bbad-49a5-b158-d33a988ff7d2"},{"element-6066-11e4-a52e-4f735466cecf":"56202bc0-72ea-44bb-bab3-a991864aa5d7"},{"element-6066-11e4-a52e-4f735466cecf":"2544a194-ee95-489c-81b9-deca6539af18"},{"element-6066-11e4-a52e-4f735466cecf":"1a17e08d-8c2d-40c2-b4a4-f823f14aae8d"},{"element-6066-11e4-a52e-4f735466cecf":"5c5ea65e-6ccb-42c1-aba0-26e971a011bd"},{"element-6066-11e4-a52e-4f735466cecf":"0e30d1d9-c901-4d9d-9969-5b8d5aed8d5e"},{"element-6066-11e4-a52e-4f735466cecf":"8b9ac259-ee1b-4330-910d-7062f7d23ea1"},{"element-6066-11e4-a52e-4f735466cecf":"45083fa2-d974-4e0b-b418-b1278c232da3"},{"element-6066-11e4-a52e-4f735466cecf":"91f94985-d86c-473e-a504-c6048d3a5f37"},{"element-6066-11e4-a52e-4f735466cecf":"9fdc833a-2e0c-42a8-9cfe-6dde87ad44e5"},{"element-6066-11e4-a52e-4f735466cecf":"35486296-59cb-4658-ba83-3e1aec677fff"},{"element-6066-11e4-a52e-4f735466cecf":"d5c48765-ba17-4978-86c8-c7ecc9b6ef42"},{"element-6066-11e4-a52e-4f735466cecf":"89803c80-1fc1-47d0-a71f-7fcc7fcc7a29"},{"element-6066-11e4-a52e-4f735466cecf":"633ce7c4-1e97-42a7-a446-63b0079cd28a"},{"element-6066-11e4-a52e-4f735466cecf":"46ab3956-605d-495d-a478-ca56e9206247"},{"element-6066-11e4-a52e-4f735466cecf":"27dce62f-4e14-419f-8172-7efc1c31c400"},{"element-6066-11e4-a52e-4f735466cecf":"cbe2d082-1056-44a9-b759-1b972be21d0a"},{"element-6066-11e4-a52e-4f735466cecf":"78591476-75d8-450c-bc3d-0a385c6136c0"},{"element-6066-11e4-a52e-4f735466cecf":"031a5192-4122-481c-9d15-6de9a549e842"},{"element-6066-11e4-a52e-4f735466cecf":"2366fcbf-c52a-4df6-9cd3-5fed30c59fed"},{"element-6066-11e4-a52e-4f735466cecf":"d68d72a3-27b7-4c72-931e-3449db97dc07"},{"element-6066-11e4-a52e-4f735466cecf":"e5e0c79a-c20c-4537-8633-e80e4a1fde73"},{"element-6066-11e4-a52e-4f735466cecf":"5c8fccc6-8bae-4906-bf3a-be5d15104496"},{"element-6066-11e4-a52e-4f735466cecf":"7b6b686f-1ca3-48bb-a9a0-e6eaaa693f8f"},{"element-6066-11e4-a52e-4f735466cecf":"0ff3a6c1-ea38-4252-9812-7b30b2dd6de9"},{"element-6066-11e4-a52e-4f735466cecf":"e0eea19c-5bed-4753-95d1-e3bedc3e9d33"},{"element-6066-11e4-a52e-4f735466cecf":"eaa3f672-694f-4f2b-a2b0-2843a07b86de"},{"element-6066-11e4-a52e-4f735466cecf":"d9b1d159-2583-4906-acc2-74c943e8bd00"},{"element-6066-11e4-a52e-4f735466cecf":"53b4683b-12c2-49cd-8bd2-51b323b63ff7"},{"element-6066-11e4-a52e-4f735466cecf":"915f63c5-3eaf-4023-80b5-37156a8e8d9d"},{"element-6066-11e4-a52e-4f735466cecf":"dc5f1f1c-e6c0-45e1-bc82-7ed853a34839"},{"element-6066-11e4-a52e-4f735466cecf":"ab84e57b-6f95-4eaa-8f30-3353ef95ece9"},{"element-6066-11e4-a52e-4f735466cecf":"1f7b0535-cd01-480d-9682-56e51b66a04f"},{"element-6066-11e4-a52e-4f735466cecf":"3f107bc6-9e71-4865-8c50-6cacb0d32ebe"},{"element-6066-11e4-a52e-4f735466cecf":"a1eb1810-350e-418a-ae0f-75a9752a3e38"},{"element-6066-11e4-a52e-4f735466cecf":"feb6c189-b162-4298-ab61-4584e738de80"},{"element-6066-11e4-a52e-4f735466cecf":"8e66e000-9a2f-48c0-87a6-fcc7dc0ffb8d"},{"element-6066-11e4-a52e-4f735466cecf":"b1e6b5b1-f2ed-4623-9a66-ec0585555dbf"},{"element-6066-11e4-a52e-4f735466cecf":"37b46c92-6008-4cbd-8b83-71d0e80b5942"},{"element-6066-11e4-a52e-4f735466cecf":"9e77fc2a-096b-4133-b41e-060284d64642"},{"element-6066-11e4-a52e-4f735466cecf":"a51d9992-5e69-4de3-af87-e57e9f937192"},{"element-6066-11e4-a52e-4f735466cecf":"259a4538-e5b0-4f66-bf0c-73d1cc9baa81"},{"element-6066-11e4-a52e-4f735466cecf":"71882458-0b3d-4851-902e-64da519957f3"},{"element-6066-11e4-a52e-4f735466cecf":"9d8cb9fe-6306-4dc5-866d-0d8de7b7b614"},{"element-6066-11e4-a52e-4f735466cecf":"a6130862-1b0b-42bd-97cf-b69744f39829"},{"element-6066-11e4-a52e-4f735466cecf":"ac6ca478-2e45-42ef-ac17-224e110d078c"},{"element-6066-11e4-a52e-4f735466cecf":"bbd42c7d-6ff4-4f31-b5ca-9d0e6e0648fa"},{"element-6066-11e4-a52e-4f735466cecf":"a9735028-5a57-4907-9f4f-cdcf1c943c5f"},{"element-6066-11e4-a52e-4f735466cecf":"fc55d474-43a9-4d50-b0ff-907ac8f99b4d"},{"element-6066-11e4-a52e-4f735466cecf":"fd4c3e4b-a99e-4177-a5c5-73fc992e29c9"},{"element-6066-11e4-a52e-4f735466cecf":"f7325106-a642-4e25-ba90-d7843f517258"},{"element-6066-11e4-a52e-4f735466cecf":"d5510f1e-b6ed-4cdf-9deb-8266eb15cea4"},{"element-6066-11e4-a52e-4f735466cecf":"3db7ed7a-4b37-442d-86cd-452142420029"},{"element-6066-11e4-a52e-4f735466cecf":"80472ba5-f080-4b07-9ce6-5215a5d092c0"},{"element-6066-11e4-a52e-4f735466cecf":"9f1b87ba-09d3-4ed7-8234-3a8c743ca897"},{"element-6066-11e4-a52e-4f735466cecf":"e76a9c6f-4b2a-46f9-b860-607cde2b73ac"},{"element-6066-11e4-a52e-4f735466cecf":"82203bbf-8442-49eb-8b77-2d5c9d7959df"},{"element-6066-11e4-a52e-4f735466cecf":"de0aeee6-b873-49c0-abd2-30e89166027f"},{"element-6066-11e4-a52e-4f735466cecf":"b9aa86c5-de99-4a07-a36a-ae3417ffb8eb"},{"element-6066-11e4-a52e-4f735466cecf":"42bb2a7c-284b-4452-8068-0aec10d11fd4"},{"element-6066-11e4-a52e-4f735466cecf":"af20e298-9814-48ad-aed2-586c45f75eef"},{"element-6066-11e4-a52e-4f735466cecf":"2c3b85c6-4255-4d20-b8aa-ee5c3caabb0b"},{"element-6066-11e4-a52e-4f735466cecf":"977fe94f-267b-4aca-b40e-032bdd5fa58a"},{"element-6066-11e4-a52e-4f735466cecf":"6642a872-26c8-441b-bf86-7ce884051fa2"},{"element-6066-11e4-a52e-4f735466cecf":"d54a3246-a65a-427e-a26c-7df75dd61f7d"},{"element-6066-11e4-a52e-4f735466cecf":"a77af1b7-4939-4f5f-b4b9-4a62b9aaaf21"},{"element-6066-11e4-a52e-4f735466cecf":"66bd5174-023b-4305-9179-f03174cd6f5f"},{"element-6066-11e4-a52e-4f735466cecf":"c04f47c0-5ce1-48a4-972a-0643315943be"},{"element-6066-11e4-a52e-4f735466cecf":"200aac9c-6e70-4329-83e6-696f2a6afdcf"},{"element-6066-11e4-a52e-4f735466cecf":"8adbea81-cbf1-4f4e-9800-8bebe5c3a1ec"},{"element-6066-11e4-a52e-4f735466cecf":"1a29f5f0-2b03-4f58-95a3-908f9d85cc94"},{"element-6066-11e4-a52e-4f735466cecf":"84a11fc5-d610-4eca-b058-e078aae74814"},{"element-6066-11e4-a52e-4f735466cecf":"827f969f-cddf-4186-8669-fa9b47bda8ac"},{"element-6066-11e4-a52e-4f735466cecf":"b32d5ba9-6490-4250-a668-64b0eb72b47b"},{"element-6066-11e4-a52e-4f735466cecf":"4b9e9bde-8c6b-4c3f-8d38-7aa656d71bce"},{"element-6066-11e4-a52e-4f735466cecf":"4bdfcca5-83de-4cc8-93b4-c443456d2d04"},{"element-6066-11e4-a52e-4f735466cecf":"98c67aef-e4eb-4a7a-807a-ce1c730c63ba"},{"element-6066-11e4-a52e-4f735466cecf":"b8e91603-aa23-414d-b60c-09acae37f5ba"},{"element-6066-11e4-a52e-4f735466cecf":"b0c9e81c-eccc-49fb-951d-3c9fb53304ff"},{"element-6066-11e4-a52e-4f735466cecf":"6d7b0d92-5328-4711-b38c-c893b61a3fc0"},{"element-6066-11e4-a52e-4f735466cecf":"83803d49-e45b-4e79-b144-ac65533944bc"},{"element-6066-11e4-a52e-4f735466cecf":"d2609741-5f76-4163-bcd2-8137a6de0cf8"},{"element-6066-11e4-a52e-4f735466cecf":"02dcb778-1f7e-4eb3-bb2f-edb5e99d61b8"},{"element-6066-11e4-a52e-4f735466cecf":"6556cf3d-876e-494d-9800-1091f2718e38"},{"element-6066-11e4-a52e-4f735466cecf":"a676b67e-d67e-43cf-b009-edf1f7a5bccb"},{"element-6066-11e4-a52e-4f735466cecf":"850851e0-e63c-41c3-a422-759ba3219e4b"},{"element-6066-11e4-a52e-4f735466cecf":"7f92b40f-50f5-4b5f-ad94-fc60977cd3f8"},{"element-6066-11e4-a52e-4f735466cecf":"619f3743-0f05-41cb-a22d-1d37b4178eaf"},{"element-6066-11e4-a52e-4f735466cecf":"4dc185f8-f0d4-4e27-9814-4b77964f4411"},{"element-6066-11e4-a52e-4f735466cecf":"3e6ed1ba-d73e-4ca1-9a3c-333ebb73d24b"},{"element-6066-11e4-a52e-4f735466cecf":"e32f884b-0688-49e0-838d-516cbd269d73"},{"element-6066-11e4-a52e-4f735466cecf":"10f7ee59-ba3d-49eb-901c-fb64655124cc"},{"element-6066-11e4-a52e-4f735466cecf":"09832ebf-3ac0-42b3-b40e-60e25cf6c00c"},{"element-6066-11e4-a52e-4f735466cecf":"d732fa76-a5b3-47a4-a085-afcd10fe6605"},{"element-6066-11e4-a52e-4f735466cecf":"de7c6096-bab4-4dd9-97ca-369f2eaff919"},{"element-6066-11e4-a52e-4f735466cecf":"d84dd956-b0d9-4e48-862a-ecc78fef3324"},{"element-6066-11e4-a52e-4f735466cecf":"c67dd785-089f-4a6d-bd60-0364013f09c4"},{"element-6066-11e4-a52e-4f735466cecf":"af40c709-9556-4a24-ac3a-6112d5210ed8"},{"element-6066-11e4-a52e-4f735466cecf":"ac4f02f1-605c-4905-aebe-8e5f34df9dc6"},{"element-6066-11e4-a52e-4f735466cecf":"d236d5b2-cd73-4035-885d-901a92f5cfb5"},{"element-6066-11e4-a52e-4f735466cecf":"6bcbb6af-b7d7-400a-818e-5145c163877a"},{"element-6066-11e4-a52e-4f735466cecf":"9fc7b7fb-c42c-4368-b8a7-94f9a5da78be"},{"element-6066-11e4-a52e-4f735466cecf":"4f6205ab-cfca-4de5-af13-64adc58b53b7"},{"element-6066-11e4-a52e-4f735466cecf":"c85f85fe-10b2-48d5-802e-6c658d1de97c"},{"element-6066-11e4-a52e-4f735466cecf":"7b45c690-bc8b-4b31-8e91-0ba427d2a38f"},{"element-6066-11e4-a52e-4f735466cecf":"aaaeee17-0c64-4e5b-85be-1856a60c9ce0"},{"element-6066-11e4-a52e-4f735466cecf":"e9b17318-0399-4076-8daf-d383a6d5a616"},{"element-6066-11e4-a52e-4f735466cecf":"5764f1d6-fcc1-4198-bf92-f11d7aa5b489"},{"element-6066-11e4-a52e-4f735466cecf":"1ef75fc4-332f-4208-9869-23c46294e57e"},{"element-6066-11e4-a52e-4f735466cecf":"93a07244-db57-4a19-a36f-427a110c7de6"},{"element-6066-11e4-a52e-4f735466cecf":"46a4374b-dcdb-4381-96bc-ea0b37bdfccb"},{"element-6066-11e4-a52e-4f735466cecf":"98fa404e-67a1-4d20-ba12-3f96a899609f"},{"element-6066-11e4-a52e-4f735466cecf":"7b6f69c9-16a1-4a11-9e82-4f1c6bbf20b8"},{"element-6066-11e4-a52e-4f735466cecf":"c5a25d64-fad4-440f-8970-dab14ea3e123"},{"element-6066-11e4-a52e-4f735466cecf":"923894ed-a738-4695-a4ed-946a836e90c7"},{"element-6066-11e4-a52e-4f735466cecf":"b30eea34-fb52-474e-868f-4407e22b31c1"},{"element-6066-11e4-a52e-4f735466cecf":"b8ffd840-1b48-48a9-9e8e-f3141594a029"},{"element-6066-11e4-a52e-4f735466cecf":"44eda84e-6e88-4f15-8f9f-7292f475e0f9"},{"element-6066-11e4-a52e-4f735466cecf":"1349b008-3612-45e7-a4bd-00206b4f182f"},{"element-6066-11e4-a52e-4f735466cecf":"ac435d0f-4115-4b8a-8553-c579a6c0e252"},{"element-6066-11e4-a52e-4f735466cecf":"b665b591-0355-4889-ab9d-3c3a70fa806e"},{"element-6066-11e4-a52e-4f735466cecf":"61602fe7-a021-4262-9afa-3b2ef0245592"},{"element-6066-11e4-a52e-4f735466cecf":"1bcf84db-faf6-4e93-b12f-bac59d0aa6c6"},{"element-6066-11e4-a52e-4f735466cecf":"c56ab619-d540-4c10-8458-31a944a7faa1"},{"element-6066-11e4-a52e-4f735466cecf":"0c99f136-417a-451b-b791-cc5ae2dd732c"},{"element-6066-11e4-a52e-4f735466cecf":"f8efefb6-49cb-4dad-947b-06cdb0f0995c"},{"element-6066-11e4-a52e-4f735466cecf":"7d0950a3-ac42-4cba-b989-e55070053d7e"},{"element-6066-11e4-a52e-4f735466cecf":"10d7b928-33fa-48cc-b40d-dcdeabb19594"},{"element-6066-11e4-a52e-4f735466cecf":"49489d51-412a-4c08-aea4-9bcf162369bc"},{"element-6066-11e4-a52e-4f735466cecf":"e02232c9-0d82-4c25-94b2-96b1c9e57bed"},{"element-6066-11e4-a52e-4f735466cecf":"94ed5709-552d-4460-b152-3401d49c6ea8"},{"element-6066-11e4-a52e-4f735466cecf":"a693e1b2-567d-41ed-9b80-52d544af37a7"},{"element-6066-11e4-a52e-4f735466cecf":"34078a6d-d050-47b9-88b5-fd6c64db2672"},{"element-6066-11e4-a52e-4f735466cecf":"04590a03-8c98-4733-9037-95de90eaafb5"},{"element-6066-11e4-a52e-4f735466cecf":"77272c44-e702-4450-9529-34ec3ddf3bfa"},{"element-6066-11e4-a52e-4f735466cecf":"0da3b447-5d46-4770-afb1-93574bc3c6f0"},{"element-6066-11e4-a52e-4f735466cecf":"e65bdf19-3abb-4b79-92e3-c6657bce662f"},{"element-6066-11e4-a52e-4f735466cecf":"71f82e2d-8e2a-415c-9713-71fcdfe1abfb"},{"element-6066-11e4-a52e-4f735466cecf":"5008cd8e-7370-43f8-89ae-b299c9d75580"},{"element-6066-11e4-a52e-4f735466cecf":"4ff8041f-29e7-4c5d-965f-4585206d51b5"},{"element-6066-11e4-a52e-4f735466cecf":"f5cf98b1-d521-48d2-9013-c19eabd1e7c8"},{"element-6066-11e4-a52e-4f735466cecf":"8844f326-5bd1-47a7-b501-77de5c192e4f"},{"element-6066-11e4-a52e-4f735466cecf":"7800b090-057d-495a-a84f-06f17d8a22bb"},{"element-6066-11e4-a52e-4f735466cecf":"a9ef4003-cfe1-4693-bf2d-556710a6fc97"},{"element-6066-11e4-a52e-4f735466cecf":"4d354704-ed1b-404d-bdd6-304b109d25a3"},{"element-6066-11e4-a52e-4f735466cecf":"d68cba3c-7bce-4d7f-822e-0e893444b97a"},{"element-6066-11e4-a52e-4f735466cecf":"e489ea1f-2383-498d-ae50-8ce848a7b0ea"},{"element-6066-11e4-a52e-4f735466cecf":"069e5f16-a748-42c2-bfdb-eb11fc6c27ee"},{"element-6066-11e4-a52e-4f735466cecf":"5245ba68-cb13-461b-8700-bd9be9a09f72"},{"element-6066-11e4-a52e-4f735466cecf":"538af3ae-b139-43a9-b2af-3678aa7af4ba"},{"element-6066-11e4-a52e-4f735466cecf":"f2ada77b-ada9-4bb6-8b75-43b5f531cc42"},{"element-6066-11e4-a52e-4f735466cecf":"fd2113b5-82dd-4551-b920-4a9974ac596a"},{"element-6066-11e4-a52e-4f735466cecf":"e9b6344e-3b32-4f73-81fa-bf32cec2887d"},{"element-6066-11e4-a52e-4f735466cecf":"4bbc12de-3c6c-456e-8490-47ca220df6cb"},{"element-6066-11e4-a52e-4f735466cecf":"c84c8a95-febf-422e-8e03-c7cf2a014bf9"},{"element-6066-11e4-a52e-4f735466cecf":"3eb3d0f9-c995-41bb-9830-576edda095f0"},{"element-6066-11e4-a52e-4f735466cecf":"2d06b03e-42e9-43e2-8dfa-b338bb1619e9"},{"element-6066-11e4-a52e-4f735466cecf":"53308ac2-d0ec-4cfc-9540-2eab0d77bddc"},{"element-6066-11e4-a52e-4f735466cecf":"ecbde7e1-8118-48d9-aa5b-cdfc7c7673da"},{"element-6066-11e4-a52e-4f735466cecf":"6e3f320b-d609-4c78-b0bf-e0d0d96fa8fa"},{"element-6066-11e4-a52e-4f735466cecf":"a2c620d2-9908-4134-8aa1-d10ffe89fc52"},{"element-6066-11e4-a52e-4f735466cecf":"fe508123-009b-4575-b7fc-0b6b56f80d95"},{"element-6066-11e4-a52e-4f735466cecf":"374fd5ec-98b6-4058-ab84-8b543f2b5d1f"},{"element-6066-11e4-a52e-4f735466cecf":"b1784353-ebf5-4052-bd26-0f5ba25fdc8c"},{"element-6066-11e4-a52e-4f735466cecf":"52e93a42-4158-413c-bc55-0f7b051cfb13"},{"element-6066-11e4-a52e-4f735466cecf":"c85dfca4-049e-4265-8a36-630b04a79903"},{"element-6066-11e4-a52e-4f735466cecf":"06336b6d-5063-40a6-af23-42cbe0a3e2c5"},{"element-6066-11e4-a52e-4f735466cecf":"678f5c9a-58fb-4a9a-9670-00ac3204d0ef"},{"element-6066-11e4-a52e-4f735466cecf":"85cb2502-2c72-4e0f-8f46-677e84bd5b12"},{"element-6066-11e4-a52e-4f735466cecf":"7bf13268-d4c7-4b88-9ca3-d8204da8feef"},{"element-6066-11e4-a52e-4f735466cecf":"86714e3c-6834-420c-b0ac-1991fae96fb0"},{"element-6066-11e4-a52e-4f735466cecf":"0696cd9b-8fe1-4ca7-a9fb-5370f2595aec"},{"element-6066-11e4-a52e-4f735466cecf":"22569e7a-69dd-4c5e-a44d-0dfc56c63998"},{"element-6066-11e4-a52e-4f735466cecf":"8313a16b-0b92-45cc-afd0-20cc95560f0a"},{"element-6066-11e4-a52e-4f735466cecf":"4db9ef53-c7f7-473b-93b9-7db0064d14c0"},{"element-6066-11e4-a52e-4f735466cecf":"a00a6db9-333c-4eb9-b366-b5db3b4efacf"},{"element-6066-11e4-a52e-4f735466cecf":"986d34e4-877d-432e-bd86-d769178bd065"},{"element-6066-11e4-a52e-4f735466cecf":"277cb865-d6af-493e-b39b-c67c173dd447"},{"element-6066-11e4-a52e-4f735466cecf":"fc79deaa-e6a7-4aaf-a1d8-7289cca9b736"},{"element-6066-11e4-a52e-4f735466cecf":"70ae4efa-854f-421c-94a4-69f12b66cba1"},{"element-6066-11e4-a52e-4f735466cecf":"991ef4f7-47d2-4e93-8ff3-cc490b0a58f9"},{"element-6066-11e4-a52e-4f735466cecf":"1df9950c-c342-434b-8757-a6ef9ae1669f"},{"element-6066-11e4-a52e-4f735466cecf":"be0977b7-4b3c-4fb0-8894-7f2d4df70a8e"},{"element-6066-11e4-a52e-4f735466cecf":"afd9fb04-825f-4ffe-a704-85cd3029df72"},{"element-6066-11e4-a52e-4f735466cecf":"13d6340e-13cd-4db0-a9cc-e198d5a30b0b"},{"element-6066-11e4-a52e-4f735466cecf":"5dba7ae8-fce3-45c8-a448-19e15c1b970b"},{"element-6066-11e4-a52e-4f735466cecf":"205cfc85-f63c-49e6-bf68-6ee0920cc71f"},{"element-6066-11e4-a52e-4f735466cecf":"96a68b6e-a639-4e28-bc81-cf919aafcef8"},{"element-6066-11e4-a52e-4f735466cecf":"467f369f-db73-4c9c-8593-1b50720e62eb"},{"element-6066-11e4-a52e-4f735466cecf":"fc31444d-cb64-463a-8fa2-4c9d86fee108"},{"element-6066-11e4-a52e-4f735466cecf":"89ec7e5a-97bc-4fa9-a147-7e5d181ace97"},{"element-6066-11e4-a52e-4f735466cecf":"4feb1040-b99c-473f-89be-616bbd755a8a"},{"element-6066-11e4-a52e-4f735466cecf":"4cba5c4a-1299-41ee-ae74-113b0d5048dc"},{"element-6066-11e4-a52e-4f735466cecf":"83824959-443f-4986-89f7-3a85d89eb411"},{"element-6066-11e4-a52e-4f735466cecf":"ca453671-0daa-409b-9685-fcad5b3233cb"},{"element-6066-11e4-a52e-4f735466cecf":"772bf08b-4c87-41f1-80c4-21aa2d7467aa"},{"element-6066-11e4-a52e-4f735466cecf":"8d41f647-a13c-4f9f-92c0-c806cf279191"},{"element-6066-11e4-a52e-4f735466cecf":"8ba010ba-f8f7-469e-9fbc-1b7d44d55d40"},{"element-6066-11e4-a52e-4f735466cecf":"c7c37396-f3c7-4336-acad-3dc1b964f91e"},{"element-6066-11e4-a52e-4f735466cecf":"f18f42d8-2907-4e12-bbed-a1bf7e9e4e26"},{"element-6066-11e4-a52e-4f735466cecf":"12bf0b09-6c6a-444d-8a56-0619996227cf"},{"element-6066-11e4-a52e-4f735466cecf":"c38f4835-041b-4e4f-922d-9c20489762b8"},{"element-6066-11e4-a52e-4f735466cecf":"0853e5cd-516d-4470-86b1-df1a662b291c"},{"element-6066-11e4-a52e-4f735466cecf":"79407b74-0bb0-42bd-a3f9-9c094c323b48"},{"element-6066-11e4-a52e-4f735466cecf":"a0e28e86-7276-4d5d-b6a2-886641ee82ee"},{"element-6066-11e4-a52e-4f735466cecf":"0834b613-7e7a-403d-ab60-7946aa10efec"},{"element-6066-11e4-a52e-4f735466cecf":"752fcc0d-af5f-4d20-97ba-7051f66ed3eb"},{"element-6066-11e4-a52e-4f735466cecf":"bb27c13c-3e4f-4af1-a614-cc1b01f43337"},{"element-6066-11e4-a52e-4f735466cecf":"8e23f40a-1ff5-47a2-83b3-24da9b262de2"},{"element-6066-11e4-a52e-4f735466cecf":"993941ed-bb0d-4ddd-9bd8-89887d7fdd2a"},{"element-6066-11e4-a52e-4f735466cecf":"93651cab-0171-4908-9490-720c7a6d101d"},{"element-6066-11e4-a52e-4f735466cecf":"86616707-0d04-4862-b1f8-5d0b6f18c42c"},{"element-6066-11e4-a52e-4f735466cecf":"9316cf52-e247-49be-8523-1a73c43aca47"},{"element-6066-11e4-a52e-4f735466cecf":"9f4c379c-3325-470d-b372-45d457b38975"},{"element-6066-11e4-a52e-4f735466cecf":"9cb7c8e0-ad3f-49b8-bb98-8ce9ab5f5bab"},{"element-6066-11e4-a52e-4f735466cecf":"ea5ac811-7a92-492f-8050-e8c39b34df82"},{"element-6066-11e4-a52e-4f735466cecf":"5f204890-f2c5-4305-a915-9e0d7d2746f0"},{"element-6066-11e4-a52e-4f735466cecf":"02f5626d-bb71-4b7f-ad77-c835285ccd84"},{"element-6066-11e4-a52e-4f735466cecf":"8720e71b-101a-46e0-9e0d-af8b6a085bfb"},{"element-6066-11e4-a52e-4f735466cecf":"2d598b87-7d4e-4ef5-8e19-be28c00308e1"},{"element-6066-11e4-a52e-4f735466cecf":"3749deed-18aa-4f23-9531-a6139b898796"},{"element-6066-11e4-a52e-4f735466cecf":"971c2128-4b94-4929-b6e4-c7ac31514c4f"},{"element-6066-11e4-a52e-4f735466cecf":"4e454bf2-4e78-4c9b-8e30-609293cfc821"},{"element-6066-11e4-a52e-4f735466cecf":"bd476a4c-36c9-4966-9d23-1af6df236221"},{"element-6066-11e4-a52e-4f735466cecf":"ec4f5e1e-ac80-48a8-96ee-9a0fad52b643"},{"element-6066-11e4-a52e-4f735466cecf":"fd89e481-2ad1-4a76-b83d-dfb5be426b90"},{"element-6066-11e4-a52e-4f735466cecf":"2139f58d-8f03-49af-818c-d7a3e1a88043"},{"element-6066-11e4-a52e-4f735466cecf":"6cd96279-0d84-405b-ae99-173c7ac23884"},{"element-6066-11e4-a52e-4f735466cecf":"5eba406a-c8de-4265-8aaf-c46895c4b1d0"},{"element-6066-11e4-a52e-4f735466cecf":"3d97d842-7f8e-47e0-92f1-b010276dda08"},{"element-6066-11e4-a52e-4f735466cecf":"2d752ffc-41ca-4ecf-ac98-b80b2d8d7d3a"},{"element-6066-11e4-a52e-4f735466cecf":"3bdc5631-e4c7-4a86-8f36-7f9ebc9dd602"},{"element-6066-11e4-a52e-4f735466cecf":"ee4c52c3-5ed7-4da9-8a6c-fba4471fada4"},{"element-6066-11e4-a52e-4f735466cecf":"1ea6e613-b89b-4efa-b508-b2e7f6123b73"},{"element-6066-11e4-a52e-4f735466cecf":"5861ac79-148e-442e-a84e-fa6a349da873"},{"element-6066-11e4-a52e-4f735466cecf":"1afe9f19-311c-434f-9969-6b3d9e13fe13"},{"element-6066-11e4-a52e-4f735466cecf":"a69000e2-d663-4791-9127-8ad19bd31f71"},{"element-6066-11e4-a52e-4f735466cecf":"b06c1de0-e162-4dd8-9d5d-6802cbd9e96b"},{"element-6066-11e4-a52e-4f735466cecf":"c9a96851-453e-4093-b53f-2ee7b3a0033d"},{"element-6066-11e4-a52e-4f735466cecf":"99697845-36d3-47c3-94fa-c4a7a319173f"},{"element-6066-11e4-a52e-4f735466cecf":"7bde7d17-f7fa-4b81-a15a-75bce215dc8f"},{"element-6066-11e4-a52e-4f735466cecf":"174dcc16-8419-43bc-bd6e-376e1c3468e8"},{"element-6066-11e4-a52e-4f735466cecf":"7e83b6d3-af80-425c-8b55-3863e2b7cf99"},{"element-6066-11e4-a52e-4f735466cecf":"211ae559-fa64-41a4-8b8b-0de1cee558e9"},{"element-6066-11e4-a52e-4f735466cecf":"5b80de4f-b324-44d9-bae0-7e48e3c34bc7"},{"element-6066-11e4-a52e-4f735466cecf":"e5f33753-1ad5-4da0-b5dd-a2ceb7a7b88e"},{"element-6066-11e4-a52e-4f735466cecf":"0c996ed7-545b-4915-bf74-65f8bc7571d1"},{"element-6066-11e4-a52e-4f735466cecf":"d6b9347d-501e-469b-85d4-fa2e1741532f"},{"element-6066-11e4-a52e-4f735466cecf":"d0c72404-635d-4c51-9bf4-6817de9e6336"},{"element-6066-11e4-a52e-4f735466cecf":"e812af66-24df-46ce-ac4d-9f671184c36f"},{"element-6066-11e4-a52e-4f735466cecf":"6652468d-65d4-44b0-affc-2e9d38d5fe58"},{"element-6066-11e4-a52e-4f735466cecf":"08e18550-6068-46c9-983b-902f6f5ec80a"},{"element-6066-11e4-a52e-4f735466cecf":"826639f1-8f3c-496f-bd0c-57c866a3255d"},{"element-6066-11e4-a52e-4f735466cecf":"f72bf2a7-84f9-4629-b46f-29f535414291"},{"element-6066-11e4-a52e-4f735466cecf":"e676b0aa-1346-4e07-8acf-03fd5096985c"},{"element-6066-11e4-a52e-4f735466cecf":"d11350a1-82ea-4fb2-8fc9-966b6ab66e57"},{"element-6066-11e4-a52e-4f735466cecf":"023f9375-13a1-4938-8438-e4efa5cb1d05"},{"element-6066-11e4-a52e-4f735466cecf":"99559f46-51c8-45b6-aab5-05d231ed2013"},{"element-6066-11e4-a52e-4f735466cecf":"f97910b6-948e-4b4b-902f-fc895c06c18a"},{"element-6066-11e4-a52e-4f735466cecf":"f45af1ca-9b2e-46cb-81b8-e3eb620bbdc9"},{"element-6066-11e4-a52e-4f735466cecf":"8e4bd056-054f-4677-be43-8d7e76f02bf5"},{"element-6066-11e4-a52e-4f735466cecf":"2d452da9-5a9d-46e2-bb71-dd8e9590cede"},{"element-6066-11e4-a52e-4f735466cecf":"995cbd10-020d-46d0-aa46-e24c26a21573"},{"element-6066-11e4-a52e-4f735466cecf":"7907e887-fe90-4cdc-bdca-02170cb4ca55"},{"element-6066-11e4-a52e-4f735466cecf":"bd456a31-0859-4a59-b185-62b5203e53a5"},{"element-6066-11e4-a52e-4f735466cecf":"ea07ba23-da3a-4a5b-b0ce-b625b84e367e"},{"element-6066-11e4-a52e-4f735466cecf":"e397ec87-ef00-41c1-baff-e20ccf2b5a7d"},{"element-6066-11e4-a52e-4f735466cecf":"40ff479b-e2a2-4eb3-b01e-cac75368595f"},{"element-6066-11e4-a52e-4f735466cecf":"08fc671e-dbde-4b71-8134-eb23c6de4300"},{"element-6066-11e4-a52e-4f735466cecf":"a1f4344c-e95b-4a63-a36b-f1a5376cdbd5"},{"element-6066-11e4-a52e-4f735466cecf":"904d3918-fc0a-44a0-bc1f-11710a8cae34"},{"element-6066-11e4-a52e-4f735466cecf":"40bb904a-8bf7-43e0-89e3-ab74392f0bea"},{"element-6066-11e4-a52e-4f735466cecf":"fc2005c3-cb30-4911-bc35-f59a00bf57bf"},{"element-6066-11e4-a52e-4f735466cecf":"bc6cc9b7-39ab-49f2-9018-8c8561d289c6"},{"element-6066-11e4-a52e-4f735466cecf":"d6a3cc88-86cf-4507-8fb1-9d6e757356ce"},{"element-6066-11e4-a52e-4f735466cecf":"c06e301f-2ebe-4086-a956-9bb452aae5e6"},{"element-6066-11e4-a52e-4f735466cecf":"10cc19f2-2a4b-4f65-b80d-b822693461de"},{"element-6066-11e4-a52e-4f735466cecf":"be362ec4-1cc4-494f-8a9a-4b97371e1e7b"},{"element-6066-11e4-a52e-4f735466cecf":"9a77c45f-259e-43d4-b2f7-0c8d2601fb0c"},{"element-6066-11e4-a52e-4f735466cecf":"db622a54-dcb7-4f9d-a1d1-2ad87a9a776e"},{"element-6066-11e4-a52e-4f735466cecf":"d6632ec5-63ae-4a99-add2-963331c01b7b"},{"element-6066-11e4-a52e-4f735466cecf":"13659d4f-97e8-415b-9d1d-739f91d54949"},{"element-6066-11e4-a52e-4f735466cecf":"84207abe-23bc-478f-818d-2e615861450e"},{"element-6066-11e4-a52e-4f735466cecf":"836f8a7f-3fb0-4238-8ebc-9bb717ac73f0"},{"element-6066-11e4-a52e-4f735466cecf":"cea5abcb-fd36-4be9-8e60-7d7987d4c6a8"},{"element-6066-11e4-a52e-4f735466cecf":"c3604de6-c287-4cc0-935c-63708d1eadc5"},{"element-6066-11e4-a52e-4f735466cecf":"6d0f6e42-a0f0-448e-9e07-66fdcb042264"},{"element-6066-11e4-a52e-4f735466cecf":"42d0c3bf-6794-43f3-b39e-70e54799575d"},{"element-6066-11e4-a52e-4f735466cecf":"edf7b2d6-a06a-46bf-b18d-b70b086e9cea"},{"element-6066-11e4-a52e-4f735466cecf":"706cf57d-59a0-4a01-877f-5faf7153636f"},{"element-6066-11e4-a52e-4f735466cecf":"78f5733b-68d5-4c96-a398-33384d53ec18"},{"element-6066-11e4-a52e-4f735466cecf":"a4e88d57-a218-428a-8454-3517dda36058"},{"element-6066-11e4-a52e-4f735466cecf":"708529e1-ee3e-4619-aafa-5beaf7ae24c1"},{"element-6066-11e4-a52e-4f735466cecf":"6728f79e-a764-4640-b81e-c6862e5eb885"},{"element-6066-11e4-a52e-4f735466cecf":"99d89b95-81d0-4b90-972c-5d20f0505517"},{"element-6066-11e4-a52e-4f735466cecf":"7c8461ad-2254-4c00-bfd2-17caf86adb08"},{"element-6066-11e4-a52e-4f735466cecf":"06625341-eb56-4673-ae83-42038708b244"},{"element-6066-11e4-a52e-4f735466cecf":"4ef5b73e-372f-4da5-a62d-6efaa93f3ef3"},{"element-6066-11e4-a52e-4f735466cecf":"d8dbfc1e-baed-48ca-b57d-de540e1b6211"},{"element-6066-11e4-a52e-4f735466cecf":"27726318-cbaa-4516-99d8-706194a8b961"},{"element-6066-11e4-a52e-4f735466cecf":"c6eb4538-2c9f-4cb4-bfdc-66e29993258c"},{"element-6066-11e4-a52e-4f735466cecf":"0c632f1c-ee5f-4b0c-a1cd-0df8c751a83b"},{"element-6066-11e4-a52e-4f735466cecf":"d2a59382-c2b9-494e-bb2e-192b9d9c6051"},{"element-6066-11e4-a52e-4f735466cecf":"d85f76e7-d9b4-48c4-a28b-6c2a8bf0d73c"},{"element-6066-11e4-a52e-4f735466cecf":"49633262-7363-498b-8bdf-1815faf35333"},{"element-6066-11e4-a52e-4f735466cecf":"530690b0-4942-4c3b-89f1-8e9e7927301d"},{"element-6066-11e4-a52e-4f735466cecf":"95fcd4f2-a2c0-4652-88f8-6b8436951a78"},{"element-6066-11e4-a52e-4f735466cecf":"4ec8b93a-874c-41f4-8b7c-046b257b3874"},{"element-6066-11e4-a52e-4f735466cecf":"c72ebfd0-e1e2-4636-8df1-355fda694d20"},{"element-6066-11e4-a52e-4f735466cecf":"f1bcf57b-c63e-4be7-aa50-f534f7dbbae1"},{"element-6066-11e4-a52e-4f735466cecf":"b297e0ed-0b1f-4446-a601-1fbe92e15b17"},{"element-6066-11e4-a52e-4f735466cecf":"4608a413-7c69-413e-976d-f77d7b3235ee"},{"element-6066-11e4-a52e-4f735466cecf":"3c289c0f-8ba6-4f61-927c-1aaab249f0a0"},{"element-6066-11e4-a52e-4f735466cecf":"5b802baf-fca8-4dfc-8323-54495dbda4f1"},{"element-6066-11e4-a52e-4f735466cecf":"83fb4694-2ec9-4516-97f4-65e0016a88fa"},{"element-6066-11e4-a52e-4f735466cecf":"ce606384-71bf-4deb-8c14-ec826f4dcdf3"},{"element-6066-11e4-a52e-4f735466cecf":"4b01ca81-4e48-4323-bd8d-5fe6857754de"},{"element-6066-11e4-a52e-4f735466cecf":"793a3950-1e9a-4ad5-9dd6-c65189b4151f"},{"element-6066-11e4-a52e-4f735466cecf":"55663c8e-f78a-4410-8962-e782cbaf03d7"},{"element-6066-11e4-a52e-4f735466cecf":"e0784c30-f7f4-49d2-827d-50fdbec4d248"},{"element-6066-11e4-a52e-4f735466cecf":"e6450954-34c6-40d9-9aa3-dc0fcd6059bc"},{"element-6066-11e4-a52e-4f735466cecf":"d43c6adf-fe57-4f54-893c-3cf704d31b26"},{"element-6066-11e4-a52e-4f735466cecf":"78e253c8-aad2-4db7-a002-a06de7bf07e5"},{"element-6066-11e4-a52e-4f735466cecf":"92b75301-16d1-4632-a3d9-23b857686381"},{"element-6066-11e4-a52e-4f735466cecf":"dc2ca047-dee0-4976-b435-bdb7f10d9ae9"},{"element-6066-11e4-a52e-4f735466cecf":"605351d5-1191-41f5-9382-52d29496404f"},{"element-6066-11e4-a52e-4f735466cecf":"826e7693-4131-40da-97de-f0e39b028bcb"},{"element-6066-11e4-a52e-4f735466cecf":"f4700520-c5c9-42de-94f3-ef349e897fb4"},{"element-6066-11e4-a52e-4f735466cecf":"e78d24a6-1059-4bc8-884c-64616755e9e4"},{"element-6066-11e4-a52e-4f735466cecf":"b9a553d9-22cb-4c87-828e-7348e3e41f22"},{"element-6066-11e4-a52e-4f735466cecf":"9380adea-57bb-418b-b963-9211279a40db"},{"element-6066-11e4-a52e-4f735466cecf":"df5b55db-888f-4a7f-89c4-ca6d48017249"},{"element-6066-11e4-a52e-4f735466cecf":"264330d0-3ad5-4e3f-84db-02fccf0c7e9a"},{"element-6066-11e4-a52e-4f735466cecf":"9cd74c41-0b4e-4594-b894-1d7da0d27fe7"},{"element-6066-11e4-a52e-4f735466cecf":"bee99c77-0c7d-4f14-b61d-4de31b942600"},{"element-6066-11e4-a52e-4f735466cecf":"66f9ad80-b727-4709-aeb0-5799e3402ff0"},{"element-6066-11e4-a52e-4f735466cecf":"b20f3ef1-9ef8-486e-bdec-92754bfb72fd"},{"element-6066-11e4-a52e-4f735466cecf":"b5f47600-bdd9-4862-a4f8-bf87561c50e2"},{"element-6066-11e4-a52e-4f735466cecf":"99d2c019-07d7-4b17-b6e3-be69194e8aa4"},{"element-6066-11e4-a52e-4f735466cecf":"458c3990-1198-43f4-b10d-8081ede86b58"},{"element-6066-11e4-a52e-4f735466cecf":"fabf475d-9fca-4723-8b67-98ed3f1304b9"},{"element-6066-11e4-a52e-4f735466cecf":"aaded146-a400-4e73-8678-9d8bfb526e30"},{"element-6066-11e4-a52e-4f735466cecf":"ae99d30e-14a1-4173-beb0-f1e3af91a639"},{"element-6066-11e4-a52e-4f735466cecf":"d6e8c52c-5abe-4cb9-b615-ad99eb45e9db"},{"element-6066-11e4-a52e-4f735466cecf":"87c1cd39-6437-48fd-8bec-3064b2bb433b"},{"element-6066-11e4-a52e-4f735466cecf":"3ed36839-6ff2-478b-bf2d-b4cd3e97b7a6"},{"element-6066-11e4-a52e-4f735466cecf":"b13708dd-6e35-45d6-9263-e8f8405eb29a"},{"element-6066-11e4-a52e-4f735466cecf":"f5f97ca9-2cf0-42f6-8a46-f8c304256d7f"},{"element-6066-11e4-a52e-4f735466cecf":"d77e9227-509e-410d-bf8a-d5c26f3e5e72"},{"element-6066-11e4-a52e-4f735466cecf":"586bfe75-4083-4c1c-a0d1-5c956ece0df9"},{"element-6066-11e4-a52e-4f735466cecf":"fdfadc06-3c9c-4f3b-b714-f1d9de5c7cee"},{"element-6066-11e4-a52e-4f735466cecf":"244b1352-0787-477f-8874-f31d3d99153d"},{"element-6066-11e4-a52e-4f735466cecf":"071057fb-73fd-4b4d-b3e9-37ba435f1ccb"},{"element-6066-11e4-a52e-4f735466cecf":"ba837642-64c5-4f0c-be86-3c8ad6b5fdaf"},{"element-6066-11e4-a52e-4f735466cecf":"e1521039-8471-4df6-a841-8bdf56d94720"},{"element-6066-11e4-a52e-4f735466cecf":"21f350f3-b7cd-4048-ae7a-8e8b776bb4cb"},{"element-6066-11e4-a52e-4f735466cecf":"37bc6f0c-6499-43e6-982c-42850eb8d82d"},{"element-6066-11e4-a52e-4f735466cecf":"7d983bc8-2f9d-454e-a58e-1875f6ca814c"},{"element-6066-11e4-a52e-4f735466cecf":"fb65cb98-fdc9-4c8a-a637-66bba47a5d25"},{"element-6066-11e4-a52e-4f735466cecf":"b089e570-dad8-4182-bbfb-09f61fe64b31"},{"element-6066-11e4-a52e-4f735466cecf":"00e0a25e-6a46-4926-8c46-cade02525152"},{"element-6066-11e4-a52e-4f735466cecf":"d1d289e2-1751-4bd2-aba6-679e9531bbca"},{"element-6066-11e4-a52e-4f735466cecf":"60233e90-1ac6-445a-a12c-7061f31d7877"},{"element-6066-11e4-a52e-4f735466cecf":"9f5d5544-e16c-4e8b-ab0b-5a45f21e5639"},{"element-6066-11e4-a52e-4f735466cecf":"cb21c451-b45d-48b4-8db4-0575ddfe4e1f"},{"element-6066-11e4-a52e-4f735466cecf":"a20425ba-3c94-4aa6-9e5b-15da1526e04e"},{"element-6066-11e4-a52e-4f735466cecf":"5049b914-5302-4a32-b875-667f7bb4a71f"},{"element-6066-11e4-a52e-4f735466cecf":"8b3c2970-ad3f-47a6-84b9-3f6da2f7c248"},{"element-6066-11e4-a52e-4f735466cecf":"07c21dbc-3767-4f9f-9096-7d0889af843d"},{"element-6066-11e4-a52e-4f735466cecf":"dd43c08b-a5a2-432a-b059-edd6182b76a0"},{"element-6066-11e4-a52e-4f735466cecf":"de09d316-505f-4839-b59f-d6a6c5555ca5"},{"element-6066-11e4-a52e-4f735466cecf":"7490bbe2-2235-43a8-a7fe-081704141976"},{"element-6066-11e4-a52e-4f735466cecf":"45df0cf0-cddb-464c-9833-f056549f580a"},{"element-6066-11e4-a52e-4f735466cecf":"5f8cb017-980d-4b4a-9dfb-8a1c504e78c3"},{"element-6066-11e4-a52e-4f735466cecf":"5e1c97b5-b7b0-46e0-a275-a07a0efbf099"},{"element-6066-11e4-a52e-4f735466cecf":"b1520f7b-ecc3-4329-9173-cbeb37655e3c"},{"element-6066-11e4-a52e-4f735466cecf":"65b2e9c7-7ee7-4c14-907d-a47213fd8b7c"},{"element-6066-11e4-a52e-4f735466cecf":"680ed67b-a8f1-421d-a642-bcaefbc45170"},{"element-6066-11e4-a52e-4f735466cecf":"55f13cae-8552-48cd-8fcf-c92814c76b5e"},{"element-6066-11e4-a52e-4f735466cecf":"fcd49830-fb65-466b-92a0-9ec449f899b6"},{"element-6066-11e4-a52e-4f735466cecf":"3fd5e608-9277-47e2-8f7f-9ac483c6e7b7"},{"element-6066-11e4-a52e-4f735466cecf":"58530325-9c53-45fc-b030-f20ea8ca5f03"},{"element-6066-11e4-a52e-4f735466cecf":"5d772915-789c-454a-b473-2a13b737bad6"},{"element-6066-11e4-a52e-4f735466cecf":"0d7453fb-703b-42f7-b4a9-ea17d11d3e38"},{"element-6066-11e4-a52e-4f735466cecf":"1943dbe9-3d25-46f8-aff5-9613dc55b625"},{"element-6066-11e4-a52e-4f735466cecf":"f16187ca-73b1-468b-ac94-b651a8f24e26"},{"element-6066-11e4-a52e-4f735466cecf":"ebc4d0a6-d666-4a35-8adb-567134c02cfe"},{"element-6066-11e4-a52e-4f735466cecf":"fe64ba09-f990-4d0c-ba9c-cbf0706653f7"},{"element-6066-11e4-a52e-4f735466cecf":"f220dd58-f7f3-4d00-b6dc-c23e13574400"},{"element-6066-11e4-a52e-4f735466cecf":"7bb0abea-03eb-4aee-80de-2d0eacae4fa3"},{"element-6066-11e4-a52e-4f735466cecf":"dcbcef65-d71f-454c-909d-6f6c4ca383de"},{"element-6066-11e4-a52e-4f735466cecf":"19e54e7a-961b-450b-ac16-8c236acbde7f"},{"element-6066-11e4-a52e-4f735466cecf":"36fc7ea1-49c7-4d05-ae12-66add0167c07"},{"element-6066-11e4-a52e-4f735466cecf":"de4d46b3-6835-4978-90cb-055ad09d672b"},{"element-6066-11e4-a52e-4f735466cecf":"e6428b37-91e2-4f69-8c4e-7a12e62eb02c"},{"element-6066-11e4-a52e-4f735466cecf":"82eda292-0809-4d4b-8d1e-e64ff60c0335"},{"element-6066-11e4-a52e-4f735466cecf":"5358fa38-2eae-46fa-8cf0-b23bd3fc03df"},{"element-6066-11e4-a52e-4f735466cecf":"629c0cfe-5b5d-44c6-a7ae-355822311a66"},{"element-6066-11e4-a52e-4f735466cecf":"69df80f8-d2c1-496e-b8bf-482f0ca175a6"},{"element-6066-11e4-a52e-4f735466cecf":"3934daaf-d0cb-4648-a9f0-55047175d363"},{"element-6066-11e4-a52e-4f735466cecf":"2b63ccb0-7c04-46fb-b465-335a31b3c9b5"},{"element-6066-11e4-a52e-4f735466cecf":"8981246e-0133-43e1-bb19-506b6cab4c2a"},{"element-6066-11e4-a52e-4f735466cecf":"b425142c-4d60-4e84-b2d7-d07b492c4d74"},{"element-6066-11e4-a52e-4f735466cecf":"9eed08be-c416-4cf5-880c-13dfd57cc46e"},{"element-6066-11e4-a52e-4f735466cecf":"cecbc581-7b06-4c17-8773-08ba241f559b"},{"element-6066-11e4-a52e-4f735466cecf":"825e75ec-63a3-4bef-907d-014a777647e6"},{"element-6066-11e4-a52e-4f735466cecf":"5639399f-7627-4fd2-8f8c-6255140bbb6c"},{"element-6066-11e4-a52e-4f735466cecf":"834939ba-482a-4d87-8715-b1be40d5eb26"},{"element-6066-11e4-a52e-4f735466cecf":"1a616de3-f26a-4cc4-930d-71876c4c5d1b"},{"element-6066-11e4-a52e-4f735466cecf":"854920ac-90e1-4d2e-b877-c1489251e2da"},{"element-6066-11e4-a52e-4f735466cecf":"5e8a52c1-5e88-49eb-9a20-b49cd9f56caa"},{"element-6066-11e4-a52e-4f735466cecf":"925e4798-1530-4c02-bbaf-9b452bea6571"},{"element-6066-11e4-a52e-4f735466cecf":"728d6913-22d1-4efa-bfd1-92decfecd4e9"},{"element-6066-11e4-a52e-4f735466cecf":"ca8f438b-2a0e-4f96-9cfe-0a4a3d23ac8f"},{"element-6066-11e4-a52e-4f735466cecf":"d7a6bd12-d160-452b-98c6-c9f77fd7e97d"},{"element-6066-11e4-a52e-4f735466cecf":"746aeca5-dd18-42e8-9452-acd09cf2bfe2"},{"element-6066-11e4-a52e-4f735466cecf":"525035d9-163e-421a-b989-e25b87ce425d"},{"element-6066-11e4-a52e-4f735466cecf":"769746d1-422b-4618-ba56-60dc74f67e34"},{"element-6066-11e4-a52e-4f735466cecf":"d7ee248c-9bad-4355-8ed9-063db17d41de"},{"element-6066-11e4-a52e-4f735466cecf":"f68f49a5-4088-4ee3-8a55-9fe2338c863c"},{"element-6066-11e4-a52e-4f735466cecf":"70c2e6cd-528c-430e-8ed8-b6ac6ddcdb57"},{"element-6066-11e4-a52e-4f735466cecf":"da29a0a7-420b-4140-9d10-f028bb85bb36"},{"element-6066-11e4-a52e-4f735466cecf":"0b6b4bdd-eb5a-4da5-8fcc-0b2c6423097d"},{"element-6066-11e4-a52e-4f735466cecf":"def1f527-7913-4dd5-8104-4e244e55cd0b"},{"element-6066-11e4-a52e-4f735466cecf":"7854eeaa-d8bf-40e4-a308-3b9db2dd1248"},{"element-6066-11e4-a52e-4f735466cecf":"f676f23c-dbc1-42f1-9e43-6557a6042147"},{"element-6066-11e4-a52e-4f735466cecf":"e40eed8d-3b3a-4b17-99bc-69ecb3857e91"},{"element-6066-11e4-a52e-4f735466cecf":"2c73fea4-52a8-4c93-a044-e71831fafa45"},{"element-6066-11e4-a52e-4f735466cecf":"38fdbe17-8d7e-4be6-9f2d-80eb0b47ef64"},{"element-6066-11e4-a52e-4f735466cecf":"7a7376e0-ca7f-414c-832a-6acbc60ab432"},{"element-6066-11e4-a52e-4f735466cecf":"9ca0fe40-0655-46f8-ac9d-27a84b82982a"},{"element-6066-11e4-a52e-4f735466cecf":"f57252d2-3711-48d3-a1e7-a17afdca67e4"},{"element-6066-11e4-a52e-4f735466cecf":"dc9005cd-3f41-49e3-a603-19f9c543981d"},{"element-6066-11e4-a52e-4f735466cecf":"371a4ab5-1331-4db9-9931-ad202a09969a"},{"element-6066-11e4-a52e-4f735466cecf":"dd6e578a-01b4-4da5-81f3-ab120eff5c54"},{"element-6066-11e4-a52e-4f735466cecf":"907b7d64-d4dd-434c-ae9b-9797f89bc327"},{"element-6066-11e4-a52e-4f735466cecf":"d03e229d-5457-484c-86b8-52438269d689"},{"element-6066-11e4-a52e-4f735466cecf":"10a48c2d-9766-4248-b145-761b250be204"},{"element-6066-11e4-a52e-4f735466cecf":"fb73ac60-7a25-413d-9df7-b208c8bc0750"},{"element-6066-11e4-a52e-4f735466cecf":"108474a2-b08c-42d8-b769-baeb365a00e9"},{"element-6066-11e4-a52e-4f735466cecf":"44d78334-b464-4c7c-b2a4-faa9f0b7127e"},{"element-6066-11e4-a52e-4f735466cecf":"10b39977-bf18-46c7-95c2-87a4a3adf9cf"},{"element-6066-11e4-a52e-4f735466cecf":"dccdcd10-2b03-41bc-8e77-bce67c1f4bad"},{"element-6066-11e4-a52e-4f735466cecf":"6e0a4025-c214-45a1-b127-b1af9d586d85"},{"element-6066-11e4-a52e-4f735466cecf":"05b4be5e-8593-4abb-b41d-ea7dfeb0b5bc"},{"element-6066-11e4-a52e-4f735466cecf":"a2c38397-6208-4716-ae0c-9a1f6602c439"},{"element-6066-11e4-a52e-4f735466cecf":"2f700ca7-723c-40c9-88de-5a30cdd69321"},{"element-6066-11e4-a52e-4f735466cecf":"c4cbf573-1b32-43ae-9652-05ad5b28bae8"},{"element-6066-11e4-a52e-4f735466cecf":"a18b806b-8de4-4a83-91ec-2b7968606547"},{"element-6066-11e4-a52e-4f735466cecf":"b5f91247-eed0-4cf3-bf97-7447d9910919"},{"element-6066-11e4-a52e-4f735466cecf":"1ea70cf6-3254-4b3f-9f98-07fcf4ab88cd"},{"element-6066-11e4-a52e-4f735466cecf":"fbd79774-731d-40fa-a5e4-3e1680e79f39"},{"element-6066-11e4-a52e-4f735466cecf":"f10d1a9b-00e0-4040-8dc6-33cb2e7b86c2"},{"element-6066-11e4-a52e-4f735466cecf":"dc3cb4ad-3a57-4e5b-b368-359475368245"},{"element-6066-11e4-a52e-4f735466cecf":"84046e67-9945-42ac-ae78-7255ac892f36"},{"element-6066-11e4-a52e-4f735466cecf":"18105018-892b-40ff-8c02-9df4c991a723"},{"element-6066-11e4-a52e-4f735466cecf":"14a017db-3397-4f2d-8f97-6bac845bdeff"},{"element-6066-11e4-a52e-4f735466cecf":"39005beb-5280-428b-9d19-c8b5bd8ecd8a"},{"element-6066-11e4-a52e-4f735466cecf":"418602a2-54d7-49bc-ba2e-64d8097ed0bc"},{"element-6066-11e4-a52e-4f735466cecf":"eae17104-4ddc-421c-9c11-4f78839786e9"},{"element-6066-11e4-a52e-4f735466cecf":"d8e81f1e-f6d5-4ffb-abee-6e10bcc935c2"},{"element-6066-11e4-a52e-4f735466cecf":"0ecdd860-0a9b-4e57-b033-279bec0cfc51"},{"element-6066-11e4-a52e-4f735466cecf":"aec3ebd6-0f46-4152-8680-10e5e6e5b3bf"},{"element-6066-11e4-a52e-4f735466cecf":"6e1774c9-fcdb-4b9e-9b84-68c3d01f8707"},{"element-6066-11e4-a52e-4f735466cecf":"99bcc5ee-89f3-4e94-829c-a5bf1adcc4fc"},{"element-6066-11e4-a52e-4f735466cecf":"c0af1798-4cea-4818-902c-209f9e87ef52"},{"element-6066-11e4-a52e-4f735466cecf":"d55e91cf-e187-4da4-887e-6c3e591588eb"},{"element-6066-11e4-a52e-4f735466cecf":"f85d1bdf-9353-45d3-9b35-4878d144bb2a"},{"element-6066-11e4-a52e-4f735466cecf":"ef195857-b7f7-4899-915b-6ccb8772e142"},{"element-6066-11e4-a52e-4f735466cecf":"77f69fd5-890d-4ea1-b315-0aafa59feb9a"},{"element-6066-11e4-a52e-4f735466cecf":"8e991e52-4e98-441a-bbf0-ef326fc432b2"},{"element-6066-11e4-a52e-4f735466cecf":"ab3c3b4e-4415-44de-a0f0-cb0d4840dea0"},{"element-6066-11e4-a52e-4f735466cecf":"31520d04-4fe5-43fc-9a0d-107f535226c5"},{"element-6066-11e4-a52e-4f735466cecf":"03e36ed7-82e5-43c2-983d-47ca8e85691f"},{"element-6066-11e4-a52e-4f735466cecf":"4237bd75-08c0-4b70-bdf6-6c82d1f5bad2"},{"element-6066-11e4-a52e-4f735466cecf":"e1983c3c-e348-483d-ae41-2cf4cc484b13"},{"element-6066-11e4-a52e-4f735466cecf":"879f492b-cfc1-4e0c-905e-dfe9538f46ae"},{"element-6066-11e4-a52e-4f735466cecf":"f580c199-d72b-4b9f-a21f-7719dfc01f6b"},{"element-6066-11e4-a52e-4f735466cecf":"e7ad8e42-2939-440d-9f57-17e1b3f8655b"},{"element-6066-11e4-a52e-4f735466cecf":"a43c5622-7600-49bb-9baa-6111f29010ec"},{"element-6066-11e4-a52e-4f735466cecf":"e6565505-b2e1-4d0b-b2d7-8bde615fead1"},{"element-6066-11e4-a52e-4f735466cecf":"c6ac5164-6196-4696-aad8-b471323a9242"},{"element-6066-11e4-a52e-4f735466cecf":"a4a3be43-dd5d-49b2-b3d8-50b2ab06bea4"},{"element-6066-11e4-a52e-4f735466cecf":"bc1103d5-4ea6-41ae-aab2-2d418d98aac1"},{"element-6066-11e4-a52e-4f735466cecf":"0e2ddc4b-3aa6-40e6-8f2a-a1c80bfa019d"},{"element-6066-11e4-a52e-4f735466cecf":"00f57b63-fddc-4107-8b77-026cdbf05bc7"},{"element-6066-11e4-a52e-4f735466cecf":"a1f36926-2a90-4649-b5df-f0cd217f41ff"},{"element-6066-11e4-a52e-4f735466cecf":"cbe9b621-f723-4040-88fa-6a8423b85e49"},{"element-6066-11e4-a52e-4f735466cecf":"7c8ce9e6-0f86-42b4-a351-2e959ac7b812"},{"element-6066-11e4-a52e-4f735466cecf":"fa9c57d5-563b-4ab8-9bef-94e5a2e4a9d5"},{"element-6066-11e4-a52e-4f735466cecf":"0c060cea-25c4-49aa-9ca0-45b2d5866cda"},{"element-6066-11e4-a52e-4f735466cecf":"89dfd68c-91d7-4a18-a590-3e4f0a1ae665"},{"element-6066-11e4-a52e-4f735466cecf":"b79e3294-9ba9-4649-b9f2-80cb0d739b5e"},{"element-6066-11e4-a52e-4f735466cecf":"593190d3-9f2d-4f27-866a-b569790ac30e"},{"element-6066-11e4-a52e-4f735466cecf":"db5efcb2-34ab-420d-a924-7a426230fadd"},{"element-6066-11e4-a52e-4f735466cecf":"1e2a0ec8-a69f-4f7c-a484-6262e9017427"},{"element-6066-11e4-a52e-4f735466cecf":"cf68be40-41b5-4471-82f4-10fdad365558"},{"element-6066-11e4-a52e-4f735466cecf":"f4f10a4b-42b9-4cac-b4cd-7aeddb8a3999"},{"element-6066-11e4-a52e-4f735466cecf":"0a8a2e5e-7ae1-4c44-877e-6b2930be69c7"},{"element-6066-11e4-a52e-4f735466cecf":"b7aac603-8e89-4bc6-aac1-e42e7d1671b4"},{"element-6066-11e4-a52e-4f735466cecf":"3bc186c1-f838-41ac-a6e9-cae33c42a527"},{"element-6066-11e4-a52e-4f735466cecf":"5b3bc2ba-db7c-4461-b11b-332aaa6cf491"},{"element-6066-11e4-a52e-4f735466cecf":"19d10f18-3689-4654-a475-54e24da479cc"},{"element-6066-11e4-a52e-4f735466cecf":"10ab1900-723f-4d76-8453-49deec202cb3"},{"element-6066-11e4-a52e-4f735466cecf":"fd7050ad-cedc-455a-9ab0-f35f0804a80a"},{"element-6066-11e4-a52e-4f735466cecf":"ccdc861a-7214-4b4c-8d01-7abfb41f112d"},{"element-6066-11e4-a52e-4f735466cecf":"00fa33cc-c8da-474c-a5d6-732bad026cf2"},{"element-6066-11e4-a52e-4f735466cecf":"8fbbf634-d705-4da6-8304-93c0ceb449d9"},{"element-6066-11e4-a52e-4f735466cecf":"ad30e36f-9bd6-4e03-b2e8-a4d86891c678"},{"element-6066-11e4-a52e-4f735466cecf":"93b18119-75c1-4613-9d0e-1ded857e7804"},{"element-6066-11e4-a52e-4f735466cecf":"ac06f026-8b35-4148-b532-7c2175044d99"},{"element-6066-11e4-a52e-4f735466cecf":"72748576-2101-437c-aa15-7002b0a4c0ba"},{"element-6066-11e4-a52e-4f735466cecf":"e8730b82-159c-4b61-963e-4d500cbf57d7"},{"element-6066-11e4-a52e-4f735466cecf":"500df795-ef5a-42d6-ab80-f491c4d6d32c"},{"element-6066-11e4-a52e-4f735466cecf":"043494af-4ec2-46f6-aa14-84cfe376b039"},{"element-6066-11e4-a52e-4f735466cecf":"cf880663-118f-44b6-8489-98f19f879794"},{"element-6066-11e4-a52e-4f735466cecf":"5a26676c-f6a1-49f3-9916-745ee8fcb1b1"},{"element-6066-11e4-a52e-4f735466cecf":"746b5335-a038-4d56-bc7f-1787c2a1e10b"},{"element-6066-11e4-a52e-4f735466cecf":"d3e3b097-ff18-4bf3-b4db-f25493dbe253"},{"element-6066-11e4-a52e-4f735466cecf":"5fc8cd02-ca78-4c1a-874b-7a84a636db63"},{"element-6066-11e4-a52e-4f735466cecf":"d69fb003-ce30-486f-a056-48a62d6c5480"},{"element-6066-11e4-a52e-4f735466cecf":"36d6d34c-8e67-42f4-94c5-6430927ddf0d"},{"element-6066-11e4-a52e-4f735466cecf":"a2241e4b-bcd0-428e-b8b4-39aa60f0f059"},{"element-6066-11e4-a52e-4f735466cecf":"b98b7c0e-2df6-4268-af09-5d97517269d3"},{"element-6066-11e4-a52e-4f735466cecf":"f3b0ce39-b2b5-4626-818f-3625ee511482"},{"element-6066-11e4-a52e-4f735466cecf":"ceb481aa-0b96-4237-8245-229ba0a44877"},{"element-6066-11e4-a52e-4f735466cecf":"7bca794d-d067-481e-a264-2303d5f6d790"},{"element-6066-11e4-a52e-4f735466cecf":"3b4b26d3-9a20-4f5d-b89c-fade7cd6e385"},{"element-6066-11e4-a52e-4f735466cecf":"a1b968b3-3710-496b-838d-a8fe066feea2"},{"element-6066-11e4-a52e-4f735466cecf":"4ffcc5ba-05d0-4b6b-a131-2aa24503eb5e"},{"element-6066-11e4-a52e-4f735466cecf":"ed74de03-76f1-4408-972e-bf5fc9d2ed5b"},{"element-6066-11e4-a52e-4f735466cecf":"81c416d6-f15c-46e4-bf28-e189cccafede"},{"element-6066-11e4-a52e-4f735466cecf":"7d5bfeb4-3717-4368-95c3-ec55cc64f73b"},{"element-6066-11e4-a52e-4f735466cecf":"5b66eeea-5172-417d-9f9b-03023e0a3008"},{"element-6066-11e4-a52e-4f735466cecf":"a1a4909f-19f7-43c8-9b75-4008e3382b2a"},{"element-6066-11e4-a52e-4f735466cecf":"43a792d1-93c0-42d4-8148-149960ee7199"},{"element-6066-11e4-a52e-4f735466cecf":"a87af49e-cd06-4d92-aa37-488e270189de"},{"element-6066-11e4-a52e-4f735466cecf":"24ece01c-5c5b-47c6-9978-25d83c3777e3"},{"element-6066-11e4-a52e-4f735466cecf":"0289865d-e3b5-419e-be30-83800b7ed84a"},{"element-6066-11e4-a52e-4f735466cecf":"a707d6f2-aa7c-4d3f-b987-088d4037dfb4"},{"element-6066-11e4-a52e-4f735466cecf":"9d561051-8b3f-4b4d-a321-9ea398301e92"},{"element-6066-11e4-a52e-4f735466cecf":"6b81dc82-17ca-467c-9309-a5bd957ef211"},{"element-6066-11e4-a52e-4f735466cecf":"c833d4be-f0d1-465e-9876-edc45cad3d0b"},{"element-6066-11e4-a52e-4f735466cecf":"7b707bf9-4f6c-4eb8-9261-cb914aa47998"},{"element-6066-11e4-a52e-4f735466cecf":"a772b234-f32d-45ef-ac0d-0656c499cb8f"},{"element-6066-11e4-a52e-4f735466cecf":"2d7aa737-c7f7-45d4-bedf-d59b0b40a841"},{"element-6066-11e4-a52e-4f735466cecf":"10611e88-1059-4073-8cd1-59791ccd3b61"},{"element-6066-11e4-a52e-4f735466cecf":"869d5758-22c3-447a-8181-40f093f31054"},{"element-6066-11e4-a52e-4f735466cecf":"e413b480-c7c1-45e3-94ad-dd3735ad2122"},{"element-6066-11e4-a52e-4f735466cecf":"c5c15e21-9020-4f56-81d4-7a44d2f5fb61"},{"element-6066-11e4-a52e-4f735466cecf":"cce1872b-f4cb-420b-aaa7-49bbc5f9ec73"},{"element-6066-11e4-a52e-4f735466cecf":"1e7b3671-9a53-44b0-86d6-c2183f11600a"},{"element-6066-11e4-a52e-4f735466cecf":"f7817dca-9330-4863-b79f-feb8d5fe478c"},{"element-6066-11e4-a52e-4f735466cecf":"41940952-4483-466f-9fb1-b15c8ed2a6b7"},{"element-6066-11e4-a52e-4f735466cecf":"ef51c610-ea5e-4950-b0b9-702175b5d75c"},{"element-6066-11e4-a52e-4f735466cecf":"6ad59910-8966-44aa-abd4-5bb104b096d7"},{"element-6066-11e4-a52e-4f735466cecf":"b76278a9-df54-4eff-9563-7c2911183add"},{"element-6066-11e4-a52e-4f735466cecf":"8d99d4be-47b1-47b1-a915-6245fbbe82aa"},{"element-6066-11e4-a52e-4f735466cecf":"57b7e2e3-88fa-4b74-baa5-ab0e20505464"},{"element-6066-11e4-a52e-4f735466cecf":"3ebc04d1-5749-48b9-9661-f07f9cbc52eb"},{"element-6066-11e4-a52e-4f735466cecf":"9d6851c2-87cd-4183-bc53-0d10fca76581"},{"element-6066-11e4-a52e-4f735466cecf":"dd2b9ced-9122-4ae5-8978-10a958b696cb"},{"element-6066-11e4-a52e-4f735466cecf":"531f29e7-7452-4ac2-beeb-c5af6075cb62"},{"element-6066-11e4-a52e-4f735466cecf":"665938fb-0ae7-4811-9ffc-c1f62ff36d0e"},{"element-6066-11e4-a52e-4f735466cecf":"92851264-9658-427c-abd0-d2e559ee1a76"},{"element-6066-11e4-a52e-4f735466cecf":"9a100062-9507-4a0a-83c2-8c0eddda5688"},{"element-6066-11e4-a52e-4f735466cecf":"1718e132-c893-4ba7-a2f7-d8ab01ec7891"},{"element-6066-11e4-a52e-4f735466cecf":"2eb80121-679b-46a6-93d4-b029e38487ae"},{"element-6066-11e4-a52e-4f735466cecf":"89aa7548-f599-480c-ab89-ab2aae886a85"},{"element-6066-11e4-a52e-4f735466cecf":"a702f38d-4bff-4b72-a2dc-67651e0cfc9c"},{"element-6066-11e4-a52e-4f735466cecf":"5fa1bb6c-2abd-42a8-af8a-293d426b2051"},{"element-6066-11e4-a52e-4f735466cecf":"a94c5a28-8527-41e5-bef0-e33d9ac39ccb"},{"element-6066-11e4-a52e-4f735466cecf":"aa9bd51f-c632-4a3f-90a4-c862f6ba113c"},{"element-6066-11e4-a52e-4f735466cecf":"acf76ac4-bc2a-43ba-929d-1e6abb39a609"},{"element-6066-11e4-a52e-4f735466cecf":"cb8fc2bb-d90d-4099-ae98-7432c2870584"},{"element-6066-11e4-a52e-4f735466cecf":"913ad0b5-ba39-4f3b-8e54-e44c73eb6ca7"},{"element-6066-11e4-a52e-4f735466cecf":"5d1a5247-93f9-47ed-a1c5-46a3c3e0ae24"},{"element-6066-11e4-a52e-4f735466cecf":"9f4e63fb-64dc-4b1d-a275-0b1b3328ae3c"},{"element-6066-11e4-a52e-4f735466cecf":"54889dd9-8087-4e79-9b29-400deeb6e40e"},{"element-6066-11e4-a52e-4f735466cecf":"cfbea90b-0179-4ace-a19d-371fbd85209f"},{"element-6066-11e4-a52e-4f735466cecf":"61e37f2a-9e58-4b81-b202-b21ec3f3a973"},{"element-6066-11e4-a52e-4f735466cecf":"d427fd1d-b276-4d0c-aa43-e0172edc4e7b"},{"element-6066-11e4-a52e-4f735466cecf":"d3f2e140-0512-475d-95d3-1ac4bbe4fa61"},{"element-6066-11e4-a52e-4f735466cecf":"712e3caa-1bd9-486b-92b7-bd4545290069"},{"element-6066-11e4-a52e-4f735466cecf":"d32740af-4f50-41a9-b5b4-3b28a2ccf048"},{"element-6066-11e4-a52e-4f735466cecf":"67d4f16b-545d-4539-ac7a-68e92d9d537a"},{"element-6066-11e4-a52e-4f735466cecf":"3b03f7f6-d879-4726-b812-c919b664c817"},{"element-6066-11e4-a52e-4f735466cecf":"901c7586-5a8e-48b0-b00f-7c8d8431868f"},{"element-6066-11e4-a52e-4f735466cecf":"8d6e39ad-e59f-4854-95dd-72b7b2a4bcbe"},{"element-6066-11e4-a52e-4f735466cecf":"747797e6-e708-4eba-835e-3e410c9bf45f"},{"element-6066-11e4-a52e-4f735466cecf":"67542834-6584-4f7c-92a0-4041454c58fb"},{"element-6066-11e4-a52e-4f735466cecf":"94237fd6-d4cd-4b7e-92fc-ccf429d9d47f"},{"element-6066-11e4-a52e-4f735466cecf":"2daf7fe6-a856-4951-b46f-3d708c6cb0d0"},{"element-6066-11e4-a52e-4f735466cecf":"19d0cea8-c4b7-4d08-8d6b-ea411bd2a09c"},{"element-6066-11e4-a52e-4f735466cecf":"d1ac6b5f-1629-451a-a5f0-82974f6dc542"},{"element-6066-11e4-a52e-4f735466cecf":"4a90d692-eed7-48c4-9312-464db6a43f19"},{"element-6066-11e4-a52e-4f735466cecf":"4fd3c395-2b53-4a3e-bdf1-f5a8bcbd18ec"},{"element-6066-11e4-a52e-4f735466cecf":"8de5d54f-99c3-4165-876a-f37fd6cd8086"},{"element-6066-11e4-a52e-4f735466cecf":"faa003d6-4892-4494-9926-026c0608a794"},{"element-6066-11e4-a52e-4f735466cecf":"096d8ea0-866c-487e-abc4-87cdf0b6082b"},{"element-6066-11e4-a52e-4f735466cecf":"2fae677e-115d-490b-92f5-1d0d3adb9927"},{"element-6066-11e4-a52e-4f735466cecf":"d3de4fb8-0a5e-4e7a-b1f5-f9f4fde6965a"},{"element-6066-11e4-a52e-4f735466cecf":"eb5350a5-a400-464a-8332-4e999f134633"},{"element-6066-11e4-a52e-4f735466cecf":"3ad9955d-201b-47fd-b498-ca67fbd2cce7"},{"element-6066-11e4-a52e-4f735466cecf":"d50054c4-99d0-477c-acd5-45be7eeb0e82"},{"element-6066-11e4-a52e-4f735466cecf":"915369cf-fff6-41df-b610-351ea51aa653"},{"element-6066-11e4-a52e-4f735466cecf":"b7070cd6-c694-4433-9641-603279d83952"},{"element-6066-11e4-a52e-4f735466cecf":"a999fd7c-2f7e-4b53-a537-4242d030c753"},{"element-6066-11e4-a52e-4f735466cecf":"3645f499-da2c-4a0f-84aa-6af4db035457"},{"element-6066-11e4-a52e-4f735466cecf":"9dff38c7-5017-4d81-8ae6-3e3af218cec0"},{"element-6066-11e4-a52e-4f735466cecf":"396c4a39-5395-429f-9b1a-ac87997e8d3f"},{"element-6066-11e4-a52e-4f735466cecf":"198ef7a4-2b62-43f6-9b9d-e480751992b7"},{"element-6066-11e4-a52e-4f735466cecf":"08604625-1a86-478f-8011-6f6ff5bf2cae"},{"element-6066-11e4-a52e-4f735466cecf":"5764dc70-daa4-422c-a926-2debf7f701e5"},{"element-6066-11e4-a52e-4f735466cecf":"2490a161-1eca-415d-916c-104957103e61"},{"element-6066-11e4-a52e-4f735466cecf":"0c8e3464-70b7-4ec8-a707-1950e15996ac"},{"element-6066-11e4-a52e-4f735466cecf":"292fe192-baae-43d1-ab1f-58717e014a2b"},{"element-6066-11e4-a52e-4f735466cecf":"1365d3f4-5761-4028-b129-5e415ea4382a"},{"element-6066-11e4-a52e-4f735466cecf":"03a7e618-4d1c-4e7a-8b02-dfd7a66bf8d4"},{"element-6066-11e4-a52e-4f735466cecf":"a17cb146-add3-4498-8090-a10e62f56c32"},{"element-6066-11e4-a52e-4f735466cecf":"e038a53b-c151-4f8f-86ec-ee48f598f054"},{"element-6066-11e4-a52e-4f735466cecf":"22a92e71-eba4-4b9f-86dd-6c9ad0d35d6f"},{"element-6066-11e4-a52e-4f735466cecf":"5a12672e-f4c0-432e-b011-53d0a30ab1f5"},{"element-6066-11e4-a52e-4f735466cecf":"5ee3836c-0642-489e-9f9c-36c90bf39a42"},{"element-6066-11e4-a52e-4f735466cecf":"ea47f2b5-0b09-4c56-9502-924fc40c7380"},{"element-6066-11e4-a52e-4f735466cecf":"0cf62ed3-85e8-4b0b-8971-39eb87bbb8f4"},{"element-6066-11e4-a52e-4f735466cecf":"78313eea-85d2-4556-9fbd-4b6562b9beb8"},{"element-6066-11e4-a52e-4f735466cecf":"aa69b90a-4508-487f-8b25-6f0da693c9d8"},{"element-6066-11e4-a52e-4f735466cecf":"1d8f4994-4b13-48ba-8aa9-364e324c9c55"},{"element-6066-11e4-a52e-4f735466cecf":"265d833d-a64c-4a97-acd6-6e3174dd15eb"},{"element-6066-11e4-a52e-4f735466cecf":"b4edb4da-ed90-4d3a-a88d-f561664d3b2e"},{"element-6066-11e4-a52e-4f735466cecf":"45cc8248-3b56-4a03-9c1c-4c125c0ce99e"},{"element-6066-11e4-a52e-4f735466cecf":"a4f284c3-f604-4f67-a6bd-c096fc9e9f2e"},{"element-6066-11e4-a52e-4f735466cecf":"f371acb7-930d-4787-be44-b5370787546b"},{"element-6066-11e4-a52e-4f735466cecf":"017cb5d8-1b53-4aca-89c5-b5031f04ef0b"},{"element-6066-11e4-a52e-4f735466cecf":"b7f0d842-2ec2-415b-a4fe-aeee49de90d0"},{"element-6066-11e4-a52e-4f735466cecf":"b2560f2f-2333-408c-ab0a-f0c2ce4aaf10"},{"element-6066-11e4-a52e-4f735466cecf":"82854fc1-c3c0-404e-b5ac-4a04cb12090a"},{"element-6066-11e4-a52e-4f735466cecf":"265157bb-d09c-4d04-8077-8234b3c38bce"},{"element-6066-11e4-a52e-4f735466cecf":"8efd1605-f765-40dc-bc58-b8a53669835f"},{"element-6066-11e4-a52e-4f735466cecf":"788c6ddd-74f1-484f-b163-78fc95cb65b4"},{"element-6066-11e4-a52e-4f735466cecf":"06753690-7e9d-467c-9e58-da01bde628af"},{"element-6066-11e4-a52e-4f735466cecf":"5ab8c6bb-0584-4b0a-b398-d4484341b7de"},{"element-6066-11e4-a52e-4f735466cecf":"58317963-e1f7-403b-87d7-11b9658cfae4"},{"element-6066-11e4-a52e-4f735466cecf":"56c41c73-b2de-442c-af2d-7c50d384e9d7"},{"element-6066-11e4-a52e-4f735466cecf":"3fb2acad-1b00-4fdd-ae23-625c0a8f3f31"},{"element-6066-11e4-a52e-4f735466cecf":"e328a5d2-cf29-4a4d-bb4b-ac10449f5c45"},{"element-6066-11e4-a52e-4f735466cecf":"9f4e00d4-6ffc-45fe-b009-a05ed6bd649e"},{"element-6066-11e4-a52e-4f735466cecf":"43448e76-36c1-4d74-bc7c-1b0ede750b68"},{"element-6066-11e4-a52e-4f735466cecf":"ec2a5054-cf67-4b96-b4ac-a09fa71fa395"},{"element-6066-11e4-a52e-4f735466cecf":"2015a4d8-b6c4-44f4-8fb7-125e227ae4fd"},{"element-6066-11e4-a52e-4f735466cecf":"6d7dd020-78d7-4d4b-ae18-0f7fc755e66f"},{"element-6066-11e4-a52e-4f735466cecf":"38f132e6-e3e8-480d-8c0a-f8a2b303ca78"},{"element-6066-11e4-a52e-4f735466cecf":"5ed4d87d-d972-45e8-a627-7591c560f82d"},{"element-6066-11e4-a52e-4f735466cecf":"280fbd1c-8dc5-4289-9d5b-f74d9a317978"},{"element-6066-11e4-a52e-4f735466cecf":"df81d6ce-d615-4e8b-ad92-8f7f620f6408"},{"element-6066-11e4-a52e-4f735466cecf":"85e44616-28ed-4306-aa5a-58cf7005247e"},{"element-6066-11e4-a52e-4f735466cecf":"c8e0bcf9-0789-40b5-9558-d59336f5c611"},{"element-6066-11e4-a52e-4f735466cecf":"c8ed0561-5521-4edc-91e6-f6eae2feae1e"},{"element-6066-11e4-a52e-4f735466cecf":"34b9b4b9-2b90-4ab4-93f8-a792b1a08243"},{"element-6066-11e4-a52e-4f735466cecf":"dea5f08c-dc9f-4a36-b7ae-55ed47ebb7a1"},{"element-6066-11e4-a52e-4f735466cecf":"4a20fe2a-7728-4503-8a5a-0f7088a567a6"},{"element-6066-11e4-a52e-4f735466cecf":"d7458b10-69a3-40e1-bd6d-568ba2ab762f"},{"element-6066-11e4-a52e-4f735466cecf":"7af805ff-affd-4034-b204-56cd33bb16db"},{"element-6066-11e4-a52e-4f735466cecf":"3a6a3094-1402-4527-b356-2d7878656044"},{"element-6066-11e4-a52e-4f735466cecf":"878c6ee7-97a9-455e-a5b3-e7edbc465254"},{"element-6066-11e4-a52e-4f735466cecf":"832f68dd-9ab3-49f2-8f38-bcf457b09732"},{"element-6066-11e4-a52e-4f735466cecf":"467ca20e-c3c2-445a-9e3c-e5d1f81dfb54"},{"element-6066-11e4-a52e-4f735466cecf":"10157460-60af-40a1-8ec4-3764e2fde8df"},{"element-6066-11e4-a52e-4f735466cecf":"896bf7fd-dcae-451d-b727-062a07c73909"},{"element-6066-11e4-a52e-4f735466cecf":"b3b42f9a-ed07-4450-8827-45f0ecf8ec1a"},{"element-6066-11e4-a52e-4f735466cecf":"664f88d7-6cac-4688-926c-ecf3ea5455dc"},{"element-6066-11e4-a52e-4f735466cecf":"e79be9cc-ff4c-4936-a2a1-c800d95966aa"},{"element-6066-11e4-a52e-4f735466cecf":"2d9dd6bb-2b8d-44f4-ab17-a318acb49c1b"},{"element-6066-11e4-a52e-4f735466cecf":"e293a569-8f30-40a0-a558-d0dca0c2b7b6"},{"element-6066-11e4-a52e-4f735466cecf":"a0ed61c2-e0c6-4837-aa02-fcdb692bc6db"},{"element-6066-11e4-a52e-4f735466cecf":"a2af0840-b284-43cb-91f9-6545b5f900f8"},{"element-6066-11e4-a52e-4f735466cecf":"722405b4-db17-443f-86ac-4ddcd101cab0"},{"element-6066-11e4-a52e-4f735466cecf":"9e1bdc58-52e4-41df-9f86-64f8545d2834"},{"element-6066-11e4-a52e-4f735466cecf":"042e2231-4a5b-46ca-b22d-db180c3a83f2"},{"element-6066-11e4-a52e-4f735466cecf":"8a3c30b2-180b-40ed-bc49-7bfe5dc5f453"},{"element-6066-11e4-a52e-4f735466cecf":"d2333631-56df-462d-afdf-92e826335810"},{"element-6066-11e4-a52e-4f735466cecf":"ba8ebf8d-ae72-48a4-8c22-8bcc1ed7e497"},{"element-6066-11e4-a52e-4f735466cecf":"90571c1a-611d-4f06-8e49-c5f4abb5e5ed"},{"element-6066-11e4-a52e-4f735466cecf":"8e9b5188-1e4f-4ef6-843a-73c2c82b5479"},{"element-6066-11e4-a52e-4f735466cecf":"9f035547-d0b1-46e8-bcb1-6e52ef59aa65"},{"element-6066-11e4-a52e-4f735466cecf":"dfacb64c-831b-4ec1-8d9e-2d697fac0fa4"},{"element-6066-11e4-a52e-4f735466cecf":"751c6995-08e6-477a-b433-3149bcd7ed29"},{"element-6066-11e4-a52e-4f735466cecf":"8e676df7-e45c-4aa9-9588-a6c1c121a012"},{"element-6066-11e4-a52e-4f735466cecf":"98b88991-532b-4820-968e-6caf0e48d70d"},{"element-6066-11e4-a52e-4f735466cecf":"8d9664de-c89d-4ed8-b8f3-c5f99811314f"},{"element-6066-11e4-a52e-4f735466cecf":"5a6741ea-119b-41ea-a695-d0c7268b5716"},{"element-6066-11e4-a52e-4f735466cecf":"8f60f9e1-92ce-4c6f-9275-24865c20e4fa"},{"element-6066-11e4-a52e-4f735466cecf":"01b1b2f4-34ff-4d16-b75f-f8a69cd08dbe"},{"element-6066-11e4-a52e-4f735466cecf":"0f3597f6-68c6-472d-b80d-d9fbd8ac6768"},{"element-6066-11e4-a52e-4f735466cecf":"18882e8c-2672-45e3-bcdf-e71a06f14a4c"},{"element-6066-11e4-a52e-4f735466cecf":"0427e868-d804-4393-931e-0ce57dade70c"},{"element-6066-11e4-a52e-4f735466cecf":"599c8baa-f916-4ce1-b4d4-6271a5d1d77b"},{"element-6066-11e4-a52e-4f735466cecf":"40c8e564-cef0-446f-ba8a-7df1b10ad6b6"},{"element-6066-11e4-a52e-4f735466cecf":"fd5db4e5-1a89-4840-b5fa-3ba3aecddd96"},{"element-6066-11e4-a52e-4f735466cecf":"6d68ef3f-4823-4bbb-8a6c-f5f1757ec260"},{"element-6066-11e4-a52e-4f735466cecf":"25da5acc-a6d2-41cc-ba93-7b1d841b0b25"},{"element-6066-11e4-a52e-4f735466cecf":"636bc019-e2ad-4189-8541-9b808bdfcc73"},{"element-6066-11e4-a52e-4f735466cecf":"9daf05bd-1183-450d-8c86-8d99a75964e2"},{"element-6066-11e4-a52e-4f735466cecf":"5b1f58fa-09eb-4429-8112-9097959a1991"},{"element-6066-11e4-a52e-4f735466cecf":"c22c8e91-16af-4645-b902-ba1ece95d02e"},{"element-6066-11e4-a52e-4f735466cecf":"e9d841f4-7b7e-433a-a602-409f5664f5fa"},{"element-6066-11e4-a52e-4f735466cecf":"160388cc-5e8b-4b3d-b6da-54ff4cf03c74"},{"element-6066-11e4-a52e-4f735466cecf":"064dc59d-910c-4c2f-94a7-d7beb2de9b9d"},{"element-6066-11e4-a52e-4f735466cecf":"6ce27972-eec5-486c-bfec-1fd38a1c16d7"},{"element-6066-11e4-a52e-4f735466cecf":"ac6b7fbd-8a3e-4255-b638-5a7688076a01"},{"element-6066-11e4-a52e-4f735466cecf":"0f4689c6-7b17-4aab-a258-1adf28440345"},{"element-6066-11e4-a52e-4f735466cecf":"a177aeb6-9c4d-413b-b385-b0bd897dc671"},{"element-6066-11e4-a52e-4f735466cecf":"fae96fa2-6e39-4160-b8f1-c7890559c980"},{"element-6066-11e4-a52e-4f735466cecf":"1d21dbf8-91cd-4758-8f9c-846dd3a8a9e3"},{"element-6066-11e4-a52e-4f735466cecf":"d60abe32-63fe-44b4-9fb9-d0a145191225"},{"element-6066-11e4-a52e-4f735466cecf":"a7e6bf2a-92ca-416b-ac0f-d714f51aafad"},{"element-6066-11e4-a52e-4f735466cecf":"72b62817-340d-495b-a012-af1754fa6216"},{"element-6066-11e4-a52e-4f735466cecf":"9709525e-0893-4b83-bc4e-446deb5b027f"},{"element-6066-11e4-a52e-4f735466cecf":"407d69c8-ad9c-4018-960f-d81bd7194ea5"},{"element-6066-11e4-a52e-4f735466cecf":"2ddb9552-9ebb-4607-a6e3-b096a27b87df"},{"element-6066-11e4-a52e-4f735466cecf":"d18f0b01-ab41-461a-aae7-a52134479719"},{"element-6066-11e4-a52e-4f735466cecf":"4496fd86-0363-494c-898a-9e7bd37108a1"},{"element-6066-11e4-a52e-4f735466cecf":"a21efb8f-87ad-4ec8-9b5f-612760025714"},{"element-6066-11e4-a52e-4f735466cecf":"2a602e0e-606b-4593-8fec-95859b9c2ca6"},{"element-6066-11e4-a52e-4f735466cecf":"378d1e0a-8ae6-415e-b3c5-7c10e258a2cf"},{"element-6066-11e4-a52e-4f735466cecf":"a2bc932e-0627-4c36-98a4-8841582af3b2"},{"element-6066-11e4-a52e-4f735466cecf":"9c960cfa-cba5-4f07-9c96-1f001e73e4ba"},{"element-6066-11e4-a52e-4f735466cecf":"327e20d5-06ad-4a99-9593-dfa0b5147e75"},{"element-6066-11e4-a52e-4f735466cecf":"82604119-5675-48a8-8378-5e9ead79208d"},{"element-6066-11e4-a52e-4f735466cecf":"e65055d2-7b37-4f59-95ac-0e75b8677630"},{"element-6066-11e4-a52e-4f735466cecf":"1512f01b-c19f-4023-9570-2e6b1e3f9773"},{"element-6066-11e4-a52e-4f735466cecf":"c613924b-2076-4a15-a584-414005573b69"},{"element-6066-11e4-a52e-4f735466cecf":"7e1d97c9-f483-436a-b19e-3a26ba189984"},{"element-6066-11e4-a52e-4f735466cecf":"f67b0095-8741-4cf7-b703-f7d8a2a3ecfe"},{"element-6066-11e4-a52e-4f735466cecf":"23ae2aaa-cd52-4a8f-80d5-ad1e898f4d06"},{"element-6066-11e4-a52e-4f735466cecf":"1d4a021b-6494-48fa-8151-a55191e526a6"},{"element-6066-11e4-a52e-4f735466cecf":"30a6b525-1a97-4743-92ec-3c268428ef0a"},{"element-6066-11e4-a52e-4f735466cecf":"a90d50ac-952f-4a7d-bf7c-854980d6361b"},{"element-6066-11e4-a52e-4f735466cecf":"fdef5182-6eef-49fc-a9a8-9d07d47553c5"},{"element-6066-11e4-a52e-4f735466cecf":"0d369a6c-29b2-41f0-a929-4abdc882f3d6"},{"element-6066-11e4-a52e-4f735466cecf":"45900c14-2816-4870-bdc8-9d7ec74b11c1"},{"element-6066-11e4-a52e-4f735466cecf":"b1bfd4e6-bcb6-45c2-b446-6ea8b2a2f95d"},{"element-6066-11e4-a52e-4f735466cecf":"a3db3dce-7abf-479f-9b24-dc31a1131669"},{"element-6066-11e4-a52e-4f735466cecf":"a6a9d8db-9ab7-46a4-9f34-eb3e61e9b422"},{"element-6066-11e4-a52e-4f735466cecf":"2637f56a-609f-4d44-94c8-c95d232eb0a4"},{"element-6066-11e4-a52e-4f735466cecf":"cefee7b3-151e-40ea-b2f1-335be9f239a5"},{"element-6066-11e4-a52e-4f735466cecf":"cb89218b-d2c2-4d21-a2fe-b752557498b7"},{"element-6066-11e4-a52e-4f735466cecf":"8c9fa332-5539-4822-b942-06d9b6ac19c1"},{"element-6066-11e4-a52e-4f735466cecf":"40dd0e05-9b14-47a1-a534-c17f6f98e175"},{"element-6066-11e4-a52e-4f735466cecf":"b7d25758-daa9-45bb-b45e-3093384642d0"},{"element-6066-11e4-a52e-4f735466cecf":"e3b81699-2d10-4f02-a65d-48bc1570e43c"},{"element-6066-11e4-a52e-4f735466cecf":"2f44c250-26a9-45f5-8632-a49732791282"},{"element-6066-11e4-a52e-4f735466cecf":"9e124b06-41bf-4a4e-b15c-9ab9e660b721"},{"element-6066-11e4-a52e-4f735466cecf":"a8cd8a63-6e3e-4eb2-9da8-31d14e0aa8be"},{"element-6066-11e4-a52e-4f735466cecf":"dacf20ce-5af8-4b65-a5c8-8826973c91a9"},{"element-6066-11e4-a52e-4f735466cecf":"85a1d38c-100f-4a0f-a51c-23f486ae8004"},{"element-6066-11e4-a52e-4f735466cecf":"fe633230-e7d1-48bf-a17e-f9fda36d33ed"},{"element-6066-11e4-a52e-4f735466cecf":"30e8e9b0-c2b9-480f-bd04-40a27faa4d10"},{"element-6066-11e4-a52e-4f735466cecf":"0c9f6ee6-77b7-4439-aedb-a54ce0e0065c"},{"element-6066-11e4-a52e-4f735466cecf":"826bc444-c832-4fd6-97fc-a6ad1c9b6a5e"},{"element-6066-11e4-a52e-4f735466cecf":"8b948fa6-55fe-4301-833f-c43dd157dc0c"},{"element-6066-11e4-a52e-4f735466cecf":"e752eed0-da1d-45e0-a9eb-a97b5cd992e5"},{"element-6066-11e4-a52e-4f735466cecf":"f25bf9f4-ac25-4466-8a05-55be8f555a16"},{"element-6066-11e4-a52e-4f735466cecf":"60440e55-d9db-4332-9b45-4b96a0de55e5"},{"element-6066-11e4-a52e-4f735466cecf":"2a19e180-f06a-4ac1-83a3-914885e9d74f"},{"element-6066-11e4-a52e-4f735466cecf":"7d1149c6-131a-4af3-ba46-cbc0f268026d"},{"element-6066-11e4-a52e-4f735466cecf":"63239e40-0733-431a-85e4-5b572c53bf13"},{"element-6066-11e4-a52e-4f735466cecf":"94fc837a-a592-4855-a756-e805e4010e1c"},{"element-6066-11e4-a52e-4f735466cecf":"a5442689-e298-4037-80e4-4f911fe49e69"},{"element-6066-11e4-a52e-4f735466cecf":"08c5b97e-1bc3-439f-b8ae-eb981402a4c0"},{"element-6066-11e4-a52e-4f735466cecf":"0c3ca14f-1836-4635-be7a-8c17b47bd0fc"},{"element-6066-11e4-a52e-4f735466cecf":"071832bc-03bf-489d-85dd-7e131b20098c"},{"element-6066-11e4-a52e-4f735466cecf":"8d37197e-8316-4248-89d6-ce9ac73a3a2e"},{"element-6066-11e4-a52e-4f735466cecf":"3b17ee17-3ace-439f-9fff-6b4eb67f8e1e"},{"element-6066-11e4-a52e-4f735466cecf":"6a02aa24-2904-4ef7-b2ed-7e1d0a350f09"},{"element-6066-11e4-a52e-4f735466cecf":"b9f0bfd4-1d70-4dbb-9cb0-96ce69226c57"},{"element-6066-11e4-a52e-4f735466cecf":"74ab5ae3-59ed-4bb2-83c5-cd1a36388401"},{"element-6066-11e4-a52e-4f735466cecf":"ee14ad4b-ae43-4b34-ac6d-224640a00b0c"},{"element-6066-11e4-a52e-4f735466cecf":"43995bc5-8527-4e08-826d-6fffa4d1f648"},{"element-6066-11e4-a52e-4f735466cecf":"420806e8-98ad-4fde-9798-2351559191fe"},{"element-6066-11e4-a52e-4f735466cecf":"8edb7ce0-774c-4cee-8843-124d8bdbf68e"},{"element-6066-11e4-a52e-4f735466cecf":"44e43c07-6158-4287-ad21-e58ceba46810"},{"element-6066-11e4-a52e-4f735466cecf":"713d804f-28e0-4e01-9ac7-bd08c81f7e4e"},{"element-6066-11e4-a52e-4f735466cecf":"92f7e416-7be2-4635-8e2d-cb54988dd9c3"},{"element-6066-11e4-a52e-4f735466cecf":"79227f3d-db83-4c3b-8079-fe40e600fd91"},{"element-6066-11e4-a52e-4f735466cecf":"4e2987f3-c6da-41eb-8684-9e808aa8a124"},{"element-6066-11e4-a52e-4f735466cecf":"388f1410-e3b6-43ea-8818-48503ee2d7a3"},{"element-6066-11e4-a52e-4f735466cecf":"b07a11de-272c-4bbf-bcfb-fab62cbf6fbf"},{"element-6066-11e4-a52e-4f735466cecf":"6415ccc7-6ad7-4e7f-b769-39bd4dcb98b0"},{"element-6066-11e4-a52e-4f735466cecf":"f4c04280-c407-4f73-9a5a-5ee213b65933"},{"element-6066-11e4-a52e-4f735466cecf":"e0a4b4b7-8b04-4509-b69a-05e931559a47"},{"element-6066-11e4-a52e-4f735466cecf":"a0f477a5-b592-4f84-9935-b0f8881fecd4"},{"element-6066-11e4-a52e-4f735466cecf":"32bb6aa5-69bf-4cd3-ab40-75058c491ccf"},{"element-6066-11e4-a52e-4f735466cecf":"4100a9c7-2b66-46e7-8fe0-346821444634"},{"element-6066-11e4-a52e-4f735466cecf":"28facbdd-fe2c-4995-b0eb-928febc0ab87"},{"element-6066-11e4-a52e-4f735466cecf":"98424f2e-bc61-4c09-b7ce-b9180e9f06c8"},{"element-6066-11e4-a52e-4f735466cecf":"7b4eb15d-a83c-4e94-adb5-370ddb9a1bf7"},{"element-6066-11e4-a52e-4f735466cecf":"72e4ff21-f318-4c35-afe8-f522be11517b"},{"element-6066-11e4-a52e-4f735466cecf":"fbd54b0c-5bca-49bf-8a8b-a7faafcc68fe"},{"element-6066-11e4-a52e-4f735466cecf":"e4e5cd54-5513-4882-96ef-2f34a3168792"},{"element-6066-11e4-a52e-4f735466cecf":"b7e0e776-9282-4716-b746-c7c082ef2077"},{"element-6066-11e4-a52e-4f735466cecf":"a6d6766d-e340-41fb-9cee-703aa2071347"},{"element-6066-11e4-a52e-4f735466cecf":"b324484b-cb0a-4966-915f-5c8bf632a436"},{"element-6066-11e4-a52e-4f735466cecf":"d1bcb5f0-911f-4b55-b08c-82a2a5df7733"},{"element-6066-11e4-a52e-4f735466cecf":"7a55b1a1-06db-4503-adac-b7fa1e68116a"},{"element-6066-11e4-a52e-4f735466cecf":"a694f5b5-79f1-49aa-bd62-00fdeb4dfe0c"},{"element-6066-11e4-a52e-4f735466cecf":"ef231f41-5aa4-47be-a531-a2c947a0367e"},{"element-6066-11e4-a52e-4f735466cecf":"a403887a-937f-423c-8588-b0289eb70844"},{"element-6066-11e4-a52e-4f735466cecf":"b2536f71-8365-4475-8f2a-50c7ed47564e"},{"element-6066-11e4-a52e-4f735466cecf":"da4ef941-a42f-4f0d-9560-99b374ee5d26"},{"element-6066-11e4-a52e-4f735466cecf":"918c95a0-96d3-4811-9674-bd9802a5711e"},{"element-6066-11e4-a52e-4f735466cecf":"7356b8f1-4686-4f96-a1ed-b947a93c9daa"},{"element-6066-11e4-a52e-4f735466cecf":"7dab104e-347d-431e-a3b5-f9d25168a72a"},{"element-6066-11e4-a52e-4f735466cecf":"996d86a3-fa4b-414e-b3bf-ec5304cfeace"},{"element-6066-11e4-a52e-4f735466cecf":"ed7a8b25-a736-4c65-800c-1c75d8d1bc38"},{"element-6066-11e4-a52e-4f735466cecf":"567d17c2-e71e-4fe2-85b4-60312c5d433d"},{"element-6066-11e4-a52e-4f735466cecf":"4ff9568b-1a9d-47f5-a3bd-0cfeab64b243"},{"element-6066-11e4-a52e-4f735466cecf":"faca0230-bab9-4a14-84d9-12cac6e733cb"},{"element-6066-11e4-a52e-4f735466cecf":"e0fa71bf-1e2f-42c7-a21c-4aa96667f415"},{"element-6066-11e4-a52e-4f735466cecf":"54245e2b-fc75-44a4-ab8d-4f0a1123611a"},{"element-6066-11e4-a52e-4f735466cecf":"a6c22321-9b2e-4635-a355-7c50eb7887d0"},{"element-6066-11e4-a52e-4f735466cecf":"e56a3759-e0af-4588-b095-249c1493288a"},{"element-6066-11e4-a52e-4f735466cecf":"c33ac17e-32ae-4455-b895-be6804d2ce58"},{"element-6066-11e4-a52e-4f735466cecf":"b4845e36-7fca-4bf5-ac61-45a6f328a352"},{"element-6066-11e4-a52e-4f735466cecf":"41e45188-d8c0-4b51-8b17-784490e91ab2"},{"element-6066-11e4-a52e-4f735466cecf":"3b427ffe-4b4c-4e12-89c1-73c9fd267075"},{"element-6066-11e4-a52e-4f735466cecf":"c459730d-4129-4f32-8099-55c80508a0f8"},{"element-6066-11e4-a52e-4f735466cecf":"434b342c-1cb3-4008-8489-ab169da4cadb"},{"element-6066-11e4-a52e-4f735466cecf":"fb5222c9-c291-4f1f-97b4-af418b9f073a"},{"element-6066-11e4-a52e-4f735466cecf":"5762491c-38ad-4e79-9d10-78a04ebc9792"},{"element-6066-11e4-a52e-4f735466cecf":"294da30d-d1e9-4662-ab9b-deb1639b2f22"},{"element-6066-11e4-a52e-4f735466cecf":"64aec33c-5568-430e-b0e9-d1d63362c2b2"},{"element-6066-11e4-a52e-4f735466cecf":"1f197550-3763-4c7c-b90f-2a546de2e7ca"},{"element-6066-11e4-a52e-4f735466cecf":"b69c46c5-aac8-4b64-addc-4f79e27c9ed5"},{"element-6066-11e4-a52e-4f735466cecf":"bb6adc68-592f-4302-991f-c96777e8d177"},{"element-6066-11e4-a52e-4f735466cecf":"0e3e6cd9-3b9d-40a5-89a6-e5dc97a62117"},{"element-6066-11e4-a52e-4f735466cecf":"49d7bdc3-4e00-4bb9-b238-9cc56fd67338"},{"element-6066-11e4-a52e-4f735466cecf":"40e35dcf-ebb6-4ef7-a419-cb935fd9e8f7"},{"element-6066-11e4-a52e-4f735466cecf":"ffc0a5a4-cc90-41b7-b971-69ccc61326ae"},{"element-6066-11e4-a52e-4f735466cecf":"de9fd8bc-6827-4605-8329-ce0d55192293"},{"element-6066-11e4-a52e-4f735466cecf":"1536f26a-4d86-4ade-abc4-97389066c760"},{"element-6066-11e4-a52e-4f735466cecf":"f7f3302b-63b8-4e9a-9375-ece5b2f7726e"},{"element-6066-11e4-a52e-4f735466cecf":"f0279ad7-94b2-473c-9b83-5cdfd013c7e4"},{"element-6066-11e4-a52e-4f735466cecf":"8b650577-a847-48b4-8b6b-8c7e509327d5"},{"element-6066-11e4-a52e-4f735466cecf":"252ef307-f20e-437f-b34d-889f69fd5ab3"},{"element-6066-11e4-a52e-4f735466cecf":"10e5bdfc-15a9-4fbd-8736-dcebd7df17ca"},{"element-6066-11e4-a52e-4f735466cecf":"c4360ab7-5c4f-41fd-9f2f-271f5f8cc5de"},{"element-6066-11e4-a52e-4f735466cecf":"bd8556fe-d3a4-4fc7-8a52-fd59fcc79387"},{"element-6066-11e4-a52e-4f735466cecf":"63df7c68-79d1-4e7c-8b53-0e20c3092740"},{"element-6066-11e4-a52e-4f735466cecf":"7ef39d10-b63f-46f0-be4d-51380feeda5f"},{"element-6066-11e4-a52e-4f735466cecf":"da14ff44-1359-46f4-8d5f-7052d7391e4b"},{"element-6066-11e4-a52e-4f735466cecf":"f26a2e31-ca6b-400e-b2dc-aa4612b829ec"},{"element-6066-11e4-a52e-4f735466cecf":"e99eb899-9285-46d6-86fb-018804a4ff30"},{"element-6066-11e4-a52e-4f735466cecf":"3025e15f-16b8-4651-ad23-5b9219ccc8e0"},{"element-6066-11e4-a52e-4f735466cecf":"18fab5b2-ac92-43e4-b09b-4988855f139a"},{"element-6066-11e4-a52e-4f735466cecf":"53c240e3-60a1-4df4-90c7-9500a8dcebd6"},{"element-6066-11e4-a52e-4f735466cecf":"d01d7594-5b2b-4831-8981-413ad44218a4"},{"element-6066-11e4-a52e-4f735466cecf":"c43e3194-18b7-4287-8635-28c84a9be2fd"},{"element-6066-11e4-a52e-4f735466cecf":"c6b07134-6073-4bda-971e-00f37891fcac"},{"element-6066-11e4-a52e-4f735466cecf":"0e31977f-c065-46b4-b175-6c7043c34130"},{"element-6066-11e4-a52e-4f735466cecf":"55c254d6-b245-4e2f-a637-e3709a3f0240"},{"element-6066-11e4-a52e-4f735466cecf":"6f373e9d-9f10-44ab-bad3-9362d1f037de"},{"element-6066-11e4-a52e-4f735466cecf":"349dd5af-0b46-4b87-80dc-eca1ecef6c46"},{"element-6066-11e4-a52e-4f735466cecf":"dc620787-2682-48fe-93c0-33d9054d4b9f"},{"element-6066-11e4-a52e-4f735466cecf":"fc1318f3-d555-44d5-8f1b-5dc45ab944a0"},{"element-6066-11e4-a52e-4f735466cecf":"ede107f9-add4-4cc7-bd24-962fdb5b41eb"},{"element-6066-11e4-a52e-4f735466cecf":"18608c0c-0aaf-4741-8bda-9cc1dab3f331"},{"element-6066-11e4-a52e-4f735466cecf":"031c2334-8be7-4bad-813b-ef399f7e035b"},{"element-6066-11e4-a52e-4f735466cecf":"abadb513-76cb-4e2d-833c-36f6230239ea"},{"element-6066-11e4-a52e-4f735466cecf":"b6af9908-ea40-40a5-8cfc-4c4c1c17d8e3"},{"element-6066-11e4-a52e-4f735466cecf":"ddd32b53-a705-49b5-950a-f7d17d7cab8d"},{"element-6066-11e4-a52e-4f735466cecf":"3b97eb40-d67c-4af7-b807-bd310989e47d"},{"element-6066-11e4-a52e-4f735466cecf":"7ea079c1-f423-489d-b6d7-c9d538e567a4"},{"element-6066-11e4-a52e-4f735466cecf":"b70b7ebf-a64c-4204-a4b4-caa4e973c844"},{"element-6066-11e4-a52e-4f735466cecf":"e27ce0dd-6124-42d6-9324-ed7b8197f761"},{"element-6066-11e4-a52e-4f735466cecf":"72c7c2ca-5423-4584-8ccb-57ab2e9badd0"},{"element-6066-11e4-a52e-4f735466cecf":"2784fa0b-384b-44b2-8dc0-368abdcd5a71"},{"element-6066-11e4-a52e-4f735466cecf":"ac0bbbc9-fda7-4a95-b797-3580b307ad3e"},{"element-6066-11e4-a52e-4f735466cecf":"16d4f795-96a8-40c8-ab2c-4395b739374c"},{"element-6066-11e4-a52e-4f735466cecf":"9a786316-833c-46ad-afff-f7e51f6f6357"},{"element-6066-11e4-a52e-4f735466cecf":"669d3b4c-8785-4e14-af8b-a3edef71b61e"},{"element-6066-11e4-a52e-4f735466cecf":"3878c6b5-59c6-4ff3-b3fd-a35aa41a992b"},{"element-6066-11e4-a52e-4f735466cecf":"69d7267d-2d0b-4d7d-ae2a-55598f1b7e59"},{"element-6066-11e4-a52e-4f735466cecf":"c51d4f4b-0e79-449a-8e3b-c2629673d276"},{"element-6066-11e4-a52e-4f735466cecf":"c98c7459-9469-4d3d-9cac-a2e6db2f103a"},{"element-6066-11e4-a52e-4f735466cecf":"057c1769-20ae-4e47-83bc-bf7fa475a600"},{"element-6066-11e4-a52e-4f735466cecf":"a90d8414-989d-4b7f-96d9-003bd8e69cdd"},{"element-6066-11e4-a52e-4f735466cecf":"6d6f04fa-464e-4a45-b83c-68aaa04d05fe"},{"element-6066-11e4-a52e-4f735466cecf":"cfe6938e-78e7-419c-91da-770faa12e2cc"},{"element-6066-11e4-a52e-4f735466cecf":"2d4a24e6-5051-419e-af8e-8d02bace182b"},{"element-6066-11e4-a52e-4f735466cecf":"2f88a05b-bf2c-4be4-8e6a-538d9f5d2e64"},{"element-6066-11e4-a52e-4f735466cecf":"c7bf9a3f-861b-40c7-9119-b6ba35aac8a5"},{"element-6066-11e4-a52e-4f735466cecf":"29278049-f7b2-4246-adb2-f96f072b0bb5"},{"element-6066-11e4-a52e-4f735466cecf":"c95df341-5fa3-4c8e-9d58-3b4758961d3c"},{"element-6066-11e4-a52e-4f735466cecf":"193a1c97-c7f4-4c67-93e2-92e8a311c21a"},{"element-6066-11e4-a52e-4f735466cecf":"0a402db4-5f95-4b51-8387-3375e80b2d45"},{"element-6066-11e4-a52e-4f735466cecf":"d5de4e9b-d460-429a-a2a8-0c15252d0816"},{"element-6066-11e4-a52e-4f735466cecf":"a52769b8-585e-458f-9d3d-11e171eac5fd"},{"element-6066-11e4-a52e-4f735466cecf":"56a5245f-3ced-4c94-8b32-48e4faec91ff"},{"element-6066-11e4-a52e-4f735466cecf":"b32128fc-73e5-4443-86f5-366295bd6e7e"},{"element-6066-11e4-a52e-4f735466cecf":"a261e4d0-6b97-4ed6-942b-53df4443894d"},{"element-6066-11e4-a52e-4f735466cecf":"3e87f316-9e2b-47be-b1ab-a335917722fa"},{"element-6066-11e4-a52e-4f735466cecf":"7b635d61-f76b-422e-8617-96fd2a3aadbf"},{"element-6066-11e4-a52e-4f735466cecf":"5f6fe948-09e1-41f2-9739-3b9a9c23c3d5"},{"element-6066-11e4-a52e-4f735466cecf":"eaa35d94-b2d4-4d9b-80dc-fd91576fc5e2"},{"element-6066-11e4-a52e-4f735466cecf":"336a6f4d-6a72-494f-bd97-cfce03001303"},{"element-6066-11e4-a52e-4f735466cecf":"6baeb9d8-8825-4335-912b-10303b1fb77b"},{"element-6066-11e4-a52e-4f735466cecf":"4210fb8f-c86b-4dd4-a367-6a100af74922"},{"element-6066-11e4-a52e-4f735466cecf":"a2e08d94-5cd9-4f08-8f4a-d6513593e0d8"},{"element-6066-11e4-a52e-4f735466cecf":"524bab86-232c-4431-9092-6c25fb35a912"},{"element-6066-11e4-a52e-4f735466cecf":"8321c546-80e5-4662-ac86-7a3d89c69e62"},{"element-6066-11e4-a52e-4f735466cecf":"9c92b442-d015-403f-a067-2fc798999828"},{"element-6066-11e4-a52e-4f735466cecf":"2d657d6e-1811-472b-9ea8-b50d67595e4e"},{"element-6066-11e4-a52e-4f735466cecf":"c2420f00-988f-488d-b571-59983750e16b"},{"element-6066-11e4-a52e-4f735466cecf":"14b43c1d-b935-4914-9333-17f9af4b7af7"},{"element-6066-11e4-a52e-4f735466cecf":"94038aae-321a-4839-8a3c-2989e8c0dd50"},{"element-6066-11e4-a52e-4f735466cecf":"ecf49f93-dfd7-42bd-8d5b-5ce62d2c6a1d"},{"element-6066-11e4-a52e-4f735466cecf":"b1ccba65-3078-49f1-ba05-1d0d45f743a2"},{"element-6066-11e4-a52e-4f735466cecf":"f0a122b6-ecfd-476e-bd4b-b90de48781ae"},{"element-6066-11e4-a52e-4f735466cecf":"bbf3167c-ccf9-4689-88ab-6bdd6e14f7ec"},{"element-6066-11e4-a52e-4f735466cecf":"6e4faacb-687b-42a7-88d6-774eec432a3a"},{"element-6066-11e4-a52e-4f735466cecf":"8be7fe85-9868-4102-95cd-1b4bd572861f"},{"element-6066-11e4-a52e-4f735466cecf":"aefa8f4a-6d80-4c3a-aa62-dcda97e9d0f8"},{"element-6066-11e4-a52e-4f735466cecf":"0798c248-f386-478b-91dc-630081b72172"},{"element-6066-11e4-a52e-4f735466cecf":"f36df2e4-6fd7-4001-a820-e2b30568acce"},{"element-6066-11e4-a52e-4f735466cecf":"98980b5c-2d46-4abe-ac69-4153debad215"},{"element-6066-11e4-a52e-4f735466cecf":"cf574d61-75f7-4847-af0a-02e0c839ba71"},{"element-6066-11e4-a52e-4f735466cecf":"551b7373-d203-4a06-9d5e-5b1d93c952d5"},{"element-6066-11e4-a52e-4f735466cecf":"cbc85b4a-9ce4-4e13-94cf-ef66fc6470a3"},{"element-6066-11e4-a52e-4f735466cecf":"024da78d-1d8e-41a0-af48-dd0a62aa11d6"},{"element-6066-11e4-a52e-4f735466cecf":"516e2edc-8082-4f7a-952c-100780cab43a"},{"element-6066-11e4-a52e-4f735466cecf":"857b0106-e863-4801-a792-5a1ac13b362f"},{"element-6066-11e4-a52e-4f735466cecf":"44026b57-d225-4fb9-83f6-cc0f05978831"},{"element-6066-11e4-a52e-4f735466cecf":"b2944ae0-4fcf-40e6-a8f4-b37fc98c40d5"},{"element-6066-11e4-a52e-4f735466cecf":"9548ebc4-a004-4051-9057-786253fbbb27"},{"element-6066-11e4-a52e-4f735466cecf":"30c9172c-0218-459a-b7ec-4017ceffa44c"},{"element-6066-11e4-a52e-4f735466cecf":"9904d99d-2885-44d0-b342-6f49a5be00a0"},{"element-6066-11e4-a52e-4f735466cecf":"f35aadf7-d8fc-4795-b666-ede5739934a5"},{"element-6066-11e4-a52e-4f735466cecf":"5c4a884d-209c-47d9-9b1a-2cb955c63578"},{"element-6066-11e4-a52e-4f735466cecf":"9422e4a9-7186-45dd-a13e-1135b80e4485"},{"element-6066-11e4-a52e-4f735466cecf":"a05c3510-fecf-40c5-a753-75f17fe582ae"},{"element-6066-11e4-a52e-4f735466cecf":"3d05d403-e4d7-478f-b928-69947ca3c648"},{"element-6066-11e4-a52e-4f735466cecf":"3eb047c9-9dfa-4578-a50a-0ed768ded2af"},{"element-6066-11e4-a52e-4f735466cecf":"a53aa760-9b82-493f-8e53-95bde6565d61"},{"element-6066-11e4-a52e-4f735466cecf":"782bdfa0-92c1-457e-af65-88f71b667504"},{"element-6066-11e4-a52e-4f735466cecf":"02ebeddc-087c-431e-be22-ea960be03477"},{"element-6066-11e4-a52e-4f735466cecf":"20cac3a9-1002-42a7-8628-8b446851e398"},{"element-6066-11e4-a52e-4f735466cecf":"da44e31c-0de7-4235-8987-a8dcc050f3e8"},{"element-6066-11e4-a52e-4f735466cecf":"6f66da7c-013d-441c-8218-a43954bd92aa"},{"element-6066-11e4-a52e-4f735466cecf":"3699593d-e3a4-42b0-ad53-e660e19777bc"},{"element-6066-11e4-a52e-4f735466cecf":"25e738ad-218c-46fc-944a-956c0ae536fa"},{"element-6066-11e4-a52e-4f735466cecf":"71dda254-859c-4ff7-a372-d30c7e86d65f"},{"element-6066-11e4-a52e-4f735466cecf":"2779a573-6d33-4bc0-b705-8de7ac2bf48e"},{"element-6066-11e4-a52e-4f735466cecf":"d5ac60a9-069b-4f1d-868e-42a77a702caf"},{"element-6066-11e4-a52e-4f735466cecf":"d71bd189-8387-433e-b7f7-754bfcbb52e9"},{"element-6066-11e4-a52e-4f735466cecf":"a9e44519-57b0-4c25-90e6-fe0b5f3d7594"},{"element-6066-11e4-a52e-4f735466cecf":"db19bb1e-6002-4311-9ec3-f9d87cc97d12"},{"element-6066-11e4-a52e-4f735466cecf":"0297cece-71d3-4d35-a77b-e42e209d42c5"},{"element-6066-11e4-a52e-4f735466cecf":"94075e6e-5f99-46cf-a0a0-26e28ee14ab5"},{"element-6066-11e4-a52e-4f735466cecf":"d373f1df-69ac-454d-98b8-ba7ef331b42b"},{"element-6066-11e4-a52e-4f735466cecf":"d3c823df-264b-4c6c-81d8-de7951797dd1"},{"element-6066-11e4-a52e-4f735466cecf":"8d1d1bfb-b823-4c4d-a187-248b7fb85e17"},{"element-6066-11e4-a52e-4f735466cecf":"dc8125b3-5172-4f85-bb78-b155f5c2d109"},{"element-6066-11e4-a52e-4f735466cecf":"4c0f3138-3af5-4c23-976c-705d2097749d"},{"element-6066-11e4-a52e-4f735466cecf":"759b79bb-7775-43f2-a646-90edaa221f01"},{"element-6066-11e4-a52e-4f735466cecf":"1cd74fe3-a1f5-4c6c-82ce-ef1402fb755d"},{"element-6066-11e4-a52e-4f735466cecf":"893d511a-ddf9-4472-b675-4ee98dd9772e"},{"element-6066-11e4-a52e-4f735466cecf":"efbff540-49ec-49c8-841e-42b1140a01f9"},{"element-6066-11e4-a52e-4f735466cecf":"be7ecc4f-3f52-41bc-967b-2240d62e125e"},{"element-6066-11e4-a52e-4f735466cecf":"902d500e-2dac-41cd-994d-28289f9eb266"},{"element-6066-11e4-a52e-4f735466cecf":"21f5d4c2-0516-437c-a2a2-e1fc14e4f093"},{"element-6066-11e4-a52e-4f735466cecf":"aed7e255-1772-4718-987a-bc01547fa50e"},{"element-6066-11e4-a52e-4f735466cecf":"3b3ed4d6-8c1a-493d-9544-44f5c54727de"},{"element-6066-11e4-a52e-4f735466cecf":"7db53c6c-bccc-482c-a800-bc6782b33a90"},{"element-6066-11e4-a52e-4f735466cecf":"487aa8dc-873b-4bdc-95af-dea8eac3c1f5"},{"element-6066-11e4-a52e-4f735466cecf":"4ee7cd35-9a03-4a13-9a9f-b6fa6fd2a99b"},{"element-6066-11e4-a52e-4f735466cecf":"50d7455e-b585-496e-a11e-8590d20d25ae"},{"element-6066-11e4-a52e-4f735466cecf":"a3a096ae-d7fb-49eb-b8ae-09822fb5db4a"},{"element-6066-11e4-a52e-4f735466cecf":"e42fd176-d7fd-49c8-a3f8-b82b5c1607b5"},{"element-6066-11e4-a52e-4f735466cecf":"a5e95b26-d946-4588-9cdf-7394f776a628"},{"element-6066-11e4-a52e-4f735466cecf":"cede697a-c355-4cab-8586-34aa9e7eb376"},{"element-6066-11e4-a52e-4f735466cecf":"0de5de9f-bc38-476c-867a-fec0410b9db3"},{"element-6066-11e4-a52e-4f735466cecf":"1d081813-239a-41f3-8525-969b2ac9ba11"},{"element-6066-11e4-a52e-4f735466cecf":"af9cabad-8d3b-47fb-96a7-fc7e19ea7649"},{"element-6066-11e4-a52e-4f735466cecf":"3fb4c67c-07e4-459d-b543-195c0cbf0043"},{"element-6066-11e4-a52e-4f735466cecf":"7e6b7ffd-2856-4848-906d-fb9490511c3a"},{"element-6066-11e4-a52e-4f735466cecf":"ccea659d-3132-4234-89d4-4a661fdf8a28"},{"element-6066-11e4-a52e-4f735466cecf":"c4bb4252-f5c8-4cca-8c3b-208e69b6251c"},{"element-6066-11e4-a52e-4f735466cecf":"7815b31f-dc29-42f1-ad8c-8d9854d46236"},{"element-6066-11e4-a52e-4f735466cecf":"5d6b2228-affe-4719-85e9-5104928db747"},{"element-6066-11e4-a52e-4f735466cecf":"2f646e82-0e35-40d2-a532-92d35588dd9e"},{"element-6066-11e4-a52e-4f735466cecf":"09f36d72-009c-444d-9db6-2590d17422c5"},{"element-6066-11e4-a52e-4f735466cecf":"8f1b658f-3c5c-4c0f-98fd-0baf3ed3d9a8"},{"element-6066-11e4-a52e-4f735466cecf":"31441644-a361-465f-a138-debbd65a5e29"},{"element-6066-11e4-a52e-4f735466cecf":"ee0e7ed6-c7f7-4b86-b850-75c59772bf56"},{"element-6066-11e4-a52e-4f735466cecf":"437146fe-9d89-4cf8-8ba6-7bf24b59cbb4"},{"element-6066-11e4-a52e-4f735466cecf":"5d5c2157-2583-4fb2-99e2-ca4513223907"},{"element-6066-11e4-a52e-4f735466cecf":"1349ef80-d974-4cd3-ad55-e32c105f7d87"},{"element-6066-11e4-a52e-4f735466cecf":"2a25cea1-ec29-407f-b76f-66b37940c0c3"},{"element-6066-11e4-a52e-4f735466cecf":"d60d5291-7290-4be5-8a50-23a38ef08395"},{"element-6066-11e4-a52e-4f735466cecf":"e27ddb99-2579-4b9c-b450-05ed5e277965"},{"element-6066-11e4-a52e-4f735466cecf":"7e07f244-62d2-4232-9718-371ea64ed9f0"},{"element-6066-11e4-a52e-4f735466cecf":"9a89f32c-c28f-474c-a4fe-1bf186c03f49"},{"element-6066-11e4-a52e-4f735466cecf":"89597175-ee60-4113-9159-79731f828f5b"},{"element-6066-11e4-a52e-4f735466cecf":"38fe7fe1-1409-470c-9082-e1192f678d39"},{"element-6066-11e4-a52e-4f735466cecf":"c17edf04-09e0-4130-8535-3ac3ac687e3c"},{"element-6066-11e4-a52e-4f735466cecf":"f3ddb2b7-2aac-466c-9100-2a95783cfb88"},{"element-6066-11e4-a52e-4f735466cecf":"b2299624-95d9-49f6-a1aa-947bad721e70"},{"element-6066-11e4-a52e-4f735466cecf":"9ca83da7-b934-4b14-9e7b-54f9a1d8272a"},{"element-6066-11e4-a52e-4f735466cecf":"4784e49b-02ba-4de1-98ba-622017d387f0"},{"element-6066-11e4-a52e-4f735466cecf":"37edae21-1382-47c8-bc9d-f1da63e0cae8"},{"element-6066-11e4-a52e-4f735466cecf":"f733450e-9647-4bf8-be70-ac338ec0338f"},{"element-6066-11e4-a52e-4f735466cecf":"9a34c21c-8723-41fd-8075-053ccada34c9"},{"element-6066-11e4-a52e-4f735466cecf":"88dc8d62-1e97-492e-bf8b-34ae1de0e481"},{"element-6066-11e4-a52e-4f735466cecf":"469c6f1f-f9d9-4a36-911d-d4f131306bce"},{"element-6066-11e4-a52e-4f735466cecf":"4b1664d3-978b-4593-bfa6-722d6893c360"},{"element-6066-11e4-a52e-4f735466cecf":"d3685a1a-00ab-4c65-8e0a-b9fda201913d"},{"element-6066-11e4-a52e-4f735466cecf":"27bf6b44-ae3c-4612-81e3-7c0a941c7b0b"},{"element-6066-11e4-a52e-4f735466cecf":"69f639f6-b330-4a51-a251-550c6c0e51f2"},{"element-6066-11e4-a52e-4f735466cecf":"e7b90f99-54e8-432e-9b44-45f97a99867e"},{"element-6066-11e4-a52e-4f735466cecf":"5cf937e7-1e92-4c54-a15a-be12f5573b62"},{"element-6066-11e4-a52e-4f735466cecf":"597189e4-2f54-45dd-9c6e-7e503be43e5b"},{"element-6066-11e4-a52e-4f735466cecf":"fb3cc930-b3e4-4a79-8253-6fd644acd8b2"},{"element-6066-11e4-a52e-4f735466cecf":"6736387c-f3f4-4f45-ad51-2237516bd047"},{"element-6066-11e4-a52e-4f735466cecf":"77470b3c-fb0e-4e18-80d2-beca8479c32e"},{"element-6066-11e4-a52e-4f735466cecf":"ad722101-001d-4e56-b6c5-fcdfa2223636"},{"element-6066-11e4-a52e-4f735466cecf":"707d1aeb-eaed-4114-902d-f53b06435506"},{"element-6066-11e4-a52e-4f735466cecf":"29433276-c755-4473-993b-badb9a667042"},{"element-6066-11e4-a52e-4f735466cecf":"b2840f2a-573f-4ffc-9228-9178b96d3b35"},{"element-6066-11e4-a52e-4f735466cecf":"32f5a7c8-3300-4a8b-af77-4cb363a04c0d"},{"element-6066-11e4-a52e-4f735466cecf":"945c4b24-7465-4025-8d6b-b039583ccb46"},{"element-6066-11e4-a52e-4f735466cecf":"f038c4c3-5f4c-4c67-a38d-dbcd68eb81f5"},{"element-6066-11e4-a52e-4f735466cecf":"c523987b-9640-4d21-b5e8-d2225f404cc2"},{"element-6066-11e4-a52e-4f735466cecf":"a205a3c0-2135-4271-9eea-b5cc579db557"},{"element-6066-11e4-a52e-4f735466cecf":"ef5aeaa9-b203-4aee-9a02-99a5767dea3b"},{"element-6066-11e4-a52e-4f735466cecf":"fa13fea8-8d27-41e7-b51d-8d0bc102c8c5"},{"element-6066-11e4-a52e-4f735466cecf":"d3a25880-98da-43d2-ae2d-bf5122990531"},{"element-6066-11e4-a52e-4f735466cecf":"e7e21933-9784-4215-aff7-7225883ff34e"},{"element-6066-11e4-a52e-4f735466cecf":"aaf064a6-8fd7-480f-9bcc-920f2692fb84"},{"element-6066-11e4-a52e-4f735466cecf":"fd9d461a-787f-4d35-8f89-2c4c51458ff0"},{"element-6066-11e4-a52e-4f735466cecf":"3c85015d-de80-4290-b935-1db2783bb8df"},{"element-6066-11e4-a52e-4f735466cecf":"c4ad08c9-0539-41d5-9967-92e2b93b9909"},{"element-6066-11e4-a52e-4f735466cecf":"4a7f3e73-c4bb-445e-8673-95a80008978a"},{"element-6066-11e4-a52e-4f735466cecf":"adbc4861-562c-46e2-8f66-f5b8b86680f9"},{"element-6066-11e4-a52e-4f735466cecf":"825341fa-49bd-43e7-b5e4-d07edcd7a066"},{"element-6066-11e4-a52e-4f735466cecf":"c768bb1a-9c7d-4010-a025-1134d2fdb10c"},{"element-6066-11e4-a52e-4f735466cecf":"ce04ee1f-37cc-40fc-a1b5-b7096c81ad86"},{"element-6066-11e4-a52e-4f735466cecf":"63db4206-cdba-462b-9c98-c58b8341a168"},{"element-6066-11e4-a52e-4f735466cecf":"bb75ae1d-dfdb-4920-9431-354ca18007d3"},{"element-6066-11e4-a52e-4f735466cecf":"089d5275-12c9-4187-b18f-b00ac89c7171"},{"element-6066-11e4-a52e-4f735466cecf":"ef5ebd0f-5391-440a-b24f-2e5611ee219b"},{"element-6066-11e4-a52e-4f735466cecf":"62cb6e89-c695-4eea-9b31-7da66a058b83"},{"element-6066-11e4-a52e-4f735466cecf":"bdf6148a-1ad0-4833-b998-16591b8423ea"},{"element-6066-11e4-a52e-4f735466cecf":"91a7c9ad-c7e1-4525-b14b-1ffd97d0fcf2"},{"element-6066-11e4-a52e-4f735466cecf":"5a17bd5f-2196-4be4-9dac-42d1c88fbd0b"},{"element-6066-11e4-a52e-4f735466cecf":"7b38ba7a-9550-445e-b697-281991f394db"},{"element-6066-11e4-a52e-4f735466cecf":"57421f03-5316-48b3-a0b5-edddafff3d96"},{"element-6066-11e4-a52e-4f735466cecf":"38b503cc-bcef-449b-849a-6393869c4c7c"},{"element-6066-11e4-a52e-4f735466cecf":"73502f4b-550b-4513-95c0-f9f1933b90a2"},{"element-6066-11e4-a52e-4f735466cecf":"829c4241-84d2-4eec-a3a6-ec2efa59ce3e"},{"element-6066-11e4-a52e-4f735466cecf":"459448cb-5d4d-4310-8ab0-737a37f0619e"},{"element-6066-11e4-a52e-4f735466cecf":"c5c631eb-cf1d-477f-a944-53477abdeb16"},{"element-6066-11e4-a52e-4f735466cecf":"fb3e9e63-abed-425b-8116-91e053466220"},{"element-6066-11e4-a52e-4f735466cecf":"55a1cd1a-81a1-4737-b7c8-ceea23c2e1c3"},{"element-6066-11e4-a52e-4f735466cecf":"11ee57dc-d2fd-460a-b893-92606f86474d"},{"element-6066-11e4-a52e-4f735466cecf":"e39f48ef-6954-45a0-874c-f7b237dfa32f"},{"element-6066-11e4-a52e-4f735466cecf":"260a569c-781d-4d01-becd-faaf1de70a16"},{"element-6066-11e4-a52e-4f735466cecf":"6f80f004-b5a2-4b2c-9cad-96f9a1413d6e"},{"element-6066-11e4-a52e-4f735466cecf":"ee28fbcd-2194-4673-8480-9c454a8ab5a3"},{"element-6066-11e4-a52e-4f735466cecf":"984ccb12-6edc-40b3-9442-91be1c6bcaba"},{"element-6066-11e4-a52e-4f735466cecf":"319a9ce4-96c2-425f-ae85-53ee8f39ffc6"},{"element-6066-11e4-a52e-4f735466cecf":"4ce22f65-20f8-4148-abd3-4f37139204a3"},{"element-6066-11e4-a52e-4f735466cecf":"43a250cd-104b-43b0-8672-d92168e6e4b3"},{"element-6066-11e4-a52e-4f735466cecf":"37c951e9-01f8-4d73-9960-354242608e6b"},{"element-6066-11e4-a52e-4f735466cecf":"b1a81f80-11ed-4bec-b116-f01c34837e46"},{"element-6066-11e4-a52e-4f735466cecf":"b6fa24e1-4550-4e96-a079-594dfd1d19c1"},{"element-6066-11e4-a52e-4f735466cecf":"073a138e-cefc-4960-9fbd-7923b48442d2"},{"element-6066-11e4-a52e-4f735466cecf":"117cfa43-1e16-4785-81f2-a9a971231d4f"},{"element-6066-11e4-a52e-4f735466cecf":"a0a9c22b-35ce-4eb4-90b2-1ffc688bdc88"},{"element-6066-11e4-a52e-4f735466cecf":"c8f26ea7-ffdb-451b-a725-a78f97823285"},{"element-6066-11e4-a52e-4f735466cecf":"d2b5cd0d-7157-468e-8b7c-5eb09abeca8a"},{"element-6066-11e4-a52e-4f735466cecf":"eb97e3ee-0f4a-4c42-b766-4ce0223efc33"},{"element-6066-11e4-a52e-4f735466cecf":"8b77794f-713d-4a25-8809-c6cf4f1144d7"},{"element-6066-11e4-a52e-4f735466cecf":"793d39ad-e2cc-488d-975b-d5f7baca2866"},{"element-6066-11e4-a52e-4f735466cecf":"fdff848a-1075-47f7-bc98-30f9d28d6c44"},{"element-6066-11e4-a52e-4f735466cecf":"b2c54c08-c21c-475a-b851-1d7f02ac1535"},{"element-6066-11e4-a52e-4f735466cecf":"bf6d44fb-477c-4745-9f67-c05ec01a70b4"},{"element-6066-11e4-a52e-4f735466cecf":"51756dad-b0d9-4c8c-ad4b-eab1b6ce0523"},{"element-6066-11e4-a52e-4f735466cecf":"731dbc14-5ba7-4755-b63c-930355393832"},{"element-6066-11e4-a52e-4f735466cecf":"0f4550fa-cd95-4ca4-b4fb-5a97a8db0df1"},{"element-6066-11e4-a52e-4f735466cecf":"6f780b3f-807a-45de-be0c-aa22151f44a7"},{"element-6066-11e4-a52e-4f735466cecf":"c37c386d-9ad6-4383-a2e2-efc317bf467b"},{"element-6066-11e4-a52e-4f735466cecf":"8220b7d1-6c65-4361-ba77-4bd28ca488b7"},{"element-6066-11e4-a52e-4f735466cecf":"8f1cfc2c-e841-426a-82a0-6347a04df732"},{"element-6066-11e4-a52e-4f735466cecf":"3c760f10-40b5-4e5a-adbd-5455829db135"},{"element-6066-11e4-a52e-4f735466cecf":"c2f41a3f-109a-4328-b9b2-b6c6e53d5ab6"},{"element-6066-11e4-a52e-4f735466cecf":"87f7ea41-0d00-455f-b72e-bc9750940a3f"},{"element-6066-11e4-a52e-4f735466cecf":"6ddb4e8f-9f3a-489c-ac6d-6b9745913a40"},{"element-6066-11e4-a52e-4f735466cecf":"dc2bcad3-25ff-4598-912c-b0c4432bdc04"},{"element-6066-11e4-a52e-4f735466cecf":"f98f4217-0b48-456e-98fb-f8780d94be59"},{"element-6066-11e4-a52e-4f735466cecf":"2919ad43-a6aa-48d0-93c2-28733265def9"},{"element-6066-11e4-a52e-4f735466cecf":"36e4c88a-0a5d-4b7d-abe8-86ff134360b6"},{"element-6066-11e4-a52e-4f735466cecf":"01eddd0f-b9df-49e3-a615-e366577ffd16"},{"element-6066-11e4-a52e-4f735466cecf":"51b66a10-0e24-4ec9-b1cd-fae71caf9fd2"},{"element-6066-11e4-a52e-4f735466cecf":"cba6cfde-6f96-46e5-9878-432b1459e104"},{"element-6066-11e4-a52e-4f735466cecf":"624d9ebd-9b2d-44c2-bae6-1945432babc2"},{"element-6066-11e4-a52e-4f735466cecf":"83eb1004-8148-4782-9305-33e31fa7e576"},{"element-6066-11e4-a52e-4f735466cecf":"4de17c9b-009c-44e3-89aa-526ed359d763"},{"element-6066-11e4-a52e-4f735466cecf":"32162194-8641-4ffb-ab78-eeb90fa2d3d7"},{"element-6066-11e4-a52e-4f735466cecf":"cd5cd7e6-cc8b-46dc-bdc2-c3a825b52c37"},{"element-6066-11e4-a52e-4f735466cecf":"cfed55b6-1ffc-4807-9889-95e8f27e37e7"},{"element-6066-11e4-a52e-4f735466cecf":"0984a971-7cd6-4fd7-9e16-51cec6e7ad73"},{"element-6066-11e4-a52e-4f735466cecf":"ec3b0767-ec6e-457d-bef5-0e4073f88cb4"},{"element-6066-11e4-a52e-4f735466cecf":"cff66201-a278-4b08-b296-ec4e405407b1"},{"element-6066-11e4-a52e-4f735466cecf":"453a1d11-4cab-47f2-8077-33eef17d3cdd"},{"element-6066-11e4-a52e-4f735466cecf":"d78b10ae-dfff-42ee-a4c6-3d3d1ae6d293"},{"element-6066-11e4-a52e-4f735466cecf":"dc0cda02-c052-48b7-8435-04cfa8fa4cca"},{"element-6066-11e4-a52e-4f735466cecf":"19e66c12-13a2-4a5a-8ba8-52c7db25915c"},{"element-6066-11e4-a52e-4f735466cecf":"d570c98c-0e00-4c84-8db8-f0078ad4e4b3"},{"element-6066-11e4-a52e-4f735466cecf":"8e0d9093-c979-494c-ac44-8c2760ebf519"},{"element-6066-11e4-a52e-4f735466cecf":"7d4233ec-5c3e-4fd1-b0cd-d179981783bd"},{"element-6066-11e4-a52e-4f735466cecf":"259cd75c-b385-45b4-86ee-aa88b83f4215"},{"element-6066-11e4-a52e-4f735466cecf":"6bdf2084-4070-4649-b580-8bac7d23311a"},{"element-6066-11e4-a52e-4f735466cecf":"f5ec5392-4c76-45a3-a571-24f82146fc6b"},{"element-6066-11e4-a52e-4f735466cecf":"4e612c36-b992-43c3-96a3-405032849482"},{"element-6066-11e4-a52e-4f735466cecf":"083265a2-90ef-4fc4-a329-82c5bb193dda"},{"element-6066-11e4-a52e-4f735466cecf":"0e764af7-bd34-49ab-8612-d4f0d9cf84fd"},{"element-6066-11e4-a52e-4f735466cecf":"74ca6c50-3097-4086-842b-fe44d318537b"},{"element-6066-11e4-a52e-4f735466cecf":"1fd7f9ba-00ce-4ca8-b5e3-03de317a8465"},{"element-6066-11e4-a52e-4f735466cecf":"4837507f-44fc-44b0-91f5-f09ae4b071c6"},{"element-6066-11e4-a52e-4f735466cecf":"4c260c8b-8d5e-4b6e-b785-9721a4f73f6c"},{"element-6066-11e4-a52e-4f735466cecf":"643a5907-2c63-42ef-a9d6-9b032716f013"},{"element-6066-11e4-a52e-4f735466cecf":"621feae6-88e8-4ac9-9182-ca8605b0e216"},{"element-6066-11e4-a52e-4f735466cecf":"36b8b6b6-bdcf-4303-be60-daa0a3ffba10"},{"element-6066-11e4-a52e-4f735466cecf":"e1530584-1af0-4b24-ac59-fbeef4136365"},{"element-6066-11e4-a52e-4f735466cecf":"2bd29ee3-242e-48ed-962e-c5a1e1619f43"},{"element-6066-11e4-a52e-4f735466cecf":"305e029d-8992-4bd2-91b9-4f449e9de250"},{"element-6066-11e4-a52e-4f735466cecf":"4d4b931e-6904-4b29-a02d-fe39f52bad97"},{"element-6066-11e4-a52e-4f735466cecf":"6c342e45-4b24-427a-b3d4-ef62ea78e280"},{"element-6066-11e4-a52e-4f735466cecf":"e20d61b6-3841-42c6-95f6-984011d43a0e"},{"element-6066-11e4-a52e-4f735466cecf":"37097a1d-2191-4a0e-be07-27e21ad1c153"},{"element-6066-11e4-a52e-4f735466cecf":"ec6959bc-4418-4fa1-bb83-eed04fcac4a9"},{"element-6066-11e4-a52e-4f735466cecf":"d046a713-9d65-4396-bd35-1aa18ea54e40"},{"element-6066-11e4-a52e-4f735466cecf":"583ad0c2-425a-4375-9887-9e20f897fdcd"},{"element-6066-11e4-a52e-4f735466cecf":"d24f68b9-2832-4798-801c-cd544e05ea72"},{"element-6066-11e4-a52e-4f735466cecf":"17ecc25a-5317-4fe6-911f-036af4a9bd98"},{"element-6066-11e4-a52e-4f735466cecf":"b40c81e4-0f00-4a5f-b016-8f2623bf24c4"},{"element-6066-11e4-a52e-4f735466cecf":"f8fabf1a-65a9-4093-bb18-4c1b802c2419"},{"element-6066-11e4-a52e-4f735466cecf":"4f14a655-9eba-44d0-b901-b57cf9fc3c18"},{"element-6066-11e4-a52e-4f735466cecf":"c3962b5a-920c-411a-a334-9f09c650b75c"},{"element-6066-11e4-a52e-4f735466cecf":"9ecb19f5-a5d5-426b-96bf-ab60469a0a1f"},{"element-6066-11e4-a52e-4f735466cecf":"67298d8d-372c-4547-a519-43d00eb0bc55"},{"element-6066-11e4-a52e-4f735466cecf":"75e8efff-e072-4d71-9168-1600a5fae19b"},{"element-6066-11e4-a52e-4f735466cecf":"3b14c187-d6b1-4168-996e-bcf920eb1e61"},{"element-6066-11e4-a52e-4f735466cecf":"3e462fd2-ba05-4a63-acaf-0b856eb1c579"},{"element-6066-11e4-a52e-4f735466cecf":"6d8f8c5b-ded7-4313-b028-5363d025484b"},{"element-6066-11e4-a52e-4f735466cecf":"2bbb8164-54b4-473d-b562-a78f38a5d2d4"},{"element-6066-11e4-a52e-4f735466cecf":"ba4e68ed-c3c2-485b-bb6a-661d7487f43e"},{"element-6066-11e4-a52e-4f735466cecf":"8d9d7995-68e5-4179-b6f8-c97e582afca6"},{"element-6066-11e4-a52e-4f735466cecf":"a7a09e84-b2dd-4aaf-b380-1ce2c0d3666e"},{"element-6066-11e4-a52e-4f735466cecf":"40817f19-c233-442b-9df7-b2bc52358f07"},{"element-6066-11e4-a52e-4f735466cecf":"fa9eb5d2-e709-4606-9f0f-789b453e7f20"},{"element-6066-11e4-a52e-4f735466cecf":"a2c21bb9-0e93-4011-8698-07a4baf683ff"},{"element-6066-11e4-a52e-4f735466cecf":"0a913ed1-0f83-472d-adb9-95bcf2fd077e"},{"element-6066-11e4-a52e-4f735466cecf":"504ab814-7f25-4b58-bedc-baa9d5a3df5c"},{"element-6066-11e4-a52e-4f735466cecf":"ea7fec77-e2a0-4bf0-a342-a95d4b7a079b"},{"element-6066-11e4-a52e-4f735466cecf":"145c91dd-4553-4aab-bdfc-6b9417deed2c"},{"element-6066-11e4-a52e-4f735466cecf":"369b09cb-d834-4bfe-9b8a-4e639d1d4c1c"},{"element-6066-11e4-a52e-4f735466cecf":"39ece77b-cfe6-4515-a787-e34aa7c456c9"},{"element-6066-11e4-a52e-4f735466cecf":"b9a0aba7-fb3d-4218-be94-4bfa46549581"},{"element-6066-11e4-a52e-4f735466cecf":"8fd944c8-460f-4b33-8422-52e8918fa02e"},{"element-6066-11e4-a52e-4f735466cecf":"63a72db5-7ea5-4b29-a726-9696541bb253"},{"element-6066-11e4-a52e-4f735466cecf":"6ae38caf-46cd-4cdd-8e0e-46641c818935"},{"element-6066-11e4-a52e-4f735466cecf":"fc1126f3-97bd-4726-9254-92c620444dc4"},{"element-6066-11e4-a52e-4f735466cecf":"7ba7d63d-c00f-4605-a1e8-f23903a2eccf"},{"element-6066-11e4-a52e-4f735466cecf":"d7901ef7-2883-4dac-b5eb-b0521fbb00ca"},{"element-6066-11e4-a52e-4f735466cecf":"3d3f965f-a2b6-4886-850b-e4bc39f14e3e"},{"element-6066-11e4-a52e-4f735466cecf":"93580cde-191b-4ada-a6f4-1046915cf698"},{"element-6066-11e4-a52e-4f735466cecf":"9fb32d79-c20c-4d4f-afbc-20eddf6f6ffc"},{"element-6066-11e4-a52e-4f735466cecf":"98d97945-6c8d-4f59-9a2e-aecb38ae8aa7"},{"element-6066-11e4-a52e-4f735466cecf":"35fb4f90-6519-46d2-b766-5be15a993080"},{"element-6066-11e4-a52e-4f735466cecf":"d6e9b48d-8160-4d92-b00d-6f822ae01b92"},{"element-6066-11e4-a52e-4f735466cecf":"a43f80ac-6472-402d-8d79-d4f034189513"},{"element-6066-11e4-a52e-4f735466cecf":"503d3e50-e712-472b-828a-c9260436c28c"},{"element-6066-11e4-a52e-4f735466cecf":"d3d26c35-a770-4efb-8d08-d612346a2eb5"},{"element-6066-11e4-a52e-4f735466cecf":"1e55cb5f-024f-4977-ad80-cbbdf7bd75a9"},{"element-6066-11e4-a52e-4f735466cecf":"b64f88ee-8ce0-4091-ba5b-2bab3630ce0d"},{"element-6066-11e4-a52e-4f735466cecf":"3222c02c-b38f-40f5-a9aa-be2b95e90429"},{"element-6066-11e4-a52e-4f735466cecf":"0bf54fa6-bbae-4475-b886-506274e51761"},{"element-6066-11e4-a52e-4f735466cecf":"3322f639-7659-40ed-9337-51608cfe0912"},{"element-6066-11e4-a52e-4f735466cecf":"38d7a24a-f7e0-485a-8482-c74e5aa107cf"},{"element-6066-11e4-a52e-4f735466cecf":"b2621470-5e32-46b3-b5d6-dbd956b3db38"},{"element-6066-11e4-a52e-4f735466cecf":"0d3a2e98-3977-4584-bf14-d120107699e5"},{"element-6066-11e4-a52e-4f735466cecf":"59e27f2c-28bd-413b-9aa3-5badd1743cd3"},{"element-6066-11e4-a52e-4f735466cecf":"05df395d-59e1-4799-9a60-1c48d6e337f6"},{"element-6066-11e4-a52e-4f735466cecf":"0e51616c-df46-40ed-8ca8-cefce00c6e2c"},{"element-6066-11e4-a52e-4f735466cecf":"fb60dde4-bc5b-4188-b851-6ec3e010f71c"},{"element-6066-11e4-a52e-4f735466cecf":"5b4f1ca3-3ca3-46a0-adf2-ba2a0a6a1952"},{"element-6066-11e4-a52e-4f735466cecf":"8323deb2-82bc-4206-b998-a73041187265"},{"element-6066-11e4-a52e-4f735466cecf":"5afe7b54-eeb7-4ed2-9d18-7b19980230ea"},{"element-6066-11e4-a52e-4f735466cecf":"6676f6cd-2f5b-4159-90ca-7fb4703cfd37"},{"element-6066-11e4-a52e-4f735466cecf":"e25fb30c-fc61-479c-8dad-df6d5a60c9fa"},{"element-6066-11e4-a52e-4f735466cecf":"23e15f0f-1d51-4c7e-b078-b547e0f95592"},{"element-6066-11e4-a52e-4f735466cecf":"c9cc17a7-0822-4c4c-92a3-3a8fe9eb3749"},{"element-6066-11e4-a52e-4f735466cecf":"0a6b376d-4696-48bf-b4d0-44e6ea778a6b"},{"element-6066-11e4-a52e-4f735466cecf":"5656e741-d3b6-4994-92d0-0c91dc78eb4d"},{"element-6066-11e4-a52e-4f735466cecf":"4fdf3ddb-b879-411e-9010-fd2e762d0957"},{"element-6066-11e4-a52e-4f735466cecf":"bb69a53f-feca-42ef-9bc8-c746f081f91e"},{"element-6066-11e4-a52e-4f735466cecf":"a42e9590-6845-47e5-a754-7165063fb060"},{"element-6066-11e4-a52e-4f735466cecf":"13904033-c522-4a92-a955-94813fc2ba6b"},{"element-6066-11e4-a52e-4f735466cecf":"34806863-8b69-4805-866c-8cf36ebc2496"},{"element-6066-11e4-a52e-4f735466cecf":"6f536b16-a9c0-4431-94d1-5cfa44b40bea"},{"element-6066-11e4-a52e-4f735466cecf":"19b72d27-1e0d-4c84-b7b8-5a88a982235e"},{"element-6066-11e4-a52e-4f735466cecf":"4a1991e4-0ded-49bd-b861-15e3df998e14"},{"element-6066-11e4-a52e-4f735466cecf":"1c47453d-ad10-4812-8d09-a57e7b28d5a9"},{"element-6066-11e4-a52e-4f735466cecf":"815ff241-5c7f-49e4-a073-df4aafc47d4f"},{"element-6066-11e4-a52e-4f735466cecf":"b6af1dba-5dd8-4bc4-934c-c7850e00fe75"},{"element-6066-11e4-a52e-4f735466cecf":"00b27f7a-df46-46d5-9249-2c5f878b69ee"},{"element-6066-11e4-a52e-4f735466cecf":"cf446c69-6db6-40fd-ae1e-d01e267c4ea1"},{"element-6066-11e4-a52e-4f735466cecf":"b2729dac-9287-413d-96d0-93ee00a021b1"},{"element-6066-11e4-a52e-4f735466cecf":"d004cec4-c5cb-4607-aaa0-c37afbdeff19"},{"element-6066-11e4-a52e-4f735466cecf":"9dc2a21e-6834-4991-8711-1a063d79950e"},{"element-6066-11e4-a52e-4f735466cecf":"6d1ab847-f173-411e-a198-d55db4730a75"},{"element-6066-11e4-a52e-4f735466cecf":"78908cb1-c7ee-467a-92b9-7a7ec1758c98"},{"element-6066-11e4-a52e-4f735466cecf":"05c442ed-3ecb-471d-b197-e3384069d061"},{"element-6066-11e4-a52e-4f735466cecf":"ec4ed4ad-a683-4b2c-8f57-2e4d329a2a54"},{"element-6066-11e4-a52e-4f735466cecf":"4c2f9408-c7f5-440a-b335-d966709ac928"},{"element-6066-11e4-a52e-4f735466cecf":"f699f6cb-81eb-4605-8d86-0fc0817ae862"},{"element-6066-11e4-a52e-4f735466cecf":"5fe4d698-0025-4b17-b3b6-aff67e7fa58d"},{"element-6066-11e4-a52e-4f735466cecf":"a1250a25-bcd3-4178-9ee0-ec505c3620f4"},{"element-6066-11e4-a52e-4f735466cecf":"aaa33c69-c085-4079-a138-32c3798d0eb3"},{"element-6066-11e4-a52e-4f735466cecf":"d2a2e94d-c567-4673-bc6f-3417b44813b9"},{"element-6066-11e4-a52e-4f735466cecf":"2689dba4-d28c-4808-bccf-86971b45a6a8"},{"element-6066-11e4-a52e-4f735466cecf":"04772466-228f-48fb-ac48-574db544cad9"},{"element-6066-11e4-a52e-4f735466cecf":"18c04e8e-659c-4359-b549-78238abf03eb"},{"element-6066-11e4-a52e-4f735466cecf":"f03b87e4-7fc6-424e-b5e2-d835122ec378"},{"element-6066-11e4-a52e-4f735466cecf":"6356381a-d072-4b4c-b7a8-0d30273915dd"},{"element-6066-11e4-a52e-4f735466cecf":"d26a9def-8e5e-4b9a-9afd-213db9ca8f86"},{"element-6066-11e4-a52e-4f735466cecf":"ec0b5da7-0271-4349-9799-3285bc27b70a"},{"element-6066-11e4-a52e-4f735466cecf":"df3534ed-e90d-4010-bae1-8a0ab48c3c2e"},{"element-6066-11e4-a52e-4f735466cecf":"a1a3e11e-6322-420c-acf7-f6c22729f039"},{"element-6066-11e4-a52e-4f735466cecf":"7505726d-8ef7-4b27-bc33-2d87123b5189"},{"element-6066-11e4-a52e-4f735466cecf":"d7708421-a0df-4b8c-aca3-3e99125e2660"},{"element-6066-11e4-a52e-4f735466cecf":"dcc8f6de-0659-4bef-b901-71733a16c4cb"},{"element-6066-11e4-a52e-4f735466cecf":"572e7760-dacd-4c05-bda2-d1c1cf9c434f"},{"element-6066-11e4-a52e-4f735466cecf":"2b17d002-a510-4724-bac0-ec315f0482c4"},{"element-6066-11e4-a52e-4f735466cecf":"1c3d74e0-0e9f-4c4d-992c-8aca0d252e31"},{"element-6066-11e4-a52e-4f735466cecf":"d07781e6-1ae0-4eb0-9a81-8405bd38ce54"},{"element-6066-11e4-a52e-4f735466cecf":"a45359b9-fdd2-41e0-a688-10f9b8e2871b"},{"element-6066-11e4-a52e-4f735466cecf":"c3d67fb7-876d-493c-be65-c05305cf6b79"},{"element-6066-11e4-a52e-4f735466cecf":"61f96998-f099-45c3-8ba7-b0b87f7440d8"},{"element-6066-11e4-a52e-4f735466cecf":"660ab00e-5548-49f0-8889-f92e6a19d9af"},{"element-6066-11e4-a52e-4f735466cecf":"58111ba8-c7e6-47bb-9af0-6a6c16aa2d63"},{"element-6066-11e4-a52e-4f735466cecf":"2cc4cc00-3bda-4271-aa00-00713f629eb7"},{"element-6066-11e4-a52e-4f735466cecf":"88807f6d-9758-4543-9582-74f8c4aa8a4a"},{"element-6066-11e4-a52e-4f735466cecf":"d0d78b30-ae51-4d76-a57f-687a66f8eda1"},{"element-6066-11e4-a52e-4f735466cecf":"e5d8bd7f-fa75-4d94-a982-579e79622c2b"},{"element-6066-11e4-a52e-4f735466cecf":"1170c4ee-e3ce-472a-adf7-d9d51336fd90"},{"element-6066-11e4-a52e-4f735466cecf":"5c814004-30e3-4ffb-b52f-4ab35e525ee6"},{"element-6066-11e4-a52e-4f735466cecf":"31b7a237-32bf-4075-91b0-ffe184ca5e01"},{"element-6066-11e4-a52e-4f735466cecf":"04b7ff3d-36fe-49a1-926d-f782b840535b"},{"element-6066-11e4-a52e-4f735466cecf":"95a4aa53-be19-4115-b757-db61d92d9c14"},{"element-6066-11e4-a52e-4f735466cecf":"37b09855-43d2-4b88-bc0b-de93f99bd1b8"},{"element-6066-11e4-a52e-4f735466cecf":"08669e50-703e-4e54-8112-da97d94929d8"},{"element-6066-11e4-a52e-4f735466cecf":"a905a7bb-4ebd-49ed-89f9-6b516bcf624b"},{"element-6066-11e4-a52e-4f735466cecf":"26a8c799-c434-44fe-be5e-79c92b6ab74c"},{"element-6066-11e4-a52e-4f735466cecf":"23b2bfd0-720a-40f7-8c1a-7be35e4cc310"},{"element-6066-11e4-a52e-4f735466cecf":"bd3b28c7-f9d5-42ad-88f0-8a2857041668"},{"element-6066-11e4-a52e-4f735466cecf":"337d1d73-d0a9-4992-b009-f5f25dcfea11"},{"element-6066-11e4-a52e-4f735466cecf":"8e0a90d4-c122-4aa5-997f-b3a2bb0e7216"},{"element-6066-11e4-a52e-4f735466cecf":"8be09bdc-f129-4042-902f-734bca449e09"},{"element-6066-11e4-a52e-4f735466cecf":"9013f31f-6a5f-4e14-a511-5a5ec6ab8b0e"},{"element-6066-11e4-a52e-4f735466cecf":"19622b8e-3e0e-40b4-9273-259ef764784f"},{"element-6066-11e4-a52e-4f735466cecf":"93c60886-90e2-49b5-8ca9-af2a189c1f73"},{"element-6066-11e4-a52e-4f735466cecf":"35f00ff9-b8eb-40b8-903a-c197df72ea5e"},{"element-6066-11e4-a52e-4f735466cecf":"6887971b-788b-4826-ae3e-b1652b8c30ff"},{"element-6066-11e4-a52e-4f735466cecf":"0b4ef17e-2fd8-48f0-b1db-ced3fa6a90f1"},{"element-6066-11e4-a52e-4f735466cecf":"285ff24f-fcb0-48b1-ad1a-0dbabcd75ca5"},{"element-6066-11e4-a52e-4f735466cecf":"139da761-29e8-4ecf-8ca3-e9fc8b5f7848"},{"element-6066-11e4-a52e-4f735466cecf":"dfd2bd70-6934-436c-b30b-8de542932356"},{"element-6066-11e4-a52e-4f735466cecf":"6ee26ff1-24b2-4086-b498-667a2e832142"},{"element-6066-11e4-a52e-4f735466cecf":"39722ce2-6c44-47eb-ac60-beed8a8f34b7"},{"element-6066-11e4-a52e-4f735466cecf":"2f4254ca-7cb8-442d-a47b-5147314748e5"},{"element-6066-11e4-a52e-4f735466cecf":"5e27c130-ee86-4b86-b69e-66132ccbae6c"},{"element-6066-11e4-a52e-4f735466cecf":"fe170cad-4f4f-4c32-8997-031fc979f146"},{"element-6066-11e4-a52e-4f735466cecf":"ebb284d7-6d2f-432f-aff8-f513e0bc0270"},{"element-6066-11e4-a52e-4f735466cecf":"ec55712c-be3b-4467-8f1b-389b01b0bffb"},{"element-6066-11e4-a52e-4f735466cecf":"e50803b2-f6dc-45f1-a3bc-5d4a42cbd3d7"},{"element-6066-11e4-a52e-4f735466cecf":"bb651765-4d88-4165-b54b-cd2be8cb3a16"},{"element-6066-11e4-a52e-4f735466cecf":"e7bb3955-26e3-4be9-a394-c0115b92bfb2"},{"element-6066-11e4-a52e-4f735466cecf":"f274f4ab-ca05-47e5-a845-5a3e6e56a043"},{"element-6066-11e4-a52e-4f735466cecf":"542c2248-8912-46c3-a998-620c3dc2e764"},{"element-6066-11e4-a52e-4f735466cecf":"ef4ec26b-629b-4961-a20d-1746b9b03606"},{"element-6066-11e4-a52e-4f735466cecf":"b5da7435-6c1b-4bfc-826d-7179611bb87e"},{"element-6066-11e4-a52e-4f735466cecf":"b18f6679-7786-4984-b03b-316891387fa6"},{"element-6066-11e4-a52e-4f735466cecf":"b24faad6-fcba-4c3c-84d8-95a32676fcc7"},{"element-6066-11e4-a52e-4f735466cecf":"0733e05a-f8cc-46b2-81de-3077e954e02f"},{"element-6066-11e4-a52e-4f735466cecf":"d78999ca-5700-4097-af08-90460c162903"},{"element-6066-11e4-a52e-4f735466cecf":"6fa10977-a7ca-46d9-baf7-b3b9e7f80694"},{"element-6066-11e4-a52e-4f735466cecf":"95f6b063-6e5f-4195-a8b9-16454dd8fab7"},{"element-6066-11e4-a52e-4f735466cecf":"e0f61239-6161-4607-92e9-dd4b3529c84e"},{"element-6066-11e4-a52e-4f735466cecf":"a39a9153-610c-468f-8b9a-1a5fa73a94a1"},{"element-6066-11e4-a52e-4f735466cecf":"d26eef07-f47e-47c9-af23-c5778d621b07"},{"element-6066-11e4-a52e-4f735466cecf":"26812aee-276e-4b9e-bd07-9d69244b67ba"},{"element-6066-11e4-a52e-4f735466cecf":"d9412c7d-3c57-4cec-80c7-840a95efbc7a"},{"element-6066-11e4-a52e-4f735466cecf":"1763bded-6ffb-4687-8a7d-72ae92c2ff2b"},{"element-6066-11e4-a52e-4f735466cecf":"33b3d42a-16a1-46f0-b084-0b6439eeaf21"},{"element-6066-11e4-a52e-4f735466cecf":"78a22a4f-ee30-4995-a598-ea728fa0b9d4"},{"element-6066-11e4-a52e-4f735466cecf":"63b11715-3706-471f-982c-3c8fe1469338"},{"element-6066-11e4-a52e-4f735466cecf":"d8e62ce4-59f7-4848-ad8f-1a3ca3332d2c"},{"element-6066-11e4-a52e-4f735466cecf":"c3e37619-4c7b-4fc4-868c-0409129e001d"},{"element-6066-11e4-a52e-4f735466cecf":"5bc1f7f7-5da4-4d30-b6a8-9ebf5aade6d9"},{"element-6066-11e4-a52e-4f735466cecf":"57d42714-9dc2-4d38-9097-bd772efb6f82"},{"element-6066-11e4-a52e-4f735466cecf":"63a45cf5-8de4-4254-89d8-ac40d446c28d"},{"element-6066-11e4-a52e-4f735466cecf":"b9fc8ec1-ded4-4046-b9e0-12603723975d"},{"element-6066-11e4-a52e-4f735466cecf":"9ffca1e7-6363-435f-a85e-6d9aa3c2d6a4"},{"element-6066-11e4-a52e-4f735466cecf":"24031723-a304-4b77-92d5-c336cf4fc67a"},{"element-6066-11e4-a52e-4f735466cecf":"7e72d49a-08ae-49f5-9b73-0e37230082a5"},{"element-6066-11e4-a52e-4f735466cecf":"e75ae743-a975-402a-b990-c9c3a9ce402c"},{"element-6066-11e4-a52e-4f735466cecf":"0da0be0c-110d-4f77-9cf6-6242decb0b8b"},{"element-6066-11e4-a52e-4f735466cecf":"193bed5c-8923-4dc4-aab5-032b38e2f4c9"},{"element-6066-11e4-a52e-4f735466cecf":"51dd7611-a991-4afe-919f-3f403111a01c"},{"element-6066-11e4-a52e-4f735466cecf":"a8958e7c-dadb-474f-9547-fe48bb0fb478"},{"element-6066-11e4-a52e-4f735466cecf":"4a4ff452-f8fc-4cfd-9eda-3c30fba912c3"},{"element-6066-11e4-a52e-4f735466cecf":"f39e7d9c-4020-4c8f-9987-967bdf354c7c"},{"element-6066-11e4-a52e-4f735466cecf":"de518740-1841-49d6-ae66-d5ebc57c5eb4"},{"element-6066-11e4-a52e-4f735466cecf":"827f17cf-0c95-4c1c-b6dc-5abfadeb9daa"},{"element-6066-11e4-a52e-4f735466cecf":"45475e53-9628-439f-a8cb-35d1c8aac5bd"},{"element-6066-11e4-a52e-4f735466cecf":"3d941550-762e-40af-9474-5c849878c5d4"},{"element-6066-11e4-a52e-4f735466cecf":"99a2a970-9c46-4ef4-8c4e-46134e694831"},{"element-6066-11e4-a52e-4f735466cecf":"3b87db12-cda3-444d-9322-a2424c580834"},{"element-6066-11e4-a52e-4f735466cecf":"63ca1fda-3a79-47a7-a788-e49bf0f45d2f"},{"element-6066-11e4-a52e-4f735466cecf":"afcc3075-aaa5-43d3-b6f3-638bb4efd617"},{"element-6066-11e4-a52e-4f735466cecf":"94f9a1ba-16e8-4e24-8b11-2399b1d1e17d"},{"element-6066-11e4-a52e-4f735466cecf":"27ca54c2-4cfa-4e41-a112-1a105f48e121"},{"element-6066-11e4-a52e-4f735466cecf":"792f8518-42c6-47fd-a78c-18fe0f4f28e0"},{"element-6066-11e4-a52e-4f735466cecf":"4b0206d3-f7a6-4b50-83e3-27f6f8339994"},{"element-6066-11e4-a52e-4f735466cecf":"f6c233aa-8ada-4a3e-8aa7-1186519d7ee8"},{"element-6066-11e4-a52e-4f735466cecf":"6ca220dd-ccd5-49d4-b85e-7f96a08e52bb"},{"element-6066-11e4-a52e-4f735466cecf":"06abc6b4-b511-4469-a241-427eed6cd122"},{"element-6066-11e4-a52e-4f735466cecf":"9ac8104e-ad62-42f6-bac2-af694c61ab8b"},{"element-6066-11e4-a52e-4f735466cecf":"8af22342-60a1-43d0-8ae7-b362086db491"},{"element-6066-11e4-a52e-4f735466cecf":"1035ea30-c58e-4603-932c-5c2e83bcc83e"},{"element-6066-11e4-a52e-4f735466cecf":"3abb0cf7-877a-456e-8f45-9ac46036c183"},{"element-6066-11e4-a52e-4f735466cecf":"c8c7cd54-e87d-4342-b3ca-d05d141584f9"},{"element-6066-11e4-a52e-4f735466cecf":"557a910d-3c52-4510-891b-2caab4f1547b"},{"element-6066-11e4-a52e-4f735466cecf":"dd7c63c1-aeff-43ab-8567-df8df94c7781"},{"element-6066-11e4-a52e-4f735466cecf":"cca143eb-1ff7-48c2-af04-7fe796a482c9"},{"element-6066-11e4-a52e-4f735466cecf":"da54b2e8-a957-491f-b6f4-5c55db649746"},{"element-6066-11e4-a52e-4f735466cecf":"41dc9e56-beb8-44c8-9d01-dcd39b5f4668"},{"element-6066-11e4-a52e-4f735466cecf":"5e7d86d4-6adf-4c2f-bace-0eaf72b34ebb"},{"element-6066-11e4-a52e-4f735466cecf":"f860c555-3da2-4ac1-9994-2a500752b988"},{"element-6066-11e4-a52e-4f735466cecf":"b12cc6fd-e67e-45d7-b852-32da0f71aa52"},{"element-6066-11e4-a52e-4f735466cecf":"960979f7-6e8b-4751-bf79-96c4c97846b2"},{"element-6066-11e4-a52e-4f735466cecf":"7331b3a0-288b-440d-be7f-5a91039c26ac"},{"element-6066-11e4-a52e-4f735466cecf":"c0148099-cef9-452a-a89a-3429247bb7d3"},{"element-6066-11e4-a52e-4f735466cecf":"8b021f68-7b95-47c9-84b4-ab65f22cc717"},{"element-6066-11e4-a52e-4f735466cecf":"8ed88ad5-469e-4745-9173-35234330eccd"},{"element-6066-11e4-a52e-4f735466cecf":"3dcc8717-25b8-4773-8b2e-c2ab1b465bd2"},{"element-6066-11e4-a52e-4f735466cecf":"90c5e71d-043c-4715-b82a-d31e17b25bbd"},{"element-6066-11e4-a52e-4f735466cecf":"c83c06e9-6759-499f-a5c2-b25da84783c2"},{"element-6066-11e4-a52e-4f735466cecf":"4362bde2-0084-4cef-ad96-4935f822f6b6"},{"element-6066-11e4-a52e-4f735466cecf":"27d842b6-d029-414e-9169-a7d9ae8c86eb"},{"element-6066-11e4-a52e-4f735466cecf":"1ebdb97d-ce5f-4f28-9ab1-282a3a3e5f5c"},{"element-6066-11e4-a52e-4f735466cecf":"a1ee5309-3ed1-4a86-89a9-d98e22818cc0"},{"element-6066-11e4-a52e-4f735466cecf":"e3729195-fac4-4c1c-8524-19a5cd33fd15"},{"element-6066-11e4-a52e-4f735466cecf":"9ee907f2-ad3d-4ebd-a9d4-976dfa358e3d"},{"element-6066-11e4-a52e-4f735466cecf":"8d1e86a3-6ce8-44fe-b25b-e8783e68518c"},{"element-6066-11e4-a52e-4f735466cecf":"ed86b190-0169-4ab1-b948-92a76e7cc882"},{"element-6066-11e4-a52e-4f735466cecf":"7ccecd23-3e74-4e78-b09f-ea421a106b03"},{"element-6066-11e4-a52e-4f735466cecf":"3ffc13f4-cf2d-4d9a-8386-98935f27e24e"},{"element-6066-11e4-a52e-4f735466cecf":"de28caaf-7d54-444c-bc9c-4a67714fd377"},{"element-6066-11e4-a52e-4f735466cecf":"8ae72074-84af-4f47-a16c-881487a81548"},{"element-6066-11e4-a52e-4f735466cecf":"0fef04ce-5855-49d1-9a9d-f1f6c100f663"},{"element-6066-11e4-a52e-4f735466cecf":"00f1733d-1fa3-442c-b526-e6a3fd0a1fcf"},{"element-6066-11e4-a52e-4f735466cecf":"ef453f23-edeb-4c6b-8313-e9cf4402c5a5"},{"element-6066-11e4-a52e-4f735466cecf":"c7424776-2a75-40e9-a4e6-280241822bbd"},{"element-6066-11e4-a52e-4f735466cecf":"94397836-7c41-412c-8138-8df087044094"},{"element-6066-11e4-a52e-4f735466cecf":"79bc5c0a-4379-4449-885d-e6294e2bb1c0"},{"element-6066-11e4-a52e-4f735466cecf":"23b7bc04-b569-4522-9e88-473b2ab64660"},{"element-6066-11e4-a52e-4f735466cecf":"2c91cba0-8d01-40ad-927d-8935c6297613"},{"element-6066-11e4-a52e-4f735466cecf":"965ff406-ba36-4ad1-9419-76dbeb0fe3b8"},{"element-6066-11e4-a52e-4f735466cecf":"ef3719e4-7285-4ca5-ae01-d3a40c987b6f"},{"element-6066-11e4-a52e-4f735466cecf":"10fd9844-b398-47bc-9a1c-e94b4145b875"},{"element-6066-11e4-a52e-4f735466cecf":"ebb4c4a3-a264-463b-a83e-a9975fab31e2"},{"element-6066-11e4-a52e-4f735466cecf":"d3deef34-d2da-4038-81c6-b00c870d40f4"},{"element-6066-11e4-a52e-4f735466cecf":"4c4657d4-7e37-4f20-8287-31e4c684d3a1"},{"element-6066-11e4-a52e-4f735466cecf":"eb6ce952-9a2d-4fbb-a05a-d2480b58181b"},{"element-6066-11e4-a52e-4f735466cecf":"491e6597-0538-4126-90d2-f8541b2b3295"},{"element-6066-11e4-a52e-4f735466cecf":"f0a4fe76-eb65-4035-8449-9a5403f9eb97"},{"element-6066-11e4-a52e-4f735466cecf":"d86f91f2-84aa-4084-946b-a82344ed3298"},{"element-6066-11e4-a52e-4f735466cecf":"e6369d07-51be-49e7-9082-b2f3732a45c1"},{"element-6066-11e4-a52e-4f735466cecf":"ea630ce5-bcda-42ab-bb28-845fd1297b7f"},{"element-6066-11e4-a52e-4f735466cecf":"2c8ca4ef-26ac-471b-9b07-f5049e8ea622"},{"element-6066-11e4-a52e-4f735466cecf":"aa1ad92e-1990-464a-8227-181e17e5e436"},{"element-6066-11e4-a52e-4f735466cecf":"e9cdf2ab-eb92-4414-933b-0c5c96e4ade2"},{"element-6066-11e4-a52e-4f735466cecf":"73eabef0-d148-464b-933e-8e6ecaefbbdb"},{"element-6066-11e4-a52e-4f735466cecf":"602e97e4-9f3c-4d87-a762-3145d6805789"},{"element-6066-11e4-a52e-4f735466cecf":"43fc6b3a-401b-497b-be82-b3e86f59956a"},{"element-6066-11e4-a52e-4f735466cecf":"ff79859b-6b95-4015-a1f4-4675c4b35b35"},{"element-6066-11e4-a52e-4f735466cecf":"15f064ad-3f08-4932-9ea7-ec29798b758d"},{"element-6066-11e4-a52e-4f735466cecf":"0554b746-3d14-4ecc-8f70-5316c48cf819"},{"element-6066-11e4-a52e-4f735466cecf":"9e677f52-41fe-4ba0-b7df-23caa4e24405"},{"element-6066-11e4-a52e-4f735466cecf":"2988bd9b-763d-4e74-bd0c-b0af91efbc31"},{"element-6066-11e4-a52e-4f735466cecf":"b38bb5c7-d002-4c08-9f9e-0f7634af2db4"},{"element-6066-11e4-a52e-4f735466cecf":"58d4fd50-9b8d-41e1-bc88-2e2efa21cc24"},{"element-6066-11e4-a52e-4f735466cecf":"2e86ce05-0208-4526-bc37-d36d784087ad"},{"element-6066-11e4-a52e-4f735466cecf":"6527c773-09f4-43e9-b0fd-772d421d740f"},{"element-6066-11e4-a52e-4f735466cecf":"e6fedb77-8a7f-4469-b977-c8a8a2ee2790"},{"element-6066-11e4-a52e-4f735466cecf":"ac88a298-b140-4b5e-97fd-b0038d272e00"},{"element-6066-11e4-a52e-4f735466cecf":"dd61f4c8-2c4d-4f15-a4a9-c7343f92038c"},{"element-6066-11e4-a52e-4f735466cecf":"60f854a9-fa50-4cd3-8cbb-1210b635fb5c"},{"element-6066-11e4-a52e-4f735466cecf":"c5c0c524-f41a-48ff-af29-6a0048b2ea04"},{"element-6066-11e4-a52e-4f735466cecf":"9e28f748-1407-403c-9372-f5649721fc04"},{"element-6066-11e4-a52e-4f735466cecf":"a4229511-5c98-4873-8588-f3ccfea28764"},{"element-6066-11e4-a52e-4f735466cecf":"b30756be-10a1-419e-b896-3a25bff454b6"},{"element-6066-11e4-a52e-4f735466cecf":"4a064c92-f58c-4ee3-a0f5-a22a92cb0d52"},{"element-6066-11e4-a52e-4f735466cecf":"69a1b746-56ff-4d2d-83d5-e8cc4bda65d7"},{"element-6066-11e4-a52e-4f735466cecf":"3e96908d-8b98-4420-9adc-fe40b33cf42e"},{"element-6066-11e4-a52e-4f735466cecf":"5468c169-1313-4270-be73-05b5ec91f70e"},{"element-6066-11e4-a52e-4f735466cecf":"70d39c77-4151-48f3-858b-6b6038b02352"},{"element-6066-11e4-a52e-4f735466cecf":"cf4909b0-b45c-47bb-8d47-a515492abb88"},{"element-6066-11e4-a52e-4f735466cecf":"1d854579-a361-4fb5-ba59-fd950e3cd98e"},{"element-6066-11e4-a52e-4f735466cecf":"57b5c43e-325e-48ce-93ac-edf8f38d392b"},{"element-6066-11e4-a52e-4f735466cecf":"e3f22d9e-c967-490e-b658-430968c9f64b"},{"element-6066-11e4-a52e-4f735466cecf":"f61870ff-ddd6-4cdb-8d05-b6cf71ecde72"},{"element-6066-11e4-a52e-4f735466cecf":"46234472-a32c-4225-8c4f-d1f76269cf1c"},{"element-6066-11e4-a52e-4f735466cecf":"b479049c-b37b-4b7a-a640-c3b07e9f379b"},{"element-6066-11e4-a52e-4f735466cecf":"b70714b6-7cb2-4031-b811-e2817e4b56c0"},{"element-6066-11e4-a52e-4f735466cecf":"953793ca-7a10-4d5b-afb6-c6679ccd0b0b"},{"element-6066-11e4-a52e-4f735466cecf":"5dc6877c-945c-4774-a305-0a832fdfc4e2"},{"element-6066-11e4-a52e-4f735466cecf":"9c6c3897-5b06-4994-8971-589a6b377774"},{"element-6066-11e4-a52e-4f735466cecf":"1ad1eeee-233e-479f-89c9-6c1599f3392c"},{"element-6066-11e4-a52e-4f735466cecf":"45f9a306-ee81-45d2-ad6b-57b204b94d44"},{"element-6066-11e4-a52e-4f735466cecf":"70e8316f-908c-449d-8598-679ed404367b"},{"element-6066-11e4-a52e-4f735466cecf":"73d65968-3604-4e40-91b6-b7e0decd6f02"},{"element-6066-11e4-a52e-4f735466cecf":"8e9c8351-db17-48d8-8c7e-aaf5dbced1b7"},{"element-6066-11e4-a52e-4f735466cecf":"94e38c4c-8c13-44de-b77a-0692d54af59a"},{"element-6066-11e4-a52e-4f735466cecf":"daad7280-3f01-430c-a855-a8477c3c39cb"},{"element-6066-11e4-a52e-4f735466cecf":"adb23359-a9b3-4df4-85bb-38375281cf59"},{"element-6066-11e4-a52e-4f735466cecf":"ed3dd25a-34e4-4ef5-9e8d-438faa3fe57e"},{"element-6066-11e4-a52e-4f735466cecf":"50ca8968-da58-41c1-97ce-79f3c8dd0849"},{"element-6066-11e4-a52e-4f735466cecf":"4f964263-2173-4845-8763-12f40f268579"},{"element-6066-11e4-a52e-4f735466cecf":"7a842d2b-6dfb-4945-ae92-1562c5d2b9d7"},{"element-6066-11e4-a52e-4f735466cecf":"456dddae-8560-4be3-8afe-c733c21a80f4"},{"element-6066-11e4-a52e-4f735466cecf":"9cf30903-309f-4286-a701-e58873d4f5be"},{"element-6066-11e4-a52e-4f735466cecf":"5ce538c4-c92b-4aec-810d-c1f2febd9616"},{"element-6066-11e4-a52e-4f735466cecf":"4b4e9c0d-c602-4b6d-923a-99db30238d23"},{"element-6066-11e4-a52e-4f735466cecf":"958ca7bd-1b13-4df5-9164-f6cb70c222bf"},{"element-6066-11e4-a52e-4f735466cecf":"2deaa7d5-ffbe-41fc-92d4-5ab98c4912c4"},{"element-6066-11e4-a52e-4f735466cecf":"a156fffe-5f5a-44df-8799-1efffd4e26ab"},{"element-6066-11e4-a52e-4f735466cecf":"1078df4b-e879-440d-8473-d03a810ad0b5"},{"element-6066-11e4-a52e-4f735466cecf":"e6158fbb-4e81-414e-bca1-151bc817be4c"},{"element-6066-11e4-a52e-4f735466cecf":"1d07f52d-c141-4b67-9843-4e88333c4518"},{"element-6066-11e4-a52e-4f735466cecf":"4f8bd007-266a-4054-a3b7-8a6157325e60"},{"element-6066-11e4-a52e-4f735466cecf":"ffbdd1cb-6dc7-4eff-a663-69d94afafae6"},{"element-6066-11e4-a52e-4f735466cecf":"016a8933-73df-4fb6-aae5-c0856ae26e39"},{"element-6066-11e4-a52e-4f735466cecf":"0e06ec5c-aa39-48ff-9647-942d6304493b"},{"element-6066-11e4-a52e-4f735466cecf":"fbf9f11c-b915-4a65-b791-c7cb8ca2bd82"},{"element-6066-11e4-a52e-4f735466cecf":"2f0729ae-b66e-42bf-b6d4-ef2a5fb32aea"},{"element-6066-11e4-a52e-4f735466cecf":"8fc88cdf-246c-4241-bc40-4024207b3c2f"},{"element-6066-11e4-a52e-4f735466cecf":"a2708228-1526-492d-a1eb-302b7f52a108"},{"element-6066-11e4-a52e-4f735466cecf":"3739dfc1-3dce-4758-8710-fa79965c66e0"},{"element-6066-11e4-a52e-4f735466cecf":"bac990c1-267a-4fd0-9b83-2227bdb5e31c"},{"element-6066-11e4-a52e-4f735466cecf":"8494dacd-e6d6-4c4e-b38c-111589feabc4"},{"element-6066-11e4-a52e-4f735466cecf":"a3453e8f-cd2e-405d-b8c2-27f5ea9b41df"},{"element-6066-11e4-a52e-4f735466cecf":"a0bc3090-16ea-4800-b29d-4dafce27b26e"},{"element-6066-11e4-a52e-4f735466cecf":"6a425fef-81aa-4c04-89e6-9a568e814910"},{"element-6066-11e4-a52e-4f735466cecf":"9b1f884e-075f-44b8-be1c-bdccd659c746"},{"element-6066-11e4-a52e-4f735466cecf":"7effd134-e0ff-4ad1-89cd-25e4be719707"},{"element-6066-11e4-a52e-4f735466cecf":"03ab7650-1d6c-4b86-9608-f1b17b51320f"},{"element-6066-11e4-a52e-4f735466cecf":"a66e483b-2166-4477-aa8e-55a576882429"},{"element-6066-11e4-a52e-4f735466cecf":"d39bec1b-0000-4d51-970e-c40e270a3044"},{"element-6066-11e4-a52e-4f735466cecf":"8ead6aab-4ea0-4128-a937-50e219d8b114"},{"element-6066-11e4-a52e-4f735466cecf":"7bf2ac7a-6465-4b23-956b-ec5d08cf0b05"},{"element-6066-11e4-a52e-4f735466cecf":"a98fff19-d1d1-4d87-af58-d1327091c44f"},{"element-6066-11e4-a52e-4f735466cecf":"ad63174a-d36a-434c-8fdb-df2c4cacadf1"},{"element-6066-11e4-a52e-4f735466cecf":"ba883302-209a-478d-8b7b-637903b157b1"},{"element-6066-11e4-a52e-4f735466cecf":"3ee30c19-5a68-46a7-b653-ba3330899e4a"},{"element-6066-11e4-a52e-4f735466cecf":"0c862528-b869-4e39-ab0a-bab108f1c669"},{"element-6066-11e4-a52e-4f735466cecf":"942e218d-b577-4914-b025-f5e1f0e90940"},{"element-6066-11e4-a52e-4f735466cecf":"5840abe6-401f-40a3-a47f-ce37a0680d1a"},{"element-6066-11e4-a52e-4f735466cecf":"ca88577a-176a-4700-8b01-796ee03dff67"},{"element-6066-11e4-a52e-4f735466cecf":"0d4cc9ff-b0b8-4e70-9e83-2480e13cf425"},{"element-6066-11e4-a52e-4f735466cecf":"40543251-11f1-44ff-a8ae-c1f2e4d8222e"},{"element-6066-11e4-a52e-4f735466cecf":"2b137926-4591-48cc-9534-1c76effe299f"},{"element-6066-11e4-a52e-4f735466cecf":"cb1e8fbe-c4bb-4ee6-bd71-ac8e5f58dc08"},{"element-6066-11e4-a52e-4f735466cecf":"1ed1ef22-0c64-4def-946d-f7371e91b822"},{"element-6066-11e4-a52e-4f735466cecf":"79bb4de7-3e04-4de1-8df2-007607bad5f8"},{"element-6066-11e4-a52e-4f735466cecf":"0244184d-ba2d-49e5-991c-8642e4eca955"},{"element-6066-11e4-a52e-4f735466cecf":"96afbd7b-bef7-4840-b42b-09a4a81e0542"},{"element-6066-11e4-a52e-4f735466cecf":"78a29ab1-ca32-49d5-911d-e3711855752f"},{"element-6066-11e4-a52e-4f735466cecf":"a7e65efa-19cd-4837-a937-305ae64dccc4"},{"element-6066-11e4-a52e-4f735466cecf":"5838b916-dd74-4264-86aa-5678361632ad"},{"element-6066-11e4-a52e-4f735466cecf":"099ba309-0f0a-426f-a240-9c18d7c77caf"},{"element-6066-11e4-a52e-4f735466cecf":"fb4c781e-9ff5-47f3-9e3b-2e3c74310aa8"},{"element-6066-11e4-a52e-4f735466cecf":"b725ae96-a518-4ebe-b908-07d4e10a88af"},{"element-6066-11e4-a52e-4f735466cecf":"db659559-f679-486e-87a4-0ba10f1dcb3e"},{"element-6066-11e4-a52e-4f735466cecf":"027e888e-e535-4c10-bec8-a8047c12819e"},{"element-6066-11e4-a52e-4f735466cecf":"4828e09f-d589-4ce2-a850-9f53a0f0ab76"},{"element-6066-11e4-a52e-4f735466cecf":"15447cd2-721b-4f88-97e5-ff07360c9a29"},{"element-6066-11e4-a52e-4f735466cecf":"fa83900b-d876-405a-85b5-d6234f1536d8"},{"element-6066-11e4-a52e-4f735466cecf":"0039e6b7-87e5-424b-b807-08f4daf84c5a"},{"element-6066-11e4-a52e-4f735466cecf":"f3ddc2cb-0faa-47b8-954a-44acd467b9ce"},{"element-6066-11e4-a52e-4f735466cecf":"9077fa0f-63aa-4eb9-a130-09f81aa0075e"},{"element-6066-11e4-a52e-4f735466cecf":"c90871ec-94c4-4142-8d76-306ccb4aadd1"},{"element-6066-11e4-a52e-4f735466cecf":"d1a46f11-69c3-4cee-81b6-7ebbe935ce5c"},{"element-6066-11e4-a52e-4f735466cecf":"dbc2dafc-bef1-4dc0-88bb-5ae3567d6b89"},{"element-6066-11e4-a52e-4f735466cecf":"95050d5f-159d-4c33-b2f2-7d6c34efb27a"},{"element-6066-11e4-a52e-4f735466cecf":"da7b0291-e00f-4d4f-9244-ff8f9ff45dcc"},{"element-6066-11e4-a52e-4f735466cecf":"6d9ee40b-aeeb-4c8a-b642-483040be7db2"},{"element-6066-11e4-a52e-4f735466cecf":"d85e2b7f-95cb-4bf4-b7aa-2e1c0f71bbf5"},{"element-6066-11e4-a52e-4f735466cecf":"e418c4c3-fa39-440b-b1be-eec840a06627"},{"element-6066-11e4-a52e-4f735466cecf":"294754b2-6498-4dfe-b6e7-c9b704665864"},{"element-6066-11e4-a52e-4f735466cecf":"eb564e9d-f49c-4e91-b5ef-fb288a3e3d08"},{"element-6066-11e4-a52e-4f735466cecf":"40331825-420e-44dc-9cf5-10f4bbf61d37"},{"element-6066-11e4-a52e-4f735466cecf":"1a27bf51-d564-44ca-ab11-c8ba51dd1b9d"},{"element-6066-11e4-a52e-4f735466cecf":"5837ea20-b1b9-42fa-a896-ea31e6ffb6bc"},{"element-6066-11e4-a52e-4f735466cecf":"890b62e9-5b40-4ce5-91eb-34fcf478316d"},{"element-6066-11e4-a52e-4f735466cecf":"76b64889-aa62-41d7-9867-8be2bf90aecc"},{"element-6066-11e4-a52e-4f735466cecf":"7e2ff1fb-58e9-463a-a6fb-a745e3d8b951"},{"element-6066-11e4-a52e-4f735466cecf":"874c9f20-65af-4b52-941d-08563f57d175"},{"element-6066-11e4-a52e-4f735466cecf":"19ead7b5-30ee-4d4c-846c-baabc7363f21"},{"element-6066-11e4-a52e-4f735466cecf":"d132a8d3-7c84-48d2-be62-fd2f1e755147"},{"element-6066-11e4-a52e-4f735466cecf":"f7eb64d3-dcad-44b2-9fc4-15c7e4a61b54"},{"element-6066-11e4-a52e-4f735466cecf":"3c3a9700-b1a3-495c-82a6-7620c6187a9c"},{"element-6066-11e4-a52e-4f735466cecf":"f8ed9963-01e3-4ac0-b9e0-98a8db6d90b0"},{"element-6066-11e4-a52e-4f735466cecf":"817756e8-90e3-4b09-ab0e-729b878697c0"},{"element-6066-11e4-a52e-4f735466cecf":"894c7b43-afbd-411e-9a12-1e8897801607"},{"element-6066-11e4-a52e-4f735466cecf":"c726fa19-f23e-48cd-9de8-64934b026df7"},{"element-6066-11e4-a52e-4f735466cecf":"eedda651-013f-43be-b85b-b8f6a47c6af9"},{"element-6066-11e4-a52e-4f735466cecf":"47cd901a-6827-43fa-8cc3-0d773b0be37b"},{"element-6066-11e4-a52e-4f735466cecf":"2270691e-fb71-469b-b866-82116f220bb7"},{"element-6066-11e4-a52e-4f735466cecf":"2fd5dedf-0ba6-4b5f-8eea-63971a56b799"},{"element-6066-11e4-a52e-4f735466cecf":"1933c1ba-c458-4e5c-a62c-ce7333032b0d"},{"element-6066-11e4-a52e-4f735466cecf":"6d551a2b-5e27-4c07-a635-024e70d9618c"},{"element-6066-11e4-a52e-4f735466cecf":"3b16865d-98ef-4edc-b131-e93b01db37f5"},{"element-6066-11e4-a52e-4f735466cecf":"52aefc44-8913-46fc-b2b9-b276c73ba84b"},{"element-6066-11e4-a52e-4f735466cecf":"8196aee8-fa29-4b0c-90ba-95e7eb86b920"},{"element-6066-11e4-a52e-4f735466cecf":"f29d931f-fcc4-4233-a737-e1ffcb1e0fd6"},{"element-6066-11e4-a52e-4f735466cecf":"b862ea12-71cd-4464-a4f6-97cef81ffa6c"},{"element-6066-11e4-a52e-4f735466cecf":"39cb5c1a-3c81-4ebc-aa47-314037069965"},{"element-6066-11e4-a52e-4f735466cecf":"172135b7-9608-4af0-9dcb-4762c77003ed"},{"element-6066-11e4-a52e-4f735466cecf":"f27f196f-79fe-4436-8c56-bf36e2e3258e"},{"element-6066-11e4-a52e-4f735466cecf":"7784d900-e38b-408f-accf-957d2a797ba8"},{"element-6066-11e4-a52e-4f735466cecf":"ff5c19b2-f494-43c9-bb0a-61b0ba6d5eeb"},{"element-6066-11e4-a52e-4f735466cecf":"0bcad89b-4d6e-4bc1-93d5-42ca66f22321"},{"element-6066-11e4-a52e-4f735466cecf":"be5374fd-82eb-4223-8013-e287bf2cb54a"},{"element-6066-11e4-a52e-4f735466cecf":"210559a3-929b-4a09-b6ea-3717b5ae1d20"},{"element-6066-11e4-a52e-4f735466cecf":"8fc6f289-0ad3-43ab-a481-753d3a512668"},{"element-6066-11e4-a52e-4f735466cecf":"48fa1bbc-5532-4657-8e77-ae7f0a27928c"},{"element-6066-11e4-a52e-4f735466cecf":"dca4922e-7c7e-4cc9-b9b7-28cd9be94d84"},{"element-6066-11e4-a52e-4f735466cecf":"f1729634-cf1e-43b9-9316-9392d0b42eaa"},{"element-6066-11e4-a52e-4f735466cecf":"955b0136-3441-4adb-82f7-57ae87f27839"},{"element-6066-11e4-a52e-4f735466cecf":"3ded04bc-fb03-4b6f-bb35-d019719a4247"},{"element-6066-11e4-a52e-4f735466cecf":"e0f53a3b-4600-4f99-8d1c-3b5ca57062f0"},{"element-6066-11e4-a52e-4f735466cecf":"0c93d1cc-b13f-4581-85ee-1029680df91e"},{"element-6066-11e4-a52e-4f735466cecf":"597f7728-1416-4882-9143-7be01bf0140a"},{"element-6066-11e4-a52e-4f735466cecf":"2f67b209-10a7-4330-8fba-dba703c5380d"},{"element-6066-11e4-a52e-4f735466cecf":"0d26e9fb-dcd4-4c64-b41a-041955bc11da"},{"element-6066-11e4-a52e-4f735466cecf":"d309e3cd-d71b-4f9e-953f-7e38204dad19"},{"element-6066-11e4-a52e-4f735466cecf":"d90eed4b-3ec6-4f68-a047-f168e7654cd9"},{"element-6066-11e4-a52e-4f735466cecf":"ef7c82b8-d969-4061-9dd5-b5086fd96034"},{"element-6066-11e4-a52e-4f735466cecf":"1d865e1a-fefd-482b-86dc-460cab42e6bf"},{"element-6066-11e4-a52e-4f735466cecf":"db6ab160-d0d6-4390-a8e1-36307b26cda3"},{"element-6066-11e4-a52e-4f735466cecf":"ffb31049-2dd4-41e3-9c70-a9b4cab3d513"},{"element-6066-11e4-a52e-4f735466cecf":"d0c2c20d-941f-490f-aaf4-daa581831875"},{"element-6066-11e4-a52e-4f735466cecf":"518c6c66-141c-43ec-b966-c5be2b21ab99"},{"element-6066-11e4-a52e-4f735466cecf":"6c4d62f7-5792-433e-876d-2af2a050c248"},{"element-6066-11e4-a52e-4f735466cecf":"4e0ed646-14b9-4f2c-aaa7-3d7944b3097e"},{"element-6066-11e4-a52e-4f735466cecf":"320de3c5-fa5b-4cc8-aa52-24070082933c"},{"element-6066-11e4-a52e-4f735466cecf":"1b3808e8-5ed3-4484-afbb-f6cd96ef9239"},{"element-6066-11e4-a52e-4f735466cecf":"39b51344-d7b0-47fd-b216-0bc0b5ec0ad5"},{"element-6066-11e4-a52e-4f735466cecf":"f57b377d-5487-4ee5-ba67-ba38830892cf"},{"element-6066-11e4-a52e-4f735466cecf":"a7df313d-0043-4476-9fa6-91110382f254"},{"element-6066-11e4-a52e-4f735466cecf":"c09bf5ce-ddfa-453d-9971-b2b3f5dcd43f"},{"element-6066-11e4-a52e-4f735466cecf":"ee036fbc-e374-4482-9adf-76617239ccff"},{"element-6066-11e4-a52e-4f735466cecf":"b4dc6938-fef9-42b9-b719-eea543a3f20f"},{"element-6066-11e4-a52e-4f735466cecf":"fce52ea3-ec9c-492d-bf64-914824d18f3d"},{"element-6066-11e4-a52e-4f735466cecf":"42d48cab-fe1c-4c4f-8e2c-febeca2a35aa"},{"element-6066-11e4-a52e-4f735466cecf":"827ba62a-bf3a-42d3-9ec3-979ea8299376"},{"element-6066-11e4-a52e-4f735466cecf":"9d0becf6-6959-4fd1-87b7-d45191d04aff"},{"element-6066-11e4-a52e-4f735466cecf":"c612e74d-6854-4c61-b472-463ebaec4476"},{"element-6066-11e4-a52e-4f735466cecf":"5f636951-07af-466e-9881-a3da1de97e50"},{"element-6066-11e4-a52e-4f735466cecf":"2e994ecb-db34-40e2-b89d-781f707cf1e8"},{"element-6066-11e4-a52e-4f735466cecf":"ca685fac-b7d7-45c9-a9c2-b19f34bb8ca5"},{"element-6066-11e4-a52e-4f735466cecf":"beea1de6-2860-45d4-b62d-f9d84c14531f"},{"element-6066-11e4-a52e-4f735466cecf":"8830338c-b58d-45ad-ae6a-2c69b39ecf9c"},{"element-6066-11e4-a52e-4f735466cecf":"0a616028-1621-427f-81ec-81fe1caf70bd"},{"element-6066-11e4-a52e-4f735466cecf":"914b2c4e-9625-42fd-86a1-b3ef27b91e73"},{"element-6066-11e4-a52e-4f735466cecf":"d837abf6-976a-469f-8486-664dcc1bf2ab"},{"element-6066-11e4-a52e-4f735466cecf":"757c57cd-993c-4755-8f31-2bcf01241687"},{"element-6066-11e4-a52e-4f735466cecf":"f468e07f-8c02-41bd-ae0d-8a4547424f18"},{"element-6066-11e4-a52e-4f735466cecf":"e660e06d-7ae0-4b5c-b752-cbb7f6fcb8a5"},{"element-6066-11e4-a52e-4f735466cecf":"01866893-4e23-4711-9dc5-8041b23e555d"},{"element-6066-11e4-a52e-4f735466cecf":"8d0443a8-5371-4f08-b6e7-6596f3fca829"},{"element-6066-11e4-a52e-4f735466cecf":"6c09c7c9-908d-4096-8362-2ff32702956a"},{"element-6066-11e4-a52e-4f735466cecf":"d9847501-b4db-46dc-94ea-84f49c72701b"},{"element-6066-11e4-a52e-4f735466cecf":"a21ce978-2df4-4e08-9649-5f990c8bfd52"},{"element-6066-11e4-a52e-4f735466cecf":"e5243f76-23b3-49f3-b800-4f5cda17f3e5"},{"element-6066-11e4-a52e-4f735466cecf":"ed915e6a-29eb-411e-9f52-bd1928dac54b"},{"element-6066-11e4-a52e-4f735466cecf":"79dbc266-b19a-41ad-abf3-6908b4b59675"},{"element-6066-11e4-a52e-4f735466cecf":"c1381b7e-9d3d-49d4-b3f4-28ec6267f36f"},{"element-6066-11e4-a52e-4f735466cecf":"4a1d67a2-73b1-4d08-b8b3-3a259dc1d632"},{"element-6066-11e4-a52e-4f735466cecf":"81ba418d-8cc9-46a3-80a6-8d237281fc4d"},{"element-6066-11e4-a52e-4f735466cecf":"22156d90-91b6-4513-b9ea-f9715c5d3e0f"},{"element-6066-11e4-a52e-4f735466cecf":"e4ed8daf-3bc5-4860-8736-f8d240cd2f0b"},{"element-6066-11e4-a52e-4f735466cecf":"0311336a-3a00-4d6e-891d-150723bc3f78"},{"element-6066-11e4-a52e-4f735466cecf":"82fe11ab-ff14-4b06-af05-bdab6d3fea4c"},{"element-6066-11e4-a52e-4f735466cecf":"9ab62181-5c8d-4953-9e4c-fe018b74bf3d"},{"element-6066-11e4-a52e-4f735466cecf":"f4dd1598-bbc6-4529-8303-84888fd7f48e"},{"element-6066-11e4-a52e-4f735466cecf":"31af16c5-f8a0-4009-b7da-3f3ec80993f6"},{"element-6066-11e4-a52e-4f735466cecf":"290a9b9c-3f0c-4346-b130-8dfb5ee5f784"},{"element-6066-11e4-a52e-4f735466cecf":"415c3db9-a096-4dcb-9900-bfe5bda5be41"},{"element-6066-11e4-a52e-4f735466cecf":"bc1273bf-edab-4d84-8ddf-7d84dc6acb12"},{"element-6066-11e4-a52e-4f735466cecf":"74e06516-6c1e-46a3-be15-bc88be955f9c"},{"element-6066-11e4-a52e-4f735466cecf":"c50d2350-f84f-4c14-8d28-5b148b76bcf4"},{"element-6066-11e4-a52e-4f735466cecf":"6b659eed-6d2f-4a6b-9c71-1c69a91c4ff3"},{"element-6066-11e4-a52e-4f735466cecf":"15747086-8c41-4e17-b9a0-7c1c19f7ac3e"},{"element-6066-11e4-a52e-4f735466cecf":"7431384a-a29a-4313-81aa-e665cf63b2e6"},{"element-6066-11e4-a52e-4f735466cecf":"9ea591e8-faec-45d2-88d0-f0f99ac571db"},{"element-6066-11e4-a52e-4f735466cecf":"39103657-dd7b-4c4e-a176-4d1736eabf1a"},{"element-6066-11e4-a52e-4f735466cecf":"1d1ef037-428c-4db7-aac6-da540bcb88ef"},{"element-6066-11e4-a52e-4f735466cecf":"312599b8-57c1-4c35-8351-fac97a5a2233"},{"element-6066-11e4-a52e-4f735466cecf":"5ddb3d11-7644-4520-94fe-ec18ea73a7cf"},{"element-6066-11e4-a52e-4f735466cecf":"469c405f-fb6c-4444-a9c3-3ad18de95519"},{"element-6066-11e4-a52e-4f735466cecf":"806d87db-2c39-40f3-8ed0-40e02f585113"},{"element-6066-11e4-a52e-4f735466cecf":"5d2aae7a-4c24-4d8e-a70e-55b5493cfe6b"},{"element-6066-11e4-a52e-4f735466cecf":"4794b865-9ce1-4c58-a738-8cd29edb8a92"},{"element-6066-11e4-a52e-4f735466cecf":"262ce755-642f-4582-88df-a5605876e643"},{"element-6066-11e4-a52e-4f735466cecf":"8d4f992a-82d3-482e-bf57-bee58ad924c1"},{"element-6066-11e4-a52e-4f735466cecf":"ffca2214-0e87-49c3-a73d-d0e6896ff857"},{"element-6066-11e4-a52e-4f735466cecf":"6cd56217-6d29-440d-a912-fcc32eb8fa0f"},{"element-6066-11e4-a52e-4f735466cecf":"c506372c-e78d-461e-93c3-4e277e298058"},{"element-6066-11e4-a52e-4f735466cecf":"ef04bfa8-055f-4da0-916f-43e9b9ef2a3c"},{"element-6066-11e4-a52e-4f735466cecf":"dab6cf57-859d-4d51-8a78-5aca66d19b10"},{"element-6066-11e4-a52e-4f735466cecf":"ec87ec3b-b95c-42f0-b95a-cf4a03aa9484"},{"element-6066-11e4-a52e-4f735466cecf":"19961a88-f240-4f77-a957-71e12b9d2516"},{"element-6066-11e4-a52e-4f735466cecf":"b2b848a8-1437-4635-9ec4-47afd41aa864"},{"element-6066-11e4-a52e-4f735466cecf":"e39b5bb4-42d2-4860-8037-4effd6985f19"},{"element-6066-11e4-a52e-4f735466cecf":"c682897e-1661-428a-9ba7-5206654ec6b0"},{"element-6066-11e4-a52e-4f735466cecf":"14bf37a7-bd48-4a6c-9313-07aa2da957e9"},{"element-6066-11e4-a52e-4f735466cecf":"97f01343-1ea8-4d36-b9d1-108bc003970d"},{"element-6066-11e4-a52e-4f735466cecf":"0e3ce015-a546-4824-9323-c32e0950e472"},{"element-6066-11e4-a52e-4f735466cecf":"0067fd2c-714b-438c-a595-05b31a6172cc"},{"element-6066-11e4-a52e-4f735466cecf":"ae559ccd-83e1-40c3-8dd4-9d67a0d9a68a"},{"element-6066-11e4-a52e-4f735466cecf":"5b1c3f4c-83df-4436-b6c4-312033db848f"},{"element-6066-11e4-a52e-4f735466cecf":"8757d74a-1a41-4636-8307-16a7d802657b"},{"element-6066-11e4-a52e-4f735466cecf":"e77a3a17-23ca-438a-8322-79593a991ae7"},{"element-6066-11e4-a52e-4f735466cecf":"8d1620b1-3c81-42c9-811f-a3c0a5d451db"},{"element-6066-11e4-a52e-4f735466cecf":"f72c0170-c2cf-40f7-91d2-13136519ad0b"},{"element-6066-11e4-a52e-4f735466cecf":"2e958f19-1a91-4adb-b8f9-4f85d1ca32ed"},{"element-6066-11e4-a52e-4f735466cecf":"4af93ca2-c112-4519-85dd-6e0531632413"},{"element-6066-11e4-a52e-4f735466cecf":"2df5ae29-8cb7-4ef5-994d-e807f9a988b7"},{"element-6066-11e4-a52e-4f735466cecf":"bcafe8ee-3370-4a93-a4b4-00abc0789176"},{"element-6066-11e4-a52e-4f735466cecf":"f41e3c22-c0ef-400a-81aa-132deab24eda"},{"element-6066-11e4-a52e-4f735466cecf":"c5ae3705-2bd9-486c-aa59-cf0ef8d3a7a9"},{"element-6066-11e4-a52e-4f735466cecf":"faed1bad-b51d-400c-85cb-c3879f8448fc"},{"element-6066-11e4-a52e-4f735466cecf":"4353a8a4-52b4-405b-958e-6aad85321f69"},{"element-6066-11e4-a52e-4f735466cecf":"ed4e1c90-aa71-42c8-a108-6a08360c59cb"},{"element-6066-11e4-a52e-4f735466cecf":"7de80a5b-2e43-4df8-a09e-9fd5ce897834"},{"element-6066-11e4-a52e-4f735466cecf":"0cf6219a-b834-451f-b30a-f739c756cce2"},{"element-6066-11e4-a52e-4f735466cecf":"ace9100f-1b0e-4e3f-8574-ff2e3ea7a728"},{"element-6066-11e4-a52e-4f735466cecf":"a60b2615-62b4-48f7-8503-5342f36dc751"},{"element-6066-11e4-a52e-4f735466cecf":"6d2a6d0e-5fe8-44c6-990f-a543e0ec7632"},{"element-6066-11e4-a52e-4f735466cecf":"9b974a23-45ab-4496-8278-34d5c25f7a3c"},{"element-6066-11e4-a52e-4f735466cecf":"dad53b2c-80c3-4cec-ac7d-dc522691aec1"},{"element-6066-11e4-a52e-4f735466cecf":"8f6f4716-3551-43a1-ba4e-d7a8fef03045"},{"element-6066-11e4-a52e-4f735466cecf":"7d6aa32c-ab65-4ef5-a2dc-19dfc95499e2"},{"element-6066-11e4-a52e-4f735466cecf":"688cfab7-375d-442a-921c-a7352e21691c"},{"element-6066-11e4-a52e-4f735466cecf":"d795375e-4212-4a7f-b349-f1716300c277"},{"element-6066-11e4-a52e-4f735466cecf":"d541f086-4ff4-46b5-bcdb-bbd8f526ba87"},{"element-6066-11e4-a52e-4f735466cecf":"172fea6a-a413-416f-9a88-8aef58ecebbc"},{"element-6066-11e4-a52e-4f735466cecf":"081713a6-71f3-4ca3-85cf-65bff694a6cf"},{"element-6066-11e4-a52e-4f735466cecf":"5b21808e-0a32-4663-b166-59bd0693b81d"},{"element-6066-11e4-a52e-4f735466cecf":"39e4c060-e97f-4d16-9759-508941773307"},{"element-6066-11e4-a52e-4f735466cecf":"010f3b93-f68a-40b3-973e-bb3a9aae6180"},{"element-6066-11e4-a52e-4f735466cecf":"96ffef52-e3f3-4634-87ec-b5586701a631"},{"element-6066-11e4-a52e-4f735466cecf":"440de3e8-7043-4dc7-8cf7-2361d3a3de84"},{"element-6066-11e4-a52e-4f735466cecf":"c8a10629-f0d3-4d5b-bcee-9ffbe46b18b0"},{"element-6066-11e4-a52e-4f735466cecf":"bd277454-010c-4587-b421-e94d9029c07e"},{"element-6066-11e4-a52e-4f735466cecf":"feaab073-087c-4f4d-afcb-3f9027675820"},{"element-6066-11e4-a52e-4f735466cecf":"823c6142-ea92-4673-863f-5c48d46a9c5f"},{"element-6066-11e4-a52e-4f735466cecf":"dfae2e3a-6e98-4a76-9e48-b3927447e4e3"},{"element-6066-11e4-a52e-4f735466cecf":"b59dadbb-6914-4aa0-b9ec-ef47d7e98dd9"},{"element-6066-11e4-a52e-4f735466cecf":"d6795712-7cdc-4bd9-8bd0-6d712f3bc700"},{"element-6066-11e4-a52e-4f735466cecf":"b4afd03a-f453-49aa-9e10-e1056a953615"},{"element-6066-11e4-a52e-4f735466cecf":"47a8f435-6467-425d-aac5-acc3f169b9a2"},{"element-6066-11e4-a52e-4f735466cecf":"cf8db60b-68d2-42d2-97a5-d50744355c06"},{"element-6066-11e4-a52e-4f735466cecf":"1adf909e-711a-4d4a-bf50-92428b420f64"},{"element-6066-11e4-a52e-4f735466cecf":"74f191a4-9a9e-4a67-a068-3a86148d2f7a"},{"element-6066-11e4-a52e-4f735466cecf":"d0ba9b68-191b-4bf9-a895-183573c406d3"},{"element-6066-11e4-a52e-4f735466cecf":"91de3c69-012d-4bcf-a152-d0c424abe3c8"},{"element-6066-11e4-a52e-4f735466cecf":"fdf496f3-36a2-44f3-a36e-60abf82dbc07"},{"element-6066-11e4-a52e-4f735466cecf":"0b78284b-7995-4f07-afac-b5b03e12e22a"},{"element-6066-11e4-a52e-4f735466cecf":"472b0d15-cadf-46f4-b4c8-d647ac9117f9"},{"element-6066-11e4-a52e-4f735466cecf":"8d2a43a3-91a5-449c-a592-4efc6830f426"},{"element-6066-11e4-a52e-4f735466cecf":"7ca24dd8-0134-406f-801f-75fc5d5bc72f"},{"element-6066-11e4-a52e-4f735466cecf":"cac601f9-548c-4c30-9234-92d862ca7835"},{"element-6066-11e4-a52e-4f735466cecf":"a0148149-e4c1-4710-86b7-a60b4a2052c5"},{"element-6066-11e4-a52e-4f735466cecf":"183c8cba-4896-41e1-a5ca-bc1c01f7dafe"},{"element-6066-11e4-a52e-4f735466cecf":"05c276df-dadc-49fb-a467-52593c92c4dc"},{"element-6066-11e4-a52e-4f735466cecf":"4482ae08-c870-40fa-bf02-8cce7429acad"},{"element-6066-11e4-a52e-4f735466cecf":"d2777437-fd15-4a91-b397-e77b60d2dff8"},{"element-6066-11e4-a52e-4f735466cecf":"6eab77c2-9ead-404c-abb8-4f10c510e302"},{"element-6066-11e4-a52e-4f735466cecf":"9b84d3e6-bec4-4846-bef5-e797d32af93e"},{"element-6066-11e4-a52e-4f735466cecf":"3eb882f6-ecef-4bfc-8ee9-1c00b456558d"},{"element-6066-11e4-a52e-4f735466cecf":"8994a562-d8e2-48b8-80f4-43f9198c5cf7"},{"element-6066-11e4-a52e-4f735466cecf":"e864181c-93d4-4b7d-8448-7ebde2e54394"},{"element-6066-11e4-a52e-4f735466cecf":"e326b972-ec30-429c-9811-14324ea71a90"},{"element-6066-11e4-a52e-4f735466cecf":"8633d881-fd06-48c1-bf62-c70ff4ff5e3c"},{"element-6066-11e4-a52e-4f735466cecf":"b7db84d9-77d2-4f9f-8cee-415a5853f2cc"},{"element-6066-11e4-a52e-4f735466cecf":"a820542e-6b6d-4e2e-9085-c4de607b7841"},{"element-6066-11e4-a52e-4f735466cecf":"1315541a-efd6-4398-a7a1-02b72fa5aa66"},{"element-6066-11e4-a52e-4f735466cecf":"b8f37366-a1d8-4a85-8738-bbffeb24d3d4"},{"element-6066-11e4-a52e-4f735466cecf":"3eed2a8e-a143-48ce-be3b-f047a3fbf415"},{"element-6066-11e4-a52e-4f735466cecf":"28993474-3082-44a1-b471-44e608c240f9"},{"element-6066-11e4-a52e-4f735466cecf":"44cd5982-0788-43e7-ae21-fb13f07319bc"},{"element-6066-11e4-a52e-4f735466cecf":"4d069051-abf4-42b3-abd9-81f2639f44c6"},{"element-6066-11e4-a52e-4f735466cecf":"da507395-2458-4226-85b3-85a6cd61a9b5"},{"element-6066-11e4-a52e-4f735466cecf":"56c47c95-7cf7-4a52-a8ec-209d35b7ec4d"},{"element-6066-11e4-a52e-4f735466cecf":"ab0fb0e9-3314-4f52-9afd-ad71a48886b0"},{"element-6066-11e4-a52e-4f735466cecf":"746bdae0-6574-40ab-910d-1bc3f473689e"},{"element-6066-11e4-a52e-4f735466cecf":"d8550419-444f-4b1b-85c7-d917a62b5ef0"},{"element-6066-11e4-a52e-4f735466cecf":"51d40355-0cde-4db9-9611-d71322b94745"},{"element-6066-11e4-a52e-4f735466cecf":"d376c0b0-0626-47cf-ab05-b365e806203f"},{"element-6066-11e4-a52e-4f735466cecf":"ff3dab4f-9069-4361-91b3-8f30a3f53a1f"},{"element-6066-11e4-a52e-4f735466cecf":"285631e2-d965-4208-ae27-9722674dd58c"},{"element-6066-11e4-a52e-4f735466cecf":"7718c3e2-831f-4dc1-9e12-01f3618116d7"},{"element-6066-11e4-a52e-4f735466cecf":"7aa22784-db51-4f8a-9fc9-badbf3f2e739"},{"element-6066-11e4-a52e-4f735466cecf":"328cec11-8895-4a08-a2ca-6be215b79dc2"},{"element-6066-11e4-a52e-4f735466cecf":"57cc9b2e-9578-4406-9bd6-7bc3d61b24ca"},{"element-6066-11e4-a52e-4f735466cecf":"69070065-082f-41b1-9349-20a090701004"},{"element-6066-11e4-a52e-4f735466cecf":"5e98bcf5-19ea-4a75-b42d-fab522bce258"},{"element-6066-11e4-a52e-4f735466cecf":"a69065ee-2357-42c2-8e7b-ad11459eaabd"},{"element-6066-11e4-a52e-4f735466cecf":"634c5346-13e2-4334-a9ec-68415af615d8"},{"element-6066-11e4-a52e-4f735466cecf":"65eb4286-1139-439f-8909-827e40a6fed5"},{"element-6066-11e4-a52e-4f735466cecf":"10d55c28-bd22-48ae-a53f-b8936e33a2f2"},{"element-6066-11e4-a52e-4f735466cecf":"5ee6befa-b220-4bbd-b69f-abcc37578a6d"},{"element-6066-11e4-a52e-4f735466cecf":"73632e0d-217a-4f5e-99e8-6622102105f7"},{"element-6066-11e4-a52e-4f735466cecf":"b53a034c-dfae-46ef-ba14-37a9e12fe2d3"},{"element-6066-11e4-a52e-4f735466cecf":"faa43971-0d53-46bf-9269-d320879fcafc"},{"element-6066-11e4-a52e-4f735466cecf":"280ef1ea-68d5-445a-82e8-1388f6cdf52b"},{"element-6066-11e4-a52e-4f735466cecf":"132dae89-bc4e-4807-8c43-4d5ad3da22ea"},{"element-6066-11e4-a52e-4f735466cecf":"4e748325-e090-475b-94ef-fc72fe0677fd"},{"element-6066-11e4-a52e-4f735466cecf":"5c6c1810-417b-44ac-822c-93f63c4f9e72"},{"element-6066-11e4-a52e-4f735466cecf":"2cd1a119-53c8-4152-a79d-0eeaf30bb459"},{"element-6066-11e4-a52e-4f735466cecf":"c16177e6-4ce6-4a20-8fdd-2496900b63e8"},{"element-6066-11e4-a52e-4f735466cecf":"e25a74bc-51d5-49af-83d3-ba87e6ff16df"},{"element-6066-11e4-a52e-4f735466cecf":"c359e062-ccf6-4978-b2bf-3461e5f36455"},{"element-6066-11e4-a52e-4f735466cecf":"14a92c39-4ff6-48d5-95ed-b08bf43c5d6d"},{"element-6066-11e4-a52e-4f735466cecf":"d674c540-41f8-4ece-8a54-8e82e945c959"},{"element-6066-11e4-a52e-4f735466cecf":"cc56c6a4-0616-42f5-b72d-6524088dac5a"},{"element-6066-11e4-a52e-4f735466cecf":"62c91887-4319-469e-8d6f-500892577674"},{"element-6066-11e4-a52e-4f735466cecf":"b7098261-bbf8-47fa-ab5c-c9db371c0fa9"},{"element-6066-11e4-a52e-4f735466cecf":"5bd91575-7143-4c4b-9977-230dc8106d56"},{"element-6066-11e4-a52e-4f735466cecf":"01adea34-77fb-4517-a289-016de74ff62f"},{"element-6066-11e4-a52e-4f735466cecf":"6d2c022c-58e6-4184-a5c5-34a11af5f856"},{"element-6066-11e4-a52e-4f735466cecf":"a29ee972-06e2-4a64-b416-46e5b6946f4e"},{"element-6066-11e4-a52e-4f735466cecf":"2b310aef-a0b5-4b3f-8b5a-296c2c62537a"},{"element-6066-11e4-a52e-4f735466cecf":"0a13b7ca-ea69-48a0-b567-505b242d5255"},{"element-6066-11e4-a52e-4f735466cecf":"9a86a3d7-3533-4704-8425-2d35821c087c"},{"element-6066-11e4-a52e-4f735466cecf":"c162e43d-ae53-455c-809e-f737896d086d"},{"element-6066-11e4-a52e-4f735466cecf":"808bf9c5-5834-4589-b83b-7108394ba9ea"},{"element-6066-11e4-a52e-4f735466cecf":"5266be75-d859-4644-b07b-6c1f37b1b1a9"},{"element-6066-11e4-a52e-4f735466cecf":"889f4f7e-492e-4567-b2dc-4041b61e9fc7"},{"element-6066-11e4-a52e-4f735466cecf":"772c0449-b9ea-41f2-ba52-5ef92ed2ca11"},{"element-6066-11e4-a52e-4f735466cecf":"ea952749-8856-4f4f-857b-7c0f2b831558"},{"element-6066-11e4-a52e-4f735466cecf":"2c374073-9144-4db7-92a6-41e7b3179b3b"},{"element-6066-11e4-a52e-4f735466cecf":"8f2adaed-fe17-44a1-8b4f-5994c9da74d0"},{"element-6066-11e4-a52e-4f735466cecf":"9dc8244f-6871-463f-9524-5c7fa2766ff9"},{"element-6066-11e4-a52e-4f735466cecf":"0af705f8-a2a8-48dc-a3a6-9b3000c5e508"},{"element-6066-11e4-a52e-4f735466cecf":"76b71149-d62e-4518-9cda-19116fab85ba"},{"element-6066-11e4-a52e-4f735466cecf":"a5161b80-e80f-4d1c-92a7-a1d3c6a26b6c"},{"element-6066-11e4-a52e-4f735466cecf":"4c3b4d42-bd29-4449-b725-f589807d04df"},{"element-6066-11e4-a52e-4f735466cecf":"f2fe5366-58a2-4944-8da0-0fdee019cf3c"},{"element-6066-11e4-a52e-4f735466cecf":"6eaf9d4f-100a-491a-b092-68f6f644d55b"},{"element-6066-11e4-a52e-4f735466cecf":"f1b41a99-bf89-4f57-bf6b-c9b189aac3b6"},{"element-6066-11e4-a52e-4f735466cecf":"1e6f41a7-fcba-47d6-acfa-1aa49a6e8fd6"},{"element-6066-11e4-a52e-4f735466cecf":"f1f78a7a-3dae-41b4-9da1-203a228a7285"},{"element-6066-11e4-a52e-4f735466cecf":"d6385193-695f-4220-bc63-9d1695a5881a"},{"element-6066-11e4-a52e-4f735466cecf":"72984bb4-17d0-485f-94ca-07ab19d4ffaf"},{"element-6066-11e4-a52e-4f735466cecf":"3488b155-20f8-4a37-b8c9-3be7214a2e32"},{"element-6066-11e4-a52e-4f735466cecf":"68dd4f72-a939-4d0f-8211-6e09258e0e3c"},{"element-6066-11e4-a52e-4f735466cecf":"1456bc71-32a8-4b8d-bdf4-5bd87ddd7679"},{"element-6066-11e4-a52e-4f735466cecf":"ae83f389-9e0c-419e-bf51-031099961b67"},{"element-6066-11e4-a52e-4f735466cecf":"d4982bcd-4f9e-48fc-a8c0-40ae0e250d75"},{"element-6066-11e4-a52e-4f735466cecf":"676b6248-3891-421a-ad1c-f0d31c60fa6c"},{"element-6066-11e4-a52e-4f735466cecf":"c4db9936-15d9-40bb-b4eb-382e227cf650"},{"element-6066-11e4-a52e-4f735466cecf":"765757de-1095-48b5-97e3-5eba520aacb2"},{"element-6066-11e4-a52e-4f735466cecf":"de2d7923-35f1-41b1-9dbd-cec3a111e51e"},{"element-6066-11e4-a52e-4f735466cecf":"828a4da1-29b4-4318-9d7e-039940240281"},{"element-6066-11e4-a52e-4f735466cecf":"89c4dc69-20a0-44d6-9691-811152d22f16"},{"element-6066-11e4-a52e-4f735466cecf":"c321b9a4-5a5e-441f-b380-ad27186d74e4"},{"element-6066-11e4-a52e-4f735466cecf":"f8b27218-247d-43c1-be77-520d5b7d6081"},{"element-6066-11e4-a52e-4f735466cecf":"201b517b-12d1-4257-b4a1-3d42dfbe0f20"},{"element-6066-11e4-a52e-4f735466cecf":"da735e5c-918f-40a2-8649-c13eae844297"},{"element-6066-11e4-a52e-4f735466cecf":"aabe029b-88fc-465d-8149-bcb3816d7e25"},{"element-6066-11e4-a52e-4f735466cecf":"e11afa8d-6bdc-4f15-9fe0-383924a435b5"},{"element-6066-11e4-a52e-4f735466cecf":"31da54d8-8f73-4560-a1ef-5d308fae3a24"},{"element-6066-11e4-a52e-4f735466cecf":"e528c142-a5dc-44ce-9fb3-f3bc2fff248f"},{"element-6066-11e4-a52e-4f735466cecf":"1300a3e8-7657-4a73-a83e-076a4322d855"},{"element-6066-11e4-a52e-4f735466cecf":"fba1a114-d705-4dbb-8877-e3aabd35e8e6"},{"element-6066-11e4-a52e-4f735466cecf":"80c54ae3-8320-47c3-a136-5ce64bbe1a7c"},{"element-6066-11e4-a52e-4f735466cecf":"89fe626c-3995-42ad-94fc-84ebd70eac7b"},{"element-6066-11e4-a52e-4f735466cecf":"dc60a9e4-65de-4097-a77b-c96971257d85"},{"element-6066-11e4-a52e-4f735466cecf":"22134e9a-c2a9-4adb-b656-e46975f73bc8"},{"element-6066-11e4-a52e-4f735466cecf":"d48c3b56-45bd-4bef-aafd-5a53bc77b558"},{"element-6066-11e4-a52e-4f735466cecf":"4c958ca3-4d13-457b-bd7d-132b903462bd"},{"element-6066-11e4-a52e-4f735466cecf":"1f69b9cd-2598-4bc1-a134-ea8f2e076a40"},{"element-6066-11e4-a52e-4f735466cecf":"dd13f002-6713-42be-94b6-f1bc7c52d34c"},{"element-6066-11e4-a52e-4f735466cecf":"c7e005e2-12ba-49dd-b261-9db1623a0d2e"},{"element-6066-11e4-a52e-4f735466cecf":"2c749b5f-9de9-4806-a54d-9ede9277a435"},{"element-6066-11e4-a52e-4f735466cecf":"a47f38bb-eb44-4047-a14b-78f9863f180b"},{"element-6066-11e4-a52e-4f735466cecf":"54726eb1-065f-42b6-bacf-332c9a319039"},{"element-6066-11e4-a52e-4f735466cecf":"a62680a9-6805-4a81-8da5-0efb06b7aba9"},{"element-6066-11e4-a52e-4f735466cecf":"5e7ffacd-2b99-4e1b-a62c-f28c474323eb"},{"element-6066-11e4-a52e-4f735466cecf":"5d66b9fc-7a41-42cc-96b4-8705d6a50a92"},{"element-6066-11e4-a52e-4f735466cecf":"560d5102-1253-475d-9e8b-a4396dccaee5"},{"element-6066-11e4-a52e-4f735466cecf":"23017dbe-70b1-43a2-8c9d-94515082d527"}]} | headers=HTTPHeaderDict({'Content-Length': '149005', 'Content-Type': 'application/json; charset=utf-8', 'cache-control': 'no-cache'})
DEBUG    2022-05-28 23:25:16 selenium.webdriver.remote.remote_connection::remote_connection.py:_request:412: Finished Request
DEBUG    2022-05-28 23:25:16 selenium.webdriver.remote.remote_connection::remote_connection.py:_request:361: POST http://localhost:10258/session/2f140efbfe34fd19693291710fb38043/elements {"using": "xpath", "value": "//div[@class='item clearfix']"}
DEBUG    2022-05-28 23:25:17 urllib3.connectionpool::connectionpool.py:_make_request:456: http://localhost:10258 "POST /session/2f140efbfe34fd19693291710fb38043/elements HTTP/1.1" 200 181237
DEBUG    2022-05-28 23:25:17 selenium.webdriver.remote.remote_connection::remote_connection.py:_request:383: Remote response: status=200 | data={"value":[{"element-6066-11e4-a52e-4f735466cecf":"69c99310-9f7e-42bc-bdf8-70ed81e330d0"},{"element-6066-11e4-a52e-4f735466cecf":"3271ee0c-1faf-426c-9af2-75a35dff5451"},{"element-6066-11e4-a52e-4f735466cecf":"521cc2b0-da15-4351-b56d-be856e49def8"},{"element-6066-11e4-a52e-4f735466cecf":"95c72984-c650-48eb-8b92-d0f51b19b3e3"},{"element-6066-11e4-a52e-4f735466cecf":"90ea4b0f-debe-4604-aa7f-d5c87e309e2e"},{"element-6066-11e4-a52e-4f735466cecf":"33122b0b-f5c3-4b13-92df-3d864e09ff95"},{"element-6066-11e4-a52e-4f735466cecf":"cb35988b-dd0b-49f4-a7f8-f06f43328eca"},{"element-6066-11e4-a52e-4f735466cecf":"bd8b4865-4cc3-41e7-ad60-0070de2d55e8"},{"element-6066-11e4-a52e-4f735466cecf":"1342ad53-4eb4-4c23-9b7e-ec77fd82a7ef"},{"element-6066-11e4-a52e-4f735466cecf":"597ce74b-4bf0-4ede-8656-c73016b3beeb"},{"element-6066-11e4-a52e-4f735466cecf":"95820a05-e76b-4b82-ae69-f1ee191781e9"},{"element-6066-11e4-a52e-4f735466cecf":"1b9e1f1e-40d5-43c8-bf1f-d49c1aac819b"},{"element-6066-11e4-a52e-4f735466cecf":"ef347a80-9ec7-4ede-9e03-897a0d02dff3"},{"element-6066-11e4-a52e-4f735466cecf":"8b061d52-c731-491f-8b6b-65ec872c9f99"},{"element-6066-11e4-a52e-4f735466cecf":"5cc1ef49-6341-4459-938f-4a626ccf1502"},{"element-6066-11e4-a52e-4f735466cecf":"bd034d49-dad0-41fc-ad7b-92fdf39eef6e"},{"element-6066-11e4-a52e-4f735466cecf":"5d2af425-9617-4d58-ab8f-1087755fff7d"},{"element-6066-11e4-a52e-4f735466cecf":"80a5a139-910f-4f44-95da-60aa04d1a0aa"},{"element-6066-11e4-a52e-4f735466cecf":"4c017403-d431-4548-a2da-b5eb9f8b67f4"},{"element-6066-11e4-a52e-4f735466cecf":"1fab413b-8d97-465a-88eb-f0a1abf8e846"},{"element-6066-11e4-a52e-4f735466cecf":"0ef2261c-7bff-4e03-a71a-caec172534a3"},{"element-6066-11e4-a52e-4f735466cecf":"1bb32663-9734-4f64-93f4-c7b989e0db2c"},{"element-6066-11e4-a52e-4f735466cecf":"1f6d5630-e44d-490b-a8ad-d9f9a58b8f92"},{"element-6066-11e4-a52e-4f735466cecf":"1b7af56b-3dfd-4bf2-95a7-e4db9bb351cf"},{"element-6066-11e4-a52e-4f735466cecf":"21c210bf-6ab4-4251-846c-28a2795a1495"},{"element-6066-11e4-a52e-4f735466cecf":"5c6b8e9b-5531-4ca1-b9c3-8d18753222be"},{"element-6066-11e4-a52e-4f735466cecf":"7041cd7d-f709-46b8-b4d4-31857758849a"},{"element-6066-11e4-a52e-4f735466cecf":"9fb647ce-70e6-4364-9e1e-0aff1e297826"},{"element-6066-11e4-a52e-4f735466cecf":"aeff033b-2b05-4455-912b-78ee73f275cf"},{"element-6066-11e4-a52e-4f735466cecf":"ea9c7c3a-545a-436b-8255-833a3e1cc7f4"},{"element-6066-11e4-a52e-4f735466cecf":"5b864689-c109-4a5e-89c1-5d3d7a465286"},{"element-6066-11e4-a52e-4f735466cecf":"b8eb1640-dbbd-4fa2-b7f5-2ed3e6a1c5ff"},{"element-6066-11e4-a52e-4f735466cecf":"f29825c9-8163-426c-9fa8-da1157b0e98d"},{"element-6066-11e4-a52e-4f735466cecf":"7bed99ad-39db-413e-8dc5-eef15fecf480"},{"element-6066-11e4-a52e-4f735466cecf":"9ddc6077-b824-42a5-8546-9e2afa17b530"},{"element-6066-11e4-a52e-4f735466cecf":"b393c065-f38a-4847-8e7c-49f1750d35fd"},{"element-6066-11e4-a52e-4f735466cecf":"1bff2b03-4e7f-42b5-a083-26df0bc2cc4d"},{"element-6066-11e4-a52e-4f735466cecf":"1564927a-9c13-4aea-b383-939a0f96b0ac"},{"element-6066-11e4-a52e-4f735466cecf":"689e0150-1414-44a1-9658-762240c34537"},{"element-6066-11e4-a52e-4f735466cecf":"55895415-9e02-4f1e-93af-ce80d38a04f9"},{"element-6066-11e4-a52e-4f735466cecf":"3a64ec2d-2095-486c-a98f-fbf637f79cc5"},{"element-6066-11e4-a52e-4f735466cecf":"6fbe3453-96cd-407f-b021-1bdd4122f2c4"},{"element-6066-11e4-a52e-4f735466cecf":"9e23f621-c581-4297-8b93-b895266027ae"},{"element-6066-11e4-a52e-4f735466cecf":"eb72e019-6eb5-433c-a00e-a264d1d4a5d5"},{"element-6066-11e4-a52e-4f735466cecf":"b63bbc04-500a-4ae6-aece-8f3e8dd90f60"},{"element-6066-11e4-a52e-4f735466cecf":"c9f95959-3412-4fee-82c1-931c1b50f47a"},{"element-6066-11e4-a52e-4f735466cecf":"bf68dfce-2e22-46cb-bf47-aefaebfe6ad0"},{"element-6066-11e4-a52e-4f735466cecf":"ec1b8d81-675f-47c1-b712-280f46215896"},{"element-6066-11e4-a52e-4f735466cecf":"8e842470-3142-4142-88b2-8f97156561ad"},{"element-6066-11e4-a52e-4f735466cecf":"3dc1a238-f54e-4026-a614-486383ba81d2"},{"element-6066-11e4-a52e-4f735466cecf":"57341936-e2b4-41c2-82d4-8d37e68d72a5"},{"element-6066-11e4-a52e-4f735466cecf":"5caf4e7d-b44c-4d37-aff2-ccabfe5fdc0e"},{"element-6066-11e4-a52e-4f735466cecf":"b89d2713-effc-43f6-bb18-45545ed3b0b5"},{"element-6066-11e4-a52e-4f735466cecf":"36502621-8cdf-4e7f-9668-182e4e719fcd"},{"element-6066-11e4-a52e-4f735466cecf":"83a3eb25-eadb-493e-bef8-d6b806993959"},{"element-6066-11e4-a52e-4f735466cecf":"3148d046-cbbe-4a8d-9c47-d25503dca0ef"},{"element-6066-11e4-a52e-4f735466cecf":"cd22c834-49af-4c5d-941d-37f2e956a4bd"},{"element-6066-11e4-a52e-4f735466cecf":"66971848-c63c-4409-a0be-32bad9c40ba6"},{"element-6066-11e4-a52e-4f735466cecf":"69f24488-2fe2-476f-9d8c-c7e332446647"},{"element-6066-11e4-a52e-4f735466cecf":"10123816-e675-490f-a45d-8ebf992e3b3b"},{"element-6066-11e4-a52e-4f735466cecf":"d2737a6f-0578-407e-a4a5-6e852448cd87"},{"element-6066-11e4-a52e-4f735466cecf":"98c73978-c43b-40fc-a2df-2e35345d2679"},{"element-6066-11e4-a52e-4f735466cecf":"b06edd4e-8a3c-45df-9864-e12e7a751279"},{"element-6066-11e4-a52e-4f735466cecf":"e718ec15-f688-4b56-87f1-8b1bc1cb6ac6"},{"element-6066-11e4-a52e-4f735466cecf":"f4f7b0f6-1915-495e-a9fd-57e279adaf4e"},{"element-6066-11e4-a52e-4f735466cecf":"86d41832-946d-4b32-95d3-6ce886ee2445"},{"element-6066-11e4-a52e-4f735466cecf":"99a43b54-183c-44c2-b6ec-41a27d2764f9"},{"element-6066-11e4-a52e-4f735466cecf":"1ff9c7c9-de75-4cc7-a69a-8c36f3b70870"},{"element-6066-11e4-a52e-4f735466cecf":"fa790741-db63-47d8-b269-d3b92823b882"},{"element-6066-11e4-a52e-4f735466cecf":"e0cf68bb-3a50-400a-8619-b845610ca61c"},{"element-6066-11e4-a52e-4f735466cecf":"687c258d-6ac2-441d-ae43-2e0a9ed03f1d"},{"element-6066-11e4-a52e-4f735466cecf":"2f4b82ad-28a8-4afc-b1df-a2342b7185d8"},{"element-6066-11e4-a52e-4f735466cecf":"2502e73a-67af-4feb-a640-02a48ffc0bd3"},{"element-6066-11e4-a52e-4f735466cecf":"087f0c7d-8c17-42f0-ac04-595a14f012cb"},{"element-6066-11e4-a52e-4f735466cecf":"a7a892a9-5a09-4293-bdd4-74ec5db98179"},{"element-6066-11e4-a52e-4f735466cecf":"67d8779c-5af4-40c3-a822-9457fbbaf7c0"},{"element-6066-11e4-a52e-4f735466cecf":"718246b1-1c14-447a-a6de-f9e8fcb49dad"},{"element-6066-11e4-a52e-4f735466cecf":"03059ad3-3703-4dc4-a105-dd527b39534f"},{"element-6066-11e4-a52e-4f735466cecf":"890102b6-1ffc-445e-be06-b88e18b19c5a"},{"element-6066-11e4-a52e-4f735466cecf":"841ea6f0-d076-464d-bba4-1134c8314944"},{"element-6066-11e4-a52e-4f735466cecf":"9e7c8629-7418-4288-97d4-14e20102900f"},{"element-6066-11e4-a52e-4f735466cecf":"400587dc-c8d7-4e56-a670-f4ad641ac03a"},{"element-6066-11e4-a52e-4f735466cecf":"af55c61c-6bd5-4591-a0ac-96701fefcc94"},{"element-6066-11e4-a52e-4f735466cecf":"5d7ab1d3-70b5-40f6-9429-1f82db353aa2"},{"element-6066-11e4-a52e-4f735466cecf":"078d74be-e242-491b-8173-d65a0d985591"},{"element-6066-11e4-a52e-4f735466cecf":"8c22526a-82ec-4884-b08c-add07863436f"},{"element-6066-11e4-a52e-4f735466cecf":"caf45156-678a-4c43-9aa0-ab6343d1ec9d"},{"element-6066-11e4-a52e-4f735466cecf":"967ec59e-da9d-4938-b7e5-660a201fcefd"},{"element-6066-11e4-a52e-4f735466cecf":"59df0303-e957-4e5c-b4ec-165be3bbaef5"},{"element-6066-11e4-a52e-4f735466cecf":"4b8e40b4-66f5-4149-9552-3c42ccdd7628"},{"element-6066-11e4-a52e-4f735466cecf":"1c9f5a35-141e-4ddb-ae16-a37ff5c899e9"},{"element-6066-11e4-a52e-4f735466cecf":"acfb7318-7e54-4ecd-bf30-e3ecd2e83ac0"},{"element-6066-11e4-a52e-4f735466cecf":"1aab53d4-fb58-43a0-96fc-5aadcc1c635f"},{"element-6066-11e4-a52e-4f735466cecf":"2eda2a91-a7f1-4707-a406-46ad58bf49a6"},{"element-6066-11e4-a52e-4f735466cecf":"775a8872-148a-47cf-841c-990b15cd7e50"},{"element-6066-11e4-a52e-4f735466cecf":"69ce3b01-3896-477e-a3c4-5d82d6868be4"},{"element-6066-11e4-a52e-4f735466cecf":"1cb2320e-4ec2-4e85-8fa0-59a6419b44f5"},{"element-6066-11e4-a52e-4f735466cecf":"2decc7cd-ed34-4f40-93dc-208855f92b63"},{"element-6066-11e4-a52e-4f735466cecf":"df988c12-81d8-4d94-b776-40397909fcbf"},{"element-6066-11e4-a52e-4f735466cecf":"f988e73a-c976-4862-8449-78191d731f3a"},{"element-6066-11e4-a52e-4f735466cecf":"bd3753ac-d036-4a36-97e9-5f3a613a8a7b"},{"element-6066-11e4-a52e-4f735466cecf":"afd73739-e14e-497d-a004-c5a2caf8ff1c"},{"element-6066-11e4-a52e-4f735466cecf":"735bdc69-0118-421f-a0a5-1c1cf110912e"},{"element-6066-11e4-a52e-4f735466cecf":"14deca07-8826-4f2f-9f8d-dc23f83ecd00"},{"element-6066-11e4-a52e-4f735466cecf":"d9f2b53a-9deb-4b7d-b014-78b2a58cfa1f"},{"element-6066-11e4-a52e-4f735466cecf":"7fda7418-76b7-459f-8ac9-f23f0aad55af"},{"element-6066-11e4-a52e-4f735466cecf":"3d5e3b38-6bb3-47c7-9c96-ab8813b01777"},{"element-6066-11e4-a52e-4f735466cecf":"97952a18-31a3-4a6c-b5c9-15ea6f1f9b8e"},{"element-6066-11e4-a52e-4f735466cecf":"b99a8d4e-44e6-4c1a-abe7-1b5d536bbf4a"},{"element-6066-11e4-a52e-4f735466cecf":"35eab435-8bff-4f39-93b7-f9de2cb94cfe"},{"element-6066-11e4-a52e-4f735466cecf":"99d03caa-061d-47c4-8801-66d84c38e551"},{"element-6066-11e4-a52e-4f735466cecf":"fc2eb5bc-bbf7-430b-8046-c22c5000f543"},{"element-6066-11e4-a52e-4f735466cecf":"302ebc57-d473-4fd5-9dae-3c8cbe649d83"},{"element-6066-11e4-a52e-4f735466cecf":"029d7546-ef5a-4e99-92b0-283dc725f1eb"},{"element-6066-11e4-a52e-4f735466cecf":"1012a085-a297-432d-96c1-06a51b66cf5b"},{"element-6066-11e4-a52e-4f735466cecf":"08c0f29d-ff8b-4575-aa59-25054825bcd5"},{"element-6066-11e4-a52e-4f735466cecf":"375aeaf4-3c63-4d03-9eee-fe6419f2b8a1"},{"element-6066-11e4-a52e-4f735466cecf":"6eb4eb9f-9bd3-4ca5-9343-9131b4053e48"},{"element-6066-11e4-a52e-4f735466cecf":"2bd29b88-efb1-46b3-b95e-40b2d623d413"},{"element-6066-11e4-a52e-4f735466cecf":"eed96524-6b55-4663-a32b-50111806a6f0"},{"element-6066-11e4-a52e-4f735466cecf":"fd58d14e-5a04-4d4c-a314-4fa80c803968"},{"element-6066-11e4-a52e-4f735466cecf":"221e8821-a68a-479a-ad87-8ed3c901086f"},{"element-6066-11e4-a52e-4f735466cecf":"3aee0b6a-feb4-438c-926c-6556dcd5d1ac"},{"element-6066-11e4-a52e-4f735466cecf":"53236e48-848c-46ec-8468-8c8ba10e4ab6"},{"element-6066-11e4-a52e-4f735466cecf":"d0c1f2bf-7add-4569-a740-feea677e12d6"},{"element-6066-11e4-a52e-4f735466cecf":"9653acd3-50f6-4ec0-94cd-6e0e8dcbdcad"},{"element-6066-11e4-a52e-4f735466cecf":"77fd27b1-de37-4cc3-ae7c-739e634ffd5f"},{"element-6066-11e4-a52e-4f735466cecf":"adb3a937-fab2-4278-90b1-27c0067c0eae"},{"element-6066-11e4-a52e-4f735466cecf":"63bb66c0-e5c5-404a-a3dd-7ca37dedca7f"},{"element-6066-11e4-a52e-4f735466cecf":"50b916ac-07a2-427f-9a1e-4b28733248d4"},{"element-6066-11e4-a52e-4f735466cecf":"ed762e3c-ae89-4f0b-8fc6-bd1a3a2407cb"},{"element-6066-11e4-a52e-4f735466cecf":"b4c18c2f-b536-414d-a7c9-70178e1a134c"},{"element-6066-11e4-a52e-4f735466cecf":"fb268e95-984c-48bc-b5a5-43e4469f5084"},{"element-6066-11e4-a52e-4f735466cecf":"f0ece765-68ff-48ed-8fc1-8730f1265b32"},{"element-6066-11e4-a52e-4f735466cecf":"13b508ef-c595-4ab7-913c-dc15cae897ed"},{"element-6066-11e4-a52e-4f735466cecf":"eb33563e-8dd0-463c-9308-9e72045cfa67"},{"element-6066-11e4-a52e-4f735466cecf":"b43d2c66-92ff-4496-8e89-c2f8c7a8f831"},{"element-6066-11e4-a52e-4f735466cecf":"5b546914-79ac-4eb1-beb5-fe7639171007"},{"element-6066-11e4-a52e-4f735466cecf":"97976b85-c382-4f9c-afc9-ba34d229bbf7"},{"element-6066-11e4-a52e-4f735466cecf":"e6c46687-9cbf-425f-a2db-13a676fe6118"},{"element-6066-11e4-a52e-4f735466cecf":"ec958187-a21f-431f-b8a9-8b09ae98082a"},{"element-6066-11e4-a52e-4f735466cecf":"8ca48bdc-5e7c-4946-b35c-e163736ac730"},{"element-6066-11e4-a52e-4f735466cecf":"870242af-07a6-4a34-8e1c-9a506ebe884a"},{"element-6066-11e4-a52e-4f735466cecf":"bafcdc1e-cb3b-4af7-ac2b-924550dcbe15"},{"element-6066-11e4-a52e-4f735466cecf":"5907b5b3-d89f-431a-9012-2c00a62a7047"},{"element-6066-11e4-a52e-4f735466cecf":"bb8da4c6-0b21-4c6e-877b-7ee1bf8be9f5"},{"element-6066-11e4-a52e-4f735466cecf":"45f8235c-a5f9-4bbc-ac14-24f5a544c77c"},{"element-6066-11e4-a52e-4f735466cecf":"6e4a67ff-4d59-45f9-a2f7-6b23dcda9172"},{"element-6066-11e4-a52e-4f735466cecf":"10467691-6e67-4ee4-a6da-36868434d13b"},{"element-6066-11e4-a52e-4f735466cecf":"1b2d50b7-a041-460e-9fe3-3c0cf1bf5ed7"},{"element-6066-11e4-a52e-4f735466cecf":"15c33bc5-7dc5-4f36-81c1-b346311abaa8"},{"element-6066-11e4-a52e-4f735466cecf":"b79d0263-d3d4-49a0-9e6f-d870b523a52a"},{"element-6066-11e4-a52e-4f735466cecf":"94aa362a-4fe9-4622-ad9e-1c3687401c54"},{"element-6066-11e4-a52e-4f735466cecf":"e12c4302-149d-4ea3-be9f-42cb77fa7206"},{"element-6066-11e4-a52e-4f735466cecf":"356e31dc-3513-40ff-921f-c2705f4800c0"},{"element-6066-11e4-a52e-4f735466cecf":"a00e3706-e161-4c04-8c3c-4f2d497b8846"},{"element-6066-11e4-a52e-4f735466cecf":"854c763e-21a5-4095-bc79-2264e7a1893e"},{"element-6066-11e4-a52e-4f735466cecf":"c7ef531c-b61e-4381-9a81-0f4e7e195425"},{"element-6066-11e4-a52e-4f735466cecf":"ba31ff4a-e536-42f7-a616-b93a008f5ce8"},{"element-6066-11e4-a52e-4f735466cecf":"ab7b1bd2-38aa-431f-810d-36ae222b8722"},{"element-6066-11e4-a52e-4f735466cecf":"db2d6ed9-f9c0-49a1-b819-44f106ea5672"},{"element-6066-11e4-a52e-4f735466cecf":"1e117e8b-3530-46e8-8d2d-2d900b286bff"},{"element-6066-11e4-a52e-4f735466cecf":"122d0dfb-4894-4a69-b413-55e00d2e399c"},{"element-6066-11e4-a52e-4f735466cecf":"2d76b0bc-6113-4d8a-b24b-f8efe49a1d00"},{"element-6066-11e4-a52e-4f735466cecf":"24e04c86-a84a-4aee-b6b9-f0de2b1563db"},{"element-6066-11e4-a52e-4f735466cecf":"1ea035fc-ef15-4e5f-be0a-193ec4541ac4"},{"element-6066-11e4-a52e-4f735466cecf":"a3276db9-5e54-4640-991c-1389e51e7115"},{"element-6066-11e4-a52e-4f735466cecf":"9e3f49e5-761b-4571-9909-39fbc99cb921"},{"element-6066-11e4-a52e-4f735466cecf":"f0e5b314-74b3-4acf-b99b-33038e26536e"},{"element-6066-11e4-a52e-4f735466cecf":"bdc8cd43-8bb0-43fa-ae94-2d5118098559"},{"element-6066-11e4-a52e-4f735466cecf":"175de20d-7ea2-415b-afc3-5cfb6ebc17d7"},{"element-6066-11e4-a52e-4f735466cecf":"23e9bf87-6fe6-48e8-98c1-136690bccd5e"},{"element-6066-11e4-a52e-4f735466cecf":"2ce37e76-2dbe-4cff-a8b4-8b6762e511f1"},{"element-6066-11e4-a52e-4f735466cecf":"6aaf3947-ab30-4a1b-89e0-7be3a2ee3516"},{"element-6066-11e4-a52e-4f735466cecf":"728f55ad-cd62-4eda-a258-d1238e214c11"},{"element-6066-11e4-a52e-4f735466cecf":"45f6f261-74d3-496c-900c-7265c157df5e"},{"element-6066-11e4-a52e-4f735466cecf":"e0ef2686-ec83-4cdb-a7a9-89eca9f2cc94"},{"element-6066-11e4-a52e-4f735466cecf":"4e27ad34-fa79-4073-8103-0de663745e7b"},{"element-6066-11e4-a52e-4f735466cecf":"d4ef4f17-9f36-424e-8642-7d17d5a6c60b"},{"element-6066-11e4-a52e-4f735466cecf":"179bb658-c381-4210-a892-95927af470fa"},{"element-6066-11e4-a52e-4f735466cecf":"c779a2a6-61a0-4bb0-8f94-be51cc9a8b1e"},{"element-6066-11e4-a52e-4f735466cecf":"40f6404d-d7c2-4358-a52c-73ff8f910d26"},{"element-6066-11e4-a52e-4f735466cecf":"b8534cf2-ebb1-4882-bf4a-32ec5ee6849f"},{"element-6066-11e4-a52e-4f735466cecf":"ead6d4a3-6d99-4cc9-aa27-705f2a977ac8"},{"element-6066-11e4-a52e-4f735466cecf":"5de951b4-9dc6-4d53-9707-6f64e733fde3"},{"element-6066-11e4-a52e-4f735466cecf":"1d546bec-c4a3-4826-9986-2798cc03be86"},{"element-6066-11e4-a52e-4f735466cecf":"2ba9bf37-0bc7-433c-991b-75efced6ea3d"},{"element-6066-11e4-a52e-4f735466cecf":"b538496c-36cf-40a7-bc32-d7143f187fde"},{"element-6066-11e4-a52e-4f735466cecf":"c174defa-aa51-4abc-aca8-99c92cd590c5"},{"element-6066-11e4-a52e-4f735466cecf":"a8b4e9a6-d4cd-4a67-bc5a-903a8c70cd0a"},{"element-6066-11e4-a52e-4f735466cecf":"0c4dfb21-de9e-4dbf-8e9d-3cbddd0b09ac"},{"element-6066-11e4-a52e-4f735466cecf":"541f03c4-06ee-4e9f-87ee-e8eee92f5717"},{"element-6066-11e4-a52e-4f735466cecf":"b7ae6c2a-b40e-4a73-9262-d68e7e404fe0"},{"element-6066-11e4-a52e-4f735466cecf":"57af6c72-1745-44a5-8676-c353dee09adb"},{"element-6066-11e4-a52e-4f735466cecf":"98fff1eb-dc91-4a86-ba59-f962d57a2333"},{"element-6066-11e4-a52e-4f735466cecf":"08958a6a-8eda-4237-ab0d-d7e1ee1a5d9e"},{"element-6066-11e4-a52e-4f735466cecf":"dec9cd05-8116-44f2-9c32-63d8d1167478"},{"element-6066-11e4-a52e-4f735466cecf":"49d6cb85-49f5-4f4f-880e-352183d560d0"},{"element-6066-11e4-a52e-4f735466cecf":"0c50e08b-d4e2-4507-b16d-8eaf8ab76dac"},{"element-6066-11e4-a52e-4f735466cecf":"7c3b1126-64aa-4c50-a9dc-514c504248cb"},{"element-6066-11e4-a52e-4f735466cecf":"b36dbde6-493b-42c5-8f82-d479b1918838"},{"element-6066-11e4-a52e-4f735466cecf":"11494705-7011-4352-aefd-1586f37b6d79"},{"element-6066-11e4-a52e-4f735466cecf":"7bda1e79-31cb-48f7-b61a-c17288715cca"},{"element-6066-11e4-a52e-4f735466cecf":"b83341d1-e682-499b-bec3-460c0206e413"},{"element-6066-11e4-a52e-4f735466cecf":"cde6cbe4-de51-4d3d-9375-2fe2098dcbe8"},{"element-6066-11e4-a52e-4f735466cecf":"c5eedfa2-c297-4a78-a073-e9fa40827de6"},{"element-6066-11e4-a52e-4f735466cecf":"b598b537-903c-497f-b787-463a15b71c56"},{"element-6066-11e4-a52e-4f735466cecf":"3cc5fa4f-be6b-4daf-bdbd-eee297e3189c"},{"element-6066-11e4-a52e-4f735466cecf":"a4906de5-c753-4d1d-86bc-2b4163e593b3"},{"element-6066-11e4-a52e-4f735466cecf":"33bae70d-d6a2-4052-bfdf-be8857f02719"},{"element-6066-11e4-a52e-4f735466cecf":"e00aaf84-19a6-4e57-8132-13e332da7e6e"},{"element-6066-11e4-a52e-4f735466cecf":"47e94d02-b8ba-479f-a834-89de8a7bbe3a"},{"element-6066-11e4-a52e-4f735466cecf":"b666f4ca-916c-4a8c-8652-32ea53a9b031"},{"element-6066-11e4-a52e-4f735466cecf":"eed30908-deec-4e56-8531-7a53a0249737"},{"element-6066-11e4-a52e-4f735466cecf":"cc4f0fe6-aaca-4a27-bcc5-78383a4e2126"},{"element-6066-11e4-a52e-4f735466cecf":"34155864-8db8-430a-a6ba-82ff3c90d47b"},{"element-6066-11e4-a52e-4f735466cecf":"92650c5e-6b2d-44c4-8a62-394775eed79d"},{"element-6066-11e4-a52e-4f735466cecf":"bf35aeab-6810-477d-9481-fbc428f8b855"},{"element-6066-11e4-a52e-4f735466cecf":"9c30ceb8-b9d6-42c1-a1a1-b972617e481c"},{"element-6066-11e4-a52e-4f735466cecf":"2642078f-1dc0-4ac8-b3db-74d84bbfbbfc"},{"element-6066-11e4-a52e-4f735466cecf":"b735b298-ea7d-457d-89a6-5a13ae3232c3"},{"element-6066-11e4-a52e-4f735466cecf":"505a4ccd-7dad-420e-868c-8acd54e24133"},{"element-6066-11e4-a52e-4f735466cecf":"036e348a-1347-4eca-8472-8dda3810d124"},{"element-6066-11e4-a52e-4f735466cecf":"2646df69-9661-436b-8e4a-dcc3faf8dd94"},{"element-6066-11e4-a52e-4f735466cecf":"e1fda15c-b161-4b98-b9f3-a8c8b1025ddc"},{"element-6066-11e4-a52e-4f735466cecf":"a2e7109d-5b62-4c40-9ea9-6857e4d411dc"},{"element-6066-11e4-a52e-4f735466cecf":"fb40da7c-1315-4d95-be07-b2f49f06867c"},{"element-6066-11e4-a52e-4f735466cecf":"f9c800ab-d617-43dd-9117-f61fe79ba9e6"},{"element-6066-11e4-a52e-4f735466cecf":"36ca7500-8e8a-46bc-91ad-e41a7d7607df"},{"element-6066-11e4-a52e-4f735466cecf":"924ffb3e-8ad9-43a4-b3dc-6ee43735fe0e"},{"element-6066-11e4-a52e-4f735466cecf":"18b4a5e0-db22-45d1-8039-f0c784fd5817"},{"element-6066-11e4-a52e-4f735466cecf":"df5a2860-8332-4d0e-8190-31485a51850e"},{"element-6066-11e4-a52e-4f735466cecf":"1e458972-dd58-40dc-b894-a997ebb4196e"},{"element-6066-11e4-a52e-4f735466cecf":"3bbb5e62-df25-42e5-a524-47a59d9ffce8"},{"element-6066-11e4-a52e-4f735466cecf":"bd442e46-c9e3-41e1-ab8e-fb6eb6b6ebae"},{"element-6066-11e4-a52e-4f735466cecf":"f8ef9ca3-3403-49c6-9d15-5d67b11ef5b6"},{"element-6066-11e4-a52e-4f735466cecf":"2079da06-7336-4b70-9495-49a267ca2809"},{"element-6066-11e4-a52e-4f735466cecf":"05a82aa0-baa2-4a17-890a-7591e7219420"},{"element-6066-11e4-a52e-4f735466cecf":"a19acaa0-28f5-4849-b3ce-094435d9a7e7"},{"element-6066-11e4-a52e-4f735466cecf":"35ece28b-6f1b-45b0-87fa-c869a53dc540"},{"element-6066-11e4-a52e-4f735466cecf":"39db31f1-b29b-472c-83a8-b45518779438"},{"element-6066-11e4-a52e-4f735466cecf":"0e12e986-0dbd-491e-aeb4-ea061605f33f"},{"element-6066-11e4-a52e-4f735466cecf":"7f07029b-0f23-4e64-b7b4-f063d22dfdce"},{"element-6066-11e4-a52e-4f735466cecf":"ad9a8e71-a35d-4c2d-9d09-955c108bb300"},{"element-6066-11e4-a52e-4f735466cecf":"ed839eb5-d18e-4f78-aacf-54e7dbf7c090"},{"element-6066-11e4-a52e-4f735466cecf":"7826f8f0-4a33-4809-84a0-5810126880c6"},{"element-6066-11e4-a52e-4f735466cecf":"99c0ef1c-dadf-462b-8d12-64a8480040b4"},{"element-6066-11e4-a52e-4f735466cecf":"06a235e1-b55a-4e10-b651-93166cf8cb81"},{"element-6066-11e4-a52e-4f735466cecf":"e1821461-1987-4b97-8d9d-655355442438"},{"element-6066-11e4-a52e-4f735466cecf":"d7f43105-d075-441e-ac4c-0f1027adab4e"},{"element-6066-11e4-a52e-4f735466cecf":"3767c198-fbf8-4b4a-8c33-865057494e86"},{"element-6066-11e4-a52e-4f735466cecf":"745b0bba-fc7e-492c-a90b-3f9e56351b3e"},{"element-6066-11e4-a52e-4f735466cecf":"63af1b9a-8ed5-44df-aa05-7814a27a0336"},{"element-6066-11e4-a52e-4f735466cecf":"2808d497-d8aa-4bd2-bd32-a66b6e9cf99d"},{"element-6066-11e4-a52e-4f735466cecf":"696ec198-1006-4217-ac87-f46fb10092f9"},{"element-6066-11e4-a52e-4f735466cecf":"5a5d7151-42e1-4228-99ad-09d08db2df5e"},{"element-6066-11e4-a52e-4f735466cecf":"348b509f-43a6-4208-abdd-052412fd030e"},{"element-6066-11e4-a52e-4f735466cecf":"d978d904-deff-4ef0-8a50-d44b47cfe1e7"},{"element-6066-11e4-a52e-4f735466cecf":"5733d733-4c52-499c-b647-0a50bda021f6"},{"element-6066-11e4-a52e-4f735466cecf":"84226f00-a4cc-431e-a0de-aa210f49436d"},{"element-6066-11e4-a52e-4f735466cecf":"7875166e-cad9-47fa-9b7b-ff0c1df46e75"},{"element-6066-11e4-a52e-4f735466cecf":"6479d61e-7931-4ac5-ae48-8f0df28037db"},{"element-6066-11e4-a52e-4f735466cecf":"bd3de517-21d5-44fe-b770-0dfb2f7b0231"},{"element-6066-11e4-a52e-4f735466cecf":"a2c7212b-40fb-4581-a15e-178c6dd7d01f"},{"element-6066-11e4-a52e-4f735466cecf":"15d09d15-7198-471c-9791-391b844ade85"},{"element-6066-11e4-a52e-4f735466cecf":"ad2eea0e-2f8d-4fb9-9711-62f46b7bc637"},{"element-6066-11e4-a52e-4f735466cecf":"d45daff3-de5a-4be8-8d1c-5e29515c95ad"},{"element-6066-11e4-a52e-4f735466cecf":"5aa7ebf9-091e-43f6-977f-09a3a21788ef"},{"element-6066-11e4-a52e-4f735466cecf":"e5bd7159-c9df-439a-b93c-4513270a000d"},{"element-6066-11e4-a52e-4f735466cecf":"1ed89059-26d1-4b0e-9b7f-37589e2fdb41"},{"element-6066-11e4-a52e-4f735466cecf":"5f6d61f3-5539-40b5-ac03-8fef17747fd9"},{"element-6066-11e4-a52e-4f735466cecf":"ccd76bb9-fd60-4c4b-8b28-2ebb7741c78a"},{"element-6066-11e4-a52e-4f735466cecf":"7e66ca7d-8b7b-44e7-a07c-cb870aefb4e6"},{"element-6066-11e4-a52e-4f735466cecf":"bdfa9798-9785-4021-aac9-15232cff511a"},{"element-6066-11e4-a52e-4f735466cecf":"dc42fc4f-cf25-43ff-9ee6-9d268ca2584e"},{"element-6066-11e4-a52e-4f735466cecf":"31a034f8-e307-474c-bf4e-31e463fa8544"},{"element-6066-11e4-a52e-4f735466cecf":"2946db7b-99c1-4f25-b2c2-d2863b1f1841"},{"element-6066-11e4-a52e-4f735466cecf":"1fcd4926-15ff-4009-859c-edce1d6ac2f8"},{"element-6066-11e4-a52e-4f735466cecf":"5df1b98c-a9e8-4033-97dc-e26866151fa6"},{"element-6066-11e4-a52e-4f735466cecf":"c48218b4-62ed-4314-8ba0-a5fd65c9bb5a"},{"element-6066-11e4-a52e-4f735466cecf":"1ee68f9a-c67f-4370-b35c-156c109bd2cc"},{"element-6066-11e4-a52e-4f735466cecf":"0087c751-2b56-4e3f-9cf4-8272dfcb84d7"},{"element-6066-11e4-a52e-4f735466cecf":"edafec7c-623b-46f2-8955-ef9693c54e74"},{"element-6066-11e4-a52e-4f735466cecf":"d16268cb-540c-48e5-96ac-6cf54798aa47"},{"element-6066-11e4-a52e-4f735466cecf":"9bc6e08d-8842-4820-abb1-3c91d1e65b84"},{"element-6066-11e4-a52e-4f735466cecf":"ad16e674-591c-40c0-81ce-4cf57226a9fd"},{"element-6066-11e4-a52e-4f735466cecf":"1d9c0106-5ca0-4965-bbe7-24379f7b007d"},{"element-6066-11e4-a52e-4f735466cecf":"943fbab1-601e-4997-a28e-3f4942d1d6ca"},{"element-6066-11e4-a52e-4f735466cecf":"1ba9aad6-03c3-440c-8a3d-d925c8476e89"},{"element-6066-11e4-a52e-4f735466cecf":"cf5af7a4-a954-4833-8544-106a864ce49e"},{"element-6066-11e4-a52e-4f735466cecf":"97e5f0a7-1536-4f10-8f93-b979a18636c3"},{"element-6066-11e4-a52e-4f735466cecf":"8a1dc8cb-8b16-41a6-8740-260d56724164"},{"element-6066-11e4-a52e-4f735466cecf":"8ea35eb5-026e-4298-879b-a88d41ac7b3f"},{"element-6066-11e4-a52e-4f735466cecf":"cb1ee033-e862-4762-8fe5-5ac2532aba9e"},{"element-6066-11e4-a52e-4f735466cecf":"9a7b6717-c708-4907-8064-29ca1100cfc4"},{"element-6066-11e4-a52e-4f735466cecf":"5e1d96cd-be00-48bb-8db3-db7481863866"},{"element-6066-11e4-a52e-4f735466cecf":"651e8f0e-6965-411b-9541-3e884e1e5eed"},{"element-6066-11e4-a52e-4f735466cecf":"dbeeca73-35b1-4059-b30a-e7ce092fb5cc"},{"element-6066-11e4-a52e-4f735466cecf":"fcef39e3-aeef-41c4-8ea7-41b9889189bb"},{"element-6066-11e4-a52e-4f735466cecf":"7b9553d7-b391-4d10-9186-3ed2f86b0112"},{"element-6066-11e4-a52e-4f735466cecf":"cd20613c-a840-40e1-bc37-7cfcc86909f2"},{"element-6066-11e4-a52e-4f735466cecf":"092c6683-d0e5-45c2-9392-114607adf368"},{"element-6066-11e4-a52e-4f735466cecf":"68a15555-03fb-4fa6-9c7b-fcc1ab6e72aa"},{"element-6066-11e4-a52e-4f735466cecf":"7d7c13a2-c9d7-41ff-a1f6-27fea051780b"},{"element-6066-11e4-a52e-4f735466cecf":"9de5f0f6-7812-4f7a-b4f7-f83fd4723c02"},{"element-6066-11e4-a52e-4f735466cecf":"a0cfaa57-7c39-4d72-a9ef-8cf7842e2c60"},{"element-6066-11e4-a52e-4f735466cecf":"829ee5b5-64ec-4e2c-af6b-b7d6333a81d2"},{"element-6066-11e4-a52e-4f735466cecf":"712d7431-b983-491e-b7aa-678b75da2b1a"},{"element-6066-11e4-a52e-4f735466cecf":"e3d05fe6-6689-4cc8-ac7e-653d655d534c"},{"element-6066-11e4-a52e-4f735466cecf":"beff8dd8-9612-41b2-ad40-141c82aa1a9e"},{"element-6066-11e4-a52e-4f735466cecf":"63416dad-959f-43e6-a9ab-55fe84b41157"},{"element-6066-11e4-a52e-4f735466cecf":"6a2a0df0-3ddb-4439-94e8-21dd2cd3e0f8"},{"element-6066-11e4-a52e-4f735466cecf":"1e2aff37-c07b-4164-b454-d6dd0269c149"},{"element-6066-11e4-a52e-4f735466cecf":"1a861e0b-3e76-4572-b93f-1be1221bc1b2"},{"element-6066-11e4-a52e-4f735466cecf":"f9445c3c-ec14-4af8-b882-42623ff36024"},{"element-6066-11e4-a52e-4f735466cecf":"a01003a7-cf93-487e-b17e-54ab2346184f"},{"element-6066-11e4-a52e-4f735466cecf":"474a9440-dd2c-4780-9e3e-67fa495c46d6"},{"element-6066-11e4-a52e-4f735466cecf":"49a3fd7d-def3-4be2-94bf-a2c930922460"},{"element-6066-11e4-a52e-4f735466cecf":"a9d65e5f-a696-4bc8-94f2-870c98f4923b"},{"element-6066-11e4-a52e-4f735466cecf":"d4280403-70ca-4fb7-a196-5461de7268c4"},{"element-6066-11e4-a52e-4f735466cecf":"c04c3e7c-c39a-497c-af28-a15ea8f9972a"},{"element-6066-11e4-a52e-4f735466cecf":"b3e5ce3e-6d65-443c-8443-1ff3ce72edea"},{"element-6066-11e4-a52e-4f735466cecf":"0a9b4671-4c6f-462c-b054-72e957d087d5"},{"element-6066-11e4-a52e-4f735466cecf":"a978c0e0-ca8a-4fce-9958-6ecc6c4107e4"},{"element-6066-11e4-a52e-4f735466cecf":"c8682cd3-f2c5-4699-9902-09e86b991862"},{"element-6066-11e4-a52e-4f735466cecf":"6a087d65-3bc6-4926-87d6-6b38801fa80d"},{"element-6066-11e4-a52e-4f735466cecf":"567a7010-d2ca-4952-98aa-f6d70153f1fa"},{"element-6066-11e4-a52e-4f735466cecf":"887019f2-02f2-449d-8ff2-fc1c9872e192"},{"element-6066-11e4-a52e-4f735466cecf":"a9fa6e05-356e-48f2-9479-ce114378082c"},{"element-6066-11e4-a52e-4f735466cecf":"9c2e625d-837a-4021-9e68-25c0cabee91c"},{"element-6066-11e4-a52e-4f735466cecf":"b09980e8-90e6-4d07-9f30-8aa91dd28033"},{"element-6066-11e4-a52e-4f735466cecf":"6147155a-3b72-46b1-b95c-be5f01a8dc6d"},{"element-6066-11e4-a52e-4f735466cecf":"5abe1f0f-dd18-4229-99fc-13348752c87f"},{"element-6066-11e4-a52e-4f735466cecf":"537dcfdc-4b18-4adc-a1ee-ff8da0a1e224"},{"element-6066-11e4-a52e-4f735466cecf":"0eec4e91-9aaa-4c01-bb5b-c003b927bb9d"},{"element-6066-11e4-a52e-4f735466cecf":"18600133-8bee-48e8-899e-96a39906ea11"},{"element-6066-11e4-a52e-4f735466cecf":"5d655499-f3e9-42fc-92eb-84cf7ac16442"},{"element-6066-11e4-a52e-4f735466cecf":"4c7d3660-36a2-4136-a849-189749ecc55b"},{"element-6066-11e4-a52e-4f735466cecf":"a48dbd82-e8d2-4d66-97a9-0b8d77dc17ef"},{"element-6066-11e4-a52e-4f735466cecf":"a09d78a9-7df7-4215-8210-006f8314f336"},{"element-6066-11e4-a52e-4f735466cecf":"981d5df8-e344-4eff-a104-19870572045c"},{"element-6066-11e4-a52e-4f735466cecf":"b1a71b37-fd37-49fa-9d19-e0da111069d2"},{"element-6066-11e4-a52e-4f735466cecf":"11d9aa80-7238-49e6-8f4e-efc69ef2e3e0"},{"element-6066-11e4-a52e-4f735466cecf":"dc5c3921-e148-4c5a-970a-216236b4104d"},{"element-6066-11e4-a52e-4f735466cecf":"2e03d48c-18f2-4422-8993-fddf9c6f5340"},{"element-6066-11e4-a52e-4f735466cecf":"4608369c-90ef-4825-8a37-87198710224b"},{"element-6066-11e4-a52e-4f735466cecf":"52dd8c8f-8b5c-4f70-bba4-8b6589099990"},{"element-6066-11e4-a52e-4f735466cecf":"57327757-3c0b-428c-b1fc-68e93ac4eaf0"},{"element-6066-11e4-a52e-4f735466cecf":"79bc8edf-8c1d-4e63-bbf6-01a0ba2197b1"},{"element-6066-11e4-a52e-4f735466cecf":"a68d9449-6c21-447c-8cfb-d595e09745d7"},{"element-6066-11e4-a52e-4f735466cecf":"22d9b3b4-d4e5-4f5e-be10-19f41c653074"},{"element-6066-11e4-a52e-4f735466cecf":"d3f6851a-8748-43d9-9e60-afe3ceb6b4e4"},{"element-6066-11e4-a52e-4f735466cecf":"e8c2d8e0-bd57-4477-a687-79a5dfaab91d"},{"element-6066-11e4-a52e-4f735466cecf":"d3763177-9a38-4b10-9c9f-a0712493cd2e"},{"element-6066-11e4-a52e-4f735466cecf":"a2f3d8ef-e849-4fbf-b872-48ef782fb2a5"},{"element-6066-11e4-a52e-4f735466cecf":"442fb657-f560-4e30-b447-ff8c14c0d421"},{"element-6066-11e4-a52e-4f735466cecf":"22d94991-6d19-4324-8164-aeaa0b7fc060"},{"element-6066-11e4-a52e-4f735466cecf":"50a7a074-745b-482a-8876-9a67b43e45cd"},{"element-6066-11e4-a52e-4f735466cecf":"f72c0f57-7a38-45d4-bdb2-b7740209ba19"},{"element-6066-11e4-a52e-4f735466cecf":"007d4c91-3e08-4faa-8826-a29278d2e9fd"},{"element-6066-11e4-a52e-4f735466cecf":"da26717d-01de-47eb-8f9c-18409b034676"},{"element-6066-11e4-a52e-4f735466cecf":"59141ec5-f08c-44c7-b73c-dcf8e3bff6ca"},{"element-6066-11e4-a52e-4f735466cecf":"4e031320-954d-4fff-8920-7a9c89081029"},{"element-6066-11e4-a52e-4f735466cecf":"905abc8d-4c91-4c0c-a151-17104174c4f3"},{"element-6066-11e4-a52e-4f735466cecf":"ae8a2ea2-eb11-4405-b4d4-9a3899466795"},{"element-6066-11e4-a52e-4f735466cecf":"a1dc04e4-a719-47d0-9630-083502898a7b"},{"element-6066-11e4-a52e-4f735466cecf":"1ee8e7af-eae4-47da-b0af-5aa91cdc667f"},{"element-6066-11e4-a52e-4f735466cecf":"fe56bea6-78a9-4db1-8ca3-749cc89e0dc2"},{"element-6066-11e4-a52e-4f735466cecf":"e9f1b644-fb3e-481f-801c-7c19ea694a6c"},{"element-6066-11e4-a52e-4f735466cecf":"879c12b6-4763-4931-86aa-f0f33225ff2a"},{"element-6066-11e4-a52e-4f735466cecf":"75e56287-083e-4077-a38f-ea382bf85d24"},{"element-6066-11e4-a52e-4f735466cecf":"3073bd5b-f5a9-4982-b2ef-a59bb5e903ae"},{"element-6066-11e4-a52e-4f735466cecf":"0ec6af5d-0498-4fc1-8c7f-4efbfc940824"},{"element-6066-11e4-a52e-4f735466cecf":"f600a411-826f-4f9e-bd33-72573c7992f6"},{"element-6066-11e4-a52e-4f735466cecf":"2e8253a0-33c3-4632-a628-292504c41814"},{"element-6066-11e4-a52e-4f735466cecf":"239ca9bc-5496-4404-beb4-6e8dca27a280"},{"element-6066-11e4-a52e-4f735466cecf":"7e61908f-8487-4871-98fb-02138920ed48"},{"element-6066-11e4-a52e-4f735466cecf":"0a63ed0e-dd0c-40c5-bad6-316f3c08e57f"},{"element-6066-11e4-a52e-4f735466cecf":"b1ba5f2a-cf67-40fb-a33b-99b04ecf320a"},{"element-6066-11e4-a52e-4f735466cecf":"8ce7ed81-7fa6-4ab2-90d4-e72405e6615b"},{"element-6066-11e4-a52e-4f735466cecf":"a4e940ac-015a-4582-8683-9844cde7530f"},{"element-6066-11e4-a52e-4f735466cecf":"ec04affe-8e81-4476-a0ff-44b1032c24c4"},{"element-6066-11e4-a52e-4f735466cecf":"24ed777d-31af-4589-b724-72d2488e716b"},{"element-6066-11e4-a52e-4f735466cecf":"b63d25eb-4548-47bd-98ac-e0d2a96dcff4"},{"element-6066-11e4-a52e-4f735466cecf":"6aff559e-05d1-4ae6-afe8-7c472ea25830"},{"element-6066-11e4-a52e-4f735466cecf":"4aa25987-a881-4e18-9b7d-2950e48165c8"},{"element-6066-11e4-a52e-4f735466cecf":"f0c784a4-66ca-4489-8a21-00f6cc542579"},{"element-6066-11e4-a52e-4f735466cecf":"a5ab5365-95e8-46bd-a677-3b7e64ab0aa6"},{"element-6066-11e4-a52e-4f735466cecf":"f12e8d89-b3a2-4d87-bb30-31edc8101323"},{"element-6066-11e4-a52e-4f735466cecf":"22b1de13-ea6e-4fc3-ae2e-2e3ba9821a75"},{"element-6066-11e4-a52e-4f735466cecf":"a6b1f645-41c1-445a-8e63-685608ce7ce1"},{"element-6066-11e4-a52e-4f735466cecf":"f9e9babf-7e9f-4f31-80b9-d1a607cbbb63"},{"element-6066-11e4-a52e-4f735466cecf":"f676caa9-f6c4-471f-992f-d8f7e807d462"},{"element-6066-11e4-a52e-4f735466cecf":"29cd66de-3493-4695-8812-58b45b9e3bd7"},{"element-6066-11e4-a52e-4f735466cecf":"bd9f2720-01a5-4a4a-8268-744160672832"},{"element-6066-11e4-a52e-4f735466cecf":"ef6c295c-0181-4ea9-a85c-6ad20e77bed5"},{"element-6066-11e4-a52e-4f735466cecf":"cbbdf02f-9873-4bd4-aca8-2e657d9117d7"},{"element-6066-11e4-a52e-4f735466cecf":"e5e864e3-4fa1-4be1-a1fb-2a2728c41e69"},{"element-6066-11e4-a52e-4f735466cecf":"5bbd123b-b664-4bcf-a4f3-b6806d5e6bf8"},{"element-6066-11e4-a52e-4f735466cecf":"9d58179a-dbb7-42c9-856d-a5e1cdb4b99d"},{"element-6066-11e4-a52e-4f735466cecf":"7e764fe7-c735-4707-addb-f5d9cbb65342"},{"element-6066-11e4-a52e-4f735466cecf":"a99ae0b6-45a6-4351-a806-b910d63fd01a"},{"element-6066-11e4-a52e-4f735466cecf":"a6a5afda-5661-476c-ab3b-63e4d7eaeb51"},{"element-6066-11e4-a52e-4f735466cecf":"1ecb0dba-adbc-49ed-92f2-3e26c05c560a"},{"element-6066-11e4-a52e-4f735466cecf":"37598278-0ea2-492a-9bb7-3aa08de15de0"},{"element-6066-11e4-a52e-4f735466cecf":"78e59019-3058-4424-b015-14095ceb1051"},{"element-6066-11e4-a52e-4f735466cecf":"ae66f5d5-1b4f-49b3-8c8a-c5f5b9c32cf1"},{"element-6066-11e4-a52e-4f735466cecf":"b47776e5-2ecb-452a-aeb6-e75e989bdf3d"},{"element-6066-11e4-a52e-4f735466cecf":"16b17772-1df4-4af4-9033-c6527c7ff7ae"},{"element-6066-11e4-a52e-4f735466cecf":"b6dd1f9d-a84f-4b72-914d-e44fc60d02d6"},{"element-6066-11e4-a52e-4f735466cecf":"80b8761c-4f55-411c-8aed-62e2311bacf5"},{"element-6066-11e4-a52e-4f735466cecf":"dd661d09-2318-476f-8cdd-a989c0ead10a"},{"element-6066-11e4-a52e-4f735466cecf":"2da6dc77-0544-41ce-a982-3552d86ab6a3"},{"element-6066-11e4-a52e-4f735466cecf":"00c5b22a-0d21-4cb1-91fd-59b161234550"},{"element-6066-11e4-a52e-4f735466cecf":"c1536018-bcb2-4870-a660-0d6529c3e3e3"},{"element-6066-11e4-a52e-4f735466cecf":"22561dfd-5b94-4ccb-b8f4-82082e6b6404"},{"element-6066-11e4-a52e-4f735466cecf":"4da33131-3ec0-4aa9-bb7e-7a93e69d3ada"},{"element-6066-11e4-a52e-4f735466cecf":"1fdd8466-fda3-488e-b1f2-73af076e9d93"},{"element-6066-11e4-a52e-4f735466cecf":"7c33b207-d28a-414d-8cf0-cd109541dc5e"},{"element-6066-11e4-a52e-4f735466cecf":"cb62cbd7-6ca1-4665-86ce-06e1e638c76e"},{"element-6066-11e4-a52e-4f735466cecf":"2a8d9b20-208f-489c-bea8-e2450105c098"},{"element-6066-11e4-a52e-4f735466cecf":"d89c4e77-0976-4b8b-b334-e5b4522fc02a"},{"element-6066-11e4-a52e-4f735466cecf":"82df56c5-9086-46f5-a7da-c4ea6ccd3e79"},{"element-6066-11e4-a52e-4f735466cecf":"523f494e-4518-4838-af80-e86d2e3bd9fe"},{"element-6066-11e4-a52e-4f735466cecf":"057f7f02-bdef-4fc9-8dbc-a7e748c8f899"},{"element-6066-11e4-a52e-4f735466cecf":"27a0dee0-93bd-4e95-a09d-9db745da9fd1"},{"element-6066-11e4-a52e-4f735466cecf":"25c80805-7d23-49ce-b7dc-c01993f99589"},{"element-6066-11e4-a52e-4f735466cecf":"e79ca502-6ed2-4451-b853-2d49ab78c6e2"},{"element-6066-11e4-a52e-4f735466cecf":"5bd1021a-6b88-41b6-a2d1-49d56e72f395"},{"element-6066-11e4-a52e-4f735466cecf":"0e1b8a1c-6164-43a8-8e72-353d3b6d9281"},{"element-6066-11e4-a52e-4f735466cecf":"a701f49c-06d4-4c7d-99da-84af30bfa665"},{"element-6066-11e4-a52e-4f735466cecf":"f60fa178-8e0a-44e2-bcf8-db13aefed134"},{"element-6066-11e4-a52e-4f735466cecf":"623fb44d-ad2d-4ccd-9159-731d3f71f9a3"},{"element-6066-11e4-a52e-4f735466cecf":"7966e632-8016-4394-97e6-495552aeadb9"},{"element-6066-11e4-a52e-4f735466cecf":"0bee8f6d-a099-47bc-9f36-b8444a1acf55"},{"element-6066-11e4-a52e-4f735466cecf":"9aff4216-2392-4c33-a695-96eee3624c2e"},{"element-6066-11e4-a52e-4f735466cecf":"e09ef884-19ce-41fe-b9ce-e54a087e065a"},{"element-6066-11e4-a52e-4f735466cecf":"7c5a9495-d292-4e69-8400-acd561abde5a"},{"element-6066-11e4-a52e-4f735466cecf":"26243388-dbe3-472a-adb4-3d148953b6e8"},{"element-6066-11e4-a52e-4f735466cecf":"4a5af52e-67e1-4d5e-98bb-3186bff2310a"},{"element-6066-11e4-a52e-4f735466cecf":"5a73e94a-606a-4468-9a58-28bb06075791"},{"element-6066-11e4-a52e-4f735466cecf":"384adb6d-5bc0-4232-b760-e2a301157de0"},{"element-6066-11e4-a52e-4f735466cecf":"d4c8fd8a-ffef-44bb-ba59-900eb20bd486"},{"element-6066-11e4-a52e-4f735466cecf":"3d304a75-c7c9-419a-a3a2-39021ae66b45"},{"element-6066-11e4-a52e-4f735466cecf":"7378a033-e228-4082-a227-2c394f90fe02"},{"element-6066-11e4-a52e-4f735466cecf":"8e1076cf-fe31-4b97-8d08-91511f8daf92"},{"element-6066-11e4-a52e-4f735466cecf":"b747a00e-5495-4e76-ae71-e31be02ccdc0"},{"element-6066-11e4-a52e-4f735466cecf":"3a55f74a-c012-43f5-b671-7b1450ec484e"},{"element-6066-11e4-a52e-4f735466cecf":"6ff894c6-9897-4458-845b-c9d8b849ebd7"},{"element-6066-11e4-a52e-4f735466cecf":"5cdc1ebc-dae8-43d0-a461-ff3810a67194"},{"element-6066-11e4-a52e-4f735466cecf":"20dfa67d-e43d-4462-853f-784638c95bdf"},{"element-6066-11e4-a52e-4f735466cecf":"ed65170c-80d9-4de0-b306-8350f20f1a88"},{"element-6066-11e4-a52e-4f735466cecf":"a0faff32-3f7f-4dad-9bad-8320dac0c465"},{"element-6066-11e4-a52e-4f735466cecf":"a50a3c28-9477-42a4-969b-018089eda0a5"},{"element-6066-11e4-a52e-4f735466cecf":"7117b1cb-634d-4ff3-9462-9eaa3a32cce7"},{"element-6066-11e4-a52e-4f735466cecf":"624bf2ad-cbc5-4377-8b29-bb88d8b7ab9d"},{"element-6066-11e4-a52e-4f735466cecf":"c76e631c-9413-4524-b20d-24efacb6b904"},{"element-6066-11e4-a52e-4f735466cecf":"799d735a-a658-45c6-a5ca-f6cc784ab13c"},{"element-6066-11e4-a52e-4f735466cecf":"c693d746-beeb-4082-b812-729987152ac8"},{"element-6066-11e4-a52e-4f735466cecf":"684d851d-d02f-44bf-9136-2ee87c47d6b4"},{"element-6066-11e4-a52e-4f735466cecf":"39d650a8-b709-4f85-b2a9-e0815fefc3ff"},{"element-6066-11e4-a52e-4f735466cecf":"79d9ed5e-05d9-478d-b788-5bd6a4988dbc"},{"element-6066-11e4-a52e-4f735466cecf":"3e01d179-b863-4459-9fc3-707941ee15bd"},{"element-6066-11e4-a52e-4f735466cecf":"1e8d9eec-fcd4-4cc1-aa96-66bc4d5cab40"},{"element-6066-11e4-a52e-4f735466cecf":"ab28cec9-0b46-4f8d-928e-545bc36f6233"},{"element-6066-11e4-a52e-4f735466cecf":"d23c64e9-9b15-4b20-b074-7713f0213703"},{"element-6066-11e4-a52e-4f735466cecf":"25aa54e8-1fac-4b26-b102-3c528efb0540"},{"element-6066-11e4-a52e-4f735466cecf":"9a087656-c623-4652-bd67-cfe7efd13258"},{"element-6066-11e4-a52e-4f735466cecf":"a495708b-2686-4d9b-b5c7-c9915d9586b6"},{"element-6066-11e4-a52e-4f735466cecf":"eb8d4bfd-98c6-4991-8cad-161f3d869982"},{"element-6066-11e4-a52e-4f735466cecf":"ee79b1e8-67a9-4ab9-82fa-3a61e363b447"},{"element-6066-11e4-a52e-4f735466cecf":"24cc938d-9790-4ab6-b981-b864f6eeba34"},{"element-6066-11e4-a52e-4f735466cecf":"83249288-f2f8-4b63-b500-1fbad8c34fcb"},{"element-6066-11e4-a52e-4f735466cecf":"9e80ec03-e0c1-4383-9b08-5456a46a2521"},{"element-6066-11e4-a52e-4f735466cecf":"dcd35b2f-8f50-4e63-9d9b-e9c3b5636acf"},{"element-6066-11e4-a52e-4f735466cecf":"77190286-e5f5-4d80-b248-f90301cbfbe9"},{"element-6066-11e4-a52e-4f735466cecf":"c0907690-a722-4d2f-baa9-a3b041e1b4f6"},{"element-6066-11e4-a52e-4f735466cecf":"fcb69716-121b-4484-acfc-e330e23f9776"},{"element-6066-11e4-a52e-4f735466cecf":"a7a12689-6fc5-494d-ac7e-84bde4b21f18"},{"element-6066-11e4-a52e-4f735466cecf":"6163e89c-46b9-4a3f-a3a9-73b86abcbd1f"},{"element-6066-11e4-a52e-4f735466cecf":"b44a16bd-1942-4788-9c77-08002d048fef"},{"element-6066-11e4-a52e-4f735466cecf":"b64267c0-7788-433c-af33-4ec5b5b033f8"},{"element-6066-11e4-a52e-4f735466cecf":"d547285b-04c4-4c57-8e60-6b1cbe73a59a"},{"element-6066-11e4-a52e-4f735466cecf":"9e8da75f-95bc-420c-9ecb-000972bfe187"},{"element-6066-11e4-a52e-4f735466cecf":"afc4699b-c4b8-4f03-b437-ec8a28d2391d"},{"element-6066-11e4-a52e-4f735466cecf":"cb62de0d-17b7-4889-9667-d08c4dc88d4c"},{"element-6066-11e4-a52e-4f735466cecf":"541f4fe3-c921-4f07-8f0e-2c02cbb40859"},{"element-6066-11e4-a52e-4f735466cecf":"53f2d30f-f998-41f6-afb5-e840e98425fc"},{"element-6066-11e4-a52e-4f735466cecf":"0bbbde7e-391d-44df-ac2e-6bc835ae5bf0"},{"element-6066-11e4-a52e-4f735466cecf":"65e77ea3-047b-40fe-8321-fc6391caaa0b"},{"element-6066-11e4-a52e-4f735466cecf":"54d399f9-6acf-43da-9a6d-b5f4e83929b0"},{"element-6066-11e4-a52e-4f735466cecf":"e33167da-850f-4be6-af2f-dfcb1d028a85"},{"element-6066-11e4-a52e-4f735466cecf":"c6e3ab57-68c1-40db-a1e2-1e85e361f80b"},{"element-6066-11e4-a52e-4f735466cecf":"2f9abe90-dcd0-4fb2-8f44-baba5a5684e3"},{"element-6066-11e4-a52e-4f735466cecf":"3f6bcb45-7c32-455c-800b-deafbf1c1bd5"},{"element-6066-11e4-a52e-4f735466cecf":"3e27acae-1d08-47b5-a5f9-c6e6245ff35d"},{"element-6066-11e4-a52e-4f735466cecf":"f82ed1fd-157b-4e99-8d83-61ecdc3e8dff"},{"element-6066-11e4-a52e-4f735466cecf":"d1eae020-8c0d-4605-9259-a9701b79a46e"},{"element-6066-11e4-a52e-4f735466cecf":"5bba1088-7852-4295-85d0-02d8e6b94e02"},{"element-6066-11e4-a52e-4f735466cecf":"c7ec2857-0888-4f26-b418-717b95a03c5d"},{"element-6066-11e4-a52e-4f735466cecf":"e45cdeaf-cce9-4a2c-a328-2b03f41183b4"},{"element-6066-11e4-a52e-4f735466cecf":"b9c2f804-ecf3-4860-989a-22ac1653c6a4"},{"element-6066-11e4-a52e-4f735466cecf":"d72601b4-30e5-41c3-96bb-e85924300b0c"},{"element-6066-11e4-a52e-4f735466cecf":"7037e060-7c72-4d44-af1e-a7a8b3710b70"},{"element-6066-11e4-a52e-4f735466cecf":"4a4d6fa6-a2eb-4276-b165-c22a3646c07c"},{"element-6066-11e4-a52e-4f735466cecf":"52b138da-bba6-4bda-ba51-9394445b0316"},{"element-6066-11e4-a52e-4f735466cecf":"bbcef93c-7cd3-4628-bad8-6e0d9ba0a450"},{"element-6066-11e4-a52e-4f735466cecf":"4d7c1200-5975-4edd-9921-e43c7b4dbcab"},{"element-6066-11e4-a52e-4f735466cecf":"3a08090e-b9b8-464c-97b6-60bf512e280b"},{"element-6066-11e4-a52e-4f735466cecf":"42a37d0c-141c-4934-a8d0-9d6e35005746"},{"element-6066-11e4-a52e-4f735466cecf":"0b3c29f9-25ad-4cca-946b-fef372381487"},{"element-6066-11e4-a52e-4f735466cecf":"0120cfa1-7e47-41e6-a6bf-cb0cfeb80b3d"},{"element-6066-11e4-a52e-4f735466cecf":"000fca8c-e4cc-41eb-816f-bc45b0c2ae68"},{"element-6066-11e4-a52e-4f735466cecf":"0ab8ef77-c33c-4e5a-b4da-fde95f5f563a"},{"element-6066-11e4-a52e-4f735466cecf":"dff196cf-e877-412e-837d-6a2ef06a10af"},{"element-6066-11e4-a52e-4f735466cecf":"22c3d782-313c-4ac9-bf48-f74ed8d01b53"},{"element-6066-11e4-a52e-4f735466cecf":"00f4ea70-e724-4862-931a-b6edaddb6a7c"},{"element-6066-11e4-a52e-4f735466cecf":"f779bd82-254a-4cef-9fbc-2821ae12f005"},{"element-6066-11e4-a52e-4f735466cecf":"9e4653bd-461c-4e88-b27f-0638eb82b693"},{"element-6066-11e4-a52e-4f735466cecf":"01aabd8d-0295-4bcf-b785-68cf7abc8562"},{"element-6066-11e4-a52e-4f735466cecf":"c6765e6f-34c8-446e-9cda-66a03afb802a"},{"element-6066-11e4-a52e-4f735466cecf":"f8459b16-755c-435d-b897-e30d8c2ccb5d"},{"element-6066-11e4-a52e-4f735466cecf":"3627355c-415f-47a4-a31f-570755145b01"},{"element-6066-11e4-a52e-4f735466cecf":"9c6d89e2-30c7-440f-83a6-7e305e5c040d"},{"element-6066-11e4-a52e-4f735466cecf":"8573ceb2-8bed-4a5c-8598-0c67bbbe8424"},{"element-6066-11e4-a52e-4f735466cecf":"92ea5027-3874-4dd8-864c-b889f8fd2a74"},{"element-6066-11e4-a52e-4f735466cecf":"dbac2a38-0772-470c-a189-f7a3ff650820"},{"element-6066-11e4-a52e-4f735466cecf":"1277f385-a41c-46ea-a0c9-ea7bcc0d101d"},{"element-6066-11e4-a52e-4f735466cecf":"b601de03-aa34-4880-894b-6a92138b9eb0"},{"element-6066-11e4-a52e-4f735466cecf":"23f0f7af-df3e-4dc3-92b4-93056da4d5ab"},{"element-6066-11e4-a52e-4f735466cecf":"ade10b61-a7bf-4300-b44d-d8fbc140144d"},{"element-6066-11e4-a52e-4f735466cecf":"ba1696ac-5569-4e82-9598-171569f27258"},{"element-6066-11e4-a52e-4f735466cecf":"5aea7ffc-b6a5-460f-a2d2-472f99dc0f3a"},{"element-6066-11e4-a52e-4f735466cecf":"9da3e33d-0b4e-4bcf-929d-42167096a84a"},{"element-6066-11e4-a52e-4f735466cecf":"5d6d4dc4-1167-4f69-831f-66b6aede5115"},{"element-6066-11e4-a52e-4f735466cecf":"e7ea85fc-c225-41b4-a14b-dd789ecf25cb"},{"element-6066-11e4-a52e-4f735466cecf":"a6d5ce90-49e6-4134-8253-cb9d718c03bf"},{"element-6066-11e4-a52e-4f735466cecf":"3b016fb3-9d5b-42f7-8eb9-edb2e0527ebc"},{"element-6066-11e4-a52e-4f735466cecf":"cfb8f2dd-0504-4c70-80a3-91bd0f6d200a"},{"element-6066-11e4-a52e-4f735466cecf":"b12e7b54-d64e-4483-bb83-049b9a06168f"},{"element-6066-11e4-a52e-4f735466cecf":"3679b21c-4f05-4cd3-8cf9-66d13becb063"},{"element-6066-11e4-a52e-4f735466cecf":"f20eb85b-d05f-4c32-a883-b4f0a80a0c8d"},{"element-6066-11e4-a52e-4f735466cecf":"b0053eb1-912a-47c8-8675-9232d129fcbb"},{"element-6066-11e4-a52e-4f735466cecf":"1e41438e-e249-4fd5-a236-079e06d6fbd1"},{"element-6066-11e4-a52e-4f735466cecf":"3fbd1e55-8ae0-4e2c-9d1f-4aa34712a90e"},{"element-6066-11e4-a52e-4f735466cecf":"49d5c685-d9d5-4702-a761-93671403b647"},{"element-6066-11e4-a52e-4f735466cecf":"eabebc8d-2573-406e-8bc4-46a01c854ccd"},{"element-6066-11e4-a52e-4f735466cecf":"5cb92124-6d08-4a48-a798-25253ba94322"},{"element-6066-11e4-a52e-4f735466cecf":"0c35b2fc-9bb4-4487-b75d-744561d38027"},{"element-6066-11e4-a52e-4f735466cecf":"e2195d4c-f203-47b3-b749-adecc4857112"},{"element-6066-11e4-a52e-4f735466cecf":"37bc1380-2d5f-4408-b844-9f6e5dcdd774"},{"element-6066-11e4-a52e-4f735466cecf":"3324622e-bc41-4b54-886b-7efefa3d5e93"},{"element-6066-11e4-a52e-4f735466cecf":"6a7efdfd-7aab-4428-886a-944f51139d05"},{"element-6066-11e4-a52e-4f735466cecf":"ea7632a0-6f56-4a43-aa0b-a45193cdc76d"},{"element-6066-11e4-a52e-4f735466cecf":"dd21a484-6c5d-4b89-abc0-9ad3507ef8bd"},{"element-6066-11e4-a52e-4f735466cecf":"4d4f1fa4-3863-4a5e-92bc-c3f13c6fc62c"},{"element-6066-11e4-a52e-4f735466cecf":"f54866b6-7352-4554-9b08-ae7fc3359c8b"},{"element-6066-11e4-a52e-4f735466cecf":"840c10c3-12f6-4888-b256-ef9f9d4a1504"},{"element-6066-11e4-a52e-4f735466cecf":"fa622bbd-ac6e-4d8b-8497-f1778048eb8c"},{"element-6066-11e4-a52e-4f735466cecf":"dcd0b8cf-cffb-4263-a7d8-f59602fce897"},{"element-6066-11e4-a52e-4f735466cecf":"4819d138-7294-4912-8770-0582e1833824"},{"element-6066-11e4-a52e-4f735466cecf":"0b9b992e-f95c-450c-b9fd-b3a2cdc0439e"},{"element-6066-11e4-a52e-4f735466cecf":"6d2c07e4-83f1-4466-900e-aec00837edc3"},{"element-6066-11e4-a52e-4f735466cecf":"a210c0ed-2c6a-42dc-8983-0e4d86b474a2"},{"element-6066-11e4-a52e-4f735466cecf":"cd58ef46-78d1-40a1-b638-25a13f5292c2"},{"element-6066-11e4-a52e-4f735466cecf":"fcb30e3c-23c0-4f35-bb03-3bfedcaf6712"},{"element-6066-11e4-a52e-4f735466cecf":"9ca4dd41-c00a-4a0b-a4b4-9ce2e43a1b02"},{"element-6066-11e4-a52e-4f735466cecf":"cf66e26e-edf6-43ee-9397-b837069befb0"},{"element-6066-11e4-a52e-4f735466cecf":"96067d68-05ca-432b-afd4-1ff9b6994668"},{"element-6066-11e4-a52e-4f735466cecf":"bb166cbf-0984-41c0-a240-50de2e82739f"},{"element-6066-11e4-a52e-4f735466cecf":"57708316-5d92-4a89-aabe-54eb9967aa67"},{"element-6066-11e4-a52e-4f735466cecf":"998f8142-0c03-4f9b-b02d-4fa366b2c35c"},{"element-6066-11e4-a52e-4f735466cecf":"22e9edbf-4d90-4274-8267-d30c5d37914c"},{"element-6066-11e4-a52e-4f735466cecf":"f70a7524-4186-43de-a464-a7118b702cd5"},{"element-6066-11e4-a52e-4f735466cecf":"ced965e6-4fd6-4f5c-9b32-540a41d427cd"},{"element-6066-11e4-a52e-4f735466cecf":"c8388eb0-cf05-415b-bba0-6905a2e6af72"},{"element-6066-11e4-a52e-4f735466cecf":"6a5fca1f-2160-49fe-a665-cef6a7222b6d"},{"element-6066-11e4-a52e-4f735466cecf":"71e3bc28-36c5-433f-beaf-5cec2ba6e867"},{"element-6066-11e4-a52e-4f735466cecf":"79d8b128-0643-4bc3-8240-714ad246f618"},{"element-6066-11e4-a52e-4f735466cecf":"ed06701c-65ca-4deb-84d1-db5bed2d109a"},{"element-6066-11e4-a52e-4f735466cecf":"1115290e-4470-43df-98a3-a5d1e98d8ef4"},{"element-6066-11e4-a52e-4f735466cecf":"13fb3e5f-3f91-45ef-8701-a9e2f63ef1b9"},{"element-6066-11e4-a52e-4f735466cecf":"814643cb-4505-47fc-ae0d-fff9bfeedc36"},{"element-6066-11e4-a52e-4f735466cecf":"ca85d1f3-c9e9-414a-bf4e-4f1efc7b7b08"},{"element-6066-11e4-a52e-4f735466cecf":"b55ccc57-77e3-46e8-9faf-72b54ca009b3"},{"element-6066-11e4-a52e-4f735466cecf":"510f6921-e27e-4b39-ba1f-b71a74bc7009"},{"element-6066-11e4-a52e-4f735466cecf":"08bec879-24b0-451f-8d8d-b86a502204e3"},{"element-6066-11e4-a52e-4f735466cecf":"f088fcaa-5296-4f8e-a1dd-e165c00b66fa"},{"element-6066-11e4-a52e-4f735466cecf":"9005aaeb-989a-4065-a8bd-cb6065e57ca4"},{"element-6066-11e4-a52e-4f735466cecf":"bb8a0963-1ee3-41d2-940d-3c382cd03e59"},{"element-6066-11e4-a52e-4f735466cecf":"62e1ab68-a070-43d6-80a2-c7e26fabd664"},{"element-6066-11e4-a52e-4f735466cecf":"5602891e-3c72-4d3e-be2c-c58d36e8e38d"},{"element-6066-11e4-a52e-4f735466cecf":"616dd7d6-393a-47fb-8a32-7ee1c8fd9285"},{"element-6066-11e4-a52e-4f735466cecf":"3ece5b0f-395e-4a2e-a897-18e70b7be90d"},{"element-6066-11e4-a52e-4f735466cecf":"202999b7-c29f-4e4e-88e8-bc2eec5f1b19"},{"element-6066-11e4-a52e-4f735466cecf":"50ab7269-ceae-4203-ae12-a5e53a3684f2"},{"element-6066-11e4-a52e-4f735466cecf":"10d08273-0c29-4af0-a747-2f4b4185e355"},{"element-6066-11e4-a52e-4f735466cecf":"48f1b7e7-c86a-42ce-a7ee-2b27bcb9b988"},{"element-6066-11e4-a52e-4f735466cecf":"3700c8d2-63c1-4a51-b4ca-d65faff42559"},{"element-6066-11e4-a52e-4f735466cecf":"8ba81d7e-4204-468d-8f2b-da406f765477"},{"element-6066-11e4-a52e-4f735466cecf":"5ec67629-4018-4cd8-9f8a-8d5a4ebbdc14"},{"element-6066-11e4-a52e-4f735466cecf":"213eee3a-693e-47e8-a45f-6933cf6c52bc"},{"element-6066-11e4-a52e-4f735466cecf":"347a6545-f15b-4d2d-9233-4fc7b3b181b6"},{"element-6066-11e4-a52e-4f735466cecf":"932fdaa6-5263-4c6e-9ef2-53bd486062c3"},{"element-6066-11e4-a52e-4f735466cecf":"b769999b-4c0c-435b-89aa-c57d065a8871"},{"element-6066-11e4-a52e-4f735466cecf":"08a5dc48-a367-4ed6-b505-6eaecbdde529"},{"element-6066-11e4-a52e-4f735466cecf":"0218d6de-b42f-4522-82e6-a2b6f8f9e324"},{"element-6066-11e4-a52e-4f735466cecf":"04e08a55-4073-4831-aed2-1c96528b4f9d"},{"element-6066-11e4-a52e-4f735466cecf":"32b0c646-066a-4b1d-9f49-4736ef648fc9"},{"element-6066-11e4-a52e-4f735466cecf":"21610b97-46dc-4eb1-8d31-7ba4f4a2e0cb"},{"element-6066-11e4-a52e-4f735466cecf":"1bd9c054-7175-4037-bd8e-b724ee3d9a77"},{"element-6066-11e4-a52e-4f735466cecf":"f125042a-f13e-4a6e-b4c8-a8f18dbe9880"},{"element-6066-11e4-a52e-4f735466cecf":"8a23fdd1-e0d4-4113-8dd7-5f483aa194fb"},{"element-6066-11e4-a52e-4f735466cecf":"e48197ce-3ad3-44f4-8f7a-e79251b98c2f"},{"element-6066-11e4-a52e-4f735466cecf":"8a96b041-d96c-4be5-a36f-77295e29cdb5"},{"element-6066-11e4-a52e-4f735466cecf":"16965110-00b7-4a8f-9947-c91ad97a7d05"},{"element-6066-11e4-a52e-4f735466cecf":"d246aec1-253a-4397-a276-b059399109ad"},{"element-6066-11e4-a52e-4f735466cecf":"5448883b-8969-497f-8200-3952b079a417"},{"element-6066-11e4-a52e-4f735466cecf":"c059a360-8075-415c-b3e5-488075d233d7"},{"element-6066-11e4-a52e-4f735466cecf":"5042fbf3-8371-4ffd-bed1-bfdab0fa8eb3"},{"element-6066-11e4-a52e-4f735466cecf":"42575ada-d027-420e-aa3f-fa56a0f5727a"},{"element-6066-11e4-a52e-4f735466cecf":"73ccac8b-52be-4d64-bc54-5a3f2d1b4f8c"},{"element-6066-11e4-a52e-4f735466cecf":"e4524b14-bee7-4bf8-a2ed-2cb397342771"},{"element-6066-11e4-a52e-4f735466cecf":"ea612ec4-5f0c-4f25-9d87-8329707e0a4d"},{"element-6066-11e4-a52e-4f735466cecf":"4cf63039-9e65-43f4-aa25-ad0dfa51ce7f"},{"element-6066-11e4-a52e-4f735466cecf":"fc7d6431-bb55-4fd9-9c50-4ae9c3c5620e"},{"element-6066-11e4-a52e-4f735466cecf":"2b52ea0c-bd98-4f33-a0fa-671e95a0b7b8"},{"element-6066-11e4-a52e-4f735466cecf":"d83bff92-f66a-44be-b3fa-3a4fefb80203"},{"element-6066-11e4-a52e-4f735466cecf":"3a58738a-c5cb-4e38-a3f0-76708ab02125"},{"element-6066-11e4-a52e-4f735466cecf":"83ca976a-7221-412a-80c2-2173200291ce"},{"element-6066-11e4-a52e-4f735466cecf":"e8d6cdf6-a90d-4842-a306-c28158d378c6"},{"element-6066-11e4-a52e-4f735466cecf":"6f7eda21-4e6e-4934-87a3-be9d82efd697"},{"element-6066-11e4-a52e-4f735466cecf":"e57b2de9-652e-449f-a1b7-74c17cf0a2c5"},{"element-6066-11e4-a52e-4f735466cecf":"5d2a47c0-9f9a-4534-b99f-be414361fb6e"},{"element-6066-11e4-a52e-4f735466cecf":"ca5fbe5a-7590-41a3-94ea-2d85d15c1571"},{"element-6066-11e4-a52e-4f735466cecf":"9494e70d-c425-4a21-987d-9d31c9920d68"},{"element-6066-11e4-a52e-4f735466cecf":"f5141063-2574-4937-9a22-d62fcc703354"},{"element-6066-11e4-a52e-4f735466cecf":"53fd1c37-eaef-49d5-b379-2443b48fe29f"},{"element-6066-11e4-a52e-4f735466cecf":"b0e69644-5c76-47f7-9afe-22c55e4d7821"},{"element-6066-11e4-a52e-4f735466cecf":"3b51de65-4593-4674-9dc7-bc4bbf976dda"},{"element-6066-11e4-a52e-4f735466cecf":"382a5e0e-9577-4987-9ef9-2c85048f6017"},{"element-6066-11e4-a52e-4f735466cecf":"179f0b51-a7a7-4817-bd6c-d7e43caad19f"},{"element-6066-11e4-a52e-4f735466cecf":"73e3f588-399b-4467-88cc-15c421749c81"},{"element-6066-11e4-a52e-4f735466cecf":"85da6ede-ddd5-45db-b0cf-dfa721f09fc5"},{"element-6066-11e4-a52e-4f735466cecf":"ff4ed201-5835-4ad1-94a0-a81dc6ae77e9"},{"element-6066-11e4-a52e-4f735466cecf":"4f3a1128-edc0-4217-975f-ab87b4d6efdd"},{"element-6066-11e4-a52e-4f735466cecf":"a2414a5f-50a9-4717-bc89-c2faadd5e0c3"},{"element-6066-11e4-a52e-4f735466cecf":"cfe44076-616e-4892-9164-ca0909c6a0de"},{"element-6066-11e4-a52e-4f735466cecf":"4d3984e4-cd53-4151-8535-af843202ad0c"},{"element-6066-11e4-a52e-4f735466cecf":"cab6cd02-855d-49bd-b5fc-dfee40a2fd0f"},{"element-6066-11e4-a52e-4f735466cecf":"dbab4752-befb-4fc2-bf79-ceb5ecdf8abd"},{"element-6066-11e4-a52e-4f735466cecf":"a1ccb5d0-4eda-4132-b76d-eba1ba07f930"},{"element-6066-11e4-a52e-4f735466cecf":"d3d0e663-0f68-405e-8816-8889ebe8eac0"},{"element-6066-11e4-a52e-4f735466cecf":"f022d293-b6b7-4457-ac63-80250691c789"},{"element-6066-11e4-a52e-4f735466cecf":"e00d2630-bbdb-45c9-9144-45c62fa538e0"},{"element-6066-11e4-a52e-4f735466cecf":"8801a5f4-4303-4b5f-a92f-e7f46257500f"},{"element-6066-11e4-a52e-4f735466cecf":"03e951a7-9ee8-42eb-a6c5-ad44d91fb7cd"},{"element-6066-11e4-a52e-4f735466cecf":"1513b16a-c550-4e7a-a7d3-ed8a4fbcf597"},{"element-6066-11e4-a52e-4f735466cecf":"d0ae7d68-5dc4-4e99-aaf3-946eaa2ffe74"},{"element-6066-11e4-a52e-4f735466cecf":"cc7cc10e-1464-4f17-90ce-5d84a2db7323"},{"element-6066-11e4-a52e-4f735466cecf":"2276ab3b-a124-4a97-b13e-21ceb7540e35"},{"element-6066-11e4-a52e-4f735466cecf":"38fcb345-3757-4083-8ef2-2b66d953132c"},{"element-6066-11e4-a52e-4f735466cecf":"e2af4efc-a3d0-485c-93ca-0c973141f744"},{"element-6066-11e4-a52e-4f735466cecf":"351557bc-147e-4bb8-9d33-4da0e1eae6e5"},{"element-6066-11e4-a52e-4f735466cecf":"88540ca2-0d34-4682-b7f1-6fb29506f456"},{"element-6066-11e4-a52e-4f735466cecf":"6a32321e-aeea-4474-84c1-4fb274d351f9"},{"element-6066-11e4-a52e-4f735466cecf":"9c0fdeba-d4fc-4350-aa6d-3927d17046b7"},{"element-6066-11e4-a52e-4f735466cecf":"18982a25-6bc8-4e8d-9298-0c5f1dbe3d03"},{"element-6066-11e4-a52e-4f735466cecf":"b556d701-0255-44dd-894b-ba359b71af23"},{"element-6066-11e4-a52e-4f735466cecf":"413df8d4-d370-49ad-b2fe-fba7251066bd"},{"element-6066-11e4-a52e-4f735466cecf":"9e425199-6715-4ac8-beb2-dd80992598f4"},{"element-6066-11e4-a52e-4f735466cecf":"d145c98e-28ed-4e05-820c-3fc60bdc2b32"},{"element-6066-11e4-a52e-4f735466cecf":"969ca909-b3c4-4465-aaf0-09dec668e685"},{"element-6066-11e4-a52e-4f735466cecf":"fd92f27e-7580-47b6-b7e6-7307a358123e"},{"element-6066-11e4-a52e-4f735466cecf":"e071731d-0aed-4018-bfc7-e13ae3ea7f70"},{"element-6066-11e4-a52e-4f735466cecf":"dd78d039-4938-47de-8185-38c24f41bf53"},{"element-6066-11e4-a52e-4f735466cecf":"5bf34c71-6421-49be-9764-d4f22ce27b46"},{"element-6066-11e4-a52e-4f735466cecf":"9754d8c2-0078-4384-becd-36968da7f7c9"},{"element-6066-11e4-a52e-4f735466cecf":"7d523c72-0363-4010-bb51-259353bd1552"},{"element-6066-11e4-a52e-4f735466cecf":"9916d485-584f-4168-88a8-2bf41d9965ea"},{"element-6066-11e4-a52e-4f735466cecf":"b1ca3a8f-624e-4f9e-9d71-879497a491b5"},{"element-6066-11e4-a52e-4f735466cecf":"e3125f19-c755-42d7-bb90-cee9906e02c7"},{"element-6066-11e4-a52e-4f735466cecf":"e2998bd5-8ce5-4d3d-878f-654fa936b5f9"},{"element-6066-11e4-a52e-4f735466cecf":"ceaf3d18-d2b7-4a6d-ae41-58b7a5141b9a"},{"element-6066-11e4-a52e-4f735466cecf":"21cba897-c2f8-4527-b894-a76e8f7a66ee"},{"element-6066-11e4-a52e-4f735466cecf":"ffe8c71c-2c94-4f07-93c0-73e08e2ee2ae"},{"element-6066-11e4-a52e-4f735466cecf":"4a7c88f4-26a9-4174-ba29-2828d5323d9c"},{"element-6066-11e4-a52e-4f735466cecf":"3273c582-8828-41d3-aafc-2de83e7f3ebd"},{"element-6066-11e4-a52e-4f735466cecf":"09bd6ab3-df11-4200-bff0-d165fd8fe12e"},{"element-6066-11e4-a52e-4f735466cecf":"97516a67-22f5-4d1e-a1d5-72f689d58c5e"},{"element-6066-11e4-a52e-4f735466cecf":"4e9789eb-0d4e-4303-b643-d449cbece3c3"},{"element-6066-11e4-a52e-4f735466cecf":"8228ed3c-5a84-4100-b256-efd67dfbce03"},{"element-6066-11e4-a52e-4f735466cecf":"ef7ab18f-6665-4209-bd2c-d2e5cf787a4c"},{"element-6066-11e4-a52e-4f735466cecf":"5a6b9814-f8c8-4d91-9a56-8ab4d3ccf073"},{"element-6066-11e4-a52e-4f735466cecf":"7e36ddfd-54f6-486f-a7e7-0daf63b97a8b"},{"element-6066-11e4-a52e-4f735466cecf":"93af7c21-aea2-42d1-817a-9a74349f7eca"},{"element-6066-11e4-a52e-4f735466cecf":"dbb8b460-0ae2-46dc-9bea-f9bac22426bf"},{"element-6066-11e4-a52e-4f735466cecf":"641e5f07-8df1-4b45-a023-8a1ceb910eb2"},{"element-6066-11e4-a52e-4f735466cecf":"f4337fe5-6856-41d8-a7be-9ee977609f0a"},{"element-6066-11e4-a52e-4f735466cecf":"29367cae-c387-4548-ad84-601a0678ff82"},{"element-6066-11e4-a52e-4f735466cecf":"61bf8836-6cdc-4f1e-b23e-bc5648374ba3"},{"element-6066-11e4-a52e-4f735466cecf":"c891bcdd-09f7-40ea-9473-daafcec868e1"},{"element-6066-11e4-a52e-4f735466cecf":"62045cab-0a39-4737-aeca-965f42b9b4bc"},{"element-6066-11e4-a52e-4f735466cecf":"9bdd62d4-1b10-4bd1-9d75-5383074e74c4"},{"element-6066-11e4-a52e-4f735466cecf":"992c9213-4873-45b1-84e0-a7c4a30ed0e7"},{"element-6066-11e4-a52e-4f735466cecf":"2acd5805-3400-4aeb-b0d0-21d23164e91f"},{"element-6066-11e4-a52e-4f735466cecf":"ce6eee8c-d765-4497-9611-32c99a828259"},{"element-6066-11e4-a52e-4f735466cecf":"2027d90a-0c56-44de-80f0-da4fc7d9d72c"},{"element-6066-11e4-a52e-4f735466cecf":"27c21dad-35ca-41da-b9b7-e15520546a18"},{"element-6066-11e4-a52e-4f735466cecf":"7925bcad-984c-4494-8adc-19bbd55321d7"},{"element-6066-11e4-a52e-4f735466cecf":"b0cd5233-fcb6-44f3-99a3-bbc56949a510"},{"element-6066-11e4-a52e-4f735466cecf":"602a4227-c54a-4ce5-8f29-ce3d89ef49e3"},{"element-6066-11e4-a52e-4f735466cecf":"73bc0c7e-035d-4957-a5c1-32cd8735ef31"},{"element-6066-11e4-a52e-4f735466cecf":"3ec17a81-2de4-491f-b5e8-18f7bc0e3687"},{"element-6066-11e4-a52e-4f735466cecf":"6d2ff221-d184-48c5-89ba-2e9aa0b81362"},{"element-6066-11e4-a52e-4f735466cecf":"370c3e1f-7d41-4fc9-897a-03372fc778ff"},{"element-6066-11e4-a52e-4f735466cecf":"0691f226-8b3d-49be-b591-100e74e26f2a"},{"element-6066-11e4-a52e-4f735466cecf":"ac7ec91b-3b3a-4511-b1ed-5f0cce2f8222"},{"element-6066-11e4-a52e-4f735466cecf":"8a623170-6660-4dcc-88ad-f61c5d2960ac"},{"element-6066-11e4-a52e-4f735466cecf":"87aa784a-b1a5-481d-b29f-e7b3b2cb5907"},{"element-6066-11e4-a52e-4f735466cecf":"58d9e688-8fb6-47c6-9121-ec16cfcce516"},{"element-6066-11e4-a52e-4f735466cecf":"1b273805-1d87-49f2-b50a-df8b75a592ae"},{"element-6066-11e4-a52e-4f735466cecf":"ac31d00f-70ca-4dd0-b94e-d4018cd904a2"},{"element-6066-11e4-a52e-4f735466cecf":"f110f0cb-1506-4beb-8253-db5e55f2a448"},{"element-6066-11e4-a52e-4f735466cecf":"dba048a0-68fb-45d8-a8f6-e15b185cf6a9"},{"element-6066-11e4-a52e-4f735466cecf":"90a61e40-bfb5-4db2-88aa-fb9f27d5c9b2"},{"element-6066-11e4-a52e-4f735466cecf":"172d5b70-6888-4d07-abbe-7f25e42506fc"},{"element-6066-11e4-a52e-4f735466cecf":"b753542b-6b7a-4512-b027-f46c9fb62895"},{"element-6066-11e4-a52e-4f735466cecf":"9804fe9b-f326-4870-b754-1f781a60c33f"},{"element-6066-11e4-a52e-4f735466cecf":"1ce9db69-35cb-4523-a674-734e84540266"},{"element-6066-11e4-a52e-4f735466cecf":"36fe2d2c-c4c6-4d32-8000-62d928526a1d"},{"element-6066-11e4-a52e-4f735466cecf":"9dfb671c-67be-4ada-b261-27574fc9ac37"},{"element-6066-11e4-a52e-4f735466cecf":"a80f06c0-05b3-4670-a97d-ade8e644e0e1"},{"element-6066-11e4-a52e-4f735466cecf":"d687eee5-a564-4df6-9f13-260411407544"},{"element-6066-11e4-a52e-4f735466cecf":"da06b5aa-4bca-4f2b-9f79-0800b5002e68"},{"element-6066-11e4-a52e-4f735466cecf":"0df83d14-d085-48b3-81ce-41332f18130b"},{"element-6066-11e4-a52e-4f735466cecf":"f869906e-5527-4224-9b8d-7a54e65e5c57"},{"element-6066-11e4-a52e-4f735466cecf":"ff06321e-7fea-43d7-9538-5c968870afbd"},{"element-6066-11e4-a52e-4f735466cecf":"4e11bd69-034a-4248-aece-11da6d3722d9"},{"element-6066-11e4-a52e-4f735466cecf":"6e852d86-bb25-414b-b780-b80ab5d005e8"},{"element-6066-11e4-a52e-4f735466cecf":"bbf8fc98-e7ff-4d92-979c-b2196dc57c00"},{"element-6066-11e4-a52e-4f735466cecf":"1feb428e-3603-4bc0-9954-e9e5a992d84c"},{"element-6066-11e4-a52e-4f735466cecf":"8cf3aa4c-df81-4294-ba51-2365dde13a46"},{"element-6066-11e4-a52e-4f735466cecf":"40454073-b7a9-46ef-bb28-6f3dbdc14d8d"},{"element-6066-11e4-a52e-4f735466cecf":"ad115602-bf0e-424e-af75-364c86427772"},{"element-6066-11e4-a52e-4f735466cecf":"03b01719-22d4-43e9-bc90-7d60ec4ba3c2"},{"element-6066-11e4-a52e-4f735466cecf":"741984fc-02ef-4ac6-af09-afbcd580bce8"},{"element-6066-11e4-a52e-4f735466cecf":"0bcc276b-fef7-47e3-a4c3-713261e22f2a"},{"element-6066-11e4-a52e-4f735466cecf":"59cbe31d-b824-4e9b-bd27-f7c4879a14e2"},{"element-6066-11e4-a52e-4f735466cecf":"690252e5-1fd8-4004-bea3-d5ce6deff6e0"},{"element-6066-11e4-a52e-4f735466cecf":"b930861f-bdff-43c3-b16d-b893efc04205"},{"element-6066-11e4-a52e-4f735466cecf":"90efcb96-1af5-4604-bd43-174bcb8bb7c7"},{"element-6066-11e4-a52e-4f735466cecf":"2f8a07cf-e45c-493f-93e0-96633305d6e9"},{"element-6066-11e4-a52e-4f735466cecf":"1b3bb505-aa9b-4c00-b9d9-13ad9317492b"},{"element-6066-11e4-a52e-4f735466cecf":"39355639-d4e0-4f82-9578-535ff6cdda02"},{"element-6066-11e4-a52e-4f735466cecf":"44b02dbb-6ed0-4b51-92c4-91a72753cad3"},{"element-6066-11e4-a52e-4f735466cecf":"ffef0153-fb4a-40e1-956b-b40222c7710b"},{"element-6066-11e4-a52e-4f735466cecf":"7cef26c1-3c38-418b-b37a-313dc25285cc"},{"element-6066-11e4-a52e-4f735466cecf":"2a6e7b61-f7cd-4e3f-857a-7ace57d56700"},{"element-6066-11e4-a52e-4f735466cecf":"26b77960-9782-4e40-8889-6d72b91bee82"},{"element-6066-11e4-a52e-4f735466cecf":"ecd66f63-f9db-41fe-adcc-a2ca96bf55f9"},{"element-6066-11e4-a52e-4f735466cecf":"1189455b-483f-46fd-83ab-7d8174fffb97"},{"element-6066-11e4-a52e-4f735466cecf":"a3ae4d95-b4e2-40f4-bd1f-172c7b7a0f8f"},{"element-6066-11e4-a52e-4f735466cecf":"e6494b2b-0c3d-4e87-9753-6b068b29c157"},{"element-6066-11e4-a52e-4f735466cecf":"a765bbf9-c2cf-4eaa-8837-0dd4f97f6960"},{"element-6066-11e4-a52e-4f735466cecf":"9176dbb2-1425-4499-844e-e9ebb34479db"},{"element-6066-11e4-a52e-4f735466cecf":"377bf0fb-c471-4007-9f61-63a053e0ed23"},{"element-6066-11e4-a52e-4f735466cecf":"c957ff84-7f80-417d-a670-222155c0f772"},{"element-6066-11e4-a52e-4f735466cecf":"1e9cc642-9a63-4f06-bab1-bb668229a563"},{"element-6066-11e4-a52e-4f735466cecf":"06fc9902-a58f-49d7-9312-4c8dcaa5b565"},{"element-6066-11e4-a52e-4f735466cecf":"6798755c-a91f-426e-9bdc-3d946af8cf4c"},{"element-6066-11e4-a52e-4f735466cecf":"a2a18f97-21ad-4276-8e63-c45c6c064136"},{"element-6066-11e4-a52e-4f735466cecf":"0f480b51-0060-4638-830b-f77a1ffd1067"},{"element-6066-11e4-a52e-4f735466cecf":"02473ff9-3d88-40de-b587-a296c1a243d4"},{"element-6066-11e4-a52e-4f735466cecf":"7fc0f53b-2725-424a-b540-02dee1a30f18"},{"element-6066-11e4-a52e-4f735466cecf":"b74c5971-ed6c-4a65-868a-f24cb38103a8"},{"element-6066-11e4-a52e-4f735466cecf":"7d005227-ed9a-4ea9-b4ac-869e52543483"},{"element-6066-11e4-a52e-4f735466cecf":"d907cc4a-1d2b-42ac-9e03-2e7660732d32"},{"element-6066-11e4-a52e-4f735466cecf":"84f5529a-e3c9-4cab-bf5b-23accdda1711"},{"element-6066-11e4-a52e-4f735466cecf":"be09149c-fcd3-4c15-a214-2b3bf1254980"},{"element-6066-11e4-a52e-4f735466cecf":"a5d0cf45-84dc-4d29-8e35-f8e2e91a44b7"},{"element-6066-11e4-a52e-4f735466cecf":"b067b0b3-4b0e-4383-9194-654a30fbc668"},{"element-6066-11e4-a52e-4f735466cecf":"97781ee4-ac69-4929-9ec6-e3d588372e56"},{"element-6066-11e4-a52e-4f735466cecf":"8cb70737-3e24-4d8c-a9f4-86fb227a71d4"},{"element-6066-11e4-a52e-4f735466cecf":"e6ef895e-8ff8-461a-a9a9-740e63ef32ad"},{"element-6066-11e4-a52e-4f735466cecf":"17a13866-a5b9-4d80-9af4-aa0d24973e88"},{"element-6066-11e4-a52e-4f735466cecf":"fe49d5d5-2275-4d27-9cb2-e0d021394a69"},{"element-6066-11e4-a52e-4f735466cecf":"1f4428bf-fad7-431a-99fa-7349149da8d3"},{"element-6066-11e4-a52e-4f735466cecf":"0c6508ef-fb0a-4902-b777-a5e1b61ad4f9"},{"element-6066-11e4-a52e-4f735466cecf":"18deb615-e857-43e7-ba24-1b447be874bd"},{"element-6066-11e4-a52e-4f735466cecf":"e0e42ef6-464c-437e-abb0-da69e2597831"},{"element-6066-11e4-a52e-4f735466cecf":"ebce8581-55d5-4f70-9bf8-8d8f3b56b6f5"},{"element-6066-11e4-a52e-4f735466cecf":"59d5dbae-ddb3-446e-ab59-9d451432f2bb"},{"element-6066-11e4-a52e-4f735466cecf":"0c290e7f-27dd-4dd1-9d89-788ae617c456"},{"element-6066-11e4-a52e-4f735466cecf":"1ac1e348-94ff-4402-b268-657c759b89eb"},{"element-6066-11e4-a52e-4f735466cecf":"abf0cf8f-6f62-4fd0-afe1-cca56e086c42"},{"element-6066-11e4-a52e-4f735466cecf":"abc80bf1-e392-4888-8fee-729e844eb883"},{"element-6066-11e4-a52e-4f735466cecf":"877a5edf-b85e-412a-972c-59e48cfdced3"},{"element-6066-11e4-a52e-4f735466cecf":"9dbaf262-e296-4b77-b703-ef2e3e6a9d83"},{"element-6066-11e4-a52e-4f735466cecf":"341d5bed-a96b-4fb9-8d44-a55fd22faa43"},{"element-6066-11e4-a52e-4f735466cecf":"accf41b4-e639-4ea7-9763-504682efd380"},{"element-6066-11e4-a52e-4f735466cecf":"4a08a2cf-e1c7-41a7-bf3e-c1b730aa8e84"},{"element-6066-11e4-a52e-4f735466cecf":"a4d038b7-6227-4a66-9dac-e8a6ad49d745"},{"element-6066-11e4-a52e-4f735466cecf":"3c3bb0ef-0200-4def-aa7c-04c20b8a7017"},{"element-6066-11e4-a52e-4f735466cecf":"6a0074f4-2408-44b4-af4e-f29fea2b7ee0"},{"element-6066-11e4-a52e-4f735466cecf":"adcfe85b-2ae1-446a-98c7-509cf1674f8e"},{"element-6066-11e4-a52e-4f735466cecf":"1044cdb9-d72d-4cc5-883f-d1ddbcb01011"},{"element-6066-11e4-a52e-4f735466cecf":"0891111c-7846-441c-82a8-21b817c93d70"},{"element-6066-11e4-a52e-4f735466cecf":"62d9a4e4-9488-4451-9989-fcfbd5354733"},{"element-6066-11e4-a52e-4f735466cecf":"875c31fb-f2c4-409d-af3d-cb76950fb287"},{"element-6066-11e4-a52e-4f735466cecf":"ecfd9368-278b-427f-8620-ed5fce36f0f0"},{"element-6066-11e4-a52e-4f735466cecf":"3f4ccec3-2066-430f-8439-e7f39e7ced69"},{"element-6066-11e4-a52e-4f735466cecf":"1fa120f5-82bc-441a-bfcf-9ed469dca5d2"},{"element-6066-11e4-a52e-4f735466cecf":"35be439e-cae2-464b-9db8-2117c056cc1e"},{"element-6066-11e4-a52e-4f735466cecf":"498312f2-188e-4cfe-8ef9-77e963918d14"},{"element-6066-11e4-a52e-4f735466cecf":"00fc07c7-1564-446d-8e4e-118a9d87170e"},{"element-6066-11e4-a52e-4f735466cecf":"9b9aa479-259a-4792-b035-84d858a24e6a"},{"element-6066-11e4-a52e-4f735466cecf":"1db3aa15-aebc-433a-a4cc-e1e68327f6e0"},{"element-6066-11e4-a52e-4f735466cecf":"721a0a38-12cb-4f59-8100-783cda580c53"},{"element-6066-11e4-a52e-4f735466cecf":"5d5c6558-62e1-45b8-901d-1a9b229210c0"},{"element-6066-11e4-a52e-4f735466cecf":"141cd6bc-7aba-478f-874c-1f3cffac4c92"},{"element-6066-11e4-a52e-4f735466cecf":"52866900-41c9-48b3-9002-b2f3f1383b39"},{"element-6066-11e4-a52e-4f735466cecf":"30f7b225-d784-4235-8ffe-92a83715159a"},{"element-6066-11e4-a52e-4f735466cecf":"0d5b4eb7-adb5-442a-85b6-428e89169dad"},{"element-6066-11e4-a52e-4f735466cecf":"7dbdc433-514b-4ed4-ab43-3f11de1a4e62"},{"element-6066-11e4-a52e-4f735466cecf":"447f79ad-f18c-4cdc-be9d-12efa2a9be93"},{"element-6066-11e4-a52e-4f735466cecf":"326c18b7-f5d5-424b-9ca9-21d7c17e6fa9"},{"element-6066-11e4-a52e-4f735466cecf":"a3cc568a-6ff5-42ba-897d-c236d442fde8"},{"element-6066-11e4-a52e-4f735466cecf":"ecf4ed76-0f73-4742-9cf7-49c1d22d2bcd"},{"element-6066-11e4-a52e-4f735466cecf":"10ee5441-07c6-4e40-99e9-6e347fdf0750"},{"element-6066-11e4-a52e-4f735466cecf":"34797ce9-cc70-466b-927a-08218b55a3fd"},{"element-6066-11e4-a52e-4f735466cecf":"48343e81-187c-4ea1-a723-de3241bf13ca"},{"element-6066-11e4-a52e-4f735466cecf":"86c991d3-cf69-4efb-81f3-5e503d780256"},{"element-6066-11e4-a52e-4f735466cecf":"7a1583b5-ed74-40ba-989d-ec7847aa6872"},{"element-6066-11e4-a52e-4f735466cecf":"c1f9f083-83c8-4c84-a273-09649a1a056f"},{"element-6066-11e4-a52e-4f735466cecf":"eb3d93ce-b1be-4023-8e0a-c041ef78f0ab"},{"element-6066-11e4-a52e-4f735466cecf":"d333caf4-dc6d-41e0-9fb6-c17c38febe46"},{"element-6066-11e4-a52e-4f735466cecf":"d27e3fcc-03d3-4f54-a385-9512b04ac6ca"},{"element-6066-11e4-a52e-4f735466cecf":"6d4ba74c-522a-47a5-afd7-08cb96189684"},{"element-6066-11e4-a52e-4f735466cecf":"873bb60c-b756-4e99-9b47-c7e39389e5aa"},{"element-6066-11e4-a52e-4f735466cecf":"a62c36ab-4326-4579-b4ce-912f08cbf775"},{"element-6066-11e4-a52e-4f735466cecf":"f02f638d-c82d-42b6-be91-4dadbef0a749"},{"element-6066-11e4-a52e-4f735466cecf":"d6359be1-1c6c-46d1-87e4-4edfece4cd2f"},{"element-6066-11e4-a52e-4f735466cecf":"40b3d0ca-aeab-49ca-83ee-079b4f408e5b"},{"element-6066-11e4-a52e-4f735466cecf":"0aadcc19-bd59-4e78-aed8-875fd4f41c89"},{"element-6066-11e4-a52e-4f735466cecf":"ecdd2930-70b9-481a-ae23-4aa3016ffe81"},{"element-6066-11e4-a52e-4f735466cecf":"f3bd28b8-f3e7-408c-9522-3daf03fc36c2"},{"element-6066-11e4-a52e-4f735466cecf":"acf9d3a0-1217-4aa2-8a73-e23cd6e859f1"},{"element-6066-11e4-a52e-4f735466cecf":"4469ec8c-9948-4651-9133-e6a91e8028dd"},{"element-6066-11e4-a52e-4f735466cecf":"f8e53020-83ab-409c-b029-9efc66a0fb02"},{"element-6066-11e4-a52e-4f735466cecf":"2888c115-9e5b-410f-922e-d8d0cc56c39d"},{"element-6066-11e4-a52e-4f735466cecf":"52dadf5c-8458-4df4-bfdb-947705cfc9a2"},{"element-6066-11e4-a52e-4f735466cecf":"4aa33dad-c27e-4d87-a983-1e76d4c9a124"},{"element-6066-11e4-a52e-4f735466cecf":"ab58e9b5-d0d4-426f-84ff-6de8b3622c7f"},{"element-6066-11e4-a52e-4f735466cecf":"0d84b207-9881-4ead-bdd9-5a16bccae912"},{"element-6066-11e4-a52e-4f735466cecf":"639d62a0-3242-468d-9fae-d97ab46761fa"},{"element-6066-11e4-a52e-4f735466cecf":"adc4e71d-1cef-49a2-9d40-88147a3be815"},{"element-6066-11e4-a52e-4f735466cecf":"a7ad2166-f881-435c-862e-856ad4f04684"},{"element-6066-11e4-a52e-4f735466cecf":"6a3ac238-724c-40dc-bae5-6e6af27c0530"},{"element-6066-11e4-a52e-4f735466cecf":"48d0afba-17dc-4368-b89f-ae3d534d46a6"},{"element-6066-11e4-a52e-4f735466cecf":"7ee2fb0f-541c-4f72-805f-ba1992c91876"},{"element-6066-11e4-a52e-4f735466cecf":"efebe10a-a0d5-4b8b-8123-397024b191f1"},{"element-6066-11e4-a52e-4f735466cecf":"e6bab14b-6fd1-4a7d-884d-50aa4c689d4a"},{"element-6066-11e4-a52e-4f735466cecf":"0bb378f0-9757-48b5-b15b-985ba70832c5"},{"element-6066-11e4-a52e-4f735466cecf":"12cd67d8-841a-49dc-b683-fd06a1f61089"},{"element-6066-11e4-a52e-4f735466cecf":"0cbf3d17-af8a-40cb-9b87-58fac51b0b4b"},{"element-6066-11e4-a52e-4f735466cecf":"f106d73f-b8ec-4c69-b695-59015614a443"},{"element-6066-11e4-a52e-4f735466cecf":"76c0fd71-91ed-4180-941f-d596bf74ba14"},{"element-6066-11e4-a52e-4f735466cecf":"d1e349ac-a560-4de5-9888-8dc9ec1c19d1"},{"element-6066-11e4-a52e-4f735466cecf":"5230bea4-2dc5-47a1-acfc-3d999d6de158"},{"element-6066-11e4-a52e-4f735466cecf":"1d18e3e0-ef8b-422b-ad45-1fd876c56187"},{"element-6066-11e4-a52e-4f735466cecf":"ec141378-dfc1-47d9-a9b4-a890688d50d4"},{"element-6066-11e4-a52e-4f735466cecf":"ae14a4a9-632a-4ba3-9ff7-57ccc475385f"},{"element-6066-11e4-a52e-4f735466cecf":"5b639105-a365-4fa5-b8dc-45a4ebf8c2af"},{"element-6066-11e4-a52e-4f735466cecf":"4b46f879-7cfe-4ede-ad3a-ab238e30a533"},{"element-6066-11e4-a52e-4f735466cecf":"5ee280f8-b996-4cac-a149-db895955abb5"},{"element-6066-11e4-a52e-4f735466cecf":"0fac7f92-0a53-4b02-9e6d-1b77fecffef6"},{"element-6066-11e4-a52e-4f735466cecf":"f34a01d6-7267-4fa6-8dc9-0c699b482c69"},{"element-6066-11e4-a52e-4f735466cecf":"46e79b6a-316b-4f1b-82c4-aceed75adee7"},{"element-6066-11e4-a52e-4f735466cecf":"c511ad41-ff6a-40b2-93fd-3c530ccd9082"},{"element-6066-11e4-a52e-4f735466cecf":"c4b7a7fe-7fec-4312-8123-234b119e8061"},{"element-6066-11e4-a52e-4f735466cecf":"802c21fa-6c58-4caf-8a52-812e82c8610c"},{"element-6066-11e4-a52e-4f735466cecf":"f2186e52-0f50-4f50-a9f1-6c966f53ac05"},{"element-6066-11e4-a52e-4f735466cecf":"77f6323d-e020-43bf-a401-8e2188bbc59c"},{"element-6066-11e4-a52e-4f735466cecf":"a16368e4-420a-40ec-8da5-a67072260860"},{"element-6066-11e4-a52e-4f735466cecf":"58211f5d-232b-45e0-ad50-2ead0b475b3c"},{"element-6066-11e4-a52e-4f735466cecf":"08f08514-c29e-42f2-a788-150ef89af43d"},{"element-6066-11e4-a52e-4f735466cecf":"edea643e-b283-4a60-93c1-7940b54bc254"},{"element-6066-11e4-a52e-4f735466cecf":"6e5c923e-6c85-4bd1-a85c-cdb7e4a55d5b"},{"element-6066-11e4-a52e-4f735466cecf":"881b6562-ee74-4314-ba55-04901539ee1b"},{"element-6066-11e4-a52e-4f735466cecf":"5872d0bd-c089-4d75-85e8-2b4e6965a2d2"},{"element-6066-11e4-a52e-4f735466cecf":"4a21089a-8cd1-4899-9350-fe4325a41fe5"},{"element-6066-11e4-a52e-4f735466cecf":"8b8be347-be9b-48b8-bac0-62acccb4d706"},{"element-6066-11e4-a52e-4f735466cecf":"fc00a604-90f2-44d1-9338-da12de6bec37"},{"element-6066-11e4-a52e-4f735466cecf":"5fda2ff7-1d1d-4429-9c48-03eb00112048"},{"element-6066-11e4-a52e-4f735466cecf":"74a19084-438c-474c-ab77-82928cada900"},{"element-6066-11e4-a52e-4f735466cecf":"598502a9-9064-42ab-9926-caeebf9d69f3"},{"element-6066-11e4-a52e-4f735466cecf":"eba77a65-015e-44fc-8359-e747d829eb48"},{"element-6066-11e4-a52e-4f735466cecf":"dcdcb4d0-55ea-45bc-be9e-21562e611aa2"},{"element-6066-11e4-a52e-4f735466cecf":"a959b234-1ccb-4a5f-91eb-12d5b3136dc5"},{"element-6066-11e4-a52e-4f735466cecf":"9c5c357a-6583-49b6-a9c4-94a75ae4c57d"},{"element-6066-11e4-a52e-4f735466cecf":"65c15dc4-2fb6-4b8b-b2eb-45841baa6212"},{"element-6066-11e4-a52e-4f735466cecf":"ce2dddc8-cd92-4154-a24c-9b1c1576f1b5"},{"element-6066-11e4-a52e-4f735466cecf":"5ab0f16c-fbb4-4ba3-a321-bccbbc8041c5"},{"element-6066-11e4-a52e-4f735466cecf":"418cd9b2-c024-4207-b73f-3e9719d8adc1"},{"element-6066-11e4-a52e-4f735466cecf":"1d3d939f-4c28-4687-a9c1-6a6a7369dbb0"},{"element-6066-11e4-a52e-4f735466cecf":"f973faa2-5141-4649-b47c-a0384f652cb8"},{"element-6066-11e4-a52e-4f735466cecf":"1248e4d1-4f64-43b2-86c0-0829fafab662"},{"element-6066-11e4-a52e-4f735466cecf":"e2f76f68-e473-4bd9-a46a-2447d2a86785"},{"element-6066-11e4-a52e-4f735466cecf":"0e9803e7-20cf-4dc6-ae1a-54c733427a63"},{"element-6066-11e4-a52e-4f735466cecf":"ec52b001-8b1a-4c7c-9697-c84caa835aaf"},{"element-6066-11e4-a52e-4f735466cecf":"cfeef30f-cd63-45ae-b296-aaea3404cdc9"},{"element-6066-11e4-a52e-4f735466cecf":"88daa6f4-b7a6-4d2e-b7c0-69a333676ecc"},{"element-6066-11e4-a52e-4f735466cecf":"51f980c8-20b6-423b-92a8-821322c5a88b"},{"element-6066-11e4-a52e-4f735466cecf":"daa7d8a4-288f-4d43-95d6-59f6aa1d0a4b"},{"element-6066-11e4-a52e-4f735466cecf":"282b7bb2-c3a0-4ecd-8719-a8d47b315199"},{"element-6066-11e4-a52e-4f735466cecf":"384fb3da-73f4-416c-9c1f-a204b076cd10"},{"element-6066-11e4-a52e-4f735466cecf":"dab80148-d4bb-4672-83cb-30f80b426cbb"},{"element-6066-11e4-a52e-4f735466cecf":"bab3844c-67ed-4dde-80fd-89e3abfce2ca"},{"element-6066-11e4-a52e-4f735466cecf":"6cd96310-ad0e-41b5-adc7-d5ad32873a01"},{"element-6066-11e4-a52e-4f735466cecf":"90b87a6b-e610-4818-b5fd-ed9dfabc2324"},{"element-6066-11e4-a52e-4f735466cecf":"e8f280d5-e120-44fc-a658-74060141a4e9"},{"element-6066-11e4-a52e-4f735466cecf":"9a132738-b0f3-48b2-8459-0904bb3ae705"},{"element-6066-11e4-a52e-4f735466cecf":"d2b516ec-7492-4491-91f1-f92cc0869bff"},{"element-6066-11e4-a52e-4f735466cecf":"d9c27ed2-e1e0-4ee1-8aa6-e438e866b4ac"},{"element-6066-11e4-a52e-4f735466cecf":"1dfa579e-c121-42e1-acd7-6c49a272cce3"},{"element-6066-11e4-a52e-4f735466cecf":"c72811d0-8fc9-42b6-a185-7342bc3ed0e6"},{"element-6066-11e4-a52e-4f735466cecf":"68dc42f9-e648-4e42-a503-51e80be0c666"},{"element-6066-11e4-a52e-4f735466cecf":"486e0740-aab5-4c8c-b93b-cbaf45547a04"},{"element-6066-11e4-a52e-4f735466cecf":"b47900c3-796f-4388-8404-5f4ad8fc0adb"},{"element-6066-11e4-a52e-4f735466cecf":"244880d0-b6f9-4f90-b136-d00b86ea2faf"},{"element-6066-11e4-a52e-4f735466cecf":"2229bc92-91dc-4be9-8748-6057e9d36b81"},{"element-6066-11e4-a52e-4f735466cecf":"c18b4978-5a55-44bb-9f87-d63b2b308aca"},{"element-6066-11e4-a52e-4f735466cecf":"0c2233c2-842a-4ff8-b00c-6e432277b27e"},{"element-6066-11e4-a52e-4f735466cecf":"5fa94bf5-58ed-444e-9366-17b80fd6d067"},{"element-6066-11e4-a52e-4f735466cecf":"e612d4fd-a561-4eb6-b62a-b5383209ad02"},{"element-6066-11e4-a52e-4f735466cecf":"467f2933-6a70-47e8-8fad-8caedd058fc5"},{"element-6066-11e4-a52e-4f735466cecf":"08e66bbd-0713-4e62-9b0e-1238bb91a5ed"},{"element-6066-11e4-a52e-4f735466cecf":"c68c5de7-efff-4445-8ce0-053c69a3357a"},{"element-6066-11e4-a52e-4f735466cecf":"5e036989-80a9-4b42-a20c-9be1d4d9389d"},{"element-6066-11e4-a52e-4f735466cecf":"f7236bef-0815-42ff-8378-2cec50ae83f5"},{"element-6066-11e4-a52e-4f735466cecf":"ddc308de-4fe5-4cc0-a27c-2ced0e7faadd"},{"element-6066-11e4-a52e-4f735466cecf":"156107fb-067b-468c-a383-4e4408ccdd40"},{"element-6066-11e4-a52e-4f735466cecf":"75d33572-a56e-4c9b-bf6a-d75eb4bba6f2"},{"element-6066-11e4-a52e-4f735466cecf":"e814bd42-961e-4855-b451-d5181fee1461"},{"element-6066-11e4-a52e-4f735466cecf":"021d4aae-bed7-42b7-a4c4-749d112e89d1"},{"element-6066-11e4-a52e-4f735466cecf":"ab81f723-142b-44b7-af96-e3ec1796c911"},{"element-6066-11e4-a52e-4f735466cecf":"9be8e036-812d-44b8-9e04-45216d270764"},{"element-6066-11e4-a52e-4f735466cecf":"38abdcf5-b4d8-43a6-ae5a-7b0763a1107b"},{"element-6066-11e4-a52e-4f735466cecf":"d02f2006-b4ee-4212-9f06-b81e80b3089c"},{"element-6066-11e4-a52e-4f735466cecf":"d1ba4dac-015a-4228-9190-57672d86d713"},{"element-6066-11e4-a52e-4f735466cecf":"2f445b8b-6138-4f69-b598-8f1022490bf8"},{"element-6066-11e4-a52e-4f735466cecf":"678e5338-796f-4d7a-ac9a-ba597c0a4d6d"},{"element-6066-11e4-a52e-4f735466cecf":"7fbd1505-ce01-45e5-930c-fb484caea4d5"},{"element-6066-11e4-a52e-4f735466cecf":"cd797976-b5cd-4c72-b0c5-a03fb763a403"},{"element-6066-11e4-a52e-4f735466cecf":"47852be1-9327-4a7a-b816-8ff9ddbf98d1"},{"element-6066-11e4-a52e-4f735466cecf":"8b650917-e989-4b02-8060-fa802cf59985"},{"element-6066-11e4-a52e-4f735466cecf":"2513219f-050d-4a36-a71e-3e82864672ef"},{"element-6066-11e4-a52e-4f735466cecf":"fc51d644-f058-4b8f-a60d-58fb2fd98628"},{"element-6066-11e4-a52e-4f735466cecf":"c55295f5-4dc4-4ec2-8380-dd1eaace0db9"},{"element-6066-11e4-a52e-4f735466cecf":"91bbe716-960a-4d42-919e-f50febdcd209"},{"element-6066-11e4-a52e-4f735466cecf":"0588b497-1c5d-4c2a-a7f2-272b895ed599"},{"element-6066-11e4-a52e-4f735466cecf":"2fa6494d-eea5-4fc8-b8c6-a0f3050d31c5"},{"element-6066-11e4-a52e-4f735466cecf":"209463f8-36e9-41e8-9972-9ee3e4ea3e2a"},{"element-6066-11e4-a52e-4f735466cecf":"2d1b4b4e-731a-43d1-8ddf-957f22945a29"},{"element-6066-11e4-a52e-4f735466cecf":"caaab890-1273-45e3-a620-a4b2c50f92a4"},{"element-6066-11e4-a52e-4f735466cecf":"bfdaffdd-4293-4c5a-874e-9439c3cb2c78"},{"element-6066-11e4-a52e-4f735466cecf":"75ddf645-a077-48d8-8e55-99bee694a297"},{"element-6066-11e4-a52e-4f735466cecf":"1386eab3-7b1b-4958-b94a-a42b57620515"},{"element-6066-11e4-a52e-4f735466cecf":"9e3afd20-a7e9-430e-85ba-26706b48f4ef"},{"element-6066-11e4-a52e-4f735466cecf":"49916850-7f60-4d38-b4fd-238f5c2c10c4"},{"element-6066-11e4-a52e-4f735466cecf":"fcee2138-ad3c-44ee-9ba6-7c9b65074ea8"},{"element-6066-11e4-a52e-4f735466cecf":"41b44f2f-cf61-4bfc-b75b-c861bec032cd"},{"element-6066-11e4-a52e-4f735466cecf":"efda097a-f9ec-42f9-8f3f-0ed50cb386e3"},{"element-6066-11e4-a52e-4f735466cecf":"81b029fc-cfcb-43e0-8880-e7c9bd62dc27"},{"element-6066-11e4-a52e-4f735466cecf":"a6fef95d-e4ff-470a-a33d-d961c7c8a511"},{"element-6066-11e4-a52e-4f735466cecf":"ad6cf7fe-22b3-4b07-a481-1a831c5f9d47"},{"element-6066-11e4-a52e-4f735466cecf":"c1c1798f-9e0d-4439-81d8-f8ab8f554635"},{"element-6066-11e4-a52e-4f735466cecf":"38dbf277-3d07-441c-ab06-e81524b3fdcc"},{"element-6066-11e4-a52e-4f735466cecf":"06073c1e-90df-46bc-9b48-37caff621eb9"},{"element-6066-11e4-a52e-4f735466cecf":"43507ce2-a84a-4c75-92f6-cc49a3fe2165"},{"element-6066-11e4-a52e-4f735466cecf":"65d2f3ed-a60b-4c9f-af9e-30e4f61e691d"},{"element-6066-11e4-a52e-4f735466cecf":"4db5cf67-ca7a-47be-8791-e04a0497c5b1"},{"element-6066-11e4-a52e-4f735466cecf":"dce9264c-794e-4a2c-a5f0-11826212c328"},{"element-6066-11e4-a52e-4f735466cecf":"7311d7fa-9b12-4b9c-bcef-c04d2466e1bd"},{"element-6066-11e4-a52e-4f735466cecf":"2adb62b9-067b-48b2-8497-e1f35dca02f0"},{"element-6066-11e4-a52e-4f735466cecf":"3b71bb81-49ff-4574-853d-b87d5cb67b1a"},{"element-6066-11e4-a52e-4f735466cecf":"95f22b21-63a6-488e-9b1b-6e91b6ad6b01"},{"element-6066-11e4-a52e-4f735466cecf":"c783f815-7861-4b79-b884-3d34423b6914"},{"element-6066-11e4-a52e-4f735466cecf":"4f6ebcf9-84fb-4cb9-84cf-7ff541084054"},{"element-6066-11e4-a52e-4f735466cecf":"ada94663-e86b-4dce-b586-32d54dbb150d"},{"element-6066-11e4-a52e-4f735466cecf":"793329d1-3dbe-431c-b99c-133dd56cf8bf"},{"element-6066-11e4-a52e-4f735466cecf":"0d36a603-f616-4940-9d30-c857659e835b"},{"element-6066-11e4-a52e-4f735466cecf":"78b45545-5f9d-40bd-89a6-d38e9ac1ac33"},{"element-6066-11e4-a52e-4f735466cecf":"32d1c539-1a54-495b-94a4-65c90cf17369"},{"element-6066-11e4-a52e-4f735466cecf":"eeff15dd-6510-4de1-9ca1-b28e975df7c1"},{"element-6066-11e4-a52e-4f735466cecf":"b952cd04-4947-4cc2-80b7-02fbcd8a0557"},{"element-6066-11e4-a52e-4f735466cecf":"06048027-061a-4183-ab51-c268507e2d54"},{"element-6066-11e4-a52e-4f735466cecf":"23eaab3c-a64a-4262-9a24-6c4f201a4e83"},{"element-6066-11e4-a52e-4f735466cecf":"60bad2e8-ca7e-476e-a822-243f121f8699"},{"element-6066-11e4-a52e-4f735466cecf":"5373aad3-b52d-4361-8241-68317bf630bb"},{"element-6066-11e4-a52e-4f735466cecf":"6a953b92-ec41-46b0-a203-ab102ba3ea15"},{"element-6066-11e4-a52e-4f735466cecf":"4960cb76-5259-4c9a-9fc0-eb503af99a0e"},{"element-6066-11e4-a52e-4f735466cecf":"e92e5657-57d5-4308-ba2c-236075097467"},{"element-6066-11e4-a52e-4f735466cecf":"c3140146-62ae-4e6c-a2a9-64e24eae6497"},{"element-6066-11e4-a52e-4f735466cecf":"c314b237-87dd-4285-b146-aa8148f6a205"},{"element-6066-11e4-a52e-4f735466cecf":"2b716981-c7cb-4dc9-a469-040b601c7f3c"},{"element-6066-11e4-a52e-4f735466cecf":"7ba012c4-9a22-420e-9598-8f9c5b93a7e8"},{"element-6066-11e4-a52e-4f735466cecf":"539a6d19-7e17-4acc-bbc3-bbb95c37eb7a"},{"element-6066-11e4-a52e-4f735466cecf":"46b27dc8-98ab-4b1d-9795-d6cfdcd408c8"},{"element-6066-11e4-a52e-4f735466cecf":"8962d6a7-1a1d-4e4d-b580-e4e8781a644b"},{"element-6066-11e4-a52e-4f735466cecf":"092b70d6-db1b-4f9c-be80-67bb9f763d42"},{"element-6066-11e4-a52e-4f735466cecf":"d25b453b-8855-4db9-8d23-0952faaa6748"},{"element-6066-11e4-a52e-4f735466cecf":"d9740d4f-a211-49e8-9f62-c926852b5bdf"},{"element-6066-11e4-a52e-4f735466cecf":"beaac89a-5c9d-4646-96a6-2957bd68a37b"},{"element-6066-11e4-a52e-4f735466cecf":"72836b26-4065-4eac-ad0f-74e09e791808"},{"element-6066-11e4-a52e-4f735466cecf":"f9e4f009-78e8-4599-98a4-8b63b0dd27cf"},{"element-6066-11e4-a52e-4f735466cecf":"108fdabf-af16-439b-9cda-ef80548284f3"},{"element-6066-11e4-a52e-4f735466cecf":"3632a483-be40-4d8e-b1c6-f0581df6eb4e"},{"element-6066-11e4-a52e-4f735466cecf":"81296611-402f-4338-ad07-4c9805314f3a"},{"element-6066-11e4-a52e-4f735466cecf":"e86b540b-0319-482b-825e-4b8ef5572ab3"},{"element-6066-11e4-a52e-4f735466cecf":"9fbfb560-dc6d-4fdf-83bc-3e635d1be8cc"},{"element-6066-11e4-a52e-4f735466cecf":"cce56701-952a-4edb-a1b3-71f20cc37453"},{"element-6066-11e4-a52e-4f735466cecf":"14c6e3eb-c858-4f9c-a009-d0ab1915c53e"},{"element-6066-11e4-a52e-4f735466cecf":"099b21b2-ff4e-482f-a48b-3e87bdd4a462"},{"element-6066-11e4-a52e-4f735466cecf":"750dd2ab-2873-4f30-b7d7-005ed7b0af90"},{"element-6066-11e4-a52e-4f735466cecf":"dd0ded32-e954-4ef4-89ca-2f9287d01399"},{"element-6066-11e4-a52e-4f735466cecf":"eb8437a8-0377-4a1d-a7f0-64ed05f9ab15"},{"element-6066-11e4-a52e-4f735466cecf":"e22350a4-f8d6-4b15-9d8d-341cc3241a2f"},{"element-6066-11e4-a52e-4f735466cecf":"963af467-8550-4820-bc4c-fea390d2e5fe"},{"element-6066-11e4-a52e-4f735466cecf":"22e66e18-de00-4218-a945-d63728298689"},{"element-6066-11e4-a52e-4f735466cecf":"91091a75-987f-4fef-939b-c449a8335b77"},{"element-6066-11e4-a52e-4f735466cecf":"310360ed-c421-44a5-858f-5eeca1dc0f77"},{"element-6066-11e4-a52e-4f735466cecf":"7cc1d7b2-1403-4534-a649-7f27201c8b81"},{"element-6066-11e4-a52e-4f735466cecf":"a90915d2-1290-413d-a316-52d95236c62b"},{"element-6066-11e4-a52e-4f735466cecf":"ade14c1a-6775-40a1-8812-ffe520f2613a"},{"element-6066-11e4-a52e-4f735466cecf":"5ff834b4-995a-40a7-80c3-0cc8f40364d7"},{"element-6066-11e4-a52e-4f735466cecf":"de7da748-adb9-4a9c-9b88-7b70e4198f8e"},{"element-6066-11e4-a52e-4f735466cecf":"2edf1e8c-edbe-4a93-a960-a9ede7c2bf19"},{"element-6066-11e4-a52e-4f735466cecf":"2dcceccb-206b-4868-beed-610737cab315"},{"element-6066-11e4-a52e-4f735466cecf":"039124ce-0e36-445e-a7ee-17428e80d466"},{"element-6066-11e4-a52e-4f735466cecf":"5884de52-9111-493e-a1e9-7c05595b3e59"},{"element-6066-11e4-a52e-4f735466cecf":"223ea1d0-743d-48cd-af5b-037e0fe9eae3"},{"element-6066-11e4-a52e-4f735466cecf":"fb4ef41d-9f7e-4c63-a390-b04ccaca1e2a"},{"element-6066-11e4-a52e-4f735466cecf":"a4d02c0b-231c-496e-b79e-41a06a1af58d"},{"element-6066-11e4-a52e-4f735466cecf":"73b1346c-4ba6-40d3-9742-e2440a9d264a"},{"element-6066-11e4-a52e-4f735466cecf":"28398d2c-d60f-4dfb-8f70-7d87f291d5e3"},{"element-6066-11e4-a52e-4f735466cecf":"b342a67b-fe77-4a05-90dd-9cb8083083f9"},{"element-6066-11e4-a52e-4f735466cecf":"2f76542e-3bf3-4db6-a3ca-1966b1e4fc4c"},{"element-6066-11e4-a52e-4f735466cecf":"4035ac3a-e6cf-49fa-a860-ea285061cece"},{"element-6066-11e4-a52e-4f735466cecf":"0f6c8d31-10fc-4bfc-a9b5-c682bd6b553e"},{"element-6066-11e4-a52e-4f735466cecf":"8b7228eb-d3c9-46ea-bf53-898271bd3ed4"},{"element-6066-11e4-a52e-4f735466cecf":"f1f923af-3206-48a2-b1ec-02a492e8257e"},{"element-6066-11e4-a52e-4f735466cecf":"9e7c612f-8d27-4ce3-9e41-68b74245c332"},{"element-6066-11e4-a52e-4f735466cecf":"ff502130-0bf6-46e3-9d3e-cb703486ac7e"},{"element-6066-11e4-a52e-4f735466cecf":"e6fd7f4f-8a90-4dac-b52f-04b69f63cd19"},{"element-6066-11e4-a52e-4f735466cecf":"e64498d5-1306-4bc7-afaf-343d0048d22c"},{"element-6066-11e4-a52e-4f735466cecf":"0269dc63-fb29-45c6-977c-151f01679dcd"},{"element-6066-11e4-a52e-4f735466cecf":"04b8f63f-0b45-40e0-ac55-b2e1dfe3fcfc"},{"element-6066-11e4-a52e-4f735466cecf":"524ce4b9-ad0c-4dcd-81c7-725328978f08"},{"element-6066-11e4-a52e-4f735466cecf":"e0557335-e1ee-48cb-80a0-93d4a0db4355"},{"element-6066-11e4-a52e-4f735466cecf":"8f028117-02f4-42c2-b081-9ff62c71eed1"},{"element-6066-11e4-a52e-4f735466cecf":"f1ad3e29-d00b-48ff-973c-f9b283baead6"},{"element-6066-11e4-a52e-4f735466cecf":"544b2651-046f-4d1a-94c4-bc04a94e5b3d"},{"element-6066-11e4-a52e-4f735466cecf":"97eba8ad-95ed-4bad-92a2-432f4df04b65"},{"element-6066-11e4-a52e-4f735466cecf":"f9c172b1-cb6b-474f-b054-c874f0198281"},{"element-6066-11e4-a52e-4f735466cecf":"e6dfbcbb-dad2-4c1d-a926-ee9fd2b38ea8"},{"element-6066-11e4-a52e-4f735466cecf":"88a111db-1c9f-4f5a-96dc-59f694d25678"},{"element-6066-11e4-a52e-4f735466cecf":"942c87e4-9098-48d5-a929-d64d6fcbb5f9"},{"element-6066-11e4-a52e-4f735466cecf":"1f457a78-9774-4bfb-aabd-9b4a84d09103"},{"element-6066-11e4-a52e-4f735466cecf":"3906fad7-661c-4dc6-8f46-bbc906019aff"},{"element-6066-11e4-a52e-4f735466cecf":"d56d34c6-309b-4ae8-9c39-c795c3c4dbf4"},{"element-6066-11e4-a52e-4f735466cecf":"b2c2a0ce-c458-4f6c-8615-acbf5ca7286a"},{"element-6066-11e4-a52e-4f735466cecf":"83b6eb93-9b48-44e2-8cb0-f650b4b1679d"},{"element-6066-11e4-a52e-4f735466cecf":"4d4978a3-209e-4b16-95f6-55a776bae984"},{"element-6066-11e4-a52e-4f735466cecf":"77c3b341-00bc-4beb-82a7-67a57b1c0db4"},{"element-6066-11e4-a52e-4f735466cecf":"73f3db9e-6377-40ba-a279-526bd4211253"},{"element-6066-11e4-a52e-4f735466cecf":"89809302-ea2f-4f49-80db-cd4cc02ce2de"},{"element-6066-11e4-a52e-4f735466cecf":"43f10bb9-b708-495a-b809-8504c941f15f"},{"element-6066-11e4-a52e-4f735466cecf":"dda55e46-6bcb-444b-ad5f-2401fc5a9083"},{"element-6066-11e4-a52e-4f735466cecf":"a871c8f6-3933-4969-94f4-8e76691d07e7"},{"element-6066-11e4-a52e-4f735466cecf":"3c7e3f95-d9e7-438c-9787-e74358c97578"},{"element-6066-11e4-a52e-4f735466cecf":"ee5607c5-81b5-48da-9e8d-fe1405c972ab"},{"element-6066-11e4-a52e-4f735466cecf":"f8ffc15d-fb1a-4aa0-a07a-11660e152056"},{"element-6066-11e4-a52e-4f735466cecf":"4105ef40-e4b6-4fbc-9f9f-0178164e986c"},{"element-6066-11e4-a52e-4f735466cecf":"d4e84ea3-0ef9-44db-8494-9fa1030d6663"},{"element-6066-11e4-a52e-4f735466cecf":"8a2cdab6-70ce-40fa-8559-a89cccf34f33"},{"element-6066-11e4-a52e-4f735466cecf":"fcb8fb53-4fa4-42df-bce0-dc0c16817f3c"},{"element-6066-11e4-a52e-4f735466cecf":"ba5bf186-99b4-4e74-a70c-31b1647585f1"},{"element-6066-11e4-a52e-4f735466cecf":"29883a66-f292-4920-9137-b9eab20e379b"},{"element-6066-11e4-a52e-4f735466cecf":"8c7d0ca4-da58-4786-bdc3-42f6c781bcae"},{"element-6066-11e4-a52e-4f735466cecf":"737e3e16-32b6-43a4-864d-a5c37bdcb66e"},{"element-6066-11e4-a52e-4f735466cecf":"cc9108aa-e033-427f-bd41-049b077eedb9"},{"element-6066-11e4-a52e-4f735466cecf":"3913018e-1f3a-4ee1-81b0-180928d054fd"},{"element-6066-11e4-a52e-4f735466cecf":"04f311a1-6c0a-4cd3-928c-467745163d9f"},{"element-6066-11e4-a52e-4f735466cecf":"f35bb14b-7e12-4da8-843c-d9ee78474fc6"},{"element-6066-11e4-a52e-4f735466cecf":"00e7eef9-3c30-472a-afd8-813ce4ee3bd0"},{"element-6066-11e4-a52e-4f735466cecf":"d8ece67c-9d89-4c4a-83bf-34bb5ccf847a"},{"element-6066-11e4-a52e-4f735466cecf":"d87c4975-e657-425e-8ee1-de78b472a14d"},{"element-6066-11e4-a52e-4f735466cecf":"a86631ae-e8fa-4525-89c0-1403b9ef6ca2"},{"element-6066-11e4-a52e-4f735466cecf":"ef036c54-13f8-4428-af93-781400df4edd"},{"element-6066-11e4-a52e-4f735466cecf":"4917ec02-15ff-44b5-8b71-907bd8ff7d52"},{"element-6066-11e4-a52e-4f735466cecf":"1c443ebd-1c55-45a8-a3fd-09176001bfdd"},{"element-6066-11e4-a52e-4f735466cecf":"b4e856af-8cb5-4676-ad0c-721008811eb9"},{"element-6066-11e4-a52e-4f735466cecf":"3e40f6d9-cfbe-4482-8dcb-3345e6666aa5"},{"element-6066-11e4-a52e-4f735466cecf":"86fd979b-e48e-46c6-9c50-d2c62cf6b323"},{"element-6066-11e4-a52e-4f735466cecf":"5b7d5682-0786-4656-bf2b-ecfce7065e9f"},{"element-6066-11e4-a52e-4f735466cecf":"68a54d21-bad0-47ba-88b1-f4d9728e5375"},{"element-6066-11e4-a52e-4f735466cecf":"b8991d81-fff3-4ab7-86af-77e2a9352d6d"},{"element-6066-11e4-a52e-4f735466cecf":"87a85097-48ac-4c44-a7c6-42a63f76bf5e"},{"element-6066-11e4-a52e-4f735466cecf":"68a07efd-a831-4adf-a11e-381b11e474d4"},{"element-6066-11e4-a52e-4f735466cecf":"574ad9d7-8fb2-408a-8d93-ba76e79e2aeb"},{"element-6066-11e4-a52e-4f735466cecf":"d531439d-1146-4111-aaa5-fbd22fefaec1"},{"element-6066-11e4-a52e-4f735466cecf":"b000e0a5-c2b5-4cc6-86bd-754f804fc5ab"},{"element-6066-11e4-a52e-4f735466cecf":"044ef8aa-bbf6-4597-9922-d9011f457c07"},{"element-6066-11e4-a52e-4f735466cecf":"e46ffeef-c9d7-4ddc-ab2d-dabd3f26be0b"},{"element-6066-11e4-a52e-4f735466cecf":"5430c4b9-cef3-4f83-b300-f74ca0c91555"},{"element-6066-11e4-a52e-4f735466cecf":"1a5ff3dc-40b9-43f3-ac21-2531ec58f451"},{"element-6066-11e4-a52e-4f735466cecf":"baa9eed6-2514-4e51-b3ac-ebd084b9c35b"},{"element-6066-11e4-a52e-4f735466cecf":"47b4d496-943d-467f-a978-49c00336f87a"},{"element-6066-11e4-a52e-4f735466cecf":"8b0e1387-0798-4915-8932-eb83a0652396"},{"element-6066-11e4-a52e-4f735466cecf":"ea810c32-5b2c-450b-9fb9-5e4030c108af"},{"element-6066-11e4-a52e-4f735466cecf":"c6d0941e-2c79-4f0a-ad7a-c4d33f026573"},{"element-6066-11e4-a52e-4f735466cecf":"d987a1d6-0b59-4f14-a812-0a7ae703b385"},{"element-6066-11e4-a52e-4f735466cecf":"9509782b-15bf-4b14-a527-b6acaa731732"},{"element-6066-11e4-a52e-4f735466cecf":"61b4c4fe-20c8-4df4-8b4d-9a67df1ff1cd"},{"element-6066-11e4-a52e-4f735466cecf":"c16748f3-d63d-4e72-a80f-eaf1752f84ee"},{"element-6066-11e4-a52e-4f735466cecf":"f4e83122-8d58-4ecf-8743-19647852799b"},{"element-6066-11e4-a52e-4f735466cecf":"558b8109-1b9c-4022-aa4c-077b38f0fec2"},{"element-6066-11e4-a52e-4f735466cecf":"caa86f07-f30b-4d98-9a5b-24adfb6b092d"},{"element-6066-11e4-a52e-4f735466cecf":"5d764eb1-a0aa-4176-928a-64081e063602"},{"element-6066-11e4-a52e-4f735466cecf":"95ff2678-3044-4f84-be8d-73e5c1459c86"},{"element-6066-11e4-a52e-4f735466cecf":"af7c3c9d-7c59-445c-a1d5-7eb7479b0769"},{"element-6066-11e4-a52e-4f735466cecf":"06a4e842-de85-4fe7-80fa-d16bc29fa832"},{"element-6066-11e4-a52e-4f735466cecf":"c6e32180-04c0-4553-8d20-a43be3808daf"},{"element-6066-11e4-a52e-4f735466cecf":"6bafbc22-29dc-487c-a9c7-efacd1a97c55"},{"element-6066-11e4-a52e-4f735466cecf":"438ee416-a0f8-4a97-848a-7fb14f9ab57a"},{"element-6066-11e4-a52e-4f735466cecf":"de928b7c-ab41-45b1-a6d0-d9b883e9f13e"},{"element-6066-11e4-a52e-4f735466cecf":"300e49c8-946d-48a3-990e-81365bf61031"},{"element-6066-11e4-a52e-4f735466cecf":"b93312bf-8e61-4d1b-b78f-cccd564610a0"},{"element-6066-11e4-a52e-4f735466cecf":"ec0f4a56-58ee-4e99-82f7-b1c1a6ebb590"},{"element-6066-11e4-a52e-4f735466cecf":"90ee77bb-6f86-499c-88fd-c95644f7ccb8"},{"element-6066-11e4-a52e-4f735466cecf":"46b711f1-d7b7-41c1-ba3c-107ebf5c9edf"},{"element-6066-11e4-a52e-4f735466cecf":"a931031e-dd74-4e3a-99e2-34d69713c243"},{"element-6066-11e4-a52e-4f735466cecf":"5db0ff88-818f-4413-acfc-1a0f1e18fc21"},{"element-6066-11e4-a52e-4f735466cecf":"2aebedf9-9f9c-4a24-a6e3-112e264aa1f4"},{"element-6066-11e4-a52e-4f735466cecf":"930522f1-6ca0-4c3b-a72f-d2f78ca68758"},{"element-6066-11e4-a52e-4f735466cecf":"ee1e603d-9cde-4b1f-9f49-e75852677dca"},{"element-6066-11e4-a52e-4f735466cecf":"3b52d462-674c-46ee-a93f-8fd4f15889d3"},{"element-6066-11e4-a52e-4f735466cecf":"94dab221-6834-435f-a6ad-f05c00c57cd1"},{"element-6066-11e4-a52e-4f735466cecf":"75774fa0-19ed-4875-914b-bc069fb5814c"},{"element-6066-11e4-a52e-4f735466cecf":"6fc11779-76db-4446-b91e-7e56e22f5dcb"},{"element-6066-11e4-a52e-4f735466cecf":"d7680a3d-203f-4e04-a73d-b62089a6b790"},{"element-6066-11e4-a52e-4f735466cecf":"e71efc8f-b104-4234-8c4f-9b0839b2e49d"},{"element-6066-11e4-a52e-4f735466cecf":"742bf5d7-9c2f-443a-a2a6-81d368e4c6d1"},{"element-6066-11e4-a52e-4f735466cecf":"eb2fb4f5-d258-4468-b374-9eea755af979"},{"element-6066-11e4-a52e-4f735466cecf":"21f0edc6-f8aa-407c-9412-3f5b17b6aa29"},{"element-6066-11e4-a52e-4f735466cecf":"03bb2131-f5ab-472f-9204-afc2ca8a0af3"},{"element-6066-11e4-a52e-4f735466cecf":"cefe4c3a-7254-48a0-9593-2080f36bc526"},{"element-6066-11e4-a52e-4f735466cecf":"7d49713e-4ea0-4bb9-b04b-891a6b28866c"},{"element-6066-11e4-a52e-4f735466cecf":"2b12c896-5442-41bc-a2d9-64ec6d21e41b"},{"element-6066-11e4-a52e-4f735466cecf":"8c6177fc-4169-4e76-a2c5-047662a0d242"},{"element-6066-11e4-a52e-4f735466cecf":"8361b248-0fb5-488d-93a2-88d08d431cc9"},{"element-6066-11e4-a52e-4f735466cecf":"cfb30f2f-33c1-472a-91b9-66053d0c5dbc"},{"element-6066-11e4-a52e-4f735466cecf":"3178a276-15ee-46c7-9cd2-32dca159b6a5"},{"element-6066-11e4-a52e-4f735466cecf":"cf48a867-99b5-48f3-84c8-8dc916d1e4a8"},{"element-6066-11e4-a52e-4f735466cecf":"885ea593-c268-40ab-a2fb-7b5dd335ec14"},{"element-6066-11e4-a52e-4f735466cecf":"787edb55-892a-40d6-bd02-47eb37262a62"},{"element-6066-11e4-a52e-4f735466cecf":"3270ff3e-c63d-4297-9517-f1e7ec21c560"},{"element-6066-11e4-a52e-4f735466cecf":"b2818de6-b4b0-4b93-8d9e-d0857ddb9049"},{"element-6066-11e4-a52e-4f735466cecf":"a74bc791-26f1-48fc-8da5-f9093ffdfaaf"},{"element-6066-11e4-a52e-4f735466cecf":"81c9ad3f-6dda-4bf7-b405-c69e359cd3c2"},{"element-6066-11e4-a52e-4f735466cecf":"c50b9890-baff-4c3c-ba62-3ef477cea6b9"},{"element-6066-11e4-a52e-4f735466cecf":"751cd8b9-b90f-42c5-81e9-4470b0f9e1cb"},{"element-6066-11e4-a52e-4f735466cecf":"4b5171cf-1df2-4c62-86b6-96f2710297a9"},{"element-6066-11e4-a52e-4f735466cecf":"d014625f-7cb0-4c6a-92bb-532a6c8b943e"},{"element-6066-11e4-a52e-4f735466cecf":"1eb0b4f7-8b66-48f8-b74c-8784e7735acd"},{"element-6066-11e4-a52e-4f735466cecf":"b322a51a-5244-466b-946c-b19efac20347"},{"element-6066-11e4-a52e-4f735466cecf":"5234c5a9-b900-49d2-afdd-0de5863e2207"},{"element-6066-11e4-a52e-4f735466cecf":"6531d340-9893-45db-8c45-61d4be9bd9cf"},{"element-6066-11e4-a52e-4f735466cecf":"8e4b7c7e-3a9e-49ad-8717-1d45cbcdc6aa"},{"element-6066-11e4-a52e-4f735466cecf":"58a7d519-32ea-42c9-9005-d85aa0bbea03"},{"element-6066-11e4-a52e-4f735466cecf":"d403b21e-d467-4a52-9b9c-639d675df8e5"},{"element-6066-11e4-a52e-4f735466cecf":"7adac9d3-a225-4834-a49c-36efc6f0642a"},{"element-6066-11e4-a52e-4f735466cecf":"ef361ac7-abe8-4064-845a-69bf5136d328"},{"element-6066-11e4-a52e-4f735466cecf":"e3e0669e-c4d7-44da-909c-a6a1d00b41d4"},{"element-6066-11e4-a52e-4f735466cecf":"d4ee3201-c621-41ec-a8ab-1b2a2bcf39ee"},{"element-6066-11e4-a52e-4f735466cecf":"17dd8d24-fb8e-4144-8e15-4cc47966a2ab"},{"element-6066-11e4-a52e-4f735466cecf":"529e5203-b19d-43e8-9d31-3b980476b974"},{"element-6066-11e4-a52e-4f735466cecf":"410852bc-c84a-43b9-9da0-ab56bb6cae4b"},{"element-6066-11e4-a52e-4f735466cecf":"c87ed64a-f825-4e3a-8e16-b406fb8d837e"},{"element-6066-11e4-a52e-4f735466cecf":"908199cc-33e7-451c-9f96-4c4f7c2a2cc4"},{"element-6066-11e4-a52e-4f735466cecf":"acce8672-8f07-4236-b93f-e7b509509311"},{"element-6066-11e4-a52e-4f735466cecf":"5b25908f-7e9a-4be1-be2f-e0bfe203bb97"},{"element-6066-11e4-a52e-4f735466cecf":"aaaa0866-8e4f-4f19-b342-81b53e2f5982"},{"element-6066-11e4-a52e-4f735466cecf":"feba7e44-11cd-41d4-a314-bf95681348cd"},{"element-6066-11e4-a52e-4f735466cecf":"08733afa-abc5-456f-a62f-1b5ab18a693f"},{"element-6066-11e4-a52e-4f735466cecf":"3311e1e7-4769-46e0-8055-f15116f65319"},{"element-6066-11e4-a52e-4f735466cecf":"1222abf0-16bb-4ad6-b12a-c837ebe7356c"},{"element-6066-11e4-a52e-4f735466cecf":"3efddc51-75bf-4f14-9c09-3aa29632b9c3"},{"element-6066-11e4-a52e-4f735466cecf":"d5de97f1-333f-4199-a790-a2429da5d9e4"},{"element-6066-11e4-a52e-4f735466cecf":"1acc546a-f9cb-4679-ba43-514e46e8116a"},{"element-6066-11e4-a52e-4f735466cecf":"05101e55-12d8-4683-a600-c855589b3a9c"},{"element-6066-11e4-a52e-4f735466cecf":"1ca71751-f6ee-4a7b-abb1-9b852b728339"},{"element-6066-11e4-a52e-4f735466cecf":"d843c7b8-a568-4444-95d9-6cfa98e83900"},{"element-6066-11e4-a52e-4f735466cecf":"7be55e6b-5137-43d6-9574-589d5bdb202a"},{"element-6066-11e4-a52e-4f735466cecf":"f1abda10-da66-45ee-88d6-fa63a205c257"},{"element-6066-11e4-a52e-4f735466cecf":"df1dcad6-7d01-4950-82a9-db1a15054bc5"},{"element-6066-11e4-a52e-4f735466cecf":"b83699a3-ab72-4fba-9e05-a694fea6b9a4"},{"element-6066-11e4-a52e-4f735466cecf":"8703281b-8bce-4c3d-bc96-dcfb2661093f"},{"element-6066-11e4-a52e-4f735466cecf":"7fc95a02-8455-4e46-bfca-bce72594809f"},{"element-6066-11e4-a52e-4f735466cecf":"961f3456-66cf-4aa8-8e74-0ee2a848a27a"},{"element-6066-11e4-a52e-4f735466cecf":"62e2832e-e384-4796-893d-c246679cc798"},{"element-6066-11e4-a52e-4f735466cecf":"200106b9-381d-44cd-a4a7-d3f6331f3afb"},{"element-6066-11e4-a52e-4f735466cecf":"52b2ddd3-9596-49eb-b3e3-57a5503af203"},{"element-6066-11e4-a52e-4f735466cecf":"879cbd06-acd7-4018-92af-f5920c7718f7"},{"element-6066-11e4-a52e-4f735466cecf":"1a459f46-fe62-49c5-8e5f-54e680d39a23"},{"element-6066-11e4-a52e-4f735466cecf":"844ce163-c7f0-468f-a6e7-36123bd37c20"},{"element-6066-11e4-a52e-4f735466cecf":"af5c61db-8cf2-44fc-a794-75922a8b8622"},{"element-6066-11e4-a52e-4f735466cecf":"a65271df-2c23-449e-aefe-420f607fd3df"},{"element-6066-11e4-a52e-4f735466cecf":"ecb21f64-a92d-48f9-b2b8-1a7117e6088a"},{"element-6066-11e4-a52e-4f735466cecf":"48d6b3b1-04f6-432c-8662-09189b5310fb"},{"element-6066-11e4-a52e-4f735466cecf":"83765f4e-1e73-4b52-a5fa-7d7cf6d43881"},{"element-6066-11e4-a52e-4f735466cecf":"0a0b82ad-c67f-44db-b243-343c70e63795"},{"element-6066-11e4-a52e-4f735466cecf":"9e2c4708-5726-4075-bd9d-4d5eefe6772d"},{"element-6066-11e4-a52e-4f735466cecf":"c02a239b-a9f8-400a-8887-6a2b9c4d5068"},{"element-6066-11e4-a52e-4f735466cecf":"9eee8e18-4321-4178-9ebe-a77a6610c9c2"},{"element-6066-11e4-a52e-4f735466cecf":"7e2e5ea7-0a45-4f21-a20f-aa082b3e3cc7"},{"element-6066-11e4-a52e-4f735466cecf":"02879171-b59c-46b3-8921-591ae1d1e2d4"},{"element-6066-11e4-a52e-4f735466cecf":"bdc8f3d3-b067-4905-b6fa-da9d26848d4d"},{"element-6066-11e4-a52e-4f735466cecf":"c4ea51d0-428c-49f3-a232-0f9733dcd82d"},{"element-6066-11e4-a52e-4f735466cecf":"06e4fb95-ddcc-49ad-8353-5e060dc36717"},{"element-6066-11e4-a52e-4f735466cecf":"1c2234d0-6751-4eba-8240-4c31f01853fe"},{"element-6066-11e4-a52e-4f735466cecf":"cde07836-7e09-4929-b1af-247c4d2e0801"},{"element-6066-11e4-a52e-4f735466cecf":"30476774-cfea-4c97-89b0-b1dbad77b9f9"},{"element-6066-11e4-a52e-4f735466cecf":"7d9c288c-46cd-4cdf-8731-cc819d6f80d5"},{"element-6066-11e4-a52e-4f735466cecf":"0baca65c-5281-422d-86b3-1404e39f35d3"},{"element-6066-11e4-a52e-4f735466cecf":"cb1deccc-d7f7-40f0-99ac-aa6372c90ea3"},{"element-6066-11e4-a52e-4f735466cecf":"ef896f91-a665-4cee-bfa8-6f0c62406d4f"},{"element-6066-11e4-a52e-4f735466cecf":"ccfac24e-9ad3-4c98-ba2e-6f137299a16d"},{"element-6066-11e4-a52e-4f735466cecf":"842425b6-7204-4694-814d-d10d766ef702"},{"element-6066-11e4-a52e-4f735466cecf":"467930e8-d782-4334-bf14-867e378b4d51"},{"element-6066-11e4-a52e-4f735466cecf":"21c6b193-d844-4f16-bd4a-89ec43dd3222"},{"element-6066-11e4-a52e-4f735466cecf":"f9f901dc-b67f-48a4-bfaf-3c683b51cb88"},{"element-6066-11e4-a52e-4f735466cecf":"6a5ec282-dc16-49b6-8e52-aa52466bb79c"},{"element-6066-11e4-a52e-4f735466cecf":"5a64061e-7de8-456a-bf26-b0c59474ad23"},{"element-6066-11e4-a52e-4f735466cecf":"c98e614c-6983-4106-a41b-b3a785229220"},{"element-6066-11e4-a52e-4f735466cecf":"725e9e58-63f2-4ddc-9698-65f0d185dfb1"},{"element-6066-11e4-a52e-4f735466cecf":"9d488c18-33d2-4e98-986c-09dd4510225e"},{"element-6066-11e4-a52e-4f735466cecf":"ec3331e7-d35f-4bd7-b78c-b98db0ae2d49"},{"element-6066-11e4-a52e-4f735466cecf":"f78b3e35-c8ff-443f-a4bf-0e450fbe8627"},{"element-6066-11e4-a52e-4f735466cecf":"8bb92c92-9e69-4e7a-8feb-0cee98d31ece"},{"element-6066-11e4-a52e-4f735466cecf":"b70e770c-aa39-4a0c-841f-1ab327d88cdf"},{"element-6066-11e4-a52e-4f735466cecf":"0b33b645-452f-4694-ae45-9b8340f02753"},{"element-6066-11e4-a52e-4f735466cecf":"d53f69e9-7051-4149-ad74-3283cbd03189"},{"element-6066-11e4-a52e-4f735466cecf":"39a118bc-b36e-48cf-ae66-8977740ddc91"},{"element-6066-11e4-a52e-4f735466cecf":"63c8120e-f092-4466-84fc-b87e5e198964"},{"element-6066-11e4-a52e-4f735466cecf":"311ef0a3-8a93-4b30-a24f-29687f69a16a"},{"element-6066-11e4-a52e-4f735466cecf":"5a373883-aed0-47e6-a3fd-18c4440eb453"},{"element-6066-11e4-a52e-4f735466cecf":"ef0792ba-802c-47d6-96c4-b25dc582c075"},{"element-6066-11e4-a52e-4f735466cecf":"b34c9c05-85f3-4742-ac99-c0796a0773dd"},{"element-6066-11e4-a52e-4f735466cecf":"bcc0f477-0267-46a9-97a3-6ef87216e3c7"},{"element-6066-11e4-a52e-4f735466cecf":"8b56f790-da35-4c6f-985d-204e5e67ec1b"},{"element-6066-11e4-a52e-4f735466cecf":"19d48ca7-b51e-45d5-ba65-4b11dc142a2d"},{"element-6066-11e4-a52e-4f735466cecf":"301a0ee0-c9ca-475d-ae1a-1cae05963f47"},{"element-6066-11e4-a52e-4f735466cecf":"84d102f0-3685-4302-ae7b-1c77167b890d"},{"element-6066-11e4-a52e-4f735466cecf":"a1cb528e-d7ac-4220-a1e6-cbc52d40845d"},{"element-6066-11e4-a52e-4f735466cecf":"3809f36f-1357-4b38-9669-83ede163bbfa"},{"element-6066-11e4-a52e-4f735466cecf":"4a2f4973-7808-46a6-90f5-b26bd4e17126"},{"element-6066-11e4-a52e-4f735466cecf":"b5c64a66-996b-4fe7-bb9c-9068b0c22df0"},{"element-6066-11e4-a52e-4f735466cecf":"114451e4-ee75-46cf-802d-8f2c4962cbe7"},{"element-6066-11e4-a52e-4f735466cecf":"41dd36d1-0573-4622-a948-0737d8da93c0"},{"element-6066-11e4-a52e-4f735466cecf":"0260a830-200d-46e3-bba9-035b9908e101"},{"element-6066-11e4-a52e-4f735466cecf":"7313fe0c-290c-4367-a8d2-7466088f3e43"},{"element-6066-11e4-a52e-4f735466cecf":"dbabc139-6059-4882-b08b-159c2b942a6e"},{"element-6066-11e4-a52e-4f735466cecf":"9c6f007f-9d3a-4b21-8a84-337fc0426053"},{"element-6066-11e4-a52e-4f735466cecf":"f8edbfbf-655e-4c92-a172-de268d13ef60"},{"element-6066-11e4-a52e-4f735466cecf":"fd4f5bdd-d90c-41d9-a4f9-900673517282"},{"element-6066-11e4-a52e-4f735466cecf":"5044d684-7bea-4b54-8fc1-7f62e510145c"},{"element-6066-11e4-a52e-4f735466cecf":"d33c54a4-6907-454c-bd5d-639f1d907e8c"},{"element-6066-11e4-a52e-4f735466cecf":"2f83cb78-9d01-4796-b797-9e0924ef4cbb"},{"element-6066-11e4-a52e-4f735466cecf":"d5e6f319-d497-48bb-a757-3b295f8fc4b4"},{"element-6066-11e4-a52e-4f735466cecf":"4ee33bf4-4a31-4b50-a4af-a73a3f96086d"},{"element-6066-11e4-a52e-4f735466cecf":"c2198dbb-5e25-4a6a-920d-282cca692ec2"},{"element-6066-11e4-a52e-4f735466cecf":"7b5d2888-799d-4ff9-b9ac-c0335fa68018"},{"element-6066-11e4-a52e-4f735466cecf":"07d7c83f-ebc4-408d-9281-159cddd42e32"},{"element-6066-11e4-a52e-4f735466cecf":"6773f544-c253-4ba0-9358-7ff6a9f98e68"},{"element-6066-11e4-a52e-4f735466cecf":"50d86510-f673-4e51-8ef8-1751908aef4e"},{"element-6066-11e4-a52e-4f735466cecf":"b1eb7072-ef10-49ba-8bce-18ed6a939d61"},{"element-6066-11e4-a52e-4f735466cecf":"467b8439-5640-4f44-ad92-ac19e943783a"},{"element-6066-11e4-a52e-4f735466cecf":"7f7089bd-940f-4479-b101-ef8a66055b58"},{"element-6066-11e4-a52e-4f735466cecf":"7ef0dc05-dd72-48c9-a57b-c3c00734dbdf"},{"element-6066-11e4-a52e-4f735466cecf":"91dd2beb-0054-4659-9346-af4fb66dcdd5"},{"element-6066-11e4-a52e-4f735466cecf":"20f75eea-990c-482c-9648-27b3e9ea3944"},{"element-6066-11e4-a52e-4f735466cecf":"b8008f3a-734b-4294-a70d-b5ac1ce3ed15"},{"element-6066-11e4-a52e-4f735466cecf":"23f338c5-e677-489f-b0f9-46f6c906f2c2"},{"element-6066-11e4-a52e-4f735466cecf":"00b3a4db-8d94-4815-916e-af4c5dbbbd0d"},{"element-6066-11e4-a52e-4f735466cecf":"81ab216c-844c-4302-a1e0-06096991eac9"},{"element-6066-11e4-a52e-4f735466cecf":"0db9e559-d6d5-46a9-9fd3-8261e9eb7c1f"},{"element-6066-11e4-a52e-4f735466cecf":"33a2a805-9708-4222-a276-d7abc7d3d61a"},{"element-6066-11e4-a52e-4f735466cecf":"97ec3ec9-db69-474a-9bf8-3561ba6026b7"},{"element-6066-11e4-a52e-4f735466cecf":"903b109c-eb70-4efc-806c-be1e7840809e"},{"element-6066-11e4-a52e-4f735466cecf":"39639879-369f-4d57-850a-6c9e6c6dc3e5"},{"element-6066-11e4-a52e-4f735466cecf":"f09bc892-bffa-408e-82dc-7222c8ddc25b"},{"element-6066-11e4-a52e-4f735466cecf":"e2454663-763a-452b-93ce-a0511e4f1f42"},{"element-6066-11e4-a52e-4f735466cecf":"4cc2e1ca-2f8d-43fc-b7bb-95b06d59c20f"},{"element-6066-11e4-a52e-4f735466cecf":"78678afc-0c60-4cd7-a09f-7beb4ead9373"},{"element-6066-11e4-a52e-4f735466cecf":"153cadf4-3250-4d87-a3ee-cd1c5abd04d8"},{"element-6066-11e4-a52e-4f735466cecf":"8cf4d839-e791-4108-aaac-a8a3db87f562"},{"element-6066-11e4-a52e-4f735466cecf":"79be3e36-a9e6-473d-a375-9acb5cf73d15"},{"element-6066-11e4-a52e-4f735466cecf":"16f095d9-b56f-4130-bcc0-866868e31dc7"},{"element-6066-11e4-a52e-4f735466cecf":"d47bb2e6-9ac8-4e29-bbd8-de5afe0744f7"},{"element-6066-11e4-a52e-4f735466cecf":"116c8010-b1e0-495f-b3a6-75fdae1d228f"},{"element-6066-11e4-a52e-4f735466cecf":"65ce8ca1-40a9-4b13-b262-c107882b3d97"},{"element-6066-11e4-a52e-4f735466cecf":"079bbb7c-5e20-440a-9a83-61c3218fb5fc"},{"element-6066-11e4-a52e-4f735466cecf":"ab921c16-0d8f-4ab3-ae91-cbb02c850aed"},{"element-6066-11e4-a52e-4f735466cecf":"dd0e6260-3111-4158-9b07-81f7ea9fffbc"},{"element-6066-11e4-a52e-4f735466cecf":"7b8c4165-8a9c-4dd7-92fb-3083745af2fd"},{"element-6066-11e4-a52e-4f735466cecf":"05029922-c9cd-44ef-ba67-029944d660be"},{"element-6066-11e4-a52e-4f735466cecf":"f104c77f-0cef-4c64-80fe-f072bd799e33"},{"element-6066-11e4-a52e-4f735466cecf":"cd6456f1-32dc-47c9-8fc4-1d38f83b6294"},{"element-6066-11e4-a52e-4f735466cecf":"658f3b67-29fc-43aa-992a-46fb4441d24d"},{"element-6066-11e4-a52e-4f735466cecf":"a63cfb22-a949-4f5b-ba9d-6f401feb5163"},{"element-6066-11e4-a52e-4f735466cecf":"8cbf2ed1-ab3d-4ed1-9746-3db57700008d"},{"element-6066-11e4-a52e-4f735466cecf":"21b5ce08-bb40-4e65-bc1c-2eef8de44493"},{"element-6066-11e4-a52e-4f735466cecf":"fa07691e-0605-4b7a-9ce1-0c09cdb1024d"},{"element-6066-11e4-a52e-4f735466cecf":"f5e0ce37-c343-41a3-bc36-f616dcc15075"},{"element-6066-11e4-a52e-4f735466cecf":"1479364e-eda0-4d3b-af33-370d57960d65"},{"element-6066-11e4-a52e-4f735466cecf":"b0608a85-d3fa-43d9-80ae-c87a759172a9"},{"element-6066-11e4-a52e-4f735466cecf":"eaeb6217-7535-47cf-9394-aae3376fa284"},{"element-6066-11e4-a52e-4f735466cecf":"cc8a5fd6-148b-4dfc-a566-75761f0b82c7"},{"element-6066-11e4-a52e-4f735466cecf":"75403d64-c406-4651-94b9-fa93e857fb59"},{"element-6066-11e4-a52e-4f735466cecf":"25a589e6-1a79-4921-ae06-915e358e2544"},{"element-6066-11e4-a52e-4f735466cecf":"70166488-e93f-4a03-8a9f-e0c3cb8c4aa9"},{"element-6066-11e4-a52e-4f735466cecf":"25ffc5db-27b2-4161-9de6-7c8b570f6cd2"},{"element-6066-11e4-a52e-4f735466cecf":"8134e304-1863-43b8-b2d1-61cc26419f73"},{"element-6066-11e4-a52e-4f735466cecf":"045ad437-4dad-486f-a92b-7f71104abf0d"},{"element-6066-11e4-a52e-4f735466cecf":"54798352-d227-4675-835c-a02da6b9fef4"},{"element-6066-11e4-a52e-4f735466cecf":"3870e343-7e83-4fb0-90d5-9f641c839391"},{"element-6066-11e4-a52e-4f735466cecf":"f895da2f-dbab-4738-a272-cc9a10fb0d8b"},{"element-6066-11e4-a52e-4f735466cecf":"8c37c327-0bfe-4ed0-9833-140a808d8983"},{"element-6066-11e4-a52e-4f735466cecf":"093d3546-9485-44c0-b804-74f45d63b258"},{"element-6066-11e4-a52e-4f735466cecf":"1417d310-cf02-47a4-a470-661e2045a5de"},{"element-6066-11e4-a52e-4f735466cecf":"1796032b-b317-4135-9618-8281830e4a3f"},{"element-6066-11e4-a52e-4f735466cecf":"4376da3e-50b5-4b18-9d75-a745b58201a2"},{"element-6066-11e4-a52e-4f735466cecf":"431663c1-5a7e-45d0-9b3e-50b23adfe3fd"},{"element-6066-11e4-a52e-4f735466cecf":"3cdf0330-d1d0-4c1f-a8d4-db55207ddeb6"},{"element-6066-11e4-a52e-4f735466cecf":"8e6e82a6-ed48-43d0-8424-1fddcd276b9e"},{"element-6066-11e4-a52e-4f735466cecf":"335889e3-e18c-4234-9343-7038ab97908b"},{"element-6066-11e4-a52e-4f735466cecf":"e2c5cd43-1cf0-437e-b6b7-68a7f4de33b9"},{"element-6066-11e4-a52e-4f735466cecf":"59319dba-ed5f-4025-8510-2d92c4be3bc7"},{"element-6066-11e4-a52e-4f735466cecf":"f28b2450-2c1b-4d02-b23d-5714075a83af"},{"element-6066-11e4-a52e-4f735466cecf":"aa506a31-d127-4b1b-9ac9-73d98f3cb722"},{"element-6066-11e4-a52e-4f735466cecf":"5c1ffc71-63f5-4ad7-930a-cf6489b9aa40"},{"element-6066-11e4-a52e-4f735466cecf":"773f1610-e90a-41dd-b890-108a4365930d"},{"element-6066-11e4-a52e-4f735466cecf":"0a27bc98-036d-496a-8916-3182283e9df9"},{"element-6066-11e4-a52e-4f735466cecf":"d3e889e2-1f78-4d3b-991b-017a2c373226"},{"element-6066-11e4-a52e-4f735466cecf":"14c22289-fe71-4f97-837e-440165aa242d"},{"element-6066-11e4-a52e-4f735466cecf":"8094cf60-70f8-4cea-b888-48cf4f2173e1"},{"element-6066-11e4-a52e-4f735466cecf":"3c742ab5-7ec2-4188-b757-83a0df9c5dc4"},{"element-6066-11e4-a52e-4f735466cecf":"d7603f7f-9cf2-4fc4-95ac-7d6bc31d4d23"},{"element-6066-11e4-a52e-4f735466cecf":"476ef1ba-d9bf-4b71-9569-5a8e0fd8649c"},{"element-6066-11e4-a52e-4f735466cecf":"8f0465e2-1ed5-4850-98c5-82bd69eb95be"},{"element-6066-11e4-a52e-4f735466cecf":"28fb56b0-c27d-4ec8-9a14-071ee297bc51"},{"element-6066-11e4-a52e-4f735466cecf":"471b6892-43f5-458b-8718-904853e02d22"},{"element-6066-11e4-a52e-4f735466cecf":"1208077a-cff9-4aea-954e-b7f081cb5631"},{"element-6066-11e4-a52e-4f735466cecf":"900072f2-c8ff-4e62-828f-439dfff10363"},{"element-6066-11e4-a52e-4f735466cecf":"ba9f8ca3-97fb-4a7c-b248-4644cf8dcc3a"},{"element-6066-11e4-a52e-4f735466cecf":"e41952a4-4e79-474f-b718-f47d55aa06e2"},{"element-6066-11e4-a52e-4f735466cecf":"8897c247-01c8-41ca-a8a2-3fb2e95ef22c"},{"element-6066-11e4-a52e-4f735466cecf":"c0ce77d0-acc4-4186-a8de-f2ff91181834"},{"element-6066-11e4-a52e-4f735466cecf":"580de008-2624-4580-bdde-285ef4cfbf3c"},{"element-6066-11e4-a52e-4f735466cecf":"c00a32c1-7c71-4fd5-aa7d-dc0f21b3c834"},{"element-6066-11e4-a52e-4f735466cecf":"49b8a99b-329b-4b67-b640-9f303bc55385"},{"element-6066-11e4-a52e-4f735466cecf":"24a1e6b1-23f5-49b7-9d42-a3c15e3d1915"},{"element-6066-11e4-a52e-4f735466cecf":"5e2acaea-0ef1-4443-bdd5-ab3979356547"},{"element-6066-11e4-a52e-4f735466cecf":"59427b8a-6667-47f5-bd7a-9051d379e564"},{"element-6066-11e4-a52e-4f735466cecf":"ad6a029d-0f88-4466-94aa-383e3590be00"},{"element-6066-11e4-a52e-4f735466cecf":"384d8d94-4a2d-40c5-a917-b7c170186bc4"},{"element-6066-11e4-a52e-4f735466cecf":"07daece5-8ac5-4426-9e18-e0caa67ee7a9"},{"element-6066-11e4-a52e-4f735466cecf":"5494a250-c0e7-4209-8fd5-7a853710172b"},{"element-6066-11e4-a52e-4f735466cecf":"ebcb2332-226e-4408-8258-a0d3405049c2"},{"element-6066-11e4-a52e-4f735466cecf":"ac265993-fd5c-4c0b-8114-0eb4db16ebed"},{"element-6066-11e4-a52e-4f735466cecf":"cb97f874-7837-48bd-9ba3-825c769452d2"},{"element-6066-11e4-a52e-4f735466cecf":"448f6ae8-7b33-4de0-ba01-c28871b4535a"},{"element-6066-11e4-a52e-4f735466cecf":"61484cd1-39ab-42a1-8d6a-d6849c43df99"},{"element-6066-11e4-a52e-4f735466cecf":"43302569-f8da-4c9a-810e-860e45db719d"},{"element-6066-11e4-a52e-4f735466cecf":"36d7021f-6a8a-4786-bd2c-796d95c3e21a"},{"element-6066-11e4-a52e-4f735466cecf":"9e40d452-8025-4280-897a-e7a8112be1d4"},{"element-6066-11e4-a52e-4f735466cecf":"5d22a592-8b92-4f0d-b22d-3732ebfb2fdf"},{"element-6066-11e4-a52e-4f735466cecf":"5eca4e24-8c2e-4d86-bce4-53acfa4d5417"},{"element-6066-11e4-a52e-4f735466cecf":"da6a5577-15b4-45a0-96b1-7188b9fdf734"},{"element-6066-11e4-a52e-4f735466cecf":"68e677cb-e770-4eae-85fd-93f58639ba66"},{"element-6066-11e4-a52e-4f735466cecf":"9da1e71b-ec7d-4e80-a094-c0f9eb4dd523"},{"element-6066-11e4-a52e-4f735466cecf":"99ebde1d-1a94-4fee-96e5-b676b46045b9"},{"element-6066-11e4-a52e-4f735466cecf":"33e52743-5bd0-4d45-90f6-2d12cb861138"},{"element-6066-11e4-a52e-4f735466cecf":"89dd1e59-0f97-43dc-a90f-6efc78d6fbe4"},{"element-6066-11e4-a52e-4f735466cecf":"34e1e096-bbd9-42e6-8613-c4667f742628"},{"element-6066-11e4-a52e-4f735466cecf":"96d303ee-98b8-419a-b4c9-6e3be58daf79"},{"element-6066-11e4-a52e-4f735466cecf":"0776f364-c8be-4616-a94c-63b8c232c351"},{"element-6066-11e4-a52e-4f735466cecf":"0b30edcc-ca5d-4cd1-a9d4-891e42366dbd"},{"element-6066-11e4-a52e-4f735466cecf":"7d97b2e9-1c13-4699-8490-f0bb60d3b0ac"},{"element-6066-11e4-a52e-4f735466cecf":"300c0d48-f1ed-460d-8795-c432dce6dcdf"},{"element-6066-11e4-a52e-4f735466cecf":"7fb4bc1e-ca27-4aee-bfa7-2ab5fa867128"},{"element-6066-11e4-a52e-4f735466cecf":"fb08ba89-7f8b-4b80-8817-5a0135247d95"},{"element-6066-11e4-a52e-4f735466cecf":"97ae90e6-8517-4929-ba1d-8350d3fd803d"},{"element-6066-11e4-a52e-4f735466cecf":"a4812518-7608-48c3-a12c-cbb97b02b877"},{"element-6066-11e4-a52e-4f735466cecf":"9fb43abc-3713-4e16-a85b-e338cc062ea7"},{"element-6066-11e4-a52e-4f735466cecf":"9f14382c-39f2-4de2-9c89-a00e52b941ef"},{"element-6066-11e4-a52e-4f735466cecf":"ef277cec-f282-4490-bc53-a2629ff0c45e"},{"element-6066-11e4-a52e-4f735466cecf":"9cfb5932-2e31-43db-9954-43478ec9454c"},{"element-6066-11e4-a52e-4f735466cecf":"f0b37adb-0a9d-43f4-96eb-867e6b059c55"},{"element-6066-11e4-a52e-4f735466cecf":"faa78eb2-c504-441d-9e28-4a666379cb55"},{"element-6066-11e4-a52e-4f735466cecf":"41a98ea7-9cf8-4159-8668-8124b4e30357"},{"element-6066-11e4-a52e-4f735466cecf":"b46a38d4-ae29-45db-85c9-b3b304034926"},{"element-6066-11e4-a52e-4f735466cecf":"3d815bf5-8f06-4ec0-8131-d6a82a0b4359"},{"element-6066-11e4-a52e-4f735466cecf":"63eee569-0cb8-4f6a-b265-040fdb2207c0"},{"element-6066-11e4-a52e-4f735466cecf":"63eac6a0-2fad-413c-af8c-28a4a80603a7"},{"element-6066-11e4-a52e-4f735466cecf":"9a4f8a93-7852-4658-91fb-75cd89704cb6"},{"element-6066-11e4-a52e-4f735466cecf":"318074c8-e581-48a4-a52e-197a0ad168e0"},{"element-6066-11e4-a52e-4f735466cecf":"f6974d60-828e-4638-bdba-4fedd80bf821"},{"element-6066-11e4-a52e-4f735466cecf":"c4d1bf6a-d72d-4121-96f5-7f443e459b7c"},{"element-6066-11e4-a52e-4f735466cecf":"57204ca5-a776-4fdc-9876-79f18b2ba088"},{"element-6066-11e4-a52e-4f735466cecf":"4a3f6721-3bcc-4eb1-a2da-d6da6c379143"},{"element-6066-11e4-a52e-4f735466cecf":"e17db4f5-a6f7-44fe-b850-be750442f408"},{"element-6066-11e4-a52e-4f735466cecf":"2144af43-888b-4402-b0c5-c597628cb7d9"},{"element-6066-11e4-a52e-4f735466cecf":"5675fce3-79b4-45cc-a649-2eefd4f15df0"},{"element-6066-11e4-a52e-4f735466cecf":"d46f4dc0-aebc-4066-b28a-04a8757aae13"},{"element-6066-11e4-a52e-4f735466cecf":"da56b27e-f5a1-4fa9-a91d-83b19d902911"},{"element-6066-11e4-a52e-4f735466cecf":"5d11566e-e6c8-4df3-85e0-0d272d1e3d8c"},{"element-6066-11e4-a52e-4f735466cecf":"51aea242-bb52-4faa-97fe-2f960103e814"},{"element-6066-11e4-a52e-4f735466cecf":"df5fb2b8-a841-465e-ab1a-2113d9c80e35"},{"element-6066-11e4-a52e-4f735466cecf":"9da45747-ab60-43e1-8672-7ee9f52de7fe"},{"element-6066-11e4-a52e-4f735466cecf":"ebff40b2-5466-4b5d-8bdf-de3a544dc659"},{"element-6066-11e4-a52e-4f735466cecf":"e22f5c53-69e5-4616-ae98-ce08cd9d60a1"},{"element-6066-11e4-a52e-4f735466cecf":"f7092ca6-25dc-4a5d-99bd-d6c9e0a5c954"},{"element-6066-11e4-a52e-4f735466cecf":"73bd5d99-1713-49c6-b3ce-b6edaf00e87b"},{"element-6066-11e4-a52e-4f735466cecf":"460a28d7-973d-4556-acd6-a4a2fd18f10c"},{"element-6066-11e4-a52e-4f735466cecf":"7c6b9e96-e6f4-436f-8675-9b18f7748915"},{"element-6066-11e4-a52e-4f735466cecf":"41f31d86-7147-4bb8-9dd8-fc7f74db43c8"},{"element-6066-11e4-a52e-4f735466cecf":"d6df8753-b32e-470d-b57c-9bd30a17fa85"},{"element-6066-11e4-a52e-4f735466cecf":"9d3d38df-83ec-4093-8e03-51047d39ec6e"},{"element-6066-11e4-a52e-4f735466cecf":"1b35b4ed-1cb8-4b7a-9937-069d351fb2a6"},{"element-6066-11e4-a52e-4f735466cecf":"6e2cfeee-7871-4c01-9057-7d349a762822"},{"element-6066-11e4-a52e-4f735466cecf":"ac108637-29ce-4a45-9cf2-60adba2c7537"},{"element-6066-11e4-a52e-4f735466cecf":"124d7560-9a95-4b6d-a43f-ffb30849af99"},{"element-6066-11e4-a52e-4f735466cecf":"e0a230c1-4302-4b6e-abb2-922a98c599d6"},{"element-6066-11e4-a52e-4f735466cecf":"1d3b89b5-5384-4d30-8cbe-e7255912363c"},{"element-6066-11e4-a52e-4f735466cecf":"70a74bc9-1d46-475a-ac3d-bb263e1cf39b"},{"element-6066-11e4-a52e-4f735466cecf":"6f6e7f7b-b532-4542-b7f7-65bfad1ed6d9"},{"element-6066-11e4-a52e-4f735466cecf":"db753cc0-0f02-47b2-98db-ea3ebb11d3d7"},{"element-6066-11e4-a52e-4f735466cecf":"8f8224f0-9cb8-4525-abd1-a49f6c2aea53"},{"element-6066-11e4-a52e-4f735466cecf":"31ef4239-086c-4a16-bffb-df3cf7ed6f1c"},{"element-6066-11e4-a52e-4f735466cecf":"7929f830-0cc5-41b9-bed9-5d5e9aa95f4c"},{"element-6066-11e4-a52e-4f735466cecf":"424d9abc-a14f-44b4-bc3e-59605e777781"},{"element-6066-11e4-a52e-4f735466cecf":"4892aae9-9022-474e-ad2f-4d1c519155d0"},{"element-6066-11e4-a52e-4f735466cecf":"1fcefbc1-0f48-40e2-aa7c-a1e0e24dc157"},{"element-6066-11e4-a52e-4f735466cecf":"42071ce1-9343-4f13-8dd5-8038aa7deb13"},{"element-6066-11e4-a52e-4f735466cecf":"bbb8b345-f477-45b3-823f-afa0ede3216f"},{"element-6066-11e4-a52e-4f735466cecf":"3b6c7cca-d4d9-49a7-bc93-04834d2c8b5e"},{"element-6066-11e4-a52e-4f735466cecf":"263995cf-53ca-47da-b9d5-40bbb3ddea13"},{"element-6066-11e4-a52e-4f735466cecf":"c20525d5-32f0-4aa2-8fd5-1cc86c38f64e"},{"element-6066-11e4-a52e-4f735466cecf":"8fda283b-3375-4cc5-b26d-f9b7c5204fd8"},{"element-6066-11e4-a52e-4f735466cecf":"bc465f42-abdf-403d-b315-45a540e0ca87"},{"element-6066-11e4-a52e-4f735466cecf":"7db306ae-dd07-459d-9a5b-1e0c7925e432"},{"element-6066-11e4-a52e-4f735466cecf":"21a24a62-899f-4042-965a-ce848515c8fd"},{"element-6066-11e4-a52e-4f735466cecf":"3ac49b4c-856b-4c98-9b46-ffb6225aef1a"},{"element-6066-11e4-a52e-4f735466cecf":"39741cd0-07b2-473f-be78-701277dc32f2"},{"element-6066-11e4-a52e-4f735466cecf":"a023155a-1edd-4fb1-b39a-863fb1a5f641"},{"element-6066-11e4-a52e-4f735466cecf":"7b29db25-1eb1-4314-8622-7a2bcc4465a0"},{"element-6066-11e4-a52e-4f735466cecf":"e9b4b1c9-9501-452c-bf06-1d2d88b9b8b2"},{"element-6066-11e4-a52e-4f735466cecf":"8d55ad2e-41f6-4f2c-9f8e-67f64dad8625"},{"element-6066-11e4-a52e-4f735466cecf":"8e22423c-36e9-4843-b17c-840221cd03da"},{"element-6066-11e4-a52e-4f735466cecf":"ce409b7f-718e-4d59-9183-20a5a53478fa"},{"element-6066-11e4-a52e-4f735466cecf":"ef123730-bd97-486f-bb51-528c541340a5"},{"element-6066-11e4-a52e-4f735466cecf":"cbe68728-6404-43b8-ba44-ea009dfdd374"},{"element-6066-11e4-a52e-4f735466cecf":"20bcf1a6-a9e1-49d9-9f1c-c4e0979e5878"},{"element-6066-11e4-a52e-4f735466cecf":"62d203b6-77cc-47f8-a046-c410b726ba1e"},{"element-6066-11e4-a52e-4f735466cecf":"39da0731-31e1-410a-8eb8-3d156033463c"},{"element-6066-11e4-a52e-4f735466cecf":"518e6b0c-fa9b-4ccb-832b-d51b973ff75f"},{"element-6066-11e4-a52e-4f735466cecf":"e2f966d4-91b8-45f2-8889-7fd9e4a0ddd1"},{"element-6066-11e4-a52e-4f735466cecf":"fd935f8d-89dd-481c-a67e-724d0db399b0"},{"element-6066-11e4-a52e-4f735466cecf":"b299345a-3e08-43e9-a7af-d026b8d49df7"},{"element-6066-11e4-a52e-4f735466cecf":"99e71d94-9482-4a89-98e4-9a1908c9a0ba"},{"element-6066-11e4-a52e-4f735466cecf":"e5146280-ca15-4b86-8f94-1740d0122d4c"},{"element-6066-11e4-a52e-4f735466cecf":"e787d6b8-7b5d-4398-9102-489cb24252b3"},{"element-6066-11e4-a52e-4f735466cecf":"06e88ac1-1e4b-4151-bf58-5a08290a1a03"},{"element-6066-11e4-a52e-4f735466cecf":"1c8a9f5c-94b8-48fd-81d5-e469ec2f5ce6"},{"element-6066-11e4-a52e-4f735466cecf":"e88f7001-7e62-4382-8d29-4e89b625905f"},{"element-6066-11e4-a52e-4f735466cecf":"ad4ea62b-a747-4eef-a360-60e079827a31"},{"element-6066-11e4-a52e-4f735466cecf":"9c204026-f756-46e5-a9ff-36bb6843ab19"},{"element-6066-11e4-a52e-4f735466cecf":"44cf5c19-e159-48d5-8f15-a183b8708d57"},{"element-6066-11e4-a52e-4f735466cecf":"ee27ded2-d8f9-4f3f-b92a-abcc17def110"},{"element-6066-11e4-a52e-4f735466cecf":"e150221e-b6c8-4347-aeee-871eb8b6b953"},{"element-6066-11e4-a52e-4f735466cecf":"2eb565f4-d30f-40ec-9c59-f0137bd5e757"},{"element-6066-11e4-a52e-4f735466cecf":"39b1680b-c6bf-43e5-99cd-24dd29b5f010"},{"element-6066-11e4-a52e-4f735466cecf":"d638ecdd-8c3e-4206-b486-91d4ef3851f7"},{"element-6066-11e4-a52e-4f735466cecf":"24f00a7a-6c5d-43d4-9224-cc27a37a5325"},{"element-6066-11e4-a52e-4f735466cecf":"008f4854-b85a-48e5-84a3-b0b40a5fd992"},{"element-6066-11e4-a52e-4f735466cecf":"6df7884b-978d-46f1-9ae4-1adda5d0cd25"},{"element-6066-11e4-a52e-4f735466cecf":"b91c1a6c-0013-470c-8215-cfd8ed4388a8"},{"element-6066-11e4-a52e-4f735466cecf":"5fce972f-527b-40dd-8352-3b344807d109"},{"element-6066-11e4-a52e-4f735466cecf":"d380cf4d-ac66-413b-a248-539f81ef354e"},{"element-6066-11e4-a52e-4f735466cecf":"10525228-5661-43b4-bebd-080046a187e5"},{"element-6066-11e4-a52e-4f735466cecf":"fd46de32-8a0d-435a-9dde-1591862e64b1"},{"element-6066-11e4-a52e-4f735466cecf":"a4053731-50ef-4004-9a33-122c10622dfd"},{"element-6066-11e4-a52e-4f735466cecf":"aa35d2f4-2be5-4182-9b50-8d5700095c60"},{"element-6066-11e4-a52e-4f735466cecf":"8950a343-6829-447d-b726-f28091bf1beb"},{"element-6066-11e4-a52e-4f735466cecf":"7d414996-1b5d-4e7e-9b25-3ca90667b211"},{"element-6066-11e4-a52e-4f735466cecf":"f2220e23-75a3-4ae2-aa02-0f1eaf0eb1c4"},{"element-6066-11e4-a52e-4f735466cecf":"78c82b15-93d1-4f83-a661-34314a7e4cca"},{"element-6066-11e4-a52e-4f735466cecf":"e9d5d5dd-9fd7-4c61-b142-b81582f0d8c4"},{"element-6066-11e4-a52e-4f735466cecf":"7b219bdb-529f-4ff9-8470-878c1f889a2a"},{"element-6066-11e4-a52e-4f735466cecf":"23cfe8ae-b78f-4ca9-9880-c31ad866760b"},{"element-6066-11e4-a52e-4f735466cecf":"6dd251e6-ae81-4323-8b71-3b6d29806208"},{"element-6066-11e4-a52e-4f735466cecf":"bf81fb9c-8cc4-4de2-a398-16c94c78b1db"},{"element-6066-11e4-a52e-4f735466cecf":"011d0d2e-3c40-407c-b6d8-3861d5fef279"},{"element-6066-11e4-a52e-4f735466cecf":"d11c00e7-9740-4dbe-877b-36fe66b77fa0"},{"element-6066-11e4-a52e-4f735466cecf":"f0708839-847e-4be9-88c9-174d3a8a466e"},{"element-6066-11e4-a52e-4f735466cecf":"9e2207be-8b83-473f-94a3-423a117c0b7c"},{"element-6066-11e4-a52e-4f735466cecf":"e5b57688-2630-4275-8786-1c54f192d065"},{"element-6066-11e4-a52e-4f735466cecf":"a33e9d82-f6a5-42ce-83b9-7da1f67469df"},{"element-6066-11e4-a52e-4f735466cecf":"fb86ed6b-0fde-4a4f-ac90-0f78f8563fdc"},{"element-6066-11e4-a52e-4f735466cecf":"84c0520b-8ad7-4355-889d-b5ef2cc8398d"},{"element-6066-11e4-a52e-4f735466cecf":"c7a2acbc-284e-4907-93e1-5f1729c4ed42"},{"element-6066-11e4-a52e-4f735466cecf":"ab7450f0-7a09-41ef-9709-82b42361fba2"},{"element-6066-11e4-a52e-4f735466cecf":"d3852338-7798-4e7c-9a25-71a7ef955aa2"},{"element-6066-11e4-a52e-4f735466cecf":"123b5c40-01b4-42d8-9135-281090fbbb25"},{"element-6066-11e4-a52e-4f735466cecf":"622e55d8-0d00-438b-aff8-4737b504ca03"},{"element-6066-11e4-a52e-4f735466cecf":"d9319ad4-12a5-4caa-97ee-f6a4f1bc43ed"},{"element-6066-11e4-a52e-4f735466cecf":"d621f38e-19df-42ea-a20a-009086392f42"},{"element-6066-11e4-a52e-4f735466cecf":"2bdf91dd-471b-4dfc-bc12-b77c3f2af9ea"},{"element-6066-11e4-a52e-4f735466cecf":"d3e8bb68-904b-43d4-84c7-062348bc0210"},{"element-6066-11e4-a52e-4f735466cecf":"f796a501-6654-4464-a1a2-a9085eac4e4b"},{"element-6066-11e4-a52e-4f735466cecf":"02b18c23-b2c1-4bf4-a68f-ca7b852a9d77"},{"element-6066-11e4-a52e-4f735466cecf":"30b50d2e-3a3d-4c65-a42f-c99e94a338a3"},{"element-6066-11e4-a52e-4f735466cecf":"c665af88-442b-452c-8d62-712b577a056f"},{"element-6066-11e4-a52e-4f735466cecf":"b598a3a9-aa9d-4c74-b9cd-96cc8bb5ef26"},{"element-6066-11e4-a52e-4f735466cecf":"00236e85-96d6-4e60-ad48-98b7e7262b6a"},{"element-6066-11e4-a52e-4f735466cecf":"4026b8c1-6d41-4bfc-89a6-61cbe1404504"},{"element-6066-11e4-a52e-4f735466cecf":"ebedbdbf-3490-4ab6-aa70-fd3ea6caef01"},{"element-6066-11e4-a52e-4f735466cecf":"aa69f53c-7793-4788-bb39-eb5dcc63e323"},{"element-6066-11e4-a52e-4f735466cecf":"0615b4c2-e692-47bc-90f9-b0a764ef2545"},{"element-6066-11e4-a52e-4f735466cecf":"28d1b442-98ca-436f-839c-063f6cdb424f"},{"element-6066-11e4-a52e-4f735466cecf":"6ef7d054-0f80-40dc-ada5-4847559ea637"},{"element-6066-11e4-a52e-4f735466cecf":"2b48c352-d9b6-4151-a038-5c06e5ed5665"},{"element-6066-11e4-a52e-4f735466cecf":"d005afa2-34dc-464c-8c9b-4e5f9f6c9bf1"},{"element-6066-11e4-a52e-4f735466cecf":"31556207-64d9-4d3f-9478-b44b0cb4615d"},{"element-6066-11e4-a52e-4f735466cecf":"279f55b0-8379-4669-a35c-e21978559f1f"},{"element-6066-11e4-a52e-4f735466cecf":"f6fbb159-9880-4f52-9ba0-33d9da9e7187"},{"element-6066-11e4-a52e-4f735466cecf":"e24d6b65-c84b-4942-8db0-b0814f386c7d"},{"element-6066-11e4-a52e-4f735466cecf":"dc3f35c3-46f7-455d-87a2-3e4c821ee2f7"},{"element-6066-11e4-a52e-4f735466cecf":"94370dbb-a6cf-46f5-9cf6-eb71bfd64ed8"},{"element-6066-11e4-a52e-4f735466cecf":"ede84666-e19d-48ed-b182-20600b41a94f"},{"element-6066-11e4-a52e-4f735466cecf":"cd10c835-5358-451b-bd67-ac5400b1af44"},{"element-6066-11e4-a52e-4f735466cecf":"ca2d871f-a484-4a9f-8732-0effd81aa5a0"},{"element-6066-11e4-a52e-4f735466cecf":"b7aab8e0-691b-43e8-8d63-7e69956465e6"},{"element-6066-11e4-a52e-4f735466cecf":"d00c75ac-9630-468c-b981-cde640ecf8c5"},{"element-6066-11e4-a52e-4f735466cecf":"df91b4e2-29e6-473e-b705-342798dd91fb"},{"element-6066-11e4-a52e-4f735466cecf":"1d806779-b4ac-4279-9cb5-3751eb3e58d5"},{"element-6066-11e4-a52e-4f735466cecf":"2695f3ed-8c90-47e9-81da-3940f1b7ea2b"},{"element-6066-11e4-a52e-4f735466cecf":"0b2aa13d-0e06-43fd-8974-bbd42b4e00ab"},{"element-6066-11e4-a52e-4f735466cecf":"f90d1b5b-94a3-4fea-a851-c71f23d69912"},{"element-6066-11e4-a52e-4f735466cecf":"e278a303-a918-464d-86cc-d37c9772ab9a"},{"element-6066-11e4-a52e-4f735466cecf":"df60cf40-a7f6-476d-b404-aa77dc648047"},{"element-6066-11e4-a52e-4f735466cecf":"a1246f23-9b2c-4f42-9fef-63f0176fc9e5"},{"element-6066-11e4-a52e-4f735466cecf":"e4f55e54-83c6-41df-afbb-908cbe648613"},{"element-6066-11e4-a52e-4f735466cecf":"a2fbcbee-bb3e-4776-8d4a-dc018509cae0"},{"element-6066-11e4-a52e-4f735466cecf":"8d6e7ba0-3a7d-454a-9a44-f5586ebcce37"},{"element-6066-11e4-a52e-4f735466cecf":"a18fc2ed-c2b3-4772-aca1-4e09f744571b"},{"element-6066-11e4-a52e-4f735466cecf":"a28c99a5-8f5a-4160-9dc1-6ae72e8424f7"},{"element-6066-11e4-a52e-4f735466cecf":"805cdc1f-f5e4-4ed6-aa97-828ad79fcaf6"},{"element-6066-11e4-a52e-4f735466cecf":"2fbe0ea7-0268-4a44-9c7b-f0391bae8e5b"},{"element-6066-11e4-a52e-4f735466cecf":"83f29018-ddbe-49d8-bdd8-89c05bbf2882"},{"element-6066-11e4-a52e-4f735466cecf":"2fc9eaec-2c32-454d-9dfd-ba5aa4c8ac53"},{"element-6066-11e4-a52e-4f735466cecf":"f7ba68a1-ad4c-4894-9e15-c67903f79ac5"},{"element-6066-11e4-a52e-4f735466cecf":"6f53d8a1-c997-46a6-9b4b-fe13954fb384"},{"element-6066-11e4-a52e-4f735466cecf":"928ab6b9-dc06-46a4-8d7c-7cd12bb8c1aa"},{"element-6066-11e4-a52e-4f735466cecf":"071c5892-b8d6-45c3-8690-05dcb2df2481"},{"element-6066-11e4-a52e-4f735466cecf":"05eb31b1-fa61-4c3a-a3e3-97ca56bc80aa"},{"element-6066-11e4-a52e-4f735466cecf":"904949a3-90ba-480c-8a18-848939cee069"},{"element-6066-11e4-a52e-4f735466cecf":"7e331c54-8964-4cba-9f50-7f8392dde071"},{"element-6066-11e4-a52e-4f735466cecf":"f8f86450-a1f0-4618-87f6-dd143daaf47f"},{"element-6066-11e4-a52e-4f735466cecf":"b0aad3c1-aeaa-4d2b-a7f4-f9ee39c78f87"},{"element-6066-11e4-a52e-4f735466cecf":"09e04020-e19e-4073-b35b-a5d6626d91a8"},{"element-6066-11e4-a52e-4f735466cecf":"69bb29dd-c4b7-4ea7-875b-8b6d23a797cf"},{"element-6066-11e4-a52e-4f735466cecf":"3ffb7acf-7dd7-473e-a908-0819cbeb2895"},{"element-6066-11e4-a52e-4f735466cecf":"03cd5902-c829-4776-abdc-2b5b362d2022"},{"element-6066-11e4-a52e-4f735466cecf":"5a649eaf-fc2b-4229-a1b7-5b1cc053ba9c"},{"element-6066-11e4-a52e-4f735466cecf":"859ceb40-361c-45a2-bf8c-9ff21b7a7b48"},{"element-6066-11e4-a52e-4f735466cecf":"32d21e8c-2306-4e48-8393-2468bf1cb2f0"},{"element-6066-11e4-a52e-4f735466cecf":"40fbc38b-7885-461e-a561-cd8787a906e2"},{"element-6066-11e4-a52e-4f735466cecf":"c55651e2-1aaf-41cc-80f2-71896995b982"},{"element-6066-11e4-a52e-4f735466cecf":"a3078f64-4fd7-402d-8f9c-4b117f6f5690"},{"element-6066-11e4-a52e-4f735466cecf":"f13072f0-5818-4340-a1b3-11f4731e184d"},{"element-6066-11e4-a52e-4f735466cecf":"fa71e28c-94f1-4fe5-93bd-931f997fed16"},{"element-6066-11e4-a52e-4f735466cecf":"36dc30a3-e97b-4495-a4cd-00dc0113750c"},{"element-6066-11e4-a52e-4f735466cecf":"02525867-4bd5-4e16-881a-fd285b14a485"},{"element-6066-11e4-a52e-4f735466cecf":"221c11d9-c6ca-453d-a7ef-334f649e4245"},{"element-6066-11e4-a52e-4f735466cecf":"e1ff41c6-4dfe-41cb-9820-29746c74f01b"},{"element-6066-11e4-a52e-4f735466cecf":"700ec5ba-10ee-4e0c-b8c8-270c99b9f582"},{"element-6066-11e4-a52e-4f735466cecf":"da2d3ad1-22df-465b-b245-fcf4c084708e"},{"element-6066-11e4-a52e-4f735466cecf":"e0d40f6b-0d74-454d-9dd8-f7ef03780d6b"},{"element-6066-11e4-a52e-4f735466cecf":"1c5558f3-b241-4f74-9235-41264c3e13aa"},{"element-6066-11e4-a52e-4f735466cecf":"259afe05-140d-4f07-beba-c06a83b81a79"},{"element-6066-11e4-a52e-4f735466cecf":"4cf3c9f2-ae74-4e55-9347-2dcb90442c7e"},{"element-6066-11e4-a52e-4f735466cecf":"9dbee4a4-3c56-4bc3-a54d-ba8b1e77de53"},{"element-6066-11e4-a52e-4f735466cecf":"bb0659f0-441b-458b-b2c9-9dbb2f59bb56"},{"element-6066-11e4-a52e-4f735466cecf":"b2e1d9e4-f72d-40bc-9aaf-cb4b4f9746f0"},{"element-6066-11e4-a52e-4f735466cecf":"755d9a35-80cc-4fa0-967b-db2cdb0c08c8"},{"element-6066-11e4-a52e-4f735466cecf":"082fdd4d-4c9f-4953-bcc6-f95442539a21"},{"element-6066-11e4-a52e-4f735466cecf":"b0de9fe8-19ee-461e-ac25-e66436f90fc3"},{"element-6066-11e4-a52e-4f735466cecf":"900ca564-5c21-4205-961b-3c4d7a58a358"},{"element-6066-11e4-a52e-4f735466cecf":"3dd9ecdb-9925-4160-b7d3-5f242935ac13"},{"element-6066-11e4-a52e-4f735466cecf":"5f4c75c1-b92b-4976-ae27-db010fb479d2"},{"element-6066-11e4-a52e-4f735466cecf":"6bf78089-d970-407d-8af4-c4a06775e3e1"},{"element-6066-11e4-a52e-4f735466cecf":"1044e446-4693-4a84-8d9f-1838f78e58de"},{"element-6066-11e4-a52e-4f735466cecf":"d3894313-5af7-4005-b4f4-d36a99dafeaf"},{"element-6066-11e4-a52e-4f735466cecf":"441c7fa4-d6f8-42c8-8b69-ecd5284f5f29"},{"element-6066-11e4-a52e-4f735466cecf":"5fb98b97-995a-4819-b05a-483a0b7a6359"},{"element-6066-11e4-a52e-4f735466cecf":"3899615c-65d5-4ab0-8666-16692e0067bf"},{"element-6066-11e4-a52e-4f735466cecf":"60159757-20a5-4878-989d-59354025bd24"},{"element-6066-11e4-a52e-4f735466cecf":"05214da8-c6d0-4905-a9b2-61a5f8e73644"},{"element-6066-11e4-a52e-4f735466cecf":"f810ed18-a7f9-46ca-8c4c-40ef176a60b7"},{"element-6066-11e4-a52e-4f735466cecf":"0066626c-5c77-44e0-82fb-7a6339c75dcc"},{"element-6066-11e4-a52e-4f735466cecf":"8ae4a257-7f32-4b57-8da0-f592a579f321"},{"element-6066-11e4-a52e-4f735466cecf":"2c57c9e4-7442-4400-b6b5-594f7c4c3e20"},{"element-6066-11e4-a52e-4f735466cecf":"7229491f-dac9-4785-b0bc-2edc9f69bf1d"},{"element-6066-11e4-a52e-4f735466cecf":"dcb1026c-6eda-441f-af2f-6dfce173e07b"},{"element-6066-11e4-a52e-4f735466cecf":"1d8ab1b6-4581-4a97-abff-49fbac40bace"},{"element-6066-11e4-a52e-4f735466cecf":"0fd9bde5-27ca-47fe-8e53-0af1a2ac2db0"},{"element-6066-11e4-a52e-4f735466cecf":"531ced2c-6d86-44d5-b04b-95264ac83ad3"},{"element-6066-11e4-a52e-4f735466cecf":"68a710b6-f256-47a6-a824-0409203a5544"},{"element-6066-11e4-a52e-4f735466cecf":"f3e1105a-39e4-455b-8455-1c6f6e5a447d"},{"element-6066-11e4-a52e-4f735466cecf":"5708c1bb-dbf1-4fad-bba1-0ef628b22042"},{"element-6066-11e4-a52e-4f735466cecf":"a55307f0-4274-48f6-ab3b-cc469b9f8982"},{"element-6066-11e4-a52e-4f735466cecf":"764678d9-640d-441f-88ea-06fed06ac196"},{"element-6066-11e4-a52e-4f735466cecf":"7fd665d2-c992-4ce0-81d7-a883a431799e"},{"element-6066-11e4-a52e-4f735466cecf":"0b57a310-229b-4173-b84b-2e83401862e9"},{"element-6066-11e4-a52e-4f735466cecf":"6529fe26-e74a-4eba-9db0-967c34e4db67"},{"element-6066-11e4-a52e-4f735466cecf":"301de487-3a25-478e-94aa-52d02ea83804"},{"element-6066-11e4-a52e-4f735466cecf":"2b0a08b7-9744-49a7-b8fb-57c950c5723c"},{"element-6066-11e4-a52e-4f735466cecf":"8cef19f1-0884-4846-b79c-d58c768ad014"},{"element-6066-11e4-a52e-4f735466cecf":"df0d78a8-4bac-43b0-afbb-7f399cef532e"},{"element-6066-11e4-a52e-4f735466cecf":"a46799ce-ea08-45fb-b2ea-13165e5fe07f"},{"element-6066-11e4-a52e-4f735466cecf":"28918a1f-6174-4925-8e8e-50f85ba6a4ac"},{"element-6066-11e4-a52e-4f735466cecf":"03c6893e-922b-471c-802a-5a827fa1a9d3"},{"element-6066-11e4-a52e-4f735466cecf":"319feea5-647d-425f-9a9b-aa24f5bbd8c9"},{"element-6066-11e4-a52e-4f735466cecf":"893fe6d2-9de8-4cca-b279-a810cedbb691"},{"element-6066-11e4-a52e-4f735466cecf":"677a4f90-aff2-42b2-9c4b-05e33b9eb7ce"},{"element-6066-11e4-a52e-4f735466cecf":"4a2fd54a-5231-446f-9e3a-b76e6a9040e8"},{"element-6066-11e4-a52e-4f735466cecf":"79ac62cf-7e57-4c95-bf04-8ab54758daaa"},{"element-6066-11e4-a52e-4f735466cecf":"8069657a-303e-49ae-afed-33419827fcca"},{"element-6066-11e4-a52e-4f735466cecf":"1ae0fc8a-c3f0-416e-b9d0-ac20441e207d"},{"element-6066-11e4-a52e-4f735466cecf":"9b84718b-5622-4805-91e7-bcb7abf96f9a"},{"element-6066-11e4-a52e-4f735466cecf":"c2092b34-41cd-43e8-a620-592c7b4619af"},{"element-6066-11e4-a52e-4f735466cecf":"6c629b95-73db-4c04-8938-2acb78b619d5"},{"element-6066-11e4-a52e-4f735466cecf":"11cbd293-1e0a-46ff-b3a2-5c6cd3973d71"},{"element-6066-11e4-a52e-4f735466cecf":"27a32005-6301-4fbe-bec3-905c95e79872"},{"element-6066-11e4-a52e-4f735466cecf":"c27f7ed2-3399-4d5c-b276-28711489db98"},{"element-6066-11e4-a52e-4f735466cecf":"cad28407-f518-4cc0-bd2a-793f88a260d8"},{"element-6066-11e4-a52e-4f735466cecf":"7b1f129e-97fe-4f96-b511-85f372d9f08c"},{"element-6066-11e4-a52e-4f735466cecf":"81a3544a-b0aa-4550-83c9-a4f14c327ce7"},{"element-6066-11e4-a52e-4f735466cecf":"6a9f3c94-38d9-43ac-9e8d-f2e8d535a596"},{"element-6066-11e4-a52e-4f735466cecf":"ca534581-9178-4af4-85c0-4e5ae3086950"},{"element-6066-11e4-a52e-4f735466cecf":"17e9a0cf-25fc-48f5-be47-a7c27d04deeb"},{"element-6066-11e4-a52e-4f735466cecf":"4fde4a24-cc65-4127-ab69-cbd592bcb63e"},{"element-6066-11e4-a52e-4f735466cecf":"a59e7b24-32c1-4eec-ac00-219eea08d5c0"},{"element-6066-11e4-a52e-4f735466cecf":"4e22b9ff-3811-4401-bbea-a52c82592d70"},{"element-6066-11e4-a52e-4f735466cecf":"f44f0f2c-e26a-4f46-8882-76aee254144f"},{"element-6066-11e4-a52e-4f735466cecf":"cb0a4eb3-003f-4e83-90a5-32a0986aa596"},{"element-6066-11e4-a52e-4f735466cecf":"dba92562-bc78-4fe7-8cd8-9dee0d14d2d6"},{"element-6066-11e4-a52e-4f735466cecf":"bfefd7e2-36bf-4705-a5cd-e71ea7d447c4"},{"element-6066-11e4-a52e-4f735466cecf":"91e44b25-e748-418d-b64f-64da9772dfde"},{"element-6066-11e4-a52e-4f735466cecf":"f630080c-da11-45b3-82f8-3cdb05fd804f"},{"element-6066-11e4-a52e-4f735466cecf":"b9773ef8-e5d3-4ae9-9e46-f8bcafffa226"},{"element-6066-11e4-a52e-4f735466cecf":"0a0d2c57-0a83-42b8-9de7-773f7500e354"},{"element-6066-11e4-a52e-4f735466cecf":"37f389b9-68bc-436d-9e02-f32372ff8df7"},{"element-6066-11e4-a52e-4f735466cecf":"296c57c3-1017-419e-a426-a09a0a3d655b"},{"element-6066-11e4-a52e-4f735466cecf":"70c0764f-4913-47bc-aa63-f53d26dc608b"},{"element-6066-11e4-a52e-4f735466cecf":"2ce152cb-7c17-44e3-865e-9b1359d0cdf7"},{"element-6066-11e4-a52e-4f735466cecf":"8ffa54ae-4100-45bd-9873-7067be139e44"},{"element-6066-11e4-a52e-4f735466cecf":"021f16f1-cd77-4b38-b4dd-20cbb0bf231a"},{"element-6066-11e4-a52e-4f735466cecf":"5acacb9f-bc9c-4adf-be99-43e6fbc7d6c8"},{"element-6066-11e4-a52e-4f735466cecf":"2a4f3f7f-9109-4eba-8663-90095580d4e2"},{"element-6066-11e4-a52e-4f735466cecf":"8ebf86b2-2491-428c-9a55-8c3b0fc553cd"},{"element-6066-11e4-a52e-4f735466cecf":"dcc542c9-4a82-4d23-851e-a12c9ee906b3"},{"element-6066-11e4-a52e-4f735466cecf":"e44e1954-ce62-4624-9a23-3c58e17dc0c1"},{"element-6066-11e4-a52e-4f735466cecf":"938910e5-9751-43d6-9dff-c07f1e5091f4"},{"element-6066-11e4-a52e-4f735466cecf":"0e8fc160-40ca-4d55-a0ef-a3aef49c68fd"},{"element-6066-11e4-a52e-4f735466cecf":"5c2ada22-99d9-4b8d-999e-75d1d09467f5"},{"element-6066-11e4-a52e-4f735466cecf":"b281e9ee-dd89-413b-9b71-bbbb43b5c07d"},{"element-6066-11e4-a52e-4f735466cecf":"6922d0bf-8d6e-4c72-ada4-3779afe82acc"},{"element-6066-11e4-a52e-4f735466cecf":"f5d0c765-bbb7-4ba8-a54e-4d1a1886b89b"},{"element-6066-11e4-a52e-4f735466cecf":"e5acb4c7-d43a-46b7-ad6a-478eb247bd52"},{"element-6066-11e4-a52e-4f735466cecf":"d169cf42-7f0b-41d1-ac46-8f17c9c9f236"},{"element-6066-11e4-a52e-4f735466cecf":"90fa2f79-c34b-4e89-9ca3-bf25c75cfbd3"},{"element-6066-11e4-a52e-4f735466cecf":"8ff4b8d3-4493-4d66-b353-a6da2d259f4b"},{"element-6066-11e4-a52e-4f735466cecf":"de743e4f-d55b-47cc-94b9-738146688c9f"},{"element-6066-11e4-a52e-4f735466cecf":"9e467057-fde0-4450-bc93-b47b3f406dcb"},{"element-6066-11e4-a52e-4f735466cecf":"165dd44c-f9bd-4d13-90d2-24e3f13f0e32"},{"element-6066-11e4-a52e-4f735466cecf":"0a33004b-b97a-4f6c-9109-4966d96f597e"},{"element-6066-11e4-a52e-4f735466cecf":"50a6d888-1c87-4332-a8ab-357857a8e6a1"},{"element-6066-11e4-a52e-4f735466cecf":"34ee3904-1766-473a-a8b8-8f4872885772"},{"element-6066-11e4-a52e-4f735466cecf":"2b7a1d4b-d776-474f-a509-d7ad196c3cf1"},{"element-6066-11e4-a52e-4f735466cecf":"518617de-e509-498c-8fb4-734bfa3261d4"},{"element-6066-11e4-a52e-4f735466cecf":"43478381-ef95-4a92-abfc-7eeef1436a26"},{"element-6066-11e4-a52e-4f735466cecf":"39366125-36b4-44dd-bd46-ac823b5bb8ea"},{"element-6066-11e4-a52e-4f735466cecf":"b96ba75a-2102-4a23-85a7-3b5521f1f2d8"},{"element-6066-11e4-a52e-4f735466cecf":"30fda8e6-2ff2-48db-9b7c-d362dea2a7dc"},{"element-6066-11e4-a52e-4f735466cecf":"c89b1aae-73a7-4db0-967f-71f786e05ff1"},{"element-6066-11e4-a52e-4f735466cecf":"9ab83bee-654f-498b-a976-4ed4ac13eb13"},{"element-6066-11e4-a52e-4f735466cecf":"be4affc1-6954-4f99-a0c7-1829af0c680f"},{"element-6066-11e4-a52e-4f735466cecf":"371f89bb-69c7-4e0e-a946-8263c77a4564"},{"element-6066-11e4-a52e-4f735466cecf":"7a9611ce-447f-4d6f-ad0e-de4d663b5313"},{"element-6066-11e4-a52e-4f735466cecf":"2eec50de-88f8-402e-8f63-7725514284ef"},{"element-6066-11e4-a52e-4f735466cecf":"1244a500-1481-4cae-9b50-617d2b28fc19"},{"element-6066-11e4-a52e-4f735466cecf":"b9f25ac5-1ed0-4065-a7f1-95b1a357d70d"},{"element-6066-11e4-a52e-4f735466cecf":"359f4c41-6786-4145-afa5-5dbf0a01bd61"},{"element-6066-11e4-a52e-4f735466cecf":"247ef4a7-6e74-4f5c-9303-636920060181"},{"element-6066-11e4-a52e-4f735466cecf":"737482c5-4157-48fa-8c8e-0a22055cbf9b"},{"element-6066-11e4-a52e-4f735466cecf":"74f51084-329f-4502-9819-a03f49fa4cac"},{"element-6066-11e4-a52e-4f735466cecf":"2a05cb1e-b472-47d4-8f17-4dc34b751cdf"},{"element-6066-11e4-a52e-4f735466cecf":"d3165d71-9190-47b1-983a-778b684edaac"},{"element-6066-11e4-a52e-4f735466cecf":"9b0ddfee-1887-4591-8cc6-29e9d9819dfd"},{"element-6066-11e4-a52e-4f735466cecf":"7b4ad262-7ba5-41ec-8b30-93821a7f04a8"},{"element-6066-11e4-a52e-4f735466cecf":"2eeb81b8-f20e-44cf-b30d-75b7a856387f"},{"element-6066-11e4-a52e-4f735466cecf":"d44d04b5-1398-4ca0-a1d6-7250ac75ce41"},{"element-6066-11e4-a52e-4f735466cecf":"5ad6f563-470d-4b17-ac7a-786b9574cae7"},{"element-6066-11e4-a52e-4f735466cecf":"83becdb8-56fa-4997-9d96-f81d0a01dcb4"},{"element-6066-11e4-a52e-4f735466cecf":"b0d51f95-48f5-448f-8e14-e295ba5897fe"},{"element-6066-11e4-a52e-4f735466cecf":"71b05926-0162-4da1-b209-011b6a6ec1e4"},{"element-6066-11e4-a52e-4f735466cecf":"e5eec5a4-141a-4c8b-85cf-e769c7cd91d5"},{"element-6066-11e4-a52e-4f735466cecf":"0bf5a0b3-46ee-4e05-9b52-a5e4873773d8"},{"element-6066-11e4-a52e-4f735466cecf":"e4c05940-f8a7-4c0c-a80b-3a9c3bb64ecb"},{"element-6066-11e4-a52e-4f735466cecf":"cd6b90bb-82b0-46d3-b149-ea02e84fa81d"},{"element-6066-11e4-a52e-4f735466cecf":"6fe759aa-43c0-4ead-abc3-de50b41243ff"},{"element-6066-11e4-a52e-4f735466cecf":"b7af235f-0610-43c9-8528-f4cc621bdc6a"},{"element-6066-11e4-a52e-4f735466cecf":"23875968-b0fd-4a34-a3c6-d98c31a36e05"},{"element-6066-11e4-a52e-4f735466cecf":"e42be593-5278-49e1-93a4-c24894b8ac8b"},{"element-6066-11e4-a52e-4f735466cecf":"ac092592-37ad-41f8-aed2-07eed7fd79a2"},{"element-6066-11e4-a52e-4f735466cecf":"d6793f3d-407f-4298-bbd7-fc8f4a69a7aa"},{"element-6066-11e4-a52e-4f735466cecf":"2906737d-7f17-4bed-8e64-cd2df59199fd"},{"element-6066-11e4-a52e-4f735466cecf":"7ef60eda-0f30-4b98-93ea-b382a69ad6c3"},{"element-6066-11e4-a52e-4f735466cecf":"aec38e1d-c244-46cb-986a-24a94e8be812"},{"element-6066-11e4-a52e-4f735466cecf":"52c952c8-1106-4713-85de-6932fd985a9c"},{"element-6066-11e4-a52e-4f735466cecf":"76f38585-9bb0-4838-9ee6-2e3fccd56428"},{"element-6066-11e4-a52e-4f735466cecf":"c2d5c20a-671c-4174-bd03-513991d94528"},{"element-6066-11e4-a52e-4f735466cecf":"543a9f31-d0c8-4b0d-8c88-d6a6d571dd8b"},{"element-6066-11e4-a52e-4f735466cecf":"8ebb0d2a-7ec7-433c-9371-dc82a85e3424"},{"element-6066-11e4-a52e-4f735466cecf":"7faf42e0-34d2-41b6-9bfe-d25ddced65bb"},{"element-6066-11e4-a52e-4f735466cecf":"48ad1e73-808d-4b24-9e2b-d7b5156d39f8"},{"element-6066-11e4-a52e-4f735466cecf":"118648d3-3ddb-4e70-ad00-553429a29e96"},{"element-6066-11e4-a52e-4f735466cecf":"6496e84d-1bdc-4765-b14e-3244759b2ed6"},{"element-6066-11e4-a52e-4f735466cecf":"16166fc6-4333-4f7c-a764-e4c7b9e1f456"},{"element-6066-11e4-a52e-4f735466cecf":"89901e91-ae68-49db-8034-5c88080bd9ea"},{"element-6066-11e4-a52e-4f735466cecf":"7b8959c1-3b0a-418b-aa85-539d1682f1ae"},{"element-6066-11e4-a52e-4f735466cecf":"36a1f06f-b55e-4f70-bb27-10da17fac653"},{"element-6066-11e4-a52e-4f735466cecf":"cec1e780-4a07-44cd-b5ee-82e6c9a24378"},{"element-6066-11e4-a52e-4f735466cecf":"7aea66fd-658a-4ca9-8a3f-75487addf411"},{"element-6066-11e4-a52e-4f735466cecf":"7ca971df-b26d-41cf-a2f4-309313f516c3"},{"element-6066-11e4-a52e-4f735466cecf":"24f689de-59c4-4cc0-aa62-1ea6ba09586a"},{"element-6066-11e4-a52e-4f735466cecf":"8433ab13-4aa1-4572-9698-eb1e5f06dede"},{"element-6066-11e4-a52e-4f735466cecf":"257e14c9-0426-4c4e-b42d-63113543e54e"},{"element-6066-11e4-a52e-4f735466cecf":"b54bb6df-bc79-4f52-9f91-7c70881dc032"},{"element-6066-11e4-a52e-4f735466cecf":"41ac3940-8a5b-4a22-b155-435d976e7e82"},{"element-6066-11e4-a52e-4f735466cecf":"e187601e-c37e-403f-9e07-d3eeacd940bf"},{"element-6066-11e4-a52e-4f735466cecf":"532d3c1c-e013-42b9-98da-9883995c3a28"},{"element-6066-11e4-a52e-4f735466cecf":"28ee4abd-d656-4482-88ca-38265449b1a5"},{"element-6066-11e4-a52e-4f735466cecf":"d6ff7019-7d20-435a-bda0-38e4504b2417"},{"element-6066-11e4-a52e-4f735466cecf":"08cdfe71-7374-441b-a4c0-3603adaab73f"},{"element-6066-11e4-a52e-4f735466cecf":"71b639b9-53fb-4a8f-bf87-774dabbcddee"},{"element-6066-11e4-a52e-4f735466cecf":"488f9fae-b4e9-4c9a-a112-26f5ea835ea0"},{"element-6066-11e4-a52e-4f735466cecf":"1345b2e0-5e7a-4094-b0d8-79f5ce28917b"},{"element-6066-11e4-a52e-4f735466cecf":"f12d087f-6a14-4845-a2df-19b1f142cbd2"},{"element-6066-11e4-a52e-4f735466cecf":"91b21e66-0bbc-4075-9b1c-652f7f416380"},{"element-6066-11e4-a52e-4f735466cecf":"1bf638da-89fa-4643-a78b-a7e177ee69ce"},{"element-6066-11e4-a52e-4f735466cecf":"891aa251-7196-43f8-a6dd-54b1bf13670d"},{"element-6066-11e4-a52e-4f735466cecf":"721b7eb9-fda4-457d-a83d-dfd2b557882a"},{"element-6066-11e4-a52e-4f735466cecf":"7e2db876-4132-4d71-b1af-c20b1ecadd48"},{"element-6066-11e4-a52e-4f735466cecf":"5537a606-9c66-411c-9c12-0d27543b2bdf"},{"element-6066-11e4-a52e-4f735466cecf":"37ebd28e-dd32-424e-9258-44f02f791c12"},{"element-6066-11e4-a52e-4f735466cecf":"9ffc6102-34fc-4602-8612-6e6f7b78870b"},{"element-6066-11e4-a52e-4f735466cecf":"2b13330d-3af8-4632-925d-6a3dff387e8a"},{"element-6066-11e4-a52e-4f735466cecf":"e2caccd3-ac2e-4a92-a965-f61ad69b67f3"},{"element-6066-11e4-a52e-4f735466cecf":"afd7a8c0-26ee-4bf0-bbf6-856251aa7c34"},{"element-6066-11e4-a52e-4f735466cecf":"c65cf9fa-860a-4e4d-b523-6c017e0430bb"},{"element-6066-11e4-a52e-4f735466cecf":"ac5f2b28-4c39-4d41-91aa-b1eaa91de90f"},{"element-6066-11e4-a52e-4f735466cecf":"e7be8cd6-b1e3-445e-ad17-61333e9f8331"},{"element-6066-11e4-a52e-4f735466cecf":"d9e82462-1fbc-4326-8201-5b81f53f2d0b"},{"element-6066-11e4-a52e-4f735466cecf":"96051ba3-3a85-466e-b577-202b6153f0b6"},{"element-6066-11e4-a52e-4f735466cecf":"9682c488-ab86-484d-b7b2-04de51e51716"},{"element-6066-11e4-a52e-4f735466cecf":"ee2ae80f-6759-41bf-8f81-209ce1c33cea"},{"element-6066-11e4-a52e-4f735466cecf":"3dc174fd-bc37-4328-bf2b-d4398b4038e5"},{"element-6066-11e4-a52e-4f735466cecf":"269607a3-c6c1-4e49-b281-ca33a2757ef0"},{"element-6066-11e4-a52e-4f735466cecf":"5edaba55-0768-4e18-9617-515fd1180b3a"},{"element-6066-11e4-a52e-4f735466cecf":"9fee708c-cc32-42dc-b9ec-0420d48ad916"},{"element-6066-11e4-a52e-4f735466cecf":"660a1199-0e05-468a-9e76-ea6ab48b23e0"},{"element-6066-11e4-a52e-4f735466cecf":"55cfa7d5-221f-46f6-8c3a-49a67a106820"},{"element-6066-11e4-a52e-4f735466cecf":"8e5272fe-ee1a-484a-b63e-924ffae9a447"},{"element-6066-11e4-a52e-4f735466cecf":"44dd7c83-ec54-4767-8c78-ce27ad2ac2e0"},{"element-6066-11e4-a52e-4f735466cecf":"83579d3f-cb2d-43f6-b282-9134761cb518"},{"element-6066-11e4-a52e-4f735466cecf":"5634f40d-bc22-498c-bd45-11aa4631af4d"},{"element-6066-11e4-a52e-4f735466cecf":"9ff77977-c805-4c89-b409-bab473031262"},{"element-6066-11e4-a52e-4f735466cecf":"d8394a58-b85f-423a-b670-987a2d35cfe0"},{"element-6066-11e4-a52e-4f735466cecf":"f1a81f44-7c45-4a53-9e1e-d381f196ab16"},{"element-6066-11e4-a52e-4f735466cecf":"1b925715-bcac-4d2a-9797-f9cd548ef83b"},{"element-6066-11e4-a52e-4f735466cecf":"c2694aa6-d898-43bb-bc1a-a7b571b84126"},{"element-6066-11e4-a52e-4f735466cecf":"df05e9d5-641a-4cba-af96-efc535647ae2"},{"element-6066-11e4-a52e-4f735466cecf":"ccf464b0-7a19-4ed2-87a9-9efa09d2d6ba"},{"element-6066-11e4-a52e-4f735466cecf":"3e84faaf-996a-4ff7-95ba-cefdaddf2234"},{"element-6066-11e4-a52e-4f735466cecf":"9a364bea-9564-433c-8fcf-cfcbd594d906"},{"element-6066-11e4-a52e-4f735466cecf":"14578435-fdbc-4451-8496-d3889cd19cb8"},{"element-6066-11e4-a52e-4f735466cecf":"3d92b91a-9cd5-4b1c-8f6f-f1c04ef83743"},{"element-6066-11e4-a52e-4f735466cecf":"848fe5f1-b61e-4212-9b07-482b9d21093e"},{"element-6066-11e4-a52e-4f735466cecf":"bb35636c-14de-4f90-97ad-678ee6189ce1"},{"element-6066-11e4-a52e-4f735466cecf":"2602a991-2823-41be-8ce4-493cde806242"},{"element-6066-11e4-a52e-4f735466cecf":"0d9fee41-0ced-47ca-9f6f-3fd28778b5a4"},{"element-6066-11e4-a52e-4f735466cecf":"cab853f2-78c1-404c-a8d8-b4f28b1e8533"},{"element-6066-11e4-a52e-4f735466cecf":"665c2cfb-46d5-4d70-8522-4e79c3d132a9"},{"element-6066-11e4-a52e-4f735466cecf":"b6aee625-c500-4e8a-8587-0f932543e8cd"},{"element-6066-11e4-a52e-4f735466cecf":"5334eeee-4553-4208-97f6-4c2046dc8975"},{"element-6066-11e4-a52e-4f735466cecf":"d919b92a-dd11-4dd4-8361-f9573540d69d"},{"element-6066-11e4-a52e-4f735466cecf":"239281fb-69c0-4e97-8698-9196230d9c3d"},{"element-6066-11e4-a52e-4f735466cecf":"0875e3a6-6db6-4823-b499-f9d458745cb2"},{"element-6066-11e4-a52e-4f735466cecf":"bd996fd7-db2f-4f44-9b60-8160782b3366"},{"element-6066-11e4-a52e-4f735466cecf":"15b4a5c4-642b-45c4-bf7e-f704d743cbd9"},{"element-6066-11e4-a52e-4f735466cecf":"46aad5bc-602e-431d-a2cc-a191a01cb964"},{"element-6066-11e4-a52e-4f735466cecf":"58b3fda4-3a05-49ea-910c-b33217e1d7ce"},{"element-6066-11e4-a52e-4f735466cecf":"6e64cbf8-502d-4143-bd4c-9364446fc907"},{"element-6066-11e4-a52e-4f735466cecf":"063b2455-9aed-4421-bb90-064051ea0153"},{"element-6066-11e4-a52e-4f735466cecf":"b1700c74-3c48-4183-a40d-cee5c78226b3"},{"element-6066-11e4-a52e-4f735466cecf":"2119acbf-b79c-4621-b53b-5fc3b5ad57f7"},{"element-6066-11e4-a52e-4f735466cecf":"1ee3ac51-8d69-4d7e-ba8b-f4713cb25c5b"},{"element-6066-11e4-a52e-4f735466cecf":"3998455d-5d1a-4751-99ec-723264e41234"},{"element-6066-11e4-a52e-4f735466cecf":"73b757b9-73be-4e0e-9060-433b15921f12"},{"element-6066-11e4-a52e-4f735466cecf":"76762baa-a4f8-43dd-9329-e02fc340ce33"},{"element-6066-11e4-a52e-4f735466cecf":"00528120-35c6-4602-b1aa-f5fe419e0921"},{"element-6066-11e4-a52e-4f735466cecf":"2d5da811-323e-4a7e-8f85-8dcfda151379"},{"element-6066-11e4-a52e-4f735466cecf":"96841316-e5c9-436d-b196-2549d1f64945"},{"element-6066-11e4-a52e-4f735466cecf":"b75ccef1-af76-4c19-8d08-8756cb605ab2"},{"element-6066-11e4-a52e-4f735466cecf":"05e897d5-e45a-43b0-80c3-7b035b43f0a3"},{"element-6066-11e4-a52e-4f735466cecf":"b29d0c0f-4c2c-45e1-aa69-66590c97c06d"},{"element-6066-11e4-a52e-4f735466cecf":"a0f91f2a-787c-4aa6-851d-03870a719a40"},{"element-6066-11e4-a52e-4f735466cecf":"b28ff44c-49fe-4db7-b627-a0d721449cd7"},{"element-6066-11e4-a52e-4f735466cecf":"d849bd6a-6700-4fa9-9172-0456c20db58d"},{"element-6066-11e4-a52e-4f735466cecf":"120a92e4-039d-4c0c-b5ce-881d58760292"},{"element-6066-11e4-a52e-4f735466cecf":"c7e1ea88-62c5-4816-93dc-8e7e5c7122f3"},{"element-6066-11e4-a52e-4f735466cecf":"7f5e3de6-9623-4761-b986-63611dd8f0c6"},{"element-6066-11e4-a52e-4f735466cecf":"d61c8b92-0bc0-4fc5-93bc-13b1882f6614"},{"element-6066-11e4-a52e-4f735466cecf":"2b35be26-c468-42fd-8d26-dd23917230fd"},{"element-6066-11e4-a52e-4f735466cecf":"b8a43962-8cec-46f6-8a68-b86990986186"},{"element-6066-11e4-a52e-4f735466cecf":"53131a91-dc44-4fc3-a954-a5bb40fa96a9"},{"element-6066-11e4-a52e-4f735466cecf":"01324d97-8bf4-4e9b-a716-778fdbd15234"},{"element-6066-11e4-a52e-4f735466cecf":"a538047b-6e03-46ad-bf4d-79097cf61130"},{"element-6066-11e4-a52e-4f735466cecf":"c5876818-7fd2-4505-ab77-b1ed6407902e"},{"element-6066-11e4-a52e-4f735466cecf":"2fe8e332-23fa-4081-90b8-248272a3b7f0"},{"element-6066-11e4-a52e-4f735466cecf":"64ffe8bd-ab61-4714-adaa-8e7ace75f723"},{"element-6066-11e4-a52e-4f735466cecf":"bd1e51ad-6934-4308-9e51-58b56a4641de"},{"element-6066-11e4-a52e-4f735466cecf":"759b10a9-e667-4e78-853a-6dc2281f6be0"},{"element-6066-11e4-a52e-4f735466cecf":"50e45109-a878-4503-899f-76ca1cc5cf86"},{"element-6066-11e4-a52e-4f735466cecf":"f2b73a15-8d46-415b-8297-b41049710ccf"},{"element-6066-11e4-a52e-4f735466cecf":"3d1423e7-fffe-442b-b400-904a8eac8991"},{"element-6066-11e4-a52e-4f735466cecf":"5ca2a8a1-71ea-4321-aa4e-d7522d111a49"},{"element-6066-11e4-a52e-4f735466cecf":"f5f94d52-57f0-42ab-a509-a7734d1d4b36"},{"element-6066-11e4-a52e-4f735466cecf":"e06c8c8c-5b5f-4536-8dfd-40e631cae40a"},{"element-6066-11e4-a52e-4f735466cecf":"23f27c72-5732-472f-b03e-3dfeceb1d2b2"},{"element-6066-11e4-a52e-4f735466cecf":"78f50a6a-990e-4b58-9eea-d7ffed8b0845"},{"element-6066-11e4-a52e-4f735466cecf":"04a04a06-260b-4e83-8c78-6dc6b82868a7"},{"element-6066-11e4-a52e-4f735466cecf":"eb3f4c33-46e9-4398-b982-14d9a7a03c05"},{"element-6066-11e4-a52e-4f735466cecf":"569cfd1e-28a9-4fc4-a223-86ff3605a817"},{"element-6066-11e4-a52e-4f735466cecf":"170487d3-a2ba-40e1-b054-248045166a8a"},{"element-6066-11e4-a52e-4f735466cecf":"6354c339-d93f-4b24-b185-27751017e036"},{"element-6066-11e4-a52e-4f735466cecf":"e6725a67-357a-4ba1-ba67-363249a0f00a"},{"element-6066-11e4-a52e-4f735466cecf":"6a5bc769-1462-47de-9548-c83c277478c8"},{"element-6066-11e4-a52e-4f735466cecf":"bcb281fd-ffbf-4ea7-9eb1-0fdce29de22d"},{"element-6066-11e4-a52e-4f735466cecf":"e5b0d454-a005-427c-b490-2cbcd5da092d"},{"element-6066-11e4-a52e-4f735466cecf":"c202911f-86f7-40ea-a62f-2315646adce3"},{"element-6066-11e4-a52e-4f735466cecf":"b4e96f55-fc24-4bdb-979d-db74a169c438"},{"element-6066-11e4-a52e-4f735466cecf":"2106df4d-5ba7-48f7-b3e1-7793176868bb"},{"element-6066-11e4-a52e-4f735466cecf":"85158733-a527-43f8-8d2a-895ae009ab80"},{"element-6066-11e4-a52e-4f735466cecf":"cba89cd6-9f51-4762-b2b8-c3dead60b668"},{"element-6066-11e4-a52e-4f735466cecf":"de29c601-a102-44b5-a55a-887cdbe2c14f"},{"element-6066-11e4-a52e-4f735466cecf":"f5c57ed3-35d3-4245-ac29-d855efe12f15"},{"element-6066-11e4-a52e-4f735466cecf":"1f93925e-16ed-4c71-9293-2cfafba136a8"},{"element-6066-11e4-a52e-4f735466cecf":"434e8a52-8244-406e-a192-8fdd04e42a67"},{"element-6066-11e4-a52e-4f735466cecf":"9a7bd6da-1d6f-451d-870d-a6237d108d12"},{"element-6066-11e4-a52e-4f735466cecf":"3e118df4-5b40-496b-b616-b8d01bb86591"},{"element-6066-11e4-a52e-4f735466cecf":"0a0f4cc9-6067-4ef0-a9dd-7edcbecd1664"},{"element-6066-11e4-a52e-4f735466cecf":"d4a89b9c-75cf-4d8b-8b65-fa9ef0f65c3b"},{"element-6066-11e4-a52e-4f735466cecf":"6e24d40c-1ab4-407a-8b6b-cd0313dcb6a8"},{"element-6066-11e4-a52e-4f735466cecf":"165836ca-22ff-4707-8908-ea5d4b470dcb"},{"element-6066-11e4-a52e-4f735466cecf":"dca25507-1068-44f8-b67c-1946b2a9a8b1"},{"element-6066-11e4-a52e-4f735466cecf":"9a9f380f-d071-4e38-8c0f-dcbb6591f7b2"},{"element-6066-11e4-a52e-4f735466cecf":"503b85f1-d030-42da-9890-a06bf5811c32"},{"element-6066-11e4-a52e-4f735466cecf":"7a71a98e-ded1-475e-8210-275ab92b7418"},{"element-6066-11e4-a52e-4f735466cecf":"00a23c40-e8cd-49bb-af8a-e2a2f14c6d5b"},{"element-6066-11e4-a52e-4f735466cecf":"17fc5be1-a6f7-41da-9339-89752f6d5430"},{"element-6066-11e4-a52e-4f735466cecf":"9a09eb14-0593-412b-ae71-426f6e6bf6da"},{"element-6066-11e4-a52e-4f735466cecf":"668a745f-9359-4176-8b68-e6b627f04ec9"},{"element-6066-11e4-a52e-4f735466cecf":"7a73a0ad-746c-4165-a83f-730190f256ba"},{"element-6066-11e4-a52e-4f735466cecf":"9ea61a0b-d9a6-4052-a434-bbabc708d105"},{"element-6066-11e4-a52e-4f735466cecf":"565a5fc3-15f5-414a-90ab-0b5d6c4205c0"},{"element-6066-11e4-a52e-4f735466cecf":"ef46ee82-7314-4709-b6d3-c2b694355155"},{"element-6066-11e4-a52e-4f735466cecf":"1a270f43-bd14-43c6-b07f-cef1477dd15d"},{"element-6066-11e4-a52e-4f735466cecf":"3904274f-17d6-43f2-b10e-ad3d93d48aaa"},{"element-6066-11e4-a52e-4f735466cecf":"67c4bdf5-3bee-46db-ab36-4ada4e4c82a7"},{"element-6066-11e4-a52e-4f735466cecf":"4df7dadd-c62b-4535-b87f-bf1f1d86b6b7"},{"element-6066-11e4-a52e-4f735466cecf":"08a7db47-4c2d-4cd3-8b5f-643634c9b537"},{"element-6066-11e4-a52e-4f735466cecf":"3dc93c5d-15d7-4b87-a590-f2875e93c50f"},{"element-6066-11e4-a52e-4f735466cecf":"7fe2740d-f75c-43af-898a-8ab7f91f95ef"},{"element-6066-11e4-a52e-4f735466cecf":"986e4ed3-6132-4dfd-bfc2-d109032cc47b"},{"element-6066-11e4-a52e-4f735466cecf":"a5cc6532-b3b9-41ef-95f5-1b588f2f19d1"},{"element-6066-11e4-a52e-4f735466cecf":"0131ee92-4ad7-44db-a9c5-877aae139724"},{"element-6066-11e4-a52e-4f735466cecf":"876ac6aa-55ed-4aae-b66c-e02188cd6d3f"},{"element-6066-11e4-a52e-4f735466cecf":"726e218f-7944-47e4-9a74-068b23a3fb02"},{"element-6066-11e4-a52e-4f735466cecf":"6fc852e2-eb01-482c-9b7f-be814d13ab13"},{"element-6066-11e4-a52e-4f735466cecf":"824b6711-151b-4859-8d44-e5739ae0e2a9"},{"element-6066-11e4-a52e-4f735466cecf":"2e73c7cf-5087-481e-8aca-e65f000311ad"},{"element-6066-11e4-a52e-4f735466cecf":"e5caf658-a009-42e3-af18-67ed111dea0b"},{"element-6066-11e4-a52e-4f735466cecf":"7f7e79cd-86b5-46d2-b5d7-929db686355a"},{"element-6066-11e4-a52e-4f735466cecf":"5f806105-479a-4885-8279-fe1b90a2b14d"},{"element-6066-11e4-a52e-4f735466cecf":"a034942b-5fae-4105-8fe7-af494ddcf206"},{"element-6066-11e4-a52e-4f735466cecf":"81739e8e-831c-4579-9828-4660d7c0c5d5"},{"element-6066-11e4-a52e-4f735466cecf":"97ca1569-bce2-4523-9b9d-1a76d0df4a61"},{"element-6066-11e4-a52e-4f735466cecf":"33b5b979-4122-42b3-aa4d-0e8751ea399b"},{"element-6066-11e4-a52e-4f735466cecf":"3e1454cd-db75-48f9-b013-e7fbfdb899ec"},{"element-6066-11e4-a52e-4f735466cecf":"87c19f56-a58f-4fd6-b0b2-3df02d4d0e6d"},{"element-6066-11e4-a52e-4f735466cecf":"c6761a40-56be-40a9-a48b-d05788414344"},{"element-6066-11e4-a52e-4f735466cecf":"1f4471e1-01e7-466c-83f1-a7e0d434d26a"},{"element-6066-11e4-a52e-4f735466cecf":"99f6bb92-0101-4aef-80e3-eaf5213fd864"},{"element-6066-11e4-a52e-4f735466cecf":"097c8003-f5f7-409b-b00b-d80909a7f8c9"},{"element-6066-11e4-a52e-4f735466cecf":"ee8b3776-84b5-420a-a2ed-d6af365a9a57"},{"element-6066-11e4-a52e-4f735466cecf":"5cf60b7b-1a04-499b-bfb8-3bf9b7a22105"},{"element-6066-11e4-a52e-4f735466cecf":"ee8267cb-9f32-4846-a431-9e2a581fc307"},{"element-6066-11e4-a52e-4f735466cecf":"8c705dfd-a85b-49a4-8ff3-f3ee8cce5c57"},{"element-6066-11e4-a52e-4f735466cecf":"9d050ecd-a7fb-43d6-8c7e-3d71ebf93f60"},{"element-6066-11e4-a52e-4f735466cecf":"e9807f45-b3ad-46e2-8582-f7f9c2d660eb"},{"element-6066-11e4-a52e-4f735466cecf":"98690919-e7f6-42fd-8234-648aa1550bd7"},{"element-6066-11e4-a52e-4f735466cecf":"c2fbdb20-6893-4d9e-b59d-6f649f8bfb7b"},{"element-6066-11e4-a52e-4f735466cecf":"bf0bead5-cc09-47bd-9e7e-4ad52ccfde8a"},{"element-6066-11e4-a52e-4f735466cecf":"d77c0fd2-57e4-44db-ab0a-149e917aa42b"},{"element-6066-11e4-a52e-4f735466cecf":"d91fe334-4824-42ab-a442-5f07c8811b0f"},{"element-6066-11e4-a52e-4f735466cecf":"fccbc885-7ad9-47aa-9889-197a5aa9f205"},{"element-6066-11e4-a52e-4f735466cecf":"cd0014e5-8222-46ce-a756-7be4acaf626b"},{"element-6066-11e4-a52e-4f735466cecf":"96cfa921-c4a7-463e-8220-971e492eb976"},{"element-6066-11e4-a52e-4f735466cecf":"87a2cf72-308b-431a-ae2e-97eea99c0958"},{"element-6066-11e4-a52e-4f735466cecf":"95c5a836-9007-4805-8e3d-f00d2707d8a6"},{"element-6066-11e4-a52e-4f735466cecf":"1b201633-efc8-41c8-bc12-9586c866abb8"},{"element-6066-11e4-a52e-4f735466cecf":"6577bef0-3247-4893-ab92-d3e6ee16c30f"},{"element-6066-11e4-a52e-4f735466cecf":"26e74e9a-f100-4853-91c0-4376842b0a38"},{"element-6066-11e4-a52e-4f735466cecf":"5977ad87-096d-49d5-b7fe-dd0f88783b9f"},{"element-6066-11e4-a52e-4f735466cecf":"4328c636-3cbf-4286-a5af-95eb3e5a8f88"},{"element-6066-11e4-a52e-4f735466cecf":"8e24ad34-421f-4fd0-9b11-e7efa570ccf0"},{"element-6066-11e4-a52e-4f735466cecf":"fe2d7c43-f998-40e9-b80a-535c5c8abdae"},{"element-6066-11e4-a52e-4f735466cecf":"9cea0c4a-622b-4d59-a906-5fbdf0378b48"},{"element-6066-11e4-a52e-4f735466cecf":"285d438a-71f8-490e-9644-109f46e68717"},{"element-6066-11e4-a52e-4f735466cecf":"c9847ab3-42f5-4acc-9938-bc12ef655f2d"},{"element-6066-11e4-a52e-4f735466cecf":"0a74c1b3-9f52-49f6-bc39-d70152431039"},{"element-6066-11e4-a52e-4f735466cecf":"ddfae14f-57d7-44bc-8c4e-ea3c2c53ee8e"},{"element-6066-11e4-a52e-4f735466cecf":"ec12e5dd-8546-42a8-888e-fcbb93cac1a5"},{"element-6066-11e4-a52e-4f735466cecf":"d1ae620f-d41c-4833-bd9c-832be582b21d"},{"element-6066-11e4-a52e-4f735466cecf":"a68a39e6-2a57-4fa2-b039-d9b6c438f917"},{"element-6066-11e4-a52e-4f735466cecf":"5d19fea2-1357-452f-85eb-48ed7df215d5"},{"element-6066-11e4-a52e-4f735466cecf":"9584a374-95cc-4808-9827-2dfb857842b9"},{"element-6066-11e4-a52e-4f735466cecf":"0626bf91-5c12-416c-8f60-d571e9e7382c"},{"element-6066-11e4-a52e-4f735466cecf":"7fa586f7-0ca2-4a85-9ecb-bbf1003018f1"},{"element-6066-11e4-a52e-4f735466cecf":"b8667c82-0863-4cb6-bc86-8b68120f703b"},{"element-6066-11e4-a52e-4f735466cecf":"763dc993-a022-4e20-8a9d-4d61a1357297"},{"element-6066-11e4-a52e-4f735466cecf":"576f76ab-ae45-4ee4-8b66-567b1bdda382"},{"element-6066-11e4-a52e-4f735466cecf":"03b6b084-751c-47e9-a388-7a52a69d9a8d"},{"element-6066-11e4-a52e-4f735466cecf":"129b2d2f-4c09-48c5-9f1b-d524e0b6dbbc"},{"element-6066-11e4-a52e-4f735466cecf":"27352258-42d2-422e-afaf-5039c1e65867"},{"element-6066-11e4-a52e-4f735466cecf":"d758276c-8b5f-4a3c-8439-cd2f79ace6d7"},{"element-6066-11e4-a52e-4f735466cecf":"83745500-5a39-42b8-bdce-c6bc7c86f88f"},{"element-6066-11e4-a52e-4f735466cecf":"4524e439-c9cb-4613-819f-0dc25351c375"},{"element-6066-11e4-a52e-4f735466cecf":"ee2b015b-f852-4f77-9aeb-81abd141da90"},{"element-6066-11e4-a52e-4f735466cecf":"8d8e2d74-3ea9-4e43-a367-abe4e7cd135b"},{"element-6066-11e4-a52e-4f735466cecf":"78a6a147-a2da-49e3-939d-52230b9a87bc"},{"element-6066-11e4-a52e-4f735466cecf":"5e1df5b2-9f5e-4022-956e-1273848e938f"},{"element-6066-11e4-a52e-4f735466cecf":"c622341f-eb39-4a0c-a4e8-c3e8a2a0aa83"},{"element-6066-11e4-a52e-4f735466cecf":"33dd4d16-c633-456c-b5be-1179ec7d486b"},{"element-6066-11e4-a52e-4f735466cecf":"aaf27be0-0325-47d6-aa7f-5353a25b5108"},{"element-6066-11e4-a52e-4f735466cecf":"b2c8aeb6-5469-477e-8c0a-3703b94829b6"},{"element-6066-11e4-a52e-4f735466cecf":"9e643424-2653-4c24-ac69-f5f5fc2dd9c6"},{"element-6066-11e4-a52e-4f735466cecf":"8d0b1dd5-9414-41cc-a1b7-9d7be5ddfd7a"},{"element-6066-11e4-a52e-4f735466cecf":"82479b6e-e8ac-463b-9fa8-fe118a3c1e68"},{"element-6066-11e4-a52e-4f735466cecf":"357be82c-9826-4fa7-a554-caae5f29a343"},{"element-6066-11e4-a52e-4f735466cecf":"56a89d47-3a85-4c43-811a-0beead3fe5a1"},{"element-6066-11e4-a52e-4f735466cecf":"803ca4bb-76ef-4258-9160-bff476acd840"},{"element-6066-11e4-a52e-4f735466cecf":"76e8c99a-6844-41d4-a705-9350bfa02f4b"},{"element-6066-11e4-a52e-4f735466cecf":"5b347778-6d90-4bd9-b96a-885113bf5bda"},{"element-6066-11e4-a52e-4f735466cecf":"c7b33007-fa97-4cdc-afcb-5d4e7e7347b5"},{"element-6066-11e4-a52e-4f735466cecf":"744265ac-01fa-4588-82aa-b5daf677a6d3"},{"element-6066-11e4-a52e-4f735466cecf":"b6ddc4a0-c522-4cb7-a94e-3318ab313d66"},{"element-6066-11e4-a52e-4f735466cecf":"413591d2-161f-4eff-90a7-6d112dbc2b33"},{"element-6066-11e4-a52e-4f735466cecf":"e1eddd71-a565-4020-be97-b33680216cf7"},{"element-6066-11e4-a52e-4f735466cecf":"b3c33ef1-329b-4866-a2c9-083f0dcce2a5"},{"element-6066-11e4-a52e-4f735466cecf":"01c47d24-92c8-4e5a-b398-3a435c0d463b"},{"element-6066-11e4-a52e-4f735466cecf":"3fd0687c-9e09-4a1b-9da5-6c274b74d18a"},{"element-6066-11e4-a52e-4f735466cecf":"602e6bd7-615a-4a83-981d-0cb21dd300d8"},{"element-6066-11e4-a52e-4f735466cecf":"6f174f9d-331b-4c65-a626-54ab86909d6e"},{"element-6066-11e4-a52e-4f735466cecf":"b949019a-bc03-4534-93fe-8389c54fac6e"},{"element-6066-11e4-a52e-4f735466cecf":"40bf9da6-1070-4125-b81a-e6ce8fcf9d92"},{"element-6066-11e4-a52e-4f735466cecf":"c614e971-db2a-4647-947b-b7ad912f45f7"},{"element-6066-11e4-a52e-4f735466cecf":"d01e5e4c-1590-418e-aa28-10c1ea64d801"},{"element-6066-11e4-a52e-4f735466cecf":"e5912885-aeca-465d-a2dd-b556eaf4a901"},{"element-6066-11e4-a52e-4f735466cecf":"721ee35b-19f8-495d-b816-d9e4def58e22"},{"element-6066-11e4-a52e-4f735466cecf":"95911f63-39b2-4bf9-91ee-7e0a30c7fe95"},{"element-6066-11e4-a52e-4f735466cecf":"6e7f753c-5517-43c0-b1e2-313c2c8e4992"},{"element-6066-11e4-a52e-4f735466cecf":"f1702b4f-33f4-4f4c-b942-b15a3b86f625"},{"element-6066-11e4-a52e-4f735466cecf":"3504a655-9067-4e78-9f4e-0968c814563b"},{"element-6066-11e4-a52e-4f735466cecf":"82a975ea-d4c5-451a-9c14-3fbf5b15fde6"},{"element-6066-11e4-a52e-4f735466cecf":"efed70b0-6137-4971-8fa9-c4ed914737f2"},{"element-6066-11e4-a52e-4f735466cecf":"33f1020c-0d37-46f5-b60d-1862b7d0a810"},{"element-6066-11e4-a52e-4f735466cecf":"d0061745-a31c-4b3e-87d3-2d0613228f10"},{"element-6066-11e4-a52e-4f735466cecf":"c1642677-b6b0-4939-a984-6b00780f3e1c"},{"element-6066-11e4-a52e-4f735466cecf":"6e7f472f-d980-4ce8-9af2-db6900be31ab"},{"element-6066-11e4-a52e-4f735466cecf":"178b09b5-4e57-4f30-80a5-223ea80af5d9"},{"element-6066-11e4-a52e-4f735466cecf":"0ea5305e-fd03-45e4-b463-dc7665bdc5e2"},{"element-6066-11e4-a52e-4f735466cecf":"e3573555-72b1-4161-9cb5-b859eba6eedb"},{"element-6066-11e4-a52e-4f735466cecf":"7032cc78-164e-4901-bf1c-2fad65e2acc5"},{"element-6066-11e4-a52e-4f735466cecf":"c4933b0b-427c-4160-b547-27d859032e5e"},{"element-6066-11e4-a52e-4f735466cecf":"3d29d775-4236-4967-a9c1-e70e66c942f1"},{"element-6066-11e4-a52e-4f735466cecf":"27075a8b-49de-4322-ad8f-1ed2ebfccabb"},{"element-6066-11e4-a52e-4f735466cecf":"9c6aee9e-7b72-4c41-ba0e-01f0dd0c3f7d"},{"element-6066-11e4-a52e-4f735466cecf":"75dff24a-1d0d-4011-9599-4df555db35b3"},{"element-6066-11e4-a52e-4f735466cecf":"d7689ff7-0e62-4f32-b3bc-a84baca0e327"},{"element-6066-11e4-a52e-4f735466cecf":"08d9ad4d-7188-44cd-9b54-0fdc98fe97e7"},{"element-6066-11e4-a52e-4f735466cecf":"7b1a4949-106d-4e48-a341-c291c1fb3490"},{"element-6066-11e4-a52e-4f735466cecf":"83223204-33fd-496b-86b6-2d8568160477"},{"element-6066-11e4-a52e-4f735466cecf":"0e256bb4-1b22-4b3e-a15f-06028919104d"},{"element-6066-11e4-a52e-4f735466cecf":"a78de608-1f0c-43b2-9a38-03fc2c9fdebc"},{"element-6066-11e4-a52e-4f735466cecf":"7d69eb47-9317-4666-8d3c-462d03a5c65a"},{"element-6066-11e4-a52e-4f735466cecf":"abb76ac3-a1ad-4771-882c-68faac92f2bf"},{"element-6066-11e4-a52e-4f735466cecf":"7e4b9e37-1639-44de-a2f7-a40f16dfd38a"},{"element-6066-11e4-a52e-4f735466cecf":"48410793-769c-44f3-acd3-ca8c93c3969f"},{"element-6066-11e4-a52e-4f735466cecf":"e2b1fd3e-b220-4b88-ab23-0a46af1ee3b2"},{"element-6066-11e4-a52e-4f735466cecf":"26097e88-99fe-4d1f-989e-7671b38037f2"},{"element-6066-11e4-a52e-4f735466cecf":"d94dad40-f7d0-48dc-85e0-099566d1f8e2"},{"element-6066-11e4-a52e-4f735466cecf":"ee681dca-f66b-4ee0-b4db-7c0c799291a1"},{"element-6066-11e4-a52e-4f735466cecf":"8d7e0d58-04bb-410b-9dae-7df8ec11081b"},{"element-6066-11e4-a52e-4f735466cecf":"38992041-d409-4251-b820-e4a1accd4464"},{"element-6066-11e4-a52e-4f735466cecf":"f251e70c-c606-4451-a1ac-f75871aa420c"},{"element-6066-11e4-a52e-4f735466cecf":"e38a2521-703b-4171-ba05-1437c81da211"},{"element-6066-11e4-a52e-4f735466cecf":"ce310a64-a305-418e-a248-4810d1e5d6c2"},{"element-6066-11e4-a52e-4f735466cecf":"3fc7656a-f3aa-490a-8226-7afaf8add5e1"},{"element-6066-11e4-a52e-4f735466cecf":"48bfc1ca-2e09-4fe7-96a9-14e15ec90be1"},{"element-6066-11e4-a52e-4f735466cecf":"f9454771-ad44-4650-a548-bb696846ea64"},{"element-6066-11e4-a52e-4f735466cecf":"70c282e1-80b6-4368-b622-7aa2ebe577fd"},{"element-6066-11e4-a52e-4f735466cecf":"6c52f982-db19-40e3-9443-b6cbca77ea99"},{"element-6066-11e4-a52e-4f735466cecf":"1de0f4e4-49ad-4c6b-8036-a7ddc40486e7"},{"element-6066-11e4-a52e-4f735466cecf":"95faac4a-004a-4be0-94cb-c46edeaeff20"},{"element-6066-11e4-a52e-4f735466cecf":"b3134726-a13b-49cf-b4e4-409ed08cd3d0"},{"element-6066-11e4-a52e-4f735466cecf":"2a710420-2b83-4b20-a69c-ea432e10ea55"},{"element-6066-11e4-a52e-4f735466cecf":"8590d059-f259-498a-b175-ac24f95b7c7e"},{"element-6066-11e4-a52e-4f735466cecf":"6f543e04-f7a3-4415-8a5e-bd6175dad209"},{"element-6066-11e4-a52e-4f735466cecf":"05d232c9-7b9c-4818-a928-631eee8f4a59"},{"element-6066-11e4-a52e-4f735466cecf":"788963f0-04d9-458c-b10e-6368da705ae3"},{"element-6066-11e4-a52e-4f735466cecf":"15527ecb-20ae-4c84-b2ad-38903e93b620"},{"element-6066-11e4-a52e-4f735466cecf":"e6b45d80-0a91-4515-a239-43de3324c0bc"},{"element-6066-11e4-a52e-4f735466cecf":"dd81c2c3-82e3-4c4f-9ae8-b505bb8a2a1e"},{"element-6066-11e4-a52e-4f735466cecf":"ae16329d-d072-44ab-af97-d7fe9d7a852d"},{"element-6066-11e4-a52e-4f735466cecf":"dd9c2527-372f-434e-a52d-a48371a18a40"},{"element-6066-11e4-a52e-4f735466cecf":"16860d52-9347-4b61-971a-b538134abd18"},{"element-6066-11e4-a52e-4f735466cecf":"3264a8e3-7d55-4281-a937-6068ece2c82a"},{"element-6066-11e4-a52e-4f735466cecf":"314233a1-0604-4408-867c-eed68f672075"},{"element-6066-11e4-a52e-4f735466cecf":"e3eee891-103f-4019-8afa-0e3a322dd389"},{"element-6066-11e4-a52e-4f735466cecf":"3ffe5480-e185-4585-9ad1-40cf84cbdf7e"},{"element-6066-11e4-a52e-4f735466cecf":"5c373874-bce2-47e5-9bea-78a305db852d"},{"element-6066-11e4-a52e-4f735466cecf":"a99b0a0c-23b6-43d0-a883-4eeef62b9599"},{"element-6066-11e4-a52e-4f735466cecf":"ff7a2bdc-d4ce-4896-bf03-18e609122eec"},{"element-6066-11e4-a52e-4f735466cecf":"1a6426c3-29f5-4609-b5b6-cbab8e5e2486"},{"element-6066-11e4-a52e-4f735466cecf":"d0f390f9-43cc-4bf9-9cde-d4b5e6d17e38"},{"element-6066-11e4-a52e-4f735466cecf":"d2941f1c-e9ed-4c9f-a1b1-725ef1e2d04b"},{"element-6066-11e4-a52e-4f735466cecf":"390f0899-0990-4fcc-aafa-efdcbb3cb398"},{"element-6066-11e4-a52e-4f735466cecf":"56007df0-eb99-461a-af31-2ab05d2fe41d"},{"element-6066-11e4-a52e-4f735466cecf":"ac509ae9-c24b-4e20-93bc-90688cfbc79c"},{"element-6066-11e4-a52e-4f735466cecf":"da2aebfd-a04c-4a33-8d63-ea3a1be89bed"},{"element-6066-11e4-a52e-4f735466cecf":"901aa1ec-2afc-4fb4-9bde-0c0ee7cc8705"},{"element-6066-11e4-a52e-4f735466cecf":"f86f6df2-4d56-4cdd-be2e-d6b479749c73"},{"element-6066-11e4-a52e-4f735466cecf":"a713b097-cdb8-4813-9388-86a10e3cbec3"},{"element-6066-11e4-a52e-4f735466cecf":"d2002aea-794a-48d4-9b7d-0031c8d10dfc"},{"element-6066-11e4-a52e-4f735466cecf":"843d7729-44d8-4f85-9f02-d485c847dc5c"},{"element-6066-11e4-a52e-4f735466cecf":"c7ef9ec7-2844-4808-a206-304c232a7665"},{"element-6066-11e4-a52e-4f735466cecf":"05dc8adc-f743-43f1-9507-710189e3b92f"},{"element-6066-11e4-a52e-4f735466cecf":"2bb5fca2-80f4-4c97-ac3c-c6f49f2c165c"},{"element-6066-11e4-a52e-4f735466cecf":"9d075f2e-5139-482d-85e2-8f52cf256342"},{"element-6066-11e4-a52e-4f735466cecf":"3d9eab34-9ef7-442e-b2f3-aa3bbc36c804"},{"element-6066-11e4-a52e-4f735466cecf":"b125e2ba-6bfd-4aae-8c7e-57669547bedb"},{"element-6066-11e4-a52e-4f735466cecf":"bbff1f48-6760-49e3-9918-f2eb465ab0b0"},{"element-6066-11e4-a52e-4f735466cecf":"816957c4-ff93-4c78-9b6f-850be203b6f5"},{"element-6066-11e4-a52e-4f735466cecf":"2891e0a4-4d19-438e-9ff3-e195616dc0a9"},{"element-6066-11e4-a52e-4f735466cecf":"ae30fa7d-47ba-498f-90bf-40be6cb74138"},{"element-6066-11e4-a52e-4f735466cecf":"926ee48d-8033-4648-83e3-ecfaa2cf185b"},{"element-6066-11e4-a52e-4f735466cecf":"fcd63118-8c33-43d2-993a-6a1ed354ffb5"},{"element-6066-11e4-a52e-4f735466cecf":"1194700d-a94e-43b2-adfb-13a4e5be963c"},{"element-6066-11e4-a52e-4f735466cecf":"bd8d111a-047f-4a6a-ab90-ef086e123aa2"},{"element-6066-11e4-a52e-4f735466cecf":"df46ab63-6d6e-4752-8ef0-dddf1b173736"},{"element-6066-11e4-a52e-4f735466cecf":"d0b97b4f-c5ac-4f62-8f41-f7aa3f396412"},{"element-6066-11e4-a52e-4f735466cecf":"7b0e0146-8d2a-4478-968a-abcbf6e85030"},{"element-6066-11e4-a52e-4f735466cecf":"f5ce2fdb-e6c6-4e1e-bae2-95f0095773c8"},{"element-6066-11e4-a52e-4f735466cecf":"8753a5d3-5ea2-468c-b864-efacdabfc997"},{"element-6066-11e4-a52e-4f735466cecf":"3e8a4b58-0f6e-45a6-bfef-6acbba388d34"},{"element-6066-11e4-a52e-4f735466cecf":"2e6cbf05-48a7-491e-8fa0-3eaad931559e"},{"element-6066-11e4-a52e-4f735466cecf":"573680fe-3e2a-4561-af5c-82647f255c44"},{"element-6066-11e4-a52e-4f735466cecf":"18bfd067-0957-4e13-a7d9-e1ac32ff6765"},{"element-6066-11e4-a52e-4f735466cecf":"1737225f-f47d-43dc-8879-b6f4849b72a4"},{"element-6066-11e4-a52e-4f735466cecf":"6c3a0b7f-099e-40fe-88e2-76d904d529e6"},{"element-6066-11e4-a52e-4f735466cecf":"55b50edd-1986-4c17-95cd-7b669e9f86a6"},{"element-6066-11e4-a52e-4f735466cecf":"62ebb518-0250-4dd7-bf90-062062542da3"},{"element-6066-11e4-a52e-4f735466cecf":"7a73edf0-e312-4fd7-a9fa-30b238aa9ec2"},{"element-6066-11e4-a52e-4f735466cecf":"94515a4f-93f7-4a17-8ad8-a4dfdc051ea0"},{"element-6066-11e4-a52e-4f735466cecf":"af60eeb4-f305-4b87-aed6-5faf0c38a1e5"},{"element-6066-11e4-a52e-4f735466cecf":"01901807-0235-4754-8a43-e70633314f3c"},{"element-6066-11e4-a52e-4f735466cecf":"8588db80-044a-4953-946b-3adbedc1276e"},{"element-6066-11e4-a52e-4f735466cecf":"539ce84f-12f9-4f12-9434-bf696acf924f"},{"element-6066-11e4-a52e-4f735466cecf":"20cb4fad-420c-4484-809b-d0c55016593d"},{"element-6066-11e4-a52e-4f735466cecf":"eef6f4c3-9956-4928-a58f-6a3deb5bb421"},{"element-6066-11e4-a52e-4f735466cecf":"4e690601-6cdf-4e45-84f1-14b92e6388a4"},{"element-6066-11e4-a52e-4f735466cecf":"7aa60876-768e-45f7-b324-90f2c6d9570a"},{"element-6066-11e4-a52e-4f735466cecf":"0e28f845-576d-428e-93f6-c119bf754d17"},{"element-6066-11e4-a52e-4f735466cecf":"1d68aa7a-eb56-4980-bfec-73486678d8db"},{"element-6066-11e4-a52e-4f735466cecf":"b3dd5196-4411-49e7-8526-8568159b4f37"},{"element-6066-11e4-a52e-4f735466cecf":"00c62192-5c72-4f1c-9c3a-d16321c4ed5b"},{"element-6066-11e4-a52e-4f735466cecf":"ad2a9fc6-95f5-4d9f-becf-19d6484b7594"},{"element-6066-11e4-a52e-4f735466cecf":"a9939d9d-3d3b-41ab-95e0-ea108af21b05"},{"element-6066-11e4-a52e-4f735466cecf":"4e08282e-057b-4b4c-a46e-95c2eb287116"},{"element-6066-11e4-a52e-4f735466cecf":"fa678de0-7245-4c3a-b21e-6031239d8b6b"},{"element-6066-11e4-a52e-4f735466cecf":"c1e5ed49-53db-4e5e-95d1-b649ba2662c3"},{"element-6066-11e4-a52e-4f735466cecf":"dea84501-5f96-401d-9d79-c327d64bef43"},{"element-6066-11e4-a52e-4f735466cecf":"f470e9a3-52ba-43e2-8998-622d7946c8cc"},{"element-6066-11e4-a52e-4f735466cecf":"47b01c98-c05d-488c-af23-e6aae1d9bb6f"},{"element-6066-11e4-a52e-4f735466cecf":"54f3f0e0-f2fb-41a3-a74b-9086e349c416"},{"element-6066-11e4-a52e-4f735466cecf":"1d686a47-a8a5-4540-b72c-ee838d907bcb"},{"element-6066-11e4-a52e-4f735466cecf":"21e44634-50ed-413e-95df-4bea61ed12df"},{"element-6066-11e4-a52e-4f735466cecf":"ada3d85e-aa93-4946-96bd-3d0a998326e3"},{"element-6066-11e4-a52e-4f735466cecf":"bdf54f0e-cbd2-443c-b201-4a3468af280d"},{"element-6066-11e4-a52e-4f735466cecf":"c6865c65-bfbd-467c-943c-86938574a306"},{"element-6066-11e4-a52e-4f735466cecf":"d54ff70c-1623-4df4-829c-e4987ed1f936"},{"element-6066-11e4-a52e-4f735466cecf":"68c1674c-45c1-4291-9c21-74edefca47f0"},{"element-6066-11e4-a52e-4f735466cecf":"e8f57c40-1047-41c9-8cb7-06c7a1ee30c0"},{"element-6066-11e4-a52e-4f735466cecf":"cfc9fe12-d859-4a7d-b1e7-40a2c08a3d6c"},{"element-6066-11e4-a52e-4f735466cecf":"3d9cd8d5-6422-415d-bd3a-234c94c0e4ce"},{"element-6066-11e4-a52e-4f735466cecf":"60c36067-7590-485e-afac-e8b590fe85f7"},{"element-6066-11e4-a52e-4f735466cecf":"73c4104a-ea06-48ab-9c5a-cfc5a074cde7"},{"element-6066-11e4-a52e-4f735466cecf":"7f3c2f84-6c1f-43fc-b3a7-f981d8746c1a"},{"element-6066-11e4-a52e-4f735466cecf":"833fbfec-7632-4145-8abc-530a4304a498"},{"element-6066-11e4-a52e-4f735466cecf":"afb7e338-f197-49df-ae69-dce1baa3d2f7"},{"element-6066-11e4-a52e-4f735466cecf":"72d046cc-dc32-4f66-a1e1-20e3f647ac9b"},{"element-6066-11e4-a52e-4f735466cecf":"faaed5ba-2cb8-4bef-8df9-b9e9e1ebc011"},{"element-6066-11e4-a52e-4f735466cecf":"0fc2c62d-9d56-4d99-a10f-c9f31c170523"},{"element-6066-11e4-a52e-4f735466cecf":"7d929466-e6ee-491e-8cca-677a937a625c"},{"element-6066-11e4-a52e-4f735466cecf":"d5f45887-2838-4391-a3cb-df940ed8598e"},{"element-6066-11e4-a52e-4f735466cecf":"ff4799c8-d97a-4c62-bfeb-3a54e4b19188"},{"element-6066-11e4-a52e-4f735466cecf":"66e57546-f9b8-4d74-9750-fde77f2afe71"},{"element-6066-11e4-a52e-4f735466cecf":"88e94cb7-1a27-4c9f-8aad-e28f3214da3c"},{"element-6066-11e4-a52e-4f735466cecf":"6efed29c-9885-4282-ae28-391844b4e2fa"},{"element-6066-11e4-a52e-4f735466cecf":"fbbb5377-825b-47c7-8aa5-26174a045789"},{"element-6066-11e4-a52e-4f735466cecf":"b5bb2be4-b878-4405-a17c-a1dac087e751"},{"element-6066-11e4-a52e-4f735466cecf":"610ce9cd-61bd-43d1-a079-12b1f637b94e"},{"element-6066-11e4-a52e-4f735466cecf":"ad426284-240e-4021-bd04-4743480d048b"},{"element-6066-11e4-a52e-4f735466cecf":"968e1470-2a95-457b-a1ca-687b3ad82ed5"},{"element-6066-11e4-a52e-4f735466cecf":"772d60bb-fc34-4dd9-a704-27e9d8161f67"},{"element-6066-11e4-a52e-4f735466cecf":"deef3287-211f-4a15-9d3c-63d58c03f2f5"},{"element-6066-11e4-a52e-4f735466cecf":"9523a3cf-9293-4c8e-952a-20d6f75173c5"},{"element-6066-11e4-a52e-4f735466cecf":"45517bad-8030-49e9-b70b-04ef815bcd9f"},{"element-6066-11e4-a52e-4f735466cecf":"63c4564d-9d45-4449-a3c5-ead6ebdd54a6"},{"element-6066-11e4-a52e-4f735466cecf":"12db1ce3-2b1a-4104-bd39-856bfcf6b302"},{"element-6066-11e4-a52e-4f735466cecf":"cb15a2fb-6587-4a6a-a47c-3134e22f7801"},{"element-6066-11e4-a52e-4f735466cecf":"9153bf73-f53d-4d48-92c4-b01d59a58bf6"},{"element-6066-11e4-a52e-4f735466cecf":"7c8d6752-f416-40f3-bb1d-5de115cc9390"},{"element-6066-11e4-a52e-4f735466cecf":"213196cf-1c88-4496-a98b-09e742122201"},{"element-6066-11e4-a52e-4f735466cecf":"6bd8b5e1-9c17-4c04-ae8f-0c6d898eb3e8"},{"element-6066-11e4-a52e-4f735466cecf":"078a2365-a884-459b-a9d5-0d6cc07a4d49"},{"element-6066-11e4-a52e-4f735466cecf":"61f81a81-9f62-407f-9e81-2ea8287eb829"},{"element-6066-11e4-a52e-4f735466cecf":"3a31c5b0-ad59-4540-8563-11d2beb24321"},{"element-6066-11e4-a52e-4f735466cecf":"04a075ad-abd6-4221-9432-eb056eb6fd72"},{"element-6066-11e4-a52e-4f735466cecf":"e7d11b45-9c7c-4974-90ad-3bc5de92da99"},{"element-6066-11e4-a52e-4f735466cecf":"1bc5d37e-cbc8-490f-ae93-f7a8d23e8ade"},{"element-6066-11e4-a52e-4f735466cecf":"05f7c792-4b93-400c-9017-52b1e2f14828"},{"element-6066-11e4-a52e-4f735466cecf":"997794d8-c58e-4949-862c-52af6310df7d"},{"element-6066-11e4-a52e-4f735466cecf":"b98aa844-a3e4-4d05-9cdf-d69d86bebc28"},{"element-6066-11e4-a52e-4f735466cecf":"9eb0507b-ee3f-4738-b730-72e1281a5d65"},{"element-6066-11e4-a52e-4f735466cecf":"2f4cb1b6-df60-4efd-a0a8-a038e4d04ee1"},{"element-6066-11e4-a52e-4f735466cecf":"f4daa820-a342-45d5-8363-119ab703b477"},{"element-6066-11e4-a52e-4f735466cecf":"e314c532-f991-4aaa-86ac-842ebe28c276"},{"element-6066-11e4-a52e-4f735466cecf":"8dd10206-8e11-47ac-83fa-77866e31c5a6"},{"element-6066-11e4-a52e-4f735466cecf":"0984e58b-b739-43ef-8765-1b343d6baff8"},{"element-6066-11e4-a52e-4f735466cecf":"c2daba26-261c-4d2b-92e7-e993f4599b22"},{"element-6066-11e4-a52e-4f735466cecf":"0c2ddc53-1f02-48e1-afcb-977b09365edd"},{"element-6066-11e4-a52e-4f735466cecf":"2749cedc-afc9-4812-ba86-d99f307afea7"},{"element-6066-11e4-a52e-4f735466cecf":"75acce64-5aaf-4441-aa53-0c7c711c56a2"},{"element-6066-11e4-a52e-4f735466cecf":"fe8f7ba6-8816-4848-9fe3-946c4cd97d4b"},{"element-6066-11e4-a52e-4f735466cecf":"44fae193-e298-4ac7-b0ff-4e61acb4c956"},{"element-6066-11e4-a52e-4f735466cecf":"4e990503-2529-4f64-8f06-08d2be22d9f9"},{"element-6066-11e4-a52e-4f735466cecf":"df57a6b2-bb42-4125-8339-8c61dd44a817"},{"element-6066-11e4-a52e-4f735466cecf":"7e5de1f6-6573-45cd-85df-5de5276d0831"},{"element-6066-11e4-a52e-4f735466cecf":"0334e7e2-c121-4f50-bf40-dbd5f8751452"},{"element-6066-11e4-a52e-4f735466cecf":"385e68df-bcc5-4593-979f-89181c4f40cd"},{"element-6066-11e4-a52e-4f735466cecf":"bd76827e-0b6f-4842-89a3-e171e3323f75"},{"element-6066-11e4-a52e-4f735466cecf":"c2dfbb80-9156-4f00-8917-da726b738a29"},{"element-6066-11e4-a52e-4f735466cecf":"d1070767-58d8-495a-b642-6f0fe158dd4a"},{"element-6066-11e4-a52e-4f735466cecf":"2dd000f3-9c93-4260-b7e3-aa373fe11477"},{"element-6066-11e4-a52e-4f735466cecf":"a42d8c91-fafe-4233-a0d1-b510c55529ca"},{"element-6066-11e4-a52e-4f735466cecf":"d6e42c26-6481-471c-b95c-2a8bb3c4f8c9"},{"element-6066-11e4-a52e-4f735466cecf":"1babb230-ddb4-400f-aa0b-e91280d0fb2c"},{"element-6066-11e4-a52e-4f735466cecf":"b7ed32d3-b79b-43ee-b48b-f40eb743404b"},{"element-6066-11e4-a52e-4f735466cecf":"6837cc14-7b02-4f2b-a40f-df307b727807"},{"element-6066-11e4-a52e-4f735466cecf":"718dd979-669c-4d19-b1d9-06c5a6108b2a"},{"element-6066-11e4-a52e-4f735466cecf":"b0ab528f-153f-48a3-aa7f-31dfc2d94fc4"},{"element-6066-11e4-a52e-4f735466cecf":"edcb9a22-32a8-4d10-837b-09cd4adea522"},{"element-6066-11e4-a52e-4f735466cecf":"2dbe316d-e525-44b4-929d-70c9c0f13044"},{"element-6066-11e4-a52e-4f735466cecf":"e3adb0c5-8697-4e19-aa13-d6946d3aa537"},{"element-6066-11e4-a52e-4f735466cecf":"63e87db8-be49-4f5f-9362-670592307960"},{"element-6066-11e4-a52e-4f735466cecf":"b1c64b80-239b-4204-a2e4-83a016172732"},{"element-6066-11e4-a52e-4f735466cecf":"94c28bf5-57f5-41ad-93fa-6849a09a6e7a"},{"element-6066-11e4-a52e-4f735466cecf":"ea8db2d5-a424-4906-96cb-f8f2eb9c20ae"},{"element-6066-11e4-a52e-4f735466cecf":"a3587de1-a9e6-416f-88f1-94852169a583"},{"element-6066-11e4-a52e-4f735466cecf":"cc5490fd-e004-4bb2-ba1f-8441e55b61ae"},{"element-6066-11e4-a52e-4f735466cecf":"0aa908aa-7474-42e7-bb35-644ba208b125"},{"element-6066-11e4-a52e-4f735466cecf":"d31e1db8-8f16-4fc2-b1dd-b111153a7c91"},{"element-6066-11e4-a52e-4f735466cecf":"97cce466-0455-4c0a-8182-02abda481d1f"},{"element-6066-11e4-a52e-4f735466cecf":"a21e24b3-39fd-4f8c-9947-cc5fcb19ad16"},{"element-6066-11e4-a52e-4f735466cecf":"df2b92ad-2ae0-4fb8-81b0-a84e59fd6f58"},{"element-6066-11e4-a52e-4f735466cecf":"ad443061-18d7-4d21-84ca-b0ceaeda9961"},{"element-6066-11e4-a52e-4f735466cecf":"5eac7a17-0c69-4cd5-ac24-7504b8d87cda"},{"element-6066-11e4-a52e-4f735466cecf":"316f4e1d-7be0-46dd-9d3b-51ae65f5d9a6"},{"element-6066-11e4-a52e-4f735466cecf":"16c78d71-a67e-45a4-942e-b5fa9741d605"},{"element-6066-11e4-a52e-4f735466cecf":"2755abee-d09e-470a-863f-e7638acbe289"},{"element-6066-11e4-a52e-4f735466cecf":"32e7d130-4e4d-4393-8fad-de5cab3733f0"},{"element-6066-11e4-a52e-4f735466cecf":"cc08b5ca-9393-4fea-b440-1545de3acd87"},{"element-6066-11e4-a52e-4f735466cecf":"8d81f448-9ebd-4fb7-ad5b-94e006e53635"},{"element-6066-11e4-a52e-4f735466cecf":"36819b7a-2437-4255-99cb-2100435c9f89"},{"element-6066-11e4-a52e-4f735466cecf":"1ea88cde-e90a-41c0-aaf3-abcd12de2681"},{"element-6066-11e4-a52e-4f735466cecf":"e45e9296-55d6-482e-b51a-92c3b17a9b08"},{"element-6066-11e4-a52e-4f735466cecf":"517d99c0-fe4f-4b9a-910a-9f21174e56d7"},{"element-6066-11e4-a52e-4f735466cecf":"71e918f1-b51b-4562-ac0e-963b89a2be4e"},{"element-6066-11e4-a52e-4f735466cecf":"57f26a7c-c329-4ee6-a686-7e00fd357b78"},{"element-6066-11e4-a52e-4f735466cecf":"89841f8b-9500-444e-85c5-995fce4170d8"},{"element-6066-11e4-a52e-4f735466cecf":"eca20c6c-0fc9-4d8f-8dc0-bf25b3542590"},{"element-6066-11e4-a52e-4f735466cecf":"596938ed-abaf-4e19-aa8d-76cb87756bf9"},{"element-6066-11e4-a52e-4f735466cecf":"6d8176c8-85dc-49b2-abba-17fe3e0079b5"},{"element-6066-11e4-a52e-4f735466cecf":"be3e916c-5f67-4aeb-9f91-c402af13791b"},{"element-6066-11e4-a52e-4f735466cecf":"27ea38f8-fbc7-4ce5-a1a8-8d0948345c3a"},{"element-6066-11e4-a52e-4f735466cecf":"44841f95-25cd-4ee5-886f-52c25ce4a098"},{"element-6066-11e4-a52e-4f735466cecf":"458ab381-2591-4cde-9b8f-dd823ad29e8f"},{"element-6066-11e4-a52e-4f735466cecf":"fc02562b-e45f-491b-904a-381dcae7ee1b"},{"element-6066-11e4-a52e-4f735466cecf":"14c9fdea-815e-40ea-b1de-36c24fa26296"},{"element-6066-11e4-a52e-4f735466cecf":"95e10862-b4b7-4e72-ac0a-7044a98e5cd4"},{"element-6066-11e4-a52e-4f735466cecf":"588d2f32-3659-4e7d-9e56-6022808326d5"},{"element-6066-11e4-a52e-4f735466cecf":"d8a404ed-15e5-4656-92cb-5de3f5bdf12d"},{"element-6066-11e4-a52e-4f735466cecf":"ca1fec48-0660-4a10-a2e9-7c654b13a867"},{"element-6066-11e4-a52e-4f735466cecf":"b258951e-7caf-4336-99f6-85519cf95c03"},{"element-6066-11e4-a52e-4f735466cecf":"bef47768-f54e-4be3-888e-5ff26048b577"},{"element-6066-11e4-a52e-4f735466cecf":"5eba71ea-208d-4338-b46b-13aed29ad521"},{"element-6066-11e4-a52e-4f735466cecf":"0aa7ba7e-cc0b-40a2-96d1-c1a960b84295"},{"element-6066-11e4-a52e-4f735466cecf":"54c5549d-82e9-4ac9-bd02-dedbc3ad216c"},{"element-6066-11e4-a52e-4f735466cecf":"6193e035-6391-4560-a0c5-8a5fdb24977b"},{"element-6066-11e4-a52e-4f735466cecf":"19f7216c-7898-4581-bb5b-b23a95acf3ee"},{"element-6066-11e4-a52e-4f735466cecf":"de5e2054-ab40-490b-a1ca-82037ea41972"},{"element-6066-11e4-a52e-4f735466cecf":"328b3fbf-bde3-4436-b9ad-d0b98bab9a3b"},{"element-6066-11e4-a52e-4f735466cecf":"da246daa-a513-4774-90bf-aeeb2fc6e99d"},{"element-6066-11e4-a52e-4f735466cecf":"72564156-0922-429e-8eca-b06499e68173"},{"element-6066-11e4-a52e-4f735466cecf":"6b86cf64-7745-4ca1-8a69-228de3c940b2"},{"element-6066-11e4-a52e-4f735466cecf":"1c73c808-5a6e-48c3-abd8-ae6968e82c01"},{"element-6066-11e4-a52e-4f735466cecf":"3b81cd24-9006-40e1-8495-c72727c08119"},{"element-6066-11e4-a52e-4f735466cecf":"9a20c776-f357-46d0-a6ae-6b009c7923fc"},{"element-6066-11e4-a52e-4f735466cecf":"3baa1e10-d31e-46be-841f-3619bccd3571"},{"element-6066-11e4-a52e-4f735466cecf":"04fb6902-b07d-412f-a4f9-64eb99e71c36"},{"element-6066-11e4-a52e-4f735466cecf":"ae934b72-5ea7-4646-ad27-463c1add8e82"},{"element-6066-11e4-a52e-4f735466cecf":"2d470a19-7b4c-4abc-b29e-25c4746094cf"},{"element-6066-11e4-a52e-4f735466cecf":"2c179807-d544-4b38-a6b0-2b29e0d5c7c2"},{"element-6066-11e4-a52e-4f735466cecf":"64c8a3d5-2c7c-443a-9da9-0744415d6f12"},{"element-6066-11e4-a52e-4f735466cecf":"09af4236-5cbb-40a8-ba0e-e1f11d9ea9bf"},{"element-6066-11e4-a52e-4f735466cecf":"29ef3fe6-6167-47e2-8a49-be0b53740a0c"},{"element-6066-11e4-a52e-4f735466cecf":"759025ef-1d66-43cb-94c5-8251c86dcdba"},{"element-6066-11e4-a52e-4f735466cecf":"bdf9baba-7e3d-4fd7-aa61-ffbd69791737"},{"element-6066-11e4-a52e-4f735466cecf":"cdb505b4-39f6-4f52-9ec2-41aa48f9e4c4"},{"element-6066-11e4-a52e-4f735466cecf":"779cd694-107c-4214-9f94-4f8f87edc7d1"},{"element-6066-11e4-a52e-4f735466cecf":"7b443382-c77e-4a0c-a73a-6889a7ef0d4d"},{"element-6066-11e4-a52e-4f735466cecf":"7b1e0213-b616-4ea6-aed7-64be19895f20"},{"element-6066-11e4-a52e-4f735466cecf":"9f64afc9-312e-49b6-849c-8bce804fa951"},{"element-6066-11e4-a52e-4f735466cecf":"08592eff-d59a-4af3-8b6a-505f83958154"},{"element-6066-11e4-a52e-4f735466cecf":"d0e30ade-fc87-454a-8cec-11d3536361f6"},{"element-6066-11e4-a52e-4f735466cecf":"60f75b97-ca25-4659-8a22-ede69036c0ec"},{"element-6066-11e4-a52e-4f735466cecf":"c612c1ef-f2a0-41af-8aff-03bab933bde4"},{"element-6066-11e4-a52e-4f735466cecf":"ea4bad1d-cf1e-46dd-a1ff-dff042d95305"},{"element-6066-11e4-a52e-4f735466cecf":"c90d09d7-0a15-4fe1-9ddb-d5fe50fe2511"},{"element-6066-11e4-a52e-4f735466cecf":"b50a9d3d-656f-4a3c-97c0-fc2ce907013b"},{"element-6066-11e4-a52e-4f735466cecf":"b943ecc9-f8f7-4a98-a9f3-505b313527d1"},{"element-6066-11e4-a52e-4f735466cecf":"4d54f0a4-3135-4ad5-a874-6e0d51fff4a8"},{"element-6066-11e4-a52e-4f735466cecf":"05cd5852-4699-4927-90a6-45c0700df0ee"},{"element-6066-11e4-a52e-4f735466cecf":"a074e42c-d65f-4c2e-a9fd-bf7ea4e41740"}]} | headers=HTTPHeaderDict({'Content-Length': '181237', 'Content-Type': 'application/json; charset=utf-8', 'cache-control': 'no-cache'})
DEBUG    2022-05-28 23:25:17 selenium.webdriver.remote.remote_connection::remote_connection.py:_request:412: Finished Request
INFO     2022-05-28 23:25:17 root::func_item.py:item_logo_total:53: Pass : 전체 레스토랑 항목들에서 레스토랑/서비스 미제공 로고 이미지가 노출 중입니다.
DEBUG    2022-05-28 23:25:17 selenium.webdriver.remote.remote_connection::remote_connection.py:_request:361: DELETE http://localhost:10258/session/2f140efbfe34fd19693291710fb38043 {}
DEBUG    2022-05-28 23:25:17 urllib3.connectionpool::connectionpool.py:_make_request:456: http://localhost:10258 "DELETE /session/2f140efbfe34fd19693291710fb38043 HTTP/1.1" 200 14
DEBUG    2022-05-28 23:25:17 selenium.webdriver.remote.remote_connection::remote_connection.py:_request:383: Remote response: status=200 | data={"value":null} | headers=HTTPHeaderDict({'Content-Length': '14', 'Content-Type': 'application/json; charset=utf-8', 'cache-control': 'no-cache'})
DEBUG    2022-05-28 23:25:17 selenium.webdriver.remote.remote_connection::remote_connection.py:_request:412: Finished Request
INFO     2022-05-28 23:25:19 WDM::logger.py:log:16: ====== WebDriver manager ======
INFO     2022-05-28 23:25:20 WDM::logger.py:log:16: Current google-chrome version is 102.0.5005
INFO     2022-05-28 23:25:20 WDM::logger.py:log:16: Get LATEST chromedriver version for 102.0.5005 google-chrome
DEBUG    2022-05-28 23:25:20 urllib3.connectionpool::connectionpool.py:_new_conn:1001: Starting new HTTPS connection (1): chromedriver.storage.googleapis.com:443
DEBUG    2022-05-28 23:25:20 urllib3.connectionpool::connectionpool.py:_make_request:456: https://chromedriver.storage.googleapis.com:443 "GET /LATEST_RELEASE_102.0.5005 HTTP/1.1" 200 13
INFO     2022-05-28 23:25:20 WDM::logger.py:log:16: Driver [C:\Users\teddy\.wdm\drivers\chromedriver\win32\102.0.5005.61\chromedriver.exe] found in cache
DEBUG    2022-05-28 23:25:21 selenium.webdriver.remote.remote_connection::remote_connection.py:_request:361: POST http://localhost:10357/session {"capabilities": {"firstMatch": [{}], "alwaysMatch": {"browserName": "chrome", "pageLoadStrategy": "normal", "goog:chromeOptions": {"extensions": [], "args": []}}}}
DEBUG    2022-05-28 23:25:21 urllib3.connectionpool::connectionpool.py:_new_conn:228: Starting new HTTP connection (1): localhost:10357
DEBUG    2022-05-28 23:25:22 urllib3.connectionpool::connectionpool.py:_make_request:456: http://localhost:10357 "POST /session HTTP/1.1" 200 790
DEBUG    2022-05-28 23:25:22 selenium.webdriver.remote.remote_connection::remote_connection.py:_request:383: Remote response: status=200 | data={"value":{"capabilities":{"acceptInsecureCerts":false,"browserName":"chrome","browserVersion":"102.0.5005.61","chrome":{"chromedriverVersion":"102.0.5005.61 (0e59bcc00cc4985ce39ad31c150065f159d95ad3-refs/branch-heads/5005@{#819})","userDataDir":"C:\\Users\\teddy\\AppData\\Local\\Temp\\scoped_dir49064_1070739240"},"goog:chromeOptions":{"debuggerAddress":"localhost:10360"},"networkConnectionEnabled":false,"pageLoadStrategy":"normal","platformName":"windows","proxy":{},"setWindowRect":true,"strictFileInteractability":false,"timeouts":{"implicit":0,"pageLoad":300000,"script":30000},"unhandledPromptBehavior":"dismiss and notify","webauthn:extension:credBlob":true,"webauthn:extension:largeBlob":true,"webauthn:virtualAuthenticators":true},"sessionId":"74d91dc8444d98b8ca7f6b50a37bd15c"}} | headers=HTTPHeaderDict({'Content-Length': '790', 'Content-Type': 'application/json; charset=utf-8', 'cache-control': 'no-cache'})
DEBUG    2022-05-28 23:25:22 selenium.webdriver.remote.remote_connection::remote_connection.py:_request:412: Finished Request
DEBUG    2022-05-28 23:25:22 selenium.webdriver.remote.remote_connection::remote_connection.py:_request:361: POST http://localhost:10357/session/74d91dc8444d98b8ca7f6b50a37bd15c/window/maximize {}
DEBUG    2022-05-28 23:25:22 urllib3.connectionpool::connectionpool.py:_make_request:456: http://localhost:10357 "POST /session/74d91dc8444d98b8ca7f6b50a37bd15c/window/maximize HTTP/1.1" 200 52
DEBUG    2022-05-28 23:25:22 selenium.webdriver.remote.remote_connection::remote_connection.py:_request:383: Remote response: status=200 | data={"value":{"height":1048,"width":1936,"x":-8,"y":-8}} | headers=HTTPHeaderDict({'Content-Length': '52', 'Content-Type': 'application/json; charset=utf-8', 'cache-control': 'no-cache'})
DEBUG    2022-05-28 23:25:22 selenium.webdriver.remote.remote_connection::remote_connection.py:_request:412: Finished Request
DEBUG    2022-05-28 23:25:22 selenium.webdriver.remote.remote_connection::remote_connection.py:_request:361: POST http://localhost:10357/session/74d91dc8444d98b8ca7f6b50a37bd15c/timeouts {"implicit": 10000}
DEBUG    2022-05-28 23:25:22 urllib3.connectionpool::connectionpool.py:_make_request:456: http://localhost:10357 "POST /session/74d91dc8444d98b8ca7f6b50a37bd15c/timeouts HTTP/1.1" 200 14
DEBUG    2022-05-28 23:25:22 selenium.webdriver.remote.remote_connection::remote_connection.py:_request:383: Remote response: status=200 | data={"value":null} | headers=HTTPHeaderDict({'Content-Length': '14', 'Content-Type': 'application/json; charset=utf-8', 'cache-control': 'no-cache'})
DEBUG    2022-05-28 23:25:22 selenium.webdriver.remote.remote_connection::remote_connection.py:_request:412: Finished Request
DEBUG    2022-05-28 23:25:22 selenium.webdriver.remote.remote_connection::remote_connection.py:_request:361: POST http://localhost:10357/session/74d91dc8444d98b8ca7f6b50a37bd15c/url {"url": "https://www.yogiyo.co.kr/mobile/#/"}
DEBUG    2022-05-28 23:25:24 urllib3.connectionpool::connectionpool.py:_make_request:456: http://localhost:10357 "POST /session/74d91dc8444d98b8ca7f6b50a37bd15c/url HTTP/1.1" 200 14
DEBUG    2022-05-28 23:25:24 selenium.webdriver.remote.remote_connection::remote_connection.py:_request:383: Remote response: status=200 | data={"value":null} | headers=HTTPHeaderDict({'Content-Length': '14', 'Content-Type': 'application/json; charset=utf-8', 'cache-control': 'no-cache'})
DEBUG    2022-05-28 23:25:24 selenium.webdriver.remote.remote_connection::remote_connection.py:_request:412: Finished Request
DEBUG    2022-05-28 23:25:24 selenium.webdriver.remote.remote_connection::remote_connection.py:_request:361: POST http://localhost:10357/session/74d91dc8444d98b8ca7f6b50a37bd15c/element {"using": "xpath", "value": "//input[@name='address_input']"}
DEBUG    2022-05-28 23:25:24 urllib3.connectionpool::connectionpool.py:_make_request:456: http://localhost:10357 "POST /session/74d91dc8444d98b8ca7f6b50a37bd15c/element HTTP/1.1" 200 88
DEBUG    2022-05-28 23:25:24 selenium.webdriver.remote.remote_connection::remote_connection.py:_request:383: Remote response: status=200 | data={"value":{"element-6066-11e4-a52e-4f735466cecf":"e0967e81-9f79-49b7-843c-696c3f7599d3"}} | headers=HTTPHeaderDict({'Content-Length': '88', 'Content-Type': 'application/json; charset=utf-8', 'cache-control': 'no-cache'})
DEBUG    2022-05-28 23:25:24 selenium.webdriver.remote.remote_connection::remote_connection.py:_request:412: Finished Request
DEBUG    2022-05-28 23:25:24 selenium.webdriver.remote.remote_connection::remote_connection.py:_request:361: POST http://localhost:10357/session/74d91dc8444d98b8ca7f6b50a37bd15c/element/e0967e81-9f79-49b7-843c-696c3f7599d3/clear {"id": "e0967e81-9f79-49b7-843c-696c3f7599d3"}
DEBUG    2022-05-28 23:25:24 urllib3.connectionpool::connectionpool.py:_make_request:456: http://localhost:10357 "POST /session/74d91dc8444d98b8ca7f6b50a37bd15c/element/e0967e81-9f79-49b7-843c-696c3f7599d3/clear HTTP/1.1" 200 14
DEBUG    2022-05-28 23:25:24 selenium.webdriver.remote.remote_connection::remote_connection.py:_request:383: Remote response: status=200 | data={"value":null} | headers=HTTPHeaderDict({'Content-Length': '14', 'Content-Type': 'application/json; charset=utf-8', 'cache-control': 'no-cache'})
DEBUG    2022-05-28 23:25:24 selenium.webdriver.remote.remote_connection::remote_connection.py:_request:412: Finished Request
DEBUG    2022-05-28 23:25:24 selenium.webdriver.remote.remote_connection::remote_connection.py:_request:361: POST http://localhost:10357/session/74d91dc8444d98b8ca7f6b50a37bd15c/element {"using": "xpath", "value": "//input[@name='address_input']"}
DEBUG    2022-05-28 23:25:24 urllib3.connectionpool::connectionpool.py:_make_request:456: http://localhost:10357 "POST /session/74d91dc8444d98b8ca7f6b50a37bd15c/element HTTP/1.1" 200 88
DEBUG    2022-05-28 23:25:24 selenium.webdriver.remote.remote_connection::remote_connection.py:_request:383: Remote response: status=200 | data={"value":{"element-6066-11e4-a52e-4f735466cecf":"e0967e81-9f79-49b7-843c-696c3f7599d3"}} | headers=HTTPHeaderDict({'Content-Length': '88', 'Content-Type': 'application/json; charset=utf-8', 'cache-control': 'no-cache'})
DEBUG    2022-05-28 23:25:24 selenium.webdriver.remote.remote_connection::remote_connection.py:_request:412: Finished Request
DEBUG    2022-05-28 23:25:24 selenium.webdriver.remote.remote_connection::remote_connection.py:_request:361: POST http://localhost:10357/session/74d91dc8444d98b8ca7f6b50a37bd15c/element/e0967e81-9f79-49b7-843c-696c3f7599d3/value {"text": "\uc11c\uc6b8\ud2b9\ubcc4\uc2dc \ub3d9\uc791\uad6c \uc0ac\ub2f9\ub3d9 144-4 \uc774\uc218\uc5ed(7\ud638\uc120)", "value": ["\uc11c", "\uc6b8", "\ud2b9", "\ubcc4", "\uc2dc", " ", "\ub3d9", "\uc791", "\uad6c", " ", "\uc0ac", "\ub2f9", "\ub3d9", " ", "1", "4", "4", "-", "4", " ", "\uc774", "\uc218", "\uc5ed", "(", "7", "\ud638", "\uc120", ")"], "id": "e0967e81-9f79-49b7-843c-696c3f7599d3"}
DEBUG    2022-05-28 23:25:24 urllib3.connectionpool::connectionpool.py:_make_request:456: http://localhost:10357 "POST /session/74d91dc8444d98b8ca7f6b50a37bd15c/element/e0967e81-9f79-49b7-843c-696c3f7599d3/value HTTP/1.1" 200 14
DEBUG    2022-05-28 23:25:24 selenium.webdriver.remote.remote_connection::remote_connection.py:_request:383: Remote response: status=200 | data={"value":null} | headers=HTTPHeaderDict({'Content-Length': '14', 'Content-Type': 'application/json; charset=utf-8', 'cache-control': 'no-cache'})
DEBUG    2022-05-28 23:25:24 selenium.webdriver.remote.remote_connection::remote_connection.py:_request:412: Finished Request
DEBUG    2022-05-28 23:25:24 selenium.webdriver.remote.remote_connection::remote_connection.py:_request:361: POST http://localhost:10357/session/74d91dc8444d98b8ca7f6b50a37bd15c/element {"using": "xpath", "value": "//button[@class='btn btn-default ico-pick']"}
DEBUG    2022-05-28 23:25:24 urllib3.connectionpool::connectionpool.py:_make_request:456: http://localhost:10357 "POST /session/74d91dc8444d98b8ca7f6b50a37bd15c/element HTTP/1.1" 200 88
DEBUG    2022-05-28 23:25:24 selenium.webdriver.remote.remote_connection::remote_connection.py:_request:383: Remote response: status=200 | data={"value":{"element-6066-11e4-a52e-4f735466cecf":"2e5d31df-d387-492e-aa71-3897bd4baa7e"}} | headers=HTTPHeaderDict({'Content-Length': '88', 'Content-Type': 'application/json; charset=utf-8', 'cache-control': 'no-cache'})
DEBUG    2022-05-28 23:25:24 selenium.webdriver.remote.remote_connection::remote_connection.py:_request:412: Finished Request
DEBUG    2022-05-28 23:25:24 selenium.webdriver.remote.remote_connection::remote_connection.py:_request:361: POST http://localhost:10357/session/74d91dc8444d98b8ca7f6b50a37bd15c/element/2e5d31df-d387-492e-aa71-3897bd4baa7e/click {"id": "2e5d31df-d387-492e-aa71-3897bd4baa7e"}
DEBUG    2022-05-28 23:25:24 urllib3.connectionpool::connectionpool.py:_make_request:456: http://localhost:10357 "POST /session/74d91dc8444d98b8ca7f6b50a37bd15c/element/2e5d31df-d387-492e-aa71-3897bd4baa7e/click HTTP/1.1" 200 14
DEBUG    2022-05-28 23:25:24 selenium.webdriver.remote.remote_connection::remote_connection.py:_request:383: Remote response: status=200 | data={"value":null} | headers=HTTPHeaderDict({'Content-Length': '14', 'Content-Type': 'application/json; charset=utf-8', 'cache-control': 'no-cache'})
DEBUG    2022-05-28 23:25:24 selenium.webdriver.remote.remote_connection::remote_connection.py:_request:412: Finished Request
DEBUG    2022-05-28 23:25:26 selenium.webdriver.remote.remote_connection::remote_connection.py:_request:361: GET http://localhost:10357/session/74d91dc8444d98b8ca7f6b50a37bd15c/url {}
DEBUG    2022-05-28 23:25:26 urllib3.connectionpool::connectionpool.py:_make_request:456: http://localhost:10357 "GET /session/74d91dc8444d98b8ca7f6b50a37bd15c/url HTTP/1.1" 200 99
DEBUG    2022-05-28 23:25:26 selenium.webdriver.remote.remote_connection::remote_connection.py:_request:383: Remote response: status=200 | data={"value":"https://www.yogiyo.co.kr/mobile/#/%EC%84%9C%EC%9A%B8%ED%8A%B9%EB%B3%84%EC%8B%9C/156091/"} | headers=HTTPHeaderDict({'Content-Length': '99', 'Content-Type': 'application/json; charset=utf-8', 'cache-control': 'no-cache'})
DEBUG    2022-05-28 23:25:26 selenium.webdriver.remote.remote_connection::remote_connection.py:_request:412: Finished Request
INFO     2022-05-28 23:25:26 root::mod_common.py:compare_url:25: 현재 URL : https://www.yogiyo.co.kr/mobile/#/%EC%84%9C%EC%9A%B8%ED%8A%B9%EB%B3%84%EC%8B%9C/156091/
INFO     2022-05-28 23:25:26 root::mod_common.py:compare_url:26: 비교 URL : https://www.yogiyo.co.kr/mobile/#/%EC%84%9C%EC%9A%B8%ED%8A%B9%EB%B3%84%EC%8B%9C/156091/
INFO     2022-05-28 23:25:26 root::mod_common.py:compare_url:28: 두 URL이 일치합니다.
INFO     2022-05-28 23:25:26 root::mod_enter.py:enter_restaurant_list:19: Success : 레스토랑 리스트 페이지 진입에 성공했습니다.
DEBUG    2022-05-28 23:25:26 selenium.webdriver.remote.remote_connection::remote_connection.py:_request:361: POST http://localhost:10357/session/74d91dc8444d98b8ca7f6b50a37bd15c/execute/sync {"script": "return document.body.scrollHeight", "args": []}
DEBUG    2022-05-28 23:25:26 urllib3.connectionpool::connectionpool.py:_make_request:456: http://localhost:10357 "POST /session/74d91dc8444d98b8ca7f6b50a37bd15c/execute/sync HTTP/1.1" 200 14
DEBUG    2022-05-28 23:25:26 selenium.webdriver.remote.remote_connection::remote_connection.py:_request:383: Remote response: status=200 | data={"value":4505} | headers=HTTPHeaderDict({'Content-Length': '14', 'Content-Type': 'application/json; charset=utf-8', 'cache-control': 'no-cache'})
DEBUG    2022-05-28 23:25:26 selenium.webdriver.remote.remote_connection::remote_connection.py:_request:412: Finished Request
DEBUG    2022-05-28 23:25:26 selenium.webdriver.remote.remote_connection::remote_connection.py:_request:361: POST http://localhost:10357/session/74d91dc8444d98b8ca7f6b50a37bd15c/execute/sync {"script": "window.scrollTo(0, 4505)", "args": []}
DEBUG    2022-05-28 23:25:26 urllib3.connectionpool::connectionpool.py:_make_request:456: http://localhost:10357 "POST /session/74d91dc8444d98b8ca7f6b50a37bd15c/execute/sync HTTP/1.1" 200 14
DEBUG    2022-05-28 23:25:26 selenium.webdriver.remote.remote_connection::remote_connection.py:_request:383: Remote response: status=200 | data={"value":null} | headers=HTTPHeaderDict({'Content-Length': '14', 'Content-Type': 'application/json; charset=utf-8', 'cache-control': 'no-cache'})
DEBUG    2022-05-28 23:25:26 selenium.webdriver.remote.remote_connection::remote_connection.py:_request:412: Finished Request
DEBUG    2022-05-28 23:25:27 selenium.webdriver.remote.remote_connection::remote_connection.py:_request:361: POST http://localhost:10357/session/74d91dc8444d98b8ca7f6b50a37bd15c/execute/sync {"script": "return document.body.scrollHeight", "args": []}
DEBUG    2022-05-28 23:25:27 urllib3.connectionpool::connectionpool.py:_make_request:456: http://localhost:10357 "POST /session/74d91dc8444d98b8ca7f6b50a37bd15c/execute/sync HTTP/1.1" 200 14
DEBUG    2022-05-28 23:25:27 selenium.webdriver.remote.remote_connection::remote_connection.py:_request:383: Remote response: status=200 | data={"value":7984} | headers=HTTPHeaderDict({'Content-Length': '14', 'Content-Type': 'application/json; charset=utf-8', 'cache-control': 'no-cache'})
DEBUG    2022-05-28 23:25:27 selenium.webdriver.remote.remote_connection::remote_connection.py:_request:412: Finished Request
DEBUG    2022-05-28 23:25:27 selenium.webdriver.remote.remote_connection::remote_connection.py:_request:361: POST http://localhost:10357/session/74d91dc8444d98b8ca7f6b50a37bd15c/execute/sync {"script": "window.scrollTo(4505, 7984)", "args": []}
DEBUG    2022-05-28 23:25:27 urllib3.connectionpool::connectionpool.py:_make_request:456: http://localhost:10357 "POST /session/74d91dc8444d98b8ca7f6b50a37bd15c/execute/sync HTTP/1.1" 200 14
DEBUG    2022-05-28 23:25:27 selenium.webdriver.remote.remote_connection::remote_connection.py:_request:383: Remote response: status=200 | data={"value":null} | headers=HTTPHeaderDict({'Content-Length': '14', 'Content-Type': 'application/json; charset=utf-8', 'cache-control': 'no-cache'})
DEBUG    2022-05-28 23:25:27 selenium.webdriver.remote.remote_connection::remote_connection.py:_request:412: Finished Request
DEBUG    2022-05-28 23:25:28 selenium.webdriver.remote.remote_connection::remote_connection.py:_request:361: POST http://localhost:10357/session/74d91dc8444d98b8ca7f6b50a37bd15c/execute/sync {"script": "return document.body.scrollHeight", "args": []}
DEBUG    2022-05-28 23:25:28 urllib3.connectionpool::connectionpool.py:_make_request:456: http://localhost:10357 "POST /session/74d91dc8444d98b8ca7f6b50a37bd15c/execute/sync HTTP/1.1" 200 15
DEBUG    2022-05-28 23:25:28 selenium.webdriver.remote.remote_connection::remote_connection.py:_request:383: Remote response: status=200 | data={"value":11524} | headers=HTTPHeaderDict({'Content-Length': '15', 'Content-Type': 'application/json; charset=utf-8', 'cache-control': 'no-cache'})
DEBUG    2022-05-28 23:25:28 selenium.webdriver.remote.remote_connection::remote_connection.py:_request:412: Finished Request
DEBUG    2022-05-28 23:25:28 selenium.webdriver.remote.remote_connection::remote_connection.py:_request:361: POST http://localhost:10357/session/74d91dc8444d98b8ca7f6b50a37bd15c/execute/sync {"script": "window.scrollTo(7984, 11524)", "args": []}
DEBUG    2022-05-28 23:25:28 urllib3.connectionpool::connectionpool.py:_make_request:456: http://localhost:10357 "POST /session/74d91dc8444d98b8ca7f6b50a37bd15c/execute/sync HTTP/1.1" 200 14
DEBUG    2022-05-28 23:25:28 selenium.webdriver.remote.remote_connection::remote_connection.py:_request:383: Remote response: status=200 | data={"value":null} | headers=HTTPHeaderDict({'Content-Length': '14', 'Content-Type': 'application/json; charset=utf-8', 'cache-control': 'no-cache'})
DEBUG    2022-05-28 23:25:28 selenium.webdriver.remote.remote_connection::remote_connection.py:_request:412: Finished Request
DEBUG    2022-05-28 23:25:29 selenium.webdriver.remote.remote_connection::remote_connection.py:_request:361: POST http://localhost:10357/session/74d91dc8444d98b8ca7f6b50a37bd15c/execute/sync {"script": "return document.body.scrollHeight", "args": []}
DEBUG    2022-05-28 23:25:29 urllib3.connectionpool::connectionpool.py:_make_request:456: http://localhost:10357 "POST /session/74d91dc8444d98b8ca7f6b50a37bd15c/execute/sync HTTP/1.1" 200 15
DEBUG    2022-05-28 23:25:29 selenium.webdriver.remote.remote_connection::remote_connection.py:_request:383: Remote response: status=200 | data={"value":15064} | headers=HTTPHeaderDict({'Content-Length': '15', 'Content-Type': 'application/json; charset=utf-8', 'cache-control': 'no-cache'})
DEBUG    2022-05-28 23:25:29 selenium.webdriver.remote.remote_connection::remote_connection.py:_request:412: Finished Request
DEBUG    2022-05-28 23:25:29 selenium.webdriver.remote.remote_connection::remote_connection.py:_request:361: POST http://localhost:10357/session/74d91dc8444d98b8ca7f6b50a37bd15c/execute/sync {"script": "window.scrollTo(11524, 15064)", "args": []}
DEBUG    2022-05-28 23:25:29 urllib3.connectionpool::connectionpool.py:_make_request:456: http://localhost:10357 "POST /session/74d91dc8444d98b8ca7f6b50a37bd15c/execute/sync HTTP/1.1" 200 14
DEBUG    2022-05-28 23:25:29 selenium.webdriver.remote.remote_connection::remote_connection.py:_request:383: Remote response: status=200 | data={"value":null} | headers=HTTPHeaderDict({'Content-Length': '14', 'Content-Type': 'application/json; charset=utf-8', 'cache-control': 'no-cache'})
DEBUG    2022-05-28 23:25:29 selenium.webdriver.remote.remote_connection::remote_connection.py:_request:412: Finished Request
DEBUG    2022-05-28 23:25:30 selenium.webdriver.remote.remote_connection::remote_connection.py:_request:361: POST http://localhost:10357/session/74d91dc8444d98b8ca7f6b50a37bd15c/execute/sync {"script": "return document.body.scrollHeight", "args": []}
DEBUG    2022-05-28 23:25:30 urllib3.connectionpool::connectionpool.py:_make_request:456: http://localhost:10357 "POST /session/74d91dc8444d98b8ca7f6b50a37bd15c/execute/sync HTTP/1.1" 200 15
DEBUG    2022-05-28 23:25:30 selenium.webdriver.remote.remote_connection::remote_connection.py:_request:383: Remote response: status=200 | data={"value":18604} | headers=HTTPHeaderDict({'Content-Length': '15', 'Content-Type': 'application/json; charset=utf-8', 'cache-control': 'no-cache'})
DEBUG    2022-05-28 23:25:30 selenium.webdriver.remote.remote_connection::remote_connection.py:_request:412: Finished Request
DEBUG    2022-05-28 23:25:30 selenium.webdriver.remote.remote_connection::remote_connection.py:_request:361: POST http://localhost:10357/session/74d91dc8444d98b8ca7f6b50a37bd15c/execute/sync {"script": "window.scrollTo(15064, 18604)", "args": []}
DEBUG    2022-05-28 23:25:30 urllib3.connectionpool::connectionpool.py:_make_request:456: http://localhost:10357 "POST /session/74d91dc8444d98b8ca7f6b50a37bd15c/execute/sync HTTP/1.1" 200 14
DEBUG    2022-05-28 23:25:30 selenium.webdriver.remote.remote_connection::remote_connection.py:_request:383: Remote response: status=200 | data={"value":null} | headers=HTTPHeaderDict({'Content-Length': '14', 'Content-Type': 'application/json; charset=utf-8', 'cache-control': 'no-cache'})
DEBUG    2022-05-28 23:25:30 selenium.webdriver.remote.remote_connection::remote_connection.py:_request:412: Finished Request
DEBUG    2022-05-28 23:25:31 selenium.webdriver.remote.remote_connection::remote_connection.py:_request:361: POST http://localhost:10357/session/74d91dc8444d98b8ca7f6b50a37bd15c/execute/sync {"script": "return document.body.scrollHeight", "args": []}
DEBUG    2022-05-28 23:25:31 urllib3.connectionpool::connectionpool.py:_make_request:456: http://localhost:10357 "POST /session/74d91dc8444d98b8ca7f6b50a37bd15c/execute/sync HTTP/1.1" 200 15
DEBUG    2022-05-28 23:25:31 selenium.webdriver.remote.remote_connection::remote_connection.py:_request:383: Remote response: status=200 | data={"value":22144} | headers=HTTPHeaderDict({'Content-Length': '15', 'Content-Type': 'application/json; charset=utf-8', 'cache-control': 'no-cache'})
DEBUG    2022-05-28 23:25:31 selenium.webdriver.remote.remote_connection::remote_connection.py:_request:412: Finished Request
DEBUG    2022-05-28 23:25:31 selenium.webdriver.remote.remote_connection::remote_connection.py:_request:361: POST http://localhost:10357/session/74d91dc8444d98b8ca7f6b50a37bd15c/execute/sync {"script": "window.scrollTo(18604, 22144)", "args": []}
DEBUG    2022-05-28 23:25:31 urllib3.connectionpool::connectionpool.py:_make_request:456: http://localhost:10357 "POST /session/74d91dc8444d98b8ca7f6b50a37bd15c/execute/sync HTTP/1.1" 200 14
DEBUG    2022-05-28 23:25:31 selenium.webdriver.remote.remote_connection::remote_connection.py:_request:383: Remote response: status=200 | data={"value":null} | headers=HTTPHeaderDict({'Content-Length': '14', 'Content-Type': 'application/json; charset=utf-8', 'cache-control': 'no-cache'})
DEBUG    2022-05-28 23:25:31 selenium.webdriver.remote.remote_connection::remote_connection.py:_request:412: Finished Request
DEBUG    2022-05-28 23:25:32 selenium.webdriver.remote.remote_connection::remote_connection.py:_request:361: POST http://localhost:10357/session/74d91dc8444d98b8ca7f6b50a37bd15c/execute/sync {"script": "return document.body.scrollHeight", "args": []}
DEBUG    2022-05-28 23:25:32 urllib3.connectionpool::connectionpool.py:_make_request:456: http://localhost:10357 "POST /session/74d91dc8444d98b8ca7f6b50a37bd15c/execute/sync HTTP/1.1" 200 15
DEBUG    2022-05-28 23:25:32 selenium.webdriver.remote.remote_connection::remote_connection.py:_request:383: Remote response: status=200 | data={"value":25684} | headers=HTTPHeaderDict({'Content-Length': '15', 'Content-Type': 'application/json; charset=utf-8', 'cache-control': 'no-cache'})
DEBUG    2022-05-28 23:25:32 selenium.webdriver.remote.remote_connection::remote_connection.py:_request:412: Finished Request
DEBUG    2022-05-28 23:25:32 selenium.webdriver.remote.remote_connection::remote_connection.py:_request:361: POST http://localhost:10357/session/74d91dc8444d98b8ca7f6b50a37bd15c/execute/sync {"script": "window.scrollTo(22144, 25684)", "args": []}
DEBUG    2022-05-28 23:25:32 urllib3.connectionpool::connectionpool.py:_make_request:456: http://localhost:10357 "POST /session/74d91dc8444d98b8ca7f6b50a37bd15c/execute/sync HTTP/1.1" 200 14
DEBUG    2022-05-28 23:25:32 selenium.webdriver.remote.remote_connection::remote_connection.py:_request:383: Remote response: status=200 | data={"value":null} | headers=HTTPHeaderDict({'Content-Length': '14', 'Content-Type': 'application/json; charset=utf-8', 'cache-control': 'no-cache'})
DEBUG    2022-05-28 23:25:32 selenium.webdriver.remote.remote_connection::remote_connection.py:_request:412: Finished Request
DEBUG    2022-05-28 23:25:32 selenium.webdriver.remote.remote_connection::remote_connection.py:_request:361: POST http://localhost:10357/session/74d91dc8444d98b8ca7f6b50a37bd15c/execute/sync {"script": "return document.body.scrollHeight", "args": []}
DEBUG    2022-05-28 23:25:32 urllib3.connectionpool::connectionpool.py:_make_request:456: http://localhost:10357 "POST /session/74d91dc8444d98b8ca7f6b50a37bd15c/execute/sync HTTP/1.1" 200 15
DEBUG    2022-05-28 23:25:32 selenium.webdriver.remote.remote_connection::remote_connection.py:_request:383: Remote response: status=200 | data={"value":29224} | headers=HTTPHeaderDict({'Content-Length': '15', 'Content-Type': 'application/json; charset=utf-8', 'cache-control': 'no-cache'})
DEBUG    2022-05-28 23:25:32 selenium.webdriver.remote.remote_connection::remote_connection.py:_request:412: Finished Request
DEBUG    2022-05-28 23:25:32 selenium.webdriver.remote.remote_connection::remote_connection.py:_request:361: POST http://localhost:10357/session/74d91dc8444d98b8ca7f6b50a37bd15c/execute/sync {"script": "window.scrollTo(25684, 29224)", "args": []}
DEBUG    2022-05-28 23:25:32 urllib3.connectionpool::connectionpool.py:_make_request:456: http://localhost:10357 "POST /session/74d91dc8444d98b8ca7f6b50a37bd15c/execute/sync HTTP/1.1" 200 14
DEBUG    2022-05-28 23:25:32 selenium.webdriver.remote.remote_connection::remote_connection.py:_request:383: Remote response: status=200 | data={"value":null} | headers=HTTPHeaderDict({'Content-Length': '14', 'Content-Type': 'application/json; charset=utf-8', 'cache-control': 'no-cache'})
DEBUG    2022-05-28 23:25:32 selenium.webdriver.remote.remote_connection::remote_connection.py:_request:412: Finished Request
DEBUG    2022-05-28 23:25:33 selenium.webdriver.remote.remote_connection::remote_connection.py:_request:361: POST http://localhost:10357/session/74d91dc8444d98b8ca7f6b50a37bd15c/execute/sync {"script": "return document.body.scrollHeight", "args": []}
DEBUG    2022-05-28 23:25:33 urllib3.connectionpool::connectionpool.py:_make_request:456: http://localhost:10357 "POST /session/74d91dc8444d98b8ca7f6b50a37bd15c/execute/sync HTTP/1.1" 200 15
DEBUG    2022-05-28 23:25:33 selenium.webdriver.remote.remote_connection::remote_connection.py:_request:383: Remote response: status=200 | data={"value":32764} | headers=HTTPHeaderDict({'Content-Length': '15', 'Content-Type': 'application/json; charset=utf-8', 'cache-control': 'no-cache'})
DEBUG    2022-05-28 23:25:33 selenium.webdriver.remote.remote_connection::remote_connection.py:_request:412: Finished Request
DEBUG    2022-05-28 23:25:33 selenium.webdriver.remote.remote_connection::remote_connection.py:_request:361: POST http://localhost:10357/session/74d91dc8444d98b8ca7f6b50a37bd15c/execute/sync {"script": "window.scrollTo(29224, 32764)", "args": []}
DEBUG    2022-05-28 23:25:33 urllib3.connectionpool::connectionpool.py:_make_request:456: http://localhost:10357 "POST /session/74d91dc8444d98b8ca7f6b50a37bd15c/execute/sync HTTP/1.1" 200 14
DEBUG    2022-05-28 23:25:33 selenium.webdriver.remote.remote_connection::remote_connection.py:_request:383: Remote response: status=200 | data={"value":null} | headers=HTTPHeaderDict({'Content-Length': '14', 'Content-Type': 'application/json; charset=utf-8', 'cache-control': 'no-cache'})
DEBUG    2022-05-28 23:25:33 selenium.webdriver.remote.remote_connection::remote_connection.py:_request:412: Finished Request
DEBUG    2022-05-28 23:25:34 selenium.webdriver.remote.remote_connection::remote_connection.py:_request:361: POST http://localhost:10357/session/74d91dc8444d98b8ca7f6b50a37bd15c/execute/sync {"script": "return document.body.scrollHeight", "args": []}
DEBUG    2022-05-28 23:25:34 urllib3.connectionpool::connectionpool.py:_make_request:456: http://localhost:10357 "POST /session/74d91dc8444d98b8ca7f6b50a37bd15c/execute/sync HTTP/1.1" 200 15
DEBUG    2022-05-28 23:25:34 selenium.webdriver.remote.remote_connection::remote_connection.py:_request:383: Remote response: status=200 | data={"value":36304} | headers=HTTPHeaderDict({'Content-Length': '15', 'Content-Type': 'application/json; charset=utf-8', 'cache-control': 'no-cache'})
DEBUG    2022-05-28 23:25:34 selenium.webdriver.remote.remote_connection::remote_connection.py:_request:412: Finished Request
DEBUG    2022-05-28 23:25:34 selenium.webdriver.remote.remote_connection::remote_connection.py:_request:361: POST http://localhost:10357/session/74d91dc8444d98b8ca7f6b50a37bd15c/execute/sync {"script": "window.scrollTo(32764, 36304)", "args": []}
DEBUG    2022-05-28 23:25:34 urllib3.connectionpool::connectionpool.py:_make_request:456: http://localhost:10357 "POST /session/74d91dc8444d98b8ca7f6b50a37bd15c/execute/sync HTTP/1.1" 200 14
DEBUG    2022-05-28 23:25:34 selenium.webdriver.remote.remote_connection::remote_connection.py:_request:383: Remote response: status=200 | data={"value":null} | headers=HTTPHeaderDict({'Content-Length': '14', 'Content-Type': 'application/json; charset=utf-8', 'cache-control': 'no-cache'})
DEBUG    2022-05-28 23:25:34 selenium.webdriver.remote.remote_connection::remote_connection.py:_request:412: Finished Request
DEBUG    2022-05-28 23:25:35 selenium.webdriver.remote.remote_connection::remote_connection.py:_request:361: POST http://localhost:10357/session/74d91dc8444d98b8ca7f6b50a37bd15c/execute/sync {"script": "return document.body.scrollHeight", "args": []}
DEBUG    2022-05-28 23:25:35 urllib3.connectionpool::connectionpool.py:_make_request:456: http://localhost:10357 "POST /session/74d91dc8444d98b8ca7f6b50a37bd15c/execute/sync HTTP/1.1" 200 15
DEBUG    2022-05-28 23:25:35 selenium.webdriver.remote.remote_connection::remote_connection.py:_request:383: Remote response: status=200 | data={"value":39844} | headers=HTTPHeaderDict({'Content-Length': '15', 'Content-Type': 'application/json; charset=utf-8', 'cache-control': 'no-cache'})
DEBUG    2022-05-28 23:25:35 selenium.webdriver.remote.remote_connection::remote_connection.py:_request:412: Finished Request
DEBUG    2022-05-28 23:25:35 selenium.webdriver.remote.remote_connection::remote_connection.py:_request:361: POST http://localhost:10357/session/74d91dc8444d98b8ca7f6b50a37bd15c/execute/sync {"script": "window.scrollTo(36304, 39844)", "args": []}
DEBUG    2022-05-28 23:25:35 urllib3.connectionpool::connectionpool.py:_make_request:456: http://localhost:10357 "POST /session/74d91dc8444d98b8ca7f6b50a37bd15c/execute/sync HTTP/1.1" 200 14
DEBUG    2022-05-28 23:25:35 selenium.webdriver.remote.remote_connection::remote_connection.py:_request:383: Remote response: status=200 | data={"value":null} | headers=HTTPHeaderDict({'Content-Length': '14', 'Content-Type': 'application/json; charset=utf-8', 'cache-control': 'no-cache'})
DEBUG    2022-05-28 23:25:35 selenium.webdriver.remote.remote_connection::remote_connection.py:_request:412: Finished Request
DEBUG    2022-05-28 23:25:36 selenium.webdriver.remote.remote_connection::remote_connection.py:_request:361: POST http://localhost:10357/session/74d91dc8444d98b8ca7f6b50a37bd15c/execute/sync {"script": "return document.body.scrollHeight", "args": []}
DEBUG    2022-05-28 23:25:36 urllib3.connectionpool::connectionpool.py:_make_request:456: http://localhost:10357 "POST /session/74d91dc8444d98b8ca7f6b50a37bd15c/execute/sync HTTP/1.1" 200 15
DEBUG    2022-05-28 23:25:36 selenium.webdriver.remote.remote_connection::remote_connection.py:_request:383: Remote response: status=200 | data={"value":43384} | headers=HTTPHeaderDict({'Content-Length': '15', 'Content-Type': 'application/json; charset=utf-8', 'cache-control': 'no-cache'})
DEBUG    2022-05-28 23:25:36 selenium.webdriver.remote.remote_connection::remote_connection.py:_request:412: Finished Request
DEBUG    2022-05-28 23:25:36 selenium.webdriver.remote.remote_connection::remote_connection.py:_request:361: POST http://localhost:10357/session/74d91dc8444d98b8ca7f6b50a37bd15c/execute/sync {"script": "window.scrollTo(39844, 43384)", "args": []}
DEBUG    2022-05-28 23:25:36 urllib3.connectionpool::connectionpool.py:_make_request:456: http://localhost:10357 "POST /session/74d91dc8444d98b8ca7f6b50a37bd15c/execute/sync HTTP/1.1" 200 14
DEBUG    2022-05-28 23:25:36 selenium.webdriver.remote.remote_connection::remote_connection.py:_request:383: Remote response: status=200 | data={"value":null} | headers=HTTPHeaderDict({'Content-Length': '14', 'Content-Type': 'application/json; charset=utf-8', 'cache-control': 'no-cache'})
DEBUG    2022-05-28 23:25:36 selenium.webdriver.remote.remote_connection::remote_connection.py:_request:412: Finished Request
DEBUG    2022-05-28 23:25:37 selenium.webdriver.remote.remote_connection::remote_connection.py:_request:361: POST http://localhost:10357/session/74d91dc8444d98b8ca7f6b50a37bd15c/execute/sync {"script": "return document.body.scrollHeight", "args": []}
DEBUG    2022-05-28 23:25:37 urllib3.connectionpool::connectionpool.py:_make_request:456: http://localhost:10357 "POST /session/74d91dc8444d98b8ca7f6b50a37bd15c/execute/sync HTTP/1.1" 200 15
DEBUG    2022-05-28 23:25:37 selenium.webdriver.remote.remote_connection::remote_connection.py:_request:383: Remote response: status=200 | data={"value":46924} | headers=HTTPHeaderDict({'Content-Length': '15', 'Content-Type': 'application/json; charset=utf-8', 'cache-control': 'no-cache'})
DEBUG    2022-05-28 23:25:37 selenium.webdriver.remote.remote_connection::remote_connection.py:_request:412: Finished Request
DEBUG    2022-05-28 23:25:37 selenium.webdriver.remote.remote_connection::remote_connection.py:_request:361: POST http://localhost:10357/session/74d91dc8444d98b8ca7f6b50a37bd15c/execute/sync {"script": "window.scrollTo(43384, 46924)", "args": []}
DEBUG    2022-05-28 23:25:37 urllib3.connectionpool::connectionpool.py:_make_request:456: http://localhost:10357 "POST /session/74d91dc8444d98b8ca7f6b50a37bd15c/execute/sync HTTP/1.1" 200 14
DEBUG    2022-05-28 23:25:37 selenium.webdriver.remote.remote_connection::remote_connection.py:_request:383: Remote response: status=200 | data={"value":null} | headers=HTTPHeaderDict({'Content-Length': '14', 'Content-Type': 'application/json; charset=utf-8', 'cache-control': 'no-cache'})
DEBUG    2022-05-28 23:25:37 selenium.webdriver.remote.remote_connection::remote_connection.py:_request:412: Finished Request
DEBUG    2022-05-28 23:25:38 selenium.webdriver.remote.remote_connection::remote_connection.py:_request:361: POST http://localhost:10357/session/74d91dc8444d98b8ca7f6b50a37bd15c/execute/sync {"script": "return document.body.scrollHeight", "args": []}
DEBUG    2022-05-28 23:25:38 urllib3.connectionpool::connectionpool.py:_make_request:456: http://localhost:10357 "POST /session/74d91dc8444d98b8ca7f6b50a37bd15c/execute/sync HTTP/1.1" 200 15
DEBUG    2022-05-28 23:25:38 selenium.webdriver.remote.remote_connection::remote_connection.py:_request:383: Remote response: status=200 | data={"value":50464} | headers=HTTPHeaderDict({'Content-Length': '15', 'Content-Type': 'application/json; charset=utf-8', 'cache-control': 'no-cache'})
DEBUG    2022-05-28 23:25:38 selenium.webdriver.remote.remote_connection::remote_connection.py:_request:412: Finished Request
DEBUG    2022-05-28 23:25:38 selenium.webdriver.remote.remote_connection::remote_connection.py:_request:361: POST http://localhost:10357/session/74d91dc8444d98b8ca7f6b50a37bd15c/execute/sync {"script": "window.scrollTo(46924, 50464)", "args": []}
DEBUG    2022-05-28 23:25:38 urllib3.connectionpool::connectionpool.py:_make_request:456: http://localhost:10357 "POST /session/74d91dc8444d98b8ca7f6b50a37bd15c/execute/sync HTTP/1.1" 200 14
DEBUG    2022-05-28 23:25:38 selenium.webdriver.remote.remote_connection::remote_connection.py:_request:383: Remote response: status=200 | data={"value":null} | headers=HTTPHeaderDict({'Content-Length': '14', 'Content-Type': 'application/json; charset=utf-8', 'cache-control': 'no-cache'})
DEBUG    2022-05-28 23:25:38 selenium.webdriver.remote.remote_connection::remote_connection.py:_request:412: Finished Request
DEBUG    2022-05-28 23:25:39 selenium.webdriver.remote.remote_connection::remote_connection.py:_request:361: POST http://localhost:10357/session/74d91dc8444d98b8ca7f6b50a37bd15c/execute/sync {"script": "return document.body.scrollHeight", "args": []}
DEBUG    2022-05-28 23:25:39 urllib3.connectionpool::connectionpool.py:_make_request:456: http://localhost:10357 "POST /session/74d91dc8444d98b8ca7f6b50a37bd15c/execute/sync HTTP/1.1" 200 15
DEBUG    2022-05-28 23:25:39 selenium.webdriver.remote.remote_connection::remote_connection.py:_request:383: Remote response: status=200 | data={"value":54004} | headers=HTTPHeaderDict({'Content-Length': '15', 'Content-Type': 'application/json; charset=utf-8', 'cache-control': 'no-cache'})
DEBUG    2022-05-28 23:25:39 selenium.webdriver.remote.remote_connection::remote_connection.py:_request:412: Finished Request
DEBUG    2022-05-28 23:25:39 selenium.webdriver.remote.remote_connection::remote_connection.py:_request:361: POST http://localhost:10357/session/74d91dc8444d98b8ca7f6b50a37bd15c/execute/sync {"script": "window.scrollTo(50464, 54004)", "args": []}
DEBUG    2022-05-28 23:25:39 urllib3.connectionpool::connectionpool.py:_make_request:456: http://localhost:10357 "POST /session/74d91dc8444d98b8ca7f6b50a37bd15c/execute/sync HTTP/1.1" 200 14
DEBUG    2022-05-28 23:25:39 selenium.webdriver.remote.remote_connection::remote_connection.py:_request:383: Remote response: status=200 | data={"value":null} | headers=HTTPHeaderDict({'Content-Length': '14', 'Content-Type': 'application/json; charset=utf-8', 'cache-control': 'no-cache'})
DEBUG    2022-05-28 23:25:39 selenium.webdriver.remote.remote_connection::remote_connection.py:_request:412: Finished Request
DEBUG    2022-05-28 23:25:40 selenium.webdriver.remote.remote_connection::remote_connection.py:_request:361: POST http://localhost:10357/session/74d91dc8444d98b8ca7f6b50a37bd15c/execute/sync {"script": "return document.body.scrollHeight", "args": []}
DEBUG    2022-05-28 23:25:40 urllib3.connectionpool::connectionpool.py:_make_request:456: http://localhost:10357 "POST /session/74d91dc8444d98b8ca7f6b50a37bd15c/execute/sync HTTP/1.1" 200 15
DEBUG    2022-05-28 23:25:40 selenium.webdriver.remote.remote_connection::remote_connection.py:_request:383: Remote response: status=200 | data={"value":57544} | headers=HTTPHeaderDict({'Content-Length': '15', 'Content-Type': 'application/json; charset=utf-8', 'cache-control': 'no-cache'})
DEBUG    2022-05-28 23:25:40 selenium.webdriver.remote.remote_connection::remote_connection.py:_request:412: Finished Request
DEBUG    2022-05-28 23:25:40 selenium.webdriver.remote.remote_connection::remote_connection.py:_request:361: POST http://localhost:10357/session/74d91dc8444d98b8ca7f6b50a37bd15c/execute/sync {"script": "window.scrollTo(54004, 57544)", "args": []}
DEBUG    2022-05-28 23:25:40 urllib3.connectionpool::connectionpool.py:_make_request:456: http://localhost:10357 "POST /session/74d91dc8444d98b8ca7f6b50a37bd15c/execute/sync HTTP/1.1" 200 14
DEBUG    2022-05-28 23:25:40 selenium.webdriver.remote.remote_connection::remote_connection.py:_request:383: Remote response: status=200 | data={"value":null} | headers=HTTPHeaderDict({'Content-Length': '14', 'Content-Type': 'application/json; charset=utf-8', 'cache-control': 'no-cache'})
DEBUG    2022-05-28 23:25:40 selenium.webdriver.remote.remote_connection::remote_connection.py:_request:412: Finished Request
DEBUG    2022-05-28 23:25:41 selenium.webdriver.remote.remote_connection::remote_connection.py:_request:361: POST http://localhost:10357/session/74d91dc8444d98b8ca7f6b50a37bd15c/execute/sync {"script": "return document.body.scrollHeight", "args": []}
DEBUG    2022-05-28 23:25:41 urllib3.connectionpool::connectionpool.py:_make_request:456: http://localhost:10357 "POST /session/74d91dc8444d98b8ca7f6b50a37bd15c/execute/sync HTTP/1.1" 200 15
DEBUG    2022-05-28 23:25:41 selenium.webdriver.remote.remote_connection::remote_connection.py:_request:383: Remote response: status=200 | data={"value":61084} | headers=HTTPHeaderDict({'Content-Length': '15', 'Content-Type': 'application/json; charset=utf-8', 'cache-control': 'no-cache'})
DEBUG    2022-05-28 23:25:41 selenium.webdriver.remote.remote_connection::remote_connection.py:_request:412: Finished Request
DEBUG    2022-05-28 23:25:41 selenium.webdriver.remote.remote_connection::remote_connection.py:_request:361: POST http://localhost:10357/session/74d91dc8444d98b8ca7f6b50a37bd15c/execute/sync {"script": "window.scrollTo(57544, 61084)", "args": []}
DEBUG    2022-05-28 23:25:41 urllib3.connectionpool::connectionpool.py:_make_request:456: http://localhost:10357 "POST /session/74d91dc8444d98b8ca7f6b50a37bd15c/execute/sync HTTP/1.1" 200 14
DEBUG    2022-05-28 23:25:41 selenium.webdriver.remote.remote_connection::remote_connection.py:_request:383: Remote response: status=200 | data={"value":null} | headers=HTTPHeaderDict({'Content-Length': '14', 'Content-Type': 'application/json; charset=utf-8', 'cache-control': 'no-cache'})
DEBUG    2022-05-28 23:25:41 selenium.webdriver.remote.remote_connection::remote_connection.py:_request:412: Finished Request
DEBUG    2022-05-28 23:25:42 selenium.webdriver.remote.remote_connection::remote_connection.py:_request:361: POST http://localhost:10357/session/74d91dc8444d98b8ca7f6b50a37bd15c/execute/sync {"script": "return document.body.scrollHeight", "args": []}
DEBUG    2022-05-28 23:25:42 urllib3.connectionpool::connectionpool.py:_make_request:456: http://localhost:10357 "POST /session/74d91dc8444d98b8ca7f6b50a37bd15c/execute/sync HTTP/1.1" 200 15
DEBUG    2022-05-28 23:25:42 selenium.webdriver.remote.remote_connection::remote_connection.py:_request:383: Remote response: status=200 | data={"value":64624} | headers=HTTPHeaderDict({'Content-Length': '15', 'Content-Type': 'application/json; charset=utf-8', 'cache-control': 'no-cache'})
DEBUG    2022-05-28 23:25:42 selenium.webdriver.remote.remote_connection::remote_connection.py:_request:412: Finished Request
DEBUG    2022-05-28 23:25:42 selenium.webdriver.remote.remote_connection::remote_connection.py:_request:361: POST http://localhost:10357/session/74d91dc8444d98b8ca7f6b50a37bd15c/execute/sync {"script": "window.scrollTo(61084, 64624)", "args": []}
DEBUG    2022-05-28 23:25:42 urllib3.connectionpool::connectionpool.py:_make_request:456: http://localhost:10357 "POST /session/74d91dc8444d98b8ca7f6b50a37bd15c/execute/sync HTTP/1.1" 200 14
DEBUG    2022-05-28 23:25:42 selenium.webdriver.remote.remote_connection::remote_connection.py:_request:383: Remote response: status=200 | data={"value":null} | headers=HTTPHeaderDict({'Content-Length': '14', 'Content-Type': 'application/json; charset=utf-8', 'cache-control': 'no-cache'})
DEBUG    2022-05-28 23:25:42 selenium.webdriver.remote.remote_connection::remote_connection.py:_request:412: Finished Request
DEBUG    2022-05-28 23:25:43 selenium.webdriver.remote.remote_connection::remote_connection.py:_request:361: POST http://localhost:10357/session/74d91dc8444d98b8ca7f6b50a37bd15c/execute/sync {"script": "return document.body.scrollHeight", "args": []}
DEBUG    2022-05-28 23:25:43 urllib3.connectionpool::connectionpool.py:_make_request:456: http://localhost:10357 "POST /session/74d91dc8444d98b8ca7f6b50a37bd15c/execute/sync HTTP/1.1" 200 15
DEBUG    2022-05-28 23:25:43 selenium.webdriver.remote.remote_connection::remote_connection.py:_request:383: Remote response: status=200 | data={"value":68164} | headers=HTTPHeaderDict({'Content-Length': '15', 'Content-Type': 'application/json; charset=utf-8', 'cache-control': 'no-cache'})
DEBUG    2022-05-28 23:25:43 selenium.webdriver.remote.remote_connection::remote_connection.py:_request:412: Finished Request
DEBUG    2022-05-28 23:25:43 selenium.webdriver.remote.remote_connection::remote_connection.py:_request:361: POST http://localhost:10357/session/74d91dc8444d98b8ca7f6b50a37bd15c/execute/sync {"script": "window.scrollTo(64624, 68164)", "args": []}
DEBUG    2022-05-28 23:25:43 urllib3.connectionpool::connectionpool.py:_make_request:456: http://localhost:10357 "POST /session/74d91dc8444d98b8ca7f6b50a37bd15c/execute/sync HTTP/1.1" 200 14
DEBUG    2022-05-28 23:25:43 selenium.webdriver.remote.remote_connection::remote_connection.py:_request:383: Remote response: status=200 | data={"value":null} | headers=HTTPHeaderDict({'Content-Length': '14', 'Content-Type': 'application/json; charset=utf-8', 'cache-control': 'no-cache'})
DEBUG    2022-05-28 23:25:43 selenium.webdriver.remote.remote_connection::remote_connection.py:_request:412: Finished Request
DEBUG    2022-05-28 23:25:44 selenium.webdriver.remote.remote_connection::remote_connection.py:_request:361: POST http://localhost:10357/session/74d91dc8444d98b8ca7f6b50a37bd15c/execute/sync {"script": "return document.body.scrollHeight", "args": []}
DEBUG    2022-05-28 23:25:44 urllib3.connectionpool::connectionpool.py:_make_request:456: http://localhost:10357 "POST /session/74d91dc8444d98b8ca7f6b50a37bd15c/execute/sync HTTP/1.1" 200 15
DEBUG    2022-05-28 23:25:44 selenium.webdriver.remote.remote_connection::remote_connection.py:_request:383: Remote response: status=200 | data={"value":71704} | headers=HTTPHeaderDict({'Content-Length': '15', 'Content-Type': 'application/json; charset=utf-8', 'cache-control': 'no-cache'})
DEBUG    2022-05-28 23:25:44 selenium.webdriver.remote.remote_connection::remote_connection.py:_request:412: Finished Request
DEBUG    2022-05-28 23:25:44 selenium.webdriver.remote.remote_connection::remote_connection.py:_request:361: POST http://localhost:10357/session/74d91dc8444d98b8ca7f6b50a37bd15c/execute/sync {"script": "window.scrollTo(68164, 71704)", "args": []}
DEBUG    2022-05-28 23:25:44 urllib3.connectionpool::connectionpool.py:_make_request:456: http://localhost:10357 "POST /session/74d91dc8444d98b8ca7f6b50a37bd15c/execute/sync HTTP/1.1" 200 14
DEBUG    2022-05-28 23:25:44 selenium.webdriver.remote.remote_connection::remote_connection.py:_request:383: Remote response: status=200 | data={"value":null} | headers=HTTPHeaderDict({'Content-Length': '14', 'Content-Type': 'application/json; charset=utf-8', 'cache-control': 'no-cache'})
DEBUG    2022-05-28 23:25:44 selenium.webdriver.remote.remote_connection::remote_connection.py:_request:412: Finished Request
DEBUG    2022-05-28 23:25:45 selenium.webdriver.remote.remote_connection::remote_connection.py:_request:361: POST http://localhost:10357/session/74d91dc8444d98b8ca7f6b50a37bd15c/execute/sync {"script": "return document.body.scrollHeight", "args": []}
DEBUG    2022-05-28 23:25:45 urllib3.connectionpool::connectionpool.py:_make_request:456: http://localhost:10357 "POST /session/74d91dc8444d98b8ca7f6b50a37bd15c/execute/sync HTTP/1.1" 200 15
DEBUG    2022-05-28 23:25:45 selenium.webdriver.remote.remote_connection::remote_connection.py:_request:383: Remote response: status=200 | data={"value":75244} | headers=HTTPHeaderDict({'Content-Length': '15', 'Content-Type': 'application/json; charset=utf-8', 'cache-control': 'no-cache'})
DEBUG    2022-05-28 23:25:45 selenium.webdriver.remote.remote_connection::remote_connection.py:_request:412: Finished Request
DEBUG    2022-05-28 23:25:45 selenium.webdriver.remote.remote_connection::remote_connection.py:_request:361: POST http://localhost:10357/session/74d91dc8444d98b8ca7f6b50a37bd15c/execute/sync {"script": "window.scrollTo(71704, 75244)", "args": []}
DEBUG    2022-05-28 23:25:45 urllib3.connectionpool::connectionpool.py:_make_request:456: http://localhost:10357 "POST /session/74d91dc8444d98b8ca7f6b50a37bd15c/execute/sync HTTP/1.1" 200 14
DEBUG    2022-05-28 23:25:45 selenium.webdriver.remote.remote_connection::remote_connection.py:_request:383: Remote response: status=200 | data={"value":null} | headers=HTTPHeaderDict({'Content-Length': '14', 'Content-Type': 'application/json; charset=utf-8', 'cache-control': 'no-cache'})
DEBUG    2022-05-28 23:25:45 selenium.webdriver.remote.remote_connection::remote_connection.py:_request:412: Finished Request
DEBUG    2022-05-28 23:25:46 selenium.webdriver.remote.remote_connection::remote_connection.py:_request:361: POST http://localhost:10357/session/74d91dc8444d98b8ca7f6b50a37bd15c/execute/sync {"script": "return document.body.scrollHeight", "args": []}
DEBUG    2022-05-28 23:25:46 urllib3.connectionpool::connectionpool.py:_make_request:456: http://localhost:10357 "POST /session/74d91dc8444d98b8ca7f6b50a37bd15c/execute/sync HTTP/1.1" 200 15
DEBUG    2022-05-28 23:25:46 selenium.webdriver.remote.remote_connection::remote_connection.py:_request:383: Remote response: status=200 | data={"value":78784} | headers=HTTPHeaderDict({'Content-Length': '15', 'Content-Type': 'application/json; charset=utf-8', 'cache-control': 'no-cache'})
DEBUG    2022-05-28 23:25:46 selenium.webdriver.remote.remote_connection::remote_connection.py:_request:412: Finished Request
DEBUG    2022-05-28 23:25:46 selenium.webdriver.remote.remote_connection::remote_connection.py:_request:361: POST http://localhost:10357/session/74d91dc8444d98b8ca7f6b50a37bd15c/execute/sync {"script": "window.scrollTo(75244, 78784)", "args": []}
DEBUG    2022-05-28 23:25:46 urllib3.connectionpool::connectionpool.py:_make_request:456: http://localhost:10357 "POST /session/74d91dc8444d98b8ca7f6b50a37bd15c/execute/sync HTTP/1.1" 200 14
DEBUG    2022-05-28 23:25:46 selenium.webdriver.remote.remote_connection::remote_connection.py:_request:383: Remote response: status=200 | data={"value":null} | headers=HTTPHeaderDict({'Content-Length': '14', 'Content-Type': 'application/json; charset=utf-8', 'cache-control': 'no-cache'})
DEBUG    2022-05-28 23:25:46 selenium.webdriver.remote.remote_connection::remote_connection.py:_request:412: Finished Request
DEBUG    2022-05-28 23:25:47 selenium.webdriver.remote.remote_connection::remote_connection.py:_request:361: POST http://localhost:10357/session/74d91dc8444d98b8ca7f6b50a37bd15c/execute/sync {"script": "return document.body.scrollHeight", "args": []}
DEBUG    2022-05-28 23:25:47 urllib3.connectionpool::connectionpool.py:_make_request:456: http://localhost:10357 "POST /session/74d91dc8444d98b8ca7f6b50a37bd15c/execute/sync HTTP/1.1" 200 15
DEBUG    2022-05-28 23:25:47 selenium.webdriver.remote.remote_connection::remote_connection.py:_request:383: Remote response: status=200 | data={"value":82324} | headers=HTTPHeaderDict({'Content-Length': '15', 'Content-Type': 'application/json; charset=utf-8', 'cache-control': 'no-cache'})
DEBUG    2022-05-28 23:25:47 selenium.webdriver.remote.remote_connection::remote_connection.py:_request:412: Finished Request
DEBUG    2022-05-28 23:25:47 selenium.webdriver.remote.remote_connection::remote_connection.py:_request:361: POST http://localhost:10357/session/74d91dc8444d98b8ca7f6b50a37bd15c/execute/sync {"script": "window.scrollTo(78784, 82324)", "args": []}
DEBUG    2022-05-28 23:25:47 urllib3.connectionpool::connectionpool.py:_make_request:456: http://localhost:10357 "POST /session/74d91dc8444d98b8ca7f6b50a37bd15c/execute/sync HTTP/1.1" 200 14
DEBUG    2022-05-28 23:25:47 selenium.webdriver.remote.remote_connection::remote_connection.py:_request:383: Remote response: status=200 | data={"value":null} | headers=HTTPHeaderDict({'Content-Length': '14', 'Content-Type': 'application/json; charset=utf-8', 'cache-control': 'no-cache'})
DEBUG    2022-05-28 23:25:47 selenium.webdriver.remote.remote_connection::remote_connection.py:_request:412: Finished Request
DEBUG    2022-05-28 23:25:48 selenium.webdriver.remote.remote_connection::remote_connection.py:_request:361: POST http://localhost:10357/session/74d91dc8444d98b8ca7f6b50a37bd15c/execute/sync {"script": "return document.body.scrollHeight", "args": []}
DEBUG    2022-05-28 23:25:48 urllib3.connectionpool::connectionpool.py:_make_request:456: http://localhost:10357 "POST /session/74d91dc8444d98b8ca7f6b50a37bd15c/execute/sync HTTP/1.1" 200 15
DEBUG    2022-05-28 23:25:48 selenium.webdriver.remote.remote_connection::remote_connection.py:_request:383: Remote response: status=200 | data={"value":85864} | headers=HTTPHeaderDict({'Content-Length': '15', 'Content-Type': 'application/json; charset=utf-8', 'cache-control': 'no-cache'})
DEBUG    2022-05-28 23:25:48 selenium.webdriver.remote.remote_connection::remote_connection.py:_request:412: Finished Request
DEBUG    2022-05-28 23:25:48 selenium.webdriver.remote.remote_connection::remote_connection.py:_request:361: POST http://localhost:10357/session/74d91dc8444d98b8ca7f6b50a37bd15c/execute/sync {"script": "window.scrollTo(82324, 85864)", "args": []}
DEBUG    2022-05-28 23:25:48 urllib3.connectionpool::connectionpool.py:_make_request:456: http://localhost:10357 "POST /session/74d91dc8444d98b8ca7f6b50a37bd15c/execute/sync HTTP/1.1" 200 14
DEBUG    2022-05-28 23:25:48 selenium.webdriver.remote.remote_connection::remote_connection.py:_request:383: Remote response: status=200 | data={"value":null} | headers=HTTPHeaderDict({'Content-Length': '14', 'Content-Type': 'application/json; charset=utf-8', 'cache-control': 'no-cache'})
DEBUG    2022-05-28 23:25:48 selenium.webdriver.remote.remote_connection::remote_connection.py:_request:412: Finished Request
DEBUG    2022-05-28 23:25:49 selenium.webdriver.remote.remote_connection::remote_connection.py:_request:361: POST http://localhost:10357/session/74d91dc8444d98b8ca7f6b50a37bd15c/execute/sync {"script": "return document.body.scrollHeight", "args": []}
DEBUG    2022-05-28 23:25:49 urllib3.connectionpool::connectionpool.py:_make_request:456: http://localhost:10357 "POST /session/74d91dc8444d98b8ca7f6b50a37bd15c/execute/sync HTTP/1.1" 200 15
DEBUG    2022-05-28 23:25:49 selenium.webdriver.remote.remote_connection::remote_connection.py:_request:383: Remote response: status=200 | data={"value":89404} | headers=HTTPHeaderDict({'Content-Length': '15', 'Content-Type': 'application/json; charset=utf-8', 'cache-control': 'no-cache'})
DEBUG    2022-05-28 23:25:49 selenium.webdriver.remote.remote_connection::remote_connection.py:_request:412: Finished Request
DEBUG    2022-05-28 23:25:49 selenium.webdriver.remote.remote_connection::remote_connection.py:_request:361: POST http://localhost:10357/session/74d91dc8444d98b8ca7f6b50a37bd15c/execute/sync {"script": "window.scrollTo(85864, 89404)", "args": []}
DEBUG    2022-05-28 23:25:49 urllib3.connectionpool::connectionpool.py:_make_request:456: http://localhost:10357 "POST /session/74d91dc8444d98b8ca7f6b50a37bd15c/execute/sync HTTP/1.1" 200 14
DEBUG    2022-05-28 23:25:49 selenium.webdriver.remote.remote_connection::remote_connection.py:_request:383: Remote response: status=200 | data={"value":null} | headers=HTTPHeaderDict({'Content-Length': '14', 'Content-Type': 'application/json; charset=utf-8', 'cache-control': 'no-cache'})
DEBUG    2022-05-28 23:25:49 selenium.webdriver.remote.remote_connection::remote_connection.py:_request:412: Finished Request
DEBUG    2022-05-28 23:25:50 selenium.webdriver.remote.remote_connection::remote_connection.py:_request:361: POST http://localhost:10357/session/74d91dc8444d98b8ca7f6b50a37bd15c/execute/sync {"script": "return document.body.scrollHeight", "args": []}
DEBUG    2022-05-28 23:25:50 urllib3.connectionpool::connectionpool.py:_make_request:456: http://localhost:10357 "POST /session/74d91dc8444d98b8ca7f6b50a37bd15c/execute/sync HTTP/1.1" 200 15
DEBUG    2022-05-28 23:25:50 selenium.webdriver.remote.remote_connection::remote_connection.py:_request:383: Remote response: status=200 | data={"value":92944} | headers=HTTPHeaderDict({'Content-Length': '15', 'Content-Type': 'application/json; charset=utf-8', 'cache-control': 'no-cache'})
DEBUG    2022-05-28 23:25:50 selenium.webdriver.remote.remote_connection::remote_connection.py:_request:412: Finished Request
DEBUG    2022-05-28 23:25:50 selenium.webdriver.remote.remote_connection::remote_connection.py:_request:361: POST http://localhost:10357/session/74d91dc8444d98b8ca7f6b50a37bd15c/execute/sync {"script": "window.scrollTo(89404, 92944)", "args": []}
DEBUG    2022-05-28 23:25:50 urllib3.connectionpool::connectionpool.py:_make_request:456: http://localhost:10357 "POST /session/74d91dc8444d98b8ca7f6b50a37bd15c/execute/sync HTTP/1.1" 200 14
DEBUG    2022-05-28 23:25:50 selenium.webdriver.remote.remote_connection::remote_connection.py:_request:383: Remote response: status=200 | data={"value":null} | headers=HTTPHeaderDict({'Content-Length': '14', 'Content-Type': 'application/json; charset=utf-8', 'cache-control': 'no-cache'})
DEBUG    2022-05-28 23:25:50 selenium.webdriver.remote.remote_connection::remote_connection.py:_request:412: Finished Request
DEBUG    2022-05-28 23:25:51 selenium.webdriver.remote.remote_connection::remote_connection.py:_request:361: POST http://localhost:10357/session/74d91dc8444d98b8ca7f6b50a37bd15c/execute/sync {"script": "return document.body.scrollHeight", "args": []}
DEBUG    2022-05-28 23:25:51 urllib3.connectionpool::connectionpool.py:_make_request:456: http://localhost:10357 "POST /session/74d91dc8444d98b8ca7f6b50a37bd15c/execute/sync HTTP/1.1" 200 15
DEBUG    2022-05-28 23:25:51 selenium.webdriver.remote.remote_connection::remote_connection.py:_request:383: Remote response: status=200 | data={"value":96484} | headers=HTTPHeaderDict({'Content-Length': '15', 'Content-Type': 'application/json; charset=utf-8', 'cache-control': 'no-cache'})
DEBUG    2022-05-28 23:25:51 selenium.webdriver.remote.remote_connection::remote_connection.py:_request:412: Finished Request
DEBUG    2022-05-28 23:25:51 selenium.webdriver.remote.remote_connection::remote_connection.py:_request:361: POST http://localhost:10357/session/74d91dc8444d98b8ca7f6b50a37bd15c/execute/sync {"script": "window.scrollTo(92944, 96484)", "args": []}
DEBUG    2022-05-28 23:25:51 urllib3.connectionpool::connectionpool.py:_make_request:456: http://localhost:10357 "POST /session/74d91dc8444d98b8ca7f6b50a37bd15c/execute/sync HTTP/1.1" 200 14
DEBUG    2022-05-28 23:25:51 selenium.webdriver.remote.remote_connection::remote_connection.py:_request:383: Remote response: status=200 | data={"value":null} | headers=HTTPHeaderDict({'Content-Length': '14', 'Content-Type': 'application/json; charset=utf-8', 'cache-control': 'no-cache'})
DEBUG    2022-05-28 23:25:51 selenium.webdriver.remote.remote_connection::remote_connection.py:_request:412: Finished Request
DEBUG    2022-05-28 23:25:52 selenium.webdriver.remote.remote_connection::remote_connection.py:_request:361: POST http://localhost:10357/session/74d91dc8444d98b8ca7f6b50a37bd15c/execute/sync {"script": "return document.body.scrollHeight", "args": []}
DEBUG    2022-05-28 23:25:52 urllib3.connectionpool::connectionpool.py:_make_request:456: http://localhost:10357 "POST /session/74d91dc8444d98b8ca7f6b50a37bd15c/execute/sync HTTP/1.1" 200 16
DEBUG    2022-05-28 23:25:52 selenium.webdriver.remote.remote_connection::remote_connection.py:_request:383: Remote response: status=200 | data={"value":100024} | headers=HTTPHeaderDict({'Content-Length': '16', 'Content-Type': 'application/json; charset=utf-8', 'cache-control': 'no-cache'})
DEBUG    2022-05-28 23:25:52 selenium.webdriver.remote.remote_connection::remote_connection.py:_request:412: Finished Request
DEBUG    2022-05-28 23:25:52 selenium.webdriver.remote.remote_connection::remote_connection.py:_request:361: POST http://localhost:10357/session/74d91dc8444d98b8ca7f6b50a37bd15c/execute/sync {"script": "window.scrollTo(96484, 100024)", "args": []}
DEBUG    2022-05-28 23:25:52 urllib3.connectionpool::connectionpool.py:_make_request:456: http://localhost:10357 "POST /session/74d91dc8444d98b8ca7f6b50a37bd15c/execute/sync HTTP/1.1" 200 14
DEBUG    2022-05-28 23:25:52 selenium.webdriver.remote.remote_connection::remote_connection.py:_request:383: Remote response: status=200 | data={"value":null} | headers=HTTPHeaderDict({'Content-Length': '14', 'Content-Type': 'application/json; charset=utf-8', 'cache-control': 'no-cache'})
DEBUG    2022-05-28 23:25:52 selenium.webdriver.remote.remote_connection::remote_connection.py:_request:412: Finished Request
DEBUG    2022-05-28 23:25:53 selenium.webdriver.remote.remote_connection::remote_connection.py:_request:361: POST http://localhost:10357/session/74d91dc8444d98b8ca7f6b50a37bd15c/execute/sync {"script": "return document.body.scrollHeight", "args": []}
DEBUG    2022-05-28 23:25:53 urllib3.connectionpool::connectionpool.py:_make_request:456: http://localhost:10357 "POST /session/74d91dc8444d98b8ca7f6b50a37bd15c/execute/sync HTTP/1.1" 200 16
DEBUG    2022-05-28 23:25:53 selenium.webdriver.remote.remote_connection::remote_connection.py:_request:383: Remote response: status=200 | data={"value":103564} | headers=HTTPHeaderDict({'Content-Length': '16', 'Content-Type': 'application/json; charset=utf-8', 'cache-control': 'no-cache'})
DEBUG    2022-05-28 23:25:53 selenium.webdriver.remote.remote_connection::remote_connection.py:_request:412: Finished Request
DEBUG    2022-05-28 23:25:53 selenium.webdriver.remote.remote_connection::remote_connection.py:_request:361: POST http://localhost:10357/session/74d91dc8444d98b8ca7f6b50a37bd15c/execute/sync {"script": "window.scrollTo(100024, 103564)", "args": []}
DEBUG    2022-05-28 23:25:53 urllib3.connectionpool::connectionpool.py:_make_request:456: http://localhost:10357 "POST /session/74d91dc8444d98b8ca7f6b50a37bd15c/execute/sync HTTP/1.1" 200 14
DEBUG    2022-05-28 23:25:53 selenium.webdriver.remote.remote_connection::remote_connection.py:_request:383: Remote response: status=200 | data={"value":null} | headers=HTTPHeaderDict({'Content-Length': '14', 'Content-Type': 'application/json; charset=utf-8', 'cache-control': 'no-cache'})
DEBUG    2022-05-28 23:25:53 selenium.webdriver.remote.remote_connection::remote_connection.py:_request:412: Finished Request
DEBUG    2022-05-28 23:25:54 selenium.webdriver.remote.remote_connection::remote_connection.py:_request:361: POST http://localhost:10357/session/74d91dc8444d98b8ca7f6b50a37bd15c/execute/sync {"script": "return document.body.scrollHeight", "args": []}
DEBUG    2022-05-28 23:25:54 urllib3.connectionpool::connectionpool.py:_make_request:456: http://localhost:10357 "POST /session/74d91dc8444d98b8ca7f6b50a37bd15c/execute/sync HTTP/1.1" 200 16
DEBUG    2022-05-28 23:25:54 selenium.webdriver.remote.remote_connection::remote_connection.py:_request:383: Remote response: status=200 | data={"value":107104} | headers=HTTPHeaderDict({'Content-Length': '16', 'Content-Type': 'application/json; charset=utf-8', 'cache-control': 'no-cache'})
DEBUG    2022-05-28 23:25:54 selenium.webdriver.remote.remote_connection::remote_connection.py:_request:412: Finished Request
DEBUG    2022-05-28 23:25:54 selenium.webdriver.remote.remote_connection::remote_connection.py:_request:361: POST http://localhost:10357/session/74d91dc8444d98b8ca7f6b50a37bd15c/execute/sync {"script": "window.scrollTo(103564, 107104)", "args": []}
DEBUG    2022-05-28 23:25:54 urllib3.connectionpool::connectionpool.py:_make_request:456: http://localhost:10357 "POST /session/74d91dc8444d98b8ca7f6b50a37bd15c/execute/sync HTTP/1.1" 200 14
DEBUG    2022-05-28 23:25:54 selenium.webdriver.remote.remote_connection::remote_connection.py:_request:383: Remote response: status=200 | data={"value":null} | headers=HTTPHeaderDict({'Content-Length': '14', 'Content-Type': 'application/json; charset=utf-8', 'cache-control': 'no-cache'})
DEBUG    2022-05-28 23:25:54 selenium.webdriver.remote.remote_connection::remote_connection.py:_request:412: Finished Request
DEBUG    2022-05-28 23:25:55 selenium.webdriver.remote.remote_connection::remote_connection.py:_request:361: POST http://localhost:10357/session/74d91dc8444d98b8ca7f6b50a37bd15c/execute/sync {"script": "return document.body.scrollHeight", "args": []}
DEBUG    2022-05-28 23:25:55 urllib3.connectionpool::connectionpool.py:_make_request:456: http://localhost:10357 "POST /session/74d91dc8444d98b8ca7f6b50a37bd15c/execute/sync HTTP/1.1" 200 16
DEBUG    2022-05-28 23:25:55 selenium.webdriver.remote.remote_connection::remote_connection.py:_request:383: Remote response: status=200 | data={"value":110644} | headers=HTTPHeaderDict({'Content-Length': '16', 'Content-Type': 'application/json; charset=utf-8', 'cache-control': 'no-cache'})
DEBUG    2022-05-28 23:25:55 selenium.webdriver.remote.remote_connection::remote_connection.py:_request:412: Finished Request
DEBUG    2022-05-28 23:25:55 selenium.webdriver.remote.remote_connection::remote_connection.py:_request:361: POST http://localhost:10357/session/74d91dc8444d98b8ca7f6b50a37bd15c/execute/sync {"script": "window.scrollTo(107104, 110644)", "args": []}
DEBUG    2022-05-28 23:25:55 urllib3.connectionpool::connectionpool.py:_make_request:456: http://localhost:10357 "POST /session/74d91dc8444d98b8ca7f6b50a37bd15c/execute/sync HTTP/1.1" 200 14
DEBUG    2022-05-28 23:25:55 selenium.webdriver.remote.remote_connection::remote_connection.py:_request:383: Remote response: status=200 | data={"value":null} | headers=HTTPHeaderDict({'Content-Length': '14', 'Content-Type': 'application/json; charset=utf-8', 'cache-control': 'no-cache'})
DEBUG    2022-05-28 23:25:55 selenium.webdriver.remote.remote_connection::remote_connection.py:_request:412: Finished Request
DEBUG    2022-05-28 23:25:56 selenium.webdriver.remote.remote_connection::remote_connection.py:_request:361: POST http://localhost:10357/session/74d91dc8444d98b8ca7f6b50a37bd15c/execute/sync {"script": "return document.body.scrollHeight", "args": []}
DEBUG    2022-05-28 23:25:56 urllib3.connectionpool::connectionpool.py:_make_request:456: http://localhost:10357 "POST /session/74d91dc8444d98b8ca7f6b50a37bd15c/execute/sync HTTP/1.1" 200 16
DEBUG    2022-05-28 23:25:56 selenium.webdriver.remote.remote_connection::remote_connection.py:_request:383: Remote response: status=200 | data={"value":114184} | headers=HTTPHeaderDict({'Content-Length': '16', 'Content-Type': 'application/json; charset=utf-8', 'cache-control': 'no-cache'})
DEBUG    2022-05-28 23:25:56 selenium.webdriver.remote.remote_connection::remote_connection.py:_request:412: Finished Request
DEBUG    2022-05-28 23:25:56 selenium.webdriver.remote.remote_connection::remote_connection.py:_request:361: POST http://localhost:10357/session/74d91dc8444d98b8ca7f6b50a37bd15c/execute/sync {"script": "window.scrollTo(110644, 114184)", "args": []}
DEBUG    2022-05-28 23:25:56 urllib3.connectionpool::connectionpool.py:_make_request:456: http://localhost:10357 "POST /session/74d91dc8444d98b8ca7f6b50a37bd15c/execute/sync HTTP/1.1" 200 14
DEBUG    2022-05-28 23:25:56 selenium.webdriver.remote.remote_connection::remote_connection.py:_request:383: Remote response: status=200 | data={"value":null} | headers=HTTPHeaderDict({'Content-Length': '14', 'Content-Type': 'application/json; charset=utf-8', 'cache-control': 'no-cache'})
DEBUG    2022-05-28 23:25:56 selenium.webdriver.remote.remote_connection::remote_connection.py:_request:412: Finished Request
DEBUG    2022-05-28 23:25:57 selenium.webdriver.remote.remote_connection::remote_connection.py:_request:361: POST http://localhost:10357/session/74d91dc8444d98b8ca7f6b50a37bd15c/execute/sync {"script": "return document.body.scrollHeight", "args": []}
DEBUG    2022-05-28 23:25:57 urllib3.connectionpool::connectionpool.py:_make_request:456: http://localhost:10357 "POST /session/74d91dc8444d98b8ca7f6b50a37bd15c/execute/sync HTTP/1.1" 200 16
DEBUG    2022-05-28 23:25:57 selenium.webdriver.remote.remote_connection::remote_connection.py:_request:383: Remote response: status=200 | data={"value":117724} | headers=HTTPHeaderDict({'Content-Length': '16', 'Content-Type': 'application/json; charset=utf-8', 'cache-control': 'no-cache'})
DEBUG    2022-05-28 23:25:57 selenium.webdriver.remote.remote_connection::remote_connection.py:_request:412: Finished Request
DEBUG    2022-05-28 23:25:57 selenium.webdriver.remote.remote_connection::remote_connection.py:_request:361: POST http://localhost:10357/session/74d91dc8444d98b8ca7f6b50a37bd15c/execute/sync {"script": "window.scrollTo(114184, 117724)", "args": []}
DEBUG    2022-05-28 23:25:57 urllib3.connectionpool::connectionpool.py:_make_request:456: http://localhost:10357 "POST /session/74d91dc8444d98b8ca7f6b50a37bd15c/execute/sync HTTP/1.1" 200 14
DEBUG    2022-05-28 23:25:57 selenium.webdriver.remote.remote_connection::remote_connection.py:_request:383: Remote response: status=200 | data={"value":null} | headers=HTTPHeaderDict({'Content-Length': '14', 'Content-Type': 'application/json; charset=utf-8', 'cache-control': 'no-cache'})
DEBUG    2022-05-28 23:25:57 selenium.webdriver.remote.remote_connection::remote_connection.py:_request:412: Finished Request
DEBUG    2022-05-28 23:25:58 selenium.webdriver.remote.remote_connection::remote_connection.py:_request:361: POST http://localhost:10357/session/74d91dc8444d98b8ca7f6b50a37bd15c/execute/sync {"script": "return document.body.scrollHeight", "args": []}
DEBUG    2022-05-28 23:25:58 urllib3.connectionpool::connectionpool.py:_make_request:456: http://localhost:10357 "POST /session/74d91dc8444d98b8ca7f6b50a37bd15c/execute/sync HTTP/1.1" 200 16
DEBUG    2022-05-28 23:25:58 selenium.webdriver.remote.remote_connection::remote_connection.py:_request:383: Remote response: status=200 | data={"value":121264} | headers=HTTPHeaderDict({'Content-Length': '16', 'Content-Type': 'application/json; charset=utf-8', 'cache-control': 'no-cache'})
DEBUG    2022-05-28 23:25:58 selenium.webdriver.remote.remote_connection::remote_connection.py:_request:412: Finished Request
DEBUG    2022-05-28 23:25:58 selenium.webdriver.remote.remote_connection::remote_connection.py:_request:361: POST http://localhost:10357/session/74d91dc8444d98b8ca7f6b50a37bd15c/execute/sync {"script": "window.scrollTo(117724, 121264)", "args": []}
DEBUG    2022-05-28 23:25:58 urllib3.connectionpool::connectionpool.py:_make_request:456: http://localhost:10357 "POST /session/74d91dc8444d98b8ca7f6b50a37bd15c/execute/sync HTTP/1.1" 200 14
DEBUG    2022-05-28 23:25:58 selenium.webdriver.remote.remote_connection::remote_connection.py:_request:383: Remote response: status=200 | data={"value":null} | headers=HTTPHeaderDict({'Content-Length': '14', 'Content-Type': 'application/json; charset=utf-8', 'cache-control': 'no-cache'})
DEBUG    2022-05-28 23:25:58 selenium.webdriver.remote.remote_connection::remote_connection.py:_request:412: Finished Request
DEBUG    2022-05-28 23:25:59 selenium.webdriver.remote.remote_connection::remote_connection.py:_request:361: POST http://localhost:10357/session/74d91dc8444d98b8ca7f6b50a37bd15c/execute/sync {"script": "return document.body.scrollHeight", "args": []}
DEBUG    2022-05-28 23:25:59 urllib3.connectionpool::connectionpool.py:_make_request:456: http://localhost:10357 "POST /session/74d91dc8444d98b8ca7f6b50a37bd15c/execute/sync HTTP/1.1" 200 16
DEBUG    2022-05-28 23:25:59 selenium.webdriver.remote.remote_connection::remote_connection.py:_request:383: Remote response: status=200 | data={"value":124804} | headers=HTTPHeaderDict({'Content-Length': '16', 'Content-Type': 'application/json; charset=utf-8', 'cache-control': 'no-cache'})
DEBUG    2022-05-28 23:25:59 selenium.webdriver.remote.remote_connection::remote_connection.py:_request:412: Finished Request
DEBUG    2022-05-28 23:25:59 selenium.webdriver.remote.remote_connection::remote_connection.py:_request:361: POST http://localhost:10357/session/74d91dc8444d98b8ca7f6b50a37bd15c/execute/sync {"script": "window.scrollTo(121264, 124804)", "args": []}
DEBUG    2022-05-28 23:25:59 urllib3.connectionpool::connectionpool.py:_make_request:456: http://localhost:10357 "POST /session/74d91dc8444d98b8ca7f6b50a37bd15c/execute/sync HTTP/1.1" 200 14
DEBUG    2022-05-28 23:25:59 selenium.webdriver.remote.remote_connection::remote_connection.py:_request:383: Remote response: status=200 | data={"value":null} | headers=HTTPHeaderDict({'Content-Length': '14', 'Content-Type': 'application/json; charset=utf-8', 'cache-control': 'no-cache'})
DEBUG    2022-05-28 23:25:59 selenium.webdriver.remote.remote_connection::remote_connection.py:_request:412: Finished Request
DEBUG    2022-05-28 23:26:00 selenium.webdriver.remote.remote_connection::remote_connection.py:_request:361: POST http://localhost:10357/session/74d91dc8444d98b8ca7f6b50a37bd15c/execute/sync {"script": "return document.body.scrollHeight", "args": []}
DEBUG    2022-05-28 23:26:00 urllib3.connectionpool::connectionpool.py:_make_request:456: http://localhost:10357 "POST /session/74d91dc8444d98b8ca7f6b50a37bd15c/execute/sync HTTP/1.1" 200 16
DEBUG    2022-05-28 23:26:00 selenium.webdriver.remote.remote_connection::remote_connection.py:_request:383: Remote response: status=200 | data={"value":128344} | headers=HTTPHeaderDict({'Content-Length': '16', 'Content-Type': 'application/json; charset=utf-8', 'cache-control': 'no-cache'})
DEBUG    2022-05-28 23:26:00 selenium.webdriver.remote.remote_connection::remote_connection.py:_request:412: Finished Request
DEBUG    2022-05-28 23:26:00 selenium.webdriver.remote.remote_connection::remote_connection.py:_request:361: POST http://localhost:10357/session/74d91dc8444d98b8ca7f6b50a37bd15c/execute/sync {"script": "window.scrollTo(124804, 128344)", "args": []}
DEBUG    2022-05-28 23:26:00 urllib3.connectionpool::connectionpool.py:_make_request:456: http://localhost:10357 "POST /session/74d91dc8444d98b8ca7f6b50a37bd15c/execute/sync HTTP/1.1" 200 14
DEBUG    2022-05-28 23:26:00 selenium.webdriver.remote.remote_connection::remote_connection.py:_request:383: Remote response: status=200 | data={"value":null} | headers=HTTPHeaderDict({'Content-Length': '14', 'Content-Type': 'application/json; charset=utf-8', 'cache-control': 'no-cache'})
DEBUG    2022-05-28 23:26:00 selenium.webdriver.remote.remote_connection::remote_connection.py:_request:412: Finished Request
DEBUG    2022-05-28 23:26:01 selenium.webdriver.remote.remote_connection::remote_connection.py:_request:361: POST http://localhost:10357/session/74d91dc8444d98b8ca7f6b50a37bd15c/execute/sync {"script": "return document.body.scrollHeight", "args": []}
DEBUG    2022-05-28 23:26:01 urllib3.connectionpool::connectionpool.py:_make_request:456: http://localhost:10357 "POST /session/74d91dc8444d98b8ca7f6b50a37bd15c/execute/sync HTTP/1.1" 200 16
DEBUG    2022-05-28 23:26:01 selenium.webdriver.remote.remote_connection::remote_connection.py:_request:383: Remote response: status=200 | data={"value":131884} | headers=HTTPHeaderDict({'Content-Length': '16', 'Content-Type': 'application/json; charset=utf-8', 'cache-control': 'no-cache'})
DEBUG    2022-05-28 23:26:01 selenium.webdriver.remote.remote_connection::remote_connection.py:_request:412: Finished Request
DEBUG    2022-05-28 23:26:01 selenium.webdriver.remote.remote_connection::remote_connection.py:_request:361: POST http://localhost:10357/session/74d91dc8444d98b8ca7f6b50a37bd15c/execute/sync {"script": "window.scrollTo(128344, 131884)", "args": []}
DEBUG    2022-05-28 23:26:01 urllib3.connectionpool::connectionpool.py:_make_request:456: http://localhost:10357 "POST /session/74d91dc8444d98b8ca7f6b50a37bd15c/execute/sync HTTP/1.1" 200 14
DEBUG    2022-05-28 23:26:01 selenium.webdriver.remote.remote_connection::remote_connection.py:_request:383: Remote response: status=200 | data={"value":null} | headers=HTTPHeaderDict({'Content-Length': '14', 'Content-Type': 'application/json; charset=utf-8', 'cache-control': 'no-cache'})
DEBUG    2022-05-28 23:26:01 selenium.webdriver.remote.remote_connection::remote_connection.py:_request:412: Finished Request
DEBUG    2022-05-28 23:26:02 selenium.webdriver.remote.remote_connection::remote_connection.py:_request:361: POST http://localhost:10357/session/74d91dc8444d98b8ca7f6b50a37bd15c/execute/sync {"script": "return document.body.scrollHeight", "args": []}
DEBUG    2022-05-28 23:26:02 urllib3.connectionpool::connectionpool.py:_make_request:456: http://localhost:10357 "POST /session/74d91dc8444d98b8ca7f6b50a37bd15c/execute/sync HTTP/1.1" 200 16
DEBUG    2022-05-28 23:26:02 selenium.webdriver.remote.remote_connection::remote_connection.py:_request:383: Remote response: status=200 | data={"value":135424} | headers=HTTPHeaderDict({'Content-Length': '16', 'Content-Type': 'application/json; charset=utf-8', 'cache-control': 'no-cache'})
DEBUG    2022-05-28 23:26:02 selenium.webdriver.remote.remote_connection::remote_connection.py:_request:412: Finished Request
DEBUG    2022-05-28 23:26:02 selenium.webdriver.remote.remote_connection::remote_connection.py:_request:361: POST http://localhost:10357/session/74d91dc8444d98b8ca7f6b50a37bd15c/execute/sync {"script": "window.scrollTo(131884, 135424)", "args": []}
DEBUG    2022-05-28 23:26:02 urllib3.connectionpool::connectionpool.py:_make_request:456: http://localhost:10357 "POST /session/74d91dc8444d98b8ca7f6b50a37bd15c/execute/sync HTTP/1.1" 200 14
DEBUG    2022-05-28 23:26:02 selenium.webdriver.remote.remote_connection::remote_connection.py:_request:383: Remote response: status=200 | data={"value":null} | headers=HTTPHeaderDict({'Content-Length': '14', 'Content-Type': 'application/json; charset=utf-8', 'cache-control': 'no-cache'})
DEBUG    2022-05-28 23:26:02 selenium.webdriver.remote.remote_connection::remote_connection.py:_request:412: Finished Request
DEBUG    2022-05-28 23:26:03 selenium.webdriver.remote.remote_connection::remote_connection.py:_request:361: POST http://localhost:10357/session/74d91dc8444d98b8ca7f6b50a37bd15c/execute/sync {"script": "return document.body.scrollHeight", "args": []}
DEBUG    2022-05-28 23:26:03 urllib3.connectionpool::connectionpool.py:_make_request:456: http://localhost:10357 "POST /session/74d91dc8444d98b8ca7f6b50a37bd15c/execute/sync HTTP/1.1" 200 16
DEBUG    2022-05-28 23:26:03 selenium.webdriver.remote.remote_connection::remote_connection.py:_request:383: Remote response: status=200 | data={"value":136250} | headers=HTTPHeaderDict({'Content-Length': '16', 'Content-Type': 'application/json; charset=utf-8', 'cache-control': 'no-cache'})
DEBUG    2022-05-28 23:26:03 selenium.webdriver.remote.remote_connection::remote_connection.py:_request:412: Finished Request
DEBUG    2022-05-28 23:26:03 selenium.webdriver.remote.remote_connection::remote_connection.py:_request:361: POST http://localhost:10357/session/74d91dc8444d98b8ca7f6b50a37bd15c/execute/sync {"script": "window.scrollTo(135424, 136250)", "args": []}
DEBUG    2022-05-28 23:26:03 urllib3.connectionpool::connectionpool.py:_make_request:456: http://localhost:10357 "POST /session/74d91dc8444d98b8ca7f6b50a37bd15c/execute/sync HTTP/1.1" 200 14
DEBUG    2022-05-28 23:26:03 selenium.webdriver.remote.remote_connection::remote_connection.py:_request:383: Remote response: status=200 | data={"value":null} | headers=HTTPHeaderDict({'Content-Length': '14', 'Content-Type': 'application/json; charset=utf-8', 'cache-control': 'no-cache'})
DEBUG    2022-05-28 23:26:03 selenium.webdriver.remote.remote_connection::remote_connection.py:_request:412: Finished Request
DEBUG    2022-05-28 23:26:04 selenium.webdriver.remote.remote_connection::remote_connection.py:_request:361: POST http://localhost:10357/session/74d91dc8444d98b8ca7f6b50a37bd15c/execute/sync {"script": "return document.body.scrollHeight", "args": []}
DEBUG    2022-05-28 23:26:04 urllib3.connectionpool::connectionpool.py:_make_request:456: http://localhost:10357 "POST /session/74d91dc8444d98b8ca7f6b50a37bd15c/execute/sync HTTP/1.1" 200 16
DEBUG    2022-05-28 23:26:04 selenium.webdriver.remote.remote_connection::remote_connection.py:_request:383: Remote response: status=200 | data={"value":136250} | headers=HTTPHeaderDict({'Content-Length': '16', 'Content-Type': 'application/json; charset=utf-8', 'cache-control': 'no-cache'})
DEBUG    2022-05-28 23:26:04 selenium.webdriver.remote.remote_connection::remote_connection.py:_request:412: Finished Request
DEBUG    2022-05-28 23:26:04 selenium.webdriver.remote.remote_connection::remote_connection.py:_request:361: POST http://localhost:10357/session/74d91dc8444d98b8ca7f6b50a37bd15c/elements {"using": "xpath", "value": "//div[@class='restaurant-name ng-binding']"}
DEBUG    2022-05-28 23:26:04 urllib3.connectionpool::connectionpool.py:_make_request:456: http://localhost:10357 "POST /session/74d91dc8444d98b8ca7f6b50a37bd15c/elements HTTP/1.1" 200 181237
DEBUG    2022-05-28 23:26:04 selenium.webdriver.remote.remote_connection::remote_connection.py:_request:383: Remote response: status=200 | data={"value":[{"element-6066-11e4-a52e-4f735466cecf":"5cfd8346-7511-4f75-a874-4e041dab823c"},{"element-6066-11e4-a52e-4f735466cecf":"ecb5ea0e-0d2f-4f99-bc94-b4bd86ba46d9"},{"element-6066-11e4-a52e-4f735466cecf":"e08b5e2a-b34b-44c2-a83f-7b81ab902423"},{"element-6066-11e4-a52e-4f735466cecf":"7e124f3c-7e4e-4c92-9926-7ca0ccac3221"},{"element-6066-11e4-a52e-4f735466cecf":"81b49031-51d3-47c8-9560-4e5b6d24da2f"},{"element-6066-11e4-a52e-4f735466cecf":"4004be18-360f-4244-a639-d1b458d3994a"},{"element-6066-11e4-a52e-4f735466cecf":"4862d79b-8d72-4a97-8679-74fda66c56bb"},{"element-6066-11e4-a52e-4f735466cecf":"348b389d-b10b-4ef7-847a-5154347fc448"},{"element-6066-11e4-a52e-4f735466cecf":"3deefc5a-a822-4d89-952b-8375f5c4a99a"},{"element-6066-11e4-a52e-4f735466cecf":"1d3e951e-ca2f-4b38-be37-6de1637ff3c3"},{"element-6066-11e4-a52e-4f735466cecf":"67f6a1f7-5393-4589-8986-625dcad9d20b"},{"element-6066-11e4-a52e-4f735466cecf":"b2d7f6ca-4d66-40e7-9edc-6606f8707e82"},{"element-6066-11e4-a52e-4f735466cecf":"8e32036a-a668-48e1-a69d-f953c134baf3"},{"element-6066-11e4-a52e-4f735466cecf":"d8c41cef-772c-4649-b8da-e57b16902feb"},{"element-6066-11e4-a52e-4f735466cecf":"d2b3bd58-09ea-48fe-a425-9e22e7338799"},{"element-6066-11e4-a52e-4f735466cecf":"babdd736-93ec-4b96-8195-47f5066b2daf"},{"element-6066-11e4-a52e-4f735466cecf":"1462ff34-d86e-42c4-832f-768c81bf0ab2"},{"element-6066-11e4-a52e-4f735466cecf":"65277c94-bc92-4b6b-8271-1ed52533600d"},{"element-6066-11e4-a52e-4f735466cecf":"5672e75e-d3f0-40cd-9178-0dfac5bb28db"},{"element-6066-11e4-a52e-4f735466cecf":"109acb5b-626a-41c6-9671-ebb667f13dd9"},{"element-6066-11e4-a52e-4f735466cecf":"12d05417-3a22-468c-8168-567d9fb0da18"},{"element-6066-11e4-a52e-4f735466cecf":"c29b6752-07e3-4e6e-971c-a3377e8e2412"},{"element-6066-11e4-a52e-4f735466cecf":"ba0cff0c-1b12-4f0f-a2fb-94d91140944a"},{"element-6066-11e4-a52e-4f735466cecf":"46f12a8e-ffee-4d91-8fa3-f1b5708c13f3"},{"element-6066-11e4-a52e-4f735466cecf":"201f9141-0581-414d-99be-649c36ca7a2f"},{"element-6066-11e4-a52e-4f735466cecf":"a7f17f08-3cd3-43ce-b2b4-d88fbc2f4284"},{"element-6066-11e4-a52e-4f735466cecf":"ac8a2d3c-7e36-4213-8e1a-91d15de420c8"},{"element-6066-11e4-a52e-4f735466cecf":"1e81e721-c1a2-4ccd-899e-3f3f7a57a3f4"},{"element-6066-11e4-a52e-4f735466cecf":"ad44ca20-41c2-4187-9e33-ffe1686abe21"},{"element-6066-11e4-a52e-4f735466cecf":"dd4a6cad-865d-421b-b895-2dbc35ee25ad"},{"element-6066-11e4-a52e-4f735466cecf":"d6bc48fc-4250-450c-8108-3dea5cbab274"},{"element-6066-11e4-a52e-4f735466cecf":"6ad20e62-fd60-4c60-9930-1a909f7dbe45"},{"element-6066-11e4-a52e-4f735466cecf":"cb5d472c-4262-4cc5-a28d-cf0f13a861b5"},{"element-6066-11e4-a52e-4f735466cecf":"4752afdc-c529-4679-86ea-8d2a871acfb8"},{"element-6066-11e4-a52e-4f735466cecf":"50161908-adf7-451c-8154-0da02cc443fb"},{"element-6066-11e4-a52e-4f735466cecf":"27e953da-306f-4c9c-8d5b-740d673bf8e6"},{"element-6066-11e4-a52e-4f735466cecf":"1d6467de-d788-48e9-aab4-c901458ceee6"},{"element-6066-11e4-a52e-4f735466cecf":"152b9f77-fd33-4034-acc0-1e3462416a7e"},{"element-6066-11e4-a52e-4f735466cecf":"a2a1432e-c808-42df-ab7f-ca86ffbf82c7"},{"element-6066-11e4-a52e-4f735466cecf":"20a570ba-8c06-4a18-a9b1-95dd83d7cfb7"},{"element-6066-11e4-a52e-4f735466cecf":"8f9576a1-247f-43d6-921c-3a2b05224125"},{"element-6066-11e4-a52e-4f735466cecf":"a8e0047c-4e6f-4b62-a7a9-904f573bc496"},{"element-6066-11e4-a52e-4f735466cecf":"2fbcbffa-7b93-4d1f-a47b-f352cfe506ae"},{"element-6066-11e4-a52e-4f735466cecf":"c7a174ce-48b3-4d41-9944-1f5bba170034"},{"element-6066-11e4-a52e-4f735466cecf":"b1287f99-038d-44f8-867d-2ad1c6012701"},{"element-6066-11e4-a52e-4f735466cecf":"6acc9ffb-60a8-4cf4-9a48-ff2916d633e4"},{"element-6066-11e4-a52e-4f735466cecf":"084e6548-4390-49c5-8bc1-087afd52c38e"},{"element-6066-11e4-a52e-4f735466cecf":"df4751e5-6fb4-4f62-a09e-78926b4fd587"},{"element-6066-11e4-a52e-4f735466cecf":"b7de9e4b-312c-41ea-9374-5093ec980196"},{"element-6066-11e4-a52e-4f735466cecf":"a1fffb59-1bde-4fb5-a2d2-ce48fdfb73b7"},{"element-6066-11e4-a52e-4f735466cecf":"63d19292-6b05-4462-9f1b-ca61e96f933d"},{"element-6066-11e4-a52e-4f735466cecf":"b728ed1b-629f-40e0-8b39-1751373857e1"},{"element-6066-11e4-a52e-4f735466cecf":"a24a2d8b-7242-48a2-8eb4-8765ef6975b6"},{"element-6066-11e4-a52e-4f735466cecf":"a1b72060-aa91-4e65-9418-7a0e246df5d5"},{"element-6066-11e4-a52e-4f735466cecf":"38152efa-ecc7-4659-8529-47f8da992b7b"},{"element-6066-11e4-a52e-4f735466cecf":"da37f66d-90bb-4331-927b-e7db7a685451"},{"element-6066-11e4-a52e-4f735466cecf":"a354780d-1a13-42c5-9376-e811d5d72e8b"},{"element-6066-11e4-a52e-4f735466cecf":"dcb8fd56-b26b-4786-81f0-649648bf7f03"},{"element-6066-11e4-a52e-4f735466cecf":"749fc3e5-a612-4ff9-8968-2b9fc4ecbc6c"},{"element-6066-11e4-a52e-4f735466cecf":"74edea09-be34-42a9-b20a-d7ddaa55dcd6"},{"element-6066-11e4-a52e-4f735466cecf":"e0546c59-6a52-42d8-9e79-db8fa2e0ed3a"},{"element-6066-11e4-a52e-4f735466cecf":"a76203c7-8ae9-4db2-840a-d13125268d82"},{"element-6066-11e4-a52e-4f735466cecf":"abd81431-045e-44b9-93b9-65c25163dda7"},{"element-6066-11e4-a52e-4f735466cecf":"6d36e7c7-663d-47de-9d38-630585547c48"},{"element-6066-11e4-a52e-4f735466cecf":"310ae9aa-ff0f-4175-aec9-ee1276cee395"},{"element-6066-11e4-a52e-4f735466cecf":"0bac45be-a346-4e92-9639-5531786961a3"},{"element-6066-11e4-a52e-4f735466cecf":"76df5ee9-ed1b-4239-86f0-aca9993e76f7"},{"element-6066-11e4-a52e-4f735466cecf":"85138e44-29ec-4104-b3c0-edfaa175fe72"},{"element-6066-11e4-a52e-4f735466cecf":"1f140c16-f7dd-433c-afbf-30724debba33"},{"element-6066-11e4-a52e-4f735466cecf":"2e722420-7d70-41d9-ad7e-1a5a097607a9"},{"element-6066-11e4-a52e-4f735466cecf":"c43a4637-e35d-47ea-a3ad-48fd744476db"},{"element-6066-11e4-a52e-4f735466cecf":"c1e06201-f5e2-4653-9f89-2711e1dc78cf"},{"element-6066-11e4-a52e-4f735466cecf":"d3bc8dce-5898-4be4-a4d6-f231d8cbe5ff"},{"element-6066-11e4-a52e-4f735466cecf":"9570529f-6555-4642-8719-95d1e228ed6b"},{"element-6066-11e4-a52e-4f735466cecf":"bbec7bd5-23a6-468c-9da8-564e42d2aff2"},{"element-6066-11e4-a52e-4f735466cecf":"22864baa-8c2b-4a1d-8d92-e995cdfa09b3"},{"element-6066-11e4-a52e-4f735466cecf":"d1fe1a98-d716-4541-a163-70b6485e2213"},{"element-6066-11e4-a52e-4f735466cecf":"a5599100-ec60-40c6-a710-503b5d1564d1"},{"element-6066-11e4-a52e-4f735466cecf":"b5b06e39-5625-47e3-9d9a-3e5289eda293"},{"element-6066-11e4-a52e-4f735466cecf":"7f83d43d-8b5d-4358-bf36-46d32b0ea4ac"},{"element-6066-11e4-a52e-4f735466cecf":"fbe07390-7e63-4a73-b65c-20cc7d6a9f0a"},{"element-6066-11e4-a52e-4f735466cecf":"4b980a9b-b039-4d78-9edd-d6b24396c88e"},{"element-6066-11e4-a52e-4f735466cecf":"202b0b25-b467-4ded-abb4-af41643f99a1"},{"element-6066-11e4-a52e-4f735466cecf":"74346da6-bcbe-4b17-b768-6ac1c1aa1eca"},{"element-6066-11e4-a52e-4f735466cecf":"52b9a4b5-9c4b-4130-ba3c-bf5189ae32d5"},{"element-6066-11e4-a52e-4f735466cecf":"be0d25f7-a9b2-40f5-8707-a0d30b1bd0e8"},{"element-6066-11e4-a52e-4f735466cecf":"fc2c58fd-84b9-4912-9e01-3e5ef148a75c"},{"element-6066-11e4-a52e-4f735466cecf":"82ef37d8-a8f4-47d7-a7e0-9d066f71524b"},{"element-6066-11e4-a52e-4f735466cecf":"0338f922-0a21-4158-b1df-2f89f7ba6010"},{"element-6066-11e4-a52e-4f735466cecf":"0f6c3231-0036-4670-80ff-1f673da8f17c"},{"element-6066-11e4-a52e-4f735466cecf":"cc2625c5-4c2b-40bf-9272-483b980756fa"},{"element-6066-11e4-a52e-4f735466cecf":"b4d3f6cb-4688-432b-94e7-556af92a529a"},{"element-6066-11e4-a52e-4f735466cecf":"28802c1e-1c85-4238-8630-27a5826aae70"},{"element-6066-11e4-a52e-4f735466cecf":"86c7b8c2-f193-4558-b9b1-d838ad2722c8"},{"element-6066-11e4-a52e-4f735466cecf":"bb548583-bdfd-45f8-871d-446767831ad3"},{"element-6066-11e4-a52e-4f735466cecf":"41c24c31-0776-4821-8fc4-c05e7239fc61"},{"element-6066-11e4-a52e-4f735466cecf":"ca87c59e-081d-430f-ad27-ce449232c6db"},{"element-6066-11e4-a52e-4f735466cecf":"e7e33f49-73ac-4970-b980-8bbfc77abaa4"},{"element-6066-11e4-a52e-4f735466cecf":"75f8a668-c109-4d15-b471-caa563d2a05d"},{"element-6066-11e4-a52e-4f735466cecf":"bc3473fa-60dd-499d-8109-52b1531e5363"},{"element-6066-11e4-a52e-4f735466cecf":"958b9c0c-1d97-46e3-bf51-2477e5b269f1"},{"element-6066-11e4-a52e-4f735466cecf":"69928acb-7988-4b4d-af48-e579ff3459f4"},{"element-6066-11e4-a52e-4f735466cecf":"e2c2e4cf-49fc-4932-8c56-15a3be86dc02"},{"element-6066-11e4-a52e-4f735466cecf":"29470696-2d87-4e2b-b584-743880998854"},{"element-6066-11e4-a52e-4f735466cecf":"138e28b2-4d29-4c62-ab2c-a93d54eafec3"},{"element-6066-11e4-a52e-4f735466cecf":"b6a9a1b2-5070-4a1f-8d17-2c9e910ba54b"},{"element-6066-11e4-a52e-4f735466cecf":"fa81c0e4-6d9d-44e1-90c4-b1ab210cb65b"},{"element-6066-11e4-a52e-4f735466cecf":"4c49e6a9-15e1-4984-8e2a-a843dee30e84"},{"element-6066-11e4-a52e-4f735466cecf":"9181b8b1-cb65-4096-b248-66676b927f38"},{"element-6066-11e4-a52e-4f735466cecf":"2e3a3583-2eed-4eeb-8a39-c80323115c76"},{"element-6066-11e4-a52e-4f735466cecf":"cc708530-0f34-492f-a5a4-c1c56a8a5f71"},{"element-6066-11e4-a52e-4f735466cecf":"0507f7ac-0a2f-4340-9c1f-a5640d2fe383"},{"element-6066-11e4-a52e-4f735466cecf":"02c4e62a-c96d-4307-a6ce-01f84544c873"},{"element-6066-11e4-a52e-4f735466cecf":"e13da754-3430-4f78-80de-a6613bd6869d"},{"element-6066-11e4-a52e-4f735466cecf":"57432148-57fe-43ca-a549-05c5349aeb42"},{"element-6066-11e4-a52e-4f735466cecf":"197b107e-6424-4db6-b34e-bcfaa8b05221"},{"element-6066-11e4-a52e-4f735466cecf":"5c3b22f7-920e-47ce-bf65-af741f1a38d3"},{"element-6066-11e4-a52e-4f735466cecf":"14c1ee35-8780-4fcf-a1b0-5a034da41c9f"},{"element-6066-11e4-a52e-4f735466cecf":"064f39bb-f1a6-44ab-912f-0e001da28525"},{"element-6066-11e4-a52e-4f735466cecf":"b5a53b91-ef71-454a-858b-07849c0adf64"},{"element-6066-11e4-a52e-4f735466cecf":"a89a3784-c26c-43db-88cb-e37119d9e0f6"},{"element-6066-11e4-a52e-4f735466cecf":"9b6d6086-c4d0-43e6-a7c7-8a5772b07f43"},{"element-6066-11e4-a52e-4f735466cecf":"80c6aa6b-d1b2-4967-b85b-7eb29e202633"},{"element-6066-11e4-a52e-4f735466cecf":"2587b4fe-08a7-4d2a-842a-d625af95f072"},{"element-6066-11e4-a52e-4f735466cecf":"1e26d65f-4566-4b2e-a9b5-fce47560430d"},{"element-6066-11e4-a52e-4f735466cecf":"92334300-9a93-43b8-a400-e8416c61a383"},{"element-6066-11e4-a52e-4f735466cecf":"a0d6ebd3-0742-44b9-b137-f0d6e6e1f59c"},{"element-6066-11e4-a52e-4f735466cecf":"2bba0b02-7b5d-41da-80dd-002b1837b830"},{"element-6066-11e4-a52e-4f735466cecf":"4151f403-ab08-4f35-ad0d-3b2a4726cb79"},{"element-6066-11e4-a52e-4f735466cecf":"a89a1f3d-9b17-40a8-866b-7840a7e6d822"},{"element-6066-11e4-a52e-4f735466cecf":"d33f59ed-7436-4c08-b10a-b1f6de8683b4"},{"element-6066-11e4-a52e-4f735466cecf":"223d1a13-9f24-4093-80e2-f07b47786fda"},{"element-6066-11e4-a52e-4f735466cecf":"c13031fd-d5e1-429a-a810-bb7c4f11ffec"},{"element-6066-11e4-a52e-4f735466cecf":"b2b39039-fadd-4f6d-9415-96e959fcc52c"},{"element-6066-11e4-a52e-4f735466cecf":"bf38074b-234c-4b14-b0f8-66b394067971"},{"element-6066-11e4-a52e-4f735466cecf":"cf36a4d5-a493-4aa0-b266-450d9db810cc"},{"element-6066-11e4-a52e-4f735466cecf":"803493a6-d3ba-4612-8afe-ed86576d2054"},{"element-6066-11e4-a52e-4f735466cecf":"012807ef-3da7-4aff-874a-cbfb2f896865"},{"element-6066-11e4-a52e-4f735466cecf":"16d3324c-f2a8-470e-9b0a-7d17b1970bfd"},{"element-6066-11e4-a52e-4f735466cecf":"18564c25-c74e-4358-b40c-78915b4f9ccd"},{"element-6066-11e4-a52e-4f735466cecf":"0e4c47eb-fa59-479e-8765-dce915811f6d"},{"element-6066-11e4-a52e-4f735466cecf":"3d8d5f54-9294-4e09-8959-158b1b3216f3"},{"element-6066-11e4-a52e-4f735466cecf":"59354c8b-9261-459e-aa49-860698b96981"},{"element-6066-11e4-a52e-4f735466cecf":"b5433893-40f3-4a28-a2a5-8f3aa85686e1"},{"element-6066-11e4-a52e-4f735466cecf":"1916ccae-3fdd-4621-a34d-6ae3ca1e9967"},{"element-6066-11e4-a52e-4f735466cecf":"2a5c9df2-6512-4f12-a792-d1283a36db52"},{"element-6066-11e4-a52e-4f735466cecf":"a5788bc0-7707-4ceb-a1d3-81be679f592e"},{"element-6066-11e4-a52e-4f735466cecf":"c8ab046f-e245-4d04-9375-73a7449bebb3"},{"element-6066-11e4-a52e-4f735466cecf":"a8ccb0de-48a2-419f-9efe-e24c5e4d2694"},{"element-6066-11e4-a52e-4f735466cecf":"4c0b787e-8908-435c-851f-1c4394074f09"},{"element-6066-11e4-a52e-4f735466cecf":"749214f4-f2a7-4ae8-a130-c3175967e861"},{"element-6066-11e4-a52e-4f735466cecf":"5df3bb76-4e67-431f-a938-fe69f3d04b80"},{"element-6066-11e4-a52e-4f735466cecf":"a86f4bcd-a1fc-4dab-8dd4-09d71f6a1e13"},{"element-6066-11e4-a52e-4f735466cecf":"611852ec-4ff6-42c6-a6c2-5d2772653e50"},{"element-6066-11e4-a52e-4f735466cecf":"6d6f3ca2-561b-4b9c-bf51-b5418d7d2f4c"},{"element-6066-11e4-a52e-4f735466cecf":"ab10825d-a1fa-4262-8252-40f0d8d28283"},{"element-6066-11e4-a52e-4f735466cecf":"96938a97-5461-4cc4-a6c2-547f5d48b7a7"},{"element-6066-11e4-a52e-4f735466cecf":"d3e0d039-70e1-4f4a-a4a6-ee1e6b4b4791"},{"element-6066-11e4-a52e-4f735466cecf":"df1ceefd-5624-4da7-9b4b-bf8d5091249f"},{"element-6066-11e4-a52e-4f735466cecf":"d41c88d6-65ed-4b0d-88a8-c85c18707e12"},{"element-6066-11e4-a52e-4f735466cecf":"73e80b8f-a221-4bbb-99d4-73f4fe8d7c32"},{"element-6066-11e4-a52e-4f735466cecf":"fb2f23ad-c9a4-47ee-879a-f92e1c5ba38b"},{"element-6066-11e4-a52e-4f735466cecf":"f2b94be7-0d44-417d-a683-80ebe5bcb2ec"},{"element-6066-11e4-a52e-4f735466cecf":"50e7ef18-1084-412c-b283-bf780664a4b6"},{"element-6066-11e4-a52e-4f735466cecf":"99a3cb3f-3ae7-4bc8-a4be-cca074745be3"},{"element-6066-11e4-a52e-4f735466cecf":"5c02cc6c-a086-498f-aa44-b66bb07d03e9"},{"element-6066-11e4-a52e-4f735466cecf":"0a1f1fd7-19e4-429b-9985-dd385ac38f26"},{"element-6066-11e4-a52e-4f735466cecf":"2ba0c027-12cb-443d-abf7-085da003540b"},{"element-6066-11e4-a52e-4f735466cecf":"117f021d-7f8b-4c5c-b1f0-7c8d9e7855d0"},{"element-6066-11e4-a52e-4f735466cecf":"ec388774-da7b-46c5-af9c-2a0f9e0294da"},{"element-6066-11e4-a52e-4f735466cecf":"432e74e1-fba8-4761-892b-d3b92bf784a1"},{"element-6066-11e4-a52e-4f735466cecf":"b05271be-f5e7-4df7-bc74-abb5eafb3bff"},{"element-6066-11e4-a52e-4f735466cecf":"fec41473-1611-41a2-8668-28782e4bcdb7"},{"element-6066-11e4-a52e-4f735466cecf":"ea2a7480-9016-497d-ae76-f70c803842bb"},{"element-6066-11e4-a52e-4f735466cecf":"458b8cd0-cfb9-40a1-b04c-a30361a279e6"},{"element-6066-11e4-a52e-4f735466cecf":"5ccfefe4-72ac-4139-bd28-9ae6bf947bc6"},{"element-6066-11e4-a52e-4f735466cecf":"701f65e9-7366-4c2d-b8a6-36173926f76b"},{"element-6066-11e4-a52e-4f735466cecf":"27a5dc82-102f-453b-a5e3-3996a661d4f0"},{"element-6066-11e4-a52e-4f735466cecf":"98eaa613-9c56-44e0-bb39-96b4a3ec1acc"},{"element-6066-11e4-a52e-4f735466cecf":"1675f0cb-17da-45da-8c38-e2cfe326419c"},{"element-6066-11e4-a52e-4f735466cecf":"a55f2944-e84c-4537-b3ab-808e191cd2f6"},{"element-6066-11e4-a52e-4f735466cecf":"1ad97c9d-d6e5-4598-978e-56784d98095f"},{"element-6066-11e4-a52e-4f735466cecf":"67bafe40-56bc-4c06-947c-adf629b327e7"},{"element-6066-11e4-a52e-4f735466cecf":"2eebf7c3-e9f4-4db0-9165-7188c08ce6c6"},{"element-6066-11e4-a52e-4f735466cecf":"98ea4f80-0588-496c-84ef-0d0b824530f0"},{"element-6066-11e4-a52e-4f735466cecf":"e8dd6579-ed2b-49e4-ae3b-527682d38ec6"},{"element-6066-11e4-a52e-4f735466cecf":"3c7e077b-3763-4561-966a-2e34f894f676"},{"element-6066-11e4-a52e-4f735466cecf":"e7ecd76e-4e72-4788-b1d3-e04d7bb22f53"},{"element-6066-11e4-a52e-4f735466cecf":"e32d4299-b1a5-4946-8b92-1eb86ee36a05"},{"element-6066-11e4-a52e-4f735466cecf":"aac6e08c-c4a9-4695-8174-677132af8874"},{"element-6066-11e4-a52e-4f735466cecf":"b613e997-7e80-4894-9330-c5d2c8b4b1a9"},{"element-6066-11e4-a52e-4f735466cecf":"9a434982-e8aa-4791-9517-827a8f3a8b62"},{"element-6066-11e4-a52e-4f735466cecf":"29f05e11-cc9d-4922-a995-d12c5890c4cd"},{"element-6066-11e4-a52e-4f735466cecf":"7f62e1ac-8ef9-4100-afed-644d48b6b6a4"},{"element-6066-11e4-a52e-4f735466cecf":"39242be0-3f5e-494d-8756-1d9c293d4506"},{"element-6066-11e4-a52e-4f735466cecf":"9c1a67b6-3611-41b5-aaac-082025efc801"},{"element-6066-11e4-a52e-4f735466cecf":"71e7df39-49a0-4ab2-bf61-061a49908fd3"},{"element-6066-11e4-a52e-4f735466cecf":"1b8a7a44-7da1-42e7-b1e7-fac36911cf00"},{"element-6066-11e4-a52e-4f735466cecf":"a0cbfd22-ea0d-41ba-b7f6-d4bd12abe8a3"},{"element-6066-11e4-a52e-4f735466cecf":"c3b21721-14e1-4f3f-97a9-065bab0d17a8"},{"element-6066-11e4-a52e-4f735466cecf":"9907e7fe-c708-4a3f-a2c9-5ad6be94a599"},{"element-6066-11e4-a52e-4f735466cecf":"ab82e9ef-39b9-460f-8422-5e7d13b5349c"},{"element-6066-11e4-a52e-4f735466cecf":"f4ef72bb-cff6-4ea3-9d15-2ae17546b49b"},{"element-6066-11e4-a52e-4f735466cecf":"38059004-a552-489e-b7f2-c330d8b56ca4"},{"element-6066-11e4-a52e-4f735466cecf":"96e23176-b3c7-484c-9a32-6a76b13d6f57"},{"element-6066-11e4-a52e-4f735466cecf":"a5ea3781-1594-46b0-a1a7-495d0c88ba94"},{"element-6066-11e4-a52e-4f735466cecf":"8967a388-0fe1-49e4-b144-8923785c52fc"},{"element-6066-11e4-a52e-4f735466cecf":"0f459585-22e9-4ea7-9d56-e55bd36cfe94"},{"element-6066-11e4-a52e-4f735466cecf":"ff38996f-56e1-46be-932e-86530254defe"},{"element-6066-11e4-a52e-4f735466cecf":"c6421922-24c2-4c34-bd39-325281897608"},{"element-6066-11e4-a52e-4f735466cecf":"be7bb0ae-b3cf-4a5d-97a1-5daaa6be45ec"},{"element-6066-11e4-a52e-4f735466cecf":"2d65cfcd-8718-443f-9bfb-3a4a930b0535"},{"element-6066-11e4-a52e-4f735466cecf":"7f35f66e-015b-4725-9240-b103c5fa85d2"},{"element-6066-11e4-a52e-4f735466cecf":"f8318f8b-259e-4fee-885c-2cc1bab12510"},{"element-6066-11e4-a52e-4f735466cecf":"61332ab7-860b-4f10-b972-593773187005"},{"element-6066-11e4-a52e-4f735466cecf":"ca50a1b9-3593-47b1-a5e9-ac76a174c63c"},{"element-6066-11e4-a52e-4f735466cecf":"29315253-e5ee-4e14-b8cb-a748353542bf"},{"element-6066-11e4-a52e-4f735466cecf":"6d1d64d5-0f6d-4d46-8963-17105ce550a5"},{"element-6066-11e4-a52e-4f735466cecf":"67a455ac-de60-4fca-b8c1-b6fb780603a0"},{"element-6066-11e4-a52e-4f735466cecf":"75061e67-2a6a-46ba-bc0d-6d3559587345"},{"element-6066-11e4-a52e-4f735466cecf":"83892455-dec7-4ce8-a7b2-d19c46fbadf2"},{"element-6066-11e4-a52e-4f735466cecf":"68905bd3-3e75-4fd0-ba57-616c9e72bbde"},{"element-6066-11e4-a52e-4f735466cecf":"d4865541-72a5-42fb-8efb-747b6cf7e5c4"},{"element-6066-11e4-a52e-4f735466cecf":"759072f8-ec94-412d-80e6-b6496fc21b43"},{"element-6066-11e4-a52e-4f735466cecf":"8cb75084-3355-4616-9115-ce04a88426b0"},{"element-6066-11e4-a52e-4f735466cecf":"75f15d64-e912-42fa-8276-d63c87ebcc9b"},{"element-6066-11e4-a52e-4f735466cecf":"8742eb9a-6ca4-4664-ab7d-8d1c193f1a54"},{"element-6066-11e4-a52e-4f735466cecf":"6cc27aed-b622-4377-9bcb-2e9c4f6474d7"},{"element-6066-11e4-a52e-4f735466cecf":"25459bb6-03b1-4ea9-bfbe-06b43e247e56"},{"element-6066-11e4-a52e-4f735466cecf":"8f717069-a2df-4042-b520-d67844f66144"},{"element-6066-11e4-a52e-4f735466cecf":"b3b70134-76ba-4c87-8e9c-ce28f3302053"},{"element-6066-11e4-a52e-4f735466cecf":"c34b37d6-288e-4ee8-b5e5-8bcc31a61d60"},{"element-6066-11e4-a52e-4f735466cecf":"362ccdeb-000d-4e35-8854-81d7fdefbf05"},{"element-6066-11e4-a52e-4f735466cecf":"86ff2094-8deb-4b38-a333-be75e0921094"},{"element-6066-11e4-a52e-4f735466cecf":"62ae2ddc-5bef-43ca-a1d6-703474e8c16f"},{"element-6066-11e4-a52e-4f735466cecf":"6dcb64a6-66f0-4317-a508-2cea7c04507f"},{"element-6066-11e4-a52e-4f735466cecf":"866b4b12-2533-4532-988c-4def336f9927"},{"element-6066-11e4-a52e-4f735466cecf":"ab7a84da-f9a3-411d-b844-de5f2c9cd0e7"},{"element-6066-11e4-a52e-4f735466cecf":"46637ce6-500b-4425-8487-5a1eb3aa041b"},{"element-6066-11e4-a52e-4f735466cecf":"13a406b9-f3ce-4bda-94d2-4edf815f85aa"},{"element-6066-11e4-a52e-4f735466cecf":"98dbeba5-d032-42e7-ba98-71a3da778e51"},{"element-6066-11e4-a52e-4f735466cecf":"706f8520-1748-420c-b085-b913c2f4d9b3"},{"element-6066-11e4-a52e-4f735466cecf":"4f941eb1-900b-4d8c-804f-349c39d83f84"},{"element-6066-11e4-a52e-4f735466cecf":"c9710e4c-83e3-471a-8d93-5b7b06949f55"},{"element-6066-11e4-a52e-4f735466cecf":"38cb567f-6a63-45cf-84cf-456a13ca5735"},{"element-6066-11e4-a52e-4f735466cecf":"e4ca77dc-e419-4341-848d-f4454a67d84a"},{"element-6066-11e4-a52e-4f735466cecf":"0c9a65f7-7d77-46ca-85a2-c9666b2f16eb"},{"element-6066-11e4-a52e-4f735466cecf":"44222bee-e9c6-4208-b836-a94625086b51"},{"element-6066-11e4-a52e-4f735466cecf":"e582c62f-db78-41cb-ad98-217107005d1e"},{"element-6066-11e4-a52e-4f735466cecf":"a357ae5c-2f46-4e1f-b972-d9b8f915d448"},{"element-6066-11e4-a52e-4f735466cecf":"6f42fc38-9130-416d-9e2e-83ce6ed562cb"},{"element-6066-11e4-a52e-4f735466cecf":"7e3abf3c-ad71-4568-bfa0-cdc386258921"},{"element-6066-11e4-a52e-4f735466cecf":"3786e506-cce2-4d78-991c-9d849c3a1c57"},{"element-6066-11e4-a52e-4f735466cecf":"5658877a-8510-480a-bc46-db7bf14cebfe"},{"element-6066-11e4-a52e-4f735466cecf":"1d90d045-177e-4170-8260-cf0be3148575"},{"element-6066-11e4-a52e-4f735466cecf":"e4547fc4-cc78-42cf-8d35-44e8186ffbc5"},{"element-6066-11e4-a52e-4f735466cecf":"4eac8c90-bbf2-4263-a0b5-4318187d397c"},{"element-6066-11e4-a52e-4f735466cecf":"12420408-61a8-4ac9-b3e0-7d877dcab60a"},{"element-6066-11e4-a52e-4f735466cecf":"42a02a4e-9324-4dd3-9e00-27b6e683ac35"},{"element-6066-11e4-a52e-4f735466cecf":"1c24f7ee-b776-41ef-acd6-5095f1b78fdf"},{"element-6066-11e4-a52e-4f735466cecf":"9d6ef76b-e9df-407f-8146-d2ea36b03378"},{"element-6066-11e4-a52e-4f735466cecf":"3904a2cf-c66f-4cd2-b375-a411778eb787"},{"element-6066-11e4-a52e-4f735466cecf":"889f2a07-d2df-4bc0-953a-3d8a3a2b55c4"},{"element-6066-11e4-a52e-4f735466cecf":"ef765488-0ed5-40f6-b8f8-ce8a8521f3b1"},{"element-6066-11e4-a52e-4f735466cecf":"0c24573e-386f-4309-9ba3-5a2da9f14c0f"},{"element-6066-11e4-a52e-4f735466cecf":"bf1dbfc2-c17f-4783-941e-310d7399521c"},{"element-6066-11e4-a52e-4f735466cecf":"d86b00b1-d05b-4416-9e57-61e5e61a4329"},{"element-6066-11e4-a52e-4f735466cecf":"5beb2d19-ec8d-4aa3-bc8c-a0f427ae2631"},{"element-6066-11e4-a52e-4f735466cecf":"ff1dba57-b429-4bf3-bc6e-c3739c56f008"},{"element-6066-11e4-a52e-4f735466cecf":"541ff746-a0b1-440d-b29d-acc9cc3ba09f"},{"element-6066-11e4-a52e-4f735466cecf":"a150b6e4-b19e-42fe-b0c4-819d7516bd2a"},{"element-6066-11e4-a52e-4f735466cecf":"fb9a5143-3522-48a5-aa53-2b8bf42b07db"},{"element-6066-11e4-a52e-4f735466cecf":"700c3c5a-e613-43fe-af42-bedad900486d"},{"element-6066-11e4-a52e-4f735466cecf":"9aa2e5b1-fc57-49cc-8264-0f0e85aebf8b"},{"element-6066-11e4-a52e-4f735466cecf":"17781004-51bd-4537-82e1-6ecfc67a9add"},{"element-6066-11e4-a52e-4f735466cecf":"49799fea-6663-49f7-af62-300f6cc6bbb2"},{"element-6066-11e4-a52e-4f735466cecf":"ca386409-bf07-4173-865a-514c0e12d054"},{"element-6066-11e4-a52e-4f735466cecf":"af42017b-11e0-4410-a322-24d6b1664d6f"},{"element-6066-11e4-a52e-4f735466cecf":"88f0f612-9d8a-4c8b-bea8-048cbf6ec32a"},{"element-6066-11e4-a52e-4f735466cecf":"8deef81e-9f2c-4ae8-a78b-db38b22b4373"},{"element-6066-11e4-a52e-4f735466cecf":"843a882e-e2aa-4546-82c9-e5eef7a918a9"},{"element-6066-11e4-a52e-4f735466cecf":"68e9ca14-b171-4ee4-9d0a-d819a42ec04e"},{"element-6066-11e4-a52e-4f735466cecf":"e6a76dc2-a895-40ed-aeb5-b834e792dc6d"},{"element-6066-11e4-a52e-4f735466cecf":"7de33a35-f29a-4c9e-9955-4ebfa4580be7"},{"element-6066-11e4-a52e-4f735466cecf":"701cf32a-f6cc-4cca-ad6b-6413c42a110e"},{"element-6066-11e4-a52e-4f735466cecf":"a15bd4b4-8c0f-4259-ab6e-078d80581e5e"},{"element-6066-11e4-a52e-4f735466cecf":"5e0c3f55-7ec4-4058-9dbc-e83a81939477"},{"element-6066-11e4-a52e-4f735466cecf":"1a7596c8-34d2-440b-91c7-da378cf0784f"},{"element-6066-11e4-a52e-4f735466cecf":"2551bfca-627c-4824-a512-5953d5c93c65"},{"element-6066-11e4-a52e-4f735466cecf":"604a858c-18e2-45e9-8525-be064806a552"},{"element-6066-11e4-a52e-4f735466cecf":"5d876d74-72e5-4171-a6b3-9aef277464b6"},{"element-6066-11e4-a52e-4f735466cecf":"1b87644d-8c7e-4eb3-b3b2-0e79c85c00c6"},{"element-6066-11e4-a52e-4f735466cecf":"a746c2aa-0dac-46ba-9a36-158ff5fb43ea"},{"element-6066-11e4-a52e-4f735466cecf":"36e9b3c6-1af5-4f29-971e-3e066c42a64c"},{"element-6066-11e4-a52e-4f735466cecf":"5a26f453-8618-417b-a79f-a89d4aef256e"},{"element-6066-11e4-a52e-4f735466cecf":"e556e62c-c2fc-4250-a410-05793dab0abf"},{"element-6066-11e4-a52e-4f735466cecf":"40a63fe7-e514-4b66-9884-c9babcb98348"},{"element-6066-11e4-a52e-4f735466cecf":"1389a802-d176-49fb-8ae4-513600ac7c91"},{"element-6066-11e4-a52e-4f735466cecf":"3104f6ce-51f9-4e27-b5a3-f93129453a7a"},{"element-6066-11e4-a52e-4f735466cecf":"9416a849-7ebd-4848-b700-445afd035729"},{"element-6066-11e4-a52e-4f735466cecf":"8d353169-149f-4ef2-8e56-620329a94771"},{"element-6066-11e4-a52e-4f735466cecf":"5a393586-d428-4c0f-ae25-e1d9be60c07f"},{"element-6066-11e4-a52e-4f735466cecf":"eec42075-a5a4-4c71-85ee-76e14cd1e23f"},{"element-6066-11e4-a52e-4f735466cecf":"d291b3d4-a41b-4c38-b931-12e7fe1b90fc"},{"element-6066-11e4-a52e-4f735466cecf":"9a57ee81-29e3-4f6a-bd81-f234f07a3b0d"},{"element-6066-11e4-a52e-4f735466cecf":"50ad68b5-45b2-49d3-b665-69fb3fe01881"},{"element-6066-11e4-a52e-4f735466cecf":"e0a2e4a0-4d49-43f6-8c30-0d70c5213e84"},{"element-6066-11e4-a52e-4f735466cecf":"85fa7b8f-1d9d-48f9-bf16-05e594c8ad2c"},{"element-6066-11e4-a52e-4f735466cecf":"e26a48a2-005d-445b-bdba-3f97ecdad468"},{"element-6066-11e4-a52e-4f735466cecf":"b35f6f85-1a5b-4f91-b08c-c508aec4cd16"},{"element-6066-11e4-a52e-4f735466cecf":"275cd91b-8f39-4712-93b5-03709ba5f3d6"},{"element-6066-11e4-a52e-4f735466cecf":"6449dea4-bee1-43fd-96bf-da5e0ecc0c50"},{"element-6066-11e4-a52e-4f735466cecf":"af11ab18-9fc5-40e6-9bef-502334b67ce0"},{"element-6066-11e4-a52e-4f735466cecf":"8a17a3f3-43cf-4c0b-b117-c5076480c888"},{"element-6066-11e4-a52e-4f735466cecf":"5f6bfd1d-809e-4829-bf14-a7eef3e476c3"},{"element-6066-11e4-a52e-4f735466cecf":"44200faf-0b0a-4f12-b1cc-2d0991a242cd"},{"element-6066-11e4-a52e-4f735466cecf":"2cae0ee6-e47d-499f-bf88-e8b4666d7b3b"},{"element-6066-11e4-a52e-4f735466cecf":"fde910b8-d0bd-40a0-847a-e8073e302b93"},{"element-6066-11e4-a52e-4f735466cecf":"8cdc8f3a-854a-4a5b-ac3a-de1e27b27c72"},{"element-6066-11e4-a52e-4f735466cecf":"c9ab78dc-2115-4736-9c4b-106af77efe2c"},{"element-6066-11e4-a52e-4f735466cecf":"54c02d0b-7251-48e2-8156-d7e53e0438f5"},{"element-6066-11e4-a52e-4f735466cecf":"608112a7-786d-4874-933f-2fb7b9d70f6d"},{"element-6066-11e4-a52e-4f735466cecf":"6e19616a-4630-4543-9c67-c299f3e79268"},{"element-6066-11e4-a52e-4f735466cecf":"7bfcc3d9-9cd1-45be-bcfe-450e139985af"},{"element-6066-11e4-a52e-4f735466cecf":"5d6761e9-7996-4bf1-84c5-ba374f4cbf54"},{"element-6066-11e4-a52e-4f735466cecf":"7fd00d3b-a434-4350-b410-27937426c794"},{"element-6066-11e4-a52e-4f735466cecf":"34c71ad1-fca4-44b1-ac35-410e64c26b16"},{"element-6066-11e4-a52e-4f735466cecf":"b2ec5ce6-4bde-4461-b3e2-857d8ea885da"},{"element-6066-11e4-a52e-4f735466cecf":"2adcd0e4-3dc9-417a-be21-3594dddc2192"},{"element-6066-11e4-a52e-4f735466cecf":"fd5a24e8-2b41-435f-bd9e-cef8bf06f84a"},{"element-6066-11e4-a52e-4f735466cecf":"2658174c-291e-43c4-b7b7-c2ff3c5c50b1"},{"element-6066-11e4-a52e-4f735466cecf":"4f35460a-3d93-4025-8a76-8e84bca71cab"},{"element-6066-11e4-a52e-4f735466cecf":"48716c49-2860-430b-a979-5de7ef51ad73"},{"element-6066-11e4-a52e-4f735466cecf":"9352d454-901c-4142-959e-a9aa8fa6f0d1"},{"element-6066-11e4-a52e-4f735466cecf":"b7de132e-88a0-4026-99f9-e21e0c34cb4e"},{"element-6066-11e4-a52e-4f735466cecf":"3ee7be98-a464-4cdf-84a7-615737511554"},{"element-6066-11e4-a52e-4f735466cecf":"712aa0ab-9b74-498b-bb13-7b323c06fd08"},{"element-6066-11e4-a52e-4f735466cecf":"c5d1533d-0534-4bba-b1ce-f6f9659eaab0"},{"element-6066-11e4-a52e-4f735466cecf":"02525336-2e39-4172-bc71-f508d1591c02"},{"element-6066-11e4-a52e-4f735466cecf":"40bfd802-fd4c-4bb8-88fb-a0a9343b960f"},{"element-6066-11e4-a52e-4f735466cecf":"52cf3ad3-34b3-4a59-b93b-47083453907e"},{"element-6066-11e4-a52e-4f735466cecf":"7ba7d5f9-89e5-4687-b500-2d0788ed7869"},{"element-6066-11e4-a52e-4f735466cecf":"fa9d73f5-d0df-4ab9-a11e-adf9e46d56f7"},{"element-6066-11e4-a52e-4f735466cecf":"da52e5bf-6966-4da9-88c2-f5edf723c807"},{"element-6066-11e4-a52e-4f735466cecf":"509845f3-cc33-47d6-be1f-7af0d51d4566"},{"element-6066-11e4-a52e-4f735466cecf":"2c7583f3-afc3-427f-81a5-95be085fdecc"},{"element-6066-11e4-a52e-4f735466cecf":"ff085b1d-3462-4e23-bf9d-6db55244e6ad"},{"element-6066-11e4-a52e-4f735466cecf":"3d70abd0-d93c-4915-89b7-fcb76b0118ad"},{"element-6066-11e4-a52e-4f735466cecf":"06d2bf7c-59bf-4712-b97e-65e544a43316"},{"element-6066-11e4-a52e-4f735466cecf":"e9378a80-bf8b-4243-9055-82a4f6eda2a3"},{"element-6066-11e4-a52e-4f735466cecf":"88a9ef25-2fce-4bb0-ad62-759b70eccf7f"},{"element-6066-11e4-a52e-4f735466cecf":"bb5b24c6-f0cf-4832-833c-aa536cd8d70a"},{"element-6066-11e4-a52e-4f735466cecf":"c1a295fa-8e5e-4a70-9887-84d2d54d1c9f"},{"element-6066-11e4-a52e-4f735466cecf":"a285ee56-0a0e-45b7-9f36-9e010340fc39"},{"element-6066-11e4-a52e-4f735466cecf":"e74837be-e417-4d8b-82ca-d7cc54e104fe"},{"element-6066-11e4-a52e-4f735466cecf":"c6cbc724-b413-4ba9-8bcf-b5be5fc20ce9"},{"element-6066-11e4-a52e-4f735466cecf":"44d22471-e5b9-447a-8564-c40fbc3a6f11"},{"element-6066-11e4-a52e-4f735466cecf":"78be7b8a-5292-4f9b-ac3b-37c895cb2893"},{"element-6066-11e4-a52e-4f735466cecf":"f5ce70f9-443c-4fbd-b2d2-430daf646519"},{"element-6066-11e4-a52e-4f735466cecf":"4ef56791-d96f-4904-95c3-b75174315873"},{"element-6066-11e4-a52e-4f735466cecf":"10322c07-ca57-4cd6-8986-6b7d859a80fa"},{"element-6066-11e4-a52e-4f735466cecf":"cd617507-3294-4976-a9ec-8879abe83977"},{"element-6066-11e4-a52e-4f735466cecf":"5ade2594-0381-4191-8c8a-d9df2a81c03c"},{"element-6066-11e4-a52e-4f735466cecf":"be63e72a-9871-470a-b5ee-d69eef4c2a4d"},{"element-6066-11e4-a52e-4f735466cecf":"f87c8f2c-bdb8-47aa-a5ee-1486def552d5"},{"element-6066-11e4-a52e-4f735466cecf":"8343d408-d5c6-4517-b8d6-c096f4997581"},{"element-6066-11e4-a52e-4f735466cecf":"b6ef7071-374f-4913-8f46-dffabf57e59a"},{"element-6066-11e4-a52e-4f735466cecf":"eda3931e-4e94-473a-b8c6-c686c0ca451a"},{"element-6066-11e4-a52e-4f735466cecf":"9818a47f-4081-4c86-a418-0106c16a104e"},{"element-6066-11e4-a52e-4f735466cecf":"e23d4106-853f-4371-bb1b-1dd76d0f3af2"},{"element-6066-11e4-a52e-4f735466cecf":"89e3398d-b8c7-4788-bfe7-9b884936bf25"},{"element-6066-11e4-a52e-4f735466cecf":"82780285-e62b-4a08-bac2-63158ed249b4"},{"element-6066-11e4-a52e-4f735466cecf":"561d2965-42c6-4e11-8c07-54abea5a23dc"},{"element-6066-11e4-a52e-4f735466cecf":"abbfcb92-060d-401f-b1db-723cfca83295"},{"element-6066-11e4-a52e-4f735466cecf":"7dd80ebd-c53c-44ed-9ba5-f1d0204c654a"},{"element-6066-11e4-a52e-4f735466cecf":"260f7e5f-2928-444a-b37e-44d6b1ebe2ec"},{"element-6066-11e4-a52e-4f735466cecf":"38c49a0d-2ecd-47f7-9a55-cd9274371b16"},{"element-6066-11e4-a52e-4f735466cecf":"93e5ae74-93c1-47c9-b098-cffdcbf8e4ac"},{"element-6066-11e4-a52e-4f735466cecf":"d7770933-4834-49c3-a41c-2e7125049a55"},{"element-6066-11e4-a52e-4f735466cecf":"255d97e7-422f-4933-ab19-ea34febc2a86"},{"element-6066-11e4-a52e-4f735466cecf":"09158809-2337-48b0-8eba-4c84bb9406a2"},{"element-6066-11e4-a52e-4f735466cecf":"8638fb07-c3a7-4773-bb4f-a342675b53cd"},{"element-6066-11e4-a52e-4f735466cecf":"3108bb95-1b94-4bb7-9110-cc9ec529984f"},{"element-6066-11e4-a52e-4f735466cecf":"73680091-509a-4d17-9f3d-cd284456805b"},{"element-6066-11e4-a52e-4f735466cecf":"02c8cfe0-5875-4e91-9c90-a45ddf29b907"},{"element-6066-11e4-a52e-4f735466cecf":"6dc017db-5a3e-47e3-86ba-b460ce510e3c"},{"element-6066-11e4-a52e-4f735466cecf":"d153c6ca-1134-40b1-bc20-e69b4ac85470"},{"element-6066-11e4-a52e-4f735466cecf":"9f959f27-9d38-414e-934d-18671357bae0"},{"element-6066-11e4-a52e-4f735466cecf":"b5b61f51-f188-4169-b9b8-1c4696df79af"},{"element-6066-11e4-a52e-4f735466cecf":"4b83dd4c-1839-4d4f-add6-5b8f1dfb5e14"},{"element-6066-11e4-a52e-4f735466cecf":"0f26452b-ad2e-4ea6-9ce2-33062f0c00e1"},{"element-6066-11e4-a52e-4f735466cecf":"636051c4-e5cd-4846-b66b-2b7fe6cbfe1c"},{"element-6066-11e4-a52e-4f735466cecf":"046864e4-803e-4b82-bbf2-2067524d2f87"},{"element-6066-11e4-a52e-4f735466cecf":"8eb1abbe-58ee-4b8f-9397-b793082583ec"},{"element-6066-11e4-a52e-4f735466cecf":"f3579069-2476-4517-825d-78b6095de273"},{"element-6066-11e4-a52e-4f735466cecf":"64a2dda7-1fa6-4a6d-a5a3-7ce4b5464d18"},{"element-6066-11e4-a52e-4f735466cecf":"f798ff18-cc04-44bb-9293-cb35667c8ccc"},{"element-6066-11e4-a52e-4f735466cecf":"2d9fff5e-cecc-4ff3-a2ec-83b152a3006a"},{"element-6066-11e4-a52e-4f735466cecf":"2cd63626-ac88-4919-9026-5344d1f3c207"},{"element-6066-11e4-a52e-4f735466cecf":"fbac49a6-93cd-4d6b-82f4-2116f85e3f1d"},{"element-6066-11e4-a52e-4f735466cecf":"957a84b5-f434-4733-9068-c20d41b2fcb0"},{"element-6066-11e4-a52e-4f735466cecf":"44f6d35a-e676-4bfb-bc98-79654646777f"},{"element-6066-11e4-a52e-4f735466cecf":"c594f794-cce5-4905-a7c4-8f95e210533f"},{"element-6066-11e4-a52e-4f735466cecf":"90382e08-3a7d-41bc-a007-7e970fa5032a"},{"element-6066-11e4-a52e-4f735466cecf":"463aa5f7-7ea0-4506-a1eb-ba9209ef5cab"},{"element-6066-11e4-a52e-4f735466cecf":"2fa4de4e-9a68-4d3f-8650-7f2128669ce9"},{"element-6066-11e4-a52e-4f735466cecf":"54fcc157-fb45-4b06-aad0-e569517f0a3a"},{"element-6066-11e4-a52e-4f735466cecf":"5212de32-920f-4992-ac92-db493c169854"},{"element-6066-11e4-a52e-4f735466cecf":"9a0f6717-c659-4d8b-bd9b-dfc801f0e0c6"},{"element-6066-11e4-a52e-4f735466cecf":"2909ce67-643e-4ebd-b9dd-f482080c3fb7"},{"element-6066-11e4-a52e-4f735466cecf":"e6fc24c6-7457-48c2-a10e-bbbe523ebf12"},{"element-6066-11e4-a52e-4f735466cecf":"db90ff5c-5a99-4073-a67d-081db7c9b1b5"},{"element-6066-11e4-a52e-4f735466cecf":"997c2785-6464-4d60-a7c0-0eb77335b85c"},{"element-6066-11e4-a52e-4f735466cecf":"7faa10d0-be9b-405e-9149-a9e03244f145"},{"element-6066-11e4-a52e-4f735466cecf":"df9486c3-82bc-4236-b8a8-474908be184e"},{"element-6066-11e4-a52e-4f735466cecf":"5a6db1b3-409f-4a5b-8c40-7cc8b9aa032d"},{"element-6066-11e4-a52e-4f735466cecf":"4318fc09-6cd7-424c-9c10-855ef004a76a"},{"element-6066-11e4-a52e-4f735466cecf":"7f01a0fe-6d87-4deb-aeb0-9981b0504795"},{"element-6066-11e4-a52e-4f735466cecf":"03aa34fd-2fb0-4a9e-ac61-9ee394b92a2e"},{"element-6066-11e4-a52e-4f735466cecf":"304899cc-d949-4383-9ab7-c660a25d804e"},{"element-6066-11e4-a52e-4f735466cecf":"21430db1-db03-4dfe-86c7-4997a760b2f6"},{"element-6066-11e4-a52e-4f735466cecf":"0f2dd7cf-3c97-4d05-80b2-ebd2141c69ec"},{"element-6066-11e4-a52e-4f735466cecf":"3865d655-f5a8-4d93-a25a-a6469e86a32c"},{"element-6066-11e4-a52e-4f735466cecf":"732e2420-e91d-466c-825f-0cd1bb4ce10e"},{"element-6066-11e4-a52e-4f735466cecf":"9d8f68a4-6222-4c2d-b2b1-c43b2d3ef126"},{"element-6066-11e4-a52e-4f735466cecf":"0e6470d1-c69d-4551-b29f-32f03c787b61"},{"element-6066-11e4-a52e-4f735466cecf":"1f004181-60ab-4f0e-8b95-1ac7c26ba322"},{"element-6066-11e4-a52e-4f735466cecf":"6bc2f865-f661-4c64-a1ba-9cd5df9e5de1"},{"element-6066-11e4-a52e-4f735466cecf":"c7cc8cf5-2aaf-442a-aeff-e7b57c4b6b2b"},{"element-6066-11e4-a52e-4f735466cecf":"ed30d444-7851-44d2-bc8b-6e3dc7ff3c99"},{"element-6066-11e4-a52e-4f735466cecf":"09f7893c-da5e-4f6f-8705-65ba9222ca4c"},{"element-6066-11e4-a52e-4f735466cecf":"03788d27-0e34-498a-a50f-4959b01f4781"},{"element-6066-11e4-a52e-4f735466cecf":"edb996de-1051-4cba-98ac-967b6a05288a"},{"element-6066-11e4-a52e-4f735466cecf":"b3333b81-c71e-4b0b-8461-9ade4960d72f"},{"element-6066-11e4-a52e-4f735466cecf":"762383de-f147-419b-8a7f-0636436b8e1c"},{"element-6066-11e4-a52e-4f735466cecf":"cace2c94-1467-46a0-beb1-df5ab5b92e79"},{"element-6066-11e4-a52e-4f735466cecf":"97d7b526-3045-4efe-8b76-4d1cd97639c9"},{"element-6066-11e4-a52e-4f735466cecf":"515be320-23d5-4665-842b-1ca37fd498ab"},{"element-6066-11e4-a52e-4f735466cecf":"96c4d7ad-d3e1-4fa6-a60c-4ae29ec43edc"},{"element-6066-11e4-a52e-4f735466cecf":"e9efb264-0ad4-4083-952b-e6d3dcb1a75b"},{"element-6066-11e4-a52e-4f735466cecf":"db6d2ece-35f8-4863-ba0a-348aa2adb18b"},{"element-6066-11e4-a52e-4f735466cecf":"a9ec2c89-6b2c-4ee5-be08-45ab5a37aa7a"},{"element-6066-11e4-a52e-4f735466cecf":"e9a894db-5e11-46a2-ad25-634e2e3a8c64"},{"element-6066-11e4-a52e-4f735466cecf":"553e9695-6a29-467a-8a73-01cf1f3fa3f7"},{"element-6066-11e4-a52e-4f735466cecf":"260b5fa1-94ea-4fef-a08c-4aa598576c32"},{"element-6066-11e4-a52e-4f735466cecf":"0de2aa79-84c5-4fd5-a796-0ceb2bce5d3e"},{"element-6066-11e4-a52e-4f735466cecf":"4ddb7bff-2eed-4539-ad49-5d4e0a5d81ce"},{"element-6066-11e4-a52e-4f735466cecf":"04953b65-48e4-4629-9b05-858e0b70ee85"},{"element-6066-11e4-a52e-4f735466cecf":"0a7d7b83-d19b-49d8-9e0a-1c4d94fdc4f3"},{"element-6066-11e4-a52e-4f735466cecf":"b62629ff-6db7-4e16-832d-4767fd266157"},{"element-6066-11e4-a52e-4f735466cecf":"49df43f9-fea7-428e-a7ae-8d12ae94e464"},{"element-6066-11e4-a52e-4f735466cecf":"b13cc5b2-399f-4f7d-9ace-5998af19bab8"},{"element-6066-11e4-a52e-4f735466cecf":"a388ad2b-3a3e-4258-b683-7d5db22cc54f"},{"element-6066-11e4-a52e-4f735466cecf":"572cdf81-ee42-467e-9985-4caa91b4f070"},{"element-6066-11e4-a52e-4f735466cecf":"db7306bd-f3c4-4e97-8999-3ce5aa378e88"},{"element-6066-11e4-a52e-4f735466cecf":"dd8e5fe4-697c-4d43-a327-f4516ac5bcd9"},{"element-6066-11e4-a52e-4f735466cecf":"c36881ba-66ba-4a95-af8c-ebc800de64d0"},{"element-6066-11e4-a52e-4f735466cecf":"024b6d12-f5bf-4913-b38e-e8c5c09dccbd"},{"element-6066-11e4-a52e-4f735466cecf":"9e287503-39b2-4927-a83b-1ae2fa369502"},{"element-6066-11e4-a52e-4f735466cecf":"ff41c7bf-0873-4948-b8ac-91ac7d064181"},{"element-6066-11e4-a52e-4f735466cecf":"da476663-997c-4af8-acdf-6fa89bd3dd4d"},{"element-6066-11e4-a52e-4f735466cecf":"883a788c-d8a9-44fd-9b0a-628a33631bed"},{"element-6066-11e4-a52e-4f735466cecf":"f3d2e6ec-abc7-41f6-8eba-63008acd8006"},{"element-6066-11e4-a52e-4f735466cecf":"abf28ee5-3a0a-4557-a6ae-8f9be984e821"},{"element-6066-11e4-a52e-4f735466cecf":"125d5901-ff83-4514-a384-e6fc58e201eb"},{"element-6066-11e4-a52e-4f735466cecf":"c37e2333-77b7-4952-b8ae-171a13ec977d"},{"element-6066-11e4-a52e-4f735466cecf":"ca8665bb-ecb6-4d31-9e09-f94fcff94f22"},{"element-6066-11e4-a52e-4f735466cecf":"85d79e9c-2681-4666-b8be-cbcf595da8ae"},{"element-6066-11e4-a52e-4f735466cecf":"59a247a9-a259-4396-afea-03aa54873b86"},{"element-6066-11e4-a52e-4f735466cecf":"e5e79158-d234-42a5-96d0-ef9307893abb"},{"element-6066-11e4-a52e-4f735466cecf":"0881125c-ba8c-4cd7-9767-d1bc29ddaef9"},{"element-6066-11e4-a52e-4f735466cecf":"80e8789a-1f31-4106-b499-c05b5a19e47d"},{"element-6066-11e4-a52e-4f735466cecf":"b2dffda9-85f6-4930-ab3c-1582f1215ee3"},{"element-6066-11e4-a52e-4f735466cecf":"1c6267aa-921a-4770-8c98-997ba126d29a"},{"element-6066-11e4-a52e-4f735466cecf":"b5649ade-6e72-4eaa-9c2a-398e1cbd28a0"},{"element-6066-11e4-a52e-4f735466cecf":"682b5ce0-5987-41a4-abb8-347afd0f32c0"},{"element-6066-11e4-a52e-4f735466cecf":"347e8152-a429-4513-b170-879bebb53e50"},{"element-6066-11e4-a52e-4f735466cecf":"80f6c1cc-60be-45ee-a881-37bd9c57f196"},{"element-6066-11e4-a52e-4f735466cecf":"1c6eb6a0-0c8c-42f5-beff-bc866a4337a8"},{"element-6066-11e4-a52e-4f735466cecf":"4403d9b3-6621-4bf3-a026-0174ad63744f"},{"element-6066-11e4-a52e-4f735466cecf":"6f1e38d6-67ed-43fb-b2ea-153cb7a012d9"},{"element-6066-11e4-a52e-4f735466cecf":"e53b9b63-6728-4234-a672-70e02f664e78"},{"element-6066-11e4-a52e-4f735466cecf":"ef7f5dde-441d-4a90-ae7a-24b6a26d1fe3"},{"element-6066-11e4-a52e-4f735466cecf":"49e4f266-7ffc-45cb-825e-5b3344ab02e8"},{"element-6066-11e4-a52e-4f735466cecf":"af3413b8-1dee-417c-be36-c95ac6cc09f1"},{"element-6066-11e4-a52e-4f735466cecf":"c977228e-cb1e-4dd8-a540-913ca7259f31"},{"element-6066-11e4-a52e-4f735466cecf":"db958916-4484-4c06-adbd-840c36d20fb9"},{"element-6066-11e4-a52e-4f735466cecf":"5904e44b-803a-4785-926a-5952561bafcf"},{"element-6066-11e4-a52e-4f735466cecf":"aeeb2ed5-9645-45d2-a7bd-e7a7fb9cc5c8"},{"element-6066-11e4-a52e-4f735466cecf":"66e61043-7f73-43b5-a947-eae3369eb6a2"},{"element-6066-11e4-a52e-4f735466cecf":"8193d40f-054d-4005-adca-3384aa76601a"},{"element-6066-11e4-a52e-4f735466cecf":"6e61a6c9-c96c-4839-a62e-deeac71a6fee"},{"element-6066-11e4-a52e-4f735466cecf":"2b82b83d-0a78-4f35-ae87-db4766a40d30"},{"element-6066-11e4-a52e-4f735466cecf":"96217ddd-5aff-4bd5-a0c8-fa91e0016feb"},{"element-6066-11e4-a52e-4f735466cecf":"9aad262d-bb06-4cf0-a213-7aa0712f4aab"},{"element-6066-11e4-a52e-4f735466cecf":"df008980-fe1e-4690-8498-334ba32cf59f"},{"element-6066-11e4-a52e-4f735466cecf":"c27cac76-05c4-4735-bf12-dbc8679b10e2"},{"element-6066-11e4-a52e-4f735466cecf":"00c5fd3d-1aa6-4819-b977-2b441e875e7f"},{"element-6066-11e4-a52e-4f735466cecf":"e9d6d5c5-ac97-4124-8f3f-cd24cd92f29a"},{"element-6066-11e4-a52e-4f735466cecf":"915856a5-5e01-4a5c-9ba9-ff2c1888075e"},{"element-6066-11e4-a52e-4f735466cecf":"2500e143-f22e-46c1-b269-da605a1db4c3"},{"element-6066-11e4-a52e-4f735466cecf":"271ece58-be4c-4992-b5ff-e1042fa65f04"},{"element-6066-11e4-a52e-4f735466cecf":"e8ab856f-d804-4ddf-8352-ba91df3a20a6"},{"element-6066-11e4-a52e-4f735466cecf":"38591bf7-a910-4d7d-97f2-e5c7abfeca5f"},{"element-6066-11e4-a52e-4f735466cecf":"8a628032-8031-448e-820f-1f69a503f0db"},{"element-6066-11e4-a52e-4f735466cecf":"2ea75204-c86b-49cd-8df3-9a95ce496535"},{"element-6066-11e4-a52e-4f735466cecf":"06826380-072e-41c9-9706-8f46bd0506ad"},{"element-6066-11e4-a52e-4f735466cecf":"e92b3677-ae38-4798-b50c-db61d5dad080"},{"element-6066-11e4-a52e-4f735466cecf":"8ae9b261-3ba8-4736-8964-417804922607"},{"element-6066-11e4-a52e-4f735466cecf":"e0c3f17d-2cf0-45c2-b470-b11432eb7092"},{"element-6066-11e4-a52e-4f735466cecf":"5ebe9d9e-9ca9-4d93-be45-85099b6c0669"},{"element-6066-11e4-a52e-4f735466cecf":"2275d4d7-58de-4ef9-a429-0bf9f402a453"},{"element-6066-11e4-a52e-4f735466cecf":"55605090-84e9-4641-9f54-2e8e73d6915a"},{"element-6066-11e4-a52e-4f735466cecf":"7d9a6383-d771-4340-800e-6372a5f0cc4b"},{"element-6066-11e4-a52e-4f735466cecf":"e1bbd41e-cb84-4948-83be-9328258e0bd6"},{"element-6066-11e4-a52e-4f735466cecf":"e5df70da-05b4-4036-b5fe-166f5936d6a6"},{"element-6066-11e4-a52e-4f735466cecf":"4c5fd25d-994e-4106-9c03-0186e402374c"},{"element-6066-11e4-a52e-4f735466cecf":"76f8fc86-5c9c-4d6f-aaa9-d609a4a3773c"},{"element-6066-11e4-a52e-4f735466cecf":"1b5c8406-39d6-4879-8859-75e51cf94b50"},{"element-6066-11e4-a52e-4f735466cecf":"2d44d89b-3e12-4da1-9cdc-4407b31bd1f6"},{"element-6066-11e4-a52e-4f735466cecf":"2bbeeccd-b14a-43a0-a7d6-16ba2456593b"},{"element-6066-11e4-a52e-4f735466cecf":"e9cd5b9c-6f2e-40f3-8821-3c1c9c3d5725"},{"element-6066-11e4-a52e-4f735466cecf":"ec90d5fa-af6f-43d2-9b74-c9766027aea2"},{"element-6066-11e4-a52e-4f735466cecf":"857b45c8-4faf-4d87-935c-3bdd4225e24e"},{"element-6066-11e4-a52e-4f735466cecf":"953c1ceb-cd4e-4169-8b8e-abf7a16754ee"},{"element-6066-11e4-a52e-4f735466cecf":"c8e7f378-eebd-4f5f-a1c3-58ced04e4b2b"},{"element-6066-11e4-a52e-4f735466cecf":"9969d7be-5273-460e-abae-6884378f5d8c"},{"element-6066-11e4-a52e-4f735466cecf":"b68bffcd-8620-4f44-a649-a297d68a3ae1"},{"element-6066-11e4-a52e-4f735466cecf":"7654ab33-1ce8-41e2-8f31-56720c38fe35"},{"element-6066-11e4-a52e-4f735466cecf":"d289cc72-03ee-4cb1-8552-08456e4bee97"},{"element-6066-11e4-a52e-4f735466cecf":"0ae31b08-db8b-40eb-adc6-620b24651497"},{"element-6066-11e4-a52e-4f735466cecf":"8862aba7-44cc-422c-965b-fcdbab2db012"},{"element-6066-11e4-a52e-4f735466cecf":"3e2d9282-3925-4b5a-a8b7-d72673015912"},{"element-6066-11e4-a52e-4f735466cecf":"2626d243-7ef0-41dd-b4df-b7f9272712de"},{"element-6066-11e4-a52e-4f735466cecf":"63a65aef-8688-4c78-bb05-747ccdb2ba9d"},{"element-6066-11e4-a52e-4f735466cecf":"2c9ade57-0d71-46f9-998b-efecbd568919"},{"element-6066-11e4-a52e-4f735466cecf":"e4760dfa-8bb4-456a-95bb-5825882be992"},{"element-6066-11e4-a52e-4f735466cecf":"79802b1d-07dc-4adf-bc90-6c000f791203"},{"element-6066-11e4-a52e-4f735466cecf":"cb1b7899-89db-445e-a2e6-efc4a25a20f8"},{"element-6066-11e4-a52e-4f735466cecf":"4be46587-5e23-4a1b-98ee-d9d467cfa703"},{"element-6066-11e4-a52e-4f735466cecf":"73d119a3-ef8f-40bf-9a53-b2d2a52a9d43"},{"element-6066-11e4-a52e-4f735466cecf":"fc24d600-b6b9-4413-9083-6747aa8eeac3"},{"element-6066-11e4-a52e-4f735466cecf":"86d0b13d-c9e7-4776-96ce-557deab10fcb"},{"element-6066-11e4-a52e-4f735466cecf":"a1d5a09d-3947-4f8c-aa06-e67f27a5df91"},{"element-6066-11e4-a52e-4f735466cecf":"791ece99-4091-4bf0-8ca4-e1d02cf85c81"},{"element-6066-11e4-a52e-4f735466cecf":"4a94a532-09fb-402f-a17c-410ff0a6960d"},{"element-6066-11e4-a52e-4f735466cecf":"399fcd63-91dd-4244-bf27-3ef568a9ed04"},{"element-6066-11e4-a52e-4f735466cecf":"5dc869ec-f711-4b94-b3d7-f8a27c27721c"},{"element-6066-11e4-a52e-4f735466cecf":"8492a96d-6c83-42e1-ad0b-6b0c744d1708"},{"element-6066-11e4-a52e-4f735466cecf":"0ed1935a-7c6c-4771-b1c4-23aa2a54ccd8"},{"element-6066-11e4-a52e-4f735466cecf":"9e6f3d5d-2c8f-4727-aaa3-596056538ba4"},{"element-6066-11e4-a52e-4f735466cecf":"5b559ba0-f59f-470e-ab70-9b43ccae2135"},{"element-6066-11e4-a52e-4f735466cecf":"04411238-da27-4d74-9d8e-7f347970549c"},{"element-6066-11e4-a52e-4f735466cecf":"ed72cc6c-111e-4402-8c84-4e15cbcad463"},{"element-6066-11e4-a52e-4f735466cecf":"8a3929fe-1417-4069-b137-b0fcd70e1059"},{"element-6066-11e4-a52e-4f735466cecf":"702d6c87-23bb-4439-8f52-94a96152d1cb"},{"element-6066-11e4-a52e-4f735466cecf":"f69546c4-325e-4d27-a785-8877743e627b"},{"element-6066-11e4-a52e-4f735466cecf":"21f78741-5d73-4937-9151-f7d1672702bf"},{"element-6066-11e4-a52e-4f735466cecf":"564f480b-8977-4cdb-9a25-c89311a20cad"},{"element-6066-11e4-a52e-4f735466cecf":"999716bd-3f7e-44cb-a3fd-38d3d013415e"},{"element-6066-11e4-a52e-4f735466cecf":"6cb1647f-42ec-473e-8cb3-9c1133a96008"},{"element-6066-11e4-a52e-4f735466cecf":"68b8cd0d-9c3c-4a65-8587-6119af51fc00"},{"element-6066-11e4-a52e-4f735466cecf":"0388b454-ab1f-4004-9f17-08721b8bb1e4"},{"element-6066-11e4-a52e-4f735466cecf":"9e09beea-d789-4eff-bc3e-844ef5ac7bd3"},{"element-6066-11e4-a52e-4f735466cecf":"1e1632da-fa92-4e86-89f6-7b930691c81e"},{"element-6066-11e4-a52e-4f735466cecf":"4edef89c-8f93-4c76-bc70-f15b8868397c"},{"element-6066-11e4-a52e-4f735466cecf":"f3f0ebe1-bd3a-4a86-aa21-53866489f574"},{"element-6066-11e4-a52e-4f735466cecf":"d79f0a98-840b-409b-9f30-05bacb802ddf"},{"element-6066-11e4-a52e-4f735466cecf":"64fae0b8-90d8-4990-85df-43c1705aa533"},{"element-6066-11e4-a52e-4f735466cecf":"00427b75-4da6-4a04-a921-ee769ce0b28a"},{"element-6066-11e4-a52e-4f735466cecf":"9e302bce-5e89-432d-b7d0-fb72a066466f"},{"element-6066-11e4-a52e-4f735466cecf":"ba780a64-6151-40ec-8a41-28963c478ec6"},{"element-6066-11e4-a52e-4f735466cecf":"237e7f4b-a908-446f-ae9f-da6335d4ad34"},{"element-6066-11e4-a52e-4f735466cecf":"d364e49f-accd-4048-9ab1-641c6d0fcc8f"},{"element-6066-11e4-a52e-4f735466cecf":"7de5723c-c207-4274-8f05-b2db6b21a916"},{"element-6066-11e4-a52e-4f735466cecf":"e92e1bd9-0825-416d-8986-0267d86e8bde"},{"element-6066-11e4-a52e-4f735466cecf":"91e8b22f-99c2-4bba-80c1-067e6c2202a9"},{"element-6066-11e4-a52e-4f735466cecf":"4916af90-115b-42d6-b5df-fb6eab482ca2"},{"element-6066-11e4-a52e-4f735466cecf":"e0b96066-4c2f-430c-9a61-80af47d1e72c"},{"element-6066-11e4-a52e-4f735466cecf":"ace4bbae-a5b7-4ce7-9597-b7cd1d64dc61"},{"element-6066-11e4-a52e-4f735466cecf":"99022efa-4faf-4f67-b12c-7427544d8224"},{"element-6066-11e4-a52e-4f735466cecf":"19d68783-ff47-4941-a412-52247f030c1e"},{"element-6066-11e4-a52e-4f735466cecf":"d29d43c1-db30-462b-8fc7-d2952c208c0e"},{"element-6066-11e4-a52e-4f735466cecf":"88aee3e3-51b5-4fab-b21a-a2e030cbedbd"},{"element-6066-11e4-a52e-4f735466cecf":"c54df726-426a-4edf-a1f6-7e7da009a977"},{"element-6066-11e4-a52e-4f735466cecf":"7f39b4d8-d32c-4476-b74d-23d0abd356c8"},{"element-6066-11e4-a52e-4f735466cecf":"5842e7b4-c0b0-49ca-9576-ef6d914ce89b"},{"element-6066-11e4-a52e-4f735466cecf":"2d03accd-c38e-432c-a872-2be334608f05"},{"element-6066-11e4-a52e-4f735466cecf":"93158da8-7314-446d-ab32-c30348951ddd"},{"element-6066-11e4-a52e-4f735466cecf":"649017a3-8e67-4093-a3e2-0e69a4562be2"},{"element-6066-11e4-a52e-4f735466cecf":"697f5b5e-0da2-416a-be29-a0e311e7b843"},{"element-6066-11e4-a52e-4f735466cecf":"f89a8b9b-7191-482a-a085-dfd1ff6af618"},{"element-6066-11e4-a52e-4f735466cecf":"e6abe76d-aa03-46a2-b83a-21d1201d774f"},{"element-6066-11e4-a52e-4f735466cecf":"2fd3b7b9-1062-48a3-bfa6-e67cc351fe19"},{"element-6066-11e4-a52e-4f735466cecf":"c2200270-8d25-43f9-9a67-165cc2d5e10a"},{"element-6066-11e4-a52e-4f735466cecf":"8bc67586-21ca-4c5c-9b9a-58a65b8227b4"},{"element-6066-11e4-a52e-4f735466cecf":"ca692ea6-07af-44f7-b826-a67ac00a9cb5"},{"element-6066-11e4-a52e-4f735466cecf":"cdb0999d-1c49-4347-bed3-af2bfa5fab63"},{"element-6066-11e4-a52e-4f735466cecf":"f05be077-fc47-4e7c-8ff8-d4ae501c70df"},{"element-6066-11e4-a52e-4f735466cecf":"55c8b8a4-0474-45df-96df-c52e9efaa924"},{"element-6066-11e4-a52e-4f735466cecf":"c7ce9d0c-06af-44e3-9636-fe5faa01f9d2"},{"element-6066-11e4-a52e-4f735466cecf":"e7137447-cd3e-4e58-b2a7-68301c0d57ab"},{"element-6066-11e4-a52e-4f735466cecf":"c7328079-bf1a-4af6-9890-9ba631c5356a"},{"element-6066-11e4-a52e-4f735466cecf":"733967ca-ca0a-4ca2-8d59-2152265efd66"},{"element-6066-11e4-a52e-4f735466cecf":"48b7c1d0-0a43-42fc-ba67-b44c786606b8"},{"element-6066-11e4-a52e-4f735466cecf":"36cd2268-75bb-43ad-a5df-331d5fda6d61"},{"element-6066-11e4-a52e-4f735466cecf":"30a751df-c1d2-4f98-818e-611993af92df"},{"element-6066-11e4-a52e-4f735466cecf":"b9dc0181-f83d-4e04-8409-471ea61cfb1f"},{"element-6066-11e4-a52e-4f735466cecf":"4af83347-d46d-47fd-aea4-ed800dc05e9a"},{"element-6066-11e4-a52e-4f735466cecf":"e1031168-92ec-4edd-8a79-ba3c635ab368"},{"element-6066-11e4-a52e-4f735466cecf":"14e10f46-6f4f-4410-b874-71bb15cd85ca"},{"element-6066-11e4-a52e-4f735466cecf":"f8194a46-b00f-4b0c-8bdc-9858634dd332"},{"element-6066-11e4-a52e-4f735466cecf":"ae43efde-4a9d-48b5-9c66-516c731f165d"},{"element-6066-11e4-a52e-4f735466cecf":"b5b29748-2903-4c58-8754-a58b5813071f"},{"element-6066-11e4-a52e-4f735466cecf":"85114671-866b-48d9-ba3a-468188f81246"},{"element-6066-11e4-a52e-4f735466cecf":"5252c15f-3541-460e-a2f3-a1f2e19b910e"},{"element-6066-11e4-a52e-4f735466cecf":"ecdb9560-fba4-47ea-82b8-281eb81d45ff"},{"element-6066-11e4-a52e-4f735466cecf":"31842863-6be0-4297-a54c-e340cdf7f235"},{"element-6066-11e4-a52e-4f735466cecf":"06c88f11-9dd6-4e28-a18e-7fbbd1f509f7"},{"element-6066-11e4-a52e-4f735466cecf":"50f91a44-0a4a-4dc6-bf66-d57c63117245"},{"element-6066-11e4-a52e-4f735466cecf":"b03e68df-e129-406c-9309-b2f94d3adcd0"},{"element-6066-11e4-a52e-4f735466cecf":"4ff51013-b5b3-4fbd-b7fc-2da7a16c42cc"},{"element-6066-11e4-a52e-4f735466cecf":"447af299-bf51-4038-a88f-eee70abbb178"},{"element-6066-11e4-a52e-4f735466cecf":"ab49d1a7-313d-412f-a312-5b159ee5fbe7"},{"element-6066-11e4-a52e-4f735466cecf":"c4ef1057-bb89-4790-a03e-86dbdc5cf309"},{"element-6066-11e4-a52e-4f735466cecf":"3bec4160-cfb8-4c00-bccd-9f7e5a603241"},{"element-6066-11e4-a52e-4f735466cecf":"ce7d775f-51b6-4159-ae54-1f94cf79c1a5"},{"element-6066-11e4-a52e-4f735466cecf":"ab852def-fe8e-40d6-b860-5ca5f222c119"},{"element-6066-11e4-a52e-4f735466cecf":"deb7e774-d676-430e-90b6-f6d1cff3a249"},{"element-6066-11e4-a52e-4f735466cecf":"36823f10-2048-4004-9340-697900816741"},{"element-6066-11e4-a52e-4f735466cecf":"f60115a8-0b76-4ac8-926c-be534b99a0ec"},{"element-6066-11e4-a52e-4f735466cecf":"f1496be9-f7d9-4edf-b77c-13ef582aaec2"},{"element-6066-11e4-a52e-4f735466cecf":"b7dbc4a7-9e0d-4426-8827-756bb6f64316"},{"element-6066-11e4-a52e-4f735466cecf":"68b81cac-63e8-4bab-bb3c-864090e32f96"},{"element-6066-11e4-a52e-4f735466cecf":"7ed7e835-0cb7-4955-a442-461e7cc5169e"},{"element-6066-11e4-a52e-4f735466cecf":"5bd95f1a-caaf-47d1-8def-f2e3be33df26"},{"element-6066-11e4-a52e-4f735466cecf":"634c31fd-1fd3-44e9-a8da-7a2367b97ad5"},{"element-6066-11e4-a52e-4f735466cecf":"2d7f2dd3-ce65-44b6-9044-c399526e23cc"},{"element-6066-11e4-a52e-4f735466cecf":"9b1037e8-c448-446e-b7ff-770e774813ae"},{"element-6066-11e4-a52e-4f735466cecf":"6d4e9db2-c2c8-4351-8694-0c6180db0e5b"},{"element-6066-11e4-a52e-4f735466cecf":"843bbf4f-3099-4607-929e-02441dac53fa"},{"element-6066-11e4-a52e-4f735466cecf":"bcc4f8f2-1bcf-4645-ad96-e2b1aa3f649c"},{"element-6066-11e4-a52e-4f735466cecf":"fcd0f090-b811-47a6-a458-47368c4d3830"},{"element-6066-11e4-a52e-4f735466cecf":"f2b027bd-3dab-4b28-b7e0-194eec66db5f"},{"element-6066-11e4-a52e-4f735466cecf":"73596e0d-4eca-43d2-ad89-fb29f302ab84"},{"element-6066-11e4-a52e-4f735466cecf":"8c06b0fe-9a27-4289-8c9e-f7adf25943e6"},{"element-6066-11e4-a52e-4f735466cecf":"f7cea214-1985-46e6-9f0b-6e946ca57adf"},{"element-6066-11e4-a52e-4f735466cecf":"25ff958e-5514-4d7a-b392-0ad24dbe6b7d"},{"element-6066-11e4-a52e-4f735466cecf":"32b85387-521d-4999-ba9d-5ab8c3a24ba9"},{"element-6066-11e4-a52e-4f735466cecf":"9de67a8d-4839-4243-bf38-0606f911eb96"},{"element-6066-11e4-a52e-4f735466cecf":"bec2ce24-278f-4b3b-ac6e-d38a9b6beb3d"},{"element-6066-11e4-a52e-4f735466cecf":"ed28d485-6b2d-498b-b199-5ab48a7f116c"},{"element-6066-11e4-a52e-4f735466cecf":"93a59ac0-6b16-493a-a3e3-492516cc5add"},{"element-6066-11e4-a52e-4f735466cecf":"9eea5934-f47b-4cdb-8960-b7ad6b6cd93b"},{"element-6066-11e4-a52e-4f735466cecf":"89bc29e1-c5ee-43bf-a512-11bc06c63726"},{"element-6066-11e4-a52e-4f735466cecf":"5086cdc0-1e0d-4e8f-b357-f417375c561f"},{"element-6066-11e4-a52e-4f735466cecf":"bdb7ffdf-965a-4f8c-9dd7-2644519cb1a7"},{"element-6066-11e4-a52e-4f735466cecf":"3c0e43ac-0d55-4da8-bab9-783faa7b5243"},{"element-6066-11e4-a52e-4f735466cecf":"458c6718-47a9-47a8-b981-e3437062c800"},{"element-6066-11e4-a52e-4f735466cecf":"c4862cd8-bbe0-4165-98a0-904aa25bcf05"},{"element-6066-11e4-a52e-4f735466cecf":"4bdc95d6-1f4e-4ac3-912b-5fa055f630fc"},{"element-6066-11e4-a52e-4f735466cecf":"bca61e04-5d23-4a10-a465-b398e551dedd"},{"element-6066-11e4-a52e-4f735466cecf":"6725f486-20a0-4906-984b-3e9ff94f5fab"},{"element-6066-11e4-a52e-4f735466cecf":"9ad290fd-563b-4826-898e-aa2db245c12a"},{"element-6066-11e4-a52e-4f735466cecf":"8bb04059-c072-4552-bea3-2040b250acae"},{"element-6066-11e4-a52e-4f735466cecf":"53310c9a-2b8e-4bd6-8191-35cb62f6d4db"},{"element-6066-11e4-a52e-4f735466cecf":"9ecd727d-d060-4208-9cd0-72d7d8d599c6"},{"element-6066-11e4-a52e-4f735466cecf":"bffd1f99-35e4-489c-9401-d4808971e948"},{"element-6066-11e4-a52e-4f735466cecf":"4f9c51a3-ea5c-4e43-a431-49ac19f726f5"},{"element-6066-11e4-a52e-4f735466cecf":"67282abe-e9fb-4e63-a16d-4e31340beaf6"},{"element-6066-11e4-a52e-4f735466cecf":"5337f931-ddca-483e-aaee-e1ebd7806301"},{"element-6066-11e4-a52e-4f735466cecf":"3725d614-0576-4f9e-96c3-9e1b22a5c3c8"},{"element-6066-11e4-a52e-4f735466cecf":"4d46bbbc-6194-42ea-bf4a-20b06886ffa0"},{"element-6066-11e4-a52e-4f735466cecf":"3d28b0e0-1aff-4aa7-9115-c913221a2231"},{"element-6066-11e4-a52e-4f735466cecf":"4cdbf811-e7ef-45be-a3bf-aa1f9323b1d8"},{"element-6066-11e4-a52e-4f735466cecf":"d80d8d74-5309-41e9-b662-c7a6f1bc7f1d"},{"element-6066-11e4-a52e-4f735466cecf":"5a387b5c-f844-46b1-af7f-dc5f83a51bc2"},{"element-6066-11e4-a52e-4f735466cecf":"3397c8da-1cac-4709-b263-249113fd7e3a"},{"element-6066-11e4-a52e-4f735466cecf":"d5ad7982-3c2f-44f0-84d4-ba88b37b0912"},{"element-6066-11e4-a52e-4f735466cecf":"8e4a552c-5133-4545-919e-19c6647e24c2"},{"element-6066-11e4-a52e-4f735466cecf":"f456adcb-fd99-4a51-bb1c-83a6b571c851"},{"element-6066-11e4-a52e-4f735466cecf":"dd3b7076-cb74-47c2-a2b9-8a4015c272cb"},{"element-6066-11e4-a52e-4f735466cecf":"b4bf4c9b-0d2c-4d56-9d30-8f45132af70e"},{"element-6066-11e4-a52e-4f735466cecf":"7883aee4-bc2b-4b4b-8c79-53dc4f801e7a"},{"element-6066-11e4-a52e-4f735466cecf":"e21a945e-4213-4d7c-861b-bdb2dd496558"},{"element-6066-11e4-a52e-4f735466cecf":"520ba9b6-7b66-44cf-b514-de2bc8103eeb"},{"element-6066-11e4-a52e-4f735466cecf":"7e0feafa-1c23-4fa4-968a-ffec29d685c0"},{"element-6066-11e4-a52e-4f735466cecf":"84051a08-5798-45b1-a6b0-341cbd09c339"},{"element-6066-11e4-a52e-4f735466cecf":"57432f6d-98b9-414d-80d2-59433ea90d0e"},{"element-6066-11e4-a52e-4f735466cecf":"9faf36b1-2271-4899-8179-f605459b76d8"},{"element-6066-11e4-a52e-4f735466cecf":"7bab7070-a8ea-4e92-839f-5869f0876904"},{"element-6066-11e4-a52e-4f735466cecf":"205b6923-1057-44b8-b440-4a5b778d3c90"},{"element-6066-11e4-a52e-4f735466cecf":"a36cd453-08d6-40f2-8a10-5ce062f87cd9"},{"element-6066-11e4-a52e-4f735466cecf":"e53aaa0e-3bee-461c-aef2-a48f1d2527ed"},{"element-6066-11e4-a52e-4f735466cecf":"52863a9d-9fbf-46c0-a629-43f9f41cb63a"},{"element-6066-11e4-a52e-4f735466cecf":"c2f3e49f-0bec-45a7-925a-3084b5d45e09"},{"element-6066-11e4-a52e-4f735466cecf":"d7552151-9ec3-4e17-83a7-cb4ef371d797"},{"element-6066-11e4-a52e-4f735466cecf":"a2bda10c-2a68-4ece-96d5-ff40951153e4"},{"element-6066-11e4-a52e-4f735466cecf":"d59fee2d-faa3-404e-b4aa-364b69f8228b"},{"element-6066-11e4-a52e-4f735466cecf":"7fa3c3d7-e1ca-40b1-b566-5c8b56b46348"},{"element-6066-11e4-a52e-4f735466cecf":"1c88a970-f42f-4469-a140-5a8021b1625b"},{"element-6066-11e4-a52e-4f735466cecf":"65114ba0-5a0e-4a61-ada3-363a034a3dd0"},{"element-6066-11e4-a52e-4f735466cecf":"efd47b1e-f52a-4aad-a5c4-14c110d4afa0"},{"element-6066-11e4-a52e-4f735466cecf":"0f3b6189-1130-4878-9164-489f62207974"},{"element-6066-11e4-a52e-4f735466cecf":"30911d63-9d1a-4d4f-b4e6-64b407b5d514"},{"element-6066-11e4-a52e-4f735466cecf":"300f6391-2a83-48ec-83de-e7f990a26a84"},{"element-6066-11e4-a52e-4f735466cecf":"4c614834-72dc-4f31-af0b-5419ed993adc"},{"element-6066-11e4-a52e-4f735466cecf":"e3abfdd4-6471-4a88-9729-16d32c14a041"},{"element-6066-11e4-a52e-4f735466cecf":"2938cc9a-bba6-4731-a4e6-89bc2a41c6fc"},{"element-6066-11e4-a52e-4f735466cecf":"c8e75c27-3f1a-4af5-a60a-07b46834f632"},{"element-6066-11e4-a52e-4f735466cecf":"55592c2b-d322-485e-b50c-4f8d3a783d70"},{"element-6066-11e4-a52e-4f735466cecf":"3b929d33-1663-480b-aaed-5b25a79c038c"},{"element-6066-11e4-a52e-4f735466cecf":"211b46d9-d9a4-47fa-b581-2a9a3275d22f"},{"element-6066-11e4-a52e-4f735466cecf":"f9f47d0e-9a60-4799-a1ed-3dfc739e420c"},{"element-6066-11e4-a52e-4f735466cecf":"42680c96-a0f1-4d96-be6b-7a087d5483ac"},{"element-6066-11e4-a52e-4f735466cecf":"8bb49686-7ef6-4731-a895-6b9a8ad974b0"},{"element-6066-11e4-a52e-4f735466cecf":"7685edf6-59ad-439c-a678-0d1ca5943e05"},{"element-6066-11e4-a52e-4f735466cecf":"318abe0a-9dbe-464d-a609-88c7d1d02244"},{"element-6066-11e4-a52e-4f735466cecf":"e99f9ae7-9147-4a1b-a00e-2f620eab7bd5"},{"element-6066-11e4-a52e-4f735466cecf":"0e94cc05-82e7-447a-92a2-850cebfd4335"},{"element-6066-11e4-a52e-4f735466cecf":"eb81c1fe-e96c-47f3-93d2-2ab849a99b77"},{"element-6066-11e4-a52e-4f735466cecf":"a1941a7a-7792-4bf8-a430-a8f74dd0d3f9"},{"element-6066-11e4-a52e-4f735466cecf":"ee9cfa41-73d7-4c4d-8321-fc51075bf64f"},{"element-6066-11e4-a52e-4f735466cecf":"9b7c5acb-f6a9-402a-9f86-78732b51a6d2"},{"element-6066-11e4-a52e-4f735466cecf":"ac5b9653-022c-4080-bfad-5314bce7632f"},{"element-6066-11e4-a52e-4f735466cecf":"b2218dde-5603-482f-b053-751e89ea2654"},{"element-6066-11e4-a52e-4f735466cecf":"e19b6613-e39c-4de7-9034-c6a4229ae859"},{"element-6066-11e4-a52e-4f735466cecf":"cf092b19-e4db-44b6-a066-9ec7ea584b26"},{"element-6066-11e4-a52e-4f735466cecf":"c180ad3a-1ef8-42a6-a7da-b3db1d6f275b"},{"element-6066-11e4-a52e-4f735466cecf":"99d18ef9-ea7e-4239-98be-8a7b4bc4cbe4"},{"element-6066-11e4-a52e-4f735466cecf":"aa7208ac-6f31-4213-82cf-2435091ee642"},{"element-6066-11e4-a52e-4f735466cecf":"66c261a3-4b4b-42ff-846b-c2a7dbf283ed"},{"element-6066-11e4-a52e-4f735466cecf":"aad6a1dd-2883-442a-931d-26f09c9892ba"},{"element-6066-11e4-a52e-4f735466cecf":"da137e11-5c08-4cd7-ba2e-8ec5dbc849b9"},{"element-6066-11e4-a52e-4f735466cecf":"a61eaad6-5e6f-4f9f-aca9-cc0ec30c0f9a"},{"element-6066-11e4-a52e-4f735466cecf":"c3bbccc5-19b8-4350-be01-fdf5b954c66d"},{"element-6066-11e4-a52e-4f735466cecf":"a04fa531-5b6a-4b19-8dfa-be4d7f6fc80c"},{"element-6066-11e4-a52e-4f735466cecf":"82caa64e-4b81-4b5a-88c4-dbc5e5b3da8d"},{"element-6066-11e4-a52e-4f735466cecf":"b4510d4d-4e53-4e04-86e1-e2f07002f221"},{"element-6066-11e4-a52e-4f735466cecf":"5d3b0df6-ae54-4b0f-9c56-0017cd4190d2"},{"element-6066-11e4-a52e-4f735466cecf":"e407fdb0-9c8c-4da9-b4c2-5b2ebfea8c1c"},{"element-6066-11e4-a52e-4f735466cecf":"1fc3023f-19d5-4325-8242-03c1514f40eb"},{"element-6066-11e4-a52e-4f735466cecf":"61d38ee1-8fd6-4ad7-bda5-f1356d73a5f2"},{"element-6066-11e4-a52e-4f735466cecf":"46ef5856-0921-4276-a54e-2f90500c75c2"},{"element-6066-11e4-a52e-4f735466cecf":"5b58805f-9391-4d80-b6cf-5688690c54d9"},{"element-6066-11e4-a52e-4f735466cecf":"55bd3028-0a1b-4e04-b640-0c5c5d23f06f"},{"element-6066-11e4-a52e-4f735466cecf":"8afd85f8-01e0-4720-8ad8-58c8c5d58528"},{"element-6066-11e4-a52e-4f735466cecf":"70d67fc4-c63f-4381-821a-24bc8e9755cb"},{"element-6066-11e4-a52e-4f735466cecf":"558c195a-4720-43e4-9d49-0cd584d46f08"},{"element-6066-11e4-a52e-4f735466cecf":"79dbe29f-6ac5-4220-9351-369a1595d962"},{"element-6066-11e4-a52e-4f735466cecf":"cd27914f-ac81-4b93-8177-493c3278cf21"},{"element-6066-11e4-a52e-4f735466cecf":"921d4d18-5788-4c01-8db3-f9e43c12cbd6"},{"element-6066-11e4-a52e-4f735466cecf":"ba6a1b02-3f08-4940-a812-e7596a073f15"},{"element-6066-11e4-a52e-4f735466cecf":"a3ea62df-e3dc-43d2-9b4b-f07043612cc7"},{"element-6066-11e4-a52e-4f735466cecf":"992f9b44-fb3c-4e21-9c43-f74c3dee0709"},{"element-6066-11e4-a52e-4f735466cecf":"ca732d3a-5961-458c-a5e9-59281abe76fe"},{"element-6066-11e4-a52e-4f735466cecf":"dd4139d4-42e5-4dee-865b-59fecf4a42ee"},{"element-6066-11e4-a52e-4f735466cecf":"579ab187-c18e-4ff8-ac32-bba6ce6f2dcb"},{"element-6066-11e4-a52e-4f735466cecf":"653afead-f282-4289-8b44-aeaa8caf7120"},{"element-6066-11e4-a52e-4f735466cecf":"387efec3-ecf9-4173-ba84-d34c4e54d376"},{"element-6066-11e4-a52e-4f735466cecf":"49453375-e0d1-45f6-9daf-72f54d6cf4a5"},{"element-6066-11e4-a52e-4f735466cecf":"d71036d4-4165-4491-9fdc-86c8fa261d74"},{"element-6066-11e4-a52e-4f735466cecf":"be753b05-0a55-48d5-93b7-7d81f4fb402b"},{"element-6066-11e4-a52e-4f735466cecf":"13d38f57-6d4c-4db8-b6a2-6ac5bf5c5122"},{"element-6066-11e4-a52e-4f735466cecf":"8860076b-3069-4c26-a606-03696b299852"},{"element-6066-11e4-a52e-4f735466cecf":"af6a1e1e-976a-4854-8180-a6be3ef320ed"},{"element-6066-11e4-a52e-4f735466cecf":"a4308c39-4b6c-4508-8740-786ce7d0182f"},{"element-6066-11e4-a52e-4f735466cecf":"587e99ce-733f-4b23-8ef0-b4d7ec73a7f1"},{"element-6066-11e4-a52e-4f735466cecf":"2bc864fa-ab84-416c-962a-835b6912cf3d"},{"element-6066-11e4-a52e-4f735466cecf":"d6035e5b-a9ea-4fed-9a0c-7128f89bf004"},{"element-6066-11e4-a52e-4f735466cecf":"bd6db394-da29-4429-a502-a5beb6e7023c"},{"element-6066-11e4-a52e-4f735466cecf":"af6c1139-58e6-49f1-a5f0-6228d756e7bf"},{"element-6066-11e4-a52e-4f735466cecf":"58531cab-69f3-4e7b-8d33-b54f217d002f"},{"element-6066-11e4-a52e-4f735466cecf":"027de536-3326-4de1-8191-46f103419985"},{"element-6066-11e4-a52e-4f735466cecf":"c45a015f-a9d3-473f-9156-69bdf989e43e"},{"element-6066-11e4-a52e-4f735466cecf":"4f757957-bc3d-4d37-8dca-9a36397d49b7"},{"element-6066-11e4-a52e-4f735466cecf":"8bae3d78-a184-40a3-8d34-8be68f88cbc6"},{"element-6066-11e4-a52e-4f735466cecf":"1d77dc2d-fe1b-4e36-9bbd-4a00666c41c2"},{"element-6066-11e4-a52e-4f735466cecf":"61dca6b1-be72-4a51-8560-59f01d4adb16"},{"element-6066-11e4-a52e-4f735466cecf":"ba282a11-9aef-467b-870c-c9f6ef36a59f"},{"element-6066-11e4-a52e-4f735466cecf":"603a7c25-0086-4cb6-96aa-f9105017b84e"},{"element-6066-11e4-a52e-4f735466cecf":"f5690a2d-3788-44bc-8446-387db22d46fa"},{"element-6066-11e4-a52e-4f735466cecf":"4ca602f9-c3b3-46c7-a527-1ad39b80d63a"},{"element-6066-11e4-a52e-4f735466cecf":"e76d543f-a938-49d5-9ed0-be2aebfb549b"},{"element-6066-11e4-a52e-4f735466cecf":"6f305eff-c426-4b46-bf6f-08d3b5da9070"},{"element-6066-11e4-a52e-4f735466cecf":"04303df0-786d-40a6-92cf-3b09f783fc28"},{"element-6066-11e4-a52e-4f735466cecf":"c6df4f3a-5097-4b17-b23d-ec5b121fc95d"},{"element-6066-11e4-a52e-4f735466cecf":"e210604e-4fe7-4210-ba0f-594cf0db7fa5"},{"element-6066-11e4-a52e-4f735466cecf":"e5f855cd-66c0-4b29-9c2b-7a539990ceb4"},{"element-6066-11e4-a52e-4f735466cecf":"87e14b1d-2ed5-4d38-8bd5-b2f6b81d39a5"},{"element-6066-11e4-a52e-4f735466cecf":"a7e53f6d-1803-4b82-95e0-9bc219cc021d"},{"element-6066-11e4-a52e-4f735466cecf":"896c9ed9-e0da-4cb7-812d-0f095ca34c28"},{"element-6066-11e4-a52e-4f735466cecf":"b951adab-0d1b-4e84-b193-c57031c196ee"},{"element-6066-11e4-a52e-4f735466cecf":"69cd839e-f54b-436f-8750-9c42a836ba60"},{"element-6066-11e4-a52e-4f735466cecf":"32c539c7-69b4-4c28-a4f3-1f8ab506942f"},{"element-6066-11e4-a52e-4f735466cecf":"5dad70b2-3a51-4e5a-a300-70360acfc7a6"},{"element-6066-11e4-a52e-4f735466cecf":"a7319d74-ce02-44a4-890d-b2ec1ca23f03"},{"element-6066-11e4-a52e-4f735466cecf":"539fd134-4aea-41a7-aab1-d7803ca23b5c"},{"element-6066-11e4-a52e-4f735466cecf":"d815661f-e104-4220-99b8-af079f873e30"},{"element-6066-11e4-a52e-4f735466cecf":"c819bab7-a01b-4065-944d-3fd42274fc61"},{"element-6066-11e4-a52e-4f735466cecf":"235a9ed6-76f3-430a-ab77-d8f125903e22"},{"element-6066-11e4-a52e-4f735466cecf":"67c6b8c1-c8f3-4e36-9c40-cbc572bd3e1f"},{"element-6066-11e4-a52e-4f735466cecf":"0545d358-60c0-428b-a443-7cfce8027976"},{"element-6066-11e4-a52e-4f735466cecf":"d03a8fcd-08ba-4937-80b6-f2499bf6743b"},{"element-6066-11e4-a52e-4f735466cecf":"782835b3-bd30-4a77-8708-1a6e65f95f18"},{"element-6066-11e4-a52e-4f735466cecf":"2f9bef9b-8469-4008-82eb-982a360d684b"},{"element-6066-11e4-a52e-4f735466cecf":"274ad75b-1c0e-4524-86c9-a39dc225a1b2"},{"element-6066-11e4-a52e-4f735466cecf":"495a9382-9926-45dc-adb5-f1393c76c4e1"},{"element-6066-11e4-a52e-4f735466cecf":"1c5a4c22-0c15-4901-a517-3cb33050612e"},{"element-6066-11e4-a52e-4f735466cecf":"9fba0105-947d-4f95-b685-19e49b3f3305"},{"element-6066-11e4-a52e-4f735466cecf":"192bf2c3-3669-4edf-958f-6ff01dd28fee"},{"element-6066-11e4-a52e-4f735466cecf":"0d783bbb-cc12-4d1b-bd36-3731805641f0"},{"element-6066-11e4-a52e-4f735466cecf":"c3bcc182-1fb2-49f9-9187-8ba7d4a94659"},{"element-6066-11e4-a52e-4f735466cecf":"d2289d38-1e87-47ba-a146-e413f5b634ce"},{"element-6066-11e4-a52e-4f735466cecf":"c09f59b5-6136-45ff-96ac-e59d82115372"},{"element-6066-11e4-a52e-4f735466cecf":"b5ab6dbf-0e7d-46da-b031-f78b9bda0c45"},{"element-6066-11e4-a52e-4f735466cecf":"f46cfca2-1d65-4536-8b91-c96b8961bd15"},{"element-6066-11e4-a52e-4f735466cecf":"768e41ca-9b8f-4184-9a17-671d9413724a"},{"element-6066-11e4-a52e-4f735466cecf":"8d9e06f2-371b-4074-85b6-8177f7c15794"},{"element-6066-11e4-a52e-4f735466cecf":"6439f16d-1588-41ed-8062-3d93f39417f2"},{"element-6066-11e4-a52e-4f735466cecf":"cb12919e-de34-4bed-9887-3d64805b8956"},{"element-6066-11e4-a52e-4f735466cecf":"bae03fa9-70cd-425d-b770-85e9fa5a2efa"},{"element-6066-11e4-a52e-4f735466cecf":"1560e62d-f7b4-4bff-9956-d7ee30563736"},{"element-6066-11e4-a52e-4f735466cecf":"031f3407-fc52-4565-85d1-bfbcdc306626"},{"element-6066-11e4-a52e-4f735466cecf":"81891773-0e8c-460a-a461-29ae2557b3a3"},{"element-6066-11e4-a52e-4f735466cecf":"247685b7-d420-4f5c-8f0e-394902b74c31"},{"element-6066-11e4-a52e-4f735466cecf":"b6cdf4da-f009-4a8d-af73-4c73d150b1cc"},{"element-6066-11e4-a52e-4f735466cecf":"9dc68a70-42bb-4387-ac12-c11fe36f854f"},{"element-6066-11e4-a52e-4f735466cecf":"1997a98f-849d-4086-a8af-a19b91e0a506"},{"element-6066-11e4-a52e-4f735466cecf":"c757d5c2-2ded-4d2b-9ee4-3875fcdfc422"},{"element-6066-11e4-a52e-4f735466cecf":"de3eee04-f55d-4c08-a5e2-aae62c5c8e0f"},{"element-6066-11e4-a52e-4f735466cecf":"9fbbe4d1-0ea6-4d9b-a520-c5384970205e"},{"element-6066-11e4-a52e-4f735466cecf":"b23a6e4f-3f3e-4f0c-a3e0-86062b6c67da"},{"element-6066-11e4-a52e-4f735466cecf":"de288814-76ea-4a91-8db9-7e0f14442764"},{"element-6066-11e4-a52e-4f735466cecf":"01fcdbc1-f419-4e9d-af9b-1031b0bf0335"},{"element-6066-11e4-a52e-4f735466cecf":"f392034a-0c89-4459-ad2c-930a403bc1fe"},{"element-6066-11e4-a52e-4f735466cecf":"6ffa5b30-617a-4c30-9de0-a5323c3de9be"},{"element-6066-11e4-a52e-4f735466cecf":"87f03500-059d-4233-8621-06c5d05a7ef6"},{"element-6066-11e4-a52e-4f735466cecf":"b0b81ccc-be1b-41da-9ecd-4a98385b88a2"},{"element-6066-11e4-a52e-4f735466cecf":"aec18e5b-10a0-458f-8286-d486afcf112b"},{"element-6066-11e4-a52e-4f735466cecf":"5de2f9cf-d8e5-4c77-a30a-edd7c8716b75"},{"element-6066-11e4-a52e-4f735466cecf":"cffdf23a-da50-4d78-81c1-d5594d6870c0"},{"element-6066-11e4-a52e-4f735466cecf":"0854d45e-e50a-4639-973f-d9ec96b86541"},{"element-6066-11e4-a52e-4f735466cecf":"264a4210-88ed-4a3b-95be-31ee7b37b3e9"},{"element-6066-11e4-a52e-4f735466cecf":"47390daf-778b-42b8-9a48-5f47b6c8c088"},{"element-6066-11e4-a52e-4f735466cecf":"699512cc-17bd-410b-9715-bbe49ef91e7a"},{"element-6066-11e4-a52e-4f735466cecf":"2962a5f5-3300-4372-bc36-7f23d0e94703"},{"element-6066-11e4-a52e-4f735466cecf":"9d11ed16-aaf7-4ae5-9ee1-1cb7deaad909"},{"element-6066-11e4-a52e-4f735466cecf":"4e0f2652-929e-43a9-a99f-3c7177a727ef"},{"element-6066-11e4-a52e-4f735466cecf":"d0730826-7728-425c-94ed-5418b5470fd9"},{"element-6066-11e4-a52e-4f735466cecf":"bbe3c437-69e5-4441-be3c-fb0cfd066561"},{"element-6066-11e4-a52e-4f735466cecf":"8e74423a-c149-4e47-9d98-5bf486fab071"},{"element-6066-11e4-a52e-4f735466cecf":"83c540fc-3c4c-4919-b30e-2f34d3ba341f"},{"element-6066-11e4-a52e-4f735466cecf":"e796a19b-79be-4a3c-90eb-acdff5e793ab"},{"element-6066-11e4-a52e-4f735466cecf":"88bc9d44-a4bb-4df1-af7d-dadaa757acca"},{"element-6066-11e4-a52e-4f735466cecf":"3dc4a931-623b-455a-a801-8a3ba5116b24"},{"element-6066-11e4-a52e-4f735466cecf":"850117f9-a8ed-4540-9d1f-238bcc685010"},{"element-6066-11e4-a52e-4f735466cecf":"8a9b7315-5a17-4ac9-a5f0-4b7d108c8e12"},{"element-6066-11e4-a52e-4f735466cecf":"74ada972-230f-4c88-b048-e4f6d2a787a6"},{"element-6066-11e4-a52e-4f735466cecf":"6864153c-1933-4bb8-9c33-d4fe6921e035"},{"element-6066-11e4-a52e-4f735466cecf":"fec95b8c-5f2d-475e-be6c-698d2c31c97f"},{"element-6066-11e4-a52e-4f735466cecf":"8dd07ada-a58f-4c65-94df-3398278c5731"},{"element-6066-11e4-a52e-4f735466cecf":"33e24c69-83b8-4f81-bdc7-df3419969771"},{"element-6066-11e4-a52e-4f735466cecf":"07625c96-1124-403b-8127-1c452bb229b8"},{"element-6066-11e4-a52e-4f735466cecf":"f45e449f-f0eb-4dc8-b438-f8d27da2c8d0"},{"element-6066-11e4-a52e-4f735466cecf":"bcc4a599-6991-4b25-9592-eb024c54ec00"},{"element-6066-11e4-a52e-4f735466cecf":"373a0319-99a3-4041-8d95-919f4da329a8"},{"element-6066-11e4-a52e-4f735466cecf":"26934afd-7db5-46b4-b9cc-6603e8480d39"},{"element-6066-11e4-a52e-4f735466cecf":"40476975-51a1-4831-91f7-5369ab6a150e"},{"element-6066-11e4-a52e-4f735466cecf":"f855620e-5ac1-4b29-a7cd-9b574f2e4b09"},{"element-6066-11e4-a52e-4f735466cecf":"faaf15ae-54e6-4bd1-abde-0d4a5b644884"},{"element-6066-11e4-a52e-4f735466cecf":"5eb3e7cb-2839-466d-8406-3c765344ff0a"},{"element-6066-11e4-a52e-4f735466cecf":"30bff194-1454-4a20-b2b1-71dd2db9cf90"},{"element-6066-11e4-a52e-4f735466cecf":"dcec9718-c914-4e6a-8965-bc94363d3d14"},{"element-6066-11e4-a52e-4f735466cecf":"bf0b98f7-de2c-4788-8347-7db385ec37c9"},{"element-6066-11e4-a52e-4f735466cecf":"2004713b-ba7b-454d-abe5-05bb99a5cce1"},{"element-6066-11e4-a52e-4f735466cecf":"1a12dbb2-011e-433e-a37b-577f22642bfd"},{"element-6066-11e4-a52e-4f735466cecf":"a68a3572-b27a-4206-8ece-4085bb40e4e8"},{"element-6066-11e4-a52e-4f735466cecf":"3c6450fe-429f-4d4d-8f8e-8679c0c2bf52"},{"element-6066-11e4-a52e-4f735466cecf":"080aba30-e9e3-4986-b9fa-0ed3ef2104da"},{"element-6066-11e4-a52e-4f735466cecf":"0e954a2c-7d3d-4f8c-962f-6af315e9cc16"},{"element-6066-11e4-a52e-4f735466cecf":"d6062b30-ca97-4273-9b35-45adceca78d7"},{"element-6066-11e4-a52e-4f735466cecf":"ad00405b-f6fb-44b6-b55e-8d7d5a878101"},{"element-6066-11e4-a52e-4f735466cecf":"070d3fe4-674d-4703-8cc0-a984ed59e994"},{"element-6066-11e4-a52e-4f735466cecf":"7e59ff04-0d3d-4412-bc2f-20c7ba836f03"},{"element-6066-11e4-a52e-4f735466cecf":"6c66b5dd-00f5-4dde-9aa5-1dffeca2d388"},{"element-6066-11e4-a52e-4f735466cecf":"1b374cf7-aa95-4326-9dc2-f5dbbc66286e"},{"element-6066-11e4-a52e-4f735466cecf":"45ab0bbd-bce3-4b67-8517-4a7567d148b5"},{"element-6066-11e4-a52e-4f735466cecf":"96157bbe-c3af-493b-9655-cdac6582680a"},{"element-6066-11e4-a52e-4f735466cecf":"cddac4dc-d9e1-4b5c-95dc-dd69d9b683fa"},{"element-6066-11e4-a52e-4f735466cecf":"dc1d3929-efb3-4519-8245-dd37f3fd17a7"},{"element-6066-11e4-a52e-4f735466cecf":"f4c73f07-67e9-4a7f-acb5-ec45e6c40f0b"},{"element-6066-11e4-a52e-4f735466cecf":"885c1e18-2695-44d7-8da7-6bc02b3d6ff3"},{"element-6066-11e4-a52e-4f735466cecf":"c6ed8254-7d8e-4ad2-8d01-e40f117b7a12"},{"element-6066-11e4-a52e-4f735466cecf":"a5b62919-af32-4395-adeb-c66287a04b18"},{"element-6066-11e4-a52e-4f735466cecf":"a232ccc1-af51-4823-b593-751fba4a6193"},{"element-6066-11e4-a52e-4f735466cecf":"0bf9f1de-5943-4c0c-9bdd-29d4c4a1df7b"},{"element-6066-11e4-a52e-4f735466cecf":"05d37ee0-cb21-478b-8ad1-3bb08d06c8dc"},{"element-6066-11e4-a52e-4f735466cecf":"2456e516-abd2-411a-93e2-8ab4003badec"},{"element-6066-11e4-a52e-4f735466cecf":"d4378ec8-969c-4f5d-9c42-49dfd96fb723"},{"element-6066-11e4-a52e-4f735466cecf":"cd1ea821-1c01-4d87-a3e0-fe8bed5f4445"},{"element-6066-11e4-a52e-4f735466cecf":"26aa5d24-c7c5-4530-87ad-e5dc4397de88"},{"element-6066-11e4-a52e-4f735466cecf":"e9541f39-ca7c-4230-952b-3e9cd85bea40"},{"element-6066-11e4-a52e-4f735466cecf":"e6a8c1c1-8b8a-4f6d-b636-6fb8a3c932b1"},{"element-6066-11e4-a52e-4f735466cecf":"9f1ecf7b-6e22-464c-959c-915a48098a44"},{"element-6066-11e4-a52e-4f735466cecf":"68a1501c-8305-46c6-97b5-3137fdbf2493"},{"element-6066-11e4-a52e-4f735466cecf":"7bb5b6fd-bc2a-48f9-8624-9c27e5e82590"},{"element-6066-11e4-a52e-4f735466cecf":"08ca494c-ca9a-4461-be70-790966c41603"},{"element-6066-11e4-a52e-4f735466cecf":"5296e6c5-7638-4957-975b-ae500c2e6ac1"},{"element-6066-11e4-a52e-4f735466cecf":"186e6b5a-e110-42df-932c-5008db789b7d"},{"element-6066-11e4-a52e-4f735466cecf":"ba8e01ac-33c4-4bc5-8bc5-a41b4fb6a62b"},{"element-6066-11e4-a52e-4f735466cecf":"1cf932b9-c071-486a-8f15-b85bc908d99d"},{"element-6066-11e4-a52e-4f735466cecf":"e0a12032-1a6e-455d-b0d3-02c5173a1f63"},{"element-6066-11e4-a52e-4f735466cecf":"6302ae73-b1ec-4cc1-9789-3d9162a29057"},{"element-6066-11e4-a52e-4f735466cecf":"5df3b763-a30f-4760-a00f-8553bca57164"},{"element-6066-11e4-a52e-4f735466cecf":"fb3f9786-aee7-42e1-a8ef-490e6cc5c549"},{"element-6066-11e4-a52e-4f735466cecf":"43bd5288-f420-4da6-a0e8-b4872092ebe9"},{"element-6066-11e4-a52e-4f735466cecf":"93820eef-39f4-4045-89f3-b3b11a7d325e"},{"element-6066-11e4-a52e-4f735466cecf":"4c68d41b-2eae-4f50-ae10-de6b908d9b1f"},{"element-6066-11e4-a52e-4f735466cecf":"40a5f861-0cdb-4825-9551-d2d5f5dc5f04"},{"element-6066-11e4-a52e-4f735466cecf":"22163779-26aa-48cd-a50f-9926f0c117dc"},{"element-6066-11e4-a52e-4f735466cecf":"d6fad3a9-185f-4377-af4a-431572b994d0"},{"element-6066-11e4-a52e-4f735466cecf":"f6c7112d-f71f-4fd2-8de8-d536bd219461"},{"element-6066-11e4-a52e-4f735466cecf":"2657c7ab-567c-40b9-8fdd-75176c86275d"},{"element-6066-11e4-a52e-4f735466cecf":"dc35d7fd-3db0-46b1-bd10-2b673042f79b"},{"element-6066-11e4-a52e-4f735466cecf":"270e6e16-428e-443c-8da0-0b911b456649"},{"element-6066-11e4-a52e-4f735466cecf":"68ae51eb-73bd-483f-b718-439245baa8df"},{"element-6066-11e4-a52e-4f735466cecf":"e585ea15-484e-40d3-bc48-b67111b88094"},{"element-6066-11e4-a52e-4f735466cecf":"97e90733-7bee-4665-93fa-6db905a081bd"},{"element-6066-11e4-a52e-4f735466cecf":"1cf722ae-2cd6-4e65-be3b-4bb13766ed63"},{"element-6066-11e4-a52e-4f735466cecf":"a1e8d2d2-1fda-48e6-a1de-a104bad10ead"},{"element-6066-11e4-a52e-4f735466cecf":"35f5c11c-ba96-45a7-a34a-9c1dd0ee8fff"},{"element-6066-11e4-a52e-4f735466cecf":"974ae9e4-a3ca-4e60-984e-b0610a156ebe"},{"element-6066-11e4-a52e-4f735466cecf":"5c535590-9336-42f7-9b95-7f7f9435fe17"},{"element-6066-11e4-a52e-4f735466cecf":"ad0f02d7-25ec-492f-87ef-0133121cce2f"},{"element-6066-11e4-a52e-4f735466cecf":"ffcbf954-4d40-4653-b006-c4d628107a17"},{"element-6066-11e4-a52e-4f735466cecf":"94f32271-1b9a-4b42-af0c-a74ee092dff0"},{"element-6066-11e4-a52e-4f735466cecf":"f9ce7155-1c8f-484d-a5fd-86cbbc5c2dce"},{"element-6066-11e4-a52e-4f735466cecf":"31e6c7a7-fb09-4f52-91c2-bd2fcb79c42a"},{"element-6066-11e4-a52e-4f735466cecf":"48736d70-4acc-4e6c-b67e-751a8118c79b"},{"element-6066-11e4-a52e-4f735466cecf":"80479911-0f1d-4e3d-a3d0-c3627be5ee13"},{"element-6066-11e4-a52e-4f735466cecf":"9087a954-500c-489e-87e9-90675b1d0a4a"},{"element-6066-11e4-a52e-4f735466cecf":"f570f167-f390-4de8-9710-0c0c68c25773"},{"element-6066-11e4-a52e-4f735466cecf":"8cb37f77-868e-476a-bcaf-8baaa734a3ae"},{"element-6066-11e4-a52e-4f735466cecf":"1def5ea9-83ba-4eeb-bdeb-d06bade4e9b7"},{"element-6066-11e4-a52e-4f735466cecf":"8254acb3-f9fc-4d49-8759-bb1d45ad547c"},{"element-6066-11e4-a52e-4f735466cecf":"1393ea83-f340-4136-8a4c-d469703137f5"},{"element-6066-11e4-a52e-4f735466cecf":"98194d31-8c05-4c35-8ced-c95da1de732f"},{"element-6066-11e4-a52e-4f735466cecf":"e30daf5c-d815-4c5b-ad06-3e480e771a35"},{"element-6066-11e4-a52e-4f735466cecf":"e96caf26-f88a-48f7-bdf2-0d358ca472b1"},{"element-6066-11e4-a52e-4f735466cecf":"af817b48-7b64-4278-851a-610099bf34d3"},{"element-6066-11e4-a52e-4f735466cecf":"2bad7f24-9a2f-47e4-8a9b-0a51f96f6827"},{"element-6066-11e4-a52e-4f735466cecf":"659b7bc1-e5f0-45f4-9846-86d5c96d185e"},{"element-6066-11e4-a52e-4f735466cecf":"6e37e34c-651c-4782-8fc1-13be62c1639e"},{"element-6066-11e4-a52e-4f735466cecf":"c2f2cfa9-7ed0-4a1f-b9ac-89e79edb362c"},{"element-6066-11e4-a52e-4f735466cecf":"b1adcc64-3f06-4fcb-8888-b10f00ba22fa"},{"element-6066-11e4-a52e-4f735466cecf":"0f55912b-a032-4d5c-892f-ff36f257e952"},{"element-6066-11e4-a52e-4f735466cecf":"b678844b-b753-456c-8a8c-e3e06996ff45"},{"element-6066-11e4-a52e-4f735466cecf":"cd1c8fc7-99fb-45c2-9f79-623c2c654e1b"},{"element-6066-11e4-a52e-4f735466cecf":"d105143b-676e-4ddc-a13b-cc4b937ac823"},{"element-6066-11e4-a52e-4f735466cecf":"2e13efc0-cd8b-4f97-b4f8-a148a2ee6d4d"},{"element-6066-11e4-a52e-4f735466cecf":"c62fc507-09a1-450f-94f8-8f42f803f13e"},{"element-6066-11e4-a52e-4f735466cecf":"2ebbfca8-c0df-45e7-a47a-517b1b1b6b8d"},{"element-6066-11e4-a52e-4f735466cecf":"0053f33b-116a-40c4-969a-f8cedacf7392"},{"element-6066-11e4-a52e-4f735466cecf":"541c8f11-c6d7-4b68-8e21-c3dcd904c9b6"},{"element-6066-11e4-a52e-4f735466cecf":"6dac78f4-721b-4c5b-80e7-af3db619c975"},{"element-6066-11e4-a52e-4f735466cecf":"e1cb1304-3b14-4398-bc3e-bd702a2194ac"},{"element-6066-11e4-a52e-4f735466cecf":"860b9329-a011-4cb3-9ff9-8fd7a13cae36"},{"element-6066-11e4-a52e-4f735466cecf":"dbcb3539-5d31-4d4b-bcda-d213f68dc9de"},{"element-6066-11e4-a52e-4f735466cecf":"85958a08-a846-426b-8410-212cf51a5c10"},{"element-6066-11e4-a52e-4f735466cecf":"803f5401-31c9-41a9-bbfe-d5f605bcbabf"},{"element-6066-11e4-a52e-4f735466cecf":"7a0b298c-382f-4ae6-b431-233b37cf26e3"},{"element-6066-11e4-a52e-4f735466cecf":"9fbb35e5-a373-474c-96a9-295d76ff701e"},{"element-6066-11e4-a52e-4f735466cecf":"e5bd7897-af78-478f-82eb-6011adca5a83"},{"element-6066-11e4-a52e-4f735466cecf":"7686191e-57de-4b0e-844e-c6accc08668c"},{"element-6066-11e4-a52e-4f735466cecf":"90fb32d5-d8bb-4602-a53b-b09f0274b17e"},{"element-6066-11e4-a52e-4f735466cecf":"f42b2e21-aa83-44cc-8a33-310a343da0cb"},{"element-6066-11e4-a52e-4f735466cecf":"d05d89b1-0213-4dbb-ae59-1869e9a10fea"},{"element-6066-11e4-a52e-4f735466cecf":"ec1355c5-1ed9-4430-851f-6edbd50124a8"},{"element-6066-11e4-a52e-4f735466cecf":"520a3852-b912-4e5c-9780-eda0fc048670"},{"element-6066-11e4-a52e-4f735466cecf":"24bc0e8b-0b89-4f87-a35f-c3f0888c34f1"},{"element-6066-11e4-a52e-4f735466cecf":"a1a5037f-304a-4658-89f8-cb0063aba12a"},{"element-6066-11e4-a52e-4f735466cecf":"3eaf9f06-1d3c-4bf2-9785-ede8d3182992"},{"element-6066-11e4-a52e-4f735466cecf":"2fa1f343-28c7-4a57-a5c2-5eefa4e3d40d"},{"element-6066-11e4-a52e-4f735466cecf":"a3e93011-c595-4929-97a8-806e4e4677b8"},{"element-6066-11e4-a52e-4f735466cecf":"bc7d1104-e7d2-4341-aac4-7213f483cdad"},{"element-6066-11e4-a52e-4f735466cecf":"aacb9e30-7386-49fa-a549-2eeda36ece38"},{"element-6066-11e4-a52e-4f735466cecf":"395c7795-28c2-46b3-8c52-999b1fb78097"},{"element-6066-11e4-a52e-4f735466cecf":"b3a70673-330d-4bf4-a1e4-716b2eef9a30"},{"element-6066-11e4-a52e-4f735466cecf":"8b3cce24-a0b1-4201-bc02-a46ec1fcd4c3"},{"element-6066-11e4-a52e-4f735466cecf":"8a491b99-c9f4-4094-9bfb-c8befe0c3f95"},{"element-6066-11e4-a52e-4f735466cecf":"9de07f33-f49a-43af-b37c-839cfeea98e4"},{"element-6066-11e4-a52e-4f735466cecf":"414f665e-74c3-4c60-bc6b-6e912aeba6c9"},{"element-6066-11e4-a52e-4f735466cecf":"e4cfe134-9b44-405b-afb4-385a1689d07a"},{"element-6066-11e4-a52e-4f735466cecf":"2bd918f7-182f-4a95-a6f2-2dbf442c1564"},{"element-6066-11e4-a52e-4f735466cecf":"6bd1468d-d4f1-422b-ab59-517b3dd8b751"},{"element-6066-11e4-a52e-4f735466cecf":"44c3d290-d5fe-4a90-9229-908469f7711d"},{"element-6066-11e4-a52e-4f735466cecf":"91aea741-143e-44ad-85f1-a4d0183aebf7"},{"element-6066-11e4-a52e-4f735466cecf":"1e6f22ec-ee00-476c-be6a-cbac660be114"},{"element-6066-11e4-a52e-4f735466cecf":"d4208a39-2620-4728-bce0-cb18154de5ca"},{"element-6066-11e4-a52e-4f735466cecf":"a084eed0-c544-4e1c-bd55-4e934f4e7060"},{"element-6066-11e4-a52e-4f735466cecf":"a3f1760c-fc7d-413b-9088-eadf4dcfa6e5"},{"element-6066-11e4-a52e-4f735466cecf":"7abbcc73-f182-44a5-ad4b-3b242e002f9d"},{"element-6066-11e4-a52e-4f735466cecf":"f0858e8a-7ca9-439f-9dee-f6173f968b2b"},{"element-6066-11e4-a52e-4f735466cecf":"fd27ccb3-5d67-4a4f-850d-518e7dbd595d"},{"element-6066-11e4-a52e-4f735466cecf":"71364cc7-e29e-45c9-b787-626240771b01"},{"element-6066-11e4-a52e-4f735466cecf":"a48c8549-9a04-499b-9292-1d67748d2895"},{"element-6066-11e4-a52e-4f735466cecf":"a78ea0ea-5376-4b8a-9b28-3d7ce15c83be"},{"element-6066-11e4-a52e-4f735466cecf":"02646181-787d-457c-914b-939d76275b5a"},{"element-6066-11e4-a52e-4f735466cecf":"c93ab8dc-5bb0-4f08-8ea0-5ee389de8a80"},{"element-6066-11e4-a52e-4f735466cecf":"fc777c6e-de6d-4d9b-98bf-ac299894bef3"},{"element-6066-11e4-a52e-4f735466cecf":"655c6463-2248-4ae3-a36c-ac701e503c8a"},{"element-6066-11e4-a52e-4f735466cecf":"54a3490d-c9fe-4ac8-b45f-838e72e017f5"},{"element-6066-11e4-a52e-4f735466cecf":"d0b13393-bf83-4df6-bb79-2168235550dc"},{"element-6066-11e4-a52e-4f735466cecf":"680925e6-d398-4b77-8b5e-f845a2eec1c2"},{"element-6066-11e4-a52e-4f735466cecf":"2fdfc6ae-0c50-4b68-868c-5024a14f9f1b"},{"element-6066-11e4-a52e-4f735466cecf":"da25a1aa-e705-4ae4-9721-0b6316dfe393"},{"element-6066-11e4-a52e-4f735466cecf":"9e79cafe-af3e-4676-b13b-efa8ed4a61c8"},{"element-6066-11e4-a52e-4f735466cecf":"6dc00301-c37d-4d30-91cf-6cea8816faf0"},{"element-6066-11e4-a52e-4f735466cecf":"51748cb7-4330-4066-95fd-ff00018ae9df"},{"element-6066-11e4-a52e-4f735466cecf":"4ba579b8-ae4f-4b58-a105-a147d85c04c9"},{"element-6066-11e4-a52e-4f735466cecf":"a97d06ea-e0d5-4ae9-8c5d-02d2b219accd"},{"element-6066-11e4-a52e-4f735466cecf":"f87b05f2-65b4-4dc4-9a81-d6b241b286ed"},{"element-6066-11e4-a52e-4f735466cecf":"617e483d-0730-460e-b1d0-32c92232e4b3"},{"element-6066-11e4-a52e-4f735466cecf":"3dca3484-8ce4-4a79-80dc-7eb1cb81eec3"},{"element-6066-11e4-a52e-4f735466cecf":"292e88bd-1e70-471a-9bef-555bc25f7a78"},{"element-6066-11e4-a52e-4f735466cecf":"57e9279f-1587-45df-8953-6d0deaaa5f70"},{"element-6066-11e4-a52e-4f735466cecf":"ce6d2a2a-e913-44cf-8755-d04b4d58091a"},{"element-6066-11e4-a52e-4f735466cecf":"5affb67d-8576-43d4-b860-58d2ade703c5"},{"element-6066-11e4-a52e-4f735466cecf":"def116c3-0032-4261-b602-f689f58f4642"},{"element-6066-11e4-a52e-4f735466cecf":"b4af235a-0a29-4755-ba34-0681ec9ac2ad"},{"element-6066-11e4-a52e-4f735466cecf":"2681fbfb-756d-4234-9269-5ea71711ec71"},{"element-6066-11e4-a52e-4f735466cecf":"5743563a-c243-418c-ae30-3bb800eadce5"},{"element-6066-11e4-a52e-4f735466cecf":"7bb9de06-cc59-4f0f-ae9a-b830934bb520"},{"element-6066-11e4-a52e-4f735466cecf":"794c9ce7-ba07-4837-be99-015859888dba"},{"element-6066-11e4-a52e-4f735466cecf":"d2b8dcfc-fae7-483b-bc6a-8e0d4d047f62"},{"element-6066-11e4-a52e-4f735466cecf":"0f73daa6-9d6d-4d49-82c2-1349b37e91bd"},{"element-6066-11e4-a52e-4f735466cecf":"6a5d143f-1123-4ae2-9bb8-d6c84d652a22"},{"element-6066-11e4-a52e-4f735466cecf":"d52f9d44-20cb-4e69-9098-4fdb79fda18e"},{"element-6066-11e4-a52e-4f735466cecf":"007a7dd3-0ce1-479a-af5b-cbd05f68abb7"},{"element-6066-11e4-a52e-4f735466cecf":"c610549e-d15d-49da-aa57-7309729166a1"},{"element-6066-11e4-a52e-4f735466cecf":"d42cb0e3-e343-492f-8ec6-42eeb1b9ca4b"},{"element-6066-11e4-a52e-4f735466cecf":"69cbc0e2-d4a6-4d28-b7a0-fa56738c3cf1"},{"element-6066-11e4-a52e-4f735466cecf":"fc20359d-7958-4a92-bdac-728dc726de19"},{"element-6066-11e4-a52e-4f735466cecf":"fd60b1a3-0275-4b73-8916-3985ade32e8f"},{"element-6066-11e4-a52e-4f735466cecf":"a1652db5-5313-4776-838c-8b73e567332a"},{"element-6066-11e4-a52e-4f735466cecf":"336d5f41-ff87-4ab9-94f6-ca1f053c5885"},{"element-6066-11e4-a52e-4f735466cecf":"25be2225-bc0d-4ee3-9c4b-a22f9e591dac"},{"element-6066-11e4-a52e-4f735466cecf":"f23ca253-59b7-4f0a-bdb7-127793e75378"},{"element-6066-11e4-a52e-4f735466cecf":"1b4c7b34-4a74-4ede-a1b8-d5c6255c04b0"},{"element-6066-11e4-a52e-4f735466cecf":"e25d0567-bd49-43cf-840c-0c8a878be5d8"},{"element-6066-11e4-a52e-4f735466cecf":"b4de4bfc-346b-4574-93b9-f52fc7b9bb0b"},{"element-6066-11e4-a52e-4f735466cecf":"4a071c11-044f-4d57-bd6b-9037c0600d09"},{"element-6066-11e4-a52e-4f735466cecf":"27c024e5-946b-4053-af25-6b4b7d3f79f3"},{"element-6066-11e4-a52e-4f735466cecf":"6531c491-c4d4-4c72-b542-54d3c1d3a989"},{"element-6066-11e4-a52e-4f735466cecf":"c2113c6a-156d-4bc5-970e-cc32320f95b1"},{"element-6066-11e4-a52e-4f735466cecf":"c35eba9b-6267-4f48-9aa5-ebd6ab222a0b"},{"element-6066-11e4-a52e-4f735466cecf":"45eafc3c-d06a-4ecb-a878-dd3630631dc4"},{"element-6066-11e4-a52e-4f735466cecf":"af1cdbc5-1de0-46b6-91c3-9c8cd5a233ce"},{"element-6066-11e4-a52e-4f735466cecf":"fcae6601-3f81-42a9-989b-dbee38f22298"},{"element-6066-11e4-a52e-4f735466cecf":"e39b8627-8dc2-4de1-a332-c4b6a36a98c5"},{"element-6066-11e4-a52e-4f735466cecf":"a4c1798f-2475-41d0-8300-3804795d7694"},{"element-6066-11e4-a52e-4f735466cecf":"ad972051-6729-4b7b-aba2-7dd4c5bb578f"},{"element-6066-11e4-a52e-4f735466cecf":"cba05418-f1f7-4ac0-884d-96c174450df1"},{"element-6066-11e4-a52e-4f735466cecf":"d684bf6e-6559-4295-8244-3599647b960e"},{"element-6066-11e4-a52e-4f735466cecf":"0c3feb94-8ac8-49ef-b5a8-1eac2fcd92aa"},{"element-6066-11e4-a52e-4f735466cecf":"fe14dc10-71bb-44c0-aa38-791f1c804db9"},{"element-6066-11e4-a52e-4f735466cecf":"501f3649-7803-4d0e-8ed6-813406751adf"},{"element-6066-11e4-a52e-4f735466cecf":"8b0b1934-1d60-4eb9-9344-5ecb49a6b0c2"},{"element-6066-11e4-a52e-4f735466cecf":"b05d973e-c0bd-4ed1-bf88-4059401b920f"},{"element-6066-11e4-a52e-4f735466cecf":"f7ea3533-4608-48aa-8901-048393586757"},{"element-6066-11e4-a52e-4f735466cecf":"60a393ee-9e4e-4e64-94dc-81c1a81bc094"},{"element-6066-11e4-a52e-4f735466cecf":"b5ad4c32-050b-43bc-a32b-6ebb586de761"},{"element-6066-11e4-a52e-4f735466cecf":"c7cb9cb5-3d22-4206-bdd1-5785df5f5fa9"},{"element-6066-11e4-a52e-4f735466cecf":"9aadf465-7deb-4728-96a0-06e81ecee259"},{"element-6066-11e4-a52e-4f735466cecf":"44225529-a31e-4b91-88cf-46e0cedaf5bc"},{"element-6066-11e4-a52e-4f735466cecf":"0069a984-50ae-45ec-b806-b457e90ca9d1"},{"element-6066-11e4-a52e-4f735466cecf":"9b482694-5f32-4a3c-a470-fef58826ec98"},{"element-6066-11e4-a52e-4f735466cecf":"a47a3d0d-cf0c-4e27-a0b6-382d2883d5de"},{"element-6066-11e4-a52e-4f735466cecf":"a8cafd3a-b417-49d2-bbb0-2dc1c7024b35"},{"element-6066-11e4-a52e-4f735466cecf":"262c351a-9948-4b18-b003-f6fdd1e94996"},{"element-6066-11e4-a52e-4f735466cecf":"83b41cfc-c1be-4c22-8cde-56916b750a09"},{"element-6066-11e4-a52e-4f735466cecf":"4e9fa03b-4b45-476d-a6b2-6ce0afdb56bd"},{"element-6066-11e4-a52e-4f735466cecf":"c065fe76-1c3c-4455-85ce-00f66bee8de5"},{"element-6066-11e4-a52e-4f735466cecf":"5645504c-9e94-4e41-818a-b7eeb8ff2cf8"},{"element-6066-11e4-a52e-4f735466cecf":"60f41267-68b4-47a8-9826-add27ffcf774"},{"element-6066-11e4-a52e-4f735466cecf":"64dc2884-52fd-43b9-a3ae-1cdefd3424dc"},{"element-6066-11e4-a52e-4f735466cecf":"4e444616-6a11-48a1-88ba-b2fafd516217"},{"element-6066-11e4-a52e-4f735466cecf":"f0798e7a-f62f-4916-bf98-db11356137a1"},{"element-6066-11e4-a52e-4f735466cecf":"06d454ff-5b5a-4e80-ae1f-261783ec889e"},{"element-6066-11e4-a52e-4f735466cecf":"7ecd9d65-6d57-457c-8f01-fcff00d65b67"},{"element-6066-11e4-a52e-4f735466cecf":"c0debcf8-71d1-43ed-9a77-1fd54020e4e6"},{"element-6066-11e4-a52e-4f735466cecf":"9044a9ea-718e-49f5-8f79-5e07f4162b98"},{"element-6066-11e4-a52e-4f735466cecf":"68385d64-55e1-4329-81fa-037d1624f06d"},{"element-6066-11e4-a52e-4f735466cecf":"ab98f484-55b9-4f02-b314-eb9fcfcc3566"},{"element-6066-11e4-a52e-4f735466cecf":"34a88661-eaee-4a94-ae39-28e42fe44db9"},{"element-6066-11e4-a52e-4f735466cecf":"a6737355-6533-4ab5-9fcb-5ee1fe95fbf9"},{"element-6066-11e4-a52e-4f735466cecf":"d11b5693-2a0e-44d5-a5ab-a4d1a73e49e6"},{"element-6066-11e4-a52e-4f735466cecf":"de086556-ce51-46c1-976a-72294d71d03d"},{"element-6066-11e4-a52e-4f735466cecf":"cee01fb0-2fd5-45f9-b7e6-d6579513da1e"},{"element-6066-11e4-a52e-4f735466cecf":"7ea94d97-e9e0-4dd4-af4d-5a38dd2ad3a4"},{"element-6066-11e4-a52e-4f735466cecf":"9778b6a5-17c8-4ad8-97c5-a66126053638"},{"element-6066-11e4-a52e-4f735466cecf":"007885c2-669a-4db8-915c-010659219835"},{"element-6066-11e4-a52e-4f735466cecf":"6b1dc5eb-d834-4141-890a-1aa02d775b15"},{"element-6066-11e4-a52e-4f735466cecf":"2ca74597-ecd0-4b33-93cb-70713a3e86e9"},{"element-6066-11e4-a52e-4f735466cecf":"dad17d65-57cd-4b52-afac-902558d3fdf1"},{"element-6066-11e4-a52e-4f735466cecf":"0c3952df-94da-45d5-894f-f8cfa36f72d4"},{"element-6066-11e4-a52e-4f735466cecf":"d347e3af-6332-4873-925a-9ff03f96644f"},{"element-6066-11e4-a52e-4f735466cecf":"73cac777-441c-4821-987e-1c1401134fef"},{"element-6066-11e4-a52e-4f735466cecf":"fb174385-543f-4f5a-b504-1873ce01d1b4"},{"element-6066-11e4-a52e-4f735466cecf":"5a48f79c-a56b-4148-adf9-fb4ff214fed9"},{"element-6066-11e4-a52e-4f735466cecf":"2df88879-fade-471b-b3be-6e228695e323"},{"element-6066-11e4-a52e-4f735466cecf":"72c40ff5-054f-4fa0-bcc5-194e21ca3812"},{"element-6066-11e4-a52e-4f735466cecf":"7b1d2621-9918-4ed4-9f58-d8d803f167f2"},{"element-6066-11e4-a52e-4f735466cecf":"5e89d511-f7b8-4604-9789-ba5bdc5b5337"},{"element-6066-11e4-a52e-4f735466cecf":"a8594120-5288-4e59-b2ee-af69d7014fe6"},{"element-6066-11e4-a52e-4f735466cecf":"2fe83af4-b8e4-4766-b26f-e7b0450b060d"},{"element-6066-11e4-a52e-4f735466cecf":"805fbe87-a5b5-4253-a8e6-aa06f1310744"},{"element-6066-11e4-a52e-4f735466cecf":"21118ec7-e066-431a-b757-16f8d24aa03f"},{"element-6066-11e4-a52e-4f735466cecf":"395ca070-0bdc-4d43-b6c5-c2d3675c2b69"},{"element-6066-11e4-a52e-4f735466cecf":"8f2d2535-089d-446e-945c-092cd60d94fb"},{"element-6066-11e4-a52e-4f735466cecf":"eda716bc-fac3-4170-ba61-e874e8ad2fae"},{"element-6066-11e4-a52e-4f735466cecf":"84077acd-bb36-4673-b460-9a81b840c26c"},{"element-6066-11e4-a52e-4f735466cecf":"8193c8c6-6545-4af3-b5dc-bc6b57501a25"},{"element-6066-11e4-a52e-4f735466cecf":"54e018aa-7490-4f37-850a-afc284af756a"},{"element-6066-11e4-a52e-4f735466cecf":"8f19704b-e4d4-497b-bfa1-baec7411496c"},{"element-6066-11e4-a52e-4f735466cecf":"9e579f9d-55cc-4b76-b779-f6897af9ed82"},{"element-6066-11e4-a52e-4f735466cecf":"5dac7b19-8378-43e3-8ab0-7261347817ad"},{"element-6066-11e4-a52e-4f735466cecf":"f4e80de2-90eb-40f8-83e3-4ae4e5ab3505"},{"element-6066-11e4-a52e-4f735466cecf":"44216bfe-982c-485a-bf4c-ecc9f8a83172"},{"element-6066-11e4-a52e-4f735466cecf":"6d65cd0a-3ef2-4c9d-b92f-b9b8a8495a2c"},{"element-6066-11e4-a52e-4f735466cecf":"100a9350-850e-4969-af92-508a86b1e1a7"},{"element-6066-11e4-a52e-4f735466cecf":"89630ea2-361d-4245-b9e8-74c2815202fb"},{"element-6066-11e4-a52e-4f735466cecf":"4ed7d8f4-9d3b-493f-8b34-d5a7e79fb077"},{"element-6066-11e4-a52e-4f735466cecf":"5927416c-75c1-4a70-9131-e685b68b12c6"},{"element-6066-11e4-a52e-4f735466cecf":"4709144e-3ff5-47f5-b4a8-ef9e3ddd4053"},{"element-6066-11e4-a52e-4f735466cecf":"536df5a8-5c2a-4a85-9364-390bc077fcc6"},{"element-6066-11e4-a52e-4f735466cecf":"5b4cd71e-84be-4d12-860f-eeb25640fbec"},{"element-6066-11e4-a52e-4f735466cecf":"1e94d344-a160-47a6-a0b9-105d6f3b9939"},{"element-6066-11e4-a52e-4f735466cecf":"1faab392-63f0-4504-83a9-3cd9fccd2048"},{"element-6066-11e4-a52e-4f735466cecf":"28b400ed-1a5e-484c-a94d-b123f17179dc"},{"element-6066-11e4-a52e-4f735466cecf":"9b4496a5-d826-472b-844d-58d7f203a7a1"},{"element-6066-11e4-a52e-4f735466cecf":"85b2669c-5b4f-4c47-92b4-109d5478d4dc"},{"element-6066-11e4-a52e-4f735466cecf":"146817f4-8c47-4466-8878-5e5c3c280b1f"},{"element-6066-11e4-a52e-4f735466cecf":"7ba417c1-01b9-44b0-9309-654565788cf6"},{"element-6066-11e4-a52e-4f735466cecf":"0fdb94c0-e74a-4d0d-8fc7-a450fbd4e82f"},{"element-6066-11e4-a52e-4f735466cecf":"e3075534-0dbb-4609-8bab-2482b16bdc53"},{"element-6066-11e4-a52e-4f735466cecf":"fc32278a-70e5-469c-bbb1-09a2580bbf78"},{"element-6066-11e4-a52e-4f735466cecf":"f35b19ba-bd53-4e56-ac5a-f7f18246be54"},{"element-6066-11e4-a52e-4f735466cecf":"17f79546-6dda-4a00-9411-1fc8f2796356"},{"element-6066-11e4-a52e-4f735466cecf":"2990f5f7-ca6d-40e5-832f-fd176add41dd"},{"element-6066-11e4-a52e-4f735466cecf":"28a3c143-379f-491d-9809-f8012538706b"},{"element-6066-11e4-a52e-4f735466cecf":"4bb89709-b8fd-4b2a-8c58-bb17ba0ba693"},{"element-6066-11e4-a52e-4f735466cecf":"3d86154e-6c6a-4a4b-9690-a58f371ee256"},{"element-6066-11e4-a52e-4f735466cecf":"1c940c1e-bc45-449e-b903-132ed78723d1"},{"element-6066-11e4-a52e-4f735466cecf":"6e4e2c90-3a71-4a67-9299-9390136762f4"},{"element-6066-11e4-a52e-4f735466cecf":"cb904de6-96fb-458a-842a-7f38bc2c937a"},{"element-6066-11e4-a52e-4f735466cecf":"51175ce3-05a1-48c6-b10e-fa0d76be63d0"},{"element-6066-11e4-a52e-4f735466cecf":"6b6c1586-f805-4f65-a9ed-06ddc2342914"},{"element-6066-11e4-a52e-4f735466cecf":"94fcbc20-0a78-4b9e-9624-d2d9690240d0"},{"element-6066-11e4-a52e-4f735466cecf":"a1c658c1-3e1c-4164-ac47-94e73c9d50b6"},{"element-6066-11e4-a52e-4f735466cecf":"3dff9f2d-028e-4c63-882c-87fac4170cd6"},{"element-6066-11e4-a52e-4f735466cecf":"ae9d044c-b0ce-4da5-a851-9e10bb32827b"},{"element-6066-11e4-a52e-4f735466cecf":"dcf7a83e-a322-47a7-8391-d2c0fb41358c"},{"element-6066-11e4-a52e-4f735466cecf":"e5e1d82f-a157-4081-8961-331946de765e"},{"element-6066-11e4-a52e-4f735466cecf":"c4bb0806-2340-429e-951e-3d6c87f935d4"},{"element-6066-11e4-a52e-4f735466cecf":"ddb8233f-abbe-4ea4-8a56-1f6bfc025fcd"},{"element-6066-11e4-a52e-4f735466cecf":"318f8c33-7465-401d-8dc1-c36373c8a282"},{"element-6066-11e4-a52e-4f735466cecf":"7c0f7b32-67b7-4b6b-947e-9154162644c2"},{"element-6066-11e4-a52e-4f735466cecf":"fbcd1692-8f5b-4db5-9ca0-aa61926744b3"},{"element-6066-11e4-a52e-4f735466cecf":"716c72d9-b8b7-4053-b348-f908344fbed0"},{"element-6066-11e4-a52e-4f735466cecf":"362fb8f1-5879-4b6e-a6e9-cc3f90947438"},{"element-6066-11e4-a52e-4f735466cecf":"d949612c-da2d-46ce-b5d0-b0c52cc57448"},{"element-6066-11e4-a52e-4f735466cecf":"d975b4c8-f122-4a87-943d-dec01699607e"},{"element-6066-11e4-a52e-4f735466cecf":"d6f2bee3-bf1c-4e10-9ca0-4bc1e6f06981"},{"element-6066-11e4-a52e-4f735466cecf":"b6df3a82-30eb-4ce7-b76c-c6ca03418d5a"},{"element-6066-11e4-a52e-4f735466cecf":"f1d79593-40f9-4310-9f40-0821bb2e5457"},{"element-6066-11e4-a52e-4f735466cecf":"055403e5-88ea-4353-99f7-bbf42131a7b9"},{"element-6066-11e4-a52e-4f735466cecf":"a8b04ebf-fb8a-4647-8468-126f5be8b2f2"},{"element-6066-11e4-a52e-4f735466cecf":"2af5ca42-df9c-4bd7-b440-bd88fdfc7a1a"},{"element-6066-11e4-a52e-4f735466cecf":"9f01b16a-0e66-4a04-b91d-3024b7cb24ba"},{"element-6066-11e4-a52e-4f735466cecf":"5df53c67-3f1c-4679-8138-59d76fde9364"},{"element-6066-11e4-a52e-4f735466cecf":"7097c8e8-09ed-4648-8626-ceaf6edbb06c"},{"element-6066-11e4-a52e-4f735466cecf":"22efffdf-95d9-4c51-8afd-796ebcd3aefd"},{"element-6066-11e4-a52e-4f735466cecf":"e36964e5-2df4-41c0-bb22-45a6b63fa279"},{"element-6066-11e4-a52e-4f735466cecf":"eeaf39a2-f56d-499e-8f83-404caeb917f7"},{"element-6066-11e4-a52e-4f735466cecf":"a55a651b-e902-42da-9311-24e60af6b408"},{"element-6066-11e4-a52e-4f735466cecf":"679a5515-203a-4310-a206-35184082467e"},{"element-6066-11e4-a52e-4f735466cecf":"b66b6c6e-c379-4749-b01a-f28405ee6a23"},{"element-6066-11e4-a52e-4f735466cecf":"d8c26169-f447-43bb-aa9f-d480826134da"},{"element-6066-11e4-a52e-4f735466cecf":"220c8567-a8a1-448f-bedf-c08f663ee387"},{"element-6066-11e4-a52e-4f735466cecf":"9e748eb1-47cf-40c9-ba1d-1c0ad6e6a7b5"},{"element-6066-11e4-a52e-4f735466cecf":"3762da4f-22a2-422d-a923-5d27f0547680"},{"element-6066-11e4-a52e-4f735466cecf":"35091d1f-2546-41ba-b314-938eb2fda456"},{"element-6066-11e4-a52e-4f735466cecf":"15c678eb-ab42-47b1-af7b-d277b32f6328"},{"element-6066-11e4-a52e-4f735466cecf":"77175e6d-4cfd-4db5-840e-ae7bc890c8e1"},{"element-6066-11e4-a52e-4f735466cecf":"8c5ced56-80fa-43ea-b033-94c8abda4982"},{"element-6066-11e4-a52e-4f735466cecf":"6bc99252-55bd-4e01-96f1-ffefc495bf01"},{"element-6066-11e4-a52e-4f735466cecf":"d12e20bf-4bcf-4d29-8363-b6a58421e284"},{"element-6066-11e4-a52e-4f735466cecf":"6097439e-40d1-4f5c-bde8-1d59b15cf111"},{"element-6066-11e4-a52e-4f735466cecf":"1e87523c-98a3-4620-a651-6475d4870b3e"},{"element-6066-11e4-a52e-4f735466cecf":"339b1d8a-4285-4587-887b-4b9bdef9e65d"},{"element-6066-11e4-a52e-4f735466cecf":"8e978dc0-3f9a-48d0-ab99-6499a0b13651"},{"element-6066-11e4-a52e-4f735466cecf":"5a55ceeb-d1ad-4c8c-bfcb-d7dbbc4cae0f"},{"element-6066-11e4-a52e-4f735466cecf":"c275b700-143f-4961-a40b-cfa9c7325133"},{"element-6066-11e4-a52e-4f735466cecf":"226846a7-da13-4e72-b0bd-61ad872965d0"},{"element-6066-11e4-a52e-4f735466cecf":"cd5caa56-d1b0-4583-8814-516f29e97bb8"},{"element-6066-11e4-a52e-4f735466cecf":"d8c392de-e6be-4e41-85e3-3b3d7c9e6761"},{"element-6066-11e4-a52e-4f735466cecf":"d9413a02-504b-47a2-b291-7969cb958f73"},{"element-6066-11e4-a52e-4f735466cecf":"5a556161-3a47-499e-8019-c13f789fc413"},{"element-6066-11e4-a52e-4f735466cecf":"3963f27c-fd53-42c3-879c-f99245e88ea2"},{"element-6066-11e4-a52e-4f735466cecf":"f79d2d5f-af19-4d02-8fe4-117a896ceec5"},{"element-6066-11e4-a52e-4f735466cecf":"511d8486-16be-461b-93fb-ea7a10f253c5"},{"element-6066-11e4-a52e-4f735466cecf":"d5b14d10-408b-4adf-819e-b8181731f9ae"},{"element-6066-11e4-a52e-4f735466cecf":"3205e8ee-e318-453d-8588-abf282b0222c"},{"element-6066-11e4-a52e-4f735466cecf":"a66dbc06-7f2f-4459-b2c0-5553bce51976"},{"element-6066-11e4-a52e-4f735466cecf":"b64ecc78-dc36-4b2e-9d28-91eb0cbaf9b1"},{"element-6066-11e4-a52e-4f735466cecf":"9b42b8ec-7ce3-4f0e-8887-50aa37c555de"},{"element-6066-11e4-a52e-4f735466cecf":"06bf6994-3304-4e9c-8576-03722c754aba"},{"element-6066-11e4-a52e-4f735466cecf":"5eb081e0-2a29-4394-b42e-c874325d0740"},{"element-6066-11e4-a52e-4f735466cecf":"7ca57273-5f55-42df-8f25-1837902f7ac4"},{"element-6066-11e4-a52e-4f735466cecf":"20c25300-05f5-4dca-9496-d15f5415922e"},{"element-6066-11e4-a52e-4f735466cecf":"a2bf3062-5baf-49d0-8b24-9324568b7fb1"},{"element-6066-11e4-a52e-4f735466cecf":"d6913426-0e97-4b45-8124-6d96da4572b3"},{"element-6066-11e4-a52e-4f735466cecf":"dc6df777-6954-4ab0-9be9-5daef32683f6"},{"element-6066-11e4-a52e-4f735466cecf":"af3afd93-f02e-4d1e-8234-572e06e9de78"},{"element-6066-11e4-a52e-4f735466cecf":"6db8d0b8-9909-4227-a3a0-c91e87ed8b7e"},{"element-6066-11e4-a52e-4f735466cecf":"15fd88e9-ee14-4b79-bd01-37836368dfc4"},{"element-6066-11e4-a52e-4f735466cecf":"60077693-e09f-4409-9ac8-d977563b2ffb"},{"element-6066-11e4-a52e-4f735466cecf":"f7394335-2c17-466a-8f73-fffdb7a9413e"},{"element-6066-11e4-a52e-4f735466cecf":"d7ff6268-ac22-46a5-af58-037f6eedf8be"},{"element-6066-11e4-a52e-4f735466cecf":"4221d6f4-376b-456b-ab61-2bbd307a84f0"},{"element-6066-11e4-a52e-4f735466cecf":"712fc898-6d61-44fc-964f-984f1866eb0c"},{"element-6066-11e4-a52e-4f735466cecf":"4ce3557d-6b25-4b0f-9fe0-14199503a183"},{"element-6066-11e4-a52e-4f735466cecf":"38950c28-dd39-4375-ba6d-5666e1cd2c17"},{"element-6066-11e4-a52e-4f735466cecf":"0723ec27-8fdc-4df0-9916-b1b8b2414df3"},{"element-6066-11e4-a52e-4f735466cecf":"9d01ba2d-5043-42c7-b398-1cf61975786a"},{"element-6066-11e4-a52e-4f735466cecf":"736d4be3-2416-441b-aff4-74246b729b49"},{"element-6066-11e4-a52e-4f735466cecf":"2a888510-7d2d-4ed4-a581-9f2b0b3dd53c"},{"element-6066-11e4-a52e-4f735466cecf":"3a566741-3857-4bd3-9e15-8820b962e152"},{"element-6066-11e4-a52e-4f735466cecf":"ec15cc69-aa85-490d-8902-14f0d81b6ae4"},{"element-6066-11e4-a52e-4f735466cecf":"44475adb-c9d8-49d1-8b61-9893be99ddcb"},{"element-6066-11e4-a52e-4f735466cecf":"05ab3621-7e31-42b9-9f8c-3c7217e22815"},{"element-6066-11e4-a52e-4f735466cecf":"af7598f6-86e3-4130-b441-f4900220b58a"},{"element-6066-11e4-a52e-4f735466cecf":"f32ca44e-a4c6-4051-ad5e-89e87adf1cab"},{"element-6066-11e4-a52e-4f735466cecf":"baee9a4f-5ced-47b4-9a85-b119535d3c6a"},{"element-6066-11e4-a52e-4f735466cecf":"c664b689-d9ab-4371-9a24-b39d6374cf93"},{"element-6066-11e4-a52e-4f735466cecf":"df632fb0-b338-4e78-af2b-9b287679ef94"},{"element-6066-11e4-a52e-4f735466cecf":"3e6232d1-d71c-4698-803a-12f11aca3349"},{"element-6066-11e4-a52e-4f735466cecf":"66243a3b-a51b-4d62-93ae-0a4199007aa3"},{"element-6066-11e4-a52e-4f735466cecf":"1737f66d-bf48-4646-bc73-7f5340e4e4c4"},{"element-6066-11e4-a52e-4f735466cecf":"f82825cf-0152-44f7-91a1-732b7c8ac70a"},{"element-6066-11e4-a52e-4f735466cecf":"7cc1729f-6116-4783-97f5-c10e1211949d"},{"element-6066-11e4-a52e-4f735466cecf":"36cc220d-8ff5-43d5-a99b-c70948cfd9e3"},{"element-6066-11e4-a52e-4f735466cecf":"c80ae7e0-dca6-490a-8b1e-6ed7d40d785e"},{"element-6066-11e4-a52e-4f735466cecf":"b1d93c7a-c2eb-4ac4-9513-8e2b7777f69a"},{"element-6066-11e4-a52e-4f735466cecf":"d016aeca-c1ae-4b20-bdf7-a49c2aec327f"},{"element-6066-11e4-a52e-4f735466cecf":"34b2a4be-b1b4-4ee8-855f-642cf706d7ab"},{"element-6066-11e4-a52e-4f735466cecf":"2ba4d1fb-5919-4d10-b58b-32841d5d7b02"},{"element-6066-11e4-a52e-4f735466cecf":"432ef35b-3ce4-46f7-aa1e-3c8460c13cc8"},{"element-6066-11e4-a52e-4f735466cecf":"1767b68e-4f8b-44e4-bd61-1938b48811fc"},{"element-6066-11e4-a52e-4f735466cecf":"5d43d565-b012-43cd-95c9-da59b8cd9d15"},{"element-6066-11e4-a52e-4f735466cecf":"91930a9a-e648-4a30-8fef-52556e844268"},{"element-6066-11e4-a52e-4f735466cecf":"550ef2b5-91a4-4270-aef9-fb8c65cb6011"},{"element-6066-11e4-a52e-4f735466cecf":"7a1675c9-b35f-4243-b19d-5bf3505cbf58"},{"element-6066-11e4-a52e-4f735466cecf":"bde450f5-b2e0-4980-bebd-9d6134b3bde7"},{"element-6066-11e4-a52e-4f735466cecf":"a1706744-ba68-4af7-b766-66c59823f917"},{"element-6066-11e4-a52e-4f735466cecf":"9ee4a3a6-fe76-4b73-88d0-ef98be7e92e1"},{"element-6066-11e4-a52e-4f735466cecf":"57de9386-73ab-42f9-b772-a3cd2ad99304"},{"element-6066-11e4-a52e-4f735466cecf":"5ae3f7c0-d30d-4cc5-9cea-c5de6df20373"},{"element-6066-11e4-a52e-4f735466cecf":"13862a70-5c9d-4d09-a050-e846e1f7314e"},{"element-6066-11e4-a52e-4f735466cecf":"93d234a1-fb1e-47b0-baf5-9657fa5ce38a"},{"element-6066-11e4-a52e-4f735466cecf":"4ba7085d-ce2d-436d-9d25-78d07dd2b8d8"},{"element-6066-11e4-a52e-4f735466cecf":"5e6c67db-7a2e-47ed-ba56-39e269067a87"},{"element-6066-11e4-a52e-4f735466cecf":"d71a8f95-a9b2-4e8f-b18e-d4027f5aef7d"},{"element-6066-11e4-a52e-4f735466cecf":"52f4e24d-6568-4cd3-beba-b41c1286854b"},{"element-6066-11e4-a52e-4f735466cecf":"d51a29c7-35a2-4c86-912f-afb2b7f1af77"},{"element-6066-11e4-a52e-4f735466cecf":"170be841-8c4f-4349-b6dd-3d66766b7aa5"},{"element-6066-11e4-a52e-4f735466cecf":"3d780f21-e32f-475b-9bc1-8cde6d477172"},{"element-6066-11e4-a52e-4f735466cecf":"49a36d19-7137-4bad-b6b8-55ccfb0193aa"},{"element-6066-11e4-a52e-4f735466cecf":"f4e90766-061a-44e8-9533-aa45a7be49b0"},{"element-6066-11e4-a52e-4f735466cecf":"2b0b26e3-89d5-4865-8298-6a11df4f6674"},{"element-6066-11e4-a52e-4f735466cecf":"1b141a4d-b041-48c1-ad25-2f22e2ff97a5"},{"element-6066-11e4-a52e-4f735466cecf":"5bdc56c0-5ae7-4bf8-b80e-05a53e211e86"},{"element-6066-11e4-a52e-4f735466cecf":"1f24d670-4979-47d9-a94d-62e70ce7690e"},{"element-6066-11e4-a52e-4f735466cecf":"e00c5c72-e718-4ca8-93cf-43b368c83fc6"},{"element-6066-11e4-a52e-4f735466cecf":"846d8f4b-8293-4602-94b2-44032541de9a"},{"element-6066-11e4-a52e-4f735466cecf":"630160f1-2c69-4e56-80d1-846eef297455"},{"element-6066-11e4-a52e-4f735466cecf":"45820c73-96a0-49a7-a7f8-654a125c34e1"},{"element-6066-11e4-a52e-4f735466cecf":"9319670d-13bb-4fbc-9ee9-4190b5f3bcaf"},{"element-6066-11e4-a52e-4f735466cecf":"d54ebbe2-addf-4c26-9528-f34330839922"},{"element-6066-11e4-a52e-4f735466cecf":"28f176d9-f25d-4ffc-8577-c013106a636c"},{"element-6066-11e4-a52e-4f735466cecf":"02f82979-af60-4d4e-b0d6-84854ef233dd"},{"element-6066-11e4-a52e-4f735466cecf":"e4119308-6921-4178-8917-c7b850447b27"},{"element-6066-11e4-a52e-4f735466cecf":"f465269d-4093-4e50-880c-ac2d1d247cf9"},{"element-6066-11e4-a52e-4f735466cecf":"eb4c79de-060e-4086-bef3-add3871ad03f"},{"element-6066-11e4-a52e-4f735466cecf":"2cac46ea-2ddb-48d2-92fb-09936481f0c7"},{"element-6066-11e4-a52e-4f735466cecf":"128040b0-a42a-4f9d-93af-ed95b46566f9"},{"element-6066-11e4-a52e-4f735466cecf":"fc6b5dd7-ff57-4470-b22f-e2474abe29fd"},{"element-6066-11e4-a52e-4f735466cecf":"b8cdc174-7cf5-489e-8052-ea506329057b"},{"element-6066-11e4-a52e-4f735466cecf":"bf09966f-62ba-452b-a671-4fdaaeb0c87e"},{"element-6066-11e4-a52e-4f735466cecf":"cd534f71-7193-4dff-92d4-a69725dde5ae"},{"element-6066-11e4-a52e-4f735466cecf":"deadb9ae-c31b-4220-bc1c-e847a025023d"},{"element-6066-11e4-a52e-4f735466cecf":"4509877f-a301-4b61-b8cc-063f98356182"},{"element-6066-11e4-a52e-4f735466cecf":"489e882d-f395-40d6-935a-edcdcf59742a"},{"element-6066-11e4-a52e-4f735466cecf":"04fee194-177b-46f5-b6e8-450f80a8e0dd"},{"element-6066-11e4-a52e-4f735466cecf":"3ad4ffed-dbd2-44bf-99f5-827957987d39"},{"element-6066-11e4-a52e-4f735466cecf":"17dc5fa0-44ef-4cd3-9db6-b834da7c1245"},{"element-6066-11e4-a52e-4f735466cecf":"0000d442-6c70-492d-83fa-0b90202cc711"},{"element-6066-11e4-a52e-4f735466cecf":"76a0ed95-6898-4c49-8b26-3ad01311ecbc"},{"element-6066-11e4-a52e-4f735466cecf":"3f837fcc-1745-4de7-91c4-49f4a7b463a0"},{"element-6066-11e4-a52e-4f735466cecf":"8e247956-e631-4fc6-8671-45d2d97983f2"},{"element-6066-11e4-a52e-4f735466cecf":"8743d9b2-bdb8-4d93-8876-b8b943c49299"},{"element-6066-11e4-a52e-4f735466cecf":"25dda340-f5d2-4607-ac1f-269e207c2481"},{"element-6066-11e4-a52e-4f735466cecf":"bba33e35-cda4-4683-87a3-33294c2a13a9"},{"element-6066-11e4-a52e-4f735466cecf":"8eb34a00-3548-442e-80ae-b355912548c9"},{"element-6066-11e4-a52e-4f735466cecf":"767c515f-8f50-456e-a7c7-5775d1b74200"},{"element-6066-11e4-a52e-4f735466cecf":"2a8632d6-e62d-4115-8e69-da4fe268d24c"},{"element-6066-11e4-a52e-4f735466cecf":"6667815e-91f9-40b8-94d3-374096f0328e"},{"element-6066-11e4-a52e-4f735466cecf":"fc6239c4-19e2-4dbd-91b5-32f443d8693a"},{"element-6066-11e4-a52e-4f735466cecf":"fd26fe10-b236-4340-8ec0-1922d2342cac"},{"element-6066-11e4-a52e-4f735466cecf":"cb2d6962-70ff-4530-a1f2-e1ee4214d6aa"},{"element-6066-11e4-a52e-4f735466cecf":"fb971415-0d71-4172-9052-f781018aa7a7"},{"element-6066-11e4-a52e-4f735466cecf":"65bf6f49-8519-4541-95e0-793200f15d09"},{"element-6066-11e4-a52e-4f735466cecf":"7c8cfa9b-64d7-4c4d-836b-cc2ecd2f7562"},{"element-6066-11e4-a52e-4f735466cecf":"6005e0a7-9f40-48fb-a422-3a9f3dba1708"},{"element-6066-11e4-a52e-4f735466cecf":"7f386d80-7cba-4bd2-93fb-0072d3eb66a3"},{"element-6066-11e4-a52e-4f735466cecf":"b4ae5775-796e-43b1-89ef-a3816595c43f"},{"element-6066-11e4-a52e-4f735466cecf":"ea662a5b-b735-4295-9660-e32ac5d8dd2c"},{"element-6066-11e4-a52e-4f735466cecf":"e8ef816c-534b-4b41-a274-55edf2d98b9d"},{"element-6066-11e4-a52e-4f735466cecf":"38ff5dc9-be4d-4402-af57-31a0a09bf985"},{"element-6066-11e4-a52e-4f735466cecf":"555a4adc-39ec-497a-a31c-dbf491ea45b5"},{"element-6066-11e4-a52e-4f735466cecf":"f8131252-7efc-47d3-8f13-02e866d1b242"},{"element-6066-11e4-a52e-4f735466cecf":"1fb5d500-845d-464e-b2c5-94c0d54b0250"},{"element-6066-11e4-a52e-4f735466cecf":"c7212d2c-264b-4bca-969f-49332169d53f"},{"element-6066-11e4-a52e-4f735466cecf":"d471c820-c913-4d72-9fac-dc3f616f6ba9"},{"element-6066-11e4-a52e-4f735466cecf":"b921d34f-7b15-4e8f-b331-5c28cc6a4388"},{"element-6066-11e4-a52e-4f735466cecf":"6948bd1b-3bd2-46d7-889d-923206ce8051"},{"element-6066-11e4-a52e-4f735466cecf":"927c84a0-1cdf-4976-bfb4-ed04e0f75081"},{"element-6066-11e4-a52e-4f735466cecf":"f75d142c-9590-4a9e-a3e3-cf438a3673fd"},{"element-6066-11e4-a52e-4f735466cecf":"e00cf256-e562-4ae4-9438-a49508bafdf0"},{"element-6066-11e4-a52e-4f735466cecf":"84056fbf-cdfe-4502-b10a-861773795791"},{"element-6066-11e4-a52e-4f735466cecf":"a5815ee8-77f4-422c-91f0-1a979ff26ae6"},{"element-6066-11e4-a52e-4f735466cecf":"3e36dabe-d061-40bb-8ef2-2248377bb973"},{"element-6066-11e4-a52e-4f735466cecf":"2cadbcaa-31c7-45d3-9e12-b3901688d48f"},{"element-6066-11e4-a52e-4f735466cecf":"10845b7f-d5e7-42ab-a212-fe5268d78669"},{"element-6066-11e4-a52e-4f735466cecf":"e04754db-bf1a-42a5-abdc-716a01b6c691"},{"element-6066-11e4-a52e-4f735466cecf":"4a0ce425-67bb-47dd-9fb7-e27fe3af159e"},{"element-6066-11e4-a52e-4f735466cecf":"1c6231ae-d4ec-4df0-8053-a2781f4afd68"},{"element-6066-11e4-a52e-4f735466cecf":"c2fcfc65-3746-41f4-bb8d-5bb832198c3a"},{"element-6066-11e4-a52e-4f735466cecf":"c6b73fcb-edb6-4d8e-9b3b-a016f8c6450a"},{"element-6066-11e4-a52e-4f735466cecf":"37880574-626a-4ae4-a4eb-4930781cff7b"},{"element-6066-11e4-a52e-4f735466cecf":"5653333e-31a3-4680-9dff-5f1cfd3b880c"},{"element-6066-11e4-a52e-4f735466cecf":"f6e343af-a7db-4fe7-a620-8c6898984384"},{"element-6066-11e4-a52e-4f735466cecf":"788614d8-8d4e-47f6-af90-10bb4960c933"},{"element-6066-11e4-a52e-4f735466cecf":"2b89eece-1c59-40b3-a4be-a6e28106272c"},{"element-6066-11e4-a52e-4f735466cecf":"9ef6b6c3-607b-4169-b5f1-51801615f8fe"},{"element-6066-11e4-a52e-4f735466cecf":"64f67b47-39b6-4373-95a0-86862fb021fb"},{"element-6066-11e4-a52e-4f735466cecf":"17888a39-5f2a-4f80-8a2f-a4bba2b8b475"},{"element-6066-11e4-a52e-4f735466cecf":"468a8167-1dcb-42c0-aae5-c0a9b24b9f50"},{"element-6066-11e4-a52e-4f735466cecf":"8dd7c6b8-f1e2-4529-aedc-e1d1b648ba64"},{"element-6066-11e4-a52e-4f735466cecf":"45ac4f2f-3839-4a47-80a9-416742755138"},{"element-6066-11e4-a52e-4f735466cecf":"1f9e2011-686b-4aff-81ce-2b4a2001c7cc"},{"element-6066-11e4-a52e-4f735466cecf":"ec3a04b8-141b-45b2-bcd7-d46f5c1c175b"},{"element-6066-11e4-a52e-4f735466cecf":"d3613179-0d0f-43cd-8bc0-4212b5616e2e"},{"element-6066-11e4-a52e-4f735466cecf":"452f1c02-5cd9-419e-95b5-c58531cd4708"},{"element-6066-11e4-a52e-4f735466cecf":"11abfe69-c6c7-4849-8fab-3a7ac41b650e"},{"element-6066-11e4-a52e-4f735466cecf":"ad55383a-a649-44e5-834e-400258d0b3a7"},{"element-6066-11e4-a52e-4f735466cecf":"3cf5c96e-e926-435c-a923-41b4badb1ce5"},{"element-6066-11e4-a52e-4f735466cecf":"5df0f768-63f9-4767-b3c6-8020d5607d0c"},{"element-6066-11e4-a52e-4f735466cecf":"10a16244-8296-451d-b012-121cba3b0712"},{"element-6066-11e4-a52e-4f735466cecf":"81a0b8c5-b2ae-433c-bd3f-c27511712c15"},{"element-6066-11e4-a52e-4f735466cecf":"78fbd15f-6ea3-4255-bfe8-e1b7bdad7faa"},{"element-6066-11e4-a52e-4f735466cecf":"48285ac6-d495-4b64-81d2-b381a5f39519"},{"element-6066-11e4-a52e-4f735466cecf":"75eba1fd-7dc2-4934-aec1-08d80a9bfdbd"},{"element-6066-11e4-a52e-4f735466cecf":"2f9cf16a-b2c2-4c2a-b7cd-144385034e4a"},{"element-6066-11e4-a52e-4f735466cecf":"0644643a-69bc-4ae4-ad89-439669d2cdc7"},{"element-6066-11e4-a52e-4f735466cecf":"118b2272-479b-4c11-ac0d-89993166f25f"},{"element-6066-11e4-a52e-4f735466cecf":"f490584d-ea1b-485e-bb50-77fd60179eb7"},{"element-6066-11e4-a52e-4f735466cecf":"38ffa73d-ff6b-4bf1-9462-bbe2cc4ca80a"},{"element-6066-11e4-a52e-4f735466cecf":"4ee77cd9-04b1-4523-a838-cd5a4d334cd4"},{"element-6066-11e4-a52e-4f735466cecf":"5ef65a70-fbe0-409b-bea3-b7d48ec4205b"},{"element-6066-11e4-a52e-4f735466cecf":"5a9ee521-e21c-4ae4-b99a-ed9f041037fb"},{"element-6066-11e4-a52e-4f735466cecf":"66b873d2-e5bd-4816-b2ad-9c8a9e562829"},{"element-6066-11e4-a52e-4f735466cecf":"e62d2bc0-05bc-4b6c-9a26-b8b7d5b6c68b"},{"element-6066-11e4-a52e-4f735466cecf":"5e4c24aa-5f23-43ee-a267-4c56d391dc67"},{"element-6066-11e4-a52e-4f735466cecf":"1ef44491-aa6d-4483-9772-8a2edd6096fe"},{"element-6066-11e4-a52e-4f735466cecf":"8189a80c-7d72-42dc-8977-f49879da6e85"},{"element-6066-11e4-a52e-4f735466cecf":"18be5343-fa5c-4d88-9577-2fea629dcbe9"},{"element-6066-11e4-a52e-4f735466cecf":"11ad5c1c-2905-4e03-9f58-d4385bc4003d"},{"element-6066-11e4-a52e-4f735466cecf":"8494f7e0-0f6e-4f6d-9e22-60fcc49fea9d"},{"element-6066-11e4-a52e-4f735466cecf":"dc2f7078-aaa9-4d5b-8cbb-f00e8893c81b"},{"element-6066-11e4-a52e-4f735466cecf":"434c2d25-03ef-45cd-9f3b-183689f5da9a"},{"element-6066-11e4-a52e-4f735466cecf":"b1249387-7d8e-4bd4-99f2-11ef64bc792e"},{"element-6066-11e4-a52e-4f735466cecf":"349d2332-f696-4370-aeea-d30a9e64db80"},{"element-6066-11e4-a52e-4f735466cecf":"cb9ddd44-9209-4cb8-9c62-a9ca69a29308"},{"element-6066-11e4-a52e-4f735466cecf":"fac8391f-a0f3-44d4-9822-45590d7ffd0a"},{"element-6066-11e4-a52e-4f735466cecf":"3c936cfd-e25a-4b15-a3e3-24a47c804f6a"},{"element-6066-11e4-a52e-4f735466cecf":"b397fdb2-883f-4f61-bbda-5a2301a6f16c"},{"element-6066-11e4-a52e-4f735466cecf":"05875484-ac68-4851-8f24-d43180fbf090"},{"element-6066-11e4-a52e-4f735466cecf":"d29c7cf2-58aa-49a3-b51d-1c7cfdb6acc2"},{"element-6066-11e4-a52e-4f735466cecf":"7b5be05f-7ee3-44b8-9829-b147740b7328"},{"element-6066-11e4-a52e-4f735466cecf":"aa9b243c-f89d-4d3f-a648-324c41a4d5c3"},{"element-6066-11e4-a52e-4f735466cecf":"f55f0bb1-864e-4d7b-ba1d-7c67c4a5568d"},{"element-6066-11e4-a52e-4f735466cecf":"4a52f481-d28c-4a72-bfee-eb4686a11d6d"},{"element-6066-11e4-a52e-4f735466cecf":"1cfdea4a-6d60-4018-9eab-f18904ec8886"},{"element-6066-11e4-a52e-4f735466cecf":"f6a6d1b3-0573-434e-add4-2f02c563f199"},{"element-6066-11e4-a52e-4f735466cecf":"9b68ab09-7675-4d0f-8e16-052efede4513"},{"element-6066-11e4-a52e-4f735466cecf":"33f709bb-5caf-426e-a282-be89f82fa85c"},{"element-6066-11e4-a52e-4f735466cecf":"8eabdb58-d805-4691-a98b-4ad235cebdf1"},{"element-6066-11e4-a52e-4f735466cecf":"dd93e390-6124-41ca-98d0-9f0efeed0e7c"},{"element-6066-11e4-a52e-4f735466cecf":"0f0ad2e2-c250-4df8-b3ee-2c9d5275698f"},{"element-6066-11e4-a52e-4f735466cecf":"3318e2a2-5eb0-42c4-a9a5-1486dffdd59b"},{"element-6066-11e4-a52e-4f735466cecf":"f4f81d70-daea-4eb1-8415-995e1b3b151b"},{"element-6066-11e4-a52e-4f735466cecf":"62a1c80e-dc8e-45bd-968b-b3015c5ca7bc"},{"element-6066-11e4-a52e-4f735466cecf":"61596679-41fc-4ebb-bff7-00099309f9a7"},{"element-6066-11e4-a52e-4f735466cecf":"226aa672-5a3f-4741-bae5-70c2931f2eb8"},{"element-6066-11e4-a52e-4f735466cecf":"09b84d85-c2d2-48e8-911b-42950c166910"},{"element-6066-11e4-a52e-4f735466cecf":"4b490fbf-ec55-417d-9122-702b51e31e0b"},{"element-6066-11e4-a52e-4f735466cecf":"b4153336-37b0-4495-a079-6978d1b347f6"},{"element-6066-11e4-a52e-4f735466cecf":"08aa7967-a21e-47ef-a34a-c55ed24f980e"},{"element-6066-11e4-a52e-4f735466cecf":"599a6cc4-2a1f-4b83-841b-311299f4104d"},{"element-6066-11e4-a52e-4f735466cecf":"b566db17-f833-40be-b540-41e321bf1780"},{"element-6066-11e4-a52e-4f735466cecf":"010106cd-ad1a-4092-b9de-5512b622f6bf"},{"element-6066-11e4-a52e-4f735466cecf":"e8d31dbc-793b-4ca7-9326-3642d75d1024"},{"element-6066-11e4-a52e-4f735466cecf":"aedb29a5-8d83-45b1-aacd-a6c43500c308"},{"element-6066-11e4-a52e-4f735466cecf":"2277312a-fe21-47c5-a0e6-5b5868b410a1"},{"element-6066-11e4-a52e-4f735466cecf":"e6edf445-714c-47c9-b3b5-d331cdb9b411"},{"element-6066-11e4-a52e-4f735466cecf":"a7a4f01d-f4da-486b-bce7-37442c9042a1"},{"element-6066-11e4-a52e-4f735466cecf":"68443dcb-2f0b-4939-9732-8dbcf0bc85d4"},{"element-6066-11e4-a52e-4f735466cecf":"9725fb3b-7c42-488a-8316-6615c8603392"},{"element-6066-11e4-a52e-4f735466cecf":"637e7c06-ff85-4886-978e-0849df6ae079"},{"element-6066-11e4-a52e-4f735466cecf":"6a51ff72-eab9-4f99-a286-b535d934b0de"},{"element-6066-11e4-a52e-4f735466cecf":"d46e04fb-f4c3-43e1-9cdb-b66be2537416"},{"element-6066-11e4-a52e-4f735466cecf":"fdfa9e4b-6778-4a35-8a6c-34541302b054"},{"element-6066-11e4-a52e-4f735466cecf":"88463850-adc2-4e15-9dbf-685824a77294"},{"element-6066-11e4-a52e-4f735466cecf":"f0844f98-37f5-4506-acca-e3fc74cd0cc4"},{"element-6066-11e4-a52e-4f735466cecf":"9c9f3567-69ff-4899-9a81-a3d4f6b83ec5"},{"element-6066-11e4-a52e-4f735466cecf":"e72c6617-6073-493a-8cfd-9c40568c4f18"},{"element-6066-11e4-a52e-4f735466cecf":"b68759e0-f14f-4b65-9d9c-893f40f8e18c"},{"element-6066-11e4-a52e-4f735466cecf":"dd8456cc-460e-47da-810b-b90d5d9279a5"},{"element-6066-11e4-a52e-4f735466cecf":"e8b7adf3-a78a-46bb-9161-f40ae6a4893f"},{"element-6066-11e4-a52e-4f735466cecf":"88fa8a31-1763-4b2c-9b3f-bbc3104161d5"},{"element-6066-11e4-a52e-4f735466cecf":"f279c085-5150-49c8-8af3-38848f0d1cad"},{"element-6066-11e4-a52e-4f735466cecf":"14003579-8a96-4c3a-9074-79bcc7449faf"},{"element-6066-11e4-a52e-4f735466cecf":"fd4ceafb-49dd-467c-9223-334ced7fe929"},{"element-6066-11e4-a52e-4f735466cecf":"0f5f8217-64aa-4d3f-a6c1-4eac28ffdb0c"},{"element-6066-11e4-a52e-4f735466cecf":"c2ec54ea-f943-458e-9c21-376f5f2cd9e4"},{"element-6066-11e4-a52e-4f735466cecf":"20cfdb80-6132-493b-b7e3-c17bad9f61e6"},{"element-6066-11e4-a52e-4f735466cecf":"1cc845f7-52ca-43de-bc18-2d747173eb21"},{"element-6066-11e4-a52e-4f735466cecf":"7ba0886c-276a-402a-8dd5-b2b1bdeaf91e"},{"element-6066-11e4-a52e-4f735466cecf":"6af83c0a-6f09-469d-8f32-260b3468a776"},{"element-6066-11e4-a52e-4f735466cecf":"38a6efaa-ad64-4733-9b2e-9455f232a8e0"},{"element-6066-11e4-a52e-4f735466cecf":"cd7a47b8-0175-46b9-98cd-d41cbf74e533"},{"element-6066-11e4-a52e-4f735466cecf":"8ab2255f-1675-48cc-96fa-1d482e42b78f"},{"element-6066-11e4-a52e-4f735466cecf":"40e0a08a-609c-42ba-a105-7d9e1a2bee1d"},{"element-6066-11e4-a52e-4f735466cecf":"65737db8-aa1c-4ede-92f0-4a8e789a2f3b"},{"element-6066-11e4-a52e-4f735466cecf":"621b0b0e-e0d1-4c0b-b8cc-76a7a2e6f728"},{"element-6066-11e4-a52e-4f735466cecf":"eacb0ad0-9b6a-4428-9a63-c4dc491bd493"},{"element-6066-11e4-a52e-4f735466cecf":"521a4f72-2984-4699-9bca-badf29393863"},{"element-6066-11e4-a52e-4f735466cecf":"6f97c270-a1bb-4619-b15a-cfd8c43ce923"},{"element-6066-11e4-a52e-4f735466cecf":"b3a35620-a3a1-41ae-9b71-5ba76ffec5a7"},{"element-6066-11e4-a52e-4f735466cecf":"2768ae64-4547-41d2-bd14-660866b14669"},{"element-6066-11e4-a52e-4f735466cecf":"ca96610f-e500-4237-b642-c99b0e837b03"},{"element-6066-11e4-a52e-4f735466cecf":"53b9682d-26a2-441f-b2b5-4c90b64e8058"},{"element-6066-11e4-a52e-4f735466cecf":"ad10861a-edb7-4d3d-b62f-516a87d70d8f"},{"element-6066-11e4-a52e-4f735466cecf":"9687bb7a-b9d6-446a-940f-7ad00f7f43e0"},{"element-6066-11e4-a52e-4f735466cecf":"fb7e5a61-ea0a-4e01-86a1-b8a3602aca6e"},{"element-6066-11e4-a52e-4f735466cecf":"fbb0d111-5e86-4720-a4c7-d0798c95778d"},{"element-6066-11e4-a52e-4f735466cecf":"c0a413c4-1429-4bd6-8266-c687afbf9891"},{"element-6066-11e4-a52e-4f735466cecf":"a796bada-d870-4019-b759-dab674d0fb1b"},{"element-6066-11e4-a52e-4f735466cecf":"84178d8c-3aa4-4452-a96a-5a0fabd90e93"},{"element-6066-11e4-a52e-4f735466cecf":"7d45ef04-d6f8-4d25-8cc8-83b010baea91"},{"element-6066-11e4-a52e-4f735466cecf":"e85c25ad-4ffc-49ff-bb13-bb6c85c7d348"},{"element-6066-11e4-a52e-4f735466cecf":"9336abf0-1104-4cb1-a601-13c045473ae2"},{"element-6066-11e4-a52e-4f735466cecf":"47250658-2cae-41d2-91bc-1832b254817c"},{"element-6066-11e4-a52e-4f735466cecf":"88cbd610-fb35-4fb6-9f87-73672a213efc"},{"element-6066-11e4-a52e-4f735466cecf":"656745d4-8f5a-495b-a9df-89ebc4c2d2a4"},{"element-6066-11e4-a52e-4f735466cecf":"95d7f8a6-c0f1-4ffb-8020-b9b58ce6e059"},{"element-6066-11e4-a52e-4f735466cecf":"9c43b3d0-2ddf-4523-addc-c0502ca9b6fd"},{"element-6066-11e4-a52e-4f735466cecf":"5602c8c1-27cc-40e0-b94a-cd182cb31d81"},{"element-6066-11e4-a52e-4f735466cecf":"4744562e-a431-479d-9f37-b274190feb6c"},{"element-6066-11e4-a52e-4f735466cecf":"724a5025-8c55-46ca-9306-529bf4758794"},{"element-6066-11e4-a52e-4f735466cecf":"b9c1f995-eadc-45d8-9b46-0cb9787e509b"},{"element-6066-11e4-a52e-4f735466cecf":"0be44d88-3c20-43be-a0ba-460b00fa784c"},{"element-6066-11e4-a52e-4f735466cecf":"88edf153-d6e5-4a38-96ef-9a27791d57c2"},{"element-6066-11e4-a52e-4f735466cecf":"3f2b0bc1-77bb-4aa7-a753-327abced5e51"},{"element-6066-11e4-a52e-4f735466cecf":"05e2fb4f-ef36-44ce-9d46-5697f9159547"},{"element-6066-11e4-a52e-4f735466cecf":"a1fbdbe2-1b25-4db6-842b-b6da2b404421"},{"element-6066-11e4-a52e-4f735466cecf":"438a65a3-e844-4fec-8771-e777977014c0"},{"element-6066-11e4-a52e-4f735466cecf":"aa717438-9a13-4907-ae33-12544a4a0213"},{"element-6066-11e4-a52e-4f735466cecf":"37132c23-0916-41f5-b993-8545130bfe10"},{"element-6066-11e4-a52e-4f735466cecf":"dcf8ce17-7c45-495e-b807-69c348c29cc2"},{"element-6066-11e4-a52e-4f735466cecf":"c17b1b74-e1b6-455e-bc88-5ee3427d3437"},{"element-6066-11e4-a52e-4f735466cecf":"55987eed-1bc5-4d2f-9982-521940d531de"},{"element-6066-11e4-a52e-4f735466cecf":"e9f6c991-0d7b-40f4-9222-b08e1810604d"},{"element-6066-11e4-a52e-4f735466cecf":"f2e14a3e-5d44-4868-9e6c-eb6e3c7c734a"},{"element-6066-11e4-a52e-4f735466cecf":"6f8bea65-7c2a-48f7-a374-c33b917b6066"},{"element-6066-11e4-a52e-4f735466cecf":"7970a8e0-8d29-40cf-932d-94276fdb4561"},{"element-6066-11e4-a52e-4f735466cecf":"30f13c53-ce52-48b8-99b8-4aabdd85a615"},{"element-6066-11e4-a52e-4f735466cecf":"8ae58339-3535-41a0-85a3-1fe9c163be42"},{"element-6066-11e4-a52e-4f735466cecf":"47a94aa8-13bb-4399-99f8-ee6ea880e38f"},{"element-6066-11e4-a52e-4f735466cecf":"93830dab-2cfc-4537-9d5b-17df3c33e30b"},{"element-6066-11e4-a52e-4f735466cecf":"1b46bc3c-24a8-42f7-8a69-3a37ab088f7a"},{"element-6066-11e4-a52e-4f735466cecf":"81f4d0dc-9b45-4982-b8e5-44fc3c536b75"},{"element-6066-11e4-a52e-4f735466cecf":"2abf9500-e0ce-45af-91c5-68fe172bdd2f"},{"element-6066-11e4-a52e-4f735466cecf":"2e528df4-3ab4-4746-a11e-9b92bec87c86"},{"element-6066-11e4-a52e-4f735466cecf":"70dd5951-90ce-42e5-9577-be1c04074499"},{"element-6066-11e4-a52e-4f735466cecf":"8a7481a6-ede3-4701-801f-721bfdfd0fcd"},{"element-6066-11e4-a52e-4f735466cecf":"1d3453ac-0956-4243-93c1-b09c3d409ed9"},{"element-6066-11e4-a52e-4f735466cecf":"d559cc6f-6b9d-47ba-89fc-a4b92867cde9"},{"element-6066-11e4-a52e-4f735466cecf":"52c83764-b32d-4cde-b1d9-070dcb7d9d1b"},{"element-6066-11e4-a52e-4f735466cecf":"d51baada-5394-4ee7-84da-ac243ac52656"},{"element-6066-11e4-a52e-4f735466cecf":"12a7dab9-9d90-4a95-b5ac-648afb09fe57"},{"element-6066-11e4-a52e-4f735466cecf":"6fcf18df-227e-44c4-8b00-a4acb8aab3af"},{"element-6066-11e4-a52e-4f735466cecf":"ce44372d-a9b6-4e8e-b0b8-77d23080909d"},{"element-6066-11e4-a52e-4f735466cecf":"cccb5d5c-eb78-4567-bd7c-39e9d31e2591"},{"element-6066-11e4-a52e-4f735466cecf":"3af70506-9145-4cbc-9245-2a6f84153d8a"},{"element-6066-11e4-a52e-4f735466cecf":"64569718-09f9-4ba4-8350-155449765e53"},{"element-6066-11e4-a52e-4f735466cecf":"f5171848-7591-471f-a180-fd13440cf56e"},{"element-6066-11e4-a52e-4f735466cecf":"0cf31fd9-e552-4cbd-8e85-74a8ac35c3a4"},{"element-6066-11e4-a52e-4f735466cecf":"477fd783-b450-4af6-ab21-b67142423449"},{"element-6066-11e4-a52e-4f735466cecf":"af33102c-02f7-4f0a-825f-c170eaa3a7db"},{"element-6066-11e4-a52e-4f735466cecf":"6d3a9997-40e1-418c-bfcc-fa4594eb3f11"},{"element-6066-11e4-a52e-4f735466cecf":"9943f5f6-196d-4340-b59a-b4ac05a472e4"},{"element-6066-11e4-a52e-4f735466cecf":"55865d38-130f-4a3f-920f-cbe4b400c992"},{"element-6066-11e4-a52e-4f735466cecf":"acac70a0-fa8a-4875-ace7-08711e608bad"},{"element-6066-11e4-a52e-4f735466cecf":"04b301aa-153a-4610-b455-7f0a0833ab2e"},{"element-6066-11e4-a52e-4f735466cecf":"3c9b7072-d195-48a9-a641-1e654d649ce9"},{"element-6066-11e4-a52e-4f735466cecf":"3d36d66b-5b89-4837-a25e-77f68acb695e"},{"element-6066-11e4-a52e-4f735466cecf":"0f077bbd-99fd-4317-997d-c194f21bd623"},{"element-6066-11e4-a52e-4f735466cecf":"f4a70af2-e459-414b-a695-fdadd2afc9ad"},{"element-6066-11e4-a52e-4f735466cecf":"b23eae8c-8327-4041-934d-5f29d23c0124"},{"element-6066-11e4-a52e-4f735466cecf":"4d656037-2852-4603-a831-60baa8537cca"},{"element-6066-11e4-a52e-4f735466cecf":"4e8553bd-7c78-404c-b2bc-647b6362077f"},{"element-6066-11e4-a52e-4f735466cecf":"f6f1322c-dfee-409b-bd42-91b389efb58c"},{"element-6066-11e4-a52e-4f735466cecf":"5791003e-1a63-4da3-8ccc-56b409e2ef8f"},{"element-6066-11e4-a52e-4f735466cecf":"ab5401d9-7f26-4ff2-8fe4-e7b7797b730d"},{"element-6066-11e4-a52e-4f735466cecf":"693e4bc0-7a63-4358-9018-067038edfc4f"},{"element-6066-11e4-a52e-4f735466cecf":"0afbedbe-5a16-4f80-ad15-0d04023caf20"},{"element-6066-11e4-a52e-4f735466cecf":"e23c6981-2099-455f-bd6e-8a47d2118303"},{"element-6066-11e4-a52e-4f735466cecf":"9184e175-7ebf-447d-b9c5-d66b24a77bae"},{"element-6066-11e4-a52e-4f735466cecf":"e15359dd-47f0-4423-bf66-2e32d014be97"},{"element-6066-11e4-a52e-4f735466cecf":"58cc7849-27f8-4150-a73a-f603872884de"},{"element-6066-11e4-a52e-4f735466cecf":"404a453b-c615-48d8-879f-008344a228de"},{"element-6066-11e4-a52e-4f735466cecf":"c8771887-83de-4ae4-856f-6b80a137a1d4"},{"element-6066-11e4-a52e-4f735466cecf":"f7ce0b4c-2e9c-411b-aa88-1fef6a0d1c40"},{"element-6066-11e4-a52e-4f735466cecf":"b46414aa-8d4e-4ccc-973d-44b7c8daf265"},{"element-6066-11e4-a52e-4f735466cecf":"913ecaf7-af47-4f06-8238-150871417362"},{"element-6066-11e4-a52e-4f735466cecf":"809a8b02-7b74-4fb1-b448-080fb982356e"},{"element-6066-11e4-a52e-4f735466cecf":"5fd7994f-1b31-4431-b4a4-d80ad2521cd1"},{"element-6066-11e4-a52e-4f735466cecf":"ff803a2c-4992-4d6a-82b5-24ff720574db"},{"element-6066-11e4-a52e-4f735466cecf":"08d57c5c-f7fd-4bb6-8c00-80de00efbabd"},{"element-6066-11e4-a52e-4f735466cecf":"2e7845a5-0c6a-455d-bdd5-4ab9312ef107"},{"element-6066-11e4-a52e-4f735466cecf":"0d5f6118-ab85-4c4c-b1ed-ab58a002a91e"},{"element-6066-11e4-a52e-4f735466cecf":"a719a8a9-be2c-4538-b6ba-d8b20180b31d"},{"element-6066-11e4-a52e-4f735466cecf":"a29caf51-a71d-49f9-aad9-a3c0268d51b1"},{"element-6066-11e4-a52e-4f735466cecf":"0a02f937-cc03-407e-b47c-2e63658d870f"},{"element-6066-11e4-a52e-4f735466cecf":"71de6106-65c7-406a-a69f-f619d537ddce"},{"element-6066-11e4-a52e-4f735466cecf":"8674b453-abb9-4bbe-93a5-baaeb2477034"},{"element-6066-11e4-a52e-4f735466cecf":"342f74b0-42d5-4b67-8cd8-f3cefe11a6f2"},{"element-6066-11e4-a52e-4f735466cecf":"1ccdf8a4-4e1c-4303-bac0-ac982a2263f5"},{"element-6066-11e4-a52e-4f735466cecf":"3e815b10-af71-41ad-8afb-866685f05a94"},{"element-6066-11e4-a52e-4f735466cecf":"3afa9fb7-8b60-45b5-a0fc-2509c57a71ec"},{"element-6066-11e4-a52e-4f735466cecf":"32d829f3-80a1-4988-a23d-21d6c0cdbd61"},{"element-6066-11e4-a52e-4f735466cecf":"27ea6a8a-1bc5-4382-8084-84a784070440"},{"element-6066-11e4-a52e-4f735466cecf":"7a8039c6-951d-418d-a944-5e8504d84ff0"},{"element-6066-11e4-a52e-4f735466cecf":"89e9e670-2c03-422a-a7c6-a6158fb93cbc"},{"element-6066-11e4-a52e-4f735466cecf":"d1451ff9-78ed-4f95-b815-f9045376055f"},{"element-6066-11e4-a52e-4f735466cecf":"9695edce-59aa-43a3-9b46-f9ceeeb0fa96"},{"element-6066-11e4-a52e-4f735466cecf":"c633f962-42de-41a3-9150-4be55a775dd5"},{"element-6066-11e4-a52e-4f735466cecf":"5703fb9a-4910-4ff9-9803-738a870638d0"},{"element-6066-11e4-a52e-4f735466cecf":"99b17e5e-c05e-4784-8fee-3e27d7b216ec"},{"element-6066-11e4-a52e-4f735466cecf":"2f8fc98f-6d36-4ef7-950e-b5e581bfff9d"},{"element-6066-11e4-a52e-4f735466cecf":"05eff437-a97d-46b8-afa5-3de4a54d2c7c"},{"element-6066-11e4-a52e-4f735466cecf":"6978c459-45e2-4d17-9220-eb8551bc9137"},{"element-6066-11e4-a52e-4f735466cecf":"0144731e-4818-4d61-bb50-f8c8b108d86c"},{"element-6066-11e4-a52e-4f735466cecf":"611cb4af-9245-4c32-b45d-8e449b12bf4e"},{"element-6066-11e4-a52e-4f735466cecf":"5bb46aea-b3af-4596-a587-33f063e40719"},{"element-6066-11e4-a52e-4f735466cecf":"66682059-e764-49a4-9dcb-42f4cbf95d53"},{"element-6066-11e4-a52e-4f735466cecf":"d0bb702b-e01b-4160-b1d9-2826599c8d9c"},{"element-6066-11e4-a52e-4f735466cecf":"e83c4350-aceb-4199-ae00-78bb5d78c5f5"},{"element-6066-11e4-a52e-4f735466cecf":"f2f265b6-2bfc-4c43-88a7-48b67615063a"},{"element-6066-11e4-a52e-4f735466cecf":"903b3094-cdcb-4fc3-8fa8-40b582b2882a"},{"element-6066-11e4-a52e-4f735466cecf":"e10b8f0b-583e-4e94-89ac-40ffc9e115a3"},{"element-6066-11e4-a52e-4f735466cecf":"11d5d492-9d64-44d8-bc78-1cd6f17e457c"},{"element-6066-11e4-a52e-4f735466cecf":"1a8bffe4-c54e-4284-b0c6-a1479562f20d"},{"element-6066-11e4-a52e-4f735466cecf":"11b7c810-9523-4b51-bcef-337b609fccb8"},{"element-6066-11e4-a52e-4f735466cecf":"b771a1c4-a216-4c6e-a16b-24d6d82432ae"},{"element-6066-11e4-a52e-4f735466cecf":"986d95b2-f4e3-4bc1-8bb4-36ad97c350a8"},{"element-6066-11e4-a52e-4f735466cecf":"9b824f2f-7845-4b46-ae7f-58f47cc5cccb"},{"element-6066-11e4-a52e-4f735466cecf":"b7d75ad9-ffdd-4169-9503-e872edd5d259"},{"element-6066-11e4-a52e-4f735466cecf":"64bbdf84-bc3e-41c5-87b2-f39896bd9088"},{"element-6066-11e4-a52e-4f735466cecf":"0015d7f1-abd8-44bd-be71-cc14312306c7"},{"element-6066-11e4-a52e-4f735466cecf":"53ebe76d-2f8d-4d38-9cc8-e4659df5b889"},{"element-6066-11e4-a52e-4f735466cecf":"de27c64b-a63e-4912-8947-02aee3019293"},{"element-6066-11e4-a52e-4f735466cecf":"3b54a109-a166-4d90-bfd4-c29ad3e4e9af"},{"element-6066-11e4-a52e-4f735466cecf":"27b0cf2c-5644-4daf-9269-463ffd1242eb"},{"element-6066-11e4-a52e-4f735466cecf":"5011a452-92fe-4842-baf8-31049add1c4f"},{"element-6066-11e4-a52e-4f735466cecf":"c891fdcc-401e-4d87-953d-2473e479e4ec"},{"element-6066-11e4-a52e-4f735466cecf":"b5246087-855a-4413-8932-1a9e772b87c3"},{"element-6066-11e4-a52e-4f735466cecf":"d3eceb5d-1322-494f-aea0-80f36e172282"},{"element-6066-11e4-a52e-4f735466cecf":"04dce585-57b6-444a-8c2b-1d94e2a1ea69"},{"element-6066-11e4-a52e-4f735466cecf":"bdfcd3f4-352d-48db-b960-76fca9ac0b94"},{"element-6066-11e4-a52e-4f735466cecf":"8db4c818-58d2-4d3a-83cd-d7d423128df4"},{"element-6066-11e4-a52e-4f735466cecf":"9dc29cc1-ada4-4ea6-b930-d4a46b01f6f5"},{"element-6066-11e4-a52e-4f735466cecf":"95bb5637-a801-4063-a59a-ac333b392c68"},{"element-6066-11e4-a52e-4f735466cecf":"e20758c9-2516-4182-8ccd-229015a7c163"},{"element-6066-11e4-a52e-4f735466cecf":"6e27caa6-fffc-435d-8580-2aeecff917e6"},{"element-6066-11e4-a52e-4f735466cecf":"ddd55887-0c93-402d-99c0-c43a5cc7f5f6"},{"element-6066-11e4-a52e-4f735466cecf":"fc7779d9-a3f5-4042-af7a-903265e74300"},{"element-6066-11e4-a52e-4f735466cecf":"2905aa09-4263-4b15-902a-365d10825d83"},{"element-6066-11e4-a52e-4f735466cecf":"b1e8247f-2aa1-4544-812d-fdc98813427a"},{"element-6066-11e4-a52e-4f735466cecf":"04c48dea-2824-449b-9c88-5590d839d91e"},{"element-6066-11e4-a52e-4f735466cecf":"4430e4c7-0c2b-41f8-aa5b-68295afb241e"},{"element-6066-11e4-a52e-4f735466cecf":"62087e6c-8e76-42a5-b5f3-a0c496108424"},{"element-6066-11e4-a52e-4f735466cecf":"34db1274-0a96-4c2a-85ff-e1663fa4d854"},{"element-6066-11e4-a52e-4f735466cecf":"e516eec3-9087-487a-8076-2a3a5786566c"},{"element-6066-11e4-a52e-4f735466cecf":"575430c3-cd40-432b-be79-56dc8cb13fc8"},{"element-6066-11e4-a52e-4f735466cecf":"9a3c1d0a-f8cd-4d66-83c9-97bb19d36294"},{"element-6066-11e4-a52e-4f735466cecf":"a042ee4c-7da3-470d-a1c2-db118078dca9"},{"element-6066-11e4-a52e-4f735466cecf":"eba4a581-e074-489d-be29-ceb71f8dddfc"},{"element-6066-11e4-a52e-4f735466cecf":"577bcaa1-a4f6-4217-bad8-c9d6f8c50cce"},{"element-6066-11e4-a52e-4f735466cecf":"8b21e949-9ab1-4f94-90bc-f107869099c8"},{"element-6066-11e4-a52e-4f735466cecf":"6b5e9e8d-d737-4c43-8409-ea4d0d8be93f"},{"element-6066-11e4-a52e-4f735466cecf":"5c8262ed-26d2-47bb-8f84-9786c3a60261"},{"element-6066-11e4-a52e-4f735466cecf":"f066f61d-f974-45e4-ab2d-3c637109d032"},{"element-6066-11e4-a52e-4f735466cecf":"8ada8efc-30ec-44e9-a576-f8eb69574062"},{"element-6066-11e4-a52e-4f735466cecf":"054ff0d7-4412-48b1-bdc5-fa1492243d06"},{"element-6066-11e4-a52e-4f735466cecf":"c6b386d4-7995-4ae8-87e2-9c33cb405afa"},{"element-6066-11e4-a52e-4f735466cecf":"1626e5a7-cf65-4a13-9ff7-081642ad0b3c"},{"element-6066-11e4-a52e-4f735466cecf":"65e8d93b-6128-4bbe-9b42-cd114fb149d9"},{"element-6066-11e4-a52e-4f735466cecf":"e7031c3a-974e-4c62-8b45-a626dfbdf728"},{"element-6066-11e4-a52e-4f735466cecf":"0a9f5c97-f023-4cba-b403-cc34cb1e7409"},{"element-6066-11e4-a52e-4f735466cecf":"f0e0dc14-9cd4-4a4c-893d-0b2ddf755555"},{"element-6066-11e4-a52e-4f735466cecf":"07f8466d-8507-4693-88c2-f478f9c4edd5"},{"element-6066-11e4-a52e-4f735466cecf":"7067a1ed-233c-4ef9-9f30-99e31706525b"},{"element-6066-11e4-a52e-4f735466cecf":"f1d17b2c-86ee-48da-9e4e-f9ad04bb4dea"},{"element-6066-11e4-a52e-4f735466cecf":"993fb675-e6a7-4919-bd22-bd9eb91c1ed9"},{"element-6066-11e4-a52e-4f735466cecf":"47cb1954-6428-4c43-8228-76149193b426"},{"element-6066-11e4-a52e-4f735466cecf":"69cb5a82-bb35-49c0-8346-a3465b189814"},{"element-6066-11e4-a52e-4f735466cecf":"ad13f690-c310-45cc-bbfc-eaeeb2d39cab"},{"element-6066-11e4-a52e-4f735466cecf":"d52d510c-58a6-4136-854e-92803fb258b7"},{"element-6066-11e4-a52e-4f735466cecf":"ac4c891a-0bbf-466b-8b8c-9e4d01de35b2"},{"element-6066-11e4-a52e-4f735466cecf":"f047d58b-8cfb-4b53-abeb-6395e5a275d0"},{"element-6066-11e4-a52e-4f735466cecf":"811d08c3-b6d0-4939-822e-dc10335c7fb8"},{"element-6066-11e4-a52e-4f735466cecf":"2b0930b1-2088-4ada-8103-87a51ed9bf37"},{"element-6066-11e4-a52e-4f735466cecf":"4d2f925a-ec87-48da-8159-a7f4dd030a5c"},{"element-6066-11e4-a52e-4f735466cecf":"b984c532-aee6-4187-961c-6edc0e2d58cf"},{"element-6066-11e4-a52e-4f735466cecf":"99f81ea6-6850-48e9-bf0d-6b4ff21ad6c9"},{"element-6066-11e4-a52e-4f735466cecf":"36062636-6493-4959-82d1-f9489392f561"},{"element-6066-11e4-a52e-4f735466cecf":"46ae4125-3f5f-4388-81c0-38ab77b08b74"},{"element-6066-11e4-a52e-4f735466cecf":"97fb41d7-3a8c-444a-bf7d-51de95876e93"},{"element-6066-11e4-a52e-4f735466cecf":"94adb51b-8ae6-4191-ae55-6475f9841779"},{"element-6066-11e4-a52e-4f735466cecf":"87b6812d-ad46-417a-b28f-20109cd81b08"},{"element-6066-11e4-a52e-4f735466cecf":"0322778e-5e63-4cca-8bb1-4ad1f0490b3c"},{"element-6066-11e4-a52e-4f735466cecf":"20b04ed2-e0b9-4ef9-aac6-17606e32b577"},{"element-6066-11e4-a52e-4f735466cecf":"301569ff-2a96-43cf-a07d-c703d3102ac6"},{"element-6066-11e4-a52e-4f735466cecf":"d85a83a7-1bab-4987-a718-5fa405aa2c02"},{"element-6066-11e4-a52e-4f735466cecf":"18a46c7d-5e0c-4c5c-a743-f80201ad5eb3"},{"element-6066-11e4-a52e-4f735466cecf":"163a1bec-a97b-4d33-a996-2ada1447a3e3"},{"element-6066-11e4-a52e-4f735466cecf":"a1c38935-8844-4540-8fd5-e4b0d969d745"},{"element-6066-11e4-a52e-4f735466cecf":"eda372b0-b774-4448-bbb7-a2cc969f16b3"},{"element-6066-11e4-a52e-4f735466cecf":"b4f07ce5-520f-49c7-bf19-1a12dda61383"},{"element-6066-11e4-a52e-4f735466cecf":"20e6e26c-46a8-4706-a566-0b9b28a3d49f"},{"element-6066-11e4-a52e-4f735466cecf":"d38578ac-baeb-4ecf-87d3-de107f416533"},{"element-6066-11e4-a52e-4f735466cecf":"d48dd88d-a91b-4a86-973f-4ff819bd64f3"},{"element-6066-11e4-a52e-4f735466cecf":"22156518-2a43-4dc9-be3d-850ddd799da6"},{"element-6066-11e4-a52e-4f735466cecf":"b2eb2a15-86f5-4f98-9e8f-50c2add7d0bb"},{"element-6066-11e4-a52e-4f735466cecf":"9f998212-9841-4c15-ab71-7fd4d28a6e11"},{"element-6066-11e4-a52e-4f735466cecf":"37e44105-ac75-4b24-8996-a00399f6c546"},{"element-6066-11e4-a52e-4f735466cecf":"b42a04e6-f85c-4b97-81df-1e676a4fb297"},{"element-6066-11e4-a52e-4f735466cecf":"74a60ca9-4667-4827-a8af-8a7b2040aa65"},{"element-6066-11e4-a52e-4f735466cecf":"3d1e958b-4f0f-4200-bdc6-7a742c12143d"},{"element-6066-11e4-a52e-4f735466cecf":"bf2a1284-7df6-4098-9ca1-6d8ca3c9de93"},{"element-6066-11e4-a52e-4f735466cecf":"cd40842e-25eb-447a-91f8-1179928920af"},{"element-6066-11e4-a52e-4f735466cecf":"1af07d9b-040d-4eb7-a16a-627be2ac641e"},{"element-6066-11e4-a52e-4f735466cecf":"3e82e7e4-91a5-499c-a224-3ac08f3c074f"},{"element-6066-11e4-a52e-4f735466cecf":"c81e5edf-cda1-4967-8517-bcc9a8a37829"},{"element-6066-11e4-a52e-4f735466cecf":"fc5cb59a-d877-48fa-99c3-45f06b0bd436"},{"element-6066-11e4-a52e-4f735466cecf":"1a457d89-f46d-4581-8ad9-bb92d9dc99a1"},{"element-6066-11e4-a52e-4f735466cecf":"5c7bff39-0822-49c3-bd58-982fdcbb1413"},{"element-6066-11e4-a52e-4f735466cecf":"040ed559-12d7-4263-8cce-5d62e65a24ed"},{"element-6066-11e4-a52e-4f735466cecf":"954b5157-066d-4e6a-ac51-1a36c1e9c58a"},{"element-6066-11e4-a52e-4f735466cecf":"15d42076-4d65-4a33-89c5-e2797aa4313f"},{"element-6066-11e4-a52e-4f735466cecf":"b9a247f1-24db-4236-ab88-65f7654c7767"},{"element-6066-11e4-a52e-4f735466cecf":"d3c1af80-8bcb-4669-aec1-354d7b117e6f"},{"element-6066-11e4-a52e-4f735466cecf":"711a62f9-4be0-49ae-8caa-34cc9d20c8b0"},{"element-6066-11e4-a52e-4f735466cecf":"7c31b69f-3ebb-44d1-bba2-66f56d99ad0a"},{"element-6066-11e4-a52e-4f735466cecf":"825a0016-a0d5-44ac-a8a2-ff58ee6b9a56"},{"element-6066-11e4-a52e-4f735466cecf":"1188afa6-4364-4188-a00a-7fbc986ef32c"},{"element-6066-11e4-a52e-4f735466cecf":"ed0dcf60-a5eb-422b-947f-dbb3b6880bb1"},{"element-6066-11e4-a52e-4f735466cecf":"a444bf4f-5c86-4c7f-9570-d0049946343c"},{"element-6066-11e4-a52e-4f735466cecf":"116e5e56-7215-4a75-a6fe-3f2d78507f67"},{"element-6066-11e4-a52e-4f735466cecf":"176de5ed-c901-4014-9151-d116de7fea87"},{"element-6066-11e4-a52e-4f735466cecf":"8749ee9b-2f8b-4d78-bea9-b995935efe74"},{"element-6066-11e4-a52e-4f735466cecf":"d355a838-837c-478c-98b7-a6fa837177b2"},{"element-6066-11e4-a52e-4f735466cecf":"9ac5727a-5dd8-4157-8c4e-f0e05dc314d4"},{"element-6066-11e4-a52e-4f735466cecf":"4f9809f2-4369-422e-b3bd-43771b9e81c2"},{"element-6066-11e4-a52e-4f735466cecf":"ebbc1843-326b-42eb-b4cf-b42e584edf4c"},{"element-6066-11e4-a52e-4f735466cecf":"5d632c51-be5e-4838-a90c-c9a72b154f2e"},{"element-6066-11e4-a52e-4f735466cecf":"06574b60-0078-4bb2-9d7e-7883874e1ceb"},{"element-6066-11e4-a52e-4f735466cecf":"26d80cee-7155-49ab-a3db-d686a11bb74a"},{"element-6066-11e4-a52e-4f735466cecf":"a538dead-59b5-4e11-971b-022bb359eb80"},{"element-6066-11e4-a52e-4f735466cecf":"cf59394b-2773-4f26-89d6-f084b6f6e8b4"},{"element-6066-11e4-a52e-4f735466cecf":"972a980b-e903-415f-aca9-83d480acc186"},{"element-6066-11e4-a52e-4f735466cecf":"728cb1e4-078e-4b47-9ef4-71698b6ff1f0"},{"element-6066-11e4-a52e-4f735466cecf":"1c405037-df82-4018-bc6a-edfddcb4f134"},{"element-6066-11e4-a52e-4f735466cecf":"e96f4a60-a2de-4186-bcf0-73ff947c252a"},{"element-6066-11e4-a52e-4f735466cecf":"221c1010-3f34-4f9a-8b83-fee361b2db0b"},{"element-6066-11e4-a52e-4f735466cecf":"254aa2db-93d4-4a0c-9eac-a812e0c387c6"},{"element-6066-11e4-a52e-4f735466cecf":"5e520fa6-d64e-486a-acd2-98365c0669a4"},{"element-6066-11e4-a52e-4f735466cecf":"bd6251bd-1db9-4d03-8f1c-71dcb0409ee5"},{"element-6066-11e4-a52e-4f735466cecf":"53629d98-adb1-4115-8466-50bfb1c5924e"},{"element-6066-11e4-a52e-4f735466cecf":"03228a03-0c05-4f5a-9c34-5280bbd17ae7"},{"element-6066-11e4-a52e-4f735466cecf":"b89c558d-062b-44b1-9133-c0437ce080bd"},{"element-6066-11e4-a52e-4f735466cecf":"395e0d7e-2569-47f0-a9ce-85bc05c39b3a"},{"element-6066-11e4-a52e-4f735466cecf":"158ad840-824c-4ef2-af57-d1b1619001cb"},{"element-6066-11e4-a52e-4f735466cecf":"7e3ed2cc-d662-4ffb-8a89-f896dd2fef36"},{"element-6066-11e4-a52e-4f735466cecf":"f23d53a4-b13d-420d-96eb-1a0066b38814"},{"element-6066-11e4-a52e-4f735466cecf":"514df4b2-5c94-44c3-846d-29c0351d21e0"},{"element-6066-11e4-a52e-4f735466cecf":"e3fa8af6-1fe6-4c42-909a-3e4f27440bbd"},{"element-6066-11e4-a52e-4f735466cecf":"8295d3a5-9390-4df9-bb89-772d9b3f5a5c"},{"element-6066-11e4-a52e-4f735466cecf":"c08261a8-0253-4f26-bbd7-dd25862cc714"},{"element-6066-11e4-a52e-4f735466cecf":"582e6a5b-a094-49b2-81e6-44aed1293893"},{"element-6066-11e4-a52e-4f735466cecf":"9339109b-7977-41ea-812f-0a59518bd41f"},{"element-6066-11e4-a52e-4f735466cecf":"1f1baf2b-d4e0-434b-b571-5a545abce7d4"},{"element-6066-11e4-a52e-4f735466cecf":"e93f6ae2-e347-4a3d-9e8a-1a9a1c1fdb76"},{"element-6066-11e4-a52e-4f735466cecf":"64b36836-ea93-41d7-928b-d163fa4f1a1a"},{"element-6066-11e4-a52e-4f735466cecf":"a5474388-3723-45e5-9614-f86c3c59ce02"},{"element-6066-11e4-a52e-4f735466cecf":"bbf0d0c8-94e7-4323-9d33-6a032c1767ad"},{"element-6066-11e4-a52e-4f735466cecf":"fece24a7-783e-44f9-a758-04e8f962d1bf"},{"element-6066-11e4-a52e-4f735466cecf":"b17e4e4e-80d4-4934-98a5-ac206faf9b0e"},{"element-6066-11e4-a52e-4f735466cecf":"598ff05f-c188-4ed0-bb2c-bf63343737d1"},{"element-6066-11e4-a52e-4f735466cecf":"d52658d1-0a67-4126-8aff-93ec758f6d61"},{"element-6066-11e4-a52e-4f735466cecf":"d4177dd9-cdec-48e0-b16f-7e59a50a1db1"},{"element-6066-11e4-a52e-4f735466cecf":"8e26bddb-62bf-4d39-befb-732c40282414"},{"element-6066-11e4-a52e-4f735466cecf":"be8efeb6-854d-42c5-af30-e9a6727c0edd"},{"element-6066-11e4-a52e-4f735466cecf":"57affd7c-62af-493a-9af0-ee531184f6e3"},{"element-6066-11e4-a52e-4f735466cecf":"915830b9-6321-426b-a67a-c58e03912898"},{"element-6066-11e4-a52e-4f735466cecf":"f297de0e-8f18-4c3a-8cd7-8b102c917848"},{"element-6066-11e4-a52e-4f735466cecf":"fe518d44-569e-4675-b1f7-4203aa110dab"},{"element-6066-11e4-a52e-4f735466cecf":"9e0dde49-7b53-4231-b2dd-f0624366d671"},{"element-6066-11e4-a52e-4f735466cecf":"c8e64128-31ca-461e-9188-cdd570ecf223"},{"element-6066-11e4-a52e-4f735466cecf":"adc24b02-c6c5-41a1-894a-d9d986c504c7"},{"element-6066-11e4-a52e-4f735466cecf":"3d58ffd5-5084-43eb-a339-13257eb6d76d"},{"element-6066-11e4-a52e-4f735466cecf":"169dadd8-2700-49a9-8626-1b1e0f7733fe"},{"element-6066-11e4-a52e-4f735466cecf":"ad0c209c-c2ab-440d-90f7-1578165efc60"},{"element-6066-11e4-a52e-4f735466cecf":"04c2ea5f-2272-42c6-8e0c-6fbc99a5474b"},{"element-6066-11e4-a52e-4f735466cecf":"138889e2-8bd0-4336-9db6-9aa53f8da5e0"},{"element-6066-11e4-a52e-4f735466cecf":"d7f90a45-b7a0-4965-9614-f65b780d3496"},{"element-6066-11e4-a52e-4f735466cecf":"8cb4681e-7182-4fea-b3a7-70939040db0d"},{"element-6066-11e4-a52e-4f735466cecf":"ca7cd21e-9f51-41a9-82ff-c4c106f31c26"},{"element-6066-11e4-a52e-4f735466cecf":"983eff5e-be11-427a-970c-181518f58cdc"},{"element-6066-11e4-a52e-4f735466cecf":"9cdbcbea-e605-4c4f-9c73-ecd2b7dfbaa4"},{"element-6066-11e4-a52e-4f735466cecf":"252d9b57-d3bc-4516-914f-78bde56c95f7"},{"element-6066-11e4-a52e-4f735466cecf":"b6505c96-d6cb-4227-81f9-027f6e501650"},{"element-6066-11e4-a52e-4f735466cecf":"692194e8-8907-4d38-bb0b-265800d12243"},{"element-6066-11e4-a52e-4f735466cecf":"a11dce04-db80-4b7b-852e-5f3632d5411d"},{"element-6066-11e4-a52e-4f735466cecf":"c0bc7804-f122-4245-9c35-3c69c165d953"},{"element-6066-11e4-a52e-4f735466cecf":"a871da80-9a74-4bf3-9579-93ba57a49830"},{"element-6066-11e4-a52e-4f735466cecf":"3f9e3b55-618e-4404-ab28-3506abbaf7f3"},{"element-6066-11e4-a52e-4f735466cecf":"af26e7ff-7375-4039-878f-18f228890c88"},{"element-6066-11e4-a52e-4f735466cecf":"86405ef2-a340-4f89-b8d0-cf7bd1294581"},{"element-6066-11e4-a52e-4f735466cecf":"bbfaa551-1fee-4277-a46f-7c91e64bf20f"},{"element-6066-11e4-a52e-4f735466cecf":"7469ade2-f201-464a-927f-fcf78f396437"},{"element-6066-11e4-a52e-4f735466cecf":"6a1a14a5-a5c3-47dc-a0fd-195bcd78e249"},{"element-6066-11e4-a52e-4f735466cecf":"db7de7eb-a70b-4bc9-a570-84276e4704de"},{"element-6066-11e4-a52e-4f735466cecf":"3e2a5a51-3315-415e-905b-3e1d04d32cf2"},{"element-6066-11e4-a52e-4f735466cecf":"1c41512c-8c59-4905-8a81-79c902f2f021"},{"element-6066-11e4-a52e-4f735466cecf":"b9e0c486-0eaf-4b9c-bc87-0c056809185f"},{"element-6066-11e4-a52e-4f735466cecf":"106c63bd-4b63-4bac-b356-c6b86ac9e781"},{"element-6066-11e4-a52e-4f735466cecf":"86f2897a-92ea-4674-9f73-efb2e04782fd"},{"element-6066-11e4-a52e-4f735466cecf":"a70211e9-5de5-4524-b647-c982a0372a76"},{"element-6066-11e4-a52e-4f735466cecf":"5ee770f8-dd7b-4191-bfe5-1311d9cf0a01"},{"element-6066-11e4-a52e-4f735466cecf":"37cfc83e-f4a8-4aa2-9434-3502357e063a"},{"element-6066-11e4-a52e-4f735466cecf":"4a42f58a-5bce-492b-b8bb-49ac2c1361bd"},{"element-6066-11e4-a52e-4f735466cecf":"03473637-c6e3-4ec1-b93c-8ac9e8d92b9e"},{"element-6066-11e4-a52e-4f735466cecf":"50bec7c2-4c35-4256-b9ec-9e4bca8d3797"},{"element-6066-11e4-a52e-4f735466cecf":"8c3d26d4-f569-444e-88dd-b2fd7c3f5f20"},{"element-6066-11e4-a52e-4f735466cecf":"18468e1b-acc9-4f3f-b70b-46b27adb026d"},{"element-6066-11e4-a52e-4f735466cecf":"84493e90-f134-47c8-9c9c-90d9dd07e7b3"},{"element-6066-11e4-a52e-4f735466cecf":"c8c20e09-44b9-40bc-a53d-ccacb458227a"},{"element-6066-11e4-a52e-4f735466cecf":"05fbbeda-06a8-4c6a-8f1e-25a708548107"},{"element-6066-11e4-a52e-4f735466cecf":"db329928-9049-4384-9b54-ffdbc8366412"},{"element-6066-11e4-a52e-4f735466cecf":"5eb23c30-eb17-4976-9096-db5701f19e7e"},{"element-6066-11e4-a52e-4f735466cecf":"91607d40-f7c3-4f91-b66f-59e6e3e1e4f0"},{"element-6066-11e4-a52e-4f735466cecf":"a7528670-2c11-4e7c-9acc-a608849fb686"},{"element-6066-11e4-a52e-4f735466cecf":"22d638f8-b64c-43b7-a911-f0b0dba0c031"},{"element-6066-11e4-a52e-4f735466cecf":"a71905cd-2bd1-4f2e-baed-eb2943f911fb"},{"element-6066-11e4-a52e-4f735466cecf":"865ea2ed-382e-4f74-90e0-ca2a80ff09fc"},{"element-6066-11e4-a52e-4f735466cecf":"73f29b55-2013-465f-a0ee-6318479910bd"},{"element-6066-11e4-a52e-4f735466cecf":"28aab5a0-3e52-4489-a6c0-3355549d7bc3"},{"element-6066-11e4-a52e-4f735466cecf":"0e44c7cf-c45f-4ba8-833f-2a21a698405d"},{"element-6066-11e4-a52e-4f735466cecf":"8b487050-bdca-4246-a7a1-0d368e13c599"},{"element-6066-11e4-a52e-4f735466cecf":"7eda941c-4d84-4c0e-a58a-5fbd081c162f"},{"element-6066-11e4-a52e-4f735466cecf":"08c227f8-9b84-4f16-9161-4dfcb00f880b"},{"element-6066-11e4-a52e-4f735466cecf":"10712b8c-5b4a-4f33-a95f-c6745d44f7d1"},{"element-6066-11e4-a52e-4f735466cecf":"07ed6c0f-b5dd-4b82-9dea-c3f79fe1e86a"},{"element-6066-11e4-a52e-4f735466cecf":"79f3732d-937c-4209-ab88-d6fa5da0503a"},{"element-6066-11e4-a52e-4f735466cecf":"acb42262-1f13-481d-b31a-57218d896f27"},{"element-6066-11e4-a52e-4f735466cecf":"e6eabcca-6635-4426-b4e2-1d289e5d45b2"},{"element-6066-11e4-a52e-4f735466cecf":"bcf77d71-c8f6-4f80-8471-bc336c733fa3"},{"element-6066-11e4-a52e-4f735466cecf":"6813fc49-bbf5-4ec4-b69f-0fa25db68755"},{"element-6066-11e4-a52e-4f735466cecf":"899d0bf2-f2b6-4cab-a5ba-5214b37f47ac"},{"element-6066-11e4-a52e-4f735466cecf":"641552e6-8f36-4d37-9626-29c19e04734d"},{"element-6066-11e4-a52e-4f735466cecf":"26456a7a-9cdd-4c57-a5e7-fdb29bef7ee9"},{"element-6066-11e4-a52e-4f735466cecf":"5d159292-b3d8-4992-8a7b-2408f9369875"},{"element-6066-11e4-a52e-4f735466cecf":"68731403-12da-44a1-afe3-cf93b007fb99"},{"element-6066-11e4-a52e-4f735466cecf":"8eff73aa-f2f0-45bb-8ac9-eb85aebe8f25"},{"element-6066-11e4-a52e-4f735466cecf":"ebd6aa1d-e174-4377-9d7c-76b26e278b1b"},{"element-6066-11e4-a52e-4f735466cecf":"b0b88dd0-27cf-4449-8c3a-191c4ea243cc"},{"element-6066-11e4-a52e-4f735466cecf":"50cdfd41-6dfe-4cb4-9767-ade57690cb84"},{"element-6066-11e4-a52e-4f735466cecf":"53c0b70e-661d-4030-bdf8-0983692c91a1"},{"element-6066-11e4-a52e-4f735466cecf":"0619a2d4-6c44-4a21-ae15-820a0577ca0b"},{"element-6066-11e4-a52e-4f735466cecf":"d98cf3d4-7d05-4ba7-8549-26c896cb7315"},{"element-6066-11e4-a52e-4f735466cecf":"4e67743a-dcdc-474e-9d19-15025fa071a9"},{"element-6066-11e4-a52e-4f735466cecf":"3015a790-55f9-4c05-9d26-8467775aceee"},{"element-6066-11e4-a52e-4f735466cecf":"38269d29-a363-42a1-bd2d-ef486fdfd06d"},{"element-6066-11e4-a52e-4f735466cecf":"7c39f18e-01f4-4f0b-9fa6-805f7eabbd13"},{"element-6066-11e4-a52e-4f735466cecf":"ee1578cc-a13f-47ce-8100-8973d5f4a883"},{"element-6066-11e4-a52e-4f735466cecf":"74ac4a0a-8fb0-4855-a979-1a5874cdca9a"},{"element-6066-11e4-a52e-4f735466cecf":"18219495-0ca0-483c-aaed-030300499e05"},{"element-6066-11e4-a52e-4f735466cecf":"6c27deae-357a-4a41-9467-e02dd2dbf49d"},{"element-6066-11e4-a52e-4f735466cecf":"342aec5d-8285-425b-ba35-86ce3d0e85b4"},{"element-6066-11e4-a52e-4f735466cecf":"f7378cfd-2ab7-4d01-96e4-84596e738f5c"},{"element-6066-11e4-a52e-4f735466cecf":"ceeb623e-0797-4611-8a72-4bebe705f9ac"},{"element-6066-11e4-a52e-4f735466cecf":"34d5e82d-ea44-443a-ac03-f49bd6d466e1"},{"element-6066-11e4-a52e-4f735466cecf":"02be84a4-332e-4b27-95b1-b28f9328c2bc"},{"element-6066-11e4-a52e-4f735466cecf":"e3e43c2d-605e-457d-9509-6df29974ff8b"},{"element-6066-11e4-a52e-4f735466cecf":"e2138f90-187d-449e-b1ea-f291a2fb9a51"},{"element-6066-11e4-a52e-4f735466cecf":"6033dbbf-0ec8-4cd6-a8f3-5fd052c85a46"},{"element-6066-11e4-a52e-4f735466cecf":"e79ef214-a111-49a4-885e-001f1bf74ff0"},{"element-6066-11e4-a52e-4f735466cecf":"b9b9b9cc-b401-470b-baab-17b4ea0f12c2"},{"element-6066-11e4-a52e-4f735466cecf":"1d93c589-473d-49ad-bb5f-6b878630d54a"},{"element-6066-11e4-a52e-4f735466cecf":"5a50e853-6a9c-4fb5-9a48-6c0fe05b8756"},{"element-6066-11e4-a52e-4f735466cecf":"7c6b349e-06ac-4fd0-bed3-b735be600eac"},{"element-6066-11e4-a52e-4f735466cecf":"7f09216a-e0a7-42b5-8189-076146703ac3"},{"element-6066-11e4-a52e-4f735466cecf":"511423ab-ee2f-436e-8baa-403f218f0ac6"},{"element-6066-11e4-a52e-4f735466cecf":"adaff833-75c9-4136-bdc6-52f99d49ac20"},{"element-6066-11e4-a52e-4f735466cecf":"ef7f86fa-3104-445e-8228-a651b2d5ae98"},{"element-6066-11e4-a52e-4f735466cecf":"a845136a-54e6-4e4a-901e-647b7c349917"},{"element-6066-11e4-a52e-4f735466cecf":"0d14e887-a610-418e-ac7e-29bcf71f555b"},{"element-6066-11e4-a52e-4f735466cecf":"ca72dea6-829b-4352-a341-100bedbe7013"},{"element-6066-11e4-a52e-4f735466cecf":"200417f3-6a50-4022-bbe8-ac1444239d3f"},{"element-6066-11e4-a52e-4f735466cecf":"bb9eb37c-6ec6-4d2f-ac84-0ff15dce165f"},{"element-6066-11e4-a52e-4f735466cecf":"29696883-01f7-4a91-8344-dc7a6c77243b"},{"element-6066-11e4-a52e-4f735466cecf":"261e5a32-74df-4d25-8496-28ac21053b8d"},{"element-6066-11e4-a52e-4f735466cecf":"4cd377c7-7e56-4429-a5a0-6c89f75bf393"},{"element-6066-11e4-a52e-4f735466cecf":"eff658f8-4552-4894-9c5e-c80cf92681a7"},{"element-6066-11e4-a52e-4f735466cecf":"0d951b5c-074e-4030-adb5-86661688154e"},{"element-6066-11e4-a52e-4f735466cecf":"79c27908-127d-43d9-9f7f-e4e69e7232dc"},{"element-6066-11e4-a52e-4f735466cecf":"0dc05587-08fa-4a29-b9a0-bd5d6329a568"},{"element-6066-11e4-a52e-4f735466cecf":"50aff415-dfba-4c47-80d3-2baf759ab1db"},{"element-6066-11e4-a52e-4f735466cecf":"81bb97d3-bb9c-46a9-877c-550403c64f31"},{"element-6066-11e4-a52e-4f735466cecf":"42bf8934-d0b6-40e1-a976-2918f9153063"},{"element-6066-11e4-a52e-4f735466cecf":"df835dad-b84d-41a8-a5f7-0673cef260bf"},{"element-6066-11e4-a52e-4f735466cecf":"d5579802-32f3-49e3-9450-070e1493b93f"},{"element-6066-11e4-a52e-4f735466cecf":"fcf1abf7-2508-4dd7-8bbd-df17ec80cfdd"},{"element-6066-11e4-a52e-4f735466cecf":"0ca1e0b8-02ad-42e1-95ae-d9b291c656f3"},{"element-6066-11e4-a52e-4f735466cecf":"d698e40a-5a56-4b86-ac44-c4c5b6560908"},{"element-6066-11e4-a52e-4f735466cecf":"5936fa9a-52a1-4d32-ac6a-636cfc63c2fa"},{"element-6066-11e4-a52e-4f735466cecf":"2d3a0af3-c7d3-4803-80e4-33a549e125c7"},{"element-6066-11e4-a52e-4f735466cecf":"b0730ea0-d4ca-486b-86d5-2534b603c430"},{"element-6066-11e4-a52e-4f735466cecf":"7a9c2529-e51a-4799-ac0c-d551b004a878"},{"element-6066-11e4-a52e-4f735466cecf":"e2ca306c-f9af-4761-8c78-7650b1f55669"},{"element-6066-11e4-a52e-4f735466cecf":"5186334c-02a2-4598-a1a0-024f1a2b498d"},{"element-6066-11e4-a52e-4f735466cecf":"b119adbf-3244-4ab3-aeae-440fe6358c44"},{"element-6066-11e4-a52e-4f735466cecf":"6d85b4a0-c2da-44c1-9066-bdad510dc603"},{"element-6066-11e4-a52e-4f735466cecf":"356897a3-b422-465a-b85d-630d3a248346"},{"element-6066-11e4-a52e-4f735466cecf":"89f57251-1866-4296-873a-c2128ab6157d"},{"element-6066-11e4-a52e-4f735466cecf":"6d799a31-a077-46c1-b700-0879feac616f"},{"element-6066-11e4-a52e-4f735466cecf":"61aafb20-b0cb-4f2d-bbf6-e70d6754a832"},{"element-6066-11e4-a52e-4f735466cecf":"15fa3dda-8322-44a0-aebb-8d34365e6f1c"},{"element-6066-11e4-a52e-4f735466cecf":"f4cdfe12-b85f-4297-a6dd-7c7560bf7580"},{"element-6066-11e4-a52e-4f735466cecf":"5d21de26-0750-4a72-9829-5c1275e05105"},{"element-6066-11e4-a52e-4f735466cecf":"f9bbebf5-6210-47a5-aa6f-e1df7e4597ef"},{"element-6066-11e4-a52e-4f735466cecf":"a7feb442-0b02-46c2-9678-d04588965ae3"},{"element-6066-11e4-a52e-4f735466cecf":"d9d543ac-3649-4c1e-8b09-62c003cea74e"},{"element-6066-11e4-a52e-4f735466cecf":"4abacd1d-27c9-4ee4-9bdf-95b8d2609a6c"},{"element-6066-11e4-a52e-4f735466cecf":"8325811f-3a1a-4c34-b6a2-17568a0d0c09"},{"element-6066-11e4-a52e-4f735466cecf":"dc5b25f4-ee3c-499b-ad67-fb6f862a3551"},{"element-6066-11e4-a52e-4f735466cecf":"9f2bc849-d26a-4ebb-a9eb-68a27d2ac549"},{"element-6066-11e4-a52e-4f735466cecf":"0ee7b929-c41f-467b-bb72-a0d4032960bd"},{"element-6066-11e4-a52e-4f735466cecf":"70068488-e93e-455c-82f2-a197a4623633"},{"element-6066-11e4-a52e-4f735466cecf":"3ffa1c78-c070-489d-a6ac-71f1a5f4686b"},{"element-6066-11e4-a52e-4f735466cecf":"3675f513-874a-4055-99d9-6b872e3d670f"},{"element-6066-11e4-a52e-4f735466cecf":"2842dc17-1bc4-4cd4-8d7b-6fb97db93b45"},{"element-6066-11e4-a52e-4f735466cecf":"852f6b7c-ca10-40f5-99b8-6c25d2faf29e"},{"element-6066-11e4-a52e-4f735466cecf":"56162022-ec64-4b50-b406-ed30672aa74e"},{"element-6066-11e4-a52e-4f735466cecf":"a0faf619-3d13-4f77-9090-17d7dd7827e5"},{"element-6066-11e4-a52e-4f735466cecf":"ea72d03f-76bb-4481-bab9-7e6b4f5a7cb9"},{"element-6066-11e4-a52e-4f735466cecf":"a7b89f06-c7be-480a-a821-b8648a052798"},{"element-6066-11e4-a52e-4f735466cecf":"29f5f834-ce49-4fa1-9cdb-46c44b92716c"},{"element-6066-11e4-a52e-4f735466cecf":"bfba6dc6-aae7-4f58-9899-1713e29a0fa7"},{"element-6066-11e4-a52e-4f735466cecf":"b65228c3-1590-446c-b0f1-e51a8c96c454"},{"element-6066-11e4-a52e-4f735466cecf":"2f947361-0afe-4880-b287-42d8c842ef69"},{"element-6066-11e4-a52e-4f735466cecf":"7de6cf05-33d2-4e41-92b5-67ef5a32a32d"},{"element-6066-11e4-a52e-4f735466cecf":"0b662305-5b81-48a9-a1c5-d6a0499e9a67"},{"element-6066-11e4-a52e-4f735466cecf":"33be36d0-e5ef-4c37-8a17-9655293b70a0"},{"element-6066-11e4-a52e-4f735466cecf":"8c02422d-bbf3-4667-ba61-e7fe18832bff"},{"element-6066-11e4-a52e-4f735466cecf":"77bb10d3-f5b3-4b40-b1f2-c84f79ad59d1"},{"element-6066-11e4-a52e-4f735466cecf":"3cfaf2f6-4545-4b85-b9f8-eaa6d12785dc"},{"element-6066-11e4-a52e-4f735466cecf":"37cd3a90-9e9c-4086-8d27-8b397ad45a3e"},{"element-6066-11e4-a52e-4f735466cecf":"322e42f8-88df-4035-af01-70148d392c1b"},{"element-6066-11e4-a52e-4f735466cecf":"646a7896-e189-4f22-9667-28e72dfe1876"},{"element-6066-11e4-a52e-4f735466cecf":"b6fdfb80-c9e3-4160-8780-26d14ef66430"},{"element-6066-11e4-a52e-4f735466cecf":"fff602f3-d829-44c8-b9cc-ca5dcad79f3a"},{"element-6066-11e4-a52e-4f735466cecf":"672e8f77-7a0e-4f86-9595-1fd09b241c34"},{"element-6066-11e4-a52e-4f735466cecf":"3a5f4604-97aa-4ad7-a5b0-29be8adf28ba"},{"element-6066-11e4-a52e-4f735466cecf":"cc84d923-dcce-4471-acab-4930232593d6"},{"element-6066-11e4-a52e-4f735466cecf":"bf3d9e21-e242-4b75-b302-87b176e57bf2"},{"element-6066-11e4-a52e-4f735466cecf":"1fe1df61-4dfe-4b41-a598-df7ca4b3ee84"},{"element-6066-11e4-a52e-4f735466cecf":"0be29488-d447-4fda-a6b5-03d17c54421c"},{"element-6066-11e4-a52e-4f735466cecf":"b17a252c-cf6a-46d8-99db-c5ceb874dfdd"},{"element-6066-11e4-a52e-4f735466cecf":"2655730d-42aa-40f8-bed9-84c413e803f7"},{"element-6066-11e4-a52e-4f735466cecf":"0ed30e73-ba19-48ee-b01a-46f577e1d657"},{"element-6066-11e4-a52e-4f735466cecf":"b0a64c8b-863d-4729-a164-478abd097962"},{"element-6066-11e4-a52e-4f735466cecf":"60054107-cfdd-4a54-9b98-978e03bb20db"},{"element-6066-11e4-a52e-4f735466cecf":"b22e113f-d9a9-4286-b2c9-1538f120ad23"},{"element-6066-11e4-a52e-4f735466cecf":"c13e17e8-fae3-4084-82f2-044606defd54"},{"element-6066-11e4-a52e-4f735466cecf":"0c87241a-42bb-4f7b-8410-d093d5baac3d"},{"element-6066-11e4-a52e-4f735466cecf":"cdb1b4db-3110-4397-b9c7-4733b8589b1d"},{"element-6066-11e4-a52e-4f735466cecf":"aa848d46-c3ac-4075-955f-861e4b90cada"},{"element-6066-11e4-a52e-4f735466cecf":"c59cdca9-777b-48b3-90e0-883aecf6b0e3"},{"element-6066-11e4-a52e-4f735466cecf":"c78f5ec4-f53a-4a83-a64c-6f03beb9cca8"},{"element-6066-11e4-a52e-4f735466cecf":"ce88a0f1-2c2a-4387-8385-2e6416c60a8b"},{"element-6066-11e4-a52e-4f735466cecf":"63cc2de9-a30c-4b66-9086-ce9048bd805a"},{"element-6066-11e4-a52e-4f735466cecf":"9de1410d-bbf6-4650-a6ea-182322329b31"},{"element-6066-11e4-a52e-4f735466cecf":"7ef27c47-1941-4c1d-84d3-92194d90af07"},{"element-6066-11e4-a52e-4f735466cecf":"da561470-4c5f-45f9-b91c-b07cae3b0250"},{"element-6066-11e4-a52e-4f735466cecf":"3f568448-8733-40ca-a11c-ee1e9742427b"},{"element-6066-11e4-a52e-4f735466cecf":"a8b8846d-b3e4-4164-97ba-2d7c09148d46"},{"element-6066-11e4-a52e-4f735466cecf":"6c74648f-1e73-4716-9df1-1173facb223d"},{"element-6066-11e4-a52e-4f735466cecf":"1f18324b-f5ee-4b95-a015-5b3a9f3fe190"},{"element-6066-11e4-a52e-4f735466cecf":"653710b4-8103-4034-8d97-d6b0fb55b099"},{"element-6066-11e4-a52e-4f735466cecf":"6da48a63-be23-4898-91b3-fa0b40d0c393"},{"element-6066-11e4-a52e-4f735466cecf":"37efd3fb-7f3f-4596-a3cf-e2563795ffcc"},{"element-6066-11e4-a52e-4f735466cecf":"f2ab0016-7730-4703-b7a0-008423ee1857"},{"element-6066-11e4-a52e-4f735466cecf":"b480229b-19fd-4910-b602-bacbbf063a51"},{"element-6066-11e4-a52e-4f735466cecf":"56ab77db-d8cd-4986-a3da-986535b47390"},{"element-6066-11e4-a52e-4f735466cecf":"9d6a15e3-33b8-42a6-a694-3dc3da6c79c3"},{"element-6066-11e4-a52e-4f735466cecf":"a081ef25-7d65-4bab-be01-c04c5f008f73"},{"element-6066-11e4-a52e-4f735466cecf":"af4cd7d1-f69a-441f-8ab2-0130ca3ed133"},{"element-6066-11e4-a52e-4f735466cecf":"9e42f537-13f6-4fed-8a42-02da34387757"},{"element-6066-11e4-a52e-4f735466cecf":"b8eb4378-2998-4ded-bfe3-d25310fc20fd"},{"element-6066-11e4-a52e-4f735466cecf":"75a82b0f-cb9a-4f50-8d29-35f14981f0ee"},{"element-6066-11e4-a52e-4f735466cecf":"96ea116f-4538-426b-a850-85fa2d4d5eb4"},{"element-6066-11e4-a52e-4f735466cecf":"49506aff-fbce-4bca-9096-ed6f03843c25"},{"element-6066-11e4-a52e-4f735466cecf":"0856a154-1011-42f7-b22a-63fcf664804a"},{"element-6066-11e4-a52e-4f735466cecf":"89bd80ce-020d-473c-8659-70d696f88553"},{"element-6066-11e4-a52e-4f735466cecf":"94eab12f-bf23-47f1-9217-0b892dfdfadb"},{"element-6066-11e4-a52e-4f735466cecf":"edfa58da-96dd-402d-aa70-70e4aef8840d"},{"element-6066-11e4-a52e-4f735466cecf":"56838b8a-1b27-40e8-bca6-4159df7efc11"},{"element-6066-11e4-a52e-4f735466cecf":"dcee1470-3f8c-4078-b8e6-57103454b9bf"},{"element-6066-11e4-a52e-4f735466cecf":"ba23b00b-2a46-443c-8ba3-842e0327c7e9"},{"element-6066-11e4-a52e-4f735466cecf":"becd0865-fcec-4137-8e5a-a4d94ae138b7"},{"element-6066-11e4-a52e-4f735466cecf":"7b906e6e-5d4b-4f65-9b1e-2f58394aca0e"},{"element-6066-11e4-a52e-4f735466cecf":"f7927c2d-be35-47be-8daa-9d272a17bb70"},{"element-6066-11e4-a52e-4f735466cecf":"265ae645-3bb3-41f8-8af4-e8e28f9ec9b6"},{"element-6066-11e4-a52e-4f735466cecf":"5f9bc881-f5d1-43a5-ae33-9df7aaa4042b"},{"element-6066-11e4-a52e-4f735466cecf":"be6c0bcb-9b8f-47ed-85b7-3a03c1499b95"},{"element-6066-11e4-a52e-4f735466cecf":"6391135e-3872-4c14-a7e9-6db27945482d"},{"element-6066-11e4-a52e-4f735466cecf":"2da949de-3a30-4db8-89a3-d7f2ad009823"},{"element-6066-11e4-a52e-4f735466cecf":"7123cbb7-60a8-4c9d-bb7f-01fe7d2fd039"},{"element-6066-11e4-a52e-4f735466cecf":"dc65ae40-a519-4443-bddb-3396b24109fb"},{"element-6066-11e4-a52e-4f735466cecf":"d2ce4ac9-29fb-405b-a8df-7e26f87ee655"},{"element-6066-11e4-a52e-4f735466cecf":"658afa5d-3c21-445d-bd56-f1973b67283e"},{"element-6066-11e4-a52e-4f735466cecf":"79d99047-831b-402e-b382-50e8c78d932b"},{"element-6066-11e4-a52e-4f735466cecf":"a59f353f-2f93-4c74-83a3-74f84e745ff4"},{"element-6066-11e4-a52e-4f735466cecf":"a2b36755-6bda-42ca-9228-0949f1fffe4d"},{"element-6066-11e4-a52e-4f735466cecf":"dff24ed7-d6fd-481d-b293-e6983aa8fcf5"},{"element-6066-11e4-a52e-4f735466cecf":"1363155f-71ca-462a-9606-5ca5c612bbbc"},{"element-6066-11e4-a52e-4f735466cecf":"361f4ce7-71d1-492d-b0e9-50e14ebc5b99"},{"element-6066-11e4-a52e-4f735466cecf":"f13febfd-c629-4845-8297-5d6b8633b591"},{"element-6066-11e4-a52e-4f735466cecf":"eff8ab26-c088-4755-8a15-db4228d7d634"},{"element-6066-11e4-a52e-4f735466cecf":"e224c2bb-d477-43fa-92de-af29f72f5698"},{"element-6066-11e4-a52e-4f735466cecf":"3b6b99f5-f05e-4a6c-8f87-f315a2d1711e"},{"element-6066-11e4-a52e-4f735466cecf":"24c2759c-ae77-4323-b91c-a1aa96a84152"},{"element-6066-11e4-a52e-4f735466cecf":"48021424-f08e-4943-904c-17cfca2a4901"},{"element-6066-11e4-a52e-4f735466cecf":"a9ea2ed3-7313-437d-a3e4-b63fc00de29e"},{"element-6066-11e4-a52e-4f735466cecf":"6d012688-56c2-4f26-ad91-a7a7f780fa39"},{"element-6066-11e4-a52e-4f735466cecf":"66bd84aa-47c2-4dd2-aee8-c23bbefabab2"},{"element-6066-11e4-a52e-4f735466cecf":"69a76e44-da66-41ca-92a8-bf14ebaa7fb1"},{"element-6066-11e4-a52e-4f735466cecf":"277dec05-4d5b-4ef1-a763-73c7ec077612"},{"element-6066-11e4-a52e-4f735466cecf":"43f9b8b9-76b7-4f5e-9646-3feaa9b83e0c"},{"element-6066-11e4-a52e-4f735466cecf":"9173b15e-c894-488d-b03d-e55af5ad9b71"},{"element-6066-11e4-a52e-4f735466cecf":"43b81a18-f9ee-4082-bea9-778b582db4dd"},{"element-6066-11e4-a52e-4f735466cecf":"20501b50-6120-42a2-a2ab-4a84920022bd"},{"element-6066-11e4-a52e-4f735466cecf":"0ea15eb3-608e-4e47-9f3d-2f917e0f0187"},{"element-6066-11e4-a52e-4f735466cecf":"4444d067-2278-44ad-a322-84112f2e5b77"},{"element-6066-11e4-a52e-4f735466cecf":"ab0ab1f2-a121-4db8-9c1d-e97602bc2b30"},{"element-6066-11e4-a52e-4f735466cecf":"47da77bc-2720-47f9-8d95-d0f350883f71"},{"element-6066-11e4-a52e-4f735466cecf":"b4ec3e35-771a-429b-9915-e1bad89a81af"},{"element-6066-11e4-a52e-4f735466cecf":"17b392e5-1c6c-40f2-b86b-0e4d22aac6c2"},{"element-6066-11e4-a52e-4f735466cecf":"fc251877-7579-4f53-b3b8-24b7ef7a5ee6"},{"element-6066-11e4-a52e-4f735466cecf":"21d922e7-797b-481f-be6d-2654652a09d2"},{"element-6066-11e4-a52e-4f735466cecf":"b324ac34-8bd6-4fce-873e-405e6a11fc9f"},{"element-6066-11e4-a52e-4f735466cecf":"a3be7f9a-98f5-4c50-b74d-6fc1d4f9ff0a"},{"element-6066-11e4-a52e-4f735466cecf":"0abe6c41-92af-4935-be78-e7143de5d8a0"},{"element-6066-11e4-a52e-4f735466cecf":"fcd58824-4cf3-4c8e-a78a-4dd1e7d77a1e"},{"element-6066-11e4-a52e-4f735466cecf":"88347b36-d4fd-4b54-9f4c-a2b4611d0d77"},{"element-6066-11e4-a52e-4f735466cecf":"7c2276ec-eddd-4237-9198-86fd62113e08"},{"element-6066-11e4-a52e-4f735466cecf":"d14fe820-b67e-45ce-89e5-0be8ec6f7842"},{"element-6066-11e4-a52e-4f735466cecf":"f54341d0-121c-46dd-97ce-d680f8e0ee79"},{"element-6066-11e4-a52e-4f735466cecf":"cbe7ef75-30ed-44a0-9b17-1faa267d0cbf"},{"element-6066-11e4-a52e-4f735466cecf":"0f99b923-d42c-4e13-8e42-b024e505e67c"},{"element-6066-11e4-a52e-4f735466cecf":"a5010583-3e71-4ffa-a866-79708e5f48fb"},{"element-6066-11e4-a52e-4f735466cecf":"7fae4d98-d421-452e-b28e-70b261076e38"},{"element-6066-11e4-a52e-4f735466cecf":"e654b48b-3fea-4c7e-a38f-7ed4b3c52477"},{"element-6066-11e4-a52e-4f735466cecf":"431f855c-46b1-4f03-b182-a600c482c524"},{"element-6066-11e4-a52e-4f735466cecf":"82ba8618-a741-4a8e-ab81-eadc1b670d25"},{"element-6066-11e4-a52e-4f735466cecf":"568243c0-f955-47e9-963d-a37233379241"},{"element-6066-11e4-a52e-4f735466cecf":"23e0dab1-c6f9-49ae-8c49-4b026f85d514"},{"element-6066-11e4-a52e-4f735466cecf":"044f8710-815c-45ba-841c-86c47b0ca340"},{"element-6066-11e4-a52e-4f735466cecf":"b9079b23-0e8f-4361-be89-e9202d140886"},{"element-6066-11e4-a52e-4f735466cecf":"ec1e27b3-226d-402c-b6f8-1b629b97d4af"},{"element-6066-11e4-a52e-4f735466cecf":"922ac26e-3123-4548-b6b4-953fb5c9e982"},{"element-6066-11e4-a52e-4f735466cecf":"b5358154-9879-4fdb-8146-5106c17aa475"},{"element-6066-11e4-a52e-4f735466cecf":"924fbeb3-816e-4e8c-bd5c-0e53a34af446"},{"element-6066-11e4-a52e-4f735466cecf":"bdbcb944-dace-48b9-aef9-2800cff8595b"},{"element-6066-11e4-a52e-4f735466cecf":"932ca53e-e31a-473a-8251-c233cc240015"},{"element-6066-11e4-a52e-4f735466cecf":"0220e6fb-2c60-49d3-a00f-9dba3d27ba26"},{"element-6066-11e4-a52e-4f735466cecf":"94259df4-5e5f-4991-8d02-73a61ceea4ad"},{"element-6066-11e4-a52e-4f735466cecf":"8bc59b2a-0221-4b8d-bda6-418f7276ec4c"},{"element-6066-11e4-a52e-4f735466cecf":"31c12f7a-da28-4486-bb16-7c1dc76a38bc"},{"element-6066-11e4-a52e-4f735466cecf":"83ab8e4e-e05f-4449-8a33-bb3b1f89e69b"},{"element-6066-11e4-a52e-4f735466cecf":"082d0a73-6be8-4c35-b1c8-d3a6b86e4b5e"},{"element-6066-11e4-a52e-4f735466cecf":"cd5c182a-1591-44c9-b6a2-962f3598abc6"},{"element-6066-11e4-a52e-4f735466cecf":"fc74829a-f6fd-4fe6-a317-689e1273d4b6"},{"element-6066-11e4-a52e-4f735466cecf":"dce0caa0-f9fc-418e-90d4-ccecfaf1abe3"},{"element-6066-11e4-a52e-4f735466cecf":"114930d3-bd20-41fd-b1f1-60e8cc27bf83"},{"element-6066-11e4-a52e-4f735466cecf":"1a45cda2-5368-4f2a-a7c1-d7baa881c882"},{"element-6066-11e4-a52e-4f735466cecf":"d0d4e576-2dc9-42af-9b72-91f415a4cc61"},{"element-6066-11e4-a52e-4f735466cecf":"225e34e9-56e5-45b9-8997-748d9fc3a855"},{"element-6066-11e4-a52e-4f735466cecf":"bed166a0-ae52-47bc-9465-8c0e73d37c39"},{"element-6066-11e4-a52e-4f735466cecf":"5b46582b-cdf8-4c36-8ccc-e4d15da23932"},{"element-6066-11e4-a52e-4f735466cecf":"f1dc7928-3325-4bea-9ffc-9c7b03c3a91a"},{"element-6066-11e4-a52e-4f735466cecf":"bbdf68b1-19bc-4d66-8d66-7f63c67cd71f"},{"element-6066-11e4-a52e-4f735466cecf":"0500c5ef-4abf-4c98-bb06-d66fc939ca63"},{"element-6066-11e4-a52e-4f735466cecf":"2a4a2ecc-e440-4b2f-9281-d8662a6b40d8"},{"element-6066-11e4-a52e-4f735466cecf":"7103f1df-fba2-4098-a5bd-56426d405c4c"},{"element-6066-11e4-a52e-4f735466cecf":"b2087605-c8fc-43ce-9773-43d0d41ec918"},{"element-6066-11e4-a52e-4f735466cecf":"d768bc8c-49fb-46ce-a10e-c2d82d87ae84"},{"element-6066-11e4-a52e-4f735466cecf":"f270b4b4-e627-4496-bb15-b27167ef767b"},{"element-6066-11e4-a52e-4f735466cecf":"23046bbc-dfc4-4828-8a6e-dcc0f5d3414c"},{"element-6066-11e4-a52e-4f735466cecf":"80a046b1-de57-4c03-b5ab-1d42f4215999"},{"element-6066-11e4-a52e-4f735466cecf":"fbaaf8cb-6ff5-4b19-a654-b9d0a048c362"},{"element-6066-11e4-a52e-4f735466cecf":"b56a40fe-930d-4997-993e-675aaf3cd9c8"},{"element-6066-11e4-a52e-4f735466cecf":"ff8180af-90be-4fd0-83b7-a90a35703a9a"},{"element-6066-11e4-a52e-4f735466cecf":"39775a7d-d2d1-43a8-a91b-b9d1c643bf92"},{"element-6066-11e4-a52e-4f735466cecf":"f7a723ac-c8f1-4aee-82ad-c417720e7b1a"},{"element-6066-11e4-a52e-4f735466cecf":"d1b7e399-8291-4ac0-9b02-75a3ed25fdf0"},{"element-6066-11e4-a52e-4f735466cecf":"d746bae5-bea7-4f44-a0b3-78de8c44ffed"},{"element-6066-11e4-a52e-4f735466cecf":"1fe24f52-ee79-4545-a48f-560db66d1636"},{"element-6066-11e4-a52e-4f735466cecf":"b84f725d-349a-48ca-ac1e-6b64b79177d1"},{"element-6066-11e4-a52e-4f735466cecf":"3e129d95-2365-45d7-9c6c-a2dbeb6e24da"},{"element-6066-11e4-a52e-4f735466cecf":"101f65a5-c543-460e-90a0-c9a247228648"},{"element-6066-11e4-a52e-4f735466cecf":"62dd5c0c-a108-4852-b814-1b228b930aad"},{"element-6066-11e4-a52e-4f735466cecf":"7fdb3194-b391-48aa-b89c-528bd28e29f2"},{"element-6066-11e4-a52e-4f735466cecf":"0ba25f3d-f2cc-4632-bbbe-38663198b010"},{"element-6066-11e4-a52e-4f735466cecf":"38ac47a0-1c84-4370-9098-c3dc5fbb102d"},{"element-6066-11e4-a52e-4f735466cecf":"f75e42b9-55e9-4a3e-9999-4ebb34165575"},{"element-6066-11e4-a52e-4f735466cecf":"c66bf2cc-571a-4e7b-b897-e7b29ed6cf34"},{"element-6066-11e4-a52e-4f735466cecf":"393f5fce-d302-4287-a25e-73cf7e7b6b7a"},{"element-6066-11e4-a52e-4f735466cecf":"aaf21cfc-0cf8-4304-b807-440159374735"},{"element-6066-11e4-a52e-4f735466cecf":"3f18f817-03c2-4171-8bad-4ef6a85bbe17"},{"element-6066-11e4-a52e-4f735466cecf":"5d0119fd-863c-4e6b-9339-7c8695ce1660"},{"element-6066-11e4-a52e-4f735466cecf":"7c500a8c-2150-4c89-bbdd-8cf84ed156cd"},{"element-6066-11e4-a52e-4f735466cecf":"d92d1d0c-6178-42d9-84ad-a49967e42268"},{"element-6066-11e4-a52e-4f735466cecf":"8c82f4b8-3d2e-48de-97e6-6c4df78e1793"},{"element-6066-11e4-a52e-4f735466cecf":"56de7c44-d027-49b1-870f-eb93803e8f9a"},{"element-6066-11e4-a52e-4f735466cecf":"db5c0587-2182-4d8e-b73b-79966076adc5"},{"element-6066-11e4-a52e-4f735466cecf":"afa95898-7ef0-494f-a634-1485e5dbcfd8"},{"element-6066-11e4-a52e-4f735466cecf":"cee804cd-a88d-4bdf-a7a5-ad48974586a9"},{"element-6066-11e4-a52e-4f735466cecf":"7aebdf33-ee9d-4eb6-a8d0-a991ac435d6a"},{"element-6066-11e4-a52e-4f735466cecf":"fca2ef13-0337-49e8-abdf-5b05baa4cb9e"},{"element-6066-11e4-a52e-4f735466cecf":"88f3afd4-59c0-46e3-bf61-21f3d8386b61"},{"element-6066-11e4-a52e-4f735466cecf":"0600ee09-9318-459d-a535-a5044781664e"},{"element-6066-11e4-a52e-4f735466cecf":"986bea12-8d3f-4914-be26-b1e1ab3165da"},{"element-6066-11e4-a52e-4f735466cecf":"695b48ce-86e2-401f-b3af-6f8ec4be56dd"},{"element-6066-11e4-a52e-4f735466cecf":"07f0d8de-9e6b-418e-933a-fcd530040740"},{"element-6066-11e4-a52e-4f735466cecf":"3cc5eb98-fa1d-498e-8315-bab58977ebc2"},{"element-6066-11e4-a52e-4f735466cecf":"cbe79b99-dc71-459e-a7f3-62c952780737"},{"element-6066-11e4-a52e-4f735466cecf":"2de9c3b9-8404-4499-b0fa-267be1a4cf52"},{"element-6066-11e4-a52e-4f735466cecf":"a56793c4-5956-4dd5-ad92-b282d5a0885f"},{"element-6066-11e4-a52e-4f735466cecf":"2b9991b8-4e2f-4150-92ae-8e3e8daaae52"},{"element-6066-11e4-a52e-4f735466cecf":"605b762b-a9fe-4ff2-a856-fd041c10a410"},{"element-6066-11e4-a52e-4f735466cecf":"6bc7d932-594b-4c1e-89ca-ade427550da8"},{"element-6066-11e4-a52e-4f735466cecf":"8010965e-a017-4e99-86ce-409e31b29a8a"},{"element-6066-11e4-a52e-4f735466cecf":"98b6064b-beae-419d-b3d5-7b9d161c29d5"},{"element-6066-11e4-a52e-4f735466cecf":"92851653-46ed-4341-b343-5a475b82b746"},{"element-6066-11e4-a52e-4f735466cecf":"28b15bbb-7572-4f64-accd-cb45a12c20b5"},{"element-6066-11e4-a52e-4f735466cecf":"61658c1d-ba0a-4be2-ad05-0e0ff910a6f0"},{"element-6066-11e4-a52e-4f735466cecf":"830f008b-3305-4134-9891-37601b425f15"},{"element-6066-11e4-a52e-4f735466cecf":"293aecdf-accd-42b7-8f53-4992722c053e"},{"element-6066-11e4-a52e-4f735466cecf":"f03d4fc7-f4d3-4268-98c4-157b76447b0e"},{"element-6066-11e4-a52e-4f735466cecf":"da8f8aee-762c-495c-8918-670bf0859965"},{"element-6066-11e4-a52e-4f735466cecf":"d8838a58-e961-43ab-8b78-94587bc6281d"},{"element-6066-11e4-a52e-4f735466cecf":"3285568c-dcaf-4713-a600-3f8bd244f2dd"},{"element-6066-11e4-a52e-4f735466cecf":"41b16945-de59-4a78-b349-b018f13effef"},{"element-6066-11e4-a52e-4f735466cecf":"83846ae4-df43-441a-bb07-35a12acafa47"},{"element-6066-11e4-a52e-4f735466cecf":"5a9c969c-b15e-4ef8-bb5e-b97772d3289d"},{"element-6066-11e4-a52e-4f735466cecf":"6d952d90-dc67-47b9-a590-3861fb481054"},{"element-6066-11e4-a52e-4f735466cecf":"8d6159bc-a1f2-4895-86ab-40b0e5d18966"},{"element-6066-11e4-a52e-4f735466cecf":"88341d7f-d87d-4050-b146-8d2e04e480d9"},{"element-6066-11e4-a52e-4f735466cecf":"a7ce1563-63dd-4dfb-b8f0-65739b1072f6"},{"element-6066-11e4-a52e-4f735466cecf":"3dffca57-c1df-4415-996a-97d9cd6f9ee7"},{"element-6066-11e4-a52e-4f735466cecf":"04efc64e-f1d3-439f-bb5f-511aea853a15"},{"element-6066-11e4-a52e-4f735466cecf":"19f2fb84-272f-4d54-a644-3351e9e7dbba"},{"element-6066-11e4-a52e-4f735466cecf":"0a687306-d24a-425a-9890-8d83f985bfdc"},{"element-6066-11e4-a52e-4f735466cecf":"4edb6277-d39a-4c0d-b38e-d28d0e2caeed"},{"element-6066-11e4-a52e-4f735466cecf":"9efd9e5c-4387-41bf-98e0-5a087d4490e0"},{"element-6066-11e4-a52e-4f735466cecf":"b0310889-8e2c-42a6-b4d8-6617006e3ccb"},{"element-6066-11e4-a52e-4f735466cecf":"401d7c03-f5b3-443b-80eb-944b3dd010a9"},{"element-6066-11e4-a52e-4f735466cecf":"20db0ee8-3c3b-4f21-81de-fe1684b8e5c5"},{"element-6066-11e4-a52e-4f735466cecf":"e7627c49-1d6e-44f5-8501-6fac59fe5af8"},{"element-6066-11e4-a52e-4f735466cecf":"6abafef6-319a-4a79-a086-011f58b7ccc7"},{"element-6066-11e4-a52e-4f735466cecf":"f12b8b23-a64a-4b14-9f0c-91d566dbf957"},{"element-6066-11e4-a52e-4f735466cecf":"70931dde-ab29-4739-8774-c783001f6c0a"},{"element-6066-11e4-a52e-4f735466cecf":"b6d509ed-b1a5-4f5a-bb99-23c141db9be7"},{"element-6066-11e4-a52e-4f735466cecf":"d5d0482e-a14e-42fa-b960-7f1cd07ffca0"},{"element-6066-11e4-a52e-4f735466cecf":"7f928821-22e3-418e-9cc4-0d4fe0be83b4"},{"element-6066-11e4-a52e-4f735466cecf":"76b5696f-46b6-461f-9ca4-4d27c0a6ef9e"},{"element-6066-11e4-a52e-4f735466cecf":"bfd6d610-dd15-47e1-81a7-61dd34e08f9d"},{"element-6066-11e4-a52e-4f735466cecf":"157939fd-43a2-4b6b-ad49-ea5f936ddeb3"},{"element-6066-11e4-a52e-4f735466cecf":"1804404d-348a-462e-8e63-3fb7b126544d"},{"element-6066-11e4-a52e-4f735466cecf":"227ed7dc-30a4-465b-9263-09bec4680a59"},{"element-6066-11e4-a52e-4f735466cecf":"81cf146b-e2d9-4c3b-b181-31a645d826b8"},{"element-6066-11e4-a52e-4f735466cecf":"e0a60a16-f0d3-4341-93a6-ed96237e6e47"},{"element-6066-11e4-a52e-4f735466cecf":"abec6b58-a7f5-4d01-8446-44d3ff439324"},{"element-6066-11e4-a52e-4f735466cecf":"b5cc77a7-89d8-45ee-b642-21b234ac8b6f"},{"element-6066-11e4-a52e-4f735466cecf":"00660aea-46ed-4f5e-9674-52002143ba4e"},{"element-6066-11e4-a52e-4f735466cecf":"f8e5fb39-40f2-48ca-925a-22a8abc41933"},{"element-6066-11e4-a52e-4f735466cecf":"a993a0c2-9a69-49e8-8c11-d20abb5e2d37"},{"element-6066-11e4-a52e-4f735466cecf":"303b4143-171d-4b1a-8ff1-e77976558826"},{"element-6066-11e4-a52e-4f735466cecf":"6b3b54bd-2496-4524-9009-9bdcd5ef6f6c"},{"element-6066-11e4-a52e-4f735466cecf":"ab2c4644-d579-47eb-aa58-1f0f54c036f9"},{"element-6066-11e4-a52e-4f735466cecf":"18bfd54f-2b39-4fc1-826a-78c0bc32cb0f"},{"element-6066-11e4-a52e-4f735466cecf":"a698c2a1-dc9a-483d-bc18-c12e843c8369"},{"element-6066-11e4-a52e-4f735466cecf":"a8a7ec2c-c627-4bcf-87d5-3b63399373e6"},{"element-6066-11e4-a52e-4f735466cecf":"fcc9d00d-63e0-4d39-9743-bb9c8e84d5ea"},{"element-6066-11e4-a52e-4f735466cecf":"3ac9eea7-3b10-4c44-b7b3-805fe0d14088"},{"element-6066-11e4-a52e-4f735466cecf":"748173a9-f51e-4eaa-a019-0a420acbe6a8"},{"element-6066-11e4-a52e-4f735466cecf":"6d5021d6-1110-48ff-8bb7-33b61a123f22"},{"element-6066-11e4-a52e-4f735466cecf":"0a79a293-7bdd-43bb-a009-348adf673a36"},{"element-6066-11e4-a52e-4f735466cecf":"c34c951b-49b6-438c-8507-9dc368731a53"},{"element-6066-11e4-a52e-4f735466cecf":"dfa8e368-6cf4-4400-af45-a25461c4ae34"},{"element-6066-11e4-a52e-4f735466cecf":"44da80d9-f31a-49cf-bb20-1f1f9163d220"},{"element-6066-11e4-a52e-4f735466cecf":"ac8e2770-dfb3-44a1-8f70-cd41863f540e"},{"element-6066-11e4-a52e-4f735466cecf":"e758ac1e-ed9a-4808-9b03-bab33bf28902"},{"element-6066-11e4-a52e-4f735466cecf":"024e19cb-bd16-4bf0-b5f4-e08ac203d0e3"},{"element-6066-11e4-a52e-4f735466cecf":"c7879aed-fc36-48a7-b3c8-7adf20a0b60b"},{"element-6066-11e4-a52e-4f735466cecf":"0484257c-b273-4929-8fab-79c78ce10427"},{"element-6066-11e4-a52e-4f735466cecf":"ff2c582a-4f11-470c-8181-eb48dcadd13a"},{"element-6066-11e4-a52e-4f735466cecf":"edbd0b53-8540-4fae-82be-9108694c1e8e"},{"element-6066-11e4-a52e-4f735466cecf":"a723c98f-8967-47da-9175-bde3602d88dc"},{"element-6066-11e4-a52e-4f735466cecf":"5893809e-8f42-422f-8a09-09c1a807db02"},{"element-6066-11e4-a52e-4f735466cecf":"555da208-7ace-48d7-bd64-b64f1b4529a5"},{"element-6066-11e4-a52e-4f735466cecf":"73aea495-7b81-48a6-a983-039f0036b3b5"},{"element-6066-11e4-a52e-4f735466cecf":"577de60d-c5f1-4b3d-937e-49f8f6db3a78"},{"element-6066-11e4-a52e-4f735466cecf":"518bbfff-51f8-4723-ae4f-c805cbfa6937"},{"element-6066-11e4-a52e-4f735466cecf":"b2a90a50-fcb0-4b12-877e-32f111f6b44d"},{"element-6066-11e4-a52e-4f735466cecf":"e29f540c-458d-40ae-90b6-8723a00ffef2"},{"element-6066-11e4-a52e-4f735466cecf":"e83d4c5c-d171-4dda-8d04-79212830d18b"},{"element-6066-11e4-a52e-4f735466cecf":"80850036-572f-4140-8543-ca6b4e60af8b"},{"element-6066-11e4-a52e-4f735466cecf":"4b87dc97-5c52-42fd-a060-c71013a06beb"},{"element-6066-11e4-a52e-4f735466cecf":"08082815-1db6-4d8c-9575-305bdcd11593"},{"element-6066-11e4-a52e-4f735466cecf":"0cf75906-ed05-42ad-a490-c35c3b576c9b"},{"element-6066-11e4-a52e-4f735466cecf":"f08aa4ef-d01f-48d1-a379-5b7b42bde461"},{"element-6066-11e4-a52e-4f735466cecf":"f0d63bce-6efe-4091-851e-280556199f51"},{"element-6066-11e4-a52e-4f735466cecf":"31dccadb-fbe5-407d-83ad-2067618bb0f3"},{"element-6066-11e4-a52e-4f735466cecf":"2c196c08-44b6-45de-a2da-02e6c24b592e"},{"element-6066-11e4-a52e-4f735466cecf":"5054bfb5-37ff-4f06-90bf-7c76b4c38685"},{"element-6066-11e4-a52e-4f735466cecf":"1419d09d-b0ee-450e-bcfa-acd0f1863a12"},{"element-6066-11e4-a52e-4f735466cecf":"2e9f9e5f-3043-41f9-9e79-8385dcb7409e"},{"element-6066-11e4-a52e-4f735466cecf":"75cf8f4d-c020-4ec5-b17d-1a5756d1e59a"},{"element-6066-11e4-a52e-4f735466cecf":"16919d31-fdda-43c6-8cbc-250d0ef2c2ee"},{"element-6066-11e4-a52e-4f735466cecf":"93d5f6e7-54dc-4748-a98d-3716ab407677"},{"element-6066-11e4-a52e-4f735466cecf":"0805f950-09db-4d7d-89e0-67a32612977a"},{"element-6066-11e4-a52e-4f735466cecf":"340530c1-3433-4fa3-a9be-6fd991d97db5"},{"element-6066-11e4-a52e-4f735466cecf":"5ecdb96a-80eb-4ab6-937c-a9ef0d2d286b"},{"element-6066-11e4-a52e-4f735466cecf":"53c4bb4b-6d29-4f0f-b4d3-d094e78f68fe"},{"element-6066-11e4-a52e-4f735466cecf":"28dd8e51-91a3-4934-b78b-b2eb7de34726"},{"element-6066-11e4-a52e-4f735466cecf":"f07b1daf-a179-4846-a27a-10d7499fbad4"},{"element-6066-11e4-a52e-4f735466cecf":"dffc2bc6-d3f4-4270-a76c-e20a435a99dc"},{"element-6066-11e4-a52e-4f735466cecf":"c3ccbfa2-9e8b-44a3-8364-46098f4b7429"},{"element-6066-11e4-a52e-4f735466cecf":"982621b0-cc57-447b-9b84-7857767520f0"},{"element-6066-11e4-a52e-4f735466cecf":"374726e0-5499-4c5a-bb0f-9a1b34bef8f3"},{"element-6066-11e4-a52e-4f735466cecf":"755a65ab-180f-472d-bfb3-fe3a2d9f78dc"},{"element-6066-11e4-a52e-4f735466cecf":"4ad0215a-e7fb-481f-94b9-6e7880410684"},{"element-6066-11e4-a52e-4f735466cecf":"705fd181-7911-436f-b40f-b1a4d102ca64"},{"element-6066-11e4-a52e-4f735466cecf":"89c0d7d3-3173-4a7d-b646-efd69239b912"},{"element-6066-11e4-a52e-4f735466cecf":"3a57c3c7-062a-4f5e-903e-39b8f425a88c"},{"element-6066-11e4-a52e-4f735466cecf":"8c507006-1229-4d69-bd8a-abbfce083826"},{"element-6066-11e4-a52e-4f735466cecf":"584e45b7-1295-4543-a25c-c754ecfad5fb"},{"element-6066-11e4-a52e-4f735466cecf":"3b9f2ead-70c8-4f97-b0d5-91bc52819026"},{"element-6066-11e4-a52e-4f735466cecf":"404339b2-27a6-498b-b9cc-dee7ae6c30bc"},{"element-6066-11e4-a52e-4f735466cecf":"3d4f10ad-4f0e-4daf-8b26-e0347f25c19b"},{"element-6066-11e4-a52e-4f735466cecf":"bbb619d0-6238-4098-b753-76b360d0d766"},{"element-6066-11e4-a52e-4f735466cecf":"4fc0756e-94ef-425a-847a-19e0da6392b5"},{"element-6066-11e4-a52e-4f735466cecf":"7cd0b265-7727-4fc0-96fc-ba9f81402b98"},{"element-6066-11e4-a52e-4f735466cecf":"3feed112-b14b-40a9-bceb-213bbff71a1e"},{"element-6066-11e4-a52e-4f735466cecf":"e5e8358c-af30-45f9-867d-de9852f2abb7"},{"element-6066-11e4-a52e-4f735466cecf":"88961d77-8464-4890-ad69-88608871af9b"},{"element-6066-11e4-a52e-4f735466cecf":"eef1bce8-cc53-47bf-a45f-17531383b67c"},{"element-6066-11e4-a52e-4f735466cecf":"a351f657-673b-48e7-ae79-c557e235be39"},{"element-6066-11e4-a52e-4f735466cecf":"b60084f4-6bf3-4140-9923-692bcf13138e"},{"element-6066-11e4-a52e-4f735466cecf":"d9d05bf8-7490-4cca-8651-a34e603ba092"},{"element-6066-11e4-a52e-4f735466cecf":"ef159bd9-5bbd-4705-b0cc-535b79db312d"},{"element-6066-11e4-a52e-4f735466cecf":"17be3747-b0cd-4ca7-a19b-f81288166ad6"},{"element-6066-11e4-a52e-4f735466cecf":"d7062b6c-9879-4665-88f9-38702a7165d4"},{"element-6066-11e4-a52e-4f735466cecf":"9aa07661-3d26-4277-8ed2-a56fecc89af1"},{"element-6066-11e4-a52e-4f735466cecf":"fdd425d7-bd43-4e2a-90b6-d1db29157b95"},{"element-6066-11e4-a52e-4f735466cecf":"dd29ed88-2ac1-4343-aae8-c42b9add91ee"},{"element-6066-11e4-a52e-4f735466cecf":"256d53f8-1e4d-41ea-b595-4b7d9a71f1d9"},{"element-6066-11e4-a52e-4f735466cecf":"0340aab0-d74e-4d28-98fd-cd21cccafae4"},{"element-6066-11e4-a52e-4f735466cecf":"d6520b5d-9744-484d-a95b-c7505c143532"},{"element-6066-11e4-a52e-4f735466cecf":"f67d4747-b625-4621-9503-69cab172f199"},{"element-6066-11e4-a52e-4f735466cecf":"5b6a7780-27da-4f2f-8d14-8061b983e49b"},{"element-6066-11e4-a52e-4f735466cecf":"f4b87b38-5c57-45f6-8a10-7747884bfcbb"},{"element-6066-11e4-a52e-4f735466cecf":"036f0106-d578-484b-b5ed-67f8635e60f0"},{"element-6066-11e4-a52e-4f735466cecf":"0169eb80-ad6a-445a-99a0-0c20bfb23cb1"},{"element-6066-11e4-a52e-4f735466cecf":"8e0e28a3-f3b1-4663-b942-74efa4cdd29f"},{"element-6066-11e4-a52e-4f735466cecf":"cd1aa539-0298-4d93-a130-cdcc31d4bad2"},{"element-6066-11e4-a52e-4f735466cecf":"d786a8c0-30ae-44e7-b3f9-ee843db19eeb"},{"element-6066-11e4-a52e-4f735466cecf":"ec326fed-c1be-430e-b0e3-3808ee4f7644"},{"element-6066-11e4-a52e-4f735466cecf":"f9622aef-dd5c-4d3d-b9f5-b09db631b8f0"},{"element-6066-11e4-a52e-4f735466cecf":"e3b90d07-9111-4a57-9b6b-9a22706225a2"},{"element-6066-11e4-a52e-4f735466cecf":"9bb06bc7-1abf-4f78-bdae-b05ffdca9e9a"},{"element-6066-11e4-a52e-4f735466cecf":"8597b7c8-7744-442f-ada5-58d670ac5cd0"},{"element-6066-11e4-a52e-4f735466cecf":"ea6bf4a9-eeff-46fb-b456-e87540e85c98"},{"element-6066-11e4-a52e-4f735466cecf":"d518f8d0-367a-4aed-87dc-4cba359260e7"},{"element-6066-11e4-a52e-4f735466cecf":"9c8c3e1f-0199-4337-a722-fa679a6e885f"},{"element-6066-11e4-a52e-4f735466cecf":"99295c43-9064-4167-8014-168fc678b136"},{"element-6066-11e4-a52e-4f735466cecf":"84573b62-a5a6-43c8-87b5-d7e6bafef16b"},{"element-6066-11e4-a52e-4f735466cecf":"de7eade9-bd73-49da-921c-2669f24e1fb4"},{"element-6066-11e4-a52e-4f735466cecf":"7a3a1614-e43f-4f6d-abd4-fa1cf4b126eb"},{"element-6066-11e4-a52e-4f735466cecf":"189b2ec9-2e50-481d-b4a6-6170e2ab3fa7"},{"element-6066-11e4-a52e-4f735466cecf":"00c472dc-3d4c-4945-b5a3-bcdc7cfcde79"},{"element-6066-11e4-a52e-4f735466cecf":"af27b30c-8cb2-4274-aa66-32d183ff1a8b"},{"element-6066-11e4-a52e-4f735466cecf":"3c8e49c1-8acd-41d5-b194-265a9d9b1e52"},{"element-6066-11e4-a52e-4f735466cecf":"ea1755dc-fa99-4537-90f9-53fd8d869293"},{"element-6066-11e4-a52e-4f735466cecf":"20de43b1-60e1-4aff-89d7-226258d8be86"},{"element-6066-11e4-a52e-4f735466cecf":"4d2d634c-9f18-46e1-91a9-1318d57ba0ad"},{"element-6066-11e4-a52e-4f735466cecf":"1c274324-d3d9-4bbc-9a5a-f56a24cdc5ba"},{"element-6066-11e4-a52e-4f735466cecf":"5b62154a-910e-4f3b-ba0e-4be198d25610"},{"element-6066-11e4-a52e-4f735466cecf":"06a63bd4-f4fa-4e9c-aa1f-89bb54fec4fd"},{"element-6066-11e4-a52e-4f735466cecf":"9727ba12-88ff-4e70-9d87-409fc61e24d3"},{"element-6066-11e4-a52e-4f735466cecf":"0be83405-d1e5-489a-af1f-9d25a6ac5d9f"},{"element-6066-11e4-a52e-4f735466cecf":"ad1fb9d3-47a9-4631-ab73-3e65ffc562b5"},{"element-6066-11e4-a52e-4f735466cecf":"3db22bf6-17db-4c31-833d-3e44984434a9"},{"element-6066-11e4-a52e-4f735466cecf":"e94f3459-ae34-4c51-869f-8fb493d247ca"},{"element-6066-11e4-a52e-4f735466cecf":"a5ea2de2-0422-443a-a735-c49caea164a3"},{"element-6066-11e4-a52e-4f735466cecf":"6d89ce28-a376-475c-a3fe-324d69d96c21"},{"element-6066-11e4-a52e-4f735466cecf":"5e1ff420-55ab-4e49-a406-2583afcf56ab"},{"element-6066-11e4-a52e-4f735466cecf":"0917b625-43bf-45f8-bd91-1f1269258085"},{"element-6066-11e4-a52e-4f735466cecf":"b717dcd2-d61a-4388-a3cf-37daa8fc4612"},{"element-6066-11e4-a52e-4f735466cecf":"fb246eee-1d5e-4fc2-bf76-f4c6b4230792"},{"element-6066-11e4-a52e-4f735466cecf":"414c2c66-a5c3-46c0-ae8a-5f0a1f26a3d1"},{"element-6066-11e4-a52e-4f735466cecf":"4195a57e-fe79-4ed5-843f-8ef239ce8407"},{"element-6066-11e4-a52e-4f735466cecf":"aa8428a9-4837-425f-9bba-b4268ea5a66f"},{"element-6066-11e4-a52e-4f735466cecf":"8487fbe1-6395-4be0-a67e-8d2f28d10da2"},{"element-6066-11e4-a52e-4f735466cecf":"003cd551-4843-4bb3-aa0b-61840ff6574e"},{"element-6066-11e4-a52e-4f735466cecf":"1710c060-9e86-408b-a0b7-571a28a2f80d"},{"element-6066-11e4-a52e-4f735466cecf":"82b27671-227c-4329-a2bd-8be6614a1b72"},{"element-6066-11e4-a52e-4f735466cecf":"7c1514b7-f2e1-4d4c-99f2-a150a471954b"},{"element-6066-11e4-a52e-4f735466cecf":"be5d6ddb-295f-424e-9ecb-cf2116a84272"},{"element-6066-11e4-a52e-4f735466cecf":"1ba5a1d0-5bd9-4c40-8499-9b4593e910fc"},{"element-6066-11e4-a52e-4f735466cecf":"58d0374a-aaed-47e3-9c89-e876dd44e484"},{"element-6066-11e4-a52e-4f735466cecf":"e7c68d3d-8497-473f-ba6a-5a5c4fa10574"},{"element-6066-11e4-a52e-4f735466cecf":"ab3c22e1-870e-41f7-b1a0-c449ea96d0e9"},{"element-6066-11e4-a52e-4f735466cecf":"268df03b-12d2-446a-91ba-3eba87496fda"},{"element-6066-11e4-a52e-4f735466cecf":"1b499783-0194-4155-96c3-a6721dcc5f97"},{"element-6066-11e4-a52e-4f735466cecf":"fd22fadf-f9c9-496a-af9d-402852636d33"},{"element-6066-11e4-a52e-4f735466cecf":"6b939c81-25b8-4d61-9cd6-0e740e27a199"},{"element-6066-11e4-a52e-4f735466cecf":"409a8c94-629d-4bac-8b7a-0acd3c3829ea"},{"element-6066-11e4-a52e-4f735466cecf":"54679121-59c0-4390-b908-b34119d0e54e"},{"element-6066-11e4-a52e-4f735466cecf":"9b769410-dc05-4e0b-a93c-0de2eba7cb43"},{"element-6066-11e4-a52e-4f735466cecf":"7f62821e-d89d-409d-ba36-16f6233ee38f"},{"element-6066-11e4-a52e-4f735466cecf":"6bbb1e82-8ceb-4d95-bacd-c7ce16abeb78"},{"element-6066-11e4-a52e-4f735466cecf":"138fa3fb-7c1b-4cb8-abaa-23ee07e9513c"},{"element-6066-11e4-a52e-4f735466cecf":"411f62b5-4a91-4ef5-b471-111c94c1a1d5"},{"element-6066-11e4-a52e-4f735466cecf":"229ceee8-fa3e-4139-932e-0210002d5ddd"},{"element-6066-11e4-a52e-4f735466cecf":"76ad5a9d-03f8-4eed-bb9c-4565acb38b36"},{"element-6066-11e4-a52e-4f735466cecf":"92a2d9d6-bf10-4c01-bd7c-81c52f186709"},{"element-6066-11e4-a52e-4f735466cecf":"3d3886d1-fca6-4dd1-9a48-4d681cf9485e"},{"element-6066-11e4-a52e-4f735466cecf":"ccb69061-a3b4-43af-b824-8dc73a9fbf32"},{"element-6066-11e4-a52e-4f735466cecf":"e09c8b42-3128-4388-91b8-99a8c9f8c3f7"},{"element-6066-11e4-a52e-4f735466cecf":"74dee087-227f-45e2-bbac-ed94768e39a3"},{"element-6066-11e4-a52e-4f735466cecf":"a74123ec-e0a4-4c19-87f5-c068b9323050"},{"element-6066-11e4-a52e-4f735466cecf":"2455b2c7-e913-4a77-a449-0f55372e4f32"},{"element-6066-11e4-a52e-4f735466cecf":"5a45350f-df91-48c6-be09-7caaf3d06801"},{"element-6066-11e4-a52e-4f735466cecf":"e19c1fb6-06b9-4fed-97ab-bbcfdd0569be"}]} | headers=HTTPHeaderDict({'Content-Length': '181237', 'Content-Type': 'application/json; charset=utf-8', 'cache-control': 'no-cache'})
DEBUG    2022-05-28 23:26:04 selenium.webdriver.remote.remote_connection::remote_connection.py:_request:412: Finished Request
DEBUG    2022-05-28 23:26:04 selenium.webdriver.remote.remote_connection::remote_connection.py:_request:361: POST http://localhost:10357/session/74d91dc8444d98b8ca7f6b50a37bd15c/elements {"using": "xpath", "value": "//div[@class='item clearfix']"}
DEBUG    2022-05-28 23:26:05 urllib3.connectionpool::connectionpool.py:_make_request:456: http://localhost:10357 "POST /session/74d91dc8444d98b8ca7f6b50a37bd15c/elements HTTP/1.1" 200 181237
DEBUG    2022-05-28 23:26:05 selenium.webdriver.remote.remote_connection::remote_connection.py:_request:383: Remote response: status=200 | data={"value":[{"element-6066-11e4-a52e-4f735466cecf":"49fb8ad1-81ab-40c2-8dd6-0a63ba1b070a"},{"element-6066-11e4-a52e-4f735466cecf":"d8af3764-2e86-410e-8e14-a56616b25a7a"},{"element-6066-11e4-a52e-4f735466cecf":"6ead1b2a-77a7-41e4-9a8c-d43e0d529e36"},{"element-6066-11e4-a52e-4f735466cecf":"5e9bad1b-2b74-4c8c-91ac-8ba795e43ddb"},{"element-6066-11e4-a52e-4f735466cecf":"6140bb4d-317d-4fb5-93d2-783e26af15f8"},{"element-6066-11e4-a52e-4f735466cecf":"5d5b4d0c-1fb0-4cda-8438-07ed99ccc168"},{"element-6066-11e4-a52e-4f735466cecf":"d0d4ab13-b966-4ca0-ad61-637a48cc7f61"},{"element-6066-11e4-a52e-4f735466cecf":"2ffcf3b7-e7fb-48c2-880c-9ddd7ef90e4e"},{"element-6066-11e4-a52e-4f735466cecf":"98989cee-d7f2-425a-842d-98cb38b42945"},{"element-6066-11e4-a52e-4f735466cecf":"72c85661-b341-4a13-8c73-8039830ec7ac"},{"element-6066-11e4-a52e-4f735466cecf":"227f0687-01ae-4539-a8b3-2ba1f0efc1e8"},{"element-6066-11e4-a52e-4f735466cecf":"459d68f1-7dc0-4ae5-8998-b04d5df8e21d"},{"element-6066-11e4-a52e-4f735466cecf":"4963affd-c0cf-4a8d-97cc-6b0526b37fd5"},{"element-6066-11e4-a52e-4f735466cecf":"2bfb513b-fcf7-4b1f-a19c-38c557c99ae3"},{"element-6066-11e4-a52e-4f735466cecf":"4bed9527-b1f3-4638-8036-05444e3a3ebf"},{"element-6066-11e4-a52e-4f735466cecf":"4d7fb01d-eb59-4a7e-95f4-d96324271c2f"},{"element-6066-11e4-a52e-4f735466cecf":"924b29eb-ddd0-405c-908d-994be6a7300b"},{"element-6066-11e4-a52e-4f735466cecf":"520a0fdb-7fa5-4fd2-9293-f193b4e6a5b7"},{"element-6066-11e4-a52e-4f735466cecf":"b55c3f96-96f7-439b-9399-20447e81983b"},{"element-6066-11e4-a52e-4f735466cecf":"dc79348a-c845-4099-8c2e-cb5aa465aa59"},{"element-6066-11e4-a52e-4f735466cecf":"9e98d287-cce4-4c35-bd8b-d0ad3c1174f2"},{"element-6066-11e4-a52e-4f735466cecf":"ec287a2f-85d6-4d79-abf1-f5b47bdce650"},{"element-6066-11e4-a52e-4f735466cecf":"fa4675de-1c48-457e-97fa-831fff235dc2"},{"element-6066-11e4-a52e-4f735466cecf":"cfdfe65e-d887-4b3c-9ab0-d7c6c48ec258"},{"element-6066-11e4-a52e-4f735466cecf":"88673d61-9a84-4da7-a47e-a05e9f8b8c4e"},{"element-6066-11e4-a52e-4f735466cecf":"c2bd2c9d-a786-40af-8570-ba7e0e1feb79"},{"element-6066-11e4-a52e-4f735466cecf":"5d592951-148f-4163-8baa-b985d55f3b7b"},{"element-6066-11e4-a52e-4f735466cecf":"6e9c7497-7bc2-4cdf-a2cc-ce442bc45112"},{"element-6066-11e4-a52e-4f735466cecf":"072e1816-746d-4bb5-9a91-14a973bb37c7"},{"element-6066-11e4-a52e-4f735466cecf":"baf6b0ba-dc13-4aca-a45c-a69b11174284"},{"element-6066-11e4-a52e-4f735466cecf":"b9d68648-ac59-41b6-b111-0bad570732dc"},{"element-6066-11e4-a52e-4f735466cecf":"6aed07c3-866c-448a-9508-34e30067acfe"},{"element-6066-11e4-a52e-4f735466cecf":"5f60aba0-73da-4598-bc58-feed4a8a3688"},{"element-6066-11e4-a52e-4f735466cecf":"a5468964-3b5c-436f-950a-9a7b669c6e65"},{"element-6066-11e4-a52e-4f735466cecf":"2d5fde12-0223-4dcb-8217-0119b0d17bef"},{"element-6066-11e4-a52e-4f735466cecf":"c721ecb9-1b42-46b2-9a2e-839237f437fc"},{"element-6066-11e4-a52e-4f735466cecf":"f40bab04-e56d-4f89-b105-c29bff4fa04d"},{"element-6066-11e4-a52e-4f735466cecf":"81257c1c-2db6-4572-87c6-884b3460c881"},{"element-6066-11e4-a52e-4f735466cecf":"c6e27b97-a70a-4153-a3e3-402ce7bdd4d5"},{"element-6066-11e4-a52e-4f735466cecf":"b73a1b7a-dc19-43e5-ad79-aa68ce2a6c21"},{"element-6066-11e4-a52e-4f735466cecf":"eba43895-b0f2-428d-baa9-dbcf859b9e6f"},{"element-6066-11e4-a52e-4f735466cecf":"66a5f39f-07e6-4cbd-87cf-d6d213d1dd54"},{"element-6066-11e4-a52e-4f735466cecf":"1e11de3c-d7a3-4015-9323-ad0df7f1133b"},{"element-6066-11e4-a52e-4f735466cecf":"3ff27526-52d2-4f58-84e2-b6ff75ed2e32"},{"element-6066-11e4-a52e-4f735466cecf":"13dfac8b-e613-4abe-83ab-c7c43ff84690"},{"element-6066-11e4-a52e-4f735466cecf":"c6d43894-9621-4007-9d65-9b51ececd122"},{"element-6066-11e4-a52e-4f735466cecf":"e62b2df1-65f3-48aa-aa4b-bd2de0142483"},{"element-6066-11e4-a52e-4f735466cecf":"4f48059b-6cb6-4398-a887-2747a17d781b"},{"element-6066-11e4-a52e-4f735466cecf":"4641865b-2c2d-47ca-9282-88cd46d8b688"},{"element-6066-11e4-a52e-4f735466cecf":"3c66bccd-c10a-41aa-bf10-18d0baf2fdfa"},{"element-6066-11e4-a52e-4f735466cecf":"cbf314f0-eb9b-4cfb-b231-4450ab89260c"},{"element-6066-11e4-a52e-4f735466cecf":"20738932-4705-4158-9bd0-210370594ef5"},{"element-6066-11e4-a52e-4f735466cecf":"3cfc6f3f-b115-40cc-84bf-35d4d8dd7405"},{"element-6066-11e4-a52e-4f735466cecf":"e1e9a6ab-27bd-4d23-a5e9-f402c0136339"},{"element-6066-11e4-a52e-4f735466cecf":"5c906c37-e29b-4788-9dc5-b0703f0a57d9"},{"element-6066-11e4-a52e-4f735466cecf":"4b84e488-cf50-43a2-aeaa-706c86f19175"},{"element-6066-11e4-a52e-4f735466cecf":"fd97aeea-cfe0-4341-bd37-1f9db52e96ba"},{"element-6066-11e4-a52e-4f735466cecf":"311529b0-5abc-4f7c-9a88-b828ac968ca7"},{"element-6066-11e4-a52e-4f735466cecf":"27ca9252-2637-4104-a718-a914b8a60d5d"},{"element-6066-11e4-a52e-4f735466cecf":"0d84528d-e403-4460-b6f8-da060139184d"},{"element-6066-11e4-a52e-4f735466cecf":"1ad509b9-168e-427a-a42b-e2fa27f58cb4"},{"element-6066-11e4-a52e-4f735466cecf":"1c7eb349-6c15-4501-b1bd-733ac6400dc7"},{"element-6066-11e4-a52e-4f735466cecf":"2b559d5c-1a12-4d61-98b4-a0074221b6cc"},{"element-6066-11e4-a52e-4f735466cecf":"8c5a89eb-2fd6-41f9-aef3-c5e88f32985b"},{"element-6066-11e4-a52e-4f735466cecf":"b3a1a0e2-4b0c-4a10-80f3-b24de665c6b3"},{"element-6066-11e4-a52e-4f735466cecf":"ba4f7295-249f-451b-811f-79dca7cd79bd"},{"element-6066-11e4-a52e-4f735466cecf":"e51bc1c3-bd19-4a62-b7d2-a87a57bd78c9"},{"element-6066-11e4-a52e-4f735466cecf":"862e947c-fdcf-4566-bdfc-375f3c21924d"},{"element-6066-11e4-a52e-4f735466cecf":"52afeef4-b776-42e4-b70e-c42808a3675c"},{"element-6066-11e4-a52e-4f735466cecf":"74b797e3-96f9-4662-a882-5b658747394b"},{"element-6066-11e4-a52e-4f735466cecf":"dfcf180d-c629-4f83-92eb-88cde3b910d1"},{"element-6066-11e4-a52e-4f735466cecf":"8c02084d-edc0-4fbc-bfb5-63158fb8b628"},{"element-6066-11e4-a52e-4f735466cecf":"a27c8a92-6492-4d14-a3a0-ac65c15de9cf"},{"element-6066-11e4-a52e-4f735466cecf":"02d7f65c-596d-491c-a3b0-ad47d0319d07"},{"element-6066-11e4-a52e-4f735466cecf":"9b574597-1813-4ea0-a982-893b90e03e62"},{"element-6066-11e4-a52e-4f735466cecf":"c0e1e9fd-f2f4-4d92-ad35-e66a36097345"},{"element-6066-11e4-a52e-4f735466cecf":"cdf58869-d034-4ccb-9b26-59d91cd36457"},{"element-6066-11e4-a52e-4f735466cecf":"56ae82f2-60da-46c9-bce8-dbfb01f17fce"},{"element-6066-11e4-a52e-4f735466cecf":"19e7e882-b8ef-4602-b949-a4304e03d396"},{"element-6066-11e4-a52e-4f735466cecf":"884691f5-af9e-44cd-80a3-5c36a932b7d6"},{"element-6066-11e4-a52e-4f735466cecf":"823676d9-527e-4361-819d-38f8fd199c0b"},{"element-6066-11e4-a52e-4f735466cecf":"ed7be53f-7406-48bd-875c-06cf8295bf60"},{"element-6066-11e4-a52e-4f735466cecf":"16301594-5c04-4d2c-8c75-f6ed54f8a81d"},{"element-6066-11e4-a52e-4f735466cecf":"41030e10-6813-44ec-a222-055ba8d10a5a"},{"element-6066-11e4-a52e-4f735466cecf":"31665c8c-d2ad-477b-b4fe-cf19af780f3a"},{"element-6066-11e4-a52e-4f735466cecf":"070c27b8-0423-43a4-a068-05fbeecd51e4"},{"element-6066-11e4-a52e-4f735466cecf":"39b35848-2503-4139-ae33-b3d93dbc75a3"},{"element-6066-11e4-a52e-4f735466cecf":"48831b68-0af2-4121-a879-8c8d777bb397"},{"element-6066-11e4-a52e-4f735466cecf":"3c78caf6-d3f2-4b7b-97b1-b3466a10e6c4"},{"element-6066-11e4-a52e-4f735466cecf":"c2cd66b3-084e-4cee-ba93-1d086f2c8ae9"},{"element-6066-11e4-a52e-4f735466cecf":"07d1a6d8-a3a0-4826-858c-0a1ee26ef0be"},{"element-6066-11e4-a52e-4f735466cecf":"1be65084-bd92-4770-9aab-cdcef2dd2152"},{"element-6066-11e4-a52e-4f735466cecf":"37b1c30f-889b-405d-ad0d-e2f0a530057e"},{"element-6066-11e4-a52e-4f735466cecf":"4588b4b2-c182-4421-bf09-c1abf7d45d84"},{"element-6066-11e4-a52e-4f735466cecf":"6a01a05d-d093-4c1a-b3c6-35b27dd7c280"},{"element-6066-11e4-a52e-4f735466cecf":"fea4648a-7d7d-4e12-b609-3880d3322375"},{"element-6066-11e4-a52e-4f735466cecf":"5359e567-b991-4bb2-9a93-daa49071d979"},{"element-6066-11e4-a52e-4f735466cecf":"4b65e513-6f63-43a5-b7bb-46757b8f815a"},{"element-6066-11e4-a52e-4f735466cecf":"0f646ffe-54c0-4036-87f9-d56257d74308"},{"element-6066-11e4-a52e-4f735466cecf":"67ffdd43-3377-4ab6-add5-b191637e8ed8"},{"element-6066-11e4-a52e-4f735466cecf":"eddcf085-c4bc-4290-9777-904167cee585"},{"element-6066-11e4-a52e-4f735466cecf":"5775fa41-bf04-46d4-99b8-6d728e631205"},{"element-6066-11e4-a52e-4f735466cecf":"ea22dbbf-206f-4ac2-8825-07cf6799d402"},{"element-6066-11e4-a52e-4f735466cecf":"7b0f14f2-41b3-4cd0-a3fe-61d18d476375"},{"element-6066-11e4-a52e-4f735466cecf":"125cb0db-c76b-46b1-bb57-a6c2c4299f38"},{"element-6066-11e4-a52e-4f735466cecf":"b6947b02-bfbe-438e-9c95-8d7c73c45fa9"},{"element-6066-11e4-a52e-4f735466cecf":"1ec67223-fb42-4d82-bfb5-9170143ab64b"},{"element-6066-11e4-a52e-4f735466cecf":"40de5f38-78df-4a10-aac6-cb93a510341d"},{"element-6066-11e4-a52e-4f735466cecf":"beafacdb-db5b-4777-9982-55988333b226"},{"element-6066-11e4-a52e-4f735466cecf":"f33142c6-c548-4cd8-a1d6-e5e599319431"},{"element-6066-11e4-a52e-4f735466cecf":"968413c0-edb3-479f-94a2-3a820767b5ca"},{"element-6066-11e4-a52e-4f735466cecf":"656e7a62-db3b-4167-957e-2696f12cec02"},{"element-6066-11e4-a52e-4f735466cecf":"ac44fc07-c892-4389-92dc-d635e9a8262d"},{"element-6066-11e4-a52e-4f735466cecf":"d47fb375-194d-4ebc-9020-b7959f5a7e50"},{"element-6066-11e4-a52e-4f735466cecf":"0892cf25-8870-4aa9-b087-d533f1c0043d"},{"element-6066-11e4-a52e-4f735466cecf":"399f9ffb-ac05-496c-92f8-dc2e0324dafb"},{"element-6066-11e4-a52e-4f735466cecf":"42dd3fcf-6d6a-46f7-94f2-58790cbf3605"},{"element-6066-11e4-a52e-4f735466cecf":"220a2e8c-c3d3-43e0-8773-716277aa1e7f"},{"element-6066-11e4-a52e-4f735466cecf":"5d16a648-1d7a-4d92-a35c-e15a4d042723"},{"element-6066-11e4-a52e-4f735466cecf":"d75f5522-6897-48bc-b132-67692c9cb533"},{"element-6066-11e4-a52e-4f735466cecf":"0d6d1cd2-058f-4b53-81b1-7e1fec08e6e6"},{"element-6066-11e4-a52e-4f735466cecf":"31e51294-b661-452a-b052-9860674c05ea"},{"element-6066-11e4-a52e-4f735466cecf":"31618951-f1f4-4feb-9deb-923543df1143"},{"element-6066-11e4-a52e-4f735466cecf":"ab664670-1d91-4b95-9d11-2f6fa0b7b4a9"},{"element-6066-11e4-a52e-4f735466cecf":"933e5260-e1df-4e24-92b0-cce31395d5e2"},{"element-6066-11e4-a52e-4f735466cecf":"3a9cb9f1-4d5e-4a12-ab1b-4ce886a85b79"},{"element-6066-11e4-a52e-4f735466cecf":"c9edaad8-35df-4ae1-9ae2-332b28ec6eb3"},{"element-6066-11e4-a52e-4f735466cecf":"c6632132-89d6-474e-a389-a67bb8211305"},{"element-6066-11e4-a52e-4f735466cecf":"794279bf-bb4c-42ba-a368-c1e54cb8bee9"},{"element-6066-11e4-a52e-4f735466cecf":"4792e15e-2af0-4ebe-a7a4-fbfb741a9eed"},{"element-6066-11e4-a52e-4f735466cecf":"ed38b90a-9f12-4216-9135-094d86ce72e8"},{"element-6066-11e4-a52e-4f735466cecf":"41df82d9-faae-48b4-968f-10ef26ff2f1c"},{"element-6066-11e4-a52e-4f735466cecf":"53fc90d9-d740-4a40-a5e3-c6be2b56d8a3"},{"element-6066-11e4-a52e-4f735466cecf":"b2e99f84-30cd-4ac2-948b-44f10c3c680d"},{"element-6066-11e4-a52e-4f735466cecf":"d00993b2-78c1-4a07-89bb-349e06898b6c"},{"element-6066-11e4-a52e-4f735466cecf":"267859c4-b603-4011-971b-4b0693bb3999"},{"element-6066-11e4-a52e-4f735466cecf":"4f10e5a1-e84b-489e-acbe-02ddf1c26e1f"},{"element-6066-11e4-a52e-4f735466cecf":"0a4a4d39-dd22-4bd0-b1e5-c564e9c2ec97"},{"element-6066-11e4-a52e-4f735466cecf":"4af78701-0a25-4217-a5c6-750a04e45672"},{"element-6066-11e4-a52e-4f735466cecf":"f2482b81-441a-41ef-8e15-230402df1499"},{"element-6066-11e4-a52e-4f735466cecf":"11ba69d2-d371-4bcc-8f72-213c82d1768b"},{"element-6066-11e4-a52e-4f735466cecf":"3a6c5568-b92b-4841-8357-54f976c5c38d"},{"element-6066-11e4-a52e-4f735466cecf":"d715bc55-6f67-4345-8dde-16f9bfbeb237"},{"element-6066-11e4-a52e-4f735466cecf":"d95e93c3-2ef5-4a46-aa5a-0a70316a827a"},{"element-6066-11e4-a52e-4f735466cecf":"bcb63512-6b24-4d11-8661-a8ab066466ae"},{"element-6066-11e4-a52e-4f735466cecf":"555a6492-6711-4195-b24d-384c57d22c12"},{"element-6066-11e4-a52e-4f735466cecf":"20077e38-b1b7-4f7f-979f-665e883774fe"},{"element-6066-11e4-a52e-4f735466cecf":"a2d93e6c-f98b-4cae-a953-ff4a9502aa13"},{"element-6066-11e4-a52e-4f735466cecf":"ae0653d3-2682-4603-a77a-2621827e75cf"},{"element-6066-11e4-a52e-4f735466cecf":"78a537ed-49c8-4300-aab3-57890cac367b"},{"element-6066-11e4-a52e-4f735466cecf":"e1bf79be-7290-460f-9b20-c1e4dd72114d"},{"element-6066-11e4-a52e-4f735466cecf":"4cb1232d-c6be-448c-8cf0-0282394dfde5"},{"element-6066-11e4-a52e-4f735466cecf":"d8448582-4e62-46c8-9def-4128b4980441"},{"element-6066-11e4-a52e-4f735466cecf":"714a08b1-2929-4165-960e-3a3b82cae4e4"},{"element-6066-11e4-a52e-4f735466cecf":"2d49ceeb-5a3d-49bc-8c10-15b4f288d01d"},{"element-6066-11e4-a52e-4f735466cecf":"3d821d06-0fda-4ecd-9a66-9c54053fb30d"},{"element-6066-11e4-a52e-4f735466cecf":"ac078c1f-75d7-4150-a657-db2b144b941b"},{"element-6066-11e4-a52e-4f735466cecf":"7730b2a5-b45b-4ea1-8a1c-e9a0623b9eb7"},{"element-6066-11e4-a52e-4f735466cecf":"d6da5cfd-7eaf-42ee-8527-3b846e6d6be3"},{"element-6066-11e4-a52e-4f735466cecf":"51623e2f-7dd7-4279-8887-c9dcbee5d5eb"},{"element-6066-11e4-a52e-4f735466cecf":"56441915-825d-4259-abf6-ff25e75d1d89"},{"element-6066-11e4-a52e-4f735466cecf":"c0944996-29d1-4d6f-9761-f2c31cba1693"},{"element-6066-11e4-a52e-4f735466cecf":"0bc95a7a-55d9-4b69-9b6e-ee737e8c6337"},{"element-6066-11e4-a52e-4f735466cecf":"3f0c2fa9-0c36-4cb4-94b6-53bea9b07202"},{"element-6066-11e4-a52e-4f735466cecf":"a515c0be-80af-452f-af50-ac28f71118eb"},{"element-6066-11e4-a52e-4f735466cecf":"feea854c-fa6e-4292-a69f-18d4b9ee32b6"},{"element-6066-11e4-a52e-4f735466cecf":"4cd9b2ef-d952-4697-a0ea-c985e7a165e8"},{"element-6066-11e4-a52e-4f735466cecf":"75aa7221-b4ff-4da4-bee6-548486165cf3"},{"element-6066-11e4-a52e-4f735466cecf":"9ee27c91-878e-4e45-af2b-08d74628dada"},{"element-6066-11e4-a52e-4f735466cecf":"73cd52ed-1732-407d-b00a-f704ceb9689d"},{"element-6066-11e4-a52e-4f735466cecf":"5c0742c5-0fde-4be3-8438-fedf8e0b929a"},{"element-6066-11e4-a52e-4f735466cecf":"53bafd74-03e2-442f-93e5-06c5967a3bbc"},{"element-6066-11e4-a52e-4f735466cecf":"6dbeaf4b-a820-4e03-bcb1-86f3fa69889a"},{"element-6066-11e4-a52e-4f735466cecf":"56a8f285-3895-489b-9f89-3a9a51d58d92"},{"element-6066-11e4-a52e-4f735466cecf":"80a5b6eb-5bd2-41bf-bfa4-5aab60e07b40"},{"element-6066-11e4-a52e-4f735466cecf":"6d965518-760b-43dd-ac9d-210ef0308416"},{"element-6066-11e4-a52e-4f735466cecf":"d85c8595-9ee0-4356-9f24-b3df33ce7d59"},{"element-6066-11e4-a52e-4f735466cecf":"47d307b3-c8af-40c2-b8f1-49b0e169acb7"},{"element-6066-11e4-a52e-4f735466cecf":"e9b356c6-05ba-48b4-a49e-0f481568ca3d"},{"element-6066-11e4-a52e-4f735466cecf":"ed01a265-7514-46dc-b832-05e1802dc9f5"},{"element-6066-11e4-a52e-4f735466cecf":"f9194d4a-f0a8-4325-924b-871de4938d30"},{"element-6066-11e4-a52e-4f735466cecf":"f480092a-0a44-4ea5-8c76-3aee7ae4a22a"},{"element-6066-11e4-a52e-4f735466cecf":"916a56d6-b160-4f71-8215-36a9dea3d628"},{"element-6066-11e4-a52e-4f735466cecf":"728b5d23-db92-4fea-bd88-1056fe85ac87"},{"element-6066-11e4-a52e-4f735466cecf":"f20874b4-126f-4c17-b017-8314d54e8313"},{"element-6066-11e4-a52e-4f735466cecf":"b9e6902d-23fc-4cd3-bf99-a9b94463a8de"},{"element-6066-11e4-a52e-4f735466cecf":"ff86ca47-b2fa-435f-b749-f3509ab7b18e"},{"element-6066-11e4-a52e-4f735466cecf":"9f3c2025-3ab1-49bf-82d9-0087c42ce899"},{"element-6066-11e4-a52e-4f735466cecf":"af23dca4-a450-43c7-b2db-a106c541b489"},{"element-6066-11e4-a52e-4f735466cecf":"9c1b7bd8-36f0-49f7-bcd1-3db57190b698"},{"element-6066-11e4-a52e-4f735466cecf":"2e90a0e1-f4c5-4f76-8068-d3c888ba9304"},{"element-6066-11e4-a52e-4f735466cecf":"d08701c8-7eb8-402b-9e36-cd023f032ed3"},{"element-6066-11e4-a52e-4f735466cecf":"d7d868f1-9eb9-4ecc-a937-a31507b916f6"},{"element-6066-11e4-a52e-4f735466cecf":"626fcad3-e29c-483a-802a-6e09ec7f509f"},{"element-6066-11e4-a52e-4f735466cecf":"32eb3eda-0e05-4059-b68b-a08fd0797771"},{"element-6066-11e4-a52e-4f735466cecf":"50d5e19f-eee0-40a7-b9e6-4c24587a0124"},{"element-6066-11e4-a52e-4f735466cecf":"fc6c8e38-4a4b-4dd6-8d5b-f962d842d38f"},{"element-6066-11e4-a52e-4f735466cecf":"7219d802-2a89-4488-b271-de0baa743bb1"},{"element-6066-11e4-a52e-4f735466cecf":"27b69340-ec2b-4043-9b39-0a9a04243177"},{"element-6066-11e4-a52e-4f735466cecf":"fc2f963f-ac00-4f70-bdf8-d5a3296861ae"},{"element-6066-11e4-a52e-4f735466cecf":"b7b9805c-3aab-40ae-b14d-83174d604432"},{"element-6066-11e4-a52e-4f735466cecf":"03abbc4b-d335-4a36-b651-9b87be5d0f60"},{"element-6066-11e4-a52e-4f735466cecf":"b62b1d37-9cd7-4a4d-85e5-54889f0d0f46"},{"element-6066-11e4-a52e-4f735466cecf":"4b0a13d4-3413-4a38-8d6c-c4cccc896d27"},{"element-6066-11e4-a52e-4f735466cecf":"03c8c68a-7ff9-422a-a811-979fbde0961c"},{"element-6066-11e4-a52e-4f735466cecf":"aa8c8d63-6df3-453e-aa50-054a808ce093"},{"element-6066-11e4-a52e-4f735466cecf":"db457334-e580-4710-9a61-9355797038a1"},{"element-6066-11e4-a52e-4f735466cecf":"5e1abd90-e26a-4b0e-8ea5-69824a39766a"},{"element-6066-11e4-a52e-4f735466cecf":"87b225e1-4147-4952-938a-1cee5eb1a549"},{"element-6066-11e4-a52e-4f735466cecf":"d3f145bf-4e7c-45fd-90e6-01146357f500"},{"element-6066-11e4-a52e-4f735466cecf":"55af42cd-333f-4746-8ccb-2b248fc6e2cd"},{"element-6066-11e4-a52e-4f735466cecf":"71a57982-ac86-4ab8-80a4-75d540219e9b"},{"element-6066-11e4-a52e-4f735466cecf":"8a9ea817-b73d-4468-848f-b408cc334eb3"},{"element-6066-11e4-a52e-4f735466cecf":"8e303dc7-28ad-41c4-a553-bf04487be6b7"},{"element-6066-11e4-a52e-4f735466cecf":"e3637ae3-da9f-4928-9609-05b45046228a"},{"element-6066-11e4-a52e-4f735466cecf":"f71b5d6f-6b0f-4fdc-87cb-5adfd01635f8"},{"element-6066-11e4-a52e-4f735466cecf":"5174232b-4f49-46ae-99b9-4adb843a1921"},{"element-6066-11e4-a52e-4f735466cecf":"a53930f9-6624-458c-a9d7-713b3ff0b8d7"},{"element-6066-11e4-a52e-4f735466cecf":"78f58eec-d2db-400a-8509-71236dd32e4d"},{"element-6066-11e4-a52e-4f735466cecf":"82b5d9d7-0ec2-4b7f-9948-ce350d39b703"},{"element-6066-11e4-a52e-4f735466cecf":"22bf0d67-365c-4e63-b3c8-3c31cae039cc"},{"element-6066-11e4-a52e-4f735466cecf":"9da6dc13-27ee-4ce3-bb0d-668055e1e045"},{"element-6066-11e4-a52e-4f735466cecf":"a6d38f5a-1796-4661-8506-6bd50d526e33"},{"element-6066-11e4-a52e-4f735466cecf":"89489893-cf82-42bd-ad1d-05d1eb3421fa"},{"element-6066-11e4-a52e-4f735466cecf":"57835415-ba79-43d9-99d5-536266f20b3c"},{"element-6066-11e4-a52e-4f735466cecf":"23acadfd-6d7c-44e7-836d-251d8d3b6dee"},{"element-6066-11e4-a52e-4f735466cecf":"d7270e84-c45e-4d80-9b2e-604f834902e8"},{"element-6066-11e4-a52e-4f735466cecf":"e2b20094-51cf-4e53-a906-e70a4e9ca646"},{"element-6066-11e4-a52e-4f735466cecf":"de82cdd9-8e02-47a7-9e90-d3806eccded7"},{"element-6066-11e4-a52e-4f735466cecf":"07d5e76a-1230-47c2-a568-dc1c587f4be9"},{"element-6066-11e4-a52e-4f735466cecf":"5d903d5b-dba9-408b-9b58-88d0956b2da3"},{"element-6066-11e4-a52e-4f735466cecf":"3111eb81-da05-4668-86b6-ced21d1b8ff5"},{"element-6066-11e4-a52e-4f735466cecf":"66e949ca-46ce-4a55-a175-eda55e3465b4"},{"element-6066-11e4-a52e-4f735466cecf":"b86c7c1f-5f53-4702-bcfd-f1c76de18e73"},{"element-6066-11e4-a52e-4f735466cecf":"431a083f-3d5d-46f5-942f-632e1cc51821"},{"element-6066-11e4-a52e-4f735466cecf":"cc9b4582-db1e-447f-96d4-699f94ff9303"},{"element-6066-11e4-a52e-4f735466cecf":"e95ba487-8214-4bdb-a32d-c81a643ab71a"},{"element-6066-11e4-a52e-4f735466cecf":"4d3e1527-28ec-4ed6-9c29-7581128adbd7"},{"element-6066-11e4-a52e-4f735466cecf":"df47dad2-4af4-42e1-a29e-7d847fcb2042"},{"element-6066-11e4-a52e-4f735466cecf":"bb83c49a-164e-4349-a7e7-ea0736e2eecf"},{"element-6066-11e4-a52e-4f735466cecf":"ae93326e-a811-43a3-b70e-c5f334daad26"},{"element-6066-11e4-a52e-4f735466cecf":"830290f5-4d05-45ab-8beb-9f077397bdfd"},{"element-6066-11e4-a52e-4f735466cecf":"bd20bd97-2c54-445f-93e9-e115f10d7585"},{"element-6066-11e4-a52e-4f735466cecf":"dd614499-09f8-434a-a438-b552ba7d5b9c"},{"element-6066-11e4-a52e-4f735466cecf":"5099a1db-0657-44d5-9689-986ff89f642d"},{"element-6066-11e4-a52e-4f735466cecf":"a7b377e4-828f-4801-9606-a521d33ea7bf"},{"element-6066-11e4-a52e-4f735466cecf":"50c8a278-80ff-4f84-9ccc-ca4cc9936492"},{"element-6066-11e4-a52e-4f735466cecf":"39851844-25cc-43a6-a729-c2d95ccce8a6"},{"element-6066-11e4-a52e-4f735466cecf":"816e5166-5027-4101-be68-c20194b6e036"},{"element-6066-11e4-a52e-4f735466cecf":"475cf162-5325-443e-ba3c-af2773eabea3"},{"element-6066-11e4-a52e-4f735466cecf":"96c32a89-f9b7-4474-9ed3-78d7c3d328ab"},{"element-6066-11e4-a52e-4f735466cecf":"4ab3aa1c-0b0c-4a63-b828-46d3864ea416"},{"element-6066-11e4-a52e-4f735466cecf":"f9e1b49f-cfd2-42dd-8f90-a9f54fad20f4"},{"element-6066-11e4-a52e-4f735466cecf":"281a4a39-7d7a-4098-b78d-300a815edb2c"},{"element-6066-11e4-a52e-4f735466cecf":"ca82c391-0e4a-421a-afe9-f808e62ce076"},{"element-6066-11e4-a52e-4f735466cecf":"4661b8eb-2aa8-4377-8004-779e2061b169"},{"element-6066-11e4-a52e-4f735466cecf":"8efe67d9-0ed9-4be8-9bc2-a087d17e13b5"},{"element-6066-11e4-a52e-4f735466cecf":"ffca9e69-aff2-4f2a-80ca-cae2190d5f93"},{"element-6066-11e4-a52e-4f735466cecf":"2c951429-cc27-4423-8785-3cef451ca223"},{"element-6066-11e4-a52e-4f735466cecf":"d50af991-5408-4c1e-9d06-02d71c03a964"},{"element-6066-11e4-a52e-4f735466cecf":"178088d0-502e-42d2-b275-11c027630491"},{"element-6066-11e4-a52e-4f735466cecf":"4b90a2dd-b4c7-44fb-a17a-98aa6121d542"},{"element-6066-11e4-a52e-4f735466cecf":"9754bbc4-eafa-455b-b07f-2a0808878ed8"},{"element-6066-11e4-a52e-4f735466cecf":"e99f0b1b-2589-4141-96b6-1181525fce4d"},{"element-6066-11e4-a52e-4f735466cecf":"680f64e3-f92a-45b3-89fa-4dbdafbdd35d"},{"element-6066-11e4-a52e-4f735466cecf":"99b41b0b-0177-4fa7-b6e2-b94436c097de"},{"element-6066-11e4-a52e-4f735466cecf":"57e14ce5-31b6-471e-9c74-01c913b04ff3"},{"element-6066-11e4-a52e-4f735466cecf":"e289fd7d-7f57-4928-89c5-b4499566d8f2"},{"element-6066-11e4-a52e-4f735466cecf":"9e567da3-ce52-45f2-9408-c7b850117ddc"},{"element-6066-11e4-a52e-4f735466cecf":"707bcdbc-517f-427f-abef-3396a2894e93"},{"element-6066-11e4-a52e-4f735466cecf":"3827b2ea-1c68-4db8-9456-fa912bcc1362"},{"element-6066-11e4-a52e-4f735466cecf":"57b947dd-2fff-4b2b-bdae-1a2ab168601a"},{"element-6066-11e4-a52e-4f735466cecf":"7fa07da3-5b87-4d62-a903-217cdc86f2de"},{"element-6066-11e4-a52e-4f735466cecf":"671c1f52-fe52-4371-a03d-8a4cedcbac69"},{"element-6066-11e4-a52e-4f735466cecf":"5231eeb9-5157-450a-8615-df9ca3f9119d"},{"element-6066-11e4-a52e-4f735466cecf":"a7a4b318-deca-4b5c-b2f2-92a68181dac5"},{"element-6066-11e4-a52e-4f735466cecf":"74e59a82-4888-47e3-8cff-620100ccb213"},{"element-6066-11e4-a52e-4f735466cecf":"e8535f8b-18c4-4a32-819a-f4b8e7fce8cb"},{"element-6066-11e4-a52e-4f735466cecf":"fbd155bf-5863-441f-a52d-8476b8f7bb56"},{"element-6066-11e4-a52e-4f735466cecf":"21f6ee65-b855-471c-a317-4ff34449045a"},{"element-6066-11e4-a52e-4f735466cecf":"fb710392-1089-4cd5-bf28-383b750b0d61"},{"element-6066-11e4-a52e-4f735466cecf":"e668c19a-b28f-48ab-86d5-140f7219de42"},{"element-6066-11e4-a52e-4f735466cecf":"3e9752b5-0776-4614-8860-1194084a8949"},{"element-6066-11e4-a52e-4f735466cecf":"26747fa2-3702-403a-87fb-81250c890823"},{"element-6066-11e4-a52e-4f735466cecf":"24e72400-45b5-4724-b59a-f50a38cbc250"},{"element-6066-11e4-a52e-4f735466cecf":"395ae76c-c775-4b24-987a-2171816dc30f"},{"element-6066-11e4-a52e-4f735466cecf":"78b8573f-c403-4edb-a0de-6d58c6e52bea"},{"element-6066-11e4-a52e-4f735466cecf":"ac939fce-ce67-4671-852c-d7fc5fc8af53"},{"element-6066-11e4-a52e-4f735466cecf":"0a03b9cf-86fc-4137-ae64-88fb246d6fca"},{"element-6066-11e4-a52e-4f735466cecf":"8e33812e-ddf1-455a-ab79-1fa2e81cb26d"},{"element-6066-11e4-a52e-4f735466cecf":"77a6efb0-874c-4013-b75b-2230d758e68d"},{"element-6066-11e4-a52e-4f735466cecf":"b6158cbd-3d5a-4aa0-bdf9-d96babe85f24"},{"element-6066-11e4-a52e-4f735466cecf":"3d74dab6-f03d-4834-a7ce-915edb6b88b1"},{"element-6066-11e4-a52e-4f735466cecf":"d0db04d3-3ce3-4b29-8704-c70cf8ab1233"},{"element-6066-11e4-a52e-4f735466cecf":"893052c8-ebc8-4b5d-a579-11fda8eed69e"},{"element-6066-11e4-a52e-4f735466cecf":"80baa306-f926-4ad8-88f2-3733f4438267"},{"element-6066-11e4-a52e-4f735466cecf":"0b7ea848-6c57-44eb-b225-835774e4f74a"},{"element-6066-11e4-a52e-4f735466cecf":"dd2d6ce9-4369-49eb-992c-cf66d84fd66f"},{"element-6066-11e4-a52e-4f735466cecf":"74e61bfd-1bc1-410f-85b3-24855e411fc1"},{"element-6066-11e4-a52e-4f735466cecf":"d3686518-4346-4d50-a243-d8aa13d7f270"},{"element-6066-11e4-a52e-4f735466cecf":"6f82c710-7f8c-4477-9018-3bb96d3960d4"},{"element-6066-11e4-a52e-4f735466cecf":"d0a2d879-1153-48b4-8919-5eadcfcf906b"},{"element-6066-11e4-a52e-4f735466cecf":"892748b9-a62c-4f2a-90c6-7060d4930a69"},{"element-6066-11e4-a52e-4f735466cecf":"35f0cdad-53b3-449c-b21a-cd8687235942"},{"element-6066-11e4-a52e-4f735466cecf":"f3d0c0dd-0a02-4353-9f33-04f21b0140d0"},{"element-6066-11e4-a52e-4f735466cecf":"2eabfcbf-f9ec-405f-929c-c67d03008a2c"},{"element-6066-11e4-a52e-4f735466cecf":"06403eef-a9c7-4541-8cf3-5d07801fcbdc"},{"element-6066-11e4-a52e-4f735466cecf":"c1c8bc50-df34-4ade-9a1d-5b1956fddf8c"},{"element-6066-11e4-a52e-4f735466cecf":"4d637c6c-37da-436d-9e98-32cdae90946e"},{"element-6066-11e4-a52e-4f735466cecf":"ba6530f6-0f81-4fe4-b169-ff44cb117866"},{"element-6066-11e4-a52e-4f735466cecf":"d50ac922-b93a-49db-a540-283d01af0159"},{"element-6066-11e4-a52e-4f735466cecf":"e082f882-7c43-4f14-aca1-b54fb706d13c"},{"element-6066-11e4-a52e-4f735466cecf":"c9b2bae5-e5a2-4943-abdc-376c04d5b7d8"},{"element-6066-11e4-a52e-4f735466cecf":"0199062c-f803-480e-9278-050c7276e056"},{"element-6066-11e4-a52e-4f735466cecf":"5196293f-804b-4cd1-ab78-a728eee4a25c"},{"element-6066-11e4-a52e-4f735466cecf":"41f15646-f51b-4f76-bc74-40dd0be2fd52"},{"element-6066-11e4-a52e-4f735466cecf":"73309ebb-a76c-4f0d-9ea7-e19e00353e6e"},{"element-6066-11e4-a52e-4f735466cecf":"f50cf600-67e6-4aec-99ea-867818760cfc"},{"element-6066-11e4-a52e-4f735466cecf":"6435888d-6fb7-4135-9b89-ee016a8b33b8"},{"element-6066-11e4-a52e-4f735466cecf":"24e9dff0-0f18-42b4-aa67-4491ecf69e4b"},{"element-6066-11e4-a52e-4f735466cecf":"faab38e7-e71b-4fd7-9bf0-744c6743734f"},{"element-6066-11e4-a52e-4f735466cecf":"7cbc86c7-04ea-49dc-ae5a-b33e4b1acc19"},{"element-6066-11e4-a52e-4f735466cecf":"11737e54-d148-45fd-88f7-6a181ca03052"},{"element-6066-11e4-a52e-4f735466cecf":"4d2c3fe9-3bf7-432c-baaf-9394022e70f9"},{"element-6066-11e4-a52e-4f735466cecf":"2493aa82-0558-4d3b-9abf-2bc47fcf983d"},{"element-6066-11e4-a52e-4f735466cecf":"6bed1e0c-9a32-466c-9e38-cc40d4a0f2a9"},{"element-6066-11e4-a52e-4f735466cecf":"137c7361-bb43-4784-be01-92bb908f84ff"},{"element-6066-11e4-a52e-4f735466cecf":"1fa98d46-fd58-4914-8572-a1a91ad58724"},{"element-6066-11e4-a52e-4f735466cecf":"8d8a7080-712e-42f5-9a0b-cb9778611d48"},{"element-6066-11e4-a52e-4f735466cecf":"98f08ea8-9e0e-4b34-97cc-1d17dfe60e05"},{"element-6066-11e4-a52e-4f735466cecf":"8b6efa82-05e8-433b-bc75-8d38e4039270"},{"element-6066-11e4-a52e-4f735466cecf":"1b3d234d-5ffb-4a0b-90da-367916b1ce39"},{"element-6066-11e4-a52e-4f735466cecf":"aa5b1580-9c8e-4298-a603-47beb3d030a5"},{"element-6066-11e4-a52e-4f735466cecf":"0ff908bf-9983-47e2-b88e-e2f6b5cd692a"},{"element-6066-11e4-a52e-4f735466cecf":"987b867a-24ff-4855-8953-f5f45a249461"},{"element-6066-11e4-a52e-4f735466cecf":"908189c1-daac-44be-9d19-c04ed24b4c35"},{"element-6066-11e4-a52e-4f735466cecf":"33871eb9-b9dd-40f9-92bc-ea629dc5358d"},{"element-6066-11e4-a52e-4f735466cecf":"54884fee-b05b-4c42-ad3e-53df2371b914"},{"element-6066-11e4-a52e-4f735466cecf":"73e36dd6-2447-448d-b27c-81d4c1353ea3"},{"element-6066-11e4-a52e-4f735466cecf":"a0ce49e2-4354-413c-83f9-28be3de478ae"},{"element-6066-11e4-a52e-4f735466cecf":"d68f0211-1e6b-40d1-b09a-fd3bf736864e"},{"element-6066-11e4-a52e-4f735466cecf":"d84d0b36-32a2-4d1e-a92c-f3f0d5a00628"},{"element-6066-11e4-a52e-4f735466cecf":"5cd6d6b0-dbf8-4036-9554-2815da51e8e1"},{"element-6066-11e4-a52e-4f735466cecf":"fbf3fa7c-cc62-4ba3-9022-b2484167e418"},{"element-6066-11e4-a52e-4f735466cecf":"86591d89-693c-4763-8e54-27cb13bd883b"},{"element-6066-11e4-a52e-4f735466cecf":"ef29ee87-486e-4c6e-abf9-5ce184468f54"},{"element-6066-11e4-a52e-4f735466cecf":"a2c111fd-8757-40f0-81de-f643a90c5585"},{"element-6066-11e4-a52e-4f735466cecf":"55c27e46-4d31-40fa-942e-2d764502ffb1"},{"element-6066-11e4-a52e-4f735466cecf":"1bdedfcf-3a8d-4820-82bf-f30a6cd35b1e"},{"element-6066-11e4-a52e-4f735466cecf":"3e6a0806-809b-43ed-829c-40c21da6fef0"},{"element-6066-11e4-a52e-4f735466cecf":"820364ac-b14d-46ec-8726-1769a5fb8dbe"},{"element-6066-11e4-a52e-4f735466cecf":"a1c2dfd5-d804-4422-8825-ffd776cce407"},{"element-6066-11e4-a52e-4f735466cecf":"622a3400-c020-4a00-a058-f60d76cbc14d"},{"element-6066-11e4-a52e-4f735466cecf":"468d8195-13f5-46cf-93cb-903d93f9cd00"},{"element-6066-11e4-a52e-4f735466cecf":"ece30ed6-839c-42f7-a258-c96f27c4c6c1"},{"element-6066-11e4-a52e-4f735466cecf":"87ab9887-47d7-4643-8e79-4e069a7052bf"},{"element-6066-11e4-a52e-4f735466cecf":"ee16a3cb-0c1d-4f4d-8dd0-e01f8d1b2068"},{"element-6066-11e4-a52e-4f735466cecf":"3c1758cd-a664-4534-9118-92e5ffbcebd6"},{"element-6066-11e4-a52e-4f735466cecf":"49a664f4-5f0e-43fb-9626-21408dee6ed3"},{"element-6066-11e4-a52e-4f735466cecf":"4a67d077-c4ea-4a3b-8613-28f8c13070b0"},{"element-6066-11e4-a52e-4f735466cecf":"8cb4febe-283e-40f6-b41f-c435dfe7cecb"},{"element-6066-11e4-a52e-4f735466cecf":"22269bf1-5d8c-4985-8665-d8322adf0d0d"},{"element-6066-11e4-a52e-4f735466cecf":"3d8b5067-9956-49db-a158-b02274e602c6"},{"element-6066-11e4-a52e-4f735466cecf":"247c7f2d-ecc5-4432-8028-3aa281631d82"},{"element-6066-11e4-a52e-4f735466cecf":"961aff3f-b941-4faf-bf61-7f6758155be1"},{"element-6066-11e4-a52e-4f735466cecf":"231136c2-5d01-41db-b25a-34ad848c94f6"},{"element-6066-11e4-a52e-4f735466cecf":"e5c7393e-b65a-44ee-9d7b-b7eae254d82f"},{"element-6066-11e4-a52e-4f735466cecf":"f693932b-fea6-47e1-b2e0-3867c6565c50"},{"element-6066-11e4-a52e-4f735466cecf":"a47e9ac0-048a-441b-8585-23fae5197be5"},{"element-6066-11e4-a52e-4f735466cecf":"2aecb0e9-6209-48ff-aa45-cb1c5459f0d2"},{"element-6066-11e4-a52e-4f735466cecf":"527d4da7-5a52-40cd-b58b-2c7ab3054feb"},{"element-6066-11e4-a52e-4f735466cecf":"601d77b6-96c6-43d2-aae3-56494c359960"},{"element-6066-11e4-a52e-4f735466cecf":"f0720e03-4000-4f69-8fd8-22002cae83e3"},{"element-6066-11e4-a52e-4f735466cecf":"07815f47-0ce7-4f0e-b061-dafcc868b054"},{"element-6066-11e4-a52e-4f735466cecf":"8ca7de79-fef4-486e-b77c-62f8c8e52ad3"},{"element-6066-11e4-a52e-4f735466cecf":"aff33b9d-f806-47dd-a75a-7ce4a20e673f"},{"element-6066-11e4-a52e-4f735466cecf":"9f6426b2-da9e-4d88-bd6b-3ecdd85360d1"},{"element-6066-11e4-a52e-4f735466cecf":"521e118a-0757-4a94-95eb-d4393cdf2d91"},{"element-6066-11e4-a52e-4f735466cecf":"38faddf7-ed3f-4883-93bc-e5090a92c29c"},{"element-6066-11e4-a52e-4f735466cecf":"ce1cada2-2ee0-4c94-a1d6-5ad840ee801b"},{"element-6066-11e4-a52e-4f735466cecf":"64f108c4-de8b-4db0-8c08-ec8b2e2f8bc1"},{"element-6066-11e4-a52e-4f735466cecf":"3ee833a7-7be6-46fe-b3dd-a050ae54d404"},{"element-6066-11e4-a52e-4f735466cecf":"72945c63-0352-463f-8149-f37d94f263bd"},{"element-6066-11e4-a52e-4f735466cecf":"14e81aa9-a1ca-43c6-ac54-7cd4b1249501"},{"element-6066-11e4-a52e-4f735466cecf":"eed34b8d-9745-48a7-93d4-95be7b26a203"},{"element-6066-11e4-a52e-4f735466cecf":"b5fbb2dd-154c-40fb-9116-e74eaf6f3ba9"},{"element-6066-11e4-a52e-4f735466cecf":"1412270f-a100-4258-866f-0919d978070e"},{"element-6066-11e4-a52e-4f735466cecf":"bb6c9583-3ef8-40c2-8e4f-e95daa3db5dd"},{"element-6066-11e4-a52e-4f735466cecf":"91b4b65f-84d1-4383-8ba8-b43d4915c0e0"},{"element-6066-11e4-a52e-4f735466cecf":"1b761577-63ab-47b9-b4a2-21014f4784f2"},{"element-6066-11e4-a52e-4f735466cecf":"59846742-ce68-4003-abd0-bc6964daef18"},{"element-6066-11e4-a52e-4f735466cecf":"5dc4803e-e185-47f4-a333-36c8a15fd90d"},{"element-6066-11e4-a52e-4f735466cecf":"e3618157-2c9d-414a-83d5-98f0484b2add"},{"element-6066-11e4-a52e-4f735466cecf":"1e1eba7c-ec44-4b7a-8646-6f1b7ed2ba4e"},{"element-6066-11e4-a52e-4f735466cecf":"c3d5cf06-518c-4d2d-96fe-64dec569c93a"},{"element-6066-11e4-a52e-4f735466cecf":"7462010d-7be1-41b8-b3dd-08bb1f750c4b"},{"element-6066-11e4-a52e-4f735466cecf":"e9821a7a-a9e3-4f2c-ad2d-62a138134de9"},{"element-6066-11e4-a52e-4f735466cecf":"2dcb79fa-568e-4c06-bf8d-650dd97b444d"},{"element-6066-11e4-a52e-4f735466cecf":"84bea5bb-bc6e-410c-8625-79d80ed6e004"},{"element-6066-11e4-a52e-4f735466cecf":"6acd668a-5018-41bd-9643-7175f1ef31f4"},{"element-6066-11e4-a52e-4f735466cecf":"cbe0d223-2d27-4bca-ae5e-d38d813d083d"},{"element-6066-11e4-a52e-4f735466cecf":"bcc97997-f44c-42f6-ac59-19806fb4b0fc"},{"element-6066-11e4-a52e-4f735466cecf":"87017ca5-094e-417a-88d9-dcfd64bd7f35"},{"element-6066-11e4-a52e-4f735466cecf":"57d6f633-0b1c-4f71-9def-42296aaaec80"},{"element-6066-11e4-a52e-4f735466cecf":"55e15176-048a-4f7f-9934-575e2089ee1e"},{"element-6066-11e4-a52e-4f735466cecf":"c5d41db3-d486-4c6e-8c29-69e1d354edce"},{"element-6066-11e4-a52e-4f735466cecf":"bc8e71c1-73d5-4b02-9d5c-3f740a3e9ae3"},{"element-6066-11e4-a52e-4f735466cecf":"05d3cf97-eebf-4d7f-9658-14aaebbb7429"},{"element-6066-11e4-a52e-4f735466cecf":"258dadbd-2efb-4ee6-89ce-abedab68f80d"},{"element-6066-11e4-a52e-4f735466cecf":"5f993aba-a5d7-4429-a247-119ce39b8a4c"},{"element-6066-11e4-a52e-4f735466cecf":"d8ebb0aa-cfde-43e8-a3f3-777f2f308d8f"},{"element-6066-11e4-a52e-4f735466cecf":"382350d1-6c3e-4b21-acf1-328b8d612687"},{"element-6066-11e4-a52e-4f735466cecf":"e4a5f048-b977-4cd4-a45b-23c5663705fe"},{"element-6066-11e4-a52e-4f735466cecf":"6e5aef70-87be-4172-bf9e-262062424c85"},{"element-6066-11e4-a52e-4f735466cecf":"1b075e09-85bf-47ee-9cb4-b335efaddda4"},{"element-6066-11e4-a52e-4f735466cecf":"c303a49c-d982-4048-abb7-9d4fb17bd496"},{"element-6066-11e4-a52e-4f735466cecf":"951e066b-05b4-4a1d-b0f8-8da10f7afbcf"},{"element-6066-11e4-a52e-4f735466cecf":"65f55518-7a7f-4e29-bdd6-810444e8b1db"},{"element-6066-11e4-a52e-4f735466cecf":"3215b6c5-27df-47ef-8240-81a2dbed63e6"},{"element-6066-11e4-a52e-4f735466cecf":"6a68b1a0-0644-4aa2-9a9a-03e66b6df3d7"},{"element-6066-11e4-a52e-4f735466cecf":"5cfd94fa-f35c-4fa7-8f0d-a0e70626f37d"},{"element-6066-11e4-a52e-4f735466cecf":"f4eea715-4d48-4670-aa7a-3a67a258b55f"},{"element-6066-11e4-a52e-4f735466cecf":"fb852f80-632d-4a02-a8b6-31493a78addc"},{"element-6066-11e4-a52e-4f735466cecf":"5fae1b82-b4b1-4db6-9884-34a738945fd1"},{"element-6066-11e4-a52e-4f735466cecf":"79b2f7eb-2eef-40f3-a1df-31ea29a5c9c1"},{"element-6066-11e4-a52e-4f735466cecf":"664150e1-8dd6-4155-8cb1-75a92e167e2d"},{"element-6066-11e4-a52e-4f735466cecf":"41508bac-365f-4623-bb04-814719682a0d"},{"element-6066-11e4-a52e-4f735466cecf":"51b2f879-b707-4208-9e7c-bf6e44d644a3"},{"element-6066-11e4-a52e-4f735466cecf":"64af086d-9cd0-4990-bfb3-746a27bc5c75"},{"element-6066-11e4-a52e-4f735466cecf":"61401379-c8a8-4642-a0d3-74b54b3e4366"},{"element-6066-11e4-a52e-4f735466cecf":"f46fe544-b110-47e4-9f3b-979347fcf0b3"},{"element-6066-11e4-a52e-4f735466cecf":"3ababfab-9596-4034-912e-bed965f7dec3"},{"element-6066-11e4-a52e-4f735466cecf":"95abd84e-cd2b-4746-a476-cef4e8a01fb6"},{"element-6066-11e4-a52e-4f735466cecf":"b128d312-0b4b-4583-9c00-bbb2b1346cf2"},{"element-6066-11e4-a52e-4f735466cecf":"8f137653-617a-4598-9070-fc458bf76e97"},{"element-6066-11e4-a52e-4f735466cecf":"4588348a-cab4-467b-b7ba-0016dfa011de"},{"element-6066-11e4-a52e-4f735466cecf":"e309573b-9096-476c-b7b7-d2a96bc0d422"},{"element-6066-11e4-a52e-4f735466cecf":"a4b6e632-16d6-43fa-8bd7-3dcd927053d3"},{"element-6066-11e4-a52e-4f735466cecf":"ebadeffd-3796-40f5-95e0-0fdb2f920835"},{"element-6066-11e4-a52e-4f735466cecf":"5efaf92b-cedd-4ad3-856f-46b3530ebaf5"},{"element-6066-11e4-a52e-4f735466cecf":"a501cf33-0be0-4ab6-8069-40fde256e735"},{"element-6066-11e4-a52e-4f735466cecf":"64e6b274-b34c-431d-9d51-07e3413ea585"},{"element-6066-11e4-a52e-4f735466cecf":"f4e9ee6f-3b49-4767-9df5-6405ff40f2c9"},{"element-6066-11e4-a52e-4f735466cecf":"c1852ae9-6630-4e25-ac7e-ab89f6fbda5b"},{"element-6066-11e4-a52e-4f735466cecf":"d8a413fd-1a77-4b22-ad2e-37b116927766"},{"element-6066-11e4-a52e-4f735466cecf":"9df87de4-59eb-4293-a467-751de472895c"},{"element-6066-11e4-a52e-4f735466cecf":"7df30774-018c-4ddb-98bd-b68f93390872"},{"element-6066-11e4-a52e-4f735466cecf":"b1878b39-fa08-4764-a113-8fee08d40781"},{"element-6066-11e4-a52e-4f735466cecf":"ed9b72c2-5300-4d74-a00e-5a9038dfd31c"},{"element-6066-11e4-a52e-4f735466cecf":"5caedeaf-e0f1-4d03-908f-b97e147f55c5"},{"element-6066-11e4-a52e-4f735466cecf":"f772c83b-b7bc-4878-b6ca-87382cbb5510"},{"element-6066-11e4-a52e-4f735466cecf":"249c1a20-f6b7-4bc7-a772-cca9aa64ce32"},{"element-6066-11e4-a52e-4f735466cecf":"86f373ea-5b05-4694-9179-758b1c3ed91d"},{"element-6066-11e4-a52e-4f735466cecf":"bb28206a-efa8-4f3f-a5d6-e8e90c07c134"},{"element-6066-11e4-a52e-4f735466cecf":"3853ad9b-8ab5-412a-8c65-c75be46ff725"},{"element-6066-11e4-a52e-4f735466cecf":"51ecbe77-6a4a-4562-8717-d9f49fa21fa3"},{"element-6066-11e4-a52e-4f735466cecf":"f2c0a3c8-3d39-48f5-a5c9-0be9a7f03c22"},{"element-6066-11e4-a52e-4f735466cecf":"680eb507-54a4-4f9c-9f1a-69e2262ad49d"},{"element-6066-11e4-a52e-4f735466cecf":"0c68270d-d56b-42ff-a630-ebfa80a24196"},{"element-6066-11e4-a52e-4f735466cecf":"e25c57f4-ba28-4275-b907-9030a43b9cb5"},{"element-6066-11e4-a52e-4f735466cecf":"69c9b787-a0a7-4513-8faa-0c3201b7f4dc"},{"element-6066-11e4-a52e-4f735466cecf":"f5857998-84a4-4bc2-890d-8dc042d1886e"},{"element-6066-11e4-a52e-4f735466cecf":"1f14baef-c201-43cd-985b-05c30b7a1d63"},{"element-6066-11e4-a52e-4f735466cecf":"92fe99f8-fa98-4c3c-984b-6ea9eb714264"},{"element-6066-11e4-a52e-4f735466cecf":"060de56b-47e2-419c-906d-b4895c749af6"},{"element-6066-11e4-a52e-4f735466cecf":"77075c6e-9530-4fe7-ab7d-d2662347d0f3"},{"element-6066-11e4-a52e-4f735466cecf":"f6f43878-a25a-4449-a64c-97b46b310ab2"},{"element-6066-11e4-a52e-4f735466cecf":"d99969a3-fff6-4f50-88e5-206911a32818"},{"element-6066-11e4-a52e-4f735466cecf":"a429072a-9392-41b6-b5c6-2c99fe2fc27c"},{"element-6066-11e4-a52e-4f735466cecf":"d2e4330a-476a-4016-bf45-d76204049d13"},{"element-6066-11e4-a52e-4f735466cecf":"04305683-013c-4007-a525-2ce333524461"},{"element-6066-11e4-a52e-4f735466cecf":"76a10c71-d42c-41ac-be6f-c2422f6fac59"},{"element-6066-11e4-a52e-4f735466cecf":"17aab8fe-f68b-45e7-8e03-867ff096f592"},{"element-6066-11e4-a52e-4f735466cecf":"f656b755-acac-4158-ac3c-0341308970ea"},{"element-6066-11e4-a52e-4f735466cecf":"9b925cd9-4be2-4494-a97e-9d401fdba8c5"},{"element-6066-11e4-a52e-4f735466cecf":"87ab7818-96bf-4e21-b40a-abe692295d00"},{"element-6066-11e4-a52e-4f735466cecf":"d6a7d68d-8458-4a1d-8a78-0126ba6b330f"},{"element-6066-11e4-a52e-4f735466cecf":"397caf79-a3c7-4852-b0a4-8420d1532a41"},{"element-6066-11e4-a52e-4f735466cecf":"6c00c835-9e44-4716-92ab-641423336aa3"},{"element-6066-11e4-a52e-4f735466cecf":"c33b9c2d-0a30-454e-97a6-f6a95721bc9a"},{"element-6066-11e4-a52e-4f735466cecf":"9980b690-0990-450f-a8d6-2b61ec6aba75"},{"element-6066-11e4-a52e-4f735466cecf":"30e225f6-196d-4cc6-87ec-78df60c0e330"},{"element-6066-11e4-a52e-4f735466cecf":"78ae773f-5e68-4f4d-bb63-38c1800ba511"},{"element-6066-11e4-a52e-4f735466cecf":"0dfcf4d2-e9a5-404d-83fc-b6c9b6ab7f11"},{"element-6066-11e4-a52e-4f735466cecf":"bed7fc7c-0ff5-4266-9dc9-e282b0f91914"},{"element-6066-11e4-a52e-4f735466cecf":"ac531a50-0880-4356-8e06-62d51eb8548b"},{"element-6066-11e4-a52e-4f735466cecf":"3aa9a6eb-0b1b-443b-9bf0-8fe42f631857"},{"element-6066-11e4-a52e-4f735466cecf":"b8998ed5-34ed-454e-a10b-81e1de6bd367"},{"element-6066-11e4-a52e-4f735466cecf":"e47176fd-94c5-415f-9fa4-b5ef72436438"},{"element-6066-11e4-a52e-4f735466cecf":"870a2085-2144-46b8-bb29-14fbff515992"},{"element-6066-11e4-a52e-4f735466cecf":"34248f2e-89c7-42b3-b9c1-9ef20bfa7c67"},{"element-6066-11e4-a52e-4f735466cecf":"0d40c3f0-e76f-49d7-896d-d4e62c8a2755"},{"element-6066-11e4-a52e-4f735466cecf":"a2d24e72-5056-4724-a4d4-e267bf59fdb1"},{"element-6066-11e4-a52e-4f735466cecf":"9a001910-0901-4924-90c8-663beaec5a32"},{"element-6066-11e4-a52e-4f735466cecf":"495872de-332e-4158-9f35-524c0900dfc2"},{"element-6066-11e4-a52e-4f735466cecf":"da94bcd2-8836-40b3-9c14-82bd546d6ee5"},{"element-6066-11e4-a52e-4f735466cecf":"bfdb99fd-cee3-473d-903a-6465702a9a1d"},{"element-6066-11e4-a52e-4f735466cecf":"dfa51f15-dd8e-4f72-ad81-d34a9fd47eb4"},{"element-6066-11e4-a52e-4f735466cecf":"afdc78f1-c627-4ffc-a6a1-ab37276ae545"},{"element-6066-11e4-a52e-4f735466cecf":"2a95e85d-8ce2-4282-80a4-bdf2e68cc3ea"},{"element-6066-11e4-a52e-4f735466cecf":"11fe975e-b1b4-4a07-b6d7-bf512b2a3f03"},{"element-6066-11e4-a52e-4f735466cecf":"19c94c55-23e7-4aec-84cf-25bae60ee2dc"},{"element-6066-11e4-a52e-4f735466cecf":"2e5b8b24-9567-491e-a3e3-19acc4883e60"},{"element-6066-11e4-a52e-4f735466cecf":"10a4912b-a718-4a17-a3c2-9ccedabbb46b"},{"element-6066-11e4-a52e-4f735466cecf":"e9200736-e762-47a6-8ca5-7bc78a39a210"},{"element-6066-11e4-a52e-4f735466cecf":"d7940ca8-f1a0-4b57-99d2-fd3c772f97c0"},{"element-6066-11e4-a52e-4f735466cecf":"80f0dac7-a66f-44fe-9c1d-63782a883d3d"},{"element-6066-11e4-a52e-4f735466cecf":"a430f284-01b1-48f7-b139-5c0e08560bba"},{"element-6066-11e4-a52e-4f735466cecf":"3127e088-f1fd-454e-a0e5-b34f9f1c5d13"},{"element-6066-11e4-a52e-4f735466cecf":"76f503b4-407e-4700-8adb-63ffe601e5a1"},{"element-6066-11e4-a52e-4f735466cecf":"ff2e6fc0-3422-4eba-b510-0d097c643580"},{"element-6066-11e4-a52e-4f735466cecf":"fa8e0549-373a-4d65-b08f-2c2811822253"},{"element-6066-11e4-a52e-4f735466cecf":"dafd9179-d800-4519-a966-a1a26cca66f0"},{"element-6066-11e4-a52e-4f735466cecf":"11710fe6-9e9d-488d-9549-c5f5345eefdc"},{"element-6066-11e4-a52e-4f735466cecf":"32ccc70a-399f-4d45-a187-7117f6bff967"},{"element-6066-11e4-a52e-4f735466cecf":"2fbce604-302c-44d0-ad94-83ddec6b8e83"},{"element-6066-11e4-a52e-4f735466cecf":"8db16c89-77f1-46c4-aeb4-ffe202fcf396"},{"element-6066-11e4-a52e-4f735466cecf":"9a7a7257-bc0c-4b1d-a224-f84d4e05ad0e"},{"element-6066-11e4-a52e-4f735466cecf":"fd3a72d8-a700-4a20-b1f9-00b27a738bd5"},{"element-6066-11e4-a52e-4f735466cecf":"0fb5b308-5381-4c7f-90b0-f199cb36e672"},{"element-6066-11e4-a52e-4f735466cecf":"19b7789e-094d-4676-8e53-57a87be805bb"},{"element-6066-11e4-a52e-4f735466cecf":"a7eb40df-098c-43f3-9e28-99ad287385fd"},{"element-6066-11e4-a52e-4f735466cecf":"84490fb2-6583-4299-9f02-41f349395057"},{"element-6066-11e4-a52e-4f735466cecf":"035d33d3-37b8-45f6-8e09-33447914cbc4"},{"element-6066-11e4-a52e-4f735466cecf":"6463965d-6534-450c-a000-f8e75d7ffb82"},{"element-6066-11e4-a52e-4f735466cecf":"990290b0-e4bd-49f0-99eb-b093b6ebaec8"},{"element-6066-11e4-a52e-4f735466cecf":"3587ae78-2db3-4a73-b6ff-0fa936d298d7"},{"element-6066-11e4-a52e-4f735466cecf":"c2825371-3b48-46da-aeb5-46d302625add"},{"element-6066-11e4-a52e-4f735466cecf":"00e10e83-b827-457c-965f-4cac4f1ff512"},{"element-6066-11e4-a52e-4f735466cecf":"030e39b7-a018-4d11-9dbb-81be68b7981f"},{"element-6066-11e4-a52e-4f735466cecf":"5aa6ce68-cb68-4322-920a-3b812f02468c"},{"element-6066-11e4-a52e-4f735466cecf":"59d46532-1af2-4cb0-ae36-7ef11022cc1c"},{"element-6066-11e4-a52e-4f735466cecf":"b3aff1ff-39f2-4e01-aa25-7122f7bd622f"},{"element-6066-11e4-a52e-4f735466cecf":"732ad6d5-6ee1-4529-b924-f1aa05c5c853"},{"element-6066-11e4-a52e-4f735466cecf":"8511d468-b410-476c-ba21-4cfcaeb2ab43"},{"element-6066-11e4-a52e-4f735466cecf":"bf680eb4-b48a-43b9-8e69-088702ac4e7a"},{"element-6066-11e4-a52e-4f735466cecf":"9442e594-6f29-43ba-bd6e-dd15deb048a5"},{"element-6066-11e4-a52e-4f735466cecf":"d817f4b1-3a31-491b-b9ee-50c9e0c79809"},{"element-6066-11e4-a52e-4f735466cecf":"28912f4f-b915-4db4-815a-31cc2800950d"},{"element-6066-11e4-a52e-4f735466cecf":"d052337d-3ec8-48cf-9f7c-ac3fa735fcfc"},{"element-6066-11e4-a52e-4f735466cecf":"0f4a3fd5-68b8-46fe-bea5-45d4849695c7"},{"element-6066-11e4-a52e-4f735466cecf":"be167a71-55fa-4557-9500-e2de67bdb50d"},{"element-6066-11e4-a52e-4f735466cecf":"da16cc13-19dd-46f6-863e-dae770de03bd"},{"element-6066-11e4-a52e-4f735466cecf":"4c4bfdf7-6a26-4546-9456-40ed60b9214d"},{"element-6066-11e4-a52e-4f735466cecf":"46c7cc92-da5e-4d39-b33a-67e7b4899919"},{"element-6066-11e4-a52e-4f735466cecf":"f69105fc-4b64-45ee-9447-a4e7b0aad396"},{"element-6066-11e4-a52e-4f735466cecf":"0d76bf55-e060-4d97-a31d-ddd6518ba7b9"},{"element-6066-11e4-a52e-4f735466cecf":"8163f0e5-d80f-40dc-a7fe-39543cbd7154"},{"element-6066-11e4-a52e-4f735466cecf":"c331b370-4b79-416c-977f-58e57fa9d529"},{"element-6066-11e4-a52e-4f735466cecf":"95150496-5448-49ea-acb0-adfe66b0737d"},{"element-6066-11e4-a52e-4f735466cecf":"65765e71-cc09-4b5b-9f97-28c57827188c"},{"element-6066-11e4-a52e-4f735466cecf":"58c7e75c-4d29-46f0-8586-68c4cebdb20e"},{"element-6066-11e4-a52e-4f735466cecf":"08db8fc0-dcb1-4b7c-9cd1-b20376bc84ba"},{"element-6066-11e4-a52e-4f735466cecf":"b6513e35-cf9a-412a-901b-51cde02aaa2d"},{"element-6066-11e4-a52e-4f735466cecf":"3fe1aad7-9329-42c5-b326-60690f51de8f"},{"element-6066-11e4-a52e-4f735466cecf":"845325e7-c96b-4850-8c10-5ae39f140069"},{"element-6066-11e4-a52e-4f735466cecf":"a275ed17-5b57-4962-b55d-3e4314226daf"},{"element-6066-11e4-a52e-4f735466cecf":"3c51962c-16e4-40df-8e3f-0b93b0eb5d90"},{"element-6066-11e4-a52e-4f735466cecf":"3ac2bb2f-02b7-4485-93bb-46f71060b7bc"},{"element-6066-11e4-a52e-4f735466cecf":"ed920029-4189-41dc-a53d-dd579997f0ce"},{"element-6066-11e4-a52e-4f735466cecf":"99492c52-ba46-484e-93d4-e144cedbf69e"},{"element-6066-11e4-a52e-4f735466cecf":"c6131705-a235-4ed1-be9f-c2e4724c01ab"},{"element-6066-11e4-a52e-4f735466cecf":"4d2253a1-16ff-447b-ab82-1d2128b5d25d"},{"element-6066-11e4-a52e-4f735466cecf":"7abe6768-312a-487f-a167-e121b3bc39c6"},{"element-6066-11e4-a52e-4f735466cecf":"fc6a8d43-3fc0-442b-b7a0-db9ad1066122"},{"element-6066-11e4-a52e-4f735466cecf":"4a219918-fb81-4373-ab3a-029d9ea73f21"},{"element-6066-11e4-a52e-4f735466cecf":"668f02ab-2c5c-4dfc-937f-8be0b388e81e"},{"element-6066-11e4-a52e-4f735466cecf":"2fae2457-abfc-49b9-a482-0e4350668ad8"},{"element-6066-11e4-a52e-4f735466cecf":"df650b7f-705d-4333-a33d-632784beea9a"},{"element-6066-11e4-a52e-4f735466cecf":"9babb712-79d0-454a-a0a0-0938ec117047"},{"element-6066-11e4-a52e-4f735466cecf":"1f79239b-1ab0-4db1-806c-13dd58f90bdc"},{"element-6066-11e4-a52e-4f735466cecf":"f9103609-7166-437d-9e27-99ac80654d72"},{"element-6066-11e4-a52e-4f735466cecf":"d939300c-bd3b-4a3a-8ffc-d6bcdbfa0a7c"},{"element-6066-11e4-a52e-4f735466cecf":"ec7dd1e9-591f-442b-941c-33c24f67c770"},{"element-6066-11e4-a52e-4f735466cecf":"92a72495-e148-496c-97a7-13365a9bf8ac"},{"element-6066-11e4-a52e-4f735466cecf":"311141e1-1e2e-493e-b275-c2b876f86852"},{"element-6066-11e4-a52e-4f735466cecf":"14e26109-5bb7-491d-9202-e23ef94c8b87"},{"element-6066-11e4-a52e-4f735466cecf":"19e89bc9-bb08-42a9-a245-892a0a8f36c9"},{"element-6066-11e4-a52e-4f735466cecf":"7548df6b-95fe-4070-bc0f-7310fd8f091b"},{"element-6066-11e4-a52e-4f735466cecf":"9d5a67e7-9b94-4b8e-87b9-abc5b3638eb2"},{"element-6066-11e4-a52e-4f735466cecf":"42447b83-e1d4-4028-9f42-1c0b417b59ed"},{"element-6066-11e4-a52e-4f735466cecf":"316e9e44-cd32-4369-a78d-44ff6e888787"},{"element-6066-11e4-a52e-4f735466cecf":"40da07c1-d913-4902-954e-a6604e0ecded"},{"element-6066-11e4-a52e-4f735466cecf":"fab0ad5c-f906-4592-a460-346b17347806"},{"element-6066-11e4-a52e-4f735466cecf":"fc3a27bc-c490-4f78-afe7-454abbc9c82a"},{"element-6066-11e4-a52e-4f735466cecf":"cf6d484f-f3ef-4001-8dbe-5ee0739f9ed3"},{"element-6066-11e4-a52e-4f735466cecf":"7939639d-a4e4-45d3-896b-9fdb64de964a"},{"element-6066-11e4-a52e-4f735466cecf":"447af0b5-565a-4f24-9cb7-dda259d56ff5"},{"element-6066-11e4-a52e-4f735466cecf":"c715f5a1-3c0a-49d8-afd2-e130fed2d00c"},{"element-6066-11e4-a52e-4f735466cecf":"cbc70c8a-7ef3-430e-887f-38bfd966ef12"},{"element-6066-11e4-a52e-4f735466cecf":"8ce58acc-cf84-4b78-ac4c-405e63fe0560"},{"element-6066-11e4-a52e-4f735466cecf":"2d91b7a9-6bfe-45ce-9df0-a5d9b374cd86"},{"element-6066-11e4-a52e-4f735466cecf":"fc9b0d2b-5484-464d-8cd4-971f5c4e589d"},{"element-6066-11e4-a52e-4f735466cecf":"3f4932e6-3836-46ee-b187-1d475908434f"},{"element-6066-11e4-a52e-4f735466cecf":"c9d29fe6-fbd0-468d-9934-3777718d14dc"},{"element-6066-11e4-a52e-4f735466cecf":"050aa27d-3595-4fda-bf0d-5f1908807f00"},{"element-6066-11e4-a52e-4f735466cecf":"24df381a-4706-4750-ad02-49190efdefed"},{"element-6066-11e4-a52e-4f735466cecf":"5abd8eaa-16fa-463f-9808-e79c8051a8b6"},{"element-6066-11e4-a52e-4f735466cecf":"18a0ebb7-3a1a-48b3-92cb-8c7a2ba4a162"},{"element-6066-11e4-a52e-4f735466cecf":"1142da11-70dc-4035-a8e5-e93c84adcc3a"},{"element-6066-11e4-a52e-4f735466cecf":"582b61a4-e963-46b2-b1ee-3889e89ca7ee"},{"element-6066-11e4-a52e-4f735466cecf":"358e262c-4d64-4ddc-b5a0-51983b8860a5"},{"element-6066-11e4-a52e-4f735466cecf":"bb93ceda-d0b4-4249-86ea-f97592f84812"},{"element-6066-11e4-a52e-4f735466cecf":"b0648c25-c08e-4acb-85e6-3b89503bbb22"},{"element-6066-11e4-a52e-4f735466cecf":"be0da27c-f694-40d8-b561-ff92d8025b17"},{"element-6066-11e4-a52e-4f735466cecf":"1441f6d3-2ab1-4f55-9da7-e6e96ab376ab"},{"element-6066-11e4-a52e-4f735466cecf":"78e64713-ad37-4bbb-bfe1-9f2c52ca74cb"},{"element-6066-11e4-a52e-4f735466cecf":"ce80d595-af6a-4d0e-af18-d0de3fe466af"},{"element-6066-11e4-a52e-4f735466cecf":"7a2ed259-705b-43ee-86a6-767d4a370b8c"},{"element-6066-11e4-a52e-4f735466cecf":"7f15e21f-0d29-4c84-b691-e6aaeea65078"},{"element-6066-11e4-a52e-4f735466cecf":"b8d7d8af-0d23-4eb4-bb70-f4a45d6e9a08"},{"element-6066-11e4-a52e-4f735466cecf":"bd933611-5521-42fd-a035-a6d6ee175e3e"},{"element-6066-11e4-a52e-4f735466cecf":"f66b0659-8912-43fa-bc73-9fee5d5715b8"},{"element-6066-11e4-a52e-4f735466cecf":"d6f48602-349b-4cf6-8448-f80b8f4370eb"},{"element-6066-11e4-a52e-4f735466cecf":"c98e549a-6413-4b8c-9d54-bf3682f03b8d"},{"element-6066-11e4-a52e-4f735466cecf":"eda983ee-080b-44cc-9705-eabba96d08e8"},{"element-6066-11e4-a52e-4f735466cecf":"1a83c331-b776-40d1-82b2-1384d150603c"},{"element-6066-11e4-a52e-4f735466cecf":"fb6f2f81-4b40-4a5a-8349-ec7e1415f6bc"},{"element-6066-11e4-a52e-4f735466cecf":"064056f1-55f3-4646-903f-6d0da6757386"},{"element-6066-11e4-a52e-4f735466cecf":"e9962151-7cf1-4f36-9f06-9cc300968ebd"},{"element-6066-11e4-a52e-4f735466cecf":"bdfc676b-f5c7-41c3-89e5-73c98c6ffbad"},{"element-6066-11e4-a52e-4f735466cecf":"8caa9717-e1b6-4ba8-b749-a6dc5b0c71c4"},{"element-6066-11e4-a52e-4f735466cecf":"af51eb6c-f3d4-483a-ad53-8d144570a117"},{"element-6066-11e4-a52e-4f735466cecf":"88e715f5-21ea-4759-91b8-302af0c62009"},{"element-6066-11e4-a52e-4f735466cecf":"ec201c6e-10d2-49be-8a9f-bc53adde0bf8"},{"element-6066-11e4-a52e-4f735466cecf":"5139e498-aa2d-4e1d-b0ff-9e9feb1e381a"},{"element-6066-11e4-a52e-4f735466cecf":"3e5bb295-87d5-4da7-a13f-e943af8946ff"},{"element-6066-11e4-a52e-4f735466cecf":"dc3315e6-7006-4daf-bace-174d680e8dd0"},{"element-6066-11e4-a52e-4f735466cecf":"c72f8799-85a4-49ca-b2ea-b40b2bdef3b2"},{"element-6066-11e4-a52e-4f735466cecf":"8647ff6d-9257-4ba0-8ae2-34b79b5c2dca"},{"element-6066-11e4-a52e-4f735466cecf":"bae20256-813f-472b-ac9d-5e7d334cc9b4"},{"element-6066-11e4-a52e-4f735466cecf":"e8e42f0f-c2bf-4aa4-94d9-fe160c86bf3b"},{"element-6066-11e4-a52e-4f735466cecf":"799529cd-7cbc-4201-8a55-90a920761678"},{"element-6066-11e4-a52e-4f735466cecf":"2b424c5a-6136-4633-87aa-e2c258eb8e2a"},{"element-6066-11e4-a52e-4f735466cecf":"2eec9c82-ae99-40c4-abd9-87c45ad71da0"},{"element-6066-11e4-a52e-4f735466cecf":"25f87268-5f0b-4f78-94cf-825f5e2d2ebe"},{"element-6066-11e4-a52e-4f735466cecf":"881b2d3c-02e4-4dd7-b53c-f54145254d38"},{"element-6066-11e4-a52e-4f735466cecf":"490d410d-ae31-4db8-84e7-e6a946f6037f"},{"element-6066-11e4-a52e-4f735466cecf":"53333e98-5f84-42a9-bca9-d7f70c7c1a1c"},{"element-6066-11e4-a52e-4f735466cecf":"14388b40-d2c1-43d3-8cc6-715a2ba97d6e"},{"element-6066-11e4-a52e-4f735466cecf":"b35e1265-0574-4a38-afe0-4960556c089b"},{"element-6066-11e4-a52e-4f735466cecf":"6d068231-c9d3-4b9c-8749-f660e666bd97"},{"element-6066-11e4-a52e-4f735466cecf":"c60aa8ca-fbb0-4130-a2b5-b3f79f1f4219"},{"element-6066-11e4-a52e-4f735466cecf":"f9fb7543-190f-4603-96b3-444cebc21904"},{"element-6066-11e4-a52e-4f735466cecf":"c3593dd5-dc23-4070-a0ad-0d605b8b5e61"},{"element-6066-11e4-a52e-4f735466cecf":"3d2188da-9df7-4116-bd74-709d60b86d9b"},{"element-6066-11e4-a52e-4f735466cecf":"7ab7443c-8f26-40eb-af19-9dea1ba5b572"},{"element-6066-11e4-a52e-4f735466cecf":"5c4c7e01-baf6-409b-bf34-28b8e5789c99"},{"element-6066-11e4-a52e-4f735466cecf":"b9659a5c-2a6c-4afa-86c8-345e62e31c64"},{"element-6066-11e4-a52e-4f735466cecf":"4f7b52b3-fc94-4b28-850d-7055556d9b85"},{"element-6066-11e4-a52e-4f735466cecf":"9ca8a90c-5611-421e-983d-f93fb23cd99c"},{"element-6066-11e4-a52e-4f735466cecf":"9b4bed11-4ef1-41a1-a10c-f08a90ede882"},{"element-6066-11e4-a52e-4f735466cecf":"cf18dae2-94eb-4acc-af0e-d0c46413ae0e"},{"element-6066-11e4-a52e-4f735466cecf":"8baa7091-b9f6-44cb-9b44-ade752716397"},{"element-6066-11e4-a52e-4f735466cecf":"604b217b-2804-4745-b979-021b1995a781"},{"element-6066-11e4-a52e-4f735466cecf":"2a1fa04e-405b-4e4c-9075-127a7f3516cd"},{"element-6066-11e4-a52e-4f735466cecf":"53f00b5c-2711-4129-a0d6-b8f4cc23395b"},{"element-6066-11e4-a52e-4f735466cecf":"be310bed-2dae-418d-8180-fcddd5d5f6fb"},{"element-6066-11e4-a52e-4f735466cecf":"4bcdaf7d-5647-4a79-a225-1e1f221d3e2d"},{"element-6066-11e4-a52e-4f735466cecf":"58855c64-0e3e-4cc3-b4ed-8282730480e1"},{"element-6066-11e4-a52e-4f735466cecf":"3944699e-aa3e-4a29-8efe-59885915497c"},{"element-6066-11e4-a52e-4f735466cecf":"25eebb4d-2c83-4e66-9c52-86f56bae4ad8"},{"element-6066-11e4-a52e-4f735466cecf":"0063aee1-dbff-4f75-8cf2-fa8093266d3d"},{"element-6066-11e4-a52e-4f735466cecf":"7610193e-e5a4-4584-8e0e-06a0ab40156a"},{"element-6066-11e4-a52e-4f735466cecf":"95f4e7a1-65c1-4cc8-8ff2-935d0d6e7fb4"},{"element-6066-11e4-a52e-4f735466cecf":"6285cf65-633b-4de3-8d4a-734f2f4279e6"},{"element-6066-11e4-a52e-4f735466cecf":"7fa7bd15-8039-447d-b120-de1906083457"},{"element-6066-11e4-a52e-4f735466cecf":"09e6b0e9-d59c-404a-b7ca-77479bc9d64b"},{"element-6066-11e4-a52e-4f735466cecf":"25390a67-fb3d-4bf8-b01e-f1dbc422a800"},{"element-6066-11e4-a52e-4f735466cecf":"40170166-9c38-4d38-a5a8-0196d3edbad2"},{"element-6066-11e4-a52e-4f735466cecf":"59dbb8dc-823b-48cf-932f-34adef9d9f19"},{"element-6066-11e4-a52e-4f735466cecf":"00b3e6fd-0bf9-4263-86f1-8448efe84728"},{"element-6066-11e4-a52e-4f735466cecf":"74ff2975-14fe-44bc-9fcf-2fb10fef425f"},{"element-6066-11e4-a52e-4f735466cecf":"0d03770c-50ca-4dc8-bfed-03c4b9e71e76"},{"element-6066-11e4-a52e-4f735466cecf":"a9a4f76d-274c-4213-be00-9ce95024b4eb"},{"element-6066-11e4-a52e-4f735466cecf":"972b95a1-1c29-4af5-a955-2c9037e9fad7"},{"element-6066-11e4-a52e-4f735466cecf":"3ca9b9f6-dad6-481b-9aa7-c6a34819d768"},{"element-6066-11e4-a52e-4f735466cecf":"abaa3850-8070-42b3-86bc-43070132fe0e"},{"element-6066-11e4-a52e-4f735466cecf":"5804a772-d27c-4276-8174-52e9e5e879b8"},{"element-6066-11e4-a52e-4f735466cecf":"c9abaea9-e772-4028-8987-a0309b326f9c"},{"element-6066-11e4-a52e-4f735466cecf":"50e8c564-3782-4ebc-9e93-2eab62c0be11"},{"element-6066-11e4-a52e-4f735466cecf":"dd7ed746-54d0-4fb4-bc07-659f178a0b37"},{"element-6066-11e4-a52e-4f735466cecf":"2c3986b2-043e-4092-ab97-4242bc673d85"},{"element-6066-11e4-a52e-4f735466cecf":"3373d9d8-b2d8-48fa-804c-9f34fd0d2c7f"},{"element-6066-11e4-a52e-4f735466cecf":"2a2fa9fb-f62d-4e93-81f4-0dcca0c86d2d"},{"element-6066-11e4-a52e-4f735466cecf":"119cf51b-bebe-42b9-b6bf-1de7c3961983"},{"element-6066-11e4-a52e-4f735466cecf":"dc057238-e6dc-4605-9faf-cec650bb71e3"},{"element-6066-11e4-a52e-4f735466cecf":"8c8cf7f4-f243-4262-8ade-f91bdcf83850"},{"element-6066-11e4-a52e-4f735466cecf":"7acf52f4-15af-41cb-8c7f-80e62de455cc"},{"element-6066-11e4-a52e-4f735466cecf":"88951934-64db-4444-9c9b-b11888471a90"},{"element-6066-11e4-a52e-4f735466cecf":"9eca6b12-f6e1-4d9a-89a2-f609b02c1235"},{"element-6066-11e4-a52e-4f735466cecf":"3676c50b-7a74-4025-a89d-811ad66539fe"},{"element-6066-11e4-a52e-4f735466cecf":"3dfaae77-ab0a-4909-a040-b6acf609bc18"},{"element-6066-11e4-a52e-4f735466cecf":"6764a06a-e214-4271-b6e9-73fc4b9b45bc"},{"element-6066-11e4-a52e-4f735466cecf":"f0b74356-4e27-4a9c-817b-37611b11b9d2"},{"element-6066-11e4-a52e-4f735466cecf":"a9192fec-5056-42ee-b211-53e610066eab"},{"element-6066-11e4-a52e-4f735466cecf":"948db7c9-b2f9-4384-8879-9def4beef90d"},{"element-6066-11e4-a52e-4f735466cecf":"bcbdb27f-4aa2-4518-b684-40aa4e51dab4"},{"element-6066-11e4-a52e-4f735466cecf":"a2d65a8b-21ef-456b-8881-736c8ec3e83c"},{"element-6066-11e4-a52e-4f735466cecf":"9d7d39b8-e4c9-4856-9385-f757509590e7"},{"element-6066-11e4-a52e-4f735466cecf":"5c93875c-ec75-4895-88cd-86ce430dab79"},{"element-6066-11e4-a52e-4f735466cecf":"9289132b-bd97-4a2e-84b7-ca83a08fccfd"},{"element-6066-11e4-a52e-4f735466cecf":"0083592d-bc4d-4ae6-9a66-1c8d9555c612"},{"element-6066-11e4-a52e-4f735466cecf":"7c1ed976-05a6-469d-96b1-c7918d79a15b"},{"element-6066-11e4-a52e-4f735466cecf":"bded8dae-16ca-4f1f-9368-62f762abef1a"},{"element-6066-11e4-a52e-4f735466cecf":"6365e83e-0ca3-4482-ae74-ccfe5bbd59e0"},{"element-6066-11e4-a52e-4f735466cecf":"34d3d824-89c4-49d4-aef8-3d8e96cdcbfb"},{"element-6066-11e4-a52e-4f735466cecf":"f32b9741-81d6-41f7-b55a-4f631ebed25f"},{"element-6066-11e4-a52e-4f735466cecf":"74246d11-fcae-4f9c-8cf1-0519900c0685"},{"element-6066-11e4-a52e-4f735466cecf":"2d604fbb-4029-4568-9ec6-4b05d9e5d2c4"},{"element-6066-11e4-a52e-4f735466cecf":"9c947a52-b269-4ad1-8bc6-5cc8d1c3244f"},{"element-6066-11e4-a52e-4f735466cecf":"e95e20a6-5515-4b42-89ba-84f631af2b1d"},{"element-6066-11e4-a52e-4f735466cecf":"9441e504-31d0-421d-b73a-ddc41750c4a7"},{"element-6066-11e4-a52e-4f735466cecf":"8105ae04-511a-4241-a171-aea7063ceef0"},{"element-6066-11e4-a52e-4f735466cecf":"05ec82c8-8a78-49e1-a421-9f6d46434fa9"},{"element-6066-11e4-a52e-4f735466cecf":"cea91cb9-5738-4dfc-b104-40a26e2e2cb3"},{"element-6066-11e4-a52e-4f735466cecf":"85a98e22-3918-48a4-8551-423e266d1577"},{"element-6066-11e4-a52e-4f735466cecf":"f3bb7407-427d-4a6d-b9e6-770b62e68a09"},{"element-6066-11e4-a52e-4f735466cecf":"3d50eec2-1f50-4e1a-9bba-8573a7428aa0"},{"element-6066-11e4-a52e-4f735466cecf":"18a1a459-a3c0-4f20-8938-d604f6831e90"},{"element-6066-11e4-a52e-4f735466cecf":"db40b5d7-41ac-4809-9cd7-a40aabe1356f"},{"element-6066-11e4-a52e-4f735466cecf":"64f3bd07-c4f4-422c-8a15-9497e3cfcc73"},{"element-6066-11e4-a52e-4f735466cecf":"d2251b8c-1595-46b5-8f68-ecf9e21f005a"},{"element-6066-11e4-a52e-4f735466cecf":"8adb7060-008b-4c26-b9cc-d33a84b12f72"},{"element-6066-11e4-a52e-4f735466cecf":"1c57afd9-8169-42d9-a866-229f505f0808"},{"element-6066-11e4-a52e-4f735466cecf":"06d5b2ac-c46c-47ae-9aaf-8163cfe65cbb"},{"element-6066-11e4-a52e-4f735466cecf":"f6ccaf44-7e98-4dc2-acb3-4840ab9bc6c2"},{"element-6066-11e4-a52e-4f735466cecf":"18b348ce-332f-4259-817f-fe5f2f7ef833"},{"element-6066-11e4-a52e-4f735466cecf":"fb8c4ed9-f986-4455-ac1e-132885d17907"},{"element-6066-11e4-a52e-4f735466cecf":"d4d7eee1-4c4a-46b5-a1a0-57311eff7a06"},{"element-6066-11e4-a52e-4f735466cecf":"25b3341c-8306-4a86-828a-8996de9cd8ab"},{"element-6066-11e4-a52e-4f735466cecf":"e7ae3f31-f130-4bde-9bbc-292297c80506"},{"element-6066-11e4-a52e-4f735466cecf":"b29e903f-059c-48ed-b6e7-4753c3b78ffa"},{"element-6066-11e4-a52e-4f735466cecf":"792ba24a-104f-46e0-90de-a7d489d7ae25"},{"element-6066-11e4-a52e-4f735466cecf":"3c5c6123-cfbc-444e-9cdb-287a27d789cb"},{"element-6066-11e4-a52e-4f735466cecf":"6c3c52b1-58df-4cac-a996-dba6899878a8"},{"element-6066-11e4-a52e-4f735466cecf":"660d8f22-d7b1-487f-861f-0186b56e081e"},{"element-6066-11e4-a52e-4f735466cecf":"c8f2e3cf-bc13-4b9e-bc82-7d55e6027c6c"},{"element-6066-11e4-a52e-4f735466cecf":"c38f4d20-68f7-46ff-bc4a-538415426cd6"},{"element-6066-11e4-a52e-4f735466cecf":"5bb58bc6-43d3-4969-b886-a0052acabd27"},{"element-6066-11e4-a52e-4f735466cecf":"5e0f3d50-1a4b-4e57-bd58-6b00371a0c21"},{"element-6066-11e4-a52e-4f735466cecf":"57ba1092-247a-4bdc-8507-0a21fbb5e29e"},{"element-6066-11e4-a52e-4f735466cecf":"99dccf61-19dd-49bf-bb0f-54dc8d0d608b"},{"element-6066-11e4-a52e-4f735466cecf":"75b0891e-2083-44ae-a33b-35b62bd74d6f"},{"element-6066-11e4-a52e-4f735466cecf":"d4b9b7bc-a0e8-4b2a-9bf1-7de93073f577"},{"element-6066-11e4-a52e-4f735466cecf":"654c4118-6b2b-4ae0-87ce-ca984adac70f"},{"element-6066-11e4-a52e-4f735466cecf":"a6f3d0e7-149d-463f-9bbe-7463c4158b9b"},{"element-6066-11e4-a52e-4f735466cecf":"696c3cd1-79b4-4020-93dd-8f88db62ba9a"},{"element-6066-11e4-a52e-4f735466cecf":"566555e1-a0b4-48d5-8cf6-979449c45504"},{"element-6066-11e4-a52e-4f735466cecf":"d61feff8-1f3d-44b3-9f35-7ad1d0b858a9"},{"element-6066-11e4-a52e-4f735466cecf":"1a84f308-6289-436f-b0ba-6237dfd741bd"},{"element-6066-11e4-a52e-4f735466cecf":"2af5e69d-746d-49ce-8dfb-da2b03234e71"},{"element-6066-11e4-a52e-4f735466cecf":"061d780e-4fd9-41e2-bc22-a028cf1c8872"},{"element-6066-11e4-a52e-4f735466cecf":"23986ebe-85c4-4925-9201-f8b988525380"},{"element-6066-11e4-a52e-4f735466cecf":"5340f49e-962c-4a00-a45f-0f24524ca8c5"},{"element-6066-11e4-a52e-4f735466cecf":"e651fb8c-10b4-4af2-9542-9e1bc3bbf695"},{"element-6066-11e4-a52e-4f735466cecf":"3ce4760b-a0f1-4d64-be44-4bf78a609088"},{"element-6066-11e4-a52e-4f735466cecf":"ec20dea5-1a2f-45d8-8569-1c55134efba2"},{"element-6066-11e4-a52e-4f735466cecf":"17a9e6e5-3770-4347-9398-939e3c8d688b"},{"element-6066-11e4-a52e-4f735466cecf":"ecb58ff5-60bd-422d-8814-8cd91d3f267c"},{"element-6066-11e4-a52e-4f735466cecf":"e1d41270-dc28-41cd-a52c-def84b6893a3"},{"element-6066-11e4-a52e-4f735466cecf":"9ab8681c-02d0-4bb8-a754-9af5324480d8"},{"element-6066-11e4-a52e-4f735466cecf":"1f67294e-c91e-47bc-8c6f-2efcd9e1c83b"},{"element-6066-11e4-a52e-4f735466cecf":"f30d0d39-3441-4279-b44e-85db755eb3d0"},{"element-6066-11e4-a52e-4f735466cecf":"1a66a393-153b-479c-9b88-1ab20cf19b1d"},{"element-6066-11e4-a52e-4f735466cecf":"658a712b-0548-4da0-9e27-306377320fa8"},{"element-6066-11e4-a52e-4f735466cecf":"0a5e44db-aaa0-4aa5-96d0-112a52844f26"},{"element-6066-11e4-a52e-4f735466cecf":"70ed7363-a3df-45fd-8457-13e7269043e9"},{"element-6066-11e4-a52e-4f735466cecf":"8a06e3c7-5f1e-4d9c-bac6-60feff9da092"},{"element-6066-11e4-a52e-4f735466cecf":"ae43bef1-05e5-408c-a704-4b0461635d35"},{"element-6066-11e4-a52e-4f735466cecf":"2c16d23b-e7a5-4192-ba7b-637cc494c554"},{"element-6066-11e4-a52e-4f735466cecf":"0ba94cc9-f52c-4584-b132-39ee2e0cc7c1"},{"element-6066-11e4-a52e-4f735466cecf":"3e59bfd1-cd39-48c7-acae-13cbdfcfd583"},{"element-6066-11e4-a52e-4f735466cecf":"29b82ca7-dd41-43a3-8cd1-a591bfcee557"},{"element-6066-11e4-a52e-4f735466cecf":"294038bc-a855-4f3e-9190-69328d6e0592"},{"element-6066-11e4-a52e-4f735466cecf":"d07cb9e6-7ecb-4eff-a151-ced37155022a"},{"element-6066-11e4-a52e-4f735466cecf":"b54fe1f9-52e4-45e0-b8cb-2f88bf5d85df"},{"element-6066-11e4-a52e-4f735466cecf":"ad530e71-cd84-4459-bfb1-97498dfea612"},{"element-6066-11e4-a52e-4f735466cecf":"d8568a00-34ff-41b1-9b5f-8a32474c280e"},{"element-6066-11e4-a52e-4f735466cecf":"dd703555-500d-4a42-acdb-c82f8a0471ba"},{"element-6066-11e4-a52e-4f735466cecf":"38519b92-c826-4121-8063-a2be77b1b8ba"},{"element-6066-11e4-a52e-4f735466cecf":"00fd5381-4f02-4d36-9aeb-0875a3604dfd"},{"element-6066-11e4-a52e-4f735466cecf":"99f1f243-833d-42d6-b167-346bce331952"},{"element-6066-11e4-a52e-4f735466cecf":"a4f1d1fc-e531-4adf-9b6c-3c92a7496eed"},{"element-6066-11e4-a52e-4f735466cecf":"8071be64-3342-4b4a-ab3d-d77e0bd655ef"},{"element-6066-11e4-a52e-4f735466cecf":"b15532fa-9b69-48d2-8f4d-d076ed3b7aa3"},{"element-6066-11e4-a52e-4f735466cecf":"75463813-dac3-4c56-9469-0260548db925"},{"element-6066-11e4-a52e-4f735466cecf":"f8fb788b-6dfb-4eeb-8871-d91f3482bdc1"},{"element-6066-11e4-a52e-4f735466cecf":"9fc952ee-67cb-46c4-a9f9-68740a979d90"},{"element-6066-11e4-a52e-4f735466cecf":"7dea0476-9e0a-437c-b2b9-af5d6284324d"},{"element-6066-11e4-a52e-4f735466cecf":"3e941b1a-15b8-4950-99ff-423a1f372a33"},{"element-6066-11e4-a52e-4f735466cecf":"a78d3548-5ea1-4802-ab86-99c16e86dd80"},{"element-6066-11e4-a52e-4f735466cecf":"d83e3276-21c4-4486-9761-93034281fd00"},{"element-6066-11e4-a52e-4f735466cecf":"17065854-e897-472a-8ca9-ce391ee33a76"},{"element-6066-11e4-a52e-4f735466cecf":"7310df7f-95a5-460c-b3b3-71b014a53710"},{"element-6066-11e4-a52e-4f735466cecf":"f6b07767-2c1b-4813-aa70-1a496d08d41a"},{"element-6066-11e4-a52e-4f735466cecf":"487bc0e2-0bf6-40d1-b925-b36a13e538e9"},{"element-6066-11e4-a52e-4f735466cecf":"120d7882-376a-4c06-8c10-e3e5280e550b"},{"element-6066-11e4-a52e-4f735466cecf":"5ca19d7b-26fb-47c3-9d50-b4ee386e92ab"},{"element-6066-11e4-a52e-4f735466cecf":"12d770a8-921c-435a-9918-7ba804aad058"},{"element-6066-11e4-a52e-4f735466cecf":"8460705c-c45f-4145-bdb0-fa8c18135af0"},{"element-6066-11e4-a52e-4f735466cecf":"437c383e-ce5a-4c66-9171-304f5b77899e"},{"element-6066-11e4-a52e-4f735466cecf":"2075068c-77d5-437b-8270-f6791a3d2ee2"},{"element-6066-11e4-a52e-4f735466cecf":"9b656ee7-207a-4540-a793-523762c7481d"},{"element-6066-11e4-a52e-4f735466cecf":"1ad68ffe-e3b0-4c1e-8580-dbe02f923eaf"},{"element-6066-11e4-a52e-4f735466cecf":"4b042fd1-427a-4e55-a6da-7b1fa009be28"},{"element-6066-11e4-a52e-4f735466cecf":"6193aff2-d92d-4a74-80be-006df3d604e6"},{"element-6066-11e4-a52e-4f735466cecf":"b72011f7-9512-48b5-99a2-938d884b1696"},{"element-6066-11e4-a52e-4f735466cecf":"0454a951-fc02-4be0-a8df-99e51488dbd2"},{"element-6066-11e4-a52e-4f735466cecf":"51f683f0-06a6-4efe-85b9-89c7af10d896"},{"element-6066-11e4-a52e-4f735466cecf":"b1144ec5-18bb-4d3b-9c60-cdee980a8888"},{"element-6066-11e4-a52e-4f735466cecf":"40ae7362-0ee6-4d90-9a24-024f4690ac4f"},{"element-6066-11e4-a52e-4f735466cecf":"b9aa3751-781b-4abe-a1fc-6a2785fd7c91"},{"element-6066-11e4-a52e-4f735466cecf":"0d5d770e-416d-4fc3-af66-7c63cad4f933"},{"element-6066-11e4-a52e-4f735466cecf":"a9afa063-2f25-4bbc-bb7b-daffd6bdbaa3"},{"element-6066-11e4-a52e-4f735466cecf":"0a38169b-d012-4618-8ef2-4089d92484f1"},{"element-6066-11e4-a52e-4f735466cecf":"59d72de2-3690-4a34-bffc-6b0eca0343f3"},{"element-6066-11e4-a52e-4f735466cecf":"df238303-a985-4cb5-907f-c8a8ed5c9dc9"},{"element-6066-11e4-a52e-4f735466cecf":"c3595b42-7dfc-44fd-8429-7eddceef9ee9"},{"element-6066-11e4-a52e-4f735466cecf":"75dc35dc-c95e-4fa3-98ac-615454f96413"},{"element-6066-11e4-a52e-4f735466cecf":"75508746-479c-4440-b46b-4f89c0c7198c"},{"element-6066-11e4-a52e-4f735466cecf":"667f149f-0877-4cda-b5d1-65f2950dfafd"},{"element-6066-11e4-a52e-4f735466cecf":"ecb9df5d-e4ba-436c-b218-afd2a966c486"},{"element-6066-11e4-a52e-4f735466cecf":"0e828ea7-0ba9-429c-82f5-f23fbc8bef0c"},{"element-6066-11e4-a52e-4f735466cecf":"6c25f9b5-2f04-407a-9ffb-b62968c58ceb"},{"element-6066-11e4-a52e-4f735466cecf":"58c7aca9-98a7-4fd1-bb3f-4595f53ea277"},{"element-6066-11e4-a52e-4f735466cecf":"e7a1e394-d688-4af2-9c43-db5d62e6f7b8"},{"element-6066-11e4-a52e-4f735466cecf":"7b80a97e-46bf-4bb5-bc59-b7f1c058cf4c"},{"element-6066-11e4-a52e-4f735466cecf":"fb465cc3-f21c-41a1-9da1-39b5a048a931"},{"element-6066-11e4-a52e-4f735466cecf":"b5296bd4-003d-4d57-bfb7-ae0c0f67555b"},{"element-6066-11e4-a52e-4f735466cecf":"f593cedf-495d-44ab-81e2-5825d67d6a5b"},{"element-6066-11e4-a52e-4f735466cecf":"8876a768-fd05-4f6f-9970-1ff4a4f196c9"},{"element-6066-11e4-a52e-4f735466cecf":"6a67a6af-858f-40d3-a907-dbb5e8757236"},{"element-6066-11e4-a52e-4f735466cecf":"23a27957-4cd6-4b10-9782-53582b5fe901"},{"element-6066-11e4-a52e-4f735466cecf":"2a23d17b-715c-45c9-89f5-d59dfa944016"},{"element-6066-11e4-a52e-4f735466cecf":"bb883aae-5591-427c-a5fa-0493619d5a33"},{"element-6066-11e4-a52e-4f735466cecf":"8be029fb-fa51-4c95-a6dd-035e0b773859"},{"element-6066-11e4-a52e-4f735466cecf":"dc834a2c-1a5c-490c-b28f-51aca7f9b31f"},{"element-6066-11e4-a52e-4f735466cecf":"68cbbe56-ca2e-4120-af13-65a670d075ec"},{"element-6066-11e4-a52e-4f735466cecf":"1c08dc19-5b32-4aa1-be5f-fc163f88cfb2"},{"element-6066-11e4-a52e-4f735466cecf":"1b67aad7-bf01-466f-84f3-ce0fab860f68"},{"element-6066-11e4-a52e-4f735466cecf":"b297c621-cfad-4741-9e1d-18225ca1ba96"},{"element-6066-11e4-a52e-4f735466cecf":"fb0e6e49-8817-4408-88c2-409fa049ba10"},{"element-6066-11e4-a52e-4f735466cecf":"06729996-dd63-4681-a9d9-646103210150"},{"element-6066-11e4-a52e-4f735466cecf":"84f75132-4298-4365-8d7c-bcb92b42549b"},{"element-6066-11e4-a52e-4f735466cecf":"0132260b-6df2-4b01-8efa-3fd4f98c4d83"},{"element-6066-11e4-a52e-4f735466cecf":"2652e5bc-e857-4862-86ba-3ba5355264db"},{"element-6066-11e4-a52e-4f735466cecf":"b076d26c-2ca2-483e-8871-224ee60d7e5b"},{"element-6066-11e4-a52e-4f735466cecf":"ba77e073-8763-4743-8b29-faea3c778101"},{"element-6066-11e4-a52e-4f735466cecf":"2e175f11-8815-4974-8e25-1c76f418d878"},{"element-6066-11e4-a52e-4f735466cecf":"fa3bf4e3-d665-4da8-b834-6fa6d7aa7eba"},{"element-6066-11e4-a52e-4f735466cecf":"746628d4-3b00-444d-9a1b-671dd525c804"},{"element-6066-11e4-a52e-4f735466cecf":"1deda628-2ee0-446e-a2c0-9df18c341d79"},{"element-6066-11e4-a52e-4f735466cecf":"17283849-94b5-4dd8-9b3d-416defcdc578"},{"element-6066-11e4-a52e-4f735466cecf":"dd575aa5-3491-43ad-a2ea-7bce4d1b351c"},{"element-6066-11e4-a52e-4f735466cecf":"fd9f9f1b-8679-4772-9e31-6e22339e13f0"},{"element-6066-11e4-a52e-4f735466cecf":"64089698-6342-44b3-958a-fd6a28d51aa3"},{"element-6066-11e4-a52e-4f735466cecf":"c90674e4-77d4-48eb-bda0-0a750a099335"},{"element-6066-11e4-a52e-4f735466cecf":"92c06fa6-89df-427b-96e3-1a6546fab756"},{"element-6066-11e4-a52e-4f735466cecf":"32ffb2e9-cd9a-4974-8b03-9361582139e1"},{"element-6066-11e4-a52e-4f735466cecf":"d8171fe6-fc0b-4ec5-8edf-4bc37e67cc86"},{"element-6066-11e4-a52e-4f735466cecf":"5ed9677a-9420-4e39-ad24-db437d022646"},{"element-6066-11e4-a52e-4f735466cecf":"c288d716-402a-4653-b9da-6cfe09432d91"},{"element-6066-11e4-a52e-4f735466cecf":"677ffd45-e2e8-458e-8192-f9ffd851257b"},{"element-6066-11e4-a52e-4f735466cecf":"c66a823c-c56f-493b-9615-4f68e3ae97c0"},{"element-6066-11e4-a52e-4f735466cecf":"2c5d6906-b57d-4888-aadd-298c6625ba86"},{"element-6066-11e4-a52e-4f735466cecf":"2f43492a-ee16-49a4-ad94-8ee924222f32"},{"element-6066-11e4-a52e-4f735466cecf":"c6e490f6-e9e0-4f4a-ad77-e795efc672b8"},{"element-6066-11e4-a52e-4f735466cecf":"0581a57e-b514-472f-bd59-b21b0b1abed9"},{"element-6066-11e4-a52e-4f735466cecf":"639b90ba-6f1e-4696-a656-359d33534797"},{"element-6066-11e4-a52e-4f735466cecf":"17f39658-3c2c-4562-abb8-b9d790412ee6"},{"element-6066-11e4-a52e-4f735466cecf":"43e58c99-ae0a-4a66-b41c-263d1965e9ab"},{"element-6066-11e4-a52e-4f735466cecf":"3b10fa84-fb6e-41db-bbd8-11cac8f1b2c5"},{"element-6066-11e4-a52e-4f735466cecf":"6c5b70f3-2ce5-4957-a4ad-d1bf4197340a"},{"element-6066-11e4-a52e-4f735466cecf":"07afcc69-ed7f-4da1-aa07-0cbbcb95f8aa"},{"element-6066-11e4-a52e-4f735466cecf":"4a7be231-f412-44a1-afe3-6522c7617d4d"},{"element-6066-11e4-a52e-4f735466cecf":"6ff91923-64db-435d-af1e-5e9fc49afa05"},{"element-6066-11e4-a52e-4f735466cecf":"6ee2b628-88d6-4482-a493-a4b564ac4344"},{"element-6066-11e4-a52e-4f735466cecf":"505d2cf1-e1db-4ce7-aadb-3f40ad66d059"},{"element-6066-11e4-a52e-4f735466cecf":"14a6f7bc-3a4b-41e5-a613-ab94a0b33fb6"},{"element-6066-11e4-a52e-4f735466cecf":"2c10772a-4dd3-4e57-b702-d665fb0e8e86"},{"element-6066-11e4-a52e-4f735466cecf":"295250f2-50e3-498e-adfd-cd8cd2857578"},{"element-6066-11e4-a52e-4f735466cecf":"83d48048-8f2e-4785-a689-4ff62fbde547"},{"element-6066-11e4-a52e-4f735466cecf":"e22bde82-3143-4e93-bea2-d9b80787b182"},{"element-6066-11e4-a52e-4f735466cecf":"596c1333-9378-413e-b9d3-6a4e3b423854"},{"element-6066-11e4-a52e-4f735466cecf":"55f2b185-1917-4b56-9e42-28e7643810a5"},{"element-6066-11e4-a52e-4f735466cecf":"62662722-9703-4849-9d0f-707367ff8691"},{"element-6066-11e4-a52e-4f735466cecf":"a5f082dc-204e-442d-8843-0699cac91bd0"},{"element-6066-11e4-a52e-4f735466cecf":"db800395-9430-487b-9875-6f425bc0bd51"},{"element-6066-11e4-a52e-4f735466cecf":"9bcf55cc-d817-45ca-aa98-55d7d06f7555"},{"element-6066-11e4-a52e-4f735466cecf":"f59bc89f-6e7d-4cc1-8a93-48b26a41cbf7"},{"element-6066-11e4-a52e-4f735466cecf":"d253f8b5-16c2-47e7-8ccf-8e3f37874289"},{"element-6066-11e4-a52e-4f735466cecf":"befb9859-92ab-4406-86da-c6c161e0713d"},{"element-6066-11e4-a52e-4f735466cecf":"96d48b9c-3c43-4893-88d4-4decdc83f320"},{"element-6066-11e4-a52e-4f735466cecf":"9863c382-d5c1-42cf-b644-c4395f988a90"},{"element-6066-11e4-a52e-4f735466cecf":"734e7c77-df19-421c-9bd1-d3ae5ead2cd2"},{"element-6066-11e4-a52e-4f735466cecf":"ab929203-23b0-498b-890b-36a86c268827"},{"element-6066-11e4-a52e-4f735466cecf":"d5b13a34-8aad-4c00-bcfb-d59fbb476dec"},{"element-6066-11e4-a52e-4f735466cecf":"084a7121-c5c8-4a96-a848-9e98ce0df020"},{"element-6066-11e4-a52e-4f735466cecf":"c6d4ee9c-6117-4549-9870-2d5b958f7dcd"},{"element-6066-11e4-a52e-4f735466cecf":"e9a768ea-ca10-4b39-9e21-c5b3274d1655"},{"element-6066-11e4-a52e-4f735466cecf":"d6e6072c-655b-4d76-9af9-eab998d85630"},{"element-6066-11e4-a52e-4f735466cecf":"4543f2b4-b571-4a9b-9e71-ddc7a23fb056"},{"element-6066-11e4-a52e-4f735466cecf":"5f4cb847-4815-4130-97b0-3a1d7d2d3df4"},{"element-6066-11e4-a52e-4f735466cecf":"5dbbd0eb-7f26-475c-996d-eff51bd33b0e"},{"element-6066-11e4-a52e-4f735466cecf":"3d841398-7f3e-42bf-8759-41ff5776ae1e"},{"element-6066-11e4-a52e-4f735466cecf":"8b77c9ce-9094-4e6e-85fe-b41dd18b0ec1"},{"element-6066-11e4-a52e-4f735466cecf":"e77ed493-aa05-4800-a739-54fbc886fe4f"},{"element-6066-11e4-a52e-4f735466cecf":"a150d4a0-6f29-442c-a4bd-2406cad29a7e"},{"element-6066-11e4-a52e-4f735466cecf":"16a7fa53-95be-421c-ad65-cc41c8d25371"},{"element-6066-11e4-a52e-4f735466cecf":"ac56ceff-2b1a-4289-9a29-5ec869a4fec2"},{"element-6066-11e4-a52e-4f735466cecf":"1ef2e61c-0535-466c-9b78-1daa201f942a"},{"element-6066-11e4-a52e-4f735466cecf":"4afb41b8-4f31-4f4f-96c6-ad45552642fb"},{"element-6066-11e4-a52e-4f735466cecf":"6c16c9d4-279b-4ae6-93e5-e8b6a374ff87"},{"element-6066-11e4-a52e-4f735466cecf":"01ac6a8f-2fe1-46e5-9134-c96025d122d3"},{"element-6066-11e4-a52e-4f735466cecf":"a516504c-d103-4f17-b996-c4fbf3a79f16"},{"element-6066-11e4-a52e-4f735466cecf":"5dfb6725-cdca-4f22-9d12-5d19ead7405b"},{"element-6066-11e4-a52e-4f735466cecf":"af0210d4-fce6-496e-ba1b-bfbbc28e271d"},{"element-6066-11e4-a52e-4f735466cecf":"e242fdf0-5ebe-4376-9d80-e7343908adeb"},{"element-6066-11e4-a52e-4f735466cecf":"165f0392-7c6c-4e58-b822-207124e2e592"},{"element-6066-11e4-a52e-4f735466cecf":"62de0a19-e4df-41ba-a978-6ce6e9ff2dfe"},{"element-6066-11e4-a52e-4f735466cecf":"af6c8667-0074-4479-af31-66aa58c40e69"},{"element-6066-11e4-a52e-4f735466cecf":"408e6cd7-a14e-46ac-aa65-95de3d1afca1"},{"element-6066-11e4-a52e-4f735466cecf":"7c660288-f094-44bf-b23b-71e45b7c5f24"},{"element-6066-11e4-a52e-4f735466cecf":"e3ff30dc-8891-4466-8ec2-7f18a8fe5e7c"},{"element-6066-11e4-a52e-4f735466cecf":"eb253090-98ca-47f4-9566-5cad03257c93"},{"element-6066-11e4-a52e-4f735466cecf":"494a6db8-bbd3-4d03-b7bc-cc95e7bbf2aa"},{"element-6066-11e4-a52e-4f735466cecf":"ba77405c-f9af-4405-ada1-056c67336cb1"},{"element-6066-11e4-a52e-4f735466cecf":"05e31c3f-b170-458f-852b-03414a3f987c"},{"element-6066-11e4-a52e-4f735466cecf":"25353688-3a97-4b1f-8bc4-8b0d46e4953a"},{"element-6066-11e4-a52e-4f735466cecf":"42ff0615-d7b1-488d-a612-7eb36cdc1bec"},{"element-6066-11e4-a52e-4f735466cecf":"22de9f78-38f3-4dce-a3fb-fd81b39fba1a"},{"element-6066-11e4-a52e-4f735466cecf":"e9af47cd-2492-4c96-8541-bc6f09a0ae97"},{"element-6066-11e4-a52e-4f735466cecf":"2a48224b-41eb-4d09-9aaa-698ef240cc41"},{"element-6066-11e4-a52e-4f735466cecf":"7b2b2e6e-1611-4237-bb3d-bc53ffac3344"},{"element-6066-11e4-a52e-4f735466cecf":"5f599e1d-4594-4619-9ad0-a0f2be571d94"},{"element-6066-11e4-a52e-4f735466cecf":"7576be3a-93e0-4328-aebe-f338b3e5a4dc"},{"element-6066-11e4-a52e-4f735466cecf":"9fd2e282-9d2e-4deb-a987-5d0aa3d00896"},{"element-6066-11e4-a52e-4f735466cecf":"b9b81224-7e0b-4898-9705-5b67dbe055fd"},{"element-6066-11e4-a52e-4f735466cecf":"7faef68f-87df-41e1-8ab3-2a319800e1e3"},{"element-6066-11e4-a52e-4f735466cecf":"f4979114-b910-41ff-85fd-12bd8a7f0d8d"},{"element-6066-11e4-a52e-4f735466cecf":"260c9637-9239-49ed-ae38-05112586d747"},{"element-6066-11e4-a52e-4f735466cecf":"42217f80-bf0c-4a48-ab8c-94c6938c480e"},{"element-6066-11e4-a52e-4f735466cecf":"5febb59a-96a1-40e1-a732-1e29527c46a7"},{"element-6066-11e4-a52e-4f735466cecf":"90d98ec0-38bd-4659-93aa-4c633ce38ea3"},{"element-6066-11e4-a52e-4f735466cecf":"e00bff95-cf86-471d-999c-14108bcebdb5"},{"element-6066-11e4-a52e-4f735466cecf":"dc0f1832-269a-4a18-b714-9a352d9a73c4"},{"element-6066-11e4-a52e-4f735466cecf":"26a3c743-a9cd-4316-8e56-c0d07e58051b"},{"element-6066-11e4-a52e-4f735466cecf":"bb083f0b-3078-4a34-910c-d535f9b5d9fe"},{"element-6066-11e4-a52e-4f735466cecf":"497ac420-b542-4203-8418-1713dc4d0b4a"},{"element-6066-11e4-a52e-4f735466cecf":"c84fca86-c116-43e8-8a57-d23368ce869f"},{"element-6066-11e4-a52e-4f735466cecf":"e489b960-9a5b-4cc4-8e90-e4a927fb98fb"},{"element-6066-11e4-a52e-4f735466cecf":"4a316636-009e-452a-9f7b-bf7f9fe67246"},{"element-6066-11e4-a52e-4f735466cecf":"5a5ad9e7-cea5-46a3-ab24-5356557d58f5"},{"element-6066-11e4-a52e-4f735466cecf":"19cf80b0-5b03-4d89-8f1f-7b901d07dc8e"},{"element-6066-11e4-a52e-4f735466cecf":"7f7e4e58-ca1d-4893-ac3b-6e855ce2f85f"},{"element-6066-11e4-a52e-4f735466cecf":"cb4e6df2-41b8-4564-a07b-cf23163c52d9"},{"element-6066-11e4-a52e-4f735466cecf":"46c2268e-dbcc-4650-a687-2255a8186840"},{"element-6066-11e4-a52e-4f735466cecf":"f2c2a147-2d69-444a-b319-ea93342088cc"},{"element-6066-11e4-a52e-4f735466cecf":"2b6889bf-ee98-4e77-b3f6-fccc6e7d4c14"},{"element-6066-11e4-a52e-4f735466cecf":"101609ce-382e-4d5b-9dc2-ba71367452bf"},{"element-6066-11e4-a52e-4f735466cecf":"7dd27003-0395-4733-a254-54d67e1fe57a"},{"element-6066-11e4-a52e-4f735466cecf":"0f670e1d-3ab4-419a-a0b9-6d97ec56ceb9"},{"element-6066-11e4-a52e-4f735466cecf":"a996646a-be3c-44a0-aa47-4a4e362b774b"},{"element-6066-11e4-a52e-4f735466cecf":"3d6ceb8e-e9f9-43ca-8088-61f52e5e4db7"},{"element-6066-11e4-a52e-4f735466cecf":"5cd37939-f817-43c2-b9eb-1ceb5f03c4c5"},{"element-6066-11e4-a52e-4f735466cecf":"a5937e07-55f3-4b21-9cdb-4051d07b0f28"},{"element-6066-11e4-a52e-4f735466cecf":"2865de08-3589-4463-9f88-ef0d849b1deb"},{"element-6066-11e4-a52e-4f735466cecf":"df0af0e8-e000-4403-bcd5-ad048714335f"},{"element-6066-11e4-a52e-4f735466cecf":"ac356ff2-b2c5-489f-a63d-8fbf92f9fa5d"},{"element-6066-11e4-a52e-4f735466cecf":"92ac4712-e857-4902-b012-9619c9fc5375"},{"element-6066-11e4-a52e-4f735466cecf":"c633d86b-4ada-465e-a815-8df1deab09a5"},{"element-6066-11e4-a52e-4f735466cecf":"acc8e809-febb-4b26-a386-31398c2986f5"},{"element-6066-11e4-a52e-4f735466cecf":"f71d6516-0a59-4382-b61a-a9cd764d4990"},{"element-6066-11e4-a52e-4f735466cecf":"fd0816bc-49c6-49e5-8137-547671162c7f"},{"element-6066-11e4-a52e-4f735466cecf":"e9f95ccc-638a-4bed-94b3-4d6c674de049"},{"element-6066-11e4-a52e-4f735466cecf":"054fc67e-a090-4937-a751-dc323850b745"},{"element-6066-11e4-a52e-4f735466cecf":"4ad2f776-33d5-43a8-ba29-8bc367f8c24e"},{"element-6066-11e4-a52e-4f735466cecf":"f6f09f8a-539b-46a8-bcb5-7e1f01457f4d"},{"element-6066-11e4-a52e-4f735466cecf":"3fbb9391-eda5-4bb4-a902-54f461d9985d"},{"element-6066-11e4-a52e-4f735466cecf":"c2ff83ef-5d88-4d07-b805-29182f58d698"},{"element-6066-11e4-a52e-4f735466cecf":"9aca20a5-e8bd-4639-b60a-b8776f65f796"},{"element-6066-11e4-a52e-4f735466cecf":"9ca3399d-09b7-4a59-b460-dfac91a58acc"},{"element-6066-11e4-a52e-4f735466cecf":"71d80501-5155-4d10-a37c-ba69fc14a717"},{"element-6066-11e4-a52e-4f735466cecf":"9684143c-5d50-46a0-a086-4eee041260a6"},{"element-6066-11e4-a52e-4f735466cecf":"5849a5de-6fb2-4c29-92b3-b502a88f3b1e"},{"element-6066-11e4-a52e-4f735466cecf":"a94e8a67-8291-4621-8d2e-0cb8199826d6"},{"element-6066-11e4-a52e-4f735466cecf":"b3e575d7-afbb-4753-b9fa-90f32071d53d"},{"element-6066-11e4-a52e-4f735466cecf":"52913b54-8ccc-47c4-991f-829e3b41a361"},{"element-6066-11e4-a52e-4f735466cecf":"4cd744da-07ae-4c92-98ce-0c2dfa3c95af"},{"element-6066-11e4-a52e-4f735466cecf":"87ccaaa2-8f53-4bea-a5ef-760e3212eb11"},{"element-6066-11e4-a52e-4f735466cecf":"453671d4-09d8-47bb-adcc-fb1736e0d18a"},{"element-6066-11e4-a52e-4f735466cecf":"4e62c4ac-456f-492f-a5f4-211d9c3f1c1a"},{"element-6066-11e4-a52e-4f735466cecf":"4e2482b0-310a-4901-a818-5aab8e9179f3"},{"element-6066-11e4-a52e-4f735466cecf":"a29c591c-42ca-443d-bbb0-6c2f52ffb595"},{"element-6066-11e4-a52e-4f735466cecf":"b666010d-4cf8-4a48-b0dd-2fdb93acef7e"},{"element-6066-11e4-a52e-4f735466cecf":"55434e1d-c4b9-47e8-b888-ee7edf61ed31"},{"element-6066-11e4-a52e-4f735466cecf":"86f2d4de-9bc0-4b6b-994a-83926373818f"},{"element-6066-11e4-a52e-4f735466cecf":"5e254594-daf7-4607-9d3a-53ae8d5cc5a2"},{"element-6066-11e4-a52e-4f735466cecf":"20a8ffef-a5be-40eb-956d-9e9375465fbb"},{"element-6066-11e4-a52e-4f735466cecf":"d1632e3d-3310-4c47-abe5-7c6c3d36b3d8"},{"element-6066-11e4-a52e-4f735466cecf":"9b3a0350-a73b-46be-8566-f0448da8fd49"},{"element-6066-11e4-a52e-4f735466cecf":"1914a1be-807a-46c8-86cf-6ae91f9deaf6"},{"element-6066-11e4-a52e-4f735466cecf":"2332fdaa-a5ea-46a5-85eb-8dfbcc3cefc6"},{"element-6066-11e4-a52e-4f735466cecf":"7c9e730d-d3e9-431c-85aa-d2064b57cf41"},{"element-6066-11e4-a52e-4f735466cecf":"49abb247-246e-4758-9686-42267fe3c3f6"},{"element-6066-11e4-a52e-4f735466cecf":"b14267c1-592b-4f8a-a0d3-09213c21c4d6"},{"element-6066-11e4-a52e-4f735466cecf":"2528410d-58b8-4fea-bd3c-21934a14ffde"},{"element-6066-11e4-a52e-4f735466cecf":"10e5b2e7-ffa5-4268-b207-aeb6419b7aa4"},{"element-6066-11e4-a52e-4f735466cecf":"8cbeb394-c223-426f-a0ff-a4fb78b66c25"},{"element-6066-11e4-a52e-4f735466cecf":"f2433ffd-97a3-4f66-9911-9f50f2e0ed5b"},{"element-6066-11e4-a52e-4f735466cecf":"a1c2ce8d-478e-4b6a-b4aa-37c769b02b4e"},{"element-6066-11e4-a52e-4f735466cecf":"c72d2850-a9c3-4b15-804f-39974a8f0d5f"},{"element-6066-11e4-a52e-4f735466cecf":"36831661-944d-49f8-b2df-4d2f6c79f751"},{"element-6066-11e4-a52e-4f735466cecf":"7dc17cce-6786-4587-bcaa-f672170811a3"},{"element-6066-11e4-a52e-4f735466cecf":"7440b9f2-ae4a-4392-ba7b-5ec5637d028e"},{"element-6066-11e4-a52e-4f735466cecf":"ad17c354-8163-49ff-b8e5-a993e6c4661d"},{"element-6066-11e4-a52e-4f735466cecf":"15121804-7af6-40f8-80cd-59a29bd70389"},{"element-6066-11e4-a52e-4f735466cecf":"e4c43bb0-ea71-4500-a52a-dc1bde4d9a08"},{"element-6066-11e4-a52e-4f735466cecf":"0cfe3cd4-bf16-4dc3-ac9c-c136c5073a61"},{"element-6066-11e4-a52e-4f735466cecf":"a186a52c-5f06-4458-bdfe-48f587d62c31"},{"element-6066-11e4-a52e-4f735466cecf":"8cd22e99-a5df-4b2b-88a7-c38a84147483"},{"element-6066-11e4-a52e-4f735466cecf":"c5f33990-747e-4012-b1c2-5c39e5eae48a"},{"element-6066-11e4-a52e-4f735466cecf":"df33a2e7-72ba-446d-8f44-1f1664e7b51e"},{"element-6066-11e4-a52e-4f735466cecf":"89a3d49d-e9ca-40bc-bbd6-2378dab94c4a"},{"element-6066-11e4-a52e-4f735466cecf":"aa87c860-0901-431b-bffc-560a5bccd49d"},{"element-6066-11e4-a52e-4f735466cecf":"21e745df-977e-4ff0-b5ac-c2dfd4281f7c"},{"element-6066-11e4-a52e-4f735466cecf":"8d4e412c-752d-4d0e-8c35-21ed25db8a39"},{"element-6066-11e4-a52e-4f735466cecf":"983045cc-73fa-4343-86b7-0b0aee89fcbe"},{"element-6066-11e4-a52e-4f735466cecf":"37f974b3-de12-4e63-a651-0b9271f9ad6b"},{"element-6066-11e4-a52e-4f735466cecf":"5ed10d6a-c8e2-41cf-9410-96ff4e03ca2f"},{"element-6066-11e4-a52e-4f735466cecf":"c83dc2d8-b1f1-40c1-9508-5768790e30da"},{"element-6066-11e4-a52e-4f735466cecf":"cc24ce80-a94f-498a-991a-07b658fb6c28"},{"element-6066-11e4-a52e-4f735466cecf":"a8a259f4-0781-4b6d-8ddf-cd32b5154f3a"},{"element-6066-11e4-a52e-4f735466cecf":"59d52bcd-e721-4ddb-a5f3-4f1ae1356398"},{"element-6066-11e4-a52e-4f735466cecf":"dfde1ef9-b511-4506-940c-851eb1c05c22"},{"element-6066-11e4-a52e-4f735466cecf":"c9d34c9e-1516-47ec-86fa-8e094417035d"},{"element-6066-11e4-a52e-4f735466cecf":"3dc08909-807a-4d30-993f-80858002fb3f"},{"element-6066-11e4-a52e-4f735466cecf":"d297473b-a313-4760-8261-89bca5b42eea"},{"element-6066-11e4-a52e-4f735466cecf":"8e5b4b0e-8510-48c9-acc6-636402de8742"},{"element-6066-11e4-a52e-4f735466cecf":"a5d49ed5-1c9c-4bf6-a035-894e072e2d30"},{"element-6066-11e4-a52e-4f735466cecf":"2558d024-12db-4936-979f-46650e40913e"},{"element-6066-11e4-a52e-4f735466cecf":"cad82585-1ecf-4419-be65-199ba713e640"},{"element-6066-11e4-a52e-4f735466cecf":"73b8e342-f650-4b58-a41f-be05764b69ef"},{"element-6066-11e4-a52e-4f735466cecf":"084a8ad5-c447-4760-90a4-c140cac8c478"},{"element-6066-11e4-a52e-4f735466cecf":"0b3d64c9-f1c4-4f21-a6a6-30b17cc5ed50"},{"element-6066-11e4-a52e-4f735466cecf":"0007add5-9d32-4248-bbb9-2b208131ce07"},{"element-6066-11e4-a52e-4f735466cecf":"23a435f3-7a6d-425b-831f-b369ae28d2df"},{"element-6066-11e4-a52e-4f735466cecf":"6d02210f-ee98-46cc-8c17-5d2c7ff24abe"},{"element-6066-11e4-a52e-4f735466cecf":"28569ac3-519a-40a7-a6b2-6f62ae721984"},{"element-6066-11e4-a52e-4f735466cecf":"99f3a11f-d7de-4e9f-9b23-57ff3beca88b"},{"element-6066-11e4-a52e-4f735466cecf":"62e6dbfa-8805-4a57-ab70-d28280e5ed87"},{"element-6066-11e4-a52e-4f735466cecf":"c7f89cd0-b4f5-463c-88ba-0d1de0178405"},{"element-6066-11e4-a52e-4f735466cecf":"ca14fccb-746e-40ae-86c0-bb73b09a437a"},{"element-6066-11e4-a52e-4f735466cecf":"ba7cd897-8a65-4cee-b96e-0d926ff4b58e"},{"element-6066-11e4-a52e-4f735466cecf":"276fca49-986f-424b-b756-cf3c3ddcf116"},{"element-6066-11e4-a52e-4f735466cecf":"a1b7e0c0-633b-4c14-93db-a4eefa0fef10"},{"element-6066-11e4-a52e-4f735466cecf":"4e71a723-ccd3-4e8c-8747-fda7c3e3584d"},{"element-6066-11e4-a52e-4f735466cecf":"b867fdb0-a467-4e90-91dc-ba6277861daa"},{"element-6066-11e4-a52e-4f735466cecf":"36323fd0-c038-408e-a7da-04499bd524ef"},{"element-6066-11e4-a52e-4f735466cecf":"55725302-0e56-4f86-8755-695040ff9028"},{"element-6066-11e4-a52e-4f735466cecf":"da93f91f-f8f9-41cc-8b9e-fb54dee0e1cc"},{"element-6066-11e4-a52e-4f735466cecf":"fb37ca62-3c00-4716-a844-79cb8b095bb0"},{"element-6066-11e4-a52e-4f735466cecf":"d21f8310-9660-4843-bded-4a747892376f"},{"element-6066-11e4-a52e-4f735466cecf":"99158a5b-e472-48ca-b58e-e2d3ffa65084"},{"element-6066-11e4-a52e-4f735466cecf":"3bca7598-e6a8-4470-a1db-8a112cc52bf1"},{"element-6066-11e4-a52e-4f735466cecf":"ffcd883c-cbff-40e6-b0bc-2e5a3403cf7d"},{"element-6066-11e4-a52e-4f735466cecf":"7353fda2-9fe8-480a-84a2-eda5d2cf71a9"},{"element-6066-11e4-a52e-4f735466cecf":"947c9ca1-1d11-4ca9-a0d3-23a818bcfcfd"},{"element-6066-11e4-a52e-4f735466cecf":"c998ce82-38f9-4677-9b21-0eabc57b311f"},{"element-6066-11e4-a52e-4f735466cecf":"88ac1f64-4d57-47ba-8b1f-ee6e69a4287e"},{"element-6066-11e4-a52e-4f735466cecf":"8a79b9a8-454e-4e25-8978-6d704b4a0396"},{"element-6066-11e4-a52e-4f735466cecf":"34c92f21-d331-4789-8bf4-d3705f52030b"},{"element-6066-11e4-a52e-4f735466cecf":"02f02ce0-4e00-4281-a433-a3653ef151f7"},{"element-6066-11e4-a52e-4f735466cecf":"a1e6b55c-108f-4258-a701-29d5d5280daa"},{"element-6066-11e4-a52e-4f735466cecf":"cdba41ee-4b05-4ee3-87d9-b4f16cb97efe"},{"element-6066-11e4-a52e-4f735466cecf":"febd1609-a097-41ec-9a4d-2e8aee4fe082"},{"element-6066-11e4-a52e-4f735466cecf":"ce46e401-a013-45f4-a298-c157d355a740"},{"element-6066-11e4-a52e-4f735466cecf":"07bae0d2-e9cd-4ff0-816d-8d94d1ce3828"},{"element-6066-11e4-a52e-4f735466cecf":"2089ac02-2ab6-4fc4-941c-e4018f428c0d"},{"element-6066-11e4-a52e-4f735466cecf":"3bda704f-b00c-45ae-9bc8-8ae108201f7e"},{"element-6066-11e4-a52e-4f735466cecf":"76a9ce8b-6352-4191-89f9-e0ffc0fc413a"},{"element-6066-11e4-a52e-4f735466cecf":"d6f0683d-5f63-4db3-bfbd-163043ff7688"},{"element-6066-11e4-a52e-4f735466cecf":"b5bb856a-b705-4800-81a0-6264428cdc43"},{"element-6066-11e4-a52e-4f735466cecf":"300505ee-453a-4bef-a2fa-81fca3177525"},{"element-6066-11e4-a52e-4f735466cecf":"9863049f-db14-42ab-8cda-858e72f61fd8"},{"element-6066-11e4-a52e-4f735466cecf":"51528ecd-f49c-427d-b955-8ead70435b62"},{"element-6066-11e4-a52e-4f735466cecf":"2da2d813-bd34-4f7e-8158-8596e79bc6e8"},{"element-6066-11e4-a52e-4f735466cecf":"e0cdba34-8d6d-4c43-b731-ef89ddff82ae"},{"element-6066-11e4-a52e-4f735466cecf":"58d147ce-bfb5-45f5-97ba-2d1994401f47"},{"element-6066-11e4-a52e-4f735466cecf":"14223207-2683-4949-92b7-72134109f987"},{"element-6066-11e4-a52e-4f735466cecf":"33b59775-adde-41c1-9bbb-233275dff863"},{"element-6066-11e4-a52e-4f735466cecf":"a4f027ec-30c8-44e4-b6a8-db039bac142f"},{"element-6066-11e4-a52e-4f735466cecf":"03b75458-1994-4a62-ae54-5451cadc89a9"},{"element-6066-11e4-a52e-4f735466cecf":"85668851-2505-431b-b5cc-879b8a7471e7"},{"element-6066-11e4-a52e-4f735466cecf":"1c744714-4bc0-4607-b27f-8ad9b8bb3816"},{"element-6066-11e4-a52e-4f735466cecf":"037ff765-577d-45f4-9c53-02485088bd15"},{"element-6066-11e4-a52e-4f735466cecf":"469f3439-bab3-4786-aafd-d7cbce937d69"},{"element-6066-11e4-a52e-4f735466cecf":"65127b7b-002d-4d8e-8f6b-1f06016ef2cd"},{"element-6066-11e4-a52e-4f735466cecf":"1b5329fa-6fa4-42f4-967d-87104ef66f49"},{"element-6066-11e4-a52e-4f735466cecf":"6396c20a-62f3-49f4-ad74-2aab617e6459"},{"element-6066-11e4-a52e-4f735466cecf":"03f0eb4a-3bf3-443f-8e7f-c94bd338c669"},{"element-6066-11e4-a52e-4f735466cecf":"78492f43-d7fc-4530-a1f0-af34ce706182"},{"element-6066-11e4-a52e-4f735466cecf":"0f2fe657-0a2c-4fad-82ad-d142fbde6b52"},{"element-6066-11e4-a52e-4f735466cecf":"223456e0-b316-4aa5-8425-2063f023487b"},{"element-6066-11e4-a52e-4f735466cecf":"7dcdb004-1279-45c1-88f8-da6da3b22fbb"},{"element-6066-11e4-a52e-4f735466cecf":"429e76d0-8d2d-4333-8b4b-8615eb801c3a"},{"element-6066-11e4-a52e-4f735466cecf":"8215f70e-0a48-425f-946e-0a0769c043ce"},{"element-6066-11e4-a52e-4f735466cecf":"a72a6868-4441-440a-8014-dd6c205a876c"},{"element-6066-11e4-a52e-4f735466cecf":"c92853be-033b-4bce-b40f-467eb89c8226"},{"element-6066-11e4-a52e-4f735466cecf":"498857e9-7b6c-4479-9ffb-cd85a69b1015"},{"element-6066-11e4-a52e-4f735466cecf":"642878e4-be0b-46e4-b8ab-3f778011cfac"},{"element-6066-11e4-a52e-4f735466cecf":"06d0f2be-9a85-42f3-a8b5-df84fa78bd9a"},{"element-6066-11e4-a52e-4f735466cecf":"db1f34fd-928b-44dd-824e-3db141866a05"},{"element-6066-11e4-a52e-4f735466cecf":"41591791-a8c9-4bb6-ac46-bbbafc1d8c85"},{"element-6066-11e4-a52e-4f735466cecf":"d197e940-236e-44f8-81cf-c6b6b00fe210"},{"element-6066-11e4-a52e-4f735466cecf":"343e3a4c-073d-4769-a830-5b349ae2727a"},{"element-6066-11e4-a52e-4f735466cecf":"ecae64de-2984-43c3-8796-48c4d028a2d1"},{"element-6066-11e4-a52e-4f735466cecf":"18583b0b-f723-4e0a-b0d2-3270858f3ecd"},{"element-6066-11e4-a52e-4f735466cecf":"1186437e-b6bd-4284-97d6-8ba70cdb48d8"},{"element-6066-11e4-a52e-4f735466cecf":"859d7e1f-71a5-4a73-a201-31db17fa970a"},{"element-6066-11e4-a52e-4f735466cecf":"5e6c469e-0282-45ab-9153-1e9e2af7395c"},{"element-6066-11e4-a52e-4f735466cecf":"0444d715-ce72-4c04-9b95-bb7a8afd42c7"},{"element-6066-11e4-a52e-4f735466cecf":"1e22fa48-a1ff-426b-8589-c23db79821a5"},{"element-6066-11e4-a52e-4f735466cecf":"ef54b167-099f-4fde-b038-7f238fd5b147"},{"element-6066-11e4-a52e-4f735466cecf":"662f1aff-2a28-407f-bba2-6e657d33d6d1"},{"element-6066-11e4-a52e-4f735466cecf":"67410189-4bff-43b0-8bad-8e49c7a59ca4"},{"element-6066-11e4-a52e-4f735466cecf":"99eed528-395b-4aa8-9b4d-90e0a7f70944"},{"element-6066-11e4-a52e-4f735466cecf":"fc922f68-ae78-41fa-862e-1b072ef93239"},{"element-6066-11e4-a52e-4f735466cecf":"9a89ca11-a629-4406-adab-dc2023ffd6be"},{"element-6066-11e4-a52e-4f735466cecf":"1f7c2a60-269b-48dd-bfed-b3c1f33403e4"},{"element-6066-11e4-a52e-4f735466cecf":"12c4257c-fe4c-4392-9619-9c263c0265a6"},{"element-6066-11e4-a52e-4f735466cecf":"0630a95f-c7e8-406c-ba93-e5a8275ae664"},{"element-6066-11e4-a52e-4f735466cecf":"539827e8-056e-4e4d-a1c0-58fb24d64f11"},{"element-6066-11e4-a52e-4f735466cecf":"a38bdfb8-630f-4869-990c-fd20225a1210"},{"element-6066-11e4-a52e-4f735466cecf":"f49e4eed-935b-4613-813f-1b0ec8f7b85d"},{"element-6066-11e4-a52e-4f735466cecf":"0299e250-7298-4c3f-89fb-dc27aba05eb7"},{"element-6066-11e4-a52e-4f735466cecf":"7b32bcab-53a4-41f6-ac04-eb5ab9358bb8"},{"element-6066-11e4-a52e-4f735466cecf":"27909b11-d730-4a9e-9726-c7cd18b0fdc2"},{"element-6066-11e4-a52e-4f735466cecf":"927e4a6c-5ca9-44b7-b932-c2b595a962b9"},{"element-6066-11e4-a52e-4f735466cecf":"6840b745-8d9a-454f-a400-23bf0b266dd1"},{"element-6066-11e4-a52e-4f735466cecf":"bec5ca8c-968a-4868-a4c7-7044bbd11c25"},{"element-6066-11e4-a52e-4f735466cecf":"fc480acf-8d02-4317-927c-4a4fe0f89804"},{"element-6066-11e4-a52e-4f735466cecf":"6aea4513-f948-4a5a-ab8c-242bf71aab87"},{"element-6066-11e4-a52e-4f735466cecf":"8bea17b1-01c9-41a6-8f84-ac5935e1abeb"},{"element-6066-11e4-a52e-4f735466cecf":"9687678f-498c-43ee-9008-554798b94253"},{"element-6066-11e4-a52e-4f735466cecf":"f2e17857-86eb-4140-aa68-175453b3e561"},{"element-6066-11e4-a52e-4f735466cecf":"115a1889-d778-4f8f-96db-64e8c9227ce1"},{"element-6066-11e4-a52e-4f735466cecf":"bc5704d5-5652-4156-b65f-5a3863dfaad8"},{"element-6066-11e4-a52e-4f735466cecf":"cc6b3507-962f-4c31-b76d-17ac816b7a7a"},{"element-6066-11e4-a52e-4f735466cecf":"c379c5b7-f573-4ca0-8a27-68e7ba046619"},{"element-6066-11e4-a52e-4f735466cecf":"05f880cb-9cf3-4b3e-b505-f08635feb82a"},{"element-6066-11e4-a52e-4f735466cecf":"65ed04fa-2178-45e8-ace9-52da7725bc1b"},{"element-6066-11e4-a52e-4f735466cecf":"97e99a78-0efc-4f25-9eac-7ccdd1866b9b"},{"element-6066-11e4-a52e-4f735466cecf":"86a0c149-24a2-4ccc-8cb8-7f6a21d658b2"},{"element-6066-11e4-a52e-4f735466cecf":"a80770cb-adf6-40e0-839b-7bfe66dccb60"},{"element-6066-11e4-a52e-4f735466cecf":"174f3f00-b4d6-44a0-aa8a-d2081c9ee4ff"},{"element-6066-11e4-a52e-4f735466cecf":"355a9b39-f37d-4588-b1dd-5c901ff6c767"},{"element-6066-11e4-a52e-4f735466cecf":"e08046bc-289b-4914-bfc0-d7923b72e478"},{"element-6066-11e4-a52e-4f735466cecf":"52889e3a-7ff5-4c5e-b582-d521dfc2aef3"},{"element-6066-11e4-a52e-4f735466cecf":"97e2a6dd-02cf-43cf-bcf2-b923654b3735"},{"element-6066-11e4-a52e-4f735466cecf":"8e0dee9c-dea7-4941-8912-3aa86248fb99"},{"element-6066-11e4-a52e-4f735466cecf":"768b8b14-707e-4d90-9303-04db6a5847b0"},{"element-6066-11e4-a52e-4f735466cecf":"524963da-e1ab-42bb-a092-81fa74b2ed79"},{"element-6066-11e4-a52e-4f735466cecf":"e616cc1b-6911-4eb6-bd22-1e428a83344c"},{"element-6066-11e4-a52e-4f735466cecf":"4f67f9ca-9f66-499d-8274-a41422c3728c"},{"element-6066-11e4-a52e-4f735466cecf":"cfc0865e-8a34-4ac6-b5d2-e00fbe7c583a"},{"element-6066-11e4-a52e-4f735466cecf":"892c0dd0-08c6-4eae-ba61-f2f7e3e249bf"},{"element-6066-11e4-a52e-4f735466cecf":"ff224e2c-9c0e-4191-9ffa-6275f82ec784"},{"element-6066-11e4-a52e-4f735466cecf":"95bca2e4-d899-4764-863c-01f2995aec1f"},{"element-6066-11e4-a52e-4f735466cecf":"ee673626-a3ec-437f-ad70-0084fcef3a56"},{"element-6066-11e4-a52e-4f735466cecf":"b79000e0-6181-4fc1-93b2-136af9d8ec99"},{"element-6066-11e4-a52e-4f735466cecf":"868ebbb4-9593-4c3f-9552-3ab6b54674c7"},{"element-6066-11e4-a52e-4f735466cecf":"7edc3422-a381-452a-997a-39648c8e46f7"},{"element-6066-11e4-a52e-4f735466cecf":"abf88571-7a84-4f8d-9099-f13edd33f501"},{"element-6066-11e4-a52e-4f735466cecf":"4fe8ad13-b6be-4e30-a92f-cf3f95939a4f"},{"element-6066-11e4-a52e-4f735466cecf":"e0177beb-0c03-469c-a702-72799dad3b33"},{"element-6066-11e4-a52e-4f735466cecf":"3e581688-b34d-484b-b8f0-d0bb5f58b6c2"},{"element-6066-11e4-a52e-4f735466cecf":"2e6df6c8-f2ab-4de6-8d0e-3a577f452d78"},{"element-6066-11e4-a52e-4f735466cecf":"0838bdf7-76c7-425e-b5a3-3ff116e7fa9a"},{"element-6066-11e4-a52e-4f735466cecf":"bbcd0818-8c31-4a7e-b16e-d6740decf08f"},{"element-6066-11e4-a52e-4f735466cecf":"6223a220-0d98-4008-8905-3ae8c4c299bf"},{"element-6066-11e4-a52e-4f735466cecf":"67107434-84cb-441a-80c1-363912d5ecf0"},{"element-6066-11e4-a52e-4f735466cecf":"04a819c1-aefd-4759-b29d-206ba462bca3"},{"element-6066-11e4-a52e-4f735466cecf":"8cef79f7-6142-417f-8bf5-a5669d13476c"},{"element-6066-11e4-a52e-4f735466cecf":"70c49fa0-d3b4-4ba7-9ddd-54bce048d7f2"},{"element-6066-11e4-a52e-4f735466cecf":"ad1c762c-e97e-42ba-ad4e-380f6bfe4051"},{"element-6066-11e4-a52e-4f735466cecf":"d86c7afa-5e3e-470b-9edd-05bc16b905c3"},{"element-6066-11e4-a52e-4f735466cecf":"fe4c5513-5d99-465b-8dc8-aa6e02ca7625"},{"element-6066-11e4-a52e-4f735466cecf":"5c48e5de-a918-4ebe-98b3-c16cd2735a22"},{"element-6066-11e4-a52e-4f735466cecf":"cdf6a627-d63c-43fb-af40-881eee8fdb1d"},{"element-6066-11e4-a52e-4f735466cecf":"0bfeb2a9-b144-4b3a-9865-15e9e2baa0bd"},{"element-6066-11e4-a52e-4f735466cecf":"cc95e4f1-92d8-41f8-8154-b81f7e4d2747"},{"element-6066-11e4-a52e-4f735466cecf":"131048d5-5301-4440-86e3-3b02287e4547"},{"element-6066-11e4-a52e-4f735466cecf":"96511dd7-dc93-4172-ade1-095d44c8d12b"},{"element-6066-11e4-a52e-4f735466cecf":"28960d01-1ce1-4d63-8fef-d658965081a2"},{"element-6066-11e4-a52e-4f735466cecf":"1fa45dd8-3cae-4500-8428-45253c343389"},{"element-6066-11e4-a52e-4f735466cecf":"f9438d32-1f0a-4feb-b6f3-823478fba06e"},{"element-6066-11e4-a52e-4f735466cecf":"2304bfd9-3d9b-40d5-8152-9431b82f428e"},{"element-6066-11e4-a52e-4f735466cecf":"38117bdc-38fd-48bc-9e96-2841fb965064"},{"element-6066-11e4-a52e-4f735466cecf":"c7d2bce3-9ad5-4b70-842c-3055bf743ee4"},{"element-6066-11e4-a52e-4f735466cecf":"24e7983a-5678-400c-b90d-188c3879ab1a"},{"element-6066-11e4-a52e-4f735466cecf":"87bc59e9-7acd-4dc7-b58b-aa0879905b1f"},{"element-6066-11e4-a52e-4f735466cecf":"09817c38-2e39-4cf2-b61f-b782de8ab279"},{"element-6066-11e4-a52e-4f735466cecf":"6bd79763-e150-48ab-8209-c40ccc42e805"},{"element-6066-11e4-a52e-4f735466cecf":"3c179f3d-de32-4640-8e41-4ded303e152a"},{"element-6066-11e4-a52e-4f735466cecf":"d8bd95b4-0bbf-4f2b-a563-c0c3a8048f8d"},{"element-6066-11e4-a52e-4f735466cecf":"62b3aade-e169-40af-99b2-e291cf672819"},{"element-6066-11e4-a52e-4f735466cecf":"26ee12f0-f67b-4bf0-ad02-dd450d67ba3a"},{"element-6066-11e4-a52e-4f735466cecf":"11a75b6d-7a72-44e5-a4e5-fe5beb22aa3b"},{"element-6066-11e4-a52e-4f735466cecf":"df4eae1b-4949-4d0b-b5a8-32e99b1c064c"},{"element-6066-11e4-a52e-4f735466cecf":"d518f974-3d4e-44c0-8fdc-d0cea21562ef"},{"element-6066-11e4-a52e-4f735466cecf":"5f66874e-f0a3-4b57-b011-28fbd3647112"},{"element-6066-11e4-a52e-4f735466cecf":"6c071b40-4b9e-451b-a971-e2c6928f09dd"},{"element-6066-11e4-a52e-4f735466cecf":"07953065-6c73-4aff-9c17-7ab2269ee5e2"},{"element-6066-11e4-a52e-4f735466cecf":"ea1f5866-8e32-4f44-8056-741e34ac0490"},{"element-6066-11e4-a52e-4f735466cecf":"4fed9df2-2492-44c9-bc06-73b6e8ed613b"},{"element-6066-11e4-a52e-4f735466cecf":"3dfbc1c4-7b98-4895-9a5d-3213638e8b9b"},{"element-6066-11e4-a52e-4f735466cecf":"2a48f595-140a-4041-a758-520e87597783"},{"element-6066-11e4-a52e-4f735466cecf":"903e5233-e14b-438f-82fc-8e0f98900744"},{"element-6066-11e4-a52e-4f735466cecf":"392d3421-a5eb-4e49-b63a-2f612d7b78d6"},{"element-6066-11e4-a52e-4f735466cecf":"48ef4934-2dfb-4d53-a1c1-6db01aae6a25"},{"element-6066-11e4-a52e-4f735466cecf":"80405b8f-e50a-4e8f-91cf-e865585b8b2e"},{"element-6066-11e4-a52e-4f735466cecf":"15055586-b73b-4e3b-b76b-a45fe5c92059"},{"element-6066-11e4-a52e-4f735466cecf":"19d72f6c-c996-45db-baa2-b445ca5be662"},{"element-6066-11e4-a52e-4f735466cecf":"53cffa8c-f6df-46cd-89ce-cffd13d82117"},{"element-6066-11e4-a52e-4f735466cecf":"6f14a90f-1c01-422c-b6ee-9642cebbfecd"},{"element-6066-11e4-a52e-4f735466cecf":"181ff8c0-46b9-458d-a162-a4f81c14a2f0"},{"element-6066-11e4-a52e-4f735466cecf":"a43a7499-e4e4-4e25-a0ba-62209eac6af4"},{"element-6066-11e4-a52e-4f735466cecf":"7c985070-3e1a-4018-b458-1dbb6fcdb347"},{"element-6066-11e4-a52e-4f735466cecf":"89e1f248-dd91-4357-aa8c-7196c65f12c4"},{"element-6066-11e4-a52e-4f735466cecf":"a1061d6a-e98c-47a1-86fd-4aa3aec49666"},{"element-6066-11e4-a52e-4f735466cecf":"6f7b5e7d-2c69-4ad1-abcb-2273d8ba9afa"},{"element-6066-11e4-a52e-4f735466cecf":"c5779890-ceb1-44d5-a7d4-ad8271d01811"},{"element-6066-11e4-a52e-4f735466cecf":"e8fffb35-d1d4-483e-80ea-119acf083cdb"},{"element-6066-11e4-a52e-4f735466cecf":"f8703e78-1c61-43d2-9898-f7737720f4be"},{"element-6066-11e4-a52e-4f735466cecf":"7fa61e87-6121-42b0-b105-0a0e4ee38b9f"},{"element-6066-11e4-a52e-4f735466cecf":"914cdebe-4f22-4f26-862a-dbeedfc82ccb"},{"element-6066-11e4-a52e-4f735466cecf":"7cbd62e2-9fb7-437a-a1df-0bb7935f534c"},{"element-6066-11e4-a52e-4f735466cecf":"ae69c96f-d50b-41d7-a9b1-1a1046e2dcb6"},{"element-6066-11e4-a52e-4f735466cecf":"80d2a40d-183f-4d30-894a-a94042c1eeee"},{"element-6066-11e4-a52e-4f735466cecf":"85b58f4b-3429-48c0-a4c3-ed53ef90ea3a"},{"element-6066-11e4-a52e-4f735466cecf":"86573ef3-502b-4552-a210-6e37463c0778"},{"element-6066-11e4-a52e-4f735466cecf":"1f4ba3f7-35fa-4d87-82c6-eca7d093be62"},{"element-6066-11e4-a52e-4f735466cecf":"36697a78-eb2a-4eaa-9452-011335058736"},{"element-6066-11e4-a52e-4f735466cecf":"00e6128c-d05a-4647-b432-9baf46acde4c"},{"element-6066-11e4-a52e-4f735466cecf":"ef3df204-ba4c-4116-b149-1d5528b76a3a"},{"element-6066-11e4-a52e-4f735466cecf":"ed621351-91ce-44a2-9d7f-8dac517b558b"},{"element-6066-11e4-a52e-4f735466cecf":"c5443e9b-b47a-4087-bc0b-93254cd44f30"},{"element-6066-11e4-a52e-4f735466cecf":"e08832ec-9398-40fa-9787-2ed2a1d26b64"},{"element-6066-11e4-a52e-4f735466cecf":"b1340794-3680-4f8c-9862-b264e56e7dee"},{"element-6066-11e4-a52e-4f735466cecf":"8f265ea0-2d12-482e-8e3b-95a1c949da83"},{"element-6066-11e4-a52e-4f735466cecf":"23e2c457-a678-4957-9ac7-c76cbfd0796e"},{"element-6066-11e4-a52e-4f735466cecf":"7b0b4f6e-e323-470b-b5d2-17785caaf964"},{"element-6066-11e4-a52e-4f735466cecf":"8f4d7701-9b21-4316-a6a1-87f04485aa0d"},{"element-6066-11e4-a52e-4f735466cecf":"28aa2ea5-f944-4791-8ef8-e3fb2cb66f82"},{"element-6066-11e4-a52e-4f735466cecf":"7b3de159-cd24-40e9-be93-ede26609e9a5"},{"element-6066-11e4-a52e-4f735466cecf":"45cab1ab-8e9f-4fc2-8466-aea1f86d0eb6"},{"element-6066-11e4-a52e-4f735466cecf":"eb4e7b24-db20-42a7-99c8-69902826413f"},{"element-6066-11e4-a52e-4f735466cecf":"cf2192d0-1785-4ca4-be64-4b17ab85e87d"},{"element-6066-11e4-a52e-4f735466cecf":"8992f961-1f30-48bb-b5da-48268b1e8d41"},{"element-6066-11e4-a52e-4f735466cecf":"c9f17c12-e7c8-496e-a204-2d90cb373773"},{"element-6066-11e4-a52e-4f735466cecf":"00a5845e-d925-4107-9393-6466b06bc9d8"},{"element-6066-11e4-a52e-4f735466cecf":"cfe5a2a9-fc97-494f-9565-5cba96ae5839"},{"element-6066-11e4-a52e-4f735466cecf":"aafd686f-28cf-4e0e-8e1f-f5328c4ad44a"},{"element-6066-11e4-a52e-4f735466cecf":"98f9d0d3-7f11-463c-85ba-cada46f6a1fe"},{"element-6066-11e4-a52e-4f735466cecf":"7a10cf15-83d3-488b-921f-31cc63dd0fb4"},{"element-6066-11e4-a52e-4f735466cecf":"1ffe9f09-e201-459a-926e-aecda3d27dc8"},{"element-6066-11e4-a52e-4f735466cecf":"99d9fa25-fa3c-4df5-9bf5-ae5e9b4f0640"},{"element-6066-11e4-a52e-4f735466cecf":"e9d6d594-d292-4c16-87ee-e1f466bc8b28"},{"element-6066-11e4-a52e-4f735466cecf":"47fd0b0e-6fa2-42b8-889b-0b0310821f96"},{"element-6066-11e4-a52e-4f735466cecf":"5a53b2fe-fc05-4ea2-9f2d-37173c0c9612"},{"element-6066-11e4-a52e-4f735466cecf":"c8138b5c-df3e-4f76-a060-1301cfa259d1"},{"element-6066-11e4-a52e-4f735466cecf":"dddfcc24-2734-4b99-b38a-b131eb865da2"},{"element-6066-11e4-a52e-4f735466cecf":"eb69565b-eb44-4b45-a7bd-13583c06409b"},{"element-6066-11e4-a52e-4f735466cecf":"9ce8f7b0-3186-4363-8a04-ddfe63d830d7"},{"element-6066-11e4-a52e-4f735466cecf":"1cb02746-0142-46a1-8b9f-b2757b360188"},{"element-6066-11e4-a52e-4f735466cecf":"089f90a4-6122-42b4-9742-2147f2a04c03"},{"element-6066-11e4-a52e-4f735466cecf":"93e9ee69-3dea-4dec-b2a4-c9be9d5d640f"},{"element-6066-11e4-a52e-4f735466cecf":"cb788675-a3d9-4743-b413-0077d737efe2"},{"element-6066-11e4-a52e-4f735466cecf":"da309305-6c7f-480f-bd59-e756d835b781"},{"element-6066-11e4-a52e-4f735466cecf":"8225854b-77e4-4265-9b83-83ca12be79f2"},{"element-6066-11e4-a52e-4f735466cecf":"41ae572f-c1c6-4024-af05-250bf6109197"},{"element-6066-11e4-a52e-4f735466cecf":"9942b27e-d85d-465b-aba7-2d5d861a48d4"},{"element-6066-11e4-a52e-4f735466cecf":"296db9d8-af78-4e51-ac39-d2bbb53de911"},{"element-6066-11e4-a52e-4f735466cecf":"cd2a2c6c-79f6-4e21-ab23-0ed436a951f6"},{"element-6066-11e4-a52e-4f735466cecf":"d9cba478-c39a-4cf0-b2f3-559f338ff857"},{"element-6066-11e4-a52e-4f735466cecf":"1a3b7f3d-dbd5-4788-81f2-e8ffc0cbe353"},{"element-6066-11e4-a52e-4f735466cecf":"6528711e-fa5c-4d0d-9279-bc8a9b3e3547"},{"element-6066-11e4-a52e-4f735466cecf":"7d384682-1020-4a60-902d-811fbb36ba87"},{"element-6066-11e4-a52e-4f735466cecf":"5f79e542-ed3a-4dfe-bf07-236fac36c98d"},{"element-6066-11e4-a52e-4f735466cecf":"5eaf9d75-7c44-4f18-b586-ccac722a6e85"},{"element-6066-11e4-a52e-4f735466cecf":"20a2a38a-c9b5-478a-9245-4743d8c8fa53"},{"element-6066-11e4-a52e-4f735466cecf":"bb884b1f-04cb-470f-80a1-9638eed30dcf"},{"element-6066-11e4-a52e-4f735466cecf":"31db776f-b80c-4e10-9fce-08e93b337a73"},{"element-6066-11e4-a52e-4f735466cecf":"86464f9b-75c7-4b9e-a98e-a6f5f3cff653"},{"element-6066-11e4-a52e-4f735466cecf":"abd2aaaf-64d2-47a1-8e0c-913ab1dd95a4"},{"element-6066-11e4-a52e-4f735466cecf":"2db6ef98-c532-4506-a8df-c91927cd9ed5"},{"element-6066-11e4-a52e-4f735466cecf":"cbe87996-9c62-438e-9faf-2af950423d95"},{"element-6066-11e4-a52e-4f735466cecf":"6cb32a79-70c9-4932-b7af-f85732997263"},{"element-6066-11e4-a52e-4f735466cecf":"8eaaef8a-ad76-4592-9f33-bd5a4a5ac0ae"},{"element-6066-11e4-a52e-4f735466cecf":"7b752083-a8a6-4a92-b99d-a10f6f067c84"},{"element-6066-11e4-a52e-4f735466cecf":"45af0508-20e5-4cdd-82bb-59555dbca4bf"},{"element-6066-11e4-a52e-4f735466cecf":"1878f38a-11ac-4745-aaaf-37309803eaa0"},{"element-6066-11e4-a52e-4f735466cecf":"e9b00aa6-eaa6-41e7-b906-ee46ddf3af85"},{"element-6066-11e4-a52e-4f735466cecf":"5e51a718-6242-4cb3-8545-73db9c81d0cd"},{"element-6066-11e4-a52e-4f735466cecf":"0de5ddcc-32c5-423f-87fb-76fb9c3ce4d0"},{"element-6066-11e4-a52e-4f735466cecf":"dd6bea71-1698-4ab0-9de9-702b3a6ab711"},{"element-6066-11e4-a52e-4f735466cecf":"0ce44ae1-16fb-49ea-a4cd-5f8ffb87076b"},{"element-6066-11e4-a52e-4f735466cecf":"5a9e5327-ea9f-4e42-9da1-44ae853b258f"},{"element-6066-11e4-a52e-4f735466cecf":"3e5240ec-93c2-4d6e-9f7a-7990fa85d8a5"},{"element-6066-11e4-a52e-4f735466cecf":"e4518d01-ad22-4fee-8fdc-9ea271dadfef"},{"element-6066-11e4-a52e-4f735466cecf":"743ba7fc-5f9e-447e-b4ba-96ab1b882306"},{"element-6066-11e4-a52e-4f735466cecf":"9418b4d0-943f-47b2-bff2-22a5bea7d937"},{"element-6066-11e4-a52e-4f735466cecf":"4cd940b0-f5ba-4efb-b761-cea703da6efb"},{"element-6066-11e4-a52e-4f735466cecf":"1a922a1d-bfdf-4d3c-8a53-efbe79a3b54c"},{"element-6066-11e4-a52e-4f735466cecf":"692a5d1b-2f3e-4c6f-9ea2-2328745972bd"},{"element-6066-11e4-a52e-4f735466cecf":"fb492040-73d8-40bb-bd50-84acb8e21b69"},{"element-6066-11e4-a52e-4f735466cecf":"1ed98972-e8f2-4927-b8bc-219c89d5f7a4"},{"element-6066-11e4-a52e-4f735466cecf":"2a1c9749-eb67-4c71-a5ab-d9246297a7bc"},{"element-6066-11e4-a52e-4f735466cecf":"7e82d79e-33f7-4dd7-9604-946ea552d7f8"},{"element-6066-11e4-a52e-4f735466cecf":"52482fd3-1f37-4177-8297-a9ac62a2d2c9"},{"element-6066-11e4-a52e-4f735466cecf":"048d8990-da8c-4283-8a8c-d8a13f622c4a"},{"element-6066-11e4-a52e-4f735466cecf":"d0366cd0-5fd2-4ac7-a348-e520a203e1e2"},{"element-6066-11e4-a52e-4f735466cecf":"2176e701-d6ed-450d-9247-90c8a28f62fe"},{"element-6066-11e4-a52e-4f735466cecf":"cef14b18-c52f-414e-8efc-51266525e286"},{"element-6066-11e4-a52e-4f735466cecf":"bfe8e09f-c48e-4ab5-b080-83f72313472b"},{"element-6066-11e4-a52e-4f735466cecf":"8e4cf10f-0a8f-4caf-a960-81158bafd213"},{"element-6066-11e4-a52e-4f735466cecf":"724b2221-7f53-4101-b92b-f10dc6a2c694"},{"element-6066-11e4-a52e-4f735466cecf":"1de12a20-31e4-458a-bbde-c0705ed03d84"},{"element-6066-11e4-a52e-4f735466cecf":"0dab9a25-47b8-47b0-afa9-8da56488033e"},{"element-6066-11e4-a52e-4f735466cecf":"d74c2012-29b0-4cf6-a630-3684ff30c357"},{"element-6066-11e4-a52e-4f735466cecf":"3b7c5e3b-a25b-4cd0-8dda-9c7fa09aa30c"},{"element-6066-11e4-a52e-4f735466cecf":"cdd34968-62b0-46ca-ab51-556b7bb9f1d7"},{"element-6066-11e4-a52e-4f735466cecf":"6e8903ac-cc11-48df-b9d8-b4de5d069731"},{"element-6066-11e4-a52e-4f735466cecf":"269e9f6c-1e0a-411f-9be7-21eed7235735"},{"element-6066-11e4-a52e-4f735466cecf":"603bde45-c6bb-481e-ae47-5e84e7149b75"},{"element-6066-11e4-a52e-4f735466cecf":"f3b49789-048f-4abe-9a16-ea2fa4f665f2"},{"element-6066-11e4-a52e-4f735466cecf":"ac6fc956-5a1b-4ee2-8895-5bf773926917"},{"element-6066-11e4-a52e-4f735466cecf":"1471f1a8-7aef-42b0-870f-4ad472850206"},{"element-6066-11e4-a52e-4f735466cecf":"6e2e0fb4-7e26-40c8-ac05-b8fee7bb5864"},{"element-6066-11e4-a52e-4f735466cecf":"277a6e1e-397d-4451-96f2-bb1d775d4233"},{"element-6066-11e4-a52e-4f735466cecf":"da0fefc7-13a2-4241-a483-aab717b596c4"},{"element-6066-11e4-a52e-4f735466cecf":"48ff93a1-2a65-493c-bc84-ccc3e9b58f3f"},{"element-6066-11e4-a52e-4f735466cecf":"26f529e1-3b11-46ff-85ce-72cd528a9539"},{"element-6066-11e4-a52e-4f735466cecf":"b85a2165-b3a4-480a-8046-5efbc0ca3736"},{"element-6066-11e4-a52e-4f735466cecf":"7a9c50e3-43ae-4645-9fbe-cf880d0059c8"},{"element-6066-11e4-a52e-4f735466cecf":"56e53553-962d-4a02-af5d-008b3eb27082"},{"element-6066-11e4-a52e-4f735466cecf":"6e0db2bb-f4d0-451c-a4ea-496d50a77f10"},{"element-6066-11e4-a52e-4f735466cecf":"bce7c770-9996-4280-8af6-6f5439dfa5ec"},{"element-6066-11e4-a52e-4f735466cecf":"4f6800c4-120d-4c92-984a-8f55003d0045"},{"element-6066-11e4-a52e-4f735466cecf":"b1ceeb39-1426-423f-a458-7086ea96890f"},{"element-6066-11e4-a52e-4f735466cecf":"411f3988-7bf8-4454-bfe8-62b873189aa2"},{"element-6066-11e4-a52e-4f735466cecf":"0e185592-50d2-47c1-99af-e6fbe610aaba"},{"element-6066-11e4-a52e-4f735466cecf":"84f02077-0a6b-42cb-ba53-0923c180c6a8"},{"element-6066-11e4-a52e-4f735466cecf":"a276ae23-b1f4-461e-81a6-cb05af550bcf"},{"element-6066-11e4-a52e-4f735466cecf":"dd230f2b-ab71-487f-848a-bd49e7e7989e"},{"element-6066-11e4-a52e-4f735466cecf":"8e901467-489b-4f07-a0fb-23811f194a64"},{"element-6066-11e4-a52e-4f735466cecf":"3c5d42ee-e8bc-4f66-912b-e0ce21a9096d"},{"element-6066-11e4-a52e-4f735466cecf":"c8c7d19b-932a-4e7e-925c-8562a830b724"},{"element-6066-11e4-a52e-4f735466cecf":"a856bd2e-d90f-4341-9850-d0d293d59029"},{"element-6066-11e4-a52e-4f735466cecf":"9615b76e-b70b-4009-8c1b-fce9001f4e32"},{"element-6066-11e4-a52e-4f735466cecf":"f0862dd6-f4e3-4e58-bf7c-8b5eb15b6524"},{"element-6066-11e4-a52e-4f735466cecf":"66b3f882-5160-4bff-9c18-3c1c50ed415c"},{"element-6066-11e4-a52e-4f735466cecf":"70db05ec-d489-4592-9014-e476f21890e9"},{"element-6066-11e4-a52e-4f735466cecf":"5f5cab4b-a56a-4731-b9e1-6f5140cdadfb"},{"element-6066-11e4-a52e-4f735466cecf":"702674b9-212d-4f0e-b5f9-3cdd534b6d76"},{"element-6066-11e4-a52e-4f735466cecf":"00afbab4-135d-489c-a75a-cdbeef0f768b"},{"element-6066-11e4-a52e-4f735466cecf":"a441de37-2472-4136-9c96-4d17c35e6bf0"},{"element-6066-11e4-a52e-4f735466cecf":"36c7bf3c-99f1-425b-9385-e57dd6b911bc"},{"element-6066-11e4-a52e-4f735466cecf":"3aee8c31-21ad-439c-8dd4-a3826f504412"},{"element-6066-11e4-a52e-4f735466cecf":"6b7ac08f-dd4a-48e6-8567-289bbad8bd7c"},{"element-6066-11e4-a52e-4f735466cecf":"11ab88b0-504a-4552-8b2a-9aa47f29f0a2"},{"element-6066-11e4-a52e-4f735466cecf":"e4677d8b-9116-4a57-bcee-5d60bb17d554"},{"element-6066-11e4-a52e-4f735466cecf":"8c30e939-a1f2-446d-a84b-d7f5a3e8ef7e"},{"element-6066-11e4-a52e-4f735466cecf":"791fedb9-be7f-4492-9ec7-8ca9255dc3e2"},{"element-6066-11e4-a52e-4f735466cecf":"cd461e7a-b2be-4da5-b0b8-33d8ec212f6c"},{"element-6066-11e4-a52e-4f735466cecf":"8435a8a6-6673-4e46-8084-739e4198b963"},{"element-6066-11e4-a52e-4f735466cecf":"15153975-b9dd-41f4-b21b-9ff8ffd8b1c3"},{"element-6066-11e4-a52e-4f735466cecf":"a0d38e7a-af8b-4735-837a-43f79a3883b8"},{"element-6066-11e4-a52e-4f735466cecf":"801dbba5-4de7-4f89-8309-f1b13c859f2e"},{"element-6066-11e4-a52e-4f735466cecf":"abbf8e34-db0f-45fd-860f-352a686d17a2"},{"element-6066-11e4-a52e-4f735466cecf":"94f034e6-9331-4c74-8589-5dad40963125"},{"element-6066-11e4-a52e-4f735466cecf":"212b2fc0-8923-42f3-a7ad-e4c37c811639"},{"element-6066-11e4-a52e-4f735466cecf":"a2c5f428-ea26-4772-aa98-489c35c5cb03"},{"element-6066-11e4-a52e-4f735466cecf":"ee13db4c-2425-4364-92d3-98c7e3291842"},{"element-6066-11e4-a52e-4f735466cecf":"7eb4a139-07f6-4c45-9d79-c65d5f9fbd41"},{"element-6066-11e4-a52e-4f735466cecf":"0d66fb16-553c-45ff-87fe-35b2a846f220"},{"element-6066-11e4-a52e-4f735466cecf":"6b1809ed-4de1-492c-aa88-f5e6b52e3d6c"},{"element-6066-11e4-a52e-4f735466cecf":"8eed9f34-907a-436a-bfa2-2b53704b6838"},{"element-6066-11e4-a52e-4f735466cecf":"de50382b-e645-4c66-b8d5-5d83cb9049b5"},{"element-6066-11e4-a52e-4f735466cecf":"86aeb961-3dcf-46bf-ae40-3ed328603ccc"},{"element-6066-11e4-a52e-4f735466cecf":"1ff47440-89cd-4d70-a835-0a798f5627c2"},{"element-6066-11e4-a52e-4f735466cecf":"afe2365e-1eed-46b2-b0f6-604a891b2966"},{"element-6066-11e4-a52e-4f735466cecf":"33ab726e-a04a-49fc-8fb0-b04426901a86"},{"element-6066-11e4-a52e-4f735466cecf":"7a052e21-1983-4e18-a366-ac5d6555b5b7"},{"element-6066-11e4-a52e-4f735466cecf":"c86ba599-2193-40da-8487-70a3d5c9d3b7"},{"element-6066-11e4-a52e-4f735466cecf":"0b8228f3-beaf-40b5-9df9-e90812837b5e"},{"element-6066-11e4-a52e-4f735466cecf":"67548bf2-dfc2-41d5-93a0-7d0736151e02"},{"element-6066-11e4-a52e-4f735466cecf":"fed2dbc9-9953-4dd6-8c8c-f4c6f6691c95"},{"element-6066-11e4-a52e-4f735466cecf":"5e5529a3-0b96-40e7-aa67-368e74ad5248"},{"element-6066-11e4-a52e-4f735466cecf":"7b35f81a-7b84-4cb7-b94c-d18ea9f25234"},{"element-6066-11e4-a52e-4f735466cecf":"c7a2fd8b-f066-4047-8a25-7e729c37727b"},{"element-6066-11e4-a52e-4f735466cecf":"329d82e7-4480-4609-b735-2cccd7b6ef71"},{"element-6066-11e4-a52e-4f735466cecf":"2aa35e93-1932-4d58-b40a-8379d74f970e"},{"element-6066-11e4-a52e-4f735466cecf":"07324efd-e739-42d0-b4df-95a6871cd1e4"},{"element-6066-11e4-a52e-4f735466cecf":"602a3dd8-4246-45bb-a341-4f2eafbc69d5"},{"element-6066-11e4-a52e-4f735466cecf":"d5234f1f-2a7f-4b83-b680-9f0768201602"},{"element-6066-11e4-a52e-4f735466cecf":"aab07864-a86f-4a47-93a7-1dbd91470a97"},{"element-6066-11e4-a52e-4f735466cecf":"cd607e37-6fc4-40ad-9dba-b0858b5a5689"},{"element-6066-11e4-a52e-4f735466cecf":"2abda00e-5a60-454b-925a-8cbdffc25122"},{"element-6066-11e4-a52e-4f735466cecf":"4c68b4be-bd2b-459c-aa80-ed5daad6ad70"},{"element-6066-11e4-a52e-4f735466cecf":"0a95e794-46cd-4b18-baf6-32aabfc668a8"},{"element-6066-11e4-a52e-4f735466cecf":"b8dba6ae-9b7a-4057-b3d0-5b573799b237"},{"element-6066-11e4-a52e-4f735466cecf":"91c0e50e-5f15-41e2-9407-7e81c46c0c36"},{"element-6066-11e4-a52e-4f735466cecf":"68f3cfe9-8d73-49b6-9cf2-2cbff024e838"},{"element-6066-11e4-a52e-4f735466cecf":"3a67e383-2c82-46d8-b3cd-7d9e7c95d909"},{"element-6066-11e4-a52e-4f735466cecf":"e4a4a47f-65e8-4d12-9ea5-60231ec2fab1"},{"element-6066-11e4-a52e-4f735466cecf":"71e92e74-0b35-4490-be1c-0aeccd2b95e1"},{"element-6066-11e4-a52e-4f735466cecf":"cbbbc0d2-f702-4f81-b2a5-a8d346c57e66"},{"element-6066-11e4-a52e-4f735466cecf":"0f943eca-eea2-4c2f-b70a-1c9723782a8b"},{"element-6066-11e4-a52e-4f735466cecf":"a2335acb-4d4f-479a-866b-f7a22e1011a4"},{"element-6066-11e4-a52e-4f735466cecf":"5329e564-6cbf-43ac-839a-e439caccc9f1"},{"element-6066-11e4-a52e-4f735466cecf":"6afd9434-ed53-451a-8424-a41756d8f5dd"},{"element-6066-11e4-a52e-4f735466cecf":"0e21341c-8466-4337-8d1b-415fd4de96d6"},{"element-6066-11e4-a52e-4f735466cecf":"bab5f90b-2695-4c61-8124-e52df9675252"},{"element-6066-11e4-a52e-4f735466cecf":"6b9bdca6-b2f3-4283-bae6-0e54b06f0c1f"},{"element-6066-11e4-a52e-4f735466cecf":"629119f0-3104-4367-8bb8-078941614714"},{"element-6066-11e4-a52e-4f735466cecf":"bdbbdc66-8309-4085-9c3e-c8aa2aca3955"},{"element-6066-11e4-a52e-4f735466cecf":"4f66ac74-2fdb-4807-896f-fb8f66be1ad7"},{"element-6066-11e4-a52e-4f735466cecf":"f92c41c1-26af-433a-a13d-dadefc07c90b"},{"element-6066-11e4-a52e-4f735466cecf":"c992e0a9-20ed-4d9d-89b2-cb65e20c819a"},{"element-6066-11e4-a52e-4f735466cecf":"7366d6f9-386d-4b1c-98a4-403716a9e1d1"},{"element-6066-11e4-a52e-4f735466cecf":"e0d59ae0-d0f0-459e-9128-98ef7bf68663"},{"element-6066-11e4-a52e-4f735466cecf":"ce351b5a-6ffc-44bd-9cf9-fa88584347f2"},{"element-6066-11e4-a52e-4f735466cecf":"2bee4f29-5b64-4aa7-a825-d95d42427f5c"},{"element-6066-11e4-a52e-4f735466cecf":"fbecf7a8-ab10-4476-928a-3d864a847fd8"},{"element-6066-11e4-a52e-4f735466cecf":"24c9f8ff-35b8-4208-b73b-a43d0a4494ad"},{"element-6066-11e4-a52e-4f735466cecf":"05da8852-b942-49f7-8b6d-735e8546eee9"},{"element-6066-11e4-a52e-4f735466cecf":"15f18ec5-7a61-44e2-a0a8-e38a106e8cb1"},{"element-6066-11e4-a52e-4f735466cecf":"6500d619-3742-47a0-aeb2-cc9736115114"},{"element-6066-11e4-a52e-4f735466cecf":"2ff5483b-446a-4e01-8a40-d75a883e7a0d"},{"element-6066-11e4-a52e-4f735466cecf":"8eb641af-773a-4c51-82d9-12a9da985058"},{"element-6066-11e4-a52e-4f735466cecf":"1096c975-6881-4c33-afd3-3a45c9ded55b"},{"element-6066-11e4-a52e-4f735466cecf":"cd201e80-64bb-46df-839c-1985fbdcf8bb"},{"element-6066-11e4-a52e-4f735466cecf":"7d1ce1cd-a065-4a05-9a8f-3694c7e38c48"},{"element-6066-11e4-a52e-4f735466cecf":"04e7056f-850c-42b7-94bc-bd7b96225814"},{"element-6066-11e4-a52e-4f735466cecf":"0fe829f8-1649-43c5-a46a-faa62b0f986f"},{"element-6066-11e4-a52e-4f735466cecf":"dcb122c8-5626-48c1-bd26-5ee8def3ed13"},{"element-6066-11e4-a52e-4f735466cecf":"09a0aaa2-a011-43a4-99ab-e65792f05d33"},{"element-6066-11e4-a52e-4f735466cecf":"e5ec4fbb-c26a-474e-a14f-34c9af6b3644"},{"element-6066-11e4-a52e-4f735466cecf":"ea66e22c-8602-4149-abc7-5b7cd1cd7118"},{"element-6066-11e4-a52e-4f735466cecf":"32e48c92-140c-42b0-8b93-a524233b65a0"},{"element-6066-11e4-a52e-4f735466cecf":"f416c77b-6dbf-4b41-a012-b3e3889aa961"},{"element-6066-11e4-a52e-4f735466cecf":"9c948f20-5d8d-4e6f-806f-fbfdeb5ab9d5"},{"element-6066-11e4-a52e-4f735466cecf":"e82b845a-317e-480f-aba7-d66a44b8dd20"},{"element-6066-11e4-a52e-4f735466cecf":"b150e88d-c800-4e87-bf8c-6e1d2d0e4c5a"},{"element-6066-11e4-a52e-4f735466cecf":"f06fb595-5d82-49ad-8e35-21e373b6fd8c"},{"element-6066-11e4-a52e-4f735466cecf":"035af42f-8a8a-4c9c-a6d0-a8cb23c7ead5"},{"element-6066-11e4-a52e-4f735466cecf":"a9748a3f-d0ae-4072-840b-2e76ebb6b5c3"},{"element-6066-11e4-a52e-4f735466cecf":"a62d5497-0adc-4f32-9c0b-6c9104b33b5f"},{"element-6066-11e4-a52e-4f735466cecf":"8d5b323f-3308-4427-b1e6-d08340dd2514"},{"element-6066-11e4-a52e-4f735466cecf":"558fc4f0-a881-456d-bdd1-6965ccd69983"},{"element-6066-11e4-a52e-4f735466cecf":"c469aaff-a788-48cd-8255-636c10228414"},{"element-6066-11e4-a52e-4f735466cecf":"058a8aaf-8a2d-4345-8b2d-b92cc20d8e3c"},{"element-6066-11e4-a52e-4f735466cecf":"6083eaf3-d046-4120-977a-b1f739038814"},{"element-6066-11e4-a52e-4f735466cecf":"31646f82-f10e-4c02-93a2-a5b1e96c98a7"},{"element-6066-11e4-a52e-4f735466cecf":"3531615b-698c-45cf-b7be-184159effa92"},{"element-6066-11e4-a52e-4f735466cecf":"067d1a9b-b8a0-4841-87c6-e6ed7d9de4ec"},{"element-6066-11e4-a52e-4f735466cecf":"07c1ce4e-a1b9-4f22-9017-a89a17ec8712"},{"element-6066-11e4-a52e-4f735466cecf":"3d0b74a8-b2d0-4b88-bb9c-1c2614a2da63"},{"element-6066-11e4-a52e-4f735466cecf":"a7e81320-a083-4acb-b024-d895307de655"},{"element-6066-11e4-a52e-4f735466cecf":"7f37d299-608d-4e3e-8fa1-2df9ecc1cbec"},{"element-6066-11e4-a52e-4f735466cecf":"c3f75a0f-6da0-4a41-8cb9-7fc6197014a9"},{"element-6066-11e4-a52e-4f735466cecf":"915b4038-c6c9-4caf-ba93-998cc347af53"},{"element-6066-11e4-a52e-4f735466cecf":"8eccf55b-3d21-4b3f-ac97-2ee64876cd12"},{"element-6066-11e4-a52e-4f735466cecf":"6d9c51a1-bf18-4cb1-8d1c-876c621f87b3"},{"element-6066-11e4-a52e-4f735466cecf":"07965e7f-5b50-438b-8ea6-f03b81bcc13c"},{"element-6066-11e4-a52e-4f735466cecf":"8672e66e-1e19-4823-910c-cbbaa15a9aab"},{"element-6066-11e4-a52e-4f735466cecf":"c65fd985-25e9-48b6-b9bd-ace70fa8f074"},{"element-6066-11e4-a52e-4f735466cecf":"c76c3d77-d759-4798-abb5-e5a7bc98b052"},{"element-6066-11e4-a52e-4f735466cecf":"b6105bb8-2472-454c-bfce-b5e8ba55e834"},{"element-6066-11e4-a52e-4f735466cecf":"e2250cc9-ad81-4771-b4b5-cc1ebe0e1400"},{"element-6066-11e4-a52e-4f735466cecf":"c7eafbd2-fdd3-4438-9046-811b9bd5fbe5"},{"element-6066-11e4-a52e-4f735466cecf":"16df8429-16f8-464e-84c5-0e84416900bb"},{"element-6066-11e4-a52e-4f735466cecf":"a1f086fd-477a-4989-8ee4-91609d5e135d"},{"element-6066-11e4-a52e-4f735466cecf":"adbe8363-7d9a-435c-9668-52a6462cc293"},{"element-6066-11e4-a52e-4f735466cecf":"8069d33a-8bf5-439c-8285-3ac6de56f177"},{"element-6066-11e4-a52e-4f735466cecf":"745c5954-6259-4af6-9ed0-b7a07da4e000"},{"element-6066-11e4-a52e-4f735466cecf":"11a0c8bf-3611-47c6-a082-4ed527ca75e4"},{"element-6066-11e4-a52e-4f735466cecf":"be222d0b-bb78-40c2-9520-a03779cf812c"},{"element-6066-11e4-a52e-4f735466cecf":"c533508a-4334-43ba-ab33-b1cae12d1493"},{"element-6066-11e4-a52e-4f735466cecf":"1c7a08b7-c9c8-4c72-902a-3579961fa2ca"},{"element-6066-11e4-a52e-4f735466cecf":"2fd9a94f-9d01-4617-b968-dadd6f55879e"},{"element-6066-11e4-a52e-4f735466cecf":"491a63da-13c7-4d46-b26d-94ada3fddd11"},{"element-6066-11e4-a52e-4f735466cecf":"045f7dd8-502c-4437-83b4-868f79b5ce46"},{"element-6066-11e4-a52e-4f735466cecf":"7a683738-6af9-45cf-9ca3-86008d8c16cf"},{"element-6066-11e4-a52e-4f735466cecf":"de081afd-09a0-4073-847e-a6c030cfdcfe"},{"element-6066-11e4-a52e-4f735466cecf":"e4d85053-4acb-45c8-92e8-a0efb3314601"},{"element-6066-11e4-a52e-4f735466cecf":"66fbab9e-fb83-4ebb-a9a9-37f53dd011cd"},{"element-6066-11e4-a52e-4f735466cecf":"76ce4718-82ed-42a6-8145-95dfa26bf79f"},{"element-6066-11e4-a52e-4f735466cecf":"7d50ce80-0cb1-4042-ac79-90a5fb2ae0a8"},{"element-6066-11e4-a52e-4f735466cecf":"69da16fc-fc81-47ba-8551-9bc17e23b196"},{"element-6066-11e4-a52e-4f735466cecf":"068ac3ab-06ca-4fa2-bc02-5f04f3170649"},{"element-6066-11e4-a52e-4f735466cecf":"df8868a1-1411-480f-9748-cdbb8f185aa9"},{"element-6066-11e4-a52e-4f735466cecf":"14d4ed5c-bad5-4545-9079-915e02cc756f"},{"element-6066-11e4-a52e-4f735466cecf":"f5ab3279-d2c0-42e0-aeed-00be58870d16"},{"element-6066-11e4-a52e-4f735466cecf":"313736bc-4461-491c-8ce1-199bf9678b10"},{"element-6066-11e4-a52e-4f735466cecf":"d83ed7ad-c405-4e28-8f5e-9ba420e1edce"},{"element-6066-11e4-a52e-4f735466cecf":"98a95517-dec2-4b3a-9923-f5a55fbe94a1"},{"element-6066-11e4-a52e-4f735466cecf":"26247d7d-f302-4ff2-a74d-8b9aafc755e9"},{"element-6066-11e4-a52e-4f735466cecf":"0eae5472-c01c-4a3e-a247-9905657df802"},{"element-6066-11e4-a52e-4f735466cecf":"5cc599c5-c1ae-422d-ad84-bcacd0d7596e"},{"element-6066-11e4-a52e-4f735466cecf":"d1fac2b0-41ca-4ac0-937f-ce6e8023b594"},{"element-6066-11e4-a52e-4f735466cecf":"d5d459f4-0154-4a4d-8710-a4b6f13fff58"},{"element-6066-11e4-a52e-4f735466cecf":"e28fb34d-8052-4bb9-bcd3-d5349174c5de"},{"element-6066-11e4-a52e-4f735466cecf":"1c8aab03-ffa2-412e-b992-26fbe6a2f762"},{"element-6066-11e4-a52e-4f735466cecf":"daa3e72f-5e93-4f09-b4d3-4ce8fa8a6048"},{"element-6066-11e4-a52e-4f735466cecf":"7f490dad-078d-4c0c-893b-46806b0cd556"},{"element-6066-11e4-a52e-4f735466cecf":"a44cbf3d-4757-4cbb-950d-4671a2c49801"},{"element-6066-11e4-a52e-4f735466cecf":"64f41b6c-9277-44ba-b1da-3c51758bea4a"},{"element-6066-11e4-a52e-4f735466cecf":"dfd06a83-bf1f-45e8-953f-555e884612fd"},{"element-6066-11e4-a52e-4f735466cecf":"8d0dfe9f-43c0-4cb4-ab64-9d5dc2fa41cb"},{"element-6066-11e4-a52e-4f735466cecf":"bb4ab63f-ea11-444d-958f-394c09b25ffc"},{"element-6066-11e4-a52e-4f735466cecf":"ac967acf-053a-4f7b-a942-a600a1cf312a"},{"element-6066-11e4-a52e-4f735466cecf":"9c7cb179-e7f6-43be-a8e6-66cfe538b89a"},{"element-6066-11e4-a52e-4f735466cecf":"accaa6e7-f513-4521-b723-f7f5847fced0"},{"element-6066-11e4-a52e-4f735466cecf":"427b1d27-c6f6-4fb9-9ec2-d465a0e05ddf"},{"element-6066-11e4-a52e-4f735466cecf":"7aa8c191-fbbe-45a0-80f4-04dff7051328"},{"element-6066-11e4-a52e-4f735466cecf":"274c887a-a795-4f68-9103-4a3808287c63"},{"element-6066-11e4-a52e-4f735466cecf":"6bee31be-cc69-428e-9d98-0557673c6faf"},{"element-6066-11e4-a52e-4f735466cecf":"1f0aad07-34f0-4fc7-9dd8-91b31459aff8"},{"element-6066-11e4-a52e-4f735466cecf":"35e1121b-54f4-4b0c-89ae-200dd6a3a77d"},{"element-6066-11e4-a52e-4f735466cecf":"da343a84-f496-49c2-ae9c-f0fd600d28f2"},{"element-6066-11e4-a52e-4f735466cecf":"041715e7-f540-466b-a039-5d6680795e71"},{"element-6066-11e4-a52e-4f735466cecf":"4dd013e9-dd30-4a29-a3f9-c19e21d85153"},{"element-6066-11e4-a52e-4f735466cecf":"574677d0-47c3-45a9-bb60-f39bb0fbdbcc"},{"element-6066-11e4-a52e-4f735466cecf":"c26cfb6d-f92b-49c5-bff5-c390b7130eb3"},{"element-6066-11e4-a52e-4f735466cecf":"ead84743-89b6-497d-806e-1a5bb555c21f"},{"element-6066-11e4-a52e-4f735466cecf":"0fc89d25-6ff5-42aa-9de2-b7d4c1d591fb"},{"element-6066-11e4-a52e-4f735466cecf":"dfb0139b-7e59-47c2-afe9-5d76109e094e"},{"element-6066-11e4-a52e-4f735466cecf":"cde44cf6-02af-4f74-a9c8-927cc5efe340"},{"element-6066-11e4-a52e-4f735466cecf":"cf1de0ec-6e55-482a-9078-b3a196c070be"},{"element-6066-11e4-a52e-4f735466cecf":"81cbeeee-282f-4efe-a0e6-1ee85d37ee20"},{"element-6066-11e4-a52e-4f735466cecf":"9dcf8587-9d06-42ab-9330-0b29897fb893"},{"element-6066-11e4-a52e-4f735466cecf":"9ab7456e-876e-4f4b-833c-f185ffd018be"},{"element-6066-11e4-a52e-4f735466cecf":"4a10c7b2-e208-423d-8f10-82ec888eff4e"},{"element-6066-11e4-a52e-4f735466cecf":"da8f24a2-aa99-4a29-b7f9-a785ef0d739b"},{"element-6066-11e4-a52e-4f735466cecf":"beae764b-6a64-445a-ad78-57f36a6fe107"},{"element-6066-11e4-a52e-4f735466cecf":"b8749349-8867-4644-88c3-4ff05ccc41ea"},{"element-6066-11e4-a52e-4f735466cecf":"34c6a0b5-70a1-473d-a809-0e3e7374d8e6"},{"element-6066-11e4-a52e-4f735466cecf":"74956d5e-d769-4d71-915e-161f58d77b02"},{"element-6066-11e4-a52e-4f735466cecf":"131731ab-cf07-419d-a0b5-f76d98c9d17a"},{"element-6066-11e4-a52e-4f735466cecf":"0858386f-f4c0-4585-9e20-1f18dc0913e2"},{"element-6066-11e4-a52e-4f735466cecf":"00717933-392e-4a2a-95c0-08f71af2e9e7"},{"element-6066-11e4-a52e-4f735466cecf":"fb6aea86-d2c0-477e-b34c-6f4e5d5a86a9"},{"element-6066-11e4-a52e-4f735466cecf":"18810c06-6085-47fe-86b9-6520ee9fc3b9"},{"element-6066-11e4-a52e-4f735466cecf":"a37bdcc9-3c67-47b1-98ed-ec774db8b340"},{"element-6066-11e4-a52e-4f735466cecf":"95be635b-3a91-4e1d-90b5-e8e51aab68de"},{"element-6066-11e4-a52e-4f735466cecf":"b034e4a6-ddaa-48d5-9524-ad62d5c2ffbb"},{"element-6066-11e4-a52e-4f735466cecf":"be9e87d0-c062-4719-9cac-23892d2f677d"},{"element-6066-11e4-a52e-4f735466cecf":"9f0da988-45a0-4786-a8e1-9315ec43f1d3"},{"element-6066-11e4-a52e-4f735466cecf":"daddaab1-d6e9-4def-a19c-8a6e3db82bcb"},{"element-6066-11e4-a52e-4f735466cecf":"497d8253-c63d-42aa-8adc-7e7bc718fad5"},{"element-6066-11e4-a52e-4f735466cecf":"fc0a3490-16e7-4670-a573-fdad9dcdf0f3"},{"element-6066-11e4-a52e-4f735466cecf":"97347f6b-86f3-46e8-80ca-11e01ac48f97"},{"element-6066-11e4-a52e-4f735466cecf":"94e9459a-a792-44ca-a4a8-0363877e4985"},{"element-6066-11e4-a52e-4f735466cecf":"736224ce-4d61-4efe-882e-57486b59a22c"},{"element-6066-11e4-a52e-4f735466cecf":"5b13f053-c868-4d8e-99ea-c19a011e945d"},{"element-6066-11e4-a52e-4f735466cecf":"ffbd1031-82b0-4895-b8ac-e8bca02c6714"},{"element-6066-11e4-a52e-4f735466cecf":"54dfbeea-45e6-4758-80d4-394b1e5bf2f4"},{"element-6066-11e4-a52e-4f735466cecf":"8b917f4d-c93d-49ab-9a35-ab4f88dfcfef"},{"element-6066-11e4-a52e-4f735466cecf":"d45b7773-7780-4b54-93d9-138381226f4b"},{"element-6066-11e4-a52e-4f735466cecf":"eaa92f20-5467-4e98-b6ad-eedb1dddeb52"},{"element-6066-11e4-a52e-4f735466cecf":"13832bb7-36ea-43a2-be66-fe1c0dc176a4"},{"element-6066-11e4-a52e-4f735466cecf":"0f58d864-1cbb-4db6-bab2-e439468ca7d0"},{"element-6066-11e4-a52e-4f735466cecf":"d3cac5ff-4f6f-4aac-b377-c0258f8b034c"},{"element-6066-11e4-a52e-4f735466cecf":"2d27ef14-d367-428c-b94e-4947af43b39b"},{"element-6066-11e4-a52e-4f735466cecf":"1476daca-3bdb-4270-85f2-b025ace45480"},{"element-6066-11e4-a52e-4f735466cecf":"0fd350c6-8db1-490c-ab75-81ea04600264"},{"element-6066-11e4-a52e-4f735466cecf":"a33d0110-0814-4b4c-9130-9e10e86dad2e"},{"element-6066-11e4-a52e-4f735466cecf":"7c4ef073-71c9-4aa8-a935-ec99f557f337"},{"element-6066-11e4-a52e-4f735466cecf":"71ccafb9-363c-48e9-9b1c-0df1b890a857"},{"element-6066-11e4-a52e-4f735466cecf":"981a6ea7-7e29-4a36-aa15-8afd6401467d"},{"element-6066-11e4-a52e-4f735466cecf":"ab987d97-ba23-47d4-9f75-ea014b8f2613"},{"element-6066-11e4-a52e-4f735466cecf":"08e17221-c295-44f2-ac3c-6614b2cb16ca"},{"element-6066-11e4-a52e-4f735466cecf":"b49c7096-34a6-4388-bf39-c2b3a0ca7fe7"},{"element-6066-11e4-a52e-4f735466cecf":"9c6b40bf-1056-444f-914b-e2cce63dd594"},{"element-6066-11e4-a52e-4f735466cecf":"98b559a0-9ec4-4805-a6ea-4ca875accc1b"},{"element-6066-11e4-a52e-4f735466cecf":"b0ed8bf2-6cdc-4fd7-bd9e-074a339bd53f"},{"element-6066-11e4-a52e-4f735466cecf":"bbd55c28-c9c2-4844-a18f-74c021eb79c3"},{"element-6066-11e4-a52e-4f735466cecf":"02a8f029-9000-45a1-9776-90b6dd5fd78a"},{"element-6066-11e4-a52e-4f735466cecf":"d301f3e9-61c8-4ede-a842-c3b0a74506c2"},{"element-6066-11e4-a52e-4f735466cecf":"717230be-7700-4e43-98f9-11f1bf637ee7"},{"element-6066-11e4-a52e-4f735466cecf":"5a393e11-e34d-497d-8037-033c9d0e407e"},{"element-6066-11e4-a52e-4f735466cecf":"535a6ff7-8d22-451e-8abc-e05096e6ff25"},{"element-6066-11e4-a52e-4f735466cecf":"5c1411f4-face-4ed7-bb42-81f20039e703"},{"element-6066-11e4-a52e-4f735466cecf":"0552d142-7190-4190-8771-79d91e1ffa92"},{"element-6066-11e4-a52e-4f735466cecf":"b6096dbc-cdca-45e2-a867-b6845665de5e"},{"element-6066-11e4-a52e-4f735466cecf":"ec2e424c-2276-467e-9d69-aeeaee26b129"},{"element-6066-11e4-a52e-4f735466cecf":"fec2b308-ab1c-44d6-9b7f-6ac7979dc1da"},{"element-6066-11e4-a52e-4f735466cecf":"e90a69d7-606d-421b-999d-8c09020fcd73"},{"element-6066-11e4-a52e-4f735466cecf":"6f6fe155-812b-4cbd-8ba4-5f70385fb008"},{"element-6066-11e4-a52e-4f735466cecf":"cfcfb9b0-da07-4189-8906-2ece3900d290"},{"element-6066-11e4-a52e-4f735466cecf":"4c5d239f-bbfc-420a-8f97-1786e8ca39ac"},{"element-6066-11e4-a52e-4f735466cecf":"0eb4546b-fbbc-42e5-a3a3-5580c16b5c9e"},{"element-6066-11e4-a52e-4f735466cecf":"75701088-a2ce-46f3-ab4f-b4a4720095a5"},{"element-6066-11e4-a52e-4f735466cecf":"c4aca181-dd37-48bb-a9a1-1edc73a94f20"},{"element-6066-11e4-a52e-4f735466cecf":"dfdf0b0f-9c55-4905-9d6c-9cc28abb6805"},{"element-6066-11e4-a52e-4f735466cecf":"1ee3d725-84db-4b59-ae96-2affd104f576"},{"element-6066-11e4-a52e-4f735466cecf":"76143986-e7cd-460c-b7f8-39d8ba8dc9ac"},{"element-6066-11e4-a52e-4f735466cecf":"6e4f3902-d9a5-4822-85b1-f604e92e8da3"},{"element-6066-11e4-a52e-4f735466cecf":"feb94c7d-5f7d-4470-873b-4cb0559e880a"},{"element-6066-11e4-a52e-4f735466cecf":"f1d1ba15-f2a4-4c94-93d9-2111ce4c23b8"},{"element-6066-11e4-a52e-4f735466cecf":"b27a5a64-504e-42eb-969c-417fbb568c77"},{"element-6066-11e4-a52e-4f735466cecf":"fdd7a750-4945-4e09-9ca0-2b4d6f3a6142"},{"element-6066-11e4-a52e-4f735466cecf":"c2248564-131b-4cc1-bcb8-067e032de5b1"},{"element-6066-11e4-a52e-4f735466cecf":"06f2f565-9236-4560-9d42-cc2e27b10d09"},{"element-6066-11e4-a52e-4f735466cecf":"24068031-aa67-4c80-b9fe-e83dadf345d3"},{"element-6066-11e4-a52e-4f735466cecf":"77acb076-ab15-499d-8529-38566ea83db9"},{"element-6066-11e4-a52e-4f735466cecf":"aad0d053-fa17-4d5a-8a11-edf8dc18f363"},{"element-6066-11e4-a52e-4f735466cecf":"6a03ef4c-ecd2-484b-9803-9e0ec8feabfd"},{"element-6066-11e4-a52e-4f735466cecf":"469d88c2-36f5-44c5-b83a-a880bd8c9eaa"},{"element-6066-11e4-a52e-4f735466cecf":"687f139d-2c7c-4d72-8a18-a248c1987063"},{"element-6066-11e4-a52e-4f735466cecf":"6dd850d5-d95e-401d-b87c-d275e24f2f38"},{"element-6066-11e4-a52e-4f735466cecf":"004cc94c-ee99-41b1-b388-b8c46b25227b"},{"element-6066-11e4-a52e-4f735466cecf":"21b492ea-1315-4890-a395-70a4c6c1e9ba"},{"element-6066-11e4-a52e-4f735466cecf":"a7420546-dbcc-44c0-9fce-04d85a3c1b42"},{"element-6066-11e4-a52e-4f735466cecf":"a255cd4a-97a4-476f-8573-f5a9ac68ce77"},{"element-6066-11e4-a52e-4f735466cecf":"e1633d7a-7f11-4ef5-b7de-2c0589132110"},{"element-6066-11e4-a52e-4f735466cecf":"346f0dad-9292-4eee-8c35-0c89e4a4f909"},{"element-6066-11e4-a52e-4f735466cecf":"b87b0209-12f2-48ee-bbfc-123f4495beca"},{"element-6066-11e4-a52e-4f735466cecf":"a647682d-73b0-42ee-8d52-d017d353b089"},{"element-6066-11e4-a52e-4f735466cecf":"d15cf75c-6baf-470b-a1a5-df253e102491"},{"element-6066-11e4-a52e-4f735466cecf":"8586ca5d-2c55-47c1-a8ea-619e3a9f5e90"},{"element-6066-11e4-a52e-4f735466cecf":"2eba69e6-6cb1-4e3e-8b4c-8ac2d2d92a2b"},{"element-6066-11e4-a52e-4f735466cecf":"37de1af6-0383-42f5-ad14-46699b98d186"},{"element-6066-11e4-a52e-4f735466cecf":"9b059b92-dc3b-4538-b7d7-5101c988188f"},{"element-6066-11e4-a52e-4f735466cecf":"b5c254ae-beef-4d6b-8708-989faee94155"},{"element-6066-11e4-a52e-4f735466cecf":"85f573ae-1e39-4a29-8a50-2913b8c05cdf"},{"element-6066-11e4-a52e-4f735466cecf":"075ab1b1-a9d6-4d70-8983-6149d2492340"},{"element-6066-11e4-a52e-4f735466cecf":"4559b0c9-c311-4f82-a5ad-670ab3535a09"},{"element-6066-11e4-a52e-4f735466cecf":"c5fcd766-0993-43e9-8e51-62b4dfff5112"},{"element-6066-11e4-a52e-4f735466cecf":"e90f1981-e82a-4db9-abb4-eafe25732ac7"},{"element-6066-11e4-a52e-4f735466cecf":"66c524fa-5d74-463c-b487-2a9ea57eac17"},{"element-6066-11e4-a52e-4f735466cecf":"d820686e-e2a9-4350-8fe0-c405d0834ebe"},{"element-6066-11e4-a52e-4f735466cecf":"63460feb-210f-4083-883f-c443bba0a81a"},{"element-6066-11e4-a52e-4f735466cecf":"4436a20c-5e42-4b0f-a2a4-da95954e1634"},{"element-6066-11e4-a52e-4f735466cecf":"31c36d22-c6cb-41c3-aadc-610136c272a0"},{"element-6066-11e4-a52e-4f735466cecf":"8ea090fc-9a57-4a31-bdd8-4c380a97fcb7"},{"element-6066-11e4-a52e-4f735466cecf":"5d6139b4-9a77-4d1f-bcb2-46296f51f0b9"},{"element-6066-11e4-a52e-4f735466cecf":"9ee84737-0165-4989-ac20-c201452dcf96"},{"element-6066-11e4-a52e-4f735466cecf":"3194df85-546a-44a0-b67f-1488086cb5df"},{"element-6066-11e4-a52e-4f735466cecf":"4e2bbeb4-f414-432e-a012-c729024c4d83"},{"element-6066-11e4-a52e-4f735466cecf":"7cac8832-eec7-43e2-ba42-56abe8564a24"},{"element-6066-11e4-a52e-4f735466cecf":"39443739-b60b-4407-bd51-8c3d935e799d"},{"element-6066-11e4-a52e-4f735466cecf":"3c06a2ea-0604-467d-9d4c-3ddec899293f"},{"element-6066-11e4-a52e-4f735466cecf":"76f7fe24-24af-499b-8cf9-09ff16e477bb"},{"element-6066-11e4-a52e-4f735466cecf":"e3ad950b-ade0-473c-b3de-4f2f758f8a04"},{"element-6066-11e4-a52e-4f735466cecf":"c0fc8071-c1d3-4264-9c65-4468dca75e5a"},{"element-6066-11e4-a52e-4f735466cecf":"a4c82ab3-954c-4742-807c-6c00167ffa6d"},{"element-6066-11e4-a52e-4f735466cecf":"fdf3c9ea-641f-47ee-bd10-5de9c67874d0"},{"element-6066-11e4-a52e-4f735466cecf":"f61a0d2d-62eb-4d56-b657-50157dd9479b"},{"element-6066-11e4-a52e-4f735466cecf":"c01727ff-7067-4c82-8931-d463021fb5c2"},{"element-6066-11e4-a52e-4f735466cecf":"9a7e6d75-c6a5-4e7f-9a39-a1fc7089cd0c"},{"element-6066-11e4-a52e-4f735466cecf":"d44a4f7d-47a8-4435-8627-38b49330a867"},{"element-6066-11e4-a52e-4f735466cecf":"f4d2ef4c-9fc1-403e-ae94-4027dd2a50a2"},{"element-6066-11e4-a52e-4f735466cecf":"69af998c-d0c8-4c4f-b9e3-3dec1e9f21bb"},{"element-6066-11e4-a52e-4f735466cecf":"17242cbe-311e-4ceb-b8df-064baf1fa22f"},{"element-6066-11e4-a52e-4f735466cecf":"eddff20a-9091-4e6b-b7e8-f996d153e95c"},{"element-6066-11e4-a52e-4f735466cecf":"9d8936bb-8c60-4f1d-8e59-6132fc8442d8"},{"element-6066-11e4-a52e-4f735466cecf":"ca954500-609d-4721-9436-fd16113ad1cf"},{"element-6066-11e4-a52e-4f735466cecf":"717661e0-5a4a-4c08-bbc2-642827f4e47b"},{"element-6066-11e4-a52e-4f735466cecf":"495eb6a5-3005-49f9-99ca-e5a8689ec560"},{"element-6066-11e4-a52e-4f735466cecf":"3ec0e8ec-09ff-4d00-b45b-4015e9810b0e"},{"element-6066-11e4-a52e-4f735466cecf":"33908c1e-80dc-46e1-b4bb-104dc06c8792"},{"element-6066-11e4-a52e-4f735466cecf":"2ffaeffc-ba29-4dd6-b05b-21d4e8f30775"},{"element-6066-11e4-a52e-4f735466cecf":"02eda751-a85c-4a97-bdea-9b188d7fbecb"},{"element-6066-11e4-a52e-4f735466cecf":"e844e682-196d-4065-a7c3-7a670e5d7481"},{"element-6066-11e4-a52e-4f735466cecf":"67c7c9d0-b2c7-45c9-8cf3-2735c386f887"},{"element-6066-11e4-a52e-4f735466cecf":"3a55a239-2b29-4d6b-9cb1-3bd61c7204b9"},{"element-6066-11e4-a52e-4f735466cecf":"8a0cced6-0ee8-4fb4-b557-a06c4e916318"},{"element-6066-11e4-a52e-4f735466cecf":"29f1b09f-1ce0-4f43-a442-c7d5e64b0dbc"},{"element-6066-11e4-a52e-4f735466cecf":"c7671932-a0df-4fba-aba3-ad9be9478d53"},{"element-6066-11e4-a52e-4f735466cecf":"8b59654f-9497-4f26-adac-41109b0a9140"},{"element-6066-11e4-a52e-4f735466cecf":"fa7c8263-4c5f-4d89-8fa6-54d90d57c3a0"},{"element-6066-11e4-a52e-4f735466cecf":"742eacbd-90e8-442d-a341-6bd15eb164cb"},{"element-6066-11e4-a52e-4f735466cecf":"536fe55f-a207-41e1-82c7-0cdfc4e98153"},{"element-6066-11e4-a52e-4f735466cecf":"7d87d528-7ede-45db-a182-43b0c3ea8693"},{"element-6066-11e4-a52e-4f735466cecf":"7db69a6b-26ba-48e1-923e-055f4ef078a8"},{"element-6066-11e4-a52e-4f735466cecf":"75eb047e-3cd6-49e8-9eb4-4d4dffc3ee4b"},{"element-6066-11e4-a52e-4f735466cecf":"d7045ee2-6c03-4f55-acbb-b0f9f9a66e52"},{"element-6066-11e4-a52e-4f735466cecf":"8a05cf74-a44d-4e1d-a5d4-31ef89139ab4"},{"element-6066-11e4-a52e-4f735466cecf":"b667714c-d82a-4ff3-aa8c-a1bc45df1024"},{"element-6066-11e4-a52e-4f735466cecf":"9fedf1d5-0ab4-4f3c-83a9-3b721b237ce9"},{"element-6066-11e4-a52e-4f735466cecf":"56252c59-c973-4f8b-aaaa-d0cb1b94557c"},{"element-6066-11e4-a52e-4f735466cecf":"4dc79b41-df3d-4475-86e4-1286fdd84b3d"},{"element-6066-11e4-a52e-4f735466cecf":"15940eef-45c8-4e74-98bc-d5c7b23e169c"},{"element-6066-11e4-a52e-4f735466cecf":"4b03b383-369e-4003-bde5-23e4dd0c3cdf"},{"element-6066-11e4-a52e-4f735466cecf":"0422ae4b-4213-463f-a696-c6ff14437d1c"},{"element-6066-11e4-a52e-4f735466cecf":"bc41e86c-4821-4ee1-a41d-b1ae9b02f68b"},{"element-6066-11e4-a52e-4f735466cecf":"2b4a7bfb-3aa4-4277-9394-783a5df386c0"},{"element-6066-11e4-a52e-4f735466cecf":"bee245a1-e470-4e34-a56c-230cb1634458"},{"element-6066-11e4-a52e-4f735466cecf":"b9dba153-efb4-4f3d-b73b-f15d5965a322"},{"element-6066-11e4-a52e-4f735466cecf":"b082e612-0f98-4dfd-a265-860c927d3327"},{"element-6066-11e4-a52e-4f735466cecf":"782930a0-47e2-4599-b311-d1c822a9aafd"},{"element-6066-11e4-a52e-4f735466cecf":"0549d60f-402b-4c48-8d76-3cac28e4f4da"},{"element-6066-11e4-a52e-4f735466cecf":"2bcb0111-a6b7-4ddb-882d-cff7949fd1e8"},{"element-6066-11e4-a52e-4f735466cecf":"7c50a7d4-5774-412c-9642-f144e1aa5c29"},{"element-6066-11e4-a52e-4f735466cecf":"b7cf2694-8055-49af-ae36-ee789ca2ca1b"},{"element-6066-11e4-a52e-4f735466cecf":"401cb371-8230-4a42-b8f1-750ccd431777"},{"element-6066-11e4-a52e-4f735466cecf":"fa8eba68-0df8-4ed9-b936-ba13860039dd"},{"element-6066-11e4-a52e-4f735466cecf":"c7dcaf05-b0d2-4f05-a6a2-82bbe6f6da14"},{"element-6066-11e4-a52e-4f735466cecf":"08f2e6ab-ba60-4884-8185-15ec767f99d1"},{"element-6066-11e4-a52e-4f735466cecf":"8ce762b2-3159-4cfd-8963-1747926aa2d2"},{"element-6066-11e4-a52e-4f735466cecf":"481a6b5f-bca7-4816-89cf-959f1726e83d"},{"element-6066-11e4-a52e-4f735466cecf":"8c9af596-ea90-4e42-b126-164949615766"},{"element-6066-11e4-a52e-4f735466cecf":"1ee7817d-2bed-43de-9ba3-d0ed1bdfb43a"},{"element-6066-11e4-a52e-4f735466cecf":"0a0789e0-be9c-4b56-9179-90876abc43ea"},{"element-6066-11e4-a52e-4f735466cecf":"fa152365-f6e4-49df-bcbb-ccaf8bdb15b2"},{"element-6066-11e4-a52e-4f735466cecf":"6395ee95-c6c2-45a6-9828-fff3ae9a0ab0"},{"element-6066-11e4-a52e-4f735466cecf":"0d0ce0b0-1e61-468c-a5c0-b593dd2c7f11"},{"element-6066-11e4-a52e-4f735466cecf":"9184fb10-2e3d-42c1-826e-0f0ca2c889ea"},{"element-6066-11e4-a52e-4f735466cecf":"532c44d0-b043-4a56-939c-8c3339203f22"},{"element-6066-11e4-a52e-4f735466cecf":"6174e6aa-14ff-4832-a27a-03c698636305"},{"element-6066-11e4-a52e-4f735466cecf":"0d00ba44-e766-4cae-8509-edb64976e771"},{"element-6066-11e4-a52e-4f735466cecf":"8d07d1bf-eb2f-4ced-b658-bc266dcea430"},{"element-6066-11e4-a52e-4f735466cecf":"bdc0b946-847d-404a-9faf-5752b8cea83a"},{"element-6066-11e4-a52e-4f735466cecf":"f5640da0-03e5-46dd-b57a-6c5664f8f208"},{"element-6066-11e4-a52e-4f735466cecf":"5d009c6c-af5a-4032-ba6e-efafc8f68df3"},{"element-6066-11e4-a52e-4f735466cecf":"48dc59b5-4161-4954-86a6-5e8526d98688"},{"element-6066-11e4-a52e-4f735466cecf":"4f47a124-aad3-4642-aee6-3837883a1ba5"},{"element-6066-11e4-a52e-4f735466cecf":"81c00045-c70d-492d-a341-ccb7251fbfbd"},{"element-6066-11e4-a52e-4f735466cecf":"8bf8860f-272f-4153-a490-dc9d6917e6eb"},{"element-6066-11e4-a52e-4f735466cecf":"de30bfb0-11f0-42ab-ab1f-998579395e09"},{"element-6066-11e4-a52e-4f735466cecf":"37f572c1-b16b-47e8-b3ca-ceca80c0e90f"},{"element-6066-11e4-a52e-4f735466cecf":"dca2f9d9-601f-49c1-95e3-882f2b117553"},{"element-6066-11e4-a52e-4f735466cecf":"be12b2c8-a665-42c9-a290-6161954e9070"},{"element-6066-11e4-a52e-4f735466cecf":"8810a1dc-687d-4b21-a557-cfcf825ad6f5"},{"element-6066-11e4-a52e-4f735466cecf":"8e5b27b0-d325-4cf1-8585-831bcd338bde"},{"element-6066-11e4-a52e-4f735466cecf":"8c2dc1a0-819b-4fad-8fdd-ab3af4e9655e"},{"element-6066-11e4-a52e-4f735466cecf":"738e1449-2f47-4339-ab36-1c471537cbb7"},{"element-6066-11e4-a52e-4f735466cecf":"e6fb6315-1fa7-4506-9b34-9e718a29b345"},{"element-6066-11e4-a52e-4f735466cecf":"922ff4af-c995-4bed-ad00-32d15de4d9f1"},{"element-6066-11e4-a52e-4f735466cecf":"016670c1-13ce-487a-a16a-be72c3fc7fe5"},{"element-6066-11e4-a52e-4f735466cecf":"f4ed563d-982e-4e1f-af36-46ea0fdebace"},{"element-6066-11e4-a52e-4f735466cecf":"62e10743-c782-4568-86b9-8a8cc95cf595"},{"element-6066-11e4-a52e-4f735466cecf":"652b6f89-521a-4544-b90f-3f882e8607c7"},{"element-6066-11e4-a52e-4f735466cecf":"ea716ed2-28d3-4c53-80d1-d634830877c1"},{"element-6066-11e4-a52e-4f735466cecf":"502d7abb-0aeb-4300-b16b-cf3ec2f7d328"},{"element-6066-11e4-a52e-4f735466cecf":"21f6d5b8-cdcc-4079-838c-9ce23369905e"},{"element-6066-11e4-a52e-4f735466cecf":"9d0aa34b-a1a2-4c6f-a547-fbff560c93fa"},{"element-6066-11e4-a52e-4f735466cecf":"fede3311-ec73-471d-a9df-e94db3df537e"},{"element-6066-11e4-a52e-4f735466cecf":"1e032992-7bd5-47f2-a380-923cc2cd5726"},{"element-6066-11e4-a52e-4f735466cecf":"bd466812-2a4f-46ab-a2b2-2d1d73baae8d"},{"element-6066-11e4-a52e-4f735466cecf":"b6d27cf9-f8aa-4554-94d3-9ca00bcba9fd"},{"element-6066-11e4-a52e-4f735466cecf":"6652326b-a112-42ee-9462-2ab690478d14"},{"element-6066-11e4-a52e-4f735466cecf":"769975fc-60f1-42f5-b32c-ab8b35119f04"},{"element-6066-11e4-a52e-4f735466cecf":"ba81bee4-51ba-4c45-b4a0-8881a68924b8"},{"element-6066-11e4-a52e-4f735466cecf":"f0bdb871-8c81-4541-95ea-7b5381a08947"},{"element-6066-11e4-a52e-4f735466cecf":"f36d2c88-bf93-4e74-9897-d36ae8fed367"},{"element-6066-11e4-a52e-4f735466cecf":"a427668d-a1c9-47bd-bc31-8add189fb9e5"},{"element-6066-11e4-a52e-4f735466cecf":"eada75e8-de92-430a-9f99-9bb63e79ea24"},{"element-6066-11e4-a52e-4f735466cecf":"fa638e98-8182-412c-a060-0ca726301022"},{"element-6066-11e4-a52e-4f735466cecf":"995376b5-bfd0-4ac4-9650-f3f0dcca5e48"},{"element-6066-11e4-a52e-4f735466cecf":"3d1e1dbb-4106-4d66-b46c-fd0453eda7e5"},{"element-6066-11e4-a52e-4f735466cecf":"6f0280d1-5db3-4100-a2d0-81615f4e1492"},{"element-6066-11e4-a52e-4f735466cecf":"65a02ba8-6e30-4454-b892-084b2c6629e7"},{"element-6066-11e4-a52e-4f735466cecf":"b42a2819-3806-4e1c-ac11-090197d6655e"},{"element-6066-11e4-a52e-4f735466cecf":"bd4b93c6-46b1-4d83-8c06-a349870db1df"},{"element-6066-11e4-a52e-4f735466cecf":"c4c749d9-941f-4779-8ddd-3dc3bfef524f"},{"element-6066-11e4-a52e-4f735466cecf":"a93827ad-a466-43ea-87fe-ecdf48e1cc11"},{"element-6066-11e4-a52e-4f735466cecf":"54f5c1eb-a459-4df2-8ee5-cf187500b301"},{"element-6066-11e4-a52e-4f735466cecf":"76ef086c-776f-443d-8ebf-65d2b49f7335"},{"element-6066-11e4-a52e-4f735466cecf":"6112ec20-01a6-4232-ace1-0086c8537622"},{"element-6066-11e4-a52e-4f735466cecf":"ed3167a1-0b54-409c-b945-fcabd553cbd1"},{"element-6066-11e4-a52e-4f735466cecf":"8c18c8b5-38f5-4e48-90a4-a58eac2649ee"},{"element-6066-11e4-a52e-4f735466cecf":"092921b6-5141-4ee3-a1a2-8651ec003c0c"},{"element-6066-11e4-a52e-4f735466cecf":"54add920-9d7c-4cb0-93a4-624135fef2ac"},{"element-6066-11e4-a52e-4f735466cecf":"82c74770-5f40-4415-b3f3-d370d75febe1"},{"element-6066-11e4-a52e-4f735466cecf":"482fd8e2-a8d3-480d-8286-51d1e4656b97"},{"element-6066-11e4-a52e-4f735466cecf":"0c631cd5-8e9e-4e3f-8326-0cfbd28477ac"},{"element-6066-11e4-a52e-4f735466cecf":"38761db7-a876-44bb-8b2f-6c070681e5f6"},{"element-6066-11e4-a52e-4f735466cecf":"a84554f6-8aba-4c8d-b014-f8a06c7927c5"},{"element-6066-11e4-a52e-4f735466cecf":"6321da30-bce3-4bb3-8306-7e090d51309a"},{"element-6066-11e4-a52e-4f735466cecf":"5a8fd739-02c0-41c0-b001-c80b63814c2e"},{"element-6066-11e4-a52e-4f735466cecf":"89701435-23fc-4732-8e1e-247115054017"},{"element-6066-11e4-a52e-4f735466cecf":"72303f81-8040-414d-925f-6a5a230a9074"},{"element-6066-11e4-a52e-4f735466cecf":"883f43f4-e896-40cd-80ad-7e763caeb8eb"},{"element-6066-11e4-a52e-4f735466cecf":"8178ec2e-bb0a-4738-b751-2a2afa7ce442"},{"element-6066-11e4-a52e-4f735466cecf":"07590c77-80a1-4261-beb4-3d488cb35801"},{"element-6066-11e4-a52e-4f735466cecf":"0c8e316e-a0ae-4a98-b9f0-100ac86c398c"},{"element-6066-11e4-a52e-4f735466cecf":"c8ca8e4a-26a4-4f72-b5ae-1d904a29632e"},{"element-6066-11e4-a52e-4f735466cecf":"e2108cd6-c9d9-46f4-899d-acaa34d24488"},{"element-6066-11e4-a52e-4f735466cecf":"f674bdab-7b59-4a70-8859-b7c8cc78f445"},{"element-6066-11e4-a52e-4f735466cecf":"f5aae3ce-0c4d-46cc-8ddc-2c5df3149c08"},{"element-6066-11e4-a52e-4f735466cecf":"bbd9bcc9-6532-4826-ba5c-ae3d9bb2d50e"},{"element-6066-11e4-a52e-4f735466cecf":"b506149c-0010-483b-9228-7a3cf8c864fe"},{"element-6066-11e4-a52e-4f735466cecf":"559444fe-c7a0-4988-bbd1-682602ec9580"},{"element-6066-11e4-a52e-4f735466cecf":"90628c7f-0983-43ce-9144-a7cdb6c125dd"},{"element-6066-11e4-a52e-4f735466cecf":"0a4c0d30-8410-4822-9e54-a2c90221dea2"},{"element-6066-11e4-a52e-4f735466cecf":"1327a763-cde1-42a9-9091-96339b93beb4"},{"element-6066-11e4-a52e-4f735466cecf":"ceb2e9ed-a599-4b6e-bc44-edf8de18ed0d"},{"element-6066-11e4-a52e-4f735466cecf":"afb652c9-9c09-4aa8-9755-4b83ec09fc87"},{"element-6066-11e4-a52e-4f735466cecf":"52a7d207-2f40-47b4-bc33-3191f4fcf5fd"},{"element-6066-11e4-a52e-4f735466cecf":"62dc4943-c955-4c70-be44-dbd830702a30"},{"element-6066-11e4-a52e-4f735466cecf":"79aa7ab1-bf30-492d-b1dd-7d8eed72a178"},{"element-6066-11e4-a52e-4f735466cecf":"81b0e48f-02cf-487c-9b38-8dd23905a1af"},{"element-6066-11e4-a52e-4f735466cecf":"26c2e5c9-fc00-4788-89f3-1e49f5d273b3"},{"element-6066-11e4-a52e-4f735466cecf":"9d7811ea-9a94-4d20-b642-f99763160945"},{"element-6066-11e4-a52e-4f735466cecf":"bff893a8-6778-4b47-86af-6f3aa06247ee"},{"element-6066-11e4-a52e-4f735466cecf":"850ce718-143a-4773-8e6d-6b302fa37e43"},{"element-6066-11e4-a52e-4f735466cecf":"138c359d-3115-4d53-a842-9cbf67f33772"},{"element-6066-11e4-a52e-4f735466cecf":"1dbd1351-280e-4a6e-92ee-9ffbf6cfeff2"},{"element-6066-11e4-a52e-4f735466cecf":"f7cedac6-2da6-417b-876b-1f60ff069b75"},{"element-6066-11e4-a52e-4f735466cecf":"cca4d593-a12b-4ab1-890d-0b7f1cab1377"},{"element-6066-11e4-a52e-4f735466cecf":"89c248d8-0435-4227-986e-f1668f6ae684"},{"element-6066-11e4-a52e-4f735466cecf":"1ae2ec0b-c886-46d2-9e87-a9f9a2b83544"},{"element-6066-11e4-a52e-4f735466cecf":"fcb69a7a-344a-44f9-97df-1ddfc44e10cc"},{"element-6066-11e4-a52e-4f735466cecf":"3201d97c-4ee4-498e-b417-531358531743"},{"element-6066-11e4-a52e-4f735466cecf":"83bf718b-4ca5-43a4-b74b-8c723f81bd1f"},{"element-6066-11e4-a52e-4f735466cecf":"2007b207-1e14-4f9f-bd0c-369f7ccace85"},{"element-6066-11e4-a52e-4f735466cecf":"21b3507e-6caf-4d66-8c7e-3d28b763f4aa"},{"element-6066-11e4-a52e-4f735466cecf":"a693d840-4fbf-401b-bb5a-3e67048cba17"},{"element-6066-11e4-a52e-4f735466cecf":"9339f405-0d82-4fee-887d-89d74ac58ee1"},{"element-6066-11e4-a52e-4f735466cecf":"2f32d27b-b337-4ef6-977d-4bbc60498116"},{"element-6066-11e4-a52e-4f735466cecf":"7fbc8d6d-0af8-42de-8d0e-155b45612793"},{"element-6066-11e4-a52e-4f735466cecf":"4738cf36-d0fc-43cb-bcb5-4e1cc60d2521"},{"element-6066-11e4-a52e-4f735466cecf":"fe85d6cc-bb30-4e4f-989a-c7ec47de34d1"},{"element-6066-11e4-a52e-4f735466cecf":"dff4ed1c-2829-459c-94d6-d83c36675c46"},{"element-6066-11e4-a52e-4f735466cecf":"c7ef92ca-5e92-434c-9006-440f0b3cbfe3"},{"element-6066-11e4-a52e-4f735466cecf":"fca253ad-24ce-4687-873b-d37a0932296a"},{"element-6066-11e4-a52e-4f735466cecf":"6d560679-21d7-49a2-9c13-6623d641211b"},{"element-6066-11e4-a52e-4f735466cecf":"0a1b9bea-a70d-48dd-9694-c22f527ec9a0"},{"element-6066-11e4-a52e-4f735466cecf":"54dc9a5f-f654-4372-8d00-f5304773ddd5"},{"element-6066-11e4-a52e-4f735466cecf":"f0e3c7e2-af93-4c11-97de-ecd179abbcca"},{"element-6066-11e4-a52e-4f735466cecf":"c810fb94-8c16-4228-8d4a-8ae988d2a474"},{"element-6066-11e4-a52e-4f735466cecf":"a295e6f5-375e-4df7-a23d-d71141fd3f4c"},{"element-6066-11e4-a52e-4f735466cecf":"84bd917a-24c6-413b-8e86-fe393f43c03a"},{"element-6066-11e4-a52e-4f735466cecf":"1e3bf951-450a-4a2c-9785-db344bc0c2fc"},{"element-6066-11e4-a52e-4f735466cecf":"67357a9f-9b77-4450-b306-3677c490d630"},{"element-6066-11e4-a52e-4f735466cecf":"6c9af3cb-ca0f-4081-b329-dbd89a50ff5d"},{"element-6066-11e4-a52e-4f735466cecf":"243ea1ed-cdce-439e-b2ec-b63a533fde1b"},{"element-6066-11e4-a52e-4f735466cecf":"62088023-1405-45e0-a9e9-95cb85d5f951"},{"element-6066-11e4-a52e-4f735466cecf":"13368256-2d41-413f-b2ed-4f22509f5327"},{"element-6066-11e4-a52e-4f735466cecf":"408c4cba-4284-46cd-b0dd-f6014223f9d5"},{"element-6066-11e4-a52e-4f735466cecf":"05c4f2a7-9b3b-4f79-81ff-3c3275c5bd6f"},{"element-6066-11e4-a52e-4f735466cecf":"8b8d03da-3866-44ee-87d6-264fe4b45558"},{"element-6066-11e4-a52e-4f735466cecf":"89121de7-1cc0-4a8f-b927-d5e5f2bd6d84"},{"element-6066-11e4-a52e-4f735466cecf":"1d5efe93-cd5e-4ca4-a532-a7174daae5e0"},{"element-6066-11e4-a52e-4f735466cecf":"690a1ee3-ba68-4303-9b9a-df2738a1d115"},{"element-6066-11e4-a52e-4f735466cecf":"bf9040a9-64cf-464c-8b96-aa6b4549e33a"},{"element-6066-11e4-a52e-4f735466cecf":"6266be4c-4693-4510-a957-006eeb57d2ff"},{"element-6066-11e4-a52e-4f735466cecf":"ddfa23d4-a6d4-4be0-b989-a2371ede4f6c"},{"element-6066-11e4-a52e-4f735466cecf":"ac524a90-5165-4ae1-ae80-75ecc74d4535"},{"element-6066-11e4-a52e-4f735466cecf":"ad9815b5-16af-4319-b38f-79fa7d2f645a"},{"element-6066-11e4-a52e-4f735466cecf":"bb5b5d36-053d-402e-b6ad-ff9d8bc5e9c6"},{"element-6066-11e4-a52e-4f735466cecf":"24e1dc83-856e-4083-b6ab-204bb183645b"},{"element-6066-11e4-a52e-4f735466cecf":"80947803-22ee-4182-8071-6325b8e08a2f"},{"element-6066-11e4-a52e-4f735466cecf":"aa253f7a-dde9-4f40-9d59-3b8ffcf2176c"},{"element-6066-11e4-a52e-4f735466cecf":"2d1c4159-3398-426b-887d-8b73512c97f4"},{"element-6066-11e4-a52e-4f735466cecf":"4d88afca-84dc-4a4c-a99f-ca0dfecc4962"},{"element-6066-11e4-a52e-4f735466cecf":"1098eb58-e044-4353-bd42-2f2d245d145f"},{"element-6066-11e4-a52e-4f735466cecf":"2a53a248-3937-443a-83d4-8e3799fef44f"},{"element-6066-11e4-a52e-4f735466cecf":"65696bc7-7953-4fca-a7a6-6068ae7ef5e9"},{"element-6066-11e4-a52e-4f735466cecf":"ce58a172-5dbc-44b0-b9d0-8ff27b2bba6e"},{"element-6066-11e4-a52e-4f735466cecf":"8ab142c8-34c6-49c9-9412-eb90c1406c02"},{"element-6066-11e4-a52e-4f735466cecf":"906923c0-7a51-418f-b73d-d667b65d651f"},{"element-6066-11e4-a52e-4f735466cecf":"032897bd-ab4b-492f-afb6-6bea0ad21c80"},{"element-6066-11e4-a52e-4f735466cecf":"f62ec3a0-a6e3-49e4-afb1-0bafbe1b5a87"},{"element-6066-11e4-a52e-4f735466cecf":"4bd315a3-f7e9-46ab-a5ee-013d73210915"},{"element-6066-11e4-a52e-4f735466cecf":"f4659215-1cd3-4e31-9942-865e5e9a50c6"},{"element-6066-11e4-a52e-4f735466cecf":"df85e85c-4a8b-48bc-a59c-379b01396663"},{"element-6066-11e4-a52e-4f735466cecf":"55358ac2-7464-4dbd-8902-41a478acb201"},{"element-6066-11e4-a52e-4f735466cecf":"9a3defd9-653e-4370-8a16-c9d9eca2750b"},{"element-6066-11e4-a52e-4f735466cecf":"44a9e02d-cad7-4562-ad5c-33759567974b"},{"element-6066-11e4-a52e-4f735466cecf":"8bdb0814-0111-4caa-87b2-2664d09603e4"},{"element-6066-11e4-a52e-4f735466cecf":"0490d97e-0a31-42f4-bfa7-e882cdfbb0bb"},{"element-6066-11e4-a52e-4f735466cecf":"df2a8f49-3421-48df-8a30-11497448b66e"},{"element-6066-11e4-a52e-4f735466cecf":"03a3f75a-0660-42f5-97eb-279f965d7cf1"},{"element-6066-11e4-a52e-4f735466cecf":"2b2f0108-5408-4bf6-9f1e-f820567b6d30"},{"element-6066-11e4-a52e-4f735466cecf":"566f8062-71ee-4475-a036-15f19aaadf0c"},{"element-6066-11e4-a52e-4f735466cecf":"1555ec3a-991d-4ffe-bcd7-f4214fad1349"},{"element-6066-11e4-a52e-4f735466cecf":"3e8a7b4f-2481-4231-b1bc-6f035b687900"},{"element-6066-11e4-a52e-4f735466cecf":"b995c466-7460-44b3-b288-1660cba1c815"},{"element-6066-11e4-a52e-4f735466cecf":"47f6b684-1a82-4eac-bfac-4046dd37d14d"},{"element-6066-11e4-a52e-4f735466cecf":"9e2b9c88-cc99-47fa-bd71-611903e0fbc9"},{"element-6066-11e4-a52e-4f735466cecf":"509cce1b-a54b-439c-b76b-fb805f9cef64"},{"element-6066-11e4-a52e-4f735466cecf":"e317b70d-6757-4981-8098-e7184735da3c"},{"element-6066-11e4-a52e-4f735466cecf":"a397dd1d-968d-49e1-885d-5c5847bdd09b"},{"element-6066-11e4-a52e-4f735466cecf":"17f5dd44-4ba8-4349-b28b-5d5d607552f5"},{"element-6066-11e4-a52e-4f735466cecf":"6d6a307f-34a7-4dce-b412-81f7dde59f1b"},{"element-6066-11e4-a52e-4f735466cecf":"40ce8612-98a8-4bf4-9d37-c86717b27a54"},{"element-6066-11e4-a52e-4f735466cecf":"8cf18e25-de21-4a7d-8e38-3fc9d0f71825"},{"element-6066-11e4-a52e-4f735466cecf":"ca7ed837-3fe0-46da-a896-e930b1762dff"},{"element-6066-11e4-a52e-4f735466cecf":"e1d524d3-81e9-4d46-9444-eaa621ae414c"},{"element-6066-11e4-a52e-4f735466cecf":"3b1d9d51-8a8b-4772-9862-e1ea60cb680d"},{"element-6066-11e4-a52e-4f735466cecf":"debfff72-70e2-48c0-bc57-1b76f5262a68"},{"element-6066-11e4-a52e-4f735466cecf":"26371889-4853-4f57-ab66-e8df73973810"},{"element-6066-11e4-a52e-4f735466cecf":"39829ecf-d4be-4c48-b68c-d7c9bb904957"},{"element-6066-11e4-a52e-4f735466cecf":"d033949b-9fc7-4169-a3f4-b3f56473a8b2"},{"element-6066-11e4-a52e-4f735466cecf":"a2e46d24-3ad7-4580-bcc1-615ec41517f3"},{"element-6066-11e4-a52e-4f735466cecf":"fe8259f9-a510-4c25-be6f-c2bbb0f963fa"},{"element-6066-11e4-a52e-4f735466cecf":"30648ecb-b4bf-4412-9280-69ae9b320b6c"},{"element-6066-11e4-a52e-4f735466cecf":"d1922178-109f-4afa-ae0f-b463b57e4fd1"},{"element-6066-11e4-a52e-4f735466cecf":"487bbb0a-53d4-4101-ac37-ffc0ce46d7d1"},{"element-6066-11e4-a52e-4f735466cecf":"4c889b67-7ea3-4d46-96f9-e7fa059d8bfd"},{"element-6066-11e4-a52e-4f735466cecf":"51f55339-bb38-43be-b1db-69a312466f5c"},{"element-6066-11e4-a52e-4f735466cecf":"5b5b3705-08df-4b0c-80da-093655277fc2"},{"element-6066-11e4-a52e-4f735466cecf":"a14a7bff-230b-4156-b8cc-97a92aa808f2"},{"element-6066-11e4-a52e-4f735466cecf":"7a87439b-5205-49de-ba42-64e209211fdc"},{"element-6066-11e4-a52e-4f735466cecf":"5b76dac6-e0a5-4b8d-b8c6-aa588281384d"},{"element-6066-11e4-a52e-4f735466cecf":"113a6252-6699-40b4-b6ac-53b0dee29404"},{"element-6066-11e4-a52e-4f735466cecf":"7aaee615-73d7-4178-9901-ad43b8048246"},{"element-6066-11e4-a52e-4f735466cecf":"40de57be-3452-48ad-8510-ace6db7cb306"},{"element-6066-11e4-a52e-4f735466cecf":"98d1b5b3-4434-4e87-b5c3-0d8a45cbaca6"},{"element-6066-11e4-a52e-4f735466cecf":"fc029eb0-45d9-45e2-99ce-2ae17addda6c"},{"element-6066-11e4-a52e-4f735466cecf":"33020dab-cacc-4569-8f77-1b7c9b31db13"},{"element-6066-11e4-a52e-4f735466cecf":"b2ec5ee7-a3a2-4eaa-9b3a-edcd834ece6c"},{"element-6066-11e4-a52e-4f735466cecf":"2538af8d-8cba-42dc-9384-d31943450c80"},{"element-6066-11e4-a52e-4f735466cecf":"3eef2ae5-0832-46e3-a8ff-85731c13eab5"},{"element-6066-11e4-a52e-4f735466cecf":"47561bc9-0d12-450c-8e1e-6a7ca90b407f"},{"element-6066-11e4-a52e-4f735466cecf":"664f0568-f8d4-4a05-947e-5b82e8f4eafe"},{"element-6066-11e4-a52e-4f735466cecf":"230dc124-e047-4b2d-bfea-acf2fbc480a1"},{"element-6066-11e4-a52e-4f735466cecf":"91682b84-2404-44aa-8f3f-3118338e4da6"},{"element-6066-11e4-a52e-4f735466cecf":"bfe28b3c-790e-4761-b7da-ebaca513eecd"},{"element-6066-11e4-a52e-4f735466cecf":"46659ffc-d14f-4c34-9fe9-fbc8d508a1c5"},{"element-6066-11e4-a52e-4f735466cecf":"b62eeb91-47ee-486f-a3f8-7567fa9a11e5"},{"element-6066-11e4-a52e-4f735466cecf":"a70d5918-0299-4b10-a2da-2210871c904a"},{"element-6066-11e4-a52e-4f735466cecf":"576f1d59-2232-40ef-bd6a-8ccd2b5886d6"},{"element-6066-11e4-a52e-4f735466cecf":"02924409-203d-48df-8749-ae054152e5c8"},{"element-6066-11e4-a52e-4f735466cecf":"8598620a-db9c-4ac2-905b-e71fba7cc46e"},{"element-6066-11e4-a52e-4f735466cecf":"9b71a7a8-b242-4e99-ab79-7646f494da48"},{"element-6066-11e4-a52e-4f735466cecf":"705c3d3b-b688-43cd-8d9f-99f3a9b88a76"},{"element-6066-11e4-a52e-4f735466cecf":"a23ece4d-10a9-42f7-b08f-6ec7122f9f6e"},{"element-6066-11e4-a52e-4f735466cecf":"dc27e327-5189-4f87-8e7d-982b31279166"},{"element-6066-11e4-a52e-4f735466cecf":"8f5a6d7c-5d6a-4cb6-a115-6324321a5a4a"},{"element-6066-11e4-a52e-4f735466cecf":"4d37595c-2b46-4f6b-a941-c19849e2e4bb"},{"element-6066-11e4-a52e-4f735466cecf":"6af6be57-66fd-4a33-9deb-bca9d4035346"},{"element-6066-11e4-a52e-4f735466cecf":"176c709e-dd08-4453-ab71-c3d7e6e145b5"},{"element-6066-11e4-a52e-4f735466cecf":"28b2c2d8-216b-40c7-b643-ba2b03c306e3"},{"element-6066-11e4-a52e-4f735466cecf":"24f67337-34f3-4c5c-b5be-bba3eccbcd7e"},{"element-6066-11e4-a52e-4f735466cecf":"c18c11d6-9515-4828-8da6-b09cda8666d0"},{"element-6066-11e4-a52e-4f735466cecf":"8684e2fb-20f8-4803-9911-4a83cd921643"},{"element-6066-11e4-a52e-4f735466cecf":"75a57bda-8886-4600-b86e-9e1a464a00eb"},{"element-6066-11e4-a52e-4f735466cecf":"59ebb52d-4840-46c3-8a3f-d8803f876522"},{"element-6066-11e4-a52e-4f735466cecf":"3c11efe8-ddb0-43ef-83a6-423260cb58f3"},{"element-6066-11e4-a52e-4f735466cecf":"ed641879-d85b-44b2-89cc-6b47eb5a08c9"},{"element-6066-11e4-a52e-4f735466cecf":"f4e59b71-8f69-4292-b3c0-0fd0f7f50baa"},{"element-6066-11e4-a52e-4f735466cecf":"2a634924-52c6-4ee0-bdb9-6a25239f4c61"},{"element-6066-11e4-a52e-4f735466cecf":"b368e114-4b29-42c7-91c3-d528a1c46147"},{"element-6066-11e4-a52e-4f735466cecf":"576898c6-25e5-4b2b-a902-859178e06c60"},{"element-6066-11e4-a52e-4f735466cecf":"bc188716-fc5c-4491-af7d-431d91f46f08"},{"element-6066-11e4-a52e-4f735466cecf":"82131a36-61bb-4171-a8c1-4cdffedf226d"},{"element-6066-11e4-a52e-4f735466cecf":"1c643cad-654c-468b-9141-bb6606cb258c"},{"element-6066-11e4-a52e-4f735466cecf":"0dcad054-ecac-4817-8bdf-82d8ad9451e5"},{"element-6066-11e4-a52e-4f735466cecf":"06387cc7-2c5d-4a64-9728-d38939829549"},{"element-6066-11e4-a52e-4f735466cecf":"d2d976e3-b119-4c95-ab90-b01337962c0f"},{"element-6066-11e4-a52e-4f735466cecf":"506bea4d-8f0e-4b00-874c-aab67acb1255"},{"element-6066-11e4-a52e-4f735466cecf":"12be967f-8852-4645-b4b2-6194b51af9d8"},{"element-6066-11e4-a52e-4f735466cecf":"ad17dba3-4f6a-4c4b-a1df-0469e351d63b"},{"element-6066-11e4-a52e-4f735466cecf":"41643241-7b55-4afb-b9cf-bb04e121f514"},{"element-6066-11e4-a52e-4f735466cecf":"3f436272-0f53-4e44-a66a-ab46312ea1d0"},{"element-6066-11e4-a52e-4f735466cecf":"7c82a9ea-6523-4649-bb7d-3df56bc5d8e7"},{"element-6066-11e4-a52e-4f735466cecf":"1611b9c4-a071-405a-b49e-bcaed050dead"},{"element-6066-11e4-a52e-4f735466cecf":"7681d476-c610-418f-b9de-81672a31cdf4"},{"element-6066-11e4-a52e-4f735466cecf":"dbfab51f-8adc-48be-8200-ddc9ef24dad0"},{"element-6066-11e4-a52e-4f735466cecf":"4b7fb0e3-d55b-49d7-8f35-a53a869a73b5"},{"element-6066-11e4-a52e-4f735466cecf":"4c065b4a-7e55-4438-a550-11ba8ae40b98"},{"element-6066-11e4-a52e-4f735466cecf":"9db354d1-6a9d-4cb1-8ed6-bda7e7889e66"},{"element-6066-11e4-a52e-4f735466cecf":"49d2dbce-33e2-4069-9148-0ab46fe7041e"},{"element-6066-11e4-a52e-4f735466cecf":"814d667c-3b44-4b76-a599-35832b0db653"},{"element-6066-11e4-a52e-4f735466cecf":"d9ea7f4b-9b4a-4ebb-8fe2-23e73415b400"},{"element-6066-11e4-a52e-4f735466cecf":"41a07c7c-ebd5-42c1-8d90-b5b575c39a0d"},{"element-6066-11e4-a52e-4f735466cecf":"165510e4-12a2-4fe4-aefa-0aa4176feff2"},{"element-6066-11e4-a52e-4f735466cecf":"8847cea6-46ba-4980-9b80-c38b07e81d72"},{"element-6066-11e4-a52e-4f735466cecf":"66351593-9553-4609-a731-0df107f77aa5"},{"element-6066-11e4-a52e-4f735466cecf":"75fe9c69-bc05-4bdb-9606-1094cdb1b712"},{"element-6066-11e4-a52e-4f735466cecf":"853567e2-818e-4320-b52d-cd79d349fccf"},{"element-6066-11e4-a52e-4f735466cecf":"319b4c6a-2fe9-4a62-ae3a-be15bcd123c9"},{"element-6066-11e4-a52e-4f735466cecf":"fb6e1bf2-8448-4944-905e-ea0109b808a4"},{"element-6066-11e4-a52e-4f735466cecf":"294e1e45-5855-4653-8fa6-53ad4e2977e1"},{"element-6066-11e4-a52e-4f735466cecf":"9fb42834-c6ea-4436-82e3-6697013c2f8b"},{"element-6066-11e4-a52e-4f735466cecf":"875013f7-4a24-4794-804d-972ead93ec7e"},{"element-6066-11e4-a52e-4f735466cecf":"e3586162-6d70-4c6b-9fce-f4c6bab7fa71"},{"element-6066-11e4-a52e-4f735466cecf":"3a17b17d-d8a2-4934-9d53-165ec08e2c93"},{"element-6066-11e4-a52e-4f735466cecf":"d55cd589-dd6b-4065-923f-279a12bd4623"},{"element-6066-11e4-a52e-4f735466cecf":"af5291db-3a51-4ac9-b984-a2f29072cb88"},{"element-6066-11e4-a52e-4f735466cecf":"27af635d-9a7a-4858-a61b-31674efede0a"},{"element-6066-11e4-a52e-4f735466cecf":"fb622750-748e-411b-8000-5e023900cefb"},{"element-6066-11e4-a52e-4f735466cecf":"a6a410e1-99c8-4b44-8747-54cf45f23ca9"},{"element-6066-11e4-a52e-4f735466cecf":"a6107513-1491-4706-a827-c289b0dc9bef"},{"element-6066-11e4-a52e-4f735466cecf":"5a6277c1-8075-4bc3-b9de-0289fde52278"},{"element-6066-11e4-a52e-4f735466cecf":"d710ea9b-3993-4ca2-8d30-091f2ecce3c6"},{"element-6066-11e4-a52e-4f735466cecf":"1f19f93f-bd59-4764-849c-c6d00be8e7ec"},{"element-6066-11e4-a52e-4f735466cecf":"e8a1b2c7-e144-4230-89ac-2ba4593b9e77"},{"element-6066-11e4-a52e-4f735466cecf":"566a9c48-45d3-4632-9846-fc960136803d"},{"element-6066-11e4-a52e-4f735466cecf":"c24275dc-a1e8-4736-9dc9-2cf8282cee1e"},{"element-6066-11e4-a52e-4f735466cecf":"5d69c0b2-d9cc-466c-92bc-3d04d2cdc8ed"},{"element-6066-11e4-a52e-4f735466cecf":"20987be1-28e8-44de-973f-91e124ca7abd"},{"element-6066-11e4-a52e-4f735466cecf":"e02f99f2-6839-4fb7-b4ab-1f57547a4ed9"},{"element-6066-11e4-a52e-4f735466cecf":"766a09ab-c164-42c9-b763-ad58787ab17e"},{"element-6066-11e4-a52e-4f735466cecf":"cac81f65-4b6d-46cf-bad0-50a44a436b17"},{"element-6066-11e4-a52e-4f735466cecf":"6bab0438-114e-469e-8fab-b3799330dd14"},{"element-6066-11e4-a52e-4f735466cecf":"3cbd6ac6-4b20-4b5d-a70c-0fe5aabe9cc7"},{"element-6066-11e4-a52e-4f735466cecf":"c45f54e5-2b56-4a78-ae82-6c5ba77b36f0"},{"element-6066-11e4-a52e-4f735466cecf":"0762413c-f526-406f-b4e6-4b899c618ccc"},{"element-6066-11e4-a52e-4f735466cecf":"dc646be1-8493-4a26-a37b-a96eb4157044"},{"element-6066-11e4-a52e-4f735466cecf":"be8bc196-701d-4e1e-9262-860474293a48"},{"element-6066-11e4-a52e-4f735466cecf":"427d6fa5-94b2-4f6d-94d0-e817ed3e14fe"},{"element-6066-11e4-a52e-4f735466cecf":"5327ae70-885f-4181-90fc-679e6634ac4d"},{"element-6066-11e4-a52e-4f735466cecf":"8f40d157-7e98-4002-b4b6-d8f2c69652b5"},{"element-6066-11e4-a52e-4f735466cecf":"5b2ad053-2cbd-410d-93ef-9945421b0ed2"},{"element-6066-11e4-a52e-4f735466cecf":"d59b7ccd-ec56-4d51-81e4-08876a79fe47"},{"element-6066-11e4-a52e-4f735466cecf":"fdb9d5c1-a707-40bf-96d0-29ab7412cbcb"},{"element-6066-11e4-a52e-4f735466cecf":"aed792f1-3117-44e5-a89d-6c9d148fc20d"},{"element-6066-11e4-a52e-4f735466cecf":"af5b0378-96db-4420-a126-2bbee3d682c5"},{"element-6066-11e4-a52e-4f735466cecf":"6cece8ac-10b9-4227-a87a-741bc6b6e52b"},{"element-6066-11e4-a52e-4f735466cecf":"ab6aee17-cd01-4bcb-9e43-ffa2fe60058d"},{"element-6066-11e4-a52e-4f735466cecf":"a4d136d0-1c4c-4efa-b1a8-eef426b72e6c"},{"element-6066-11e4-a52e-4f735466cecf":"5b44c4ae-d270-43f0-bba0-817b30ace6a0"},{"element-6066-11e4-a52e-4f735466cecf":"0a990bae-2fc0-435f-bb69-a354f29f61e3"},{"element-6066-11e4-a52e-4f735466cecf":"d023bea0-8015-4599-b3dd-03841bc2e4c4"},{"element-6066-11e4-a52e-4f735466cecf":"dd12024c-e78b-4776-bd10-8c6dc4812ee9"},{"element-6066-11e4-a52e-4f735466cecf":"dd5eae80-626e-4c5f-8400-f15c93d1f107"},{"element-6066-11e4-a52e-4f735466cecf":"b95ea71c-9111-40c0-bbe4-ba2dc7561c64"},{"element-6066-11e4-a52e-4f735466cecf":"235f8e33-b01b-4dba-a891-06835b0bef83"},{"element-6066-11e4-a52e-4f735466cecf":"ec73bdbd-8c47-4ae3-b11e-c664317a97b2"},{"element-6066-11e4-a52e-4f735466cecf":"bafc7b68-e2b2-4917-84cd-12a94c5c250e"},{"element-6066-11e4-a52e-4f735466cecf":"1fbe62f6-50fe-45bd-b78b-521343b41207"},{"element-6066-11e4-a52e-4f735466cecf":"210b1c69-33e5-4b41-b3fa-310b1c417ab4"},{"element-6066-11e4-a52e-4f735466cecf":"fdf025f5-59cc-48da-bec5-34d0db2475a9"},{"element-6066-11e4-a52e-4f735466cecf":"1fba4ed1-9ce8-4ee7-878f-2a4fb7e1957c"},{"element-6066-11e4-a52e-4f735466cecf":"b23c5ab3-ef58-411f-9020-84f04c09fdf5"},{"element-6066-11e4-a52e-4f735466cecf":"eef7da83-597a-41d3-a2bc-a4af70dc02ef"},{"element-6066-11e4-a52e-4f735466cecf":"02edf733-3030-4899-9191-4b2fbaa09fc9"},{"element-6066-11e4-a52e-4f735466cecf":"a52f9365-25fb-41fa-b52e-1e73bc75bd67"},{"element-6066-11e4-a52e-4f735466cecf":"62a1063c-597f-45a5-8556-9ae7eff1dccc"},{"element-6066-11e4-a52e-4f735466cecf":"0c800ab2-d91e-499f-97c7-70e974d9e526"},{"element-6066-11e4-a52e-4f735466cecf":"57fa9513-b049-4e44-89a5-cdb45fa0824e"},{"element-6066-11e4-a52e-4f735466cecf":"3cc403cb-33b5-4fe1-b86b-152d39c0131a"},{"element-6066-11e4-a52e-4f735466cecf":"ab8ac5f6-ab95-48d4-a2e4-29a44c44ce4c"},{"element-6066-11e4-a52e-4f735466cecf":"b93308a1-6668-440e-865e-a37a0cb4915c"},{"element-6066-11e4-a52e-4f735466cecf":"90549dd0-e363-4d43-9cf8-680cf6e65666"},{"element-6066-11e4-a52e-4f735466cecf":"712334dd-13da-40cd-8d27-eeb5b14b10b2"},{"element-6066-11e4-a52e-4f735466cecf":"afcad930-3322-45e3-91cd-36ca70e34897"},{"element-6066-11e4-a52e-4f735466cecf":"f0168f10-1e53-45d2-809a-67c8bf37b420"},{"element-6066-11e4-a52e-4f735466cecf":"ba23e456-45d1-4311-a35a-0000d9d6716b"},{"element-6066-11e4-a52e-4f735466cecf":"e090b2a9-298c-4211-9189-9487f5aae9f6"},{"element-6066-11e4-a52e-4f735466cecf":"a870e369-77ab-4d43-907a-187fe3ab92d8"},{"element-6066-11e4-a52e-4f735466cecf":"e20892f1-8a25-42ec-83ff-5a862975f225"},{"element-6066-11e4-a52e-4f735466cecf":"800c9838-e8b8-4c12-85b8-170ac9b16423"},{"element-6066-11e4-a52e-4f735466cecf":"ab8730b6-7db6-4286-885e-2454684a5331"},{"element-6066-11e4-a52e-4f735466cecf":"e9a9bf32-2510-4d80-82eb-3641fc20d132"},{"element-6066-11e4-a52e-4f735466cecf":"ed543104-08d3-48c5-bd6c-0fb05b7341a2"},{"element-6066-11e4-a52e-4f735466cecf":"80c7946d-2a4f-49c6-8e9b-ff4ed687aed8"},{"element-6066-11e4-a52e-4f735466cecf":"5359c470-7b69-45ab-8beb-e01960c8fa32"},{"element-6066-11e4-a52e-4f735466cecf":"24f2c15f-1332-4a11-ae88-9af42c27f952"},{"element-6066-11e4-a52e-4f735466cecf":"661269eb-f2d7-450e-b164-a2f700081a87"},{"element-6066-11e4-a52e-4f735466cecf":"24008877-cdec-47e1-be7e-7081e76d5ea4"},{"element-6066-11e4-a52e-4f735466cecf":"543764ea-ac9c-4f1e-be92-48ff47341324"},{"element-6066-11e4-a52e-4f735466cecf":"1bec35ac-307c-4744-be15-5cc0be49a8cd"},{"element-6066-11e4-a52e-4f735466cecf":"ed5d84f9-ba95-4976-8008-deff82fdc49b"},{"element-6066-11e4-a52e-4f735466cecf":"35883921-7b99-485b-9111-790cbaed17dd"},{"element-6066-11e4-a52e-4f735466cecf":"85087468-d9ba-4342-bc0e-aa46c957d526"},{"element-6066-11e4-a52e-4f735466cecf":"fbe81e1d-9365-4459-b483-cb684ede2f57"},{"element-6066-11e4-a52e-4f735466cecf":"09dbc528-e7a7-47fe-a9e6-9d3d94c194d1"},{"element-6066-11e4-a52e-4f735466cecf":"7c6c2927-d03e-4c17-bd1b-a77303c1152b"},{"element-6066-11e4-a52e-4f735466cecf":"7cbd561f-99b7-4c5e-b190-25f3434e56b6"},{"element-6066-11e4-a52e-4f735466cecf":"5d50cfff-3a7d-4675-93a0-1444249f6899"},{"element-6066-11e4-a52e-4f735466cecf":"50db6932-671a-4514-a274-d9b56df98387"},{"element-6066-11e4-a52e-4f735466cecf":"5f4c9678-0efb-4c70-a381-4bbb379f62e4"},{"element-6066-11e4-a52e-4f735466cecf":"497c6aea-98c6-4af1-a919-44ffac49bd5d"},{"element-6066-11e4-a52e-4f735466cecf":"8d4c935c-62fc-40b6-b901-47ee018720a6"},{"element-6066-11e4-a52e-4f735466cecf":"eee12b0b-4cc1-4a50-8018-d2bc1e93dab3"},{"element-6066-11e4-a52e-4f735466cecf":"766ea2f6-9633-4c97-96be-1bb7cc3f040c"},{"element-6066-11e4-a52e-4f735466cecf":"0e0c39f3-1f94-4984-b71d-bd4e68dedb8c"},{"element-6066-11e4-a52e-4f735466cecf":"ee6983f0-1eb0-4bc2-ab42-a64916dc4c24"},{"element-6066-11e4-a52e-4f735466cecf":"860f150e-cd3d-4c2c-b082-a4541bdd7389"},{"element-6066-11e4-a52e-4f735466cecf":"0f6dd423-3b6f-4ac7-8716-67ebfa17a079"},{"element-6066-11e4-a52e-4f735466cecf":"31c827d6-ded8-42a8-a5bc-4905cc1744c9"},{"element-6066-11e4-a52e-4f735466cecf":"218c91d7-abd4-4c26-b7b0-9d20cf6a4f3b"},{"element-6066-11e4-a52e-4f735466cecf":"8ededc5f-5387-4eaf-abf9-176f2ed40fb1"},{"element-6066-11e4-a52e-4f735466cecf":"1a31de7f-3e4e-47a0-8949-02b7fcbe5b6c"},{"element-6066-11e4-a52e-4f735466cecf":"c5a3f73d-f20b-489b-8b74-6f1c46f805fc"},{"element-6066-11e4-a52e-4f735466cecf":"dfc8f2b3-6158-430e-9d15-0f929337c554"},{"element-6066-11e4-a52e-4f735466cecf":"0628a507-9981-4f46-bb3e-c3b502d1d979"},{"element-6066-11e4-a52e-4f735466cecf":"feeba981-f89e-460a-ac00-c8b587f02224"},{"element-6066-11e4-a52e-4f735466cecf":"3ca88ad3-8934-4681-9fa0-202ae2e32b67"},{"element-6066-11e4-a52e-4f735466cecf":"c10e4fed-7429-4fc7-afc4-2aa91d812afe"},{"element-6066-11e4-a52e-4f735466cecf":"ba090fec-f5f3-4927-9b7b-033c2d9d04bf"},{"element-6066-11e4-a52e-4f735466cecf":"8b96c974-f649-4f3a-8044-153e539ac738"},{"element-6066-11e4-a52e-4f735466cecf":"008350df-0cb4-43ab-bd4e-75b554f550ca"},{"element-6066-11e4-a52e-4f735466cecf":"fe620cb8-2c43-4e69-bd77-97ef98b1487b"},{"element-6066-11e4-a52e-4f735466cecf":"1881add5-1c6b-43e2-a94d-e3d68bd3c70e"},{"element-6066-11e4-a52e-4f735466cecf":"90c57ec1-2d17-4578-a257-fc4f7abfb298"},{"element-6066-11e4-a52e-4f735466cecf":"6ff5409c-e2d3-4e49-8dad-9230cf6b58ae"},{"element-6066-11e4-a52e-4f735466cecf":"bd824bd0-7b8b-4dfe-9fb1-32cce1b0d13d"},{"element-6066-11e4-a52e-4f735466cecf":"3c612e24-8696-4409-90e5-112cd202de37"},{"element-6066-11e4-a52e-4f735466cecf":"e6e0b719-a521-4710-a685-19b3aa9b7398"},{"element-6066-11e4-a52e-4f735466cecf":"6019886a-44fe-4a6b-816f-4adffdc119ce"},{"element-6066-11e4-a52e-4f735466cecf":"e454ab7d-d76a-46a9-9ec2-21062f216fb5"},{"element-6066-11e4-a52e-4f735466cecf":"ba739fea-fc7c-4f0b-812e-8c2359d8e7bc"},{"element-6066-11e4-a52e-4f735466cecf":"da857017-51ea-446c-b831-1cfd1865194b"},{"element-6066-11e4-a52e-4f735466cecf":"a605a8b1-652f-46ff-97fa-64533cf90ca6"},{"element-6066-11e4-a52e-4f735466cecf":"989316a6-bbb3-4376-ab49-2ffbe6a14cf9"},{"element-6066-11e4-a52e-4f735466cecf":"3651fd37-f775-4822-9a96-dfe1d32dd495"},{"element-6066-11e4-a52e-4f735466cecf":"35798709-df94-41ac-b714-aca1ee629487"},{"element-6066-11e4-a52e-4f735466cecf":"ea78c5a5-567d-423b-82b6-cfdb7f5728dc"},{"element-6066-11e4-a52e-4f735466cecf":"02c059ad-75b0-4f5a-9e85-f88fe4a34109"},{"element-6066-11e4-a52e-4f735466cecf":"aaec9428-81dc-43b1-a8dd-b112a6fab2d2"},{"element-6066-11e4-a52e-4f735466cecf":"e9f272e3-a073-465d-96de-f63618ba1fb9"},{"element-6066-11e4-a52e-4f735466cecf":"61cac796-6400-406b-8e36-392c535b7dba"},{"element-6066-11e4-a52e-4f735466cecf":"09572aae-67c0-4aa5-a9d1-6c5aceca7de6"},{"element-6066-11e4-a52e-4f735466cecf":"f227b9dc-6356-47dc-bcc1-5a87c493c932"},{"element-6066-11e4-a52e-4f735466cecf":"1f362f57-4305-42c2-aca3-2570ad07d688"},{"element-6066-11e4-a52e-4f735466cecf":"b3e409d0-f873-4f51-a60b-7b343953338c"},{"element-6066-11e4-a52e-4f735466cecf":"bc97983c-4ae1-45cd-9f4f-605b3cc32df4"},{"element-6066-11e4-a52e-4f735466cecf":"2b18774c-4b4a-4bee-89b6-68c0112a1e8b"},{"element-6066-11e4-a52e-4f735466cecf":"2aadfb65-815a-4eea-88da-efadf4671bfa"},{"element-6066-11e4-a52e-4f735466cecf":"0037862b-c93a-4a6c-9624-2083ddd75207"},{"element-6066-11e4-a52e-4f735466cecf":"6f4623d6-dcdb-41fe-aa20-1dc117479afb"},{"element-6066-11e4-a52e-4f735466cecf":"9dc261b6-e89e-4a5c-b89a-3fc0b39b9ff9"},{"element-6066-11e4-a52e-4f735466cecf":"db0a155b-b3b5-4158-8126-504bcce1e795"},{"element-6066-11e4-a52e-4f735466cecf":"448d54d4-3f11-4117-b15c-1412073caa87"},{"element-6066-11e4-a52e-4f735466cecf":"88800083-1c32-48a5-92fa-27f0a5a88a96"},{"element-6066-11e4-a52e-4f735466cecf":"7b18c722-0057-4659-8626-8fe8536423be"},{"element-6066-11e4-a52e-4f735466cecf":"22623243-14ef-438d-9ae4-bc36b3ba4170"},{"element-6066-11e4-a52e-4f735466cecf":"bb1288ac-87cf-4f00-930c-d68e039b6831"},{"element-6066-11e4-a52e-4f735466cecf":"fca3a4e4-a760-49dc-8769-abca0b8b0256"},{"element-6066-11e4-a52e-4f735466cecf":"7ac82fe4-433e-4343-8321-3eb5bf225fc7"},{"element-6066-11e4-a52e-4f735466cecf":"efcd95bf-4b51-410a-a237-944a8269790d"},{"element-6066-11e4-a52e-4f735466cecf":"b18b1fb5-3ffb-4073-b395-f6748af4079b"},{"element-6066-11e4-a52e-4f735466cecf":"b4e4cfec-223c-4ad5-bd0a-381bb14cfd1a"},{"element-6066-11e4-a52e-4f735466cecf":"6f70a515-df3a-488b-b878-e99ae3a27bbe"},{"element-6066-11e4-a52e-4f735466cecf":"a213009b-70db-4cc9-8561-c5dcd56467a8"},{"element-6066-11e4-a52e-4f735466cecf":"335ae856-9188-43b5-b633-d5a467340107"},{"element-6066-11e4-a52e-4f735466cecf":"dd02c999-b61a-4045-a2c5-73784e101af0"},{"element-6066-11e4-a52e-4f735466cecf":"2d141a2b-dfcf-4fb2-9800-52391423e847"},{"element-6066-11e4-a52e-4f735466cecf":"b5a10558-095a-4b04-89f5-c9d7f8b18bf3"},{"element-6066-11e4-a52e-4f735466cecf":"594d1e2f-2d0f-4c24-be73-670b473dc0e6"},{"element-6066-11e4-a52e-4f735466cecf":"cd802b40-fdd6-4fc3-87cf-5b68b11716a9"},{"element-6066-11e4-a52e-4f735466cecf":"73c09cd7-2fe2-4dd5-89fb-998741dd4869"},{"element-6066-11e4-a52e-4f735466cecf":"5395fa0b-f41a-4096-9554-7656101b0799"},{"element-6066-11e4-a52e-4f735466cecf":"de714487-2391-4d91-9a1b-64309b21046e"},{"element-6066-11e4-a52e-4f735466cecf":"493ce576-ee6c-434f-a733-26d8038c4e5c"},{"element-6066-11e4-a52e-4f735466cecf":"c80693ac-86eb-4db3-9adb-aded5a53e162"},{"element-6066-11e4-a52e-4f735466cecf":"ff6bfbdd-79aa-49bd-833e-79cf677ad12e"},{"element-6066-11e4-a52e-4f735466cecf":"2cc2b975-a5c7-4db3-811f-5a9897976dac"},{"element-6066-11e4-a52e-4f735466cecf":"9cad48f0-8b52-4a8c-bd37-8af1f0b82545"},{"element-6066-11e4-a52e-4f735466cecf":"0b13e326-5c95-49d1-a005-d93ff7948744"},{"element-6066-11e4-a52e-4f735466cecf":"68469922-e4a8-4f98-a54d-ef8a18642e18"},{"element-6066-11e4-a52e-4f735466cecf":"459e0d26-3b68-4f28-8d43-91806ba53420"},{"element-6066-11e4-a52e-4f735466cecf":"bb8b6677-e28f-4369-a39a-c6392b61471f"},{"element-6066-11e4-a52e-4f735466cecf":"6988d34b-520b-4605-8b80-7530dd44467a"},{"element-6066-11e4-a52e-4f735466cecf":"8b432dc9-1962-4bb4-a2c3-7a0248c88ea4"},{"element-6066-11e4-a52e-4f735466cecf":"9b60a04f-9c24-4a86-addf-436571449ff9"},{"element-6066-11e4-a52e-4f735466cecf":"680eff08-a4a4-4ebc-ac96-6d0e4bc208aa"},{"element-6066-11e4-a52e-4f735466cecf":"7038e1b7-3d95-4d39-abd4-de7bac7a3f52"},{"element-6066-11e4-a52e-4f735466cecf":"951c8337-ee3c-499b-8146-d421e96f4b27"},{"element-6066-11e4-a52e-4f735466cecf":"b0fd944e-a8a7-4a3c-aab9-3a182055d514"},{"element-6066-11e4-a52e-4f735466cecf":"d5c7abcb-bb5d-4e94-92d3-609ea3f4359d"},{"element-6066-11e4-a52e-4f735466cecf":"f14bea66-bc22-48c6-a5ea-3ca80d9890bc"},{"element-6066-11e4-a52e-4f735466cecf":"80a0be36-baaf-45c3-b462-f5b921c199e8"},{"element-6066-11e4-a52e-4f735466cecf":"8cdebdca-2fd2-4819-9ab9-56b6554fd35e"},{"element-6066-11e4-a52e-4f735466cecf":"3b37c5f5-d837-483c-899d-18932430ac27"},{"element-6066-11e4-a52e-4f735466cecf":"a5f60dad-9df7-43bd-a45c-b54f8a82ab50"},{"element-6066-11e4-a52e-4f735466cecf":"c6edac6b-6065-4873-81ba-93de409353d6"},{"element-6066-11e4-a52e-4f735466cecf":"b45027fa-854f-4bc1-9cb8-172ba5acc5a1"},{"element-6066-11e4-a52e-4f735466cecf":"fe1fc296-27b2-46d8-9c1e-e901a2d9eb73"},{"element-6066-11e4-a52e-4f735466cecf":"95995cf2-cc8e-4ba2-8b16-c024731efb94"},{"element-6066-11e4-a52e-4f735466cecf":"7b8bbdf3-aada-4726-8934-5b9e8fcd3b93"},{"element-6066-11e4-a52e-4f735466cecf":"6b4d0d19-aab4-463d-a354-4338e829832d"},{"element-6066-11e4-a52e-4f735466cecf":"3badb1f7-6279-4352-bfca-1143c0271284"},{"element-6066-11e4-a52e-4f735466cecf":"1e66e44e-6881-40b5-b18b-c316b33b07a8"},{"element-6066-11e4-a52e-4f735466cecf":"8445f341-b644-4e2c-bc01-83cdc80a7f59"},{"element-6066-11e4-a52e-4f735466cecf":"e63c0341-2a32-4156-a195-dea98fc9fb23"},{"element-6066-11e4-a52e-4f735466cecf":"1b173e48-1979-4cb5-9c02-dfde7ebcff74"},{"element-6066-11e4-a52e-4f735466cecf":"511cb067-0343-4826-8bef-e8630258ec93"},{"element-6066-11e4-a52e-4f735466cecf":"bf6a5ed0-584b-4e60-8bc2-910b8fae96e6"},{"element-6066-11e4-a52e-4f735466cecf":"b6262afe-fe20-4ae3-8c29-b081b861b7a5"},{"element-6066-11e4-a52e-4f735466cecf":"2f804687-32ef-462e-9192-0cbe71f92cca"},{"element-6066-11e4-a52e-4f735466cecf":"6ec83af9-4e31-429b-ba49-43e284a46596"},{"element-6066-11e4-a52e-4f735466cecf":"4556ccbc-0c6e-49f8-ae49-e570edf25a5f"},{"element-6066-11e4-a52e-4f735466cecf":"5cf91180-ee65-419d-b1b7-5df49cb4041f"},{"element-6066-11e4-a52e-4f735466cecf":"33ab0859-8ab0-4204-ba5e-64faca6d7475"},{"element-6066-11e4-a52e-4f735466cecf":"9511b56d-45d2-47f8-b2c4-d41e1fbbd361"},{"element-6066-11e4-a52e-4f735466cecf":"589d177f-febc-4117-9e88-56fec95a4644"},{"element-6066-11e4-a52e-4f735466cecf":"f88ce0c4-7f61-421a-8ed5-46fc395f10b4"},{"element-6066-11e4-a52e-4f735466cecf":"6d1353f5-6e64-4445-bb98-6872f810cf84"},{"element-6066-11e4-a52e-4f735466cecf":"177ae6d1-b447-4c67-bb28-37efed14fd14"},{"element-6066-11e4-a52e-4f735466cecf":"d3ba7874-3d9e-41d1-9111-fe7865649b9c"},{"element-6066-11e4-a52e-4f735466cecf":"aaf951e5-ae94-4a33-baf8-ca4dd68e1ce9"},{"element-6066-11e4-a52e-4f735466cecf":"c85aa767-3cee-4c09-96e2-9495f99fe58e"},{"element-6066-11e4-a52e-4f735466cecf":"618a733a-b378-49da-a61c-779bd9f69626"},{"element-6066-11e4-a52e-4f735466cecf":"1bb4e652-37d6-49c2-a215-c087c62d4e40"},{"element-6066-11e4-a52e-4f735466cecf":"b12448bb-0dfe-4d6d-9855-d34599169938"},{"element-6066-11e4-a52e-4f735466cecf":"228fb32c-5bbf-432d-9c68-946c20d922b3"},{"element-6066-11e4-a52e-4f735466cecf":"b9dd4156-7b77-4271-bf45-a8cdf1148a60"},{"element-6066-11e4-a52e-4f735466cecf":"58fe02af-e24e-4ad1-998c-5aa43f22cc44"},{"element-6066-11e4-a52e-4f735466cecf":"9ffb02fb-b75c-4cec-8ade-86dbe3150649"},{"element-6066-11e4-a52e-4f735466cecf":"db09d649-3896-4a93-b239-3987597fb805"},{"element-6066-11e4-a52e-4f735466cecf":"f7a60119-cd2a-4d29-bffc-290ccee73fda"},{"element-6066-11e4-a52e-4f735466cecf":"b247f54e-f8a0-475b-a90b-c5a00d327b09"},{"element-6066-11e4-a52e-4f735466cecf":"324d421f-386b-4325-8d4c-df7b44007e26"},{"element-6066-11e4-a52e-4f735466cecf":"02746319-35a9-4296-b3e2-084c7a911c07"},{"element-6066-11e4-a52e-4f735466cecf":"4b9bb4c9-8016-44c5-ad02-84f47182a4df"},{"element-6066-11e4-a52e-4f735466cecf":"8c52a76d-56ba-4b99-bb3b-141f6f9e5d9b"},{"element-6066-11e4-a52e-4f735466cecf":"b9da793a-6dfc-45d9-91b3-3ceae8f2e5e6"},{"element-6066-11e4-a52e-4f735466cecf":"5c20b1ef-b7a5-4450-a9a1-7ebc9fee830c"},{"element-6066-11e4-a52e-4f735466cecf":"745238d0-130b-4278-bc44-e4175b02cd77"},{"element-6066-11e4-a52e-4f735466cecf":"13ef1956-9ca0-4e29-bae5-64aadeef8629"},{"element-6066-11e4-a52e-4f735466cecf":"6adef918-4ccb-4440-a429-2f62084657be"},{"element-6066-11e4-a52e-4f735466cecf":"faab57fc-2891-4c2f-962a-ab08011796d5"},{"element-6066-11e4-a52e-4f735466cecf":"75fbf3f1-56ab-46bf-b772-05fbb1eb9c2b"},{"element-6066-11e4-a52e-4f735466cecf":"77054bc9-ef95-481f-9e5e-7e5d72a05de5"},{"element-6066-11e4-a52e-4f735466cecf":"60a5818d-94b5-4a66-b3cf-f0c72e93bb06"},{"element-6066-11e4-a52e-4f735466cecf":"ca3437b0-7fde-48d8-ae7f-2c1907a5bdc3"},{"element-6066-11e4-a52e-4f735466cecf":"4fca1621-d97d-45b8-80c8-0752f41f074c"},{"element-6066-11e4-a52e-4f735466cecf":"f5777149-a05a-47a7-8fa5-300dfcefe662"},{"element-6066-11e4-a52e-4f735466cecf":"9d36113a-48a9-4c62-8ab4-3041a69591bd"},{"element-6066-11e4-a52e-4f735466cecf":"ec64278b-8766-4f34-a6d0-6e3f775212ba"},{"element-6066-11e4-a52e-4f735466cecf":"efc7fdcd-0516-41b5-b3e7-473c141c9883"},{"element-6066-11e4-a52e-4f735466cecf":"32c0d181-9a2d-4fd8-9127-c3d7d6392ed0"},{"element-6066-11e4-a52e-4f735466cecf":"6a12cb8d-e238-4fc3-8f41-60896d51ef5f"},{"element-6066-11e4-a52e-4f735466cecf":"5c7993dd-4378-4ef2-baa1-44715cd0a324"},{"element-6066-11e4-a52e-4f735466cecf":"56a3cdae-8bde-4c0f-b312-3d0249a3a90c"},{"element-6066-11e4-a52e-4f735466cecf":"6000dee2-84d0-4636-b7eb-e5de43f5dd7f"},{"element-6066-11e4-a52e-4f735466cecf":"99ccb682-884f-4457-9b91-345c1b68f094"},{"element-6066-11e4-a52e-4f735466cecf":"036a9757-e361-4562-aff7-bb75445d974a"},{"element-6066-11e4-a52e-4f735466cecf":"0882689d-bc1f-4c27-8de9-fa68f90b622c"},{"element-6066-11e4-a52e-4f735466cecf":"360b6ce6-7584-4c8c-afc9-f9b2109e51d6"},{"element-6066-11e4-a52e-4f735466cecf":"ebca01d6-dd29-4152-ac6a-2adaa5af0eb6"},{"element-6066-11e4-a52e-4f735466cecf":"076e7c23-a3fb-4690-a4b1-ffc0a7f5fd92"},{"element-6066-11e4-a52e-4f735466cecf":"9123ca80-e95a-41d4-a6f3-471e6192014b"},{"element-6066-11e4-a52e-4f735466cecf":"5acf2856-9a08-410f-9a42-82aded50b304"},{"element-6066-11e4-a52e-4f735466cecf":"83a8c553-e880-466d-9909-9fb581890d99"},{"element-6066-11e4-a52e-4f735466cecf":"2a93fb65-ed35-4d45-bc47-d43f4c5722cc"},{"element-6066-11e4-a52e-4f735466cecf":"6b3e0327-eb8a-4811-ba77-4f6beb4f67a5"},{"element-6066-11e4-a52e-4f735466cecf":"58736edc-1d6c-4e3e-ac39-afbcf2fc5273"},{"element-6066-11e4-a52e-4f735466cecf":"1ec71435-6296-4101-b5c4-7202fe298b9e"},{"element-6066-11e4-a52e-4f735466cecf":"712415b5-2d5a-4af8-bfc9-9930ecd3c624"},{"element-6066-11e4-a52e-4f735466cecf":"ee9a7742-026a-48cb-8262-65ef267f9b14"},{"element-6066-11e4-a52e-4f735466cecf":"61909530-bf72-423f-ba93-cc1c532b1191"},{"element-6066-11e4-a52e-4f735466cecf":"0ef123d6-0fa2-4bfb-ae0a-34101df8ec96"},{"element-6066-11e4-a52e-4f735466cecf":"0b196667-1e66-4e98-ae41-4e160420abe0"},{"element-6066-11e4-a52e-4f735466cecf":"0e764108-437c-46ba-9a78-6d73c45a45df"},{"element-6066-11e4-a52e-4f735466cecf":"a12a4245-b470-4302-a338-ba677aeb5b42"},{"element-6066-11e4-a52e-4f735466cecf":"4a065b2c-e427-46e8-96d2-250b950a0ee0"},{"element-6066-11e4-a52e-4f735466cecf":"75ff81f2-c00b-4894-bc88-eae420f7ad89"},{"element-6066-11e4-a52e-4f735466cecf":"43ece057-3442-4807-92d5-569bdcf40815"},{"element-6066-11e4-a52e-4f735466cecf":"eab93054-37ae-4089-bd5c-0380311a55e2"},{"element-6066-11e4-a52e-4f735466cecf":"f3d9424c-11c7-4f61-a6de-c33197aab0b6"},{"element-6066-11e4-a52e-4f735466cecf":"af9fa352-d7e5-4ab2-9464-addae966639d"},{"element-6066-11e4-a52e-4f735466cecf":"94404581-5bef-4bae-b10c-b963995a0f75"},{"element-6066-11e4-a52e-4f735466cecf":"017a4b58-e895-4589-a4d8-4dc275d090ce"},{"element-6066-11e4-a52e-4f735466cecf":"05819500-b0d2-45ad-b5ad-d13778ec9e78"},{"element-6066-11e4-a52e-4f735466cecf":"964a4d32-7b66-4d33-88de-935e2d937a7e"},{"element-6066-11e4-a52e-4f735466cecf":"8665da8f-d331-4ff0-8397-c2062fa9c94d"},{"element-6066-11e4-a52e-4f735466cecf":"5ae19297-c6b5-4267-8736-c0e20db07d2c"},{"element-6066-11e4-a52e-4f735466cecf":"9e82b649-3742-4b2e-b056-d3e0c3505785"},{"element-6066-11e4-a52e-4f735466cecf":"a5f36053-638f-4add-b5b0-74ee9894d7b9"},{"element-6066-11e4-a52e-4f735466cecf":"74e3e1f0-b649-4616-8433-8d4fa3483bfd"},{"element-6066-11e4-a52e-4f735466cecf":"0becf39f-fdc3-453f-8934-67656a02dbdf"},{"element-6066-11e4-a52e-4f735466cecf":"2766ac1e-62e3-4bf8-a601-2c5634141b53"},{"element-6066-11e4-a52e-4f735466cecf":"d6e7eb7b-37bf-4524-93bb-f04a8da348b3"},{"element-6066-11e4-a52e-4f735466cecf":"f82aa7e1-3d7e-43bd-9e5d-511b7fd3d11f"},{"element-6066-11e4-a52e-4f735466cecf":"7c2f957f-37bb-4519-9099-0445c1ecfbf3"},{"element-6066-11e4-a52e-4f735466cecf":"1ae753b4-babe-4af8-b05a-486e19936032"},{"element-6066-11e4-a52e-4f735466cecf":"4be630c9-c25e-45cd-b136-322fb588b74a"},{"element-6066-11e4-a52e-4f735466cecf":"cb946ed3-0fcb-40a1-af04-7630dfc0e1e7"},{"element-6066-11e4-a52e-4f735466cecf":"4e749e2c-1f49-4261-8cf5-115570cd2cf1"},{"element-6066-11e4-a52e-4f735466cecf":"0cae6ad4-3f3e-4bda-8527-994eb76d3771"},{"element-6066-11e4-a52e-4f735466cecf":"f3a79b79-31ad-4fad-b953-e28109fc6e8c"},{"element-6066-11e4-a52e-4f735466cecf":"093cc2bc-0c2d-4232-82a6-1ce293a80190"},{"element-6066-11e4-a52e-4f735466cecf":"e8a8a495-7dbf-42d2-91b6-8bc32a5575e1"},{"element-6066-11e4-a52e-4f735466cecf":"cb12a7e5-669e-4a10-9d1b-770723b327f9"},{"element-6066-11e4-a52e-4f735466cecf":"3d3c4598-3ce4-4e93-bffe-159cbed1bcb6"},{"element-6066-11e4-a52e-4f735466cecf":"0633da84-1843-414a-9f51-f12eaf678ba6"},{"element-6066-11e4-a52e-4f735466cecf":"e119351c-6c5d-498e-a2a7-a9805534ca68"},{"element-6066-11e4-a52e-4f735466cecf":"20b8a7c2-3177-40f9-9452-8bebd910efd9"},{"element-6066-11e4-a52e-4f735466cecf":"6016a982-867c-47db-87c7-446b99a9efbb"},{"element-6066-11e4-a52e-4f735466cecf":"fe8f45ca-e68e-4eb0-a18f-26d746d1087d"},{"element-6066-11e4-a52e-4f735466cecf":"b3eb789e-69d7-4043-9bda-3f856d59619a"},{"element-6066-11e4-a52e-4f735466cecf":"315a69a2-633b-48c8-bba9-3fb76ba0a0a8"},{"element-6066-11e4-a52e-4f735466cecf":"e4550202-aa65-407b-a14d-f7b09460bb18"},{"element-6066-11e4-a52e-4f735466cecf":"5dec2b63-6cb4-4aeb-87d6-6f442254e2a9"},{"element-6066-11e4-a52e-4f735466cecf":"b9f12797-c6fb-42b7-a699-e2a40b26ad14"},{"element-6066-11e4-a52e-4f735466cecf":"b38897f2-540e-4626-9cfd-cd8c275eca25"},{"element-6066-11e4-a52e-4f735466cecf":"dc65e14c-f145-4979-be06-3ba54893653f"},{"element-6066-11e4-a52e-4f735466cecf":"7c31ab7c-a9ab-4b83-9a63-0a4f5a51d95b"},{"element-6066-11e4-a52e-4f735466cecf":"ce68ad03-0f67-4044-ae4f-44e2993039d5"},{"element-6066-11e4-a52e-4f735466cecf":"621100cb-d4a3-4498-bb23-6ead87502275"},{"element-6066-11e4-a52e-4f735466cecf":"203eccde-66d6-48e9-a3cc-fe43be596e46"}]} | headers=HTTPHeaderDict({'Content-Length': '181237', 'Content-Type': 'application/json; charset=utf-8', 'cache-control': 'no-cache'})
DEBUG    2022-05-28 23:26:05 selenium.webdriver.remote.remote_connection::remote_connection.py:_request:412: Finished Request
DEBUG    2022-05-28 23:26:05 selenium.webdriver.remote.remote_connection::remote_connection.py:_request:361: POST http://localhost:10357/session/74d91dc8444d98b8ca7f6b50a37bd15c/elements {"using": "xpath", "value": "//div[@class='restaurant-name ng-binding']"}
DEBUG    2022-05-28 23:26:06 urllib3.connectionpool::connectionpool.py:_make_request:456: http://localhost:10357 "POST /session/74d91dc8444d98b8ca7f6b50a37bd15c/elements HTTP/1.1" 200 181237
DEBUG    2022-05-28 23:26:06 selenium.webdriver.remote.remote_connection::remote_connection.py:_request:383: Remote response: status=200 | data={"value":[{"element-6066-11e4-a52e-4f735466cecf":"5cfd8346-7511-4f75-a874-4e041dab823c"},{"element-6066-11e4-a52e-4f735466cecf":"ecb5ea0e-0d2f-4f99-bc94-b4bd86ba46d9"},{"element-6066-11e4-a52e-4f735466cecf":"e08b5e2a-b34b-44c2-a83f-7b81ab902423"},{"element-6066-11e4-a52e-4f735466cecf":"7e124f3c-7e4e-4c92-9926-7ca0ccac3221"},{"element-6066-11e4-a52e-4f735466cecf":"81b49031-51d3-47c8-9560-4e5b6d24da2f"},{"element-6066-11e4-a52e-4f735466cecf":"4004be18-360f-4244-a639-d1b458d3994a"},{"element-6066-11e4-a52e-4f735466cecf":"4862d79b-8d72-4a97-8679-74fda66c56bb"},{"element-6066-11e4-a52e-4f735466cecf":"348b389d-b10b-4ef7-847a-5154347fc448"},{"element-6066-11e4-a52e-4f735466cecf":"3deefc5a-a822-4d89-952b-8375f5c4a99a"},{"element-6066-11e4-a52e-4f735466cecf":"1d3e951e-ca2f-4b38-be37-6de1637ff3c3"},{"element-6066-11e4-a52e-4f735466cecf":"67f6a1f7-5393-4589-8986-625dcad9d20b"},{"element-6066-11e4-a52e-4f735466cecf":"b2d7f6ca-4d66-40e7-9edc-6606f8707e82"},{"element-6066-11e4-a52e-4f735466cecf":"8e32036a-a668-48e1-a69d-f953c134baf3"},{"element-6066-11e4-a52e-4f735466cecf":"d8c41cef-772c-4649-b8da-e57b16902feb"},{"element-6066-11e4-a52e-4f735466cecf":"d2b3bd58-09ea-48fe-a425-9e22e7338799"},{"element-6066-11e4-a52e-4f735466cecf":"babdd736-93ec-4b96-8195-47f5066b2daf"},{"element-6066-11e4-a52e-4f735466cecf":"1462ff34-d86e-42c4-832f-768c81bf0ab2"},{"element-6066-11e4-a52e-4f735466cecf":"65277c94-bc92-4b6b-8271-1ed52533600d"},{"element-6066-11e4-a52e-4f735466cecf":"5672e75e-d3f0-40cd-9178-0dfac5bb28db"},{"element-6066-11e4-a52e-4f735466cecf":"109acb5b-626a-41c6-9671-ebb667f13dd9"},{"element-6066-11e4-a52e-4f735466cecf":"12d05417-3a22-468c-8168-567d9fb0da18"},{"element-6066-11e4-a52e-4f735466cecf":"c29b6752-07e3-4e6e-971c-a3377e8e2412"},{"element-6066-11e4-a52e-4f735466cecf":"ba0cff0c-1b12-4f0f-a2fb-94d91140944a"},{"element-6066-11e4-a52e-4f735466cecf":"46f12a8e-ffee-4d91-8fa3-f1b5708c13f3"},{"element-6066-11e4-a52e-4f735466cecf":"201f9141-0581-414d-99be-649c36ca7a2f"},{"element-6066-11e4-a52e-4f735466cecf":"a7f17f08-3cd3-43ce-b2b4-d88fbc2f4284"},{"element-6066-11e4-a52e-4f735466cecf":"ac8a2d3c-7e36-4213-8e1a-91d15de420c8"},{"element-6066-11e4-a52e-4f735466cecf":"1e81e721-c1a2-4ccd-899e-3f3f7a57a3f4"},{"element-6066-11e4-a52e-4f735466cecf":"ad44ca20-41c2-4187-9e33-ffe1686abe21"},{"element-6066-11e4-a52e-4f735466cecf":"dd4a6cad-865d-421b-b895-2dbc35ee25ad"},{"element-6066-11e4-a52e-4f735466cecf":"d6bc48fc-4250-450c-8108-3dea5cbab274"},{"element-6066-11e4-a52e-4f735466cecf":"6ad20e62-fd60-4c60-9930-1a909f7dbe45"},{"element-6066-11e4-a52e-4f735466cecf":"cb5d472c-4262-4cc5-a28d-cf0f13a861b5"},{"element-6066-11e4-a52e-4f735466cecf":"4752afdc-c529-4679-86ea-8d2a871acfb8"},{"element-6066-11e4-a52e-4f735466cecf":"50161908-adf7-451c-8154-0da02cc443fb"},{"element-6066-11e4-a52e-4f735466cecf":"27e953da-306f-4c9c-8d5b-740d673bf8e6"},{"element-6066-11e4-a52e-4f735466cecf":"1d6467de-d788-48e9-aab4-c901458ceee6"},{"element-6066-11e4-a52e-4f735466cecf":"152b9f77-fd33-4034-acc0-1e3462416a7e"},{"element-6066-11e4-a52e-4f735466cecf":"a2a1432e-c808-42df-ab7f-ca86ffbf82c7"},{"element-6066-11e4-a52e-4f735466cecf":"20a570ba-8c06-4a18-a9b1-95dd83d7cfb7"},{"element-6066-11e4-a52e-4f735466cecf":"8f9576a1-247f-43d6-921c-3a2b05224125"},{"element-6066-11e4-a52e-4f735466cecf":"a8e0047c-4e6f-4b62-a7a9-904f573bc496"},{"element-6066-11e4-a52e-4f735466cecf":"2fbcbffa-7b93-4d1f-a47b-f352cfe506ae"},{"element-6066-11e4-a52e-4f735466cecf":"c7a174ce-48b3-4d41-9944-1f5bba170034"},{"element-6066-11e4-a52e-4f735466cecf":"b1287f99-038d-44f8-867d-2ad1c6012701"},{"element-6066-11e4-a52e-4f735466cecf":"6acc9ffb-60a8-4cf4-9a48-ff2916d633e4"},{"element-6066-11e4-a52e-4f735466cecf":"084e6548-4390-49c5-8bc1-087afd52c38e"},{"element-6066-11e4-a52e-4f735466cecf":"df4751e5-6fb4-4f62-a09e-78926b4fd587"},{"element-6066-11e4-a52e-4f735466cecf":"b7de9e4b-312c-41ea-9374-5093ec980196"},{"element-6066-11e4-a52e-4f735466cecf":"a1fffb59-1bde-4fb5-a2d2-ce48fdfb73b7"},{"element-6066-11e4-a52e-4f735466cecf":"63d19292-6b05-4462-9f1b-ca61e96f933d"},{"element-6066-11e4-a52e-4f735466cecf":"b728ed1b-629f-40e0-8b39-1751373857e1"},{"element-6066-11e4-a52e-4f735466cecf":"a24a2d8b-7242-48a2-8eb4-8765ef6975b6"},{"element-6066-11e4-a52e-4f735466cecf":"a1b72060-aa91-4e65-9418-7a0e246df5d5"},{"element-6066-11e4-a52e-4f735466cecf":"38152efa-ecc7-4659-8529-47f8da992b7b"},{"element-6066-11e4-a52e-4f735466cecf":"da37f66d-90bb-4331-927b-e7db7a685451"},{"element-6066-11e4-a52e-4f735466cecf":"a354780d-1a13-42c5-9376-e811d5d72e8b"},{"element-6066-11e4-a52e-4f735466cecf":"dcb8fd56-b26b-4786-81f0-649648bf7f03"},{"element-6066-11e4-a52e-4f735466cecf":"749fc3e5-a612-4ff9-8968-2b9fc4ecbc6c"},{"element-6066-11e4-a52e-4f735466cecf":"74edea09-be34-42a9-b20a-d7ddaa55dcd6"},{"element-6066-11e4-a52e-4f735466cecf":"e0546c59-6a52-42d8-9e79-db8fa2e0ed3a"},{"element-6066-11e4-a52e-4f735466cecf":"a76203c7-8ae9-4db2-840a-d13125268d82"},{"element-6066-11e4-a52e-4f735466cecf":"abd81431-045e-44b9-93b9-65c25163dda7"},{"element-6066-11e4-a52e-4f735466cecf":"6d36e7c7-663d-47de-9d38-630585547c48"},{"element-6066-11e4-a52e-4f735466cecf":"310ae9aa-ff0f-4175-aec9-ee1276cee395"},{"element-6066-11e4-a52e-4f735466cecf":"0bac45be-a346-4e92-9639-5531786961a3"},{"element-6066-11e4-a52e-4f735466cecf":"76df5ee9-ed1b-4239-86f0-aca9993e76f7"},{"element-6066-11e4-a52e-4f735466cecf":"85138e44-29ec-4104-b3c0-edfaa175fe72"},{"element-6066-11e4-a52e-4f735466cecf":"1f140c16-f7dd-433c-afbf-30724debba33"},{"element-6066-11e4-a52e-4f735466cecf":"2e722420-7d70-41d9-ad7e-1a5a097607a9"},{"element-6066-11e4-a52e-4f735466cecf":"c43a4637-e35d-47ea-a3ad-48fd744476db"},{"element-6066-11e4-a52e-4f735466cecf":"c1e06201-f5e2-4653-9f89-2711e1dc78cf"},{"element-6066-11e4-a52e-4f735466cecf":"d3bc8dce-5898-4be4-a4d6-f231d8cbe5ff"},{"element-6066-11e4-a52e-4f735466cecf":"9570529f-6555-4642-8719-95d1e228ed6b"},{"element-6066-11e4-a52e-4f735466cecf":"bbec7bd5-23a6-468c-9da8-564e42d2aff2"},{"element-6066-11e4-a52e-4f735466cecf":"22864baa-8c2b-4a1d-8d92-e995cdfa09b3"},{"element-6066-11e4-a52e-4f735466cecf":"d1fe1a98-d716-4541-a163-70b6485e2213"},{"element-6066-11e4-a52e-4f735466cecf":"a5599100-ec60-40c6-a710-503b5d1564d1"},{"element-6066-11e4-a52e-4f735466cecf":"b5b06e39-5625-47e3-9d9a-3e5289eda293"},{"element-6066-11e4-a52e-4f735466cecf":"7f83d43d-8b5d-4358-bf36-46d32b0ea4ac"},{"element-6066-11e4-a52e-4f735466cecf":"fbe07390-7e63-4a73-b65c-20cc7d6a9f0a"},{"element-6066-11e4-a52e-4f735466cecf":"4b980a9b-b039-4d78-9edd-d6b24396c88e"},{"element-6066-11e4-a52e-4f735466cecf":"202b0b25-b467-4ded-abb4-af41643f99a1"},{"element-6066-11e4-a52e-4f735466cecf":"74346da6-bcbe-4b17-b768-6ac1c1aa1eca"},{"element-6066-11e4-a52e-4f735466cecf":"52b9a4b5-9c4b-4130-ba3c-bf5189ae32d5"},{"element-6066-11e4-a52e-4f735466cecf":"be0d25f7-a9b2-40f5-8707-a0d30b1bd0e8"},{"element-6066-11e4-a52e-4f735466cecf":"fc2c58fd-84b9-4912-9e01-3e5ef148a75c"},{"element-6066-11e4-a52e-4f735466cecf":"82ef37d8-a8f4-47d7-a7e0-9d066f71524b"},{"element-6066-11e4-a52e-4f735466cecf":"0338f922-0a21-4158-b1df-2f89f7ba6010"},{"element-6066-11e4-a52e-4f735466cecf":"0f6c3231-0036-4670-80ff-1f673da8f17c"},{"element-6066-11e4-a52e-4f735466cecf":"cc2625c5-4c2b-40bf-9272-483b980756fa"},{"element-6066-11e4-a52e-4f735466cecf":"b4d3f6cb-4688-432b-94e7-556af92a529a"},{"element-6066-11e4-a52e-4f735466cecf":"28802c1e-1c85-4238-8630-27a5826aae70"},{"element-6066-11e4-a52e-4f735466cecf":"86c7b8c2-f193-4558-b9b1-d838ad2722c8"},{"element-6066-11e4-a52e-4f735466cecf":"bb548583-bdfd-45f8-871d-446767831ad3"},{"element-6066-11e4-a52e-4f735466cecf":"41c24c31-0776-4821-8fc4-c05e7239fc61"},{"element-6066-11e4-a52e-4f735466cecf":"ca87c59e-081d-430f-ad27-ce449232c6db"},{"element-6066-11e4-a52e-4f735466cecf":"e7e33f49-73ac-4970-b980-8bbfc77abaa4"},{"element-6066-11e4-a52e-4f735466cecf":"75f8a668-c109-4d15-b471-caa563d2a05d"},{"element-6066-11e4-a52e-4f735466cecf":"bc3473fa-60dd-499d-8109-52b1531e5363"},{"element-6066-11e4-a52e-4f735466cecf":"958b9c0c-1d97-46e3-bf51-2477e5b269f1"},{"element-6066-11e4-a52e-4f735466cecf":"69928acb-7988-4b4d-af48-e579ff3459f4"},{"element-6066-11e4-a52e-4f735466cecf":"e2c2e4cf-49fc-4932-8c56-15a3be86dc02"},{"element-6066-11e4-a52e-4f735466cecf":"29470696-2d87-4e2b-b584-743880998854"},{"element-6066-11e4-a52e-4f735466cecf":"138e28b2-4d29-4c62-ab2c-a93d54eafec3"},{"element-6066-11e4-a52e-4f735466cecf":"b6a9a1b2-5070-4a1f-8d17-2c9e910ba54b"},{"element-6066-11e4-a52e-4f735466cecf":"fa81c0e4-6d9d-44e1-90c4-b1ab210cb65b"},{"element-6066-11e4-a52e-4f735466cecf":"4c49e6a9-15e1-4984-8e2a-a843dee30e84"},{"element-6066-11e4-a52e-4f735466cecf":"9181b8b1-cb65-4096-b248-66676b927f38"},{"element-6066-11e4-a52e-4f735466cecf":"2e3a3583-2eed-4eeb-8a39-c80323115c76"},{"element-6066-11e4-a52e-4f735466cecf":"cc708530-0f34-492f-a5a4-c1c56a8a5f71"},{"element-6066-11e4-a52e-4f735466cecf":"0507f7ac-0a2f-4340-9c1f-a5640d2fe383"},{"element-6066-11e4-a52e-4f735466cecf":"02c4e62a-c96d-4307-a6ce-01f84544c873"},{"element-6066-11e4-a52e-4f735466cecf":"e13da754-3430-4f78-80de-a6613bd6869d"},{"element-6066-11e4-a52e-4f735466cecf":"57432148-57fe-43ca-a549-05c5349aeb42"},{"element-6066-11e4-a52e-4f735466cecf":"197b107e-6424-4db6-b34e-bcfaa8b05221"},{"element-6066-11e4-a52e-4f735466cecf":"5c3b22f7-920e-47ce-bf65-af741f1a38d3"},{"element-6066-11e4-a52e-4f735466cecf":"14c1ee35-8780-4fcf-a1b0-5a034da41c9f"},{"element-6066-11e4-a52e-4f735466cecf":"064f39bb-f1a6-44ab-912f-0e001da28525"},{"element-6066-11e4-a52e-4f735466cecf":"b5a53b91-ef71-454a-858b-07849c0adf64"},{"element-6066-11e4-a52e-4f735466cecf":"a89a3784-c26c-43db-88cb-e37119d9e0f6"},{"element-6066-11e4-a52e-4f735466cecf":"9b6d6086-c4d0-43e6-a7c7-8a5772b07f43"},{"element-6066-11e4-a52e-4f735466cecf":"80c6aa6b-d1b2-4967-b85b-7eb29e202633"},{"element-6066-11e4-a52e-4f735466cecf":"2587b4fe-08a7-4d2a-842a-d625af95f072"},{"element-6066-11e4-a52e-4f735466cecf":"1e26d65f-4566-4b2e-a9b5-fce47560430d"},{"element-6066-11e4-a52e-4f735466cecf":"92334300-9a93-43b8-a400-e8416c61a383"},{"element-6066-11e4-a52e-4f735466cecf":"a0d6ebd3-0742-44b9-b137-f0d6e6e1f59c"},{"element-6066-11e4-a52e-4f735466cecf":"2bba0b02-7b5d-41da-80dd-002b1837b830"},{"element-6066-11e4-a52e-4f735466cecf":"4151f403-ab08-4f35-ad0d-3b2a4726cb79"},{"element-6066-11e4-a52e-4f735466cecf":"a89a1f3d-9b17-40a8-866b-7840a7e6d822"},{"element-6066-11e4-a52e-4f735466cecf":"d33f59ed-7436-4c08-b10a-b1f6de8683b4"},{"element-6066-11e4-a52e-4f735466cecf":"223d1a13-9f24-4093-80e2-f07b47786fda"},{"element-6066-11e4-a52e-4f735466cecf":"c13031fd-d5e1-429a-a810-bb7c4f11ffec"},{"element-6066-11e4-a52e-4f735466cecf":"b2b39039-fadd-4f6d-9415-96e959fcc52c"},{"element-6066-11e4-a52e-4f735466cecf":"bf38074b-234c-4b14-b0f8-66b394067971"},{"element-6066-11e4-a52e-4f735466cecf":"cf36a4d5-a493-4aa0-b266-450d9db810cc"},{"element-6066-11e4-a52e-4f735466cecf":"803493a6-d3ba-4612-8afe-ed86576d2054"},{"element-6066-11e4-a52e-4f735466cecf":"012807ef-3da7-4aff-874a-cbfb2f896865"},{"element-6066-11e4-a52e-4f735466cecf":"16d3324c-f2a8-470e-9b0a-7d17b1970bfd"},{"element-6066-11e4-a52e-4f735466cecf":"18564c25-c74e-4358-b40c-78915b4f9ccd"},{"element-6066-11e4-a52e-4f735466cecf":"0e4c47eb-fa59-479e-8765-dce915811f6d"},{"element-6066-11e4-a52e-4f735466cecf":"3d8d5f54-9294-4e09-8959-158b1b3216f3"},{"element-6066-11e4-a52e-4f735466cecf":"59354c8b-9261-459e-aa49-860698b96981"},{"element-6066-11e4-a52e-4f735466cecf":"b5433893-40f3-4a28-a2a5-8f3aa85686e1"},{"element-6066-11e4-a52e-4f735466cecf":"1916ccae-3fdd-4621-a34d-6ae3ca1e9967"},{"element-6066-11e4-a52e-4f735466cecf":"2a5c9df2-6512-4f12-a792-d1283a36db52"},{"element-6066-11e4-a52e-4f735466cecf":"a5788bc0-7707-4ceb-a1d3-81be679f592e"},{"element-6066-11e4-a52e-4f735466cecf":"c8ab046f-e245-4d04-9375-73a7449bebb3"},{"element-6066-11e4-a52e-4f735466cecf":"a8ccb0de-48a2-419f-9efe-e24c5e4d2694"},{"element-6066-11e4-a52e-4f735466cecf":"4c0b787e-8908-435c-851f-1c4394074f09"},{"element-6066-11e4-a52e-4f735466cecf":"749214f4-f2a7-4ae8-a130-c3175967e861"},{"element-6066-11e4-a52e-4f735466cecf":"5df3bb76-4e67-431f-a938-fe69f3d04b80"},{"element-6066-11e4-a52e-4f735466cecf":"a86f4bcd-a1fc-4dab-8dd4-09d71f6a1e13"},{"element-6066-11e4-a52e-4f735466cecf":"611852ec-4ff6-42c6-a6c2-5d2772653e50"},{"element-6066-11e4-a52e-4f735466cecf":"6d6f3ca2-561b-4b9c-bf51-b5418d7d2f4c"},{"element-6066-11e4-a52e-4f735466cecf":"ab10825d-a1fa-4262-8252-40f0d8d28283"},{"element-6066-11e4-a52e-4f735466cecf":"96938a97-5461-4cc4-a6c2-547f5d48b7a7"},{"element-6066-11e4-a52e-4f735466cecf":"d3e0d039-70e1-4f4a-a4a6-ee1e6b4b4791"},{"element-6066-11e4-a52e-4f735466cecf":"df1ceefd-5624-4da7-9b4b-bf8d5091249f"},{"element-6066-11e4-a52e-4f735466cecf":"d41c88d6-65ed-4b0d-88a8-c85c18707e12"},{"element-6066-11e4-a52e-4f735466cecf":"73e80b8f-a221-4bbb-99d4-73f4fe8d7c32"},{"element-6066-11e4-a52e-4f735466cecf":"fb2f23ad-c9a4-47ee-879a-f92e1c5ba38b"},{"element-6066-11e4-a52e-4f735466cecf":"f2b94be7-0d44-417d-a683-80ebe5bcb2ec"},{"element-6066-11e4-a52e-4f735466cecf":"50e7ef18-1084-412c-b283-bf780664a4b6"},{"element-6066-11e4-a52e-4f735466cecf":"99a3cb3f-3ae7-4bc8-a4be-cca074745be3"},{"element-6066-11e4-a52e-4f735466cecf":"5c02cc6c-a086-498f-aa44-b66bb07d03e9"},{"element-6066-11e4-a52e-4f735466cecf":"0a1f1fd7-19e4-429b-9985-dd385ac38f26"},{"element-6066-11e4-a52e-4f735466cecf":"2ba0c027-12cb-443d-abf7-085da003540b"},{"element-6066-11e4-a52e-4f735466cecf":"117f021d-7f8b-4c5c-b1f0-7c8d9e7855d0"},{"element-6066-11e4-a52e-4f735466cecf":"ec388774-da7b-46c5-af9c-2a0f9e0294da"},{"element-6066-11e4-a52e-4f735466cecf":"432e74e1-fba8-4761-892b-d3b92bf784a1"},{"element-6066-11e4-a52e-4f735466cecf":"b05271be-f5e7-4df7-bc74-abb5eafb3bff"},{"element-6066-11e4-a52e-4f735466cecf":"fec41473-1611-41a2-8668-28782e4bcdb7"},{"element-6066-11e4-a52e-4f735466cecf":"ea2a7480-9016-497d-ae76-f70c803842bb"},{"element-6066-11e4-a52e-4f735466cecf":"458b8cd0-cfb9-40a1-b04c-a30361a279e6"},{"element-6066-11e4-a52e-4f735466cecf":"5ccfefe4-72ac-4139-bd28-9ae6bf947bc6"},{"element-6066-11e4-a52e-4f735466cecf":"701f65e9-7366-4c2d-b8a6-36173926f76b"},{"element-6066-11e4-a52e-4f735466cecf":"27a5dc82-102f-453b-a5e3-3996a661d4f0"},{"element-6066-11e4-a52e-4f735466cecf":"98eaa613-9c56-44e0-bb39-96b4a3ec1acc"},{"element-6066-11e4-a52e-4f735466cecf":"1675f0cb-17da-45da-8c38-e2cfe326419c"},{"element-6066-11e4-a52e-4f735466cecf":"a55f2944-e84c-4537-b3ab-808e191cd2f6"},{"element-6066-11e4-a52e-4f735466cecf":"1ad97c9d-d6e5-4598-978e-56784d98095f"},{"element-6066-11e4-a52e-4f735466cecf":"67bafe40-56bc-4c06-947c-adf629b327e7"},{"element-6066-11e4-a52e-4f735466cecf":"2eebf7c3-e9f4-4db0-9165-7188c08ce6c6"},{"element-6066-11e4-a52e-4f735466cecf":"98ea4f80-0588-496c-84ef-0d0b824530f0"},{"element-6066-11e4-a52e-4f735466cecf":"e8dd6579-ed2b-49e4-ae3b-527682d38ec6"},{"element-6066-11e4-a52e-4f735466cecf":"3c7e077b-3763-4561-966a-2e34f894f676"},{"element-6066-11e4-a52e-4f735466cecf":"e7ecd76e-4e72-4788-b1d3-e04d7bb22f53"},{"element-6066-11e4-a52e-4f735466cecf":"e32d4299-b1a5-4946-8b92-1eb86ee36a05"},{"element-6066-11e4-a52e-4f735466cecf":"aac6e08c-c4a9-4695-8174-677132af8874"},{"element-6066-11e4-a52e-4f735466cecf":"b613e997-7e80-4894-9330-c5d2c8b4b1a9"},{"element-6066-11e4-a52e-4f735466cecf":"9a434982-e8aa-4791-9517-827a8f3a8b62"},{"element-6066-11e4-a52e-4f735466cecf":"29f05e11-cc9d-4922-a995-d12c5890c4cd"},{"element-6066-11e4-a52e-4f735466cecf":"7f62e1ac-8ef9-4100-afed-644d48b6b6a4"},{"element-6066-11e4-a52e-4f735466cecf":"39242be0-3f5e-494d-8756-1d9c293d4506"},{"element-6066-11e4-a52e-4f735466cecf":"9c1a67b6-3611-41b5-aaac-082025efc801"},{"element-6066-11e4-a52e-4f735466cecf":"71e7df39-49a0-4ab2-bf61-061a49908fd3"},{"element-6066-11e4-a52e-4f735466cecf":"1b8a7a44-7da1-42e7-b1e7-fac36911cf00"},{"element-6066-11e4-a52e-4f735466cecf":"a0cbfd22-ea0d-41ba-b7f6-d4bd12abe8a3"},{"element-6066-11e4-a52e-4f735466cecf":"c3b21721-14e1-4f3f-97a9-065bab0d17a8"},{"element-6066-11e4-a52e-4f735466cecf":"9907e7fe-c708-4a3f-a2c9-5ad6be94a599"},{"element-6066-11e4-a52e-4f735466cecf":"ab82e9ef-39b9-460f-8422-5e7d13b5349c"},{"element-6066-11e4-a52e-4f735466cecf":"f4ef72bb-cff6-4ea3-9d15-2ae17546b49b"},{"element-6066-11e4-a52e-4f735466cecf":"38059004-a552-489e-b7f2-c330d8b56ca4"},{"element-6066-11e4-a52e-4f735466cecf":"96e23176-b3c7-484c-9a32-6a76b13d6f57"},{"element-6066-11e4-a52e-4f735466cecf":"a5ea3781-1594-46b0-a1a7-495d0c88ba94"},{"element-6066-11e4-a52e-4f735466cecf":"8967a388-0fe1-49e4-b144-8923785c52fc"},{"element-6066-11e4-a52e-4f735466cecf":"0f459585-22e9-4ea7-9d56-e55bd36cfe94"},{"element-6066-11e4-a52e-4f735466cecf":"ff38996f-56e1-46be-932e-86530254defe"},{"element-6066-11e4-a52e-4f735466cecf":"c6421922-24c2-4c34-bd39-325281897608"},{"element-6066-11e4-a52e-4f735466cecf":"be7bb0ae-b3cf-4a5d-97a1-5daaa6be45ec"},{"element-6066-11e4-a52e-4f735466cecf":"2d65cfcd-8718-443f-9bfb-3a4a930b0535"},{"element-6066-11e4-a52e-4f735466cecf":"7f35f66e-015b-4725-9240-b103c5fa85d2"},{"element-6066-11e4-a52e-4f735466cecf":"f8318f8b-259e-4fee-885c-2cc1bab12510"},{"element-6066-11e4-a52e-4f735466cecf":"61332ab7-860b-4f10-b972-593773187005"},{"element-6066-11e4-a52e-4f735466cecf":"ca50a1b9-3593-47b1-a5e9-ac76a174c63c"},{"element-6066-11e4-a52e-4f735466cecf":"29315253-e5ee-4e14-b8cb-a748353542bf"},{"element-6066-11e4-a52e-4f735466cecf":"6d1d64d5-0f6d-4d46-8963-17105ce550a5"},{"element-6066-11e4-a52e-4f735466cecf":"67a455ac-de60-4fca-b8c1-b6fb780603a0"},{"element-6066-11e4-a52e-4f735466cecf":"75061e67-2a6a-46ba-bc0d-6d3559587345"},{"element-6066-11e4-a52e-4f735466cecf":"83892455-dec7-4ce8-a7b2-d19c46fbadf2"},{"element-6066-11e4-a52e-4f735466cecf":"68905bd3-3e75-4fd0-ba57-616c9e72bbde"},{"element-6066-11e4-a52e-4f735466cecf":"d4865541-72a5-42fb-8efb-747b6cf7e5c4"},{"element-6066-11e4-a52e-4f735466cecf":"759072f8-ec94-412d-80e6-b6496fc21b43"},{"element-6066-11e4-a52e-4f735466cecf":"8cb75084-3355-4616-9115-ce04a88426b0"},{"element-6066-11e4-a52e-4f735466cecf":"75f15d64-e912-42fa-8276-d63c87ebcc9b"},{"element-6066-11e4-a52e-4f735466cecf":"8742eb9a-6ca4-4664-ab7d-8d1c193f1a54"},{"element-6066-11e4-a52e-4f735466cecf":"6cc27aed-b622-4377-9bcb-2e9c4f6474d7"},{"element-6066-11e4-a52e-4f735466cecf":"25459bb6-03b1-4ea9-bfbe-06b43e247e56"},{"element-6066-11e4-a52e-4f735466cecf":"8f717069-a2df-4042-b520-d67844f66144"},{"element-6066-11e4-a52e-4f735466cecf":"b3b70134-76ba-4c87-8e9c-ce28f3302053"},{"element-6066-11e4-a52e-4f735466cecf":"c34b37d6-288e-4ee8-b5e5-8bcc31a61d60"},{"element-6066-11e4-a52e-4f735466cecf":"362ccdeb-000d-4e35-8854-81d7fdefbf05"},{"element-6066-11e4-a52e-4f735466cecf":"86ff2094-8deb-4b38-a333-be75e0921094"},{"element-6066-11e4-a52e-4f735466cecf":"62ae2ddc-5bef-43ca-a1d6-703474e8c16f"},{"element-6066-11e4-a52e-4f735466cecf":"6dcb64a6-66f0-4317-a508-2cea7c04507f"},{"element-6066-11e4-a52e-4f735466cecf":"866b4b12-2533-4532-988c-4def336f9927"},{"element-6066-11e4-a52e-4f735466cecf":"ab7a84da-f9a3-411d-b844-de5f2c9cd0e7"},{"element-6066-11e4-a52e-4f735466cecf":"46637ce6-500b-4425-8487-5a1eb3aa041b"},{"element-6066-11e4-a52e-4f735466cecf":"13a406b9-f3ce-4bda-94d2-4edf815f85aa"},{"element-6066-11e4-a52e-4f735466cecf":"98dbeba5-d032-42e7-ba98-71a3da778e51"},{"element-6066-11e4-a52e-4f735466cecf":"706f8520-1748-420c-b085-b913c2f4d9b3"},{"element-6066-11e4-a52e-4f735466cecf":"4f941eb1-900b-4d8c-804f-349c39d83f84"},{"element-6066-11e4-a52e-4f735466cecf":"c9710e4c-83e3-471a-8d93-5b7b06949f55"},{"element-6066-11e4-a52e-4f735466cecf":"38cb567f-6a63-45cf-84cf-456a13ca5735"},{"element-6066-11e4-a52e-4f735466cecf":"e4ca77dc-e419-4341-848d-f4454a67d84a"},{"element-6066-11e4-a52e-4f735466cecf":"0c9a65f7-7d77-46ca-85a2-c9666b2f16eb"},{"element-6066-11e4-a52e-4f735466cecf":"44222bee-e9c6-4208-b836-a94625086b51"},{"element-6066-11e4-a52e-4f735466cecf":"e582c62f-db78-41cb-ad98-217107005d1e"},{"element-6066-11e4-a52e-4f735466cecf":"a357ae5c-2f46-4e1f-b972-d9b8f915d448"},{"element-6066-11e4-a52e-4f735466cecf":"6f42fc38-9130-416d-9e2e-83ce6ed562cb"},{"element-6066-11e4-a52e-4f735466cecf":"7e3abf3c-ad71-4568-bfa0-cdc386258921"},{"element-6066-11e4-a52e-4f735466cecf":"3786e506-cce2-4d78-991c-9d849c3a1c57"},{"element-6066-11e4-a52e-4f735466cecf":"5658877a-8510-480a-bc46-db7bf14cebfe"},{"element-6066-11e4-a52e-4f735466cecf":"1d90d045-177e-4170-8260-cf0be3148575"},{"element-6066-11e4-a52e-4f735466cecf":"e4547fc4-cc78-42cf-8d35-44e8186ffbc5"},{"element-6066-11e4-a52e-4f735466cecf":"4eac8c90-bbf2-4263-a0b5-4318187d397c"},{"element-6066-11e4-a52e-4f735466cecf":"12420408-61a8-4ac9-b3e0-7d877dcab60a"},{"element-6066-11e4-a52e-4f735466cecf":"42a02a4e-9324-4dd3-9e00-27b6e683ac35"},{"element-6066-11e4-a52e-4f735466cecf":"1c24f7ee-b776-41ef-acd6-5095f1b78fdf"},{"element-6066-11e4-a52e-4f735466cecf":"9d6ef76b-e9df-407f-8146-d2ea36b03378"},{"element-6066-11e4-a52e-4f735466cecf":"3904a2cf-c66f-4cd2-b375-a411778eb787"},{"element-6066-11e4-a52e-4f735466cecf":"889f2a07-d2df-4bc0-953a-3d8a3a2b55c4"},{"element-6066-11e4-a52e-4f735466cecf":"ef765488-0ed5-40f6-b8f8-ce8a8521f3b1"},{"element-6066-11e4-a52e-4f735466cecf":"0c24573e-386f-4309-9ba3-5a2da9f14c0f"},{"element-6066-11e4-a52e-4f735466cecf":"bf1dbfc2-c17f-4783-941e-310d7399521c"},{"element-6066-11e4-a52e-4f735466cecf":"d86b00b1-d05b-4416-9e57-61e5e61a4329"},{"element-6066-11e4-a52e-4f735466cecf":"5beb2d19-ec8d-4aa3-bc8c-a0f427ae2631"},{"element-6066-11e4-a52e-4f735466cecf":"ff1dba57-b429-4bf3-bc6e-c3739c56f008"},{"element-6066-11e4-a52e-4f735466cecf":"541ff746-a0b1-440d-b29d-acc9cc3ba09f"},{"element-6066-11e4-a52e-4f735466cecf":"a150b6e4-b19e-42fe-b0c4-819d7516bd2a"},{"element-6066-11e4-a52e-4f735466cecf":"fb9a5143-3522-48a5-aa53-2b8bf42b07db"},{"element-6066-11e4-a52e-4f735466cecf":"700c3c5a-e613-43fe-af42-bedad900486d"},{"element-6066-11e4-a52e-4f735466cecf":"9aa2e5b1-fc57-49cc-8264-0f0e85aebf8b"},{"element-6066-11e4-a52e-4f735466cecf":"17781004-51bd-4537-82e1-6ecfc67a9add"},{"element-6066-11e4-a52e-4f735466cecf":"49799fea-6663-49f7-af62-300f6cc6bbb2"},{"element-6066-11e4-a52e-4f735466cecf":"ca386409-bf07-4173-865a-514c0e12d054"},{"element-6066-11e4-a52e-4f735466cecf":"af42017b-11e0-4410-a322-24d6b1664d6f"},{"element-6066-11e4-a52e-4f735466cecf":"88f0f612-9d8a-4c8b-bea8-048cbf6ec32a"},{"element-6066-11e4-a52e-4f735466cecf":"8deef81e-9f2c-4ae8-a78b-db38b22b4373"},{"element-6066-11e4-a52e-4f735466cecf":"843a882e-e2aa-4546-82c9-e5eef7a918a9"},{"element-6066-11e4-a52e-4f735466cecf":"68e9ca14-b171-4ee4-9d0a-d819a42ec04e"},{"element-6066-11e4-a52e-4f735466cecf":"e6a76dc2-a895-40ed-aeb5-b834e792dc6d"},{"element-6066-11e4-a52e-4f735466cecf":"7de33a35-f29a-4c9e-9955-4ebfa4580be7"},{"element-6066-11e4-a52e-4f735466cecf":"701cf32a-f6cc-4cca-ad6b-6413c42a110e"},{"element-6066-11e4-a52e-4f735466cecf":"a15bd4b4-8c0f-4259-ab6e-078d80581e5e"},{"element-6066-11e4-a52e-4f735466cecf":"5e0c3f55-7ec4-4058-9dbc-e83a81939477"},{"element-6066-11e4-a52e-4f735466cecf":"1a7596c8-34d2-440b-91c7-da378cf0784f"},{"element-6066-11e4-a52e-4f735466cecf":"2551bfca-627c-4824-a512-5953d5c93c65"},{"element-6066-11e4-a52e-4f735466cecf":"604a858c-18e2-45e9-8525-be064806a552"},{"element-6066-11e4-a52e-4f735466cecf":"5d876d74-72e5-4171-a6b3-9aef277464b6"},{"element-6066-11e4-a52e-4f735466cecf":"1b87644d-8c7e-4eb3-b3b2-0e79c85c00c6"},{"element-6066-11e4-a52e-4f735466cecf":"a746c2aa-0dac-46ba-9a36-158ff5fb43ea"},{"element-6066-11e4-a52e-4f735466cecf":"36e9b3c6-1af5-4f29-971e-3e066c42a64c"},{"element-6066-11e4-a52e-4f735466cecf":"5a26f453-8618-417b-a79f-a89d4aef256e"},{"element-6066-11e4-a52e-4f735466cecf":"e556e62c-c2fc-4250-a410-05793dab0abf"},{"element-6066-11e4-a52e-4f735466cecf":"40a63fe7-e514-4b66-9884-c9babcb98348"},{"element-6066-11e4-a52e-4f735466cecf":"1389a802-d176-49fb-8ae4-513600ac7c91"},{"element-6066-11e4-a52e-4f735466cecf":"3104f6ce-51f9-4e27-b5a3-f93129453a7a"},{"element-6066-11e4-a52e-4f735466cecf":"9416a849-7ebd-4848-b700-445afd035729"},{"element-6066-11e4-a52e-4f735466cecf":"8d353169-149f-4ef2-8e56-620329a94771"},{"element-6066-11e4-a52e-4f735466cecf":"5a393586-d428-4c0f-ae25-e1d9be60c07f"},{"element-6066-11e4-a52e-4f735466cecf":"eec42075-a5a4-4c71-85ee-76e14cd1e23f"},{"element-6066-11e4-a52e-4f735466cecf":"d291b3d4-a41b-4c38-b931-12e7fe1b90fc"},{"element-6066-11e4-a52e-4f735466cecf":"9a57ee81-29e3-4f6a-bd81-f234f07a3b0d"},{"element-6066-11e4-a52e-4f735466cecf":"50ad68b5-45b2-49d3-b665-69fb3fe01881"},{"element-6066-11e4-a52e-4f735466cecf":"e0a2e4a0-4d49-43f6-8c30-0d70c5213e84"},{"element-6066-11e4-a52e-4f735466cecf":"85fa7b8f-1d9d-48f9-bf16-05e594c8ad2c"},{"element-6066-11e4-a52e-4f735466cecf":"e26a48a2-005d-445b-bdba-3f97ecdad468"},{"element-6066-11e4-a52e-4f735466cecf":"b35f6f85-1a5b-4f91-b08c-c508aec4cd16"},{"element-6066-11e4-a52e-4f735466cecf":"275cd91b-8f39-4712-93b5-03709ba5f3d6"},{"element-6066-11e4-a52e-4f735466cecf":"6449dea4-bee1-43fd-96bf-da5e0ecc0c50"},{"element-6066-11e4-a52e-4f735466cecf":"af11ab18-9fc5-40e6-9bef-502334b67ce0"},{"element-6066-11e4-a52e-4f735466cecf":"8a17a3f3-43cf-4c0b-b117-c5076480c888"},{"element-6066-11e4-a52e-4f735466cecf":"5f6bfd1d-809e-4829-bf14-a7eef3e476c3"},{"element-6066-11e4-a52e-4f735466cecf":"44200faf-0b0a-4f12-b1cc-2d0991a242cd"},{"element-6066-11e4-a52e-4f735466cecf":"2cae0ee6-e47d-499f-bf88-e8b4666d7b3b"},{"element-6066-11e4-a52e-4f735466cecf":"fde910b8-d0bd-40a0-847a-e8073e302b93"},{"element-6066-11e4-a52e-4f735466cecf":"8cdc8f3a-854a-4a5b-ac3a-de1e27b27c72"},{"element-6066-11e4-a52e-4f735466cecf":"c9ab78dc-2115-4736-9c4b-106af77efe2c"},{"element-6066-11e4-a52e-4f735466cecf":"54c02d0b-7251-48e2-8156-d7e53e0438f5"},{"element-6066-11e4-a52e-4f735466cecf":"608112a7-786d-4874-933f-2fb7b9d70f6d"},{"element-6066-11e4-a52e-4f735466cecf":"6e19616a-4630-4543-9c67-c299f3e79268"},{"element-6066-11e4-a52e-4f735466cecf":"7bfcc3d9-9cd1-45be-bcfe-450e139985af"},{"element-6066-11e4-a52e-4f735466cecf":"5d6761e9-7996-4bf1-84c5-ba374f4cbf54"},{"element-6066-11e4-a52e-4f735466cecf":"7fd00d3b-a434-4350-b410-27937426c794"},{"element-6066-11e4-a52e-4f735466cecf":"34c71ad1-fca4-44b1-ac35-410e64c26b16"},{"element-6066-11e4-a52e-4f735466cecf":"b2ec5ce6-4bde-4461-b3e2-857d8ea885da"},{"element-6066-11e4-a52e-4f735466cecf":"2adcd0e4-3dc9-417a-be21-3594dddc2192"},{"element-6066-11e4-a52e-4f735466cecf":"fd5a24e8-2b41-435f-bd9e-cef8bf06f84a"},{"element-6066-11e4-a52e-4f735466cecf":"2658174c-291e-43c4-b7b7-c2ff3c5c50b1"},{"element-6066-11e4-a52e-4f735466cecf":"4f35460a-3d93-4025-8a76-8e84bca71cab"},{"element-6066-11e4-a52e-4f735466cecf":"48716c49-2860-430b-a979-5de7ef51ad73"},{"element-6066-11e4-a52e-4f735466cecf":"9352d454-901c-4142-959e-a9aa8fa6f0d1"},{"element-6066-11e4-a52e-4f735466cecf":"b7de132e-88a0-4026-99f9-e21e0c34cb4e"},{"element-6066-11e4-a52e-4f735466cecf":"3ee7be98-a464-4cdf-84a7-615737511554"},{"element-6066-11e4-a52e-4f735466cecf":"712aa0ab-9b74-498b-bb13-7b323c06fd08"},{"element-6066-11e4-a52e-4f735466cecf":"c5d1533d-0534-4bba-b1ce-f6f9659eaab0"},{"element-6066-11e4-a52e-4f735466cecf":"02525336-2e39-4172-bc71-f508d1591c02"},{"element-6066-11e4-a52e-4f735466cecf":"40bfd802-fd4c-4bb8-88fb-a0a9343b960f"},{"element-6066-11e4-a52e-4f735466cecf":"52cf3ad3-34b3-4a59-b93b-47083453907e"},{"element-6066-11e4-a52e-4f735466cecf":"7ba7d5f9-89e5-4687-b500-2d0788ed7869"},{"element-6066-11e4-a52e-4f735466cecf":"fa9d73f5-d0df-4ab9-a11e-adf9e46d56f7"},{"element-6066-11e4-a52e-4f735466cecf":"da52e5bf-6966-4da9-88c2-f5edf723c807"},{"element-6066-11e4-a52e-4f735466cecf":"509845f3-cc33-47d6-be1f-7af0d51d4566"},{"element-6066-11e4-a52e-4f735466cecf":"2c7583f3-afc3-427f-81a5-95be085fdecc"},{"element-6066-11e4-a52e-4f735466cecf":"ff085b1d-3462-4e23-bf9d-6db55244e6ad"},{"element-6066-11e4-a52e-4f735466cecf":"3d70abd0-d93c-4915-89b7-fcb76b0118ad"},{"element-6066-11e4-a52e-4f735466cecf":"06d2bf7c-59bf-4712-b97e-65e544a43316"},{"element-6066-11e4-a52e-4f735466cecf":"e9378a80-bf8b-4243-9055-82a4f6eda2a3"},{"element-6066-11e4-a52e-4f735466cecf":"88a9ef25-2fce-4bb0-ad62-759b70eccf7f"},{"element-6066-11e4-a52e-4f735466cecf":"bb5b24c6-f0cf-4832-833c-aa536cd8d70a"},{"element-6066-11e4-a52e-4f735466cecf":"c1a295fa-8e5e-4a70-9887-84d2d54d1c9f"},{"element-6066-11e4-a52e-4f735466cecf":"a285ee56-0a0e-45b7-9f36-9e010340fc39"},{"element-6066-11e4-a52e-4f735466cecf":"e74837be-e417-4d8b-82ca-d7cc54e104fe"},{"element-6066-11e4-a52e-4f735466cecf":"c6cbc724-b413-4ba9-8bcf-b5be5fc20ce9"},{"element-6066-11e4-a52e-4f735466cecf":"44d22471-e5b9-447a-8564-c40fbc3a6f11"},{"element-6066-11e4-a52e-4f735466cecf":"78be7b8a-5292-4f9b-ac3b-37c895cb2893"},{"element-6066-11e4-a52e-4f735466cecf":"f5ce70f9-443c-4fbd-b2d2-430daf646519"},{"element-6066-11e4-a52e-4f735466cecf":"4ef56791-d96f-4904-95c3-b75174315873"},{"element-6066-11e4-a52e-4f735466cecf":"10322c07-ca57-4cd6-8986-6b7d859a80fa"},{"element-6066-11e4-a52e-4f735466cecf":"cd617507-3294-4976-a9ec-8879abe83977"},{"element-6066-11e4-a52e-4f735466cecf":"5ade2594-0381-4191-8c8a-d9df2a81c03c"},{"element-6066-11e4-a52e-4f735466cecf":"be63e72a-9871-470a-b5ee-d69eef4c2a4d"},{"element-6066-11e4-a52e-4f735466cecf":"f87c8f2c-bdb8-47aa-a5ee-1486def552d5"},{"element-6066-11e4-a52e-4f735466cecf":"8343d408-d5c6-4517-b8d6-c096f4997581"},{"element-6066-11e4-a52e-4f735466cecf":"b6ef7071-374f-4913-8f46-dffabf57e59a"},{"element-6066-11e4-a52e-4f735466cecf":"eda3931e-4e94-473a-b8c6-c686c0ca451a"},{"element-6066-11e4-a52e-4f735466cecf":"9818a47f-4081-4c86-a418-0106c16a104e"},{"element-6066-11e4-a52e-4f735466cecf":"e23d4106-853f-4371-bb1b-1dd76d0f3af2"},{"element-6066-11e4-a52e-4f735466cecf":"89e3398d-b8c7-4788-bfe7-9b884936bf25"},{"element-6066-11e4-a52e-4f735466cecf":"82780285-e62b-4a08-bac2-63158ed249b4"},{"element-6066-11e4-a52e-4f735466cecf":"561d2965-42c6-4e11-8c07-54abea5a23dc"},{"element-6066-11e4-a52e-4f735466cecf":"abbfcb92-060d-401f-b1db-723cfca83295"},{"element-6066-11e4-a52e-4f735466cecf":"7dd80ebd-c53c-44ed-9ba5-f1d0204c654a"},{"element-6066-11e4-a52e-4f735466cecf":"260f7e5f-2928-444a-b37e-44d6b1ebe2ec"},{"element-6066-11e4-a52e-4f735466cecf":"38c49a0d-2ecd-47f7-9a55-cd9274371b16"},{"element-6066-11e4-a52e-4f735466cecf":"93e5ae74-93c1-47c9-b098-cffdcbf8e4ac"},{"element-6066-11e4-a52e-4f735466cecf":"d7770933-4834-49c3-a41c-2e7125049a55"},{"element-6066-11e4-a52e-4f735466cecf":"255d97e7-422f-4933-ab19-ea34febc2a86"},{"element-6066-11e4-a52e-4f735466cecf":"09158809-2337-48b0-8eba-4c84bb9406a2"},{"element-6066-11e4-a52e-4f735466cecf":"8638fb07-c3a7-4773-bb4f-a342675b53cd"},{"element-6066-11e4-a52e-4f735466cecf":"3108bb95-1b94-4bb7-9110-cc9ec529984f"},{"element-6066-11e4-a52e-4f735466cecf":"73680091-509a-4d17-9f3d-cd284456805b"},{"element-6066-11e4-a52e-4f735466cecf":"02c8cfe0-5875-4e91-9c90-a45ddf29b907"},{"element-6066-11e4-a52e-4f735466cecf":"6dc017db-5a3e-47e3-86ba-b460ce510e3c"},{"element-6066-11e4-a52e-4f735466cecf":"d153c6ca-1134-40b1-bc20-e69b4ac85470"},{"element-6066-11e4-a52e-4f735466cecf":"9f959f27-9d38-414e-934d-18671357bae0"},{"element-6066-11e4-a52e-4f735466cecf":"b5b61f51-f188-4169-b9b8-1c4696df79af"},{"element-6066-11e4-a52e-4f735466cecf":"4b83dd4c-1839-4d4f-add6-5b8f1dfb5e14"},{"element-6066-11e4-a52e-4f735466cecf":"0f26452b-ad2e-4ea6-9ce2-33062f0c00e1"},{"element-6066-11e4-a52e-4f735466cecf":"636051c4-e5cd-4846-b66b-2b7fe6cbfe1c"},{"element-6066-11e4-a52e-4f735466cecf":"046864e4-803e-4b82-bbf2-2067524d2f87"},{"element-6066-11e4-a52e-4f735466cecf":"8eb1abbe-58ee-4b8f-9397-b793082583ec"},{"element-6066-11e4-a52e-4f735466cecf":"f3579069-2476-4517-825d-78b6095de273"},{"element-6066-11e4-a52e-4f735466cecf":"64a2dda7-1fa6-4a6d-a5a3-7ce4b5464d18"},{"element-6066-11e4-a52e-4f735466cecf":"f798ff18-cc04-44bb-9293-cb35667c8ccc"},{"element-6066-11e4-a52e-4f735466cecf":"2d9fff5e-cecc-4ff3-a2ec-83b152a3006a"},{"element-6066-11e4-a52e-4f735466cecf":"2cd63626-ac88-4919-9026-5344d1f3c207"},{"element-6066-11e4-a52e-4f735466cecf":"fbac49a6-93cd-4d6b-82f4-2116f85e3f1d"},{"element-6066-11e4-a52e-4f735466cecf":"957a84b5-f434-4733-9068-c20d41b2fcb0"},{"element-6066-11e4-a52e-4f735466cecf":"44f6d35a-e676-4bfb-bc98-79654646777f"},{"element-6066-11e4-a52e-4f735466cecf":"c594f794-cce5-4905-a7c4-8f95e210533f"},{"element-6066-11e4-a52e-4f735466cecf":"90382e08-3a7d-41bc-a007-7e970fa5032a"},{"element-6066-11e4-a52e-4f735466cecf":"463aa5f7-7ea0-4506-a1eb-ba9209ef5cab"},{"element-6066-11e4-a52e-4f735466cecf":"2fa4de4e-9a68-4d3f-8650-7f2128669ce9"},{"element-6066-11e4-a52e-4f735466cecf":"54fcc157-fb45-4b06-aad0-e569517f0a3a"},{"element-6066-11e4-a52e-4f735466cecf":"5212de32-920f-4992-ac92-db493c169854"},{"element-6066-11e4-a52e-4f735466cecf":"9a0f6717-c659-4d8b-bd9b-dfc801f0e0c6"},{"element-6066-11e4-a52e-4f735466cecf":"2909ce67-643e-4ebd-b9dd-f482080c3fb7"},{"element-6066-11e4-a52e-4f735466cecf":"e6fc24c6-7457-48c2-a10e-bbbe523ebf12"},{"element-6066-11e4-a52e-4f735466cecf":"db90ff5c-5a99-4073-a67d-081db7c9b1b5"},{"element-6066-11e4-a52e-4f735466cecf":"997c2785-6464-4d60-a7c0-0eb77335b85c"},{"element-6066-11e4-a52e-4f735466cecf":"7faa10d0-be9b-405e-9149-a9e03244f145"},{"element-6066-11e4-a52e-4f735466cecf":"df9486c3-82bc-4236-b8a8-474908be184e"},{"element-6066-11e4-a52e-4f735466cecf":"5a6db1b3-409f-4a5b-8c40-7cc8b9aa032d"},{"element-6066-11e4-a52e-4f735466cecf":"4318fc09-6cd7-424c-9c10-855ef004a76a"},{"element-6066-11e4-a52e-4f735466cecf":"7f01a0fe-6d87-4deb-aeb0-9981b0504795"},{"element-6066-11e4-a52e-4f735466cecf":"03aa34fd-2fb0-4a9e-ac61-9ee394b92a2e"},{"element-6066-11e4-a52e-4f735466cecf":"304899cc-d949-4383-9ab7-c660a25d804e"},{"element-6066-11e4-a52e-4f735466cecf":"21430db1-db03-4dfe-86c7-4997a760b2f6"},{"element-6066-11e4-a52e-4f735466cecf":"0f2dd7cf-3c97-4d05-80b2-ebd2141c69ec"},{"element-6066-11e4-a52e-4f735466cecf":"3865d655-f5a8-4d93-a25a-a6469e86a32c"},{"element-6066-11e4-a52e-4f735466cecf":"732e2420-e91d-466c-825f-0cd1bb4ce10e"},{"element-6066-11e4-a52e-4f735466cecf":"9d8f68a4-6222-4c2d-b2b1-c43b2d3ef126"},{"element-6066-11e4-a52e-4f735466cecf":"0e6470d1-c69d-4551-b29f-32f03c787b61"},{"element-6066-11e4-a52e-4f735466cecf":"1f004181-60ab-4f0e-8b95-1ac7c26ba322"},{"element-6066-11e4-a52e-4f735466cecf":"6bc2f865-f661-4c64-a1ba-9cd5df9e5de1"},{"element-6066-11e4-a52e-4f735466cecf":"c7cc8cf5-2aaf-442a-aeff-e7b57c4b6b2b"},{"element-6066-11e4-a52e-4f735466cecf":"ed30d444-7851-44d2-bc8b-6e3dc7ff3c99"},{"element-6066-11e4-a52e-4f735466cecf":"09f7893c-da5e-4f6f-8705-65ba9222ca4c"},{"element-6066-11e4-a52e-4f735466cecf":"03788d27-0e34-498a-a50f-4959b01f4781"},{"element-6066-11e4-a52e-4f735466cecf":"edb996de-1051-4cba-98ac-967b6a05288a"},{"element-6066-11e4-a52e-4f735466cecf":"b3333b81-c71e-4b0b-8461-9ade4960d72f"},{"element-6066-11e4-a52e-4f735466cecf":"762383de-f147-419b-8a7f-0636436b8e1c"},{"element-6066-11e4-a52e-4f735466cecf":"cace2c94-1467-46a0-beb1-df5ab5b92e79"},{"element-6066-11e4-a52e-4f735466cecf":"97d7b526-3045-4efe-8b76-4d1cd97639c9"},{"element-6066-11e4-a52e-4f735466cecf":"515be320-23d5-4665-842b-1ca37fd498ab"},{"element-6066-11e4-a52e-4f735466cecf":"96c4d7ad-d3e1-4fa6-a60c-4ae29ec43edc"},{"element-6066-11e4-a52e-4f735466cecf":"e9efb264-0ad4-4083-952b-e6d3dcb1a75b"},{"element-6066-11e4-a52e-4f735466cecf":"db6d2ece-35f8-4863-ba0a-348aa2adb18b"},{"element-6066-11e4-a52e-4f735466cecf":"a9ec2c89-6b2c-4ee5-be08-45ab5a37aa7a"},{"element-6066-11e4-a52e-4f735466cecf":"e9a894db-5e11-46a2-ad25-634e2e3a8c64"},{"element-6066-11e4-a52e-4f735466cecf":"553e9695-6a29-467a-8a73-01cf1f3fa3f7"},{"element-6066-11e4-a52e-4f735466cecf":"260b5fa1-94ea-4fef-a08c-4aa598576c32"},{"element-6066-11e4-a52e-4f735466cecf":"0de2aa79-84c5-4fd5-a796-0ceb2bce5d3e"},{"element-6066-11e4-a52e-4f735466cecf":"4ddb7bff-2eed-4539-ad49-5d4e0a5d81ce"},{"element-6066-11e4-a52e-4f735466cecf":"04953b65-48e4-4629-9b05-858e0b70ee85"},{"element-6066-11e4-a52e-4f735466cecf":"0a7d7b83-d19b-49d8-9e0a-1c4d94fdc4f3"},{"element-6066-11e4-a52e-4f735466cecf":"b62629ff-6db7-4e16-832d-4767fd266157"},{"element-6066-11e4-a52e-4f735466cecf":"49df43f9-fea7-428e-a7ae-8d12ae94e464"},{"element-6066-11e4-a52e-4f735466cecf":"b13cc5b2-399f-4f7d-9ace-5998af19bab8"},{"element-6066-11e4-a52e-4f735466cecf":"a388ad2b-3a3e-4258-b683-7d5db22cc54f"},{"element-6066-11e4-a52e-4f735466cecf":"572cdf81-ee42-467e-9985-4caa91b4f070"},{"element-6066-11e4-a52e-4f735466cecf":"db7306bd-f3c4-4e97-8999-3ce5aa378e88"},{"element-6066-11e4-a52e-4f735466cecf":"dd8e5fe4-697c-4d43-a327-f4516ac5bcd9"},{"element-6066-11e4-a52e-4f735466cecf":"c36881ba-66ba-4a95-af8c-ebc800de64d0"},{"element-6066-11e4-a52e-4f735466cecf":"024b6d12-f5bf-4913-b38e-e8c5c09dccbd"},{"element-6066-11e4-a52e-4f735466cecf":"9e287503-39b2-4927-a83b-1ae2fa369502"},{"element-6066-11e4-a52e-4f735466cecf":"ff41c7bf-0873-4948-b8ac-91ac7d064181"},{"element-6066-11e4-a52e-4f735466cecf":"da476663-997c-4af8-acdf-6fa89bd3dd4d"},{"element-6066-11e4-a52e-4f735466cecf":"883a788c-d8a9-44fd-9b0a-628a33631bed"},{"element-6066-11e4-a52e-4f735466cecf":"f3d2e6ec-abc7-41f6-8eba-63008acd8006"},{"element-6066-11e4-a52e-4f735466cecf":"abf28ee5-3a0a-4557-a6ae-8f9be984e821"},{"element-6066-11e4-a52e-4f735466cecf":"125d5901-ff83-4514-a384-e6fc58e201eb"},{"element-6066-11e4-a52e-4f735466cecf":"c37e2333-77b7-4952-b8ae-171a13ec977d"},{"element-6066-11e4-a52e-4f735466cecf":"ca8665bb-ecb6-4d31-9e09-f94fcff94f22"},{"element-6066-11e4-a52e-4f735466cecf":"85d79e9c-2681-4666-b8be-cbcf595da8ae"},{"element-6066-11e4-a52e-4f735466cecf":"59a247a9-a259-4396-afea-03aa54873b86"},{"element-6066-11e4-a52e-4f735466cecf":"e5e79158-d234-42a5-96d0-ef9307893abb"},{"element-6066-11e4-a52e-4f735466cecf":"0881125c-ba8c-4cd7-9767-d1bc29ddaef9"},{"element-6066-11e4-a52e-4f735466cecf":"80e8789a-1f31-4106-b499-c05b5a19e47d"},{"element-6066-11e4-a52e-4f735466cecf":"b2dffda9-85f6-4930-ab3c-1582f1215ee3"},{"element-6066-11e4-a52e-4f735466cecf":"1c6267aa-921a-4770-8c98-997ba126d29a"},{"element-6066-11e4-a52e-4f735466cecf":"b5649ade-6e72-4eaa-9c2a-398e1cbd28a0"},{"element-6066-11e4-a52e-4f735466cecf":"682b5ce0-5987-41a4-abb8-347afd0f32c0"},{"element-6066-11e4-a52e-4f735466cecf":"347e8152-a429-4513-b170-879bebb53e50"},{"element-6066-11e4-a52e-4f735466cecf":"80f6c1cc-60be-45ee-a881-37bd9c57f196"},{"element-6066-11e4-a52e-4f735466cecf":"1c6eb6a0-0c8c-42f5-beff-bc866a4337a8"},{"element-6066-11e4-a52e-4f735466cecf":"4403d9b3-6621-4bf3-a026-0174ad63744f"},{"element-6066-11e4-a52e-4f735466cecf":"6f1e38d6-67ed-43fb-b2ea-153cb7a012d9"},{"element-6066-11e4-a52e-4f735466cecf":"e53b9b63-6728-4234-a672-70e02f664e78"},{"element-6066-11e4-a52e-4f735466cecf":"ef7f5dde-441d-4a90-ae7a-24b6a26d1fe3"},{"element-6066-11e4-a52e-4f735466cecf":"49e4f266-7ffc-45cb-825e-5b3344ab02e8"},{"element-6066-11e4-a52e-4f735466cecf":"af3413b8-1dee-417c-be36-c95ac6cc09f1"},{"element-6066-11e4-a52e-4f735466cecf":"c977228e-cb1e-4dd8-a540-913ca7259f31"},{"element-6066-11e4-a52e-4f735466cecf":"db958916-4484-4c06-adbd-840c36d20fb9"},{"element-6066-11e4-a52e-4f735466cecf":"5904e44b-803a-4785-926a-5952561bafcf"},{"element-6066-11e4-a52e-4f735466cecf":"aeeb2ed5-9645-45d2-a7bd-e7a7fb9cc5c8"},{"element-6066-11e4-a52e-4f735466cecf":"66e61043-7f73-43b5-a947-eae3369eb6a2"},{"element-6066-11e4-a52e-4f735466cecf":"8193d40f-054d-4005-adca-3384aa76601a"},{"element-6066-11e4-a52e-4f735466cecf":"6e61a6c9-c96c-4839-a62e-deeac71a6fee"},{"element-6066-11e4-a52e-4f735466cecf":"2b82b83d-0a78-4f35-ae87-db4766a40d30"},{"element-6066-11e4-a52e-4f735466cecf":"96217ddd-5aff-4bd5-a0c8-fa91e0016feb"},{"element-6066-11e4-a52e-4f735466cecf":"9aad262d-bb06-4cf0-a213-7aa0712f4aab"},{"element-6066-11e4-a52e-4f735466cecf":"df008980-fe1e-4690-8498-334ba32cf59f"},{"element-6066-11e4-a52e-4f735466cecf":"c27cac76-05c4-4735-bf12-dbc8679b10e2"},{"element-6066-11e4-a52e-4f735466cecf":"00c5fd3d-1aa6-4819-b977-2b441e875e7f"},{"element-6066-11e4-a52e-4f735466cecf":"e9d6d5c5-ac97-4124-8f3f-cd24cd92f29a"},{"element-6066-11e4-a52e-4f735466cecf":"915856a5-5e01-4a5c-9ba9-ff2c1888075e"},{"element-6066-11e4-a52e-4f735466cecf":"2500e143-f22e-46c1-b269-da605a1db4c3"},{"element-6066-11e4-a52e-4f735466cecf":"271ece58-be4c-4992-b5ff-e1042fa65f04"},{"element-6066-11e4-a52e-4f735466cecf":"e8ab856f-d804-4ddf-8352-ba91df3a20a6"},{"element-6066-11e4-a52e-4f735466cecf":"38591bf7-a910-4d7d-97f2-e5c7abfeca5f"},{"element-6066-11e4-a52e-4f735466cecf":"8a628032-8031-448e-820f-1f69a503f0db"},{"element-6066-11e4-a52e-4f735466cecf":"2ea75204-c86b-49cd-8df3-9a95ce496535"},{"element-6066-11e4-a52e-4f735466cecf":"06826380-072e-41c9-9706-8f46bd0506ad"},{"element-6066-11e4-a52e-4f735466cecf":"e92b3677-ae38-4798-b50c-db61d5dad080"},{"element-6066-11e4-a52e-4f735466cecf":"8ae9b261-3ba8-4736-8964-417804922607"},{"element-6066-11e4-a52e-4f735466cecf":"e0c3f17d-2cf0-45c2-b470-b11432eb7092"},{"element-6066-11e4-a52e-4f735466cecf":"5ebe9d9e-9ca9-4d93-be45-85099b6c0669"},{"element-6066-11e4-a52e-4f735466cecf":"2275d4d7-58de-4ef9-a429-0bf9f402a453"},{"element-6066-11e4-a52e-4f735466cecf":"55605090-84e9-4641-9f54-2e8e73d6915a"},{"element-6066-11e4-a52e-4f735466cecf":"7d9a6383-d771-4340-800e-6372a5f0cc4b"},{"element-6066-11e4-a52e-4f735466cecf":"e1bbd41e-cb84-4948-83be-9328258e0bd6"},{"element-6066-11e4-a52e-4f735466cecf":"e5df70da-05b4-4036-b5fe-166f5936d6a6"},{"element-6066-11e4-a52e-4f735466cecf":"4c5fd25d-994e-4106-9c03-0186e402374c"},{"element-6066-11e4-a52e-4f735466cecf":"76f8fc86-5c9c-4d6f-aaa9-d609a4a3773c"},{"element-6066-11e4-a52e-4f735466cecf":"1b5c8406-39d6-4879-8859-75e51cf94b50"},{"element-6066-11e4-a52e-4f735466cecf":"2d44d89b-3e12-4da1-9cdc-4407b31bd1f6"},{"element-6066-11e4-a52e-4f735466cecf":"2bbeeccd-b14a-43a0-a7d6-16ba2456593b"},{"element-6066-11e4-a52e-4f735466cecf":"e9cd5b9c-6f2e-40f3-8821-3c1c9c3d5725"},{"element-6066-11e4-a52e-4f735466cecf":"ec90d5fa-af6f-43d2-9b74-c9766027aea2"},{"element-6066-11e4-a52e-4f735466cecf":"857b45c8-4faf-4d87-935c-3bdd4225e24e"},{"element-6066-11e4-a52e-4f735466cecf":"953c1ceb-cd4e-4169-8b8e-abf7a16754ee"},{"element-6066-11e4-a52e-4f735466cecf":"c8e7f378-eebd-4f5f-a1c3-58ced04e4b2b"},{"element-6066-11e4-a52e-4f735466cecf":"9969d7be-5273-460e-abae-6884378f5d8c"},{"element-6066-11e4-a52e-4f735466cecf":"b68bffcd-8620-4f44-a649-a297d68a3ae1"},{"element-6066-11e4-a52e-4f735466cecf":"7654ab33-1ce8-41e2-8f31-56720c38fe35"},{"element-6066-11e4-a52e-4f735466cecf":"d289cc72-03ee-4cb1-8552-08456e4bee97"},{"element-6066-11e4-a52e-4f735466cecf":"0ae31b08-db8b-40eb-adc6-620b24651497"},{"element-6066-11e4-a52e-4f735466cecf":"8862aba7-44cc-422c-965b-fcdbab2db012"},{"element-6066-11e4-a52e-4f735466cecf":"3e2d9282-3925-4b5a-a8b7-d72673015912"},{"element-6066-11e4-a52e-4f735466cecf":"2626d243-7ef0-41dd-b4df-b7f9272712de"},{"element-6066-11e4-a52e-4f735466cecf":"63a65aef-8688-4c78-bb05-747ccdb2ba9d"},{"element-6066-11e4-a52e-4f735466cecf":"2c9ade57-0d71-46f9-998b-efecbd568919"},{"element-6066-11e4-a52e-4f735466cecf":"e4760dfa-8bb4-456a-95bb-5825882be992"},{"element-6066-11e4-a52e-4f735466cecf":"79802b1d-07dc-4adf-bc90-6c000f791203"},{"element-6066-11e4-a52e-4f735466cecf":"cb1b7899-89db-445e-a2e6-efc4a25a20f8"},{"element-6066-11e4-a52e-4f735466cecf":"4be46587-5e23-4a1b-98ee-d9d467cfa703"},{"element-6066-11e4-a52e-4f735466cecf":"73d119a3-ef8f-40bf-9a53-b2d2a52a9d43"},{"element-6066-11e4-a52e-4f735466cecf":"fc24d600-b6b9-4413-9083-6747aa8eeac3"},{"element-6066-11e4-a52e-4f735466cecf":"86d0b13d-c9e7-4776-96ce-557deab10fcb"},{"element-6066-11e4-a52e-4f735466cecf":"a1d5a09d-3947-4f8c-aa06-e67f27a5df91"},{"element-6066-11e4-a52e-4f735466cecf":"791ece99-4091-4bf0-8ca4-e1d02cf85c81"},{"element-6066-11e4-a52e-4f735466cecf":"4a94a532-09fb-402f-a17c-410ff0a6960d"},{"element-6066-11e4-a52e-4f735466cecf":"399fcd63-91dd-4244-bf27-3ef568a9ed04"},{"element-6066-11e4-a52e-4f735466cecf":"5dc869ec-f711-4b94-b3d7-f8a27c27721c"},{"element-6066-11e4-a52e-4f735466cecf":"8492a96d-6c83-42e1-ad0b-6b0c744d1708"},{"element-6066-11e4-a52e-4f735466cecf":"0ed1935a-7c6c-4771-b1c4-23aa2a54ccd8"},{"element-6066-11e4-a52e-4f735466cecf":"9e6f3d5d-2c8f-4727-aaa3-596056538ba4"},{"element-6066-11e4-a52e-4f735466cecf":"5b559ba0-f59f-470e-ab70-9b43ccae2135"},{"element-6066-11e4-a52e-4f735466cecf":"04411238-da27-4d74-9d8e-7f347970549c"},{"element-6066-11e4-a52e-4f735466cecf":"ed72cc6c-111e-4402-8c84-4e15cbcad463"},{"element-6066-11e4-a52e-4f735466cecf":"8a3929fe-1417-4069-b137-b0fcd70e1059"},{"element-6066-11e4-a52e-4f735466cecf":"702d6c87-23bb-4439-8f52-94a96152d1cb"},{"element-6066-11e4-a52e-4f735466cecf":"f69546c4-325e-4d27-a785-8877743e627b"},{"element-6066-11e4-a52e-4f735466cecf":"21f78741-5d73-4937-9151-f7d1672702bf"},{"element-6066-11e4-a52e-4f735466cecf":"564f480b-8977-4cdb-9a25-c89311a20cad"},{"element-6066-11e4-a52e-4f735466cecf":"999716bd-3f7e-44cb-a3fd-38d3d013415e"},{"element-6066-11e4-a52e-4f735466cecf":"6cb1647f-42ec-473e-8cb3-9c1133a96008"},{"element-6066-11e4-a52e-4f735466cecf":"68b8cd0d-9c3c-4a65-8587-6119af51fc00"},{"element-6066-11e4-a52e-4f735466cecf":"0388b454-ab1f-4004-9f17-08721b8bb1e4"},{"element-6066-11e4-a52e-4f735466cecf":"9e09beea-d789-4eff-bc3e-844ef5ac7bd3"},{"element-6066-11e4-a52e-4f735466cecf":"1e1632da-fa92-4e86-89f6-7b930691c81e"},{"element-6066-11e4-a52e-4f735466cecf":"4edef89c-8f93-4c76-bc70-f15b8868397c"},{"element-6066-11e4-a52e-4f735466cecf":"f3f0ebe1-bd3a-4a86-aa21-53866489f574"},{"element-6066-11e4-a52e-4f735466cecf":"d79f0a98-840b-409b-9f30-05bacb802ddf"},{"element-6066-11e4-a52e-4f735466cecf":"64fae0b8-90d8-4990-85df-43c1705aa533"},{"element-6066-11e4-a52e-4f735466cecf":"00427b75-4da6-4a04-a921-ee769ce0b28a"},{"element-6066-11e4-a52e-4f735466cecf":"9e302bce-5e89-432d-b7d0-fb72a066466f"},{"element-6066-11e4-a52e-4f735466cecf":"ba780a64-6151-40ec-8a41-28963c478ec6"},{"element-6066-11e4-a52e-4f735466cecf":"237e7f4b-a908-446f-ae9f-da6335d4ad34"},{"element-6066-11e4-a52e-4f735466cecf":"d364e49f-accd-4048-9ab1-641c6d0fcc8f"},{"element-6066-11e4-a52e-4f735466cecf":"7de5723c-c207-4274-8f05-b2db6b21a916"},{"element-6066-11e4-a52e-4f735466cecf":"e92e1bd9-0825-416d-8986-0267d86e8bde"},{"element-6066-11e4-a52e-4f735466cecf":"91e8b22f-99c2-4bba-80c1-067e6c2202a9"},{"element-6066-11e4-a52e-4f735466cecf":"4916af90-115b-42d6-b5df-fb6eab482ca2"},{"element-6066-11e4-a52e-4f735466cecf":"e0b96066-4c2f-430c-9a61-80af47d1e72c"},{"element-6066-11e4-a52e-4f735466cecf":"ace4bbae-a5b7-4ce7-9597-b7cd1d64dc61"},{"element-6066-11e4-a52e-4f735466cecf":"99022efa-4faf-4f67-b12c-7427544d8224"},{"element-6066-11e4-a52e-4f735466cecf":"19d68783-ff47-4941-a412-52247f030c1e"},{"element-6066-11e4-a52e-4f735466cecf":"d29d43c1-db30-462b-8fc7-d2952c208c0e"},{"element-6066-11e4-a52e-4f735466cecf":"88aee3e3-51b5-4fab-b21a-a2e030cbedbd"},{"element-6066-11e4-a52e-4f735466cecf":"c54df726-426a-4edf-a1f6-7e7da009a977"},{"element-6066-11e4-a52e-4f735466cecf":"7f39b4d8-d32c-4476-b74d-23d0abd356c8"},{"element-6066-11e4-a52e-4f735466cecf":"5842e7b4-c0b0-49ca-9576-ef6d914ce89b"},{"element-6066-11e4-a52e-4f735466cecf":"2d03accd-c38e-432c-a872-2be334608f05"},{"element-6066-11e4-a52e-4f735466cecf":"93158da8-7314-446d-ab32-c30348951ddd"},{"element-6066-11e4-a52e-4f735466cecf":"649017a3-8e67-4093-a3e2-0e69a4562be2"},{"element-6066-11e4-a52e-4f735466cecf":"697f5b5e-0da2-416a-be29-a0e311e7b843"},{"element-6066-11e4-a52e-4f735466cecf":"f89a8b9b-7191-482a-a085-dfd1ff6af618"},{"element-6066-11e4-a52e-4f735466cecf":"e6abe76d-aa03-46a2-b83a-21d1201d774f"},{"element-6066-11e4-a52e-4f735466cecf":"2fd3b7b9-1062-48a3-bfa6-e67cc351fe19"},{"element-6066-11e4-a52e-4f735466cecf":"c2200270-8d25-43f9-9a67-165cc2d5e10a"},{"element-6066-11e4-a52e-4f735466cecf":"8bc67586-21ca-4c5c-9b9a-58a65b8227b4"},{"element-6066-11e4-a52e-4f735466cecf":"ca692ea6-07af-44f7-b826-a67ac00a9cb5"},{"element-6066-11e4-a52e-4f735466cecf":"cdb0999d-1c49-4347-bed3-af2bfa5fab63"},{"element-6066-11e4-a52e-4f735466cecf":"f05be077-fc47-4e7c-8ff8-d4ae501c70df"},{"element-6066-11e4-a52e-4f735466cecf":"55c8b8a4-0474-45df-96df-c52e9efaa924"},{"element-6066-11e4-a52e-4f735466cecf":"c7ce9d0c-06af-44e3-9636-fe5faa01f9d2"},{"element-6066-11e4-a52e-4f735466cecf":"e7137447-cd3e-4e58-b2a7-68301c0d57ab"},{"element-6066-11e4-a52e-4f735466cecf":"c7328079-bf1a-4af6-9890-9ba631c5356a"},{"element-6066-11e4-a52e-4f735466cecf":"733967ca-ca0a-4ca2-8d59-2152265efd66"},{"element-6066-11e4-a52e-4f735466cecf":"48b7c1d0-0a43-42fc-ba67-b44c786606b8"},{"element-6066-11e4-a52e-4f735466cecf":"36cd2268-75bb-43ad-a5df-331d5fda6d61"},{"element-6066-11e4-a52e-4f735466cecf":"30a751df-c1d2-4f98-818e-611993af92df"},{"element-6066-11e4-a52e-4f735466cecf":"b9dc0181-f83d-4e04-8409-471ea61cfb1f"},{"element-6066-11e4-a52e-4f735466cecf":"4af83347-d46d-47fd-aea4-ed800dc05e9a"},{"element-6066-11e4-a52e-4f735466cecf":"e1031168-92ec-4edd-8a79-ba3c635ab368"},{"element-6066-11e4-a52e-4f735466cecf":"14e10f46-6f4f-4410-b874-71bb15cd85ca"},{"element-6066-11e4-a52e-4f735466cecf":"f8194a46-b00f-4b0c-8bdc-9858634dd332"},{"element-6066-11e4-a52e-4f735466cecf":"ae43efde-4a9d-48b5-9c66-516c731f165d"},{"element-6066-11e4-a52e-4f735466cecf":"b5b29748-2903-4c58-8754-a58b5813071f"},{"element-6066-11e4-a52e-4f735466cecf":"85114671-866b-48d9-ba3a-468188f81246"},{"element-6066-11e4-a52e-4f735466cecf":"5252c15f-3541-460e-a2f3-a1f2e19b910e"},{"element-6066-11e4-a52e-4f735466cecf":"ecdb9560-fba4-47ea-82b8-281eb81d45ff"},{"element-6066-11e4-a52e-4f735466cecf":"31842863-6be0-4297-a54c-e340cdf7f235"},{"element-6066-11e4-a52e-4f735466cecf":"06c88f11-9dd6-4e28-a18e-7fbbd1f509f7"},{"element-6066-11e4-a52e-4f735466cecf":"50f91a44-0a4a-4dc6-bf66-d57c63117245"},{"element-6066-11e4-a52e-4f735466cecf":"b03e68df-e129-406c-9309-b2f94d3adcd0"},{"element-6066-11e4-a52e-4f735466cecf":"4ff51013-b5b3-4fbd-b7fc-2da7a16c42cc"},{"element-6066-11e4-a52e-4f735466cecf":"447af299-bf51-4038-a88f-eee70abbb178"},{"element-6066-11e4-a52e-4f735466cecf":"ab49d1a7-313d-412f-a312-5b159ee5fbe7"},{"element-6066-11e4-a52e-4f735466cecf":"c4ef1057-bb89-4790-a03e-86dbdc5cf309"},{"element-6066-11e4-a52e-4f735466cecf":"3bec4160-cfb8-4c00-bccd-9f7e5a603241"},{"element-6066-11e4-a52e-4f735466cecf":"ce7d775f-51b6-4159-ae54-1f94cf79c1a5"},{"element-6066-11e4-a52e-4f735466cecf":"ab852def-fe8e-40d6-b860-5ca5f222c119"},{"element-6066-11e4-a52e-4f735466cecf":"deb7e774-d676-430e-90b6-f6d1cff3a249"},{"element-6066-11e4-a52e-4f735466cecf":"36823f10-2048-4004-9340-697900816741"},{"element-6066-11e4-a52e-4f735466cecf":"f60115a8-0b76-4ac8-926c-be534b99a0ec"},{"element-6066-11e4-a52e-4f735466cecf":"f1496be9-f7d9-4edf-b77c-13ef582aaec2"},{"element-6066-11e4-a52e-4f735466cecf":"b7dbc4a7-9e0d-4426-8827-756bb6f64316"},{"element-6066-11e4-a52e-4f735466cecf":"68b81cac-63e8-4bab-bb3c-864090e32f96"},{"element-6066-11e4-a52e-4f735466cecf":"7ed7e835-0cb7-4955-a442-461e7cc5169e"},{"element-6066-11e4-a52e-4f735466cecf":"5bd95f1a-caaf-47d1-8def-f2e3be33df26"},{"element-6066-11e4-a52e-4f735466cecf":"634c31fd-1fd3-44e9-a8da-7a2367b97ad5"},{"element-6066-11e4-a52e-4f735466cecf":"2d7f2dd3-ce65-44b6-9044-c399526e23cc"},{"element-6066-11e4-a52e-4f735466cecf":"9b1037e8-c448-446e-b7ff-770e774813ae"},{"element-6066-11e4-a52e-4f735466cecf":"6d4e9db2-c2c8-4351-8694-0c6180db0e5b"},{"element-6066-11e4-a52e-4f735466cecf":"843bbf4f-3099-4607-929e-02441dac53fa"},{"element-6066-11e4-a52e-4f735466cecf":"bcc4f8f2-1bcf-4645-ad96-e2b1aa3f649c"},{"element-6066-11e4-a52e-4f735466cecf":"fcd0f090-b811-47a6-a458-47368c4d3830"},{"element-6066-11e4-a52e-4f735466cecf":"f2b027bd-3dab-4b28-b7e0-194eec66db5f"},{"element-6066-11e4-a52e-4f735466cecf":"73596e0d-4eca-43d2-ad89-fb29f302ab84"},{"element-6066-11e4-a52e-4f735466cecf":"8c06b0fe-9a27-4289-8c9e-f7adf25943e6"},{"element-6066-11e4-a52e-4f735466cecf":"f7cea214-1985-46e6-9f0b-6e946ca57adf"},{"element-6066-11e4-a52e-4f735466cecf":"25ff958e-5514-4d7a-b392-0ad24dbe6b7d"},{"element-6066-11e4-a52e-4f735466cecf":"32b85387-521d-4999-ba9d-5ab8c3a24ba9"},{"element-6066-11e4-a52e-4f735466cecf":"9de67a8d-4839-4243-bf38-0606f911eb96"},{"element-6066-11e4-a52e-4f735466cecf":"bec2ce24-278f-4b3b-ac6e-d38a9b6beb3d"},{"element-6066-11e4-a52e-4f735466cecf":"ed28d485-6b2d-498b-b199-5ab48a7f116c"},{"element-6066-11e4-a52e-4f735466cecf":"93a59ac0-6b16-493a-a3e3-492516cc5add"},{"element-6066-11e4-a52e-4f735466cecf":"9eea5934-f47b-4cdb-8960-b7ad6b6cd93b"},{"element-6066-11e4-a52e-4f735466cecf":"89bc29e1-c5ee-43bf-a512-11bc06c63726"},{"element-6066-11e4-a52e-4f735466cecf":"5086cdc0-1e0d-4e8f-b357-f417375c561f"},{"element-6066-11e4-a52e-4f735466cecf":"bdb7ffdf-965a-4f8c-9dd7-2644519cb1a7"},{"element-6066-11e4-a52e-4f735466cecf":"3c0e43ac-0d55-4da8-bab9-783faa7b5243"},{"element-6066-11e4-a52e-4f735466cecf":"458c6718-47a9-47a8-b981-e3437062c800"},{"element-6066-11e4-a52e-4f735466cecf":"c4862cd8-bbe0-4165-98a0-904aa25bcf05"},{"element-6066-11e4-a52e-4f735466cecf":"4bdc95d6-1f4e-4ac3-912b-5fa055f630fc"},{"element-6066-11e4-a52e-4f735466cecf":"bca61e04-5d23-4a10-a465-b398e551dedd"},{"element-6066-11e4-a52e-4f735466cecf":"6725f486-20a0-4906-984b-3e9ff94f5fab"},{"element-6066-11e4-a52e-4f735466cecf":"9ad290fd-563b-4826-898e-aa2db245c12a"},{"element-6066-11e4-a52e-4f735466cecf":"8bb04059-c072-4552-bea3-2040b250acae"},{"element-6066-11e4-a52e-4f735466cecf":"53310c9a-2b8e-4bd6-8191-35cb62f6d4db"},{"element-6066-11e4-a52e-4f735466cecf":"9ecd727d-d060-4208-9cd0-72d7d8d599c6"},{"element-6066-11e4-a52e-4f735466cecf":"bffd1f99-35e4-489c-9401-d4808971e948"},{"element-6066-11e4-a52e-4f735466cecf":"4f9c51a3-ea5c-4e43-a431-49ac19f726f5"},{"element-6066-11e4-a52e-4f735466cecf":"67282abe-e9fb-4e63-a16d-4e31340beaf6"},{"element-6066-11e4-a52e-4f735466cecf":"5337f931-ddca-483e-aaee-e1ebd7806301"},{"element-6066-11e4-a52e-4f735466cecf":"3725d614-0576-4f9e-96c3-9e1b22a5c3c8"},{"element-6066-11e4-a52e-4f735466cecf":"4d46bbbc-6194-42ea-bf4a-20b06886ffa0"},{"element-6066-11e4-a52e-4f735466cecf":"3d28b0e0-1aff-4aa7-9115-c913221a2231"},{"element-6066-11e4-a52e-4f735466cecf":"4cdbf811-e7ef-45be-a3bf-aa1f9323b1d8"},{"element-6066-11e4-a52e-4f735466cecf":"d80d8d74-5309-41e9-b662-c7a6f1bc7f1d"},{"element-6066-11e4-a52e-4f735466cecf":"5a387b5c-f844-46b1-af7f-dc5f83a51bc2"},{"element-6066-11e4-a52e-4f735466cecf":"3397c8da-1cac-4709-b263-249113fd7e3a"},{"element-6066-11e4-a52e-4f735466cecf":"d5ad7982-3c2f-44f0-84d4-ba88b37b0912"},{"element-6066-11e4-a52e-4f735466cecf":"8e4a552c-5133-4545-919e-19c6647e24c2"},{"element-6066-11e4-a52e-4f735466cecf":"f456adcb-fd99-4a51-bb1c-83a6b571c851"},{"element-6066-11e4-a52e-4f735466cecf":"dd3b7076-cb74-47c2-a2b9-8a4015c272cb"},{"element-6066-11e4-a52e-4f735466cecf":"b4bf4c9b-0d2c-4d56-9d30-8f45132af70e"},{"element-6066-11e4-a52e-4f735466cecf":"7883aee4-bc2b-4b4b-8c79-53dc4f801e7a"},{"element-6066-11e4-a52e-4f735466cecf":"e21a945e-4213-4d7c-861b-bdb2dd496558"},{"element-6066-11e4-a52e-4f735466cecf":"520ba9b6-7b66-44cf-b514-de2bc8103eeb"},{"element-6066-11e4-a52e-4f735466cecf":"7e0feafa-1c23-4fa4-968a-ffec29d685c0"},{"element-6066-11e4-a52e-4f735466cecf":"84051a08-5798-45b1-a6b0-341cbd09c339"},{"element-6066-11e4-a52e-4f735466cecf":"57432f6d-98b9-414d-80d2-59433ea90d0e"},{"element-6066-11e4-a52e-4f735466cecf":"9faf36b1-2271-4899-8179-f605459b76d8"},{"element-6066-11e4-a52e-4f735466cecf":"7bab7070-a8ea-4e92-839f-5869f0876904"},{"element-6066-11e4-a52e-4f735466cecf":"205b6923-1057-44b8-b440-4a5b778d3c90"},{"element-6066-11e4-a52e-4f735466cecf":"a36cd453-08d6-40f2-8a10-5ce062f87cd9"},{"element-6066-11e4-a52e-4f735466cecf":"e53aaa0e-3bee-461c-aef2-a48f1d2527ed"},{"element-6066-11e4-a52e-4f735466cecf":"52863a9d-9fbf-46c0-a629-43f9f41cb63a"},{"element-6066-11e4-a52e-4f735466cecf":"c2f3e49f-0bec-45a7-925a-3084b5d45e09"},{"element-6066-11e4-a52e-4f735466cecf":"d7552151-9ec3-4e17-83a7-cb4ef371d797"},{"element-6066-11e4-a52e-4f735466cecf":"a2bda10c-2a68-4ece-96d5-ff40951153e4"},{"element-6066-11e4-a52e-4f735466cecf":"d59fee2d-faa3-404e-b4aa-364b69f8228b"},{"element-6066-11e4-a52e-4f735466cecf":"7fa3c3d7-e1ca-40b1-b566-5c8b56b46348"},{"element-6066-11e4-a52e-4f735466cecf":"1c88a970-f42f-4469-a140-5a8021b1625b"},{"element-6066-11e4-a52e-4f735466cecf":"65114ba0-5a0e-4a61-ada3-363a034a3dd0"},{"element-6066-11e4-a52e-4f735466cecf":"efd47b1e-f52a-4aad-a5c4-14c110d4afa0"},{"element-6066-11e4-a52e-4f735466cecf":"0f3b6189-1130-4878-9164-489f62207974"},{"element-6066-11e4-a52e-4f735466cecf":"30911d63-9d1a-4d4f-b4e6-64b407b5d514"},{"element-6066-11e4-a52e-4f735466cecf":"300f6391-2a83-48ec-83de-e7f990a26a84"},{"element-6066-11e4-a52e-4f735466cecf":"4c614834-72dc-4f31-af0b-5419ed993adc"},{"element-6066-11e4-a52e-4f735466cecf":"e3abfdd4-6471-4a88-9729-16d32c14a041"},{"element-6066-11e4-a52e-4f735466cecf":"2938cc9a-bba6-4731-a4e6-89bc2a41c6fc"},{"element-6066-11e4-a52e-4f735466cecf":"c8e75c27-3f1a-4af5-a60a-07b46834f632"},{"element-6066-11e4-a52e-4f735466cecf":"55592c2b-d322-485e-b50c-4f8d3a783d70"},{"element-6066-11e4-a52e-4f735466cecf":"3b929d33-1663-480b-aaed-5b25a79c038c"},{"element-6066-11e4-a52e-4f735466cecf":"211b46d9-d9a4-47fa-b581-2a9a3275d22f"},{"element-6066-11e4-a52e-4f735466cecf":"f9f47d0e-9a60-4799-a1ed-3dfc739e420c"},{"element-6066-11e4-a52e-4f735466cecf":"42680c96-a0f1-4d96-be6b-7a087d5483ac"},{"element-6066-11e4-a52e-4f735466cecf":"8bb49686-7ef6-4731-a895-6b9a8ad974b0"},{"element-6066-11e4-a52e-4f735466cecf":"7685edf6-59ad-439c-a678-0d1ca5943e05"},{"element-6066-11e4-a52e-4f735466cecf":"318abe0a-9dbe-464d-a609-88c7d1d02244"},{"element-6066-11e4-a52e-4f735466cecf":"e99f9ae7-9147-4a1b-a00e-2f620eab7bd5"},{"element-6066-11e4-a52e-4f735466cecf":"0e94cc05-82e7-447a-92a2-850cebfd4335"},{"element-6066-11e4-a52e-4f735466cecf":"eb81c1fe-e96c-47f3-93d2-2ab849a99b77"},{"element-6066-11e4-a52e-4f735466cecf":"a1941a7a-7792-4bf8-a430-a8f74dd0d3f9"},{"element-6066-11e4-a52e-4f735466cecf":"ee9cfa41-73d7-4c4d-8321-fc51075bf64f"},{"element-6066-11e4-a52e-4f735466cecf":"9b7c5acb-f6a9-402a-9f86-78732b51a6d2"},{"element-6066-11e4-a52e-4f735466cecf":"ac5b9653-022c-4080-bfad-5314bce7632f"},{"element-6066-11e4-a52e-4f735466cecf":"b2218dde-5603-482f-b053-751e89ea2654"},{"element-6066-11e4-a52e-4f735466cecf":"e19b6613-e39c-4de7-9034-c6a4229ae859"},{"element-6066-11e4-a52e-4f735466cecf":"cf092b19-e4db-44b6-a066-9ec7ea584b26"},{"element-6066-11e4-a52e-4f735466cecf":"c180ad3a-1ef8-42a6-a7da-b3db1d6f275b"},{"element-6066-11e4-a52e-4f735466cecf":"99d18ef9-ea7e-4239-98be-8a7b4bc4cbe4"},{"element-6066-11e4-a52e-4f735466cecf":"aa7208ac-6f31-4213-82cf-2435091ee642"},{"element-6066-11e4-a52e-4f735466cecf":"66c261a3-4b4b-42ff-846b-c2a7dbf283ed"},{"element-6066-11e4-a52e-4f735466cecf":"aad6a1dd-2883-442a-931d-26f09c9892ba"},{"element-6066-11e4-a52e-4f735466cecf":"da137e11-5c08-4cd7-ba2e-8ec5dbc849b9"},{"element-6066-11e4-a52e-4f735466cecf":"a61eaad6-5e6f-4f9f-aca9-cc0ec30c0f9a"},{"element-6066-11e4-a52e-4f735466cecf":"c3bbccc5-19b8-4350-be01-fdf5b954c66d"},{"element-6066-11e4-a52e-4f735466cecf":"a04fa531-5b6a-4b19-8dfa-be4d7f6fc80c"},{"element-6066-11e4-a52e-4f735466cecf":"82caa64e-4b81-4b5a-88c4-dbc5e5b3da8d"},{"element-6066-11e4-a52e-4f735466cecf":"b4510d4d-4e53-4e04-86e1-e2f07002f221"},{"element-6066-11e4-a52e-4f735466cecf":"5d3b0df6-ae54-4b0f-9c56-0017cd4190d2"},{"element-6066-11e4-a52e-4f735466cecf":"e407fdb0-9c8c-4da9-b4c2-5b2ebfea8c1c"},{"element-6066-11e4-a52e-4f735466cecf":"1fc3023f-19d5-4325-8242-03c1514f40eb"},{"element-6066-11e4-a52e-4f735466cecf":"61d38ee1-8fd6-4ad7-bda5-f1356d73a5f2"},{"element-6066-11e4-a52e-4f735466cecf":"46ef5856-0921-4276-a54e-2f90500c75c2"},{"element-6066-11e4-a52e-4f735466cecf":"5b58805f-9391-4d80-b6cf-5688690c54d9"},{"element-6066-11e4-a52e-4f735466cecf":"55bd3028-0a1b-4e04-b640-0c5c5d23f06f"},{"element-6066-11e4-a52e-4f735466cecf":"8afd85f8-01e0-4720-8ad8-58c8c5d58528"},{"element-6066-11e4-a52e-4f735466cecf":"70d67fc4-c63f-4381-821a-24bc8e9755cb"},{"element-6066-11e4-a52e-4f735466cecf":"558c195a-4720-43e4-9d49-0cd584d46f08"},{"element-6066-11e4-a52e-4f735466cecf":"79dbe29f-6ac5-4220-9351-369a1595d962"},{"element-6066-11e4-a52e-4f735466cecf":"cd27914f-ac81-4b93-8177-493c3278cf21"},{"element-6066-11e4-a52e-4f735466cecf":"921d4d18-5788-4c01-8db3-f9e43c12cbd6"},{"element-6066-11e4-a52e-4f735466cecf":"ba6a1b02-3f08-4940-a812-e7596a073f15"},{"element-6066-11e4-a52e-4f735466cecf":"a3ea62df-e3dc-43d2-9b4b-f07043612cc7"},{"element-6066-11e4-a52e-4f735466cecf":"992f9b44-fb3c-4e21-9c43-f74c3dee0709"},{"element-6066-11e4-a52e-4f735466cecf":"ca732d3a-5961-458c-a5e9-59281abe76fe"},{"element-6066-11e4-a52e-4f735466cecf":"dd4139d4-42e5-4dee-865b-59fecf4a42ee"},{"element-6066-11e4-a52e-4f735466cecf":"579ab187-c18e-4ff8-ac32-bba6ce6f2dcb"},{"element-6066-11e4-a52e-4f735466cecf":"653afead-f282-4289-8b44-aeaa8caf7120"},{"element-6066-11e4-a52e-4f735466cecf":"387efec3-ecf9-4173-ba84-d34c4e54d376"},{"element-6066-11e4-a52e-4f735466cecf":"49453375-e0d1-45f6-9daf-72f54d6cf4a5"},{"element-6066-11e4-a52e-4f735466cecf":"d71036d4-4165-4491-9fdc-86c8fa261d74"},{"element-6066-11e4-a52e-4f735466cecf":"be753b05-0a55-48d5-93b7-7d81f4fb402b"},{"element-6066-11e4-a52e-4f735466cecf":"13d38f57-6d4c-4db8-b6a2-6ac5bf5c5122"},{"element-6066-11e4-a52e-4f735466cecf":"8860076b-3069-4c26-a606-03696b299852"},{"element-6066-11e4-a52e-4f735466cecf":"af6a1e1e-976a-4854-8180-a6be3ef320ed"},{"element-6066-11e4-a52e-4f735466cecf":"a4308c39-4b6c-4508-8740-786ce7d0182f"},{"element-6066-11e4-a52e-4f735466cecf":"587e99ce-733f-4b23-8ef0-b4d7ec73a7f1"},{"element-6066-11e4-a52e-4f735466cecf":"2bc864fa-ab84-416c-962a-835b6912cf3d"},{"element-6066-11e4-a52e-4f735466cecf":"d6035e5b-a9ea-4fed-9a0c-7128f89bf004"},{"element-6066-11e4-a52e-4f735466cecf":"bd6db394-da29-4429-a502-a5beb6e7023c"},{"element-6066-11e4-a52e-4f735466cecf":"af6c1139-58e6-49f1-a5f0-6228d756e7bf"},{"element-6066-11e4-a52e-4f735466cecf":"58531cab-69f3-4e7b-8d33-b54f217d002f"},{"element-6066-11e4-a52e-4f735466cecf":"027de536-3326-4de1-8191-46f103419985"},{"element-6066-11e4-a52e-4f735466cecf":"c45a015f-a9d3-473f-9156-69bdf989e43e"},{"element-6066-11e4-a52e-4f735466cecf":"4f757957-bc3d-4d37-8dca-9a36397d49b7"},{"element-6066-11e4-a52e-4f735466cecf":"8bae3d78-a184-40a3-8d34-8be68f88cbc6"},{"element-6066-11e4-a52e-4f735466cecf":"1d77dc2d-fe1b-4e36-9bbd-4a00666c41c2"},{"element-6066-11e4-a52e-4f735466cecf":"61dca6b1-be72-4a51-8560-59f01d4adb16"},{"element-6066-11e4-a52e-4f735466cecf":"ba282a11-9aef-467b-870c-c9f6ef36a59f"},{"element-6066-11e4-a52e-4f735466cecf":"603a7c25-0086-4cb6-96aa-f9105017b84e"},{"element-6066-11e4-a52e-4f735466cecf":"f5690a2d-3788-44bc-8446-387db22d46fa"},{"element-6066-11e4-a52e-4f735466cecf":"4ca602f9-c3b3-46c7-a527-1ad39b80d63a"},{"element-6066-11e4-a52e-4f735466cecf":"e76d543f-a938-49d5-9ed0-be2aebfb549b"},{"element-6066-11e4-a52e-4f735466cecf":"6f305eff-c426-4b46-bf6f-08d3b5da9070"},{"element-6066-11e4-a52e-4f735466cecf":"04303df0-786d-40a6-92cf-3b09f783fc28"},{"element-6066-11e4-a52e-4f735466cecf":"c6df4f3a-5097-4b17-b23d-ec5b121fc95d"},{"element-6066-11e4-a52e-4f735466cecf":"e210604e-4fe7-4210-ba0f-594cf0db7fa5"},{"element-6066-11e4-a52e-4f735466cecf":"e5f855cd-66c0-4b29-9c2b-7a539990ceb4"},{"element-6066-11e4-a52e-4f735466cecf":"87e14b1d-2ed5-4d38-8bd5-b2f6b81d39a5"},{"element-6066-11e4-a52e-4f735466cecf":"a7e53f6d-1803-4b82-95e0-9bc219cc021d"},{"element-6066-11e4-a52e-4f735466cecf":"896c9ed9-e0da-4cb7-812d-0f095ca34c28"},{"element-6066-11e4-a52e-4f735466cecf":"b951adab-0d1b-4e84-b193-c57031c196ee"},{"element-6066-11e4-a52e-4f735466cecf":"69cd839e-f54b-436f-8750-9c42a836ba60"},{"element-6066-11e4-a52e-4f735466cecf":"32c539c7-69b4-4c28-a4f3-1f8ab506942f"},{"element-6066-11e4-a52e-4f735466cecf":"5dad70b2-3a51-4e5a-a300-70360acfc7a6"},{"element-6066-11e4-a52e-4f735466cecf":"a7319d74-ce02-44a4-890d-b2ec1ca23f03"},{"element-6066-11e4-a52e-4f735466cecf":"539fd134-4aea-41a7-aab1-d7803ca23b5c"},{"element-6066-11e4-a52e-4f735466cecf":"d815661f-e104-4220-99b8-af079f873e30"},{"element-6066-11e4-a52e-4f735466cecf":"c819bab7-a01b-4065-944d-3fd42274fc61"},{"element-6066-11e4-a52e-4f735466cecf":"235a9ed6-76f3-430a-ab77-d8f125903e22"},{"element-6066-11e4-a52e-4f735466cecf":"67c6b8c1-c8f3-4e36-9c40-cbc572bd3e1f"},{"element-6066-11e4-a52e-4f735466cecf":"0545d358-60c0-428b-a443-7cfce8027976"},{"element-6066-11e4-a52e-4f735466cecf":"d03a8fcd-08ba-4937-80b6-f2499bf6743b"},{"element-6066-11e4-a52e-4f735466cecf":"782835b3-bd30-4a77-8708-1a6e65f95f18"},{"element-6066-11e4-a52e-4f735466cecf":"2f9bef9b-8469-4008-82eb-982a360d684b"},{"element-6066-11e4-a52e-4f735466cecf":"274ad75b-1c0e-4524-86c9-a39dc225a1b2"},{"element-6066-11e4-a52e-4f735466cecf":"495a9382-9926-45dc-adb5-f1393c76c4e1"},{"element-6066-11e4-a52e-4f735466cecf":"1c5a4c22-0c15-4901-a517-3cb33050612e"},{"element-6066-11e4-a52e-4f735466cecf":"9fba0105-947d-4f95-b685-19e49b3f3305"},{"element-6066-11e4-a52e-4f735466cecf":"192bf2c3-3669-4edf-958f-6ff01dd28fee"},{"element-6066-11e4-a52e-4f735466cecf":"0d783bbb-cc12-4d1b-bd36-3731805641f0"},{"element-6066-11e4-a52e-4f735466cecf":"c3bcc182-1fb2-49f9-9187-8ba7d4a94659"},{"element-6066-11e4-a52e-4f735466cecf":"d2289d38-1e87-47ba-a146-e413f5b634ce"},{"element-6066-11e4-a52e-4f735466cecf":"c09f59b5-6136-45ff-96ac-e59d82115372"},{"element-6066-11e4-a52e-4f735466cecf":"b5ab6dbf-0e7d-46da-b031-f78b9bda0c45"},{"element-6066-11e4-a52e-4f735466cecf":"f46cfca2-1d65-4536-8b91-c96b8961bd15"},{"element-6066-11e4-a52e-4f735466cecf":"768e41ca-9b8f-4184-9a17-671d9413724a"},{"element-6066-11e4-a52e-4f735466cecf":"8d9e06f2-371b-4074-85b6-8177f7c15794"},{"element-6066-11e4-a52e-4f735466cecf":"6439f16d-1588-41ed-8062-3d93f39417f2"},{"element-6066-11e4-a52e-4f735466cecf":"cb12919e-de34-4bed-9887-3d64805b8956"},{"element-6066-11e4-a52e-4f735466cecf":"bae03fa9-70cd-425d-b770-85e9fa5a2efa"},{"element-6066-11e4-a52e-4f735466cecf":"1560e62d-f7b4-4bff-9956-d7ee30563736"},{"element-6066-11e4-a52e-4f735466cecf":"031f3407-fc52-4565-85d1-bfbcdc306626"},{"element-6066-11e4-a52e-4f735466cecf":"81891773-0e8c-460a-a461-29ae2557b3a3"},{"element-6066-11e4-a52e-4f735466cecf":"247685b7-d420-4f5c-8f0e-394902b74c31"},{"element-6066-11e4-a52e-4f735466cecf":"b6cdf4da-f009-4a8d-af73-4c73d150b1cc"},{"element-6066-11e4-a52e-4f735466cecf":"9dc68a70-42bb-4387-ac12-c11fe36f854f"},{"element-6066-11e4-a52e-4f735466cecf":"1997a98f-849d-4086-a8af-a19b91e0a506"},{"element-6066-11e4-a52e-4f735466cecf":"c757d5c2-2ded-4d2b-9ee4-3875fcdfc422"},{"element-6066-11e4-a52e-4f735466cecf":"de3eee04-f55d-4c08-a5e2-aae62c5c8e0f"},{"element-6066-11e4-a52e-4f735466cecf":"9fbbe4d1-0ea6-4d9b-a520-c5384970205e"},{"element-6066-11e4-a52e-4f735466cecf":"b23a6e4f-3f3e-4f0c-a3e0-86062b6c67da"},{"element-6066-11e4-a52e-4f735466cecf":"de288814-76ea-4a91-8db9-7e0f14442764"},{"element-6066-11e4-a52e-4f735466cecf":"01fcdbc1-f419-4e9d-af9b-1031b0bf0335"},{"element-6066-11e4-a52e-4f735466cecf":"f392034a-0c89-4459-ad2c-930a403bc1fe"},{"element-6066-11e4-a52e-4f735466cecf":"6ffa5b30-617a-4c30-9de0-a5323c3de9be"},{"element-6066-11e4-a52e-4f735466cecf":"87f03500-059d-4233-8621-06c5d05a7ef6"},{"element-6066-11e4-a52e-4f735466cecf":"b0b81ccc-be1b-41da-9ecd-4a98385b88a2"},{"element-6066-11e4-a52e-4f735466cecf":"aec18e5b-10a0-458f-8286-d486afcf112b"},{"element-6066-11e4-a52e-4f735466cecf":"5de2f9cf-d8e5-4c77-a30a-edd7c8716b75"},{"element-6066-11e4-a52e-4f735466cecf":"cffdf23a-da50-4d78-81c1-d5594d6870c0"},{"element-6066-11e4-a52e-4f735466cecf":"0854d45e-e50a-4639-973f-d9ec96b86541"},{"element-6066-11e4-a52e-4f735466cecf":"264a4210-88ed-4a3b-95be-31ee7b37b3e9"},{"element-6066-11e4-a52e-4f735466cecf":"47390daf-778b-42b8-9a48-5f47b6c8c088"},{"element-6066-11e4-a52e-4f735466cecf":"699512cc-17bd-410b-9715-bbe49ef91e7a"},{"element-6066-11e4-a52e-4f735466cecf":"2962a5f5-3300-4372-bc36-7f23d0e94703"},{"element-6066-11e4-a52e-4f735466cecf":"9d11ed16-aaf7-4ae5-9ee1-1cb7deaad909"},{"element-6066-11e4-a52e-4f735466cecf":"4e0f2652-929e-43a9-a99f-3c7177a727ef"},{"element-6066-11e4-a52e-4f735466cecf":"d0730826-7728-425c-94ed-5418b5470fd9"},{"element-6066-11e4-a52e-4f735466cecf":"bbe3c437-69e5-4441-be3c-fb0cfd066561"},{"element-6066-11e4-a52e-4f735466cecf":"8e74423a-c149-4e47-9d98-5bf486fab071"},{"element-6066-11e4-a52e-4f735466cecf":"83c540fc-3c4c-4919-b30e-2f34d3ba341f"},{"element-6066-11e4-a52e-4f735466cecf":"e796a19b-79be-4a3c-90eb-acdff5e793ab"},{"element-6066-11e4-a52e-4f735466cecf":"88bc9d44-a4bb-4df1-af7d-dadaa757acca"},{"element-6066-11e4-a52e-4f735466cecf":"3dc4a931-623b-455a-a801-8a3ba5116b24"},{"element-6066-11e4-a52e-4f735466cecf":"850117f9-a8ed-4540-9d1f-238bcc685010"},{"element-6066-11e4-a52e-4f735466cecf":"8a9b7315-5a17-4ac9-a5f0-4b7d108c8e12"},{"element-6066-11e4-a52e-4f735466cecf":"74ada972-230f-4c88-b048-e4f6d2a787a6"},{"element-6066-11e4-a52e-4f735466cecf":"6864153c-1933-4bb8-9c33-d4fe6921e035"},{"element-6066-11e4-a52e-4f735466cecf":"fec95b8c-5f2d-475e-be6c-698d2c31c97f"},{"element-6066-11e4-a52e-4f735466cecf":"8dd07ada-a58f-4c65-94df-3398278c5731"},{"element-6066-11e4-a52e-4f735466cecf":"33e24c69-83b8-4f81-bdc7-df3419969771"},{"element-6066-11e4-a52e-4f735466cecf":"07625c96-1124-403b-8127-1c452bb229b8"},{"element-6066-11e4-a52e-4f735466cecf":"f45e449f-f0eb-4dc8-b438-f8d27da2c8d0"},{"element-6066-11e4-a52e-4f735466cecf":"bcc4a599-6991-4b25-9592-eb024c54ec00"},{"element-6066-11e4-a52e-4f735466cecf":"373a0319-99a3-4041-8d95-919f4da329a8"},{"element-6066-11e4-a52e-4f735466cecf":"26934afd-7db5-46b4-b9cc-6603e8480d39"},{"element-6066-11e4-a52e-4f735466cecf":"40476975-51a1-4831-91f7-5369ab6a150e"},{"element-6066-11e4-a52e-4f735466cecf":"f855620e-5ac1-4b29-a7cd-9b574f2e4b09"},{"element-6066-11e4-a52e-4f735466cecf":"faaf15ae-54e6-4bd1-abde-0d4a5b644884"},{"element-6066-11e4-a52e-4f735466cecf":"5eb3e7cb-2839-466d-8406-3c765344ff0a"},{"element-6066-11e4-a52e-4f735466cecf":"30bff194-1454-4a20-b2b1-71dd2db9cf90"},{"element-6066-11e4-a52e-4f735466cecf":"dcec9718-c914-4e6a-8965-bc94363d3d14"},{"element-6066-11e4-a52e-4f735466cecf":"bf0b98f7-de2c-4788-8347-7db385ec37c9"},{"element-6066-11e4-a52e-4f735466cecf":"2004713b-ba7b-454d-abe5-05bb99a5cce1"},{"element-6066-11e4-a52e-4f735466cecf":"1a12dbb2-011e-433e-a37b-577f22642bfd"},{"element-6066-11e4-a52e-4f735466cecf":"a68a3572-b27a-4206-8ece-4085bb40e4e8"},{"element-6066-11e4-a52e-4f735466cecf":"3c6450fe-429f-4d4d-8f8e-8679c0c2bf52"},{"element-6066-11e4-a52e-4f735466cecf":"080aba30-e9e3-4986-b9fa-0ed3ef2104da"},{"element-6066-11e4-a52e-4f735466cecf":"0e954a2c-7d3d-4f8c-962f-6af315e9cc16"},{"element-6066-11e4-a52e-4f735466cecf":"d6062b30-ca97-4273-9b35-45adceca78d7"},{"element-6066-11e4-a52e-4f735466cecf":"ad00405b-f6fb-44b6-b55e-8d7d5a878101"},{"element-6066-11e4-a52e-4f735466cecf":"070d3fe4-674d-4703-8cc0-a984ed59e994"},{"element-6066-11e4-a52e-4f735466cecf":"7e59ff04-0d3d-4412-bc2f-20c7ba836f03"},{"element-6066-11e4-a52e-4f735466cecf":"6c66b5dd-00f5-4dde-9aa5-1dffeca2d388"},{"element-6066-11e4-a52e-4f735466cecf":"1b374cf7-aa95-4326-9dc2-f5dbbc66286e"},{"element-6066-11e4-a52e-4f735466cecf":"45ab0bbd-bce3-4b67-8517-4a7567d148b5"},{"element-6066-11e4-a52e-4f735466cecf":"96157bbe-c3af-493b-9655-cdac6582680a"},{"element-6066-11e4-a52e-4f735466cecf":"cddac4dc-d9e1-4b5c-95dc-dd69d9b683fa"},{"element-6066-11e4-a52e-4f735466cecf":"dc1d3929-efb3-4519-8245-dd37f3fd17a7"},{"element-6066-11e4-a52e-4f735466cecf":"f4c73f07-67e9-4a7f-acb5-ec45e6c40f0b"},{"element-6066-11e4-a52e-4f735466cecf":"885c1e18-2695-44d7-8da7-6bc02b3d6ff3"},{"element-6066-11e4-a52e-4f735466cecf":"c6ed8254-7d8e-4ad2-8d01-e40f117b7a12"},{"element-6066-11e4-a52e-4f735466cecf":"a5b62919-af32-4395-adeb-c66287a04b18"},{"element-6066-11e4-a52e-4f735466cecf":"a232ccc1-af51-4823-b593-751fba4a6193"},{"element-6066-11e4-a52e-4f735466cecf":"0bf9f1de-5943-4c0c-9bdd-29d4c4a1df7b"},{"element-6066-11e4-a52e-4f735466cecf":"05d37ee0-cb21-478b-8ad1-3bb08d06c8dc"},{"element-6066-11e4-a52e-4f735466cecf":"2456e516-abd2-411a-93e2-8ab4003badec"},{"element-6066-11e4-a52e-4f735466cecf":"d4378ec8-969c-4f5d-9c42-49dfd96fb723"},{"element-6066-11e4-a52e-4f735466cecf":"cd1ea821-1c01-4d87-a3e0-fe8bed5f4445"},{"element-6066-11e4-a52e-4f735466cecf":"26aa5d24-c7c5-4530-87ad-e5dc4397de88"},{"element-6066-11e4-a52e-4f735466cecf":"e9541f39-ca7c-4230-952b-3e9cd85bea40"},{"element-6066-11e4-a52e-4f735466cecf":"e6a8c1c1-8b8a-4f6d-b636-6fb8a3c932b1"},{"element-6066-11e4-a52e-4f735466cecf":"9f1ecf7b-6e22-464c-959c-915a48098a44"},{"element-6066-11e4-a52e-4f735466cecf":"68a1501c-8305-46c6-97b5-3137fdbf2493"},{"element-6066-11e4-a52e-4f735466cecf":"7bb5b6fd-bc2a-48f9-8624-9c27e5e82590"},{"element-6066-11e4-a52e-4f735466cecf":"08ca494c-ca9a-4461-be70-790966c41603"},{"element-6066-11e4-a52e-4f735466cecf":"5296e6c5-7638-4957-975b-ae500c2e6ac1"},{"element-6066-11e4-a52e-4f735466cecf":"186e6b5a-e110-42df-932c-5008db789b7d"},{"element-6066-11e4-a52e-4f735466cecf":"ba8e01ac-33c4-4bc5-8bc5-a41b4fb6a62b"},{"element-6066-11e4-a52e-4f735466cecf":"1cf932b9-c071-486a-8f15-b85bc908d99d"},{"element-6066-11e4-a52e-4f735466cecf":"e0a12032-1a6e-455d-b0d3-02c5173a1f63"},{"element-6066-11e4-a52e-4f735466cecf":"6302ae73-b1ec-4cc1-9789-3d9162a29057"},{"element-6066-11e4-a52e-4f735466cecf":"5df3b763-a30f-4760-a00f-8553bca57164"},{"element-6066-11e4-a52e-4f735466cecf":"fb3f9786-aee7-42e1-a8ef-490e6cc5c549"},{"element-6066-11e4-a52e-4f735466cecf":"43bd5288-f420-4da6-a0e8-b4872092ebe9"},{"element-6066-11e4-a52e-4f735466cecf":"93820eef-39f4-4045-89f3-b3b11a7d325e"},{"element-6066-11e4-a52e-4f735466cecf":"4c68d41b-2eae-4f50-ae10-de6b908d9b1f"},{"element-6066-11e4-a52e-4f735466cecf":"40a5f861-0cdb-4825-9551-d2d5f5dc5f04"},{"element-6066-11e4-a52e-4f735466cecf":"22163779-26aa-48cd-a50f-9926f0c117dc"},{"element-6066-11e4-a52e-4f735466cecf":"d6fad3a9-185f-4377-af4a-431572b994d0"},{"element-6066-11e4-a52e-4f735466cecf":"f6c7112d-f71f-4fd2-8de8-d536bd219461"},{"element-6066-11e4-a52e-4f735466cecf":"2657c7ab-567c-40b9-8fdd-75176c86275d"},{"element-6066-11e4-a52e-4f735466cecf":"dc35d7fd-3db0-46b1-bd10-2b673042f79b"},{"element-6066-11e4-a52e-4f735466cecf":"270e6e16-428e-443c-8da0-0b911b456649"},{"element-6066-11e4-a52e-4f735466cecf":"68ae51eb-73bd-483f-b718-439245baa8df"},{"element-6066-11e4-a52e-4f735466cecf":"e585ea15-484e-40d3-bc48-b67111b88094"},{"element-6066-11e4-a52e-4f735466cecf":"97e90733-7bee-4665-93fa-6db905a081bd"},{"element-6066-11e4-a52e-4f735466cecf":"1cf722ae-2cd6-4e65-be3b-4bb13766ed63"},{"element-6066-11e4-a52e-4f735466cecf":"a1e8d2d2-1fda-48e6-a1de-a104bad10ead"},{"element-6066-11e4-a52e-4f735466cecf":"35f5c11c-ba96-45a7-a34a-9c1dd0ee8fff"},{"element-6066-11e4-a52e-4f735466cecf":"974ae9e4-a3ca-4e60-984e-b0610a156ebe"},{"element-6066-11e4-a52e-4f735466cecf":"5c535590-9336-42f7-9b95-7f7f9435fe17"},{"element-6066-11e4-a52e-4f735466cecf":"ad0f02d7-25ec-492f-87ef-0133121cce2f"},{"element-6066-11e4-a52e-4f735466cecf":"ffcbf954-4d40-4653-b006-c4d628107a17"},{"element-6066-11e4-a52e-4f735466cecf":"94f32271-1b9a-4b42-af0c-a74ee092dff0"},{"element-6066-11e4-a52e-4f735466cecf":"f9ce7155-1c8f-484d-a5fd-86cbbc5c2dce"},{"element-6066-11e4-a52e-4f735466cecf":"31e6c7a7-fb09-4f52-91c2-bd2fcb79c42a"},{"element-6066-11e4-a52e-4f735466cecf":"48736d70-4acc-4e6c-b67e-751a8118c79b"},{"element-6066-11e4-a52e-4f735466cecf":"80479911-0f1d-4e3d-a3d0-c3627be5ee13"},{"element-6066-11e4-a52e-4f735466cecf":"9087a954-500c-489e-87e9-90675b1d0a4a"},{"element-6066-11e4-a52e-4f735466cecf":"f570f167-f390-4de8-9710-0c0c68c25773"},{"element-6066-11e4-a52e-4f735466cecf":"8cb37f77-868e-476a-bcaf-8baaa734a3ae"},{"element-6066-11e4-a52e-4f735466cecf":"1def5ea9-83ba-4eeb-bdeb-d06bade4e9b7"},{"element-6066-11e4-a52e-4f735466cecf":"8254acb3-f9fc-4d49-8759-bb1d45ad547c"},{"element-6066-11e4-a52e-4f735466cecf":"1393ea83-f340-4136-8a4c-d469703137f5"},{"element-6066-11e4-a52e-4f735466cecf":"98194d31-8c05-4c35-8ced-c95da1de732f"},{"element-6066-11e4-a52e-4f735466cecf":"e30daf5c-d815-4c5b-ad06-3e480e771a35"},{"element-6066-11e4-a52e-4f735466cecf":"e96caf26-f88a-48f7-bdf2-0d358ca472b1"},{"element-6066-11e4-a52e-4f735466cecf":"af817b48-7b64-4278-851a-610099bf34d3"},{"element-6066-11e4-a52e-4f735466cecf":"2bad7f24-9a2f-47e4-8a9b-0a51f96f6827"},{"element-6066-11e4-a52e-4f735466cecf":"659b7bc1-e5f0-45f4-9846-86d5c96d185e"},{"element-6066-11e4-a52e-4f735466cecf":"6e37e34c-651c-4782-8fc1-13be62c1639e"},{"element-6066-11e4-a52e-4f735466cecf":"c2f2cfa9-7ed0-4a1f-b9ac-89e79edb362c"},{"element-6066-11e4-a52e-4f735466cecf":"b1adcc64-3f06-4fcb-8888-b10f00ba22fa"},{"element-6066-11e4-a52e-4f735466cecf":"0f55912b-a032-4d5c-892f-ff36f257e952"},{"element-6066-11e4-a52e-4f735466cecf":"b678844b-b753-456c-8a8c-e3e06996ff45"},{"element-6066-11e4-a52e-4f735466cecf":"cd1c8fc7-99fb-45c2-9f79-623c2c654e1b"},{"element-6066-11e4-a52e-4f735466cecf":"d105143b-676e-4ddc-a13b-cc4b937ac823"},{"element-6066-11e4-a52e-4f735466cecf":"2e13efc0-cd8b-4f97-b4f8-a148a2ee6d4d"},{"element-6066-11e4-a52e-4f735466cecf":"c62fc507-09a1-450f-94f8-8f42f803f13e"},{"element-6066-11e4-a52e-4f735466cecf":"2ebbfca8-c0df-45e7-a47a-517b1b1b6b8d"},{"element-6066-11e4-a52e-4f735466cecf":"0053f33b-116a-40c4-969a-f8cedacf7392"},{"element-6066-11e4-a52e-4f735466cecf":"541c8f11-c6d7-4b68-8e21-c3dcd904c9b6"},{"element-6066-11e4-a52e-4f735466cecf":"6dac78f4-721b-4c5b-80e7-af3db619c975"},{"element-6066-11e4-a52e-4f735466cecf":"e1cb1304-3b14-4398-bc3e-bd702a2194ac"},{"element-6066-11e4-a52e-4f735466cecf":"860b9329-a011-4cb3-9ff9-8fd7a13cae36"},{"element-6066-11e4-a52e-4f735466cecf":"dbcb3539-5d31-4d4b-bcda-d213f68dc9de"},{"element-6066-11e4-a52e-4f735466cecf":"85958a08-a846-426b-8410-212cf51a5c10"},{"element-6066-11e4-a52e-4f735466cecf":"803f5401-31c9-41a9-bbfe-d5f605bcbabf"},{"element-6066-11e4-a52e-4f735466cecf":"7a0b298c-382f-4ae6-b431-233b37cf26e3"},{"element-6066-11e4-a52e-4f735466cecf":"9fbb35e5-a373-474c-96a9-295d76ff701e"},{"element-6066-11e4-a52e-4f735466cecf":"e5bd7897-af78-478f-82eb-6011adca5a83"},{"element-6066-11e4-a52e-4f735466cecf":"7686191e-57de-4b0e-844e-c6accc08668c"},{"element-6066-11e4-a52e-4f735466cecf":"90fb32d5-d8bb-4602-a53b-b09f0274b17e"},{"element-6066-11e4-a52e-4f735466cecf":"f42b2e21-aa83-44cc-8a33-310a343da0cb"},{"element-6066-11e4-a52e-4f735466cecf":"d05d89b1-0213-4dbb-ae59-1869e9a10fea"},{"element-6066-11e4-a52e-4f735466cecf":"ec1355c5-1ed9-4430-851f-6edbd50124a8"},{"element-6066-11e4-a52e-4f735466cecf":"520a3852-b912-4e5c-9780-eda0fc048670"},{"element-6066-11e4-a52e-4f735466cecf":"24bc0e8b-0b89-4f87-a35f-c3f0888c34f1"},{"element-6066-11e4-a52e-4f735466cecf":"a1a5037f-304a-4658-89f8-cb0063aba12a"},{"element-6066-11e4-a52e-4f735466cecf":"3eaf9f06-1d3c-4bf2-9785-ede8d3182992"},{"element-6066-11e4-a52e-4f735466cecf":"2fa1f343-28c7-4a57-a5c2-5eefa4e3d40d"},{"element-6066-11e4-a52e-4f735466cecf":"a3e93011-c595-4929-97a8-806e4e4677b8"},{"element-6066-11e4-a52e-4f735466cecf":"bc7d1104-e7d2-4341-aac4-7213f483cdad"},{"element-6066-11e4-a52e-4f735466cecf":"aacb9e30-7386-49fa-a549-2eeda36ece38"},{"element-6066-11e4-a52e-4f735466cecf":"395c7795-28c2-46b3-8c52-999b1fb78097"},{"element-6066-11e4-a52e-4f735466cecf":"b3a70673-330d-4bf4-a1e4-716b2eef9a30"},{"element-6066-11e4-a52e-4f735466cecf":"8b3cce24-a0b1-4201-bc02-a46ec1fcd4c3"},{"element-6066-11e4-a52e-4f735466cecf":"8a491b99-c9f4-4094-9bfb-c8befe0c3f95"},{"element-6066-11e4-a52e-4f735466cecf":"9de07f33-f49a-43af-b37c-839cfeea98e4"},{"element-6066-11e4-a52e-4f735466cecf":"414f665e-74c3-4c60-bc6b-6e912aeba6c9"},{"element-6066-11e4-a52e-4f735466cecf":"e4cfe134-9b44-405b-afb4-385a1689d07a"},{"element-6066-11e4-a52e-4f735466cecf":"2bd918f7-182f-4a95-a6f2-2dbf442c1564"},{"element-6066-11e4-a52e-4f735466cecf":"6bd1468d-d4f1-422b-ab59-517b3dd8b751"},{"element-6066-11e4-a52e-4f735466cecf":"44c3d290-d5fe-4a90-9229-908469f7711d"},{"element-6066-11e4-a52e-4f735466cecf":"91aea741-143e-44ad-85f1-a4d0183aebf7"},{"element-6066-11e4-a52e-4f735466cecf":"1e6f22ec-ee00-476c-be6a-cbac660be114"},{"element-6066-11e4-a52e-4f735466cecf":"d4208a39-2620-4728-bce0-cb18154de5ca"},{"element-6066-11e4-a52e-4f735466cecf":"a084eed0-c544-4e1c-bd55-4e934f4e7060"},{"element-6066-11e4-a52e-4f735466cecf":"a3f1760c-fc7d-413b-9088-eadf4dcfa6e5"},{"element-6066-11e4-a52e-4f735466cecf":"7abbcc73-f182-44a5-ad4b-3b242e002f9d"},{"element-6066-11e4-a52e-4f735466cecf":"f0858e8a-7ca9-439f-9dee-f6173f968b2b"},{"element-6066-11e4-a52e-4f735466cecf":"fd27ccb3-5d67-4a4f-850d-518e7dbd595d"},{"element-6066-11e4-a52e-4f735466cecf":"71364cc7-e29e-45c9-b787-626240771b01"},{"element-6066-11e4-a52e-4f735466cecf":"a48c8549-9a04-499b-9292-1d67748d2895"},{"element-6066-11e4-a52e-4f735466cecf":"a78ea0ea-5376-4b8a-9b28-3d7ce15c83be"},{"element-6066-11e4-a52e-4f735466cecf":"02646181-787d-457c-914b-939d76275b5a"},{"element-6066-11e4-a52e-4f735466cecf":"c93ab8dc-5bb0-4f08-8ea0-5ee389de8a80"},{"element-6066-11e4-a52e-4f735466cecf":"fc777c6e-de6d-4d9b-98bf-ac299894bef3"},{"element-6066-11e4-a52e-4f735466cecf":"655c6463-2248-4ae3-a36c-ac701e503c8a"},{"element-6066-11e4-a52e-4f735466cecf":"54a3490d-c9fe-4ac8-b45f-838e72e017f5"},{"element-6066-11e4-a52e-4f735466cecf":"d0b13393-bf83-4df6-bb79-2168235550dc"},{"element-6066-11e4-a52e-4f735466cecf":"680925e6-d398-4b77-8b5e-f845a2eec1c2"},{"element-6066-11e4-a52e-4f735466cecf":"2fdfc6ae-0c50-4b68-868c-5024a14f9f1b"},{"element-6066-11e4-a52e-4f735466cecf":"da25a1aa-e705-4ae4-9721-0b6316dfe393"},{"element-6066-11e4-a52e-4f735466cecf":"9e79cafe-af3e-4676-b13b-efa8ed4a61c8"},{"element-6066-11e4-a52e-4f735466cecf":"6dc00301-c37d-4d30-91cf-6cea8816faf0"},{"element-6066-11e4-a52e-4f735466cecf":"51748cb7-4330-4066-95fd-ff00018ae9df"},{"element-6066-11e4-a52e-4f735466cecf":"4ba579b8-ae4f-4b58-a105-a147d85c04c9"},{"element-6066-11e4-a52e-4f735466cecf":"a97d06ea-e0d5-4ae9-8c5d-02d2b219accd"},{"element-6066-11e4-a52e-4f735466cecf":"f87b05f2-65b4-4dc4-9a81-d6b241b286ed"},{"element-6066-11e4-a52e-4f735466cecf":"617e483d-0730-460e-b1d0-32c92232e4b3"},{"element-6066-11e4-a52e-4f735466cecf":"3dca3484-8ce4-4a79-80dc-7eb1cb81eec3"},{"element-6066-11e4-a52e-4f735466cecf":"292e88bd-1e70-471a-9bef-555bc25f7a78"},{"element-6066-11e4-a52e-4f735466cecf":"57e9279f-1587-45df-8953-6d0deaaa5f70"},{"element-6066-11e4-a52e-4f735466cecf":"ce6d2a2a-e913-44cf-8755-d04b4d58091a"},{"element-6066-11e4-a52e-4f735466cecf":"5affb67d-8576-43d4-b860-58d2ade703c5"},{"element-6066-11e4-a52e-4f735466cecf":"def116c3-0032-4261-b602-f689f58f4642"},{"element-6066-11e4-a52e-4f735466cecf":"b4af235a-0a29-4755-ba34-0681ec9ac2ad"},{"element-6066-11e4-a52e-4f735466cecf":"2681fbfb-756d-4234-9269-5ea71711ec71"},{"element-6066-11e4-a52e-4f735466cecf":"5743563a-c243-418c-ae30-3bb800eadce5"},{"element-6066-11e4-a52e-4f735466cecf":"7bb9de06-cc59-4f0f-ae9a-b830934bb520"},{"element-6066-11e4-a52e-4f735466cecf":"794c9ce7-ba07-4837-be99-015859888dba"},{"element-6066-11e4-a52e-4f735466cecf":"d2b8dcfc-fae7-483b-bc6a-8e0d4d047f62"},{"element-6066-11e4-a52e-4f735466cecf":"0f73daa6-9d6d-4d49-82c2-1349b37e91bd"},{"element-6066-11e4-a52e-4f735466cecf":"6a5d143f-1123-4ae2-9bb8-d6c84d652a22"},{"element-6066-11e4-a52e-4f735466cecf":"d52f9d44-20cb-4e69-9098-4fdb79fda18e"},{"element-6066-11e4-a52e-4f735466cecf":"007a7dd3-0ce1-479a-af5b-cbd05f68abb7"},{"element-6066-11e4-a52e-4f735466cecf":"c610549e-d15d-49da-aa57-7309729166a1"},{"element-6066-11e4-a52e-4f735466cecf":"d42cb0e3-e343-492f-8ec6-42eeb1b9ca4b"},{"element-6066-11e4-a52e-4f735466cecf":"69cbc0e2-d4a6-4d28-b7a0-fa56738c3cf1"},{"element-6066-11e4-a52e-4f735466cecf":"fc20359d-7958-4a92-bdac-728dc726de19"},{"element-6066-11e4-a52e-4f735466cecf":"fd60b1a3-0275-4b73-8916-3985ade32e8f"},{"element-6066-11e4-a52e-4f735466cecf":"a1652db5-5313-4776-838c-8b73e567332a"},{"element-6066-11e4-a52e-4f735466cecf":"336d5f41-ff87-4ab9-94f6-ca1f053c5885"},{"element-6066-11e4-a52e-4f735466cecf":"25be2225-bc0d-4ee3-9c4b-a22f9e591dac"},{"element-6066-11e4-a52e-4f735466cecf":"f23ca253-59b7-4f0a-bdb7-127793e75378"},{"element-6066-11e4-a52e-4f735466cecf":"1b4c7b34-4a74-4ede-a1b8-d5c6255c04b0"},{"element-6066-11e4-a52e-4f735466cecf":"e25d0567-bd49-43cf-840c-0c8a878be5d8"},{"element-6066-11e4-a52e-4f735466cecf":"b4de4bfc-346b-4574-93b9-f52fc7b9bb0b"},{"element-6066-11e4-a52e-4f735466cecf":"4a071c11-044f-4d57-bd6b-9037c0600d09"},{"element-6066-11e4-a52e-4f735466cecf":"27c024e5-946b-4053-af25-6b4b7d3f79f3"},{"element-6066-11e4-a52e-4f735466cecf":"6531c491-c4d4-4c72-b542-54d3c1d3a989"},{"element-6066-11e4-a52e-4f735466cecf":"c2113c6a-156d-4bc5-970e-cc32320f95b1"},{"element-6066-11e4-a52e-4f735466cecf":"c35eba9b-6267-4f48-9aa5-ebd6ab222a0b"},{"element-6066-11e4-a52e-4f735466cecf":"45eafc3c-d06a-4ecb-a878-dd3630631dc4"},{"element-6066-11e4-a52e-4f735466cecf":"af1cdbc5-1de0-46b6-91c3-9c8cd5a233ce"},{"element-6066-11e4-a52e-4f735466cecf":"fcae6601-3f81-42a9-989b-dbee38f22298"},{"element-6066-11e4-a52e-4f735466cecf":"e39b8627-8dc2-4de1-a332-c4b6a36a98c5"},{"element-6066-11e4-a52e-4f735466cecf":"a4c1798f-2475-41d0-8300-3804795d7694"},{"element-6066-11e4-a52e-4f735466cecf":"ad972051-6729-4b7b-aba2-7dd4c5bb578f"},{"element-6066-11e4-a52e-4f735466cecf":"cba05418-f1f7-4ac0-884d-96c174450df1"},{"element-6066-11e4-a52e-4f735466cecf":"d684bf6e-6559-4295-8244-3599647b960e"},{"element-6066-11e4-a52e-4f735466cecf":"0c3feb94-8ac8-49ef-b5a8-1eac2fcd92aa"},{"element-6066-11e4-a52e-4f735466cecf":"fe14dc10-71bb-44c0-aa38-791f1c804db9"},{"element-6066-11e4-a52e-4f735466cecf":"501f3649-7803-4d0e-8ed6-813406751adf"},{"element-6066-11e4-a52e-4f735466cecf":"8b0b1934-1d60-4eb9-9344-5ecb49a6b0c2"},{"element-6066-11e4-a52e-4f735466cecf":"b05d973e-c0bd-4ed1-bf88-4059401b920f"},{"element-6066-11e4-a52e-4f735466cecf":"f7ea3533-4608-48aa-8901-048393586757"},{"element-6066-11e4-a52e-4f735466cecf":"60a393ee-9e4e-4e64-94dc-81c1a81bc094"},{"element-6066-11e4-a52e-4f735466cecf":"b5ad4c32-050b-43bc-a32b-6ebb586de761"},{"element-6066-11e4-a52e-4f735466cecf":"c7cb9cb5-3d22-4206-bdd1-5785df5f5fa9"},{"element-6066-11e4-a52e-4f735466cecf":"9aadf465-7deb-4728-96a0-06e81ecee259"},{"element-6066-11e4-a52e-4f735466cecf":"44225529-a31e-4b91-88cf-46e0cedaf5bc"},{"element-6066-11e4-a52e-4f735466cecf":"0069a984-50ae-45ec-b806-b457e90ca9d1"},{"element-6066-11e4-a52e-4f735466cecf":"9b482694-5f32-4a3c-a470-fef58826ec98"},{"element-6066-11e4-a52e-4f735466cecf":"a47a3d0d-cf0c-4e27-a0b6-382d2883d5de"},{"element-6066-11e4-a52e-4f735466cecf":"a8cafd3a-b417-49d2-bbb0-2dc1c7024b35"},{"element-6066-11e4-a52e-4f735466cecf":"262c351a-9948-4b18-b003-f6fdd1e94996"},{"element-6066-11e4-a52e-4f735466cecf":"83b41cfc-c1be-4c22-8cde-56916b750a09"},{"element-6066-11e4-a52e-4f735466cecf":"4e9fa03b-4b45-476d-a6b2-6ce0afdb56bd"},{"element-6066-11e4-a52e-4f735466cecf":"c065fe76-1c3c-4455-85ce-00f66bee8de5"},{"element-6066-11e4-a52e-4f735466cecf":"5645504c-9e94-4e41-818a-b7eeb8ff2cf8"},{"element-6066-11e4-a52e-4f735466cecf":"60f41267-68b4-47a8-9826-add27ffcf774"},{"element-6066-11e4-a52e-4f735466cecf":"64dc2884-52fd-43b9-a3ae-1cdefd3424dc"},{"element-6066-11e4-a52e-4f735466cecf":"4e444616-6a11-48a1-88ba-b2fafd516217"},{"element-6066-11e4-a52e-4f735466cecf":"f0798e7a-f62f-4916-bf98-db11356137a1"},{"element-6066-11e4-a52e-4f735466cecf":"06d454ff-5b5a-4e80-ae1f-261783ec889e"},{"element-6066-11e4-a52e-4f735466cecf":"7ecd9d65-6d57-457c-8f01-fcff00d65b67"},{"element-6066-11e4-a52e-4f735466cecf":"c0debcf8-71d1-43ed-9a77-1fd54020e4e6"},{"element-6066-11e4-a52e-4f735466cecf":"9044a9ea-718e-49f5-8f79-5e07f4162b98"},{"element-6066-11e4-a52e-4f735466cecf":"68385d64-55e1-4329-81fa-037d1624f06d"},{"element-6066-11e4-a52e-4f735466cecf":"ab98f484-55b9-4f02-b314-eb9fcfcc3566"},{"element-6066-11e4-a52e-4f735466cecf":"34a88661-eaee-4a94-ae39-28e42fe44db9"},{"element-6066-11e4-a52e-4f735466cecf":"a6737355-6533-4ab5-9fcb-5ee1fe95fbf9"},{"element-6066-11e4-a52e-4f735466cecf":"d11b5693-2a0e-44d5-a5ab-a4d1a73e49e6"},{"element-6066-11e4-a52e-4f735466cecf":"de086556-ce51-46c1-976a-72294d71d03d"},{"element-6066-11e4-a52e-4f735466cecf":"cee01fb0-2fd5-45f9-b7e6-d6579513da1e"},{"element-6066-11e4-a52e-4f735466cecf":"7ea94d97-e9e0-4dd4-af4d-5a38dd2ad3a4"},{"element-6066-11e4-a52e-4f735466cecf":"9778b6a5-17c8-4ad8-97c5-a66126053638"},{"element-6066-11e4-a52e-4f735466cecf":"007885c2-669a-4db8-915c-010659219835"},{"element-6066-11e4-a52e-4f735466cecf":"6b1dc5eb-d834-4141-890a-1aa02d775b15"},{"element-6066-11e4-a52e-4f735466cecf":"2ca74597-ecd0-4b33-93cb-70713a3e86e9"},{"element-6066-11e4-a52e-4f735466cecf":"dad17d65-57cd-4b52-afac-902558d3fdf1"},{"element-6066-11e4-a52e-4f735466cecf":"0c3952df-94da-45d5-894f-f8cfa36f72d4"},{"element-6066-11e4-a52e-4f735466cecf":"d347e3af-6332-4873-925a-9ff03f96644f"},{"element-6066-11e4-a52e-4f735466cecf":"73cac777-441c-4821-987e-1c1401134fef"},{"element-6066-11e4-a52e-4f735466cecf":"fb174385-543f-4f5a-b504-1873ce01d1b4"},{"element-6066-11e4-a52e-4f735466cecf":"5a48f79c-a56b-4148-adf9-fb4ff214fed9"},{"element-6066-11e4-a52e-4f735466cecf":"2df88879-fade-471b-b3be-6e228695e323"},{"element-6066-11e4-a52e-4f735466cecf":"72c40ff5-054f-4fa0-bcc5-194e21ca3812"},{"element-6066-11e4-a52e-4f735466cecf":"7b1d2621-9918-4ed4-9f58-d8d803f167f2"},{"element-6066-11e4-a52e-4f735466cecf":"5e89d511-f7b8-4604-9789-ba5bdc5b5337"},{"element-6066-11e4-a52e-4f735466cecf":"a8594120-5288-4e59-b2ee-af69d7014fe6"},{"element-6066-11e4-a52e-4f735466cecf":"2fe83af4-b8e4-4766-b26f-e7b0450b060d"},{"element-6066-11e4-a52e-4f735466cecf":"805fbe87-a5b5-4253-a8e6-aa06f1310744"},{"element-6066-11e4-a52e-4f735466cecf":"21118ec7-e066-431a-b757-16f8d24aa03f"},{"element-6066-11e4-a52e-4f735466cecf":"395ca070-0bdc-4d43-b6c5-c2d3675c2b69"},{"element-6066-11e4-a52e-4f735466cecf":"8f2d2535-089d-446e-945c-092cd60d94fb"},{"element-6066-11e4-a52e-4f735466cecf":"eda716bc-fac3-4170-ba61-e874e8ad2fae"},{"element-6066-11e4-a52e-4f735466cecf":"84077acd-bb36-4673-b460-9a81b840c26c"},{"element-6066-11e4-a52e-4f735466cecf":"8193c8c6-6545-4af3-b5dc-bc6b57501a25"},{"element-6066-11e4-a52e-4f735466cecf":"54e018aa-7490-4f37-850a-afc284af756a"},{"element-6066-11e4-a52e-4f735466cecf":"8f19704b-e4d4-497b-bfa1-baec7411496c"},{"element-6066-11e4-a52e-4f735466cecf":"9e579f9d-55cc-4b76-b779-f6897af9ed82"},{"element-6066-11e4-a52e-4f735466cecf":"5dac7b19-8378-43e3-8ab0-7261347817ad"},{"element-6066-11e4-a52e-4f735466cecf":"f4e80de2-90eb-40f8-83e3-4ae4e5ab3505"},{"element-6066-11e4-a52e-4f735466cecf":"44216bfe-982c-485a-bf4c-ecc9f8a83172"},{"element-6066-11e4-a52e-4f735466cecf":"6d65cd0a-3ef2-4c9d-b92f-b9b8a8495a2c"},{"element-6066-11e4-a52e-4f735466cecf":"100a9350-850e-4969-af92-508a86b1e1a7"},{"element-6066-11e4-a52e-4f735466cecf":"89630ea2-361d-4245-b9e8-74c2815202fb"},{"element-6066-11e4-a52e-4f735466cecf":"4ed7d8f4-9d3b-493f-8b34-d5a7e79fb077"},{"element-6066-11e4-a52e-4f735466cecf":"5927416c-75c1-4a70-9131-e685b68b12c6"},{"element-6066-11e4-a52e-4f735466cecf":"4709144e-3ff5-47f5-b4a8-ef9e3ddd4053"},{"element-6066-11e4-a52e-4f735466cecf":"536df5a8-5c2a-4a85-9364-390bc077fcc6"},{"element-6066-11e4-a52e-4f735466cecf":"5b4cd71e-84be-4d12-860f-eeb25640fbec"},{"element-6066-11e4-a52e-4f735466cecf":"1e94d344-a160-47a6-a0b9-105d6f3b9939"},{"element-6066-11e4-a52e-4f735466cecf":"1faab392-63f0-4504-83a9-3cd9fccd2048"},{"element-6066-11e4-a52e-4f735466cecf":"28b400ed-1a5e-484c-a94d-b123f17179dc"},{"element-6066-11e4-a52e-4f735466cecf":"9b4496a5-d826-472b-844d-58d7f203a7a1"},{"element-6066-11e4-a52e-4f735466cecf":"85b2669c-5b4f-4c47-92b4-109d5478d4dc"},{"element-6066-11e4-a52e-4f735466cecf":"146817f4-8c47-4466-8878-5e5c3c280b1f"},{"element-6066-11e4-a52e-4f735466cecf":"7ba417c1-01b9-44b0-9309-654565788cf6"},{"element-6066-11e4-a52e-4f735466cecf":"0fdb94c0-e74a-4d0d-8fc7-a450fbd4e82f"},{"element-6066-11e4-a52e-4f735466cecf":"e3075534-0dbb-4609-8bab-2482b16bdc53"},{"element-6066-11e4-a52e-4f735466cecf":"fc32278a-70e5-469c-bbb1-09a2580bbf78"},{"element-6066-11e4-a52e-4f735466cecf":"f35b19ba-bd53-4e56-ac5a-f7f18246be54"},{"element-6066-11e4-a52e-4f735466cecf":"17f79546-6dda-4a00-9411-1fc8f2796356"},{"element-6066-11e4-a52e-4f735466cecf":"2990f5f7-ca6d-40e5-832f-fd176add41dd"},{"element-6066-11e4-a52e-4f735466cecf":"28a3c143-379f-491d-9809-f8012538706b"},{"element-6066-11e4-a52e-4f735466cecf":"4bb89709-b8fd-4b2a-8c58-bb17ba0ba693"},{"element-6066-11e4-a52e-4f735466cecf":"3d86154e-6c6a-4a4b-9690-a58f371ee256"},{"element-6066-11e4-a52e-4f735466cecf":"1c940c1e-bc45-449e-b903-132ed78723d1"},{"element-6066-11e4-a52e-4f735466cecf":"6e4e2c90-3a71-4a67-9299-9390136762f4"},{"element-6066-11e4-a52e-4f735466cecf":"cb904de6-96fb-458a-842a-7f38bc2c937a"},{"element-6066-11e4-a52e-4f735466cecf":"51175ce3-05a1-48c6-b10e-fa0d76be63d0"},{"element-6066-11e4-a52e-4f735466cecf":"6b6c1586-f805-4f65-a9ed-06ddc2342914"},{"element-6066-11e4-a52e-4f735466cecf":"94fcbc20-0a78-4b9e-9624-d2d9690240d0"},{"element-6066-11e4-a52e-4f735466cecf":"a1c658c1-3e1c-4164-ac47-94e73c9d50b6"},{"element-6066-11e4-a52e-4f735466cecf":"3dff9f2d-028e-4c63-882c-87fac4170cd6"},{"element-6066-11e4-a52e-4f735466cecf":"ae9d044c-b0ce-4da5-a851-9e10bb32827b"},{"element-6066-11e4-a52e-4f735466cecf":"dcf7a83e-a322-47a7-8391-d2c0fb41358c"},{"element-6066-11e4-a52e-4f735466cecf":"e5e1d82f-a157-4081-8961-331946de765e"},{"element-6066-11e4-a52e-4f735466cecf":"c4bb0806-2340-429e-951e-3d6c87f935d4"},{"element-6066-11e4-a52e-4f735466cecf":"ddb8233f-abbe-4ea4-8a56-1f6bfc025fcd"},{"element-6066-11e4-a52e-4f735466cecf":"318f8c33-7465-401d-8dc1-c36373c8a282"},{"element-6066-11e4-a52e-4f735466cecf":"7c0f7b32-67b7-4b6b-947e-9154162644c2"},{"element-6066-11e4-a52e-4f735466cecf":"fbcd1692-8f5b-4db5-9ca0-aa61926744b3"},{"element-6066-11e4-a52e-4f735466cecf":"716c72d9-b8b7-4053-b348-f908344fbed0"},{"element-6066-11e4-a52e-4f735466cecf":"362fb8f1-5879-4b6e-a6e9-cc3f90947438"},{"element-6066-11e4-a52e-4f735466cecf":"d949612c-da2d-46ce-b5d0-b0c52cc57448"},{"element-6066-11e4-a52e-4f735466cecf":"d975b4c8-f122-4a87-943d-dec01699607e"},{"element-6066-11e4-a52e-4f735466cecf":"d6f2bee3-bf1c-4e10-9ca0-4bc1e6f06981"},{"element-6066-11e4-a52e-4f735466cecf":"b6df3a82-30eb-4ce7-b76c-c6ca03418d5a"},{"element-6066-11e4-a52e-4f735466cecf":"f1d79593-40f9-4310-9f40-0821bb2e5457"},{"element-6066-11e4-a52e-4f735466cecf":"055403e5-88ea-4353-99f7-bbf42131a7b9"},{"element-6066-11e4-a52e-4f735466cecf":"a8b04ebf-fb8a-4647-8468-126f5be8b2f2"},{"element-6066-11e4-a52e-4f735466cecf":"2af5ca42-df9c-4bd7-b440-bd88fdfc7a1a"},{"element-6066-11e4-a52e-4f735466cecf":"9f01b16a-0e66-4a04-b91d-3024b7cb24ba"},{"element-6066-11e4-a52e-4f735466cecf":"5df53c67-3f1c-4679-8138-59d76fde9364"},{"element-6066-11e4-a52e-4f735466cecf":"7097c8e8-09ed-4648-8626-ceaf6edbb06c"},{"element-6066-11e4-a52e-4f735466cecf":"22efffdf-95d9-4c51-8afd-796ebcd3aefd"},{"element-6066-11e4-a52e-4f735466cecf":"e36964e5-2df4-41c0-bb22-45a6b63fa279"},{"element-6066-11e4-a52e-4f735466cecf":"eeaf39a2-f56d-499e-8f83-404caeb917f7"},{"element-6066-11e4-a52e-4f735466cecf":"a55a651b-e902-42da-9311-24e60af6b408"},{"element-6066-11e4-a52e-4f735466cecf":"679a5515-203a-4310-a206-35184082467e"},{"element-6066-11e4-a52e-4f735466cecf":"b66b6c6e-c379-4749-b01a-f28405ee6a23"},{"element-6066-11e4-a52e-4f735466cecf":"d8c26169-f447-43bb-aa9f-d480826134da"},{"element-6066-11e4-a52e-4f735466cecf":"220c8567-a8a1-448f-bedf-c08f663ee387"},{"element-6066-11e4-a52e-4f735466cecf":"9e748eb1-47cf-40c9-ba1d-1c0ad6e6a7b5"},{"element-6066-11e4-a52e-4f735466cecf":"3762da4f-22a2-422d-a923-5d27f0547680"},{"element-6066-11e4-a52e-4f735466cecf":"35091d1f-2546-41ba-b314-938eb2fda456"},{"element-6066-11e4-a52e-4f735466cecf":"15c678eb-ab42-47b1-af7b-d277b32f6328"},{"element-6066-11e4-a52e-4f735466cecf":"77175e6d-4cfd-4db5-840e-ae7bc890c8e1"},{"element-6066-11e4-a52e-4f735466cecf":"8c5ced56-80fa-43ea-b033-94c8abda4982"},{"element-6066-11e4-a52e-4f735466cecf":"6bc99252-55bd-4e01-96f1-ffefc495bf01"},{"element-6066-11e4-a52e-4f735466cecf":"d12e20bf-4bcf-4d29-8363-b6a58421e284"},{"element-6066-11e4-a52e-4f735466cecf":"6097439e-40d1-4f5c-bde8-1d59b15cf111"},{"element-6066-11e4-a52e-4f735466cecf":"1e87523c-98a3-4620-a651-6475d4870b3e"},{"element-6066-11e4-a52e-4f735466cecf":"339b1d8a-4285-4587-887b-4b9bdef9e65d"},{"element-6066-11e4-a52e-4f735466cecf":"8e978dc0-3f9a-48d0-ab99-6499a0b13651"},{"element-6066-11e4-a52e-4f735466cecf":"5a55ceeb-d1ad-4c8c-bfcb-d7dbbc4cae0f"},{"element-6066-11e4-a52e-4f735466cecf":"c275b700-143f-4961-a40b-cfa9c7325133"},{"element-6066-11e4-a52e-4f735466cecf":"226846a7-da13-4e72-b0bd-61ad872965d0"},{"element-6066-11e4-a52e-4f735466cecf":"cd5caa56-d1b0-4583-8814-516f29e97bb8"},{"element-6066-11e4-a52e-4f735466cecf":"d8c392de-e6be-4e41-85e3-3b3d7c9e6761"},{"element-6066-11e4-a52e-4f735466cecf":"d9413a02-504b-47a2-b291-7969cb958f73"},{"element-6066-11e4-a52e-4f735466cecf":"5a556161-3a47-499e-8019-c13f789fc413"},{"element-6066-11e4-a52e-4f735466cecf":"3963f27c-fd53-42c3-879c-f99245e88ea2"},{"element-6066-11e4-a52e-4f735466cecf":"f79d2d5f-af19-4d02-8fe4-117a896ceec5"},{"element-6066-11e4-a52e-4f735466cecf":"511d8486-16be-461b-93fb-ea7a10f253c5"},{"element-6066-11e4-a52e-4f735466cecf":"d5b14d10-408b-4adf-819e-b8181731f9ae"},{"element-6066-11e4-a52e-4f735466cecf":"3205e8ee-e318-453d-8588-abf282b0222c"},{"element-6066-11e4-a52e-4f735466cecf":"a66dbc06-7f2f-4459-b2c0-5553bce51976"},{"element-6066-11e4-a52e-4f735466cecf":"b64ecc78-dc36-4b2e-9d28-91eb0cbaf9b1"},{"element-6066-11e4-a52e-4f735466cecf":"9b42b8ec-7ce3-4f0e-8887-50aa37c555de"},{"element-6066-11e4-a52e-4f735466cecf":"06bf6994-3304-4e9c-8576-03722c754aba"},{"element-6066-11e4-a52e-4f735466cecf":"5eb081e0-2a29-4394-b42e-c874325d0740"},{"element-6066-11e4-a52e-4f735466cecf":"7ca57273-5f55-42df-8f25-1837902f7ac4"},{"element-6066-11e4-a52e-4f735466cecf":"20c25300-05f5-4dca-9496-d15f5415922e"},{"element-6066-11e4-a52e-4f735466cecf":"a2bf3062-5baf-49d0-8b24-9324568b7fb1"},{"element-6066-11e4-a52e-4f735466cecf":"d6913426-0e97-4b45-8124-6d96da4572b3"},{"element-6066-11e4-a52e-4f735466cecf":"dc6df777-6954-4ab0-9be9-5daef32683f6"},{"element-6066-11e4-a52e-4f735466cecf":"af3afd93-f02e-4d1e-8234-572e06e9de78"},{"element-6066-11e4-a52e-4f735466cecf":"6db8d0b8-9909-4227-a3a0-c91e87ed8b7e"},{"element-6066-11e4-a52e-4f735466cecf":"15fd88e9-ee14-4b79-bd01-37836368dfc4"},{"element-6066-11e4-a52e-4f735466cecf":"60077693-e09f-4409-9ac8-d977563b2ffb"},{"element-6066-11e4-a52e-4f735466cecf":"f7394335-2c17-466a-8f73-fffdb7a9413e"},{"element-6066-11e4-a52e-4f735466cecf":"d7ff6268-ac22-46a5-af58-037f6eedf8be"},{"element-6066-11e4-a52e-4f735466cecf":"4221d6f4-376b-456b-ab61-2bbd307a84f0"},{"element-6066-11e4-a52e-4f735466cecf":"712fc898-6d61-44fc-964f-984f1866eb0c"},{"element-6066-11e4-a52e-4f735466cecf":"4ce3557d-6b25-4b0f-9fe0-14199503a183"},{"element-6066-11e4-a52e-4f735466cecf":"38950c28-dd39-4375-ba6d-5666e1cd2c17"},{"element-6066-11e4-a52e-4f735466cecf":"0723ec27-8fdc-4df0-9916-b1b8b2414df3"},{"element-6066-11e4-a52e-4f735466cecf":"9d01ba2d-5043-42c7-b398-1cf61975786a"},{"element-6066-11e4-a52e-4f735466cecf":"736d4be3-2416-441b-aff4-74246b729b49"},{"element-6066-11e4-a52e-4f735466cecf":"2a888510-7d2d-4ed4-a581-9f2b0b3dd53c"},{"element-6066-11e4-a52e-4f735466cecf":"3a566741-3857-4bd3-9e15-8820b962e152"},{"element-6066-11e4-a52e-4f735466cecf":"ec15cc69-aa85-490d-8902-14f0d81b6ae4"},{"element-6066-11e4-a52e-4f735466cecf":"44475adb-c9d8-49d1-8b61-9893be99ddcb"},{"element-6066-11e4-a52e-4f735466cecf":"05ab3621-7e31-42b9-9f8c-3c7217e22815"},{"element-6066-11e4-a52e-4f735466cecf":"af7598f6-86e3-4130-b441-f4900220b58a"},{"element-6066-11e4-a52e-4f735466cecf":"f32ca44e-a4c6-4051-ad5e-89e87adf1cab"},{"element-6066-11e4-a52e-4f735466cecf":"baee9a4f-5ced-47b4-9a85-b119535d3c6a"},{"element-6066-11e4-a52e-4f735466cecf":"c664b689-d9ab-4371-9a24-b39d6374cf93"},{"element-6066-11e4-a52e-4f735466cecf":"df632fb0-b338-4e78-af2b-9b287679ef94"},{"element-6066-11e4-a52e-4f735466cecf":"3e6232d1-d71c-4698-803a-12f11aca3349"},{"element-6066-11e4-a52e-4f735466cecf":"66243a3b-a51b-4d62-93ae-0a4199007aa3"},{"element-6066-11e4-a52e-4f735466cecf":"1737f66d-bf48-4646-bc73-7f5340e4e4c4"},{"element-6066-11e4-a52e-4f735466cecf":"f82825cf-0152-44f7-91a1-732b7c8ac70a"},{"element-6066-11e4-a52e-4f735466cecf":"7cc1729f-6116-4783-97f5-c10e1211949d"},{"element-6066-11e4-a52e-4f735466cecf":"36cc220d-8ff5-43d5-a99b-c70948cfd9e3"},{"element-6066-11e4-a52e-4f735466cecf":"c80ae7e0-dca6-490a-8b1e-6ed7d40d785e"},{"element-6066-11e4-a52e-4f735466cecf":"b1d93c7a-c2eb-4ac4-9513-8e2b7777f69a"},{"element-6066-11e4-a52e-4f735466cecf":"d016aeca-c1ae-4b20-bdf7-a49c2aec327f"},{"element-6066-11e4-a52e-4f735466cecf":"34b2a4be-b1b4-4ee8-855f-642cf706d7ab"},{"element-6066-11e4-a52e-4f735466cecf":"2ba4d1fb-5919-4d10-b58b-32841d5d7b02"},{"element-6066-11e4-a52e-4f735466cecf":"432ef35b-3ce4-46f7-aa1e-3c8460c13cc8"},{"element-6066-11e4-a52e-4f735466cecf":"1767b68e-4f8b-44e4-bd61-1938b48811fc"},{"element-6066-11e4-a52e-4f735466cecf":"5d43d565-b012-43cd-95c9-da59b8cd9d15"},{"element-6066-11e4-a52e-4f735466cecf":"91930a9a-e648-4a30-8fef-52556e844268"},{"element-6066-11e4-a52e-4f735466cecf":"550ef2b5-91a4-4270-aef9-fb8c65cb6011"},{"element-6066-11e4-a52e-4f735466cecf":"7a1675c9-b35f-4243-b19d-5bf3505cbf58"},{"element-6066-11e4-a52e-4f735466cecf":"bde450f5-b2e0-4980-bebd-9d6134b3bde7"},{"element-6066-11e4-a52e-4f735466cecf":"a1706744-ba68-4af7-b766-66c59823f917"},{"element-6066-11e4-a52e-4f735466cecf":"9ee4a3a6-fe76-4b73-88d0-ef98be7e92e1"},{"element-6066-11e4-a52e-4f735466cecf":"57de9386-73ab-42f9-b772-a3cd2ad99304"},{"element-6066-11e4-a52e-4f735466cecf":"5ae3f7c0-d30d-4cc5-9cea-c5de6df20373"},{"element-6066-11e4-a52e-4f735466cecf":"13862a70-5c9d-4d09-a050-e846e1f7314e"},{"element-6066-11e4-a52e-4f735466cecf":"93d234a1-fb1e-47b0-baf5-9657fa5ce38a"},{"element-6066-11e4-a52e-4f735466cecf":"4ba7085d-ce2d-436d-9d25-78d07dd2b8d8"},{"element-6066-11e4-a52e-4f735466cecf":"5e6c67db-7a2e-47ed-ba56-39e269067a87"},{"element-6066-11e4-a52e-4f735466cecf":"d71a8f95-a9b2-4e8f-b18e-d4027f5aef7d"},{"element-6066-11e4-a52e-4f735466cecf":"52f4e24d-6568-4cd3-beba-b41c1286854b"},{"element-6066-11e4-a52e-4f735466cecf":"d51a29c7-35a2-4c86-912f-afb2b7f1af77"},{"element-6066-11e4-a52e-4f735466cecf":"170be841-8c4f-4349-b6dd-3d66766b7aa5"},{"element-6066-11e4-a52e-4f735466cecf":"3d780f21-e32f-475b-9bc1-8cde6d477172"},{"element-6066-11e4-a52e-4f735466cecf":"49a36d19-7137-4bad-b6b8-55ccfb0193aa"},{"element-6066-11e4-a52e-4f735466cecf":"f4e90766-061a-44e8-9533-aa45a7be49b0"},{"element-6066-11e4-a52e-4f735466cecf":"2b0b26e3-89d5-4865-8298-6a11df4f6674"},{"element-6066-11e4-a52e-4f735466cecf":"1b141a4d-b041-48c1-ad25-2f22e2ff97a5"},{"element-6066-11e4-a52e-4f735466cecf":"5bdc56c0-5ae7-4bf8-b80e-05a53e211e86"},{"element-6066-11e4-a52e-4f735466cecf":"1f24d670-4979-47d9-a94d-62e70ce7690e"},{"element-6066-11e4-a52e-4f735466cecf":"e00c5c72-e718-4ca8-93cf-43b368c83fc6"},{"element-6066-11e4-a52e-4f735466cecf":"846d8f4b-8293-4602-94b2-44032541de9a"},{"element-6066-11e4-a52e-4f735466cecf":"630160f1-2c69-4e56-80d1-846eef297455"},{"element-6066-11e4-a52e-4f735466cecf":"45820c73-96a0-49a7-a7f8-654a125c34e1"},{"element-6066-11e4-a52e-4f735466cecf":"9319670d-13bb-4fbc-9ee9-4190b5f3bcaf"},{"element-6066-11e4-a52e-4f735466cecf":"d54ebbe2-addf-4c26-9528-f34330839922"},{"element-6066-11e4-a52e-4f735466cecf":"28f176d9-f25d-4ffc-8577-c013106a636c"},{"element-6066-11e4-a52e-4f735466cecf":"02f82979-af60-4d4e-b0d6-84854ef233dd"},{"element-6066-11e4-a52e-4f735466cecf":"e4119308-6921-4178-8917-c7b850447b27"},{"element-6066-11e4-a52e-4f735466cecf":"f465269d-4093-4e50-880c-ac2d1d247cf9"},{"element-6066-11e4-a52e-4f735466cecf":"eb4c79de-060e-4086-bef3-add3871ad03f"},{"element-6066-11e4-a52e-4f735466cecf":"2cac46ea-2ddb-48d2-92fb-09936481f0c7"},{"element-6066-11e4-a52e-4f735466cecf":"128040b0-a42a-4f9d-93af-ed95b46566f9"},{"element-6066-11e4-a52e-4f735466cecf":"fc6b5dd7-ff57-4470-b22f-e2474abe29fd"},{"element-6066-11e4-a52e-4f735466cecf":"b8cdc174-7cf5-489e-8052-ea506329057b"},{"element-6066-11e4-a52e-4f735466cecf":"bf09966f-62ba-452b-a671-4fdaaeb0c87e"},{"element-6066-11e4-a52e-4f735466cecf":"cd534f71-7193-4dff-92d4-a69725dde5ae"},{"element-6066-11e4-a52e-4f735466cecf":"deadb9ae-c31b-4220-bc1c-e847a025023d"},{"element-6066-11e4-a52e-4f735466cecf":"4509877f-a301-4b61-b8cc-063f98356182"},{"element-6066-11e4-a52e-4f735466cecf":"489e882d-f395-40d6-935a-edcdcf59742a"},{"element-6066-11e4-a52e-4f735466cecf":"04fee194-177b-46f5-b6e8-450f80a8e0dd"},{"element-6066-11e4-a52e-4f735466cecf":"3ad4ffed-dbd2-44bf-99f5-827957987d39"},{"element-6066-11e4-a52e-4f735466cecf":"17dc5fa0-44ef-4cd3-9db6-b834da7c1245"},{"element-6066-11e4-a52e-4f735466cecf":"0000d442-6c70-492d-83fa-0b90202cc711"},{"element-6066-11e4-a52e-4f735466cecf":"76a0ed95-6898-4c49-8b26-3ad01311ecbc"},{"element-6066-11e4-a52e-4f735466cecf":"3f837fcc-1745-4de7-91c4-49f4a7b463a0"},{"element-6066-11e4-a52e-4f735466cecf":"8e247956-e631-4fc6-8671-45d2d97983f2"},{"element-6066-11e4-a52e-4f735466cecf":"8743d9b2-bdb8-4d93-8876-b8b943c49299"},{"element-6066-11e4-a52e-4f735466cecf":"25dda340-f5d2-4607-ac1f-269e207c2481"},{"element-6066-11e4-a52e-4f735466cecf":"bba33e35-cda4-4683-87a3-33294c2a13a9"},{"element-6066-11e4-a52e-4f735466cecf":"8eb34a00-3548-442e-80ae-b355912548c9"},{"element-6066-11e4-a52e-4f735466cecf":"767c515f-8f50-456e-a7c7-5775d1b74200"},{"element-6066-11e4-a52e-4f735466cecf":"2a8632d6-e62d-4115-8e69-da4fe268d24c"},{"element-6066-11e4-a52e-4f735466cecf":"6667815e-91f9-40b8-94d3-374096f0328e"},{"element-6066-11e4-a52e-4f735466cecf":"fc6239c4-19e2-4dbd-91b5-32f443d8693a"},{"element-6066-11e4-a52e-4f735466cecf":"fd26fe10-b236-4340-8ec0-1922d2342cac"},{"element-6066-11e4-a52e-4f735466cecf":"cb2d6962-70ff-4530-a1f2-e1ee4214d6aa"},{"element-6066-11e4-a52e-4f735466cecf":"fb971415-0d71-4172-9052-f781018aa7a7"},{"element-6066-11e4-a52e-4f735466cecf":"65bf6f49-8519-4541-95e0-793200f15d09"},{"element-6066-11e4-a52e-4f735466cecf":"7c8cfa9b-64d7-4c4d-836b-cc2ecd2f7562"},{"element-6066-11e4-a52e-4f735466cecf":"6005e0a7-9f40-48fb-a422-3a9f3dba1708"},{"element-6066-11e4-a52e-4f735466cecf":"7f386d80-7cba-4bd2-93fb-0072d3eb66a3"},{"element-6066-11e4-a52e-4f735466cecf":"b4ae5775-796e-43b1-89ef-a3816595c43f"},{"element-6066-11e4-a52e-4f735466cecf":"ea662a5b-b735-4295-9660-e32ac5d8dd2c"},{"element-6066-11e4-a52e-4f735466cecf":"e8ef816c-534b-4b41-a274-55edf2d98b9d"},{"element-6066-11e4-a52e-4f735466cecf":"38ff5dc9-be4d-4402-af57-31a0a09bf985"},{"element-6066-11e4-a52e-4f735466cecf":"555a4adc-39ec-497a-a31c-dbf491ea45b5"},{"element-6066-11e4-a52e-4f735466cecf":"f8131252-7efc-47d3-8f13-02e866d1b242"},{"element-6066-11e4-a52e-4f735466cecf":"1fb5d500-845d-464e-b2c5-94c0d54b0250"},{"element-6066-11e4-a52e-4f735466cecf":"c7212d2c-264b-4bca-969f-49332169d53f"},{"element-6066-11e4-a52e-4f735466cecf":"d471c820-c913-4d72-9fac-dc3f616f6ba9"},{"element-6066-11e4-a52e-4f735466cecf":"b921d34f-7b15-4e8f-b331-5c28cc6a4388"},{"element-6066-11e4-a52e-4f735466cecf":"6948bd1b-3bd2-46d7-889d-923206ce8051"},{"element-6066-11e4-a52e-4f735466cecf":"927c84a0-1cdf-4976-bfb4-ed04e0f75081"},{"element-6066-11e4-a52e-4f735466cecf":"f75d142c-9590-4a9e-a3e3-cf438a3673fd"},{"element-6066-11e4-a52e-4f735466cecf":"e00cf256-e562-4ae4-9438-a49508bafdf0"},{"element-6066-11e4-a52e-4f735466cecf":"84056fbf-cdfe-4502-b10a-861773795791"},{"element-6066-11e4-a52e-4f735466cecf":"a5815ee8-77f4-422c-91f0-1a979ff26ae6"},{"element-6066-11e4-a52e-4f735466cecf":"3e36dabe-d061-40bb-8ef2-2248377bb973"},{"element-6066-11e4-a52e-4f735466cecf":"2cadbcaa-31c7-45d3-9e12-b3901688d48f"},{"element-6066-11e4-a52e-4f735466cecf":"10845b7f-d5e7-42ab-a212-fe5268d78669"},{"element-6066-11e4-a52e-4f735466cecf":"e04754db-bf1a-42a5-abdc-716a01b6c691"},{"element-6066-11e4-a52e-4f735466cecf":"4a0ce425-67bb-47dd-9fb7-e27fe3af159e"},{"element-6066-11e4-a52e-4f735466cecf":"1c6231ae-d4ec-4df0-8053-a2781f4afd68"},{"element-6066-11e4-a52e-4f735466cecf":"c2fcfc65-3746-41f4-bb8d-5bb832198c3a"},{"element-6066-11e4-a52e-4f735466cecf":"c6b73fcb-edb6-4d8e-9b3b-a016f8c6450a"},{"element-6066-11e4-a52e-4f735466cecf":"37880574-626a-4ae4-a4eb-4930781cff7b"},{"element-6066-11e4-a52e-4f735466cecf":"5653333e-31a3-4680-9dff-5f1cfd3b880c"},{"element-6066-11e4-a52e-4f735466cecf":"f6e343af-a7db-4fe7-a620-8c6898984384"},{"element-6066-11e4-a52e-4f735466cecf":"788614d8-8d4e-47f6-af90-10bb4960c933"},{"element-6066-11e4-a52e-4f735466cecf":"2b89eece-1c59-40b3-a4be-a6e28106272c"},{"element-6066-11e4-a52e-4f735466cecf":"9ef6b6c3-607b-4169-b5f1-51801615f8fe"},{"element-6066-11e4-a52e-4f735466cecf":"64f67b47-39b6-4373-95a0-86862fb021fb"},{"element-6066-11e4-a52e-4f735466cecf":"17888a39-5f2a-4f80-8a2f-a4bba2b8b475"},{"element-6066-11e4-a52e-4f735466cecf":"468a8167-1dcb-42c0-aae5-c0a9b24b9f50"},{"element-6066-11e4-a52e-4f735466cecf":"8dd7c6b8-f1e2-4529-aedc-e1d1b648ba64"},{"element-6066-11e4-a52e-4f735466cecf":"45ac4f2f-3839-4a47-80a9-416742755138"},{"element-6066-11e4-a52e-4f735466cecf":"1f9e2011-686b-4aff-81ce-2b4a2001c7cc"},{"element-6066-11e4-a52e-4f735466cecf":"ec3a04b8-141b-45b2-bcd7-d46f5c1c175b"},{"element-6066-11e4-a52e-4f735466cecf":"d3613179-0d0f-43cd-8bc0-4212b5616e2e"},{"element-6066-11e4-a52e-4f735466cecf":"452f1c02-5cd9-419e-95b5-c58531cd4708"},{"element-6066-11e4-a52e-4f735466cecf":"11abfe69-c6c7-4849-8fab-3a7ac41b650e"},{"element-6066-11e4-a52e-4f735466cecf":"ad55383a-a649-44e5-834e-400258d0b3a7"},{"element-6066-11e4-a52e-4f735466cecf":"3cf5c96e-e926-435c-a923-41b4badb1ce5"},{"element-6066-11e4-a52e-4f735466cecf":"5df0f768-63f9-4767-b3c6-8020d5607d0c"},{"element-6066-11e4-a52e-4f735466cecf":"10a16244-8296-451d-b012-121cba3b0712"},{"element-6066-11e4-a52e-4f735466cecf":"81a0b8c5-b2ae-433c-bd3f-c27511712c15"},{"element-6066-11e4-a52e-4f735466cecf":"78fbd15f-6ea3-4255-bfe8-e1b7bdad7faa"},{"element-6066-11e4-a52e-4f735466cecf":"48285ac6-d495-4b64-81d2-b381a5f39519"},{"element-6066-11e4-a52e-4f735466cecf":"75eba1fd-7dc2-4934-aec1-08d80a9bfdbd"},{"element-6066-11e4-a52e-4f735466cecf":"2f9cf16a-b2c2-4c2a-b7cd-144385034e4a"},{"element-6066-11e4-a52e-4f735466cecf":"0644643a-69bc-4ae4-ad89-439669d2cdc7"},{"element-6066-11e4-a52e-4f735466cecf":"118b2272-479b-4c11-ac0d-89993166f25f"},{"element-6066-11e4-a52e-4f735466cecf":"f490584d-ea1b-485e-bb50-77fd60179eb7"},{"element-6066-11e4-a52e-4f735466cecf":"38ffa73d-ff6b-4bf1-9462-bbe2cc4ca80a"},{"element-6066-11e4-a52e-4f735466cecf":"4ee77cd9-04b1-4523-a838-cd5a4d334cd4"},{"element-6066-11e4-a52e-4f735466cecf":"5ef65a70-fbe0-409b-bea3-b7d48ec4205b"},{"element-6066-11e4-a52e-4f735466cecf":"5a9ee521-e21c-4ae4-b99a-ed9f041037fb"},{"element-6066-11e4-a52e-4f735466cecf":"66b873d2-e5bd-4816-b2ad-9c8a9e562829"},{"element-6066-11e4-a52e-4f735466cecf":"e62d2bc0-05bc-4b6c-9a26-b8b7d5b6c68b"},{"element-6066-11e4-a52e-4f735466cecf":"5e4c24aa-5f23-43ee-a267-4c56d391dc67"},{"element-6066-11e4-a52e-4f735466cecf":"1ef44491-aa6d-4483-9772-8a2edd6096fe"},{"element-6066-11e4-a52e-4f735466cecf":"8189a80c-7d72-42dc-8977-f49879da6e85"},{"element-6066-11e4-a52e-4f735466cecf":"18be5343-fa5c-4d88-9577-2fea629dcbe9"},{"element-6066-11e4-a52e-4f735466cecf":"11ad5c1c-2905-4e03-9f58-d4385bc4003d"},{"element-6066-11e4-a52e-4f735466cecf":"8494f7e0-0f6e-4f6d-9e22-60fcc49fea9d"},{"element-6066-11e4-a52e-4f735466cecf":"dc2f7078-aaa9-4d5b-8cbb-f00e8893c81b"},{"element-6066-11e4-a52e-4f735466cecf":"434c2d25-03ef-45cd-9f3b-183689f5da9a"},{"element-6066-11e4-a52e-4f735466cecf":"b1249387-7d8e-4bd4-99f2-11ef64bc792e"},{"element-6066-11e4-a52e-4f735466cecf":"349d2332-f696-4370-aeea-d30a9e64db80"},{"element-6066-11e4-a52e-4f735466cecf":"cb9ddd44-9209-4cb8-9c62-a9ca69a29308"},{"element-6066-11e4-a52e-4f735466cecf":"fac8391f-a0f3-44d4-9822-45590d7ffd0a"},{"element-6066-11e4-a52e-4f735466cecf":"3c936cfd-e25a-4b15-a3e3-24a47c804f6a"},{"element-6066-11e4-a52e-4f735466cecf":"b397fdb2-883f-4f61-bbda-5a2301a6f16c"},{"element-6066-11e4-a52e-4f735466cecf":"05875484-ac68-4851-8f24-d43180fbf090"},{"element-6066-11e4-a52e-4f735466cecf":"d29c7cf2-58aa-49a3-b51d-1c7cfdb6acc2"},{"element-6066-11e4-a52e-4f735466cecf":"7b5be05f-7ee3-44b8-9829-b147740b7328"},{"element-6066-11e4-a52e-4f735466cecf":"aa9b243c-f89d-4d3f-a648-324c41a4d5c3"},{"element-6066-11e4-a52e-4f735466cecf":"f55f0bb1-864e-4d7b-ba1d-7c67c4a5568d"},{"element-6066-11e4-a52e-4f735466cecf":"4a52f481-d28c-4a72-bfee-eb4686a11d6d"},{"element-6066-11e4-a52e-4f735466cecf":"1cfdea4a-6d60-4018-9eab-f18904ec8886"},{"element-6066-11e4-a52e-4f735466cecf":"f6a6d1b3-0573-434e-add4-2f02c563f199"},{"element-6066-11e4-a52e-4f735466cecf":"9b68ab09-7675-4d0f-8e16-052efede4513"},{"element-6066-11e4-a52e-4f735466cecf":"33f709bb-5caf-426e-a282-be89f82fa85c"},{"element-6066-11e4-a52e-4f735466cecf":"8eabdb58-d805-4691-a98b-4ad235cebdf1"},{"element-6066-11e4-a52e-4f735466cecf":"dd93e390-6124-41ca-98d0-9f0efeed0e7c"},{"element-6066-11e4-a52e-4f735466cecf":"0f0ad2e2-c250-4df8-b3ee-2c9d5275698f"},{"element-6066-11e4-a52e-4f735466cecf":"3318e2a2-5eb0-42c4-a9a5-1486dffdd59b"},{"element-6066-11e4-a52e-4f735466cecf":"f4f81d70-daea-4eb1-8415-995e1b3b151b"},{"element-6066-11e4-a52e-4f735466cecf":"62a1c80e-dc8e-45bd-968b-b3015c5ca7bc"},{"element-6066-11e4-a52e-4f735466cecf":"61596679-41fc-4ebb-bff7-00099309f9a7"},{"element-6066-11e4-a52e-4f735466cecf":"226aa672-5a3f-4741-bae5-70c2931f2eb8"},{"element-6066-11e4-a52e-4f735466cecf":"09b84d85-c2d2-48e8-911b-42950c166910"},{"element-6066-11e4-a52e-4f735466cecf":"4b490fbf-ec55-417d-9122-702b51e31e0b"},{"element-6066-11e4-a52e-4f735466cecf":"b4153336-37b0-4495-a079-6978d1b347f6"},{"element-6066-11e4-a52e-4f735466cecf":"08aa7967-a21e-47ef-a34a-c55ed24f980e"},{"element-6066-11e4-a52e-4f735466cecf":"599a6cc4-2a1f-4b83-841b-311299f4104d"},{"element-6066-11e4-a52e-4f735466cecf":"b566db17-f833-40be-b540-41e321bf1780"},{"element-6066-11e4-a52e-4f735466cecf":"010106cd-ad1a-4092-b9de-5512b622f6bf"},{"element-6066-11e4-a52e-4f735466cecf":"e8d31dbc-793b-4ca7-9326-3642d75d1024"},{"element-6066-11e4-a52e-4f735466cecf":"aedb29a5-8d83-45b1-aacd-a6c43500c308"},{"element-6066-11e4-a52e-4f735466cecf":"2277312a-fe21-47c5-a0e6-5b5868b410a1"},{"element-6066-11e4-a52e-4f735466cecf":"e6edf445-714c-47c9-b3b5-d331cdb9b411"},{"element-6066-11e4-a52e-4f735466cecf":"a7a4f01d-f4da-486b-bce7-37442c9042a1"},{"element-6066-11e4-a52e-4f735466cecf":"68443dcb-2f0b-4939-9732-8dbcf0bc85d4"},{"element-6066-11e4-a52e-4f735466cecf":"9725fb3b-7c42-488a-8316-6615c8603392"},{"element-6066-11e4-a52e-4f735466cecf":"637e7c06-ff85-4886-978e-0849df6ae079"},{"element-6066-11e4-a52e-4f735466cecf":"6a51ff72-eab9-4f99-a286-b535d934b0de"},{"element-6066-11e4-a52e-4f735466cecf":"d46e04fb-f4c3-43e1-9cdb-b66be2537416"},{"element-6066-11e4-a52e-4f735466cecf":"fdfa9e4b-6778-4a35-8a6c-34541302b054"},{"element-6066-11e4-a52e-4f735466cecf":"88463850-adc2-4e15-9dbf-685824a77294"},{"element-6066-11e4-a52e-4f735466cecf":"f0844f98-37f5-4506-acca-e3fc74cd0cc4"},{"element-6066-11e4-a52e-4f735466cecf":"9c9f3567-69ff-4899-9a81-a3d4f6b83ec5"},{"element-6066-11e4-a52e-4f735466cecf":"e72c6617-6073-493a-8cfd-9c40568c4f18"},{"element-6066-11e4-a52e-4f735466cecf":"b68759e0-f14f-4b65-9d9c-893f40f8e18c"},{"element-6066-11e4-a52e-4f735466cecf":"dd8456cc-460e-47da-810b-b90d5d9279a5"},{"element-6066-11e4-a52e-4f735466cecf":"e8b7adf3-a78a-46bb-9161-f40ae6a4893f"},{"element-6066-11e4-a52e-4f735466cecf":"88fa8a31-1763-4b2c-9b3f-bbc3104161d5"},{"element-6066-11e4-a52e-4f735466cecf":"f279c085-5150-49c8-8af3-38848f0d1cad"},{"element-6066-11e4-a52e-4f735466cecf":"14003579-8a96-4c3a-9074-79bcc7449faf"},{"element-6066-11e4-a52e-4f735466cecf":"fd4ceafb-49dd-467c-9223-334ced7fe929"},{"element-6066-11e4-a52e-4f735466cecf":"0f5f8217-64aa-4d3f-a6c1-4eac28ffdb0c"},{"element-6066-11e4-a52e-4f735466cecf":"c2ec54ea-f943-458e-9c21-376f5f2cd9e4"},{"element-6066-11e4-a52e-4f735466cecf":"20cfdb80-6132-493b-b7e3-c17bad9f61e6"},{"element-6066-11e4-a52e-4f735466cecf":"1cc845f7-52ca-43de-bc18-2d747173eb21"},{"element-6066-11e4-a52e-4f735466cecf":"7ba0886c-276a-402a-8dd5-b2b1bdeaf91e"},{"element-6066-11e4-a52e-4f735466cecf":"6af83c0a-6f09-469d-8f32-260b3468a776"},{"element-6066-11e4-a52e-4f735466cecf":"38a6efaa-ad64-4733-9b2e-9455f232a8e0"},{"element-6066-11e4-a52e-4f735466cecf":"cd7a47b8-0175-46b9-98cd-d41cbf74e533"},{"element-6066-11e4-a52e-4f735466cecf":"8ab2255f-1675-48cc-96fa-1d482e42b78f"},{"element-6066-11e4-a52e-4f735466cecf":"40e0a08a-609c-42ba-a105-7d9e1a2bee1d"},{"element-6066-11e4-a52e-4f735466cecf":"65737db8-aa1c-4ede-92f0-4a8e789a2f3b"},{"element-6066-11e4-a52e-4f735466cecf":"621b0b0e-e0d1-4c0b-b8cc-76a7a2e6f728"},{"element-6066-11e4-a52e-4f735466cecf":"eacb0ad0-9b6a-4428-9a63-c4dc491bd493"},{"element-6066-11e4-a52e-4f735466cecf":"521a4f72-2984-4699-9bca-badf29393863"},{"element-6066-11e4-a52e-4f735466cecf":"6f97c270-a1bb-4619-b15a-cfd8c43ce923"},{"element-6066-11e4-a52e-4f735466cecf":"b3a35620-a3a1-41ae-9b71-5ba76ffec5a7"},{"element-6066-11e4-a52e-4f735466cecf":"2768ae64-4547-41d2-bd14-660866b14669"},{"element-6066-11e4-a52e-4f735466cecf":"ca96610f-e500-4237-b642-c99b0e837b03"},{"element-6066-11e4-a52e-4f735466cecf":"53b9682d-26a2-441f-b2b5-4c90b64e8058"},{"element-6066-11e4-a52e-4f735466cecf":"ad10861a-edb7-4d3d-b62f-516a87d70d8f"},{"element-6066-11e4-a52e-4f735466cecf":"9687bb7a-b9d6-446a-940f-7ad00f7f43e0"},{"element-6066-11e4-a52e-4f735466cecf":"fb7e5a61-ea0a-4e01-86a1-b8a3602aca6e"},{"element-6066-11e4-a52e-4f735466cecf":"fbb0d111-5e86-4720-a4c7-d0798c95778d"},{"element-6066-11e4-a52e-4f735466cecf":"c0a413c4-1429-4bd6-8266-c687afbf9891"},{"element-6066-11e4-a52e-4f735466cecf":"a796bada-d870-4019-b759-dab674d0fb1b"},{"element-6066-11e4-a52e-4f735466cecf":"84178d8c-3aa4-4452-a96a-5a0fabd90e93"},{"element-6066-11e4-a52e-4f735466cecf":"7d45ef04-d6f8-4d25-8cc8-83b010baea91"},{"element-6066-11e4-a52e-4f735466cecf":"e85c25ad-4ffc-49ff-bb13-bb6c85c7d348"},{"element-6066-11e4-a52e-4f735466cecf":"9336abf0-1104-4cb1-a601-13c045473ae2"},{"element-6066-11e4-a52e-4f735466cecf":"47250658-2cae-41d2-91bc-1832b254817c"},{"element-6066-11e4-a52e-4f735466cecf":"88cbd610-fb35-4fb6-9f87-73672a213efc"},{"element-6066-11e4-a52e-4f735466cecf":"656745d4-8f5a-495b-a9df-89ebc4c2d2a4"},{"element-6066-11e4-a52e-4f735466cecf":"95d7f8a6-c0f1-4ffb-8020-b9b58ce6e059"},{"element-6066-11e4-a52e-4f735466cecf":"9c43b3d0-2ddf-4523-addc-c0502ca9b6fd"},{"element-6066-11e4-a52e-4f735466cecf":"5602c8c1-27cc-40e0-b94a-cd182cb31d81"},{"element-6066-11e4-a52e-4f735466cecf":"4744562e-a431-479d-9f37-b274190feb6c"},{"element-6066-11e4-a52e-4f735466cecf":"724a5025-8c55-46ca-9306-529bf4758794"},{"element-6066-11e4-a52e-4f735466cecf":"b9c1f995-eadc-45d8-9b46-0cb9787e509b"},{"element-6066-11e4-a52e-4f735466cecf":"0be44d88-3c20-43be-a0ba-460b00fa784c"},{"element-6066-11e4-a52e-4f735466cecf":"88edf153-d6e5-4a38-96ef-9a27791d57c2"},{"element-6066-11e4-a52e-4f735466cecf":"3f2b0bc1-77bb-4aa7-a753-327abced5e51"},{"element-6066-11e4-a52e-4f735466cecf":"05e2fb4f-ef36-44ce-9d46-5697f9159547"},{"element-6066-11e4-a52e-4f735466cecf":"a1fbdbe2-1b25-4db6-842b-b6da2b404421"},{"element-6066-11e4-a52e-4f735466cecf":"438a65a3-e844-4fec-8771-e777977014c0"},{"element-6066-11e4-a52e-4f735466cecf":"aa717438-9a13-4907-ae33-12544a4a0213"},{"element-6066-11e4-a52e-4f735466cecf":"37132c23-0916-41f5-b993-8545130bfe10"},{"element-6066-11e4-a52e-4f735466cecf":"dcf8ce17-7c45-495e-b807-69c348c29cc2"},{"element-6066-11e4-a52e-4f735466cecf":"c17b1b74-e1b6-455e-bc88-5ee3427d3437"},{"element-6066-11e4-a52e-4f735466cecf":"55987eed-1bc5-4d2f-9982-521940d531de"},{"element-6066-11e4-a52e-4f735466cecf":"e9f6c991-0d7b-40f4-9222-b08e1810604d"},{"element-6066-11e4-a52e-4f735466cecf":"f2e14a3e-5d44-4868-9e6c-eb6e3c7c734a"},{"element-6066-11e4-a52e-4f735466cecf":"6f8bea65-7c2a-48f7-a374-c33b917b6066"},{"element-6066-11e4-a52e-4f735466cecf":"7970a8e0-8d29-40cf-932d-94276fdb4561"},{"element-6066-11e4-a52e-4f735466cecf":"30f13c53-ce52-48b8-99b8-4aabdd85a615"},{"element-6066-11e4-a52e-4f735466cecf":"8ae58339-3535-41a0-85a3-1fe9c163be42"},{"element-6066-11e4-a52e-4f735466cecf":"47a94aa8-13bb-4399-99f8-ee6ea880e38f"},{"element-6066-11e4-a52e-4f735466cecf":"93830dab-2cfc-4537-9d5b-17df3c33e30b"},{"element-6066-11e4-a52e-4f735466cecf":"1b46bc3c-24a8-42f7-8a69-3a37ab088f7a"},{"element-6066-11e4-a52e-4f735466cecf":"81f4d0dc-9b45-4982-b8e5-44fc3c536b75"},{"element-6066-11e4-a52e-4f735466cecf":"2abf9500-e0ce-45af-91c5-68fe172bdd2f"},{"element-6066-11e4-a52e-4f735466cecf":"2e528df4-3ab4-4746-a11e-9b92bec87c86"},{"element-6066-11e4-a52e-4f735466cecf":"70dd5951-90ce-42e5-9577-be1c04074499"},{"element-6066-11e4-a52e-4f735466cecf":"8a7481a6-ede3-4701-801f-721bfdfd0fcd"},{"element-6066-11e4-a52e-4f735466cecf":"1d3453ac-0956-4243-93c1-b09c3d409ed9"},{"element-6066-11e4-a52e-4f735466cecf":"d559cc6f-6b9d-47ba-89fc-a4b92867cde9"},{"element-6066-11e4-a52e-4f735466cecf":"52c83764-b32d-4cde-b1d9-070dcb7d9d1b"},{"element-6066-11e4-a52e-4f735466cecf":"d51baada-5394-4ee7-84da-ac243ac52656"},{"element-6066-11e4-a52e-4f735466cecf":"12a7dab9-9d90-4a95-b5ac-648afb09fe57"},{"element-6066-11e4-a52e-4f735466cecf":"6fcf18df-227e-44c4-8b00-a4acb8aab3af"},{"element-6066-11e4-a52e-4f735466cecf":"ce44372d-a9b6-4e8e-b0b8-77d23080909d"},{"element-6066-11e4-a52e-4f735466cecf":"cccb5d5c-eb78-4567-bd7c-39e9d31e2591"},{"element-6066-11e4-a52e-4f735466cecf":"3af70506-9145-4cbc-9245-2a6f84153d8a"},{"element-6066-11e4-a52e-4f735466cecf":"64569718-09f9-4ba4-8350-155449765e53"},{"element-6066-11e4-a52e-4f735466cecf":"f5171848-7591-471f-a180-fd13440cf56e"},{"element-6066-11e4-a52e-4f735466cecf":"0cf31fd9-e552-4cbd-8e85-74a8ac35c3a4"},{"element-6066-11e4-a52e-4f735466cecf":"477fd783-b450-4af6-ab21-b67142423449"},{"element-6066-11e4-a52e-4f735466cecf":"af33102c-02f7-4f0a-825f-c170eaa3a7db"},{"element-6066-11e4-a52e-4f735466cecf":"6d3a9997-40e1-418c-bfcc-fa4594eb3f11"},{"element-6066-11e4-a52e-4f735466cecf":"9943f5f6-196d-4340-b59a-b4ac05a472e4"},{"element-6066-11e4-a52e-4f735466cecf":"55865d38-130f-4a3f-920f-cbe4b400c992"},{"element-6066-11e4-a52e-4f735466cecf":"acac70a0-fa8a-4875-ace7-08711e608bad"},{"element-6066-11e4-a52e-4f735466cecf":"04b301aa-153a-4610-b455-7f0a0833ab2e"},{"element-6066-11e4-a52e-4f735466cecf":"3c9b7072-d195-48a9-a641-1e654d649ce9"},{"element-6066-11e4-a52e-4f735466cecf":"3d36d66b-5b89-4837-a25e-77f68acb695e"},{"element-6066-11e4-a52e-4f735466cecf":"0f077bbd-99fd-4317-997d-c194f21bd623"},{"element-6066-11e4-a52e-4f735466cecf":"f4a70af2-e459-414b-a695-fdadd2afc9ad"},{"element-6066-11e4-a52e-4f735466cecf":"b23eae8c-8327-4041-934d-5f29d23c0124"},{"element-6066-11e4-a52e-4f735466cecf":"4d656037-2852-4603-a831-60baa8537cca"},{"element-6066-11e4-a52e-4f735466cecf":"4e8553bd-7c78-404c-b2bc-647b6362077f"},{"element-6066-11e4-a52e-4f735466cecf":"f6f1322c-dfee-409b-bd42-91b389efb58c"},{"element-6066-11e4-a52e-4f735466cecf":"5791003e-1a63-4da3-8ccc-56b409e2ef8f"},{"element-6066-11e4-a52e-4f735466cecf":"ab5401d9-7f26-4ff2-8fe4-e7b7797b730d"},{"element-6066-11e4-a52e-4f735466cecf":"693e4bc0-7a63-4358-9018-067038edfc4f"},{"element-6066-11e4-a52e-4f735466cecf":"0afbedbe-5a16-4f80-ad15-0d04023caf20"},{"element-6066-11e4-a52e-4f735466cecf":"e23c6981-2099-455f-bd6e-8a47d2118303"},{"element-6066-11e4-a52e-4f735466cecf":"9184e175-7ebf-447d-b9c5-d66b24a77bae"},{"element-6066-11e4-a52e-4f735466cecf":"e15359dd-47f0-4423-bf66-2e32d014be97"},{"element-6066-11e4-a52e-4f735466cecf":"58cc7849-27f8-4150-a73a-f603872884de"},{"element-6066-11e4-a52e-4f735466cecf":"404a453b-c615-48d8-879f-008344a228de"},{"element-6066-11e4-a52e-4f735466cecf":"c8771887-83de-4ae4-856f-6b80a137a1d4"},{"element-6066-11e4-a52e-4f735466cecf":"f7ce0b4c-2e9c-411b-aa88-1fef6a0d1c40"},{"element-6066-11e4-a52e-4f735466cecf":"b46414aa-8d4e-4ccc-973d-44b7c8daf265"},{"element-6066-11e4-a52e-4f735466cecf":"913ecaf7-af47-4f06-8238-150871417362"},{"element-6066-11e4-a52e-4f735466cecf":"809a8b02-7b74-4fb1-b448-080fb982356e"},{"element-6066-11e4-a52e-4f735466cecf":"5fd7994f-1b31-4431-b4a4-d80ad2521cd1"},{"element-6066-11e4-a52e-4f735466cecf":"ff803a2c-4992-4d6a-82b5-24ff720574db"},{"element-6066-11e4-a52e-4f735466cecf":"08d57c5c-f7fd-4bb6-8c00-80de00efbabd"},{"element-6066-11e4-a52e-4f735466cecf":"2e7845a5-0c6a-455d-bdd5-4ab9312ef107"},{"element-6066-11e4-a52e-4f735466cecf":"0d5f6118-ab85-4c4c-b1ed-ab58a002a91e"},{"element-6066-11e4-a52e-4f735466cecf":"a719a8a9-be2c-4538-b6ba-d8b20180b31d"},{"element-6066-11e4-a52e-4f735466cecf":"a29caf51-a71d-49f9-aad9-a3c0268d51b1"},{"element-6066-11e4-a52e-4f735466cecf":"0a02f937-cc03-407e-b47c-2e63658d870f"},{"element-6066-11e4-a52e-4f735466cecf":"71de6106-65c7-406a-a69f-f619d537ddce"},{"element-6066-11e4-a52e-4f735466cecf":"8674b453-abb9-4bbe-93a5-baaeb2477034"},{"element-6066-11e4-a52e-4f735466cecf":"342f74b0-42d5-4b67-8cd8-f3cefe11a6f2"},{"element-6066-11e4-a52e-4f735466cecf":"1ccdf8a4-4e1c-4303-bac0-ac982a2263f5"},{"element-6066-11e4-a52e-4f735466cecf":"3e815b10-af71-41ad-8afb-866685f05a94"},{"element-6066-11e4-a52e-4f735466cecf":"3afa9fb7-8b60-45b5-a0fc-2509c57a71ec"},{"element-6066-11e4-a52e-4f735466cecf":"32d829f3-80a1-4988-a23d-21d6c0cdbd61"},{"element-6066-11e4-a52e-4f735466cecf":"27ea6a8a-1bc5-4382-8084-84a784070440"},{"element-6066-11e4-a52e-4f735466cecf":"7a8039c6-951d-418d-a944-5e8504d84ff0"},{"element-6066-11e4-a52e-4f735466cecf":"89e9e670-2c03-422a-a7c6-a6158fb93cbc"},{"element-6066-11e4-a52e-4f735466cecf":"d1451ff9-78ed-4f95-b815-f9045376055f"},{"element-6066-11e4-a52e-4f735466cecf":"9695edce-59aa-43a3-9b46-f9ceeeb0fa96"},{"element-6066-11e4-a52e-4f735466cecf":"c633f962-42de-41a3-9150-4be55a775dd5"},{"element-6066-11e4-a52e-4f735466cecf":"5703fb9a-4910-4ff9-9803-738a870638d0"},{"element-6066-11e4-a52e-4f735466cecf":"99b17e5e-c05e-4784-8fee-3e27d7b216ec"},{"element-6066-11e4-a52e-4f735466cecf":"2f8fc98f-6d36-4ef7-950e-b5e581bfff9d"},{"element-6066-11e4-a52e-4f735466cecf":"05eff437-a97d-46b8-afa5-3de4a54d2c7c"},{"element-6066-11e4-a52e-4f735466cecf":"6978c459-45e2-4d17-9220-eb8551bc9137"},{"element-6066-11e4-a52e-4f735466cecf":"0144731e-4818-4d61-bb50-f8c8b108d86c"},{"element-6066-11e4-a52e-4f735466cecf":"611cb4af-9245-4c32-b45d-8e449b12bf4e"},{"element-6066-11e4-a52e-4f735466cecf":"5bb46aea-b3af-4596-a587-33f063e40719"},{"element-6066-11e4-a52e-4f735466cecf":"66682059-e764-49a4-9dcb-42f4cbf95d53"},{"element-6066-11e4-a52e-4f735466cecf":"d0bb702b-e01b-4160-b1d9-2826599c8d9c"},{"element-6066-11e4-a52e-4f735466cecf":"e83c4350-aceb-4199-ae00-78bb5d78c5f5"},{"element-6066-11e4-a52e-4f735466cecf":"f2f265b6-2bfc-4c43-88a7-48b67615063a"},{"element-6066-11e4-a52e-4f735466cecf":"903b3094-cdcb-4fc3-8fa8-40b582b2882a"},{"element-6066-11e4-a52e-4f735466cecf":"e10b8f0b-583e-4e94-89ac-40ffc9e115a3"},{"element-6066-11e4-a52e-4f735466cecf":"11d5d492-9d64-44d8-bc78-1cd6f17e457c"},{"element-6066-11e4-a52e-4f735466cecf":"1a8bffe4-c54e-4284-b0c6-a1479562f20d"},{"element-6066-11e4-a52e-4f735466cecf":"11b7c810-9523-4b51-bcef-337b609fccb8"},{"element-6066-11e4-a52e-4f735466cecf":"b771a1c4-a216-4c6e-a16b-24d6d82432ae"},{"element-6066-11e4-a52e-4f735466cecf":"986d95b2-f4e3-4bc1-8bb4-36ad97c350a8"},{"element-6066-11e4-a52e-4f735466cecf":"9b824f2f-7845-4b46-ae7f-58f47cc5cccb"},{"element-6066-11e4-a52e-4f735466cecf":"b7d75ad9-ffdd-4169-9503-e872edd5d259"},{"element-6066-11e4-a52e-4f735466cecf":"64bbdf84-bc3e-41c5-87b2-f39896bd9088"},{"element-6066-11e4-a52e-4f735466cecf":"0015d7f1-abd8-44bd-be71-cc14312306c7"},{"element-6066-11e4-a52e-4f735466cecf":"53ebe76d-2f8d-4d38-9cc8-e4659df5b889"},{"element-6066-11e4-a52e-4f735466cecf":"de27c64b-a63e-4912-8947-02aee3019293"},{"element-6066-11e4-a52e-4f735466cecf":"3b54a109-a166-4d90-bfd4-c29ad3e4e9af"},{"element-6066-11e4-a52e-4f735466cecf":"27b0cf2c-5644-4daf-9269-463ffd1242eb"},{"element-6066-11e4-a52e-4f735466cecf":"5011a452-92fe-4842-baf8-31049add1c4f"},{"element-6066-11e4-a52e-4f735466cecf":"c891fdcc-401e-4d87-953d-2473e479e4ec"},{"element-6066-11e4-a52e-4f735466cecf":"b5246087-855a-4413-8932-1a9e772b87c3"},{"element-6066-11e4-a52e-4f735466cecf":"d3eceb5d-1322-494f-aea0-80f36e172282"},{"element-6066-11e4-a52e-4f735466cecf":"04dce585-57b6-444a-8c2b-1d94e2a1ea69"},{"element-6066-11e4-a52e-4f735466cecf":"bdfcd3f4-352d-48db-b960-76fca9ac0b94"},{"element-6066-11e4-a52e-4f735466cecf":"8db4c818-58d2-4d3a-83cd-d7d423128df4"},{"element-6066-11e4-a52e-4f735466cecf":"9dc29cc1-ada4-4ea6-b930-d4a46b01f6f5"},{"element-6066-11e4-a52e-4f735466cecf":"95bb5637-a801-4063-a59a-ac333b392c68"},{"element-6066-11e4-a52e-4f735466cecf":"e20758c9-2516-4182-8ccd-229015a7c163"},{"element-6066-11e4-a52e-4f735466cecf":"6e27caa6-fffc-435d-8580-2aeecff917e6"},{"element-6066-11e4-a52e-4f735466cecf":"ddd55887-0c93-402d-99c0-c43a5cc7f5f6"},{"element-6066-11e4-a52e-4f735466cecf":"fc7779d9-a3f5-4042-af7a-903265e74300"},{"element-6066-11e4-a52e-4f735466cecf":"2905aa09-4263-4b15-902a-365d10825d83"},{"element-6066-11e4-a52e-4f735466cecf":"b1e8247f-2aa1-4544-812d-fdc98813427a"},{"element-6066-11e4-a52e-4f735466cecf":"04c48dea-2824-449b-9c88-5590d839d91e"},{"element-6066-11e4-a52e-4f735466cecf":"4430e4c7-0c2b-41f8-aa5b-68295afb241e"},{"element-6066-11e4-a52e-4f735466cecf":"62087e6c-8e76-42a5-b5f3-a0c496108424"},{"element-6066-11e4-a52e-4f735466cecf":"34db1274-0a96-4c2a-85ff-e1663fa4d854"},{"element-6066-11e4-a52e-4f735466cecf":"e516eec3-9087-487a-8076-2a3a5786566c"},{"element-6066-11e4-a52e-4f735466cecf":"575430c3-cd40-432b-be79-56dc8cb13fc8"},{"element-6066-11e4-a52e-4f735466cecf":"9a3c1d0a-f8cd-4d66-83c9-97bb19d36294"},{"element-6066-11e4-a52e-4f735466cecf":"a042ee4c-7da3-470d-a1c2-db118078dca9"},{"element-6066-11e4-a52e-4f735466cecf":"eba4a581-e074-489d-be29-ceb71f8dddfc"},{"element-6066-11e4-a52e-4f735466cecf":"577bcaa1-a4f6-4217-bad8-c9d6f8c50cce"},{"element-6066-11e4-a52e-4f735466cecf":"8b21e949-9ab1-4f94-90bc-f107869099c8"},{"element-6066-11e4-a52e-4f735466cecf":"6b5e9e8d-d737-4c43-8409-ea4d0d8be93f"},{"element-6066-11e4-a52e-4f735466cecf":"5c8262ed-26d2-47bb-8f84-9786c3a60261"},{"element-6066-11e4-a52e-4f735466cecf":"f066f61d-f974-45e4-ab2d-3c637109d032"},{"element-6066-11e4-a52e-4f735466cecf":"8ada8efc-30ec-44e9-a576-f8eb69574062"},{"element-6066-11e4-a52e-4f735466cecf":"054ff0d7-4412-48b1-bdc5-fa1492243d06"},{"element-6066-11e4-a52e-4f735466cecf":"c6b386d4-7995-4ae8-87e2-9c33cb405afa"},{"element-6066-11e4-a52e-4f735466cecf":"1626e5a7-cf65-4a13-9ff7-081642ad0b3c"},{"element-6066-11e4-a52e-4f735466cecf":"65e8d93b-6128-4bbe-9b42-cd114fb149d9"},{"element-6066-11e4-a52e-4f735466cecf":"e7031c3a-974e-4c62-8b45-a626dfbdf728"},{"element-6066-11e4-a52e-4f735466cecf":"0a9f5c97-f023-4cba-b403-cc34cb1e7409"},{"element-6066-11e4-a52e-4f735466cecf":"f0e0dc14-9cd4-4a4c-893d-0b2ddf755555"},{"element-6066-11e4-a52e-4f735466cecf":"07f8466d-8507-4693-88c2-f478f9c4edd5"},{"element-6066-11e4-a52e-4f735466cecf":"7067a1ed-233c-4ef9-9f30-99e31706525b"},{"element-6066-11e4-a52e-4f735466cecf":"f1d17b2c-86ee-48da-9e4e-f9ad04bb4dea"},{"element-6066-11e4-a52e-4f735466cecf":"993fb675-e6a7-4919-bd22-bd9eb91c1ed9"},{"element-6066-11e4-a52e-4f735466cecf":"47cb1954-6428-4c43-8228-76149193b426"},{"element-6066-11e4-a52e-4f735466cecf":"69cb5a82-bb35-49c0-8346-a3465b189814"},{"element-6066-11e4-a52e-4f735466cecf":"ad13f690-c310-45cc-bbfc-eaeeb2d39cab"},{"element-6066-11e4-a52e-4f735466cecf":"d52d510c-58a6-4136-854e-92803fb258b7"},{"element-6066-11e4-a52e-4f735466cecf":"ac4c891a-0bbf-466b-8b8c-9e4d01de35b2"},{"element-6066-11e4-a52e-4f735466cecf":"f047d58b-8cfb-4b53-abeb-6395e5a275d0"},{"element-6066-11e4-a52e-4f735466cecf":"811d08c3-b6d0-4939-822e-dc10335c7fb8"},{"element-6066-11e4-a52e-4f735466cecf":"2b0930b1-2088-4ada-8103-87a51ed9bf37"},{"element-6066-11e4-a52e-4f735466cecf":"4d2f925a-ec87-48da-8159-a7f4dd030a5c"},{"element-6066-11e4-a52e-4f735466cecf":"b984c532-aee6-4187-961c-6edc0e2d58cf"},{"element-6066-11e4-a52e-4f735466cecf":"99f81ea6-6850-48e9-bf0d-6b4ff21ad6c9"},{"element-6066-11e4-a52e-4f735466cecf":"36062636-6493-4959-82d1-f9489392f561"},{"element-6066-11e4-a52e-4f735466cecf":"46ae4125-3f5f-4388-81c0-38ab77b08b74"},{"element-6066-11e4-a52e-4f735466cecf":"97fb41d7-3a8c-444a-bf7d-51de95876e93"},{"element-6066-11e4-a52e-4f735466cecf":"94adb51b-8ae6-4191-ae55-6475f9841779"},{"element-6066-11e4-a52e-4f735466cecf":"87b6812d-ad46-417a-b28f-20109cd81b08"},{"element-6066-11e4-a52e-4f735466cecf":"0322778e-5e63-4cca-8bb1-4ad1f0490b3c"},{"element-6066-11e4-a52e-4f735466cecf":"20b04ed2-e0b9-4ef9-aac6-17606e32b577"},{"element-6066-11e4-a52e-4f735466cecf":"301569ff-2a96-43cf-a07d-c703d3102ac6"},{"element-6066-11e4-a52e-4f735466cecf":"d85a83a7-1bab-4987-a718-5fa405aa2c02"},{"element-6066-11e4-a52e-4f735466cecf":"18a46c7d-5e0c-4c5c-a743-f80201ad5eb3"},{"element-6066-11e4-a52e-4f735466cecf":"163a1bec-a97b-4d33-a996-2ada1447a3e3"},{"element-6066-11e4-a52e-4f735466cecf":"a1c38935-8844-4540-8fd5-e4b0d969d745"},{"element-6066-11e4-a52e-4f735466cecf":"eda372b0-b774-4448-bbb7-a2cc969f16b3"},{"element-6066-11e4-a52e-4f735466cecf":"b4f07ce5-520f-49c7-bf19-1a12dda61383"},{"element-6066-11e4-a52e-4f735466cecf":"20e6e26c-46a8-4706-a566-0b9b28a3d49f"},{"element-6066-11e4-a52e-4f735466cecf":"d38578ac-baeb-4ecf-87d3-de107f416533"},{"element-6066-11e4-a52e-4f735466cecf":"d48dd88d-a91b-4a86-973f-4ff819bd64f3"},{"element-6066-11e4-a52e-4f735466cecf":"22156518-2a43-4dc9-be3d-850ddd799da6"},{"element-6066-11e4-a52e-4f735466cecf":"b2eb2a15-86f5-4f98-9e8f-50c2add7d0bb"},{"element-6066-11e4-a52e-4f735466cecf":"9f998212-9841-4c15-ab71-7fd4d28a6e11"},{"element-6066-11e4-a52e-4f735466cecf":"37e44105-ac75-4b24-8996-a00399f6c546"},{"element-6066-11e4-a52e-4f735466cecf":"b42a04e6-f85c-4b97-81df-1e676a4fb297"},{"element-6066-11e4-a52e-4f735466cecf":"74a60ca9-4667-4827-a8af-8a7b2040aa65"},{"element-6066-11e4-a52e-4f735466cecf":"3d1e958b-4f0f-4200-bdc6-7a742c12143d"},{"element-6066-11e4-a52e-4f735466cecf":"bf2a1284-7df6-4098-9ca1-6d8ca3c9de93"},{"element-6066-11e4-a52e-4f735466cecf":"cd40842e-25eb-447a-91f8-1179928920af"},{"element-6066-11e4-a52e-4f735466cecf":"1af07d9b-040d-4eb7-a16a-627be2ac641e"},{"element-6066-11e4-a52e-4f735466cecf":"3e82e7e4-91a5-499c-a224-3ac08f3c074f"},{"element-6066-11e4-a52e-4f735466cecf":"c81e5edf-cda1-4967-8517-bcc9a8a37829"},{"element-6066-11e4-a52e-4f735466cecf":"fc5cb59a-d877-48fa-99c3-45f06b0bd436"},{"element-6066-11e4-a52e-4f735466cecf":"1a457d89-f46d-4581-8ad9-bb92d9dc99a1"},{"element-6066-11e4-a52e-4f735466cecf":"5c7bff39-0822-49c3-bd58-982fdcbb1413"},{"element-6066-11e4-a52e-4f735466cecf":"040ed559-12d7-4263-8cce-5d62e65a24ed"},{"element-6066-11e4-a52e-4f735466cecf":"954b5157-066d-4e6a-ac51-1a36c1e9c58a"},{"element-6066-11e4-a52e-4f735466cecf":"15d42076-4d65-4a33-89c5-e2797aa4313f"},{"element-6066-11e4-a52e-4f735466cecf":"b9a247f1-24db-4236-ab88-65f7654c7767"},{"element-6066-11e4-a52e-4f735466cecf":"d3c1af80-8bcb-4669-aec1-354d7b117e6f"},{"element-6066-11e4-a52e-4f735466cecf":"711a62f9-4be0-49ae-8caa-34cc9d20c8b0"},{"element-6066-11e4-a52e-4f735466cecf":"7c31b69f-3ebb-44d1-bba2-66f56d99ad0a"},{"element-6066-11e4-a52e-4f735466cecf":"825a0016-a0d5-44ac-a8a2-ff58ee6b9a56"},{"element-6066-11e4-a52e-4f735466cecf":"1188afa6-4364-4188-a00a-7fbc986ef32c"},{"element-6066-11e4-a52e-4f735466cecf":"ed0dcf60-a5eb-422b-947f-dbb3b6880bb1"},{"element-6066-11e4-a52e-4f735466cecf":"a444bf4f-5c86-4c7f-9570-d0049946343c"},{"element-6066-11e4-a52e-4f735466cecf":"116e5e56-7215-4a75-a6fe-3f2d78507f67"},{"element-6066-11e4-a52e-4f735466cecf":"176de5ed-c901-4014-9151-d116de7fea87"},{"element-6066-11e4-a52e-4f735466cecf":"8749ee9b-2f8b-4d78-bea9-b995935efe74"},{"element-6066-11e4-a52e-4f735466cecf":"d355a838-837c-478c-98b7-a6fa837177b2"},{"element-6066-11e4-a52e-4f735466cecf":"9ac5727a-5dd8-4157-8c4e-f0e05dc314d4"},{"element-6066-11e4-a52e-4f735466cecf":"4f9809f2-4369-422e-b3bd-43771b9e81c2"},{"element-6066-11e4-a52e-4f735466cecf":"ebbc1843-326b-42eb-b4cf-b42e584edf4c"},{"element-6066-11e4-a52e-4f735466cecf":"5d632c51-be5e-4838-a90c-c9a72b154f2e"},{"element-6066-11e4-a52e-4f735466cecf":"06574b60-0078-4bb2-9d7e-7883874e1ceb"},{"element-6066-11e4-a52e-4f735466cecf":"26d80cee-7155-49ab-a3db-d686a11bb74a"},{"element-6066-11e4-a52e-4f735466cecf":"a538dead-59b5-4e11-971b-022bb359eb80"},{"element-6066-11e4-a52e-4f735466cecf":"cf59394b-2773-4f26-89d6-f084b6f6e8b4"},{"element-6066-11e4-a52e-4f735466cecf":"972a980b-e903-415f-aca9-83d480acc186"},{"element-6066-11e4-a52e-4f735466cecf":"728cb1e4-078e-4b47-9ef4-71698b6ff1f0"},{"element-6066-11e4-a52e-4f735466cecf":"1c405037-df82-4018-bc6a-edfddcb4f134"},{"element-6066-11e4-a52e-4f735466cecf":"e96f4a60-a2de-4186-bcf0-73ff947c252a"},{"element-6066-11e4-a52e-4f735466cecf":"221c1010-3f34-4f9a-8b83-fee361b2db0b"},{"element-6066-11e4-a52e-4f735466cecf":"254aa2db-93d4-4a0c-9eac-a812e0c387c6"},{"element-6066-11e4-a52e-4f735466cecf":"5e520fa6-d64e-486a-acd2-98365c0669a4"},{"element-6066-11e4-a52e-4f735466cecf":"bd6251bd-1db9-4d03-8f1c-71dcb0409ee5"},{"element-6066-11e4-a52e-4f735466cecf":"53629d98-adb1-4115-8466-50bfb1c5924e"},{"element-6066-11e4-a52e-4f735466cecf":"03228a03-0c05-4f5a-9c34-5280bbd17ae7"},{"element-6066-11e4-a52e-4f735466cecf":"b89c558d-062b-44b1-9133-c0437ce080bd"},{"element-6066-11e4-a52e-4f735466cecf":"395e0d7e-2569-47f0-a9ce-85bc05c39b3a"},{"element-6066-11e4-a52e-4f735466cecf":"158ad840-824c-4ef2-af57-d1b1619001cb"},{"element-6066-11e4-a52e-4f735466cecf":"7e3ed2cc-d662-4ffb-8a89-f896dd2fef36"},{"element-6066-11e4-a52e-4f735466cecf":"f23d53a4-b13d-420d-96eb-1a0066b38814"},{"element-6066-11e4-a52e-4f735466cecf":"514df4b2-5c94-44c3-846d-29c0351d21e0"},{"element-6066-11e4-a52e-4f735466cecf":"e3fa8af6-1fe6-4c42-909a-3e4f27440bbd"},{"element-6066-11e4-a52e-4f735466cecf":"8295d3a5-9390-4df9-bb89-772d9b3f5a5c"},{"element-6066-11e4-a52e-4f735466cecf":"c08261a8-0253-4f26-bbd7-dd25862cc714"},{"element-6066-11e4-a52e-4f735466cecf":"582e6a5b-a094-49b2-81e6-44aed1293893"},{"element-6066-11e4-a52e-4f735466cecf":"9339109b-7977-41ea-812f-0a59518bd41f"},{"element-6066-11e4-a52e-4f735466cecf":"1f1baf2b-d4e0-434b-b571-5a545abce7d4"},{"element-6066-11e4-a52e-4f735466cecf":"e93f6ae2-e347-4a3d-9e8a-1a9a1c1fdb76"},{"element-6066-11e4-a52e-4f735466cecf":"64b36836-ea93-41d7-928b-d163fa4f1a1a"},{"element-6066-11e4-a52e-4f735466cecf":"a5474388-3723-45e5-9614-f86c3c59ce02"},{"element-6066-11e4-a52e-4f735466cecf":"bbf0d0c8-94e7-4323-9d33-6a032c1767ad"},{"element-6066-11e4-a52e-4f735466cecf":"fece24a7-783e-44f9-a758-04e8f962d1bf"},{"element-6066-11e4-a52e-4f735466cecf":"b17e4e4e-80d4-4934-98a5-ac206faf9b0e"},{"element-6066-11e4-a52e-4f735466cecf":"598ff05f-c188-4ed0-bb2c-bf63343737d1"},{"element-6066-11e4-a52e-4f735466cecf":"d52658d1-0a67-4126-8aff-93ec758f6d61"},{"element-6066-11e4-a52e-4f735466cecf":"d4177dd9-cdec-48e0-b16f-7e59a50a1db1"},{"element-6066-11e4-a52e-4f735466cecf":"8e26bddb-62bf-4d39-befb-732c40282414"},{"element-6066-11e4-a52e-4f735466cecf":"be8efeb6-854d-42c5-af30-e9a6727c0edd"},{"element-6066-11e4-a52e-4f735466cecf":"57affd7c-62af-493a-9af0-ee531184f6e3"},{"element-6066-11e4-a52e-4f735466cecf":"915830b9-6321-426b-a67a-c58e03912898"},{"element-6066-11e4-a52e-4f735466cecf":"f297de0e-8f18-4c3a-8cd7-8b102c917848"},{"element-6066-11e4-a52e-4f735466cecf":"fe518d44-569e-4675-b1f7-4203aa110dab"},{"element-6066-11e4-a52e-4f735466cecf":"9e0dde49-7b53-4231-b2dd-f0624366d671"},{"element-6066-11e4-a52e-4f735466cecf":"c8e64128-31ca-461e-9188-cdd570ecf223"},{"element-6066-11e4-a52e-4f735466cecf":"adc24b02-c6c5-41a1-894a-d9d986c504c7"},{"element-6066-11e4-a52e-4f735466cecf":"3d58ffd5-5084-43eb-a339-13257eb6d76d"},{"element-6066-11e4-a52e-4f735466cecf":"169dadd8-2700-49a9-8626-1b1e0f7733fe"},{"element-6066-11e4-a52e-4f735466cecf":"ad0c209c-c2ab-440d-90f7-1578165efc60"},{"element-6066-11e4-a52e-4f735466cecf":"04c2ea5f-2272-42c6-8e0c-6fbc99a5474b"},{"element-6066-11e4-a52e-4f735466cecf":"138889e2-8bd0-4336-9db6-9aa53f8da5e0"},{"element-6066-11e4-a52e-4f735466cecf":"d7f90a45-b7a0-4965-9614-f65b780d3496"},{"element-6066-11e4-a52e-4f735466cecf":"8cb4681e-7182-4fea-b3a7-70939040db0d"},{"element-6066-11e4-a52e-4f735466cecf":"ca7cd21e-9f51-41a9-82ff-c4c106f31c26"},{"element-6066-11e4-a52e-4f735466cecf":"983eff5e-be11-427a-970c-181518f58cdc"},{"element-6066-11e4-a52e-4f735466cecf":"9cdbcbea-e605-4c4f-9c73-ecd2b7dfbaa4"},{"element-6066-11e4-a52e-4f735466cecf":"252d9b57-d3bc-4516-914f-78bde56c95f7"},{"element-6066-11e4-a52e-4f735466cecf":"b6505c96-d6cb-4227-81f9-027f6e501650"},{"element-6066-11e4-a52e-4f735466cecf":"692194e8-8907-4d38-bb0b-265800d12243"},{"element-6066-11e4-a52e-4f735466cecf":"a11dce04-db80-4b7b-852e-5f3632d5411d"},{"element-6066-11e4-a52e-4f735466cecf":"c0bc7804-f122-4245-9c35-3c69c165d953"},{"element-6066-11e4-a52e-4f735466cecf":"a871da80-9a74-4bf3-9579-93ba57a49830"},{"element-6066-11e4-a52e-4f735466cecf":"3f9e3b55-618e-4404-ab28-3506abbaf7f3"},{"element-6066-11e4-a52e-4f735466cecf":"af26e7ff-7375-4039-878f-18f228890c88"},{"element-6066-11e4-a52e-4f735466cecf":"86405ef2-a340-4f89-b8d0-cf7bd1294581"},{"element-6066-11e4-a52e-4f735466cecf":"bbfaa551-1fee-4277-a46f-7c91e64bf20f"},{"element-6066-11e4-a52e-4f735466cecf":"7469ade2-f201-464a-927f-fcf78f396437"},{"element-6066-11e4-a52e-4f735466cecf":"6a1a14a5-a5c3-47dc-a0fd-195bcd78e249"},{"element-6066-11e4-a52e-4f735466cecf":"db7de7eb-a70b-4bc9-a570-84276e4704de"},{"element-6066-11e4-a52e-4f735466cecf":"3e2a5a51-3315-415e-905b-3e1d04d32cf2"},{"element-6066-11e4-a52e-4f735466cecf":"1c41512c-8c59-4905-8a81-79c902f2f021"},{"element-6066-11e4-a52e-4f735466cecf":"b9e0c486-0eaf-4b9c-bc87-0c056809185f"},{"element-6066-11e4-a52e-4f735466cecf":"106c63bd-4b63-4bac-b356-c6b86ac9e781"},{"element-6066-11e4-a52e-4f735466cecf":"86f2897a-92ea-4674-9f73-efb2e04782fd"},{"element-6066-11e4-a52e-4f735466cecf":"a70211e9-5de5-4524-b647-c982a0372a76"},{"element-6066-11e4-a52e-4f735466cecf":"5ee770f8-dd7b-4191-bfe5-1311d9cf0a01"},{"element-6066-11e4-a52e-4f735466cecf":"37cfc83e-f4a8-4aa2-9434-3502357e063a"},{"element-6066-11e4-a52e-4f735466cecf":"4a42f58a-5bce-492b-b8bb-49ac2c1361bd"},{"element-6066-11e4-a52e-4f735466cecf":"03473637-c6e3-4ec1-b93c-8ac9e8d92b9e"},{"element-6066-11e4-a52e-4f735466cecf":"50bec7c2-4c35-4256-b9ec-9e4bca8d3797"},{"element-6066-11e4-a52e-4f735466cecf":"8c3d26d4-f569-444e-88dd-b2fd7c3f5f20"},{"element-6066-11e4-a52e-4f735466cecf":"18468e1b-acc9-4f3f-b70b-46b27adb026d"},{"element-6066-11e4-a52e-4f735466cecf":"84493e90-f134-47c8-9c9c-90d9dd07e7b3"},{"element-6066-11e4-a52e-4f735466cecf":"c8c20e09-44b9-40bc-a53d-ccacb458227a"},{"element-6066-11e4-a52e-4f735466cecf":"05fbbeda-06a8-4c6a-8f1e-25a708548107"},{"element-6066-11e4-a52e-4f735466cecf":"db329928-9049-4384-9b54-ffdbc8366412"},{"element-6066-11e4-a52e-4f735466cecf":"5eb23c30-eb17-4976-9096-db5701f19e7e"},{"element-6066-11e4-a52e-4f735466cecf":"91607d40-f7c3-4f91-b66f-59e6e3e1e4f0"},{"element-6066-11e4-a52e-4f735466cecf":"a7528670-2c11-4e7c-9acc-a608849fb686"},{"element-6066-11e4-a52e-4f735466cecf":"22d638f8-b64c-43b7-a911-f0b0dba0c031"},{"element-6066-11e4-a52e-4f735466cecf":"a71905cd-2bd1-4f2e-baed-eb2943f911fb"},{"element-6066-11e4-a52e-4f735466cecf":"865ea2ed-382e-4f74-90e0-ca2a80ff09fc"},{"element-6066-11e4-a52e-4f735466cecf":"73f29b55-2013-465f-a0ee-6318479910bd"},{"element-6066-11e4-a52e-4f735466cecf":"28aab5a0-3e52-4489-a6c0-3355549d7bc3"},{"element-6066-11e4-a52e-4f735466cecf":"0e44c7cf-c45f-4ba8-833f-2a21a698405d"},{"element-6066-11e4-a52e-4f735466cecf":"8b487050-bdca-4246-a7a1-0d368e13c599"},{"element-6066-11e4-a52e-4f735466cecf":"7eda941c-4d84-4c0e-a58a-5fbd081c162f"},{"element-6066-11e4-a52e-4f735466cecf":"08c227f8-9b84-4f16-9161-4dfcb00f880b"},{"element-6066-11e4-a52e-4f735466cecf":"10712b8c-5b4a-4f33-a95f-c6745d44f7d1"},{"element-6066-11e4-a52e-4f735466cecf":"07ed6c0f-b5dd-4b82-9dea-c3f79fe1e86a"},{"element-6066-11e4-a52e-4f735466cecf":"79f3732d-937c-4209-ab88-d6fa5da0503a"},{"element-6066-11e4-a52e-4f735466cecf":"acb42262-1f13-481d-b31a-57218d896f27"},{"element-6066-11e4-a52e-4f735466cecf":"e6eabcca-6635-4426-b4e2-1d289e5d45b2"},{"element-6066-11e4-a52e-4f735466cecf":"bcf77d71-c8f6-4f80-8471-bc336c733fa3"},{"element-6066-11e4-a52e-4f735466cecf":"6813fc49-bbf5-4ec4-b69f-0fa25db68755"},{"element-6066-11e4-a52e-4f735466cecf":"899d0bf2-f2b6-4cab-a5ba-5214b37f47ac"},{"element-6066-11e4-a52e-4f735466cecf":"641552e6-8f36-4d37-9626-29c19e04734d"},{"element-6066-11e4-a52e-4f735466cecf":"26456a7a-9cdd-4c57-a5e7-fdb29bef7ee9"},{"element-6066-11e4-a52e-4f735466cecf":"5d159292-b3d8-4992-8a7b-2408f9369875"},{"element-6066-11e4-a52e-4f735466cecf":"68731403-12da-44a1-afe3-cf93b007fb99"},{"element-6066-11e4-a52e-4f735466cecf":"8eff73aa-f2f0-45bb-8ac9-eb85aebe8f25"},{"element-6066-11e4-a52e-4f735466cecf":"ebd6aa1d-e174-4377-9d7c-76b26e278b1b"},{"element-6066-11e4-a52e-4f735466cecf":"b0b88dd0-27cf-4449-8c3a-191c4ea243cc"},{"element-6066-11e4-a52e-4f735466cecf":"50cdfd41-6dfe-4cb4-9767-ade57690cb84"},{"element-6066-11e4-a52e-4f735466cecf":"53c0b70e-661d-4030-bdf8-0983692c91a1"},{"element-6066-11e4-a52e-4f735466cecf":"0619a2d4-6c44-4a21-ae15-820a0577ca0b"},{"element-6066-11e4-a52e-4f735466cecf":"d98cf3d4-7d05-4ba7-8549-26c896cb7315"},{"element-6066-11e4-a52e-4f735466cecf":"4e67743a-dcdc-474e-9d19-15025fa071a9"},{"element-6066-11e4-a52e-4f735466cecf":"3015a790-55f9-4c05-9d26-8467775aceee"},{"element-6066-11e4-a52e-4f735466cecf":"38269d29-a363-42a1-bd2d-ef486fdfd06d"},{"element-6066-11e4-a52e-4f735466cecf":"7c39f18e-01f4-4f0b-9fa6-805f7eabbd13"},{"element-6066-11e4-a52e-4f735466cecf":"ee1578cc-a13f-47ce-8100-8973d5f4a883"},{"element-6066-11e4-a52e-4f735466cecf":"74ac4a0a-8fb0-4855-a979-1a5874cdca9a"},{"element-6066-11e4-a52e-4f735466cecf":"18219495-0ca0-483c-aaed-030300499e05"},{"element-6066-11e4-a52e-4f735466cecf":"6c27deae-357a-4a41-9467-e02dd2dbf49d"},{"element-6066-11e4-a52e-4f735466cecf":"342aec5d-8285-425b-ba35-86ce3d0e85b4"},{"element-6066-11e4-a52e-4f735466cecf":"f7378cfd-2ab7-4d01-96e4-84596e738f5c"},{"element-6066-11e4-a52e-4f735466cecf":"ceeb623e-0797-4611-8a72-4bebe705f9ac"},{"element-6066-11e4-a52e-4f735466cecf":"34d5e82d-ea44-443a-ac03-f49bd6d466e1"},{"element-6066-11e4-a52e-4f735466cecf":"02be84a4-332e-4b27-95b1-b28f9328c2bc"},{"element-6066-11e4-a52e-4f735466cecf":"e3e43c2d-605e-457d-9509-6df29974ff8b"},{"element-6066-11e4-a52e-4f735466cecf":"e2138f90-187d-449e-b1ea-f291a2fb9a51"},{"element-6066-11e4-a52e-4f735466cecf":"6033dbbf-0ec8-4cd6-a8f3-5fd052c85a46"},{"element-6066-11e4-a52e-4f735466cecf":"e79ef214-a111-49a4-885e-001f1bf74ff0"},{"element-6066-11e4-a52e-4f735466cecf":"b9b9b9cc-b401-470b-baab-17b4ea0f12c2"},{"element-6066-11e4-a52e-4f735466cecf":"1d93c589-473d-49ad-bb5f-6b878630d54a"},{"element-6066-11e4-a52e-4f735466cecf":"5a50e853-6a9c-4fb5-9a48-6c0fe05b8756"},{"element-6066-11e4-a52e-4f735466cecf":"7c6b349e-06ac-4fd0-bed3-b735be600eac"},{"element-6066-11e4-a52e-4f735466cecf":"7f09216a-e0a7-42b5-8189-076146703ac3"},{"element-6066-11e4-a52e-4f735466cecf":"511423ab-ee2f-436e-8baa-403f218f0ac6"},{"element-6066-11e4-a52e-4f735466cecf":"adaff833-75c9-4136-bdc6-52f99d49ac20"},{"element-6066-11e4-a52e-4f735466cecf":"ef7f86fa-3104-445e-8228-a651b2d5ae98"},{"element-6066-11e4-a52e-4f735466cecf":"a845136a-54e6-4e4a-901e-647b7c349917"},{"element-6066-11e4-a52e-4f735466cecf":"0d14e887-a610-418e-ac7e-29bcf71f555b"},{"element-6066-11e4-a52e-4f735466cecf":"ca72dea6-829b-4352-a341-100bedbe7013"},{"element-6066-11e4-a52e-4f735466cecf":"200417f3-6a50-4022-bbe8-ac1444239d3f"},{"element-6066-11e4-a52e-4f735466cecf":"bb9eb37c-6ec6-4d2f-ac84-0ff15dce165f"},{"element-6066-11e4-a52e-4f735466cecf":"29696883-01f7-4a91-8344-dc7a6c77243b"},{"element-6066-11e4-a52e-4f735466cecf":"261e5a32-74df-4d25-8496-28ac21053b8d"},{"element-6066-11e4-a52e-4f735466cecf":"4cd377c7-7e56-4429-a5a0-6c89f75bf393"},{"element-6066-11e4-a52e-4f735466cecf":"eff658f8-4552-4894-9c5e-c80cf92681a7"},{"element-6066-11e4-a52e-4f735466cecf":"0d951b5c-074e-4030-adb5-86661688154e"},{"element-6066-11e4-a52e-4f735466cecf":"79c27908-127d-43d9-9f7f-e4e69e7232dc"},{"element-6066-11e4-a52e-4f735466cecf":"0dc05587-08fa-4a29-b9a0-bd5d6329a568"},{"element-6066-11e4-a52e-4f735466cecf":"50aff415-dfba-4c47-80d3-2baf759ab1db"},{"element-6066-11e4-a52e-4f735466cecf":"81bb97d3-bb9c-46a9-877c-550403c64f31"},{"element-6066-11e4-a52e-4f735466cecf":"42bf8934-d0b6-40e1-a976-2918f9153063"},{"element-6066-11e4-a52e-4f735466cecf":"df835dad-b84d-41a8-a5f7-0673cef260bf"},{"element-6066-11e4-a52e-4f735466cecf":"d5579802-32f3-49e3-9450-070e1493b93f"},{"element-6066-11e4-a52e-4f735466cecf":"fcf1abf7-2508-4dd7-8bbd-df17ec80cfdd"},{"element-6066-11e4-a52e-4f735466cecf":"0ca1e0b8-02ad-42e1-95ae-d9b291c656f3"},{"element-6066-11e4-a52e-4f735466cecf":"d698e40a-5a56-4b86-ac44-c4c5b6560908"},{"element-6066-11e4-a52e-4f735466cecf":"5936fa9a-52a1-4d32-ac6a-636cfc63c2fa"},{"element-6066-11e4-a52e-4f735466cecf":"2d3a0af3-c7d3-4803-80e4-33a549e125c7"},{"element-6066-11e4-a52e-4f735466cecf":"b0730ea0-d4ca-486b-86d5-2534b603c430"},{"element-6066-11e4-a52e-4f735466cecf":"7a9c2529-e51a-4799-ac0c-d551b004a878"},{"element-6066-11e4-a52e-4f735466cecf":"e2ca306c-f9af-4761-8c78-7650b1f55669"},{"element-6066-11e4-a52e-4f735466cecf":"5186334c-02a2-4598-a1a0-024f1a2b498d"},{"element-6066-11e4-a52e-4f735466cecf":"b119adbf-3244-4ab3-aeae-440fe6358c44"},{"element-6066-11e4-a52e-4f735466cecf":"6d85b4a0-c2da-44c1-9066-bdad510dc603"},{"element-6066-11e4-a52e-4f735466cecf":"356897a3-b422-465a-b85d-630d3a248346"},{"element-6066-11e4-a52e-4f735466cecf":"89f57251-1866-4296-873a-c2128ab6157d"},{"element-6066-11e4-a52e-4f735466cecf":"6d799a31-a077-46c1-b700-0879feac616f"},{"element-6066-11e4-a52e-4f735466cecf":"61aafb20-b0cb-4f2d-bbf6-e70d6754a832"},{"element-6066-11e4-a52e-4f735466cecf":"15fa3dda-8322-44a0-aebb-8d34365e6f1c"},{"element-6066-11e4-a52e-4f735466cecf":"f4cdfe12-b85f-4297-a6dd-7c7560bf7580"},{"element-6066-11e4-a52e-4f735466cecf":"5d21de26-0750-4a72-9829-5c1275e05105"},{"element-6066-11e4-a52e-4f735466cecf":"f9bbebf5-6210-47a5-aa6f-e1df7e4597ef"},{"element-6066-11e4-a52e-4f735466cecf":"a7feb442-0b02-46c2-9678-d04588965ae3"},{"element-6066-11e4-a52e-4f735466cecf":"d9d543ac-3649-4c1e-8b09-62c003cea74e"},{"element-6066-11e4-a52e-4f735466cecf":"4abacd1d-27c9-4ee4-9bdf-95b8d2609a6c"},{"element-6066-11e4-a52e-4f735466cecf":"8325811f-3a1a-4c34-b6a2-17568a0d0c09"},{"element-6066-11e4-a52e-4f735466cecf":"dc5b25f4-ee3c-499b-ad67-fb6f862a3551"},{"element-6066-11e4-a52e-4f735466cecf":"9f2bc849-d26a-4ebb-a9eb-68a27d2ac549"},{"element-6066-11e4-a52e-4f735466cecf":"0ee7b929-c41f-467b-bb72-a0d4032960bd"},{"element-6066-11e4-a52e-4f735466cecf":"70068488-e93e-455c-82f2-a197a4623633"},{"element-6066-11e4-a52e-4f735466cecf":"3ffa1c78-c070-489d-a6ac-71f1a5f4686b"},{"element-6066-11e4-a52e-4f735466cecf":"3675f513-874a-4055-99d9-6b872e3d670f"},{"element-6066-11e4-a52e-4f735466cecf":"2842dc17-1bc4-4cd4-8d7b-6fb97db93b45"},{"element-6066-11e4-a52e-4f735466cecf":"852f6b7c-ca10-40f5-99b8-6c25d2faf29e"},{"element-6066-11e4-a52e-4f735466cecf":"56162022-ec64-4b50-b406-ed30672aa74e"},{"element-6066-11e4-a52e-4f735466cecf":"a0faf619-3d13-4f77-9090-17d7dd7827e5"},{"element-6066-11e4-a52e-4f735466cecf":"ea72d03f-76bb-4481-bab9-7e6b4f5a7cb9"},{"element-6066-11e4-a52e-4f735466cecf":"a7b89f06-c7be-480a-a821-b8648a052798"},{"element-6066-11e4-a52e-4f735466cecf":"29f5f834-ce49-4fa1-9cdb-46c44b92716c"},{"element-6066-11e4-a52e-4f735466cecf":"bfba6dc6-aae7-4f58-9899-1713e29a0fa7"},{"element-6066-11e4-a52e-4f735466cecf":"b65228c3-1590-446c-b0f1-e51a8c96c454"},{"element-6066-11e4-a52e-4f735466cecf":"2f947361-0afe-4880-b287-42d8c842ef69"},{"element-6066-11e4-a52e-4f735466cecf":"7de6cf05-33d2-4e41-92b5-67ef5a32a32d"},{"element-6066-11e4-a52e-4f735466cecf":"0b662305-5b81-48a9-a1c5-d6a0499e9a67"},{"element-6066-11e4-a52e-4f735466cecf":"33be36d0-e5ef-4c37-8a17-9655293b70a0"},{"element-6066-11e4-a52e-4f735466cecf":"8c02422d-bbf3-4667-ba61-e7fe18832bff"},{"element-6066-11e4-a52e-4f735466cecf":"77bb10d3-f5b3-4b40-b1f2-c84f79ad59d1"},{"element-6066-11e4-a52e-4f735466cecf":"3cfaf2f6-4545-4b85-b9f8-eaa6d12785dc"},{"element-6066-11e4-a52e-4f735466cecf":"37cd3a90-9e9c-4086-8d27-8b397ad45a3e"},{"element-6066-11e4-a52e-4f735466cecf":"322e42f8-88df-4035-af01-70148d392c1b"},{"element-6066-11e4-a52e-4f735466cecf":"646a7896-e189-4f22-9667-28e72dfe1876"},{"element-6066-11e4-a52e-4f735466cecf":"b6fdfb80-c9e3-4160-8780-26d14ef66430"},{"element-6066-11e4-a52e-4f735466cecf":"fff602f3-d829-44c8-b9cc-ca5dcad79f3a"},{"element-6066-11e4-a52e-4f735466cecf":"672e8f77-7a0e-4f86-9595-1fd09b241c34"},{"element-6066-11e4-a52e-4f735466cecf":"3a5f4604-97aa-4ad7-a5b0-29be8adf28ba"},{"element-6066-11e4-a52e-4f735466cecf":"cc84d923-dcce-4471-acab-4930232593d6"},{"element-6066-11e4-a52e-4f735466cecf":"bf3d9e21-e242-4b75-b302-87b176e57bf2"},{"element-6066-11e4-a52e-4f735466cecf":"1fe1df61-4dfe-4b41-a598-df7ca4b3ee84"},{"element-6066-11e4-a52e-4f735466cecf":"0be29488-d447-4fda-a6b5-03d17c54421c"},{"element-6066-11e4-a52e-4f735466cecf":"b17a252c-cf6a-46d8-99db-c5ceb874dfdd"},{"element-6066-11e4-a52e-4f735466cecf":"2655730d-42aa-40f8-bed9-84c413e803f7"},{"element-6066-11e4-a52e-4f735466cecf":"0ed30e73-ba19-48ee-b01a-46f577e1d657"},{"element-6066-11e4-a52e-4f735466cecf":"b0a64c8b-863d-4729-a164-478abd097962"},{"element-6066-11e4-a52e-4f735466cecf":"60054107-cfdd-4a54-9b98-978e03bb20db"},{"element-6066-11e4-a52e-4f735466cecf":"b22e113f-d9a9-4286-b2c9-1538f120ad23"},{"element-6066-11e4-a52e-4f735466cecf":"c13e17e8-fae3-4084-82f2-044606defd54"},{"element-6066-11e4-a52e-4f735466cecf":"0c87241a-42bb-4f7b-8410-d093d5baac3d"},{"element-6066-11e4-a52e-4f735466cecf":"cdb1b4db-3110-4397-b9c7-4733b8589b1d"},{"element-6066-11e4-a52e-4f735466cecf":"aa848d46-c3ac-4075-955f-861e4b90cada"},{"element-6066-11e4-a52e-4f735466cecf":"c59cdca9-777b-48b3-90e0-883aecf6b0e3"},{"element-6066-11e4-a52e-4f735466cecf":"c78f5ec4-f53a-4a83-a64c-6f03beb9cca8"},{"element-6066-11e4-a52e-4f735466cecf":"ce88a0f1-2c2a-4387-8385-2e6416c60a8b"},{"element-6066-11e4-a52e-4f735466cecf":"63cc2de9-a30c-4b66-9086-ce9048bd805a"},{"element-6066-11e4-a52e-4f735466cecf":"9de1410d-bbf6-4650-a6ea-182322329b31"},{"element-6066-11e4-a52e-4f735466cecf":"7ef27c47-1941-4c1d-84d3-92194d90af07"},{"element-6066-11e4-a52e-4f735466cecf":"da561470-4c5f-45f9-b91c-b07cae3b0250"},{"element-6066-11e4-a52e-4f735466cecf":"3f568448-8733-40ca-a11c-ee1e9742427b"},{"element-6066-11e4-a52e-4f735466cecf":"a8b8846d-b3e4-4164-97ba-2d7c09148d46"},{"element-6066-11e4-a52e-4f735466cecf":"6c74648f-1e73-4716-9df1-1173facb223d"},{"element-6066-11e4-a52e-4f735466cecf":"1f18324b-f5ee-4b95-a015-5b3a9f3fe190"},{"element-6066-11e4-a52e-4f735466cecf":"653710b4-8103-4034-8d97-d6b0fb55b099"},{"element-6066-11e4-a52e-4f735466cecf":"6da48a63-be23-4898-91b3-fa0b40d0c393"},{"element-6066-11e4-a52e-4f735466cecf":"37efd3fb-7f3f-4596-a3cf-e2563795ffcc"},{"element-6066-11e4-a52e-4f735466cecf":"f2ab0016-7730-4703-b7a0-008423ee1857"},{"element-6066-11e4-a52e-4f735466cecf":"b480229b-19fd-4910-b602-bacbbf063a51"},{"element-6066-11e4-a52e-4f735466cecf":"56ab77db-d8cd-4986-a3da-986535b47390"},{"element-6066-11e4-a52e-4f735466cecf":"9d6a15e3-33b8-42a6-a694-3dc3da6c79c3"},{"element-6066-11e4-a52e-4f735466cecf":"a081ef25-7d65-4bab-be01-c04c5f008f73"},{"element-6066-11e4-a52e-4f735466cecf":"af4cd7d1-f69a-441f-8ab2-0130ca3ed133"},{"element-6066-11e4-a52e-4f735466cecf":"9e42f537-13f6-4fed-8a42-02da34387757"},{"element-6066-11e4-a52e-4f735466cecf":"b8eb4378-2998-4ded-bfe3-d25310fc20fd"},{"element-6066-11e4-a52e-4f735466cecf":"75a82b0f-cb9a-4f50-8d29-35f14981f0ee"},{"element-6066-11e4-a52e-4f735466cecf":"96ea116f-4538-426b-a850-85fa2d4d5eb4"},{"element-6066-11e4-a52e-4f735466cecf":"49506aff-fbce-4bca-9096-ed6f03843c25"},{"element-6066-11e4-a52e-4f735466cecf":"0856a154-1011-42f7-b22a-63fcf664804a"},{"element-6066-11e4-a52e-4f735466cecf":"89bd80ce-020d-473c-8659-70d696f88553"},{"element-6066-11e4-a52e-4f735466cecf":"94eab12f-bf23-47f1-9217-0b892dfdfadb"},{"element-6066-11e4-a52e-4f735466cecf":"edfa58da-96dd-402d-aa70-70e4aef8840d"},{"element-6066-11e4-a52e-4f735466cecf":"56838b8a-1b27-40e8-bca6-4159df7efc11"},{"element-6066-11e4-a52e-4f735466cecf":"dcee1470-3f8c-4078-b8e6-57103454b9bf"},{"element-6066-11e4-a52e-4f735466cecf":"ba23b00b-2a46-443c-8ba3-842e0327c7e9"},{"element-6066-11e4-a52e-4f735466cecf":"becd0865-fcec-4137-8e5a-a4d94ae138b7"},{"element-6066-11e4-a52e-4f735466cecf":"7b906e6e-5d4b-4f65-9b1e-2f58394aca0e"},{"element-6066-11e4-a52e-4f735466cecf":"f7927c2d-be35-47be-8daa-9d272a17bb70"},{"element-6066-11e4-a52e-4f735466cecf":"265ae645-3bb3-41f8-8af4-e8e28f9ec9b6"},{"element-6066-11e4-a52e-4f735466cecf":"5f9bc881-f5d1-43a5-ae33-9df7aaa4042b"},{"element-6066-11e4-a52e-4f735466cecf":"be6c0bcb-9b8f-47ed-85b7-3a03c1499b95"},{"element-6066-11e4-a52e-4f735466cecf":"6391135e-3872-4c14-a7e9-6db27945482d"},{"element-6066-11e4-a52e-4f735466cecf":"2da949de-3a30-4db8-89a3-d7f2ad009823"},{"element-6066-11e4-a52e-4f735466cecf":"7123cbb7-60a8-4c9d-bb7f-01fe7d2fd039"},{"element-6066-11e4-a52e-4f735466cecf":"dc65ae40-a519-4443-bddb-3396b24109fb"},{"element-6066-11e4-a52e-4f735466cecf":"d2ce4ac9-29fb-405b-a8df-7e26f87ee655"},{"element-6066-11e4-a52e-4f735466cecf":"658afa5d-3c21-445d-bd56-f1973b67283e"},{"element-6066-11e4-a52e-4f735466cecf":"79d99047-831b-402e-b382-50e8c78d932b"},{"element-6066-11e4-a52e-4f735466cecf":"a59f353f-2f93-4c74-83a3-74f84e745ff4"},{"element-6066-11e4-a52e-4f735466cecf":"a2b36755-6bda-42ca-9228-0949f1fffe4d"},{"element-6066-11e4-a52e-4f735466cecf":"dff24ed7-d6fd-481d-b293-e6983aa8fcf5"},{"element-6066-11e4-a52e-4f735466cecf":"1363155f-71ca-462a-9606-5ca5c612bbbc"},{"element-6066-11e4-a52e-4f735466cecf":"361f4ce7-71d1-492d-b0e9-50e14ebc5b99"},{"element-6066-11e4-a52e-4f735466cecf":"f13febfd-c629-4845-8297-5d6b8633b591"},{"element-6066-11e4-a52e-4f735466cecf":"eff8ab26-c088-4755-8a15-db4228d7d634"},{"element-6066-11e4-a52e-4f735466cecf":"e224c2bb-d477-43fa-92de-af29f72f5698"},{"element-6066-11e4-a52e-4f735466cecf":"3b6b99f5-f05e-4a6c-8f87-f315a2d1711e"},{"element-6066-11e4-a52e-4f735466cecf":"24c2759c-ae77-4323-b91c-a1aa96a84152"},{"element-6066-11e4-a52e-4f735466cecf":"48021424-f08e-4943-904c-17cfca2a4901"},{"element-6066-11e4-a52e-4f735466cecf":"a9ea2ed3-7313-437d-a3e4-b63fc00de29e"},{"element-6066-11e4-a52e-4f735466cecf":"6d012688-56c2-4f26-ad91-a7a7f780fa39"},{"element-6066-11e4-a52e-4f735466cecf":"66bd84aa-47c2-4dd2-aee8-c23bbefabab2"},{"element-6066-11e4-a52e-4f735466cecf":"69a76e44-da66-41ca-92a8-bf14ebaa7fb1"},{"element-6066-11e4-a52e-4f735466cecf":"277dec05-4d5b-4ef1-a763-73c7ec077612"},{"element-6066-11e4-a52e-4f735466cecf":"43f9b8b9-76b7-4f5e-9646-3feaa9b83e0c"},{"element-6066-11e4-a52e-4f735466cecf":"9173b15e-c894-488d-b03d-e55af5ad9b71"},{"element-6066-11e4-a52e-4f735466cecf":"43b81a18-f9ee-4082-bea9-778b582db4dd"},{"element-6066-11e4-a52e-4f735466cecf":"20501b50-6120-42a2-a2ab-4a84920022bd"},{"element-6066-11e4-a52e-4f735466cecf":"0ea15eb3-608e-4e47-9f3d-2f917e0f0187"},{"element-6066-11e4-a52e-4f735466cecf":"4444d067-2278-44ad-a322-84112f2e5b77"},{"element-6066-11e4-a52e-4f735466cecf":"ab0ab1f2-a121-4db8-9c1d-e97602bc2b30"},{"element-6066-11e4-a52e-4f735466cecf":"47da77bc-2720-47f9-8d95-d0f350883f71"},{"element-6066-11e4-a52e-4f735466cecf":"b4ec3e35-771a-429b-9915-e1bad89a81af"},{"element-6066-11e4-a52e-4f735466cecf":"17b392e5-1c6c-40f2-b86b-0e4d22aac6c2"},{"element-6066-11e4-a52e-4f735466cecf":"fc251877-7579-4f53-b3b8-24b7ef7a5ee6"},{"element-6066-11e4-a52e-4f735466cecf":"21d922e7-797b-481f-be6d-2654652a09d2"},{"element-6066-11e4-a52e-4f735466cecf":"b324ac34-8bd6-4fce-873e-405e6a11fc9f"},{"element-6066-11e4-a52e-4f735466cecf":"a3be7f9a-98f5-4c50-b74d-6fc1d4f9ff0a"},{"element-6066-11e4-a52e-4f735466cecf":"0abe6c41-92af-4935-be78-e7143de5d8a0"},{"element-6066-11e4-a52e-4f735466cecf":"fcd58824-4cf3-4c8e-a78a-4dd1e7d77a1e"},{"element-6066-11e4-a52e-4f735466cecf":"88347b36-d4fd-4b54-9f4c-a2b4611d0d77"},{"element-6066-11e4-a52e-4f735466cecf":"7c2276ec-eddd-4237-9198-86fd62113e08"},{"element-6066-11e4-a52e-4f735466cecf":"d14fe820-b67e-45ce-89e5-0be8ec6f7842"},{"element-6066-11e4-a52e-4f735466cecf":"f54341d0-121c-46dd-97ce-d680f8e0ee79"},{"element-6066-11e4-a52e-4f735466cecf":"cbe7ef75-30ed-44a0-9b17-1faa267d0cbf"},{"element-6066-11e4-a52e-4f735466cecf":"0f99b923-d42c-4e13-8e42-b024e505e67c"},{"element-6066-11e4-a52e-4f735466cecf":"a5010583-3e71-4ffa-a866-79708e5f48fb"},{"element-6066-11e4-a52e-4f735466cecf":"7fae4d98-d421-452e-b28e-70b261076e38"},{"element-6066-11e4-a52e-4f735466cecf":"e654b48b-3fea-4c7e-a38f-7ed4b3c52477"},{"element-6066-11e4-a52e-4f735466cecf":"431f855c-46b1-4f03-b182-a600c482c524"},{"element-6066-11e4-a52e-4f735466cecf":"82ba8618-a741-4a8e-ab81-eadc1b670d25"},{"element-6066-11e4-a52e-4f735466cecf":"568243c0-f955-47e9-963d-a37233379241"},{"element-6066-11e4-a52e-4f735466cecf":"23e0dab1-c6f9-49ae-8c49-4b026f85d514"},{"element-6066-11e4-a52e-4f735466cecf":"044f8710-815c-45ba-841c-86c47b0ca340"},{"element-6066-11e4-a52e-4f735466cecf":"b9079b23-0e8f-4361-be89-e9202d140886"},{"element-6066-11e4-a52e-4f735466cecf":"ec1e27b3-226d-402c-b6f8-1b629b97d4af"},{"element-6066-11e4-a52e-4f735466cecf":"922ac26e-3123-4548-b6b4-953fb5c9e982"},{"element-6066-11e4-a52e-4f735466cecf":"b5358154-9879-4fdb-8146-5106c17aa475"},{"element-6066-11e4-a52e-4f735466cecf":"924fbeb3-816e-4e8c-bd5c-0e53a34af446"},{"element-6066-11e4-a52e-4f735466cecf":"bdbcb944-dace-48b9-aef9-2800cff8595b"},{"element-6066-11e4-a52e-4f735466cecf":"932ca53e-e31a-473a-8251-c233cc240015"},{"element-6066-11e4-a52e-4f735466cecf":"0220e6fb-2c60-49d3-a00f-9dba3d27ba26"},{"element-6066-11e4-a52e-4f735466cecf":"94259df4-5e5f-4991-8d02-73a61ceea4ad"},{"element-6066-11e4-a52e-4f735466cecf":"8bc59b2a-0221-4b8d-bda6-418f7276ec4c"},{"element-6066-11e4-a52e-4f735466cecf":"31c12f7a-da28-4486-bb16-7c1dc76a38bc"},{"element-6066-11e4-a52e-4f735466cecf":"83ab8e4e-e05f-4449-8a33-bb3b1f89e69b"},{"element-6066-11e4-a52e-4f735466cecf":"082d0a73-6be8-4c35-b1c8-d3a6b86e4b5e"},{"element-6066-11e4-a52e-4f735466cecf":"cd5c182a-1591-44c9-b6a2-962f3598abc6"},{"element-6066-11e4-a52e-4f735466cecf":"fc74829a-f6fd-4fe6-a317-689e1273d4b6"},{"element-6066-11e4-a52e-4f735466cecf":"dce0caa0-f9fc-418e-90d4-ccecfaf1abe3"},{"element-6066-11e4-a52e-4f735466cecf":"114930d3-bd20-41fd-b1f1-60e8cc27bf83"},{"element-6066-11e4-a52e-4f735466cecf":"1a45cda2-5368-4f2a-a7c1-d7baa881c882"},{"element-6066-11e4-a52e-4f735466cecf":"d0d4e576-2dc9-42af-9b72-91f415a4cc61"},{"element-6066-11e4-a52e-4f735466cecf":"225e34e9-56e5-45b9-8997-748d9fc3a855"},{"element-6066-11e4-a52e-4f735466cecf":"bed166a0-ae52-47bc-9465-8c0e73d37c39"},{"element-6066-11e4-a52e-4f735466cecf":"5b46582b-cdf8-4c36-8ccc-e4d15da23932"},{"element-6066-11e4-a52e-4f735466cecf":"f1dc7928-3325-4bea-9ffc-9c7b03c3a91a"},{"element-6066-11e4-a52e-4f735466cecf":"bbdf68b1-19bc-4d66-8d66-7f63c67cd71f"},{"element-6066-11e4-a52e-4f735466cecf":"0500c5ef-4abf-4c98-bb06-d66fc939ca63"},{"element-6066-11e4-a52e-4f735466cecf":"2a4a2ecc-e440-4b2f-9281-d8662a6b40d8"},{"element-6066-11e4-a52e-4f735466cecf":"7103f1df-fba2-4098-a5bd-56426d405c4c"},{"element-6066-11e4-a52e-4f735466cecf":"b2087605-c8fc-43ce-9773-43d0d41ec918"},{"element-6066-11e4-a52e-4f735466cecf":"d768bc8c-49fb-46ce-a10e-c2d82d87ae84"},{"element-6066-11e4-a52e-4f735466cecf":"f270b4b4-e627-4496-bb15-b27167ef767b"},{"element-6066-11e4-a52e-4f735466cecf":"23046bbc-dfc4-4828-8a6e-dcc0f5d3414c"},{"element-6066-11e4-a52e-4f735466cecf":"80a046b1-de57-4c03-b5ab-1d42f4215999"},{"element-6066-11e4-a52e-4f735466cecf":"fbaaf8cb-6ff5-4b19-a654-b9d0a048c362"},{"element-6066-11e4-a52e-4f735466cecf":"b56a40fe-930d-4997-993e-675aaf3cd9c8"},{"element-6066-11e4-a52e-4f735466cecf":"ff8180af-90be-4fd0-83b7-a90a35703a9a"},{"element-6066-11e4-a52e-4f735466cecf":"39775a7d-d2d1-43a8-a91b-b9d1c643bf92"},{"element-6066-11e4-a52e-4f735466cecf":"f7a723ac-c8f1-4aee-82ad-c417720e7b1a"},{"element-6066-11e4-a52e-4f735466cecf":"d1b7e399-8291-4ac0-9b02-75a3ed25fdf0"},{"element-6066-11e4-a52e-4f735466cecf":"d746bae5-bea7-4f44-a0b3-78de8c44ffed"},{"element-6066-11e4-a52e-4f735466cecf":"1fe24f52-ee79-4545-a48f-560db66d1636"},{"element-6066-11e4-a52e-4f735466cecf":"b84f725d-349a-48ca-ac1e-6b64b79177d1"},{"element-6066-11e4-a52e-4f735466cecf":"3e129d95-2365-45d7-9c6c-a2dbeb6e24da"},{"element-6066-11e4-a52e-4f735466cecf":"101f65a5-c543-460e-90a0-c9a247228648"},{"element-6066-11e4-a52e-4f735466cecf":"62dd5c0c-a108-4852-b814-1b228b930aad"},{"element-6066-11e4-a52e-4f735466cecf":"7fdb3194-b391-48aa-b89c-528bd28e29f2"},{"element-6066-11e4-a52e-4f735466cecf":"0ba25f3d-f2cc-4632-bbbe-38663198b010"},{"element-6066-11e4-a52e-4f735466cecf":"38ac47a0-1c84-4370-9098-c3dc5fbb102d"},{"element-6066-11e4-a52e-4f735466cecf":"f75e42b9-55e9-4a3e-9999-4ebb34165575"},{"element-6066-11e4-a52e-4f735466cecf":"c66bf2cc-571a-4e7b-b897-e7b29ed6cf34"},{"element-6066-11e4-a52e-4f735466cecf":"393f5fce-d302-4287-a25e-73cf7e7b6b7a"},{"element-6066-11e4-a52e-4f735466cecf":"aaf21cfc-0cf8-4304-b807-440159374735"},{"element-6066-11e4-a52e-4f735466cecf":"3f18f817-03c2-4171-8bad-4ef6a85bbe17"},{"element-6066-11e4-a52e-4f735466cecf":"5d0119fd-863c-4e6b-9339-7c8695ce1660"},{"element-6066-11e4-a52e-4f735466cecf":"7c500a8c-2150-4c89-bbdd-8cf84ed156cd"},{"element-6066-11e4-a52e-4f735466cecf":"d92d1d0c-6178-42d9-84ad-a49967e42268"},{"element-6066-11e4-a52e-4f735466cecf":"8c82f4b8-3d2e-48de-97e6-6c4df78e1793"},{"element-6066-11e4-a52e-4f735466cecf":"56de7c44-d027-49b1-870f-eb93803e8f9a"},{"element-6066-11e4-a52e-4f735466cecf":"db5c0587-2182-4d8e-b73b-79966076adc5"},{"element-6066-11e4-a52e-4f735466cecf":"afa95898-7ef0-494f-a634-1485e5dbcfd8"},{"element-6066-11e4-a52e-4f735466cecf":"cee804cd-a88d-4bdf-a7a5-ad48974586a9"},{"element-6066-11e4-a52e-4f735466cecf":"7aebdf33-ee9d-4eb6-a8d0-a991ac435d6a"},{"element-6066-11e4-a52e-4f735466cecf":"fca2ef13-0337-49e8-abdf-5b05baa4cb9e"},{"element-6066-11e4-a52e-4f735466cecf":"88f3afd4-59c0-46e3-bf61-21f3d8386b61"},{"element-6066-11e4-a52e-4f735466cecf":"0600ee09-9318-459d-a535-a5044781664e"},{"element-6066-11e4-a52e-4f735466cecf":"986bea12-8d3f-4914-be26-b1e1ab3165da"},{"element-6066-11e4-a52e-4f735466cecf":"695b48ce-86e2-401f-b3af-6f8ec4be56dd"},{"element-6066-11e4-a52e-4f735466cecf":"07f0d8de-9e6b-418e-933a-fcd530040740"},{"element-6066-11e4-a52e-4f735466cecf":"3cc5eb98-fa1d-498e-8315-bab58977ebc2"},{"element-6066-11e4-a52e-4f735466cecf":"cbe79b99-dc71-459e-a7f3-62c952780737"},{"element-6066-11e4-a52e-4f735466cecf":"2de9c3b9-8404-4499-b0fa-267be1a4cf52"},{"element-6066-11e4-a52e-4f735466cecf":"a56793c4-5956-4dd5-ad92-b282d5a0885f"},{"element-6066-11e4-a52e-4f735466cecf":"2b9991b8-4e2f-4150-92ae-8e3e8daaae52"},{"element-6066-11e4-a52e-4f735466cecf":"605b762b-a9fe-4ff2-a856-fd041c10a410"},{"element-6066-11e4-a52e-4f735466cecf":"6bc7d932-594b-4c1e-89ca-ade427550da8"},{"element-6066-11e4-a52e-4f735466cecf":"8010965e-a017-4e99-86ce-409e31b29a8a"},{"element-6066-11e4-a52e-4f735466cecf":"98b6064b-beae-419d-b3d5-7b9d161c29d5"},{"element-6066-11e4-a52e-4f735466cecf":"92851653-46ed-4341-b343-5a475b82b746"},{"element-6066-11e4-a52e-4f735466cecf":"28b15bbb-7572-4f64-accd-cb45a12c20b5"},{"element-6066-11e4-a52e-4f735466cecf":"61658c1d-ba0a-4be2-ad05-0e0ff910a6f0"},{"element-6066-11e4-a52e-4f735466cecf":"830f008b-3305-4134-9891-37601b425f15"},{"element-6066-11e4-a52e-4f735466cecf":"293aecdf-accd-42b7-8f53-4992722c053e"},{"element-6066-11e4-a52e-4f735466cecf":"f03d4fc7-f4d3-4268-98c4-157b76447b0e"},{"element-6066-11e4-a52e-4f735466cecf":"da8f8aee-762c-495c-8918-670bf0859965"},{"element-6066-11e4-a52e-4f735466cecf":"d8838a58-e961-43ab-8b78-94587bc6281d"},{"element-6066-11e4-a52e-4f735466cecf":"3285568c-dcaf-4713-a600-3f8bd244f2dd"},{"element-6066-11e4-a52e-4f735466cecf":"41b16945-de59-4a78-b349-b018f13effef"},{"element-6066-11e4-a52e-4f735466cecf":"83846ae4-df43-441a-bb07-35a12acafa47"},{"element-6066-11e4-a52e-4f735466cecf":"5a9c969c-b15e-4ef8-bb5e-b97772d3289d"},{"element-6066-11e4-a52e-4f735466cecf":"6d952d90-dc67-47b9-a590-3861fb481054"},{"element-6066-11e4-a52e-4f735466cecf":"8d6159bc-a1f2-4895-86ab-40b0e5d18966"},{"element-6066-11e4-a52e-4f735466cecf":"88341d7f-d87d-4050-b146-8d2e04e480d9"},{"element-6066-11e4-a52e-4f735466cecf":"a7ce1563-63dd-4dfb-b8f0-65739b1072f6"},{"element-6066-11e4-a52e-4f735466cecf":"3dffca57-c1df-4415-996a-97d9cd6f9ee7"},{"element-6066-11e4-a52e-4f735466cecf":"04efc64e-f1d3-439f-bb5f-511aea853a15"},{"element-6066-11e4-a52e-4f735466cecf":"19f2fb84-272f-4d54-a644-3351e9e7dbba"},{"element-6066-11e4-a52e-4f735466cecf":"0a687306-d24a-425a-9890-8d83f985bfdc"},{"element-6066-11e4-a52e-4f735466cecf":"4edb6277-d39a-4c0d-b38e-d28d0e2caeed"},{"element-6066-11e4-a52e-4f735466cecf":"9efd9e5c-4387-41bf-98e0-5a087d4490e0"},{"element-6066-11e4-a52e-4f735466cecf":"b0310889-8e2c-42a6-b4d8-6617006e3ccb"},{"element-6066-11e4-a52e-4f735466cecf":"401d7c03-f5b3-443b-80eb-944b3dd010a9"},{"element-6066-11e4-a52e-4f735466cecf":"20db0ee8-3c3b-4f21-81de-fe1684b8e5c5"},{"element-6066-11e4-a52e-4f735466cecf":"e7627c49-1d6e-44f5-8501-6fac59fe5af8"},{"element-6066-11e4-a52e-4f735466cecf":"6abafef6-319a-4a79-a086-011f58b7ccc7"},{"element-6066-11e4-a52e-4f735466cecf":"f12b8b23-a64a-4b14-9f0c-91d566dbf957"},{"element-6066-11e4-a52e-4f735466cecf":"70931dde-ab29-4739-8774-c783001f6c0a"},{"element-6066-11e4-a52e-4f735466cecf":"b6d509ed-b1a5-4f5a-bb99-23c141db9be7"},{"element-6066-11e4-a52e-4f735466cecf":"d5d0482e-a14e-42fa-b960-7f1cd07ffca0"},{"element-6066-11e4-a52e-4f735466cecf":"7f928821-22e3-418e-9cc4-0d4fe0be83b4"},{"element-6066-11e4-a52e-4f735466cecf":"76b5696f-46b6-461f-9ca4-4d27c0a6ef9e"},{"element-6066-11e4-a52e-4f735466cecf":"bfd6d610-dd15-47e1-81a7-61dd34e08f9d"},{"element-6066-11e4-a52e-4f735466cecf":"157939fd-43a2-4b6b-ad49-ea5f936ddeb3"},{"element-6066-11e4-a52e-4f735466cecf":"1804404d-348a-462e-8e63-3fb7b126544d"},{"element-6066-11e4-a52e-4f735466cecf":"227ed7dc-30a4-465b-9263-09bec4680a59"},{"element-6066-11e4-a52e-4f735466cecf":"81cf146b-e2d9-4c3b-b181-31a645d826b8"},{"element-6066-11e4-a52e-4f735466cecf":"e0a60a16-f0d3-4341-93a6-ed96237e6e47"},{"element-6066-11e4-a52e-4f735466cecf":"abec6b58-a7f5-4d01-8446-44d3ff439324"},{"element-6066-11e4-a52e-4f735466cecf":"b5cc77a7-89d8-45ee-b642-21b234ac8b6f"},{"element-6066-11e4-a52e-4f735466cecf":"00660aea-46ed-4f5e-9674-52002143ba4e"},{"element-6066-11e4-a52e-4f735466cecf":"f8e5fb39-40f2-48ca-925a-22a8abc41933"},{"element-6066-11e4-a52e-4f735466cecf":"a993a0c2-9a69-49e8-8c11-d20abb5e2d37"},{"element-6066-11e4-a52e-4f735466cecf":"303b4143-171d-4b1a-8ff1-e77976558826"},{"element-6066-11e4-a52e-4f735466cecf":"6b3b54bd-2496-4524-9009-9bdcd5ef6f6c"},{"element-6066-11e4-a52e-4f735466cecf":"ab2c4644-d579-47eb-aa58-1f0f54c036f9"},{"element-6066-11e4-a52e-4f735466cecf":"18bfd54f-2b39-4fc1-826a-78c0bc32cb0f"},{"element-6066-11e4-a52e-4f735466cecf":"a698c2a1-dc9a-483d-bc18-c12e843c8369"},{"element-6066-11e4-a52e-4f735466cecf":"a8a7ec2c-c627-4bcf-87d5-3b63399373e6"},{"element-6066-11e4-a52e-4f735466cecf":"fcc9d00d-63e0-4d39-9743-bb9c8e84d5ea"},{"element-6066-11e4-a52e-4f735466cecf":"3ac9eea7-3b10-4c44-b7b3-805fe0d14088"},{"element-6066-11e4-a52e-4f735466cecf":"748173a9-f51e-4eaa-a019-0a420acbe6a8"},{"element-6066-11e4-a52e-4f735466cecf":"6d5021d6-1110-48ff-8bb7-33b61a123f22"},{"element-6066-11e4-a52e-4f735466cecf":"0a79a293-7bdd-43bb-a009-348adf673a36"},{"element-6066-11e4-a52e-4f735466cecf":"c34c951b-49b6-438c-8507-9dc368731a53"},{"element-6066-11e4-a52e-4f735466cecf":"dfa8e368-6cf4-4400-af45-a25461c4ae34"},{"element-6066-11e4-a52e-4f735466cecf":"44da80d9-f31a-49cf-bb20-1f1f9163d220"},{"element-6066-11e4-a52e-4f735466cecf":"ac8e2770-dfb3-44a1-8f70-cd41863f540e"},{"element-6066-11e4-a52e-4f735466cecf":"e758ac1e-ed9a-4808-9b03-bab33bf28902"},{"element-6066-11e4-a52e-4f735466cecf":"024e19cb-bd16-4bf0-b5f4-e08ac203d0e3"},{"element-6066-11e4-a52e-4f735466cecf":"c7879aed-fc36-48a7-b3c8-7adf20a0b60b"},{"element-6066-11e4-a52e-4f735466cecf":"0484257c-b273-4929-8fab-79c78ce10427"},{"element-6066-11e4-a52e-4f735466cecf":"ff2c582a-4f11-470c-8181-eb48dcadd13a"},{"element-6066-11e4-a52e-4f735466cecf":"edbd0b53-8540-4fae-82be-9108694c1e8e"},{"element-6066-11e4-a52e-4f735466cecf":"a723c98f-8967-47da-9175-bde3602d88dc"},{"element-6066-11e4-a52e-4f735466cecf":"5893809e-8f42-422f-8a09-09c1a807db02"},{"element-6066-11e4-a52e-4f735466cecf":"555da208-7ace-48d7-bd64-b64f1b4529a5"},{"element-6066-11e4-a52e-4f735466cecf":"73aea495-7b81-48a6-a983-039f0036b3b5"},{"element-6066-11e4-a52e-4f735466cecf":"577de60d-c5f1-4b3d-937e-49f8f6db3a78"},{"element-6066-11e4-a52e-4f735466cecf":"518bbfff-51f8-4723-ae4f-c805cbfa6937"},{"element-6066-11e4-a52e-4f735466cecf":"b2a90a50-fcb0-4b12-877e-32f111f6b44d"},{"element-6066-11e4-a52e-4f735466cecf":"e29f540c-458d-40ae-90b6-8723a00ffef2"},{"element-6066-11e4-a52e-4f735466cecf":"e83d4c5c-d171-4dda-8d04-79212830d18b"},{"element-6066-11e4-a52e-4f735466cecf":"80850036-572f-4140-8543-ca6b4e60af8b"},{"element-6066-11e4-a52e-4f735466cecf":"4b87dc97-5c52-42fd-a060-c71013a06beb"},{"element-6066-11e4-a52e-4f735466cecf":"08082815-1db6-4d8c-9575-305bdcd11593"},{"element-6066-11e4-a52e-4f735466cecf":"0cf75906-ed05-42ad-a490-c35c3b576c9b"},{"element-6066-11e4-a52e-4f735466cecf":"f08aa4ef-d01f-48d1-a379-5b7b42bde461"},{"element-6066-11e4-a52e-4f735466cecf":"f0d63bce-6efe-4091-851e-280556199f51"},{"element-6066-11e4-a52e-4f735466cecf":"31dccadb-fbe5-407d-83ad-2067618bb0f3"},{"element-6066-11e4-a52e-4f735466cecf":"2c196c08-44b6-45de-a2da-02e6c24b592e"},{"element-6066-11e4-a52e-4f735466cecf":"5054bfb5-37ff-4f06-90bf-7c76b4c38685"},{"element-6066-11e4-a52e-4f735466cecf":"1419d09d-b0ee-450e-bcfa-acd0f1863a12"},{"element-6066-11e4-a52e-4f735466cecf":"2e9f9e5f-3043-41f9-9e79-8385dcb7409e"},{"element-6066-11e4-a52e-4f735466cecf":"75cf8f4d-c020-4ec5-b17d-1a5756d1e59a"},{"element-6066-11e4-a52e-4f735466cecf":"16919d31-fdda-43c6-8cbc-250d0ef2c2ee"},{"element-6066-11e4-a52e-4f735466cecf":"93d5f6e7-54dc-4748-a98d-3716ab407677"},{"element-6066-11e4-a52e-4f735466cecf":"0805f950-09db-4d7d-89e0-67a32612977a"},{"element-6066-11e4-a52e-4f735466cecf":"340530c1-3433-4fa3-a9be-6fd991d97db5"},{"element-6066-11e4-a52e-4f735466cecf":"5ecdb96a-80eb-4ab6-937c-a9ef0d2d286b"},{"element-6066-11e4-a52e-4f735466cecf":"53c4bb4b-6d29-4f0f-b4d3-d094e78f68fe"},{"element-6066-11e4-a52e-4f735466cecf":"28dd8e51-91a3-4934-b78b-b2eb7de34726"},{"element-6066-11e4-a52e-4f735466cecf":"f07b1daf-a179-4846-a27a-10d7499fbad4"},{"element-6066-11e4-a52e-4f735466cecf":"dffc2bc6-d3f4-4270-a76c-e20a435a99dc"},{"element-6066-11e4-a52e-4f735466cecf":"c3ccbfa2-9e8b-44a3-8364-46098f4b7429"},{"element-6066-11e4-a52e-4f735466cecf":"982621b0-cc57-447b-9b84-7857767520f0"},{"element-6066-11e4-a52e-4f735466cecf":"374726e0-5499-4c5a-bb0f-9a1b34bef8f3"},{"element-6066-11e4-a52e-4f735466cecf":"755a65ab-180f-472d-bfb3-fe3a2d9f78dc"},{"element-6066-11e4-a52e-4f735466cecf":"4ad0215a-e7fb-481f-94b9-6e7880410684"},{"element-6066-11e4-a52e-4f735466cecf":"705fd181-7911-436f-b40f-b1a4d102ca64"},{"element-6066-11e4-a52e-4f735466cecf":"89c0d7d3-3173-4a7d-b646-efd69239b912"},{"element-6066-11e4-a52e-4f735466cecf":"3a57c3c7-062a-4f5e-903e-39b8f425a88c"},{"element-6066-11e4-a52e-4f735466cecf":"8c507006-1229-4d69-bd8a-abbfce083826"},{"element-6066-11e4-a52e-4f735466cecf":"584e45b7-1295-4543-a25c-c754ecfad5fb"},{"element-6066-11e4-a52e-4f735466cecf":"3b9f2ead-70c8-4f97-b0d5-91bc52819026"},{"element-6066-11e4-a52e-4f735466cecf":"404339b2-27a6-498b-b9cc-dee7ae6c30bc"},{"element-6066-11e4-a52e-4f735466cecf":"3d4f10ad-4f0e-4daf-8b26-e0347f25c19b"},{"element-6066-11e4-a52e-4f735466cecf":"bbb619d0-6238-4098-b753-76b360d0d766"},{"element-6066-11e4-a52e-4f735466cecf":"4fc0756e-94ef-425a-847a-19e0da6392b5"},{"element-6066-11e4-a52e-4f735466cecf":"7cd0b265-7727-4fc0-96fc-ba9f81402b98"},{"element-6066-11e4-a52e-4f735466cecf":"3feed112-b14b-40a9-bceb-213bbff71a1e"},{"element-6066-11e4-a52e-4f735466cecf":"e5e8358c-af30-45f9-867d-de9852f2abb7"},{"element-6066-11e4-a52e-4f735466cecf":"88961d77-8464-4890-ad69-88608871af9b"},{"element-6066-11e4-a52e-4f735466cecf":"eef1bce8-cc53-47bf-a45f-17531383b67c"},{"element-6066-11e4-a52e-4f735466cecf":"a351f657-673b-48e7-ae79-c557e235be39"},{"element-6066-11e4-a52e-4f735466cecf":"b60084f4-6bf3-4140-9923-692bcf13138e"},{"element-6066-11e4-a52e-4f735466cecf":"d9d05bf8-7490-4cca-8651-a34e603ba092"},{"element-6066-11e4-a52e-4f735466cecf":"ef159bd9-5bbd-4705-b0cc-535b79db312d"},{"element-6066-11e4-a52e-4f735466cecf":"17be3747-b0cd-4ca7-a19b-f81288166ad6"},{"element-6066-11e4-a52e-4f735466cecf":"d7062b6c-9879-4665-88f9-38702a7165d4"},{"element-6066-11e4-a52e-4f735466cecf":"9aa07661-3d26-4277-8ed2-a56fecc89af1"},{"element-6066-11e4-a52e-4f735466cecf":"fdd425d7-bd43-4e2a-90b6-d1db29157b95"},{"element-6066-11e4-a52e-4f735466cecf":"dd29ed88-2ac1-4343-aae8-c42b9add91ee"},{"element-6066-11e4-a52e-4f735466cecf":"256d53f8-1e4d-41ea-b595-4b7d9a71f1d9"},{"element-6066-11e4-a52e-4f735466cecf":"0340aab0-d74e-4d28-98fd-cd21cccafae4"},{"element-6066-11e4-a52e-4f735466cecf":"d6520b5d-9744-484d-a95b-c7505c143532"},{"element-6066-11e4-a52e-4f735466cecf":"f67d4747-b625-4621-9503-69cab172f199"},{"element-6066-11e4-a52e-4f735466cecf":"5b6a7780-27da-4f2f-8d14-8061b983e49b"},{"element-6066-11e4-a52e-4f735466cecf":"f4b87b38-5c57-45f6-8a10-7747884bfcbb"},{"element-6066-11e4-a52e-4f735466cecf":"036f0106-d578-484b-b5ed-67f8635e60f0"},{"element-6066-11e4-a52e-4f735466cecf":"0169eb80-ad6a-445a-99a0-0c20bfb23cb1"},{"element-6066-11e4-a52e-4f735466cecf":"8e0e28a3-f3b1-4663-b942-74efa4cdd29f"},{"element-6066-11e4-a52e-4f735466cecf":"cd1aa539-0298-4d93-a130-cdcc31d4bad2"},{"element-6066-11e4-a52e-4f735466cecf":"d786a8c0-30ae-44e7-b3f9-ee843db19eeb"},{"element-6066-11e4-a52e-4f735466cecf":"ec326fed-c1be-430e-b0e3-3808ee4f7644"},{"element-6066-11e4-a52e-4f735466cecf":"f9622aef-dd5c-4d3d-b9f5-b09db631b8f0"},{"element-6066-11e4-a52e-4f735466cecf":"e3b90d07-9111-4a57-9b6b-9a22706225a2"},{"element-6066-11e4-a52e-4f735466cecf":"9bb06bc7-1abf-4f78-bdae-b05ffdca9e9a"},{"element-6066-11e4-a52e-4f735466cecf":"8597b7c8-7744-442f-ada5-58d670ac5cd0"},{"element-6066-11e4-a52e-4f735466cecf":"ea6bf4a9-eeff-46fb-b456-e87540e85c98"},{"element-6066-11e4-a52e-4f735466cecf":"d518f8d0-367a-4aed-87dc-4cba359260e7"},{"element-6066-11e4-a52e-4f735466cecf":"9c8c3e1f-0199-4337-a722-fa679a6e885f"},{"element-6066-11e4-a52e-4f735466cecf":"99295c43-9064-4167-8014-168fc678b136"},{"element-6066-11e4-a52e-4f735466cecf":"84573b62-a5a6-43c8-87b5-d7e6bafef16b"},{"element-6066-11e4-a52e-4f735466cecf":"de7eade9-bd73-49da-921c-2669f24e1fb4"},{"element-6066-11e4-a52e-4f735466cecf":"7a3a1614-e43f-4f6d-abd4-fa1cf4b126eb"},{"element-6066-11e4-a52e-4f735466cecf":"189b2ec9-2e50-481d-b4a6-6170e2ab3fa7"},{"element-6066-11e4-a52e-4f735466cecf":"00c472dc-3d4c-4945-b5a3-bcdc7cfcde79"},{"element-6066-11e4-a52e-4f735466cecf":"af27b30c-8cb2-4274-aa66-32d183ff1a8b"},{"element-6066-11e4-a52e-4f735466cecf":"3c8e49c1-8acd-41d5-b194-265a9d9b1e52"},{"element-6066-11e4-a52e-4f735466cecf":"ea1755dc-fa99-4537-90f9-53fd8d869293"},{"element-6066-11e4-a52e-4f735466cecf":"20de43b1-60e1-4aff-89d7-226258d8be86"},{"element-6066-11e4-a52e-4f735466cecf":"4d2d634c-9f18-46e1-91a9-1318d57ba0ad"},{"element-6066-11e4-a52e-4f735466cecf":"1c274324-d3d9-4bbc-9a5a-f56a24cdc5ba"},{"element-6066-11e4-a52e-4f735466cecf":"5b62154a-910e-4f3b-ba0e-4be198d25610"},{"element-6066-11e4-a52e-4f735466cecf":"06a63bd4-f4fa-4e9c-aa1f-89bb54fec4fd"},{"element-6066-11e4-a52e-4f735466cecf":"9727ba12-88ff-4e70-9d87-409fc61e24d3"},{"element-6066-11e4-a52e-4f735466cecf":"0be83405-d1e5-489a-af1f-9d25a6ac5d9f"},{"element-6066-11e4-a52e-4f735466cecf":"ad1fb9d3-47a9-4631-ab73-3e65ffc562b5"},{"element-6066-11e4-a52e-4f735466cecf":"3db22bf6-17db-4c31-833d-3e44984434a9"},{"element-6066-11e4-a52e-4f735466cecf":"e94f3459-ae34-4c51-869f-8fb493d247ca"},{"element-6066-11e4-a52e-4f735466cecf":"a5ea2de2-0422-443a-a735-c49caea164a3"},{"element-6066-11e4-a52e-4f735466cecf":"6d89ce28-a376-475c-a3fe-324d69d96c21"},{"element-6066-11e4-a52e-4f735466cecf":"5e1ff420-55ab-4e49-a406-2583afcf56ab"},{"element-6066-11e4-a52e-4f735466cecf":"0917b625-43bf-45f8-bd91-1f1269258085"},{"element-6066-11e4-a52e-4f735466cecf":"b717dcd2-d61a-4388-a3cf-37daa8fc4612"},{"element-6066-11e4-a52e-4f735466cecf":"fb246eee-1d5e-4fc2-bf76-f4c6b4230792"},{"element-6066-11e4-a52e-4f735466cecf":"414c2c66-a5c3-46c0-ae8a-5f0a1f26a3d1"},{"element-6066-11e4-a52e-4f735466cecf":"4195a57e-fe79-4ed5-843f-8ef239ce8407"},{"element-6066-11e4-a52e-4f735466cecf":"aa8428a9-4837-425f-9bba-b4268ea5a66f"},{"element-6066-11e4-a52e-4f735466cecf":"8487fbe1-6395-4be0-a67e-8d2f28d10da2"},{"element-6066-11e4-a52e-4f735466cecf":"003cd551-4843-4bb3-aa0b-61840ff6574e"},{"element-6066-11e4-a52e-4f735466cecf":"1710c060-9e86-408b-a0b7-571a28a2f80d"},{"element-6066-11e4-a52e-4f735466cecf":"82b27671-227c-4329-a2bd-8be6614a1b72"},{"element-6066-11e4-a52e-4f735466cecf":"7c1514b7-f2e1-4d4c-99f2-a150a471954b"},{"element-6066-11e4-a52e-4f735466cecf":"be5d6ddb-295f-424e-9ecb-cf2116a84272"},{"element-6066-11e4-a52e-4f735466cecf":"1ba5a1d0-5bd9-4c40-8499-9b4593e910fc"},{"element-6066-11e4-a52e-4f735466cecf":"58d0374a-aaed-47e3-9c89-e876dd44e484"},{"element-6066-11e4-a52e-4f735466cecf":"e7c68d3d-8497-473f-ba6a-5a5c4fa10574"},{"element-6066-11e4-a52e-4f735466cecf":"ab3c22e1-870e-41f7-b1a0-c449ea96d0e9"},{"element-6066-11e4-a52e-4f735466cecf":"268df03b-12d2-446a-91ba-3eba87496fda"},{"element-6066-11e4-a52e-4f735466cecf":"1b499783-0194-4155-96c3-a6721dcc5f97"},{"element-6066-11e4-a52e-4f735466cecf":"fd22fadf-f9c9-496a-af9d-402852636d33"},{"element-6066-11e4-a52e-4f735466cecf":"6b939c81-25b8-4d61-9cd6-0e740e27a199"},{"element-6066-11e4-a52e-4f735466cecf":"409a8c94-629d-4bac-8b7a-0acd3c3829ea"},{"element-6066-11e4-a52e-4f735466cecf":"54679121-59c0-4390-b908-b34119d0e54e"},{"element-6066-11e4-a52e-4f735466cecf":"9b769410-dc05-4e0b-a93c-0de2eba7cb43"},{"element-6066-11e4-a52e-4f735466cecf":"7f62821e-d89d-409d-ba36-16f6233ee38f"},{"element-6066-11e4-a52e-4f735466cecf":"6bbb1e82-8ceb-4d95-bacd-c7ce16abeb78"},{"element-6066-11e4-a52e-4f735466cecf":"138fa3fb-7c1b-4cb8-abaa-23ee07e9513c"},{"element-6066-11e4-a52e-4f735466cecf":"411f62b5-4a91-4ef5-b471-111c94c1a1d5"},{"element-6066-11e4-a52e-4f735466cecf":"229ceee8-fa3e-4139-932e-0210002d5ddd"},{"element-6066-11e4-a52e-4f735466cecf":"76ad5a9d-03f8-4eed-bb9c-4565acb38b36"},{"element-6066-11e4-a52e-4f735466cecf":"92a2d9d6-bf10-4c01-bd7c-81c52f186709"},{"element-6066-11e4-a52e-4f735466cecf":"3d3886d1-fca6-4dd1-9a48-4d681cf9485e"},{"element-6066-11e4-a52e-4f735466cecf":"ccb69061-a3b4-43af-b824-8dc73a9fbf32"},{"element-6066-11e4-a52e-4f735466cecf":"e09c8b42-3128-4388-91b8-99a8c9f8c3f7"},{"element-6066-11e4-a52e-4f735466cecf":"74dee087-227f-45e2-bbac-ed94768e39a3"},{"element-6066-11e4-a52e-4f735466cecf":"a74123ec-e0a4-4c19-87f5-c068b9323050"},{"element-6066-11e4-a52e-4f735466cecf":"2455b2c7-e913-4a77-a449-0f55372e4f32"},{"element-6066-11e4-a52e-4f735466cecf":"5a45350f-df91-48c6-be09-7caaf3d06801"},{"element-6066-11e4-a52e-4f735466cecf":"e19c1fb6-06b9-4fed-97ab-bbcfdd0569be"}]} | headers=HTTPHeaderDict({'Content-Length': '181237', 'Content-Type': 'application/json; charset=utf-8', 'cache-control': 'no-cache'})
DEBUG    2022-05-28 23:26:06 selenium.webdriver.remote.remote_connection::remote_connection.py:_request:412: Finished Request
INFO     2022-05-28 23:26:06 root::mod_common.py:is_element_exist:13: //div[@class='restaurant-name ng-binding']엘리먼트가 존재합니다.
INFO     2022-05-28 23:26:06 root::func_item.py:item_name:72: Pass : 전체 레스토랑 항목들에서 가게명이 노출 중입니다.
DEBUG    2022-05-28 23:26:06 selenium.webdriver.remote.remote_connection::remote_connection.py:_request:361: DELETE http://localhost:10357/session/74d91dc8444d98b8ca7f6b50a37bd15c {}
DEBUG    2022-05-28 23:26:06 urllib3.connectionpool::connectionpool.py:_make_request:456: http://localhost:10357 "DELETE /session/74d91dc8444d98b8ca7f6b50a37bd15c HTTP/1.1" 200 14
DEBUG    2022-05-28 23:26:06 selenium.webdriver.remote.remote_connection::remote_connection.py:_request:383: Remote response: status=200 | data={"value":null} | headers=HTTPHeaderDict({'Content-Length': '14', 'Content-Type': 'application/json; charset=utf-8', 'cache-control': 'no-cache'})
DEBUG    2022-05-28 23:26:06 selenium.webdriver.remote.remote_connection::remote_connection.py:_request:412: Finished Request
INFO     2022-05-28 23:26:09 WDM::logger.py:log:16: ====== WebDriver manager ======
INFO     2022-05-28 23:26:10 WDM::logger.py:log:16: Current google-chrome version is 102.0.5005
INFO     2022-05-28 23:26:10 WDM::logger.py:log:16: Get LATEST chromedriver version for 102.0.5005 google-chrome
DEBUG    2022-05-28 23:26:10 urllib3.connectionpool::connectionpool.py:_new_conn:1001: Starting new HTTPS connection (1): chromedriver.storage.googleapis.com:443
DEBUG    2022-05-28 23:26:10 urllib3.connectionpool::connectionpool.py:_make_request:456: https://chromedriver.storage.googleapis.com:443 "GET /LATEST_RELEASE_102.0.5005 HTTP/1.1" 200 13
INFO     2022-05-28 23:26:10 WDM::logger.py:log:16: Driver [C:\Users\teddy\.wdm\drivers\chromedriver\win32\102.0.5005.61\chromedriver.exe] found in cache
DEBUG    2022-05-28 23:26:11 selenium.webdriver.remote.remote_connection::remote_connection.py:_request:361: POST http://localhost:10460/session {"capabilities": {"firstMatch": [{}], "alwaysMatch": {"browserName": "chrome", "pageLoadStrategy": "normal", "goog:chromeOptions": {"extensions": [], "args": []}}}}
DEBUG    2022-05-28 23:26:11 urllib3.connectionpool::connectionpool.py:_new_conn:228: Starting new HTTP connection (1): localhost:10460
DEBUG    2022-05-28 23:26:11 urllib3.connectionpool::connectionpool.py:_make_request:456: http://localhost:10460 "POST /session HTTP/1.1" 200 789
DEBUG    2022-05-28 23:26:11 selenium.webdriver.remote.remote_connection::remote_connection.py:_request:383: Remote response: status=200 | data={"value":{"capabilities":{"acceptInsecureCerts":false,"browserName":"chrome","browserVersion":"102.0.5005.61","chrome":{"chromedriverVersion":"102.0.5005.61 (0e59bcc00cc4985ce39ad31c150065f159d95ad3-refs/branch-heads/5005@{#819})","userDataDir":"C:\\Users\\teddy\\AppData\\Local\\Temp\\scoped_dir87628_858246114"},"goog:chromeOptions":{"debuggerAddress":"localhost:10465"},"networkConnectionEnabled":false,"pageLoadStrategy":"normal","platformName":"windows","proxy":{},"setWindowRect":true,"strictFileInteractability":false,"timeouts":{"implicit":0,"pageLoad":300000,"script":30000},"unhandledPromptBehavior":"dismiss and notify","webauthn:extension:credBlob":true,"webauthn:extension:largeBlob":true,"webauthn:virtualAuthenticators":true},"sessionId":"60995af495c4887168f679311451641c"}} | headers=HTTPHeaderDict({'Content-Length': '789', 'Content-Type': 'application/json; charset=utf-8', 'cache-control': 'no-cache'})
DEBUG    2022-05-28 23:26:11 selenium.webdriver.remote.remote_connection::remote_connection.py:_request:412: Finished Request
DEBUG    2022-05-28 23:26:11 selenium.webdriver.remote.remote_connection::remote_connection.py:_request:361: POST http://localhost:10460/session/60995af495c4887168f679311451641c/window/maximize {}
DEBUG    2022-05-28 23:26:12 urllib3.connectionpool::connectionpool.py:_make_request:456: http://localhost:10460 "POST /session/60995af495c4887168f679311451641c/window/maximize HTTP/1.1" 200 52
DEBUG    2022-05-28 23:26:12 selenium.webdriver.remote.remote_connection::remote_connection.py:_request:383: Remote response: status=200 | data={"value":{"height":1048,"width":1936,"x":-8,"y":-8}} | headers=HTTPHeaderDict({'Content-Length': '52', 'Content-Type': 'application/json; charset=utf-8', 'cache-control': 'no-cache'})
DEBUG    2022-05-28 23:26:12 selenium.webdriver.remote.remote_connection::remote_connection.py:_request:412: Finished Request
DEBUG    2022-05-28 23:26:12 selenium.webdriver.remote.remote_connection::remote_connection.py:_request:361: POST http://localhost:10460/session/60995af495c4887168f679311451641c/timeouts {"implicit": 10000}
DEBUG    2022-05-28 23:26:12 urllib3.connectionpool::connectionpool.py:_make_request:456: http://localhost:10460 "POST /session/60995af495c4887168f679311451641c/timeouts HTTP/1.1" 200 14
DEBUG    2022-05-28 23:26:12 selenium.webdriver.remote.remote_connection::remote_connection.py:_request:383: Remote response: status=200 | data={"value":null} | headers=HTTPHeaderDict({'Content-Length': '14', 'Content-Type': 'application/json; charset=utf-8', 'cache-control': 'no-cache'})
DEBUG    2022-05-28 23:26:12 selenium.webdriver.remote.remote_connection::remote_connection.py:_request:412: Finished Request
DEBUG    2022-05-28 23:26:12 selenium.webdriver.remote.remote_connection::remote_connection.py:_request:361: POST http://localhost:10460/session/60995af495c4887168f679311451641c/url {"url": "https://www.yogiyo.co.kr/mobile/#/"}
DEBUG    2022-05-28 23:26:14 urllib3.connectionpool::connectionpool.py:_make_request:456: http://localhost:10460 "POST /session/60995af495c4887168f679311451641c/url HTTP/1.1" 200 14
DEBUG    2022-05-28 23:26:14 selenium.webdriver.remote.remote_connection::remote_connection.py:_request:383: Remote response: status=200 | data={"value":null} | headers=HTTPHeaderDict({'Content-Length': '14', 'Content-Type': 'application/json; charset=utf-8', 'cache-control': 'no-cache'})
DEBUG    2022-05-28 23:26:14 selenium.webdriver.remote.remote_connection::remote_connection.py:_request:412: Finished Request
DEBUG    2022-05-28 23:26:14 selenium.webdriver.remote.remote_connection::remote_connection.py:_request:361: POST http://localhost:10460/session/60995af495c4887168f679311451641c/element {"using": "xpath", "value": "//input[@name='address_input']"}
DEBUG    2022-05-28 23:26:14 urllib3.connectionpool::connectionpool.py:_make_request:456: http://localhost:10460 "POST /session/60995af495c4887168f679311451641c/element HTTP/1.1" 200 88
DEBUG    2022-05-28 23:26:14 selenium.webdriver.remote.remote_connection::remote_connection.py:_request:383: Remote response: status=200 | data={"value":{"element-6066-11e4-a52e-4f735466cecf":"754ac91a-aaef-4418-8e15-083486a7ad9e"}} | headers=HTTPHeaderDict({'Content-Length': '88', 'Content-Type': 'application/json; charset=utf-8', 'cache-control': 'no-cache'})
DEBUG    2022-05-28 23:26:14 selenium.webdriver.remote.remote_connection::remote_connection.py:_request:412: Finished Request
DEBUG    2022-05-28 23:26:14 selenium.webdriver.remote.remote_connection::remote_connection.py:_request:361: POST http://localhost:10460/session/60995af495c4887168f679311451641c/element/754ac91a-aaef-4418-8e15-083486a7ad9e/clear {"id": "754ac91a-aaef-4418-8e15-083486a7ad9e"}
DEBUG    2022-05-28 23:26:14 urllib3.connectionpool::connectionpool.py:_make_request:456: http://localhost:10460 "POST /session/60995af495c4887168f679311451641c/element/754ac91a-aaef-4418-8e15-083486a7ad9e/clear HTTP/1.1" 200 14
DEBUG    2022-05-28 23:26:14 selenium.webdriver.remote.remote_connection::remote_connection.py:_request:383: Remote response: status=200 | data={"value":null} | headers=HTTPHeaderDict({'Content-Length': '14', 'Content-Type': 'application/json; charset=utf-8', 'cache-control': 'no-cache'})
DEBUG    2022-05-28 23:26:14 selenium.webdriver.remote.remote_connection::remote_connection.py:_request:412: Finished Request
DEBUG    2022-05-28 23:26:14 selenium.webdriver.remote.remote_connection::remote_connection.py:_request:361: POST http://localhost:10460/session/60995af495c4887168f679311451641c/element {"using": "xpath", "value": "//input[@name='address_input']"}
DEBUG    2022-05-28 23:26:14 urllib3.connectionpool::connectionpool.py:_make_request:456: http://localhost:10460 "POST /session/60995af495c4887168f679311451641c/element HTTP/1.1" 200 88
DEBUG    2022-05-28 23:26:14 selenium.webdriver.remote.remote_connection::remote_connection.py:_request:383: Remote response: status=200 | data={"value":{"element-6066-11e4-a52e-4f735466cecf":"754ac91a-aaef-4418-8e15-083486a7ad9e"}} | headers=HTTPHeaderDict({'Content-Length': '88', 'Content-Type': 'application/json; charset=utf-8', 'cache-control': 'no-cache'})
DEBUG    2022-05-28 23:26:14 selenium.webdriver.remote.remote_connection::remote_connection.py:_request:412: Finished Request
DEBUG    2022-05-28 23:26:14 selenium.webdriver.remote.remote_connection::remote_connection.py:_request:361: POST http://localhost:10460/session/60995af495c4887168f679311451641c/element/754ac91a-aaef-4418-8e15-083486a7ad9e/value {"text": "\uc11c\uc6b8\ud2b9\ubcc4\uc2dc \ub3d9\uc791\uad6c \uc0ac\ub2f9\ub3d9 144-4 \uc774\uc218\uc5ed(7\ud638\uc120)", "value": ["\uc11c", "\uc6b8", "\ud2b9", "\ubcc4", "\uc2dc", " ", "\ub3d9", "\uc791", "\uad6c", " ", "\uc0ac", "\ub2f9", "\ub3d9", " ", "1", "4", "4", "-", "4", " ", "\uc774", "\uc218", "\uc5ed", "(", "7", "\ud638", "\uc120", ")"], "id": "754ac91a-aaef-4418-8e15-083486a7ad9e"}
DEBUG    2022-05-28 23:26:14 urllib3.connectionpool::connectionpool.py:_make_request:456: http://localhost:10460 "POST /session/60995af495c4887168f679311451641c/element/754ac91a-aaef-4418-8e15-083486a7ad9e/value HTTP/1.1" 200 14
DEBUG    2022-05-28 23:26:14 selenium.webdriver.remote.remote_connection::remote_connection.py:_request:383: Remote response: status=200 | data={"value":null} | headers=HTTPHeaderDict({'Content-Length': '14', 'Content-Type': 'application/json; charset=utf-8', 'cache-control': 'no-cache'})
DEBUG    2022-05-28 23:26:14 selenium.webdriver.remote.remote_connection::remote_connection.py:_request:412: Finished Request
DEBUG    2022-05-28 23:26:14 selenium.webdriver.remote.remote_connection::remote_connection.py:_request:361: POST http://localhost:10460/session/60995af495c4887168f679311451641c/element {"using": "xpath", "value": "//button[@class='btn btn-default ico-pick']"}
DEBUG    2022-05-28 23:26:14 urllib3.connectionpool::connectionpool.py:_make_request:456: http://localhost:10460 "POST /session/60995af495c4887168f679311451641c/element HTTP/1.1" 200 88
DEBUG    2022-05-28 23:26:14 selenium.webdriver.remote.remote_connection::remote_connection.py:_request:383: Remote response: status=200 | data={"value":{"element-6066-11e4-a52e-4f735466cecf":"056951f3-75d1-4bc7-a112-79509cf63a8c"}} | headers=HTTPHeaderDict({'Content-Length': '88', 'Content-Type': 'application/json; charset=utf-8', 'cache-control': 'no-cache'})
DEBUG    2022-05-28 23:26:14 selenium.webdriver.remote.remote_connection::remote_connection.py:_request:412: Finished Request
DEBUG    2022-05-28 23:26:14 selenium.webdriver.remote.remote_connection::remote_connection.py:_request:361: POST http://localhost:10460/session/60995af495c4887168f679311451641c/element/056951f3-75d1-4bc7-a112-79509cf63a8c/click {"id": "056951f3-75d1-4bc7-a112-79509cf63a8c"}
DEBUG    2022-05-28 23:26:14 urllib3.connectionpool::connectionpool.py:_make_request:456: http://localhost:10460 "POST /session/60995af495c4887168f679311451641c/element/056951f3-75d1-4bc7-a112-79509cf63a8c/click HTTP/1.1" 200 14
DEBUG    2022-05-28 23:26:14 selenium.webdriver.remote.remote_connection::remote_connection.py:_request:383: Remote response: status=200 | data={"value":null} | headers=HTTPHeaderDict({'Content-Length': '14', 'Content-Type': 'application/json; charset=utf-8', 'cache-control': 'no-cache'})
DEBUG    2022-05-28 23:26:14 selenium.webdriver.remote.remote_connection::remote_connection.py:_request:412: Finished Request
DEBUG    2022-05-28 23:26:16 selenium.webdriver.remote.remote_connection::remote_connection.py:_request:361: GET http://localhost:10460/session/60995af495c4887168f679311451641c/url {}
DEBUG    2022-05-28 23:26:16 urllib3.connectionpool::connectionpool.py:_make_request:456: http://localhost:10460 "GET /session/60995af495c4887168f679311451641c/url HTTP/1.1" 200 99
DEBUG    2022-05-28 23:26:16 selenium.webdriver.remote.remote_connection::remote_connection.py:_request:383: Remote response: status=200 | data={"value":"https://www.yogiyo.co.kr/mobile/#/%EC%84%9C%EC%9A%B8%ED%8A%B9%EB%B3%84%EC%8B%9C/156091/"} | headers=HTTPHeaderDict({'Content-Length': '99', 'Content-Type': 'application/json; charset=utf-8', 'cache-control': 'no-cache'})
DEBUG    2022-05-28 23:26:16 selenium.webdriver.remote.remote_connection::remote_connection.py:_request:412: Finished Request
INFO     2022-05-28 23:26:16 root::mod_common.py:compare_url:25: 현재 URL : https://www.yogiyo.co.kr/mobile/#/%EC%84%9C%EC%9A%B8%ED%8A%B9%EB%B3%84%EC%8B%9C/156091/
INFO     2022-05-28 23:26:16 root::mod_common.py:compare_url:26: 비교 URL : https://www.yogiyo.co.kr/mobile/#/%EC%84%9C%EC%9A%B8%ED%8A%B9%EB%B3%84%EC%8B%9C/156091/
INFO     2022-05-28 23:26:16 root::mod_common.py:compare_url:28: 두 URL이 일치합니다.
INFO     2022-05-28 23:26:16 root::mod_enter.py:enter_restaurant_list:19: Success : 레스토랑 리스트 페이지 진입에 성공했습니다.
DEBUG    2022-05-28 23:26:16 selenium.webdriver.remote.remote_connection::remote_connection.py:_request:361: POST http://localhost:10460/session/60995af495c4887168f679311451641c/execute/sync {"script": "return document.body.scrollHeight", "args": []}
DEBUG    2022-05-28 23:26:16 urllib3.connectionpool::connectionpool.py:_make_request:456: http://localhost:10460 "POST /session/60995af495c4887168f679311451641c/execute/sync HTTP/1.1" 200 14
DEBUG    2022-05-28 23:26:16 selenium.webdriver.remote.remote_connection::remote_connection.py:_request:383: Remote response: status=200 | data={"value":4505} | headers=HTTPHeaderDict({'Content-Length': '14', 'Content-Type': 'application/json; charset=utf-8', 'cache-control': 'no-cache'})
DEBUG    2022-05-28 23:26:16 selenium.webdriver.remote.remote_connection::remote_connection.py:_request:412: Finished Request
DEBUG    2022-05-28 23:26:16 selenium.webdriver.remote.remote_connection::remote_connection.py:_request:361: POST http://localhost:10460/session/60995af495c4887168f679311451641c/execute/sync {"script": "window.scrollTo(0, 4505)", "args": []}
DEBUG    2022-05-28 23:26:16 urllib3.connectionpool::connectionpool.py:_make_request:456: http://localhost:10460 "POST /session/60995af495c4887168f679311451641c/execute/sync HTTP/1.1" 200 14
DEBUG    2022-05-28 23:26:16 selenium.webdriver.remote.remote_connection::remote_connection.py:_request:383: Remote response: status=200 | data={"value":null} | headers=HTTPHeaderDict({'Content-Length': '14', 'Content-Type': 'application/json; charset=utf-8', 'cache-control': 'no-cache'})
DEBUG    2022-05-28 23:26:16 selenium.webdriver.remote.remote_connection::remote_connection.py:_request:412: Finished Request
DEBUG    2022-05-28 23:26:17 selenium.webdriver.remote.remote_connection::remote_connection.py:_request:361: POST http://localhost:10460/session/60995af495c4887168f679311451641c/execute/sync {"script": "return document.body.scrollHeight", "args": []}
DEBUG    2022-05-28 23:26:17 urllib3.connectionpool::connectionpool.py:_make_request:456: http://localhost:10460 "POST /session/60995af495c4887168f679311451641c/execute/sync HTTP/1.1" 200 14
DEBUG    2022-05-28 23:26:17 selenium.webdriver.remote.remote_connection::remote_connection.py:_request:383: Remote response: status=200 | data={"value":7984} | headers=HTTPHeaderDict({'Content-Length': '14', 'Content-Type': 'application/json; charset=utf-8', 'cache-control': 'no-cache'})
DEBUG    2022-05-28 23:26:17 selenium.webdriver.remote.remote_connection::remote_connection.py:_request:412: Finished Request
DEBUG    2022-05-28 23:26:17 selenium.webdriver.remote.remote_connection::remote_connection.py:_request:361: POST http://localhost:10460/session/60995af495c4887168f679311451641c/execute/sync {"script": "window.scrollTo(4505, 7984)", "args": []}
DEBUG    2022-05-28 23:26:17 urllib3.connectionpool::connectionpool.py:_make_request:456: http://localhost:10460 "POST /session/60995af495c4887168f679311451641c/execute/sync HTTP/1.1" 200 14
DEBUG    2022-05-28 23:26:17 selenium.webdriver.remote.remote_connection::remote_connection.py:_request:383: Remote response: status=200 | data={"value":null} | headers=HTTPHeaderDict({'Content-Length': '14', 'Content-Type': 'application/json; charset=utf-8', 'cache-control': 'no-cache'})
DEBUG    2022-05-28 23:26:17 selenium.webdriver.remote.remote_connection::remote_connection.py:_request:412: Finished Request
DEBUG    2022-05-28 23:26:18 selenium.webdriver.remote.remote_connection::remote_connection.py:_request:361: POST http://localhost:10460/session/60995af495c4887168f679311451641c/execute/sync {"script": "return document.body.scrollHeight", "args": []}
DEBUG    2022-05-28 23:26:18 urllib3.connectionpool::connectionpool.py:_make_request:456: http://localhost:10460 "POST /session/60995af495c4887168f679311451641c/execute/sync HTTP/1.1" 200 15
DEBUG    2022-05-28 23:26:18 selenium.webdriver.remote.remote_connection::remote_connection.py:_request:383: Remote response: status=200 | data={"value":11524} | headers=HTTPHeaderDict({'Content-Length': '15', 'Content-Type': 'application/json; charset=utf-8', 'cache-control': 'no-cache'})
DEBUG    2022-05-28 23:26:18 selenium.webdriver.remote.remote_connection::remote_connection.py:_request:412: Finished Request
DEBUG    2022-05-28 23:26:18 selenium.webdriver.remote.remote_connection::remote_connection.py:_request:361: POST http://localhost:10460/session/60995af495c4887168f679311451641c/execute/sync {"script": "window.scrollTo(7984, 11524)", "args": []}
DEBUG    2022-05-28 23:26:18 urllib3.connectionpool::connectionpool.py:_make_request:456: http://localhost:10460 "POST /session/60995af495c4887168f679311451641c/execute/sync HTTP/1.1" 200 14
DEBUG    2022-05-28 23:26:18 selenium.webdriver.remote.remote_connection::remote_connection.py:_request:383: Remote response: status=200 | data={"value":null} | headers=HTTPHeaderDict({'Content-Length': '14', 'Content-Type': 'application/json; charset=utf-8', 'cache-control': 'no-cache'})
DEBUG    2022-05-28 23:26:18 selenium.webdriver.remote.remote_connection::remote_connection.py:_request:412: Finished Request
DEBUG    2022-05-28 23:26:19 selenium.webdriver.remote.remote_connection::remote_connection.py:_request:361: POST http://localhost:10460/session/60995af495c4887168f679311451641c/execute/sync {"script": "return document.body.scrollHeight", "args": []}
DEBUG    2022-05-28 23:26:19 urllib3.connectionpool::connectionpool.py:_make_request:456: http://localhost:10460 "POST /session/60995af495c4887168f679311451641c/execute/sync HTTP/1.1" 200 15
DEBUG    2022-05-28 23:26:19 selenium.webdriver.remote.remote_connection::remote_connection.py:_request:383: Remote response: status=200 | data={"value":15064} | headers=HTTPHeaderDict({'Content-Length': '15', 'Content-Type': 'application/json; charset=utf-8', 'cache-control': 'no-cache'})
DEBUG    2022-05-28 23:26:19 selenium.webdriver.remote.remote_connection::remote_connection.py:_request:412: Finished Request
DEBUG    2022-05-28 23:26:19 selenium.webdriver.remote.remote_connection::remote_connection.py:_request:361: POST http://localhost:10460/session/60995af495c4887168f679311451641c/execute/sync {"script": "window.scrollTo(11524, 15064)", "args": []}
DEBUG    2022-05-28 23:26:19 urllib3.connectionpool::connectionpool.py:_make_request:456: http://localhost:10460 "POST /session/60995af495c4887168f679311451641c/execute/sync HTTP/1.1" 200 14
DEBUG    2022-05-28 23:26:19 selenium.webdriver.remote.remote_connection::remote_connection.py:_request:383: Remote response: status=200 | data={"value":null} | headers=HTTPHeaderDict({'Content-Length': '14', 'Content-Type': 'application/json; charset=utf-8', 'cache-control': 'no-cache'})
DEBUG    2022-05-28 23:26:19 selenium.webdriver.remote.remote_connection::remote_connection.py:_request:412: Finished Request
DEBUG    2022-05-28 23:26:19 selenium.webdriver.remote.remote_connection::remote_connection.py:_request:361: POST http://localhost:10460/session/60995af495c4887168f679311451641c/execute/sync {"script": "return document.body.scrollHeight", "args": []}
DEBUG    2022-05-28 23:26:19 urllib3.connectionpool::connectionpool.py:_make_request:456: http://localhost:10460 "POST /session/60995af495c4887168f679311451641c/execute/sync HTTP/1.1" 200 15
DEBUG    2022-05-28 23:26:19 selenium.webdriver.remote.remote_connection::remote_connection.py:_request:383: Remote response: status=200 | data={"value":18604} | headers=HTTPHeaderDict({'Content-Length': '15', 'Content-Type': 'application/json; charset=utf-8', 'cache-control': 'no-cache'})
DEBUG    2022-05-28 23:26:19 selenium.webdriver.remote.remote_connection::remote_connection.py:_request:412: Finished Request
DEBUG    2022-05-28 23:26:19 selenium.webdriver.remote.remote_connection::remote_connection.py:_request:361: POST http://localhost:10460/session/60995af495c4887168f679311451641c/execute/sync {"script": "window.scrollTo(15064, 18604)", "args": []}
DEBUG    2022-05-28 23:26:19 urllib3.connectionpool::connectionpool.py:_make_request:456: http://localhost:10460 "POST /session/60995af495c4887168f679311451641c/execute/sync HTTP/1.1" 200 14
DEBUG    2022-05-28 23:26:19 selenium.webdriver.remote.remote_connection::remote_connection.py:_request:383: Remote response: status=200 | data={"value":null} | headers=HTTPHeaderDict({'Content-Length': '14', 'Content-Type': 'application/json; charset=utf-8', 'cache-control': 'no-cache'})
DEBUG    2022-05-28 23:26:19 selenium.webdriver.remote.remote_connection::remote_connection.py:_request:412: Finished Request
DEBUG    2022-05-28 23:26:20 selenium.webdriver.remote.remote_connection::remote_connection.py:_request:361: POST http://localhost:10460/session/60995af495c4887168f679311451641c/execute/sync {"script": "return document.body.scrollHeight", "args": []}
DEBUG    2022-05-28 23:26:20 urllib3.connectionpool::connectionpool.py:_make_request:456: http://localhost:10460 "POST /session/60995af495c4887168f679311451641c/execute/sync HTTP/1.1" 200 15
DEBUG    2022-05-28 23:26:20 selenium.webdriver.remote.remote_connection::remote_connection.py:_request:383: Remote response: status=200 | data={"value":22144} | headers=HTTPHeaderDict({'Content-Length': '15', 'Content-Type': 'application/json; charset=utf-8', 'cache-control': 'no-cache'})
DEBUG    2022-05-28 23:26:20 selenium.webdriver.remote.remote_connection::remote_connection.py:_request:412: Finished Request
DEBUG    2022-05-28 23:26:20 selenium.webdriver.remote.remote_connection::remote_connection.py:_request:361: POST http://localhost:10460/session/60995af495c4887168f679311451641c/execute/sync {"script": "window.scrollTo(18604, 22144)", "args": []}
DEBUG    2022-05-28 23:26:20 urllib3.connectionpool::connectionpool.py:_make_request:456: http://localhost:10460 "POST /session/60995af495c4887168f679311451641c/execute/sync HTTP/1.1" 200 14
DEBUG    2022-05-28 23:26:20 selenium.webdriver.remote.remote_connection::remote_connection.py:_request:383: Remote response: status=200 | data={"value":null} | headers=HTTPHeaderDict({'Content-Length': '14', 'Content-Type': 'application/json; charset=utf-8', 'cache-control': 'no-cache'})
DEBUG    2022-05-28 23:26:20 selenium.webdriver.remote.remote_connection::remote_connection.py:_request:412: Finished Request
DEBUG    2022-05-28 23:26:21 selenium.webdriver.remote.remote_connection::remote_connection.py:_request:361: POST http://localhost:10460/session/60995af495c4887168f679311451641c/execute/sync {"script": "return document.body.scrollHeight", "args": []}
DEBUG    2022-05-28 23:26:21 urllib3.connectionpool::connectionpool.py:_make_request:456: http://localhost:10460 "POST /session/60995af495c4887168f679311451641c/execute/sync HTTP/1.1" 200 15
DEBUG    2022-05-28 23:26:21 selenium.webdriver.remote.remote_connection::remote_connection.py:_request:383: Remote response: status=200 | data={"value":25684} | headers=HTTPHeaderDict({'Content-Length': '15', 'Content-Type': 'application/json; charset=utf-8', 'cache-control': 'no-cache'})
DEBUG    2022-05-28 23:26:21 selenium.webdriver.remote.remote_connection::remote_connection.py:_request:412: Finished Request
DEBUG    2022-05-28 23:26:21 selenium.webdriver.remote.remote_connection::remote_connection.py:_request:361: POST http://localhost:10460/session/60995af495c4887168f679311451641c/execute/sync {"script": "window.scrollTo(22144, 25684)", "args": []}
DEBUG    2022-05-28 23:26:21 urllib3.connectionpool::connectionpool.py:_make_request:456: http://localhost:10460 "POST /session/60995af495c4887168f679311451641c/execute/sync HTTP/1.1" 200 14
DEBUG    2022-05-28 23:26:21 selenium.webdriver.remote.remote_connection::remote_connection.py:_request:383: Remote response: status=200 | data={"value":null} | headers=HTTPHeaderDict({'Content-Length': '14', 'Content-Type': 'application/json; charset=utf-8', 'cache-control': 'no-cache'})
DEBUG    2022-05-28 23:26:21 selenium.webdriver.remote.remote_connection::remote_connection.py:_request:412: Finished Request
DEBUG    2022-05-28 23:26:22 selenium.webdriver.remote.remote_connection::remote_connection.py:_request:361: POST http://localhost:10460/session/60995af495c4887168f679311451641c/execute/sync {"script": "return document.body.scrollHeight", "args": []}
DEBUG    2022-05-28 23:26:22 urllib3.connectionpool::connectionpool.py:_make_request:456: http://localhost:10460 "POST /session/60995af495c4887168f679311451641c/execute/sync HTTP/1.1" 200 15
DEBUG    2022-05-28 23:26:22 selenium.webdriver.remote.remote_connection::remote_connection.py:_request:383: Remote response: status=200 | data={"value":29224} | headers=HTTPHeaderDict({'Content-Length': '15', 'Content-Type': 'application/json; charset=utf-8', 'cache-control': 'no-cache'})
DEBUG    2022-05-28 23:26:22 selenium.webdriver.remote.remote_connection::remote_connection.py:_request:412: Finished Request
DEBUG    2022-05-28 23:26:22 selenium.webdriver.remote.remote_connection::remote_connection.py:_request:361: POST http://localhost:10460/session/60995af495c4887168f679311451641c/execute/sync {"script": "window.scrollTo(25684, 29224)", "args": []}
DEBUG    2022-05-28 23:26:22 urllib3.connectionpool::connectionpool.py:_make_request:456: http://localhost:10460 "POST /session/60995af495c4887168f679311451641c/execute/sync HTTP/1.1" 200 14
DEBUG    2022-05-28 23:26:22 selenium.webdriver.remote.remote_connection::remote_connection.py:_request:383: Remote response: status=200 | data={"value":null} | headers=HTTPHeaderDict({'Content-Length': '14', 'Content-Type': 'application/json; charset=utf-8', 'cache-control': 'no-cache'})
DEBUG    2022-05-28 23:26:22 selenium.webdriver.remote.remote_connection::remote_connection.py:_request:412: Finished Request
DEBUG    2022-05-28 23:26:23 selenium.webdriver.remote.remote_connection::remote_connection.py:_request:361: POST http://localhost:10460/session/60995af495c4887168f679311451641c/execute/sync {"script": "return document.body.scrollHeight", "args": []}
DEBUG    2022-05-28 23:26:23 urllib3.connectionpool::connectionpool.py:_make_request:456: http://localhost:10460 "POST /session/60995af495c4887168f679311451641c/execute/sync HTTP/1.1" 200 15
DEBUG    2022-05-28 23:26:23 selenium.webdriver.remote.remote_connection::remote_connection.py:_request:383: Remote response: status=200 | data={"value":32764} | headers=HTTPHeaderDict({'Content-Length': '15', 'Content-Type': 'application/json; charset=utf-8', 'cache-control': 'no-cache'})
DEBUG    2022-05-28 23:26:23 selenium.webdriver.remote.remote_connection::remote_connection.py:_request:412: Finished Request
DEBUG    2022-05-28 23:26:23 selenium.webdriver.remote.remote_connection::remote_connection.py:_request:361: POST http://localhost:10460/session/60995af495c4887168f679311451641c/execute/sync {"script": "window.scrollTo(29224, 32764)", "args": []}
DEBUG    2022-05-28 23:26:23 urllib3.connectionpool::connectionpool.py:_make_request:456: http://localhost:10460 "POST /session/60995af495c4887168f679311451641c/execute/sync HTTP/1.1" 200 14
DEBUG    2022-05-28 23:26:23 selenium.webdriver.remote.remote_connection::remote_connection.py:_request:383: Remote response: status=200 | data={"value":null} | headers=HTTPHeaderDict({'Content-Length': '14', 'Content-Type': 'application/json; charset=utf-8', 'cache-control': 'no-cache'})
DEBUG    2022-05-28 23:26:23 selenium.webdriver.remote.remote_connection::remote_connection.py:_request:412: Finished Request
DEBUG    2022-05-28 23:26:24 selenium.webdriver.remote.remote_connection::remote_connection.py:_request:361: POST http://localhost:10460/session/60995af495c4887168f679311451641c/execute/sync {"script": "return document.body.scrollHeight", "args": []}
DEBUG    2022-05-28 23:26:24 urllib3.connectionpool::connectionpool.py:_make_request:456: http://localhost:10460 "POST /session/60995af495c4887168f679311451641c/execute/sync HTTP/1.1" 200 15
DEBUG    2022-05-28 23:26:24 selenium.webdriver.remote.remote_connection::remote_connection.py:_request:383: Remote response: status=200 | data={"value":36304} | headers=HTTPHeaderDict({'Content-Length': '15', 'Content-Type': 'application/json; charset=utf-8', 'cache-control': 'no-cache'})
DEBUG    2022-05-28 23:26:24 selenium.webdriver.remote.remote_connection::remote_connection.py:_request:412: Finished Request
DEBUG    2022-05-28 23:26:24 selenium.webdriver.remote.remote_connection::remote_connection.py:_request:361: POST http://localhost:10460/session/60995af495c4887168f679311451641c/execute/sync {"script": "window.scrollTo(32764, 36304)", "args": []}
DEBUG    2022-05-28 23:26:24 urllib3.connectionpool::connectionpool.py:_make_request:456: http://localhost:10460 "POST /session/60995af495c4887168f679311451641c/execute/sync HTTP/1.1" 200 14
DEBUG    2022-05-28 23:26:24 selenium.webdriver.remote.remote_connection::remote_connection.py:_request:383: Remote response: status=200 | data={"value":null} | headers=HTTPHeaderDict({'Content-Length': '14', 'Content-Type': 'application/json; charset=utf-8', 'cache-control': 'no-cache'})
DEBUG    2022-05-28 23:26:24 selenium.webdriver.remote.remote_connection::remote_connection.py:_request:412: Finished Request
DEBUG    2022-05-28 23:26:25 selenium.webdriver.remote.remote_connection::remote_connection.py:_request:361: POST http://localhost:10460/session/60995af495c4887168f679311451641c/execute/sync {"script": "return document.body.scrollHeight", "args": []}
DEBUG    2022-05-28 23:26:25 urllib3.connectionpool::connectionpool.py:_make_request:456: http://localhost:10460 "POST /session/60995af495c4887168f679311451641c/execute/sync HTTP/1.1" 200 15
DEBUG    2022-05-28 23:26:25 selenium.webdriver.remote.remote_connection::remote_connection.py:_request:383: Remote response: status=200 | data={"value":39844} | headers=HTTPHeaderDict({'Content-Length': '15', 'Content-Type': 'application/json; charset=utf-8', 'cache-control': 'no-cache'})
DEBUG    2022-05-28 23:26:25 selenium.webdriver.remote.remote_connection::remote_connection.py:_request:412: Finished Request
DEBUG    2022-05-28 23:26:25 selenium.webdriver.remote.remote_connection::remote_connection.py:_request:361: POST http://localhost:10460/session/60995af495c4887168f679311451641c/execute/sync {"script": "window.scrollTo(36304, 39844)", "args": []}
DEBUG    2022-05-28 23:26:25 urllib3.connectionpool::connectionpool.py:_make_request:456: http://localhost:10460 "POST /session/60995af495c4887168f679311451641c/execute/sync HTTP/1.1" 200 14
DEBUG    2022-05-28 23:26:25 selenium.webdriver.remote.remote_connection::remote_connection.py:_request:383: Remote response: status=200 | data={"value":null} | headers=HTTPHeaderDict({'Content-Length': '14', 'Content-Type': 'application/json; charset=utf-8', 'cache-control': 'no-cache'})
DEBUG    2022-05-28 23:26:25 selenium.webdriver.remote.remote_connection::remote_connection.py:_request:412: Finished Request
DEBUG    2022-05-28 23:26:26 selenium.webdriver.remote.remote_connection::remote_connection.py:_request:361: POST http://localhost:10460/session/60995af495c4887168f679311451641c/execute/sync {"script": "return document.body.scrollHeight", "args": []}
DEBUG    2022-05-28 23:26:26 urllib3.connectionpool::connectionpool.py:_make_request:456: http://localhost:10460 "POST /session/60995af495c4887168f679311451641c/execute/sync HTTP/1.1" 200 15
DEBUG    2022-05-28 23:26:26 selenium.webdriver.remote.remote_connection::remote_connection.py:_request:383: Remote response: status=200 | data={"value":43384} | headers=HTTPHeaderDict({'Content-Length': '15', 'Content-Type': 'application/json; charset=utf-8', 'cache-control': 'no-cache'})
DEBUG    2022-05-28 23:26:26 selenium.webdriver.remote.remote_connection::remote_connection.py:_request:412: Finished Request
DEBUG    2022-05-28 23:26:26 selenium.webdriver.remote.remote_connection::remote_connection.py:_request:361: POST http://localhost:10460/session/60995af495c4887168f679311451641c/execute/sync {"script": "window.scrollTo(39844, 43384)", "args": []}
DEBUG    2022-05-28 23:26:26 urllib3.connectionpool::connectionpool.py:_make_request:456: http://localhost:10460 "POST /session/60995af495c4887168f679311451641c/execute/sync HTTP/1.1" 200 14
DEBUG    2022-05-28 23:26:26 selenium.webdriver.remote.remote_connection::remote_connection.py:_request:383: Remote response: status=200 | data={"value":null} | headers=HTTPHeaderDict({'Content-Length': '14', 'Content-Type': 'application/json; charset=utf-8', 'cache-control': 'no-cache'})
DEBUG    2022-05-28 23:26:26 selenium.webdriver.remote.remote_connection::remote_connection.py:_request:412: Finished Request
DEBUG    2022-05-28 23:26:27 selenium.webdriver.remote.remote_connection::remote_connection.py:_request:361: POST http://localhost:10460/session/60995af495c4887168f679311451641c/execute/sync {"script": "return document.body.scrollHeight", "args": []}
DEBUG    2022-05-28 23:26:27 urllib3.connectionpool::connectionpool.py:_make_request:456: http://localhost:10460 "POST /session/60995af495c4887168f679311451641c/execute/sync HTTP/1.1" 200 15
DEBUG    2022-05-28 23:26:27 selenium.webdriver.remote.remote_connection::remote_connection.py:_request:383: Remote response: status=200 | data={"value":46924} | headers=HTTPHeaderDict({'Content-Length': '15', 'Content-Type': 'application/json; charset=utf-8', 'cache-control': 'no-cache'})
DEBUG    2022-05-28 23:26:27 selenium.webdriver.remote.remote_connection::remote_connection.py:_request:412: Finished Request
DEBUG    2022-05-28 23:26:27 selenium.webdriver.remote.remote_connection::remote_connection.py:_request:361: POST http://localhost:10460/session/60995af495c4887168f679311451641c/execute/sync {"script": "window.scrollTo(43384, 46924)", "args": []}
DEBUG    2022-05-28 23:26:27 urllib3.connectionpool::connectionpool.py:_make_request:456: http://localhost:10460 "POST /session/60995af495c4887168f679311451641c/execute/sync HTTP/1.1" 200 14
DEBUG    2022-05-28 23:26:27 selenium.webdriver.remote.remote_connection::remote_connection.py:_request:383: Remote response: status=200 | data={"value":null} | headers=HTTPHeaderDict({'Content-Length': '14', 'Content-Type': 'application/json; charset=utf-8', 'cache-control': 'no-cache'})
DEBUG    2022-05-28 23:26:27 selenium.webdriver.remote.remote_connection::remote_connection.py:_request:412: Finished Request
DEBUG    2022-05-28 23:26:28 selenium.webdriver.remote.remote_connection::remote_connection.py:_request:361: POST http://localhost:10460/session/60995af495c4887168f679311451641c/execute/sync {"script": "return document.body.scrollHeight", "args": []}
DEBUG    2022-05-28 23:26:28 urllib3.connectionpool::connectionpool.py:_make_request:456: http://localhost:10460 "POST /session/60995af495c4887168f679311451641c/execute/sync HTTP/1.1" 200 15
DEBUG    2022-05-28 23:26:28 selenium.webdriver.remote.remote_connection::remote_connection.py:_request:383: Remote response: status=200 | data={"value":50464} | headers=HTTPHeaderDict({'Content-Length': '15', 'Content-Type': 'application/json; charset=utf-8', 'cache-control': 'no-cache'})
DEBUG    2022-05-28 23:26:28 selenium.webdriver.remote.remote_connection::remote_connection.py:_request:412: Finished Request
DEBUG    2022-05-28 23:26:28 selenium.webdriver.remote.remote_connection::remote_connection.py:_request:361: POST http://localhost:10460/session/60995af495c4887168f679311451641c/execute/sync {"script": "window.scrollTo(46924, 50464)", "args": []}
DEBUG    2022-05-28 23:26:28 urllib3.connectionpool::connectionpool.py:_make_request:456: http://localhost:10460 "POST /session/60995af495c4887168f679311451641c/execute/sync HTTP/1.1" 200 14
DEBUG    2022-05-28 23:26:28 selenium.webdriver.remote.remote_connection::remote_connection.py:_request:383: Remote response: status=200 | data={"value":null} | headers=HTTPHeaderDict({'Content-Length': '14', 'Content-Type': 'application/json; charset=utf-8', 'cache-control': 'no-cache'})
DEBUG    2022-05-28 23:26:28 selenium.webdriver.remote.remote_connection::remote_connection.py:_request:412: Finished Request
DEBUG    2022-05-28 23:26:29 selenium.webdriver.remote.remote_connection::remote_connection.py:_request:361: POST http://localhost:10460/session/60995af495c4887168f679311451641c/execute/sync {"script": "return document.body.scrollHeight", "args": []}
DEBUG    2022-05-28 23:26:29 urllib3.connectionpool::connectionpool.py:_make_request:456: http://localhost:10460 "POST /session/60995af495c4887168f679311451641c/execute/sync HTTP/1.1" 200 15
DEBUG    2022-05-28 23:26:29 selenium.webdriver.remote.remote_connection::remote_connection.py:_request:383: Remote response: status=200 | data={"value":54004} | headers=HTTPHeaderDict({'Content-Length': '15', 'Content-Type': 'application/json; charset=utf-8', 'cache-control': 'no-cache'})
DEBUG    2022-05-28 23:26:29 selenium.webdriver.remote.remote_connection::remote_connection.py:_request:412: Finished Request
DEBUG    2022-05-28 23:26:29 selenium.webdriver.remote.remote_connection::remote_connection.py:_request:361: POST http://localhost:10460/session/60995af495c4887168f679311451641c/execute/sync {"script": "window.scrollTo(50464, 54004)", "args": []}
DEBUG    2022-05-28 23:26:29 urllib3.connectionpool::connectionpool.py:_make_request:456: http://localhost:10460 "POST /session/60995af495c4887168f679311451641c/execute/sync HTTP/1.1" 200 14
DEBUG    2022-05-28 23:26:29 selenium.webdriver.remote.remote_connection::remote_connection.py:_request:383: Remote response: status=200 | data={"value":null} | headers=HTTPHeaderDict({'Content-Length': '14', 'Content-Type': 'application/json; charset=utf-8', 'cache-control': 'no-cache'})
DEBUG    2022-05-28 23:26:29 selenium.webdriver.remote.remote_connection::remote_connection.py:_request:412: Finished Request
DEBUG    2022-05-28 23:26:30 selenium.webdriver.remote.remote_connection::remote_connection.py:_request:361: POST http://localhost:10460/session/60995af495c4887168f679311451641c/execute/sync {"script": "return document.body.scrollHeight", "args": []}
DEBUG    2022-05-28 23:26:30 urllib3.connectionpool::connectionpool.py:_make_request:456: http://localhost:10460 "POST /session/60995af495c4887168f679311451641c/execute/sync HTTP/1.1" 200 15
DEBUG    2022-05-28 23:26:30 selenium.webdriver.remote.remote_connection::remote_connection.py:_request:383: Remote response: status=200 | data={"value":57544} | headers=HTTPHeaderDict({'Content-Length': '15', 'Content-Type': 'application/json; charset=utf-8', 'cache-control': 'no-cache'})
DEBUG    2022-05-28 23:26:30 selenium.webdriver.remote.remote_connection::remote_connection.py:_request:412: Finished Request
DEBUG    2022-05-28 23:26:30 selenium.webdriver.remote.remote_connection::remote_connection.py:_request:361: POST http://localhost:10460/session/60995af495c4887168f679311451641c/execute/sync {"script": "window.scrollTo(54004, 57544)", "args": []}
DEBUG    2022-05-28 23:26:30 urllib3.connectionpool::connectionpool.py:_make_request:456: http://localhost:10460 "POST /session/60995af495c4887168f679311451641c/execute/sync HTTP/1.1" 200 14
DEBUG    2022-05-28 23:26:30 selenium.webdriver.remote.remote_connection::remote_connection.py:_request:383: Remote response: status=200 | data={"value":null} | headers=HTTPHeaderDict({'Content-Length': '14', 'Content-Type': 'application/json; charset=utf-8', 'cache-control': 'no-cache'})
DEBUG    2022-05-28 23:26:30 selenium.webdriver.remote.remote_connection::remote_connection.py:_request:412: Finished Request
DEBUG    2022-05-28 23:26:31 selenium.webdriver.remote.remote_connection::remote_connection.py:_request:361: POST http://localhost:10460/session/60995af495c4887168f679311451641c/execute/sync {"script": "return document.body.scrollHeight", "args": []}
DEBUG    2022-05-28 23:26:31 urllib3.connectionpool::connectionpool.py:_make_request:456: http://localhost:10460 "POST /session/60995af495c4887168f679311451641c/execute/sync HTTP/1.1" 200 15
DEBUG    2022-05-28 23:26:31 selenium.webdriver.remote.remote_connection::remote_connection.py:_request:383: Remote response: status=200 | data={"value":61084} | headers=HTTPHeaderDict({'Content-Length': '15', 'Content-Type': 'application/json; charset=utf-8', 'cache-control': 'no-cache'})
DEBUG    2022-05-28 23:26:31 selenium.webdriver.remote.remote_connection::remote_connection.py:_request:412: Finished Request
DEBUG    2022-05-28 23:26:31 selenium.webdriver.remote.remote_connection::remote_connection.py:_request:361: POST http://localhost:10460/session/60995af495c4887168f679311451641c/execute/sync {"script": "window.scrollTo(57544, 61084)", "args": []}
DEBUG    2022-05-28 23:26:31 urllib3.connectionpool::connectionpool.py:_make_request:456: http://localhost:10460 "POST /session/60995af495c4887168f679311451641c/execute/sync HTTP/1.1" 200 14
DEBUG    2022-05-28 23:26:31 selenium.webdriver.remote.remote_connection::remote_connection.py:_request:383: Remote response: status=200 | data={"value":null} | headers=HTTPHeaderDict({'Content-Length': '14', 'Content-Type': 'application/json; charset=utf-8', 'cache-control': 'no-cache'})
DEBUG    2022-05-28 23:26:31 selenium.webdriver.remote.remote_connection::remote_connection.py:_request:412: Finished Request
DEBUG    2022-05-28 23:26:32 selenium.webdriver.remote.remote_connection::remote_connection.py:_request:361: POST http://localhost:10460/session/60995af495c4887168f679311451641c/execute/sync {"script": "return document.body.scrollHeight", "args": []}
DEBUG    2022-05-28 23:26:32 urllib3.connectionpool::connectionpool.py:_make_request:456: http://localhost:10460 "POST /session/60995af495c4887168f679311451641c/execute/sync HTTP/1.1" 200 15
DEBUG    2022-05-28 23:26:32 selenium.webdriver.remote.remote_connection::remote_connection.py:_request:383: Remote response: status=200 | data={"value":64624} | headers=HTTPHeaderDict({'Content-Length': '15', 'Content-Type': 'application/json; charset=utf-8', 'cache-control': 'no-cache'})
DEBUG    2022-05-28 23:26:32 selenium.webdriver.remote.remote_connection::remote_connection.py:_request:412: Finished Request
DEBUG    2022-05-28 23:26:32 selenium.webdriver.remote.remote_connection::remote_connection.py:_request:361: POST http://localhost:10460/session/60995af495c4887168f679311451641c/execute/sync {"script": "window.scrollTo(61084, 64624)", "args": []}
DEBUG    2022-05-28 23:26:32 urllib3.connectionpool::connectionpool.py:_make_request:456: http://localhost:10460 "POST /session/60995af495c4887168f679311451641c/execute/sync HTTP/1.1" 200 14
DEBUG    2022-05-28 23:26:32 selenium.webdriver.remote.remote_connection::remote_connection.py:_request:383: Remote response: status=200 | data={"value":null} | headers=HTTPHeaderDict({'Content-Length': '14', 'Content-Type': 'application/json; charset=utf-8', 'cache-control': 'no-cache'})
DEBUG    2022-05-28 23:26:32 selenium.webdriver.remote.remote_connection::remote_connection.py:_request:412: Finished Request
DEBUG    2022-05-28 23:26:33 selenium.webdriver.remote.remote_connection::remote_connection.py:_request:361: POST http://localhost:10460/session/60995af495c4887168f679311451641c/execute/sync {"script": "return document.body.scrollHeight", "args": []}
DEBUG    2022-05-28 23:26:33 urllib3.connectionpool::connectionpool.py:_make_request:456: http://localhost:10460 "POST /session/60995af495c4887168f679311451641c/execute/sync HTTP/1.1" 200 15
DEBUG    2022-05-28 23:26:33 selenium.webdriver.remote.remote_connection::remote_connection.py:_request:383: Remote response: status=200 | data={"value":68164} | headers=HTTPHeaderDict({'Content-Length': '15', 'Content-Type': 'application/json; charset=utf-8', 'cache-control': 'no-cache'})
DEBUG    2022-05-28 23:26:33 selenium.webdriver.remote.remote_connection::remote_connection.py:_request:412: Finished Request
DEBUG    2022-05-28 23:26:33 selenium.webdriver.remote.remote_connection::remote_connection.py:_request:361: POST http://localhost:10460/session/60995af495c4887168f679311451641c/execute/sync {"script": "window.scrollTo(64624, 68164)", "args": []}
DEBUG    2022-05-28 23:26:33 urllib3.connectionpool::connectionpool.py:_make_request:456: http://localhost:10460 "POST /session/60995af495c4887168f679311451641c/execute/sync HTTP/1.1" 200 14
DEBUG    2022-05-28 23:26:33 selenium.webdriver.remote.remote_connection::remote_connection.py:_request:383: Remote response: status=200 | data={"value":null} | headers=HTTPHeaderDict({'Content-Length': '14', 'Content-Type': 'application/json; charset=utf-8', 'cache-control': 'no-cache'})
DEBUG    2022-05-28 23:26:33 selenium.webdriver.remote.remote_connection::remote_connection.py:_request:412: Finished Request
DEBUG    2022-05-28 23:26:34 selenium.webdriver.remote.remote_connection::remote_connection.py:_request:361: POST http://localhost:10460/session/60995af495c4887168f679311451641c/execute/sync {"script": "return document.body.scrollHeight", "args": []}
DEBUG    2022-05-28 23:26:34 urllib3.connectionpool::connectionpool.py:_make_request:456: http://localhost:10460 "POST /session/60995af495c4887168f679311451641c/execute/sync HTTP/1.1" 200 15
DEBUG    2022-05-28 23:26:34 selenium.webdriver.remote.remote_connection::remote_connection.py:_request:383: Remote response: status=200 | data={"value":71704} | headers=HTTPHeaderDict({'Content-Length': '15', 'Content-Type': 'application/json; charset=utf-8', 'cache-control': 'no-cache'})
DEBUG    2022-05-28 23:26:34 selenium.webdriver.remote.remote_connection::remote_connection.py:_request:412: Finished Request
DEBUG    2022-05-28 23:26:34 selenium.webdriver.remote.remote_connection::remote_connection.py:_request:361: POST http://localhost:10460/session/60995af495c4887168f679311451641c/execute/sync {"script": "window.scrollTo(68164, 71704)", "args": []}
DEBUG    2022-05-28 23:26:34 urllib3.connectionpool::connectionpool.py:_make_request:456: http://localhost:10460 "POST /session/60995af495c4887168f679311451641c/execute/sync HTTP/1.1" 200 14
DEBUG    2022-05-28 23:26:34 selenium.webdriver.remote.remote_connection::remote_connection.py:_request:383: Remote response: status=200 | data={"value":null} | headers=HTTPHeaderDict({'Content-Length': '14', 'Content-Type': 'application/json; charset=utf-8', 'cache-control': 'no-cache'})
DEBUG    2022-05-28 23:26:34 selenium.webdriver.remote.remote_connection::remote_connection.py:_request:412: Finished Request
DEBUG    2022-05-28 23:26:35 selenium.webdriver.remote.remote_connection::remote_connection.py:_request:361: POST http://localhost:10460/session/60995af495c4887168f679311451641c/execute/sync {"script": "return document.body.scrollHeight", "args": []}
DEBUG    2022-05-28 23:26:35 urllib3.connectionpool::connectionpool.py:_make_request:456: http://localhost:10460 "POST /session/60995af495c4887168f679311451641c/execute/sync HTTP/1.1" 200 15
DEBUG    2022-05-28 23:26:35 selenium.webdriver.remote.remote_connection::remote_connection.py:_request:383: Remote response: status=200 | data={"value":75244} | headers=HTTPHeaderDict({'Content-Length': '15', 'Content-Type': 'application/json; charset=utf-8', 'cache-control': 'no-cache'})
DEBUG    2022-05-28 23:26:35 selenium.webdriver.remote.remote_connection::remote_connection.py:_request:412: Finished Request
DEBUG    2022-05-28 23:26:35 selenium.webdriver.remote.remote_connection::remote_connection.py:_request:361: POST http://localhost:10460/session/60995af495c4887168f679311451641c/execute/sync {"script": "window.scrollTo(71704, 75244)", "args": []}
DEBUG    2022-05-28 23:26:35 urllib3.connectionpool::connectionpool.py:_make_request:456: http://localhost:10460 "POST /session/60995af495c4887168f679311451641c/execute/sync HTTP/1.1" 200 14
DEBUG    2022-05-28 23:26:35 selenium.webdriver.remote.remote_connection::remote_connection.py:_request:383: Remote response: status=200 | data={"value":null} | headers=HTTPHeaderDict({'Content-Length': '14', 'Content-Type': 'application/json; charset=utf-8', 'cache-control': 'no-cache'})
DEBUG    2022-05-28 23:26:35 selenium.webdriver.remote.remote_connection::remote_connection.py:_request:412: Finished Request
DEBUG    2022-05-28 23:26:36 selenium.webdriver.remote.remote_connection::remote_connection.py:_request:361: POST http://localhost:10460/session/60995af495c4887168f679311451641c/execute/sync {"script": "return document.body.scrollHeight", "args": []}
DEBUG    2022-05-28 23:26:36 urllib3.connectionpool::connectionpool.py:_make_request:456: http://localhost:10460 "POST /session/60995af495c4887168f679311451641c/execute/sync HTTP/1.1" 200 15
DEBUG    2022-05-28 23:26:36 selenium.webdriver.remote.remote_connection::remote_connection.py:_request:383: Remote response: status=200 | data={"value":78784} | headers=HTTPHeaderDict({'Content-Length': '15', 'Content-Type': 'application/json; charset=utf-8', 'cache-control': 'no-cache'})
DEBUG    2022-05-28 23:26:36 selenium.webdriver.remote.remote_connection::remote_connection.py:_request:412: Finished Request
DEBUG    2022-05-28 23:26:36 selenium.webdriver.remote.remote_connection::remote_connection.py:_request:361: POST http://localhost:10460/session/60995af495c4887168f679311451641c/execute/sync {"script": "window.scrollTo(75244, 78784)", "args": []}
DEBUG    2022-05-28 23:26:36 urllib3.connectionpool::connectionpool.py:_make_request:456: http://localhost:10460 "POST /session/60995af495c4887168f679311451641c/execute/sync HTTP/1.1" 200 14
DEBUG    2022-05-28 23:26:36 selenium.webdriver.remote.remote_connection::remote_connection.py:_request:383: Remote response: status=200 | data={"value":null} | headers=HTTPHeaderDict({'Content-Length': '14', 'Content-Type': 'application/json; charset=utf-8', 'cache-control': 'no-cache'})
DEBUG    2022-05-28 23:26:36 selenium.webdriver.remote.remote_connection::remote_connection.py:_request:412: Finished Request
DEBUG    2022-05-28 23:26:37 selenium.webdriver.remote.remote_connection::remote_connection.py:_request:361: POST http://localhost:10460/session/60995af495c4887168f679311451641c/execute/sync {"script": "return document.body.scrollHeight", "args": []}
DEBUG    2022-05-28 23:26:37 urllib3.connectionpool::connectionpool.py:_make_request:456: http://localhost:10460 "POST /session/60995af495c4887168f679311451641c/execute/sync HTTP/1.1" 200 15
DEBUG    2022-05-28 23:26:37 selenium.webdriver.remote.remote_connection::remote_connection.py:_request:383: Remote response: status=200 | data={"value":82324} | headers=HTTPHeaderDict({'Content-Length': '15', 'Content-Type': 'application/json; charset=utf-8', 'cache-control': 'no-cache'})
DEBUG    2022-05-28 23:26:37 selenium.webdriver.remote.remote_connection::remote_connection.py:_request:412: Finished Request
DEBUG    2022-05-28 23:26:37 selenium.webdriver.remote.remote_connection::remote_connection.py:_request:361: POST http://localhost:10460/session/60995af495c4887168f679311451641c/execute/sync {"script": "window.scrollTo(78784, 82324)", "args": []}
DEBUG    2022-05-28 23:26:37 urllib3.connectionpool::connectionpool.py:_make_request:456: http://localhost:10460 "POST /session/60995af495c4887168f679311451641c/execute/sync HTTP/1.1" 200 14
DEBUG    2022-05-28 23:26:37 selenium.webdriver.remote.remote_connection::remote_connection.py:_request:383: Remote response: status=200 | data={"value":null} | headers=HTTPHeaderDict({'Content-Length': '14', 'Content-Type': 'application/json; charset=utf-8', 'cache-control': 'no-cache'})
DEBUG    2022-05-28 23:26:37 selenium.webdriver.remote.remote_connection::remote_connection.py:_request:412: Finished Request
DEBUG    2022-05-28 23:26:38 selenium.webdriver.remote.remote_connection::remote_connection.py:_request:361: POST http://localhost:10460/session/60995af495c4887168f679311451641c/execute/sync {"script": "return document.body.scrollHeight", "args": []}
DEBUG    2022-05-28 23:26:38 urllib3.connectionpool::connectionpool.py:_make_request:456: http://localhost:10460 "POST /session/60995af495c4887168f679311451641c/execute/sync HTTP/1.1" 200 15
DEBUG    2022-05-28 23:26:38 selenium.webdriver.remote.remote_connection::remote_connection.py:_request:383: Remote response: status=200 | data={"value":85864} | headers=HTTPHeaderDict({'Content-Length': '15', 'Content-Type': 'application/json; charset=utf-8', 'cache-control': 'no-cache'})
DEBUG    2022-05-28 23:26:38 selenium.webdriver.remote.remote_connection::remote_connection.py:_request:412: Finished Request
DEBUG    2022-05-28 23:26:38 selenium.webdriver.remote.remote_connection::remote_connection.py:_request:361: POST http://localhost:10460/session/60995af495c4887168f679311451641c/execute/sync {"script": "window.scrollTo(82324, 85864)", "args": []}
DEBUG    2022-05-28 23:26:38 urllib3.connectionpool::connectionpool.py:_make_request:456: http://localhost:10460 "POST /session/60995af495c4887168f679311451641c/execute/sync HTTP/1.1" 200 14
DEBUG    2022-05-28 23:26:38 selenium.webdriver.remote.remote_connection::remote_connection.py:_request:383: Remote response: status=200 | data={"value":null} | headers=HTTPHeaderDict({'Content-Length': '14', 'Content-Type': 'application/json; charset=utf-8', 'cache-control': 'no-cache'})
DEBUG    2022-05-28 23:26:38 selenium.webdriver.remote.remote_connection::remote_connection.py:_request:412: Finished Request
DEBUG    2022-05-28 23:26:39 selenium.webdriver.remote.remote_connection::remote_connection.py:_request:361: POST http://localhost:10460/session/60995af495c4887168f679311451641c/execute/sync {"script": "return document.body.scrollHeight", "args": []}
DEBUG    2022-05-28 23:26:39 urllib3.connectionpool::connectionpool.py:_make_request:456: http://localhost:10460 "POST /session/60995af495c4887168f679311451641c/execute/sync HTTP/1.1" 200 15
DEBUG    2022-05-28 23:26:39 selenium.webdriver.remote.remote_connection::remote_connection.py:_request:383: Remote response: status=200 | data={"value":89404} | headers=HTTPHeaderDict({'Content-Length': '15', 'Content-Type': 'application/json; charset=utf-8', 'cache-control': 'no-cache'})
DEBUG    2022-05-28 23:26:39 selenium.webdriver.remote.remote_connection::remote_connection.py:_request:412: Finished Request
DEBUG    2022-05-28 23:26:39 selenium.webdriver.remote.remote_connection::remote_connection.py:_request:361: POST http://localhost:10460/session/60995af495c4887168f679311451641c/execute/sync {"script": "window.scrollTo(85864, 89404)", "args": []}
DEBUG    2022-05-28 23:26:39 urllib3.connectionpool::connectionpool.py:_make_request:456: http://localhost:10460 "POST /session/60995af495c4887168f679311451641c/execute/sync HTTP/1.1" 200 14
DEBUG    2022-05-28 23:26:39 selenium.webdriver.remote.remote_connection::remote_connection.py:_request:383: Remote response: status=200 | data={"value":null} | headers=HTTPHeaderDict({'Content-Length': '14', 'Content-Type': 'application/json; charset=utf-8', 'cache-control': 'no-cache'})
DEBUG    2022-05-28 23:26:39 selenium.webdriver.remote.remote_connection::remote_connection.py:_request:412: Finished Request
DEBUG    2022-05-28 23:26:40 selenium.webdriver.remote.remote_connection::remote_connection.py:_request:361: POST http://localhost:10460/session/60995af495c4887168f679311451641c/execute/sync {"script": "return document.body.scrollHeight", "args": []}
DEBUG    2022-05-28 23:26:40 urllib3.connectionpool::connectionpool.py:_make_request:456: http://localhost:10460 "POST /session/60995af495c4887168f679311451641c/execute/sync HTTP/1.1" 200 15
DEBUG    2022-05-28 23:26:40 selenium.webdriver.remote.remote_connection::remote_connection.py:_request:383: Remote response: status=200 | data={"value":92944} | headers=HTTPHeaderDict({'Content-Length': '15', 'Content-Type': 'application/json; charset=utf-8', 'cache-control': 'no-cache'})
DEBUG    2022-05-28 23:26:40 selenium.webdriver.remote.remote_connection::remote_connection.py:_request:412: Finished Request
DEBUG    2022-05-28 23:26:40 selenium.webdriver.remote.remote_connection::remote_connection.py:_request:361: POST http://localhost:10460/session/60995af495c4887168f679311451641c/execute/sync {"script": "window.scrollTo(89404, 92944)", "args": []}
DEBUG    2022-05-28 23:26:40 urllib3.connectionpool::connectionpool.py:_make_request:456: http://localhost:10460 "POST /session/60995af495c4887168f679311451641c/execute/sync HTTP/1.1" 200 14
DEBUG    2022-05-28 23:26:40 selenium.webdriver.remote.remote_connection::remote_connection.py:_request:383: Remote response: status=200 | data={"value":null} | headers=HTTPHeaderDict({'Content-Length': '14', 'Content-Type': 'application/json; charset=utf-8', 'cache-control': 'no-cache'})
DEBUG    2022-05-28 23:26:40 selenium.webdriver.remote.remote_connection::remote_connection.py:_request:412: Finished Request
DEBUG    2022-05-28 23:26:41 selenium.webdriver.remote.remote_connection::remote_connection.py:_request:361: POST http://localhost:10460/session/60995af495c4887168f679311451641c/execute/sync {"script": "return document.body.scrollHeight", "args": []}
DEBUG    2022-05-28 23:26:41 urllib3.connectionpool::connectionpool.py:_make_request:456: http://localhost:10460 "POST /session/60995af495c4887168f679311451641c/execute/sync HTTP/1.1" 200 15
DEBUG    2022-05-28 23:26:41 selenium.webdriver.remote.remote_connection::remote_connection.py:_request:383: Remote response: status=200 | data={"value":96484} | headers=HTTPHeaderDict({'Content-Length': '15', 'Content-Type': 'application/json; charset=utf-8', 'cache-control': 'no-cache'})
DEBUG    2022-05-28 23:26:41 selenium.webdriver.remote.remote_connection::remote_connection.py:_request:412: Finished Request
DEBUG    2022-05-28 23:26:41 selenium.webdriver.remote.remote_connection::remote_connection.py:_request:361: POST http://localhost:10460/session/60995af495c4887168f679311451641c/execute/sync {"script": "window.scrollTo(92944, 96484)", "args": []}
DEBUG    2022-05-28 23:26:41 urllib3.connectionpool::connectionpool.py:_make_request:456: http://localhost:10460 "POST /session/60995af495c4887168f679311451641c/execute/sync HTTP/1.1" 200 14
DEBUG    2022-05-28 23:26:41 selenium.webdriver.remote.remote_connection::remote_connection.py:_request:383: Remote response: status=200 | data={"value":null} | headers=HTTPHeaderDict({'Content-Length': '14', 'Content-Type': 'application/json; charset=utf-8', 'cache-control': 'no-cache'})
DEBUG    2022-05-28 23:26:41 selenium.webdriver.remote.remote_connection::remote_connection.py:_request:412: Finished Request
DEBUG    2022-05-28 23:26:42 selenium.webdriver.remote.remote_connection::remote_connection.py:_request:361: POST http://localhost:10460/session/60995af495c4887168f679311451641c/execute/sync {"script": "return document.body.scrollHeight", "args": []}
DEBUG    2022-05-28 23:26:42 urllib3.connectionpool::connectionpool.py:_make_request:456: http://localhost:10460 "POST /session/60995af495c4887168f679311451641c/execute/sync HTTP/1.1" 200 16
DEBUG    2022-05-28 23:26:42 selenium.webdriver.remote.remote_connection::remote_connection.py:_request:383: Remote response: status=200 | data={"value":100024} | headers=HTTPHeaderDict({'Content-Length': '16', 'Content-Type': 'application/json; charset=utf-8', 'cache-control': 'no-cache'})
DEBUG    2022-05-28 23:26:42 selenium.webdriver.remote.remote_connection::remote_connection.py:_request:412: Finished Request
DEBUG    2022-05-28 23:26:42 selenium.webdriver.remote.remote_connection::remote_connection.py:_request:361: POST http://localhost:10460/session/60995af495c4887168f679311451641c/execute/sync {"script": "window.scrollTo(96484, 100024)", "args": []}
DEBUG    2022-05-28 23:26:42 urllib3.connectionpool::connectionpool.py:_make_request:456: http://localhost:10460 "POST /session/60995af495c4887168f679311451641c/execute/sync HTTP/1.1" 200 14
DEBUG    2022-05-28 23:26:42 selenium.webdriver.remote.remote_connection::remote_connection.py:_request:383: Remote response: status=200 | data={"value":null} | headers=HTTPHeaderDict({'Content-Length': '14', 'Content-Type': 'application/json; charset=utf-8', 'cache-control': 'no-cache'})
DEBUG    2022-05-28 23:26:42 selenium.webdriver.remote.remote_connection::remote_connection.py:_request:412: Finished Request
DEBUG    2022-05-28 23:26:43 selenium.webdriver.remote.remote_connection::remote_connection.py:_request:361: POST http://localhost:10460/session/60995af495c4887168f679311451641c/execute/sync {"script": "return document.body.scrollHeight", "args": []}
DEBUG    2022-05-28 23:26:43 urllib3.connectionpool::connectionpool.py:_make_request:456: http://localhost:10460 "POST /session/60995af495c4887168f679311451641c/execute/sync HTTP/1.1" 200 16
DEBUG    2022-05-28 23:26:43 selenium.webdriver.remote.remote_connection::remote_connection.py:_request:383: Remote response: status=200 | data={"value":103564} | headers=HTTPHeaderDict({'Content-Length': '16', 'Content-Type': 'application/json; charset=utf-8', 'cache-control': 'no-cache'})
DEBUG    2022-05-28 23:26:43 selenium.webdriver.remote.remote_connection::remote_connection.py:_request:412: Finished Request
DEBUG    2022-05-28 23:26:43 selenium.webdriver.remote.remote_connection::remote_connection.py:_request:361: POST http://localhost:10460/session/60995af495c4887168f679311451641c/execute/sync {"script": "window.scrollTo(100024, 103564)", "args": []}
DEBUG    2022-05-28 23:26:43 urllib3.connectionpool::connectionpool.py:_make_request:456: http://localhost:10460 "POST /session/60995af495c4887168f679311451641c/execute/sync HTTP/1.1" 200 14
DEBUG    2022-05-28 23:26:43 selenium.webdriver.remote.remote_connection::remote_connection.py:_request:383: Remote response: status=200 | data={"value":null} | headers=HTTPHeaderDict({'Content-Length': '14', 'Content-Type': 'application/json; charset=utf-8', 'cache-control': 'no-cache'})
DEBUG    2022-05-28 23:26:43 selenium.webdriver.remote.remote_connection::remote_connection.py:_request:412: Finished Request
DEBUG    2022-05-28 23:26:44 selenium.webdriver.remote.remote_connection::remote_connection.py:_request:361: POST http://localhost:10460/session/60995af495c4887168f679311451641c/execute/sync {"script": "return document.body.scrollHeight", "args": []}
DEBUG    2022-05-28 23:26:44 urllib3.connectionpool::connectionpool.py:_make_request:456: http://localhost:10460 "POST /session/60995af495c4887168f679311451641c/execute/sync HTTP/1.1" 200 16
DEBUG    2022-05-28 23:26:44 selenium.webdriver.remote.remote_connection::remote_connection.py:_request:383: Remote response: status=200 | data={"value":107104} | headers=HTTPHeaderDict({'Content-Length': '16', 'Content-Type': 'application/json; charset=utf-8', 'cache-control': 'no-cache'})
DEBUG    2022-05-28 23:26:44 selenium.webdriver.remote.remote_connection::remote_connection.py:_request:412: Finished Request
DEBUG    2022-05-28 23:26:44 selenium.webdriver.remote.remote_connection::remote_connection.py:_request:361: POST http://localhost:10460/session/60995af495c4887168f679311451641c/execute/sync {"script": "window.scrollTo(103564, 107104)", "args": []}
DEBUG    2022-05-28 23:26:44 urllib3.connectionpool::connectionpool.py:_make_request:456: http://localhost:10460 "POST /session/60995af495c4887168f679311451641c/execute/sync HTTP/1.1" 200 14
DEBUG    2022-05-28 23:26:44 selenium.webdriver.remote.remote_connection::remote_connection.py:_request:383: Remote response: status=200 | data={"value":null} | headers=HTTPHeaderDict({'Content-Length': '14', 'Content-Type': 'application/json; charset=utf-8', 'cache-control': 'no-cache'})
DEBUG    2022-05-28 23:26:44 selenium.webdriver.remote.remote_connection::remote_connection.py:_request:412: Finished Request
DEBUG    2022-05-28 23:26:45 selenium.webdriver.remote.remote_connection::remote_connection.py:_request:361: POST http://localhost:10460/session/60995af495c4887168f679311451641c/execute/sync {"script": "return document.body.scrollHeight", "args": []}
DEBUG    2022-05-28 23:26:45 urllib3.connectionpool::connectionpool.py:_make_request:456: http://localhost:10460 "POST /session/60995af495c4887168f679311451641c/execute/sync HTTP/1.1" 200 16
DEBUG    2022-05-28 23:26:45 selenium.webdriver.remote.remote_connection::remote_connection.py:_request:383: Remote response: status=200 | data={"value":110644} | headers=HTTPHeaderDict({'Content-Length': '16', 'Content-Type': 'application/json; charset=utf-8', 'cache-control': 'no-cache'})
DEBUG    2022-05-28 23:26:45 selenium.webdriver.remote.remote_connection::remote_connection.py:_request:412: Finished Request
DEBUG    2022-05-28 23:26:45 selenium.webdriver.remote.remote_connection::remote_connection.py:_request:361: POST http://localhost:10460/session/60995af495c4887168f679311451641c/execute/sync {"script": "window.scrollTo(107104, 110644)", "args": []}
DEBUG    2022-05-28 23:26:45 urllib3.connectionpool::connectionpool.py:_make_request:456: http://localhost:10460 "POST /session/60995af495c4887168f679311451641c/execute/sync HTTP/1.1" 200 14
DEBUG    2022-05-28 23:26:45 selenium.webdriver.remote.remote_connection::remote_connection.py:_request:383: Remote response: status=200 | data={"value":null} | headers=HTTPHeaderDict({'Content-Length': '14', 'Content-Type': 'application/json; charset=utf-8', 'cache-control': 'no-cache'})
DEBUG    2022-05-28 23:26:45 selenium.webdriver.remote.remote_connection::remote_connection.py:_request:412: Finished Request
DEBUG    2022-05-28 23:26:46 selenium.webdriver.remote.remote_connection::remote_connection.py:_request:361: POST http://localhost:10460/session/60995af495c4887168f679311451641c/execute/sync {"script": "return document.body.scrollHeight", "args": []}
DEBUG    2022-05-28 23:26:46 urllib3.connectionpool::connectionpool.py:_make_request:456: http://localhost:10460 "POST /session/60995af495c4887168f679311451641c/execute/sync HTTP/1.1" 200 16
DEBUG    2022-05-28 23:26:46 selenium.webdriver.remote.remote_connection::remote_connection.py:_request:383: Remote response: status=200 | data={"value":114184} | headers=HTTPHeaderDict({'Content-Length': '16', 'Content-Type': 'application/json; charset=utf-8', 'cache-control': 'no-cache'})
DEBUG    2022-05-28 23:26:46 selenium.webdriver.remote.remote_connection::remote_connection.py:_request:412: Finished Request
DEBUG    2022-05-28 23:26:46 selenium.webdriver.remote.remote_connection::remote_connection.py:_request:361: POST http://localhost:10460/session/60995af495c4887168f679311451641c/execute/sync {"script": "window.scrollTo(110644, 114184)", "args": []}
DEBUG    2022-05-28 23:26:46 urllib3.connectionpool::connectionpool.py:_make_request:456: http://localhost:10460 "POST /session/60995af495c4887168f679311451641c/execute/sync HTTP/1.1" 200 14
DEBUG    2022-05-28 23:26:46 selenium.webdriver.remote.remote_connection::remote_connection.py:_request:383: Remote response: status=200 | data={"value":null} | headers=HTTPHeaderDict({'Content-Length': '14', 'Content-Type': 'application/json; charset=utf-8', 'cache-control': 'no-cache'})
DEBUG    2022-05-28 23:26:46 selenium.webdriver.remote.remote_connection::remote_connection.py:_request:412: Finished Request
DEBUG    2022-05-28 23:26:47 selenium.webdriver.remote.remote_connection::remote_connection.py:_request:361: POST http://localhost:10460/session/60995af495c4887168f679311451641c/execute/sync {"script": "return document.body.scrollHeight", "args": []}
DEBUG    2022-05-28 23:26:47 urllib3.connectionpool::connectionpool.py:_make_request:456: http://localhost:10460 "POST /session/60995af495c4887168f679311451641c/execute/sync HTTP/1.1" 200 16
DEBUG    2022-05-28 23:26:47 selenium.webdriver.remote.remote_connection::remote_connection.py:_request:383: Remote response: status=200 | data={"value":117724} | headers=HTTPHeaderDict({'Content-Length': '16', 'Content-Type': 'application/json; charset=utf-8', 'cache-control': 'no-cache'})
DEBUG    2022-05-28 23:26:47 selenium.webdriver.remote.remote_connection::remote_connection.py:_request:412: Finished Request
DEBUG    2022-05-28 23:26:47 selenium.webdriver.remote.remote_connection::remote_connection.py:_request:361: POST http://localhost:10460/session/60995af495c4887168f679311451641c/execute/sync {"script": "window.scrollTo(114184, 117724)", "args": []}
DEBUG    2022-05-28 23:26:47 urllib3.connectionpool::connectionpool.py:_make_request:456: http://localhost:10460 "POST /session/60995af495c4887168f679311451641c/execute/sync HTTP/1.1" 200 14
DEBUG    2022-05-28 23:26:47 selenium.webdriver.remote.remote_connection::remote_connection.py:_request:383: Remote response: status=200 | data={"value":null} | headers=HTTPHeaderDict({'Content-Length': '14', 'Content-Type': 'application/json; charset=utf-8', 'cache-control': 'no-cache'})
DEBUG    2022-05-28 23:26:47 selenium.webdriver.remote.remote_connection::remote_connection.py:_request:412: Finished Request
DEBUG    2022-05-28 23:26:48 selenium.webdriver.remote.remote_connection::remote_connection.py:_request:361: POST http://localhost:10460/session/60995af495c4887168f679311451641c/execute/sync {"script": "return document.body.scrollHeight", "args": []}
DEBUG    2022-05-28 23:26:48 urllib3.connectionpool::connectionpool.py:_make_request:456: http://localhost:10460 "POST /session/60995af495c4887168f679311451641c/execute/sync HTTP/1.1" 200 16
DEBUG    2022-05-28 23:26:48 selenium.webdriver.remote.remote_connection::remote_connection.py:_request:383: Remote response: status=200 | data={"value":121264} | headers=HTTPHeaderDict({'Content-Length': '16', 'Content-Type': 'application/json; charset=utf-8', 'cache-control': 'no-cache'})
DEBUG    2022-05-28 23:26:48 selenium.webdriver.remote.remote_connection::remote_connection.py:_request:412: Finished Request
DEBUG    2022-05-28 23:26:48 selenium.webdriver.remote.remote_connection::remote_connection.py:_request:361: POST http://localhost:10460/session/60995af495c4887168f679311451641c/execute/sync {"script": "window.scrollTo(117724, 121264)", "args": []}
DEBUG    2022-05-28 23:26:48 urllib3.connectionpool::connectionpool.py:_make_request:456: http://localhost:10460 "POST /session/60995af495c4887168f679311451641c/execute/sync HTTP/1.1" 200 14
DEBUG    2022-05-28 23:26:48 selenium.webdriver.remote.remote_connection::remote_connection.py:_request:383: Remote response: status=200 | data={"value":null} | headers=HTTPHeaderDict({'Content-Length': '14', 'Content-Type': 'application/json; charset=utf-8', 'cache-control': 'no-cache'})
DEBUG    2022-05-28 23:26:48 selenium.webdriver.remote.remote_connection::remote_connection.py:_request:412: Finished Request
DEBUG    2022-05-28 23:26:49 selenium.webdriver.remote.remote_connection::remote_connection.py:_request:361: POST http://localhost:10460/session/60995af495c4887168f679311451641c/execute/sync {"script": "return document.body.scrollHeight", "args": []}
DEBUG    2022-05-28 23:26:49 urllib3.connectionpool::connectionpool.py:_make_request:456: http://localhost:10460 "POST /session/60995af495c4887168f679311451641c/execute/sync HTTP/1.1" 200 16
DEBUG    2022-05-28 23:26:49 selenium.webdriver.remote.remote_connection::remote_connection.py:_request:383: Remote response: status=200 | data={"value":124804} | headers=HTTPHeaderDict({'Content-Length': '16', 'Content-Type': 'application/json; charset=utf-8', 'cache-control': 'no-cache'})
DEBUG    2022-05-28 23:26:49 selenium.webdriver.remote.remote_connection::remote_connection.py:_request:412: Finished Request
DEBUG    2022-05-28 23:26:49 selenium.webdriver.remote.remote_connection::remote_connection.py:_request:361: POST http://localhost:10460/session/60995af495c4887168f679311451641c/execute/sync {"script": "window.scrollTo(121264, 124804)", "args": []}
DEBUG    2022-05-28 23:26:49 urllib3.connectionpool::connectionpool.py:_make_request:456: http://localhost:10460 "POST /session/60995af495c4887168f679311451641c/execute/sync HTTP/1.1" 200 14
DEBUG    2022-05-28 23:26:49 selenium.webdriver.remote.remote_connection::remote_connection.py:_request:383: Remote response: status=200 | data={"value":null} | headers=HTTPHeaderDict({'Content-Length': '14', 'Content-Type': 'application/json; charset=utf-8', 'cache-control': 'no-cache'})
DEBUG    2022-05-28 23:26:49 selenium.webdriver.remote.remote_connection::remote_connection.py:_request:412: Finished Request
DEBUG    2022-05-28 23:26:50 selenium.webdriver.remote.remote_connection::remote_connection.py:_request:361: POST http://localhost:10460/session/60995af495c4887168f679311451641c/execute/sync {"script": "return document.body.scrollHeight", "args": []}
DEBUG    2022-05-28 23:26:50 urllib3.connectionpool::connectionpool.py:_make_request:456: http://localhost:10460 "POST /session/60995af495c4887168f679311451641c/execute/sync HTTP/1.1" 200 16
DEBUG    2022-05-28 23:26:50 selenium.webdriver.remote.remote_connection::remote_connection.py:_request:383: Remote response: status=200 | data={"value":128344} | headers=HTTPHeaderDict({'Content-Length': '16', 'Content-Type': 'application/json; charset=utf-8', 'cache-control': 'no-cache'})
DEBUG    2022-05-28 23:26:50 selenium.webdriver.remote.remote_connection::remote_connection.py:_request:412: Finished Request
DEBUG    2022-05-28 23:26:50 selenium.webdriver.remote.remote_connection::remote_connection.py:_request:361: POST http://localhost:10460/session/60995af495c4887168f679311451641c/execute/sync {"script": "window.scrollTo(124804, 128344)", "args": []}
DEBUG    2022-05-28 23:26:50 urllib3.connectionpool::connectionpool.py:_make_request:456: http://localhost:10460 "POST /session/60995af495c4887168f679311451641c/execute/sync HTTP/1.1" 200 14
DEBUG    2022-05-28 23:26:50 selenium.webdriver.remote.remote_connection::remote_connection.py:_request:383: Remote response: status=200 | data={"value":null} | headers=HTTPHeaderDict({'Content-Length': '14', 'Content-Type': 'application/json; charset=utf-8', 'cache-control': 'no-cache'})
DEBUG    2022-05-28 23:26:50 selenium.webdriver.remote.remote_connection::remote_connection.py:_request:412: Finished Request
DEBUG    2022-05-28 23:26:51 selenium.webdriver.remote.remote_connection::remote_connection.py:_request:361: POST http://localhost:10460/session/60995af495c4887168f679311451641c/execute/sync {"script": "return document.body.scrollHeight", "args": []}
DEBUG    2022-05-28 23:26:51 urllib3.connectionpool::connectionpool.py:_make_request:456: http://localhost:10460 "POST /session/60995af495c4887168f679311451641c/execute/sync HTTP/1.1" 200 16
DEBUG    2022-05-28 23:26:51 selenium.webdriver.remote.remote_connection::remote_connection.py:_request:383: Remote response: status=200 | data={"value":131884} | headers=HTTPHeaderDict({'Content-Length': '16', 'Content-Type': 'application/json; charset=utf-8', 'cache-control': 'no-cache'})
DEBUG    2022-05-28 23:26:51 selenium.webdriver.remote.remote_connection::remote_connection.py:_request:412: Finished Request
DEBUG    2022-05-28 23:26:51 selenium.webdriver.remote.remote_connection::remote_connection.py:_request:361: POST http://localhost:10460/session/60995af495c4887168f679311451641c/execute/sync {"script": "window.scrollTo(128344, 131884)", "args": []}
DEBUG    2022-05-28 23:26:51 urllib3.connectionpool::connectionpool.py:_make_request:456: http://localhost:10460 "POST /session/60995af495c4887168f679311451641c/execute/sync HTTP/1.1" 200 14
DEBUG    2022-05-28 23:26:51 selenium.webdriver.remote.remote_connection::remote_connection.py:_request:383: Remote response: status=200 | data={"value":null} | headers=HTTPHeaderDict({'Content-Length': '14', 'Content-Type': 'application/json; charset=utf-8', 'cache-control': 'no-cache'})
DEBUG    2022-05-28 23:26:51 selenium.webdriver.remote.remote_connection::remote_connection.py:_request:412: Finished Request
DEBUG    2022-05-28 23:26:52 selenium.webdriver.remote.remote_connection::remote_connection.py:_request:361: POST http://localhost:10460/session/60995af495c4887168f679311451641c/execute/sync {"script": "return document.body.scrollHeight", "args": []}
DEBUG    2022-05-28 23:26:52 urllib3.connectionpool::connectionpool.py:_make_request:456: http://localhost:10460 "POST /session/60995af495c4887168f679311451641c/execute/sync HTTP/1.1" 200 16
DEBUG    2022-05-28 23:26:52 selenium.webdriver.remote.remote_connection::remote_connection.py:_request:383: Remote response: status=200 | data={"value":135424} | headers=HTTPHeaderDict({'Content-Length': '16', 'Content-Type': 'application/json; charset=utf-8', 'cache-control': 'no-cache'})
DEBUG    2022-05-28 23:26:52 selenium.webdriver.remote.remote_connection::remote_connection.py:_request:412: Finished Request
DEBUG    2022-05-28 23:26:52 selenium.webdriver.remote.remote_connection::remote_connection.py:_request:361: POST http://localhost:10460/session/60995af495c4887168f679311451641c/execute/sync {"script": "window.scrollTo(131884, 135424)", "args": []}
DEBUG    2022-05-28 23:26:52 urllib3.connectionpool::connectionpool.py:_make_request:456: http://localhost:10460 "POST /session/60995af495c4887168f679311451641c/execute/sync HTTP/1.1" 200 14
DEBUG    2022-05-28 23:26:52 selenium.webdriver.remote.remote_connection::remote_connection.py:_request:383: Remote response: status=200 | data={"value":null} | headers=HTTPHeaderDict({'Content-Length': '14', 'Content-Type': 'application/json; charset=utf-8', 'cache-control': 'no-cache'})
DEBUG    2022-05-28 23:26:52 selenium.webdriver.remote.remote_connection::remote_connection.py:_request:412: Finished Request
DEBUG    2022-05-28 23:26:53 selenium.webdriver.remote.remote_connection::remote_connection.py:_request:361: POST http://localhost:10460/session/60995af495c4887168f679311451641c/execute/sync {"script": "return document.body.scrollHeight", "args": []}
DEBUG    2022-05-28 23:26:53 urllib3.connectionpool::connectionpool.py:_make_request:456: http://localhost:10460 "POST /session/60995af495c4887168f679311451641c/execute/sync HTTP/1.1" 200 16
DEBUG    2022-05-28 23:26:53 selenium.webdriver.remote.remote_connection::remote_connection.py:_request:383: Remote response: status=200 | data={"value":136250} | headers=HTTPHeaderDict({'Content-Length': '16', 'Content-Type': 'application/json; charset=utf-8', 'cache-control': 'no-cache'})
DEBUG    2022-05-28 23:26:53 selenium.webdriver.remote.remote_connection::remote_connection.py:_request:412: Finished Request
DEBUG    2022-05-28 23:26:53 selenium.webdriver.remote.remote_connection::remote_connection.py:_request:361: POST http://localhost:10460/session/60995af495c4887168f679311451641c/execute/sync {"script": "window.scrollTo(135424, 136250)", "args": []}
DEBUG    2022-05-28 23:26:53 urllib3.connectionpool::connectionpool.py:_make_request:456: http://localhost:10460 "POST /session/60995af495c4887168f679311451641c/execute/sync HTTP/1.1" 200 14
DEBUG    2022-05-28 23:26:53 selenium.webdriver.remote.remote_connection::remote_connection.py:_request:383: Remote response: status=200 | data={"value":null} | headers=HTTPHeaderDict({'Content-Length': '14', 'Content-Type': 'application/json; charset=utf-8', 'cache-control': 'no-cache'})
DEBUG    2022-05-28 23:26:53 selenium.webdriver.remote.remote_connection::remote_connection.py:_request:412: Finished Request
DEBUG    2022-05-28 23:26:54 selenium.webdriver.remote.remote_connection::remote_connection.py:_request:361: POST http://localhost:10460/session/60995af495c4887168f679311451641c/execute/sync {"script": "return document.body.scrollHeight", "args": []}
DEBUG    2022-05-28 23:26:54 urllib3.connectionpool::connectionpool.py:_make_request:456: http://localhost:10460 "POST /session/60995af495c4887168f679311451641c/execute/sync HTTP/1.1" 200 16
DEBUG    2022-05-28 23:26:54 selenium.webdriver.remote.remote_connection::remote_connection.py:_request:383: Remote response: status=200 | data={"value":136250} | headers=HTTPHeaderDict({'Content-Length': '16', 'Content-Type': 'application/json; charset=utf-8', 'cache-control': 'no-cache'})
DEBUG    2022-05-28 23:26:54 selenium.webdriver.remote.remote_connection::remote_connection.py:_request:412: Finished Request
DEBUG    2022-05-28 23:26:54 selenium.webdriver.remote.remote_connection::remote_connection.py:_request:361: POST http://localhost:10460/session/60995af495c4887168f679311451641c/elements {"using": "xpath", "value": "//span[@class='ico-star1 ng-binding ng-hide']"}
DEBUG    2022-05-28 23:26:54 urllib3.connectionpool::connectionpool.py:_make_request:456: http://localhost:10460 "POST /session/60995af495c4887168f679311451641c/elements HTTP/1.1" 200 23237
DEBUG    2022-05-28 23:26:54 selenium.webdriver.remote.remote_connection::remote_connection.py:_request:383: Remote response: status=200 | data={"value":[{"element-6066-11e4-a52e-4f735466cecf":"c6b84e37-ae19-4bab-8110-6257c3a5bfa7"},{"element-6066-11e4-a52e-4f735466cecf":"8bc88810-14e1-4062-a58d-a34ebf99a44f"},{"element-6066-11e4-a52e-4f735466cecf":"ed22d38e-c098-4cfe-951e-8f0e2d508b00"},{"element-6066-11e4-a52e-4f735466cecf":"749e248c-9416-4f71-924c-8dfe0a2b7b3e"},{"element-6066-11e4-a52e-4f735466cecf":"4ce4940c-e945-43d6-b3ae-bf319dbc681b"},{"element-6066-11e4-a52e-4f735466cecf":"78b5781a-efa7-40dc-8ce9-ec78455214c5"},{"element-6066-11e4-a52e-4f735466cecf":"06a85fe6-09c5-4a75-846a-a8cc3d791bff"},{"element-6066-11e4-a52e-4f735466cecf":"ccb29e2a-3989-438d-ab43-cd268e47d63e"},{"element-6066-11e4-a52e-4f735466cecf":"396ff8d2-0297-40b0-b0d1-01b3de859337"},{"element-6066-11e4-a52e-4f735466cecf":"388c6826-b6bc-4e10-9966-17a753789969"},{"element-6066-11e4-a52e-4f735466cecf":"a205aafd-888a-4651-8ab4-d06704ceec82"},{"element-6066-11e4-a52e-4f735466cecf":"4c8d9e5b-7328-4800-b62e-30a7473d7bd0"},{"element-6066-11e4-a52e-4f735466cecf":"2f0f93f4-98cc-4e15-ba99-dee2b33dd0ae"},{"element-6066-11e4-a52e-4f735466cecf":"a11af96a-b0f1-4b93-8ecd-9bbb0a487bef"},{"element-6066-11e4-a52e-4f735466cecf":"6248236b-9378-452d-9b9f-105e47369e14"},{"element-6066-11e4-a52e-4f735466cecf":"6fe4bde6-52b9-46d6-bc26-023c10567626"},{"element-6066-11e4-a52e-4f735466cecf":"fa934696-1177-4bfc-b032-929024f1ff85"},{"element-6066-11e4-a52e-4f735466cecf":"ac058e56-0345-4714-9d5a-8a3d0540a400"},{"element-6066-11e4-a52e-4f735466cecf":"df0f0326-4f15-4690-9d81-7026552dbbdc"},{"element-6066-11e4-a52e-4f735466cecf":"6653a01f-0660-4c1b-8616-40ff462d6ee0"},{"element-6066-11e4-a52e-4f735466cecf":"9a4dd085-acbe-499a-8465-c139b8357890"},{"element-6066-11e4-a52e-4f735466cecf":"6ec1b294-2a30-41bb-808a-b005e7eac425"},{"element-6066-11e4-a52e-4f735466cecf":"cdbf2b45-4fb8-42d1-8c04-a11ada13b5a7"},{"element-6066-11e4-a52e-4f735466cecf":"02623b6c-0e67-487c-8c34-9b1115e5c217"},{"element-6066-11e4-a52e-4f735466cecf":"20569807-918c-4297-a5b6-d9b5bf302a66"},{"element-6066-11e4-a52e-4f735466cecf":"49ca5a95-78b7-4168-b855-ef32a766ffd8"},{"element-6066-11e4-a52e-4f735466cecf":"d0d1db2a-a58d-40e5-a398-0afc7128285d"},{"element-6066-11e4-a52e-4f735466cecf":"46458d36-4580-48c6-92e6-d903a52d2909"},{"element-6066-11e4-a52e-4f735466cecf":"f27f5542-15c6-43ff-a2ed-9f1c879761e4"},{"element-6066-11e4-a52e-4f735466cecf":"e520f3ff-421f-4f6e-8de6-66356911d4f6"},{"element-6066-11e4-a52e-4f735466cecf":"da010bd0-0d9a-4dd8-8300-da3475f87614"},{"element-6066-11e4-a52e-4f735466cecf":"a373bfcd-59a2-4cc3-940d-bed6cd4aa112"},{"element-6066-11e4-a52e-4f735466cecf":"ea655f6d-f8e2-4e7a-8c05-71eaf5782536"},{"element-6066-11e4-a52e-4f735466cecf":"44628d68-59c0-4204-818a-7f2006fc7ece"},{"element-6066-11e4-a52e-4f735466cecf":"fcbe8566-874c-4c9d-881d-afbf4d16dedc"},{"element-6066-11e4-a52e-4f735466cecf":"8e0d227c-0de6-4a37-8e04-d0eae360089a"},{"element-6066-11e4-a52e-4f735466cecf":"24303c6f-1959-4bd3-a6b3-56a9e48bf61b"},{"element-6066-11e4-a52e-4f735466cecf":"284cb848-ac62-4909-a348-ba9d7b42815d"},{"element-6066-11e4-a52e-4f735466cecf":"d3a962be-d7a7-42aa-9ba6-5ad0c58f4715"},{"element-6066-11e4-a52e-4f735466cecf":"de2fcdbb-8a07-4679-9f81-b9a9303601c8"},{"element-6066-11e4-a52e-4f735466cecf":"fb701ef2-b490-4509-bc0e-bc8f30ae50e6"},{"element-6066-11e4-a52e-4f735466cecf":"6e7dc8ef-86a4-4935-97e1-7d56a6b70fc4"},{"element-6066-11e4-a52e-4f735466cecf":"594695e4-945f-4d7f-8561-47b478f87f7d"},{"element-6066-11e4-a52e-4f735466cecf":"460926bd-9f5d-40ec-94a5-850d5951091e"},{"element-6066-11e4-a52e-4f735466cecf":"cc9417c9-fcd2-4cb0-af14-a743eb61de98"},{"element-6066-11e4-a52e-4f735466cecf":"ca9a0897-fb77-4f71-970b-b12ca19ffd32"},{"element-6066-11e4-a52e-4f735466cecf":"e396d8bf-ec6b-419d-8a3b-a4b96fc466df"},{"element-6066-11e4-a52e-4f735466cecf":"7e8083a0-ab7b-45e4-82d1-0cb3b2e8cbb8"},{"element-6066-11e4-a52e-4f735466cecf":"ba644e30-9f1c-44ff-b581-02b8bad35de9"},{"element-6066-11e4-a52e-4f735466cecf":"8cab1dd1-7207-41cb-89b8-90a6b3df6e6b"},{"element-6066-11e4-a52e-4f735466cecf":"f6c924f2-eeda-415d-82c6-0e231a4b1ecf"},{"element-6066-11e4-a52e-4f735466cecf":"f2650bea-05c6-4674-982f-1422931a279e"},{"element-6066-11e4-a52e-4f735466cecf":"95c1619a-4599-41d5-93c2-665706ccc317"},{"element-6066-11e4-a52e-4f735466cecf":"f5e7c964-a0b8-480f-bafe-6fa3b47ff1c5"},{"element-6066-11e4-a52e-4f735466cecf":"d4b6a572-0e62-4858-b8b3-78b15ddadbca"},{"element-6066-11e4-a52e-4f735466cecf":"4fbe2266-4723-444d-8075-cb363df09489"},{"element-6066-11e4-a52e-4f735466cecf":"0feb19f0-67ea-438e-88a5-7aa1ea43a6a7"},{"element-6066-11e4-a52e-4f735466cecf":"531132da-7530-4027-a28b-34db1f793106"},{"element-6066-11e4-a52e-4f735466cecf":"3578c92d-8f47-412d-bf1d-c31a33330ed8"},{"element-6066-11e4-a52e-4f735466cecf":"94789d0f-0c9b-4ce1-8e74-1426c6a89c1d"},{"element-6066-11e4-a52e-4f735466cecf":"1ab9c283-b87b-4eeb-a20b-c935cd6b8c06"},{"element-6066-11e4-a52e-4f735466cecf":"604f1544-e7f5-4eb7-b58d-84fe9f466f40"},{"element-6066-11e4-a52e-4f735466cecf":"7f185c2a-9d72-4386-9055-27f93124aa1a"},{"element-6066-11e4-a52e-4f735466cecf":"9544285b-a7af-4d46-9004-2f3b2fbd8a5c"},{"element-6066-11e4-a52e-4f735466cecf":"a26bc0d3-5d6b-43f5-bf58-658b86ff3f8c"},{"element-6066-11e4-a52e-4f735466cecf":"ebc19b28-f0ec-4876-9dc4-9e883a34a3b2"},{"element-6066-11e4-a52e-4f735466cecf":"0e8eef64-e6fd-4130-9bef-9dbe329bced6"},{"element-6066-11e4-a52e-4f735466cecf":"2ca8de8c-c6b4-403b-a44c-315dc1ce84f9"},{"element-6066-11e4-a52e-4f735466cecf":"a6ec0da4-2961-4de4-b6a2-b88c710ea0be"},{"element-6066-11e4-a52e-4f735466cecf":"43369a4b-21b7-4b42-811c-7f386b44f3d8"},{"element-6066-11e4-a52e-4f735466cecf":"217a7b52-31d7-4945-87e5-b15a9216275c"},{"element-6066-11e4-a52e-4f735466cecf":"f87d95db-803d-4418-aff1-b05cbea9ac11"},{"element-6066-11e4-a52e-4f735466cecf":"408cbb8e-28e8-400a-8c50-48904b720176"},{"element-6066-11e4-a52e-4f735466cecf":"74c1749d-4d24-455e-8733-214343f84f59"},{"element-6066-11e4-a52e-4f735466cecf":"2558a3f5-cd55-4e85-b67a-4741df1825e4"},{"element-6066-11e4-a52e-4f735466cecf":"638eb9d2-d982-4683-98db-91b26cd130d8"},{"element-6066-11e4-a52e-4f735466cecf":"c0926943-6785-46d4-8a87-a7de6ab4b4d1"},{"element-6066-11e4-a52e-4f735466cecf":"55597637-90e2-46de-868c-76a8d10b6deb"},{"element-6066-11e4-a52e-4f735466cecf":"4d274ad2-4920-4ec0-864d-fa4860e3580a"},{"element-6066-11e4-a52e-4f735466cecf":"80040758-0f92-4b06-8002-1e3535435fb5"},{"element-6066-11e4-a52e-4f735466cecf":"d22b1a57-c52e-4a07-b280-a97cd466ce76"},{"element-6066-11e4-a52e-4f735466cecf":"7c733b2e-24e3-4709-9ba1-732222fa33d7"},{"element-6066-11e4-a52e-4f735466cecf":"23073179-68f1-472f-a2c4-5846e5836d54"},{"element-6066-11e4-a52e-4f735466cecf":"319382e6-3ad1-4724-95f0-fd6f16c47189"},{"element-6066-11e4-a52e-4f735466cecf":"618db991-4248-4df1-a49d-a123c227944d"},{"element-6066-11e4-a52e-4f735466cecf":"5d3b18e9-6549-4da0-b18f-b9b52c57c640"},{"element-6066-11e4-a52e-4f735466cecf":"c86f4e44-d5e2-43c3-8a18-1a8be18adaab"},{"element-6066-11e4-a52e-4f735466cecf":"33766ef8-a155-41e1-bfc6-a1359692fb11"},{"element-6066-11e4-a52e-4f735466cecf":"ee098f8f-2e4d-46f3-9fd5-4de1d7f67a22"},{"element-6066-11e4-a52e-4f735466cecf":"851f3d25-d39e-4686-9e1b-b4540620f28e"},{"element-6066-11e4-a52e-4f735466cecf":"6660f699-1600-4ece-956f-6431745cfd1f"},{"element-6066-11e4-a52e-4f735466cecf":"9ccf48f7-cc06-4e3b-b540-29132497866c"},{"element-6066-11e4-a52e-4f735466cecf":"da83fb95-8a29-4f5c-86c5-0cbed2a706ad"},{"element-6066-11e4-a52e-4f735466cecf":"b3ccee2a-8183-49cb-9078-8fcd4982390b"},{"element-6066-11e4-a52e-4f735466cecf":"e000c2a7-d015-4d46-808f-02e5951afdb2"},{"element-6066-11e4-a52e-4f735466cecf":"68c2d146-21bf-43ee-abe2-153321613d6a"},{"element-6066-11e4-a52e-4f735466cecf":"6d96b23a-ac9b-4521-aa5e-2ec5f5e21b75"},{"element-6066-11e4-a52e-4f735466cecf":"c910aefe-0015-4ac1-93f3-b04df5c372ca"},{"element-6066-11e4-a52e-4f735466cecf":"f18bc3fa-c884-4717-8ac5-1252bf7a53ea"},{"element-6066-11e4-a52e-4f735466cecf":"05e26bfc-26bd-4fb4-bdfb-2ccaa11d6015"},{"element-6066-11e4-a52e-4f735466cecf":"d3e48c77-d948-4974-a1d1-08b4fec702f7"},{"element-6066-11e4-a52e-4f735466cecf":"15723d3f-08bc-486d-aff0-0455e4e688f0"},{"element-6066-11e4-a52e-4f735466cecf":"0c1d9070-39d4-401c-a55c-1c6af10f9ff4"},{"element-6066-11e4-a52e-4f735466cecf":"d9c4c390-3b7b-4865-bf0f-449560377511"},{"element-6066-11e4-a52e-4f735466cecf":"9c71f2b7-8b16-43ca-8bae-486b00de9714"},{"element-6066-11e4-a52e-4f735466cecf":"de622de7-bc38-4ce6-86e2-22f90b2440b8"},{"element-6066-11e4-a52e-4f735466cecf":"0da910eb-0597-4da9-95ce-e45e864a5843"},{"element-6066-11e4-a52e-4f735466cecf":"27bd25e6-4907-4756-8e14-46076c4f7cf0"},{"element-6066-11e4-a52e-4f735466cecf":"fda8ef0c-d2b8-417f-ab4d-986cd408502f"},{"element-6066-11e4-a52e-4f735466cecf":"5672f44c-1c5c-4b72-8c43-eb54b62b6015"},{"element-6066-11e4-a52e-4f735466cecf":"85ec7615-b35b-441b-b8ca-30d693aada49"},{"element-6066-11e4-a52e-4f735466cecf":"9d07bacc-ec82-4d82-a1a1-91d3ab2797f5"},{"element-6066-11e4-a52e-4f735466cecf":"1fc495bb-2bcb-4770-9cf1-0f4d73c8cef5"},{"element-6066-11e4-a52e-4f735466cecf":"ade2dc38-4e2a-43a4-8c3a-dc50eef21cc6"},{"element-6066-11e4-a52e-4f735466cecf":"39b87ddf-0078-4917-8174-c9b4dacf2243"},{"element-6066-11e4-a52e-4f735466cecf":"66aa3967-6922-4288-9fd2-70e05705e329"},{"element-6066-11e4-a52e-4f735466cecf":"5b5c475e-ae85-4e09-bd9f-34c2b79a59a7"},{"element-6066-11e4-a52e-4f735466cecf":"1587e42f-b831-4698-9342-d0ff9ddbcd8a"},{"element-6066-11e4-a52e-4f735466cecf":"dde00547-8f86-4f29-a91c-7bb44e91699e"},{"element-6066-11e4-a52e-4f735466cecf":"7ed9aabc-faf9-48a8-b9b0-ef8496b0621a"},{"element-6066-11e4-a52e-4f735466cecf":"0b91ebfc-9ebe-48f9-8c1a-b200e53cf528"},{"element-6066-11e4-a52e-4f735466cecf":"6fad9ffe-e7fa-4cc5-9cdb-dfd6d083f430"},{"element-6066-11e4-a52e-4f735466cecf":"30ed35f9-ee0c-4d09-af14-4ddba47039c2"},{"element-6066-11e4-a52e-4f735466cecf":"4b13ad65-1b37-4708-ab58-a1e42a2b5e8e"},{"element-6066-11e4-a52e-4f735466cecf":"22833a38-714c-4411-818d-e9dbbf9c7122"},{"element-6066-11e4-a52e-4f735466cecf":"9aa76987-aa85-4128-8ae9-aff13c0c7cf6"},{"element-6066-11e4-a52e-4f735466cecf":"30841b00-33bf-4deb-96dd-8e105eed000a"},{"element-6066-11e4-a52e-4f735466cecf":"f7d67282-b49e-427b-968a-f87e70be193c"},{"element-6066-11e4-a52e-4f735466cecf":"cc9a1c75-e63b-4d8b-b698-f7979d8e7a79"},{"element-6066-11e4-a52e-4f735466cecf":"661bdeaf-3f7a-4f7a-bb67-c1e1856fd59d"},{"element-6066-11e4-a52e-4f735466cecf":"79706e16-ec80-48a6-8f70-a9375c15b040"},{"element-6066-11e4-a52e-4f735466cecf":"711c0635-45e1-4508-be67-077b032b0190"},{"element-6066-11e4-a52e-4f735466cecf":"d4ff4a67-d4ff-401c-bfaf-1dd5b08ba2e8"},{"element-6066-11e4-a52e-4f735466cecf":"0f43f669-0819-412a-bde1-290f9e10413c"},{"element-6066-11e4-a52e-4f735466cecf":"26cb8e37-a62a-4550-8a23-e302a0195698"},{"element-6066-11e4-a52e-4f735466cecf":"7e24d1de-ff96-4461-ad1e-1c062e7e8707"},{"element-6066-11e4-a52e-4f735466cecf":"b223e80c-ff4c-469e-83c3-355c2d787793"},{"element-6066-11e4-a52e-4f735466cecf":"6ac7436a-04fe-40e5-8fc4-b9c981e8e96d"},{"element-6066-11e4-a52e-4f735466cecf":"a681f634-e77e-4f8d-94ce-b6187950f1fd"},{"element-6066-11e4-a52e-4f735466cecf":"caa701fb-7d5d-4b69-a7e1-7d5964f911b1"},{"element-6066-11e4-a52e-4f735466cecf":"b54adf2d-18e0-46dd-b25b-0d4f5a99b9fd"},{"element-6066-11e4-a52e-4f735466cecf":"5f79c458-e984-42b8-8a7b-13ad1fd98102"},{"element-6066-11e4-a52e-4f735466cecf":"3f9c0ab4-0625-4d4b-846b-4a481f95908e"},{"element-6066-11e4-a52e-4f735466cecf":"d4c8b017-08aa-4fc4-b25c-0526ad8d0742"},{"element-6066-11e4-a52e-4f735466cecf":"a4eb3a92-3951-4479-870d-1218888e8f97"},{"element-6066-11e4-a52e-4f735466cecf":"bbf204f8-6d28-4832-bc43-de18b8fc0a20"},{"element-6066-11e4-a52e-4f735466cecf":"be4f6950-a124-4d81-b9db-e0d0d7ea686a"},{"element-6066-11e4-a52e-4f735466cecf":"9e3141c2-a1d3-4f8c-b57c-94ba611de6de"},{"element-6066-11e4-a52e-4f735466cecf":"9edd048e-8706-4ca3-a52a-40e6fe1b286f"},{"element-6066-11e4-a52e-4f735466cecf":"fee489fe-3fbe-49c7-b96a-c88f881280c8"},{"element-6066-11e4-a52e-4f735466cecf":"2d660b6e-d400-4629-8f5b-d9573398cbc3"},{"element-6066-11e4-a52e-4f735466cecf":"0dfba7de-f848-481c-aba5-de470b97b605"},{"element-6066-11e4-a52e-4f735466cecf":"3e51e588-4fa5-4c0e-bda4-cdbe119e45c2"},{"element-6066-11e4-a52e-4f735466cecf":"616932d6-92c3-4b8c-a129-0b8b91418094"},{"element-6066-11e4-a52e-4f735466cecf":"5f28a410-914b-470f-a5d0-72b98345ac0f"},{"element-6066-11e4-a52e-4f735466cecf":"524e9b32-c9f6-4778-a2e5-54dcd40ca177"},{"element-6066-11e4-a52e-4f735466cecf":"a992adc5-ad93-4410-9f61-d7965a7d6fe0"},{"element-6066-11e4-a52e-4f735466cecf":"3316f0f1-d49e-4ac7-a7ba-49f6a504324b"},{"element-6066-11e4-a52e-4f735466cecf":"27cf7cbb-510e-4318-a22a-958e91fdded8"},{"element-6066-11e4-a52e-4f735466cecf":"cbbc60ed-b909-49a0-bcf5-d34e69953630"},{"element-6066-11e4-a52e-4f735466cecf":"e61419f2-5dec-4e64-9255-7abc022c0881"},{"element-6066-11e4-a52e-4f735466cecf":"1d59750c-f2b3-4eca-957a-a1d6df081093"},{"element-6066-11e4-a52e-4f735466cecf":"15d3842b-6f43-4b0d-b098-69e71c8f6f68"},{"element-6066-11e4-a52e-4f735466cecf":"42d39528-cda6-4541-a82c-cf853dd2d794"},{"element-6066-11e4-a52e-4f735466cecf":"f565e197-dfff-4bc1-92a0-f62e8dd8a7fc"},{"element-6066-11e4-a52e-4f735466cecf":"b6b7561a-2748-4d40-ae64-d0a158806061"},{"element-6066-11e4-a52e-4f735466cecf":"65198930-08a7-4d70-80a5-a147a665bc17"},{"element-6066-11e4-a52e-4f735466cecf":"68355427-3915-4a05-9273-a287631593a2"},{"element-6066-11e4-a52e-4f735466cecf":"7d032a04-35fc-4fbe-8718-daf52b3c0f8e"},{"element-6066-11e4-a52e-4f735466cecf":"efcb6f0b-b13d-42e8-b5af-be47516dbd6a"},{"element-6066-11e4-a52e-4f735466cecf":"9d39d292-d011-4c65-96f8-54047bbf75a8"},{"element-6066-11e4-a52e-4f735466cecf":"0627d559-f4c8-40bc-9751-9659b257b7a3"},{"element-6066-11e4-a52e-4f735466cecf":"9ac0bed0-9401-49ca-ae95-cafe11157172"},{"element-6066-11e4-a52e-4f735466cecf":"e374ceb9-074c-46c8-ad27-02ff36f86a00"},{"element-6066-11e4-a52e-4f735466cecf":"0d37fc20-88cf-40cc-8d4b-972118f8855d"},{"element-6066-11e4-a52e-4f735466cecf":"212e3ea0-6235-48b8-a4cc-7176152e1da4"},{"element-6066-11e4-a52e-4f735466cecf":"22bcf4e6-65fa-4e07-b62d-cee0ec890623"},{"element-6066-11e4-a52e-4f735466cecf":"1cd49ef7-c57d-4a26-8dc0-5a3ba57134e4"},{"element-6066-11e4-a52e-4f735466cecf":"b08e0bf2-60e6-42ae-811c-0f003490fc13"},{"element-6066-11e4-a52e-4f735466cecf":"db46cfe0-6410-43c7-9eab-f5b99b58eec1"},{"element-6066-11e4-a52e-4f735466cecf":"419bc6fb-8be3-4745-a85e-a75cd66f5859"},{"element-6066-11e4-a52e-4f735466cecf":"5ec6247d-e3e2-41f8-8c43-fc6086bd9849"},{"element-6066-11e4-a52e-4f735466cecf":"9a0f8747-746a-425e-8c87-c32ddef2d80e"},{"element-6066-11e4-a52e-4f735466cecf":"65723f7b-6f9c-426a-9440-3b8580858483"},{"element-6066-11e4-a52e-4f735466cecf":"48a69473-e69e-42d6-ba53-7a82305dd49f"},{"element-6066-11e4-a52e-4f735466cecf":"92979745-e9a3-41a7-828b-b6f0879f4640"},{"element-6066-11e4-a52e-4f735466cecf":"13ab957d-24f3-4acc-9c5e-ac269d6de052"},{"element-6066-11e4-a52e-4f735466cecf":"454e74bf-d737-42ed-8a70-522a0836b550"},{"element-6066-11e4-a52e-4f735466cecf":"e47a9d13-9f2d-441b-81e4-1c5991e7ace3"},{"element-6066-11e4-a52e-4f735466cecf":"443427a6-11ca-46f0-a3e5-072ba57c1f58"},{"element-6066-11e4-a52e-4f735466cecf":"4667d178-c862-488b-8f91-b5d50ed6a0ec"},{"element-6066-11e4-a52e-4f735466cecf":"dd127b55-4252-42fa-888d-f36904233d1e"},{"element-6066-11e4-a52e-4f735466cecf":"ed4af84e-88e9-428d-a83d-d8b23c688250"},{"element-6066-11e4-a52e-4f735466cecf":"01fa5d15-c364-4df9-9ea7-51688f18862f"},{"element-6066-11e4-a52e-4f735466cecf":"4f7676fa-ec8e-4987-9e01-e279c5c977b4"},{"element-6066-11e4-a52e-4f735466cecf":"61438e08-d1f7-403b-a516-58fbfe055268"},{"element-6066-11e4-a52e-4f735466cecf":"60602932-4b07-4f7e-87c9-cf69f2c40d1e"},{"element-6066-11e4-a52e-4f735466cecf":"1f03738d-3fab-4e1c-8f64-c4a9fcb7705a"},{"element-6066-11e4-a52e-4f735466cecf":"e6d1a326-a94e-4b7c-a249-9add456e89f1"},{"element-6066-11e4-a52e-4f735466cecf":"a16af16c-cd9a-442d-b1a7-5a314549c57d"},{"element-6066-11e4-a52e-4f735466cecf":"8ecac876-cef0-4101-89eb-424bcf76f7ee"},{"element-6066-11e4-a52e-4f735466cecf":"30cfb517-7888-4a3d-8046-4fc9b733186a"},{"element-6066-11e4-a52e-4f735466cecf":"21e300bb-85a0-45ca-9d22-50e5d82d5514"},{"element-6066-11e4-a52e-4f735466cecf":"6463c472-2d24-4647-a3b7-06b67415d1a9"},{"element-6066-11e4-a52e-4f735466cecf":"97730a2a-aef3-4619-92fa-1a9f18bf78bb"},{"element-6066-11e4-a52e-4f735466cecf":"2a7a4393-ec67-4b40-92b3-c1ddb1c08990"},{"element-6066-11e4-a52e-4f735466cecf":"27ca9315-7766-4a33-958c-455f7dcc4ff3"},{"element-6066-11e4-a52e-4f735466cecf":"50a23c01-3b1a-406b-bfb6-627d33904061"},{"element-6066-11e4-a52e-4f735466cecf":"487e2fb3-049f-45d1-9be9-2224129202f2"},{"element-6066-11e4-a52e-4f735466cecf":"69d06202-551a-47be-9429-fed5f8cc876d"},{"element-6066-11e4-a52e-4f735466cecf":"145a68b3-fa8a-4fef-8b5a-bbc1610a9e2f"},{"element-6066-11e4-a52e-4f735466cecf":"ecfb097e-bb17-46e5-89cf-34dc2fb06414"},{"element-6066-11e4-a52e-4f735466cecf":"84e55416-6731-4668-85d1-ef24bec3db5f"},{"element-6066-11e4-a52e-4f735466cecf":"ba222c3f-513d-40e7-8a74-34e4aa012057"},{"element-6066-11e4-a52e-4f735466cecf":"e0031c2a-f7c7-4b93-82f3-89dae2da5cb2"},{"element-6066-11e4-a52e-4f735466cecf":"3646ccbd-5aad-4933-943c-2ab1ffaf38cf"},{"element-6066-11e4-a52e-4f735466cecf":"24d391c1-a400-46ea-a2e2-3ac0c41c905a"},{"element-6066-11e4-a52e-4f735466cecf":"826df093-2d56-452a-845f-d00525fb5500"},{"element-6066-11e4-a52e-4f735466cecf":"214212d4-f62e-4594-b908-1e6ae998caa9"},{"element-6066-11e4-a52e-4f735466cecf":"7d056504-9f4a-4546-9c60-3a175247c73c"},{"element-6066-11e4-a52e-4f735466cecf":"d2e791c0-9d2f-4000-8b9f-8b22f83f1fe4"},{"element-6066-11e4-a52e-4f735466cecf":"17011c2b-1b14-428f-b90c-13dd8c2cbfd3"},{"element-6066-11e4-a52e-4f735466cecf":"a8e5d938-23ba-44c5-9cb5-40ad9bed9a55"},{"element-6066-11e4-a52e-4f735466cecf":"268efb78-67d3-4906-8f8c-2144307a7d64"},{"element-6066-11e4-a52e-4f735466cecf":"538f37ec-6d32-433b-8f5a-7c988a3e32de"},{"element-6066-11e4-a52e-4f735466cecf":"da3a08ce-e930-4058-b52b-2687befa874e"},{"element-6066-11e4-a52e-4f735466cecf":"3dbc1cdf-e8da-4fa3-959a-813fa5035ff8"},{"element-6066-11e4-a52e-4f735466cecf":"09ecbc79-5eb1-4266-9b5e-f76a18c0b238"},{"element-6066-11e4-a52e-4f735466cecf":"ed83f873-f801-4420-9b6d-6cca64eedec3"},{"element-6066-11e4-a52e-4f735466cecf":"34bec5fa-f766-4da4-840f-82849f5ddb7b"},{"element-6066-11e4-a52e-4f735466cecf":"4e4731f9-ebf5-4bb9-a280-1ad378288fd8"},{"element-6066-11e4-a52e-4f735466cecf":"9fb9150f-9bbc-460f-9edd-46956edbf9d8"},{"element-6066-11e4-a52e-4f735466cecf":"b1d9887b-117c-4757-875d-5cc6d2b68b0f"},{"element-6066-11e4-a52e-4f735466cecf":"ed3a9b7f-8db9-447a-9155-4c4c494215a4"},{"element-6066-11e4-a52e-4f735466cecf":"b65ed312-1c2a-4d27-b512-6e44516047a0"},{"element-6066-11e4-a52e-4f735466cecf":"789b073d-2a3c-42c7-815a-7d0813892d61"},{"element-6066-11e4-a52e-4f735466cecf":"0e3c8feb-c050-439a-b7c6-7913b35c4d98"},{"element-6066-11e4-a52e-4f735466cecf":"9a968ab0-55c5-47f3-ac69-f86a5c666cbd"},{"element-6066-11e4-a52e-4f735466cecf":"eae1741d-1008-47cb-8d31-006840d6227d"},{"element-6066-11e4-a52e-4f735466cecf":"b3afb174-f302-4311-afaf-818ae01c9970"},{"element-6066-11e4-a52e-4f735466cecf":"e91c6835-af23-4473-b8bc-0a96063ef63d"},{"element-6066-11e4-a52e-4f735466cecf":"a1a328ac-e7c9-4460-8667-504e98666327"},{"element-6066-11e4-a52e-4f735466cecf":"2df9f565-85aa-4866-b633-95b837fe6789"},{"element-6066-11e4-a52e-4f735466cecf":"ccc863ff-6464-47a5-85b0-bc6cf3538cc6"},{"element-6066-11e4-a52e-4f735466cecf":"e3f1a617-6630-45ab-b08f-6c48eff2d5f8"},{"element-6066-11e4-a52e-4f735466cecf":"84702c15-6eed-4403-b463-a20093577d2f"},{"element-6066-11e4-a52e-4f735466cecf":"6eba8ee6-6ed3-4d0a-b255-99469c03a5fd"},{"element-6066-11e4-a52e-4f735466cecf":"dfa3711f-e2fe-420a-ab68-2461df68870e"},{"element-6066-11e4-a52e-4f735466cecf":"a7540593-cb5d-4269-a7d8-e25ab4eafc9d"},{"element-6066-11e4-a52e-4f735466cecf":"16dd1c04-ad69-4de3-b498-8c83b54d9e89"},{"element-6066-11e4-a52e-4f735466cecf":"b9ff914f-763e-448c-9559-aa8785518c99"},{"element-6066-11e4-a52e-4f735466cecf":"7397bfcb-3ced-42d1-b531-73152933e965"},{"element-6066-11e4-a52e-4f735466cecf":"1674543c-0f32-4aad-a593-7a38a0e64cd7"},{"element-6066-11e4-a52e-4f735466cecf":"8862844e-41d6-4cbb-aa28-2effd88f41af"},{"element-6066-11e4-a52e-4f735466cecf":"06a30a7d-b551-4b7c-a91c-3ac222c1a814"},{"element-6066-11e4-a52e-4f735466cecf":"28ed79f1-d12f-428b-9e79-65593f8c3d6a"},{"element-6066-11e4-a52e-4f735466cecf":"06112fc9-f34e-41dc-9dee-b7edfe37a409"},{"element-6066-11e4-a52e-4f735466cecf":"9ab4e0a2-fd20-42ef-8f95-104239987c1b"},{"element-6066-11e4-a52e-4f735466cecf":"e4ad000a-2d83-44f4-b8ae-cbd30606eec8"},{"element-6066-11e4-a52e-4f735466cecf":"eb754cca-cc18-41d6-9bbd-e61d03aea09b"},{"element-6066-11e4-a52e-4f735466cecf":"11115ed5-0115-4ec5-87da-278db3c9ee53"},{"element-6066-11e4-a52e-4f735466cecf":"34e4e2e5-fa9b-4636-ae6a-3f1df81863af"},{"element-6066-11e4-a52e-4f735466cecf":"904b9a67-38bb-445a-b5a0-5910f81238ed"},{"element-6066-11e4-a52e-4f735466cecf":"c0ae1023-a78a-41d5-899b-0bf941592ce2"},{"element-6066-11e4-a52e-4f735466cecf":"c137cfc3-350d-4c6a-b47b-4e48df5b96a7"},{"element-6066-11e4-a52e-4f735466cecf":"f04b6b78-7e85-46c2-af8e-6b0b5133ab0f"},{"element-6066-11e4-a52e-4f735466cecf":"a45ebdc2-ba86-4987-85d5-89b86d3cd34f"},{"element-6066-11e4-a52e-4f735466cecf":"809fb20b-37fa-411f-b7b5-b8fbdfbf4cd0"},{"element-6066-11e4-a52e-4f735466cecf":"49ec27d6-80a1-4de7-af04-0f8a275265d6"},{"element-6066-11e4-a52e-4f735466cecf":"c0d96168-1262-4acb-9a93-cca272d51d04"},{"element-6066-11e4-a52e-4f735466cecf":"e1524f7e-b9e5-401e-bff0-768d17bf0bc1"},{"element-6066-11e4-a52e-4f735466cecf":"2425329f-7967-42de-b905-80644f536979"},{"element-6066-11e4-a52e-4f735466cecf":"ae894493-a9a9-4d5f-8e2b-802d820f018e"},{"element-6066-11e4-a52e-4f735466cecf":"cf3de579-e6e6-493e-bf3f-a39cb7ae248b"},{"element-6066-11e4-a52e-4f735466cecf":"9addaca0-9fd9-4d09-ab71-37a2fcc4a351"},{"element-6066-11e4-a52e-4f735466cecf":"8a1c0279-f9fd-44e8-ab6d-e300d610726d"},{"element-6066-11e4-a52e-4f735466cecf":"4e7fbfb3-5928-4bd8-9fc0-df12db7b3f0c"},{"element-6066-11e4-a52e-4f735466cecf":"9158bd3c-b53e-4576-939e-4ce4423f7654"},{"element-6066-11e4-a52e-4f735466cecf":"fd1ffe67-04de-4ff8-a95a-c8531a4391ac"},{"element-6066-11e4-a52e-4f735466cecf":"1e66b5c9-ee0a-4f02-a2ca-4af5a579eda9"},{"element-6066-11e4-a52e-4f735466cecf":"fa893021-2884-4528-a1b0-a8c38ebe77c0"},{"element-6066-11e4-a52e-4f735466cecf":"c5035580-c543-4361-8ecc-50e433070469"},{"element-6066-11e4-a52e-4f735466cecf":"46d9564c-4b49-4a0b-8ad2-eb652550caa4"},{"element-6066-11e4-a52e-4f735466cecf":"e52fb25a-a3a3-4d3d-bfdd-e72ebf60c52c"},{"element-6066-11e4-a52e-4f735466cecf":"38aa0bed-67e8-4c04-8616-7ddb93359bc5"},{"element-6066-11e4-a52e-4f735466cecf":"5be06dbf-b716-4a4f-8e37-62c86686eae0"},{"element-6066-11e4-a52e-4f735466cecf":"158f60b4-fcd2-4446-a101-3bfeb5d6c1ca"},{"element-6066-11e4-a52e-4f735466cecf":"3de0b1f3-0796-476e-b610-0424e3581d84"},{"element-6066-11e4-a52e-4f735466cecf":"caccfedc-2827-4402-abfd-0e0f32193f47"},{"element-6066-11e4-a52e-4f735466cecf":"6c45c90e-da44-4af3-a9c2-3a078290f66a"},{"element-6066-11e4-a52e-4f735466cecf":"8df71db7-e60d-4804-8854-1bfb2230f050"},{"element-6066-11e4-a52e-4f735466cecf":"7534b143-0451-49b3-bee4-8ba90740a712"},{"element-6066-11e4-a52e-4f735466cecf":"89a1a7f7-52e8-44e9-b601-d543dd2d33c7"},{"element-6066-11e4-a52e-4f735466cecf":"e4148459-431a-44c4-9899-4856039e498b"}]} | headers=HTTPHeaderDict({'Content-Length': '23237', 'Content-Type': 'application/json; charset=utf-8', 'cache-control': 'no-cache'})
DEBUG    2022-05-28 23:26:54 selenium.webdriver.remote.remote_connection::remote_connection.py:_request:412: Finished Request
INFO     2022-05-28 23:26:54 root::mod_common.py:is_element_exist:13: //span[@class='ico-star1 ng-binding ng-hide']엘리먼트가 존재합니다.
DEBUG    2022-05-28 23:26:54 selenium.webdriver.remote.remote_connection::remote_connection.py:_request:361: POST http://localhost:10460/session/60995af495c4887168f679311451641c/elements {"using": "xpath", "value": "//span[@class='review_num ng-binding ng-hide' and @ng-show='restaurant.review_count > 0']"}
DEBUG    2022-05-28 23:26:54 urllib3.connectionpool::connectionpool.py:_make_request:456: http://localhost:10460 "POST /session/60995af495c4887168f679311451641c/elements HTTP/1.1" 200 23237
DEBUG    2022-05-28 23:26:54 selenium.webdriver.remote.remote_connection::remote_connection.py:_request:383: Remote response: status=200 | data={"value":[{"element-6066-11e4-a52e-4f735466cecf":"16c4d86e-4e1d-478f-93cf-18189b834bf8"},{"element-6066-11e4-a52e-4f735466cecf":"b17799b0-a470-4c77-ba81-3524b8f2a4ef"},{"element-6066-11e4-a52e-4f735466cecf":"c76434f2-0d12-459f-b33b-a54f4f9b0598"},{"element-6066-11e4-a52e-4f735466cecf":"3bb69298-1d89-4ee1-bfca-947c734b0a29"},{"element-6066-11e4-a52e-4f735466cecf":"cf467381-3d96-4864-a7fb-2806e77a139a"},{"element-6066-11e4-a52e-4f735466cecf":"68ba5c66-04bd-4fd6-8f59-dae570008a1d"},{"element-6066-11e4-a52e-4f735466cecf":"92aa218f-e35a-462a-b3bd-66874302a1b4"},{"element-6066-11e4-a52e-4f735466cecf":"120c51f0-1c53-4aa6-a167-29c2b1067ca2"},{"element-6066-11e4-a52e-4f735466cecf":"5e0604c3-9fee-4a65-b571-51c1234edcc8"},{"element-6066-11e4-a52e-4f735466cecf":"48c5b1ef-98c2-48ce-9f97-997686be7068"},{"element-6066-11e4-a52e-4f735466cecf":"5b277521-9efb-4fc7-a3f9-7ba62bd47ce2"},{"element-6066-11e4-a52e-4f735466cecf":"a0683a2f-54b2-46f9-98e1-3810c4663a1b"},{"element-6066-11e4-a52e-4f735466cecf":"757a551d-2878-46a6-a37b-ac4ccb5d1fac"},{"element-6066-11e4-a52e-4f735466cecf":"8c84f034-0908-4e79-bb1a-476398378a5a"},{"element-6066-11e4-a52e-4f735466cecf":"c29c1fd3-693b-4e7f-b07b-5accf662db72"},{"element-6066-11e4-a52e-4f735466cecf":"a6fc41e2-4009-4143-a188-34a0dba662f3"},{"element-6066-11e4-a52e-4f735466cecf":"6e253d51-5d39-4005-ad49-026ef4b1a1b5"},{"element-6066-11e4-a52e-4f735466cecf":"445aec75-b785-4f69-9d96-21f6fa8f0759"},{"element-6066-11e4-a52e-4f735466cecf":"b5d1dd52-17df-427b-b639-cebdf292f156"},{"element-6066-11e4-a52e-4f735466cecf":"418fae9e-196c-401c-ba6a-2abab46fa174"},{"element-6066-11e4-a52e-4f735466cecf":"254ec0b2-4819-4772-9369-3be42c9a3755"},{"element-6066-11e4-a52e-4f735466cecf":"103c9471-2c77-4c38-a15f-c0f5d75021cd"},{"element-6066-11e4-a52e-4f735466cecf":"e70f09ee-3fe6-454c-be69-4d5fede735ba"},{"element-6066-11e4-a52e-4f735466cecf":"cb84e5bd-a70f-44d9-82ed-dc8c61278074"},{"element-6066-11e4-a52e-4f735466cecf":"f97f5a1c-fb26-4765-b196-ce7fc2c2fa59"},{"element-6066-11e4-a52e-4f735466cecf":"5dcee899-c659-41ed-83a8-8b9d1c39267f"},{"element-6066-11e4-a52e-4f735466cecf":"b68cda02-10bb-4187-81ea-600ca01460b4"},{"element-6066-11e4-a52e-4f735466cecf":"2e45b991-6c94-4c43-8ad9-aac9002b1957"},{"element-6066-11e4-a52e-4f735466cecf":"48a44fd0-6e11-4e35-939b-cd7de16f2c4c"},{"element-6066-11e4-a52e-4f735466cecf":"7900fa86-8325-40e7-bb10-b3c7ec3db63a"},{"element-6066-11e4-a52e-4f735466cecf":"af4c099b-d88d-4f65-b42c-d86eec5c76d1"},{"element-6066-11e4-a52e-4f735466cecf":"ee24885c-99b2-4777-84fe-5389b551d076"},{"element-6066-11e4-a52e-4f735466cecf":"08263b36-a518-46ba-9a54-370cda49fd39"},{"element-6066-11e4-a52e-4f735466cecf":"0a6ac7c0-5125-40aa-bf9c-998c0cde5285"},{"element-6066-11e4-a52e-4f735466cecf":"2ebe9700-bf49-4932-b0d8-85bd52331866"},{"element-6066-11e4-a52e-4f735466cecf":"9b3aae7f-ff91-4065-acd0-bcd3048beeba"},{"element-6066-11e4-a52e-4f735466cecf":"cadba076-4cc0-4210-a829-44835609e654"},{"element-6066-11e4-a52e-4f735466cecf":"4bd9b5b7-284d-440b-809e-bd577ad1a2bf"},{"element-6066-11e4-a52e-4f735466cecf":"1c0c5cfa-c6ed-48da-816a-cdcdd20b5454"},{"element-6066-11e4-a52e-4f735466cecf":"c23f56ef-2f14-4c3a-9acb-ca40303f3dd8"},{"element-6066-11e4-a52e-4f735466cecf":"6b453f21-9b76-4305-a225-1e578645d472"},{"element-6066-11e4-a52e-4f735466cecf":"c358bddd-064f-4a69-9f66-621bf18c0a53"},{"element-6066-11e4-a52e-4f735466cecf":"52528f89-e24c-4bd7-a706-724ff1dd4a12"},{"element-6066-11e4-a52e-4f735466cecf":"1d425dfe-6762-4b81-a29f-c8d909c2b742"},{"element-6066-11e4-a52e-4f735466cecf":"6473d857-bccd-43ae-9cb4-f983a910e615"},{"element-6066-11e4-a52e-4f735466cecf":"df6643d4-3c6d-48ff-89e8-37979cc55e29"},{"element-6066-11e4-a52e-4f735466cecf":"5e9cbd2e-19ed-438b-83e6-ebecbc7dba1a"},{"element-6066-11e4-a52e-4f735466cecf":"b4e04876-4bbc-44e4-a58c-422fcafffde3"},{"element-6066-11e4-a52e-4f735466cecf":"37c46451-0d87-4c30-b3b6-a6c0f1b84d24"},{"element-6066-11e4-a52e-4f735466cecf":"e88e8d8a-a936-4d6f-8863-525812e686b7"},{"element-6066-11e4-a52e-4f735466cecf":"4a911bf5-1f8a-450a-a6b9-184c815977c3"},{"element-6066-11e4-a52e-4f735466cecf":"f1da5199-d4f1-4983-955a-a12fbebe2cb0"},{"element-6066-11e4-a52e-4f735466cecf":"fa61ba0c-2ae9-4398-8aa6-94c13fd2c514"},{"element-6066-11e4-a52e-4f735466cecf":"1e79afc3-1098-47c8-b925-c86db201f92c"},{"element-6066-11e4-a52e-4f735466cecf":"f8d46a6d-379f-4c34-8fbf-9f4a7ddd0819"},{"element-6066-11e4-a52e-4f735466cecf":"a33da90c-3f9b-4955-bd16-439e97262915"},{"element-6066-11e4-a52e-4f735466cecf":"1ff6ee68-be75-4bb9-8d3a-6472928d738b"},{"element-6066-11e4-a52e-4f735466cecf":"0ef4971f-c1c3-416d-859f-78037fb909e9"},{"element-6066-11e4-a52e-4f735466cecf":"7cdb4683-854c-4662-9dcd-8486ec47d6ea"},{"element-6066-11e4-a52e-4f735466cecf":"ec5abcd5-3142-4dfb-a772-1bcc652cfd2b"},{"element-6066-11e4-a52e-4f735466cecf":"8b02dfb8-b56c-43e8-9b76-7b26e6426c2b"},{"element-6066-11e4-a52e-4f735466cecf":"94519f3a-c381-473e-9f59-5452fc3881c1"},{"element-6066-11e4-a52e-4f735466cecf":"95aa1675-15b2-401d-bef1-7265fef4dac7"},{"element-6066-11e4-a52e-4f735466cecf":"6eb8aafb-e781-45dc-8a52-ea2830ad4ffb"},{"element-6066-11e4-a52e-4f735466cecf":"5650361b-db0f-4dd4-884c-648629e04814"},{"element-6066-11e4-a52e-4f735466cecf":"f8626868-01d0-4dee-887a-0d020ed57dce"},{"element-6066-11e4-a52e-4f735466cecf":"8167bb56-1a65-4375-85ba-4fffb77b0d82"},{"element-6066-11e4-a52e-4f735466cecf":"a4054f8a-7227-42d5-81bf-4baaeab5e783"},{"element-6066-11e4-a52e-4f735466cecf":"4daac64b-2849-4cfb-b893-3747b415f388"},{"element-6066-11e4-a52e-4f735466cecf":"80e94c7e-58b0-4931-aac1-bdaa5fd498f7"},{"element-6066-11e4-a52e-4f735466cecf":"b491ae30-473a-4da7-a46c-dd27a958b879"},{"element-6066-11e4-a52e-4f735466cecf":"a5f2fb88-e82d-45cb-81cb-0aaff429e4ba"},{"element-6066-11e4-a52e-4f735466cecf":"3e778e3e-12a9-4ffb-87ae-b08c863d11e8"},{"element-6066-11e4-a52e-4f735466cecf":"db11741b-ee71-4561-9a18-80f78589e851"},{"element-6066-11e4-a52e-4f735466cecf":"45adc320-5c4e-483a-bad1-570e0c71996b"},{"element-6066-11e4-a52e-4f735466cecf":"583a1781-b94c-451d-92f9-694248898e83"},{"element-6066-11e4-a52e-4f735466cecf":"d58d936a-3225-4c5d-b6b4-ef7eee68bc6c"},{"element-6066-11e4-a52e-4f735466cecf":"e7a273b6-94af-49a8-b60f-0a3511e31003"},{"element-6066-11e4-a52e-4f735466cecf":"0726f542-d36b-4dbd-a4f1-97d0fc53cac9"},{"element-6066-11e4-a52e-4f735466cecf":"e6326d57-40d7-4f46-b369-143a1e2576df"},{"element-6066-11e4-a52e-4f735466cecf":"86624422-5bcf-4230-a774-5030a49fb105"},{"element-6066-11e4-a52e-4f735466cecf":"1cd87fd2-dade-4c32-96ac-a7bdeb99d210"},{"element-6066-11e4-a52e-4f735466cecf":"134ec9ae-9a2c-4ecd-ab42-eba3269a72d8"},{"element-6066-11e4-a52e-4f735466cecf":"f4258ca4-8084-492b-8aba-97037b6e8b1b"},{"element-6066-11e4-a52e-4f735466cecf":"97f8a0a0-c09a-4780-a3fc-05933c312e83"},{"element-6066-11e4-a52e-4f735466cecf":"369fcb26-bfbd-49be-aa78-a57fa5fb1fbc"},{"element-6066-11e4-a52e-4f735466cecf":"634c3bee-42f5-4570-ac32-9c5e12a8d714"},{"element-6066-11e4-a52e-4f735466cecf":"37fcc37f-5956-4219-8494-9285860d19cf"},{"element-6066-11e4-a52e-4f735466cecf":"a47b0eda-6ec2-43cb-96be-82864f26beb5"},{"element-6066-11e4-a52e-4f735466cecf":"ccc8403e-b40f-48de-b70e-2669be327a94"},{"element-6066-11e4-a52e-4f735466cecf":"b01d85c8-cfe7-4437-b012-0f9aff0c2ce6"},{"element-6066-11e4-a52e-4f735466cecf":"403059da-9539-48a9-9e99-d24cdd075ec9"},{"element-6066-11e4-a52e-4f735466cecf":"9c1130be-dcdc-4c2d-8445-275258392db0"},{"element-6066-11e4-a52e-4f735466cecf":"ec496c66-f3ee-492c-b4f0-8d8b7ae329a8"},{"element-6066-11e4-a52e-4f735466cecf":"5a32bd47-9168-4677-8b20-fe9b256726bb"},{"element-6066-11e4-a52e-4f735466cecf":"070a9f95-3e1c-4b4a-9f44-4fda7059434e"},{"element-6066-11e4-a52e-4f735466cecf":"d3751288-ccd7-45c5-ae4d-770c8e615835"},{"element-6066-11e4-a52e-4f735466cecf":"b0c972b8-aa84-4d96-a6b3-9778f50d37fb"},{"element-6066-11e4-a52e-4f735466cecf":"4cc5f1a9-89c4-448a-9ceb-90ebf3a128aa"},{"element-6066-11e4-a52e-4f735466cecf":"6a22f614-2d19-4b0c-bf84-4a63baf33402"},{"element-6066-11e4-a52e-4f735466cecf":"bd82af24-a019-4cb1-864f-290ffebd876f"},{"element-6066-11e4-a52e-4f735466cecf":"ed763899-2cb0-4847-864b-3a783dff444a"},{"element-6066-11e4-a52e-4f735466cecf":"e72b958a-f8e0-41c0-afbf-906b84971344"},{"element-6066-11e4-a52e-4f735466cecf":"256d474d-f904-45be-8af1-2acd3cabd7f8"},{"element-6066-11e4-a52e-4f735466cecf":"0fbd970c-1496-4c2f-b0d5-aece09c386f0"},{"element-6066-11e4-a52e-4f735466cecf":"bdd31f45-fb67-435a-a59f-f0b23494a36f"},{"element-6066-11e4-a52e-4f735466cecf":"d6c2c7a2-6dbd-45f3-b14e-13369adb38c3"},{"element-6066-11e4-a52e-4f735466cecf":"bc3c646f-1881-4b11-95b2-2f01d71ca9c7"},{"element-6066-11e4-a52e-4f735466cecf":"09cc96f1-59f1-437a-a23f-7c8cd9612c1b"},{"element-6066-11e4-a52e-4f735466cecf":"f587a206-a071-4815-80ed-f14d5cb916a6"},{"element-6066-11e4-a52e-4f735466cecf":"e9e0598e-e6b4-44b6-a1b2-b74b824b63ee"},{"element-6066-11e4-a52e-4f735466cecf":"4fc37ed1-1a6e-4c3a-a12c-48c6b341ce40"},{"element-6066-11e4-a52e-4f735466cecf":"cfa0f98b-30ea-4179-8290-456de79a9371"},{"element-6066-11e4-a52e-4f735466cecf":"f63387f6-686e-41ed-aa8b-636678fd3ad3"},{"element-6066-11e4-a52e-4f735466cecf":"142a0acf-a58a-4d5b-9a6c-f75f877b4a89"},{"element-6066-11e4-a52e-4f735466cecf":"29d0cbbb-95a0-47a1-840b-32816545b00f"},{"element-6066-11e4-a52e-4f735466cecf":"cb692f39-37ca-401a-a298-648b8113e1ad"},{"element-6066-11e4-a52e-4f735466cecf":"629ec505-e072-4b4c-8bd5-0173d0c9abe1"},{"element-6066-11e4-a52e-4f735466cecf":"df0c5bc3-f354-4345-ae11-d48238c38f5a"},{"element-6066-11e4-a52e-4f735466cecf":"7e89a4f3-5dea-48e9-a196-583ebaeec617"},{"element-6066-11e4-a52e-4f735466cecf":"e873752b-1c51-4ff2-8135-b2c662dc1685"},{"element-6066-11e4-a52e-4f735466cecf":"670ee91d-434d-4cf7-8b80-3683af8b5c75"},{"element-6066-11e4-a52e-4f735466cecf":"a9324353-3cb9-4474-afa1-8fb4cdedcfc1"},{"element-6066-11e4-a52e-4f735466cecf":"d59650c4-ae1c-466e-ba74-41fe30d1f640"},{"element-6066-11e4-a52e-4f735466cecf":"524ce2a8-423c-43b9-b8c9-ab0761a71b59"},{"element-6066-11e4-a52e-4f735466cecf":"1d53c0d6-5c5a-4d86-82ac-14685823b9a7"},{"element-6066-11e4-a52e-4f735466cecf":"f6d45c3e-f986-4508-96ae-083ee21e9151"},{"element-6066-11e4-a52e-4f735466cecf":"be14ae54-5483-4d09-822c-e04b34361b84"},{"element-6066-11e4-a52e-4f735466cecf":"2b45386f-a3f7-4ba7-b3d7-585dd6db2c6e"},{"element-6066-11e4-a52e-4f735466cecf":"39eeca37-77d2-431b-9322-bf26e8f43904"},{"element-6066-11e4-a52e-4f735466cecf":"90450ed2-7109-4d98-927d-13313eddef1d"},{"element-6066-11e4-a52e-4f735466cecf":"79e85e40-19e7-4970-b770-945c93b43f21"},{"element-6066-11e4-a52e-4f735466cecf":"876312ca-98ea-4be8-a53b-8ae1eb05ac4d"},{"element-6066-11e4-a52e-4f735466cecf":"c231bf07-9d15-405c-86e3-5b4e30590dba"},{"element-6066-11e4-a52e-4f735466cecf":"5db2b514-86f9-4d87-8fe9-0bd9a064454e"},{"element-6066-11e4-a52e-4f735466cecf":"05ab8478-26c8-4db2-aa6a-c7cc3b476eb4"},{"element-6066-11e4-a52e-4f735466cecf":"36dc9854-34ad-48e3-b988-d68c392fb6d2"},{"element-6066-11e4-a52e-4f735466cecf":"fbe5e35f-1e44-4b1c-b557-bd9329319574"},{"element-6066-11e4-a52e-4f735466cecf":"2deca6bf-51a5-4d84-b395-0ea3b2bcd35c"},{"element-6066-11e4-a52e-4f735466cecf":"edae331b-07df-4481-9da9-4f70ee5c5cdb"},{"element-6066-11e4-a52e-4f735466cecf":"2bc0c289-ca98-46b2-8c59-b12da14a2dd7"},{"element-6066-11e4-a52e-4f735466cecf":"0e712b5c-37bd-43b6-81fa-2b2b3e97e63f"},{"element-6066-11e4-a52e-4f735466cecf":"978f0f64-0325-4339-b19f-68418295e2de"},{"element-6066-11e4-a52e-4f735466cecf":"a6a29f6d-dc5b-42e4-b4b4-6434ed1f56e2"},{"element-6066-11e4-a52e-4f735466cecf":"5fc42168-5bdc-4d71-b48f-ec07d884f2b1"},{"element-6066-11e4-a52e-4f735466cecf":"1115c791-6ab6-4e8b-9dcd-1ec82a01bb48"},{"element-6066-11e4-a52e-4f735466cecf":"8c32d199-e858-4c1e-863e-a2bd186866d1"},{"element-6066-11e4-a52e-4f735466cecf":"e43d3b21-fb81-47a7-a652-a4dc5f835019"},{"element-6066-11e4-a52e-4f735466cecf":"b6696115-e1c3-45f5-833b-3eba008c46d6"},{"element-6066-11e4-a52e-4f735466cecf":"b785fa93-b62f-46e5-be52-2ab432af48cd"},{"element-6066-11e4-a52e-4f735466cecf":"9a375023-dc7c-48d6-b8e1-aa131834724d"},{"element-6066-11e4-a52e-4f735466cecf":"cacf0132-35b0-41ba-be46-b8086d715183"},{"element-6066-11e4-a52e-4f735466cecf":"1d388f58-59aa-4acd-bdf0-5534dbdae2d2"},{"element-6066-11e4-a52e-4f735466cecf":"667c593e-26ee-4f06-aff1-91b6d34ebeba"},{"element-6066-11e4-a52e-4f735466cecf":"fd44d8c3-5de4-4310-b8bf-5aeb5bd36a96"},{"element-6066-11e4-a52e-4f735466cecf":"66d5a963-3778-4842-88f3-a9390092e7e7"},{"element-6066-11e4-a52e-4f735466cecf":"f79d5510-85a9-452d-8160-3958007c16d8"},{"element-6066-11e4-a52e-4f735466cecf":"2ff26245-b096-44e0-b4e6-59807ffa982c"},{"element-6066-11e4-a52e-4f735466cecf":"178926bf-e4b3-431d-aaa1-8f83dea6685b"},{"element-6066-11e4-a52e-4f735466cecf":"a28a2ed3-d071-460d-a477-bf23aa3b886c"},{"element-6066-11e4-a52e-4f735466cecf":"f56828ba-2577-42c6-8b8c-7297979a9f95"},{"element-6066-11e4-a52e-4f735466cecf":"7aa7f9d4-f56e-407b-ac4c-cd82ed355b26"},{"element-6066-11e4-a52e-4f735466cecf":"94fa301b-23d8-4744-a2c6-20b34f64f3dd"},{"element-6066-11e4-a52e-4f735466cecf":"9544c0ce-8d99-4579-8472-3846435cbb2b"},{"element-6066-11e4-a52e-4f735466cecf":"66bf47a3-268b-40ed-a825-08dde5f73151"},{"element-6066-11e4-a52e-4f735466cecf":"670d265c-9281-47a3-bee7-bd0bdd162620"},{"element-6066-11e4-a52e-4f735466cecf":"5f87564a-e158-4523-9f37-371de8f31e69"},{"element-6066-11e4-a52e-4f735466cecf":"04049687-8962-4ac4-ad7c-41c9a6195ce8"},{"element-6066-11e4-a52e-4f735466cecf":"d12b68f0-8832-4297-b9c4-84a9425dce91"},{"element-6066-11e4-a52e-4f735466cecf":"b879c05d-3b90-4b3a-bb75-1a5621db4d57"},{"element-6066-11e4-a52e-4f735466cecf":"4619591b-61aa-485e-bfa6-fd809dc4adfb"},{"element-6066-11e4-a52e-4f735466cecf":"81eef5bb-2e4f-4fe4-804a-b442c89bcad5"},{"element-6066-11e4-a52e-4f735466cecf":"8cb2ef97-64d4-4cd5-b72e-db6cc47c50c5"},{"element-6066-11e4-a52e-4f735466cecf":"b75fb010-39ed-4097-94c6-9a4848be1175"},{"element-6066-11e4-a52e-4f735466cecf":"f43abd38-ffbd-4261-9412-668982d0459f"},{"element-6066-11e4-a52e-4f735466cecf":"8ac40691-cd24-4e6a-b8ee-83b5415ea1d6"},{"element-6066-11e4-a52e-4f735466cecf":"07dab9ee-36df-4628-8037-f25f17c3b433"},{"element-6066-11e4-a52e-4f735466cecf":"68cbe2c8-55f6-4ca0-9fa4-88bc5d02dfcf"},{"element-6066-11e4-a52e-4f735466cecf":"f71f914f-ffcf-470f-bf4e-4cecbda96382"},{"element-6066-11e4-a52e-4f735466cecf":"be5dd8d1-c7f3-4aee-8eea-cf97a9ab9c84"},{"element-6066-11e4-a52e-4f735466cecf":"31c76c3a-4fc9-4d06-a083-3a27b6b31ac6"},{"element-6066-11e4-a52e-4f735466cecf":"9bcfce9e-2e21-45c5-a56d-b2c72088c4b6"},{"element-6066-11e4-a52e-4f735466cecf":"589445aa-f724-418e-a5ca-60ee9bcb7a71"},{"element-6066-11e4-a52e-4f735466cecf":"4f751eff-2b0a-4328-bb7f-17830bbb3749"},{"element-6066-11e4-a52e-4f735466cecf":"a40396c9-7bac-4f47-95f4-07541642cd29"},{"element-6066-11e4-a52e-4f735466cecf":"759c7bc8-f9ae-413a-9d70-de218d19866e"},{"element-6066-11e4-a52e-4f735466cecf":"2d31066c-fc90-46e8-aa15-c0846cec0fd5"},{"element-6066-11e4-a52e-4f735466cecf":"81cd3098-bbab-48cd-9ea5-c573165d75f2"},{"element-6066-11e4-a52e-4f735466cecf":"e2cad724-088b-4181-a6a9-e6b83cc8f447"},{"element-6066-11e4-a52e-4f735466cecf":"df583b9d-67da-4fb7-b3c8-d330c0ed1bb0"},{"element-6066-11e4-a52e-4f735466cecf":"c749d2a3-b33f-4009-89e3-8992e8542d05"},{"element-6066-11e4-a52e-4f735466cecf":"09f8b30a-83a5-4805-b232-e30976e1472b"},{"element-6066-11e4-a52e-4f735466cecf":"888d2687-33cc-45f3-aec7-41a649243d07"},{"element-6066-11e4-a52e-4f735466cecf":"aeab0fd9-78d8-448e-adbb-01ca7a3c9038"},{"element-6066-11e4-a52e-4f735466cecf":"bf3229bd-87f0-4d17-9949-87e1da811632"},{"element-6066-11e4-a52e-4f735466cecf":"0d9510d9-9844-40c7-9c69-2657da11e31c"},{"element-6066-11e4-a52e-4f735466cecf":"2888738b-15eb-4e53-9c1b-3fed653b3ff5"},{"element-6066-11e4-a52e-4f735466cecf":"6879001c-9006-4847-996d-cf32f5cceb76"},{"element-6066-11e4-a52e-4f735466cecf":"25ef846f-e410-4cdf-9c9f-063a3e34f9d4"},{"element-6066-11e4-a52e-4f735466cecf":"77648668-cac3-438f-8c15-e6d718d4c22a"},{"element-6066-11e4-a52e-4f735466cecf":"b52c27a1-9cf9-4f80-a461-2716dd715046"},{"element-6066-11e4-a52e-4f735466cecf":"90c802c5-6a25-47f0-b8d2-376bf7cf1dab"},{"element-6066-11e4-a52e-4f735466cecf":"7780d602-8fd9-4715-95b3-a2bb99b5e6aa"},{"element-6066-11e4-a52e-4f735466cecf":"8668871b-db5b-49bb-b6d9-4751d3c6089e"},{"element-6066-11e4-a52e-4f735466cecf":"f923e530-325f-4eb3-80dd-1b67572a994a"},{"element-6066-11e4-a52e-4f735466cecf":"3031d524-fd5a-4efc-8e5a-641ede049a57"},{"element-6066-11e4-a52e-4f735466cecf":"4bba69e1-1ac6-43a1-bb8c-f04c652fcae0"},{"element-6066-11e4-a52e-4f735466cecf":"9e1004e6-8663-4033-80bb-d5a28f7657fb"},{"element-6066-11e4-a52e-4f735466cecf":"a28ec7de-332e-4f2d-8d34-10eddf9be845"},{"element-6066-11e4-a52e-4f735466cecf":"e82fd240-114b-4dcd-91ef-c19d1af3eeda"},{"element-6066-11e4-a52e-4f735466cecf":"3454b481-bf11-4dd6-b0ee-a5aeb1465459"},{"element-6066-11e4-a52e-4f735466cecf":"9cbd190f-db6f-4a08-a3c6-d44e0187f521"},{"element-6066-11e4-a52e-4f735466cecf":"33fb9e77-670f-4518-b89b-12d8e9082eb5"},{"element-6066-11e4-a52e-4f735466cecf":"e77838af-6581-4e9a-a745-074de95cb781"},{"element-6066-11e4-a52e-4f735466cecf":"11d0a000-6da8-41b8-8e66-8ea3c0c51b98"},{"element-6066-11e4-a52e-4f735466cecf":"f4e8052e-8e1e-4dcd-9487-cf9deb9f839a"},{"element-6066-11e4-a52e-4f735466cecf":"fab222c7-4bae-49d3-b3ac-1ba0c07d7f18"},{"element-6066-11e4-a52e-4f735466cecf":"f54b2a77-ecf6-404a-a58c-093687764113"},{"element-6066-11e4-a52e-4f735466cecf":"996f6891-faad-4069-8efd-9e0b4e3736e5"},{"element-6066-11e4-a52e-4f735466cecf":"a97adc09-107b-4f15-9d66-7393aef62433"},{"element-6066-11e4-a52e-4f735466cecf":"4e5eb723-1ca4-4caf-a1e5-b86cd750f8b3"},{"element-6066-11e4-a52e-4f735466cecf":"34813da3-76a1-45fa-9388-3e241367a38c"},{"element-6066-11e4-a52e-4f735466cecf":"37a1c024-9fd5-41a3-83d9-bb00a73ddce6"},{"element-6066-11e4-a52e-4f735466cecf":"99a8c3ec-f3c5-41b6-a642-8daac3125945"},{"element-6066-11e4-a52e-4f735466cecf":"80a5397d-0734-4f0b-bc3d-251c667ae4eb"},{"element-6066-11e4-a52e-4f735466cecf":"b8b9a80c-47ae-476e-902f-a32fb83e30b2"},{"element-6066-11e4-a52e-4f735466cecf":"85a1f539-5537-406d-b7b4-831516323547"},{"element-6066-11e4-a52e-4f735466cecf":"d23c8c43-8a59-4b96-b620-b39e7bd90f7f"},{"element-6066-11e4-a52e-4f735466cecf":"41bb0429-2635-4cbf-b638-0d49d792e13c"},{"element-6066-11e4-a52e-4f735466cecf":"017fcf7b-1742-447b-a287-37d0a1d3069d"},{"element-6066-11e4-a52e-4f735466cecf":"60a89a09-af5a-4af1-a77c-2343be4ba75c"},{"element-6066-11e4-a52e-4f735466cecf":"1c52785f-8126-4bab-bcc5-16bc8f1b5663"},{"element-6066-11e4-a52e-4f735466cecf":"f8ee9fa7-4706-4f7f-843e-b7f812b6ac12"},{"element-6066-11e4-a52e-4f735466cecf":"192a4e95-6e2d-4d72-9fc4-25c7f1e46d2a"},{"element-6066-11e4-a52e-4f735466cecf":"128aa62d-4d72-4349-8d92-caa1db44fdc8"},{"element-6066-11e4-a52e-4f735466cecf":"71079564-d9f2-4bcb-b08f-9eb83e4b9143"},{"element-6066-11e4-a52e-4f735466cecf":"43fdc60d-435d-4b5d-9ef1-e00727e2d1cc"},{"element-6066-11e4-a52e-4f735466cecf":"bad94781-9bc3-4393-a682-2aeaf1f53821"},{"element-6066-11e4-a52e-4f735466cecf":"6625773f-ba65-4dde-bb03-fc609c5c6e10"},{"element-6066-11e4-a52e-4f735466cecf":"806866a6-6762-4b0f-acc9-70e2cbd66b51"},{"element-6066-11e4-a52e-4f735466cecf":"0630d822-0553-4c90-b6aa-ec4b582f5e38"},{"element-6066-11e4-a52e-4f735466cecf":"129520b6-627c-40ce-bb61-6f44d352c69b"},{"element-6066-11e4-a52e-4f735466cecf":"67a4fe2d-15ad-4646-ba06-aa87332cf9c5"},{"element-6066-11e4-a52e-4f735466cecf":"91cdf6a4-a622-40e5-9587-786bea874d00"},{"element-6066-11e4-a52e-4f735466cecf":"a6037fa6-089c-4f53-831c-a33a3d55c137"},{"element-6066-11e4-a52e-4f735466cecf":"ee038010-e86d-49aa-b90b-c2a11e4a7067"},{"element-6066-11e4-a52e-4f735466cecf":"5843acdf-b06d-4e19-9622-8c466034dd88"},{"element-6066-11e4-a52e-4f735466cecf":"0709cb6e-ff8a-4de5-a356-54c3608e1c74"},{"element-6066-11e4-a52e-4f735466cecf":"9b2e6d75-0de3-49f1-83e5-9a4fefe38249"},{"element-6066-11e4-a52e-4f735466cecf":"6ba78eb9-f46e-4752-98c8-18c6e02a1311"},{"element-6066-11e4-a52e-4f735466cecf":"a3ac7214-685f-4d8f-8c23-fe96e2b3a07a"},{"element-6066-11e4-a52e-4f735466cecf":"37bb8f10-46ab-481d-9842-4dbbfdf50b63"},{"element-6066-11e4-a52e-4f735466cecf":"4e041dd7-1620-4c84-a8d7-83a79e9cdda5"},{"element-6066-11e4-a52e-4f735466cecf":"6289b88f-2c46-4167-aa19-98c7cd05a71e"},{"element-6066-11e4-a52e-4f735466cecf":"79e34ba5-7bb8-4adf-bbec-511fbcb8123d"},{"element-6066-11e4-a52e-4f735466cecf":"7f5b063a-de62-476a-984a-5e43ad4aa004"},{"element-6066-11e4-a52e-4f735466cecf":"8e90a361-c911-4646-bcfa-9f094de68b66"},{"element-6066-11e4-a52e-4f735466cecf":"1e69ed53-2b4a-438c-8834-d82b76a8cd09"},{"element-6066-11e4-a52e-4f735466cecf":"d59b3cfc-7aae-4c29-b042-57f477017298"},{"element-6066-11e4-a52e-4f735466cecf":"257ab0b2-4047-48b9-a69e-c5fa463baa33"},{"element-6066-11e4-a52e-4f735466cecf":"482f6c0f-237d-4ce8-b6c1-a2bf843d54fa"},{"element-6066-11e4-a52e-4f735466cecf":"915c0ba1-6e74-408d-8f77-5c91210b3d08"},{"element-6066-11e4-a52e-4f735466cecf":"09638592-2b19-479f-8565-62d230b1a9b4"},{"element-6066-11e4-a52e-4f735466cecf":"cba39d98-8c51-476c-b50e-430da6eae9ae"},{"element-6066-11e4-a52e-4f735466cecf":"f1079a68-7572-4459-b874-eb23bd5a5225"},{"element-6066-11e4-a52e-4f735466cecf":"50aa3b8c-7c5d-4f98-893a-55cb12f05278"},{"element-6066-11e4-a52e-4f735466cecf":"22d189e3-1174-4923-9474-7c8f4608377a"},{"element-6066-11e4-a52e-4f735466cecf":"9cbad97a-6827-4bc7-8ed9-aaabd9f9c155"},{"element-6066-11e4-a52e-4f735466cecf":"c3c5e77a-aa6e-40a1-8b2a-ff3c2a4976e3"},{"element-6066-11e4-a52e-4f735466cecf":"8a2fa952-df33-4252-bbb6-fa155f9beccc"},{"element-6066-11e4-a52e-4f735466cecf":"3c75f642-0d5f-45a8-af90-2b94431d8b64"},{"element-6066-11e4-a52e-4f735466cecf":"3a4df78f-80d8-422b-aa3b-09233a4ba82d"},{"element-6066-11e4-a52e-4f735466cecf":"622f3e44-9fe3-4012-818a-6293d54aa2b0"},{"element-6066-11e4-a52e-4f735466cecf":"b0a93e67-8296-4d73-92fc-8671caaa8c29"},{"element-6066-11e4-a52e-4f735466cecf":"44dd48a2-581a-41ad-ac0a-e387fe85bf76"},{"element-6066-11e4-a52e-4f735466cecf":"07b77c84-33e8-4a72-8399-b1b48e40337f"},{"element-6066-11e4-a52e-4f735466cecf":"0b0df927-d42e-4660-b809-2ef7972603bf"},{"element-6066-11e4-a52e-4f735466cecf":"f95af720-d0a2-4b8b-bb1d-26c5f0b19bd5"},{"element-6066-11e4-a52e-4f735466cecf":"8510fe7f-dc97-4e72-b10f-946da298950a"},{"element-6066-11e4-a52e-4f735466cecf":"2ec43d29-0bee-473f-9e99-3c0c64b66711"},{"element-6066-11e4-a52e-4f735466cecf":"efbd8c03-0e04-45d5-96cb-b3923ee8f79a"},{"element-6066-11e4-a52e-4f735466cecf":"b5b5604c-58e7-4ae2-a309-2496731e2f06"},{"element-6066-11e4-a52e-4f735466cecf":"4c815e77-97a4-4bb0-b678-c3f385fe364d"},{"element-6066-11e4-a52e-4f735466cecf":"03a18d6a-e176-45ee-811e-f19a3829e8df"},{"element-6066-11e4-a52e-4f735466cecf":"047e26de-6470-4504-b8eb-d7f8cd1e8522"},{"element-6066-11e4-a52e-4f735466cecf":"550f6017-b282-4fbd-befa-be1d82ee6fe6"},{"element-6066-11e4-a52e-4f735466cecf":"4dfb36c1-5973-419f-ba9e-5b8b0301c702"},{"element-6066-11e4-a52e-4f735466cecf":"80701718-18e0-4367-8555-f63f007c439e"},{"element-6066-11e4-a52e-4f735466cecf":"d647bad1-a0d1-4950-b563-75b1697483f5"},{"element-6066-11e4-a52e-4f735466cecf":"1d0ebfaf-5144-4670-86fe-0dd984342bd1"},{"element-6066-11e4-a52e-4f735466cecf":"e691ed45-a1d9-4608-b6ca-b10fe85cde21"},{"element-6066-11e4-a52e-4f735466cecf":"e84aeba2-161b-4716-ba45-f545b3e2532a"},{"element-6066-11e4-a52e-4f735466cecf":"168c5707-5daa-4c22-858f-572b2ba039f7"},{"element-6066-11e4-a52e-4f735466cecf":"f49cb77b-6990-46f0-be5b-a1c60fee062e"}]} | headers=HTTPHeaderDict({'Content-Length': '23237', 'Content-Type': 'application/json; charset=utf-8', 'cache-control': 'no-cache'})
DEBUG    2022-05-28 23:26:54 selenium.webdriver.remote.remote_connection::remote_connection.py:_request:412: Finished Request
INFO     2022-05-28 23:26:54 root::mod_common.py:is_element_exist:13: //span[@class='review_num ng-binding ng-hide' and @ng-show='restaurant.review_count > 0']엘리먼트가 존재합니다.
INFO     2022-05-28 23:26:54 root::func_item.py:item_review_none:88: Pass : 별점/리뷰가 존재하지 않는 레스토랑이 정상적으로 노출 중입니다.
DEBUG    2022-05-28 23:26:54 selenium.webdriver.remote.remote_connection::remote_connection.py:_request:361: DELETE http://localhost:10460/session/60995af495c4887168f679311451641c {}
DEBUG    2022-05-28 23:26:54 urllib3.connectionpool::connectionpool.py:_make_request:456: http://localhost:10460 "DELETE /session/60995af495c4887168f679311451641c HTTP/1.1" 200 14
DEBUG    2022-05-28 23:26:54 selenium.webdriver.remote.remote_connection::remote_connection.py:_request:383: Remote response: status=200 | data={"value":null} | headers=HTTPHeaderDict({'Content-Length': '14', 'Content-Type': 'application/json; charset=utf-8', 'cache-control': 'no-cache'})
DEBUG    2022-05-28 23:26:54 selenium.webdriver.remote.remote_connection::remote_connection.py:_request:412: Finished Request
INFO     2022-05-28 23:26:56 WDM::logger.py:log:16: ====== WebDriver manager ======
INFO     2022-05-28 23:26:57 WDM::logger.py:log:16: Current google-chrome version is 102.0.5005
INFO     2022-05-28 23:26:57 WDM::logger.py:log:16: Get LATEST chromedriver version for 102.0.5005 google-chrome
DEBUG    2022-05-28 23:26:57 urllib3.connectionpool::connectionpool.py:_new_conn:1001: Starting new HTTPS connection (1): chromedriver.storage.googleapis.com:443
DEBUG    2022-05-28 23:26:57 urllib3.connectionpool::connectionpool.py:_make_request:456: https://chromedriver.storage.googleapis.com:443 "GET /LATEST_RELEASE_102.0.5005 HTTP/1.1" 200 13
INFO     2022-05-28 23:26:57 WDM::logger.py:log:16: Driver [C:\Users\teddy\.wdm\drivers\chromedriver\win32\102.0.5005.61\chromedriver.exe] found in cache
DEBUG    2022-05-28 23:26:58 selenium.webdriver.remote.remote_connection::remote_connection.py:_request:361: POST http://localhost:10556/session {"capabilities": {"firstMatch": [{}], "alwaysMatch": {"browserName": "chrome", "pageLoadStrategy": "normal", "goog:chromeOptions": {"extensions": [], "args": []}}}}
DEBUG    2022-05-28 23:26:58 urllib3.connectionpool::connectionpool.py:_new_conn:228: Starting new HTTP connection (1): localhost:10556
DEBUG    2022-05-28 23:26:59 urllib3.connectionpool::connectionpool.py:_make_request:456: http://localhost:10556 "POST /session HTTP/1.1" 200 790
DEBUG    2022-05-28 23:26:59 selenium.webdriver.remote.remote_connection::remote_connection.py:_request:383: Remote response: status=200 | data={"value":{"capabilities":{"acceptInsecureCerts":false,"browserName":"chrome","browserVersion":"102.0.5005.61","chrome":{"chromedriverVersion":"102.0.5005.61 (0e59bcc00cc4985ce39ad31c150065f159d95ad3-refs/branch-heads/5005@{#819})","userDataDir":"C:\\Users\\teddy\\AppData\\Local\\Temp\\scoped_dir57888_1271430620"},"goog:chromeOptions":{"debuggerAddress":"localhost:10561"},"networkConnectionEnabled":false,"pageLoadStrategy":"normal","platformName":"windows","proxy":{},"setWindowRect":true,"strictFileInteractability":false,"timeouts":{"implicit":0,"pageLoad":300000,"script":30000},"unhandledPromptBehavior":"dismiss and notify","webauthn:extension:credBlob":true,"webauthn:extension:largeBlob":true,"webauthn:virtualAuthenticators":true},"sessionId":"4e50ce4ebf75ab98d951a2116a124501"}} | headers=HTTPHeaderDict({'Content-Length': '790', 'Content-Type': 'application/json; charset=utf-8', 'cache-control': 'no-cache'})
DEBUG    2022-05-28 23:26:59 selenium.webdriver.remote.remote_connection::remote_connection.py:_request:412: Finished Request
DEBUG    2022-05-28 23:26:59 selenium.webdriver.remote.remote_connection::remote_connection.py:_request:361: POST http://localhost:10556/session/4e50ce4ebf75ab98d951a2116a124501/window/maximize {}
DEBUG    2022-05-28 23:26:59 urllib3.connectionpool::connectionpool.py:_make_request:456: http://localhost:10556 "POST /session/4e50ce4ebf75ab98d951a2116a124501/window/maximize HTTP/1.1" 200 52
DEBUG    2022-05-28 23:26:59 selenium.webdriver.remote.remote_connection::remote_connection.py:_request:383: Remote response: status=200 | data={"value":{"height":1048,"width":1936,"x":-8,"y":-8}} | headers=HTTPHeaderDict({'Content-Length': '52', 'Content-Type': 'application/json; charset=utf-8', 'cache-control': 'no-cache'})
DEBUG    2022-05-28 23:26:59 selenium.webdriver.remote.remote_connection::remote_connection.py:_request:412: Finished Request
DEBUG    2022-05-28 23:26:59 selenium.webdriver.remote.remote_connection::remote_connection.py:_request:361: POST http://localhost:10556/session/4e50ce4ebf75ab98d951a2116a124501/timeouts {"implicit": 10000}
DEBUG    2022-05-28 23:26:59 urllib3.connectionpool::connectionpool.py:_make_request:456: http://localhost:10556 "POST /session/4e50ce4ebf75ab98d951a2116a124501/timeouts HTTP/1.1" 200 14
DEBUG    2022-05-28 23:26:59 selenium.webdriver.remote.remote_connection::remote_connection.py:_request:383: Remote response: status=200 | data={"value":null} | headers=HTTPHeaderDict({'Content-Length': '14', 'Content-Type': 'application/json; charset=utf-8', 'cache-control': 'no-cache'})
DEBUG    2022-05-28 23:26:59 selenium.webdriver.remote.remote_connection::remote_connection.py:_request:412: Finished Request
DEBUG    2022-05-28 23:26:59 selenium.webdriver.remote.remote_connection::remote_connection.py:_request:361: POST http://localhost:10556/session/4e50ce4ebf75ab98d951a2116a124501/url {"url": "https://www.yogiyo.co.kr/mobile/#/"}
DEBUG    2022-05-28 23:27:01 urllib3.connectionpool::connectionpool.py:_make_request:456: http://localhost:10556 "POST /session/4e50ce4ebf75ab98d951a2116a124501/url HTTP/1.1" 200 14
DEBUG    2022-05-28 23:27:01 selenium.webdriver.remote.remote_connection::remote_connection.py:_request:383: Remote response: status=200 | data={"value":null} | headers=HTTPHeaderDict({'Content-Length': '14', 'Content-Type': 'application/json; charset=utf-8', 'cache-control': 'no-cache'})
DEBUG    2022-05-28 23:27:01 selenium.webdriver.remote.remote_connection::remote_connection.py:_request:412: Finished Request
DEBUG    2022-05-28 23:27:01 selenium.webdriver.remote.remote_connection::remote_connection.py:_request:361: POST http://localhost:10556/session/4e50ce4ebf75ab98d951a2116a124501/element {"using": "xpath", "value": "//input[@name='address_input']"}
DEBUG    2022-05-28 23:27:01 urllib3.connectionpool::connectionpool.py:_make_request:456: http://localhost:10556 "POST /session/4e50ce4ebf75ab98d951a2116a124501/element HTTP/1.1" 200 88
DEBUG    2022-05-28 23:27:01 selenium.webdriver.remote.remote_connection::remote_connection.py:_request:383: Remote response: status=200 | data={"value":{"element-6066-11e4-a52e-4f735466cecf":"3898bd53-35f7-4e5b-9b45-2961b13c92cb"}} | headers=HTTPHeaderDict({'Content-Length': '88', 'Content-Type': 'application/json; charset=utf-8', 'cache-control': 'no-cache'})
DEBUG    2022-05-28 23:27:01 selenium.webdriver.remote.remote_connection::remote_connection.py:_request:412: Finished Request
DEBUG    2022-05-28 23:27:01 selenium.webdriver.remote.remote_connection::remote_connection.py:_request:361: POST http://localhost:10556/session/4e50ce4ebf75ab98d951a2116a124501/element/3898bd53-35f7-4e5b-9b45-2961b13c92cb/clear {"id": "3898bd53-35f7-4e5b-9b45-2961b13c92cb"}
DEBUG    2022-05-28 23:27:01 urllib3.connectionpool::connectionpool.py:_make_request:456: http://localhost:10556 "POST /session/4e50ce4ebf75ab98d951a2116a124501/element/3898bd53-35f7-4e5b-9b45-2961b13c92cb/clear HTTP/1.1" 200 14
DEBUG    2022-05-28 23:27:01 selenium.webdriver.remote.remote_connection::remote_connection.py:_request:383: Remote response: status=200 | data={"value":null} | headers=HTTPHeaderDict({'Content-Length': '14', 'Content-Type': 'application/json; charset=utf-8', 'cache-control': 'no-cache'})
DEBUG    2022-05-28 23:27:01 selenium.webdriver.remote.remote_connection::remote_connection.py:_request:412: Finished Request
DEBUG    2022-05-28 23:27:01 selenium.webdriver.remote.remote_connection::remote_connection.py:_request:361: POST http://localhost:10556/session/4e50ce4ebf75ab98d951a2116a124501/element {"using": "xpath", "value": "//input[@name='address_input']"}
DEBUG    2022-05-28 23:27:01 urllib3.connectionpool::connectionpool.py:_make_request:456: http://localhost:10556 "POST /session/4e50ce4ebf75ab98d951a2116a124501/element HTTP/1.1" 200 88
DEBUG    2022-05-28 23:27:01 selenium.webdriver.remote.remote_connection::remote_connection.py:_request:383: Remote response: status=200 | data={"value":{"element-6066-11e4-a52e-4f735466cecf":"3898bd53-35f7-4e5b-9b45-2961b13c92cb"}} | headers=HTTPHeaderDict({'Content-Length': '88', 'Content-Type': 'application/json; charset=utf-8', 'cache-control': 'no-cache'})
DEBUG    2022-05-28 23:27:01 selenium.webdriver.remote.remote_connection::remote_connection.py:_request:412: Finished Request
DEBUG    2022-05-28 23:27:01 selenium.webdriver.remote.remote_connection::remote_connection.py:_request:361: POST http://localhost:10556/session/4e50ce4ebf75ab98d951a2116a124501/element/3898bd53-35f7-4e5b-9b45-2961b13c92cb/value {"text": "\uc11c\uc6b8\ud2b9\ubcc4\uc2dc \ub3d9\uc791\uad6c \uc0ac\ub2f9\ub3d9 144-4 \uc774\uc218\uc5ed(7\ud638\uc120)", "value": ["\uc11c", "\uc6b8", "\ud2b9", "\ubcc4", "\uc2dc", " ", "\ub3d9", "\uc791", "\uad6c", " ", "\uc0ac", "\ub2f9", "\ub3d9", " ", "1", "4", "4", "-", "4", " ", "\uc774", "\uc218", "\uc5ed", "(", "7", "\ud638", "\uc120", ")"], "id": "3898bd53-35f7-4e5b-9b45-2961b13c92cb"}
DEBUG    2022-05-28 23:27:01 urllib3.connectionpool::connectionpool.py:_make_request:456: http://localhost:10556 "POST /session/4e50ce4ebf75ab98d951a2116a124501/element/3898bd53-35f7-4e5b-9b45-2961b13c92cb/value HTTP/1.1" 200 14
DEBUG    2022-05-28 23:27:01 selenium.webdriver.remote.remote_connection::remote_connection.py:_request:383: Remote response: status=200 | data={"value":null} | headers=HTTPHeaderDict({'Content-Length': '14', 'Content-Type': 'application/json; charset=utf-8', 'cache-control': 'no-cache'})
DEBUG    2022-05-28 23:27:01 selenium.webdriver.remote.remote_connection::remote_connection.py:_request:412: Finished Request
DEBUG    2022-05-28 23:27:01 selenium.webdriver.remote.remote_connection::remote_connection.py:_request:361: POST http://localhost:10556/session/4e50ce4ebf75ab98d951a2116a124501/element {"using": "xpath", "value": "//button[@class='btn btn-default ico-pick']"}
DEBUG    2022-05-28 23:27:01 urllib3.connectionpool::connectionpool.py:_make_request:456: http://localhost:10556 "POST /session/4e50ce4ebf75ab98d951a2116a124501/element HTTP/1.1" 200 88
DEBUG    2022-05-28 23:27:01 selenium.webdriver.remote.remote_connection::remote_connection.py:_request:383: Remote response: status=200 | data={"value":{"element-6066-11e4-a52e-4f735466cecf":"74849c4c-3659-4b85-891c-a6b499ba0d82"}} | headers=HTTPHeaderDict({'Content-Length': '88', 'Content-Type': 'application/json; charset=utf-8', 'cache-control': 'no-cache'})
DEBUG    2022-05-28 23:27:01 selenium.webdriver.remote.remote_connection::remote_connection.py:_request:412: Finished Request
DEBUG    2022-05-28 23:27:01 selenium.webdriver.remote.remote_connection::remote_connection.py:_request:361: POST http://localhost:10556/session/4e50ce4ebf75ab98d951a2116a124501/element/74849c4c-3659-4b85-891c-a6b499ba0d82/click {"id": "74849c4c-3659-4b85-891c-a6b499ba0d82"}
DEBUG    2022-05-28 23:27:02 urllib3.connectionpool::connectionpool.py:_make_request:456: http://localhost:10556 "POST /session/4e50ce4ebf75ab98d951a2116a124501/element/74849c4c-3659-4b85-891c-a6b499ba0d82/click HTTP/1.1" 200 14
DEBUG    2022-05-28 23:27:02 selenium.webdriver.remote.remote_connection::remote_connection.py:_request:383: Remote response: status=200 | data={"value":null} | headers=HTTPHeaderDict({'Content-Length': '14', 'Content-Type': 'application/json; charset=utf-8', 'cache-control': 'no-cache'})
DEBUG    2022-05-28 23:27:02 selenium.webdriver.remote.remote_connection::remote_connection.py:_request:412: Finished Request
DEBUG    2022-05-28 23:27:03 selenium.webdriver.remote.remote_connection::remote_connection.py:_request:361: GET http://localhost:10556/session/4e50ce4ebf75ab98d951a2116a124501/url {}
DEBUG    2022-05-28 23:27:03 urllib3.connectionpool::connectionpool.py:_make_request:456: http://localhost:10556 "GET /session/4e50ce4ebf75ab98d951a2116a124501/url HTTP/1.1" 200 99
DEBUG    2022-05-28 23:27:03 selenium.webdriver.remote.remote_connection::remote_connection.py:_request:383: Remote response: status=200 | data={"value":"https://www.yogiyo.co.kr/mobile/#/%EC%84%9C%EC%9A%B8%ED%8A%B9%EB%B3%84%EC%8B%9C/156091/"} | headers=HTTPHeaderDict({'Content-Length': '99', 'Content-Type': 'application/json; charset=utf-8', 'cache-control': 'no-cache'})
DEBUG    2022-05-28 23:27:03 selenium.webdriver.remote.remote_connection::remote_connection.py:_request:412: Finished Request
INFO     2022-05-28 23:27:03 root::mod_common.py:compare_url:25: 현재 URL : https://www.yogiyo.co.kr/mobile/#/%EC%84%9C%EC%9A%B8%ED%8A%B9%EB%B3%84%EC%8B%9C/156091/
INFO     2022-05-28 23:27:03 root::mod_common.py:compare_url:26: 비교 URL : https://www.yogiyo.co.kr/mobile/#/%EC%84%9C%EC%9A%B8%ED%8A%B9%EB%B3%84%EC%8B%9C/156091/
INFO     2022-05-28 23:27:03 root::mod_common.py:compare_url:28: 두 URL이 일치합니다.
INFO     2022-05-28 23:27:03 root::mod_enter.py:enter_restaurant_list:19: Success : 레스토랑 리스트 페이지 진입에 성공했습니다.
DEBUG    2022-05-28 23:27:03 selenium.webdriver.remote.remote_connection::remote_connection.py:_request:361: POST http://localhost:10556/session/4e50ce4ebf75ab98d951a2116a124501/execute/sync {"script": "return document.body.scrollHeight", "args": []}
DEBUG    2022-05-28 23:27:03 urllib3.connectionpool::connectionpool.py:_make_request:456: http://localhost:10556 "POST /session/4e50ce4ebf75ab98d951a2116a124501/execute/sync HTTP/1.1" 200 14
DEBUG    2022-05-28 23:27:03 selenium.webdriver.remote.remote_connection::remote_connection.py:_request:383: Remote response: status=200 | data={"value":4505} | headers=HTTPHeaderDict({'Content-Length': '14', 'Content-Type': 'application/json; charset=utf-8', 'cache-control': 'no-cache'})
DEBUG    2022-05-28 23:27:03 selenium.webdriver.remote.remote_connection::remote_connection.py:_request:412: Finished Request
DEBUG    2022-05-28 23:27:03 selenium.webdriver.remote.remote_connection::remote_connection.py:_request:361: POST http://localhost:10556/session/4e50ce4ebf75ab98d951a2116a124501/execute/sync {"script": "window.scrollTo(0, 4505)", "args": []}
DEBUG    2022-05-28 23:27:03 urllib3.connectionpool::connectionpool.py:_make_request:456: http://localhost:10556 "POST /session/4e50ce4ebf75ab98d951a2116a124501/execute/sync HTTP/1.1" 200 14
DEBUG    2022-05-28 23:27:03 selenium.webdriver.remote.remote_connection::remote_connection.py:_request:383: Remote response: status=200 | data={"value":null} | headers=HTTPHeaderDict({'Content-Length': '14', 'Content-Type': 'application/json; charset=utf-8', 'cache-control': 'no-cache'})
DEBUG    2022-05-28 23:27:03 selenium.webdriver.remote.remote_connection::remote_connection.py:_request:412: Finished Request
DEBUG    2022-05-28 23:27:04 selenium.webdriver.remote.remote_connection::remote_connection.py:_request:361: POST http://localhost:10556/session/4e50ce4ebf75ab98d951a2116a124501/execute/sync {"script": "return document.body.scrollHeight", "args": []}
DEBUG    2022-05-28 23:27:04 urllib3.connectionpool::connectionpool.py:_make_request:456: http://localhost:10556 "POST /session/4e50ce4ebf75ab98d951a2116a124501/execute/sync HTTP/1.1" 200 14
DEBUG    2022-05-28 23:27:04 selenium.webdriver.remote.remote_connection::remote_connection.py:_request:383: Remote response: status=200 | data={"value":7984} | headers=HTTPHeaderDict({'Content-Length': '14', 'Content-Type': 'application/json; charset=utf-8', 'cache-control': 'no-cache'})
DEBUG    2022-05-28 23:27:04 selenium.webdriver.remote.remote_connection::remote_connection.py:_request:412: Finished Request
DEBUG    2022-05-28 23:27:04 selenium.webdriver.remote.remote_connection::remote_connection.py:_request:361: POST http://localhost:10556/session/4e50ce4ebf75ab98d951a2116a124501/execute/sync {"script": "window.scrollTo(4505, 7984)", "args": []}
DEBUG    2022-05-28 23:27:04 urllib3.connectionpool::connectionpool.py:_make_request:456: http://localhost:10556 "POST /session/4e50ce4ebf75ab98d951a2116a124501/execute/sync HTTP/1.1" 200 14
DEBUG    2022-05-28 23:27:04 selenium.webdriver.remote.remote_connection::remote_connection.py:_request:383: Remote response: status=200 | data={"value":null} | headers=HTTPHeaderDict({'Content-Length': '14', 'Content-Type': 'application/json; charset=utf-8', 'cache-control': 'no-cache'})
DEBUG    2022-05-28 23:27:04 selenium.webdriver.remote.remote_connection::remote_connection.py:_request:412: Finished Request
DEBUG    2022-05-28 23:27:05 selenium.webdriver.remote.remote_connection::remote_connection.py:_request:361: POST http://localhost:10556/session/4e50ce4ebf75ab98d951a2116a124501/execute/sync {"script": "return document.body.scrollHeight", "args": []}
DEBUG    2022-05-28 23:27:05 urllib3.connectionpool::connectionpool.py:_make_request:456: http://localhost:10556 "POST /session/4e50ce4ebf75ab98d951a2116a124501/execute/sync HTTP/1.1" 200 15
DEBUG    2022-05-28 23:27:05 selenium.webdriver.remote.remote_connection::remote_connection.py:_request:383: Remote response: status=200 | data={"value":11524} | headers=HTTPHeaderDict({'Content-Length': '15', 'Content-Type': 'application/json; charset=utf-8', 'cache-control': 'no-cache'})
DEBUG    2022-05-28 23:27:05 selenium.webdriver.remote.remote_connection::remote_connection.py:_request:412: Finished Request
DEBUG    2022-05-28 23:27:05 selenium.webdriver.remote.remote_connection::remote_connection.py:_request:361: POST http://localhost:10556/session/4e50ce4ebf75ab98d951a2116a124501/execute/sync {"script": "window.scrollTo(7984, 11524)", "args": []}
DEBUG    2022-05-28 23:27:05 urllib3.connectionpool::connectionpool.py:_make_request:456: http://localhost:10556 "POST /session/4e50ce4ebf75ab98d951a2116a124501/execute/sync HTTP/1.1" 200 14
DEBUG    2022-05-28 23:27:05 selenium.webdriver.remote.remote_connection::remote_connection.py:_request:383: Remote response: status=200 | data={"value":null} | headers=HTTPHeaderDict({'Content-Length': '14', 'Content-Type': 'application/json; charset=utf-8', 'cache-control': 'no-cache'})
DEBUG    2022-05-28 23:27:05 selenium.webdriver.remote.remote_connection::remote_connection.py:_request:412: Finished Request
DEBUG    2022-05-28 23:27:06 selenium.webdriver.remote.remote_connection::remote_connection.py:_request:361: POST http://localhost:10556/session/4e50ce4ebf75ab98d951a2116a124501/execute/sync {"script": "return document.body.scrollHeight", "args": []}
DEBUG    2022-05-28 23:27:06 urllib3.connectionpool::connectionpool.py:_make_request:456: http://localhost:10556 "POST /session/4e50ce4ebf75ab98d951a2116a124501/execute/sync HTTP/1.1" 200 15
DEBUG    2022-05-28 23:27:06 selenium.webdriver.remote.remote_connection::remote_connection.py:_request:383: Remote response: status=200 | data={"value":15064} | headers=HTTPHeaderDict({'Content-Length': '15', 'Content-Type': 'application/json; charset=utf-8', 'cache-control': 'no-cache'})
DEBUG    2022-05-28 23:27:06 selenium.webdriver.remote.remote_connection::remote_connection.py:_request:412: Finished Request
DEBUG    2022-05-28 23:27:06 selenium.webdriver.remote.remote_connection::remote_connection.py:_request:361: POST http://localhost:10556/session/4e50ce4ebf75ab98d951a2116a124501/execute/sync {"script": "window.scrollTo(11524, 15064)", "args": []}
DEBUG    2022-05-28 23:27:06 urllib3.connectionpool::connectionpool.py:_make_request:456: http://localhost:10556 "POST /session/4e50ce4ebf75ab98d951a2116a124501/execute/sync HTTP/1.1" 200 14
DEBUG    2022-05-28 23:27:06 selenium.webdriver.remote.remote_connection::remote_connection.py:_request:383: Remote response: status=200 | data={"value":null} | headers=HTTPHeaderDict({'Content-Length': '14', 'Content-Type': 'application/json; charset=utf-8', 'cache-control': 'no-cache'})
DEBUG    2022-05-28 23:27:06 selenium.webdriver.remote.remote_connection::remote_connection.py:_request:412: Finished Request
DEBUG    2022-05-28 23:27:07 selenium.webdriver.remote.remote_connection::remote_connection.py:_request:361: POST http://localhost:10556/session/4e50ce4ebf75ab98d951a2116a124501/execute/sync {"script": "return document.body.scrollHeight", "args": []}
DEBUG    2022-05-28 23:27:07 urllib3.connectionpool::connectionpool.py:_make_request:456: http://localhost:10556 "POST /session/4e50ce4ebf75ab98d951a2116a124501/execute/sync HTTP/1.1" 200 15
DEBUG    2022-05-28 23:27:07 selenium.webdriver.remote.remote_connection::remote_connection.py:_request:383: Remote response: status=200 | data={"value":18604} | headers=HTTPHeaderDict({'Content-Length': '15', 'Content-Type': 'application/json; charset=utf-8', 'cache-control': 'no-cache'})
DEBUG    2022-05-28 23:27:07 selenium.webdriver.remote.remote_connection::remote_connection.py:_request:412: Finished Request
DEBUG    2022-05-28 23:27:07 selenium.webdriver.remote.remote_connection::remote_connection.py:_request:361: POST http://localhost:10556/session/4e50ce4ebf75ab98d951a2116a124501/execute/sync {"script": "window.scrollTo(15064, 18604)", "args": []}
DEBUG    2022-05-28 23:27:07 urllib3.connectionpool::connectionpool.py:_make_request:456: http://localhost:10556 "POST /session/4e50ce4ebf75ab98d951a2116a124501/execute/sync HTTP/1.1" 200 14
DEBUG    2022-05-28 23:27:07 selenium.webdriver.remote.remote_connection::remote_connection.py:_request:383: Remote response: status=200 | data={"value":null} | headers=HTTPHeaderDict({'Content-Length': '14', 'Content-Type': 'application/json; charset=utf-8', 'cache-control': 'no-cache'})
DEBUG    2022-05-28 23:27:07 selenium.webdriver.remote.remote_connection::remote_connection.py:_request:412: Finished Request
DEBUG    2022-05-28 23:27:08 selenium.webdriver.remote.remote_connection::remote_connection.py:_request:361: POST http://localhost:10556/session/4e50ce4ebf75ab98d951a2116a124501/execute/sync {"script": "return document.body.scrollHeight", "args": []}
DEBUG    2022-05-28 23:27:08 urllib3.connectionpool::connectionpool.py:_make_request:456: http://localhost:10556 "POST /session/4e50ce4ebf75ab98d951a2116a124501/execute/sync HTTP/1.1" 200 15
DEBUG    2022-05-28 23:27:08 selenium.webdriver.remote.remote_connection::remote_connection.py:_request:383: Remote response: status=200 | data={"value":22144} | headers=HTTPHeaderDict({'Content-Length': '15', 'Content-Type': 'application/json; charset=utf-8', 'cache-control': 'no-cache'})
DEBUG    2022-05-28 23:27:08 selenium.webdriver.remote.remote_connection::remote_connection.py:_request:412: Finished Request
DEBUG    2022-05-28 23:27:08 selenium.webdriver.remote.remote_connection::remote_connection.py:_request:361: POST http://localhost:10556/session/4e50ce4ebf75ab98d951a2116a124501/execute/sync {"script": "window.scrollTo(18604, 22144)", "args": []}
DEBUG    2022-05-28 23:27:08 urllib3.connectionpool::connectionpool.py:_make_request:456: http://localhost:10556 "POST /session/4e50ce4ebf75ab98d951a2116a124501/execute/sync HTTP/1.1" 200 14
DEBUG    2022-05-28 23:27:08 selenium.webdriver.remote.remote_connection::remote_connection.py:_request:383: Remote response: status=200 | data={"value":null} | headers=HTTPHeaderDict({'Content-Length': '14', 'Content-Type': 'application/json; charset=utf-8', 'cache-control': 'no-cache'})
DEBUG    2022-05-28 23:27:08 selenium.webdriver.remote.remote_connection::remote_connection.py:_request:412: Finished Request
DEBUG    2022-05-28 23:27:09 selenium.webdriver.remote.remote_connection::remote_connection.py:_request:361: POST http://localhost:10556/session/4e50ce4ebf75ab98d951a2116a124501/execute/sync {"script": "return document.body.scrollHeight", "args": []}
DEBUG    2022-05-28 23:27:09 urllib3.connectionpool::connectionpool.py:_make_request:456: http://localhost:10556 "POST /session/4e50ce4ebf75ab98d951a2116a124501/execute/sync HTTP/1.1" 200 15
DEBUG    2022-05-28 23:27:09 selenium.webdriver.remote.remote_connection::remote_connection.py:_request:383: Remote response: status=200 | data={"value":25684} | headers=HTTPHeaderDict({'Content-Length': '15', 'Content-Type': 'application/json; charset=utf-8', 'cache-control': 'no-cache'})
DEBUG    2022-05-28 23:27:09 selenium.webdriver.remote.remote_connection::remote_connection.py:_request:412: Finished Request
DEBUG    2022-05-28 23:27:09 selenium.webdriver.remote.remote_connection::remote_connection.py:_request:361: POST http://localhost:10556/session/4e50ce4ebf75ab98d951a2116a124501/execute/sync {"script": "window.scrollTo(22144, 25684)", "args": []}
DEBUG    2022-05-28 23:27:09 urllib3.connectionpool::connectionpool.py:_make_request:456: http://localhost:10556 "POST /session/4e50ce4ebf75ab98d951a2116a124501/execute/sync HTTP/1.1" 200 14
DEBUG    2022-05-28 23:27:09 selenium.webdriver.remote.remote_connection::remote_connection.py:_request:383: Remote response: status=200 | data={"value":null} | headers=HTTPHeaderDict({'Content-Length': '14', 'Content-Type': 'application/json; charset=utf-8', 'cache-control': 'no-cache'})
DEBUG    2022-05-28 23:27:09 selenium.webdriver.remote.remote_connection::remote_connection.py:_request:412: Finished Request
DEBUG    2022-05-28 23:27:10 selenium.webdriver.remote.remote_connection::remote_connection.py:_request:361: POST http://localhost:10556/session/4e50ce4ebf75ab98d951a2116a124501/execute/sync {"script": "return document.body.scrollHeight", "args": []}
DEBUG    2022-05-28 23:27:10 urllib3.connectionpool::connectionpool.py:_make_request:456: http://localhost:10556 "POST /session/4e50ce4ebf75ab98d951a2116a124501/execute/sync HTTP/1.1" 200 15
DEBUG    2022-05-28 23:27:10 selenium.webdriver.remote.remote_connection::remote_connection.py:_request:383: Remote response: status=200 | data={"value":29224} | headers=HTTPHeaderDict({'Content-Length': '15', 'Content-Type': 'application/json; charset=utf-8', 'cache-control': 'no-cache'})
DEBUG    2022-05-28 23:27:10 selenium.webdriver.remote.remote_connection::remote_connection.py:_request:412: Finished Request
DEBUG    2022-05-28 23:27:10 selenium.webdriver.remote.remote_connection::remote_connection.py:_request:361: POST http://localhost:10556/session/4e50ce4ebf75ab98d951a2116a124501/execute/sync {"script": "window.scrollTo(25684, 29224)", "args": []}
DEBUG    2022-05-28 23:27:10 urllib3.connectionpool::connectionpool.py:_make_request:456: http://localhost:10556 "POST /session/4e50ce4ebf75ab98d951a2116a124501/execute/sync HTTP/1.1" 200 14
DEBUG    2022-05-28 23:27:10 selenium.webdriver.remote.remote_connection::remote_connection.py:_request:383: Remote response: status=200 | data={"value":null} | headers=HTTPHeaderDict({'Content-Length': '14', 'Content-Type': 'application/json; charset=utf-8', 'cache-control': 'no-cache'})
DEBUG    2022-05-28 23:27:10 selenium.webdriver.remote.remote_connection::remote_connection.py:_request:412: Finished Request
DEBUG    2022-05-28 23:27:11 selenium.webdriver.remote.remote_connection::remote_connection.py:_request:361: POST http://localhost:10556/session/4e50ce4ebf75ab98d951a2116a124501/execute/sync {"script": "return document.body.scrollHeight", "args": []}
DEBUG    2022-05-28 23:27:11 urllib3.connectionpool::connectionpool.py:_make_request:456: http://localhost:10556 "POST /session/4e50ce4ebf75ab98d951a2116a124501/execute/sync HTTP/1.1" 200 15
DEBUG    2022-05-28 23:27:11 selenium.webdriver.remote.remote_connection::remote_connection.py:_request:383: Remote response: status=200 | data={"value":32764} | headers=HTTPHeaderDict({'Content-Length': '15', 'Content-Type': 'application/json; charset=utf-8', 'cache-control': 'no-cache'})
DEBUG    2022-05-28 23:27:11 selenium.webdriver.remote.remote_connection::remote_connection.py:_request:412: Finished Request
DEBUG    2022-05-28 23:27:11 selenium.webdriver.remote.remote_connection::remote_connection.py:_request:361: POST http://localhost:10556/session/4e50ce4ebf75ab98d951a2116a124501/execute/sync {"script": "window.scrollTo(29224, 32764)", "args": []}
DEBUG    2022-05-28 23:27:11 urllib3.connectionpool::connectionpool.py:_make_request:456: http://localhost:10556 "POST /session/4e50ce4ebf75ab98d951a2116a124501/execute/sync HTTP/1.1" 200 14
DEBUG    2022-05-28 23:27:11 selenium.webdriver.remote.remote_connection::remote_connection.py:_request:383: Remote response: status=200 | data={"value":null} | headers=HTTPHeaderDict({'Content-Length': '14', 'Content-Type': 'application/json; charset=utf-8', 'cache-control': 'no-cache'})
DEBUG    2022-05-28 23:27:11 selenium.webdriver.remote.remote_connection::remote_connection.py:_request:412: Finished Request
DEBUG    2022-05-28 23:27:11 selenium.webdriver.remote.remote_connection::remote_connection.py:_request:361: POST http://localhost:10556/session/4e50ce4ebf75ab98d951a2116a124501/execute/sync {"script": "return document.body.scrollHeight", "args": []}
DEBUG    2022-05-28 23:27:12 urllib3.connectionpool::connectionpool.py:_make_request:456: http://localhost:10556 "POST /session/4e50ce4ebf75ab98d951a2116a124501/execute/sync HTTP/1.1" 200 15
DEBUG    2022-05-28 23:27:12 selenium.webdriver.remote.remote_connection::remote_connection.py:_request:383: Remote response: status=200 | data={"value":36304} | headers=HTTPHeaderDict({'Content-Length': '15', 'Content-Type': 'application/json; charset=utf-8', 'cache-control': 'no-cache'})
DEBUG    2022-05-28 23:27:12 selenium.webdriver.remote.remote_connection::remote_connection.py:_request:412: Finished Request
DEBUG    2022-05-28 23:27:12 selenium.webdriver.remote.remote_connection::remote_connection.py:_request:361: POST http://localhost:10556/session/4e50ce4ebf75ab98d951a2116a124501/execute/sync {"script": "window.scrollTo(32764, 36304)", "args": []}
DEBUG    2022-05-28 23:27:12 urllib3.connectionpool::connectionpool.py:_make_request:456: http://localhost:10556 "POST /session/4e50ce4ebf75ab98d951a2116a124501/execute/sync HTTP/1.1" 200 14
DEBUG    2022-05-28 23:27:12 selenium.webdriver.remote.remote_connection::remote_connection.py:_request:383: Remote response: status=200 | data={"value":null} | headers=HTTPHeaderDict({'Content-Length': '14', 'Content-Type': 'application/json; charset=utf-8', 'cache-control': 'no-cache'})
DEBUG    2022-05-28 23:27:12 selenium.webdriver.remote.remote_connection::remote_connection.py:_request:412: Finished Request
DEBUG    2022-05-28 23:27:12 selenium.webdriver.remote.remote_connection::remote_connection.py:_request:361: POST http://localhost:10556/session/4e50ce4ebf75ab98d951a2116a124501/execute/sync {"script": "return document.body.scrollHeight", "args": []}
DEBUG    2022-05-28 23:27:12 urllib3.connectionpool::connectionpool.py:_make_request:456: http://localhost:10556 "POST /session/4e50ce4ebf75ab98d951a2116a124501/execute/sync HTTP/1.1" 200 15
DEBUG    2022-05-28 23:27:12 selenium.webdriver.remote.remote_connection::remote_connection.py:_request:383: Remote response: status=200 | data={"value":39844} | headers=HTTPHeaderDict({'Content-Length': '15', 'Content-Type': 'application/json; charset=utf-8', 'cache-control': 'no-cache'})
DEBUG    2022-05-28 23:27:12 selenium.webdriver.remote.remote_connection::remote_connection.py:_request:412: Finished Request
DEBUG    2022-05-28 23:27:12 selenium.webdriver.remote.remote_connection::remote_connection.py:_request:361: POST http://localhost:10556/session/4e50ce4ebf75ab98d951a2116a124501/execute/sync {"script": "window.scrollTo(36304, 39844)", "args": []}
DEBUG    2022-05-28 23:27:12 urllib3.connectionpool::connectionpool.py:_make_request:456: http://localhost:10556 "POST /session/4e50ce4ebf75ab98d951a2116a124501/execute/sync HTTP/1.1" 200 14
DEBUG    2022-05-28 23:27:12 selenium.webdriver.remote.remote_connection::remote_connection.py:_request:383: Remote response: status=200 | data={"value":null} | headers=HTTPHeaderDict({'Content-Length': '14', 'Content-Type': 'application/json; charset=utf-8', 'cache-control': 'no-cache'})
DEBUG    2022-05-28 23:27:12 selenium.webdriver.remote.remote_connection::remote_connection.py:_request:412: Finished Request
DEBUG    2022-05-28 23:27:13 selenium.webdriver.remote.remote_connection::remote_connection.py:_request:361: POST http://localhost:10556/session/4e50ce4ebf75ab98d951a2116a124501/execute/sync {"script": "return document.body.scrollHeight", "args": []}
DEBUG    2022-05-28 23:27:13 urllib3.connectionpool::connectionpool.py:_make_request:456: http://localhost:10556 "POST /session/4e50ce4ebf75ab98d951a2116a124501/execute/sync HTTP/1.1" 200 15
DEBUG    2022-05-28 23:27:13 selenium.webdriver.remote.remote_connection::remote_connection.py:_request:383: Remote response: status=200 | data={"value":43384} | headers=HTTPHeaderDict({'Content-Length': '15', 'Content-Type': 'application/json; charset=utf-8', 'cache-control': 'no-cache'})
DEBUG    2022-05-28 23:27:13 selenium.webdriver.remote.remote_connection::remote_connection.py:_request:412: Finished Request
DEBUG    2022-05-28 23:27:13 selenium.webdriver.remote.remote_connection::remote_connection.py:_request:361: POST http://localhost:10556/session/4e50ce4ebf75ab98d951a2116a124501/execute/sync {"script": "window.scrollTo(39844, 43384)", "args": []}
DEBUG    2022-05-28 23:27:13 urllib3.connectionpool::connectionpool.py:_make_request:456: http://localhost:10556 "POST /session/4e50ce4ebf75ab98d951a2116a124501/execute/sync HTTP/1.1" 200 14
DEBUG    2022-05-28 23:27:13 selenium.webdriver.remote.remote_connection::remote_connection.py:_request:383: Remote response: status=200 | data={"value":null} | headers=HTTPHeaderDict({'Content-Length': '14', 'Content-Type': 'application/json; charset=utf-8', 'cache-control': 'no-cache'})
DEBUG    2022-05-28 23:27:13 selenium.webdriver.remote.remote_connection::remote_connection.py:_request:412: Finished Request
DEBUG    2022-05-28 23:27:14 selenium.webdriver.remote.remote_connection::remote_connection.py:_request:361: POST http://localhost:10556/session/4e50ce4ebf75ab98d951a2116a124501/execute/sync {"script": "return document.body.scrollHeight", "args": []}
DEBUG    2022-05-28 23:27:14 urllib3.connectionpool::connectionpool.py:_make_request:456: http://localhost:10556 "POST /session/4e50ce4ebf75ab98d951a2116a124501/execute/sync HTTP/1.1" 200 15
DEBUG    2022-05-28 23:27:14 selenium.webdriver.remote.remote_connection::remote_connection.py:_request:383: Remote response: status=200 | data={"value":46924} | headers=HTTPHeaderDict({'Content-Length': '15', 'Content-Type': 'application/json; charset=utf-8', 'cache-control': 'no-cache'})
DEBUG    2022-05-28 23:27:14 selenium.webdriver.remote.remote_connection::remote_connection.py:_request:412: Finished Request
DEBUG    2022-05-28 23:27:14 selenium.webdriver.remote.remote_connection::remote_connection.py:_request:361: POST http://localhost:10556/session/4e50ce4ebf75ab98d951a2116a124501/execute/sync {"script": "window.scrollTo(43384, 46924)", "args": []}
DEBUG    2022-05-28 23:27:14 urllib3.connectionpool::connectionpool.py:_make_request:456: http://localhost:10556 "POST /session/4e50ce4ebf75ab98d951a2116a124501/execute/sync HTTP/1.1" 200 14
DEBUG    2022-05-28 23:27:14 selenium.webdriver.remote.remote_connection::remote_connection.py:_request:383: Remote response: status=200 | data={"value":null} | headers=HTTPHeaderDict({'Content-Length': '14', 'Content-Type': 'application/json; charset=utf-8', 'cache-control': 'no-cache'})
DEBUG    2022-05-28 23:27:14 selenium.webdriver.remote.remote_connection::remote_connection.py:_request:412: Finished Request
DEBUG    2022-05-28 23:27:15 selenium.webdriver.remote.remote_connection::remote_connection.py:_request:361: POST http://localhost:10556/session/4e50ce4ebf75ab98d951a2116a124501/execute/sync {"script": "return document.body.scrollHeight", "args": []}
DEBUG    2022-05-28 23:27:15 urllib3.connectionpool::connectionpool.py:_make_request:456: http://localhost:10556 "POST /session/4e50ce4ebf75ab98d951a2116a124501/execute/sync HTTP/1.1" 200 15
DEBUG    2022-05-28 23:27:15 selenium.webdriver.remote.remote_connection::remote_connection.py:_request:383: Remote response: status=200 | data={"value":50464} | headers=HTTPHeaderDict({'Content-Length': '15', 'Content-Type': 'application/json; charset=utf-8', 'cache-control': 'no-cache'})
DEBUG    2022-05-28 23:27:15 selenium.webdriver.remote.remote_connection::remote_connection.py:_request:412: Finished Request
DEBUG    2022-05-28 23:27:15 selenium.webdriver.remote.remote_connection::remote_connection.py:_request:361: POST http://localhost:10556/session/4e50ce4ebf75ab98d951a2116a124501/execute/sync {"script": "window.scrollTo(46924, 50464)", "args": []}
DEBUG    2022-05-28 23:27:15 urllib3.connectionpool::connectionpool.py:_make_request:456: http://localhost:10556 "POST /session/4e50ce4ebf75ab98d951a2116a124501/execute/sync HTTP/1.1" 200 14
DEBUG    2022-05-28 23:27:15 selenium.webdriver.remote.remote_connection::remote_connection.py:_request:383: Remote response: status=200 | data={"value":null} | headers=HTTPHeaderDict({'Content-Length': '14', 'Content-Type': 'application/json; charset=utf-8', 'cache-control': 'no-cache'})
DEBUG    2022-05-28 23:27:15 selenium.webdriver.remote.remote_connection::remote_connection.py:_request:412: Finished Request
DEBUG    2022-05-28 23:27:16 selenium.webdriver.remote.remote_connection::remote_connection.py:_request:361: POST http://localhost:10556/session/4e50ce4ebf75ab98d951a2116a124501/execute/sync {"script": "return document.body.scrollHeight", "args": []}
DEBUG    2022-05-28 23:27:16 urllib3.connectionpool::connectionpool.py:_make_request:456: http://localhost:10556 "POST /session/4e50ce4ebf75ab98d951a2116a124501/execute/sync HTTP/1.1" 200 15
DEBUG    2022-05-28 23:27:16 selenium.webdriver.remote.remote_connection::remote_connection.py:_request:383: Remote response: status=200 | data={"value":54004} | headers=HTTPHeaderDict({'Content-Length': '15', 'Content-Type': 'application/json; charset=utf-8', 'cache-control': 'no-cache'})
DEBUG    2022-05-28 23:27:16 selenium.webdriver.remote.remote_connection::remote_connection.py:_request:412: Finished Request
DEBUG    2022-05-28 23:27:16 selenium.webdriver.remote.remote_connection::remote_connection.py:_request:361: POST http://localhost:10556/session/4e50ce4ebf75ab98d951a2116a124501/execute/sync {"script": "window.scrollTo(50464, 54004)", "args": []}
DEBUG    2022-05-28 23:27:16 urllib3.connectionpool::connectionpool.py:_make_request:456: http://localhost:10556 "POST /session/4e50ce4ebf75ab98d951a2116a124501/execute/sync HTTP/1.1" 200 14
DEBUG    2022-05-28 23:27:16 selenium.webdriver.remote.remote_connection::remote_connection.py:_request:383: Remote response: status=200 | data={"value":null} | headers=HTTPHeaderDict({'Content-Length': '14', 'Content-Type': 'application/json; charset=utf-8', 'cache-control': 'no-cache'})
DEBUG    2022-05-28 23:27:16 selenium.webdriver.remote.remote_connection::remote_connection.py:_request:412: Finished Request
DEBUG    2022-05-28 23:27:17 selenium.webdriver.remote.remote_connection::remote_connection.py:_request:361: POST http://localhost:10556/session/4e50ce4ebf75ab98d951a2116a124501/execute/sync {"script": "return document.body.scrollHeight", "args": []}
DEBUG    2022-05-28 23:27:17 urllib3.connectionpool::connectionpool.py:_make_request:456: http://localhost:10556 "POST /session/4e50ce4ebf75ab98d951a2116a124501/execute/sync HTTP/1.1" 200 15
DEBUG    2022-05-28 23:27:17 selenium.webdriver.remote.remote_connection::remote_connection.py:_request:383: Remote response: status=200 | data={"value":57544} | headers=HTTPHeaderDict({'Content-Length': '15', 'Content-Type': 'application/json; charset=utf-8', 'cache-control': 'no-cache'})
DEBUG    2022-05-28 23:27:17 selenium.webdriver.remote.remote_connection::remote_connection.py:_request:412: Finished Request
DEBUG    2022-05-28 23:27:17 selenium.webdriver.remote.remote_connection::remote_connection.py:_request:361: POST http://localhost:10556/session/4e50ce4ebf75ab98d951a2116a124501/execute/sync {"script": "window.scrollTo(54004, 57544)", "args": []}
DEBUG    2022-05-28 23:27:17 urllib3.connectionpool::connectionpool.py:_make_request:456: http://localhost:10556 "POST /session/4e50ce4ebf75ab98d951a2116a124501/execute/sync HTTP/1.1" 200 14
DEBUG    2022-05-28 23:27:17 selenium.webdriver.remote.remote_connection::remote_connection.py:_request:383: Remote response: status=200 | data={"value":null} | headers=HTTPHeaderDict({'Content-Length': '14', 'Content-Type': 'application/json; charset=utf-8', 'cache-control': 'no-cache'})
DEBUG    2022-05-28 23:27:17 selenium.webdriver.remote.remote_connection::remote_connection.py:_request:412: Finished Request
DEBUG    2022-05-28 23:27:18 selenium.webdriver.remote.remote_connection::remote_connection.py:_request:361: POST http://localhost:10556/session/4e50ce4ebf75ab98d951a2116a124501/execute/sync {"script": "return document.body.scrollHeight", "args": []}
DEBUG    2022-05-28 23:27:18 urllib3.connectionpool::connectionpool.py:_make_request:456: http://localhost:10556 "POST /session/4e50ce4ebf75ab98d951a2116a124501/execute/sync HTTP/1.1" 200 15
DEBUG    2022-05-28 23:27:18 selenium.webdriver.remote.remote_connection::remote_connection.py:_request:383: Remote response: status=200 | data={"value":61084} | headers=HTTPHeaderDict({'Content-Length': '15', 'Content-Type': 'application/json; charset=utf-8', 'cache-control': 'no-cache'})
DEBUG    2022-05-28 23:27:18 selenium.webdriver.remote.remote_connection::remote_connection.py:_request:412: Finished Request
DEBUG    2022-05-28 23:27:18 selenium.webdriver.remote.remote_connection::remote_connection.py:_request:361: POST http://localhost:10556/session/4e50ce4ebf75ab98d951a2116a124501/execute/sync {"script": "window.scrollTo(57544, 61084)", "args": []}
DEBUG    2022-05-28 23:27:18 urllib3.connectionpool::connectionpool.py:_make_request:456: http://localhost:10556 "POST /session/4e50ce4ebf75ab98d951a2116a124501/execute/sync HTTP/1.1" 200 14
DEBUG    2022-05-28 23:27:18 selenium.webdriver.remote.remote_connection::remote_connection.py:_request:383: Remote response: status=200 | data={"value":null} | headers=HTTPHeaderDict({'Content-Length': '14', 'Content-Type': 'application/json; charset=utf-8', 'cache-control': 'no-cache'})
DEBUG    2022-05-28 23:27:18 selenium.webdriver.remote.remote_connection::remote_connection.py:_request:412: Finished Request
DEBUG    2022-05-28 23:27:19 selenium.webdriver.remote.remote_connection::remote_connection.py:_request:361: POST http://localhost:10556/session/4e50ce4ebf75ab98d951a2116a124501/execute/sync {"script": "return document.body.scrollHeight", "args": []}
DEBUG    2022-05-28 23:27:19 urllib3.connectionpool::connectionpool.py:_make_request:456: http://localhost:10556 "POST /session/4e50ce4ebf75ab98d951a2116a124501/execute/sync HTTP/1.1" 200 15
DEBUG    2022-05-28 23:27:19 selenium.webdriver.remote.remote_connection::remote_connection.py:_request:383: Remote response: status=200 | data={"value":64624} | headers=HTTPHeaderDict({'Content-Length': '15', 'Content-Type': 'application/json; charset=utf-8', 'cache-control': 'no-cache'})
DEBUG    2022-05-28 23:27:19 selenium.webdriver.remote.remote_connection::remote_connection.py:_request:412: Finished Request
DEBUG    2022-05-28 23:27:19 selenium.webdriver.remote.remote_connection::remote_connection.py:_request:361: POST http://localhost:10556/session/4e50ce4ebf75ab98d951a2116a124501/execute/sync {"script": "window.scrollTo(61084, 64624)", "args": []}
DEBUG    2022-05-28 23:27:19 urllib3.connectionpool::connectionpool.py:_make_request:456: http://localhost:10556 "POST /session/4e50ce4ebf75ab98d951a2116a124501/execute/sync HTTP/1.1" 200 14
DEBUG    2022-05-28 23:27:19 selenium.webdriver.remote.remote_connection::remote_connection.py:_request:383: Remote response: status=200 | data={"value":null} | headers=HTTPHeaderDict({'Content-Length': '14', 'Content-Type': 'application/json; charset=utf-8', 'cache-control': 'no-cache'})
DEBUG    2022-05-28 23:27:19 selenium.webdriver.remote.remote_connection::remote_connection.py:_request:412: Finished Request
DEBUG    2022-05-28 23:27:20 selenium.webdriver.remote.remote_connection::remote_connection.py:_request:361: POST http://localhost:10556/session/4e50ce4ebf75ab98d951a2116a124501/execute/sync {"script": "return document.body.scrollHeight", "args": []}
DEBUG    2022-05-28 23:27:20 urllib3.connectionpool::connectionpool.py:_make_request:456: http://localhost:10556 "POST /session/4e50ce4ebf75ab98d951a2116a124501/execute/sync HTTP/1.1" 200 15
DEBUG    2022-05-28 23:27:20 selenium.webdriver.remote.remote_connection::remote_connection.py:_request:383: Remote response: status=200 | data={"value":68164} | headers=HTTPHeaderDict({'Content-Length': '15', 'Content-Type': 'application/json; charset=utf-8', 'cache-control': 'no-cache'})
DEBUG    2022-05-28 23:27:20 selenium.webdriver.remote.remote_connection::remote_connection.py:_request:412: Finished Request
DEBUG    2022-05-28 23:27:20 selenium.webdriver.remote.remote_connection::remote_connection.py:_request:361: POST http://localhost:10556/session/4e50ce4ebf75ab98d951a2116a124501/execute/sync {"script": "window.scrollTo(64624, 68164)", "args": []}
DEBUG    2022-05-28 23:27:20 urllib3.connectionpool::connectionpool.py:_make_request:456: http://localhost:10556 "POST /session/4e50ce4ebf75ab98d951a2116a124501/execute/sync HTTP/1.1" 200 14
DEBUG    2022-05-28 23:27:20 selenium.webdriver.remote.remote_connection::remote_connection.py:_request:383: Remote response: status=200 | data={"value":null} | headers=HTTPHeaderDict({'Content-Length': '14', 'Content-Type': 'application/json; charset=utf-8', 'cache-control': 'no-cache'})
DEBUG    2022-05-28 23:27:20 selenium.webdriver.remote.remote_connection::remote_connection.py:_request:412: Finished Request
DEBUG    2022-05-28 23:27:21 selenium.webdriver.remote.remote_connection::remote_connection.py:_request:361: POST http://localhost:10556/session/4e50ce4ebf75ab98d951a2116a124501/execute/sync {"script": "return document.body.scrollHeight", "args": []}
DEBUG    2022-05-28 23:27:21 urllib3.connectionpool::connectionpool.py:_make_request:456: http://localhost:10556 "POST /session/4e50ce4ebf75ab98d951a2116a124501/execute/sync HTTP/1.1" 200 15
DEBUG    2022-05-28 23:27:21 selenium.webdriver.remote.remote_connection::remote_connection.py:_request:383: Remote response: status=200 | data={"value":71704} | headers=HTTPHeaderDict({'Content-Length': '15', 'Content-Type': 'application/json; charset=utf-8', 'cache-control': 'no-cache'})
DEBUG    2022-05-28 23:27:21 selenium.webdriver.remote.remote_connection::remote_connection.py:_request:412: Finished Request
DEBUG    2022-05-28 23:27:21 selenium.webdriver.remote.remote_connection::remote_connection.py:_request:361: POST http://localhost:10556/session/4e50ce4ebf75ab98d951a2116a124501/execute/sync {"script": "window.scrollTo(68164, 71704)", "args": []}
DEBUG    2022-05-28 23:27:21 urllib3.connectionpool::connectionpool.py:_make_request:456: http://localhost:10556 "POST /session/4e50ce4ebf75ab98d951a2116a124501/execute/sync HTTP/1.1" 200 14
DEBUG    2022-05-28 23:27:21 selenium.webdriver.remote.remote_connection::remote_connection.py:_request:383: Remote response: status=200 | data={"value":null} | headers=HTTPHeaderDict({'Content-Length': '14', 'Content-Type': 'application/json; charset=utf-8', 'cache-control': 'no-cache'})
DEBUG    2022-05-28 23:27:21 selenium.webdriver.remote.remote_connection::remote_connection.py:_request:412: Finished Request
DEBUG    2022-05-28 23:27:22 selenium.webdriver.remote.remote_connection::remote_connection.py:_request:361: POST http://localhost:10556/session/4e50ce4ebf75ab98d951a2116a124501/execute/sync {"script": "return document.body.scrollHeight", "args": []}
DEBUG    2022-05-28 23:27:22 urllib3.connectionpool::connectionpool.py:_make_request:456: http://localhost:10556 "POST /session/4e50ce4ebf75ab98d951a2116a124501/execute/sync HTTP/1.1" 200 15
DEBUG    2022-05-28 23:27:22 selenium.webdriver.remote.remote_connection::remote_connection.py:_request:383: Remote response: status=200 | data={"value":75244} | headers=HTTPHeaderDict({'Content-Length': '15', 'Content-Type': 'application/json; charset=utf-8', 'cache-control': 'no-cache'})
DEBUG    2022-05-28 23:27:22 selenium.webdriver.remote.remote_connection::remote_connection.py:_request:412: Finished Request
DEBUG    2022-05-28 23:27:22 selenium.webdriver.remote.remote_connection::remote_connection.py:_request:361: POST http://localhost:10556/session/4e50ce4ebf75ab98d951a2116a124501/execute/sync {"script": "window.scrollTo(71704, 75244)", "args": []}
DEBUG    2022-05-28 23:27:22 urllib3.connectionpool::connectionpool.py:_make_request:456: http://localhost:10556 "POST /session/4e50ce4ebf75ab98d951a2116a124501/execute/sync HTTP/1.1" 200 14
DEBUG    2022-05-28 23:27:22 selenium.webdriver.remote.remote_connection::remote_connection.py:_request:383: Remote response: status=200 | data={"value":null} | headers=HTTPHeaderDict({'Content-Length': '14', 'Content-Type': 'application/json; charset=utf-8', 'cache-control': 'no-cache'})
DEBUG    2022-05-28 23:27:22 selenium.webdriver.remote.remote_connection::remote_connection.py:_request:412: Finished Request
DEBUG    2022-05-28 23:27:23 selenium.webdriver.remote.remote_connection::remote_connection.py:_request:361: POST http://localhost:10556/session/4e50ce4ebf75ab98d951a2116a124501/execute/sync {"script": "return document.body.scrollHeight", "args": []}
DEBUG    2022-05-28 23:27:23 urllib3.connectionpool::connectionpool.py:_make_request:456: http://localhost:10556 "POST /session/4e50ce4ebf75ab98d951a2116a124501/execute/sync HTTP/1.1" 200 15
DEBUG    2022-05-28 23:27:23 selenium.webdriver.remote.remote_connection::remote_connection.py:_request:383: Remote response: status=200 | data={"value":78784} | headers=HTTPHeaderDict({'Content-Length': '15', 'Content-Type': 'application/json; charset=utf-8', 'cache-control': 'no-cache'})
DEBUG    2022-05-28 23:27:23 selenium.webdriver.remote.remote_connection::remote_connection.py:_request:412: Finished Request
DEBUG    2022-05-28 23:27:23 selenium.webdriver.remote.remote_connection::remote_connection.py:_request:361: POST http://localhost:10556/session/4e50ce4ebf75ab98d951a2116a124501/execute/sync {"script": "window.scrollTo(75244, 78784)", "args": []}
DEBUG    2022-05-28 23:27:23 urllib3.connectionpool::connectionpool.py:_make_request:456: http://localhost:10556 "POST /session/4e50ce4ebf75ab98d951a2116a124501/execute/sync HTTP/1.1" 200 14
DEBUG    2022-05-28 23:27:23 selenium.webdriver.remote.remote_connection::remote_connection.py:_request:383: Remote response: status=200 | data={"value":null} | headers=HTTPHeaderDict({'Content-Length': '14', 'Content-Type': 'application/json; charset=utf-8', 'cache-control': 'no-cache'})
DEBUG    2022-05-28 23:27:23 selenium.webdriver.remote.remote_connection::remote_connection.py:_request:412: Finished Request
DEBUG    2022-05-28 23:27:24 selenium.webdriver.remote.remote_connection::remote_connection.py:_request:361: POST http://localhost:10556/session/4e50ce4ebf75ab98d951a2116a124501/execute/sync {"script": "return document.body.scrollHeight", "args": []}
DEBUG    2022-05-28 23:27:24 urllib3.connectionpool::connectionpool.py:_make_request:456: http://localhost:10556 "POST /session/4e50ce4ebf75ab98d951a2116a124501/execute/sync HTTP/1.1" 200 15
DEBUG    2022-05-28 23:27:24 selenium.webdriver.remote.remote_connection::remote_connection.py:_request:383: Remote response: status=200 | data={"value":82324} | headers=HTTPHeaderDict({'Content-Length': '15', 'Content-Type': 'application/json; charset=utf-8', 'cache-control': 'no-cache'})
DEBUG    2022-05-28 23:27:24 selenium.webdriver.remote.remote_connection::remote_connection.py:_request:412: Finished Request
DEBUG    2022-05-28 23:27:24 selenium.webdriver.remote.remote_connection::remote_connection.py:_request:361: POST http://localhost:10556/session/4e50ce4ebf75ab98d951a2116a124501/execute/sync {"script": "window.scrollTo(78784, 82324)", "args": []}
DEBUG    2022-05-28 23:27:24 urllib3.connectionpool::connectionpool.py:_make_request:456: http://localhost:10556 "POST /session/4e50ce4ebf75ab98d951a2116a124501/execute/sync HTTP/1.1" 200 14
DEBUG    2022-05-28 23:27:24 selenium.webdriver.remote.remote_connection::remote_connection.py:_request:383: Remote response: status=200 | data={"value":null} | headers=HTTPHeaderDict({'Content-Length': '14', 'Content-Type': 'application/json; charset=utf-8', 'cache-control': 'no-cache'})
DEBUG    2022-05-28 23:27:24 selenium.webdriver.remote.remote_connection::remote_connection.py:_request:412: Finished Request
DEBUG    2022-05-28 23:27:25 selenium.webdriver.remote.remote_connection::remote_connection.py:_request:361: POST http://localhost:10556/session/4e50ce4ebf75ab98d951a2116a124501/execute/sync {"script": "return document.body.scrollHeight", "args": []}
DEBUG    2022-05-28 23:27:25 urllib3.connectionpool::connectionpool.py:_make_request:456: http://localhost:10556 "POST /session/4e50ce4ebf75ab98d951a2116a124501/execute/sync HTTP/1.1" 200 15
DEBUG    2022-05-28 23:27:25 selenium.webdriver.remote.remote_connection::remote_connection.py:_request:383: Remote response: status=200 | data={"value":85864} | headers=HTTPHeaderDict({'Content-Length': '15', 'Content-Type': 'application/json; charset=utf-8', 'cache-control': 'no-cache'})
DEBUG    2022-05-28 23:27:25 selenium.webdriver.remote.remote_connection::remote_connection.py:_request:412: Finished Request
DEBUG    2022-05-28 23:27:25 selenium.webdriver.remote.remote_connection::remote_connection.py:_request:361: POST http://localhost:10556/session/4e50ce4ebf75ab98d951a2116a124501/execute/sync {"script": "window.scrollTo(82324, 85864)", "args": []}
DEBUG    2022-05-28 23:27:25 urllib3.connectionpool::connectionpool.py:_make_request:456: http://localhost:10556 "POST /session/4e50ce4ebf75ab98d951a2116a124501/execute/sync HTTP/1.1" 200 14
DEBUG    2022-05-28 23:27:25 selenium.webdriver.remote.remote_connection::remote_connection.py:_request:383: Remote response: status=200 | data={"value":null} | headers=HTTPHeaderDict({'Content-Length': '14', 'Content-Type': 'application/json; charset=utf-8', 'cache-control': 'no-cache'})
DEBUG    2022-05-28 23:27:25 selenium.webdriver.remote.remote_connection::remote_connection.py:_request:412: Finished Request
DEBUG    2022-05-28 23:27:26 selenium.webdriver.remote.remote_connection::remote_connection.py:_request:361: POST http://localhost:10556/session/4e50ce4ebf75ab98d951a2116a124501/execute/sync {"script": "return document.body.scrollHeight", "args": []}
DEBUG    2022-05-28 23:27:26 urllib3.connectionpool::connectionpool.py:_make_request:456: http://localhost:10556 "POST /session/4e50ce4ebf75ab98d951a2116a124501/execute/sync HTTP/1.1" 200 15
DEBUG    2022-05-28 23:27:26 selenium.webdriver.remote.remote_connection::remote_connection.py:_request:383: Remote response: status=200 | data={"value":89404} | headers=HTTPHeaderDict({'Content-Length': '15', 'Content-Type': 'application/json; charset=utf-8', 'cache-control': 'no-cache'})
DEBUG    2022-05-28 23:27:26 selenium.webdriver.remote.remote_connection::remote_connection.py:_request:412: Finished Request
DEBUG    2022-05-28 23:27:26 selenium.webdriver.remote.remote_connection::remote_connection.py:_request:361: POST http://localhost:10556/session/4e50ce4ebf75ab98d951a2116a124501/execute/sync {"script": "window.scrollTo(85864, 89404)", "args": []}
DEBUG    2022-05-28 23:27:26 urllib3.connectionpool::connectionpool.py:_make_request:456: http://localhost:10556 "POST /session/4e50ce4ebf75ab98d951a2116a124501/execute/sync HTTP/1.1" 200 14
DEBUG    2022-05-28 23:27:26 selenium.webdriver.remote.remote_connection::remote_connection.py:_request:383: Remote response: status=200 | data={"value":null} | headers=HTTPHeaderDict({'Content-Length': '14', 'Content-Type': 'application/json; charset=utf-8', 'cache-control': 'no-cache'})
DEBUG    2022-05-28 23:27:26 selenium.webdriver.remote.remote_connection::remote_connection.py:_request:412: Finished Request
DEBUG    2022-05-28 23:27:27 selenium.webdriver.remote.remote_connection::remote_connection.py:_request:361: POST http://localhost:10556/session/4e50ce4ebf75ab98d951a2116a124501/execute/sync {"script": "return document.body.scrollHeight", "args": []}
DEBUG    2022-05-28 23:27:27 urllib3.connectionpool::connectionpool.py:_make_request:456: http://localhost:10556 "POST /session/4e50ce4ebf75ab98d951a2116a124501/execute/sync HTTP/1.1" 200 15
DEBUG    2022-05-28 23:27:27 selenium.webdriver.remote.remote_connection::remote_connection.py:_request:383: Remote response: status=200 | data={"value":92944} | headers=HTTPHeaderDict({'Content-Length': '15', 'Content-Type': 'application/json; charset=utf-8', 'cache-control': 'no-cache'})
DEBUG    2022-05-28 23:27:27 selenium.webdriver.remote.remote_connection::remote_connection.py:_request:412: Finished Request
DEBUG    2022-05-28 23:27:27 selenium.webdriver.remote.remote_connection::remote_connection.py:_request:361: POST http://localhost:10556/session/4e50ce4ebf75ab98d951a2116a124501/execute/sync {"script": "window.scrollTo(89404, 92944)", "args": []}
DEBUG    2022-05-28 23:27:27 urllib3.connectionpool::connectionpool.py:_make_request:456: http://localhost:10556 "POST /session/4e50ce4ebf75ab98d951a2116a124501/execute/sync HTTP/1.1" 200 14
DEBUG    2022-05-28 23:27:27 selenium.webdriver.remote.remote_connection::remote_connection.py:_request:383: Remote response: status=200 | data={"value":null} | headers=HTTPHeaderDict({'Content-Length': '14', 'Content-Type': 'application/json; charset=utf-8', 'cache-control': 'no-cache'})
DEBUG    2022-05-28 23:27:27 selenium.webdriver.remote.remote_connection::remote_connection.py:_request:412: Finished Request
DEBUG    2022-05-28 23:27:28 selenium.webdriver.remote.remote_connection::remote_connection.py:_request:361: POST http://localhost:10556/session/4e50ce4ebf75ab98d951a2116a124501/execute/sync {"script": "return document.body.scrollHeight", "args": []}
DEBUG    2022-05-28 23:27:28 urllib3.connectionpool::connectionpool.py:_make_request:456: http://localhost:10556 "POST /session/4e50ce4ebf75ab98d951a2116a124501/execute/sync HTTP/1.1" 200 15
DEBUG    2022-05-28 23:27:28 selenium.webdriver.remote.remote_connection::remote_connection.py:_request:383: Remote response: status=200 | data={"value":96484} | headers=HTTPHeaderDict({'Content-Length': '15', 'Content-Type': 'application/json; charset=utf-8', 'cache-control': 'no-cache'})
DEBUG    2022-05-28 23:27:28 selenium.webdriver.remote.remote_connection::remote_connection.py:_request:412: Finished Request
DEBUG    2022-05-28 23:27:28 selenium.webdriver.remote.remote_connection::remote_connection.py:_request:361: POST http://localhost:10556/session/4e50ce4ebf75ab98d951a2116a124501/execute/sync {"script": "window.scrollTo(92944, 96484)", "args": []}
DEBUG    2022-05-28 23:27:28 urllib3.connectionpool::connectionpool.py:_make_request:456: http://localhost:10556 "POST /session/4e50ce4ebf75ab98d951a2116a124501/execute/sync HTTP/1.1" 200 14
DEBUG    2022-05-28 23:27:28 selenium.webdriver.remote.remote_connection::remote_connection.py:_request:383: Remote response: status=200 | data={"value":null} | headers=HTTPHeaderDict({'Content-Length': '14', 'Content-Type': 'application/json; charset=utf-8', 'cache-control': 'no-cache'})
DEBUG    2022-05-28 23:27:28 selenium.webdriver.remote.remote_connection::remote_connection.py:_request:412: Finished Request
DEBUG    2022-05-28 23:27:29 selenium.webdriver.remote.remote_connection::remote_connection.py:_request:361: POST http://localhost:10556/session/4e50ce4ebf75ab98d951a2116a124501/execute/sync {"script": "return document.body.scrollHeight", "args": []}
DEBUG    2022-05-28 23:27:29 urllib3.connectionpool::connectionpool.py:_make_request:456: http://localhost:10556 "POST /session/4e50ce4ebf75ab98d951a2116a124501/execute/sync HTTP/1.1" 200 16
DEBUG    2022-05-28 23:27:29 selenium.webdriver.remote.remote_connection::remote_connection.py:_request:383: Remote response: status=200 | data={"value":100024} | headers=HTTPHeaderDict({'Content-Length': '16', 'Content-Type': 'application/json; charset=utf-8', 'cache-control': 'no-cache'})
DEBUG    2022-05-28 23:27:29 selenium.webdriver.remote.remote_connection::remote_connection.py:_request:412: Finished Request
DEBUG    2022-05-28 23:27:29 selenium.webdriver.remote.remote_connection::remote_connection.py:_request:361: POST http://localhost:10556/session/4e50ce4ebf75ab98d951a2116a124501/execute/sync {"script": "window.scrollTo(96484, 100024)", "args": []}
DEBUG    2022-05-28 23:27:29 urllib3.connectionpool::connectionpool.py:_make_request:456: http://localhost:10556 "POST /session/4e50ce4ebf75ab98d951a2116a124501/execute/sync HTTP/1.1" 200 14
DEBUG    2022-05-28 23:27:29 selenium.webdriver.remote.remote_connection::remote_connection.py:_request:383: Remote response: status=200 | data={"value":null} | headers=HTTPHeaderDict({'Content-Length': '14', 'Content-Type': 'application/json; charset=utf-8', 'cache-control': 'no-cache'})
DEBUG    2022-05-28 23:27:29 selenium.webdriver.remote.remote_connection::remote_connection.py:_request:412: Finished Request
DEBUG    2022-05-28 23:27:30 selenium.webdriver.remote.remote_connection::remote_connection.py:_request:361: POST http://localhost:10556/session/4e50ce4ebf75ab98d951a2116a124501/execute/sync {"script": "return document.body.scrollHeight", "args": []}
DEBUG    2022-05-28 23:27:30 urllib3.connectionpool::connectionpool.py:_make_request:456: http://localhost:10556 "POST /session/4e50ce4ebf75ab98d951a2116a124501/execute/sync HTTP/1.1" 200 16
DEBUG    2022-05-28 23:27:30 selenium.webdriver.remote.remote_connection::remote_connection.py:_request:383: Remote response: status=200 | data={"value":103564} | headers=HTTPHeaderDict({'Content-Length': '16', 'Content-Type': 'application/json; charset=utf-8', 'cache-control': 'no-cache'})
DEBUG    2022-05-28 23:27:30 selenium.webdriver.remote.remote_connection::remote_connection.py:_request:412: Finished Request
DEBUG    2022-05-28 23:27:30 selenium.webdriver.remote.remote_connection::remote_connection.py:_request:361: POST http://localhost:10556/session/4e50ce4ebf75ab98d951a2116a124501/execute/sync {"script": "window.scrollTo(100024, 103564)", "args": []}
DEBUG    2022-05-28 23:27:30 urllib3.connectionpool::connectionpool.py:_make_request:456: http://localhost:10556 "POST /session/4e50ce4ebf75ab98d951a2116a124501/execute/sync HTTP/1.1" 200 14
DEBUG    2022-05-28 23:27:30 selenium.webdriver.remote.remote_connection::remote_connection.py:_request:383: Remote response: status=200 | data={"value":null} | headers=HTTPHeaderDict({'Content-Length': '14', 'Content-Type': 'application/json; charset=utf-8', 'cache-control': 'no-cache'})
DEBUG    2022-05-28 23:27:30 selenium.webdriver.remote.remote_connection::remote_connection.py:_request:412: Finished Request
DEBUG    2022-05-28 23:27:31 selenium.webdriver.remote.remote_connection::remote_connection.py:_request:361: POST http://localhost:10556/session/4e50ce4ebf75ab98d951a2116a124501/execute/sync {"script": "return document.body.scrollHeight", "args": []}
DEBUG    2022-05-28 23:27:31 urllib3.connectionpool::connectionpool.py:_make_request:456: http://localhost:10556 "POST /session/4e50ce4ebf75ab98d951a2116a124501/execute/sync HTTP/1.1" 200 16
DEBUG    2022-05-28 23:27:31 selenium.webdriver.remote.remote_connection::remote_connection.py:_request:383: Remote response: status=200 | data={"value":107104} | headers=HTTPHeaderDict({'Content-Length': '16', 'Content-Type': 'application/json; charset=utf-8', 'cache-control': 'no-cache'})
DEBUG    2022-05-28 23:27:31 selenium.webdriver.remote.remote_connection::remote_connection.py:_request:412: Finished Request
DEBUG    2022-05-28 23:27:31 selenium.webdriver.remote.remote_connection::remote_connection.py:_request:361: POST http://localhost:10556/session/4e50ce4ebf75ab98d951a2116a124501/execute/sync {"script": "window.scrollTo(103564, 107104)", "args": []}
DEBUG    2022-05-28 23:27:31 urllib3.connectionpool::connectionpool.py:_make_request:456: http://localhost:10556 "POST /session/4e50ce4ebf75ab98d951a2116a124501/execute/sync HTTP/1.1" 200 14
DEBUG    2022-05-28 23:27:31 selenium.webdriver.remote.remote_connection::remote_connection.py:_request:383: Remote response: status=200 | data={"value":null} | headers=HTTPHeaderDict({'Content-Length': '14', 'Content-Type': 'application/json; charset=utf-8', 'cache-control': 'no-cache'})
DEBUG    2022-05-28 23:27:31 selenium.webdriver.remote.remote_connection::remote_connection.py:_request:412: Finished Request
DEBUG    2022-05-28 23:27:32 selenium.webdriver.remote.remote_connection::remote_connection.py:_request:361: POST http://localhost:10556/session/4e50ce4ebf75ab98d951a2116a124501/execute/sync {"script": "return document.body.scrollHeight", "args": []}
DEBUG    2022-05-28 23:27:32 urllib3.connectionpool::connectionpool.py:_make_request:456: http://localhost:10556 "POST /session/4e50ce4ebf75ab98d951a2116a124501/execute/sync HTTP/1.1" 200 16
DEBUG    2022-05-28 23:27:32 selenium.webdriver.remote.remote_connection::remote_connection.py:_request:383: Remote response: status=200 | data={"value":110644} | headers=HTTPHeaderDict({'Content-Length': '16', 'Content-Type': 'application/json; charset=utf-8', 'cache-control': 'no-cache'})
DEBUG    2022-05-28 23:27:32 selenium.webdriver.remote.remote_connection::remote_connection.py:_request:412: Finished Request
DEBUG    2022-05-28 23:27:32 selenium.webdriver.remote.remote_connection::remote_connection.py:_request:361: POST http://localhost:10556/session/4e50ce4ebf75ab98d951a2116a124501/execute/sync {"script": "window.scrollTo(107104, 110644)", "args": []}
DEBUG    2022-05-28 23:27:32 urllib3.connectionpool::connectionpool.py:_make_request:456: http://localhost:10556 "POST /session/4e50ce4ebf75ab98d951a2116a124501/execute/sync HTTP/1.1" 200 14
DEBUG    2022-05-28 23:27:32 selenium.webdriver.remote.remote_connection::remote_connection.py:_request:383: Remote response: status=200 | data={"value":null} | headers=HTTPHeaderDict({'Content-Length': '14', 'Content-Type': 'application/json; charset=utf-8', 'cache-control': 'no-cache'})
DEBUG    2022-05-28 23:27:32 selenium.webdriver.remote.remote_connection::remote_connection.py:_request:412: Finished Request
DEBUG    2022-05-28 23:27:33 selenium.webdriver.remote.remote_connection::remote_connection.py:_request:361: POST http://localhost:10556/session/4e50ce4ebf75ab98d951a2116a124501/execute/sync {"script": "return document.body.scrollHeight", "args": []}
DEBUG    2022-05-28 23:27:33 urllib3.connectionpool::connectionpool.py:_make_request:456: http://localhost:10556 "POST /session/4e50ce4ebf75ab98d951a2116a124501/execute/sync HTTP/1.1" 200 16
DEBUG    2022-05-28 23:27:33 selenium.webdriver.remote.remote_connection::remote_connection.py:_request:383: Remote response: status=200 | data={"value":114184} | headers=HTTPHeaderDict({'Content-Length': '16', 'Content-Type': 'application/json; charset=utf-8', 'cache-control': 'no-cache'})
DEBUG    2022-05-28 23:27:33 selenium.webdriver.remote.remote_connection::remote_connection.py:_request:412: Finished Request
DEBUG    2022-05-28 23:27:33 selenium.webdriver.remote.remote_connection::remote_connection.py:_request:361: POST http://localhost:10556/session/4e50ce4ebf75ab98d951a2116a124501/execute/sync {"script": "window.scrollTo(110644, 114184)", "args": []}
DEBUG    2022-05-28 23:27:33 urllib3.connectionpool::connectionpool.py:_make_request:456: http://localhost:10556 "POST /session/4e50ce4ebf75ab98d951a2116a124501/execute/sync HTTP/1.1" 200 14
DEBUG    2022-05-28 23:27:33 selenium.webdriver.remote.remote_connection::remote_connection.py:_request:383: Remote response: status=200 | data={"value":null} | headers=HTTPHeaderDict({'Content-Length': '14', 'Content-Type': 'application/json; charset=utf-8', 'cache-control': 'no-cache'})
DEBUG    2022-05-28 23:27:33 selenium.webdriver.remote.remote_connection::remote_connection.py:_request:412: Finished Request
DEBUG    2022-05-28 23:27:34 selenium.webdriver.remote.remote_connection::remote_connection.py:_request:361: POST http://localhost:10556/session/4e50ce4ebf75ab98d951a2116a124501/execute/sync {"script": "return document.body.scrollHeight", "args": []}
DEBUG    2022-05-28 23:27:34 urllib3.connectionpool::connectionpool.py:_make_request:456: http://localhost:10556 "POST /session/4e50ce4ebf75ab98d951a2116a124501/execute/sync HTTP/1.1" 200 16
DEBUG    2022-05-28 23:27:34 selenium.webdriver.remote.remote_connection::remote_connection.py:_request:383: Remote response: status=200 | data={"value":117724} | headers=HTTPHeaderDict({'Content-Length': '16', 'Content-Type': 'application/json; charset=utf-8', 'cache-control': 'no-cache'})
DEBUG    2022-05-28 23:27:34 selenium.webdriver.remote.remote_connection::remote_connection.py:_request:412: Finished Request
DEBUG    2022-05-28 23:27:34 selenium.webdriver.remote.remote_connection::remote_connection.py:_request:361: POST http://localhost:10556/session/4e50ce4ebf75ab98d951a2116a124501/execute/sync {"script": "window.scrollTo(114184, 117724)", "args": []}
DEBUG    2022-05-28 23:27:34 urllib3.connectionpool::connectionpool.py:_make_request:456: http://localhost:10556 "POST /session/4e50ce4ebf75ab98d951a2116a124501/execute/sync HTTP/1.1" 200 14
DEBUG    2022-05-28 23:27:34 selenium.webdriver.remote.remote_connection::remote_connection.py:_request:383: Remote response: status=200 | data={"value":null} | headers=HTTPHeaderDict({'Content-Length': '14', 'Content-Type': 'application/json; charset=utf-8', 'cache-control': 'no-cache'})
DEBUG    2022-05-28 23:27:34 selenium.webdriver.remote.remote_connection::remote_connection.py:_request:412: Finished Request
DEBUG    2022-05-28 23:27:35 selenium.webdriver.remote.remote_connection::remote_connection.py:_request:361: POST http://localhost:10556/session/4e50ce4ebf75ab98d951a2116a124501/execute/sync {"script": "return document.body.scrollHeight", "args": []}
DEBUG    2022-05-28 23:27:35 urllib3.connectionpool::connectionpool.py:_make_request:456: http://localhost:10556 "POST /session/4e50ce4ebf75ab98d951a2116a124501/execute/sync HTTP/1.1" 200 16
DEBUG    2022-05-28 23:27:35 selenium.webdriver.remote.remote_connection::remote_connection.py:_request:383: Remote response: status=200 | data={"value":121264} | headers=HTTPHeaderDict({'Content-Length': '16', 'Content-Type': 'application/json; charset=utf-8', 'cache-control': 'no-cache'})
DEBUG    2022-05-28 23:27:35 selenium.webdriver.remote.remote_connection::remote_connection.py:_request:412: Finished Request
DEBUG    2022-05-28 23:27:35 selenium.webdriver.remote.remote_connection::remote_connection.py:_request:361: POST http://localhost:10556/session/4e50ce4ebf75ab98d951a2116a124501/execute/sync {"script": "window.scrollTo(117724, 121264)", "args": []}
DEBUG    2022-05-28 23:27:35 urllib3.connectionpool::connectionpool.py:_make_request:456: http://localhost:10556 "POST /session/4e50ce4ebf75ab98d951a2116a124501/execute/sync HTTP/1.1" 200 14
DEBUG    2022-05-28 23:27:35 selenium.webdriver.remote.remote_connection::remote_connection.py:_request:383: Remote response: status=200 | data={"value":null} | headers=HTTPHeaderDict({'Content-Length': '14', 'Content-Type': 'application/json; charset=utf-8', 'cache-control': 'no-cache'})
DEBUG    2022-05-28 23:27:35 selenium.webdriver.remote.remote_connection::remote_connection.py:_request:412: Finished Request
DEBUG    2022-05-28 23:27:36 selenium.webdriver.remote.remote_connection::remote_connection.py:_request:361: POST http://localhost:10556/session/4e50ce4ebf75ab98d951a2116a124501/execute/sync {"script": "return document.body.scrollHeight", "args": []}
DEBUG    2022-05-28 23:27:36 urllib3.connectionpool::connectionpool.py:_make_request:456: http://localhost:10556 "POST /session/4e50ce4ebf75ab98d951a2116a124501/execute/sync HTTP/1.1" 200 16
DEBUG    2022-05-28 23:27:36 selenium.webdriver.remote.remote_connection::remote_connection.py:_request:383: Remote response: status=200 | data={"value":124804} | headers=HTTPHeaderDict({'Content-Length': '16', 'Content-Type': 'application/json; charset=utf-8', 'cache-control': 'no-cache'})
DEBUG    2022-05-28 23:27:36 selenium.webdriver.remote.remote_connection::remote_connection.py:_request:412: Finished Request
DEBUG    2022-05-28 23:27:36 selenium.webdriver.remote.remote_connection::remote_connection.py:_request:361: POST http://localhost:10556/session/4e50ce4ebf75ab98d951a2116a124501/execute/sync {"script": "window.scrollTo(121264, 124804)", "args": []}
DEBUG    2022-05-28 23:27:36 urllib3.connectionpool::connectionpool.py:_make_request:456: http://localhost:10556 "POST /session/4e50ce4ebf75ab98d951a2116a124501/execute/sync HTTP/1.1" 200 14
DEBUG    2022-05-28 23:27:36 selenium.webdriver.remote.remote_connection::remote_connection.py:_request:383: Remote response: status=200 | data={"value":null} | headers=HTTPHeaderDict({'Content-Length': '14', 'Content-Type': 'application/json; charset=utf-8', 'cache-control': 'no-cache'})
DEBUG    2022-05-28 23:27:36 selenium.webdriver.remote.remote_connection::remote_connection.py:_request:412: Finished Request
DEBUG    2022-05-28 23:27:37 selenium.webdriver.remote.remote_connection::remote_connection.py:_request:361: POST http://localhost:10556/session/4e50ce4ebf75ab98d951a2116a124501/execute/sync {"script": "return document.body.scrollHeight", "args": []}
DEBUG    2022-05-28 23:27:37 urllib3.connectionpool::connectionpool.py:_make_request:456: http://localhost:10556 "POST /session/4e50ce4ebf75ab98d951a2116a124501/execute/sync HTTP/1.1" 200 16
DEBUG    2022-05-28 23:27:37 selenium.webdriver.remote.remote_connection::remote_connection.py:_request:383: Remote response: status=200 | data={"value":128344} | headers=HTTPHeaderDict({'Content-Length': '16', 'Content-Type': 'application/json; charset=utf-8', 'cache-control': 'no-cache'})
DEBUG    2022-05-28 23:27:37 selenium.webdriver.remote.remote_connection::remote_connection.py:_request:412: Finished Request
DEBUG    2022-05-28 23:27:37 selenium.webdriver.remote.remote_connection::remote_connection.py:_request:361: POST http://localhost:10556/session/4e50ce4ebf75ab98d951a2116a124501/execute/sync {"script": "window.scrollTo(124804, 128344)", "args": []}
DEBUG    2022-05-28 23:27:37 urllib3.connectionpool::connectionpool.py:_make_request:456: http://localhost:10556 "POST /session/4e50ce4ebf75ab98d951a2116a124501/execute/sync HTTP/1.1" 200 14
DEBUG    2022-05-28 23:27:37 selenium.webdriver.remote.remote_connection::remote_connection.py:_request:383: Remote response: status=200 | data={"value":null} | headers=HTTPHeaderDict({'Content-Length': '14', 'Content-Type': 'application/json; charset=utf-8', 'cache-control': 'no-cache'})
DEBUG    2022-05-28 23:27:37 selenium.webdriver.remote.remote_connection::remote_connection.py:_request:412: Finished Request
DEBUG    2022-05-28 23:27:38 selenium.webdriver.remote.remote_connection::remote_connection.py:_request:361: POST http://localhost:10556/session/4e50ce4ebf75ab98d951a2116a124501/execute/sync {"script": "return document.body.scrollHeight", "args": []}
DEBUG    2022-05-28 23:27:38 urllib3.connectionpool::connectionpool.py:_make_request:456: http://localhost:10556 "POST /session/4e50ce4ebf75ab98d951a2116a124501/execute/sync HTTP/1.1" 200 16
DEBUG    2022-05-28 23:27:38 selenium.webdriver.remote.remote_connection::remote_connection.py:_request:383: Remote response: status=200 | data={"value":131884} | headers=HTTPHeaderDict({'Content-Length': '16', 'Content-Type': 'application/json; charset=utf-8', 'cache-control': 'no-cache'})
DEBUG    2022-05-28 23:27:38 selenium.webdriver.remote.remote_connection::remote_connection.py:_request:412: Finished Request
DEBUG    2022-05-28 23:27:38 selenium.webdriver.remote.remote_connection::remote_connection.py:_request:361: POST http://localhost:10556/session/4e50ce4ebf75ab98d951a2116a124501/execute/sync {"script": "window.scrollTo(128344, 131884)", "args": []}
DEBUG    2022-05-28 23:27:38 urllib3.connectionpool::connectionpool.py:_make_request:456: http://localhost:10556 "POST /session/4e50ce4ebf75ab98d951a2116a124501/execute/sync HTTP/1.1" 200 14
DEBUG    2022-05-28 23:27:38 selenium.webdriver.remote.remote_connection::remote_connection.py:_request:383: Remote response: status=200 | data={"value":null} | headers=HTTPHeaderDict({'Content-Length': '14', 'Content-Type': 'application/json; charset=utf-8', 'cache-control': 'no-cache'})
DEBUG    2022-05-28 23:27:38 selenium.webdriver.remote.remote_connection::remote_connection.py:_request:412: Finished Request
DEBUG    2022-05-28 23:27:39 selenium.webdriver.remote.remote_connection::remote_connection.py:_request:361: POST http://localhost:10556/session/4e50ce4ebf75ab98d951a2116a124501/execute/sync {"script": "return document.body.scrollHeight", "args": []}
DEBUG    2022-05-28 23:27:39 urllib3.connectionpool::connectionpool.py:_make_request:456: http://localhost:10556 "POST /session/4e50ce4ebf75ab98d951a2116a124501/execute/sync HTTP/1.1" 200 16
DEBUG    2022-05-28 23:27:39 selenium.webdriver.remote.remote_connection::remote_connection.py:_request:383: Remote response: status=200 | data={"value":135424} | headers=HTTPHeaderDict({'Content-Length': '16', 'Content-Type': 'application/json; charset=utf-8', 'cache-control': 'no-cache'})
DEBUG    2022-05-28 23:27:39 selenium.webdriver.remote.remote_connection::remote_connection.py:_request:412: Finished Request
DEBUG    2022-05-28 23:27:39 selenium.webdriver.remote.remote_connection::remote_connection.py:_request:361: POST http://localhost:10556/session/4e50ce4ebf75ab98d951a2116a124501/execute/sync {"script": "window.scrollTo(131884, 135424)", "args": []}
DEBUG    2022-05-28 23:27:39 urllib3.connectionpool::connectionpool.py:_make_request:456: http://localhost:10556 "POST /session/4e50ce4ebf75ab98d951a2116a124501/execute/sync HTTP/1.1" 200 14
DEBUG    2022-05-28 23:27:39 selenium.webdriver.remote.remote_connection::remote_connection.py:_request:383: Remote response: status=200 | data={"value":null} | headers=HTTPHeaderDict({'Content-Length': '14', 'Content-Type': 'application/json; charset=utf-8', 'cache-control': 'no-cache'})
DEBUG    2022-05-28 23:27:39 selenium.webdriver.remote.remote_connection::remote_connection.py:_request:412: Finished Request
DEBUG    2022-05-28 23:27:40 selenium.webdriver.remote.remote_connection::remote_connection.py:_request:361: POST http://localhost:10556/session/4e50ce4ebf75ab98d951a2116a124501/execute/sync {"script": "return document.body.scrollHeight", "args": []}
DEBUG    2022-05-28 23:27:40 urllib3.connectionpool::connectionpool.py:_make_request:456: http://localhost:10556 "POST /session/4e50ce4ebf75ab98d951a2116a124501/execute/sync HTTP/1.1" 200 16
DEBUG    2022-05-28 23:27:40 selenium.webdriver.remote.remote_connection::remote_connection.py:_request:383: Remote response: status=200 | data={"value":136250} | headers=HTTPHeaderDict({'Content-Length': '16', 'Content-Type': 'application/json; charset=utf-8', 'cache-control': 'no-cache'})
DEBUG    2022-05-28 23:27:40 selenium.webdriver.remote.remote_connection::remote_connection.py:_request:412: Finished Request
DEBUG    2022-05-28 23:27:40 selenium.webdriver.remote.remote_connection::remote_connection.py:_request:361: POST http://localhost:10556/session/4e50ce4ebf75ab98d951a2116a124501/execute/sync {"script": "window.scrollTo(135424, 136250)", "args": []}
DEBUG    2022-05-28 23:27:40 urllib3.connectionpool::connectionpool.py:_make_request:456: http://localhost:10556 "POST /session/4e50ce4ebf75ab98d951a2116a124501/execute/sync HTTP/1.1" 200 14
DEBUG    2022-05-28 23:27:40 selenium.webdriver.remote.remote_connection::remote_connection.py:_request:383: Remote response: status=200 | data={"value":null} | headers=HTTPHeaderDict({'Content-Length': '14', 'Content-Type': 'application/json; charset=utf-8', 'cache-control': 'no-cache'})
DEBUG    2022-05-28 23:27:40 selenium.webdriver.remote.remote_connection::remote_connection.py:_request:412: Finished Request
DEBUG    2022-05-28 23:27:41 selenium.webdriver.remote.remote_connection::remote_connection.py:_request:361: POST http://localhost:10556/session/4e50ce4ebf75ab98d951a2116a124501/execute/sync {"script": "return document.body.scrollHeight", "args": []}
DEBUG    2022-05-28 23:27:41 urllib3.connectionpool::connectionpool.py:_make_request:456: http://localhost:10556 "POST /session/4e50ce4ebf75ab98d951a2116a124501/execute/sync HTTP/1.1" 200 16
DEBUG    2022-05-28 23:27:41 selenium.webdriver.remote.remote_connection::remote_connection.py:_request:383: Remote response: status=200 | data={"value":136250} | headers=HTTPHeaderDict({'Content-Length': '16', 'Content-Type': 'application/json; charset=utf-8', 'cache-control': 'no-cache'})
DEBUG    2022-05-28 23:27:41 selenium.webdriver.remote.remote_connection::remote_connection.py:_request:412: Finished Request
DEBUG    2022-05-28 23:27:41 selenium.webdriver.remote.remote_connection::remote_connection.py:_request:361: POST http://localhost:10556/session/4e50ce4ebf75ab98d951a2116a124501/elements {"using": "xpath", "value": "//span[@class='ico-star1 ng-binding']"}
DEBUG    2022-05-28 23:27:41 urllib3.connectionpool::connectionpool.py:_make_request:456: http://localhost:10556 "POST /session/4e50ce4ebf75ab98d951a2116a124501/elements HTTP/1.1" 200 158011
DEBUG    2022-05-28 23:27:41 selenium.webdriver.remote.remote_connection::remote_connection.py:_request:383: Remote response: status=200 | data={"value":[{"element-6066-11e4-a52e-4f735466cecf":"4960faf9-5812-4398-8757-a72e4bad1e21"},{"element-6066-11e4-a52e-4f735466cecf":"c6565a00-9656-47f2-9fba-fdfd6f065711"},{"element-6066-11e4-a52e-4f735466cecf":"2f4d1767-4abd-4998-b223-846fd616c0c8"},{"element-6066-11e4-a52e-4f735466cecf":"f7ac151c-6556-43af-939c-09a69c4a74cf"},{"element-6066-11e4-a52e-4f735466cecf":"2b87ed8e-720c-47e3-853c-483e355db075"},{"element-6066-11e4-a52e-4f735466cecf":"848b19b9-3c06-42dc-b46d-195f49f5d045"},{"element-6066-11e4-a52e-4f735466cecf":"9edbf450-8aec-43eb-afc4-9974b849687e"},{"element-6066-11e4-a52e-4f735466cecf":"85f14a37-4639-4c29-a636-25ae1a17291e"},{"element-6066-11e4-a52e-4f735466cecf":"05750f96-5bc5-44e9-b822-e040a12b3d48"},{"element-6066-11e4-a52e-4f735466cecf":"31b11efe-c0e4-42bd-97b8-7a6c3642e045"},{"element-6066-11e4-a52e-4f735466cecf":"a7397852-13c0-4d99-a862-809850576e20"},{"element-6066-11e4-a52e-4f735466cecf":"dc27d1bc-4e43-4ac0-a651-2eea16fafef8"},{"element-6066-11e4-a52e-4f735466cecf":"444d37d0-be3e-45a9-97c1-a3a28a240e8f"},{"element-6066-11e4-a52e-4f735466cecf":"272aa038-2d0d-4536-ac8e-af39014f4eaa"},{"element-6066-11e4-a52e-4f735466cecf":"e367e860-92e3-4709-8fee-56e07c8ffbd1"},{"element-6066-11e4-a52e-4f735466cecf":"6b1218e9-3a82-4a71-a920-2d5cba484ed9"},{"element-6066-11e4-a52e-4f735466cecf":"d41d6057-33ba-449e-a805-3bc21d5b2b73"},{"element-6066-11e4-a52e-4f735466cecf":"4b34a227-caf0-4e85-94c9-8cab6b090e18"},{"element-6066-11e4-a52e-4f735466cecf":"f385d592-34bb-4546-b29d-adb4c46a267d"},{"element-6066-11e4-a52e-4f735466cecf":"2240e2fc-540e-4e28-9232-11294421533e"},{"element-6066-11e4-a52e-4f735466cecf":"615a19c4-2879-4228-9a94-04e36b744ce5"},{"element-6066-11e4-a52e-4f735466cecf":"b8fc89ce-f656-471d-a156-22e356bafa47"},{"element-6066-11e4-a52e-4f735466cecf":"f777eaa7-4883-4b91-afb4-0134490c48af"},{"element-6066-11e4-a52e-4f735466cecf":"92962417-f015-44f5-818f-34c3e094ba22"},{"element-6066-11e4-a52e-4f735466cecf":"c3edd9bb-d4a9-4c3b-a01c-a8e3ed8aec88"},{"element-6066-11e4-a52e-4f735466cecf":"3b55f335-f077-49f3-8a0e-faa7ca17de16"},{"element-6066-11e4-a52e-4f735466cecf":"75a1faaa-d0d1-4e69-8778-788c4f01978c"},{"element-6066-11e4-a52e-4f735466cecf":"0615b59f-9295-41a1-b194-0c21af4990a6"},{"element-6066-11e4-a52e-4f735466cecf":"df21bed0-3040-4ed8-95fb-bea5b5247d8c"},{"element-6066-11e4-a52e-4f735466cecf":"786d0b69-aec5-4a7f-8007-672f42c0a303"},{"element-6066-11e4-a52e-4f735466cecf":"9a7e09ea-b3dd-4a91-9af0-d6c1cbdd5be1"},{"element-6066-11e4-a52e-4f735466cecf":"e958b76f-97cb-4961-803d-f16aa3155325"},{"element-6066-11e4-a52e-4f735466cecf":"0601ae47-5507-41ba-a5f1-fefea46f6d78"},{"element-6066-11e4-a52e-4f735466cecf":"9bcf6c22-05d4-4dee-aa3b-af7b8e67d717"},{"element-6066-11e4-a52e-4f735466cecf":"88b74dd8-0b02-4f5f-b227-939d5add3c20"},{"element-6066-11e4-a52e-4f735466cecf":"f791184a-174d-4e47-942f-5404be6435d6"},{"element-6066-11e4-a52e-4f735466cecf":"789532b1-3363-44a8-bf1b-399aa14fa3b9"},{"element-6066-11e4-a52e-4f735466cecf":"1a86567e-69bb-47cb-a198-b43355cda49b"},{"element-6066-11e4-a52e-4f735466cecf":"a8581c9f-50a3-49fd-aa09-1714d9e54060"},{"element-6066-11e4-a52e-4f735466cecf":"e12412e9-9b99-4b86-a3ac-2ba62bac2335"},{"element-6066-11e4-a52e-4f735466cecf":"8812550e-e601-4ea5-a8bf-c6dfe7e73cf6"},{"element-6066-11e4-a52e-4f735466cecf":"af7b2e39-ffe6-4290-a5d2-8fcf09b2b4f7"},{"element-6066-11e4-a52e-4f735466cecf":"c1eb38e4-9746-41c3-9f05-eb792e477b0a"},{"element-6066-11e4-a52e-4f735466cecf":"87f3a76d-2cf7-4789-8175-9b37d9729cbf"},{"element-6066-11e4-a52e-4f735466cecf":"95d32df0-8ee6-4fd6-87cc-61fba794d66b"},{"element-6066-11e4-a52e-4f735466cecf":"811f946d-fd50-47fd-9d26-4fc39d6963c9"},{"element-6066-11e4-a52e-4f735466cecf":"71c3f74f-6cf2-4199-8606-f126e805b358"},{"element-6066-11e4-a52e-4f735466cecf":"05513047-32ba-4cb9-87fb-b4f25439cba7"},{"element-6066-11e4-a52e-4f735466cecf":"ce25ad15-8de2-4b30-912e-7b1f3f3afc08"},{"element-6066-11e4-a52e-4f735466cecf":"69b621f3-909d-43fd-9fc6-991a2055519c"},{"element-6066-11e4-a52e-4f735466cecf":"4472332a-beec-42cb-a27e-c5dc6d50392f"},{"element-6066-11e4-a52e-4f735466cecf":"a598b1b8-c2a0-496a-a696-77840ed30efb"},{"element-6066-11e4-a52e-4f735466cecf":"8935deb3-ca50-46f2-a31b-67ac348b7b7c"},{"element-6066-11e4-a52e-4f735466cecf":"8b557aae-6670-41ce-9b31-838cc88d7158"},{"element-6066-11e4-a52e-4f735466cecf":"84a696ce-32b4-4678-9be7-baff16cdbf48"},{"element-6066-11e4-a52e-4f735466cecf":"71e64756-2751-46d2-b6b7-50a526841d6a"},{"element-6066-11e4-a52e-4f735466cecf":"77d499be-839d-4271-baf4-651ebf3a07a6"},{"element-6066-11e4-a52e-4f735466cecf":"013e6764-7f53-4e18-b151-93d020677114"},{"element-6066-11e4-a52e-4f735466cecf":"866efe4d-3f64-4efe-96d2-4baf10fe9b22"},{"element-6066-11e4-a52e-4f735466cecf":"813d5d7c-97b0-49cd-9247-910412ed8437"},{"element-6066-11e4-a52e-4f735466cecf":"26c72dd9-df3e-4419-911c-11a2c1b627af"},{"element-6066-11e4-a52e-4f735466cecf":"2195f3ba-e8c1-4c3e-bab6-4e76bf02b7ed"},{"element-6066-11e4-a52e-4f735466cecf":"4d25763e-bc7b-4f98-956a-e24a68d34f73"},{"element-6066-11e4-a52e-4f735466cecf":"1507447e-27a6-4d9b-a9e3-9b507975bbfd"},{"element-6066-11e4-a52e-4f735466cecf":"82f4621e-c6d7-41eb-ab5c-89f940a23796"},{"element-6066-11e4-a52e-4f735466cecf":"a20946d1-a60b-46a7-9d70-c00dd20f5caf"},{"element-6066-11e4-a52e-4f735466cecf":"6d735c0e-d7a1-4f88-aff9-3f1e9e8e44ee"},{"element-6066-11e4-a52e-4f735466cecf":"5d8f4a8e-29a8-4882-a027-e7d657846060"},{"element-6066-11e4-a52e-4f735466cecf":"c545bf0e-23d3-4bdd-9d9e-1da9aaa9b0da"},{"element-6066-11e4-a52e-4f735466cecf":"4b6fd6a5-06ea-41a9-8fe5-b4f1fa468fba"},{"element-6066-11e4-a52e-4f735466cecf":"e176accd-c417-4f98-8696-dea0ce3e5e58"},{"element-6066-11e4-a52e-4f735466cecf":"366c120d-5265-42e1-abf4-2917b0c5fe98"},{"element-6066-11e4-a52e-4f735466cecf":"f0e28010-e832-4a14-9ab6-22f0b8edb220"},{"element-6066-11e4-a52e-4f735466cecf":"0afb07d3-d280-4325-be3a-69bab72b1d5f"},{"element-6066-11e4-a52e-4f735466cecf":"8aa5e204-6931-4ae8-901f-fdde24b16285"},{"element-6066-11e4-a52e-4f735466cecf":"b474a925-a281-4a04-8ebc-28a0b92346d7"},{"element-6066-11e4-a52e-4f735466cecf":"f1cb0889-3a75-46ee-9c88-3879378a06e6"},{"element-6066-11e4-a52e-4f735466cecf":"a61ac366-0218-4734-a27c-b46b6e302005"},{"element-6066-11e4-a52e-4f735466cecf":"5e18e1d9-e84d-4ffc-a5cc-da5fe3dc0994"},{"element-6066-11e4-a52e-4f735466cecf":"0c3a1d62-686a-4cc3-97bd-fe91f468b969"},{"element-6066-11e4-a52e-4f735466cecf":"0c31684f-3e3b-4a8d-8f9f-3317a3e9d1a5"},{"element-6066-11e4-a52e-4f735466cecf":"81052b94-8606-44e1-83c1-45ac45239b3b"},{"element-6066-11e4-a52e-4f735466cecf":"7471d873-af21-4b24-a9cc-d5c56e98fb03"},{"element-6066-11e4-a52e-4f735466cecf":"ba737c58-cfa4-4f9e-add6-26c46be9fc25"},{"element-6066-11e4-a52e-4f735466cecf":"734d6ea2-a316-45b4-839b-7d0197aaf9cd"},{"element-6066-11e4-a52e-4f735466cecf":"a583a359-c707-47be-bd6f-0e8af3c6427f"},{"element-6066-11e4-a52e-4f735466cecf":"4c22c81a-25b1-4ea9-8c2c-26f165964785"},{"element-6066-11e4-a52e-4f735466cecf":"1d0612c3-4aef-4d78-8980-857208d62daf"},{"element-6066-11e4-a52e-4f735466cecf":"a061f941-2df2-4a80-84e9-19c4e9ef77a0"},{"element-6066-11e4-a52e-4f735466cecf":"1593435e-4fec-402a-b334-363611c58424"},{"element-6066-11e4-a52e-4f735466cecf":"87d7e90c-6f19-4590-806a-2078b26ef7b5"},{"element-6066-11e4-a52e-4f735466cecf":"c87f7599-4f62-4de1-9e9a-26ff9a5a84b3"},{"element-6066-11e4-a52e-4f735466cecf":"a8c467ea-c5ce-4775-a674-4302094e4015"},{"element-6066-11e4-a52e-4f735466cecf":"e394aaeb-fd8f-4122-9609-3573152ee9f2"},{"element-6066-11e4-a52e-4f735466cecf":"99166299-43a8-4d41-89cb-76ccbb2b881b"},{"element-6066-11e4-a52e-4f735466cecf":"8c5a7841-e9e5-46b8-be2b-ee05feab715c"},{"element-6066-11e4-a52e-4f735466cecf":"c2750429-cb08-4fcb-b0ed-bcfa3e8ceb3f"},{"element-6066-11e4-a52e-4f735466cecf":"9db2be29-5490-4ad4-93a9-73b354915225"},{"element-6066-11e4-a52e-4f735466cecf":"2c1a338c-8548-4ee1-9471-6b4b71346e12"},{"element-6066-11e4-a52e-4f735466cecf":"6cd6b337-9218-4a12-9a46-e7e58247b4c2"},{"element-6066-11e4-a52e-4f735466cecf":"2e615f61-218b-44ac-b157-6dfac3289f6f"},{"element-6066-11e4-a52e-4f735466cecf":"ba10d5ef-4b71-43db-9dd8-bdb9a3167380"},{"element-6066-11e4-a52e-4f735466cecf":"3054b617-ba12-4a93-ae3c-d2f003ace760"},{"element-6066-11e4-a52e-4f735466cecf":"e159cfed-e04b-4234-a647-b54452129935"},{"element-6066-11e4-a52e-4f735466cecf":"2f555602-f99d-4b04-b1ba-f37cc10eb159"},{"element-6066-11e4-a52e-4f735466cecf":"a0523ec3-2708-4925-a653-1ff7986d7da5"},{"element-6066-11e4-a52e-4f735466cecf":"5858f439-8ee4-4c04-b694-6e26846e61dc"},{"element-6066-11e4-a52e-4f735466cecf":"29add1f3-2258-411d-b8c5-3e23c33f0d12"},{"element-6066-11e4-a52e-4f735466cecf":"7ae005b2-c091-4b8b-9de3-6c781bc7b723"},{"element-6066-11e4-a52e-4f735466cecf":"dcc5ccaf-a4e6-4892-b527-63bf3cd21eae"},{"element-6066-11e4-a52e-4f735466cecf":"5b4a48c8-2cb6-4108-a317-777a42ba654c"},{"element-6066-11e4-a52e-4f735466cecf":"a57aa588-0ebe-4418-a75d-869d8789e334"},{"element-6066-11e4-a52e-4f735466cecf":"b7c8161f-b7aa-4d7d-8f85-146142c73b09"},{"element-6066-11e4-a52e-4f735466cecf":"da111bce-e679-4e36-a537-4eacba6ab0bb"},{"element-6066-11e4-a52e-4f735466cecf":"25eb143c-8bf5-4550-9998-5b338ab8b85a"},{"element-6066-11e4-a52e-4f735466cecf":"436636b7-a343-47a4-a2c7-a0e9a5d9c3da"},{"element-6066-11e4-a52e-4f735466cecf":"d75872c6-4887-4ab2-a913-b643e29fdd65"},{"element-6066-11e4-a52e-4f735466cecf":"8acd597c-674e-4299-bd61-421beccc251f"},{"element-6066-11e4-a52e-4f735466cecf":"79757b09-a0ef-4bb7-b437-c805d7fd97d1"},{"element-6066-11e4-a52e-4f735466cecf":"93163a0d-4368-4078-bb64-9acd6ffba59c"},{"element-6066-11e4-a52e-4f735466cecf":"d8ef6368-b678-44fe-97d2-2a0dfe9deb75"},{"element-6066-11e4-a52e-4f735466cecf":"81d0bdf1-47b3-4074-87ea-cf51eee93272"},{"element-6066-11e4-a52e-4f735466cecf":"da6344d9-6e16-466e-94dd-411a88c30580"},{"element-6066-11e4-a52e-4f735466cecf":"e8fc25b9-2bfe-49c1-aecf-f2dda9a32982"},{"element-6066-11e4-a52e-4f735466cecf":"2ac79a22-c566-43ac-b728-a8f61f6055cb"},{"element-6066-11e4-a52e-4f735466cecf":"1a0aa3a9-ffac-4586-a8eb-605e2732df95"},{"element-6066-11e4-a52e-4f735466cecf":"3aa6e92b-1096-4ae7-b99d-c790c1815fc4"},{"element-6066-11e4-a52e-4f735466cecf":"6e1d8c62-8fc5-44a4-9f00-d345f87aea87"},{"element-6066-11e4-a52e-4f735466cecf":"3ce3512c-316f-4b4e-99c3-c98e8074711b"},{"element-6066-11e4-a52e-4f735466cecf":"272b1c26-f80a-49e7-96d0-db97727620c1"},{"element-6066-11e4-a52e-4f735466cecf":"3d5c774b-2821-4473-a2aa-c62a8b5a1e84"},{"element-6066-11e4-a52e-4f735466cecf":"10e4c9a2-7428-40e4-86e8-12f6bea08479"},{"element-6066-11e4-a52e-4f735466cecf":"3f15e687-d5bc-4cc1-9cd6-9b8c32bab655"},{"element-6066-11e4-a52e-4f735466cecf":"31c5d43f-afc0-44d3-af83-56c00f4f8dc5"},{"element-6066-11e4-a52e-4f735466cecf":"872fb72c-c94c-4704-af1e-83981f29b15b"},{"element-6066-11e4-a52e-4f735466cecf":"0f3fbf87-91f6-4057-8bac-4de43ea01d3d"},{"element-6066-11e4-a52e-4f735466cecf":"99a0ba07-cef7-41eb-a8cd-7cffab0fb6b0"},{"element-6066-11e4-a52e-4f735466cecf":"f68667c7-41ba-4d12-91d3-d386d5444f08"},{"element-6066-11e4-a52e-4f735466cecf":"5b9fe403-0f4c-4692-b04d-87011762bab8"},{"element-6066-11e4-a52e-4f735466cecf":"6dcbda62-22cb-4170-bd89-39b5c59f9bd1"},{"element-6066-11e4-a52e-4f735466cecf":"af41d1a2-2d98-47b4-86f9-a3e7ba1fe930"},{"element-6066-11e4-a52e-4f735466cecf":"344ba858-3f98-478b-af3a-59bc972b5349"},{"element-6066-11e4-a52e-4f735466cecf":"47761d25-f012-4aca-840a-7b72cf4798a0"},{"element-6066-11e4-a52e-4f735466cecf":"30430884-a553-4423-ab08-2116cb9ab971"},{"element-6066-11e4-a52e-4f735466cecf":"2241c3e2-1f22-4402-850d-3b1c218988ec"},{"element-6066-11e4-a52e-4f735466cecf":"e0d540b2-45c4-47e6-9a10-21e59509223d"},{"element-6066-11e4-a52e-4f735466cecf":"1b5dce67-2b12-42b5-8334-7875c64fec9a"},{"element-6066-11e4-a52e-4f735466cecf":"f4cf0962-2654-4da0-b2a7-85c2f49d6ff9"},{"element-6066-11e4-a52e-4f735466cecf":"7a8919bc-e80c-46e5-8b81-5b80c90897fe"},{"element-6066-11e4-a52e-4f735466cecf":"adc1ab90-0d72-4095-a26e-452b3a0b6d3e"},{"element-6066-11e4-a52e-4f735466cecf":"032d0818-f898-45ab-a0b3-35b0d7cf7448"},{"element-6066-11e4-a52e-4f735466cecf":"cb969cc4-79e8-433e-b001-fcfa90de3e0c"},{"element-6066-11e4-a52e-4f735466cecf":"d05a9a26-7054-48f7-9107-9c029501b760"},{"element-6066-11e4-a52e-4f735466cecf":"9d8ce0d1-646a-4b3b-b45d-96928d802585"},{"element-6066-11e4-a52e-4f735466cecf":"9260e689-f5e1-4916-9739-505c9fdece1b"},{"element-6066-11e4-a52e-4f735466cecf":"bfa2df20-3579-4e96-8478-1d15af375ade"},{"element-6066-11e4-a52e-4f735466cecf":"6b34a8e3-3306-45a4-940b-51e3cdfcdd1f"},{"element-6066-11e4-a52e-4f735466cecf":"0ba5defc-e91a-4cc1-9f51-1c68de714bfe"},{"element-6066-11e4-a52e-4f735466cecf":"dadba58b-abf5-4363-87d5-ce200f2a14d5"},{"element-6066-11e4-a52e-4f735466cecf":"6f5e6376-5416-4fa1-9b6b-db3fd5ce2847"},{"element-6066-11e4-a52e-4f735466cecf":"8e930b1b-3368-4426-9916-96fe3212e3a2"},{"element-6066-11e4-a52e-4f735466cecf":"b88ec5de-0c71-4a84-b71a-93d75948af99"},{"element-6066-11e4-a52e-4f735466cecf":"d659baf1-2e96-481d-abb6-0d1bbea48459"},{"element-6066-11e4-a52e-4f735466cecf":"81709fd7-f30c-4921-bfc2-c696c7261e8c"},{"element-6066-11e4-a52e-4f735466cecf":"65122f50-ff97-4849-825c-7cb2309ce201"},{"element-6066-11e4-a52e-4f735466cecf":"7f4e85be-7554-41c8-8e5b-64d071385416"},{"element-6066-11e4-a52e-4f735466cecf":"e861a2d6-7059-4f73-ac99-a83dd3342c47"},{"element-6066-11e4-a52e-4f735466cecf":"c8c1d464-5587-4131-8fcb-a95b9acccc55"},{"element-6066-11e4-a52e-4f735466cecf":"60f6357f-d151-4607-91de-7a5c058053b4"},{"element-6066-11e4-a52e-4f735466cecf":"28715f5a-5d8e-41d0-9f8c-e4be21d6a1f7"},{"element-6066-11e4-a52e-4f735466cecf":"f148186d-e9eb-4cf0-acce-87838b6cc8f1"},{"element-6066-11e4-a52e-4f735466cecf":"71d38c0f-1428-488e-9dc9-cb350b185341"},{"element-6066-11e4-a52e-4f735466cecf":"bd6c6046-6318-470f-9724-b40603fdc05b"},{"element-6066-11e4-a52e-4f735466cecf":"a78dc092-ca6d-43da-96ea-44b62675fea1"},{"element-6066-11e4-a52e-4f735466cecf":"31813739-8ded-48fb-a684-a3c8ab158301"},{"element-6066-11e4-a52e-4f735466cecf":"438f2458-494d-4b4d-8ae7-7568a97ae54f"},{"element-6066-11e4-a52e-4f735466cecf":"f504c459-650f-4166-ab6d-d5c0afb05715"},{"element-6066-11e4-a52e-4f735466cecf":"f7fa3a1d-8ee2-4684-9e6d-e41b9a5d4df3"},{"element-6066-11e4-a52e-4f735466cecf":"33236a98-acf7-4154-bd1b-641145a03f40"},{"element-6066-11e4-a52e-4f735466cecf":"f4d23e43-e6d8-40e7-b93f-a0d0356bbb95"},{"element-6066-11e4-a52e-4f735466cecf":"a8278934-3dd3-4926-94be-34510216649b"},{"element-6066-11e4-a52e-4f735466cecf":"b1ba50c4-3153-4e11-b224-91a494588633"},{"element-6066-11e4-a52e-4f735466cecf":"a6cb1611-821e-480d-864a-0cf7b34cbaef"},{"element-6066-11e4-a52e-4f735466cecf":"b726c344-0667-4551-a76b-735341c0e774"},{"element-6066-11e4-a52e-4f735466cecf":"9b19df5c-9a32-4b93-a4dd-26eaa134fa52"},{"element-6066-11e4-a52e-4f735466cecf":"67f51fd9-d315-4c1a-868e-678e32cb7fa2"},{"element-6066-11e4-a52e-4f735466cecf":"fdc70007-9e86-46a1-beca-a38349c3b618"},{"element-6066-11e4-a52e-4f735466cecf":"62c08067-0889-45c3-a833-955cd7e6e512"},{"element-6066-11e4-a52e-4f735466cecf":"3a9fcc3a-2bbc-4abe-bcb5-0ff132caac71"},{"element-6066-11e4-a52e-4f735466cecf":"f3ddb3aa-5b7d-4ca4-83d8-84f91a51fdff"},{"element-6066-11e4-a52e-4f735466cecf":"56d5b5a1-588d-44af-86ae-6bd26e8e37fb"},{"element-6066-11e4-a52e-4f735466cecf":"02902d5c-5ebb-4c0d-8884-a2984945c33b"},{"element-6066-11e4-a52e-4f735466cecf":"c7be7ad6-73ff-4ab2-a67c-44883db6332d"},{"element-6066-11e4-a52e-4f735466cecf":"6698bada-6558-4c9b-bb2d-ae214d428f1d"},{"element-6066-11e4-a52e-4f735466cecf":"9268274b-67a9-4ceb-aaad-ebf03938a550"},{"element-6066-11e4-a52e-4f735466cecf":"e6e37602-b4cb-47d6-883c-2b0fcbffd590"},{"element-6066-11e4-a52e-4f735466cecf":"aa30748c-6e83-481b-964e-e2637004f670"},{"element-6066-11e4-a52e-4f735466cecf":"ac2e2d71-7c15-407a-9dd2-dc815495851b"},{"element-6066-11e4-a52e-4f735466cecf":"902a0837-de3f-46e6-b296-7bca4068f8e0"},{"element-6066-11e4-a52e-4f735466cecf":"6c198369-c955-4134-aad3-b07cff407aec"},{"element-6066-11e4-a52e-4f735466cecf":"dcd76463-5771-470d-a263-693b7cd8ba30"},{"element-6066-11e4-a52e-4f735466cecf":"3a4aea48-56b0-4496-bed7-7000eb7623f8"},{"element-6066-11e4-a52e-4f735466cecf":"8791a585-c569-4dc1-a092-21c874bd4593"},{"element-6066-11e4-a52e-4f735466cecf":"b51310f5-1a9d-4022-854a-8535f9c665ee"},{"element-6066-11e4-a52e-4f735466cecf":"c1178d4d-45a8-4fdc-921f-e7d0a6199601"},{"element-6066-11e4-a52e-4f735466cecf":"aa81ee27-c31d-4732-84d3-d5580effaf17"},{"element-6066-11e4-a52e-4f735466cecf":"930c22ae-0aea-42b7-8957-2e13e2ce26de"},{"element-6066-11e4-a52e-4f735466cecf":"4d138b9c-8fb4-4100-929e-8e092438bcc6"},{"element-6066-11e4-a52e-4f735466cecf":"8c22344c-da27-4963-a3dd-da86d6ea68f1"},{"element-6066-11e4-a52e-4f735466cecf":"053343ff-2938-4e2b-82b2-1d4818b3fbe3"},{"element-6066-11e4-a52e-4f735466cecf":"ca4da53c-3d13-40a6-89e2-9473c68fffbe"},{"element-6066-11e4-a52e-4f735466cecf":"a31e1ff9-d1f0-47a8-84fe-17f59cfc5d45"},{"element-6066-11e4-a52e-4f735466cecf":"e27022fe-34cc-445e-9765-d9ae0889771e"},{"element-6066-11e4-a52e-4f735466cecf":"6f00d175-ad7a-4205-9fee-907be3df7d9e"},{"element-6066-11e4-a52e-4f735466cecf":"ed3b1366-3510-4423-a599-5b8f0cb232c4"},{"element-6066-11e4-a52e-4f735466cecf":"220f3a1f-e33c-41a8-bb68-671ccaaa1ab7"},{"element-6066-11e4-a52e-4f735466cecf":"692db70b-5569-4fd6-b4de-8800a9b23425"},{"element-6066-11e4-a52e-4f735466cecf":"f40f971d-47d5-4572-aafa-26be85edbc95"},{"element-6066-11e4-a52e-4f735466cecf":"a3ac8f9b-e6ae-4fc7-a3c2-06511dcc9f5a"},{"element-6066-11e4-a52e-4f735466cecf":"03b45d78-1bd6-4bc0-a888-01c0854319c2"},{"element-6066-11e4-a52e-4f735466cecf":"ac3b4fc0-0945-48ff-9d08-5cd24eb90647"},{"element-6066-11e4-a52e-4f735466cecf":"1ff28eae-32a2-4030-ba9c-3e391848e10d"},{"element-6066-11e4-a52e-4f735466cecf":"c7fcd72b-5df9-4bb4-a377-5f5b57a7f8e0"},{"element-6066-11e4-a52e-4f735466cecf":"2a4b112a-c318-4071-8cf3-8624855734dc"},{"element-6066-11e4-a52e-4f735466cecf":"c8d40269-fd79-4a6c-aad9-923d8e6e43b8"},{"element-6066-11e4-a52e-4f735466cecf":"2a976d7d-e195-47c2-adc2-2185290eb28f"},{"element-6066-11e4-a52e-4f735466cecf":"72a4f56a-3f82-4a09-8cd5-33753730a90e"},{"element-6066-11e4-a52e-4f735466cecf":"679e6d99-71a5-4185-b0a0-3d646fa9374b"},{"element-6066-11e4-a52e-4f735466cecf":"fd5b7360-f988-4d32-a480-86b378563e49"},{"element-6066-11e4-a52e-4f735466cecf":"5f1f99c8-4272-4a97-9f50-0c7b05d67333"},{"element-6066-11e4-a52e-4f735466cecf":"7f1dbf89-8177-4d4d-8383-f02b798fe367"},{"element-6066-11e4-a52e-4f735466cecf":"8089472d-fd33-486b-94bd-d2d8223f55e3"},{"element-6066-11e4-a52e-4f735466cecf":"d4afc5fe-8a69-42c4-97df-7cdf944af672"},{"element-6066-11e4-a52e-4f735466cecf":"37d18d7e-1617-4ea5-ba3a-f5ace59e3d09"},{"element-6066-11e4-a52e-4f735466cecf":"55b1c51f-adc7-4c15-83dd-548e1e694c36"},{"element-6066-11e4-a52e-4f735466cecf":"6a861daa-2812-4615-8c0a-99a1fc24ddb1"},{"element-6066-11e4-a52e-4f735466cecf":"ebd5b555-712f-4ccf-b7be-0478223d2899"},{"element-6066-11e4-a52e-4f735466cecf":"911796c2-61a7-4fbb-b87a-d76c808b7be8"},{"element-6066-11e4-a52e-4f735466cecf":"ad84f086-09f0-4cb0-bf15-e310e4a16ed4"},{"element-6066-11e4-a52e-4f735466cecf":"4a59ed56-eb3c-4b86-b840-d1ab7d04cf09"},{"element-6066-11e4-a52e-4f735466cecf":"58edd8d0-3d09-446b-b56c-431d952df9b0"},{"element-6066-11e4-a52e-4f735466cecf":"5e411078-8b98-4973-ac3b-1dbaba70d68b"},{"element-6066-11e4-a52e-4f735466cecf":"37144c0d-0716-4dec-859d-150dd40d67c3"},{"element-6066-11e4-a52e-4f735466cecf":"2e4d2ffd-e2ea-4680-bb6c-46d57a265630"},{"element-6066-11e4-a52e-4f735466cecf":"5a7d0e0d-48a5-47c0-9fe1-da8e999d2c3b"},{"element-6066-11e4-a52e-4f735466cecf":"538e172e-a095-42d8-a020-862f7e9e1d07"},{"element-6066-11e4-a52e-4f735466cecf":"2b134419-6505-4b64-b730-7ffe02d8edd8"},{"element-6066-11e4-a52e-4f735466cecf":"f852866f-d3fa-4082-b0d8-37617ea3a139"},{"element-6066-11e4-a52e-4f735466cecf":"073c36a9-6336-4b05-a0f8-af20e1ae6c00"},{"element-6066-11e4-a52e-4f735466cecf":"596f0980-321a-4e5a-a412-52e6dfcb27a3"},{"element-6066-11e4-a52e-4f735466cecf":"a0899fbd-194f-4721-b728-34834d886137"},{"element-6066-11e4-a52e-4f735466cecf":"8741788d-e18a-450d-b910-6546efd93f99"},{"element-6066-11e4-a52e-4f735466cecf":"8d6e0731-6f83-4e2e-b34c-ce0120ed3c8c"},{"element-6066-11e4-a52e-4f735466cecf":"03d77198-88c8-49e0-8741-06c196fd8927"},{"element-6066-11e4-a52e-4f735466cecf":"beacedad-888a-4622-8885-1fbccbbe9e14"},{"element-6066-11e4-a52e-4f735466cecf":"d7696310-1d9f-4489-83fd-a0ad6c458be1"},{"element-6066-11e4-a52e-4f735466cecf":"a05ff09e-9845-48ce-9136-a02cdde73e52"},{"element-6066-11e4-a52e-4f735466cecf":"fbc5763d-f25d-468d-b0fb-9ef8dc8ff7fb"},{"element-6066-11e4-a52e-4f735466cecf":"a0cf83e4-4887-48d0-9e83-97f310a42904"},{"element-6066-11e4-a52e-4f735466cecf":"21d49645-aa77-4c4c-b9c3-b8ef5dad627f"},{"element-6066-11e4-a52e-4f735466cecf":"33c0aaa5-c35a-4f32-9c0c-3d29d77ce498"},{"element-6066-11e4-a52e-4f735466cecf":"aed59ad7-83ff-4b65-b805-9ba1f26bfaba"},{"element-6066-11e4-a52e-4f735466cecf":"2c6a8aab-009f-491b-8d17-b63721278f32"},{"element-6066-11e4-a52e-4f735466cecf":"6b2f629f-ff62-4472-9641-73f22a1d9f34"},{"element-6066-11e4-a52e-4f735466cecf":"c7b672c4-1c4a-4c3e-8bb1-a302a1898247"},{"element-6066-11e4-a52e-4f735466cecf":"3845e056-0525-4870-9b1b-3df722641be1"},{"element-6066-11e4-a52e-4f735466cecf":"c513beda-11b0-499e-bd30-51a5b2c09140"},{"element-6066-11e4-a52e-4f735466cecf":"d4cde84f-a551-4e66-bec9-56f4640cb84f"},{"element-6066-11e4-a52e-4f735466cecf":"fb258f97-be49-47f3-9e66-b178ce9256c6"},{"element-6066-11e4-a52e-4f735466cecf":"c8dbd7f3-7f63-40eb-b2a0-6e1da5bcae4c"},{"element-6066-11e4-a52e-4f735466cecf":"393fca07-4a13-4caa-8ebe-00c4d00cc052"},{"element-6066-11e4-a52e-4f735466cecf":"236cfc91-1c50-4deb-92fc-97021f4297d5"},{"element-6066-11e4-a52e-4f735466cecf":"11359af4-f062-450d-8d39-274e5132fd7a"},{"element-6066-11e4-a52e-4f735466cecf":"6f9a13db-3e23-4942-ae83-008d7141bd33"},{"element-6066-11e4-a52e-4f735466cecf":"71405fcc-b28c-4004-964b-52f918bb1c0c"},{"element-6066-11e4-a52e-4f735466cecf":"ed768049-e3f8-43bf-96f8-12cb147712ec"},{"element-6066-11e4-a52e-4f735466cecf":"65fe9c14-2ace-4626-93be-07e2ae2b4a25"},{"element-6066-11e4-a52e-4f735466cecf":"00c1e82b-12c3-49fd-babb-f12e45b013f2"},{"element-6066-11e4-a52e-4f735466cecf":"1acc0c35-4f21-48dd-b3fd-8fbc020b0955"},{"element-6066-11e4-a52e-4f735466cecf":"a8c3b4ed-4511-4d72-b4e9-10c8cd38e91e"},{"element-6066-11e4-a52e-4f735466cecf":"648526dd-6410-4e9f-8ce3-694f3fdf9ec3"},{"element-6066-11e4-a52e-4f735466cecf":"b4106768-a797-4e63-a7fd-3c4b1cd2510a"},{"element-6066-11e4-a52e-4f735466cecf":"636b652b-82b0-4e09-ab74-269d904f5fea"},{"element-6066-11e4-a52e-4f735466cecf":"ee14d513-cf39-4203-adf4-dc613306c30b"},{"element-6066-11e4-a52e-4f735466cecf":"b7058480-c431-4019-abd3-8e98ecd629d8"},{"element-6066-11e4-a52e-4f735466cecf":"894f91d6-e794-421a-b221-3675d091b5f4"},{"element-6066-11e4-a52e-4f735466cecf":"08d1a707-ccb9-4b21-b1c6-56ab4e8be499"},{"element-6066-11e4-a52e-4f735466cecf":"afbe41d6-0365-4e50-89b4-73fdf298f8eb"},{"element-6066-11e4-a52e-4f735466cecf":"8fae7b4c-900a-4e46-905e-e46e2784fe7a"},{"element-6066-11e4-a52e-4f735466cecf":"527a08be-cde4-4aaa-a616-0e622485e660"},{"element-6066-11e4-a52e-4f735466cecf":"41ffaecf-3fe8-47a0-a10d-dc599aa12269"},{"element-6066-11e4-a52e-4f735466cecf":"fc88e401-0ce1-4076-bf60-353f13462930"},{"element-6066-11e4-a52e-4f735466cecf":"4b6cde06-26c0-4fd6-8b92-18763d36c929"},{"element-6066-11e4-a52e-4f735466cecf":"e562acdf-ede4-4d79-8f80-b7f598d4bef9"},{"element-6066-11e4-a52e-4f735466cecf":"d900efd4-eeae-42a2-bad6-43f4cbceb503"},{"element-6066-11e4-a52e-4f735466cecf":"6460a862-638f-4d11-9dfc-0a1756e27e9e"},{"element-6066-11e4-a52e-4f735466cecf":"a8aa0360-7eeb-48da-8190-f824f4a0cb1b"},{"element-6066-11e4-a52e-4f735466cecf":"a2049978-5837-427e-a807-20226cdade0e"},{"element-6066-11e4-a52e-4f735466cecf":"c4a58a6d-3272-45b6-b9e2-b13ef88f76dd"},{"element-6066-11e4-a52e-4f735466cecf":"9486f6aa-4db0-451a-9eb4-d5752867ff28"},{"element-6066-11e4-a52e-4f735466cecf":"01599e93-62e6-46c4-b843-278df03291a2"},{"element-6066-11e4-a52e-4f735466cecf":"b9d74423-7993-4f77-998e-45d873295a34"},{"element-6066-11e4-a52e-4f735466cecf":"9b647808-82e3-4ec0-8181-c65112771a82"},{"element-6066-11e4-a52e-4f735466cecf":"3f0b96ea-690b-4d25-8e0b-b7ce0b7fce35"},{"element-6066-11e4-a52e-4f735466cecf":"c5070b69-b090-49a7-827d-3a4ed74f85e3"},{"element-6066-11e4-a52e-4f735466cecf":"0dad636d-6b8c-4327-aa85-ebd2fad6029f"},{"element-6066-11e4-a52e-4f735466cecf":"505f1cf3-f716-4a72-bf3c-fcc02ab7e1d0"},{"element-6066-11e4-a52e-4f735466cecf":"35630130-9e8f-43f7-9f1d-8754615466a0"},{"element-6066-11e4-a52e-4f735466cecf":"13b8463e-dab8-4be4-9238-b3405261aab3"},{"element-6066-11e4-a52e-4f735466cecf":"19397f46-d14d-4bcc-b65a-40930dd4b95d"},{"element-6066-11e4-a52e-4f735466cecf":"1f256c15-7355-4a7a-928e-a64fed3da730"},{"element-6066-11e4-a52e-4f735466cecf":"935118a5-937c-42be-bb98-5af9792f1dde"},{"element-6066-11e4-a52e-4f735466cecf":"132f7d0e-323a-4148-b5dd-12bd4590cab3"},{"element-6066-11e4-a52e-4f735466cecf":"39e65bd5-fc94-486d-832a-f0216169e831"},{"element-6066-11e4-a52e-4f735466cecf":"2d2b4153-ee07-4074-a0f2-180fb5d0e610"},{"element-6066-11e4-a52e-4f735466cecf":"7fa13c8e-7454-46b2-b78e-8aa71321d148"},{"element-6066-11e4-a52e-4f735466cecf":"026238b0-40e5-46d1-a8bc-c17e5c354c77"},{"element-6066-11e4-a52e-4f735466cecf":"5ae50d5b-6783-41af-ab2f-755af869832d"},{"element-6066-11e4-a52e-4f735466cecf":"671ec061-9467-4904-8a56-f753d0ef1525"},{"element-6066-11e4-a52e-4f735466cecf":"e826820f-5191-418e-b194-14c06911acc4"},{"element-6066-11e4-a52e-4f735466cecf":"9596542c-53cb-4d12-b74f-76b2028fcbc0"},{"element-6066-11e4-a52e-4f735466cecf":"c0b8d6d5-f01c-44e4-8819-fced9638c9c2"},{"element-6066-11e4-a52e-4f735466cecf":"1563ae70-71af-4e52-8bc8-2aa6e3dff7cb"},{"element-6066-11e4-a52e-4f735466cecf":"94812302-487c-4312-9d19-7c682255ac24"},{"element-6066-11e4-a52e-4f735466cecf":"87ae327e-ee78-4db3-9874-534cdc650fb2"},{"element-6066-11e4-a52e-4f735466cecf":"380291dc-ef5c-4562-9bad-ed2712331fd7"},{"element-6066-11e4-a52e-4f735466cecf":"a9698bbd-55fc-4a78-88bd-28bc66471d84"},{"element-6066-11e4-a52e-4f735466cecf":"70394538-0ba3-4298-8e10-e86c5572769e"},{"element-6066-11e4-a52e-4f735466cecf":"cd8f2e1f-a58f-4227-8df4-472f3321b3f9"},{"element-6066-11e4-a52e-4f735466cecf":"c0fa689d-b197-404a-89b8-09cd650b1960"},{"element-6066-11e4-a52e-4f735466cecf":"94ced1b6-497b-4254-b509-44438e7e9fce"},{"element-6066-11e4-a52e-4f735466cecf":"c00f6b62-1822-4f96-b33d-595f0dd5dc22"},{"element-6066-11e4-a52e-4f735466cecf":"cefafb0d-fead-4995-9e6d-3bb0faaa8051"},{"element-6066-11e4-a52e-4f735466cecf":"964c28e6-ebee-4618-a5e3-e6a67ff65ad7"},{"element-6066-11e4-a52e-4f735466cecf":"16d42c3c-813d-401d-9f48-f4429e9d2634"},{"element-6066-11e4-a52e-4f735466cecf":"5e961cb3-a95f-4d4f-97fe-1fe667d69a2c"},{"element-6066-11e4-a52e-4f735466cecf":"f63f74d1-27f2-4d45-8fd4-f5aff71c13f8"},{"element-6066-11e4-a52e-4f735466cecf":"f4f77ee0-eff0-41bf-9b7e-ef173b3dfe30"},{"element-6066-11e4-a52e-4f735466cecf":"2fa2627d-ea51-43da-b244-e00a19bde340"},{"element-6066-11e4-a52e-4f735466cecf":"b9c31fa6-6f4e-4ed3-8b4e-901b5baae329"},{"element-6066-11e4-a52e-4f735466cecf":"e600c55b-3d02-4232-864c-7f37158fcbaf"},{"element-6066-11e4-a52e-4f735466cecf":"c6b537d0-3cd9-46d7-978f-2c7868f3c090"},{"element-6066-11e4-a52e-4f735466cecf":"0cb9d4bb-bcdf-412c-b8ad-42a73ec02b7f"},{"element-6066-11e4-a52e-4f735466cecf":"52e9ae53-1ea7-402e-9cf9-216b46bdf694"},{"element-6066-11e4-a52e-4f735466cecf":"789de26a-05cd-44af-97c2-0cd08acf9182"},{"element-6066-11e4-a52e-4f735466cecf":"5f40c8e8-3cee-4419-8402-56dcaf8e6c57"},{"element-6066-11e4-a52e-4f735466cecf":"3e28eb15-06fc-4bf0-8b8c-248862282766"},{"element-6066-11e4-a52e-4f735466cecf":"96ba64de-8ae9-44be-a2d5-8d191a1ba2a2"},{"element-6066-11e4-a52e-4f735466cecf":"9a1e5a1f-9ae5-4eaf-8045-3efb4a51a179"},{"element-6066-11e4-a52e-4f735466cecf":"a5188368-3f6e-4394-8fbd-3a073c9a8167"},{"element-6066-11e4-a52e-4f735466cecf":"6c103c3c-1853-47c0-808f-cdbae8bd20a6"},{"element-6066-11e4-a52e-4f735466cecf":"d068d422-fe1b-4561-b9ce-925d2d9b2ac4"},{"element-6066-11e4-a52e-4f735466cecf":"14b351ff-3187-4575-9b55-837f20fe1b8c"},{"element-6066-11e4-a52e-4f735466cecf":"5f2fe13f-17a2-412b-b1fe-532068ca5349"},{"element-6066-11e4-a52e-4f735466cecf":"0afbfc52-6353-41ad-8555-e83c2dba7d50"},{"element-6066-11e4-a52e-4f735466cecf":"c3d9a49e-59aa-47b5-97b7-dd50a8389a24"},{"element-6066-11e4-a52e-4f735466cecf":"13d14caf-005b-49e4-9432-a1878d002d6f"},{"element-6066-11e4-a52e-4f735466cecf":"56392580-4f43-457d-85e0-d0cb3d0eeb84"},{"element-6066-11e4-a52e-4f735466cecf":"0acc5d41-2ed2-4544-bb00-67c6c5fa574f"},{"element-6066-11e4-a52e-4f735466cecf":"af2040fd-f648-4714-8bb2-4114b8663f9a"},{"element-6066-11e4-a52e-4f735466cecf":"1bc2b52a-2f65-4024-b06f-c79ecf7ef0eb"},{"element-6066-11e4-a52e-4f735466cecf":"4512b074-f3d5-4588-8212-34cba26bd480"},{"element-6066-11e4-a52e-4f735466cecf":"baa2c9cf-f2fc-4639-b80e-2ed9cee8c1b8"},{"element-6066-11e4-a52e-4f735466cecf":"45b8a772-e02e-400a-937b-7c8f2413df29"},{"element-6066-11e4-a52e-4f735466cecf":"d4793ec9-38ff-47f0-b441-f19662c058f0"},{"element-6066-11e4-a52e-4f735466cecf":"8baff728-6430-4f0a-8f75-2967ff58c3e7"},{"element-6066-11e4-a52e-4f735466cecf":"290b188c-f161-4878-94dc-aa561dc0bf64"},{"element-6066-11e4-a52e-4f735466cecf":"d1f5282d-e0ff-4e13-a4fa-8d6346195c7f"},{"element-6066-11e4-a52e-4f735466cecf":"96f99807-3796-4923-8903-0c90b4fe7c6d"},{"element-6066-11e4-a52e-4f735466cecf":"5f5b83ee-c3bf-4a9e-83bc-be0915d60425"},{"element-6066-11e4-a52e-4f735466cecf":"83d49849-70ee-4a01-b57e-f5bf8b9e4504"},{"element-6066-11e4-a52e-4f735466cecf":"25f2287a-243b-4130-9afe-78b67155cfb4"},{"element-6066-11e4-a52e-4f735466cecf":"42cf480f-1606-42c9-9cf2-5efc5612bf8e"},{"element-6066-11e4-a52e-4f735466cecf":"8628c341-4655-4afa-a316-d3416d660835"},{"element-6066-11e4-a52e-4f735466cecf":"af54dc84-9c51-4caa-a1b6-8ba813e9d650"},{"element-6066-11e4-a52e-4f735466cecf":"f89a7854-3e07-49e2-9901-2eca92d2e230"},{"element-6066-11e4-a52e-4f735466cecf":"a467b3cf-56e7-458f-b6cc-2c894955a737"},{"element-6066-11e4-a52e-4f735466cecf":"6bc0d499-17a3-4b24-9c23-1673a170551a"},{"element-6066-11e4-a52e-4f735466cecf":"4dc12b6c-28e0-4c33-a631-2a80dd9f05e7"},{"element-6066-11e4-a52e-4f735466cecf":"7d556c39-6303-46d9-833c-6d07f3e1fcbb"},{"element-6066-11e4-a52e-4f735466cecf":"38a30a1e-4605-4ac5-bcad-7c50ef9151c0"},{"element-6066-11e4-a52e-4f735466cecf":"8522d7bb-5334-4a23-a8ec-0d58b07a99f9"},{"element-6066-11e4-a52e-4f735466cecf":"1ae42328-ce59-400c-88ee-9b76ddf40f27"},{"element-6066-11e4-a52e-4f735466cecf":"ffca4901-fb43-4330-9bfe-c8323f978285"},{"element-6066-11e4-a52e-4f735466cecf":"7874d45f-24a5-4540-aa32-92653620c676"},{"element-6066-11e4-a52e-4f735466cecf":"c513d885-d2d2-4553-b6f7-cab402844c42"},{"element-6066-11e4-a52e-4f735466cecf":"98447550-a1dc-4534-a31f-04fa08c6c17a"},{"element-6066-11e4-a52e-4f735466cecf":"14e151bd-4b88-4954-84b9-50e3eb573cca"},{"element-6066-11e4-a52e-4f735466cecf":"92bd86bb-1448-442e-b1cc-3fd0a1dadd9e"},{"element-6066-11e4-a52e-4f735466cecf":"ab428dc7-1d06-41a1-9ad2-0b3ded7fc81c"},{"element-6066-11e4-a52e-4f735466cecf":"48f6979b-c771-4dcd-8dd7-71c18b06afca"},{"element-6066-11e4-a52e-4f735466cecf":"96f222dc-7240-4bbd-ac2a-34138e847039"},{"element-6066-11e4-a52e-4f735466cecf":"245aa324-affe-4829-9f51-eacfc780e7a6"},{"element-6066-11e4-a52e-4f735466cecf":"84811188-75d3-4805-ae02-5b795e4ada0a"},{"element-6066-11e4-a52e-4f735466cecf":"30216710-7e04-4c7b-a689-3fcb8a54bb27"},{"element-6066-11e4-a52e-4f735466cecf":"2471151c-7087-4d28-8556-9417ddf68135"},{"element-6066-11e4-a52e-4f735466cecf":"4cd8d351-6ca9-4779-854d-7bb36f698f96"},{"element-6066-11e4-a52e-4f735466cecf":"b6c100ee-5856-44f6-8b7d-80ea070e1c31"},{"element-6066-11e4-a52e-4f735466cecf":"8e6440c1-c3e2-40d1-928f-3ceb28425787"},{"element-6066-11e4-a52e-4f735466cecf":"000dca24-b49e-48de-a417-f4df0b348f25"},{"element-6066-11e4-a52e-4f735466cecf":"61d65cef-d061-4a5f-b052-74ccbb4bfbaf"},{"element-6066-11e4-a52e-4f735466cecf":"597a117a-4df0-41b7-b6ef-45f73b275626"},{"element-6066-11e4-a52e-4f735466cecf":"dcfbfa45-88de-4fb3-92e3-427a2686179f"},{"element-6066-11e4-a52e-4f735466cecf":"b1952095-b925-4b37-9174-60352d719f5e"},{"element-6066-11e4-a52e-4f735466cecf":"c5c637e3-a118-4ac2-b9f9-4eb4441f75b3"},{"element-6066-11e4-a52e-4f735466cecf":"b732fb84-8d61-4d8a-a031-ec46e4adac79"},{"element-6066-11e4-a52e-4f735466cecf":"f74b4056-b23c-47b2-b2aa-f07ee99f52e2"},{"element-6066-11e4-a52e-4f735466cecf":"33f52fd5-daa3-4d16-a2af-b25cd7ecdec6"},{"element-6066-11e4-a52e-4f735466cecf":"7f147ad9-1d21-40ad-9e33-395572b8e5da"},{"element-6066-11e4-a52e-4f735466cecf":"9bdadadb-9de2-45c6-96a0-5b9a65dfd82e"},{"element-6066-11e4-a52e-4f735466cecf":"6959a061-ef16-42d8-bac0-32af10202f82"},{"element-6066-11e4-a52e-4f735466cecf":"86e82813-8cb3-4c69-8e4d-4babc4565a6d"},{"element-6066-11e4-a52e-4f735466cecf":"53f271f3-0e10-4f5f-a0d0-d255e447d37f"},{"element-6066-11e4-a52e-4f735466cecf":"b21380b9-f8b1-4a59-a15c-c338a96cd0a5"},{"element-6066-11e4-a52e-4f735466cecf":"5a4e7535-d179-4e3b-9fdf-1b75399c2b62"},{"element-6066-11e4-a52e-4f735466cecf":"b963d350-260d-4f54-bd8c-44948fd78d47"},{"element-6066-11e4-a52e-4f735466cecf":"137c9b27-1985-4ce6-9b70-54b25869ebcb"},{"element-6066-11e4-a52e-4f735466cecf":"1bb8ac9b-8b74-415b-9721-89f16e438ef1"},{"element-6066-11e4-a52e-4f735466cecf":"962a88ab-d3f1-47c1-bb9f-0c2dd169552f"},{"element-6066-11e4-a52e-4f735466cecf":"3e0209d0-ab05-456e-ac76-80a2b22af556"},{"element-6066-11e4-a52e-4f735466cecf":"d03a19ca-84b8-4fd5-921d-ad4c1c892f3f"},{"element-6066-11e4-a52e-4f735466cecf":"e75c8b1b-da9d-41bd-95f4-1acef1603267"},{"element-6066-11e4-a52e-4f735466cecf":"87124d0e-5369-4a43-8170-84a5c38f1055"},{"element-6066-11e4-a52e-4f735466cecf":"41e717c7-1017-433c-a044-a77e79749412"},{"element-6066-11e4-a52e-4f735466cecf":"cb4e9e88-56a3-4050-9b11-143fb2bc0dba"},{"element-6066-11e4-a52e-4f735466cecf":"008bf1b0-ee0e-41ee-82aa-0b73f05bcdd0"},{"element-6066-11e4-a52e-4f735466cecf":"8a954ad6-53e3-49d1-a549-5b042ea3ce54"},{"element-6066-11e4-a52e-4f735466cecf":"352627c6-ce5e-4644-88f7-c5666fb9f3be"},{"element-6066-11e4-a52e-4f735466cecf":"58ade960-3aab-4a92-8a13-91d9acc4a956"},{"element-6066-11e4-a52e-4f735466cecf":"45f91483-59f3-4dff-a10a-649f347d667b"},{"element-6066-11e4-a52e-4f735466cecf":"18ef6462-d5b4-4476-9cb3-d03362c20933"},{"element-6066-11e4-a52e-4f735466cecf":"9785cea2-519e-4ab2-ac24-6e0028f3ef57"},{"element-6066-11e4-a52e-4f735466cecf":"e908520b-dfd0-4391-bb80-18ad6f25b4b1"},{"element-6066-11e4-a52e-4f735466cecf":"9442b11b-e1bf-4f47-a44b-c6551c624134"},{"element-6066-11e4-a52e-4f735466cecf":"1ac06044-13e2-4fdf-a6fc-074bdae0d112"},{"element-6066-11e4-a52e-4f735466cecf":"f852c69c-0862-4ec6-af78-07416cb832dd"},{"element-6066-11e4-a52e-4f735466cecf":"3a910d73-12e1-4183-9194-a48a5d2726e9"},{"element-6066-11e4-a52e-4f735466cecf":"7a2d0ee2-f9ca-4c19-bee3-5d8d3fdc2f27"},{"element-6066-11e4-a52e-4f735466cecf":"8db423c9-3508-4fa8-897b-2c9e71ec5273"},{"element-6066-11e4-a52e-4f735466cecf":"8a56319c-11a5-4fde-9b67-7b13a41754fe"},{"element-6066-11e4-a52e-4f735466cecf":"cc8f35ff-a929-4f73-88da-0862abcab1b1"},{"element-6066-11e4-a52e-4f735466cecf":"c822be1e-dca1-4a41-8d79-ee1990940aa6"},{"element-6066-11e4-a52e-4f735466cecf":"e4fe2a17-faa3-4eff-adfc-3253885f594a"},{"element-6066-11e4-a52e-4f735466cecf":"707d2c7b-0236-46df-a7a3-55f295a1c1fb"},{"element-6066-11e4-a52e-4f735466cecf":"07f61dee-3c78-4c70-9caf-bf0a17b766bd"},{"element-6066-11e4-a52e-4f735466cecf":"bf1a9526-d577-45f4-80c7-7573962a125b"},{"element-6066-11e4-a52e-4f735466cecf":"6faad57e-3671-441f-969b-24c4a5549003"},{"element-6066-11e4-a52e-4f735466cecf":"d4512f18-3368-483f-98ef-3907f7cd0d36"},{"element-6066-11e4-a52e-4f735466cecf":"06d8ef72-c2b6-45dc-835d-24fe47565e9d"},{"element-6066-11e4-a52e-4f735466cecf":"4cfa3e44-8044-4f6d-b36a-5db36a424f26"},{"element-6066-11e4-a52e-4f735466cecf":"d7643a10-7a56-4d79-8be2-bd7b78a25235"},{"element-6066-11e4-a52e-4f735466cecf":"d7e1d2d9-42e6-4a71-8471-cd9808799ddc"},{"element-6066-11e4-a52e-4f735466cecf":"e0768c97-b712-4974-bb9b-0fbf7dfc0742"},{"element-6066-11e4-a52e-4f735466cecf":"5bec0790-4482-4d08-88a4-78c37d6669c3"},{"element-6066-11e4-a52e-4f735466cecf":"7c51eb27-2841-488d-9efc-e1d40de7d4a2"},{"element-6066-11e4-a52e-4f735466cecf":"7ac25c30-936d-4e6e-b825-9f5235fdd4f8"},{"element-6066-11e4-a52e-4f735466cecf":"f2fa31b9-e4e6-42fa-be53-bc6f9598df38"},{"element-6066-11e4-a52e-4f735466cecf":"7f102645-e4fb-48a4-a67b-b7f054246bd8"},{"element-6066-11e4-a52e-4f735466cecf":"741094a0-281b-4372-bde7-834fd36ca1ac"},{"element-6066-11e4-a52e-4f735466cecf":"4761bc71-2439-4441-848a-548f80858cc6"},{"element-6066-11e4-a52e-4f735466cecf":"2751fb9d-fd9d-4785-9d70-c287f0b91e94"},{"element-6066-11e4-a52e-4f735466cecf":"e763fbd3-1c31-48cf-9b78-0c160f81cbf1"},{"element-6066-11e4-a52e-4f735466cecf":"226490ec-4ec7-46bf-9563-a37d12b3d22f"},{"element-6066-11e4-a52e-4f735466cecf":"fe336065-99f5-47ee-9014-57a23ec90d86"},{"element-6066-11e4-a52e-4f735466cecf":"958ffbc0-c3f0-463b-9fab-417ff4da08a7"},{"element-6066-11e4-a52e-4f735466cecf":"8c61563d-d883-428b-acc5-e845330611fd"},{"element-6066-11e4-a52e-4f735466cecf":"64797a1a-7a2c-4a54-be47-bba7738d9bb0"},{"element-6066-11e4-a52e-4f735466cecf":"f7c63714-9f2a-4889-be9d-99cecea96897"},{"element-6066-11e4-a52e-4f735466cecf":"c44689ae-02a0-41c1-b7b5-4c9223fad943"},{"element-6066-11e4-a52e-4f735466cecf":"d095bb36-8042-402d-99b1-6bb29d7f182d"},{"element-6066-11e4-a52e-4f735466cecf":"3550886e-6013-4adc-981f-29d3c720e308"},{"element-6066-11e4-a52e-4f735466cecf":"7dd2862d-d746-4649-bfee-68963101dd66"},{"element-6066-11e4-a52e-4f735466cecf":"f5e928e4-219d-41c3-b3ba-f6beb0ac048f"},{"element-6066-11e4-a52e-4f735466cecf":"b6ccc62a-9bd1-49c5-9edc-c5f60d207e33"},{"element-6066-11e4-a52e-4f735466cecf":"c5a3b762-82c0-467b-89c6-244f7b1b3fc8"},{"element-6066-11e4-a52e-4f735466cecf":"839c483b-f047-4b4c-a7bc-357d08f58f51"},{"element-6066-11e4-a52e-4f735466cecf":"65fa0dad-77c9-4c51-b999-7c6d1d8ab623"},{"element-6066-11e4-a52e-4f735466cecf":"9d6bf1c7-df3f-4e2f-a047-3c9378f86320"},{"element-6066-11e4-a52e-4f735466cecf":"5b10c672-2949-4608-8673-1c4754cec9a0"},{"element-6066-11e4-a52e-4f735466cecf":"71772636-afcf-457b-a426-d33ce5fe10d9"},{"element-6066-11e4-a52e-4f735466cecf":"c9e96c8d-76b4-4e92-ae10-864e812df271"},{"element-6066-11e4-a52e-4f735466cecf":"fa1e06d8-de00-4502-b058-be013701aad1"},{"element-6066-11e4-a52e-4f735466cecf":"4427488a-b3bd-480c-8107-3fed9ccb3634"},{"element-6066-11e4-a52e-4f735466cecf":"78c6eacb-85a2-49b1-ae9f-2282e3673f93"},{"element-6066-11e4-a52e-4f735466cecf":"6bde6fa8-8789-491f-80c1-c6b25afc9c41"},{"element-6066-11e4-a52e-4f735466cecf":"13769aa8-ff60-4d82-ae4d-97cbc5925b57"},{"element-6066-11e4-a52e-4f735466cecf":"c74c83a3-44ee-491a-ba90-26a67583e378"},{"element-6066-11e4-a52e-4f735466cecf":"e8a24fd8-3842-40bc-aff7-c0e974f55d6b"},{"element-6066-11e4-a52e-4f735466cecf":"461e1767-fab4-42d9-b616-1f45e2a398a5"},{"element-6066-11e4-a52e-4f735466cecf":"b3c3efe9-3093-4318-bbf8-1baecd8bec00"},{"element-6066-11e4-a52e-4f735466cecf":"4e03eaed-7b4a-4f8f-b821-21c5feaa7b36"},{"element-6066-11e4-a52e-4f735466cecf":"3e862e78-1020-42ba-b91c-91cfef97500a"},{"element-6066-11e4-a52e-4f735466cecf":"2f631029-eefc-465a-8846-86eee9ae283d"},{"element-6066-11e4-a52e-4f735466cecf":"eef0587b-ef9e-460f-a763-0a66993665b0"},{"element-6066-11e4-a52e-4f735466cecf":"dc30f9e5-b407-4cea-baad-dade6c56d935"},{"element-6066-11e4-a52e-4f735466cecf":"9ce36d36-04b6-45e7-8fcb-c3834d2e589a"},{"element-6066-11e4-a52e-4f735466cecf":"519b5524-b13d-40de-bdcf-a52e355d5096"},{"element-6066-11e4-a52e-4f735466cecf":"0ec78a62-6fe2-41b9-8f5b-22a1bee0f0f8"},{"element-6066-11e4-a52e-4f735466cecf":"1b5158a4-cb80-4e75-a2e8-5e887bb30dd3"},{"element-6066-11e4-a52e-4f735466cecf":"7b6cb5f8-fc99-4d87-8a64-7140d72bd45b"},{"element-6066-11e4-a52e-4f735466cecf":"b5d26b7b-43bd-4647-bd29-804919ff8c56"},{"element-6066-11e4-a52e-4f735466cecf":"ce31ad8a-4428-45ce-b08a-356b56da63d5"},{"element-6066-11e4-a52e-4f735466cecf":"36b41cb8-fc00-498a-baef-54159f7ddbb0"},{"element-6066-11e4-a52e-4f735466cecf":"47de544e-b622-45d0-844d-4aa06855f55d"},{"element-6066-11e4-a52e-4f735466cecf":"f7fb7f84-da2a-4961-9ef9-4a1806c11367"},{"element-6066-11e4-a52e-4f735466cecf":"28fede08-378c-478d-bcc0-2e2d7f3df454"},{"element-6066-11e4-a52e-4f735466cecf":"34c01d64-46dc-4b64-b639-0a79dc09bfd9"},{"element-6066-11e4-a52e-4f735466cecf":"b651ad20-2410-4409-af8f-6f0f64b8f07e"},{"element-6066-11e4-a52e-4f735466cecf":"390a8eb2-3ee9-4f45-b5c2-f5c7e6db59bf"},{"element-6066-11e4-a52e-4f735466cecf":"f991576e-a5fb-4095-8ef7-9db47aea68cb"},{"element-6066-11e4-a52e-4f735466cecf":"49cca3ff-f321-425c-a389-ed5c02b0faf2"},{"element-6066-11e4-a52e-4f735466cecf":"1bec5d82-6ee7-4075-8c66-77b99e6a91be"},{"element-6066-11e4-a52e-4f735466cecf":"e13b001a-bc50-444f-936b-1fc12a706523"},{"element-6066-11e4-a52e-4f735466cecf":"f6165298-f236-4ead-874f-11f2711f1399"},{"element-6066-11e4-a52e-4f735466cecf":"1e9ba9f6-d78d-48b0-800f-5c2309f308b7"},{"element-6066-11e4-a52e-4f735466cecf":"e0fa6dfd-a404-4ea6-9582-98874db21836"},{"element-6066-11e4-a52e-4f735466cecf":"05eb55f0-a480-4bb6-a127-ce97d315baa3"},{"element-6066-11e4-a52e-4f735466cecf":"2be665c6-2c4d-42ec-aa6c-891b40b6fb95"},{"element-6066-11e4-a52e-4f735466cecf":"ba84cb1f-5e09-4212-bc09-31acdb2fd6da"},{"element-6066-11e4-a52e-4f735466cecf":"b1db997e-3eb6-421a-9e76-bb590b36dfec"},{"element-6066-11e4-a52e-4f735466cecf":"9414ec0f-831e-48cc-af02-33d3a2574bb9"},{"element-6066-11e4-a52e-4f735466cecf":"5a72727f-ea58-4036-a982-b21226f99af4"},{"element-6066-11e4-a52e-4f735466cecf":"96bc984d-20d1-4d95-b6d8-d36d89370d33"},{"element-6066-11e4-a52e-4f735466cecf":"9980b4c4-9bca-42ba-90a5-601c88f3c0c0"},{"element-6066-11e4-a52e-4f735466cecf":"8cb1a6ef-db3a-40a2-b0c1-f1b2ae98b60e"},{"element-6066-11e4-a52e-4f735466cecf":"181f38bb-d805-4c66-8232-83ef17c998a1"},{"element-6066-11e4-a52e-4f735466cecf":"5950707d-29cd-4b57-bd3b-3daa4f8af97d"},{"element-6066-11e4-a52e-4f735466cecf":"ce056cea-8ecb-4c5a-b330-a073a56f520e"},{"element-6066-11e4-a52e-4f735466cecf":"41c67da1-2152-4540-a8f8-e73b55d5e81b"},{"element-6066-11e4-a52e-4f735466cecf":"e92ef847-826a-4863-9846-47b806be5223"},{"element-6066-11e4-a52e-4f735466cecf":"af2edc6d-dac6-48fe-bb9d-8036d5b29dd0"},{"element-6066-11e4-a52e-4f735466cecf":"18ecfde2-e8b6-4942-a0e6-499f5489f1e4"},{"element-6066-11e4-a52e-4f735466cecf":"9bd98ec6-76b7-46c0-8dde-f3070ad739a0"},{"element-6066-11e4-a52e-4f735466cecf":"3be8bc8b-cec3-4dbc-9957-f7d670cc2cd5"},{"element-6066-11e4-a52e-4f735466cecf":"619d6385-f370-4898-b34a-968bbea43fe0"},{"element-6066-11e4-a52e-4f735466cecf":"f4c849d0-ddc8-4341-b035-b79cc4240dc1"},{"element-6066-11e4-a52e-4f735466cecf":"809b27e0-0bba-4ae2-85ff-0957bb29977c"},{"element-6066-11e4-a52e-4f735466cecf":"2d12b3e9-8616-421c-8cd0-e2ad4773bfc2"},{"element-6066-11e4-a52e-4f735466cecf":"719476e4-978e-4623-8f76-de15b4c54997"},{"element-6066-11e4-a52e-4f735466cecf":"bb07d080-6705-4c3b-9279-455aa9298f5a"},{"element-6066-11e4-a52e-4f735466cecf":"2bc950e1-9d45-48e3-93e0-7d2c3d4a3245"},{"element-6066-11e4-a52e-4f735466cecf":"7962d87f-73a0-4fe1-a223-c1769f281495"},{"element-6066-11e4-a52e-4f735466cecf":"f1d708ef-55c0-470b-ad23-bf79780b63fa"},{"element-6066-11e4-a52e-4f735466cecf":"ee52ce74-20f1-4cb8-991a-01a6cbdedff8"},{"element-6066-11e4-a52e-4f735466cecf":"d4701cf3-eec5-4c6d-9038-15118f0e83b4"},{"element-6066-11e4-a52e-4f735466cecf":"fafdb893-3985-44d4-8362-28fe98a557db"},{"element-6066-11e4-a52e-4f735466cecf":"1e0f29f5-679d-4be5-987e-1f99408abf28"},{"element-6066-11e4-a52e-4f735466cecf":"27f62e90-49f6-43c6-b240-2e2269381081"},{"element-6066-11e4-a52e-4f735466cecf":"46be9a4e-b43c-49fe-b145-43c27d67c273"},{"element-6066-11e4-a52e-4f735466cecf":"e32df2de-32b0-4db8-8a07-863bd9a9cc9d"},{"element-6066-11e4-a52e-4f735466cecf":"6c7c881e-17b8-47ba-ac82-c118666d3101"},{"element-6066-11e4-a52e-4f735466cecf":"8a4d5864-e5c4-4c27-b30f-0791f0de0ba6"},{"element-6066-11e4-a52e-4f735466cecf":"be336e85-befb-4459-9cc6-e301e89145f5"},{"element-6066-11e4-a52e-4f735466cecf":"07fcabb6-36a1-40f6-ac79-55e6a0b17b45"},{"element-6066-11e4-a52e-4f735466cecf":"8832833a-d995-4ff3-a2f4-dded32450099"},{"element-6066-11e4-a52e-4f735466cecf":"3bc7e31a-d310-470f-ab23-4216d48a0f16"},{"element-6066-11e4-a52e-4f735466cecf":"09c608b9-0e83-4bf5-8e5b-15649709162d"},{"element-6066-11e4-a52e-4f735466cecf":"d0006b56-7cb4-41ca-a781-89374b92d2f8"},{"element-6066-11e4-a52e-4f735466cecf":"2afc4949-c482-4e99-b9a8-40a3cbfdc473"},{"element-6066-11e4-a52e-4f735466cecf":"d4f71c7a-b86b-4e0d-afe1-0d82d8dd0fb5"},{"element-6066-11e4-a52e-4f735466cecf":"b41f1cec-4734-4a90-8c76-cfa082e9688c"},{"element-6066-11e4-a52e-4f735466cecf":"ed7ab1cd-08c6-403a-9312-a1bb7633fda1"},{"element-6066-11e4-a52e-4f735466cecf":"16e5ffb4-bf24-4fef-a545-15043937cb74"},{"element-6066-11e4-a52e-4f735466cecf":"3a6325ea-9609-4c98-9ef1-1d0029e68631"},{"element-6066-11e4-a52e-4f735466cecf":"7d9c55ac-197f-425d-9250-e825eac00745"},{"element-6066-11e4-a52e-4f735466cecf":"0d5b4a25-a0db-4e05-bd27-c2f6a48a5b6d"},{"element-6066-11e4-a52e-4f735466cecf":"5ebabc82-22fa-4b1f-aa6f-a5d98ca90d6b"},{"element-6066-11e4-a52e-4f735466cecf":"ba31b45d-e145-4916-9fed-202441a0a7c2"},{"element-6066-11e4-a52e-4f735466cecf":"4cfc7737-5f83-4a2b-bfb4-bcbbf460b505"},{"element-6066-11e4-a52e-4f735466cecf":"b9a2851b-5ebc-491a-9a88-e1281ec5158a"},{"element-6066-11e4-a52e-4f735466cecf":"cf0f0cd4-5f1c-4f0f-8d8a-abe8f24d42aa"},{"element-6066-11e4-a52e-4f735466cecf":"f2868aca-917c-43e7-a17b-505db529a893"},{"element-6066-11e4-a52e-4f735466cecf":"10efa1fc-0e89-4a51-ba97-564c823cb7b5"},{"element-6066-11e4-a52e-4f735466cecf":"93492319-d72a-4e05-b37a-ccbd7c5e1a1a"},{"element-6066-11e4-a52e-4f735466cecf":"719756fc-ee07-4d0e-8c43-001473131bf0"},{"element-6066-11e4-a52e-4f735466cecf":"c5bcabb2-f515-4e70-b1f0-8ec8676f1a20"},{"element-6066-11e4-a52e-4f735466cecf":"51adbf49-f977-464a-860e-1616a75361c9"},{"element-6066-11e4-a52e-4f735466cecf":"a1435594-39d2-4f79-90eb-e61ae8429fec"},{"element-6066-11e4-a52e-4f735466cecf":"9012a83b-b78b-4c84-acb8-ee02108aa8fb"},{"element-6066-11e4-a52e-4f735466cecf":"2616ed3a-6afc-4ba7-872e-f914d3449f3b"},{"element-6066-11e4-a52e-4f735466cecf":"d9cf0038-fa6f-4a61-9cd0-ad7bab5a11a3"},{"element-6066-11e4-a52e-4f735466cecf":"c2237d14-0920-4364-b1cb-5509b7f16050"},{"element-6066-11e4-a52e-4f735466cecf":"3e99d591-4d8e-47cd-af38-d2a8fe6bbc66"},{"element-6066-11e4-a52e-4f735466cecf":"29ddb840-e263-4983-9241-ca55ae319163"},{"element-6066-11e4-a52e-4f735466cecf":"b9de9a58-4284-4ae3-9913-4ec19b477dc4"},{"element-6066-11e4-a52e-4f735466cecf":"7d5c26aa-94f4-4fd4-b83f-f04cef78d848"},{"element-6066-11e4-a52e-4f735466cecf":"2d52dd13-1842-42ce-9d6f-37350b045327"},{"element-6066-11e4-a52e-4f735466cecf":"a2c23f9f-70f3-4ed1-9c15-3730131fda5b"},{"element-6066-11e4-a52e-4f735466cecf":"f0ecfb7d-93e5-4203-9a41-1d58a313c322"},{"element-6066-11e4-a52e-4f735466cecf":"acb87043-a0da-4b0d-941a-e90768e5c9c9"},{"element-6066-11e4-a52e-4f735466cecf":"6d0bc7ff-4e2d-488b-9604-ace16636629f"},{"element-6066-11e4-a52e-4f735466cecf":"442cbe40-78f4-4ad3-be3f-31ca26ff81d1"},{"element-6066-11e4-a52e-4f735466cecf":"1fffc28f-108a-436a-acdf-51dccc7e8843"},{"element-6066-11e4-a52e-4f735466cecf":"46440eaa-615f-4566-930f-cb89ae4e1047"},{"element-6066-11e4-a52e-4f735466cecf":"6803bab0-4dee-4ac9-abab-51cca243f518"},{"element-6066-11e4-a52e-4f735466cecf":"82312e07-9270-4bc4-be7b-a6ada8a990e1"},{"element-6066-11e4-a52e-4f735466cecf":"35040119-aa67-49b6-83be-842e8986511a"},{"element-6066-11e4-a52e-4f735466cecf":"fd56023f-6816-4a58-8b13-8f0bef4b864c"},{"element-6066-11e4-a52e-4f735466cecf":"17cd0daf-61e7-4545-9f32-c0eeb98fb242"},{"element-6066-11e4-a52e-4f735466cecf":"24092bfb-0ace-491b-b947-6b06f72ea8c0"},{"element-6066-11e4-a52e-4f735466cecf":"12f3689d-0dfe-4ecd-9ee6-b04dc73604d5"},{"element-6066-11e4-a52e-4f735466cecf":"0bb6cb44-8b1a-4767-beb3-b278db31a037"},{"element-6066-11e4-a52e-4f735466cecf":"04aff603-b83b-49ca-b9cd-d2d2f2febc94"},{"element-6066-11e4-a52e-4f735466cecf":"08075070-4f47-4548-9024-100dbfca2bf6"},{"element-6066-11e4-a52e-4f735466cecf":"b5d22d81-6458-47c4-a601-3a38cffc23a9"},{"element-6066-11e4-a52e-4f735466cecf":"f95a1d07-d511-41af-a74d-120e691c0b29"},{"element-6066-11e4-a52e-4f735466cecf":"be40bd11-ef21-46a6-9273-f56a987b5b8a"},{"element-6066-11e4-a52e-4f735466cecf":"2a27e9bd-8ace-4dbd-95df-b703a7d4ea0a"},{"element-6066-11e4-a52e-4f735466cecf":"4fb82c6f-967e-4521-8296-a75c9e338f37"},{"element-6066-11e4-a52e-4f735466cecf":"a3039d74-c4c2-4cd7-bd4c-4ca11e82a845"},{"element-6066-11e4-a52e-4f735466cecf":"398c276d-396e-46df-8974-852c109a2370"},{"element-6066-11e4-a52e-4f735466cecf":"581156be-f433-4661-bbfb-b7f076bcbcb6"},{"element-6066-11e4-a52e-4f735466cecf":"18f584b7-7780-4b02-9e07-40854ee07960"},{"element-6066-11e4-a52e-4f735466cecf":"ce8118b3-afd6-4ff6-8daf-37284d77d71a"},{"element-6066-11e4-a52e-4f735466cecf":"88078494-e49d-4006-9af0-852c49499c2c"},{"element-6066-11e4-a52e-4f735466cecf":"fcd71776-d9a9-4641-8252-97c13a77aedf"},{"element-6066-11e4-a52e-4f735466cecf":"5fe275bc-747f-405a-81c1-a461d6342996"},{"element-6066-11e4-a52e-4f735466cecf":"a622220e-5abd-41c3-b48c-2e5c0e89b3e2"},{"element-6066-11e4-a52e-4f735466cecf":"9ab5606c-0e3e-44ec-a3b5-3bf0572f526d"},{"element-6066-11e4-a52e-4f735466cecf":"6beeffd1-847a-4d46-a573-d862176dce02"},{"element-6066-11e4-a52e-4f735466cecf":"4472d0e7-aa34-4424-9d2a-b4528bcb3fde"},{"element-6066-11e4-a52e-4f735466cecf":"16569251-bc33-4cf8-ae54-0948a2af3aee"},{"element-6066-11e4-a52e-4f735466cecf":"1737eee2-4a56-4323-a036-1f59d3efef07"},{"element-6066-11e4-a52e-4f735466cecf":"bb329d8f-4b55-4e24-a47b-afe6abc89926"},{"element-6066-11e4-a52e-4f735466cecf":"8532c123-3d4a-4fba-a0b9-40636c37d1fa"},{"element-6066-11e4-a52e-4f735466cecf":"8014508c-3f48-4202-9d7e-a1aeaf1f73e9"},{"element-6066-11e4-a52e-4f735466cecf":"b27d3aff-66f6-4fad-8953-c69f13913095"},{"element-6066-11e4-a52e-4f735466cecf":"fd3fb729-2255-4e08-bcf6-ad90a8943e66"},{"element-6066-11e4-a52e-4f735466cecf":"6c92a769-8289-4f66-97d9-8a32c1152636"},{"element-6066-11e4-a52e-4f735466cecf":"7797b032-7ec2-40d5-96ef-9bea3e0dc127"},{"element-6066-11e4-a52e-4f735466cecf":"5555a465-e8d1-4a88-8db3-971b1634977b"},{"element-6066-11e4-a52e-4f735466cecf":"4e0dd7c3-b3cc-4503-a6ac-558ddacf92c5"},{"element-6066-11e4-a52e-4f735466cecf":"6ea9f976-f1a8-4f9f-af04-e6811ab9ec13"},{"element-6066-11e4-a52e-4f735466cecf":"c4b9d137-d6a6-4a06-9368-413d48cd1fc3"},{"element-6066-11e4-a52e-4f735466cecf":"c76c1985-f584-44fc-89e3-cb8200cba2d8"},{"element-6066-11e4-a52e-4f735466cecf":"6b948a35-6047-41fe-89b8-0d68239941c4"},{"element-6066-11e4-a52e-4f735466cecf":"2c14d74c-6a15-446c-bb04-296818a32dc5"},{"element-6066-11e4-a52e-4f735466cecf":"9ec5ec19-31ce-4e9a-9f48-858961169ba3"},{"element-6066-11e4-a52e-4f735466cecf":"8adbb0fd-cdbc-43a2-a6d9-ab7c1469f5cf"},{"element-6066-11e4-a52e-4f735466cecf":"c012dea8-a09b-4aad-9e8b-09a6ca8d8030"},{"element-6066-11e4-a52e-4f735466cecf":"7459ee6a-fc32-445c-a668-106906bd4938"},{"element-6066-11e4-a52e-4f735466cecf":"c73b7df5-8209-48a3-9cb8-bc4101c01ece"},{"element-6066-11e4-a52e-4f735466cecf":"5fd61561-d536-43cf-a323-51f89b5789cf"},{"element-6066-11e4-a52e-4f735466cecf":"bde518e1-8fd5-4145-a8ca-3be9eb3e12f1"},{"element-6066-11e4-a52e-4f735466cecf":"399041e5-67e7-473b-a794-30ed904e9272"},{"element-6066-11e4-a52e-4f735466cecf":"2199cc28-7c46-46c0-ab7f-1b73b6a98d39"},{"element-6066-11e4-a52e-4f735466cecf":"e4e979a1-6692-4d35-bd98-08c7149e243c"},{"element-6066-11e4-a52e-4f735466cecf":"e24a29a6-de61-403c-9904-f3167cc50fb0"},{"element-6066-11e4-a52e-4f735466cecf":"09d2536d-15dd-4920-babb-6096d10ba665"},{"element-6066-11e4-a52e-4f735466cecf":"5b0dd94e-80df-4484-af93-8bf85461bffe"},{"element-6066-11e4-a52e-4f735466cecf":"fd96bd84-3400-43c2-ba34-8053b686248c"},{"element-6066-11e4-a52e-4f735466cecf":"a4ca487f-118b-4b28-8f1e-88347396fea7"},{"element-6066-11e4-a52e-4f735466cecf":"2a62094a-b026-4322-93eb-a1aceea45076"},{"element-6066-11e4-a52e-4f735466cecf":"7a996953-5ac2-47b9-a150-6bdf6992ede8"},{"element-6066-11e4-a52e-4f735466cecf":"c1890eee-7375-41a3-b316-eb0f2ff2cb96"},{"element-6066-11e4-a52e-4f735466cecf":"9d8adad2-2be2-49f7-9b49-1e39177670b5"},{"element-6066-11e4-a52e-4f735466cecf":"49e2f529-1499-482c-b615-4857dca3e7e9"},{"element-6066-11e4-a52e-4f735466cecf":"0b041aca-2548-48af-bba9-adf05bb9d106"},{"element-6066-11e4-a52e-4f735466cecf":"fa9563c5-e9f7-4fee-bdf3-0d484c9cddd0"},{"element-6066-11e4-a52e-4f735466cecf":"4008b2d6-b26d-49df-9151-010d3cdfc593"},{"element-6066-11e4-a52e-4f735466cecf":"b7536471-e1bc-4327-af5f-336f544d3616"},{"element-6066-11e4-a52e-4f735466cecf":"8319fa99-9a50-43a3-9f5d-6dfa2f5eb559"},{"element-6066-11e4-a52e-4f735466cecf":"eb969681-e942-4fdf-a157-0a6ba1631a87"},{"element-6066-11e4-a52e-4f735466cecf":"2e361465-7469-439b-b744-0e153d49251d"},{"element-6066-11e4-a52e-4f735466cecf":"00f1e3ae-2dee-41e2-8c38-aeccc90d5519"},{"element-6066-11e4-a52e-4f735466cecf":"f2400ae6-7658-4a4a-b50a-a1df75c574b5"},{"element-6066-11e4-a52e-4f735466cecf":"ac8e3e58-3c67-4653-b59f-168b9b6e8703"},{"element-6066-11e4-a52e-4f735466cecf":"70fcf3ee-a9c8-4d7c-ab98-a1dc33730711"},{"element-6066-11e4-a52e-4f735466cecf":"411ff698-74d5-4e93-8df5-1eeba78abfa6"},{"element-6066-11e4-a52e-4f735466cecf":"9c039513-92f8-40d4-8c01-6c67b38dbc41"},{"element-6066-11e4-a52e-4f735466cecf":"99445504-7bc6-40dc-bfdb-5dbb5be0f24d"},{"element-6066-11e4-a52e-4f735466cecf":"e9f4a75b-745a-4725-80f2-7fcf298eba0e"},{"element-6066-11e4-a52e-4f735466cecf":"3f3e57cc-7a9b-4e0c-9a0e-5df421ddd057"},{"element-6066-11e4-a52e-4f735466cecf":"176ada13-8a40-43e9-8c6d-f8c47638edfb"},{"element-6066-11e4-a52e-4f735466cecf":"01bb2284-e4f2-4227-8b1c-d1500e1a578f"},{"element-6066-11e4-a52e-4f735466cecf":"4bbae20b-473a-424e-86fa-584ed82a6ca4"},{"element-6066-11e4-a52e-4f735466cecf":"7283de90-9664-437a-b30b-0d77fcb09e98"},{"element-6066-11e4-a52e-4f735466cecf":"1cc176e5-314d-48fe-9899-0f7d1918955b"},{"element-6066-11e4-a52e-4f735466cecf":"fbde6356-ee99-485c-baa1-3a0406870cb2"},{"element-6066-11e4-a52e-4f735466cecf":"2f698399-e962-40e4-a2db-7d2d3b760042"},{"element-6066-11e4-a52e-4f735466cecf":"b1a722c3-51db-49b2-9389-06557b510521"},{"element-6066-11e4-a52e-4f735466cecf":"f3be7409-68a2-4d30-ae36-0864bb2fbc5b"},{"element-6066-11e4-a52e-4f735466cecf":"5b996541-78b6-4095-b0f1-b2691e9c1eaa"},{"element-6066-11e4-a52e-4f735466cecf":"a37cd81a-7324-44ef-aa58-a922ef3c1fe9"},{"element-6066-11e4-a52e-4f735466cecf":"90141547-9a03-4bf4-9e18-7b02e35b2207"},{"element-6066-11e4-a52e-4f735466cecf":"fbfca715-8628-4d39-89b9-958bd027df16"},{"element-6066-11e4-a52e-4f735466cecf":"dbc16440-b302-4adf-b490-910bdf567286"},{"element-6066-11e4-a52e-4f735466cecf":"0299e09f-eb1a-43f7-9626-5265014d1215"},{"element-6066-11e4-a52e-4f735466cecf":"6fde5ec0-07af-4831-ac0c-572dccbb2bab"},{"element-6066-11e4-a52e-4f735466cecf":"e5be652e-79ab-40dd-b556-0e7a49193a72"},{"element-6066-11e4-a52e-4f735466cecf":"c15eff71-3232-434c-bce7-899457de9ef6"},{"element-6066-11e4-a52e-4f735466cecf":"cc0fd60d-2e62-4f07-971e-071706865bbf"},{"element-6066-11e4-a52e-4f735466cecf":"4eb56d6a-12aa-471b-a817-7d2204630498"},{"element-6066-11e4-a52e-4f735466cecf":"c250af3d-ad90-4f94-ac36-6b9d1eb804ba"},{"element-6066-11e4-a52e-4f735466cecf":"8a7a545a-294c-4685-9059-cde42b5fdbc2"},{"element-6066-11e4-a52e-4f735466cecf":"83fa4cf4-ed44-4499-a5bf-0db09312662c"},{"element-6066-11e4-a52e-4f735466cecf":"73025d3f-3dff-45de-b7f4-b48e86444d61"},{"element-6066-11e4-a52e-4f735466cecf":"d182294d-5985-4a03-8be3-251f445c5a31"},{"element-6066-11e4-a52e-4f735466cecf":"3bf27979-4556-4807-9ad0-22ce62f6d382"},{"element-6066-11e4-a52e-4f735466cecf":"193c7a23-7f11-4409-961d-5cdd504e7d05"},{"element-6066-11e4-a52e-4f735466cecf":"b0d01b89-bc28-469a-877d-34d83bc130fa"},{"element-6066-11e4-a52e-4f735466cecf":"b5dd71b0-fe73-4478-a443-83639e658622"},{"element-6066-11e4-a52e-4f735466cecf":"c799fc02-9501-426a-b2f5-9c80a595a90b"},{"element-6066-11e4-a52e-4f735466cecf":"8a92d4f1-3fd5-42eb-b02f-9422976606fd"},{"element-6066-11e4-a52e-4f735466cecf":"68579f52-ed76-418e-8a60-2ec61c17b2e2"},{"element-6066-11e4-a52e-4f735466cecf":"ddb58ba7-6ece-48be-aff2-d7dac96b48ed"},{"element-6066-11e4-a52e-4f735466cecf":"2079c97f-2fac-48a4-984a-518f75bc812a"},{"element-6066-11e4-a52e-4f735466cecf":"ca96191b-2bb7-4894-87bb-713c2fb540ee"},{"element-6066-11e4-a52e-4f735466cecf":"963caeac-c0b3-400b-92c0-5521b96d9b05"},{"element-6066-11e4-a52e-4f735466cecf":"450ceafc-93d6-47aa-8ca0-987a2393d091"},{"element-6066-11e4-a52e-4f735466cecf":"007964f8-71e7-459c-aa9c-743e9336c3ec"},{"element-6066-11e4-a52e-4f735466cecf":"a2f0834b-a833-41e7-b1ef-55659c42c8d5"},{"element-6066-11e4-a52e-4f735466cecf":"38806f8b-f8d3-4176-9d7f-b749a1793bb3"},{"element-6066-11e4-a52e-4f735466cecf":"b2213219-ec3e-4e0d-ae45-61b54025b3fd"},{"element-6066-11e4-a52e-4f735466cecf":"7878d1d9-25f1-458c-bea9-81b9e23d488e"},{"element-6066-11e4-a52e-4f735466cecf":"a9138b24-5ab2-429f-88a7-f1746fb2e7a0"},{"element-6066-11e4-a52e-4f735466cecf":"bc345457-1e93-4d06-b8aa-53547813595c"},{"element-6066-11e4-a52e-4f735466cecf":"79e6c01a-de9a-4f4e-b87f-eca0ae36b95f"},{"element-6066-11e4-a52e-4f735466cecf":"547facc2-8976-4ca5-80aa-1511efc6d8bb"},{"element-6066-11e4-a52e-4f735466cecf":"3abab1bd-4ead-43a0-9a29-ad0f94141501"},{"element-6066-11e4-a52e-4f735466cecf":"448d1afc-7ceb-4cd5-a50b-ad9aad75620a"},{"element-6066-11e4-a52e-4f735466cecf":"a05b2852-74cd-49e0-b242-9afc933ac17f"},{"element-6066-11e4-a52e-4f735466cecf":"677ef4c2-3b82-4560-8309-723f96cc424e"},{"element-6066-11e4-a52e-4f735466cecf":"34baf7c9-998a-4b94-ba80-779eda0165d9"},{"element-6066-11e4-a52e-4f735466cecf":"6df7f481-b792-42e2-9e9b-63f5ff914656"},{"element-6066-11e4-a52e-4f735466cecf":"04325923-cce9-41a7-8c3a-4958125221d7"},{"element-6066-11e4-a52e-4f735466cecf":"9e8fa49b-7975-4e4b-9250-99e34bdb1681"},{"element-6066-11e4-a52e-4f735466cecf":"00acd06d-2f83-4559-aebf-7f3ffd69fc5c"},{"element-6066-11e4-a52e-4f735466cecf":"654a0b33-e831-4c9b-8d12-a05a5d1dfa63"},{"element-6066-11e4-a52e-4f735466cecf":"f30a43f4-bc04-4853-8803-e42ed455fae6"},{"element-6066-11e4-a52e-4f735466cecf":"295dcb0d-52f7-4890-9f8e-4726e2c5c1a6"},{"element-6066-11e4-a52e-4f735466cecf":"1fac9002-a2a7-446a-8f00-902671642e2c"},{"element-6066-11e4-a52e-4f735466cecf":"0bf7f767-682a-4aaf-ac68-d238f1f24be1"},{"element-6066-11e4-a52e-4f735466cecf":"4a0ad45c-9f66-424a-aa81-a4fe6092194e"},{"element-6066-11e4-a52e-4f735466cecf":"387f53ee-0ac4-45b3-8009-a6a366ffb9c0"},{"element-6066-11e4-a52e-4f735466cecf":"1811dec2-d4f6-47f5-b757-bcf5e10ba938"},{"element-6066-11e4-a52e-4f735466cecf":"75cc0fcf-a79e-4835-9761-c33fb8c93b6a"},{"element-6066-11e4-a52e-4f735466cecf":"87781b63-e9aa-4b78-b73b-93dfe53146ba"},{"element-6066-11e4-a52e-4f735466cecf":"3b57909d-4e03-44f8-857d-bd66465cb610"},{"element-6066-11e4-a52e-4f735466cecf":"e768171f-c82e-4a99-a4ea-b9d7c0c426cc"},{"element-6066-11e4-a52e-4f735466cecf":"cc400db4-fd77-4ac8-9c39-130d7d358107"},{"element-6066-11e4-a52e-4f735466cecf":"63a4d0e5-1f4c-469d-9c6d-1db82fa5c943"},{"element-6066-11e4-a52e-4f735466cecf":"4e98b674-98fa-4c6c-af1b-0f0fe664b5ba"},{"element-6066-11e4-a52e-4f735466cecf":"111de1a4-79b4-488d-941b-a2f63c642570"},{"element-6066-11e4-a52e-4f735466cecf":"9f6de48d-0d85-4258-a2a4-b30dbf9d6e9c"},{"element-6066-11e4-a52e-4f735466cecf":"9634de58-36ae-426a-9488-0a4e6270cd09"},{"element-6066-11e4-a52e-4f735466cecf":"716fd07e-cffd-4731-8ca5-362e0df4b1e8"},{"element-6066-11e4-a52e-4f735466cecf":"06d48d85-64ec-48cb-8774-4c10dad309e5"},{"element-6066-11e4-a52e-4f735466cecf":"0737170a-d134-4035-8d3d-637c33b927ef"},{"element-6066-11e4-a52e-4f735466cecf":"e6612622-3836-4088-bfa9-47a04013e877"},{"element-6066-11e4-a52e-4f735466cecf":"3d208201-2ce0-4467-9b17-52c36bb5dc8f"},{"element-6066-11e4-a52e-4f735466cecf":"784e4a25-cea8-4767-938b-0285de14d97c"},{"element-6066-11e4-a52e-4f735466cecf":"bebf017c-0312-45c2-a60a-46a9cb40b484"},{"element-6066-11e4-a52e-4f735466cecf":"28bb245d-7b18-4ee7-8087-2b7101e7cc66"},{"element-6066-11e4-a52e-4f735466cecf":"bb61e06d-134e-4ae2-b4f3-910037eb5a1b"},{"element-6066-11e4-a52e-4f735466cecf":"6d676ec1-1491-4c25-9383-c070658d0d5e"},{"element-6066-11e4-a52e-4f735466cecf":"16b55f72-e4f8-4496-8425-f9395f6e1681"},{"element-6066-11e4-a52e-4f735466cecf":"81c83426-b61a-4d9b-8026-09722c19e720"},{"element-6066-11e4-a52e-4f735466cecf":"d3cd5f2d-0a62-4a9a-a811-15240fc8185d"},{"element-6066-11e4-a52e-4f735466cecf":"32923ee1-4e22-4cd2-8913-555bdcefd025"},{"element-6066-11e4-a52e-4f735466cecf":"de8fa306-d419-4ad7-8da3-4389dd3d7525"},{"element-6066-11e4-a52e-4f735466cecf":"56d933e6-6229-41c5-8f67-e21b9ed02eaf"},{"element-6066-11e4-a52e-4f735466cecf":"233f9cbf-3250-47a6-894f-4540b9f9a035"},{"element-6066-11e4-a52e-4f735466cecf":"9c8c1ab0-27c0-48b2-9b02-13a4255a7e2c"},{"element-6066-11e4-a52e-4f735466cecf":"cc9bd4c5-78d5-4601-8a29-12d778fb484c"},{"element-6066-11e4-a52e-4f735466cecf":"c8e8d661-3dce-41eb-b22c-8a23fc345240"},{"element-6066-11e4-a52e-4f735466cecf":"e9c8aa6e-4021-4487-bd23-e51fd0477b44"},{"element-6066-11e4-a52e-4f735466cecf":"2e7e0cec-9f0d-4dbd-9a7f-48ab44c857ec"},{"element-6066-11e4-a52e-4f735466cecf":"19924567-bd6f-49bb-b97f-49de3b31768a"},{"element-6066-11e4-a52e-4f735466cecf":"d222607d-31a6-445c-8566-0245f8db8bf7"},{"element-6066-11e4-a52e-4f735466cecf":"f8f5252e-72b6-4b28-9094-4d184134906f"},{"element-6066-11e4-a52e-4f735466cecf":"a549917f-f354-42e2-94c3-83931ee1785e"},{"element-6066-11e4-a52e-4f735466cecf":"66473318-58a0-4318-8c6b-a4bc8e032cce"},{"element-6066-11e4-a52e-4f735466cecf":"ab3f008e-373a-4ab7-aa04-f00f01a2da18"},{"element-6066-11e4-a52e-4f735466cecf":"cb4335db-c701-4fc6-b5bb-941afa3e060c"},{"element-6066-11e4-a52e-4f735466cecf":"68977fa7-ff24-41b3-8cc1-45107e4e3167"},{"element-6066-11e4-a52e-4f735466cecf":"3742fbf0-f531-4e36-9604-3c9eaacbe641"},{"element-6066-11e4-a52e-4f735466cecf":"1f466852-f012-4fe5-aeaf-a5cffec4b1b0"},{"element-6066-11e4-a52e-4f735466cecf":"abafe923-0b3b-42f7-a2c7-c742e2f8bb1c"},{"element-6066-11e4-a52e-4f735466cecf":"03f8d180-1918-42e7-bc92-0379ad983bf9"},{"element-6066-11e4-a52e-4f735466cecf":"22658938-40ac-4384-b7f5-0675886b944f"},{"element-6066-11e4-a52e-4f735466cecf":"437f0d1a-a314-4ef4-9c5f-7fa17dc3e35c"},{"element-6066-11e4-a52e-4f735466cecf":"7cef3a7e-de20-4b20-b503-e91a22751c5a"},{"element-6066-11e4-a52e-4f735466cecf":"71bdd044-25f5-4a57-89ad-89675bf61a4b"},{"element-6066-11e4-a52e-4f735466cecf":"45bbb4de-df4d-4fd0-8030-d20d1e83b2f7"},{"element-6066-11e4-a52e-4f735466cecf":"8e10d71f-d173-4ad6-b5c1-151936a10262"},{"element-6066-11e4-a52e-4f735466cecf":"67c69321-26d5-4f78-9b5d-fb9359048c02"},{"element-6066-11e4-a52e-4f735466cecf":"379d40d5-e86c-4b6a-b502-7af93ff443d8"},{"element-6066-11e4-a52e-4f735466cecf":"2dad85da-4b60-4779-9256-f2d485bd7ccc"},{"element-6066-11e4-a52e-4f735466cecf":"aa4a7a52-75af-43a7-8ac5-2e5b9d0cf127"},{"element-6066-11e4-a52e-4f735466cecf":"3c5513cc-b790-45fb-a130-ca4f8a709ac1"},{"element-6066-11e4-a52e-4f735466cecf":"81f04353-5a93-48e0-9962-a484fe664599"},{"element-6066-11e4-a52e-4f735466cecf":"286e9adc-cf40-41e5-b8d6-356cd2dcf2e0"},{"element-6066-11e4-a52e-4f735466cecf":"907b50ac-4f93-4192-a6ec-09d9d3ed45ed"},{"element-6066-11e4-a52e-4f735466cecf":"30682ff7-b6bb-41a1-b5fa-5db59811ce3d"},{"element-6066-11e4-a52e-4f735466cecf":"b6625345-cf2d-4890-b37a-fa43fcb3ac54"},{"element-6066-11e4-a52e-4f735466cecf":"69f2ff12-2fb9-45e7-9f33-004bd9a33e44"},{"element-6066-11e4-a52e-4f735466cecf":"ba303778-1683-4e5a-9129-04eb848614b8"},{"element-6066-11e4-a52e-4f735466cecf":"5ef6f55d-e519-4d29-a011-8bfebd1e1487"},{"element-6066-11e4-a52e-4f735466cecf":"fa44e8b5-0b5d-4cd7-a530-7d390760c313"},{"element-6066-11e4-a52e-4f735466cecf":"8a9f46ba-2423-4c5d-9088-e7f62df67223"},{"element-6066-11e4-a52e-4f735466cecf":"980fb4d1-e335-4fc2-bf88-de78796934c9"},{"element-6066-11e4-a52e-4f735466cecf":"953fe281-6ad4-4fad-bc1c-28b5264d4239"},{"element-6066-11e4-a52e-4f735466cecf":"80b89576-05c8-4c2a-b0a8-56d085d283e7"},{"element-6066-11e4-a52e-4f735466cecf":"72ee35c6-4483-427a-9e5e-1b004fa33189"},{"element-6066-11e4-a52e-4f735466cecf":"c760e33b-e0a6-415f-b26b-9ebcf7985ef6"},{"element-6066-11e4-a52e-4f735466cecf":"699b690a-2a6a-4a73-b1cb-ef51bff831fd"},{"element-6066-11e4-a52e-4f735466cecf":"fdc9e1ad-3a78-4611-b6ea-743dd5103d96"},{"element-6066-11e4-a52e-4f735466cecf":"5ba6e28d-799d-4b14-8514-7ef3b1d35e7a"},{"element-6066-11e4-a52e-4f735466cecf":"8c0edfb3-9306-4f8d-9267-60145e5e6301"},{"element-6066-11e4-a52e-4f735466cecf":"acf8fac7-8b2d-4372-b998-979f29ccb237"},{"element-6066-11e4-a52e-4f735466cecf":"5b53821c-fe20-46e4-b517-545a36c32f74"},{"element-6066-11e4-a52e-4f735466cecf":"8acf55cf-ba0e-42e3-888f-f08c7b045a22"},{"element-6066-11e4-a52e-4f735466cecf":"6eb84d5f-4ded-4e09-a653-91564234efd4"},{"element-6066-11e4-a52e-4f735466cecf":"8014235e-e4a6-43de-9f78-46967c937a1a"},{"element-6066-11e4-a52e-4f735466cecf":"73ca88b4-d409-4da0-b08f-f2da9c1fb5b6"},{"element-6066-11e4-a52e-4f735466cecf":"1b9d3e2d-f994-4c9c-84b2-a02f9c741e0d"},{"element-6066-11e4-a52e-4f735466cecf":"aacfbe98-a225-43dd-9a20-997c5d480480"},{"element-6066-11e4-a52e-4f735466cecf":"52e2649e-6692-420b-95e5-fd49a974860e"},{"element-6066-11e4-a52e-4f735466cecf":"045160a9-376f-4812-b10c-bf982cc91cb6"},{"element-6066-11e4-a52e-4f735466cecf":"c4aa765b-75ed-41bc-a533-7436e59af846"},{"element-6066-11e4-a52e-4f735466cecf":"4062f40d-5799-4c0c-bcd5-b931e94a153b"},{"element-6066-11e4-a52e-4f735466cecf":"fe7cc89f-f5eb-49da-b2ff-c2b2e9381ea1"},{"element-6066-11e4-a52e-4f735466cecf":"0cf98b80-3424-4f6b-8cf4-d4bff34eb880"},{"element-6066-11e4-a52e-4f735466cecf":"a9bee568-75a2-4c24-ab4b-40f8216a587d"},{"element-6066-11e4-a52e-4f735466cecf":"afb6e7f1-4efb-4e15-add1-ab0bd01bfc7a"},{"element-6066-11e4-a52e-4f735466cecf":"29d8e4f1-9752-408f-87f6-8766f4726df2"},{"element-6066-11e4-a52e-4f735466cecf":"67993ce8-c48e-407c-a4f0-0f57f5cb8f16"},{"element-6066-11e4-a52e-4f735466cecf":"73ead00d-59af-4873-98b5-81386a674ff1"},{"element-6066-11e4-a52e-4f735466cecf":"63485f5e-f95e-46ba-b2d3-08dbf5c66459"},{"element-6066-11e4-a52e-4f735466cecf":"6df5466f-068f-4e6b-a1c0-ea4b60a7fe9e"},{"element-6066-11e4-a52e-4f735466cecf":"38a7ddf5-c338-4663-bc2c-4f7086813b2d"},{"element-6066-11e4-a52e-4f735466cecf":"d5710d6b-3db9-49dd-9de4-dcd5ba217657"},{"element-6066-11e4-a52e-4f735466cecf":"2f4053fe-ebec-4f50-9aa1-e7827ff20e89"},{"element-6066-11e4-a52e-4f735466cecf":"12637ad9-5675-47e4-b084-2b11ccb88eb8"},{"element-6066-11e4-a52e-4f735466cecf":"9bf8a4d9-7866-4094-8b85-4beb43dbb33b"},{"element-6066-11e4-a52e-4f735466cecf":"8cc7fd1a-2ab7-4446-8375-681fe29ad8e6"},{"element-6066-11e4-a52e-4f735466cecf":"5ea6327e-7f3a-4ad0-bc7f-a71d02907d0b"},{"element-6066-11e4-a52e-4f735466cecf":"6b8d539c-d808-4f92-907c-7a5261295424"},{"element-6066-11e4-a52e-4f735466cecf":"d6bdeaa4-c106-4527-8097-dfb50f1b4fde"},{"element-6066-11e4-a52e-4f735466cecf":"c78e8d35-35cc-4e03-8cb6-14be6e083e41"},{"element-6066-11e4-a52e-4f735466cecf":"e91cbee9-9374-4139-a6d6-e1e467b1b973"},{"element-6066-11e4-a52e-4f735466cecf":"b5005fa1-f4a2-451f-bb0a-32898c420f0e"},{"element-6066-11e4-a52e-4f735466cecf":"2b92a05d-e153-44e3-a70f-134ca0c755a0"},{"element-6066-11e4-a52e-4f735466cecf":"2e68a7e3-afad-4627-ace2-40c99aefca46"},{"element-6066-11e4-a52e-4f735466cecf":"fdd4922a-c145-445c-9277-1eabc3ed4c69"},{"element-6066-11e4-a52e-4f735466cecf":"462e04e9-212a-4aa7-a213-297304ea1757"},{"element-6066-11e4-a52e-4f735466cecf":"a9dec138-d815-4666-b099-9ba2968bcb5c"},{"element-6066-11e4-a52e-4f735466cecf":"d15f44bc-deb3-4466-9961-99e542813d8d"},{"element-6066-11e4-a52e-4f735466cecf":"57cff2ec-44ee-4d6c-a65a-f3665d7cc413"},{"element-6066-11e4-a52e-4f735466cecf":"784bffc7-2965-4be2-a94b-e6d78e4cb948"},{"element-6066-11e4-a52e-4f735466cecf":"68c9998c-1677-4539-9b28-985ed39a32a2"},{"element-6066-11e4-a52e-4f735466cecf":"d7909a8b-d686-40a8-81b3-4c33ab3b7872"},{"element-6066-11e4-a52e-4f735466cecf":"e1f515e2-9315-49a2-b9c5-95dc8632dbbe"},{"element-6066-11e4-a52e-4f735466cecf":"419e1b27-d389-4dc7-9831-62f5d2de4d5f"},{"element-6066-11e4-a52e-4f735466cecf":"19061e42-6590-4d4d-9fa7-efdc136c2bb1"},{"element-6066-11e4-a52e-4f735466cecf":"4632f45a-9250-4373-abba-5d9106fc8fce"},{"element-6066-11e4-a52e-4f735466cecf":"66b91d45-6295-4354-9be8-f32a6ae4505d"},{"element-6066-11e4-a52e-4f735466cecf":"18584a16-a85f-4d72-97e1-e1720957a756"},{"element-6066-11e4-a52e-4f735466cecf":"582c2336-efb0-4f5d-bdf7-ede51bc46ac6"},{"element-6066-11e4-a52e-4f735466cecf":"bc05dfe0-87e0-4711-aff7-619e3a8a0d43"},{"element-6066-11e4-a52e-4f735466cecf":"fa07fe4d-0ebe-42d5-97d6-03ee89613861"},{"element-6066-11e4-a52e-4f735466cecf":"9c644a6e-c836-4f6a-9a65-4f074db44249"},{"element-6066-11e4-a52e-4f735466cecf":"f264d322-a59d-429c-8c2a-c340edb5d933"},{"element-6066-11e4-a52e-4f735466cecf":"75dbff7b-6a3f-4939-ba04-4b425588a214"},{"element-6066-11e4-a52e-4f735466cecf":"757f3138-c9ce-4666-bf1c-4875b47fcede"},{"element-6066-11e4-a52e-4f735466cecf":"771695f1-e739-443e-9d25-224c3f58c111"},{"element-6066-11e4-a52e-4f735466cecf":"62920707-c9e1-46cb-97ac-ee2659c1a44a"},{"element-6066-11e4-a52e-4f735466cecf":"5920d8c8-2ab2-45f2-a50c-dd8ed0dc0ce5"},{"element-6066-11e4-a52e-4f735466cecf":"dd17a330-f3d3-4355-b4dc-15e058e601bb"},{"element-6066-11e4-a52e-4f735466cecf":"75fa3310-ddc1-4bef-9c1a-52333cfa3fa6"},{"element-6066-11e4-a52e-4f735466cecf":"f7c91edf-d44c-4c71-9dcd-03bc764f2f92"},{"element-6066-11e4-a52e-4f735466cecf":"b3a22485-dd6e-435f-9d68-775b64ad0fb8"},{"element-6066-11e4-a52e-4f735466cecf":"c3f8d2d1-1c4f-4112-a955-e6d83ef00924"},{"element-6066-11e4-a52e-4f735466cecf":"5b7006fa-dedb-4a64-995a-bc109dc9d48c"},{"element-6066-11e4-a52e-4f735466cecf":"0a74f65c-dbd7-4ec5-a8c8-5ea0be98e787"},{"element-6066-11e4-a52e-4f735466cecf":"eedd55ee-7d0d-4f98-94c6-b8f7f2ec668d"},{"element-6066-11e4-a52e-4f735466cecf":"1d681199-dbc4-455b-9a84-c76aea2ae210"},{"element-6066-11e4-a52e-4f735466cecf":"843d1cfc-3d8a-47b2-a447-620f738738b4"},{"element-6066-11e4-a52e-4f735466cecf":"b667d952-8343-41e9-959e-60c0597bcb31"},{"element-6066-11e4-a52e-4f735466cecf":"36b1339c-a573-4a37-8c4c-db9a9bb853d7"},{"element-6066-11e4-a52e-4f735466cecf":"8efa8bf1-bbef-48ca-b995-ce43840c1d41"},{"element-6066-11e4-a52e-4f735466cecf":"cd0d62d6-4ca4-4449-9ed3-079a6ba73917"},{"element-6066-11e4-a52e-4f735466cecf":"8d89c2e2-bbbc-4817-b045-c4af2e3251af"},{"element-6066-11e4-a52e-4f735466cecf":"be010e20-9b05-4c6f-93dc-4842e1622183"},{"element-6066-11e4-a52e-4f735466cecf":"22a2b2f5-669f-45f3-84b7-b04921f608fe"},{"element-6066-11e4-a52e-4f735466cecf":"83f5f732-ff05-4b66-bc92-60f5fb1f45a3"},{"element-6066-11e4-a52e-4f735466cecf":"3b0beb35-dd7c-49df-8252-cb8f9d870bb1"},{"element-6066-11e4-a52e-4f735466cecf":"b76aeeb8-93e7-4af0-9bdd-d3c32b45fca7"},{"element-6066-11e4-a52e-4f735466cecf":"1b535dc0-dccc-490e-8b98-cc18ff7c563a"},{"element-6066-11e4-a52e-4f735466cecf":"00edef91-260f-4819-8e61-f43736ee1cf1"},{"element-6066-11e4-a52e-4f735466cecf":"0cc6bf3e-0e91-411d-a2cc-11a41dbeba37"},{"element-6066-11e4-a52e-4f735466cecf":"425bc0c4-f11a-436b-9fa6-a4dbb5e93ffe"},{"element-6066-11e4-a52e-4f735466cecf":"e61993f5-c193-4435-891e-07de063677c5"},{"element-6066-11e4-a52e-4f735466cecf":"4d45bfae-60ce-4320-a08d-bf80a169aa0a"},{"element-6066-11e4-a52e-4f735466cecf":"564e9aef-adb8-4ed8-9631-cf7738ba480b"},{"element-6066-11e4-a52e-4f735466cecf":"4c6c6937-58bb-486b-8ee1-40a5e37857f8"},{"element-6066-11e4-a52e-4f735466cecf":"4cc7df3e-c2c7-48f9-9280-959ba78237b7"},{"element-6066-11e4-a52e-4f735466cecf":"bb023cf4-01d7-49c4-a9d1-349315eab574"},{"element-6066-11e4-a52e-4f735466cecf":"bce0d503-b60d-42be-9a1b-0ba30fb09378"},{"element-6066-11e4-a52e-4f735466cecf":"6286a007-0396-4afc-81ef-98a32deaf46c"},{"element-6066-11e4-a52e-4f735466cecf":"86c8ed1b-4252-4083-b84a-a4a28f822df6"},{"element-6066-11e4-a52e-4f735466cecf":"ca93810e-25cb-4c4c-bf1c-f2bcf5ddf5a4"},{"element-6066-11e4-a52e-4f735466cecf":"48092011-3eae-4d87-b4b2-3370803b43f9"},{"element-6066-11e4-a52e-4f735466cecf":"531c64a5-f3a4-4678-9ac1-cbbe7a1b425b"},{"element-6066-11e4-a52e-4f735466cecf":"76e76da4-b2d8-4d9e-9686-8fa76ef9b46f"},{"element-6066-11e4-a52e-4f735466cecf":"ddd0f23d-09b0-4391-93cb-75c4e2268b16"},{"element-6066-11e4-a52e-4f735466cecf":"db4139ab-c1cb-417a-be6d-ff966d5d4dfb"},{"element-6066-11e4-a52e-4f735466cecf":"9f9649b4-9362-44a7-98fb-aba9befc4a26"},{"element-6066-11e4-a52e-4f735466cecf":"5d00f647-d7f0-44c6-b629-46acb1d8831a"},{"element-6066-11e4-a52e-4f735466cecf":"c518fc9f-ab61-473c-a8bf-9078a336f2e8"},{"element-6066-11e4-a52e-4f735466cecf":"659e0a96-89da-4d8f-9094-7563073b022f"},{"element-6066-11e4-a52e-4f735466cecf":"8d2e234d-1e60-4d12-8aea-0199323ae3b5"},{"element-6066-11e4-a52e-4f735466cecf":"9ed020c4-654a-4e56-a686-1dd2eca74da4"},{"element-6066-11e4-a52e-4f735466cecf":"837b2148-f82b-42ee-ac71-481058db9a0b"},{"element-6066-11e4-a52e-4f735466cecf":"3fd3f661-00f4-467b-81d8-f1f735587d8b"},{"element-6066-11e4-a52e-4f735466cecf":"ef527e1f-c8eb-4588-9d69-10591a0f314b"},{"element-6066-11e4-a52e-4f735466cecf":"0bc2da58-267d-480f-8d1a-c980630382cf"},{"element-6066-11e4-a52e-4f735466cecf":"a682f27b-d783-4455-a7eb-c97cedaeead6"},{"element-6066-11e4-a52e-4f735466cecf":"bf57f8ef-2b91-4dc9-bd6c-d67fb6740d8d"},{"element-6066-11e4-a52e-4f735466cecf":"4e7ce853-3f17-4714-a8a1-3a8fa2a77b3c"},{"element-6066-11e4-a52e-4f735466cecf":"7a783649-e17b-449d-8b2a-8e9122587e44"},{"element-6066-11e4-a52e-4f735466cecf":"11b29d69-a027-47fa-a80f-3f49a7c70144"},{"element-6066-11e4-a52e-4f735466cecf":"e0b148bb-3ad1-4585-8d3b-559d1d333545"},{"element-6066-11e4-a52e-4f735466cecf":"d07c47c8-61e7-4926-86ea-396d9ea71857"},{"element-6066-11e4-a52e-4f735466cecf":"57677958-ccb4-4433-ae52-b204d896de26"},{"element-6066-11e4-a52e-4f735466cecf":"7881d509-7d8e-43ee-91c8-385b1f7df17c"},{"element-6066-11e4-a52e-4f735466cecf":"c483e02b-7b62-40e9-9523-765afd584707"},{"element-6066-11e4-a52e-4f735466cecf":"98f6c891-0b2c-4e81-ab3b-837ab7f31cb2"},{"element-6066-11e4-a52e-4f735466cecf":"1fb1d138-b33b-4d87-ba7c-8fbe3c0590ce"},{"element-6066-11e4-a52e-4f735466cecf":"995841b2-b19f-4c39-aa83-94d32783221e"},{"element-6066-11e4-a52e-4f735466cecf":"77770e58-c125-422b-b63c-27862348cb9e"},{"element-6066-11e4-a52e-4f735466cecf":"b7f6edd1-d932-4d91-a054-646e75aa4756"},{"element-6066-11e4-a52e-4f735466cecf":"f6449cf0-3ef0-4243-8c46-201901b482ff"},{"element-6066-11e4-a52e-4f735466cecf":"d4030cc0-a566-4130-9c27-6f375df96ff7"},{"element-6066-11e4-a52e-4f735466cecf":"903f8ca4-3100-46aa-9a44-a699f8ffa192"},{"element-6066-11e4-a52e-4f735466cecf":"6f7b1111-25e4-4c9f-a822-579a50077939"},{"element-6066-11e4-a52e-4f735466cecf":"b8061c57-5957-4332-b0ae-4da4c53fd96b"},{"element-6066-11e4-a52e-4f735466cecf":"bc8f3731-7d8e-4e3b-bb91-b023fca17c8f"},{"element-6066-11e4-a52e-4f735466cecf":"ce531e11-cee8-4989-bdc4-268585f9b8b1"},{"element-6066-11e4-a52e-4f735466cecf":"f1290f3a-b000-4485-b27b-ab586786270c"},{"element-6066-11e4-a52e-4f735466cecf":"ecb5dfe1-f99f-472c-8a1e-74564c188668"},{"element-6066-11e4-a52e-4f735466cecf":"4717237e-2de8-4e15-b187-eb47a4cf13c9"},{"element-6066-11e4-a52e-4f735466cecf":"543303b1-1d15-40a1-9f97-4eaf5734ae08"},{"element-6066-11e4-a52e-4f735466cecf":"f13075f0-fb86-41ff-8035-3060d96be6b9"},{"element-6066-11e4-a52e-4f735466cecf":"f0d4ec38-08f1-490e-9dfd-375ea41a6593"},{"element-6066-11e4-a52e-4f735466cecf":"f755e521-a212-4aab-b286-0761e98a1dad"},{"element-6066-11e4-a52e-4f735466cecf":"b5a6e229-1460-4a39-9a78-c1f9c57b78f5"},{"element-6066-11e4-a52e-4f735466cecf":"64bb5874-614c-477c-9b9a-c7b71a0ff249"},{"element-6066-11e4-a52e-4f735466cecf":"0b3e2f20-21d6-4842-8307-47311ab1586e"},{"element-6066-11e4-a52e-4f735466cecf":"4c0a6106-460a-4708-bf8d-52f52a8bb18d"},{"element-6066-11e4-a52e-4f735466cecf":"9891e371-55e0-49ec-8a54-53d5708805ce"},{"element-6066-11e4-a52e-4f735466cecf":"48e6151f-7c42-477b-8562-c955d33ebc4c"},{"element-6066-11e4-a52e-4f735466cecf":"131c3479-2f51-4104-be07-0559cfb4c388"},{"element-6066-11e4-a52e-4f735466cecf":"a3255509-cf2e-4f61-8233-116ec6237480"},{"element-6066-11e4-a52e-4f735466cecf":"b65efde2-86f4-472f-b380-c0b258ece570"},{"element-6066-11e4-a52e-4f735466cecf":"3e6b3803-a92e-4e7e-a224-32ff1808b810"},{"element-6066-11e4-a52e-4f735466cecf":"7d23baef-fefb-421a-b3b6-3b331d9ef2b0"},{"element-6066-11e4-a52e-4f735466cecf":"cfcc7c10-bf3d-475c-89a1-815e2dc7dc62"},{"element-6066-11e4-a52e-4f735466cecf":"bb935014-3128-4a4f-a832-97eaed764d80"},{"element-6066-11e4-a52e-4f735466cecf":"d7cbf6b2-b1e3-4946-a129-4bded922b467"},{"element-6066-11e4-a52e-4f735466cecf":"db814f9b-88a2-4b04-adc1-9456b6c49dab"},{"element-6066-11e4-a52e-4f735466cecf":"c5a039dd-d944-4df9-bdd2-a9b98d093f58"},{"element-6066-11e4-a52e-4f735466cecf":"1df7f43d-7cec-4302-8b24-1b8471973057"},{"element-6066-11e4-a52e-4f735466cecf":"0eae7445-6f27-4c8d-aa55-f4c2094abd0d"},{"element-6066-11e4-a52e-4f735466cecf":"8ef1f8d8-0a8b-40e2-9e66-cb01c6121bd2"},{"element-6066-11e4-a52e-4f735466cecf":"071186fc-9fab-4644-a679-9e1c62df89f6"},{"element-6066-11e4-a52e-4f735466cecf":"1fa5b329-3b9d-4141-8413-84d09441c126"},{"element-6066-11e4-a52e-4f735466cecf":"cab38e66-4378-4df2-8240-d5d4511713d0"},{"element-6066-11e4-a52e-4f735466cecf":"f2685d09-c2e1-4096-9048-a4f647cf5325"},{"element-6066-11e4-a52e-4f735466cecf":"5a592dd8-c4cd-4456-9def-0688a8d456c5"},{"element-6066-11e4-a52e-4f735466cecf":"b3f8cdd9-0449-40e6-b789-66a4d5a22cfb"},{"element-6066-11e4-a52e-4f735466cecf":"643fe275-b527-4e39-8fcb-cb34ebb20179"},{"element-6066-11e4-a52e-4f735466cecf":"b7f28782-b6fa-485b-93dc-3a52ae5972c3"},{"element-6066-11e4-a52e-4f735466cecf":"60dbca4f-ef6e-45c2-bf8a-b5dc3e2627de"},{"element-6066-11e4-a52e-4f735466cecf":"64d9f292-03b3-476d-b11c-aecb66e50b60"},{"element-6066-11e4-a52e-4f735466cecf":"88b50db1-ce74-47ab-89e6-4904593486c3"},{"element-6066-11e4-a52e-4f735466cecf":"4136d8a3-9365-4ff3-bc3b-226e6fd3ba1b"},{"element-6066-11e4-a52e-4f735466cecf":"e5f54541-da07-43bb-93ec-bb9e8eec6df0"},{"element-6066-11e4-a52e-4f735466cecf":"bf3af9fc-fbce-4c39-a9fd-890441a93b5a"},{"element-6066-11e4-a52e-4f735466cecf":"41be7903-5883-426b-ad95-689ab6c2049c"},{"element-6066-11e4-a52e-4f735466cecf":"e334c594-0362-4dc8-bc70-5e096aafa3d9"},{"element-6066-11e4-a52e-4f735466cecf":"899bcb45-f3da-4f5e-902d-19798f4fd719"},{"element-6066-11e4-a52e-4f735466cecf":"310d5623-2c87-4043-9037-d410e7a10a71"},{"element-6066-11e4-a52e-4f735466cecf":"cb09efe1-88b0-4105-ad5f-46c69b9d7b19"},{"element-6066-11e4-a52e-4f735466cecf":"5fa92b69-0721-423a-add5-7db7928dc0dc"},{"element-6066-11e4-a52e-4f735466cecf":"1cf7c1b3-1527-4ad2-bacb-5148f0aa1e7f"},{"element-6066-11e4-a52e-4f735466cecf":"031448b3-2454-4b9f-9fdf-a383c3057383"},{"element-6066-11e4-a52e-4f735466cecf":"f2ab8902-8e2f-4f3e-8465-ffd48c06620b"},{"element-6066-11e4-a52e-4f735466cecf":"4cb925d8-64d8-4e2e-9ede-0b32133c35e4"},{"element-6066-11e4-a52e-4f735466cecf":"ff00e5bd-091e-40b3-acc3-4ff60427f777"},{"element-6066-11e4-a52e-4f735466cecf":"f74bd391-e631-4fb1-9b22-a4c2c5f1eb73"},{"element-6066-11e4-a52e-4f735466cecf":"c4d69a69-a17d-4091-9593-336d30bed8fa"},{"element-6066-11e4-a52e-4f735466cecf":"37929ed3-d98a-4527-90a7-ba4a612a48a0"},{"element-6066-11e4-a52e-4f735466cecf":"167486d3-bd3b-4b5b-a32b-141990de1570"},{"element-6066-11e4-a52e-4f735466cecf":"c83c919d-e33a-42d6-94b7-3d0a65214446"},{"element-6066-11e4-a52e-4f735466cecf":"897f1601-d7e3-4635-8945-10456cf08148"},{"element-6066-11e4-a52e-4f735466cecf":"975e2139-a257-4ffe-bcb8-f611c464bf8c"},{"element-6066-11e4-a52e-4f735466cecf":"7dcb898f-070b-4db1-9972-751aa5691c08"},{"element-6066-11e4-a52e-4f735466cecf":"dc3a705d-fc4d-45b9-9ee8-33ef566f92eb"},{"element-6066-11e4-a52e-4f735466cecf":"b5c7f4d2-efba-4837-945f-f245aed0e511"},{"element-6066-11e4-a52e-4f735466cecf":"c3d7b299-5f19-496c-aea2-739f97679004"},{"element-6066-11e4-a52e-4f735466cecf":"53fad48e-d25b-4bb9-bac7-fce8ec5842ca"},{"element-6066-11e4-a52e-4f735466cecf":"eb08e4b1-f88c-459c-83c7-6e9b82c2be16"},{"element-6066-11e4-a52e-4f735466cecf":"32abcf56-9ec8-472d-abf7-282154f4a354"},{"element-6066-11e4-a52e-4f735466cecf":"d594a817-9ed8-415d-bbe5-761a8b95244d"},{"element-6066-11e4-a52e-4f735466cecf":"0bd9e80e-cf7f-4b1f-af73-2d52cb1a5a05"},{"element-6066-11e4-a52e-4f735466cecf":"1d3d1e7e-ebc8-4fb3-b3fa-e135473ebeeb"},{"element-6066-11e4-a52e-4f735466cecf":"04515b9f-e285-41b9-9d7e-7dc9d497511b"},{"element-6066-11e4-a52e-4f735466cecf":"755a51fc-b7b6-411c-863f-b002c2f5b6b4"},{"element-6066-11e4-a52e-4f735466cecf":"027d6765-7d28-44e0-abb3-5d9c94045257"},{"element-6066-11e4-a52e-4f735466cecf":"fcf047c3-b460-431c-bb35-f526cad44f2b"},{"element-6066-11e4-a52e-4f735466cecf":"af2fc590-3878-4c2e-807a-c7288e62fed3"},{"element-6066-11e4-a52e-4f735466cecf":"d3c39b48-6ab8-4b4a-a97d-7086801cfee2"},{"element-6066-11e4-a52e-4f735466cecf":"c78690bd-d0b0-48f4-94c8-fd89227057e4"},{"element-6066-11e4-a52e-4f735466cecf":"1155b2f6-9931-43c4-8cbe-61f1413cec1e"},{"element-6066-11e4-a52e-4f735466cecf":"805fd261-d176-4206-8a42-119dce1478f6"},{"element-6066-11e4-a52e-4f735466cecf":"10b67273-b02a-499f-908c-73ddb22a54e6"},{"element-6066-11e4-a52e-4f735466cecf":"c6bb2655-220b-47e3-8469-60fc92bcd7a0"},{"element-6066-11e4-a52e-4f735466cecf":"7d4da778-a680-429c-bf7a-ae59c086b851"},{"element-6066-11e4-a52e-4f735466cecf":"e75c4b2e-0f66-49c1-bcf7-a214acbdfda6"},{"element-6066-11e4-a52e-4f735466cecf":"54a3d699-99ae-4291-b700-bc3092077d4c"},{"element-6066-11e4-a52e-4f735466cecf":"d26d12eb-4985-493c-95cc-776298c2f7a2"},{"element-6066-11e4-a52e-4f735466cecf":"57b3daf2-e970-4c45-ae91-b4ad32faf779"},{"element-6066-11e4-a52e-4f735466cecf":"ce57b1fa-06af-490a-ada1-785e54eafcdd"},{"element-6066-11e4-a52e-4f735466cecf":"e979bff7-770d-4bbb-b9d4-469530b09d6e"},{"element-6066-11e4-a52e-4f735466cecf":"21e2a65a-0faf-45a8-84e0-b7798b4b3572"},{"element-6066-11e4-a52e-4f735466cecf":"34721f5b-7762-45c8-8de0-4ac1c31951a2"},{"element-6066-11e4-a52e-4f735466cecf":"5acef0bf-a99f-4c4e-9f52-ea9bc5d87124"},{"element-6066-11e4-a52e-4f735466cecf":"8a64630d-a9a2-4d2e-acb9-7dd20e457ad5"},{"element-6066-11e4-a52e-4f735466cecf":"d978c3e5-fb74-4102-af39-6f059dc4679e"},{"element-6066-11e4-a52e-4f735466cecf":"1eba63ee-2a30-4739-b96e-b2cfebf68725"},{"element-6066-11e4-a52e-4f735466cecf":"c730e12c-3258-434d-b90e-94a3bf7d22d0"},{"element-6066-11e4-a52e-4f735466cecf":"9f4672f1-5b5f-4f84-bb85-4be185bec426"},{"element-6066-11e4-a52e-4f735466cecf":"bed6f773-a4d0-4663-b917-1bccef1a7a2c"},{"element-6066-11e4-a52e-4f735466cecf":"a1f4be06-693a-4e27-b998-0aeca34ed66e"},{"element-6066-11e4-a52e-4f735466cecf":"c758860b-2b62-475f-83df-1db8db4c9fcb"},{"element-6066-11e4-a52e-4f735466cecf":"bbd37cf4-15b3-46f8-80a1-d738210e3dbc"},{"element-6066-11e4-a52e-4f735466cecf":"9068a835-9266-4fdf-9364-2458d7f20c4b"},{"element-6066-11e4-a52e-4f735466cecf":"78e7acd5-0cf4-452d-8860-127079ece088"},{"element-6066-11e4-a52e-4f735466cecf":"2ea24cf2-7e55-44b7-9a86-0a48939af467"},{"element-6066-11e4-a52e-4f735466cecf":"ee945d2f-9d77-40d6-a380-b5b4c98fd7d8"},{"element-6066-11e4-a52e-4f735466cecf":"c3b53d16-bbbb-4847-9cfb-f5603dc2edc7"},{"element-6066-11e4-a52e-4f735466cecf":"276f2a75-bc9a-4836-b128-07faf445ed23"},{"element-6066-11e4-a52e-4f735466cecf":"444570a8-472b-45c2-902e-9cd10c4bf1de"},{"element-6066-11e4-a52e-4f735466cecf":"9c0ca33e-d4e2-4896-8d30-586afffc9913"},{"element-6066-11e4-a52e-4f735466cecf":"6a5c9438-f7ef-4179-80b1-2097502a7f8a"},{"element-6066-11e4-a52e-4f735466cecf":"e1035d94-e799-4e90-a209-7688f48f31c3"},{"element-6066-11e4-a52e-4f735466cecf":"bb6c1372-3d44-4d57-9006-065bbb4c5208"},{"element-6066-11e4-a52e-4f735466cecf":"87bc6289-0555-43a1-9dc2-3b553d47547e"},{"element-6066-11e4-a52e-4f735466cecf":"2c8d698e-7b59-481a-8b4c-6768c8d771aa"},{"element-6066-11e4-a52e-4f735466cecf":"409edaf3-cc63-44e8-8a0b-67e721098b60"},{"element-6066-11e4-a52e-4f735466cecf":"b6d71c07-7453-40e5-a728-1407955c4c26"},{"element-6066-11e4-a52e-4f735466cecf":"17a978e1-b2f2-4411-8572-5b986acbd422"},{"element-6066-11e4-a52e-4f735466cecf":"38253b41-3510-4948-b47c-998208d4e8a7"},{"element-6066-11e4-a52e-4f735466cecf":"073287c1-0a79-49c0-9064-6ef09de85198"},{"element-6066-11e4-a52e-4f735466cecf":"9821f9ae-73f7-455d-af80-398722e034f1"},{"element-6066-11e4-a52e-4f735466cecf":"d70b01b6-04c4-48f3-b5cb-faba54231f09"},{"element-6066-11e4-a52e-4f735466cecf":"cba7d649-4528-41ca-a4a5-cbc480d70556"},{"element-6066-11e4-a52e-4f735466cecf":"c602217f-3d43-4d28-bdd4-a1cd8a771525"},{"element-6066-11e4-a52e-4f735466cecf":"c4a5a6da-b03e-466e-ad4e-501bc8cc6351"},{"element-6066-11e4-a52e-4f735466cecf":"f0547e47-0132-415c-aaa4-9b92a18976a1"},{"element-6066-11e4-a52e-4f735466cecf":"81583e52-9d52-4292-9b8a-31b1f94dcb8d"},{"element-6066-11e4-a52e-4f735466cecf":"a92394f5-a5bb-440a-8089-1a26e7cd0a1f"},{"element-6066-11e4-a52e-4f735466cecf":"176a4b0a-98c2-4d55-9169-296ae2d4be20"},{"element-6066-11e4-a52e-4f735466cecf":"6d547867-bb4c-47c5-8077-6fa4a700191f"},{"element-6066-11e4-a52e-4f735466cecf":"17a7f174-f852-4434-8862-2117fc700318"},{"element-6066-11e4-a52e-4f735466cecf":"c1031014-eabc-492a-8114-f099b7871a5e"},{"element-6066-11e4-a52e-4f735466cecf":"9ea32b02-8a61-4b58-aac7-1b5e6c559f26"},{"element-6066-11e4-a52e-4f735466cecf":"04dad813-3710-4209-833e-d4871772aa0f"},{"element-6066-11e4-a52e-4f735466cecf":"a33aff63-b80e-462c-a37f-794ecb9d4bd5"},{"element-6066-11e4-a52e-4f735466cecf":"340dc684-d47e-4f0c-b293-e4992259d17f"},{"element-6066-11e4-a52e-4f735466cecf":"51ed9751-17c0-4110-ac2f-929cd32ded68"},{"element-6066-11e4-a52e-4f735466cecf":"cb38825c-eff7-4577-b540-d2a8128ac148"},{"element-6066-11e4-a52e-4f735466cecf":"78f25f5b-c63d-4e34-9162-d070f0e54467"},{"element-6066-11e4-a52e-4f735466cecf":"c9475592-85db-4e5f-9578-399f48326377"},{"element-6066-11e4-a52e-4f735466cecf":"93b08aa4-38ca-47e2-95b2-6f961900659c"},{"element-6066-11e4-a52e-4f735466cecf":"6ffb0012-35c1-423a-9895-046b13e420b8"},{"element-6066-11e4-a52e-4f735466cecf":"49e9742e-e355-426c-b31a-30f1561fba25"},{"element-6066-11e4-a52e-4f735466cecf":"681ae42a-4feb-476f-942c-7e3c678e0cbe"},{"element-6066-11e4-a52e-4f735466cecf":"3ec59bb3-cf96-44bc-a436-757c54985932"},{"element-6066-11e4-a52e-4f735466cecf":"f3c84f45-98cc-4eee-beb2-5ab7b15173ba"},{"element-6066-11e4-a52e-4f735466cecf":"83117a60-3187-4770-ad04-26304566afb8"},{"element-6066-11e4-a52e-4f735466cecf":"da3589b0-cbb8-4ea6-ae4e-b987d005ecfb"},{"element-6066-11e4-a52e-4f735466cecf":"a9ddd152-a92f-4879-a65f-66afb71ec10e"},{"element-6066-11e4-a52e-4f735466cecf":"71d094d1-473a-417b-bb8b-2fae6ebffef0"},{"element-6066-11e4-a52e-4f735466cecf":"c4860bc9-6fe4-4d3c-a604-c976aec70463"},{"element-6066-11e4-a52e-4f735466cecf":"460f90c1-99df-4b1e-854c-b7b110e9d2d7"},{"element-6066-11e4-a52e-4f735466cecf":"a1b5a115-471e-4d46-a3e0-a2d5f4171444"},{"element-6066-11e4-a52e-4f735466cecf":"b012f208-1d75-42a7-83c7-22b99d94b7c7"},{"element-6066-11e4-a52e-4f735466cecf":"79f260ed-1069-4700-8444-520772b854da"},{"element-6066-11e4-a52e-4f735466cecf":"f2eefbbe-8a08-4773-a676-fa6ab0b7d8b9"},{"element-6066-11e4-a52e-4f735466cecf":"abaafc68-821f-4450-a692-4074d41924d9"},{"element-6066-11e4-a52e-4f735466cecf":"65c14723-d340-4e39-be42-c217deecbc82"},{"element-6066-11e4-a52e-4f735466cecf":"5a50d6e4-0ca1-4864-bad9-e3cad0f8bcc5"},{"element-6066-11e4-a52e-4f735466cecf":"3c1ede71-362d-4cfa-b078-2c0f0428f880"},{"element-6066-11e4-a52e-4f735466cecf":"df0193f9-0039-4451-be24-8ee45c0554cb"},{"element-6066-11e4-a52e-4f735466cecf":"61b54fbc-4899-4fac-a6b9-d4bac9700b7e"},{"element-6066-11e4-a52e-4f735466cecf":"675f9718-61f9-4adb-9e42-389b65eb943a"},{"element-6066-11e4-a52e-4f735466cecf":"849eab04-6c97-40e0-86a8-dba49e9dd943"},{"element-6066-11e4-a52e-4f735466cecf":"bb9ce1c1-d019-498c-85f8-3c48c1f39294"},{"element-6066-11e4-a52e-4f735466cecf":"01f93ebd-3941-4cb9-8569-edc9ee98096a"},{"element-6066-11e4-a52e-4f735466cecf":"2aa6f741-3d3e-4fce-be12-5dde18d9e950"},{"element-6066-11e4-a52e-4f735466cecf":"7d54fd61-02dc-4f36-9712-d81cb1815c52"},{"element-6066-11e4-a52e-4f735466cecf":"ad8e82c4-95d4-4037-87f8-cb289f36f1b4"},{"element-6066-11e4-a52e-4f735466cecf":"1eec21ce-1bad-439a-99e9-805d8cd6baee"},{"element-6066-11e4-a52e-4f735466cecf":"e2a19b53-313b-45ac-891d-c7244ca45d39"},{"element-6066-11e4-a52e-4f735466cecf":"7a2f63f2-d6b4-4dbd-8a16-87acc5b2f591"},{"element-6066-11e4-a52e-4f735466cecf":"1b80d2e6-1f42-4b23-a351-10ccd9452b43"},{"element-6066-11e4-a52e-4f735466cecf":"feb4d4ac-bc05-41c0-9e2a-d884a0ab4444"},{"element-6066-11e4-a52e-4f735466cecf":"6839ddf0-1c01-4e96-80b7-8e73b4d537f2"},{"element-6066-11e4-a52e-4f735466cecf":"ba6c6b88-1a97-4eab-af70-a66831c88b22"},{"element-6066-11e4-a52e-4f735466cecf":"f45e7bb9-dd3d-468d-b516-52f529403f3e"},{"element-6066-11e4-a52e-4f735466cecf":"930d40b9-5cf7-4238-915a-533f0fafcf62"},{"element-6066-11e4-a52e-4f735466cecf":"fd560f46-299a-42de-a35c-25f99bcd9503"},{"element-6066-11e4-a52e-4f735466cecf":"1314c8a1-4d40-4a04-a8f8-19ebf7afb325"},{"element-6066-11e4-a52e-4f735466cecf":"7fcf2fc9-de0e-4c97-91c1-0de578e88430"},{"element-6066-11e4-a52e-4f735466cecf":"f33b6b29-122b-474f-a688-0c506e7b40b2"},{"element-6066-11e4-a52e-4f735466cecf":"bf3fb2a7-b9ab-4bda-9979-c626ab1215d6"},{"element-6066-11e4-a52e-4f735466cecf":"99108bde-a177-4299-81a1-1f26832bcd39"},{"element-6066-11e4-a52e-4f735466cecf":"1dcad7cb-6e1c-43da-baf6-63fb13e2879a"},{"element-6066-11e4-a52e-4f735466cecf":"6c508f36-2583-43c2-a6f5-2af90b5e8223"},{"element-6066-11e4-a52e-4f735466cecf":"9a5d6cd5-b7a4-4fd2-a02e-c730361e5372"},{"element-6066-11e4-a52e-4f735466cecf":"60868b76-6ee8-42b0-a5dd-5a4adea8d508"},{"element-6066-11e4-a52e-4f735466cecf":"4196b3a8-924e-4aa4-8271-c3811d2062cc"},{"element-6066-11e4-a52e-4f735466cecf":"e5703166-e98e-4675-97f3-10b45061dee9"},{"element-6066-11e4-a52e-4f735466cecf":"78c6107d-3325-4c94-9709-a79a49760cfa"},{"element-6066-11e4-a52e-4f735466cecf":"a113d82b-74a3-499e-8700-e3dc598fd204"},{"element-6066-11e4-a52e-4f735466cecf":"6b2eef53-487b-41fc-bfe3-9d7024fb76a7"},{"element-6066-11e4-a52e-4f735466cecf":"d261c50c-e05a-4de9-aae0-e6c0e4d4b481"},{"element-6066-11e4-a52e-4f735466cecf":"1afa14f0-c8d1-4639-b2c8-838cc1ca1f31"},{"element-6066-11e4-a52e-4f735466cecf":"40c9598c-fb2b-4207-93da-fb4446b5c5ba"},{"element-6066-11e4-a52e-4f735466cecf":"0e6df73a-e450-4578-868e-8f854ea73b7a"},{"element-6066-11e4-a52e-4f735466cecf":"65df44be-8f8e-418a-b5b1-dbccccf833e6"},{"element-6066-11e4-a52e-4f735466cecf":"184a204e-f25f-4896-b170-6c35190c4eaf"},{"element-6066-11e4-a52e-4f735466cecf":"0b15a389-c273-4b36-a3d4-a38c1f5b927b"},{"element-6066-11e4-a52e-4f735466cecf":"d615b303-6bcd-4b2c-9d3c-b4b69d494609"},{"element-6066-11e4-a52e-4f735466cecf":"35d4264a-b0a0-4f60-b066-ed450718740c"},{"element-6066-11e4-a52e-4f735466cecf":"f355d43a-1b82-4bc5-89cf-95f57e83c312"},{"element-6066-11e4-a52e-4f735466cecf":"1fa1f52b-5016-4db4-8d23-82f8abda56a2"},{"element-6066-11e4-a52e-4f735466cecf":"eea591e8-f274-4fb3-b128-caffb67677bd"},{"element-6066-11e4-a52e-4f735466cecf":"99c48f4c-5e02-42da-a910-779d8762b00e"},{"element-6066-11e4-a52e-4f735466cecf":"0673f9e9-17f1-47ab-9f45-1921f8b981d0"},{"element-6066-11e4-a52e-4f735466cecf":"7f8c729c-19dc-47b7-963a-0aaebef62b8a"},{"element-6066-11e4-a52e-4f735466cecf":"29a8b21d-7e75-457c-a1f4-b49728f467f9"},{"element-6066-11e4-a52e-4f735466cecf":"a94a0953-1b49-41b9-a7e6-4b6702767af0"},{"element-6066-11e4-a52e-4f735466cecf":"0570be28-0718-4af9-ada8-6f6a86f33799"},{"element-6066-11e4-a52e-4f735466cecf":"c6eb583c-200d-4e66-a1bc-d9da5d456b4d"},{"element-6066-11e4-a52e-4f735466cecf":"0d542407-944c-4348-91e0-0074e34d99be"},{"element-6066-11e4-a52e-4f735466cecf":"359263e2-7a7e-42d2-addb-a1dc270c7e26"},{"element-6066-11e4-a52e-4f735466cecf":"c69bd6ce-11fa-463b-8249-3098457a01a1"},{"element-6066-11e4-a52e-4f735466cecf":"bd149566-4f04-4ad8-829f-c76bfd32b0d9"},{"element-6066-11e4-a52e-4f735466cecf":"485274a9-c56e-4254-83d1-e63067128e01"},{"element-6066-11e4-a52e-4f735466cecf":"4f170ba9-ed90-4de1-babe-d7042beef804"},{"element-6066-11e4-a52e-4f735466cecf":"93b8a768-1ba8-4c5f-be5f-7ca592c09386"},{"element-6066-11e4-a52e-4f735466cecf":"0f11154e-076d-4341-bd81-f6079f5da649"},{"element-6066-11e4-a52e-4f735466cecf":"662d90aa-5503-4f57-9bc0-74e164b12d27"},{"element-6066-11e4-a52e-4f735466cecf":"0463f8ac-9116-4755-92c9-07f8e5b54f1d"},{"element-6066-11e4-a52e-4f735466cecf":"26bd0ba2-723d-4953-b995-ce4637cd521a"},{"element-6066-11e4-a52e-4f735466cecf":"18b51d91-4c02-40c3-a37e-3b8512000422"},{"element-6066-11e4-a52e-4f735466cecf":"1b149571-cf37-4922-a5d8-642b9bc5f70a"},{"element-6066-11e4-a52e-4f735466cecf":"c6aa69d6-5a62-4c96-86d2-f777caaec831"},{"element-6066-11e4-a52e-4f735466cecf":"e13523c6-0923-41cf-9362-5e49e294be67"},{"element-6066-11e4-a52e-4f735466cecf":"c12ad49a-c4fc-4001-bc12-a45fea44aae7"},{"element-6066-11e4-a52e-4f735466cecf":"b87c4220-7a60-463f-be95-1dd5bcc6b181"},{"element-6066-11e4-a52e-4f735466cecf":"3027d6c3-7cf1-40b3-978f-161f73853b15"},{"element-6066-11e4-a52e-4f735466cecf":"436a35ee-c4eb-4ba8-9544-2e35ade4be67"},{"element-6066-11e4-a52e-4f735466cecf":"035154a1-c11d-4ac7-9ad9-e694c27ce108"},{"element-6066-11e4-a52e-4f735466cecf":"a3597c49-5e94-4284-9d18-4e97531da95e"},{"element-6066-11e4-a52e-4f735466cecf":"915cf3f6-f1e6-4617-b8ab-585698b4ff61"},{"element-6066-11e4-a52e-4f735466cecf":"891bc95a-7fca-434f-8e8e-7c44eea4da44"},{"element-6066-11e4-a52e-4f735466cecf":"90ffc0a3-559f-4f91-80cc-05d527d635dc"},{"element-6066-11e4-a52e-4f735466cecf":"b49a30b9-ca08-4f42-a27d-55206c694fbd"},{"element-6066-11e4-a52e-4f735466cecf":"432f00d7-2823-49b6-8858-327057e358d0"},{"element-6066-11e4-a52e-4f735466cecf":"4db1b9fa-0be0-42fe-b1cc-ec1215b24891"},{"element-6066-11e4-a52e-4f735466cecf":"1cce361d-642e-4704-b729-59abafaa6832"},{"element-6066-11e4-a52e-4f735466cecf":"70beafb7-a568-435a-9cbd-7df0e1cf15c4"},{"element-6066-11e4-a52e-4f735466cecf":"0c3e7ef3-d9cd-4450-aa1b-c9a6802fe272"},{"element-6066-11e4-a52e-4f735466cecf":"1302b1e7-73e0-4d9c-a90d-a98d541d4588"},{"element-6066-11e4-a52e-4f735466cecf":"94080e4e-2cdc-4969-a8c4-ff69266818b8"},{"element-6066-11e4-a52e-4f735466cecf":"56726009-2402-4c33-9795-ee0f3971921e"},{"element-6066-11e4-a52e-4f735466cecf":"d588ff54-6ec4-4eb1-9612-bfc18029cee3"},{"element-6066-11e4-a52e-4f735466cecf":"cf176840-8fc8-44bc-84a3-b888836f5730"},{"element-6066-11e4-a52e-4f735466cecf":"22529a0c-e1e7-48af-9f48-38e7af6550a2"},{"element-6066-11e4-a52e-4f735466cecf":"16f71691-3219-4da6-b44c-d6a5cafe3b23"},{"element-6066-11e4-a52e-4f735466cecf":"1d4e324c-c924-4263-8e15-3dbc4346b9c6"},{"element-6066-11e4-a52e-4f735466cecf":"61e64ee1-a648-45c5-a004-7fa42c5f21dd"},{"element-6066-11e4-a52e-4f735466cecf":"225e8570-3cb2-4c17-bf46-3d5ac942d3eb"},{"element-6066-11e4-a52e-4f735466cecf":"d4bb77c9-8021-4aaf-a233-81cc8355a41f"},{"element-6066-11e4-a52e-4f735466cecf":"e4b6213b-8753-473b-af3e-70aad1aea536"},{"element-6066-11e4-a52e-4f735466cecf":"ef2a16f8-9043-4840-a1c6-e6a04c582bcf"},{"element-6066-11e4-a52e-4f735466cecf":"52a05b88-fd51-419e-97ef-7034ec1671c9"},{"element-6066-11e4-a52e-4f735466cecf":"1a730bbd-6875-4eb3-ae27-f0edaad0f6c5"},{"element-6066-11e4-a52e-4f735466cecf":"4e54dba0-c884-44d0-aefd-9d81750f3acc"},{"element-6066-11e4-a52e-4f735466cecf":"051d5688-add8-4577-83fa-dc1db059280d"},{"element-6066-11e4-a52e-4f735466cecf":"94e252a0-0ed3-4665-a5bf-498e982b4671"},{"element-6066-11e4-a52e-4f735466cecf":"c6f422ad-134a-42a5-a18e-36b77c19c42f"},{"element-6066-11e4-a52e-4f735466cecf":"f5370f8c-d3ff-4a04-8793-d096ff7032b9"},{"element-6066-11e4-a52e-4f735466cecf":"b43f535a-29b1-414b-bf71-ab2ad020785f"},{"element-6066-11e4-a52e-4f735466cecf":"576fa24b-c268-4029-8bc3-10d081d7ca42"},{"element-6066-11e4-a52e-4f735466cecf":"0643e29b-6471-464c-869d-12d522054711"},{"element-6066-11e4-a52e-4f735466cecf":"125299ba-da68-482a-9912-49fd0de365da"},{"element-6066-11e4-a52e-4f735466cecf":"94d01afb-9ee1-4b8a-8616-e807aab108ee"},{"element-6066-11e4-a52e-4f735466cecf":"21a21ef3-3a2b-4d07-9636-10238227a0e2"},{"element-6066-11e4-a52e-4f735466cecf":"9ca017bf-f734-44c1-9fb6-141cbcaaca4a"},{"element-6066-11e4-a52e-4f735466cecf":"4d0f6734-21e3-4a83-8132-9b692b51db4a"},{"element-6066-11e4-a52e-4f735466cecf":"7cb30a64-2973-4b32-acef-5ff1771ac95d"},{"element-6066-11e4-a52e-4f735466cecf":"7319732a-45b8-4a43-8e3e-981d6907cf36"},{"element-6066-11e4-a52e-4f735466cecf":"4da46dba-037f-4f8a-b62c-38dabcc2abfc"},{"element-6066-11e4-a52e-4f735466cecf":"82bc7e9f-b623-4b87-bc04-59f9d6af5634"},{"element-6066-11e4-a52e-4f735466cecf":"4db53c1a-bb26-4395-80dd-d548bfb1a467"},{"element-6066-11e4-a52e-4f735466cecf":"16a59fe6-b531-4b36-a4a7-94b9ba6343f6"},{"element-6066-11e4-a52e-4f735466cecf":"31ae4824-c247-4602-b805-80e0133ca907"},{"element-6066-11e4-a52e-4f735466cecf":"0b3b282c-b4c5-4549-99b6-4fb2714afd1c"},{"element-6066-11e4-a52e-4f735466cecf":"11d3cc3f-0d46-4609-a54f-fefc2e842318"},{"element-6066-11e4-a52e-4f735466cecf":"36e06f60-55f1-41d5-85e5-39e4b9533b11"},{"element-6066-11e4-a52e-4f735466cecf":"44452fc3-6c66-4547-94b9-ced204ade591"},{"element-6066-11e4-a52e-4f735466cecf":"ee462874-ead8-4d29-880e-402aa08859b0"},{"element-6066-11e4-a52e-4f735466cecf":"ce3d33be-0a2d-466f-ab76-edf3c68399ba"},{"element-6066-11e4-a52e-4f735466cecf":"4efd1911-84b1-4797-b18b-999c36dcde30"},{"element-6066-11e4-a52e-4f735466cecf":"6538b636-6df9-4e17-bd04-934963021434"},{"element-6066-11e4-a52e-4f735466cecf":"b5b65378-1914-4340-bfd4-bb1975959f74"},{"element-6066-11e4-a52e-4f735466cecf":"53b8ac84-a87c-4e68-aeea-239d1f3d9362"},{"element-6066-11e4-a52e-4f735466cecf":"c9cd9728-cf66-4969-baa5-f4c17a1238ba"},{"element-6066-11e4-a52e-4f735466cecf":"a6c83af8-38a1-44f2-9986-d41356d2f680"},{"element-6066-11e4-a52e-4f735466cecf":"c9d4124d-6676-4e02-9844-45d8a2bbaa82"},{"element-6066-11e4-a52e-4f735466cecf":"b40bf61b-eed9-43b7-be00-c369f8d34542"},{"element-6066-11e4-a52e-4f735466cecf":"e36b3e89-c52d-445f-beb1-c29e4b6d5362"},{"element-6066-11e4-a52e-4f735466cecf":"9487197f-618f-4941-b0e4-de6cd4a25416"},{"element-6066-11e4-a52e-4f735466cecf":"fbc3a182-9240-41fd-a6a7-ae498a4afa52"},{"element-6066-11e4-a52e-4f735466cecf":"73308984-ad96-4907-b64e-359dec8e05ad"},{"element-6066-11e4-a52e-4f735466cecf":"f1e85934-f862-43d6-baaf-3069a8847ee3"},{"element-6066-11e4-a52e-4f735466cecf":"78db3874-88f7-4ad9-b6fa-2593978dc5f3"},{"element-6066-11e4-a52e-4f735466cecf":"dab55863-5c83-4f12-9d05-bfa3b1a085d1"},{"element-6066-11e4-a52e-4f735466cecf":"c5e8b6b9-5366-4147-a5f9-14478089850a"},{"element-6066-11e4-a52e-4f735466cecf":"1b30eeb4-5b01-4681-ba76-78f102343784"},{"element-6066-11e4-a52e-4f735466cecf":"f09cd138-c273-4154-8242-bb22ddbd64d2"},{"element-6066-11e4-a52e-4f735466cecf":"5cf492fe-f5cc-45a5-ad52-c9e9c146da2f"},{"element-6066-11e4-a52e-4f735466cecf":"8ccd6468-2d0d-432a-8a9a-51498153f5db"},{"element-6066-11e4-a52e-4f735466cecf":"e5b2f010-1034-42da-9b29-6a81096e6bbb"},{"element-6066-11e4-a52e-4f735466cecf":"ac1bbf4f-ae5d-434b-9434-306051b84864"},{"element-6066-11e4-a52e-4f735466cecf":"e35a275e-4248-417a-92e2-10d14a43262f"},{"element-6066-11e4-a52e-4f735466cecf":"11e335aa-e4f2-4835-a2c4-72f2bddc505c"},{"element-6066-11e4-a52e-4f735466cecf":"74f9559d-eee0-4b68-819f-609d471939c3"},{"element-6066-11e4-a52e-4f735466cecf":"564d60de-9cc9-4b67-b7cb-d826a529a0e9"},{"element-6066-11e4-a52e-4f735466cecf":"481835c1-065e-4f3c-ab1d-6d3fad076320"},{"element-6066-11e4-a52e-4f735466cecf":"3daae5fe-b458-4a13-a215-8ebc6147d676"},{"element-6066-11e4-a52e-4f735466cecf":"f98552fa-fe36-4377-a90d-614377c9c8d0"},{"element-6066-11e4-a52e-4f735466cecf":"28c30534-8066-464a-948c-66f0409f5fb8"},{"element-6066-11e4-a52e-4f735466cecf":"4ca93dd8-a29d-4699-a40b-86a8be94daf7"},{"element-6066-11e4-a52e-4f735466cecf":"31fb9378-1e65-44b2-9bee-353d97c5d8ee"},{"element-6066-11e4-a52e-4f735466cecf":"ce6f9c75-44a8-488d-98fd-b11eadff1352"},{"element-6066-11e4-a52e-4f735466cecf":"8353b061-47d1-4435-b151-80a5da52963a"},{"element-6066-11e4-a52e-4f735466cecf":"f72aca4d-ae24-456c-8ac3-d1cdcd6b5164"},{"element-6066-11e4-a52e-4f735466cecf":"ef73ca74-104c-478b-a509-a5d340080752"},{"element-6066-11e4-a52e-4f735466cecf":"3fe5a4d3-0236-4ff0-9d4d-06e4ab59884f"},{"element-6066-11e4-a52e-4f735466cecf":"d48edd6c-94cc-4c81-838e-a51b3fbb10f1"},{"element-6066-11e4-a52e-4f735466cecf":"0a9fcc00-29b2-426c-b389-b72de1723ae4"},{"element-6066-11e4-a52e-4f735466cecf":"2dd03b9d-3ea6-4872-af16-0ec5e2830cee"},{"element-6066-11e4-a52e-4f735466cecf":"cd805626-f4d9-4136-bbb9-212f7590b8c9"},{"element-6066-11e4-a52e-4f735466cecf":"4d474b78-cb2d-4023-a125-97e22a8e2beb"},{"element-6066-11e4-a52e-4f735466cecf":"f4d0f957-5b81-4f25-8896-d79aebcfd2a5"},{"element-6066-11e4-a52e-4f735466cecf":"21b87f0c-6780-4fa1-ba6a-c0a0f732084e"},{"element-6066-11e4-a52e-4f735466cecf":"10b1b3cf-201b-4725-980b-cf28ed4eea47"},{"element-6066-11e4-a52e-4f735466cecf":"dbc4b1e7-2765-4762-ad08-1ec037a47381"},{"element-6066-11e4-a52e-4f735466cecf":"4c6b4fba-f9a5-493e-9d5a-27152686d6c4"},{"element-6066-11e4-a52e-4f735466cecf":"54df5b43-24f2-488b-8fc2-2e95147deb3f"},{"element-6066-11e4-a52e-4f735466cecf":"c30b767a-2f3d-4891-b894-3e0eaa138d8a"},{"element-6066-11e4-a52e-4f735466cecf":"0d8add75-b97e-4b3f-b6de-9e5ba9cf9fa6"},{"element-6066-11e4-a52e-4f735466cecf":"19b0f103-42d2-48de-b813-5c65c3b95622"},{"element-6066-11e4-a52e-4f735466cecf":"c159c506-cab5-4aa7-ac02-344ba08e9cd2"},{"element-6066-11e4-a52e-4f735466cecf":"9564127a-fd31-46b5-a62e-b5b3b61fd2b7"},{"element-6066-11e4-a52e-4f735466cecf":"bdd24e0f-0433-488b-925f-ae8434d72230"},{"element-6066-11e4-a52e-4f735466cecf":"10de82e7-4fb8-472f-958b-aee911ff7481"},{"element-6066-11e4-a52e-4f735466cecf":"ee783ba9-c2fa-47cd-acc4-34f9382780ed"},{"element-6066-11e4-a52e-4f735466cecf":"35bd1a03-76fa-4c41-a8b8-37a22142ffac"},{"element-6066-11e4-a52e-4f735466cecf":"1d2213f9-d292-47a2-bf06-bd07f8d8b7f3"},{"element-6066-11e4-a52e-4f735466cecf":"e4ff3825-27e0-4ea7-97fa-6c49662232d3"},{"element-6066-11e4-a52e-4f735466cecf":"50342194-f364-4d8a-ae88-5c17e64756b5"},{"element-6066-11e4-a52e-4f735466cecf":"a74d092c-beaf-4f4f-916e-d698afb8b221"},{"element-6066-11e4-a52e-4f735466cecf":"126aff00-1c23-4cc1-bc66-d34841fff27c"},{"element-6066-11e4-a52e-4f735466cecf":"71603c4c-4faa-4958-ae0f-f6d417d32db8"},{"element-6066-11e4-a52e-4f735466cecf":"70ac6864-d1eb-4ae1-96f3-5798f57a5e78"},{"element-6066-11e4-a52e-4f735466cecf":"e7057353-1e26-4a24-ab03-2c23250a22c0"},{"element-6066-11e4-a52e-4f735466cecf":"f1d2c213-5c5b-4cb0-a7ec-b91b99641aa5"},{"element-6066-11e4-a52e-4f735466cecf":"6f2c53df-d0fc-4d5a-9580-463c048a9e91"},{"element-6066-11e4-a52e-4f735466cecf":"6fa7c92b-0dbc-4484-bf98-7e37e9fb5799"},{"element-6066-11e4-a52e-4f735466cecf":"a032accc-5e73-402d-863a-36e388e8b172"},{"element-6066-11e4-a52e-4f735466cecf":"ff77000c-6869-4400-ba33-f641750e6742"},{"element-6066-11e4-a52e-4f735466cecf":"1708a0ee-6938-4976-a61e-0b9de2dd9a0f"},{"element-6066-11e4-a52e-4f735466cecf":"792a4154-fcda-4904-ae37-780a3870b4ca"},{"element-6066-11e4-a52e-4f735466cecf":"c63bddaf-4c05-44d4-b32a-77e289197607"},{"element-6066-11e4-a52e-4f735466cecf":"3450690e-06db-49a2-ad87-6937eb25a366"},{"element-6066-11e4-a52e-4f735466cecf":"e3775818-54f6-41bf-aa91-96ff714ce9e5"},{"element-6066-11e4-a52e-4f735466cecf":"a0feb06f-5741-42d0-82f2-48be88376f1f"},{"element-6066-11e4-a52e-4f735466cecf":"f52265e0-a8f4-4592-ad08-c7d1e20a70d2"},{"element-6066-11e4-a52e-4f735466cecf":"947f4391-b3b0-47ef-9124-7ecec2014cfa"},{"element-6066-11e4-a52e-4f735466cecf":"9b65c6ad-2a79-4c87-b2e3-7e1833f44379"},{"element-6066-11e4-a52e-4f735466cecf":"c576178f-1b2d-4bff-8e62-b02b676e7ab5"},{"element-6066-11e4-a52e-4f735466cecf":"5014b145-b07d-4ad8-8ce2-45558f746a1e"},{"element-6066-11e4-a52e-4f735466cecf":"fcde2cd2-9940-4b86-baa8-a76a292d4ab1"},{"element-6066-11e4-a52e-4f735466cecf":"05a7af4a-7f29-4f06-b0dc-83d64c347569"},{"element-6066-11e4-a52e-4f735466cecf":"2a1a2a76-2d12-412e-96be-6747a2aef58a"},{"element-6066-11e4-a52e-4f735466cecf":"064192dd-2446-47da-8994-c265060ffad1"},{"element-6066-11e4-a52e-4f735466cecf":"95e220a1-8108-431f-92dc-8231c9e95c31"},{"element-6066-11e4-a52e-4f735466cecf":"045269fe-db15-41fd-8285-d7d3021a30f0"},{"element-6066-11e4-a52e-4f735466cecf":"fc6ccf3f-6899-4ae8-a351-1fae9a28c5dc"},{"element-6066-11e4-a52e-4f735466cecf":"e4201f2c-3a61-40b5-837c-d7255a4c7403"},{"element-6066-11e4-a52e-4f735466cecf":"b06f0c01-f0a7-4ba0-abfa-1850c70b71d6"},{"element-6066-11e4-a52e-4f735466cecf":"3317dd3a-d245-471b-9d24-e1d279b408a6"},{"element-6066-11e4-a52e-4f735466cecf":"70cdee0e-6188-4a21-9a69-f6960b080c2b"},{"element-6066-11e4-a52e-4f735466cecf":"41c9b817-45b2-4fa9-b6d8-a74b9fc11656"},{"element-6066-11e4-a52e-4f735466cecf":"8d69f685-7bef-456c-9309-70e240703041"},{"element-6066-11e4-a52e-4f735466cecf":"be67ddf5-54bd-48e4-b8bc-d506310bbaf9"},{"element-6066-11e4-a52e-4f735466cecf":"60608387-8fb9-47b6-beb3-5b08b4dc31d8"},{"element-6066-11e4-a52e-4f735466cecf":"e282be72-8215-4b39-89be-5cdc1470b851"},{"element-6066-11e4-a52e-4f735466cecf":"9daf2642-da40-44a4-9034-14a1d14fede6"},{"element-6066-11e4-a52e-4f735466cecf":"f212b9ee-be4e-4810-a805-7456f8276462"},{"element-6066-11e4-a52e-4f735466cecf":"bff97e5e-3b12-4cfa-a666-0f8c3df43d73"},{"element-6066-11e4-a52e-4f735466cecf":"779b29b0-3bce-4cb4-8b0b-69237bb42241"},{"element-6066-11e4-a52e-4f735466cecf":"16e802e3-f943-4f42-89a7-52247ab60641"},{"element-6066-11e4-a52e-4f735466cecf":"dbe61cfc-6090-4c7b-864b-7cb9bafbd9c7"},{"element-6066-11e4-a52e-4f735466cecf":"d9532538-e6ec-48d2-9d26-6841a76dd8f5"},{"element-6066-11e4-a52e-4f735466cecf":"b2ff07d6-0d51-49b9-a1ff-6f8e534970b2"},{"element-6066-11e4-a52e-4f735466cecf":"b130b5b6-a9bb-4168-b836-8425605263f0"},{"element-6066-11e4-a52e-4f735466cecf":"6a935482-6f28-4080-a30b-2c8f71222bf7"},{"element-6066-11e4-a52e-4f735466cecf":"0f9fc467-6757-45c5-a5e7-596313e3836c"},{"element-6066-11e4-a52e-4f735466cecf":"07e0ea11-e541-4ae0-85cc-8c2069759c4a"},{"element-6066-11e4-a52e-4f735466cecf":"4d1222c9-87b4-43f8-886d-bab3b9117c6a"},{"element-6066-11e4-a52e-4f735466cecf":"9a7be5ce-aefe-4c37-83c1-6f7b4d096f39"},{"element-6066-11e4-a52e-4f735466cecf":"58b1713f-0ea0-4132-8859-8ea24bc03736"},{"element-6066-11e4-a52e-4f735466cecf":"7481e324-ef36-4073-a53d-1fac9d7d264c"},{"element-6066-11e4-a52e-4f735466cecf":"186ff4b8-72b0-4b71-9587-61dd7dbf135e"},{"element-6066-11e4-a52e-4f735466cecf":"a17c07b2-e9ef-463d-ac84-1b8244cf0d29"},{"element-6066-11e4-a52e-4f735466cecf":"621a595a-0fcd-47b2-bf9a-61923455a84f"},{"element-6066-11e4-a52e-4f735466cecf":"8e1932d9-2bd0-4b08-b85e-50d3dcca7d23"},{"element-6066-11e4-a52e-4f735466cecf":"a77ef13f-4c8a-4942-bfad-21796501097c"},{"element-6066-11e4-a52e-4f735466cecf":"2ad8c590-a50d-4987-b758-3d10a2ef4559"},{"element-6066-11e4-a52e-4f735466cecf":"7b170ac8-4a24-4e8b-a3f8-82f6c30974ed"},{"element-6066-11e4-a52e-4f735466cecf":"2cfdde44-da11-455d-935e-17d18a75d0db"},{"element-6066-11e4-a52e-4f735466cecf":"9381c8e1-70f4-4c9e-b2fd-f82187693da3"},{"element-6066-11e4-a52e-4f735466cecf":"31333345-c710-48f0-ab4b-f23fb83feae2"},{"element-6066-11e4-a52e-4f735466cecf":"99540752-1251-42aa-a7f8-7a02cd390122"},{"element-6066-11e4-a52e-4f735466cecf":"3653bdc5-445b-4f9d-b5c2-7868fc175e49"},{"element-6066-11e4-a52e-4f735466cecf":"bf6065fa-2a73-467f-b70d-7ecaceebff4a"},{"element-6066-11e4-a52e-4f735466cecf":"94071557-32a3-4a28-ad58-3e25a7c4455a"},{"element-6066-11e4-a52e-4f735466cecf":"d98803a6-a6f9-4980-9086-e09c7b03e26a"},{"element-6066-11e4-a52e-4f735466cecf":"0b4907af-b1e4-49fc-b010-3cb47804c4d4"},{"element-6066-11e4-a52e-4f735466cecf":"3a79d9ea-c31e-4f0f-a576-b4980b1094b4"},{"element-6066-11e4-a52e-4f735466cecf":"8562d836-f52a-4047-a5de-1a76ae33fbb1"},{"element-6066-11e4-a52e-4f735466cecf":"b420aacd-c572-4b32-b315-3ca686d6698d"},{"element-6066-11e4-a52e-4f735466cecf":"ce8683a9-154f-485a-bd15-5906971fbeb1"},{"element-6066-11e4-a52e-4f735466cecf":"b6bab197-092c-41d4-8d0e-88271bb3dfda"},{"element-6066-11e4-a52e-4f735466cecf":"99e9fcb8-1de6-4bfe-be60-f45a20a405c6"},{"element-6066-11e4-a52e-4f735466cecf":"2b79d782-e670-4502-82f0-8730b575bbbe"},{"element-6066-11e4-a52e-4f735466cecf":"5a870bcc-2120-48e9-89e0-51642df33cc1"},{"element-6066-11e4-a52e-4f735466cecf":"2dd470a5-2df6-4318-a7cf-e63f03bd13fd"},{"element-6066-11e4-a52e-4f735466cecf":"d26cc7cf-61ef-4e12-8a2d-484e9d53a636"},{"element-6066-11e4-a52e-4f735466cecf":"392ac576-cb49-4d9c-85ba-753da87634e6"},{"element-6066-11e4-a52e-4f735466cecf":"12b733d8-1544-4761-9424-ec0f00b83c06"},{"element-6066-11e4-a52e-4f735466cecf":"d01a3522-1977-4db4-ba9f-b9cd5c39d13e"},{"element-6066-11e4-a52e-4f735466cecf":"4259ff15-5743-411f-bbfa-79cf0729f33e"},{"element-6066-11e4-a52e-4f735466cecf":"2445aa5a-7499-4921-86e7-6eeed4742106"},{"element-6066-11e4-a52e-4f735466cecf":"d33e4daa-a50d-482f-b80b-76aa59338b14"},{"element-6066-11e4-a52e-4f735466cecf":"65ab1f09-23b2-4ea1-a3f5-05b4c2e5be73"},{"element-6066-11e4-a52e-4f735466cecf":"233b31ae-0652-4ab3-bec7-d6e446282349"},{"element-6066-11e4-a52e-4f735466cecf":"e7f9dd4d-704c-47e5-9a83-e89d09e23b62"},{"element-6066-11e4-a52e-4f735466cecf":"4b2218c8-eec7-40b8-b093-a5431973bcf9"},{"element-6066-11e4-a52e-4f735466cecf":"d9155511-4e2c-45e2-9b69-71ddc1d01547"},{"element-6066-11e4-a52e-4f735466cecf":"7ef75e25-c249-4493-abab-d2f5960c9d76"},{"element-6066-11e4-a52e-4f735466cecf":"0d22b857-8cc3-44c7-9299-b3724bd5f129"},{"element-6066-11e4-a52e-4f735466cecf":"70b9e9f7-b2a9-4072-a39d-9b7a44f68ac9"},{"element-6066-11e4-a52e-4f735466cecf":"8dedb8e9-e458-4227-98c3-caa5939ce822"},{"element-6066-11e4-a52e-4f735466cecf":"19c856b6-cf55-4901-acff-56b390e744a7"},{"element-6066-11e4-a52e-4f735466cecf":"79223b68-1429-4793-ad8e-331e540a9b5f"},{"element-6066-11e4-a52e-4f735466cecf":"1a332391-6b65-4e9f-afd2-09eb6336f888"},{"element-6066-11e4-a52e-4f735466cecf":"7cb70134-e549-4853-af37-43b98d529dca"},{"element-6066-11e4-a52e-4f735466cecf":"cb7988dc-9cd7-4bc4-909e-9cfa655cb046"},{"element-6066-11e4-a52e-4f735466cecf":"c50867c2-8fd7-4d54-b10d-c365a068e69f"},{"element-6066-11e4-a52e-4f735466cecf":"634aee06-2759-457d-8600-ec8755c3cfa4"},{"element-6066-11e4-a52e-4f735466cecf":"4aced3a4-c293-4f15-907c-afefacc09321"},{"element-6066-11e4-a52e-4f735466cecf":"c4efd83a-376f-48e8-b5af-b5c1a8fc80df"},{"element-6066-11e4-a52e-4f735466cecf":"021e0fec-b98f-4002-8d13-e38784e1899f"},{"element-6066-11e4-a52e-4f735466cecf":"1619b9d1-8a1f-4fa6-b97f-3c567454a9a5"},{"element-6066-11e4-a52e-4f735466cecf":"5d4cf3cc-767f-4e05-859c-7778043e4728"},{"element-6066-11e4-a52e-4f735466cecf":"f48e43a0-7f31-44d8-bef9-d085d4539380"},{"element-6066-11e4-a52e-4f735466cecf":"238dfbd8-fabf-427a-998c-ac75d232a403"},{"element-6066-11e4-a52e-4f735466cecf":"1c8275b1-8f67-4caa-a102-f8879e0350b2"},{"element-6066-11e4-a52e-4f735466cecf":"39105887-4fbb-4c25-9897-b088c2a9f6f5"},{"element-6066-11e4-a52e-4f735466cecf":"f228648b-bf3b-402c-b8ba-af00a5040867"},{"element-6066-11e4-a52e-4f735466cecf":"4ffa5ceb-faa9-4ef2-b075-3fb0171e9338"},{"element-6066-11e4-a52e-4f735466cecf":"cb02e403-c0b5-4bb6-b560-d63a9c13967e"},{"element-6066-11e4-a52e-4f735466cecf":"727d259c-b56f-4370-be94-e3f1868b6881"},{"element-6066-11e4-a52e-4f735466cecf":"e09b31dd-d807-40e4-a668-133a14cf8e60"},{"element-6066-11e4-a52e-4f735466cecf":"a4a34c15-1a4b-456a-8955-bbbfd47b251b"},{"element-6066-11e4-a52e-4f735466cecf":"ee639f77-352c-4ba2-9b63-d419a35c36bb"},{"element-6066-11e4-a52e-4f735466cecf":"16e35edf-1b69-4234-9774-4d9318bfe2fe"},{"element-6066-11e4-a52e-4f735466cecf":"868bd8b0-220c-4255-a2ba-6de874b23246"},{"element-6066-11e4-a52e-4f735466cecf":"b3ce87f3-7f8b-428b-9bf6-1ec7b6cf5d24"},{"element-6066-11e4-a52e-4f735466cecf":"98fefd9e-7233-498c-88d0-7a9dc3f75a0e"},{"element-6066-11e4-a52e-4f735466cecf":"0edbb8cc-d8b8-4ede-845e-1beef477dfad"},{"element-6066-11e4-a52e-4f735466cecf":"1debe57c-d0a2-413f-837c-5f1ba9a6d772"},{"element-6066-11e4-a52e-4f735466cecf":"fd6de4a1-031a-4265-af1a-842327975dba"},{"element-6066-11e4-a52e-4f735466cecf":"6349294b-8287-4a24-babd-2bc65b686e45"},{"element-6066-11e4-a52e-4f735466cecf":"c808c95c-719c-4e00-91c2-b3767b8e4a96"},{"element-6066-11e4-a52e-4f735466cecf":"2949335d-c741-4bf3-9695-b89a86479511"},{"element-6066-11e4-a52e-4f735466cecf":"2650b756-599a-4f22-a694-e0bf40589bd6"},{"element-6066-11e4-a52e-4f735466cecf":"6a49a49a-1f56-4db0-90e9-35bc491afc88"},{"element-6066-11e4-a52e-4f735466cecf":"3bc0105b-f9c5-4547-bbe9-485b96920f63"},{"element-6066-11e4-a52e-4f735466cecf":"b5930776-fd47-488b-bc6f-531e1e292bbd"},{"element-6066-11e4-a52e-4f735466cecf":"0da81eea-6e4e-4b96-a7c1-fa7daf8b9d4b"},{"element-6066-11e4-a52e-4f735466cecf":"fd18b2b9-039f-4926-83e3-b2d4f2399d34"},{"element-6066-11e4-a52e-4f735466cecf":"8ad16ed2-0f34-4365-964e-03b7e33e4ea0"},{"element-6066-11e4-a52e-4f735466cecf":"992c0755-7ff7-4cef-b6ef-19dc2295eb08"},{"element-6066-11e4-a52e-4f735466cecf":"dd85ffea-6511-4523-8efe-50c65e87ea76"},{"element-6066-11e4-a52e-4f735466cecf":"0d68f946-6d32-4ff9-9e98-1e8dc7dc018d"},{"element-6066-11e4-a52e-4f735466cecf":"a8d8ce2d-647f-4b9e-ba2b-f412536cdffd"},{"element-6066-11e4-a52e-4f735466cecf":"8838d95e-fc27-4139-8379-2626df8d2d69"},{"element-6066-11e4-a52e-4f735466cecf":"d5a50df9-8bfb-429e-b0ab-0e77cd398bf8"},{"element-6066-11e4-a52e-4f735466cecf":"a9fac19e-145c-4b38-b3d2-43c71810cca2"},{"element-6066-11e4-a52e-4f735466cecf":"bc3dea1d-7bfc-45c3-b1ac-6d167ec63486"},{"element-6066-11e4-a52e-4f735466cecf":"81edb888-bf79-4308-a594-2e5961f6196a"},{"element-6066-11e4-a52e-4f735466cecf":"14427779-ed73-45d2-9c91-047001991e9d"},{"element-6066-11e4-a52e-4f735466cecf":"3831d78a-ed0f-41b3-91fc-65efb1adcf09"},{"element-6066-11e4-a52e-4f735466cecf":"2aef294d-30ca-487b-b7a5-085935d0b97a"},{"element-6066-11e4-a52e-4f735466cecf":"1f976330-af76-499f-893b-0c12f02f5182"},{"element-6066-11e4-a52e-4f735466cecf":"774cad9b-9182-42c7-872c-ad822a6f02b3"},{"element-6066-11e4-a52e-4f735466cecf":"270f4855-9209-4b25-b9c5-daa246d003e5"},{"element-6066-11e4-a52e-4f735466cecf":"22a11b4f-4c3b-4564-a273-da1c43a71939"},{"element-6066-11e4-a52e-4f735466cecf":"f4de9b52-d0ac-486a-b7d1-3e2f136f43ab"},{"element-6066-11e4-a52e-4f735466cecf":"57c4a781-918e-42c5-b3a1-75caad910c7b"},{"element-6066-11e4-a52e-4f735466cecf":"74551505-544a-4b44-999b-6ceca48e32e4"},{"element-6066-11e4-a52e-4f735466cecf":"d6af0c2f-c07a-4901-84f2-f968110e8161"},{"element-6066-11e4-a52e-4f735466cecf":"c878ff68-b9f4-41a0-a092-5e55310e1eb2"},{"element-6066-11e4-a52e-4f735466cecf":"01382221-7fdf-492c-a299-5f8866fe2fdb"},{"element-6066-11e4-a52e-4f735466cecf":"4f3d451d-cf57-444c-a02e-72f386f856b3"},{"element-6066-11e4-a52e-4f735466cecf":"e5a1cd8b-5367-43d8-a660-500ce7bfa913"},{"element-6066-11e4-a52e-4f735466cecf":"bd78c453-ef14-442d-b47e-07b22e163a1e"},{"element-6066-11e4-a52e-4f735466cecf":"6b0dbf36-7641-4148-b363-e39c2d5c9764"},{"element-6066-11e4-a52e-4f735466cecf":"05c9ee5c-8cc9-441b-a01b-ee155dc42a6c"},{"element-6066-11e4-a52e-4f735466cecf":"c7efe587-843d-47d4-a9f1-fea9de09ee21"},{"element-6066-11e4-a52e-4f735466cecf":"94110fdd-06a7-4df0-a214-5e6b4bcbbd89"},{"element-6066-11e4-a52e-4f735466cecf":"6ed9a2f1-fc05-44cf-9db6-1dcce5f5a8e6"},{"element-6066-11e4-a52e-4f735466cecf":"042c74a5-000d-43fb-bc1d-af8710ca0500"},{"element-6066-11e4-a52e-4f735466cecf":"2544baf8-2f04-4bee-b17a-de8f93b384a6"},{"element-6066-11e4-a52e-4f735466cecf":"5da5301e-6beb-486e-9250-0f2a13f71f70"},{"element-6066-11e4-a52e-4f735466cecf":"5a523712-e91c-4afb-b037-42d0591fbd67"},{"element-6066-11e4-a52e-4f735466cecf":"19ed5597-94ef-4961-8cd6-0bbc85a7785a"},{"element-6066-11e4-a52e-4f735466cecf":"48df8a73-9365-4578-b3aa-f47f48db6696"},{"element-6066-11e4-a52e-4f735466cecf":"7c736190-5810-4cf6-a311-02cdf427346f"},{"element-6066-11e4-a52e-4f735466cecf":"47753aa5-ecad-4e12-b7db-56b7d3984eb6"},{"element-6066-11e4-a52e-4f735466cecf":"0a85cabf-b09e-4c64-b7dc-72d9f31db6de"},{"element-6066-11e4-a52e-4f735466cecf":"f4ff2e68-5dda-42e5-a8b2-958e2c5be418"},{"element-6066-11e4-a52e-4f735466cecf":"74cae789-c342-4aea-8b5e-c990556afb02"},{"element-6066-11e4-a52e-4f735466cecf":"27be8111-0730-4f42-93a2-ec30b749bdec"},{"element-6066-11e4-a52e-4f735466cecf":"9aea0ac4-8f3a-4ec4-acf2-f03dff95bcca"},{"element-6066-11e4-a52e-4f735466cecf":"571b21f6-0215-49e4-8767-c821e16098fa"},{"element-6066-11e4-a52e-4f735466cecf":"2e727966-e76c-415f-975c-819adb62daea"},{"element-6066-11e4-a52e-4f735466cecf":"26bdbf83-5e3e-439b-bcef-9b7e748b77b4"},{"element-6066-11e4-a52e-4f735466cecf":"e0306da9-3578-4e9b-9d0f-45e387708f62"},{"element-6066-11e4-a52e-4f735466cecf":"e713dfe5-19c9-4882-a687-cf5774c34712"},{"element-6066-11e4-a52e-4f735466cecf":"68757e78-010a-49d2-bc2b-e18253673b45"},{"element-6066-11e4-a52e-4f735466cecf":"61d069a9-f355-4c7c-9a0f-3ab8d0c9c887"},{"element-6066-11e4-a52e-4f735466cecf":"05ab5dc6-aa96-4c3f-a4dc-839f5bf8c5b8"},{"element-6066-11e4-a52e-4f735466cecf":"d7275828-6c7a-49cc-b40e-76aa10ee0117"},{"element-6066-11e4-a52e-4f735466cecf":"53e3bc39-5527-49d0-893e-9841034bf0bd"},{"element-6066-11e4-a52e-4f735466cecf":"7c3c4098-4abb-46d7-9256-8073da7d5dd3"},{"element-6066-11e4-a52e-4f735466cecf":"2c9ae642-1042-4b73-8547-05bab7dfd3f8"},{"element-6066-11e4-a52e-4f735466cecf":"ef7ed4e7-b5c0-4d8b-8857-8a4d5603a622"},{"element-6066-11e4-a52e-4f735466cecf":"e3b9da7b-f3ee-4209-aa3e-cfa7e735d61c"},{"element-6066-11e4-a52e-4f735466cecf":"5a249749-7d19-4a79-baa7-825bd44ef338"},{"element-6066-11e4-a52e-4f735466cecf":"61da78c1-6534-4fc7-9544-fcf058dd2903"},{"element-6066-11e4-a52e-4f735466cecf":"1cf3ed72-e400-4ce3-9c34-0e73c1914eb4"},{"element-6066-11e4-a52e-4f735466cecf":"2065d628-b029-4a40-bc02-5835dc63849e"},{"element-6066-11e4-a52e-4f735466cecf":"99314319-841e-40c4-b44b-2eba1d657247"},{"element-6066-11e4-a52e-4f735466cecf":"ac3de45e-dc19-4fc9-a52c-a613dc7a927a"},{"element-6066-11e4-a52e-4f735466cecf":"2d8fb010-26ba-4bb3-aa13-5dd7a0ba5c75"},{"element-6066-11e4-a52e-4f735466cecf":"12a840cb-c3b6-4c6b-84e3-847031be0b9f"},{"element-6066-11e4-a52e-4f735466cecf":"34a41841-13c6-4211-90e5-075c8e064e0d"},{"element-6066-11e4-a52e-4f735466cecf":"6afec242-5570-4ff3-a854-0414cf395fa7"},{"element-6066-11e4-a52e-4f735466cecf":"e42c07aa-015a-4021-bd1c-df883b0bbb10"},{"element-6066-11e4-a52e-4f735466cecf":"18060d3b-8ce5-4356-8a7b-5fc2a603e852"},{"element-6066-11e4-a52e-4f735466cecf":"b9122c15-d2f0-414e-a693-7e507c009f74"},{"element-6066-11e4-a52e-4f735466cecf":"495e75b5-6931-4741-855a-b54cb5b2173c"},{"element-6066-11e4-a52e-4f735466cecf":"d498949e-f391-4386-bd62-d8021b7fdb0b"},{"element-6066-11e4-a52e-4f735466cecf":"98840218-336f-4eaa-bdb6-b1fb894ad770"},{"element-6066-11e4-a52e-4f735466cecf":"8cfed8be-2d1e-4488-9524-f37b790961a3"},{"element-6066-11e4-a52e-4f735466cecf":"dc960dce-10d8-41b6-8520-68c570e72365"},{"element-6066-11e4-a52e-4f735466cecf":"d7d1b361-4cdd-416f-b314-51a17ab9410b"},{"element-6066-11e4-a52e-4f735466cecf":"15ebcc41-6cdc-4748-b6fc-d6e17e627744"},{"element-6066-11e4-a52e-4f735466cecf":"3a00ec8f-b7a3-445b-91b6-a1228b12d29f"},{"element-6066-11e4-a52e-4f735466cecf":"951e9bdc-f897-49fa-9417-1078a265e687"},{"element-6066-11e4-a52e-4f735466cecf":"32193496-559d-4cbd-856b-8ade23002d38"},{"element-6066-11e4-a52e-4f735466cecf":"8170eace-b057-4281-8faa-a1f399cd514e"},{"element-6066-11e4-a52e-4f735466cecf":"5a01021e-7846-42d4-8f6b-f3e394eb2855"},{"element-6066-11e4-a52e-4f735466cecf":"3a02a04f-0766-464e-bb34-064057085d67"},{"element-6066-11e4-a52e-4f735466cecf":"e410db9f-a2d6-4fe6-bcea-dbd4902fdc15"},{"element-6066-11e4-a52e-4f735466cecf":"33d6f704-49bd-4285-8e74-ba6b7a7067f6"},{"element-6066-11e4-a52e-4f735466cecf":"9eb6aa72-45b5-4e10-a4eb-02780057526d"},{"element-6066-11e4-a52e-4f735466cecf":"53d18d4b-49a2-4ed9-a943-9f838d8d7c3e"},{"element-6066-11e4-a52e-4f735466cecf":"199b58a4-7309-490c-a7fb-06f6aa1f1aea"},{"element-6066-11e4-a52e-4f735466cecf":"a6331011-1697-4ff1-ad2f-53b39727fa93"},{"element-6066-11e4-a52e-4f735466cecf":"61d5381d-fdf9-448e-b280-d05d4befa286"},{"element-6066-11e4-a52e-4f735466cecf":"fc635d5a-f15f-4a0c-8fa2-cf4601a37c89"},{"element-6066-11e4-a52e-4f735466cecf":"7843823b-e39a-43d2-80d2-c8b324bec57b"},{"element-6066-11e4-a52e-4f735466cecf":"9190d719-c70a-4b0e-9f58-c8382fbd3b50"},{"element-6066-11e4-a52e-4f735466cecf":"69734b4e-b51a-4e8b-b0bb-da8f0fb3c8a9"},{"element-6066-11e4-a52e-4f735466cecf":"5c86c5cb-8e90-40ad-8e30-ea5fb3648f8d"},{"element-6066-11e4-a52e-4f735466cecf":"892dfc94-4737-4582-8a4b-fbbc9ddc3811"},{"element-6066-11e4-a52e-4f735466cecf":"5b6cbc8b-7cc4-42d7-b0e5-4b3a7889b6df"},{"element-6066-11e4-a52e-4f735466cecf":"0be87563-3b26-4993-9653-883ee7b129fc"},{"element-6066-11e4-a52e-4f735466cecf":"7c81d90e-db58-4273-9f89-43e6d7816cb2"},{"element-6066-11e4-a52e-4f735466cecf":"9d62b2cb-874a-48fa-a757-34e2a17540c4"},{"element-6066-11e4-a52e-4f735466cecf":"9750968a-3c00-4bfd-9317-d626915b2f5a"},{"element-6066-11e4-a52e-4f735466cecf":"44e71a6e-0de5-4e4a-98b2-e2efc76ffee1"},{"element-6066-11e4-a52e-4f735466cecf":"e7c3b125-348d-4fae-b297-a3c673211410"},{"element-6066-11e4-a52e-4f735466cecf":"8ed262e3-f62c-419d-a503-e40c260029e6"},{"element-6066-11e4-a52e-4f735466cecf":"2c4515d5-2e27-40de-813b-2deed532310d"},{"element-6066-11e4-a52e-4f735466cecf":"b97e91ef-0a40-4c56-a371-2f545cfe9827"},{"element-6066-11e4-a52e-4f735466cecf":"26fd5d28-ae14-4ec6-8a15-6bc4cf74212f"},{"element-6066-11e4-a52e-4f735466cecf":"ca60b7fa-3c4b-4535-bea7-ce4a960fb134"},{"element-6066-11e4-a52e-4f735466cecf":"b46abee2-cdef-41ef-a039-1d8f593eee86"},{"element-6066-11e4-a52e-4f735466cecf":"207920d3-104e-41f5-803e-5686be38d7db"},{"element-6066-11e4-a52e-4f735466cecf":"7f7f7fb4-3ad9-416f-888e-f331ee059e19"},{"element-6066-11e4-a52e-4f735466cecf":"552d594b-6c6a-4006-bb5a-016a272876aa"},{"element-6066-11e4-a52e-4f735466cecf":"bf74e532-316a-417c-96c5-505483c27cdf"},{"element-6066-11e4-a52e-4f735466cecf":"fe6be079-8173-4199-8bda-0ef68e280415"},{"element-6066-11e4-a52e-4f735466cecf":"9242117d-f10b-4a59-8562-4a4982959727"},{"element-6066-11e4-a52e-4f735466cecf":"9ce33efa-8519-42dd-9824-808330664ab9"},{"element-6066-11e4-a52e-4f735466cecf":"de87d391-a5e2-4f68-a4c7-811797f752e2"},{"element-6066-11e4-a52e-4f735466cecf":"91eee417-a856-43f4-9b49-14d12d09b1dc"},{"element-6066-11e4-a52e-4f735466cecf":"e1fa8475-573a-4bcd-a2ae-23722f2552f2"},{"element-6066-11e4-a52e-4f735466cecf":"264f232f-e6bf-4f29-aa9d-13271fa0ff20"},{"element-6066-11e4-a52e-4f735466cecf":"21c45846-e94c-4ffa-99a2-ecf976db46c9"},{"element-6066-11e4-a52e-4f735466cecf":"470db00d-bfa5-490d-925a-9f241483a2fa"},{"element-6066-11e4-a52e-4f735466cecf":"3645d8bb-ea8f-4f80-bb8a-1fa57dc8c0ca"},{"element-6066-11e4-a52e-4f735466cecf":"acce9807-69e9-45c7-982d-f5344865d63a"},{"element-6066-11e4-a52e-4f735466cecf":"306cdef9-b4ea-431c-aa35-4e489ef196ca"},{"element-6066-11e4-a52e-4f735466cecf":"2770489f-44b0-4157-a717-da79e83dbb55"},{"element-6066-11e4-a52e-4f735466cecf":"df583cfe-afa8-492d-b953-ad2af725fbf8"},{"element-6066-11e4-a52e-4f735466cecf":"9cefb8ad-edf6-4c5a-9cfd-72f64081d7da"},{"element-6066-11e4-a52e-4f735466cecf":"5f26ca21-754b-4d10-a421-aeb2afc2b7e0"},{"element-6066-11e4-a52e-4f735466cecf":"e75d07c5-7cdb-4b20-9c50-cbbdfa8b4ede"},{"element-6066-11e4-a52e-4f735466cecf":"4df650b8-3362-488f-aa59-d85475335459"},{"element-6066-11e4-a52e-4f735466cecf":"6e43effb-0797-436f-af7d-a2b88bf1462b"},{"element-6066-11e4-a52e-4f735466cecf":"3e94fcd7-2a86-44c7-b6a0-c385ad7ae477"},{"element-6066-11e4-a52e-4f735466cecf":"d5dd409d-4c8c-4aaf-9d83-4c0160310006"},{"element-6066-11e4-a52e-4f735466cecf":"c9eacdfe-d6d1-4a25-a8ce-9e06d96a663b"},{"element-6066-11e4-a52e-4f735466cecf":"f815bd4d-bc61-41a1-b434-5819e3bd5ef0"},{"element-6066-11e4-a52e-4f735466cecf":"8e2c9ade-b58b-4709-9bb1-da3b42073326"},{"element-6066-11e4-a52e-4f735466cecf":"675c2f53-bf62-417e-9810-70f10a0b8ac6"},{"element-6066-11e4-a52e-4f735466cecf":"d20ecf9a-7968-43cb-82ee-58d9a0e63366"},{"element-6066-11e4-a52e-4f735466cecf":"f34f04ae-c025-44c8-b7bb-a88c3ed22fe0"},{"element-6066-11e4-a52e-4f735466cecf":"9a3cba84-9219-4472-8933-adf14fc84ec6"},{"element-6066-11e4-a52e-4f735466cecf":"ddb1f834-e3e4-41ec-ad5e-1e24803aa182"},{"element-6066-11e4-a52e-4f735466cecf":"d0fc15bf-c383-4346-8365-c6274c0dfc4d"},{"element-6066-11e4-a52e-4f735466cecf":"eb3c3f0d-db4d-40b2-a150-bc8230a1f15e"},{"element-6066-11e4-a52e-4f735466cecf":"9ece9e95-908f-4949-96a4-21a14b92b874"},{"element-6066-11e4-a52e-4f735466cecf":"175d6a47-eae6-4bea-b6a3-641da0e1bc2e"},{"element-6066-11e4-a52e-4f735466cecf":"bda901bf-6bb2-4b99-94ee-8040edab3f00"},{"element-6066-11e4-a52e-4f735466cecf":"bb4affd8-b578-42ba-b360-538c613d7e38"},{"element-6066-11e4-a52e-4f735466cecf":"3e44769d-c53f-4b25-a2c0-e441ac8e4916"},{"element-6066-11e4-a52e-4f735466cecf":"e755ed6f-369e-422d-ae21-31a569878dfa"},{"element-6066-11e4-a52e-4f735466cecf":"1f804973-4b2b-4100-969a-a5c0d0d902c0"},{"element-6066-11e4-a52e-4f735466cecf":"720f0ee1-e54d-4734-af96-e08f5afeac6f"},{"element-6066-11e4-a52e-4f735466cecf":"db034ab8-6b85-4088-bdc0-67ae22465cfb"},{"element-6066-11e4-a52e-4f735466cecf":"134f2f57-2b88-4031-8c03-b645aab043ba"},{"element-6066-11e4-a52e-4f735466cecf":"95016d95-db28-4297-95b8-f1600b2e72fe"},{"element-6066-11e4-a52e-4f735466cecf":"34b54c4c-d589-407c-826d-9b6e0c060988"},{"element-6066-11e4-a52e-4f735466cecf":"2c1c72fa-6e6d-418e-94e9-3d363ee166a9"},{"element-6066-11e4-a52e-4f735466cecf":"de2cf731-3a17-40e6-ad21-24c44cffe870"},{"element-6066-11e4-a52e-4f735466cecf":"498be4a1-497d-48f3-ba1a-40c0bc1e388c"},{"element-6066-11e4-a52e-4f735466cecf":"85dca342-7bef-4981-b928-9d669a3d121b"},{"element-6066-11e4-a52e-4f735466cecf":"faaff0c1-c1a8-4d7d-8622-cdccec2804ee"},{"element-6066-11e4-a52e-4f735466cecf":"81bc0d71-9eb9-4f95-aea7-c38643802741"},{"element-6066-11e4-a52e-4f735466cecf":"8422d495-5464-49fd-b692-a7134c3b99cd"},{"element-6066-11e4-a52e-4f735466cecf":"e5199688-907e-4940-8480-2c32b298cc5d"},{"element-6066-11e4-a52e-4f735466cecf":"13e38034-4c84-470a-a58a-25bccf643dd7"},{"element-6066-11e4-a52e-4f735466cecf":"0a9cfb00-3f03-4d0b-b754-781bdb0526f5"},{"element-6066-11e4-a52e-4f735466cecf":"e19ed878-aca0-4008-b033-3c6409c5da4e"},{"element-6066-11e4-a52e-4f735466cecf":"b9fe8f63-fb9c-4422-abaa-39bd17ba8842"},{"element-6066-11e4-a52e-4f735466cecf":"3864e030-5c29-42b1-b3c7-9ecee025ae76"},{"element-6066-11e4-a52e-4f735466cecf":"aa0396ce-cd29-49c3-b60c-7e55bddea53a"},{"element-6066-11e4-a52e-4f735466cecf":"67c0e609-95a4-44bf-a74c-da14d9f765fe"},{"element-6066-11e4-a52e-4f735466cecf":"04135669-f49a-4f48-8d60-d04d1ea9018a"},{"element-6066-11e4-a52e-4f735466cecf":"4be88a6f-c573-4647-accf-b4feb0136363"},{"element-6066-11e4-a52e-4f735466cecf":"4fb661d0-f392-4a68-9527-123edbd6de11"},{"element-6066-11e4-a52e-4f735466cecf":"c20a3a97-709e-4085-9be4-a0b6f94fc6a1"},{"element-6066-11e4-a52e-4f735466cecf":"6ab0c86a-d054-49f1-8ccf-103207488731"},{"element-6066-11e4-a52e-4f735466cecf":"2b810014-075f-4de4-84ad-be6afb586ba8"},{"element-6066-11e4-a52e-4f735466cecf":"8f2da578-fee0-4abc-bbea-e7b733cb0ee8"},{"element-6066-11e4-a52e-4f735466cecf":"c4847ab6-bf70-40ba-b406-445072c3267d"},{"element-6066-11e4-a52e-4f735466cecf":"07bbcd4e-910c-4fc2-90a9-972bf81daf54"},{"element-6066-11e4-a52e-4f735466cecf":"ed015480-ecc7-4aa1-9b6d-c727da91de6f"},{"element-6066-11e4-a52e-4f735466cecf":"2cbd15ac-ac9d-48a6-9b6f-d9a341151c6c"},{"element-6066-11e4-a52e-4f735466cecf":"94e6a18b-e910-4983-b124-ced145822a44"},{"element-6066-11e4-a52e-4f735466cecf":"20477751-6b03-43d6-ba5c-97a3a06e23e3"},{"element-6066-11e4-a52e-4f735466cecf":"9c12e702-91c9-4970-a208-f2543f846d4e"},{"element-6066-11e4-a52e-4f735466cecf":"cb151061-1b23-423b-b8fb-a84321307d60"},{"element-6066-11e4-a52e-4f735466cecf":"de3152e8-9f83-4a13-854b-0f78b83fecaf"},{"element-6066-11e4-a52e-4f735466cecf":"8607da44-10c6-4a3b-a786-df64516e5a3a"},{"element-6066-11e4-a52e-4f735466cecf":"c6032e33-84c6-47e9-8dc0-d037aaca67bd"},{"element-6066-11e4-a52e-4f735466cecf":"d58dd759-e1a9-4807-8ce9-7d1e1e81876c"},{"element-6066-11e4-a52e-4f735466cecf":"93f8451a-0dd7-43bd-ac5b-2810adbef1fd"},{"element-6066-11e4-a52e-4f735466cecf":"6cd89e83-91d9-4cfd-9f69-c1c0b497bd72"},{"element-6066-11e4-a52e-4f735466cecf":"02662d89-b288-4e01-ab42-c7bbc5f112fe"},{"element-6066-11e4-a52e-4f735466cecf":"d80bdb34-34f0-482e-a4a3-3f0c75283dbb"},{"element-6066-11e4-a52e-4f735466cecf":"e38485cc-1f60-4e5a-99ea-eb4af158a0d4"},{"element-6066-11e4-a52e-4f735466cecf":"08a057c5-295a-4fc7-a8d4-7680b7f076bd"},{"element-6066-11e4-a52e-4f735466cecf":"be016cfd-fe37-45c1-8242-30c563d972ff"},{"element-6066-11e4-a52e-4f735466cecf":"d4dafa1a-5f39-4512-80fc-b0210b471507"},{"element-6066-11e4-a52e-4f735466cecf":"a2daa753-5fdd-4348-8e6f-cc3bf2dc9bb3"},{"element-6066-11e4-a52e-4f735466cecf":"8937fb50-8dc2-4c2e-a406-2b7c7e92a5de"},{"element-6066-11e4-a52e-4f735466cecf":"64b3e992-61c3-439b-86f9-5f6ab15b7021"},{"element-6066-11e4-a52e-4f735466cecf":"98341730-d9ec-4102-b413-af83d605c606"},{"element-6066-11e4-a52e-4f735466cecf":"42ff9795-b6a7-4af2-bf99-54534dbe2c4a"},{"element-6066-11e4-a52e-4f735466cecf":"def732d0-8766-46e4-b02c-ca65686718a0"},{"element-6066-11e4-a52e-4f735466cecf":"57d4e9cf-0b3f-4c6e-a4f1-8db54954ed75"},{"element-6066-11e4-a52e-4f735466cecf":"5e36a1a8-0ca0-41c6-8892-ebdb5ab9e0bb"},{"element-6066-11e4-a52e-4f735466cecf":"9b2551b8-035a-4036-b930-ea45f55c28e7"},{"element-6066-11e4-a52e-4f735466cecf":"d83f8868-13cc-4f13-88c7-24627dd67c3e"},{"element-6066-11e4-a52e-4f735466cecf":"15210ae2-7355-4b0f-9f3a-62af6ccac640"},{"element-6066-11e4-a52e-4f735466cecf":"d9037974-624d-430c-b963-2fa6f657b17d"},{"element-6066-11e4-a52e-4f735466cecf":"d043973f-c8ec-45ac-8b28-bb18c023f4e3"},{"element-6066-11e4-a52e-4f735466cecf":"74bdee3a-acb0-4ef9-8a60-cf0bdeae397b"},{"element-6066-11e4-a52e-4f735466cecf":"39f9a037-6958-4458-b66e-a71ab81f8281"},{"element-6066-11e4-a52e-4f735466cecf":"9f9a6747-6f62-4908-abc8-94d4f8e75146"},{"element-6066-11e4-a52e-4f735466cecf":"95d4d061-5588-4c43-b4a7-440447855ebb"},{"element-6066-11e4-a52e-4f735466cecf":"618e5c7b-a5b3-4057-b297-02c9899164e2"},{"element-6066-11e4-a52e-4f735466cecf":"91d9e9b3-40a9-4989-ad34-4a8670109210"},{"element-6066-11e4-a52e-4f735466cecf":"cc3ccd1e-7e3f-4dbc-8266-a72bb88aa999"},{"element-6066-11e4-a52e-4f735466cecf":"21d21992-1a74-4bf2-8eee-19b55dd6dce3"},{"element-6066-11e4-a52e-4f735466cecf":"b566c44c-1da7-4fec-b77f-5a5a8694f5cb"},{"element-6066-11e4-a52e-4f735466cecf":"f7147894-5de8-4f25-a71e-d30ce3bd38a3"},{"element-6066-11e4-a52e-4f735466cecf":"b2ebf32a-a3d1-4ff2-9cec-65c4c179cc85"},{"element-6066-11e4-a52e-4f735466cecf":"fb752f7a-0a88-4505-99bd-67d654271954"},{"element-6066-11e4-a52e-4f735466cecf":"ba669460-6792-4cd7-a02d-5b4b4a72813f"},{"element-6066-11e4-a52e-4f735466cecf":"6e36e1e9-2e58-4f1c-82cf-9b45a42739de"},{"element-6066-11e4-a52e-4f735466cecf":"2d810491-99e4-418e-93ca-a2feda2d5564"},{"element-6066-11e4-a52e-4f735466cecf":"42e0961e-758f-4e4d-92dd-8a9429fee61c"},{"element-6066-11e4-a52e-4f735466cecf":"a3446179-6a69-4574-af52-13dc4b0c017e"},{"element-6066-11e4-a52e-4f735466cecf":"b64aa37b-364a-40c6-9095-4512d0086a6d"},{"element-6066-11e4-a52e-4f735466cecf":"7f83f08c-2703-4e64-a61c-c890d85247b4"},{"element-6066-11e4-a52e-4f735466cecf":"f87811b0-3f64-4793-8b05-0ab36cfcf8d3"},{"element-6066-11e4-a52e-4f735466cecf":"937211b5-8eb8-4c77-8be1-854968b11b55"},{"element-6066-11e4-a52e-4f735466cecf":"75af1ec7-0a86-45db-a88f-60f3ec0b39d0"},{"element-6066-11e4-a52e-4f735466cecf":"efe4f432-fa54-4735-96c2-38813b613e07"},{"element-6066-11e4-a52e-4f735466cecf":"30de1b47-02db-4fba-b0fc-23c27515478c"},{"element-6066-11e4-a52e-4f735466cecf":"da39b34d-29f6-453b-b274-018b7f723b18"},{"element-6066-11e4-a52e-4f735466cecf":"67e83b99-6fb3-4c1a-8a83-e8188c65ab0a"},{"element-6066-11e4-a52e-4f735466cecf":"a0849fbb-a9db-448e-84fa-e847cc95e637"},{"element-6066-11e4-a52e-4f735466cecf":"f39421c2-e610-403f-9fa1-38adc13d66a2"},{"element-6066-11e4-a52e-4f735466cecf":"38c1cae8-0c58-446e-83be-e2a76307d589"},{"element-6066-11e4-a52e-4f735466cecf":"e1c188b2-dd35-493b-8023-ae7bde36570e"},{"element-6066-11e4-a52e-4f735466cecf":"dacf3622-8478-4fcc-a0e5-8df738ddae5b"},{"element-6066-11e4-a52e-4f735466cecf":"97468c75-aec4-463b-a33d-831b2fd0824a"},{"element-6066-11e4-a52e-4f735466cecf":"5c1901d2-1a4a-461c-9a22-a4bf98c6b979"},{"element-6066-11e4-a52e-4f735466cecf":"661e8ffe-e8c8-4a98-a024-e31cd8fe673e"},{"element-6066-11e4-a52e-4f735466cecf":"0fc68564-8fb5-4206-975b-b28c44061908"},{"element-6066-11e4-a52e-4f735466cecf":"cdbf3ff4-5c92-4c55-b754-4b599f72ecdf"},{"element-6066-11e4-a52e-4f735466cecf":"f4878d3a-1037-44c7-977b-88c92d318ffb"},{"element-6066-11e4-a52e-4f735466cecf":"d8ce143a-afc4-42a4-9fd6-6fa3ebed09c4"},{"element-6066-11e4-a52e-4f735466cecf":"0a20060a-0c67-4e88-ad4f-3782a76a45ad"},{"element-6066-11e4-a52e-4f735466cecf":"453c565e-5b00-4f7d-b5e2-8070583b5ae5"},{"element-6066-11e4-a52e-4f735466cecf":"fcd18932-98f0-484e-91a0-3e95fa033e83"},{"element-6066-11e4-a52e-4f735466cecf":"b2c1d84f-ee39-4005-b85b-645f9b8237ca"},{"element-6066-11e4-a52e-4f735466cecf":"e7af81f4-ab62-423d-adc1-65582915aa11"},{"element-6066-11e4-a52e-4f735466cecf":"8b784035-395b-48f4-9a03-d45f4136dfcf"},{"element-6066-11e4-a52e-4f735466cecf":"b1fa2494-4809-4c9a-98cc-a56a92bcebb0"},{"element-6066-11e4-a52e-4f735466cecf":"e52ecf8c-41de-41c0-9ac7-c60726df1a3c"},{"element-6066-11e4-a52e-4f735466cecf":"59d4fe5c-f031-43a5-9221-66f5e0423419"},{"element-6066-11e4-a52e-4f735466cecf":"21e5952e-ef42-4071-bfa7-1c4f3714c897"},{"element-6066-11e4-a52e-4f735466cecf":"1328f66e-aa44-464f-b2e8-b6b344eaa05c"},{"element-6066-11e4-a52e-4f735466cecf":"680f0215-f8ed-44d1-aa88-ffd969512616"},{"element-6066-11e4-a52e-4f735466cecf":"3119cb44-0825-4c84-821e-59f719de9307"},{"element-6066-11e4-a52e-4f735466cecf":"055e194e-6be3-4133-8557-d56a69bbc846"},{"element-6066-11e4-a52e-4f735466cecf":"bfbf9be5-85d8-4b37-b6ab-5b800c56254e"},{"element-6066-11e4-a52e-4f735466cecf":"56a4d9cb-3494-46a0-b1d4-a23cf13a0dd5"},{"element-6066-11e4-a52e-4f735466cecf":"ce81d006-fd07-4d35-b077-9027aee89d28"},{"element-6066-11e4-a52e-4f735466cecf":"8fffbe8a-371e-4f3b-9dab-881bd090aeb1"},{"element-6066-11e4-a52e-4f735466cecf":"d9fc5b23-cdef-4160-8e97-f2740d1be380"},{"element-6066-11e4-a52e-4f735466cecf":"2599959a-9a40-41ad-b5b6-0469b680f6e9"},{"element-6066-11e4-a52e-4f735466cecf":"51b677b2-9d85-4190-b7c4-c37ed02a6798"},{"element-6066-11e4-a52e-4f735466cecf":"c2af32ab-4059-4f57-bd32-b6a3417e3561"},{"element-6066-11e4-a52e-4f735466cecf":"c9ff6918-6fa6-4ee1-9752-8f715339d6c9"},{"element-6066-11e4-a52e-4f735466cecf":"b117fca2-bde3-4814-934f-23599ae9e1bd"},{"element-6066-11e4-a52e-4f735466cecf":"196912c5-14e7-48a7-9257-c8de3be9ef5e"},{"element-6066-11e4-a52e-4f735466cecf":"e17c341c-ce53-4675-b271-7df64f9082ee"},{"element-6066-11e4-a52e-4f735466cecf":"e2fa4f93-722d-4dce-b594-72f1de5811c3"},{"element-6066-11e4-a52e-4f735466cecf":"9c590e9c-c3b7-46ca-a43c-f94d8c30312a"},{"element-6066-11e4-a52e-4f735466cecf":"da98f220-6f43-4a72-b67c-121d90c7de21"},{"element-6066-11e4-a52e-4f735466cecf":"1153eb3e-e64b-4115-accc-78aba4b8d0ca"},{"element-6066-11e4-a52e-4f735466cecf":"8b2d669c-5367-4974-8f1c-ac9df9637931"},{"element-6066-11e4-a52e-4f735466cecf":"cff58fe1-13e7-431a-a5b7-de8376cb0bdd"},{"element-6066-11e4-a52e-4f735466cecf":"e3aab816-dbbc-4281-926a-14f3e2baf12b"},{"element-6066-11e4-a52e-4f735466cecf":"4ff99eca-f926-435b-af34-c1f6472d58a0"},{"element-6066-11e4-a52e-4f735466cecf":"00e47fef-7c7a-4d99-ba14-8da24da91e5c"},{"element-6066-11e4-a52e-4f735466cecf":"e8ca1738-c138-41f7-8cb4-54ddc482ce1c"},{"element-6066-11e4-a52e-4f735466cecf":"8977db28-6b29-4878-8ba1-b885a8d99354"},{"element-6066-11e4-a52e-4f735466cecf":"7337457a-37a4-4e07-bcfc-6e8f257de287"},{"element-6066-11e4-a52e-4f735466cecf":"adf08db1-8a06-4474-a5cc-0e959197a5b0"},{"element-6066-11e4-a52e-4f735466cecf":"2b1ad738-76bd-46d5-9912-a191b6966719"},{"element-6066-11e4-a52e-4f735466cecf":"5cacb1e7-6258-4840-9cff-fabbf31d6542"},{"element-6066-11e4-a52e-4f735466cecf":"9cf9a90c-e5e3-4cb3-b9ea-ac9aa2c71af9"},{"element-6066-11e4-a52e-4f735466cecf":"8aa8cb7c-0774-4b76-95ce-a1a1416b03cd"},{"element-6066-11e4-a52e-4f735466cecf":"781216de-e4c8-415d-b175-3187e0ade469"},{"element-6066-11e4-a52e-4f735466cecf":"13f08685-251b-49aa-83b1-e3ec1c6ff1d9"},{"element-6066-11e4-a52e-4f735466cecf":"e699465c-ac9b-4794-bf81-bb2bfa836d1c"},{"element-6066-11e4-a52e-4f735466cecf":"ea5abd89-ed72-4250-b255-788b0a3033f6"},{"element-6066-11e4-a52e-4f735466cecf":"7601aa57-5195-4e77-a6db-f4543ea5ee2c"},{"element-6066-11e4-a52e-4f735466cecf":"eadde75c-478c-46b9-80d0-8917ad229ce0"},{"element-6066-11e4-a52e-4f735466cecf":"e216d945-09c3-45e7-b1a8-fce9f4bc50b9"},{"element-6066-11e4-a52e-4f735466cecf":"b3488560-3d30-4220-bdb3-6453a515fe98"},{"element-6066-11e4-a52e-4f735466cecf":"d5f06600-4000-419f-86fa-a73c0790d473"},{"element-6066-11e4-a52e-4f735466cecf":"0db2de50-10f4-443c-b0d7-69992bc1cc5a"},{"element-6066-11e4-a52e-4f735466cecf":"73223ae4-1ec9-41a9-aceb-e9aed3adbf12"},{"element-6066-11e4-a52e-4f735466cecf":"f7be7893-3e6a-4b30-9f73-c1fca129bc9c"},{"element-6066-11e4-a52e-4f735466cecf":"34997b71-3f4c-45bc-a53e-34d9f37cc3da"},{"element-6066-11e4-a52e-4f735466cecf":"b54d6532-ce4c-4140-9c6c-424a4ac2097b"},{"element-6066-11e4-a52e-4f735466cecf":"b44db269-0c7e-4599-9552-ef46767f6d77"},{"element-6066-11e4-a52e-4f735466cecf":"1022938a-dbec-4bad-8a0c-5d7b7e7b685c"},{"element-6066-11e4-a52e-4f735466cecf":"e2c23081-4a73-4644-8bf4-4e468848f77f"},{"element-6066-11e4-a52e-4f735466cecf":"1fc6c3fa-9f7e-4820-b038-5365124e238e"},{"element-6066-11e4-a52e-4f735466cecf":"cb22f802-8c30-438b-99fc-9c9db488069d"},{"element-6066-11e4-a52e-4f735466cecf":"569f854e-9de5-4eeb-806a-7096e948fdc3"},{"element-6066-11e4-a52e-4f735466cecf":"92daeaa0-e70a-4415-bf5d-e5bbcb75741a"},{"element-6066-11e4-a52e-4f735466cecf":"1056070c-1b05-4fc6-95d2-320095d1b6fd"},{"element-6066-11e4-a52e-4f735466cecf":"80f72235-310c-4372-8472-3d9089702a1c"},{"element-6066-11e4-a52e-4f735466cecf":"68754060-c622-4394-9cbf-13b2e1085578"},{"element-6066-11e4-a52e-4f735466cecf":"1c1cafeb-400d-4f29-9b5c-f367c35b26c9"},{"element-6066-11e4-a52e-4f735466cecf":"246f2598-4223-4b2c-8aa5-0709deb345f2"},{"element-6066-11e4-a52e-4f735466cecf":"0ffed50a-3aab-4069-a642-2cd5ad22a729"},{"element-6066-11e4-a52e-4f735466cecf":"479e6955-0bb2-48b0-a9b7-d7503def2a99"},{"element-6066-11e4-a52e-4f735466cecf":"4e4d5419-77de-41c4-9ea8-68682188b5a1"},{"element-6066-11e4-a52e-4f735466cecf":"0046198e-76da-4bf6-8709-50c2784356ae"},{"element-6066-11e4-a52e-4f735466cecf":"818aa7dc-a8e5-4915-a51b-7ce05ea89f14"},{"element-6066-11e4-a52e-4f735466cecf":"082a4b45-864e-402d-b68f-7de9b80473ca"},{"element-6066-11e4-a52e-4f735466cecf":"c49b928f-ef5b-41f7-b1bf-07e988c4f95a"},{"element-6066-11e4-a52e-4f735466cecf":"cf01e59b-d0b9-457b-b252-bf811747915a"},{"element-6066-11e4-a52e-4f735466cecf":"b00b70ff-4820-49b2-8182-ee48a0a4bd8f"},{"element-6066-11e4-a52e-4f735466cecf":"4872e9a3-a0b4-41d5-9ebe-4d3acc27b822"},{"element-6066-11e4-a52e-4f735466cecf":"e0c64d23-341d-4552-953f-f5bad67f3573"},{"element-6066-11e4-a52e-4f735466cecf":"ad26d310-f551-4b72-9690-d76376445a2a"},{"element-6066-11e4-a52e-4f735466cecf":"bb1e0e14-37f4-4ea5-9f31-b7390b3a639b"},{"element-6066-11e4-a52e-4f735466cecf":"47aa7c9e-c480-4012-bc25-20da2c72570d"},{"element-6066-11e4-a52e-4f735466cecf":"d7d8ef50-7b17-4e20-9274-e3a8a9ea2361"},{"element-6066-11e4-a52e-4f735466cecf":"3ac5d30f-cbdb-4c8c-87e3-9d1ae8a43c0a"},{"element-6066-11e4-a52e-4f735466cecf":"d7017094-69b5-40e3-a0ed-4607f882114e"},{"element-6066-11e4-a52e-4f735466cecf":"d3824a2d-ff98-40a8-937d-75bbd6163f6f"},{"element-6066-11e4-a52e-4f735466cecf":"d5bf7e9a-de43-44da-8cfa-0f9e81014691"},{"element-6066-11e4-a52e-4f735466cecf":"3f3b56ed-7db0-44c2-a7cb-bbe787df6ffd"},{"element-6066-11e4-a52e-4f735466cecf":"f9630acb-6a9b-4703-9043-9ea1a38835ac"},{"element-6066-11e4-a52e-4f735466cecf":"6018f25e-6687-49c3-9d04-604696e6b72e"},{"element-6066-11e4-a52e-4f735466cecf":"91eb1278-4891-408c-8a1c-3f2c45f8e234"},{"element-6066-11e4-a52e-4f735466cecf":"98fb7b81-8ee3-47c2-9d91-b2aaa98123be"},{"element-6066-11e4-a52e-4f735466cecf":"9419ce9c-9bca-4c34-8a37-0582871f35c6"},{"element-6066-11e4-a52e-4f735466cecf":"cf7ba77a-e27c-43c5-b151-7621a0a08b7c"},{"element-6066-11e4-a52e-4f735466cecf":"35362606-00d4-416f-a34e-4186c8fd7a94"},{"element-6066-11e4-a52e-4f735466cecf":"86213fcf-40bd-4a41-b67d-7a79fd0f2a59"},{"element-6066-11e4-a52e-4f735466cecf":"9728c4fe-40ac-4c65-846c-9548eac9c233"},{"element-6066-11e4-a52e-4f735466cecf":"151f4f22-6677-41ab-8764-5d9731adbd44"},{"element-6066-11e4-a52e-4f735466cecf":"184f0712-850b-443a-87bb-94ce0dc3641c"},{"element-6066-11e4-a52e-4f735466cecf":"6e959d6e-fac8-4454-993e-f62c67c1d953"},{"element-6066-11e4-a52e-4f735466cecf":"074b9e42-7429-4477-9ea1-1279fa1394ec"},{"element-6066-11e4-a52e-4f735466cecf":"b5b2fd14-1a2e-4493-b4b1-9aeeabd76f06"},{"element-6066-11e4-a52e-4f735466cecf":"8b91591a-f72e-4b41-9602-db49385c3904"},{"element-6066-11e4-a52e-4f735466cecf":"84c1331e-6b32-437b-967d-0d3153007903"},{"element-6066-11e4-a52e-4f735466cecf":"39081b80-c4d4-46aa-bb3f-75fa9b115c87"},{"element-6066-11e4-a52e-4f735466cecf":"cd1acb2e-bb6d-420e-a1d6-7f132c403e4d"},{"element-6066-11e4-a52e-4f735466cecf":"302b6a19-6401-4d58-9a9a-6376432c542f"},{"element-6066-11e4-a52e-4f735466cecf":"a16800be-291a-4fbd-807e-d320284dceb3"},{"element-6066-11e4-a52e-4f735466cecf":"a4655b1d-14d9-4c94-8271-fb6e4570c4b9"},{"element-6066-11e4-a52e-4f735466cecf":"5bcfc5af-60f3-4f43-84bf-e07e4fdc8c17"},{"element-6066-11e4-a52e-4f735466cecf":"1ad93099-8dfd-436b-8825-72829119b863"},{"element-6066-11e4-a52e-4f735466cecf":"aaff33c3-2e8f-4b8e-bdb9-f3c84b00dc0e"},{"element-6066-11e4-a52e-4f735466cecf":"d3d5f278-e466-4774-b6c6-7ac7bd6f9181"},{"element-6066-11e4-a52e-4f735466cecf":"e5bf8502-37a0-4418-93d3-3fcafcc87c57"},{"element-6066-11e4-a52e-4f735466cecf":"2d644d56-8251-4275-804e-fe9712f81d24"},{"element-6066-11e4-a52e-4f735466cecf":"0f9456b6-30ff-490e-91fd-211c0a50657e"},{"element-6066-11e4-a52e-4f735466cecf":"51c10631-1298-4ea1-b336-c6e716848f4a"},{"element-6066-11e4-a52e-4f735466cecf":"d42c3753-14ee-424d-a1da-e979431587fa"},{"element-6066-11e4-a52e-4f735466cecf":"4315b520-707e-4eca-80af-e16413d2dae1"},{"element-6066-11e4-a52e-4f735466cecf":"c200199c-44da-4fb6-88f4-870a49393b86"},{"element-6066-11e4-a52e-4f735466cecf":"19687893-1f91-4f4e-8e8c-e4918a5ebc5f"},{"element-6066-11e4-a52e-4f735466cecf":"5f29ec64-b95a-46f4-9aac-73d3f76a76ce"},{"element-6066-11e4-a52e-4f735466cecf":"96d49223-e618-419c-a32e-281fbcc5ab46"},{"element-6066-11e4-a52e-4f735466cecf":"9780aa79-a881-4ecb-a581-f4b7880865f5"},{"element-6066-11e4-a52e-4f735466cecf":"255daa2c-32a9-4108-8e0c-4099f4d95629"},{"element-6066-11e4-a52e-4f735466cecf":"fb827f56-db65-4aa8-9969-224b720ad7ea"},{"element-6066-11e4-a52e-4f735466cecf":"4f6a6f4a-65d7-41cb-8130-11993042cf01"},{"element-6066-11e4-a52e-4f735466cecf":"62645d68-a2c0-46c1-a6ee-13f61482034c"},{"element-6066-11e4-a52e-4f735466cecf":"1e87322c-8fab-4a63-b6a6-7de04a2b22ef"},{"element-6066-11e4-a52e-4f735466cecf":"b5a5fefb-d42b-49d8-915a-43a2a547b229"},{"element-6066-11e4-a52e-4f735466cecf":"f373941a-6802-440c-a18f-ee3a5f99032c"},{"element-6066-11e4-a52e-4f735466cecf":"365cc474-71c0-41b9-85a8-2bb4be90bad1"},{"element-6066-11e4-a52e-4f735466cecf":"4ce2049a-d320-41d0-bb3c-5e2db5697104"},{"element-6066-11e4-a52e-4f735466cecf":"50552db9-cd51-459f-9b02-6a86cbaaf8ea"},{"element-6066-11e4-a52e-4f735466cecf":"027ef666-dc63-499b-86e5-d92590d37fbd"},{"element-6066-11e4-a52e-4f735466cecf":"f56d9ed1-e16e-4c6f-af43-a67a1108f5f6"},{"element-6066-11e4-a52e-4f735466cecf":"f9c1cc68-dcb2-4f51-b2cd-e4aa4e587cdf"},{"element-6066-11e4-a52e-4f735466cecf":"d49aa318-1a65-49d9-94e4-afe3118ddba0"},{"element-6066-11e4-a52e-4f735466cecf":"fe3663d8-732e-4569-9e1d-e28728bc9c73"},{"element-6066-11e4-a52e-4f735466cecf":"2962eb28-5005-4f27-9981-16118d09fd71"},{"element-6066-11e4-a52e-4f735466cecf":"5767929a-affd-408b-8241-6dbd73057acb"},{"element-6066-11e4-a52e-4f735466cecf":"6ee74d03-9fc1-4dda-8f15-f01214d02e50"},{"element-6066-11e4-a52e-4f735466cecf":"384aa417-4c9e-4949-9918-48c0253aa29d"},{"element-6066-11e4-a52e-4f735466cecf":"a360358b-286c-480e-b3aa-8e99804f0ebf"},{"element-6066-11e4-a52e-4f735466cecf":"5612e198-f1e5-4f5a-a622-d7b97b5642f1"},{"element-6066-11e4-a52e-4f735466cecf":"be2f6fa4-70a4-4f59-b24f-ee9ef8d71864"},{"element-6066-11e4-a52e-4f735466cecf":"91093732-2585-4112-b57b-1eafa8285f85"},{"element-6066-11e4-a52e-4f735466cecf":"19cec6a0-4fb8-45a3-84e2-bf32b812b90a"},{"element-6066-11e4-a52e-4f735466cecf":"107513e2-37ba-43df-868e-d3854c899c47"},{"element-6066-11e4-a52e-4f735466cecf":"8c7c6215-eb70-4846-84aa-2c01ab185ba9"},{"element-6066-11e4-a52e-4f735466cecf":"7a7b317c-99be-4656-b1ec-de60aa66aeed"},{"element-6066-11e4-a52e-4f735466cecf":"014c2120-c2f3-4462-8fcf-93f0c1efd462"},{"element-6066-11e4-a52e-4f735466cecf":"c8a496b1-8a95-434d-887d-b0e65bb83747"},{"element-6066-11e4-a52e-4f735466cecf":"81d945fb-7dcb-40a2-90cf-5e9ce71df316"},{"element-6066-11e4-a52e-4f735466cecf":"68f02583-532d-43fa-b91b-4ded8b627a8c"},{"element-6066-11e4-a52e-4f735466cecf":"ef8fe256-2dab-4261-8a26-bec284ddf2b9"},{"element-6066-11e4-a52e-4f735466cecf":"656e33cd-edf6-49c0-b5a6-0416d3dca0e9"},{"element-6066-11e4-a52e-4f735466cecf":"bd8a0918-fbeb-4cca-aaa1-58a9aead7f68"},{"element-6066-11e4-a52e-4f735466cecf":"0b317c60-a9be-4725-9270-b1d1a0bd6acf"},{"element-6066-11e4-a52e-4f735466cecf":"970ce9e4-c0d7-4426-a4af-6127957fc3df"},{"element-6066-11e4-a52e-4f735466cecf":"d0bd255f-55ef-437a-8d25-513c737b3b4b"},{"element-6066-11e4-a52e-4f735466cecf":"762fda9c-cd47-406c-8ea6-37755f87e69a"},{"element-6066-11e4-a52e-4f735466cecf":"d33c8cbd-5287-4af8-b234-3003fbac1943"},{"element-6066-11e4-a52e-4f735466cecf":"bdb34125-a537-4023-a907-9cf40d48a28d"},{"element-6066-11e4-a52e-4f735466cecf":"c110e40a-6382-4f47-9d77-c9a356bb01a7"},{"element-6066-11e4-a52e-4f735466cecf":"9fed9c9a-b2c5-462f-9c0a-a7cc31e4251b"},{"element-6066-11e4-a52e-4f735466cecf":"08f57a05-54ea-47ef-a64c-7afb93008239"},{"element-6066-11e4-a52e-4f735466cecf":"f000b98d-2ead-4f3e-ac97-4cd0277dc28e"},{"element-6066-11e4-a52e-4f735466cecf":"1435c146-d474-4c1a-a1c5-3255ec5bbd8b"},{"element-6066-11e4-a52e-4f735466cecf":"f6f1052b-85f4-413f-a749-b291717524ee"},{"element-6066-11e4-a52e-4f735466cecf":"dcdf7d94-3534-4b7d-b68b-2abda53032d4"},{"element-6066-11e4-a52e-4f735466cecf":"39c880d1-e2cd-4a70-8a26-ff13b2f8e634"},{"element-6066-11e4-a52e-4f735466cecf":"9e6474c3-716e-45c2-97c4-97f2bcb70007"},{"element-6066-11e4-a52e-4f735466cecf":"4c1f4597-a137-494a-a300-fb3089dbd749"},{"element-6066-11e4-a52e-4f735466cecf":"99a92846-6b3d-420b-86be-364296a65bc4"},{"element-6066-11e4-a52e-4f735466cecf":"f2e0d87f-dcad-442d-bbb7-62f752e41740"},{"element-6066-11e4-a52e-4f735466cecf":"9ceef680-f320-4fea-924b-dfc4870b8828"},{"element-6066-11e4-a52e-4f735466cecf":"e9cf8ed0-3cd5-40f7-84c1-12dafc8a207f"},{"element-6066-11e4-a52e-4f735466cecf":"86d3c911-bd11-409f-b495-746fe02aa396"},{"element-6066-11e4-a52e-4f735466cecf":"d2fb7d72-998e-4b38-9fd9-639d9ef8078a"},{"element-6066-11e4-a52e-4f735466cecf":"64b457da-f9e2-4693-8996-2aed9735b5b2"},{"element-6066-11e4-a52e-4f735466cecf":"a9e3c206-d62f-4a76-844d-ea705f7ec743"},{"element-6066-11e4-a52e-4f735466cecf":"9cfa21e5-2831-49ea-a17d-f14e352844fb"},{"element-6066-11e4-a52e-4f735466cecf":"be269ebb-d634-4a87-bc1c-ed4f4a065044"},{"element-6066-11e4-a52e-4f735466cecf":"de103568-f047-4a85-b78a-b8509b2d180f"},{"element-6066-11e4-a52e-4f735466cecf":"c5715191-5eb2-4088-ad20-095a50c16239"},{"element-6066-11e4-a52e-4f735466cecf":"729abefc-a36d-4ccc-b608-2f4982c258f2"},{"element-6066-11e4-a52e-4f735466cecf":"9f4d3778-cab0-47be-8724-1aa5e4fe113f"},{"element-6066-11e4-a52e-4f735466cecf":"a94408f7-c8ac-440e-af77-6334bd36c863"},{"element-6066-11e4-a52e-4f735466cecf":"ee58bfe1-8abf-4a9f-acc3-3373f782edd5"},{"element-6066-11e4-a52e-4f735466cecf":"44b507f1-9fb4-4302-a5c3-29ab06cff505"},{"element-6066-11e4-a52e-4f735466cecf":"07900fa0-8b1e-4a3b-bb14-e4a807d14ae9"},{"element-6066-11e4-a52e-4f735466cecf":"49d66d19-c77e-4317-b7b1-d9ae5aaf4945"},{"element-6066-11e4-a52e-4f735466cecf":"f9dd8372-b8b8-4f1d-bbb4-8df8c2d19ec0"},{"element-6066-11e4-a52e-4f735466cecf":"7fd7a202-7be4-4d08-8713-994d6357993b"},{"element-6066-11e4-a52e-4f735466cecf":"c61e0da3-6fc9-4f32-bf41-7b37b4d2798e"},{"element-6066-11e4-a52e-4f735466cecf":"208fbeee-0f4f-4069-8d2b-b6d0ea4e9c5a"},{"element-6066-11e4-a52e-4f735466cecf":"176eb2d1-68c6-4f44-8b99-605faeab13e4"},{"element-6066-11e4-a52e-4f735466cecf":"2b8cf513-6cf2-4124-b401-46b39e779c15"},{"element-6066-11e4-a52e-4f735466cecf":"6e9ae662-0dce-4127-a2e5-2a3bd5fda22f"},{"element-6066-11e4-a52e-4f735466cecf":"a84942cb-157b-4157-a1ac-e6d9254298a8"},{"element-6066-11e4-a52e-4f735466cecf":"cfb4e497-0713-4a37-82e6-2bac93f65b91"},{"element-6066-11e4-a52e-4f735466cecf":"3642868e-5699-4bfb-9d9d-70a2fe9c66d8"},{"element-6066-11e4-a52e-4f735466cecf":"56dfbbf0-dc61-4977-8328-f3b07d4364dc"},{"element-6066-11e4-a52e-4f735466cecf":"2bcb5ee7-71d7-4fe6-87c0-804d8c7bde4c"},{"element-6066-11e4-a52e-4f735466cecf":"2aec664a-bd7d-41b6-8761-b5dcbf75f3e9"},{"element-6066-11e4-a52e-4f735466cecf":"3fa0b29a-5775-49f1-9eb7-c9640a3e4fd8"},{"element-6066-11e4-a52e-4f735466cecf":"861904c1-76e1-401b-b699-d2533752fa32"},{"element-6066-11e4-a52e-4f735466cecf":"375042ed-45b6-470b-92c1-734478eaef0a"},{"element-6066-11e4-a52e-4f735466cecf":"696ad449-8c2b-4985-94d3-15ce8e07bd1c"},{"element-6066-11e4-a52e-4f735466cecf":"2cdc863e-9c4a-4883-9c37-8878abb48a48"},{"element-6066-11e4-a52e-4f735466cecf":"744672e4-c23e-4d07-a4f2-b9e868210090"},{"element-6066-11e4-a52e-4f735466cecf":"97f98b3a-cccd-4eb8-bc2f-ef8b09cd7f8d"},{"element-6066-11e4-a52e-4f735466cecf":"1b23147d-818c-4ed2-a311-de210134a528"},{"element-6066-11e4-a52e-4f735466cecf":"06cd6cbe-5842-4cfe-a454-7631e6e443fd"},{"element-6066-11e4-a52e-4f735466cecf":"f9d87527-8e7e-48fb-8824-5acec45be881"},{"element-6066-11e4-a52e-4f735466cecf":"fa1d3224-1ee8-4fa0-ba38-32c13bf63e82"},{"element-6066-11e4-a52e-4f735466cecf":"8a73bd67-1210-4b90-a13c-95599027d76f"},{"element-6066-11e4-a52e-4f735466cecf":"e188ac14-49be-48bd-bf91-e700ab6f06ae"},{"element-6066-11e4-a52e-4f735466cecf":"fe5e493a-179c-4780-a181-bf2e1bc2661a"},{"element-6066-11e4-a52e-4f735466cecf":"7a56227e-c88a-4e6e-bfc2-0e8a7307cc38"},{"element-6066-11e4-a52e-4f735466cecf":"7890d472-6cd8-4edc-9167-2566ef2da836"},{"element-6066-11e4-a52e-4f735466cecf":"e20c259b-cda6-4e8e-9b7d-939b9b05194c"},{"element-6066-11e4-a52e-4f735466cecf":"c1114651-817a-4ea0-983e-60f8acde05c8"},{"element-6066-11e4-a52e-4f735466cecf":"b69fff97-989b-4332-9c0c-41f57745c06d"},{"element-6066-11e4-a52e-4f735466cecf":"59846945-2df3-47b1-a783-43b9a0e50a41"},{"element-6066-11e4-a52e-4f735466cecf":"c6981891-f3ca-4590-831d-24a0ffd6b586"},{"element-6066-11e4-a52e-4f735466cecf":"2ac3a672-1d7e-466c-bd9e-54d82a732fa8"},{"element-6066-11e4-a52e-4f735466cecf":"614879f9-af95-4e99-9788-c70116fa1ec0"},{"element-6066-11e4-a52e-4f735466cecf":"aab05dcf-0456-4f9b-8070-adf00046f25c"},{"element-6066-11e4-a52e-4f735466cecf":"d4b47732-f134-4133-8c16-201cd20c5eff"},{"element-6066-11e4-a52e-4f735466cecf":"4f8169f6-2553-486f-b4d5-60a890b79798"},{"element-6066-11e4-a52e-4f735466cecf":"2ff13a67-1e9b-41dd-a825-bd0188a455b9"},{"element-6066-11e4-a52e-4f735466cecf":"2562a23b-0222-4d31-b497-7bf543c490e5"},{"element-6066-11e4-a52e-4f735466cecf":"b072a3a4-6221-4c40-9dfc-6fd8529ffbc4"},{"element-6066-11e4-a52e-4f735466cecf":"0acfdece-1735-46f3-8abb-ba7390aec2d4"},{"element-6066-11e4-a52e-4f735466cecf":"a824ef82-56b2-47de-8ce7-a184a9fdaca8"},{"element-6066-11e4-a52e-4f735466cecf":"ba930ee5-c688-4f09-a352-b01878a44800"},{"element-6066-11e4-a52e-4f735466cecf":"d21fd7e8-87e4-4ae3-8cf5-e019d1f246c0"},{"element-6066-11e4-a52e-4f735466cecf":"9f23acba-7950-4712-8bce-a72c569be282"},{"element-6066-11e4-a52e-4f735466cecf":"73c78674-e686-478e-9a57-945012edd20a"},{"element-6066-11e4-a52e-4f735466cecf":"e39bbb8b-15b8-4cb4-94be-2877ff185acb"},{"element-6066-11e4-a52e-4f735466cecf":"393dcea0-e42e-4958-9e2f-f75142227c19"},{"element-6066-11e4-a52e-4f735466cecf":"ba99bdb1-caf2-45e2-8410-bc58171c3cf5"},{"element-6066-11e4-a52e-4f735466cecf":"d518b424-2c40-4ac7-9b88-891952424a81"},{"element-6066-11e4-a52e-4f735466cecf":"33abc44b-f64f-4ac3-9955-26a8ef8f871b"},{"element-6066-11e4-a52e-4f735466cecf":"89327c21-b6d6-4e8a-826d-675820181074"},{"element-6066-11e4-a52e-4f735466cecf":"e2707c34-a00a-46c3-9ac5-026ff35f2aa0"},{"element-6066-11e4-a52e-4f735466cecf":"a6d5c7f1-fd55-46e0-9926-93a40a144586"},{"element-6066-11e4-a52e-4f735466cecf":"b0a79b84-c1c2-4a49-a28d-7e7ebdfa89e8"},{"element-6066-11e4-a52e-4f735466cecf":"4269329e-59a2-4bef-956a-77bb8f369b57"},{"element-6066-11e4-a52e-4f735466cecf":"49ee0666-99a0-4e08-a6b1-570af5448368"},{"element-6066-11e4-a52e-4f735466cecf":"68b82837-5d19-4daa-8e46-f33f559d2b05"},{"element-6066-11e4-a52e-4f735466cecf":"34d99b12-f41b-482b-a1f9-6259bee42e2f"},{"element-6066-11e4-a52e-4f735466cecf":"a86c75bc-01b5-4e13-a071-164e5bda873f"},{"element-6066-11e4-a52e-4f735466cecf":"b875111d-2423-4c18-a14f-da94ba4d5a1a"},{"element-6066-11e4-a52e-4f735466cecf":"29c02e1e-4272-441f-95f7-d367e7f09720"},{"element-6066-11e4-a52e-4f735466cecf":"abf37e45-53ef-4ddb-a86a-d9f8d0eb4ec4"},{"element-6066-11e4-a52e-4f735466cecf":"df6dc227-28ab-40d1-bbf2-2061da891965"},{"element-6066-11e4-a52e-4f735466cecf":"5f20d64e-8d8c-4e06-aa01-1ff5b0d18a19"},{"element-6066-11e4-a52e-4f735466cecf":"cf2d65d1-78e6-4c85-820f-4a3897e7a0a2"},{"element-6066-11e4-a52e-4f735466cecf":"058ec2d0-bce7-48cb-b1a3-bb1e1e335356"},{"element-6066-11e4-a52e-4f735466cecf":"cfbc2bb3-7b4f-447b-b390-9137df2c34f6"},{"element-6066-11e4-a52e-4f735466cecf":"294b5ae5-69be-47dd-a66c-843fcd21364f"},{"element-6066-11e4-a52e-4f735466cecf":"d841dec6-7825-4149-9fc2-ba83f0320472"},{"element-6066-11e4-a52e-4f735466cecf":"2db74cf5-dec6-47a8-b1af-e2825a701a5f"},{"element-6066-11e4-a52e-4f735466cecf":"ed7f9f51-247b-457c-826e-64dadc700f02"},{"element-6066-11e4-a52e-4f735466cecf":"dd7c8c77-61ec-4f5b-8092-0954da07a175"},{"element-6066-11e4-a52e-4f735466cecf":"6a75f262-9629-4a21-b09e-fa599da67ccd"},{"element-6066-11e4-a52e-4f735466cecf":"82b479b1-9375-4bc9-9b0a-f1d2370127a8"},{"element-6066-11e4-a52e-4f735466cecf":"9ca10727-956a-49dc-89d2-e7b4a31041d4"},{"element-6066-11e4-a52e-4f735466cecf":"c8ac7a83-86e0-4ad1-97ec-77f5491544fd"},{"element-6066-11e4-a52e-4f735466cecf":"0fe66ef1-f254-40b4-ad5c-587a61af6648"},{"element-6066-11e4-a52e-4f735466cecf":"ad08520b-ca33-4bac-ab35-85674d183042"},{"element-6066-11e4-a52e-4f735466cecf":"39a68da2-788d-4d27-bc2d-aeb8a3203dc2"},{"element-6066-11e4-a52e-4f735466cecf":"9971bfcc-af61-425a-b4a4-137ac8100f77"},{"element-6066-11e4-a52e-4f735466cecf":"3bd32039-1b1f-4fbf-b9a5-f7706ab54452"},{"element-6066-11e4-a52e-4f735466cecf":"fdad558d-4599-4a85-8ffb-d6ecd2d79792"},{"element-6066-11e4-a52e-4f735466cecf":"625536f3-d37d-41b9-bb54-eeb2e8d9d510"},{"element-6066-11e4-a52e-4f735466cecf":"0cd99fee-9fc0-4ce8-9f35-fa88834571c2"},{"element-6066-11e4-a52e-4f735466cecf":"da134219-562c-4c78-8b67-dd5a411b69c2"},{"element-6066-11e4-a52e-4f735466cecf":"fdbc16ba-4a32-4258-a437-7253b145c416"},{"element-6066-11e4-a52e-4f735466cecf":"69874ee3-cb20-47be-82fe-4aa1cf9bfcf7"},{"element-6066-11e4-a52e-4f735466cecf":"4abac773-91c9-4a7d-83b4-b21ce8e0d8ca"},{"element-6066-11e4-a52e-4f735466cecf":"88630316-6e26-4466-8cc0-a93f97affc07"},{"element-6066-11e4-a52e-4f735466cecf":"05921a38-85b3-4f60-9b80-626f8df25b2f"},{"element-6066-11e4-a52e-4f735466cecf":"53ce70f7-4f50-45ad-8383-cebb55483b75"},{"element-6066-11e4-a52e-4f735466cecf":"769702ad-5782-4591-8096-0c41d254ef2b"},{"element-6066-11e4-a52e-4f735466cecf":"b91f4555-d2bd-4760-86f2-c8059316546f"},{"element-6066-11e4-a52e-4f735466cecf":"f7c930bc-cb1c-4dd6-b5bf-41ac0b1f15d5"},{"element-6066-11e4-a52e-4f735466cecf":"f572bf83-ff53-4a04-a6f8-939277c3909c"},{"element-6066-11e4-a52e-4f735466cecf":"a6d209b6-b2c1-44e8-b6b8-85a0c13ac2d7"},{"element-6066-11e4-a52e-4f735466cecf":"f2240a8c-426c-4568-ac09-f3ba63a93b8e"},{"element-6066-11e4-a52e-4f735466cecf":"fbc69f15-c57d-4458-a56c-48c7de793e76"},{"element-6066-11e4-a52e-4f735466cecf":"060b8fbe-41fc-4725-a105-e51cb3adc423"},{"element-6066-11e4-a52e-4f735466cecf":"2b340df4-01e6-48f2-9d06-46b6c881f8e5"},{"element-6066-11e4-a52e-4f735466cecf":"8cef97f0-822d-4f57-bb39-7ff552ba6b8e"},{"element-6066-11e4-a52e-4f735466cecf":"30b72ec0-a603-438e-875e-32d70ab92f46"},{"element-6066-11e4-a52e-4f735466cecf":"45f47627-f3b3-4885-b839-3795b8edf7b9"},{"element-6066-11e4-a52e-4f735466cecf":"813c0a46-dc88-4cea-803c-8f73f79499ea"},{"element-6066-11e4-a52e-4f735466cecf":"094cee67-9c19-4025-8625-88e5409c9055"},{"element-6066-11e4-a52e-4f735466cecf":"3653ec63-d6ac-4a96-94f9-346c32f773ac"},{"element-6066-11e4-a52e-4f735466cecf":"0bb9a08d-313d-453f-84e2-9bfeae408e2d"},{"element-6066-11e4-a52e-4f735466cecf":"38065827-b690-48de-a45a-92ce00378e55"},{"element-6066-11e4-a52e-4f735466cecf":"97dda46d-4cfc-4325-8cd4-0e7c37d9b0f9"},{"element-6066-11e4-a52e-4f735466cecf":"fdb25d3d-ea3f-42ec-b27b-c26174d77911"},{"element-6066-11e4-a52e-4f735466cecf":"d9c3200b-a54b-4bf6-8d75-6fe1cf62fe6c"},{"element-6066-11e4-a52e-4f735466cecf":"65459fe1-8958-4d9e-8aba-6109c81e2500"},{"element-6066-11e4-a52e-4f735466cecf":"336b9868-ed58-4a1c-bba7-3756f7a9962b"},{"element-6066-11e4-a52e-4f735466cecf":"234dd5b6-6259-44c0-84a1-1704aaf98188"},{"element-6066-11e4-a52e-4f735466cecf":"1331d4a4-f6bc-4738-96ae-0359178d22df"},{"element-6066-11e4-a52e-4f735466cecf":"39b4c293-bb44-41cf-b355-bacd13cf17c9"},{"element-6066-11e4-a52e-4f735466cecf":"3684894e-7bcb-418f-9894-e3b30bf0ed31"},{"element-6066-11e4-a52e-4f735466cecf":"2ae42032-d2b4-44a1-8c42-94cbed7fdabb"},{"element-6066-11e4-a52e-4f735466cecf":"26a4612f-45df-4626-8585-378560f1e637"},{"element-6066-11e4-a52e-4f735466cecf":"ca7adcad-ae8d-4888-9211-15f88d316b8e"},{"element-6066-11e4-a52e-4f735466cecf":"a1cdbdfe-b536-44bd-ad7a-f3b412cb69ba"},{"element-6066-11e4-a52e-4f735466cecf":"6a022ebf-b5e4-4dc4-bb37-39f7c05872c0"},{"element-6066-11e4-a52e-4f735466cecf":"18d3bfab-71e2-4cb9-9192-e17cf9bc6ec0"},{"element-6066-11e4-a52e-4f735466cecf":"2a4e8c1e-f8b5-418d-a721-31d7a206ea9e"},{"element-6066-11e4-a52e-4f735466cecf":"f240faad-cb8c-44eb-b2ec-db4af96be60b"},{"element-6066-11e4-a52e-4f735466cecf":"0f9de3ab-7940-4b17-9582-cb1c6a5d66d0"},{"element-6066-11e4-a52e-4f735466cecf":"ac16faf2-283a-4dc9-bbac-8f5f4cd30b6d"},{"element-6066-11e4-a52e-4f735466cecf":"523b0535-df81-485d-a7de-217799fd44bc"},{"element-6066-11e4-a52e-4f735466cecf":"2767e1a8-a006-4e23-9a5f-2a31ec27a513"},{"element-6066-11e4-a52e-4f735466cecf":"4dbc627d-cc3f-42a3-8a44-f2fdf3060a68"},{"element-6066-11e4-a52e-4f735466cecf":"c337ca2d-abe0-4b72-8c07-f8afe2936c6f"},{"element-6066-11e4-a52e-4f735466cecf":"83356902-b182-4692-936c-74a071e930d3"},{"element-6066-11e4-a52e-4f735466cecf":"5e3f4b34-55c7-4399-85a6-3dfcd7ed08cb"},{"element-6066-11e4-a52e-4f735466cecf":"f69dff60-8853-4d4d-9f77-b6efacd64a62"},{"element-6066-11e4-a52e-4f735466cecf":"4f88e241-eaf4-4a25-b3c2-44be7a638b37"},{"element-6066-11e4-a52e-4f735466cecf":"6ebf187a-3c24-47f5-aa4a-347012f6cd21"},{"element-6066-11e4-a52e-4f735466cecf":"30583b93-4228-429c-9cf8-a226e7636293"},{"element-6066-11e4-a52e-4f735466cecf":"ab9d98ef-c8cb-45d6-b764-bb9865e14df9"},{"element-6066-11e4-a52e-4f735466cecf":"95d4cbdb-78e2-46be-959d-96844db6a41f"},{"element-6066-11e4-a52e-4f735466cecf":"e7678c5e-c002-4db8-a0eb-7b0dbb1090ae"},{"element-6066-11e4-a52e-4f735466cecf":"1eb60aec-3a11-41ab-8562-d20e6508df30"}]} | headers=HTTPHeaderDict({'Content-Length': '158011', 'Content-Type': 'application/json; charset=utf-8', 'cache-control': 'no-cache'})
DEBUG    2022-05-28 23:27:41 selenium.webdriver.remote.remote_connection::remote_connection.py:_request:412: Finished Request
INFO     2022-05-28 23:27:41 root::mod_common.py:is_element_exist:13: //span[@class='ico-star1 ng-binding']엘리먼트가 존재합니다.
DEBUG    2022-05-28 23:27:41 selenium.webdriver.remote.remote_connection::remote_connection.py:_request:361: POST http://localhost:10556/session/4e50ce4ebf75ab98d951a2116a124501/elements {"using": "xpath", "value": "//span[@class='review_num ng-binding' and @ng-show='restaurant.review_count > 0']"}
DEBUG    2022-05-28 23:27:42 urllib3.connectionpool::connectionpool.py:_make_request:456: http://localhost:10556 "POST /session/4e50ce4ebf75ab98d951a2116a124501/elements HTTP/1.1" 200 158011
DEBUG    2022-05-28 23:27:42 selenium.webdriver.remote.remote_connection::remote_connection.py:_request:383: Remote response: status=200 | data={"value":[{"element-6066-11e4-a52e-4f735466cecf":"0e05d9fa-ee6c-4f68-a859-2067cde8b7ae"},{"element-6066-11e4-a52e-4f735466cecf":"76298e0f-0ba8-425f-a267-67c900735ef0"},{"element-6066-11e4-a52e-4f735466cecf":"2fdd63e8-8189-4b4c-b2e6-d893986c6519"},{"element-6066-11e4-a52e-4f735466cecf":"44fde51e-2d33-4ea4-b313-514333f5dd78"},{"element-6066-11e4-a52e-4f735466cecf":"43dee879-53d0-4384-984f-d08f4a168d17"},{"element-6066-11e4-a52e-4f735466cecf":"c5777c1a-c5bd-4ea6-85e8-20f750f4aeae"},{"element-6066-11e4-a52e-4f735466cecf":"f2b19214-9851-40a0-96a9-13902b6b9d8a"},{"element-6066-11e4-a52e-4f735466cecf":"9b829549-46d3-4cd3-a65b-fa2b53f50cee"},{"element-6066-11e4-a52e-4f735466cecf":"54049e06-4aa6-45e7-b6f6-ba166211b1f9"},{"element-6066-11e4-a52e-4f735466cecf":"69062abf-65c6-4d9c-b9ac-4996b68878c0"},{"element-6066-11e4-a52e-4f735466cecf":"9fd315eb-75a3-4e00-8d9d-0ccfeff2a524"},{"element-6066-11e4-a52e-4f735466cecf":"0c6eea33-c2dd-4804-b3bb-3ec902dc5daa"},{"element-6066-11e4-a52e-4f735466cecf":"01271b8d-b261-4e16-bae0-e487db3074b7"},{"element-6066-11e4-a52e-4f735466cecf":"ec8e26b3-b3cf-4e33-b517-a34a2b471db2"},{"element-6066-11e4-a52e-4f735466cecf":"2d4411e7-42f4-449c-8201-ede0d8c09ef4"},{"element-6066-11e4-a52e-4f735466cecf":"1d377aa3-e38c-44e7-b243-ddceed1977d0"},{"element-6066-11e4-a52e-4f735466cecf":"0c836a8f-346e-41ed-9951-20cc84e514d4"},{"element-6066-11e4-a52e-4f735466cecf":"cc26daf1-8edb-4751-88e6-ab136c1d91af"},{"element-6066-11e4-a52e-4f735466cecf":"9d18fe0a-447e-4ae3-92a6-06d126bafd1f"},{"element-6066-11e4-a52e-4f735466cecf":"5844122c-3d8d-4cb0-bf1b-187170bb93d3"},{"element-6066-11e4-a52e-4f735466cecf":"1949ce84-860c-4ee5-afe4-7fd357bf978b"},{"element-6066-11e4-a52e-4f735466cecf":"c0ebaa82-2c8f-4f7c-870a-9f1248f3bcf5"},{"element-6066-11e4-a52e-4f735466cecf":"a8285e0c-77a2-4a7b-9626-ac74429ae3e9"},{"element-6066-11e4-a52e-4f735466cecf":"563dc050-f064-47f4-bb52-df7cf676e6ec"},{"element-6066-11e4-a52e-4f735466cecf":"8934538e-066b-404e-80f7-43e16eb74d29"},{"element-6066-11e4-a52e-4f735466cecf":"6db3df23-4f94-44f0-b400-8e3f7870628a"},{"element-6066-11e4-a52e-4f735466cecf":"9166891a-56ff-4128-8adf-a9f1ff5fc529"},{"element-6066-11e4-a52e-4f735466cecf":"6deb682c-b10f-45f9-bb02-412b499a7488"},{"element-6066-11e4-a52e-4f735466cecf":"ce4343b8-fe88-4956-bf11-b0352a00f97b"},{"element-6066-11e4-a52e-4f735466cecf":"6fd540ff-95a1-4ad1-b96e-d802b5ce370b"},{"element-6066-11e4-a52e-4f735466cecf":"aee8d164-e341-4554-a4c2-8ce0fa4c5203"},{"element-6066-11e4-a52e-4f735466cecf":"2b69dc22-9134-4229-9013-7556ba8b8881"},{"element-6066-11e4-a52e-4f735466cecf":"32823685-33e5-41cf-ad3c-6a486faf8d5b"},{"element-6066-11e4-a52e-4f735466cecf":"bbfb19a1-b55c-47f0-9645-775b41339b62"},{"element-6066-11e4-a52e-4f735466cecf":"4a54ba1c-889f-4f9f-a6c0-df3ea9cbf189"},{"element-6066-11e4-a52e-4f735466cecf":"d7064b81-1e6d-4663-b7d4-5b3ebf46900e"},{"element-6066-11e4-a52e-4f735466cecf":"65a55e79-17c9-4f48-9534-058be0632816"},{"element-6066-11e4-a52e-4f735466cecf":"c0a0331e-c3cb-484c-9e6b-a2d899d696f4"},{"element-6066-11e4-a52e-4f735466cecf":"0fe93b99-c1c7-4673-b694-0477bf4b0b65"},{"element-6066-11e4-a52e-4f735466cecf":"5f31d708-edab-41a6-a8fe-c009ce46b891"},{"element-6066-11e4-a52e-4f735466cecf":"d12aa90f-c531-41e2-ab96-33f9008fba0c"},{"element-6066-11e4-a52e-4f735466cecf":"388eef4e-9492-4a40-a2fb-38fb7bc2aa1d"},{"element-6066-11e4-a52e-4f735466cecf":"65707f6b-a0bd-4777-92a3-588bc13cbc11"},{"element-6066-11e4-a52e-4f735466cecf":"b7d61acd-ad73-4160-9290-36b47baaa5b3"},{"element-6066-11e4-a52e-4f735466cecf":"c8a18a54-20c2-487c-8bf6-a9ff0cd5cacc"},{"element-6066-11e4-a52e-4f735466cecf":"a092ca5b-f1a4-4019-b668-11a7ac4ee4de"},{"element-6066-11e4-a52e-4f735466cecf":"7577a279-bbfa-4e70-8d05-b10d33097f38"},{"element-6066-11e4-a52e-4f735466cecf":"1543c4eb-694c-4d25-ab23-ceb5169626d8"},{"element-6066-11e4-a52e-4f735466cecf":"86f4d3e9-3690-404f-8d34-9617ac1725c7"},{"element-6066-11e4-a52e-4f735466cecf":"772c1669-1eca-4378-bec6-c5155a360d73"},{"element-6066-11e4-a52e-4f735466cecf":"1f56b02e-d10f-43a9-a1f4-1583ade8b3a9"},{"element-6066-11e4-a52e-4f735466cecf":"23c4774d-7e8e-4c86-a9fc-f9edee321cb3"},{"element-6066-11e4-a52e-4f735466cecf":"1b907021-5a03-49e6-a39d-2b97dd50547d"},{"element-6066-11e4-a52e-4f735466cecf":"f36abf5e-c5e9-448b-b9a5-7a9ee9262e1c"},{"element-6066-11e4-a52e-4f735466cecf":"c7d0f8c0-3d52-40d5-b26c-a8d1abe9f457"},{"element-6066-11e4-a52e-4f735466cecf":"220685c7-b968-4822-826c-19d220054260"},{"element-6066-11e4-a52e-4f735466cecf":"041b460a-7535-4bf3-aed9-f03e118e68a7"},{"element-6066-11e4-a52e-4f735466cecf":"7096f164-3ddf-478d-83dd-3d4c5c4eaa97"},{"element-6066-11e4-a52e-4f735466cecf":"879f48e4-a9f8-490e-af06-b684ceaf39b9"},{"element-6066-11e4-a52e-4f735466cecf":"f2b18817-163a-4f46-9051-7d6ca1f8f13b"},{"element-6066-11e4-a52e-4f735466cecf":"5214a354-6e0d-495e-a318-c287850049f4"},{"element-6066-11e4-a52e-4f735466cecf":"b8f6f64a-deac-4d9b-bfc4-9aa61c4cf8fb"},{"element-6066-11e4-a52e-4f735466cecf":"6661f541-aa7f-4443-8cab-4021e80a5e68"},{"element-6066-11e4-a52e-4f735466cecf":"19864b27-e08d-44c0-90b3-80d5baaee250"},{"element-6066-11e4-a52e-4f735466cecf":"d2bea304-bb34-4ca4-9936-a405d5440f7a"},{"element-6066-11e4-a52e-4f735466cecf":"47fdded9-5f45-462d-b032-7f0c579ed4df"},{"element-6066-11e4-a52e-4f735466cecf":"925a6773-bbd5-49ac-a68a-8ab977c0fd34"},{"element-6066-11e4-a52e-4f735466cecf":"57438db5-8933-4f93-859a-bf9ba6073d16"},{"element-6066-11e4-a52e-4f735466cecf":"1831730c-0781-4c9b-a3ac-c2f10c309d66"},{"element-6066-11e4-a52e-4f735466cecf":"79c0af7c-4234-4dd2-b120-cf0a21149452"},{"element-6066-11e4-a52e-4f735466cecf":"b42b795e-b1ac-4039-aeb8-53608baa8064"},{"element-6066-11e4-a52e-4f735466cecf":"b0b31e6d-38ce-4626-99dc-0ee9e24c1d1f"},{"element-6066-11e4-a52e-4f735466cecf":"595df4f4-ab6b-43e4-90b7-4f5349c3121d"},{"element-6066-11e4-a52e-4f735466cecf":"3ba04469-1cca-4766-a972-e297a954835e"},{"element-6066-11e4-a52e-4f735466cecf":"f811ae78-7b28-4e67-80d5-97cebf21e931"},{"element-6066-11e4-a52e-4f735466cecf":"5c34d628-4b93-4165-a428-2a097bf7f394"},{"element-6066-11e4-a52e-4f735466cecf":"0146e167-0530-4a0e-8238-0df45acddd32"},{"element-6066-11e4-a52e-4f735466cecf":"2cae7db0-4638-4756-80f7-e727f60c67af"},{"element-6066-11e4-a52e-4f735466cecf":"2c71b49c-a6a2-4a0c-94d7-b6b0d1987ded"},{"element-6066-11e4-a52e-4f735466cecf":"0ac517cf-7b36-4ec3-9a88-848bf95f8d8b"},{"element-6066-11e4-a52e-4f735466cecf":"c9286c35-0b6c-458e-a225-7247f59c6ea1"},{"element-6066-11e4-a52e-4f735466cecf":"97362dbb-3440-4bb0-9214-096db2f262c6"},{"element-6066-11e4-a52e-4f735466cecf":"e83c3eed-3f08-4b30-874f-fec700e5a5ae"},{"element-6066-11e4-a52e-4f735466cecf":"e900a1fb-40ba-4f98-97a0-bb077d39af55"},{"element-6066-11e4-a52e-4f735466cecf":"e44c3b71-98a2-48d7-9500-3a523fb4204e"},{"element-6066-11e4-a52e-4f735466cecf":"b0d8241a-7a61-4803-9e4f-35eedd12a0ed"},{"element-6066-11e4-a52e-4f735466cecf":"c714c743-206c-424d-8ce4-496f7b4555a5"},{"element-6066-11e4-a52e-4f735466cecf":"754ec159-5ac7-4f65-bfa3-cdbdb3d8ca23"},{"element-6066-11e4-a52e-4f735466cecf":"fe037612-773a-4174-8618-9853b2db0e78"},{"element-6066-11e4-a52e-4f735466cecf":"524fa37a-6aca-48d0-8534-95d7d5155494"},{"element-6066-11e4-a52e-4f735466cecf":"0267ecbc-c734-40cc-ad82-c94c9436085e"},{"element-6066-11e4-a52e-4f735466cecf":"7f2cbb8a-15c9-4c36-a502-5138a72e09dd"},{"element-6066-11e4-a52e-4f735466cecf":"cba82397-38d7-461e-9039-5c699236b1e8"},{"element-6066-11e4-a52e-4f735466cecf":"98e92932-c801-4230-9224-3d3fbe41e539"},{"element-6066-11e4-a52e-4f735466cecf":"2db59228-bb58-438a-9356-d52e9db6497d"},{"element-6066-11e4-a52e-4f735466cecf":"deb7da0b-3b24-4644-abfe-b0d60e0d5b37"},{"element-6066-11e4-a52e-4f735466cecf":"6c18e092-1497-4a08-9794-87eb2733b610"},{"element-6066-11e4-a52e-4f735466cecf":"ad296e89-3d9d-4b01-a388-8ad06da26173"},{"element-6066-11e4-a52e-4f735466cecf":"94bfd5b9-a3f6-42dd-8ea5-cc3ce140d298"},{"element-6066-11e4-a52e-4f735466cecf":"0f87987e-c218-4a0a-99ee-3454127691da"},{"element-6066-11e4-a52e-4f735466cecf":"418aec8d-b8fc-4f1e-b0d5-0aeb17ade091"},{"element-6066-11e4-a52e-4f735466cecf":"68fd7021-dc4a-4e20-967e-07e3f1deb9ad"},{"element-6066-11e4-a52e-4f735466cecf":"1bb307a4-4d82-4d06-948f-4d89167e1fa0"},{"element-6066-11e4-a52e-4f735466cecf":"a2ea9b14-cbcb-4c14-a96f-ca12777df7e5"},{"element-6066-11e4-a52e-4f735466cecf":"c768bfd3-ab4a-45aa-b810-e6da166fcaa8"},{"element-6066-11e4-a52e-4f735466cecf":"b4ef4f66-3eb5-4a98-b078-2ab00eb04eb3"},{"element-6066-11e4-a52e-4f735466cecf":"490c5003-3bc8-45b2-b0a2-dd3b180a86d3"},{"element-6066-11e4-a52e-4f735466cecf":"9722667c-d1de-4de1-9786-cc6798a2fc4b"},{"element-6066-11e4-a52e-4f735466cecf":"28d18d22-3a3a-43c4-8f35-097a6515f61c"},{"element-6066-11e4-a52e-4f735466cecf":"a70510db-684c-4d73-8574-62f7d8070aa6"},{"element-6066-11e4-a52e-4f735466cecf":"3ff08505-e874-46e5-bd00-8bd2d4422b02"},{"element-6066-11e4-a52e-4f735466cecf":"c170abd7-d2fb-474b-b62d-93743e7c2ed1"},{"element-6066-11e4-a52e-4f735466cecf":"0eec1809-5621-4a11-a326-65285ae539cc"},{"element-6066-11e4-a52e-4f735466cecf":"2d75c8a6-71a1-42fb-85f6-1a3f60fc2776"},{"element-6066-11e4-a52e-4f735466cecf":"7c0b3a80-05dc-47bf-8ec7-6e84683792f8"},{"element-6066-11e4-a52e-4f735466cecf":"197974cb-8269-4b2f-bc3c-02b533011023"},{"element-6066-11e4-a52e-4f735466cecf":"f77aa416-e2dc-4ca3-ba3d-a653c0887aca"},{"element-6066-11e4-a52e-4f735466cecf":"c206e1cb-97a5-4c57-a33a-487a29a17da0"},{"element-6066-11e4-a52e-4f735466cecf":"870c674d-36a8-447e-9346-7d27fd12f376"},{"element-6066-11e4-a52e-4f735466cecf":"0959aa96-edf1-41fb-9438-bc321564c618"},{"element-6066-11e4-a52e-4f735466cecf":"d70c549b-c66f-4079-bece-abc4fd9cbe17"},{"element-6066-11e4-a52e-4f735466cecf":"81542355-64f9-4d9d-bef2-b22108c5a6d3"},{"element-6066-11e4-a52e-4f735466cecf":"ce37ef42-8e90-4c40-b8c7-db2989ab02e7"},{"element-6066-11e4-a52e-4f735466cecf":"5f92dbe8-56a7-4ec2-b37f-905ed676bc1b"},{"element-6066-11e4-a52e-4f735466cecf":"17dbc3cc-86df-4e0f-8eaf-6eeadf28e019"},{"element-6066-11e4-a52e-4f735466cecf":"f6ee89b7-60ab-46df-a846-81e73ecb5067"},{"element-6066-11e4-a52e-4f735466cecf":"d5353804-71a8-4fdd-926a-a3dfbb6cd6ea"},{"element-6066-11e4-a52e-4f735466cecf":"ee98a437-c16c-45e5-8f3a-f68838ea0a70"},{"element-6066-11e4-a52e-4f735466cecf":"0e9823c3-1623-4760-8c0e-3f8cf08ab660"},{"element-6066-11e4-a52e-4f735466cecf":"68b6856d-7f8c-44e8-bb60-0b2009651553"},{"element-6066-11e4-a52e-4f735466cecf":"f4ecd086-a990-4dcb-a4c2-239044647faf"},{"element-6066-11e4-a52e-4f735466cecf":"c2cc7e67-6ad5-4217-b0f8-a7f8f2feffce"},{"element-6066-11e4-a52e-4f735466cecf":"82d49b07-fe2d-46d6-8f75-5a1196161f5c"},{"element-6066-11e4-a52e-4f735466cecf":"d3adfd87-a2a3-4ec6-a8f1-31fec25cd3e6"},{"element-6066-11e4-a52e-4f735466cecf":"45f3beb6-fa18-4189-9280-5d87ab58b754"},{"element-6066-11e4-a52e-4f735466cecf":"5eaf5c72-46f8-4cfb-9f56-65f57a200812"},{"element-6066-11e4-a52e-4f735466cecf":"71430bc3-048f-4cf4-b6c9-5fff70fb030e"},{"element-6066-11e4-a52e-4f735466cecf":"b5e36bb3-a9c2-43b2-9cf2-30c71a7c397a"},{"element-6066-11e4-a52e-4f735466cecf":"5049d67f-81fa-4e02-a58c-57fe08216af7"},{"element-6066-11e4-a52e-4f735466cecf":"2f386e8f-7773-40eb-a2ab-f6c9bc956f4b"},{"element-6066-11e4-a52e-4f735466cecf":"31829401-81c2-4bdd-9499-1e425d9502a8"},{"element-6066-11e4-a52e-4f735466cecf":"c93ec75f-bfc3-4a11-9210-d8eca0a52192"},{"element-6066-11e4-a52e-4f735466cecf":"9292dfb8-b76f-4b70-a61b-a09f84c0f1d3"},{"element-6066-11e4-a52e-4f735466cecf":"c5a1b776-32ed-47bf-9677-b6090602f803"},{"element-6066-11e4-a52e-4f735466cecf":"781cd6f2-e8c4-42ed-bfa5-981c547bda14"},{"element-6066-11e4-a52e-4f735466cecf":"f26b7846-3aa9-47d6-88c3-df8b034a8118"},{"element-6066-11e4-a52e-4f735466cecf":"5ce00cf4-0e38-45d6-90b8-686e35dc6b4f"},{"element-6066-11e4-a52e-4f735466cecf":"c0e6ab4e-7fc2-4f85-b026-7b50969f1aa5"},{"element-6066-11e4-a52e-4f735466cecf":"2fce865c-9236-4389-a9e5-994bb5bdd142"},{"element-6066-11e4-a52e-4f735466cecf":"9559c37a-6e5b-43dd-8d1e-aef871c12ad6"},{"element-6066-11e4-a52e-4f735466cecf":"d2e215af-9fb3-4dc9-838e-cbe7a5316d96"},{"element-6066-11e4-a52e-4f735466cecf":"ae61f667-1504-4817-9c8b-93b999153686"},{"element-6066-11e4-a52e-4f735466cecf":"22c70f90-280f-463c-9e6b-f4652fc6faed"},{"element-6066-11e4-a52e-4f735466cecf":"a3ff2a9d-76a9-4f31-beb8-f38e5d5adf4c"},{"element-6066-11e4-a52e-4f735466cecf":"0a4784ad-49de-40c6-b0ae-baa7679a7f13"},{"element-6066-11e4-a52e-4f735466cecf":"48efad1d-2a89-4b97-aa94-cc4b7e3df27e"},{"element-6066-11e4-a52e-4f735466cecf":"dce8fe3d-3fdb-4ac8-81db-73e46636fb9e"},{"element-6066-11e4-a52e-4f735466cecf":"2cd5f453-55ab-4693-a8b7-eb541f5f5eaf"},{"element-6066-11e4-a52e-4f735466cecf":"08d003a2-955e-4a07-a65c-6cd6204d3494"},{"element-6066-11e4-a52e-4f735466cecf":"2dd824b7-d6e7-42ca-b6e4-77cbebcf0f04"},{"element-6066-11e4-a52e-4f735466cecf":"a581388f-1b50-4fae-a3d7-a23b9e803b73"},{"element-6066-11e4-a52e-4f735466cecf":"c49821a3-9e44-459a-8553-6a1d45d9ea39"},{"element-6066-11e4-a52e-4f735466cecf":"689b21c9-e165-47ad-aa87-1860f56e2654"},{"element-6066-11e4-a52e-4f735466cecf":"897ae3b9-3b08-4721-a9d6-2dfcdd32e330"},{"element-6066-11e4-a52e-4f735466cecf":"3e198789-4ebc-4f87-b578-4a6eb5bbf026"},{"element-6066-11e4-a52e-4f735466cecf":"e845270c-acf7-4ae5-9b37-c392514049d4"},{"element-6066-11e4-a52e-4f735466cecf":"82a8aabe-b619-4c58-ba10-8b964131d856"},{"element-6066-11e4-a52e-4f735466cecf":"40371911-0262-4dc4-b57f-cbcd97f68799"},{"element-6066-11e4-a52e-4f735466cecf":"9253afed-628e-4be8-bdf7-7330c4f545fe"},{"element-6066-11e4-a52e-4f735466cecf":"9257f1b7-19a0-4bcc-b247-5472641d59e2"},{"element-6066-11e4-a52e-4f735466cecf":"ef7e8d96-86e1-4e84-9652-cab926e9b7eb"},{"element-6066-11e4-a52e-4f735466cecf":"cd886c6d-2584-4c2c-bd72-45565027f7aa"},{"element-6066-11e4-a52e-4f735466cecf":"efd8386e-94a7-49bd-a56f-7448f784eb6b"},{"element-6066-11e4-a52e-4f735466cecf":"f905b412-d7a1-4498-8db5-25a36189fbfd"},{"element-6066-11e4-a52e-4f735466cecf":"8767bab6-8a57-4164-805b-54b0c6b56c0a"},{"element-6066-11e4-a52e-4f735466cecf":"2d61c304-290b-4c01-9fd2-14145c616667"},{"element-6066-11e4-a52e-4f735466cecf":"37fda659-ffc6-4011-b12c-9a226db4daa2"},{"element-6066-11e4-a52e-4f735466cecf":"c7db31b2-8d21-48e3-83c8-1668ae74d4f3"},{"element-6066-11e4-a52e-4f735466cecf":"a67635c9-a28c-4792-b5c8-ae29b5abf4a3"},{"element-6066-11e4-a52e-4f735466cecf":"f7611d0f-ce30-4809-891a-5ff3bf91fe40"},{"element-6066-11e4-a52e-4f735466cecf":"e3346f5e-39a2-4845-b360-0dc1c79de5e8"},{"element-6066-11e4-a52e-4f735466cecf":"56e13f38-777c-4f48-88c0-df264f943b24"},{"element-6066-11e4-a52e-4f735466cecf":"ce9e563b-00b8-4836-a508-16c4244a1912"},{"element-6066-11e4-a52e-4f735466cecf":"64cad0ad-6716-45f4-bb89-37c1080eeb5f"},{"element-6066-11e4-a52e-4f735466cecf":"4426f3ba-d1e4-4075-8bed-f05e11638a49"},{"element-6066-11e4-a52e-4f735466cecf":"97f63fa6-5ee4-4675-b5fe-c8044a822c5b"},{"element-6066-11e4-a52e-4f735466cecf":"faf617a8-be92-4925-a6ff-7051fe189346"},{"element-6066-11e4-a52e-4f735466cecf":"f6e150f7-c71a-44e3-9947-ab6767a31a81"},{"element-6066-11e4-a52e-4f735466cecf":"8a1bcdfd-2e42-4d7a-bcfd-041476c3a39c"},{"element-6066-11e4-a52e-4f735466cecf":"7c881f3a-528f-44f4-a4e7-09a56b7c6e13"},{"element-6066-11e4-a52e-4f735466cecf":"d7e08397-ca3e-4770-a672-0092ba1050f8"},{"element-6066-11e4-a52e-4f735466cecf":"dd2bb7d8-0287-425d-9546-a5a0dde32c6c"},{"element-6066-11e4-a52e-4f735466cecf":"4bb096aa-a9c3-45b7-8cd5-f6e168f679e5"},{"element-6066-11e4-a52e-4f735466cecf":"fcef23ff-958b-42a8-a097-e523e9320526"},{"element-6066-11e4-a52e-4f735466cecf":"50250217-2537-4fb3-a30f-95d2dccb98b1"},{"element-6066-11e4-a52e-4f735466cecf":"5ee0f30d-606c-4abe-aa9a-035aa0734274"},{"element-6066-11e4-a52e-4f735466cecf":"abc82fc4-6700-4c15-b24d-3568bac7b77a"},{"element-6066-11e4-a52e-4f735466cecf":"7ffa261c-abde-4de0-bd55-c1d8b026fd06"},{"element-6066-11e4-a52e-4f735466cecf":"a0458c8c-7236-4360-a21d-de56fc9184d3"},{"element-6066-11e4-a52e-4f735466cecf":"e0a21fe0-f36a-4310-a24b-40160fdfc102"},{"element-6066-11e4-a52e-4f735466cecf":"89f8a49c-b25f-4b92-a39f-bf4f42e2768a"},{"element-6066-11e4-a52e-4f735466cecf":"25379f84-a9da-46dd-b4b6-77706436696b"},{"element-6066-11e4-a52e-4f735466cecf":"64659200-bfc2-4d6b-b061-ad859ded0245"},{"element-6066-11e4-a52e-4f735466cecf":"ba4ecdcd-95f1-4c9a-9b8b-81a08131def6"},{"element-6066-11e4-a52e-4f735466cecf":"1af500d2-d398-492c-b438-917ee3decc23"},{"element-6066-11e4-a52e-4f735466cecf":"d177de1a-902e-416f-8b13-49ca576b8f19"},{"element-6066-11e4-a52e-4f735466cecf":"c27dadef-b2c7-4659-a1e6-2ac860f59ee1"},{"element-6066-11e4-a52e-4f735466cecf":"8457bb93-81b2-49e4-a6b0-bc7b689db808"},{"element-6066-11e4-a52e-4f735466cecf":"463dcc30-6c04-4ac7-89b0-72ea261992b1"},{"element-6066-11e4-a52e-4f735466cecf":"4443f169-a6f3-4e5b-a9f9-f522cb93447c"},{"element-6066-11e4-a52e-4f735466cecf":"eaf79453-a2e1-44f9-9ef7-aa288601da12"},{"element-6066-11e4-a52e-4f735466cecf":"2021e601-0d3b-4c32-8a85-e7f1d5decbbe"},{"element-6066-11e4-a52e-4f735466cecf":"7dd47ef1-8330-4de3-ae34-64abf5c4d916"},{"element-6066-11e4-a52e-4f735466cecf":"87c58b03-fcf6-4557-9f90-e7ee50fea080"},{"element-6066-11e4-a52e-4f735466cecf":"f13b0ca0-2ca9-49a1-97d9-1b3923b56c1a"},{"element-6066-11e4-a52e-4f735466cecf":"83f3cea2-de81-47ee-b786-a39ccc6f41e6"},{"element-6066-11e4-a52e-4f735466cecf":"cd318313-a997-4ba0-afdd-15aacf335a4b"},{"element-6066-11e4-a52e-4f735466cecf":"d4b7fd97-4b1c-4557-9d3f-6d40b4f78763"},{"element-6066-11e4-a52e-4f735466cecf":"7a318a5e-eb1f-40e3-868c-2344a7e0d9af"},{"element-6066-11e4-a52e-4f735466cecf":"f47c1f58-d542-4fa6-8d91-18fbd1622d94"},{"element-6066-11e4-a52e-4f735466cecf":"aeef90f6-89b0-4f1f-b426-8ed0e7ebc859"},{"element-6066-11e4-a52e-4f735466cecf":"788b6a46-339d-4576-bb2b-5f0f68fbf946"},{"element-6066-11e4-a52e-4f735466cecf":"5728a85d-0a14-4189-9ec0-d166d8fa2a1f"},{"element-6066-11e4-a52e-4f735466cecf":"11d0d572-2e97-443d-ba2d-ee46404430fd"},{"element-6066-11e4-a52e-4f735466cecf":"b09623ed-3a97-4194-98eb-7e5ccf4076e6"},{"element-6066-11e4-a52e-4f735466cecf":"634e5b07-6c81-410f-866d-54b4a895b8ab"},{"element-6066-11e4-a52e-4f735466cecf":"ec4a9022-f9f5-4688-b9be-561052c14e56"},{"element-6066-11e4-a52e-4f735466cecf":"9faca1f2-58f4-41de-b1de-efc554976d30"},{"element-6066-11e4-a52e-4f735466cecf":"fe216a6a-8f36-4846-8369-84b37593bb0a"},{"element-6066-11e4-a52e-4f735466cecf":"2dbd3d60-2c13-45a8-a76c-5a8a0f225e16"},{"element-6066-11e4-a52e-4f735466cecf":"b9109eff-6be9-4960-8f8b-0a98a87b3be2"},{"element-6066-11e4-a52e-4f735466cecf":"a5818347-b48e-4a03-b13e-ed2ec9240558"},{"element-6066-11e4-a52e-4f735466cecf":"fa9d78a2-68a9-4e1f-ae46-8df7d9aafd97"},{"element-6066-11e4-a52e-4f735466cecf":"797592dc-998f-4b03-babf-2efcb0d14cfa"},{"element-6066-11e4-a52e-4f735466cecf":"f6d1c50b-e81a-4a40-a28d-30ecf90fa484"},{"element-6066-11e4-a52e-4f735466cecf":"0cfcda9f-8fc5-44e0-b610-76c37200e972"},{"element-6066-11e4-a52e-4f735466cecf":"23349c4e-10b3-4ad3-b1f9-99833de740b1"},{"element-6066-11e4-a52e-4f735466cecf":"e47289e2-1397-48c4-b85d-f411d553ba4d"},{"element-6066-11e4-a52e-4f735466cecf":"4c69e947-3e59-46c6-ba6d-32108c8910ed"},{"element-6066-11e4-a52e-4f735466cecf":"33196570-4693-41f9-ac44-89e8eeb2674f"},{"element-6066-11e4-a52e-4f735466cecf":"4238b044-02e2-4724-b8ca-6e0fe083b6f5"},{"element-6066-11e4-a52e-4f735466cecf":"224cce71-22f4-415f-ba55-63efb2038fd8"},{"element-6066-11e4-a52e-4f735466cecf":"80b61259-c89b-4c98-8196-9798ded06039"},{"element-6066-11e4-a52e-4f735466cecf":"ed4045b7-c0d5-4a35-8b30-5f3bd483df9b"},{"element-6066-11e4-a52e-4f735466cecf":"415a93ad-1ec8-45fa-9526-aeff5949bb4b"},{"element-6066-11e4-a52e-4f735466cecf":"99677af1-7861-4e6c-ba7d-77d8aaa6527f"},{"element-6066-11e4-a52e-4f735466cecf":"c53277b9-9310-4aac-a420-c2065b058dac"},{"element-6066-11e4-a52e-4f735466cecf":"f6c177e2-56b4-4a84-80f6-945bb9ab486b"},{"element-6066-11e4-a52e-4f735466cecf":"bd9f94d9-a509-4cd3-8db3-e0a4fb523051"},{"element-6066-11e4-a52e-4f735466cecf":"bb0487d2-229c-43af-a334-2381321ba307"},{"element-6066-11e4-a52e-4f735466cecf":"b2237169-d6e3-418b-8a19-460bf7b58f03"},{"element-6066-11e4-a52e-4f735466cecf":"cf26b2c9-82f2-4a7d-9bca-240b48f36289"},{"element-6066-11e4-a52e-4f735466cecf":"e8d7d6aa-9009-4c98-9ed8-3558458918cb"},{"element-6066-11e4-a52e-4f735466cecf":"da7c88c9-31a7-48fc-a715-b1c826ca8c00"},{"element-6066-11e4-a52e-4f735466cecf":"4c29bb84-40d8-497e-abd6-5da68b9a59b8"},{"element-6066-11e4-a52e-4f735466cecf":"328e2dde-ff75-49f1-a1cb-7a660656da9e"},{"element-6066-11e4-a52e-4f735466cecf":"9d5fa4bc-2da7-4e2e-9c6a-27e751a840f1"},{"element-6066-11e4-a52e-4f735466cecf":"430f895f-b156-4e68-bd5c-dac32748eb38"},{"element-6066-11e4-a52e-4f735466cecf":"428df88b-5949-4790-a980-7279468a22f5"},{"element-6066-11e4-a52e-4f735466cecf":"25fed4c5-70d0-417e-b4fe-c58f5b721b14"},{"element-6066-11e4-a52e-4f735466cecf":"01f89750-eb81-4701-8cd1-06d291e0e5ab"},{"element-6066-11e4-a52e-4f735466cecf":"a1cd09e8-218d-4d3c-9f44-f050ecb87484"},{"element-6066-11e4-a52e-4f735466cecf":"a00bfde6-d719-497e-81f1-2b8a7698560e"},{"element-6066-11e4-a52e-4f735466cecf":"e271e43e-83e1-4114-82d8-2fdb705f2a77"},{"element-6066-11e4-a52e-4f735466cecf":"e941bf15-881f-4ffc-a899-ed747132fe3b"},{"element-6066-11e4-a52e-4f735466cecf":"b6df9db7-478d-467d-8c10-7b61eb320d53"},{"element-6066-11e4-a52e-4f735466cecf":"a4cdce5e-1a5f-4714-ae73-fc4670fa6886"},{"element-6066-11e4-a52e-4f735466cecf":"a4489870-1f7c-4a2b-aead-c9872010f919"},{"element-6066-11e4-a52e-4f735466cecf":"5b25d49c-32d3-4c0c-8d5b-0cfb4637611f"},{"element-6066-11e4-a52e-4f735466cecf":"dae6b54d-91c4-4507-948c-e5a882ceddc2"},{"element-6066-11e4-a52e-4f735466cecf":"3cab8739-ede9-4862-a5a8-070beb5744e4"},{"element-6066-11e4-a52e-4f735466cecf":"6a1b9bff-865c-4837-8df6-0ccd7093367e"},{"element-6066-11e4-a52e-4f735466cecf":"69e7a844-cad7-4aec-9562-42e728428c33"},{"element-6066-11e4-a52e-4f735466cecf":"633ad21d-4455-4747-ab5d-62c6ca10fe40"},{"element-6066-11e4-a52e-4f735466cecf":"126efb17-c79d-4f6a-b1d6-f7c3f6fcb9e9"},{"element-6066-11e4-a52e-4f735466cecf":"c1cc7683-e180-4a02-bc23-2ca5f95ae378"},{"element-6066-11e4-a52e-4f735466cecf":"e6372ed5-1368-4dc5-9090-0073160273b3"},{"element-6066-11e4-a52e-4f735466cecf":"04fef026-d637-42c1-a20f-733403c88252"},{"element-6066-11e4-a52e-4f735466cecf":"907fcf94-a1c3-4a76-a935-73175794557d"},{"element-6066-11e4-a52e-4f735466cecf":"089ef58d-3f06-4fa0-85c9-f1970f641710"},{"element-6066-11e4-a52e-4f735466cecf":"50179382-d1d0-438a-b270-52c4bde14b74"},{"element-6066-11e4-a52e-4f735466cecf":"1b1e281b-8796-46c4-812f-ebcfed5bd834"},{"element-6066-11e4-a52e-4f735466cecf":"3aecd05c-d0ad-4bfa-958a-5103406fffa3"},{"element-6066-11e4-a52e-4f735466cecf":"b2261194-8f49-4ec7-baa9-3bd491f2c362"},{"element-6066-11e4-a52e-4f735466cecf":"24008207-8618-4116-96d0-bef906660e96"},{"element-6066-11e4-a52e-4f735466cecf":"62fbc044-b1a7-456d-bbf7-0ea75d0067d1"},{"element-6066-11e4-a52e-4f735466cecf":"3cc8255b-936c-40a6-ab24-af3837f52fcf"},{"element-6066-11e4-a52e-4f735466cecf":"1108cca7-43e2-4a64-8d79-fc3c7d34a066"},{"element-6066-11e4-a52e-4f735466cecf":"4bdb965b-1524-438d-aad0-7c9fea91b8dd"},{"element-6066-11e4-a52e-4f735466cecf":"1ccf6907-ff6d-4307-b2b1-2487379f30b4"},{"element-6066-11e4-a52e-4f735466cecf":"9a93921a-92b8-47ef-82df-b05ce4a2a25d"},{"element-6066-11e4-a52e-4f735466cecf":"17b3fdd9-0474-465d-9dc9-a86bed62c69a"},{"element-6066-11e4-a52e-4f735466cecf":"a524cfd4-c263-41df-80b8-9439ab59cc6a"},{"element-6066-11e4-a52e-4f735466cecf":"91c6e901-3460-4afa-8dd0-305f902a7fbe"},{"element-6066-11e4-a52e-4f735466cecf":"5a706d30-74b0-41ba-b50f-45f47f80b8b8"},{"element-6066-11e4-a52e-4f735466cecf":"6bca4dee-025e-4846-b9e8-6977dd4e1392"},{"element-6066-11e4-a52e-4f735466cecf":"0cbaea14-33ae-4f87-bf13-b01ac4145341"},{"element-6066-11e4-a52e-4f735466cecf":"6b87ee87-bc29-4cc0-be5a-237016251b97"},{"element-6066-11e4-a52e-4f735466cecf":"d3dede46-ecd5-4de6-b1cd-a009be9fa08f"},{"element-6066-11e4-a52e-4f735466cecf":"f7aeb957-95d5-4415-b366-e3f52e22c9f6"},{"element-6066-11e4-a52e-4f735466cecf":"9de8322c-bb2c-4458-a2ae-eb275a5d28a4"},{"element-6066-11e4-a52e-4f735466cecf":"ecfd3b5b-e355-47ad-843b-0441face07b1"},{"element-6066-11e4-a52e-4f735466cecf":"c0b8601d-dad8-4530-9e45-80904f94e77e"},{"element-6066-11e4-a52e-4f735466cecf":"62291762-2ce9-49d7-b6aa-134270f65f0c"},{"element-6066-11e4-a52e-4f735466cecf":"5f2720a5-441c-413b-9a7d-f04c780e0840"},{"element-6066-11e4-a52e-4f735466cecf":"76e38a58-56d8-4cfd-b189-88fddc28cc20"},{"element-6066-11e4-a52e-4f735466cecf":"636a4d9e-a9b8-47d1-bf4c-414e2d04add0"},{"element-6066-11e4-a52e-4f735466cecf":"3b843ef8-b30e-4389-830c-99c039740079"},{"element-6066-11e4-a52e-4f735466cecf":"3f0e0dcf-b603-4b23-9d91-20a7344f074e"},{"element-6066-11e4-a52e-4f735466cecf":"2acfdafc-5843-4dd0-9158-b60ccd78480e"},{"element-6066-11e4-a52e-4f735466cecf":"f357fea0-053e-45a4-927b-c1ce5ef25f1f"},{"element-6066-11e4-a52e-4f735466cecf":"b510ee19-3c41-4608-b139-79f3d657e307"},{"element-6066-11e4-a52e-4f735466cecf":"98caef2d-e92a-4a66-8e0e-0a66d5d93129"},{"element-6066-11e4-a52e-4f735466cecf":"89a063ec-6ff1-4393-803c-4c133c0fbc7e"},{"element-6066-11e4-a52e-4f735466cecf":"66279eb3-9269-4125-a6de-445e34bc7ded"},{"element-6066-11e4-a52e-4f735466cecf":"4da3b715-3cd9-477b-b175-d411a31af614"},{"element-6066-11e4-a52e-4f735466cecf":"325c2743-cccd-4f1b-8684-791b5525ce01"},{"element-6066-11e4-a52e-4f735466cecf":"c306926a-8180-4acc-96a0-0cab937cf874"},{"element-6066-11e4-a52e-4f735466cecf":"7321267a-6c9e-488e-8d5f-a1939fed75b9"},{"element-6066-11e4-a52e-4f735466cecf":"bbf77d8e-3e3c-41c4-9a96-0bd5331fad61"},{"element-6066-11e4-a52e-4f735466cecf":"b36f1ec0-e659-4f0e-9bf2-129fd6660c6e"},{"element-6066-11e4-a52e-4f735466cecf":"f3d03d17-da51-4cce-86c7-f4b868228c61"},{"element-6066-11e4-a52e-4f735466cecf":"d2af4298-93c9-42df-adfa-8c2f9311101b"},{"element-6066-11e4-a52e-4f735466cecf":"0dcb38be-a64d-4117-b4e1-a1ba2ce959a2"},{"element-6066-11e4-a52e-4f735466cecf":"3950aa32-d40f-46c5-a111-a7fa69c49ca1"},{"element-6066-11e4-a52e-4f735466cecf":"7d2baae0-cf6c-4464-9a1f-92ae6044c0ff"},{"element-6066-11e4-a52e-4f735466cecf":"693f02fe-3254-4778-a41c-cdd0e53dd0a8"},{"element-6066-11e4-a52e-4f735466cecf":"d6ea30c7-5432-4d30-9683-e675080dffa8"},{"element-6066-11e4-a52e-4f735466cecf":"89cdc5d1-2d5d-447d-a9bb-a65b00e0fbac"},{"element-6066-11e4-a52e-4f735466cecf":"2b70e173-b6f1-463a-8e94-e5153f4d0603"},{"element-6066-11e4-a52e-4f735466cecf":"cedf1c27-d9bf-4817-aa46-c0a22834104c"},{"element-6066-11e4-a52e-4f735466cecf":"d3cbe7de-b5d5-490f-85c3-62accaf30ae3"},{"element-6066-11e4-a52e-4f735466cecf":"669fb5fa-5e65-4f14-96d1-bc711b272f57"},{"element-6066-11e4-a52e-4f735466cecf":"a100359c-9ad3-4d4a-90d9-99b1058710ee"},{"element-6066-11e4-a52e-4f735466cecf":"613f5c19-aabd-4b33-b9ac-55b2f0e65f52"},{"element-6066-11e4-a52e-4f735466cecf":"d43c9650-4f85-43e9-9299-6fe9f2d38a06"},{"element-6066-11e4-a52e-4f735466cecf":"45bc559d-1137-4a82-99d0-3428f8ad6cbe"},{"element-6066-11e4-a52e-4f735466cecf":"e3be18e0-8a8b-4774-9176-40396638bd83"},{"element-6066-11e4-a52e-4f735466cecf":"e744ccb1-f01b-4d30-ae22-f6afb4f100e3"},{"element-6066-11e4-a52e-4f735466cecf":"d78f055d-9ea1-425b-9b3b-9e86db3934f1"},{"element-6066-11e4-a52e-4f735466cecf":"a915ba57-2fe9-4a53-b775-86342d49b44d"},{"element-6066-11e4-a52e-4f735466cecf":"98b264ad-5908-4e19-8b1c-7ba7e3b97d03"},{"element-6066-11e4-a52e-4f735466cecf":"9c1ab7c6-05c7-44fa-8934-10cf083e3304"},{"element-6066-11e4-a52e-4f735466cecf":"20a94bec-db0c-47ae-97a2-32f33f587464"},{"element-6066-11e4-a52e-4f735466cecf":"2904cd50-e581-4eb7-9039-27956e349151"},{"element-6066-11e4-a52e-4f735466cecf":"4f4041bc-e321-4efd-a50f-da827072c326"},{"element-6066-11e4-a52e-4f735466cecf":"dcb1652d-97f1-492c-8900-23fb3310eac9"},{"element-6066-11e4-a52e-4f735466cecf":"4d5abace-3d3d-4bae-a50f-a23fc852b427"},{"element-6066-11e4-a52e-4f735466cecf":"64a14b22-3356-472f-bda6-b5b98b80b504"},{"element-6066-11e4-a52e-4f735466cecf":"69d53d86-8ae5-487c-afda-9d3c5f636ce2"},{"element-6066-11e4-a52e-4f735466cecf":"e9f79a51-e188-4532-a4e9-94253d17a78c"},{"element-6066-11e4-a52e-4f735466cecf":"47204abf-c7f3-4cea-9e67-e5d49b001d1b"},{"element-6066-11e4-a52e-4f735466cecf":"17245511-7afb-424d-9b26-2ea183f9b9ca"},{"element-6066-11e4-a52e-4f735466cecf":"91a16b6c-992c-40cc-9b27-705103efb0f4"},{"element-6066-11e4-a52e-4f735466cecf":"dbf5b69e-d0dc-4bbb-b2ca-c74cb1e362ee"},{"element-6066-11e4-a52e-4f735466cecf":"3d491c83-08ff-435c-b5f5-30365009754c"},{"element-6066-11e4-a52e-4f735466cecf":"69fcf55c-8fc4-43fd-ad02-ddc64b619502"},{"element-6066-11e4-a52e-4f735466cecf":"575770ba-ecf3-4411-9d9e-0a8f88824704"},{"element-6066-11e4-a52e-4f735466cecf":"d3722c87-1402-4e3c-ad1c-0ecf579505e9"},{"element-6066-11e4-a52e-4f735466cecf":"b99f0391-0d4d-4a1a-b8d5-311226cefd02"},{"element-6066-11e4-a52e-4f735466cecf":"59392cc6-7fda-429c-859b-b07d341a42a4"},{"element-6066-11e4-a52e-4f735466cecf":"54cbe88c-3eaf-4965-b7d9-2d63ac7dff0f"},{"element-6066-11e4-a52e-4f735466cecf":"9546248e-e2be-41e0-be9e-0703a018f525"},{"element-6066-11e4-a52e-4f735466cecf":"b5b07377-cd95-4015-9288-a382fbab7936"},{"element-6066-11e4-a52e-4f735466cecf":"2efbf4a1-47f3-4a24-8d95-af9697ce19d4"},{"element-6066-11e4-a52e-4f735466cecf":"ada273c1-4f5a-4fa5-aa0f-95d2aee4c63d"},{"element-6066-11e4-a52e-4f735466cecf":"2cb20a51-dd87-497c-8089-0a6c170b9972"},{"element-6066-11e4-a52e-4f735466cecf":"b966a191-9da3-426d-ac58-8bb9fbee0db3"},{"element-6066-11e4-a52e-4f735466cecf":"4cf47e91-be29-4d56-bfde-59899ebe6d83"},{"element-6066-11e4-a52e-4f735466cecf":"ce752296-de69-49b1-8f8f-e329943508c5"},{"element-6066-11e4-a52e-4f735466cecf":"534dd05f-a6fc-4ba3-b917-9230d39d2fcb"},{"element-6066-11e4-a52e-4f735466cecf":"3ab8c5e9-7732-4a6b-b360-3fc24e0f853e"},{"element-6066-11e4-a52e-4f735466cecf":"45c3e023-4487-4099-9200-cb7b07642462"},{"element-6066-11e4-a52e-4f735466cecf":"07bd4cb6-03f1-4f0e-81a9-eefd9aa6bcbd"},{"element-6066-11e4-a52e-4f735466cecf":"41cf6383-37fe-4a66-a3fe-6b504b8d6499"},{"element-6066-11e4-a52e-4f735466cecf":"46a303b5-d3fa-468f-addf-164b457338d9"},{"element-6066-11e4-a52e-4f735466cecf":"3b794b77-b8dc-4493-b10b-2e48e68dd4e0"},{"element-6066-11e4-a52e-4f735466cecf":"775b960c-8c22-4ffd-942d-07940d9bd9c5"},{"element-6066-11e4-a52e-4f735466cecf":"8989c819-b0c3-4e10-acc8-7ccf8ccbc932"},{"element-6066-11e4-a52e-4f735466cecf":"9267476c-6320-4e56-a54b-499d987b8ac0"},{"element-6066-11e4-a52e-4f735466cecf":"86cbde80-0949-41a1-971c-56ae8ecb8d7d"},{"element-6066-11e4-a52e-4f735466cecf":"afa45412-6dc0-4289-b204-dd4fd22d2695"},{"element-6066-11e4-a52e-4f735466cecf":"6ce0112e-d8ff-4ef3-8c42-c917ba4b54da"},{"element-6066-11e4-a52e-4f735466cecf":"9545b88e-59ba-4053-919e-eb5c16211d0e"},{"element-6066-11e4-a52e-4f735466cecf":"38ee0c22-1342-4217-80ef-a42277bda22f"},{"element-6066-11e4-a52e-4f735466cecf":"459f683b-2cd7-4a60-9010-d57d8a0883c8"},{"element-6066-11e4-a52e-4f735466cecf":"23088a56-66d4-41cb-b966-315056593275"},{"element-6066-11e4-a52e-4f735466cecf":"696abb64-21d6-492f-8baa-1744e9803d0b"},{"element-6066-11e4-a52e-4f735466cecf":"91480aad-02ee-4606-aa32-21c74bb0d4ee"},{"element-6066-11e4-a52e-4f735466cecf":"48619a30-25a9-4a50-aaef-4d97fbf93cf9"},{"element-6066-11e4-a52e-4f735466cecf":"246ffad2-43b9-47d2-8e90-c345aa1aed9d"},{"element-6066-11e4-a52e-4f735466cecf":"f0e2f01a-2c68-46d6-91eb-ffe290a70f7f"},{"element-6066-11e4-a52e-4f735466cecf":"e3e44545-40e9-44ce-9b25-569307ee87bb"},{"element-6066-11e4-a52e-4f735466cecf":"37455fc1-1f25-468b-a38d-c5737ea02107"},{"element-6066-11e4-a52e-4f735466cecf":"08ca9a01-f7aa-47fb-b8f7-8eea03ca6469"},{"element-6066-11e4-a52e-4f735466cecf":"0118e227-cf69-4c52-8bcd-18cbe4e43b56"},{"element-6066-11e4-a52e-4f735466cecf":"d36b569b-712e-4f43-9cd6-5fd79dfd96b7"},{"element-6066-11e4-a52e-4f735466cecf":"9362f42c-4f2e-468b-b003-d7097a5fb18e"},{"element-6066-11e4-a52e-4f735466cecf":"e7ee4aa8-8fa0-4bad-b644-7585cd329359"},{"element-6066-11e4-a52e-4f735466cecf":"79b144d6-ce5f-4f40-873b-120119847b11"},{"element-6066-11e4-a52e-4f735466cecf":"a6118276-9b8d-4e4e-a640-11822da0e43f"},{"element-6066-11e4-a52e-4f735466cecf":"a9f0da32-db4f-44bb-b395-1253830ea633"},{"element-6066-11e4-a52e-4f735466cecf":"f0f46bc3-e1a4-4079-bece-eb09d7b16503"},{"element-6066-11e4-a52e-4f735466cecf":"4ee4d098-c319-4466-a36c-f158a979ce0d"},{"element-6066-11e4-a52e-4f735466cecf":"74d92dbb-ddac-4e91-bdb9-b4aa81204c0d"},{"element-6066-11e4-a52e-4f735466cecf":"b0ad59f4-c76b-41dd-831c-11966fe3c833"},{"element-6066-11e4-a52e-4f735466cecf":"eca96228-6b6c-48ad-8dae-34d21682f88b"},{"element-6066-11e4-a52e-4f735466cecf":"c82369a6-9822-4ec6-94ad-6ad19a98e2d0"},{"element-6066-11e4-a52e-4f735466cecf":"a605a60a-7e1c-4227-af33-8417636f4c16"},{"element-6066-11e4-a52e-4f735466cecf":"f253d4b6-1314-491d-9209-24952e167f07"},{"element-6066-11e4-a52e-4f735466cecf":"e9bed4fa-640e-4232-86f1-fb389e44ea62"},{"element-6066-11e4-a52e-4f735466cecf":"9e6ed80a-5eae-4cd1-bbfd-b74b41cc3b41"},{"element-6066-11e4-a52e-4f735466cecf":"55b10907-4e53-40cf-b84e-f738b7e6fbb7"},{"element-6066-11e4-a52e-4f735466cecf":"8484bef3-eded-4f24-a346-99be73bab53a"},{"element-6066-11e4-a52e-4f735466cecf":"32c698b2-390c-46c5-b2e7-c83fd5ff19be"},{"element-6066-11e4-a52e-4f735466cecf":"e3cb0008-5790-4667-b0a4-318a2e3352dc"},{"element-6066-11e4-a52e-4f735466cecf":"bc7f2164-5f58-46d7-b19c-3bbc76d068ae"},{"element-6066-11e4-a52e-4f735466cecf":"32835cf9-3f0c-4a6b-850b-48c4a24cf7d6"},{"element-6066-11e4-a52e-4f735466cecf":"9bd5ed99-dbd6-48bc-856d-24cd22c37dd0"},{"element-6066-11e4-a52e-4f735466cecf":"4a7256c8-4338-46c2-aaa0-ae5b8b8ff5ba"},{"element-6066-11e4-a52e-4f735466cecf":"9f7fc83f-aae2-4434-8195-59db214cc4f8"},{"element-6066-11e4-a52e-4f735466cecf":"b2b4b9ce-614f-4783-abff-c7c529de55e0"},{"element-6066-11e4-a52e-4f735466cecf":"07e304d6-5a2a-41aa-aa51-e9261663e9ba"},{"element-6066-11e4-a52e-4f735466cecf":"9310f483-bb04-45e6-84f0-f9ad6ffdd9cc"},{"element-6066-11e4-a52e-4f735466cecf":"31daa1b2-155f-4676-863c-c526c8623213"},{"element-6066-11e4-a52e-4f735466cecf":"e3ba3f73-7d9c-41f2-8268-478e4a28da27"},{"element-6066-11e4-a52e-4f735466cecf":"e72d635c-2d3d-4910-8ed3-24406db0fcf5"},{"element-6066-11e4-a52e-4f735466cecf":"67b969d0-6193-47b5-ac25-9c3cef482537"},{"element-6066-11e4-a52e-4f735466cecf":"23c6ad6e-107d-430c-99c4-ac079d770a9c"},{"element-6066-11e4-a52e-4f735466cecf":"e8081833-a861-4761-9bde-69a04fef2b31"},{"element-6066-11e4-a52e-4f735466cecf":"43518882-3bfd-4283-964e-e9134e036a4e"},{"element-6066-11e4-a52e-4f735466cecf":"39cfbf2d-234a-4d92-a532-237dd3f18cd1"},{"element-6066-11e4-a52e-4f735466cecf":"bb45982a-f1cc-471e-bb56-2d83002ca814"},{"element-6066-11e4-a52e-4f735466cecf":"afb16994-0c48-4051-815c-2f0d957b19b4"},{"element-6066-11e4-a52e-4f735466cecf":"a622dce6-2722-443a-bac1-cbac984a3864"},{"element-6066-11e4-a52e-4f735466cecf":"6521eec3-a05c-4153-977c-8f82a84fdf02"},{"element-6066-11e4-a52e-4f735466cecf":"42218665-d392-44ab-bac0-a12aea7a2df9"},{"element-6066-11e4-a52e-4f735466cecf":"4d28abcb-332e-438c-b2b7-2964d1dfbacb"},{"element-6066-11e4-a52e-4f735466cecf":"a569a7ed-aea4-4244-a803-cb9949652bfd"},{"element-6066-11e4-a52e-4f735466cecf":"e071f8a2-711f-4439-afee-01961efd48ff"},{"element-6066-11e4-a52e-4f735466cecf":"750d9d22-fdac-4ab3-bc96-86564762a127"},{"element-6066-11e4-a52e-4f735466cecf":"99bda18b-bcd5-4ac0-8540-b5bf35de811b"},{"element-6066-11e4-a52e-4f735466cecf":"cd679297-f439-46ec-a20b-53c8ec0711b3"},{"element-6066-11e4-a52e-4f735466cecf":"487648b0-b381-4e80-a212-a582f46bb01d"},{"element-6066-11e4-a52e-4f735466cecf":"01f85529-6b29-4a84-9a1e-42ef3c7aece0"},{"element-6066-11e4-a52e-4f735466cecf":"835d6063-f65a-4f5e-b34c-5fe65083100b"},{"element-6066-11e4-a52e-4f735466cecf":"bcd11c41-74d0-45f8-989a-3ce2cc96e2e1"},{"element-6066-11e4-a52e-4f735466cecf":"b4b1e2f2-6ddc-4c27-b436-7da524031985"},{"element-6066-11e4-a52e-4f735466cecf":"9cde84e9-7b16-4296-90ea-a43c96130e4b"},{"element-6066-11e4-a52e-4f735466cecf":"5bb76e51-bf3e-4e10-87d2-655877cfc721"},{"element-6066-11e4-a52e-4f735466cecf":"32dd0ce2-5de6-4f17-afc0-5e02dbb7d76e"},{"element-6066-11e4-a52e-4f735466cecf":"41b334ac-5ee2-413b-8d21-8838bbcd8052"},{"element-6066-11e4-a52e-4f735466cecf":"1d125932-489b-4580-833d-53ca15b0fb26"},{"element-6066-11e4-a52e-4f735466cecf":"7ae9d9fe-3c77-44a2-b463-0220a47144c8"},{"element-6066-11e4-a52e-4f735466cecf":"9b8bcd6d-bf38-43bf-b10b-20ca4d38210b"},{"element-6066-11e4-a52e-4f735466cecf":"0cd240ac-275b-4734-9de2-151d04b9f665"},{"element-6066-11e4-a52e-4f735466cecf":"bb7eb434-1fe8-4667-b3a2-724ef2a229e5"},{"element-6066-11e4-a52e-4f735466cecf":"dd386cc0-8635-410b-b9dd-53692c5be48c"},{"element-6066-11e4-a52e-4f735466cecf":"58738e00-5ce0-46d7-8b1d-7f4ea910847a"},{"element-6066-11e4-a52e-4f735466cecf":"926c86ad-b115-48cb-9c2d-d1c499d195dc"},{"element-6066-11e4-a52e-4f735466cecf":"e2f8c30f-0a89-42b6-a609-0d661bb01818"},{"element-6066-11e4-a52e-4f735466cecf":"ffd5d9d5-6637-4db6-8ec6-e1ae777a715a"},{"element-6066-11e4-a52e-4f735466cecf":"e0af107b-d35f-4483-b568-dccb2b18ce10"},{"element-6066-11e4-a52e-4f735466cecf":"17b0bfa0-4a8e-4bb7-90b8-f3b15342b147"},{"element-6066-11e4-a52e-4f735466cecf":"5f4ac55e-d1f1-4699-9357-b03f7863af64"},{"element-6066-11e4-a52e-4f735466cecf":"e476ea99-8de7-4b55-a870-78f4c6ef235c"},{"element-6066-11e4-a52e-4f735466cecf":"2f391a44-3757-492a-9380-c47cb86d4137"},{"element-6066-11e4-a52e-4f735466cecf":"b2504c30-2490-45e2-b9c4-39b35da11ee2"},{"element-6066-11e4-a52e-4f735466cecf":"4db3b462-4f41-4adf-9b72-d3a6cad7df4b"},{"element-6066-11e4-a52e-4f735466cecf":"1a4d2c58-ed3c-4c27-a823-38dc1169d459"},{"element-6066-11e4-a52e-4f735466cecf":"ef9a3408-41cc-4721-aad1-e5abcde714fe"},{"element-6066-11e4-a52e-4f735466cecf":"70990e0a-0d96-4e34-9332-e2ab1e5f5053"},{"element-6066-11e4-a52e-4f735466cecf":"7ef80e0d-9c2d-4287-92d5-303100debdd3"},{"element-6066-11e4-a52e-4f735466cecf":"4e01415f-9a89-4fb9-80c9-bcc1215dd280"},{"element-6066-11e4-a52e-4f735466cecf":"3ef978c6-83e8-4285-8faa-06db80577263"},{"element-6066-11e4-a52e-4f735466cecf":"facac55c-7e51-4068-8aa4-a72008bf7b35"},{"element-6066-11e4-a52e-4f735466cecf":"b81eb523-bb4c-4226-94e8-fd8c18b2d5a7"},{"element-6066-11e4-a52e-4f735466cecf":"b728c44e-242c-4e64-9aaf-f2a42a944510"},{"element-6066-11e4-a52e-4f735466cecf":"532ef506-b7f0-4652-a23d-94d1b89a0ea8"},{"element-6066-11e4-a52e-4f735466cecf":"f059c713-7223-434d-935e-996602c72313"},{"element-6066-11e4-a52e-4f735466cecf":"b4b4da01-ec71-4168-b38f-e7d20bf44d14"},{"element-6066-11e4-a52e-4f735466cecf":"98e84a89-b1da-4c64-a678-260448aa2632"},{"element-6066-11e4-a52e-4f735466cecf":"6e0f3b80-a082-4dec-8e23-20c79e4e8c05"},{"element-6066-11e4-a52e-4f735466cecf":"cfbf388f-966d-49be-ac04-0c1e9eb264cb"},{"element-6066-11e4-a52e-4f735466cecf":"3af041f9-39c9-409b-ae43-453cd815cad0"},{"element-6066-11e4-a52e-4f735466cecf":"d1ebe920-aaa8-4d08-8bbe-cab5af1b3de3"},{"element-6066-11e4-a52e-4f735466cecf":"4ce2336f-55f2-421a-b87e-acf82cf76dea"},{"element-6066-11e4-a52e-4f735466cecf":"a07f24d5-2922-43ec-bfc7-9bc73e310665"},{"element-6066-11e4-a52e-4f735466cecf":"881b6ad7-4f34-41d4-8eb0-11ef2a2c509a"},{"element-6066-11e4-a52e-4f735466cecf":"a6b3a23d-22e6-42f2-a71f-09e49ea9c146"},{"element-6066-11e4-a52e-4f735466cecf":"6cde74d1-493b-4b4f-9f53-bfe2d4f252e0"},{"element-6066-11e4-a52e-4f735466cecf":"fadf35e9-af9b-451d-a605-a873fc8789c8"},{"element-6066-11e4-a52e-4f735466cecf":"66ec632a-0651-4d51-8809-77223220e1fc"},{"element-6066-11e4-a52e-4f735466cecf":"2cf2e508-2f11-44e6-bffe-070e4dd4533d"},{"element-6066-11e4-a52e-4f735466cecf":"a936fde6-0a1a-44fa-9292-346cf52c6959"},{"element-6066-11e4-a52e-4f735466cecf":"c6071827-4c59-4b2e-a634-15f7e68a8726"},{"element-6066-11e4-a52e-4f735466cecf":"7178ae07-60e5-4b5a-a0f3-70795c761d01"},{"element-6066-11e4-a52e-4f735466cecf":"8234c9db-52f4-4b76-901a-78dfcffdef80"},{"element-6066-11e4-a52e-4f735466cecf":"64ba5520-62b9-4f0e-ad53-60e02252ae0d"},{"element-6066-11e4-a52e-4f735466cecf":"0a744847-a6a3-4730-8f68-b28870c12eaa"},{"element-6066-11e4-a52e-4f735466cecf":"ab8df87b-6de7-411c-83ac-7ef569f05f46"},{"element-6066-11e4-a52e-4f735466cecf":"1ef88240-43a0-4599-8ced-17617a209a31"},{"element-6066-11e4-a52e-4f735466cecf":"a64dafcd-139a-4d0c-9081-6ac5e8b5c4a2"},{"element-6066-11e4-a52e-4f735466cecf":"8bfd6d03-1243-4730-b2bf-4bf5dfd48c15"},{"element-6066-11e4-a52e-4f735466cecf":"d30ca941-4894-42a8-bb8e-d9862750c25a"},{"element-6066-11e4-a52e-4f735466cecf":"f0d4b774-01e4-4ed4-8a7f-273835810ebd"},{"element-6066-11e4-a52e-4f735466cecf":"4685a345-7bb5-49c5-9faa-792eee041baf"},{"element-6066-11e4-a52e-4f735466cecf":"4192dd23-8462-4e7b-b215-3dffb8194db3"},{"element-6066-11e4-a52e-4f735466cecf":"f77508a9-05e0-4961-b8ef-3c66d690e1ca"},{"element-6066-11e4-a52e-4f735466cecf":"f3fc15f3-73ea-4da2-a2a0-e3eabb5629e4"},{"element-6066-11e4-a52e-4f735466cecf":"4ca64d35-67c1-434c-a0e0-4dc3dc4f6957"},{"element-6066-11e4-a52e-4f735466cecf":"95183ba0-fda3-4623-bf3d-f85a26e96678"},{"element-6066-11e4-a52e-4f735466cecf":"f9cb1087-4a04-4733-852e-bedc8c87923d"},{"element-6066-11e4-a52e-4f735466cecf":"914555e4-2818-4a15-9cb2-6503fc974565"},{"element-6066-11e4-a52e-4f735466cecf":"d6de7075-1c60-40d9-a4d9-e7bd47e7a0d8"},{"element-6066-11e4-a52e-4f735466cecf":"3a495670-a48b-4edf-99c2-22090c09434d"},{"element-6066-11e4-a52e-4f735466cecf":"39df321d-d94f-4c44-ac05-1ac01cbc6c3e"},{"element-6066-11e4-a52e-4f735466cecf":"caf97bf9-446a-4759-ae8a-05de991768e8"},{"element-6066-11e4-a52e-4f735466cecf":"060471bf-f18f-4d89-ad3d-84b73d88a681"},{"element-6066-11e4-a52e-4f735466cecf":"25f78946-c56f-4e1f-8183-6586ae7a34e5"},{"element-6066-11e4-a52e-4f735466cecf":"92388329-2536-46c1-a474-667616b68e19"},{"element-6066-11e4-a52e-4f735466cecf":"c3c15343-10b7-4ec7-b29b-5a4be4894e78"},{"element-6066-11e4-a52e-4f735466cecf":"b58b5486-6da5-4154-92d3-e05ec2fa3ef8"},{"element-6066-11e4-a52e-4f735466cecf":"c11a0475-de69-45f0-b9e5-2aab4996478b"},{"element-6066-11e4-a52e-4f735466cecf":"e4c167c3-01e7-4b7d-8ea2-e73f3e7bffc2"},{"element-6066-11e4-a52e-4f735466cecf":"a92a1f3d-98ad-4048-a692-7af2f6618714"},{"element-6066-11e4-a52e-4f735466cecf":"bc57d7d3-c741-4dfc-8026-55f684ad0600"},{"element-6066-11e4-a52e-4f735466cecf":"567434e4-3612-494b-b4a3-f82c65d363bd"},{"element-6066-11e4-a52e-4f735466cecf":"a53504c4-a547-47dc-b365-5d9466c6bdf1"},{"element-6066-11e4-a52e-4f735466cecf":"907146ab-7454-4e02-b76a-067d2042f5c2"},{"element-6066-11e4-a52e-4f735466cecf":"585f9b12-dcdd-4ff7-8971-814e7dae91d1"},{"element-6066-11e4-a52e-4f735466cecf":"74b71e25-9364-4749-b435-2477e07d8071"},{"element-6066-11e4-a52e-4f735466cecf":"3e4b985a-0733-4a60-94e2-aa9ba86bf9b0"},{"element-6066-11e4-a52e-4f735466cecf":"65284ebc-6d14-45b9-a6c9-5ae12bb4914a"},{"element-6066-11e4-a52e-4f735466cecf":"9d8e644e-63b6-4761-a475-07fe0b635df3"},{"element-6066-11e4-a52e-4f735466cecf":"27857e67-a3d6-4ca2-9faa-b70a3c6e5b01"},{"element-6066-11e4-a52e-4f735466cecf":"f984242f-9ee7-4943-a90e-093e0e99390a"},{"element-6066-11e4-a52e-4f735466cecf":"6258ec68-a531-4263-ab6a-2522f8bf61f6"},{"element-6066-11e4-a52e-4f735466cecf":"88b219ec-6559-426a-9edb-e471259c42c3"},{"element-6066-11e4-a52e-4f735466cecf":"3a88a0be-1821-48a1-9884-0b6ccc3b488c"},{"element-6066-11e4-a52e-4f735466cecf":"764c7490-1897-4034-9bd9-c68b723d77f6"},{"element-6066-11e4-a52e-4f735466cecf":"3aaaca31-d600-4ea4-95a1-50222bd2dd99"},{"element-6066-11e4-a52e-4f735466cecf":"12e6779c-3265-46eb-a3d7-2157526ff772"},{"element-6066-11e4-a52e-4f735466cecf":"5e0fab5b-48f7-476a-885b-635a00d5659a"},{"element-6066-11e4-a52e-4f735466cecf":"f9f79a91-00b2-43f8-a4b5-47446cfe7ab6"},{"element-6066-11e4-a52e-4f735466cecf":"dd36fbc1-ee31-450e-9a14-4d42f7b8e51c"},{"element-6066-11e4-a52e-4f735466cecf":"07b89736-539e-4724-8a7a-fe25ba690a6e"},{"element-6066-11e4-a52e-4f735466cecf":"985113c7-ca9c-4490-940a-adf0670d006c"},{"element-6066-11e4-a52e-4f735466cecf":"d0f812fd-ec1a-4f13-844f-f714aa4652d9"},{"element-6066-11e4-a52e-4f735466cecf":"4187cbeb-3d7b-4cc2-ad6d-fdf747430dc0"},{"element-6066-11e4-a52e-4f735466cecf":"4bc091f1-8928-4e5a-9c22-f0e9a90dac6b"},{"element-6066-11e4-a52e-4f735466cecf":"5ebf4baf-fc8f-407c-841f-afcd5ea5471a"},{"element-6066-11e4-a52e-4f735466cecf":"00426bba-0cb0-4831-8501-5802014715de"},{"element-6066-11e4-a52e-4f735466cecf":"c3da2375-9efd-4f3d-88da-589a4fb51015"},{"element-6066-11e4-a52e-4f735466cecf":"aa989630-3abd-4d49-b1b8-8fe08d820536"},{"element-6066-11e4-a52e-4f735466cecf":"a2836712-d193-476a-a55f-76a395cc2307"},{"element-6066-11e4-a52e-4f735466cecf":"0e15f828-9f37-43c1-85a6-30323b23cd9d"},{"element-6066-11e4-a52e-4f735466cecf":"6a7862ac-3775-468f-9709-095cd9a48426"},{"element-6066-11e4-a52e-4f735466cecf":"48a1e3fc-53ef-43b8-b81d-d2097186297a"},{"element-6066-11e4-a52e-4f735466cecf":"a2bb1291-e41a-4aba-bc16-14f0337b49f9"},{"element-6066-11e4-a52e-4f735466cecf":"20d70d03-5e44-464b-954e-2aa743f9223a"},{"element-6066-11e4-a52e-4f735466cecf":"af11b7ed-9c82-4de6-9850-eb8f58017e3e"},{"element-6066-11e4-a52e-4f735466cecf":"ed5a09e3-2fef-4e4a-afe4-2c296042965e"},{"element-6066-11e4-a52e-4f735466cecf":"e7ff0ce6-cdc0-4feb-aa27-949ce11e647b"},{"element-6066-11e4-a52e-4f735466cecf":"a5bc9bc3-1c05-4627-836a-3c1406fdf33b"},{"element-6066-11e4-a52e-4f735466cecf":"37f92947-e43c-4bec-a64f-7aa24bdc3e5a"},{"element-6066-11e4-a52e-4f735466cecf":"2c83af47-509a-4457-afe4-6ea97294f72e"},{"element-6066-11e4-a52e-4f735466cecf":"b8f3121d-72f0-4903-91db-42c84c1a9b44"},{"element-6066-11e4-a52e-4f735466cecf":"ab581f2a-2a60-4efc-8f67-8c602708c1a5"},{"element-6066-11e4-a52e-4f735466cecf":"6381f86e-10a3-4e28-a82c-099bc8487304"},{"element-6066-11e4-a52e-4f735466cecf":"6c665cbe-f1af-4007-b2d1-cca9ca86365c"},{"element-6066-11e4-a52e-4f735466cecf":"0a12e10b-6c12-4c75-8446-533dd05e8a5e"},{"element-6066-11e4-a52e-4f735466cecf":"dbe08ff3-8201-48af-a729-4975209a5d1e"},{"element-6066-11e4-a52e-4f735466cecf":"839e80f7-4d30-425b-b0d5-8784ec0bbf23"},{"element-6066-11e4-a52e-4f735466cecf":"d65ed29b-5acd-4b67-947e-833525191293"},{"element-6066-11e4-a52e-4f735466cecf":"407fa941-eccb-4447-b4a3-38f1e240a0dd"},{"element-6066-11e4-a52e-4f735466cecf":"c290156e-6b0d-4353-b02a-8192941d8586"},{"element-6066-11e4-a52e-4f735466cecf":"699a4657-8143-45cb-b7d3-65db1328cd0f"},{"element-6066-11e4-a52e-4f735466cecf":"3192627b-5f26-40f8-acd3-a2231b674b00"},{"element-6066-11e4-a52e-4f735466cecf":"784f3f42-4ff1-4a31-9d75-f016ab05de42"},{"element-6066-11e4-a52e-4f735466cecf":"33478eb9-5d28-4f0d-9821-a517aa7da48f"},{"element-6066-11e4-a52e-4f735466cecf":"b9376c6c-1f71-4187-a3e3-79379f18ce3a"},{"element-6066-11e4-a52e-4f735466cecf":"57814542-9530-4b1c-86bd-5095f66bf02d"},{"element-6066-11e4-a52e-4f735466cecf":"9a756c02-f023-4333-9ade-604d1fad0d76"},{"element-6066-11e4-a52e-4f735466cecf":"33d04aa4-c6be-4147-be66-9d1f14611600"},{"element-6066-11e4-a52e-4f735466cecf":"f685fff4-a83d-4519-809d-47c56c619447"},{"element-6066-11e4-a52e-4f735466cecf":"04c92edf-2b7d-4ecb-92d8-82719ad5160f"},{"element-6066-11e4-a52e-4f735466cecf":"fcfab6a2-99ef-42c4-aa78-f755940d85ae"},{"element-6066-11e4-a52e-4f735466cecf":"4b419713-b7fd-44e4-b975-5e153d3c4ba1"},{"element-6066-11e4-a52e-4f735466cecf":"0c9ce87d-3700-4b1a-92a6-ea679eb5c834"},{"element-6066-11e4-a52e-4f735466cecf":"875d43b8-7ad1-4532-9b20-0c8cbb71e1ac"},{"element-6066-11e4-a52e-4f735466cecf":"fa7691df-a15e-410c-b276-fbdebbd230d4"},{"element-6066-11e4-a52e-4f735466cecf":"9f7a049c-8fa2-4439-aa36-714ce57ff873"},{"element-6066-11e4-a52e-4f735466cecf":"02d8d217-f457-4c6e-b05d-cd3c75944728"},{"element-6066-11e4-a52e-4f735466cecf":"804ff0d5-a907-491a-a7a6-2f7146f30559"},{"element-6066-11e4-a52e-4f735466cecf":"69dd468a-7174-4c21-b9fd-8528e2ecdd7a"},{"element-6066-11e4-a52e-4f735466cecf":"95ca0c1a-1548-4447-8f50-7797381b0364"},{"element-6066-11e4-a52e-4f735466cecf":"44826313-6398-4fb6-87ee-d587cca83311"},{"element-6066-11e4-a52e-4f735466cecf":"2326f999-99a0-4063-95a4-7d458c1036fa"},{"element-6066-11e4-a52e-4f735466cecf":"e9b2574e-7d55-4768-94a0-01e1e923c8ea"},{"element-6066-11e4-a52e-4f735466cecf":"1ad4f8fa-8db6-45c2-b5ee-b63eb60d4c5a"},{"element-6066-11e4-a52e-4f735466cecf":"de0e6c26-e699-423f-b502-47943e00f835"},{"element-6066-11e4-a52e-4f735466cecf":"b31d3a25-6074-462a-ac8a-bc446e859669"},{"element-6066-11e4-a52e-4f735466cecf":"0bcdf6c5-b420-4ab7-9de0-862856d5eace"},{"element-6066-11e4-a52e-4f735466cecf":"0f112ddc-c5bb-4e44-876b-6049b70bc228"},{"element-6066-11e4-a52e-4f735466cecf":"f9cc7d59-2c33-43d3-bf80-e790a3cbc345"},{"element-6066-11e4-a52e-4f735466cecf":"93afb2c5-ec26-41f4-9e8e-69c298797a44"},{"element-6066-11e4-a52e-4f735466cecf":"2abd9609-9ded-4130-8d55-d5001e9eb146"},{"element-6066-11e4-a52e-4f735466cecf":"087ff9fa-7144-4c98-99ed-bd4f1767e57e"},{"element-6066-11e4-a52e-4f735466cecf":"eb6e4cd2-5660-46e6-885e-9aaedaea174e"},{"element-6066-11e4-a52e-4f735466cecf":"e41bb092-94ea-4b49-ad7b-a0a9efe71d24"},{"element-6066-11e4-a52e-4f735466cecf":"2a71f5dc-b43a-4cab-b35c-025983da4136"},{"element-6066-11e4-a52e-4f735466cecf":"f6bfb152-2fd7-40ac-a627-083ecedc2f43"},{"element-6066-11e4-a52e-4f735466cecf":"9b738c54-5c0c-45bc-91c0-667b69c5f480"},{"element-6066-11e4-a52e-4f735466cecf":"4c2c5a34-b06b-4812-a5de-3072c5adc308"},{"element-6066-11e4-a52e-4f735466cecf":"4a8c8302-e3fe-43b7-84cf-a1f2ad81fb12"},{"element-6066-11e4-a52e-4f735466cecf":"bae71c4a-86ea-4257-a7ae-3f0c3d4cb849"},{"element-6066-11e4-a52e-4f735466cecf":"73f05eb0-665c-4735-8b5e-da3cb1483133"},{"element-6066-11e4-a52e-4f735466cecf":"bfa3a597-27e1-4f7f-8593-5ab1fab83e5e"},{"element-6066-11e4-a52e-4f735466cecf":"db2036b0-8c13-4cf9-b6d1-b8a3990913db"},{"element-6066-11e4-a52e-4f735466cecf":"9c85915b-9360-470f-83fd-e21a5f9488e1"},{"element-6066-11e4-a52e-4f735466cecf":"f4cc57e3-cee9-47e6-840b-60b111773323"},{"element-6066-11e4-a52e-4f735466cecf":"a43a0b53-f388-473b-ae6c-6fd0082bbb54"},{"element-6066-11e4-a52e-4f735466cecf":"b7d5cb43-0bbd-4b89-b5b2-c5d43a11ae62"},{"element-6066-11e4-a52e-4f735466cecf":"c4c10528-297c-443a-90cf-b4874fa3d674"},{"element-6066-11e4-a52e-4f735466cecf":"aa5fc847-1c53-44c9-b759-a400318885d4"},{"element-6066-11e4-a52e-4f735466cecf":"39264e7f-eb1a-451d-ba2e-0a0834cf7c5a"},{"element-6066-11e4-a52e-4f735466cecf":"fdbed298-e764-4bb5-986a-cf85b44c0f6d"},{"element-6066-11e4-a52e-4f735466cecf":"01c38449-7b00-495a-b5e6-d1fa3a845b15"},{"element-6066-11e4-a52e-4f735466cecf":"afc6d6fc-6792-4858-9aff-f82d5688a047"},{"element-6066-11e4-a52e-4f735466cecf":"317ac878-4f31-4286-9fc9-e603f589d808"},{"element-6066-11e4-a52e-4f735466cecf":"11c8c6f4-c4f8-46f1-98cb-6316074b9720"},{"element-6066-11e4-a52e-4f735466cecf":"d256b0d0-5268-4dc7-b2bf-934028093eb8"},{"element-6066-11e4-a52e-4f735466cecf":"8fe96fd8-25e2-4102-961f-ae75eefb4d76"},{"element-6066-11e4-a52e-4f735466cecf":"bac35980-a975-4ff0-b97a-d37c3a929604"},{"element-6066-11e4-a52e-4f735466cecf":"45d2be04-9608-4bb0-ba6e-91deb9c39554"},{"element-6066-11e4-a52e-4f735466cecf":"2cfbde40-98d2-4421-9a8c-5cad46600c30"},{"element-6066-11e4-a52e-4f735466cecf":"dbb15b88-becf-4880-adda-949c7131820b"},{"element-6066-11e4-a52e-4f735466cecf":"871cf02b-89f4-4ab2-ad16-b69f3f0409dd"},{"element-6066-11e4-a52e-4f735466cecf":"4ae255a1-3af6-49ba-8c06-ee56e9e779c1"},{"element-6066-11e4-a52e-4f735466cecf":"1dc460f4-80f7-4160-af5f-d50c7b7d5969"},{"element-6066-11e4-a52e-4f735466cecf":"a44add32-cf1b-4219-83d6-5c1a7adf2d16"},{"element-6066-11e4-a52e-4f735466cecf":"76145fd6-3936-48c9-bba4-de02436d1d72"},{"element-6066-11e4-a52e-4f735466cecf":"cc78b930-080c-4eb1-a45a-2db7cf59656e"},{"element-6066-11e4-a52e-4f735466cecf":"d513bc90-cd79-47ad-a2dd-550cd8142237"},{"element-6066-11e4-a52e-4f735466cecf":"36f41a8e-1b21-42f3-9ba4-86a9fb7d70cc"},{"element-6066-11e4-a52e-4f735466cecf":"030da992-fed7-4e3b-a104-cadb40b1036c"},{"element-6066-11e4-a52e-4f735466cecf":"96c9f33e-6283-4fec-9201-bdd3d97b9501"},{"element-6066-11e4-a52e-4f735466cecf":"8f964a92-a552-4053-8af1-72b44ee4f152"},{"element-6066-11e4-a52e-4f735466cecf":"7c68e5c4-b77e-498f-b84e-987f48f1a048"},{"element-6066-11e4-a52e-4f735466cecf":"0a9f66fe-7173-4a5a-9965-733a94e3c3b4"},{"element-6066-11e4-a52e-4f735466cecf":"a0105607-60d8-4f88-b238-6cce93d935df"},{"element-6066-11e4-a52e-4f735466cecf":"273d1ed2-f836-4cdc-b872-9d0e78224dca"},{"element-6066-11e4-a52e-4f735466cecf":"e5f29204-23c2-44d8-9843-5705e0311236"},{"element-6066-11e4-a52e-4f735466cecf":"34678abc-6380-4007-b503-057f0ea35b09"},{"element-6066-11e4-a52e-4f735466cecf":"6229e684-92b0-4ef3-8192-8657a2fe7381"},{"element-6066-11e4-a52e-4f735466cecf":"604f54b6-3e48-41fa-aa3c-1f7595feac2e"},{"element-6066-11e4-a52e-4f735466cecf":"d22fb35b-9d7d-4d7c-81b7-60e7c2dbd667"},{"element-6066-11e4-a52e-4f735466cecf":"19f21725-5f7d-4ca6-a4e4-3c3afc777cd9"},{"element-6066-11e4-a52e-4f735466cecf":"03e1d7bc-2f8a-42f2-9517-305d88666fb8"},{"element-6066-11e4-a52e-4f735466cecf":"23cd482b-6bef-4168-9b47-7faa6d6428c3"},{"element-6066-11e4-a52e-4f735466cecf":"4442ddf4-5ff5-4fa4-9a60-9c54d8363ae5"},{"element-6066-11e4-a52e-4f735466cecf":"e3f86f29-c4ce-4ee3-964f-0f9ca7345f3c"},{"element-6066-11e4-a52e-4f735466cecf":"2630a3f8-a22c-41a0-b7ff-c84f1559a7a4"},{"element-6066-11e4-a52e-4f735466cecf":"fd809cb1-2b2c-40e6-8a6f-0f5b1fdba9c3"},{"element-6066-11e4-a52e-4f735466cecf":"9f87e36c-2033-4fb7-929c-c3afcc74d476"},{"element-6066-11e4-a52e-4f735466cecf":"6c0f7632-bac9-4082-9ae9-46ffc4792446"},{"element-6066-11e4-a52e-4f735466cecf":"94ddf6f1-0645-4903-8493-9a778b394344"},{"element-6066-11e4-a52e-4f735466cecf":"b99a66cc-9803-43c8-8399-57b85e5eb17b"},{"element-6066-11e4-a52e-4f735466cecf":"69b72ad1-ef63-4066-8440-b73fd342af83"},{"element-6066-11e4-a52e-4f735466cecf":"cfe612a2-b217-44d7-8c41-9d726b300f1c"},{"element-6066-11e4-a52e-4f735466cecf":"e4a08ad7-5ecb-420a-86a4-5fa5f07fdbd6"},{"element-6066-11e4-a52e-4f735466cecf":"c7eb6e10-d236-49bb-a622-ad1426d4dd21"},{"element-6066-11e4-a52e-4f735466cecf":"a1fbd739-b52a-47e1-b78c-281dcb42c49a"},{"element-6066-11e4-a52e-4f735466cecf":"e88368e2-e247-4967-876f-7b8af2a11625"},{"element-6066-11e4-a52e-4f735466cecf":"2c2dd5f2-8751-436c-a237-5e9d74e3466c"},{"element-6066-11e4-a52e-4f735466cecf":"2306afe9-ca1e-4e1d-85e7-da0b94aff1dd"},{"element-6066-11e4-a52e-4f735466cecf":"5a718b1c-a055-42b9-95c6-cbc057f125ba"},{"element-6066-11e4-a52e-4f735466cecf":"46d52c4f-a914-4482-a803-662439151ce4"},{"element-6066-11e4-a52e-4f735466cecf":"fba7bc21-f5f2-42f0-bed5-22f04cd66f16"},{"element-6066-11e4-a52e-4f735466cecf":"fa63b526-6a23-435a-a869-9618f203ba5b"},{"element-6066-11e4-a52e-4f735466cecf":"e9d20bb3-7f9b-47dd-8d1f-87a70ed98b8f"},{"element-6066-11e4-a52e-4f735466cecf":"e29519cc-c8f2-4d8b-94f9-63779d544017"},{"element-6066-11e4-a52e-4f735466cecf":"059b6870-c6d4-4bab-b2cd-7b877e2a8032"},{"element-6066-11e4-a52e-4f735466cecf":"456f4ce7-d206-415f-a145-834214bbc898"},{"element-6066-11e4-a52e-4f735466cecf":"6bd40771-ae24-4463-8e3c-398042415754"},{"element-6066-11e4-a52e-4f735466cecf":"d636e596-baa4-4c54-90c4-a80e4a5f26e1"},{"element-6066-11e4-a52e-4f735466cecf":"f5e8e4b1-4def-422f-976f-9ed73432ad2a"},{"element-6066-11e4-a52e-4f735466cecf":"1ed59fb0-6420-4d32-81dc-e1fe105ddab7"},{"element-6066-11e4-a52e-4f735466cecf":"b274dc65-6a4e-493c-b5e5-7f9dd25623c7"},{"element-6066-11e4-a52e-4f735466cecf":"c35ebf88-c1ee-420b-a280-aef42f978e74"},{"element-6066-11e4-a52e-4f735466cecf":"8450392f-6143-441b-9e9e-9673602731ba"},{"element-6066-11e4-a52e-4f735466cecf":"f57298ab-14ff-4268-8a16-eb4f00edb0c8"},{"element-6066-11e4-a52e-4f735466cecf":"a52b1fec-bf9f-4fa1-b924-005b49c5ebad"},{"element-6066-11e4-a52e-4f735466cecf":"bb0cf4db-ab3c-4838-9e43-a8fc48658ea6"},{"element-6066-11e4-a52e-4f735466cecf":"fc31f0d4-ebed-42b1-afe7-a4ac114e9f0e"},{"element-6066-11e4-a52e-4f735466cecf":"1d02e1bc-632c-498c-bad4-be5e0f86ab4b"},{"element-6066-11e4-a52e-4f735466cecf":"42186af7-bf54-474a-b437-a866d5437cf5"},{"element-6066-11e4-a52e-4f735466cecf":"396b5e10-e563-42ae-bfd3-34e53d4f7d19"},{"element-6066-11e4-a52e-4f735466cecf":"142c5310-0f55-434b-aa2a-a9c46ffc2628"},{"element-6066-11e4-a52e-4f735466cecf":"bda0ea51-8f07-44bc-8cdc-ae28c67639c6"},{"element-6066-11e4-a52e-4f735466cecf":"fc80880f-7061-49b0-85cc-60af70c7c05c"},{"element-6066-11e4-a52e-4f735466cecf":"7949ba58-6794-418c-9207-8a5946443df6"},{"element-6066-11e4-a52e-4f735466cecf":"550fc2fa-0512-4ba4-914c-7c7132559cac"},{"element-6066-11e4-a52e-4f735466cecf":"621e77ea-7525-476b-9dc3-f43e95173760"},{"element-6066-11e4-a52e-4f735466cecf":"97c149a4-37f5-4590-ad42-eb23f8c07d25"},{"element-6066-11e4-a52e-4f735466cecf":"d816c957-946b-4878-808f-cd9b360c4342"},{"element-6066-11e4-a52e-4f735466cecf":"28a98a82-2729-4a46-9ce4-49ceee0cfd18"},{"element-6066-11e4-a52e-4f735466cecf":"07e7150a-b2f3-412f-a419-db8b4ca0ca70"},{"element-6066-11e4-a52e-4f735466cecf":"10689297-6934-4457-b6b9-7601f5f408ab"},{"element-6066-11e4-a52e-4f735466cecf":"04ebe84c-01e8-492d-a0eb-a4881643dc7f"},{"element-6066-11e4-a52e-4f735466cecf":"5b497bb5-56e2-474b-9056-c77b090989e6"},{"element-6066-11e4-a52e-4f735466cecf":"cbfbcfc4-44ae-4424-aafd-bf5e7717fed7"},{"element-6066-11e4-a52e-4f735466cecf":"140fd769-8e67-4d3c-bc35-eaf1dbe71549"},{"element-6066-11e4-a52e-4f735466cecf":"efc1eafa-83bb-4293-b00c-cbe5a36865fc"},{"element-6066-11e4-a52e-4f735466cecf":"02a62392-b674-4435-8c95-b07ce3502222"},{"element-6066-11e4-a52e-4f735466cecf":"8591587d-4d0e-4249-b510-334eae0f861d"},{"element-6066-11e4-a52e-4f735466cecf":"bfceae0c-79e0-41ac-914a-68d8540e01a4"},{"element-6066-11e4-a52e-4f735466cecf":"4a643bd3-fbd0-41d8-851b-3637de6dcc92"},{"element-6066-11e4-a52e-4f735466cecf":"6754bbee-9e5f-4c81-8040-4baa2e398cfa"},{"element-6066-11e4-a52e-4f735466cecf":"dd3960b1-0dde-401f-9dd3-b9b5236c7e64"},{"element-6066-11e4-a52e-4f735466cecf":"6036fbba-a836-4952-969d-b6c9f3d1dc47"},{"element-6066-11e4-a52e-4f735466cecf":"5c9ff357-f930-428c-8d10-f0e706561efa"},{"element-6066-11e4-a52e-4f735466cecf":"882b68d9-7305-4dd6-b5ed-70319fdec405"},{"element-6066-11e4-a52e-4f735466cecf":"cf128afd-5d7a-4983-bb91-647c6e0250f9"},{"element-6066-11e4-a52e-4f735466cecf":"777d3a4f-2e6c-4560-97d5-23e86d9dd776"},{"element-6066-11e4-a52e-4f735466cecf":"8601c6d2-f36a-4806-8bbf-934215594a48"},{"element-6066-11e4-a52e-4f735466cecf":"5530cb20-48eb-4b0a-8378-9dae8a987aaf"},{"element-6066-11e4-a52e-4f735466cecf":"0d7504ca-d159-4c61-ab0f-0b2e837a78f3"},{"element-6066-11e4-a52e-4f735466cecf":"321e71ad-1b80-4568-b12b-614ff453135d"},{"element-6066-11e4-a52e-4f735466cecf":"95c08184-7132-454a-b534-2c922349157f"},{"element-6066-11e4-a52e-4f735466cecf":"06a6133c-e4fe-4fa8-9d2f-40466db41075"},{"element-6066-11e4-a52e-4f735466cecf":"5d49e537-db2a-49ca-91aa-94d2f464f194"},{"element-6066-11e4-a52e-4f735466cecf":"62836fcb-08eb-48de-af94-276ca4dff76d"},{"element-6066-11e4-a52e-4f735466cecf":"13e911d8-08a0-4762-ab8f-ecc70078fe72"},{"element-6066-11e4-a52e-4f735466cecf":"192bfb43-3a6a-4e03-bb94-c0949f285b2a"},{"element-6066-11e4-a52e-4f735466cecf":"8e6a9943-8fe0-45cf-8324-e6f06c8567f8"},{"element-6066-11e4-a52e-4f735466cecf":"3263ac2a-7e0a-4a6e-b8e5-cbcfdc8f4ecc"},{"element-6066-11e4-a52e-4f735466cecf":"69d19847-f83a-44ff-8e67-7632ffd07b19"},{"element-6066-11e4-a52e-4f735466cecf":"f635ec36-bcdb-4afd-960f-1d20a5bf0b9a"},{"element-6066-11e4-a52e-4f735466cecf":"544c2c52-2055-4b35-8699-54a9d79c2e2e"},{"element-6066-11e4-a52e-4f735466cecf":"90b7ec84-8665-479c-b35d-1975c3a40e4e"},{"element-6066-11e4-a52e-4f735466cecf":"bfd6485c-10ce-434a-9adf-daf886da2cf3"},{"element-6066-11e4-a52e-4f735466cecf":"a8216ec0-6708-4a53-9b85-753ee3ba8085"},{"element-6066-11e4-a52e-4f735466cecf":"b31115f9-e8ee-45bc-aa6d-2e198f1ce8a6"},{"element-6066-11e4-a52e-4f735466cecf":"ed237101-8d2a-4a48-a3ad-4d4170468916"},{"element-6066-11e4-a52e-4f735466cecf":"4af88fe4-667e-41d4-87ad-fbd0a0c21ff8"},{"element-6066-11e4-a52e-4f735466cecf":"d52d8f00-fcee-4ac1-8f6a-c4b51cbdb11b"},{"element-6066-11e4-a52e-4f735466cecf":"ba61dce5-a2b6-4865-962c-83cbb3b6b80e"},{"element-6066-11e4-a52e-4f735466cecf":"17826820-fbb7-43fa-a642-9273650ba676"},{"element-6066-11e4-a52e-4f735466cecf":"3c1acf24-d949-4901-9901-3b3bb7fb7e0b"},{"element-6066-11e4-a52e-4f735466cecf":"e746960f-831c-4ad7-bf35-4d2efbd88f40"},{"element-6066-11e4-a52e-4f735466cecf":"89d5dfdb-eebb-4695-a870-567f2dd1e89a"},{"element-6066-11e4-a52e-4f735466cecf":"4e1b9b50-3574-40a9-9044-fe944fc2941d"},{"element-6066-11e4-a52e-4f735466cecf":"2e78833b-cf40-439b-aa57-1fba5c70baca"},{"element-6066-11e4-a52e-4f735466cecf":"825562d8-4965-4076-a5f7-cc9af8379e06"},{"element-6066-11e4-a52e-4f735466cecf":"f8429dd7-73fb-484a-8428-63b5c0029f06"},{"element-6066-11e4-a52e-4f735466cecf":"ce9378a1-07e4-4af8-ad7c-89a2ac14a68a"},{"element-6066-11e4-a52e-4f735466cecf":"c0b7751a-8164-4aeb-baff-eb9ee4a09b3e"},{"element-6066-11e4-a52e-4f735466cecf":"5d05602c-3fec-4b8e-ac70-771de4b6d685"},{"element-6066-11e4-a52e-4f735466cecf":"b1958f0e-25d0-455b-a7e6-1925754e42c8"},{"element-6066-11e4-a52e-4f735466cecf":"5f7b3a45-5016-4e06-9c83-a291d23b09f9"},{"element-6066-11e4-a52e-4f735466cecf":"cad7a4f0-932a-4923-bcbd-d32e59885ec0"},{"element-6066-11e4-a52e-4f735466cecf":"aed57034-ce3e-4326-8913-912691df3696"},{"element-6066-11e4-a52e-4f735466cecf":"85f8f40c-136c-4b4c-8b15-bd9410e4bd43"},{"element-6066-11e4-a52e-4f735466cecf":"5f9a9caf-5efe-4c6b-8d87-a3285fed3f1b"},{"element-6066-11e4-a52e-4f735466cecf":"021bf859-c3a7-4501-8632-312966a45d57"},{"element-6066-11e4-a52e-4f735466cecf":"b49fc072-97d3-442d-8085-60c4132a3e25"},{"element-6066-11e4-a52e-4f735466cecf":"a6c5b830-6b8e-4f22-9291-8bc72ed665ea"},{"element-6066-11e4-a52e-4f735466cecf":"949cc6e2-cec9-4839-a596-d11398a051b6"},{"element-6066-11e4-a52e-4f735466cecf":"080ab3ba-4149-45b1-95a3-22d22260305c"},{"element-6066-11e4-a52e-4f735466cecf":"bcfeeb31-a8e0-4e68-a46f-2b358115f995"},{"element-6066-11e4-a52e-4f735466cecf":"1896702b-0a5b-4b60-bbcf-681924df2cda"},{"element-6066-11e4-a52e-4f735466cecf":"15b73b0d-40d9-4613-ba95-a71f055a074b"},{"element-6066-11e4-a52e-4f735466cecf":"8ca9beb0-7a96-485c-8481-ac6ac5112693"},{"element-6066-11e4-a52e-4f735466cecf":"2678587e-4f7a-4d1b-ace8-97b865039f32"},{"element-6066-11e4-a52e-4f735466cecf":"b8794cc3-1188-4273-bcbd-b136e63cacc7"},{"element-6066-11e4-a52e-4f735466cecf":"51341b2a-c391-419a-8977-4b432af8a3cf"},{"element-6066-11e4-a52e-4f735466cecf":"5534270a-f9f4-44ad-b70f-81c958219599"},{"element-6066-11e4-a52e-4f735466cecf":"9a2ce1dc-847a-407a-babf-e0c2421a2d04"},{"element-6066-11e4-a52e-4f735466cecf":"ddcc6477-ee44-4798-9134-d7a632ddc217"},{"element-6066-11e4-a52e-4f735466cecf":"1a3cb49f-8415-48db-a41e-c74753edf368"},{"element-6066-11e4-a52e-4f735466cecf":"a51326b3-8e0c-4a78-adf8-9a7dec892a96"},{"element-6066-11e4-a52e-4f735466cecf":"4845b821-808a-46c0-b4d2-87f91c560e48"},{"element-6066-11e4-a52e-4f735466cecf":"168abaef-92db-43a8-a14b-0c83841db213"},{"element-6066-11e4-a52e-4f735466cecf":"fd2c50ba-607b-4620-953d-9ec1159c79a3"},{"element-6066-11e4-a52e-4f735466cecf":"3671a3a8-deb9-47b9-9a10-55bdbeb48bfd"},{"element-6066-11e4-a52e-4f735466cecf":"5436afd4-e8df-4412-826b-7ad22634224e"},{"element-6066-11e4-a52e-4f735466cecf":"9de26061-b539-465e-9f26-6592fc0fe676"},{"element-6066-11e4-a52e-4f735466cecf":"c95023ae-1845-43f4-8f09-9f11aea0fcd6"},{"element-6066-11e4-a52e-4f735466cecf":"f0293efe-607c-4467-acff-57bffc612c6b"},{"element-6066-11e4-a52e-4f735466cecf":"87ab56ad-3336-43e1-a5f5-43a3a77b84fa"},{"element-6066-11e4-a52e-4f735466cecf":"1cd9d5a7-1a17-4f99-b7a4-0f6fbe5c3fba"},{"element-6066-11e4-a52e-4f735466cecf":"30782ac5-5d2d-4bc2-972d-937dce8dbf04"},{"element-6066-11e4-a52e-4f735466cecf":"7db4b452-69fa-42ff-85d7-191936c8313d"},{"element-6066-11e4-a52e-4f735466cecf":"460c4400-a8cf-40e6-a8cc-cfb8a951acf2"},{"element-6066-11e4-a52e-4f735466cecf":"53336129-2633-4324-a867-544e11f832a9"},{"element-6066-11e4-a52e-4f735466cecf":"3dcb598e-05dd-4f59-80db-616f64a990ce"},{"element-6066-11e4-a52e-4f735466cecf":"8e4c3886-c68b-40b6-b8d8-946f9d61d4b8"},{"element-6066-11e4-a52e-4f735466cecf":"6969c9b8-7785-4be7-bfd0-d4b51071f165"},{"element-6066-11e4-a52e-4f735466cecf":"5f9f5867-be74-4b51-98d5-6b9eef0f1d67"},{"element-6066-11e4-a52e-4f735466cecf":"ce05b70c-8b45-4e43-a82f-42c1c792d98a"},{"element-6066-11e4-a52e-4f735466cecf":"829931f8-34ce-4edc-9a4d-915fd603a1d8"},{"element-6066-11e4-a52e-4f735466cecf":"109b0e90-7ce5-46f9-9e02-2a3d85cf8b5e"},{"element-6066-11e4-a52e-4f735466cecf":"db3111ed-de64-4286-bc61-ba10839037be"},{"element-6066-11e4-a52e-4f735466cecf":"833a1caf-e732-4661-b599-d5a278d3cd6e"},{"element-6066-11e4-a52e-4f735466cecf":"2f786275-5f59-44ab-8314-8cb077dd1de5"},{"element-6066-11e4-a52e-4f735466cecf":"7a59d25b-7a25-4c6d-9336-626fd23afa67"},{"element-6066-11e4-a52e-4f735466cecf":"49e366fe-e44e-469c-8afc-a4c5fbe42deb"},{"element-6066-11e4-a52e-4f735466cecf":"42a4d1b1-78d2-4df8-a8e0-71f45414f0b7"},{"element-6066-11e4-a52e-4f735466cecf":"44eebfba-6725-40e2-bf04-eb8d7a545309"},{"element-6066-11e4-a52e-4f735466cecf":"664f6a26-f180-463b-b481-1445ab54b497"},{"element-6066-11e4-a52e-4f735466cecf":"e5785310-eac4-432c-82de-c58082bf4b34"},{"element-6066-11e4-a52e-4f735466cecf":"5fb73e09-5720-497f-9470-ad2909da1c7c"},{"element-6066-11e4-a52e-4f735466cecf":"313b72f0-4aa9-43e7-8832-844c3db040fa"},{"element-6066-11e4-a52e-4f735466cecf":"fd8df459-68c0-43a9-b5b1-8b551c3636d3"},{"element-6066-11e4-a52e-4f735466cecf":"be1e7a68-99e6-4cf6-8676-a4e884c0d6ad"},{"element-6066-11e4-a52e-4f735466cecf":"443ba082-d179-4dd6-8d11-a78f0557a80e"},{"element-6066-11e4-a52e-4f735466cecf":"2a07bfe3-64cc-4887-9986-e2eb2a53e4f3"},{"element-6066-11e4-a52e-4f735466cecf":"a256a38e-bdd3-4a28-8b4a-0353f4f5fb31"},{"element-6066-11e4-a52e-4f735466cecf":"f523efce-f7b7-44b4-a6a1-c3b605e98a5e"},{"element-6066-11e4-a52e-4f735466cecf":"dfce1d9b-0c4e-451c-9385-8bddfcccaa71"},{"element-6066-11e4-a52e-4f735466cecf":"5d405c4b-e5e6-4003-b6ea-d89fd757dd37"},{"element-6066-11e4-a52e-4f735466cecf":"e854d736-c24d-4c84-ac7a-820e399ead8a"},{"element-6066-11e4-a52e-4f735466cecf":"d2add18f-a3b9-4686-a1ea-c504486cbc27"},{"element-6066-11e4-a52e-4f735466cecf":"b678c1e1-fb0d-4d4c-a87c-53c4ab57c030"},{"element-6066-11e4-a52e-4f735466cecf":"e9c1f384-0e89-4645-a92e-256a579d8d5d"},{"element-6066-11e4-a52e-4f735466cecf":"49a92f6c-0d77-4ad5-8f98-52dbc2f92ed0"},{"element-6066-11e4-a52e-4f735466cecf":"56de0402-224a-40dc-8888-826240987b7c"},{"element-6066-11e4-a52e-4f735466cecf":"f3063574-dc25-43bf-a039-3020a11fd4a0"},{"element-6066-11e4-a52e-4f735466cecf":"411758ad-7545-4899-bfeb-100eb6a0e20b"},{"element-6066-11e4-a52e-4f735466cecf":"85f7d167-5988-4f95-b4fb-3719ce561860"},{"element-6066-11e4-a52e-4f735466cecf":"c1dabce6-7ef4-4064-bcc5-a6828db1f957"},{"element-6066-11e4-a52e-4f735466cecf":"3d294350-fc3f-4819-b3e5-08248dc65207"},{"element-6066-11e4-a52e-4f735466cecf":"c3a419a4-78c1-4e6e-a363-45f294493941"},{"element-6066-11e4-a52e-4f735466cecf":"d5d53796-79e2-4a6a-b9c6-b496508e9f01"},{"element-6066-11e4-a52e-4f735466cecf":"05840ba5-cb33-4fbb-8f15-f4aaf572ced0"},{"element-6066-11e4-a52e-4f735466cecf":"8df9dc33-e573-47a3-a2f0-3a6110bbec3a"},{"element-6066-11e4-a52e-4f735466cecf":"e6cb4f6b-c478-4ce2-85d0-9a231e4bd27c"},{"element-6066-11e4-a52e-4f735466cecf":"65bbe2f7-797d-47ff-9b74-3a1deca08e07"},{"element-6066-11e4-a52e-4f735466cecf":"54c748cd-220c-4a86-a97c-fb3a21588612"},{"element-6066-11e4-a52e-4f735466cecf":"a038795a-a9c5-4ed6-8a03-b0800b8d1899"},{"element-6066-11e4-a52e-4f735466cecf":"62490e88-4542-43a7-80b9-de5909eda989"},{"element-6066-11e4-a52e-4f735466cecf":"b20a226f-2cec-4022-80f1-3adaa47ebebd"},{"element-6066-11e4-a52e-4f735466cecf":"ce1ba044-6536-421e-9a2d-fa96a9a40656"},{"element-6066-11e4-a52e-4f735466cecf":"967bb113-e825-4e1e-a4c8-7ee7d715e1df"},{"element-6066-11e4-a52e-4f735466cecf":"094e2c6b-4b49-4f99-b62b-52113d445c82"},{"element-6066-11e4-a52e-4f735466cecf":"ab87560e-528b-48e9-9e96-04dce6106e51"},{"element-6066-11e4-a52e-4f735466cecf":"3abf7ffa-e3c3-45d1-b6e9-887cd74455c8"},{"element-6066-11e4-a52e-4f735466cecf":"0314e7ea-50a0-4485-94e6-5e89cbf23de1"},{"element-6066-11e4-a52e-4f735466cecf":"8c019e45-6834-4d21-a37c-e9c43b5bb37b"},{"element-6066-11e4-a52e-4f735466cecf":"3bab6cb5-d941-4229-b6af-4792466d0d3b"},{"element-6066-11e4-a52e-4f735466cecf":"ac48184f-e6a2-43be-87b5-6550406461ef"},{"element-6066-11e4-a52e-4f735466cecf":"ca99c2ff-a22d-42ce-a9e1-8837c84da727"},{"element-6066-11e4-a52e-4f735466cecf":"cc2c4078-acae-4bac-b8d5-6b4803fb7d3f"},{"element-6066-11e4-a52e-4f735466cecf":"65be3739-1438-4671-81be-fb7cd45a8e02"},{"element-6066-11e4-a52e-4f735466cecf":"3ad86588-5baf-406e-b3bf-79e08c0145d6"},{"element-6066-11e4-a52e-4f735466cecf":"e222e867-7953-40e0-ba31-fe4080cd9d60"},{"element-6066-11e4-a52e-4f735466cecf":"5c20a29f-d7d6-4149-87e0-62b92acc6ef2"},{"element-6066-11e4-a52e-4f735466cecf":"8563a3a6-92ea-4208-8c21-3dadeee504e8"},{"element-6066-11e4-a52e-4f735466cecf":"37236aa3-79e8-4b6c-bd4f-9e85ba8ed2a4"},{"element-6066-11e4-a52e-4f735466cecf":"1ce26de4-3d8f-4701-8764-d443cc9dba46"},{"element-6066-11e4-a52e-4f735466cecf":"0948735a-73cf-49b8-b1b5-d9f3d98be079"},{"element-6066-11e4-a52e-4f735466cecf":"75037842-368e-48f1-b9ad-429fab06e973"},{"element-6066-11e4-a52e-4f735466cecf":"8b9fc1af-5504-4ce1-bcae-b48e67e7decb"},{"element-6066-11e4-a52e-4f735466cecf":"3d911e40-05f9-42e1-bff1-462201e3a9de"},{"element-6066-11e4-a52e-4f735466cecf":"60346385-290a-4ef8-824a-e829ca8c183a"},{"element-6066-11e4-a52e-4f735466cecf":"d998d1f2-907a-4ddb-a388-88c8d8344580"},{"element-6066-11e4-a52e-4f735466cecf":"1b3f6ced-0345-49e5-9b97-bd3c3a2e0ba5"},{"element-6066-11e4-a52e-4f735466cecf":"4d139037-15d0-4e9b-bfa8-d93fd9e9fb0b"},{"element-6066-11e4-a52e-4f735466cecf":"72737908-7a68-4fbf-8ac6-b83349cb586a"},{"element-6066-11e4-a52e-4f735466cecf":"ea952844-0654-4744-a10e-15cf8576ae72"},{"element-6066-11e4-a52e-4f735466cecf":"44c4a8d0-514e-44a3-9ee8-4a46bedaa892"},{"element-6066-11e4-a52e-4f735466cecf":"f10cb086-8deb-4468-9ea3-ed8c4fcba2c6"},{"element-6066-11e4-a52e-4f735466cecf":"2c1f0094-b954-4a45-88ae-ba1a6fcf3402"},{"element-6066-11e4-a52e-4f735466cecf":"6c54b4d1-9a07-4f88-884d-1eab76915528"},{"element-6066-11e4-a52e-4f735466cecf":"82d8bd91-1982-4c48-8279-51e9ee06294a"},{"element-6066-11e4-a52e-4f735466cecf":"b2fbae25-3f30-4324-90ee-0ea9af85dd25"},{"element-6066-11e4-a52e-4f735466cecf":"8fcc1d0e-d060-42ed-8d55-4662d8f8cacd"},{"element-6066-11e4-a52e-4f735466cecf":"15432752-054d-4443-be01-db319d403a95"},{"element-6066-11e4-a52e-4f735466cecf":"90d49abd-cb33-4e83-87ac-f3e53c4b1a3b"},{"element-6066-11e4-a52e-4f735466cecf":"b9a0ce15-67cd-40b6-ad35-a30f9c9a2b42"},{"element-6066-11e4-a52e-4f735466cecf":"dccc4bf3-e81f-4764-8bbd-44630dc51bb4"},{"element-6066-11e4-a52e-4f735466cecf":"2e7f3fd4-7447-465b-8005-5ab342fea3da"},{"element-6066-11e4-a52e-4f735466cecf":"7d80640a-b31b-48fa-85ad-1096969333c5"},{"element-6066-11e4-a52e-4f735466cecf":"c9a9f99c-2a52-49c9-bc66-a59e516c366d"},{"element-6066-11e4-a52e-4f735466cecf":"e91b41eb-0ae7-43dc-bb70-6f344c734ad8"},{"element-6066-11e4-a52e-4f735466cecf":"85f23ef8-3e8d-42c8-9a74-ed69978a5802"},{"element-6066-11e4-a52e-4f735466cecf":"c2899521-a198-44bf-a89c-481ec262f1db"},{"element-6066-11e4-a52e-4f735466cecf":"1320464c-2883-4a61-a051-36e702da8493"},{"element-6066-11e4-a52e-4f735466cecf":"c8db0c50-28c7-4c79-a88c-d17c18bf07c1"},{"element-6066-11e4-a52e-4f735466cecf":"8b561310-d035-40c7-9af8-1fb4dbea57cb"},{"element-6066-11e4-a52e-4f735466cecf":"6d1df6c9-78c6-4b94-96c3-c7d681d1ac7e"},{"element-6066-11e4-a52e-4f735466cecf":"f8e15e17-ca38-44de-a5fa-692c590a30ec"},{"element-6066-11e4-a52e-4f735466cecf":"040605c4-492e-4644-ba66-80795fa7029b"},{"element-6066-11e4-a52e-4f735466cecf":"c40bd7e4-a4d4-4374-8bfb-e7ea397559f9"},{"element-6066-11e4-a52e-4f735466cecf":"142ed0ad-326c-49a6-a86c-deabfda080b1"},{"element-6066-11e4-a52e-4f735466cecf":"83eb148c-6489-46e4-9db6-e7229ae59f99"},{"element-6066-11e4-a52e-4f735466cecf":"ade71ff4-d735-4c88-9423-0897d0e684e0"},{"element-6066-11e4-a52e-4f735466cecf":"099012e3-b483-48b5-81be-e17eed1e508c"},{"element-6066-11e4-a52e-4f735466cecf":"74c27824-4149-456c-bfa7-f427f1b3b40b"},{"element-6066-11e4-a52e-4f735466cecf":"5ac45e53-6b73-435a-b7f3-894b58ee7be2"},{"element-6066-11e4-a52e-4f735466cecf":"98b9e9d0-1202-40f8-85cd-fd28a64d567d"},{"element-6066-11e4-a52e-4f735466cecf":"9ebb73a7-07cc-4b95-a628-d08e7e64a2d3"},{"element-6066-11e4-a52e-4f735466cecf":"f954f2ab-6aee-470a-b0cc-f919bb9df17e"},{"element-6066-11e4-a52e-4f735466cecf":"8f4015da-56d9-4699-b46c-5831ee05ef50"},{"element-6066-11e4-a52e-4f735466cecf":"a7f3fa49-a9fb-4b83-a68d-ab7d77992247"},{"element-6066-11e4-a52e-4f735466cecf":"e9490a1e-9616-4a2b-b8eb-4f7e01698e58"},{"element-6066-11e4-a52e-4f735466cecf":"a7442a8d-4ffd-47b8-ab44-a137cfc5e9e9"},{"element-6066-11e4-a52e-4f735466cecf":"5f2c32ce-dc2d-4ccd-aa3f-d7a8acbc4851"},{"element-6066-11e4-a52e-4f735466cecf":"41a09736-9b3a-4e47-a00e-4d3976b76085"},{"element-6066-11e4-a52e-4f735466cecf":"e8f78932-03a2-42e8-9c91-1866e3abda37"},{"element-6066-11e4-a52e-4f735466cecf":"d19bd554-ddf0-4303-9d73-27ffa259a5bb"},{"element-6066-11e4-a52e-4f735466cecf":"f19b950a-7307-4343-935e-99dd14b23438"},{"element-6066-11e4-a52e-4f735466cecf":"703fa052-ab3f-4e10-8dc3-676b70ece8aa"},{"element-6066-11e4-a52e-4f735466cecf":"66cc6ec5-a3cb-4603-a568-ae5f43577db3"},{"element-6066-11e4-a52e-4f735466cecf":"2ef10f0e-4b83-4d28-a461-7e530d7cea9c"},{"element-6066-11e4-a52e-4f735466cecf":"faf0d171-ab77-42d0-ac9f-cbcb07dc94e3"},{"element-6066-11e4-a52e-4f735466cecf":"6cacc197-6a07-4093-b1d0-2a124f0a689d"},{"element-6066-11e4-a52e-4f735466cecf":"d4887ec1-b0fe-411b-b8ca-8d21f15a6bb4"},{"element-6066-11e4-a52e-4f735466cecf":"c149bc07-9306-483b-830c-83c07b09c21b"},{"element-6066-11e4-a52e-4f735466cecf":"e7531094-5d98-4b0b-8176-cdbbc700ca67"},{"element-6066-11e4-a52e-4f735466cecf":"8a37602b-d34a-4ead-97ed-9d1f8a9328f5"},{"element-6066-11e4-a52e-4f735466cecf":"49dc3ba1-1ca3-450e-968c-0bdfd5e02c57"},{"element-6066-11e4-a52e-4f735466cecf":"d54b4b24-acd2-45b6-879a-7fda224e9c51"},{"element-6066-11e4-a52e-4f735466cecf":"2e087c15-1f9c-48ab-9d1b-c221e1c19ebb"},{"element-6066-11e4-a52e-4f735466cecf":"55e0578f-78a9-4e3a-9e93-addfb2257df0"},{"element-6066-11e4-a52e-4f735466cecf":"848deb5b-54ac-46a9-b085-97f19d2665fe"},{"element-6066-11e4-a52e-4f735466cecf":"931701cf-ffcd-4f7b-b1b8-1f26a9b942e6"},{"element-6066-11e4-a52e-4f735466cecf":"d06c3b45-94a9-403d-9799-3b524ac7118f"},{"element-6066-11e4-a52e-4f735466cecf":"9202d3cc-3de6-4ede-9fa2-d85ece040a7f"},{"element-6066-11e4-a52e-4f735466cecf":"eb636e6b-07aa-40d5-902c-61f37a3f42c1"},{"element-6066-11e4-a52e-4f735466cecf":"bbe29add-670f-4b37-a51c-b6e98c7d3bf4"},{"element-6066-11e4-a52e-4f735466cecf":"56233a68-656d-4bfd-92d7-e127261f4777"},{"element-6066-11e4-a52e-4f735466cecf":"3c07da56-9ecf-4164-b3c8-89411ca65a4e"},{"element-6066-11e4-a52e-4f735466cecf":"ad474c64-cee5-471d-ad4a-26233c9f153e"},{"element-6066-11e4-a52e-4f735466cecf":"b72bf618-a6d8-4dc9-88b4-f1f226b35ff8"},{"element-6066-11e4-a52e-4f735466cecf":"da158192-6284-4464-a595-ccbfaecaa5b5"},{"element-6066-11e4-a52e-4f735466cecf":"fb1d9c02-12ad-4685-8b1b-634ceebcd531"},{"element-6066-11e4-a52e-4f735466cecf":"e55495c1-b064-4475-aa7f-b9ec0ff13f75"},{"element-6066-11e4-a52e-4f735466cecf":"9cd7894a-c737-4259-8e5b-350ddce1e2fe"},{"element-6066-11e4-a52e-4f735466cecf":"19b9d896-498b-4807-b2d3-fe7ec473796e"},{"element-6066-11e4-a52e-4f735466cecf":"77c3779d-4cbb-4187-b5b4-b672886d2050"},{"element-6066-11e4-a52e-4f735466cecf":"a080510d-7f75-4bed-9c7c-98479ba2e2bc"},{"element-6066-11e4-a52e-4f735466cecf":"771223f0-9db5-4a84-978f-bde93708dc3d"},{"element-6066-11e4-a52e-4f735466cecf":"27b83853-b044-4c42-8437-a946dc18e5b6"},{"element-6066-11e4-a52e-4f735466cecf":"de384fa8-c07d-4a30-8389-68a7e508fd2a"},{"element-6066-11e4-a52e-4f735466cecf":"09f7f465-54f3-41b3-8256-01a572e9aa47"},{"element-6066-11e4-a52e-4f735466cecf":"67f95c3f-d950-470f-9880-2ee0c1d66648"},{"element-6066-11e4-a52e-4f735466cecf":"91439156-30b6-4b43-9452-2f1f567f64b9"},{"element-6066-11e4-a52e-4f735466cecf":"58c6db21-4632-4336-800f-8d13e1b60401"},{"element-6066-11e4-a52e-4f735466cecf":"c5239e24-0848-4e70-8214-78bde90f4130"},{"element-6066-11e4-a52e-4f735466cecf":"c70a8b6d-b6bc-412b-bc4e-b0f2c7ef6573"},{"element-6066-11e4-a52e-4f735466cecf":"b5885258-f541-4b7e-897e-76bb2f8d5141"},{"element-6066-11e4-a52e-4f735466cecf":"afdc4891-6165-4178-9b16-b0df3072ee59"},{"element-6066-11e4-a52e-4f735466cecf":"b144619f-134c-45f7-9237-e87268ad22ad"},{"element-6066-11e4-a52e-4f735466cecf":"87cacb7d-5e6c-4152-a531-0f946b53489c"},{"element-6066-11e4-a52e-4f735466cecf":"5c3ba65a-ae81-482d-b6f0-3bee0cca4519"},{"element-6066-11e4-a52e-4f735466cecf":"2d6de638-a6f0-4fa8-9861-4e7bb2bb0613"},{"element-6066-11e4-a52e-4f735466cecf":"fbe2140c-aaac-48b3-90b8-0e6bec50cd9a"},{"element-6066-11e4-a52e-4f735466cecf":"ad3d7ca0-d77b-45cd-aded-606c7b24dc60"},{"element-6066-11e4-a52e-4f735466cecf":"fc3b888e-1ac3-4b6f-aa76-0da7a50e9d80"},{"element-6066-11e4-a52e-4f735466cecf":"e7568254-29c3-44b6-9290-a1aaf137cc03"},{"element-6066-11e4-a52e-4f735466cecf":"95557377-57a9-4251-87b2-765a097cae48"},{"element-6066-11e4-a52e-4f735466cecf":"9ec1f4a8-7b83-44c3-843d-b79b22d69bb4"},{"element-6066-11e4-a52e-4f735466cecf":"342f48d4-c874-4ecc-8e78-4d2bc7c8d64e"},{"element-6066-11e4-a52e-4f735466cecf":"f0ff85f1-e256-45ae-ab48-fca4494d7ff8"},{"element-6066-11e4-a52e-4f735466cecf":"524c5527-ca59-47a4-9e76-53406b80abae"},{"element-6066-11e4-a52e-4f735466cecf":"ebb54b89-4548-404c-9031-ce88e422f043"},{"element-6066-11e4-a52e-4f735466cecf":"b515c72d-80e2-48be-84e5-50a56696f17b"},{"element-6066-11e4-a52e-4f735466cecf":"9402ee15-37f9-43e4-a306-bcc3379bd345"},{"element-6066-11e4-a52e-4f735466cecf":"40ee7e58-c2fa-483b-9beb-e9af371878f7"},{"element-6066-11e4-a52e-4f735466cecf":"13f389b9-c24f-4261-b910-44244ea08ce7"},{"element-6066-11e4-a52e-4f735466cecf":"2dbc45ca-2b3e-4787-8100-919aa41799a7"},{"element-6066-11e4-a52e-4f735466cecf":"c22a1871-7977-4909-9d1d-3f5d8d584181"},{"element-6066-11e4-a52e-4f735466cecf":"e59d3227-b5fd-4de7-ac00-5f97b61c0858"},{"element-6066-11e4-a52e-4f735466cecf":"1f1e51b5-f9fa-435e-a241-c4101f7b7d07"},{"element-6066-11e4-a52e-4f735466cecf":"852125f5-b28e-41a6-9d62-2efebd8d6c6d"},{"element-6066-11e4-a52e-4f735466cecf":"53a6f7e1-2ba4-499c-9681-05a569b7467f"},{"element-6066-11e4-a52e-4f735466cecf":"295fc326-8ab8-4924-b4f7-8e66eaae5b94"},{"element-6066-11e4-a52e-4f735466cecf":"8fa91a5a-8632-44e8-8aa6-bc86633d8067"},{"element-6066-11e4-a52e-4f735466cecf":"7408d8c8-97f7-4383-bc6e-639a8a3f04cf"},{"element-6066-11e4-a52e-4f735466cecf":"0332433c-ce91-4f51-ab0b-5f523530867a"},{"element-6066-11e4-a52e-4f735466cecf":"b801de97-a93c-4c56-9a42-f1304d8f95e1"},{"element-6066-11e4-a52e-4f735466cecf":"3deb74ee-afbb-4d47-80b1-9834b31e1c96"},{"element-6066-11e4-a52e-4f735466cecf":"73e7ecfa-3d8a-4dca-acaa-051ad3c3cbfa"},{"element-6066-11e4-a52e-4f735466cecf":"1007fc21-e9c3-4b41-a4c9-6a8fb360bd83"},{"element-6066-11e4-a52e-4f735466cecf":"b3be866c-d551-4592-b604-72778ab35eca"},{"element-6066-11e4-a52e-4f735466cecf":"f5c698df-4656-4ba9-86f8-bc4a4e329e31"},{"element-6066-11e4-a52e-4f735466cecf":"05d0f86c-04a9-476b-b0e9-13cafcc01a05"},{"element-6066-11e4-a52e-4f735466cecf":"a77c8ffc-2dd4-4cd6-9b30-296f00e0f5f7"},{"element-6066-11e4-a52e-4f735466cecf":"4bb457e7-879e-4706-ac08-15e28327bae4"},{"element-6066-11e4-a52e-4f735466cecf":"fbf71271-13bf-4904-9224-279f4b8561dc"},{"element-6066-11e4-a52e-4f735466cecf":"90376b05-c478-48bc-b933-58f9aeb55efc"},{"element-6066-11e4-a52e-4f735466cecf":"6792cb79-9a0a-403c-81f4-7325a0cbd063"},{"element-6066-11e4-a52e-4f735466cecf":"d7cceb6c-8c69-4909-ad19-b9bc834117cd"},{"element-6066-11e4-a52e-4f735466cecf":"058fb720-27eb-4664-a48a-e7411c30e5d6"},{"element-6066-11e4-a52e-4f735466cecf":"e277d709-b797-49a4-b7f2-da781f8b6b35"},{"element-6066-11e4-a52e-4f735466cecf":"9f3f5b50-b74e-4ef5-aa62-b9deceace2ed"},{"element-6066-11e4-a52e-4f735466cecf":"e9213c78-42ab-4a09-b3a9-2d86b2b519bc"},{"element-6066-11e4-a52e-4f735466cecf":"711d84e2-00a3-4e34-8637-dbe48c31ba9c"},{"element-6066-11e4-a52e-4f735466cecf":"a6b88577-0b1c-4683-9616-9bc8f14815ab"},{"element-6066-11e4-a52e-4f735466cecf":"50d4df6a-5308-47b6-b2ec-bc5480ac8096"},{"element-6066-11e4-a52e-4f735466cecf":"601de4ec-04fc-4471-9ba5-d7d5e7601ac5"},{"element-6066-11e4-a52e-4f735466cecf":"40724697-5e05-4cd9-a9b6-f62e28f2453f"},{"element-6066-11e4-a52e-4f735466cecf":"c9d6f671-cc7e-48e0-8708-c0461124cd3b"},{"element-6066-11e4-a52e-4f735466cecf":"c8fa9a6e-f7e5-4772-a8ed-c3833f86cd98"},{"element-6066-11e4-a52e-4f735466cecf":"47b9fb4d-0961-4a58-acf3-2de5a47123c3"},{"element-6066-11e4-a52e-4f735466cecf":"712a630f-3a0e-424a-a66c-0d65a22dd14c"},{"element-6066-11e4-a52e-4f735466cecf":"0288eb6b-f046-4eb5-90dd-e7bdb4972d5a"},{"element-6066-11e4-a52e-4f735466cecf":"d35dc505-a102-4bfc-b175-24b4181b032f"},{"element-6066-11e4-a52e-4f735466cecf":"5407ef50-0d37-49e5-ae09-bbbeb2dbd331"},{"element-6066-11e4-a52e-4f735466cecf":"07c2d74b-20b5-4053-9d86-076f0d64cbcf"},{"element-6066-11e4-a52e-4f735466cecf":"b5db63be-0957-418c-930e-2e70950e8372"},{"element-6066-11e4-a52e-4f735466cecf":"8feb3c82-5cee-45e0-8e8e-f3f737cffa1c"},{"element-6066-11e4-a52e-4f735466cecf":"381a8b45-76e2-4cdf-8562-504a85d0a9b3"},{"element-6066-11e4-a52e-4f735466cecf":"69c02ff8-2378-42ce-9ac6-402054baa21c"},{"element-6066-11e4-a52e-4f735466cecf":"1c1d548a-4071-4458-8edc-cec31450042d"},{"element-6066-11e4-a52e-4f735466cecf":"682913d5-3720-4baa-804e-8d28253807b0"},{"element-6066-11e4-a52e-4f735466cecf":"6e09c305-06b4-460b-8531-f4bbd847d2f2"},{"element-6066-11e4-a52e-4f735466cecf":"f9bc9c20-ded7-4e82-a3b3-fbcca3aede34"},{"element-6066-11e4-a52e-4f735466cecf":"8ef32c4d-0dba-44ef-9546-393e4b37e265"},{"element-6066-11e4-a52e-4f735466cecf":"280b21d1-9cf5-4808-850f-daa37392f35a"},{"element-6066-11e4-a52e-4f735466cecf":"eb34129b-72b7-4d90-b7f5-46be47304b46"},{"element-6066-11e4-a52e-4f735466cecf":"89864d49-5e1f-42e2-b7af-8b39cf1246ca"},{"element-6066-11e4-a52e-4f735466cecf":"ac530f76-dfa0-43a6-b946-2f50da45cefe"},{"element-6066-11e4-a52e-4f735466cecf":"c62c4f78-0e66-4257-9575-fb5c8bef4344"},{"element-6066-11e4-a52e-4f735466cecf":"b40aee0f-acc3-44a9-88ee-00d84f0abd88"},{"element-6066-11e4-a52e-4f735466cecf":"aa6a42cf-cda2-42db-975e-b5193eff8dc3"},{"element-6066-11e4-a52e-4f735466cecf":"80ae622d-e632-44f8-bd8c-4cdfdbf7a561"},{"element-6066-11e4-a52e-4f735466cecf":"2e2f5662-a327-4249-92e2-5ff0b97a232f"},{"element-6066-11e4-a52e-4f735466cecf":"c9f92d23-fe40-4f28-8c60-e2d986401d92"},{"element-6066-11e4-a52e-4f735466cecf":"c0b29dd4-4be9-45ee-a2ee-58d93448432e"},{"element-6066-11e4-a52e-4f735466cecf":"c346c28d-07c0-4311-a8b9-dbaef7a606cd"},{"element-6066-11e4-a52e-4f735466cecf":"d53cfd30-c34d-4405-b063-83256944f9d6"},{"element-6066-11e4-a52e-4f735466cecf":"69ad9b7e-ce73-4391-bf81-e5ba2477c591"},{"element-6066-11e4-a52e-4f735466cecf":"9b200caf-6804-4c37-a212-e319ac41fbf7"},{"element-6066-11e4-a52e-4f735466cecf":"d2356212-4879-4777-a01d-8f593750ee43"},{"element-6066-11e4-a52e-4f735466cecf":"21ea00d3-3469-433d-82f7-be544c6ce1b7"},{"element-6066-11e4-a52e-4f735466cecf":"2e7ed48c-ea6e-4c9b-b41a-84f7f7c673af"},{"element-6066-11e4-a52e-4f735466cecf":"585eedf9-556b-4a6b-98e8-2e4216bd2d06"},{"element-6066-11e4-a52e-4f735466cecf":"e4019188-9286-4d8a-a31f-582b3b60d009"},{"element-6066-11e4-a52e-4f735466cecf":"7ef08930-abd9-4c57-b11c-c814e9a5ed51"},{"element-6066-11e4-a52e-4f735466cecf":"32dbc142-8c06-4329-baa8-2c99f232efba"},{"element-6066-11e4-a52e-4f735466cecf":"5270687d-ede6-452e-aa01-a618d3f4cc2a"},{"element-6066-11e4-a52e-4f735466cecf":"61791b04-f83e-4e9a-9cf6-9a81a1185cc7"},{"element-6066-11e4-a52e-4f735466cecf":"0bcd8cc9-2807-4485-ab88-01637e234619"},{"element-6066-11e4-a52e-4f735466cecf":"40000f90-e069-47d2-aed5-55978b64d916"},{"element-6066-11e4-a52e-4f735466cecf":"40c2cefb-09b6-4f6a-9fd5-7381ebc4b075"},{"element-6066-11e4-a52e-4f735466cecf":"67b20c89-da30-4541-8677-e89d8b44d356"},{"element-6066-11e4-a52e-4f735466cecf":"16f3a4fc-7715-41d6-a6a4-70191f9adb6e"},{"element-6066-11e4-a52e-4f735466cecf":"e9a4628d-785a-4e27-afac-a4db39ec7f5d"},{"element-6066-11e4-a52e-4f735466cecf":"39e01467-0df6-4fcc-a3d8-489885b08ccd"},{"element-6066-11e4-a52e-4f735466cecf":"a77be21c-e02b-4442-8ae1-43e14508b7b5"},{"element-6066-11e4-a52e-4f735466cecf":"073a5bc3-d63a-461e-ad63-78aa28083c3b"},{"element-6066-11e4-a52e-4f735466cecf":"9236a933-b172-488f-854a-b2b941d8aa1e"},{"element-6066-11e4-a52e-4f735466cecf":"e54fd082-f809-4677-b57f-dedbe3d09e57"},{"element-6066-11e4-a52e-4f735466cecf":"f3399512-235a-467f-8cda-fb18fe552fdf"},{"element-6066-11e4-a52e-4f735466cecf":"ae792ea8-b61a-431b-b75e-fabea0c79745"},{"element-6066-11e4-a52e-4f735466cecf":"3080dc4a-07d6-4a0d-a0bb-854b529bce94"},{"element-6066-11e4-a52e-4f735466cecf":"16394c4a-2cdf-4ee5-adf5-16325f05c1b5"},{"element-6066-11e4-a52e-4f735466cecf":"9aa2531a-6ac4-4aad-92dc-0d4c43d282d1"},{"element-6066-11e4-a52e-4f735466cecf":"ec0c8399-6568-4ec1-9ca0-b2403187ab2e"},{"element-6066-11e4-a52e-4f735466cecf":"7441f5e0-ecb4-4b11-ae96-beec529eadf6"},{"element-6066-11e4-a52e-4f735466cecf":"94ad95d4-e7cd-4608-a4dd-ee09d197ab1c"},{"element-6066-11e4-a52e-4f735466cecf":"e2c35723-ac45-4833-a101-0eafdf69fb51"},{"element-6066-11e4-a52e-4f735466cecf":"72f69f2e-5998-4efd-8835-5520859944b0"},{"element-6066-11e4-a52e-4f735466cecf":"64f22843-bbdd-4959-b4da-ee80cb3760a1"},{"element-6066-11e4-a52e-4f735466cecf":"24c0289f-1eca-46f9-b8dc-991f5a32d9e1"},{"element-6066-11e4-a52e-4f735466cecf":"a7100687-e365-4f9c-a194-681a8b89eed9"},{"element-6066-11e4-a52e-4f735466cecf":"083262f8-d241-4911-9edd-195186dd3a8c"},{"element-6066-11e4-a52e-4f735466cecf":"b1bc88fd-65de-4bca-a690-72fcaa1e200f"},{"element-6066-11e4-a52e-4f735466cecf":"71f3007a-1def-4e58-897b-a4ccf83c8554"},{"element-6066-11e4-a52e-4f735466cecf":"4d685fcc-42ab-4597-9ab0-ae937d2cd4d5"},{"element-6066-11e4-a52e-4f735466cecf":"fc345030-32a4-4952-be65-663a4a58f677"},{"element-6066-11e4-a52e-4f735466cecf":"a0c6d557-01f8-4e7c-96cc-9aad508f2303"},{"element-6066-11e4-a52e-4f735466cecf":"c1f16a13-38fa-4848-84b5-8647b775bbf8"},{"element-6066-11e4-a52e-4f735466cecf":"599f27d6-c2fb-48d1-aba1-7ce1d6ec8194"},{"element-6066-11e4-a52e-4f735466cecf":"af4dd3c4-720e-4ed9-9cdb-c9ed672357cf"},{"element-6066-11e4-a52e-4f735466cecf":"27927fdd-e6b5-40f7-a5c0-9013531393b7"},{"element-6066-11e4-a52e-4f735466cecf":"7f45ea00-6a72-4de5-88a2-195da27fd060"},{"element-6066-11e4-a52e-4f735466cecf":"f38e26f2-557c-4bdb-92f6-ee7c5ff363cd"},{"element-6066-11e4-a52e-4f735466cecf":"ed03fca0-407a-4ed1-8281-354131331570"},{"element-6066-11e4-a52e-4f735466cecf":"4a052e96-5cf5-4a24-82bd-f236ef35bfb4"},{"element-6066-11e4-a52e-4f735466cecf":"20590328-e7ee-4729-b18b-91180fd7baa2"},{"element-6066-11e4-a52e-4f735466cecf":"78f76738-c2ea-4283-9247-d544a5e90fba"},{"element-6066-11e4-a52e-4f735466cecf":"7d798e66-9637-4dd6-9977-21628f1b60bf"},{"element-6066-11e4-a52e-4f735466cecf":"f34f5f07-d0ec-433c-b792-a64832ba847f"},{"element-6066-11e4-a52e-4f735466cecf":"e0a3e86f-61d6-40da-98d3-3ed81385ce90"},{"element-6066-11e4-a52e-4f735466cecf":"6153e6ab-f669-4b21-adc1-e268e4415106"},{"element-6066-11e4-a52e-4f735466cecf":"c841ed7d-48f8-43be-83de-18d255e7772f"},{"element-6066-11e4-a52e-4f735466cecf":"e975e24e-bad8-490a-9e28-d613e783a11c"},{"element-6066-11e4-a52e-4f735466cecf":"db23f7de-a70b-4eea-b8f8-c7c90b07b27b"},{"element-6066-11e4-a52e-4f735466cecf":"6b33fcf5-51ac-42f2-80bb-70fd4c91d1ec"},{"element-6066-11e4-a52e-4f735466cecf":"6975b4c9-97f0-4590-8704-d9fdffd24e8b"},{"element-6066-11e4-a52e-4f735466cecf":"e38e2a61-fae8-434c-bd6e-ec4d4937ba12"},{"element-6066-11e4-a52e-4f735466cecf":"d1e274a4-c643-4036-b51b-03282bda1bed"},{"element-6066-11e4-a52e-4f735466cecf":"0cda046a-79dd-4241-8e17-e2310fab1f31"},{"element-6066-11e4-a52e-4f735466cecf":"7ebc6a5a-7db4-4b4f-8773-ed7f4d48c17a"},{"element-6066-11e4-a52e-4f735466cecf":"2a2c512c-342f-4122-b34f-d2918702955e"},{"element-6066-11e4-a52e-4f735466cecf":"1d560549-2d87-4550-8263-65ee77a8446e"},{"element-6066-11e4-a52e-4f735466cecf":"3eb8ad3d-2b16-4fd6-b024-7d908827f0bd"},{"element-6066-11e4-a52e-4f735466cecf":"e7a9cce0-68f8-4424-86d2-c3e164fd982e"},{"element-6066-11e4-a52e-4f735466cecf":"9fa461ed-9ab3-4be2-abb0-67663273a0ae"},{"element-6066-11e4-a52e-4f735466cecf":"a832dc6c-a22a-483f-821a-a9d71d60951a"},{"element-6066-11e4-a52e-4f735466cecf":"a481b937-8845-4210-86e5-f3e08b610058"},{"element-6066-11e4-a52e-4f735466cecf":"e9473b50-f998-4095-8259-30714cc0efc2"},{"element-6066-11e4-a52e-4f735466cecf":"442f611c-1e93-4980-8ebb-f7bf0fccb53c"},{"element-6066-11e4-a52e-4f735466cecf":"ac405e31-69cc-4e4c-a57e-1afa190d97c1"},{"element-6066-11e4-a52e-4f735466cecf":"d7a26b36-c990-465a-bdfa-46ce1cc36788"},{"element-6066-11e4-a52e-4f735466cecf":"0c2256bb-ecb0-4a07-b2c9-93d7a8a2d988"},{"element-6066-11e4-a52e-4f735466cecf":"35639951-11eb-4cfc-902c-9956a01c8603"},{"element-6066-11e4-a52e-4f735466cecf":"bed5f781-1efd-42a5-9f45-7d5f14fa55b6"},{"element-6066-11e4-a52e-4f735466cecf":"98b1b8dd-aba3-4d8e-90b6-291197d7109e"},{"element-6066-11e4-a52e-4f735466cecf":"711b321d-eaf7-480a-a223-0f4c13b135b8"},{"element-6066-11e4-a52e-4f735466cecf":"1df59ac8-5523-420c-80be-be656d0853bb"},{"element-6066-11e4-a52e-4f735466cecf":"cde91724-7387-42c1-b6a5-d7d27d76de44"},{"element-6066-11e4-a52e-4f735466cecf":"9ed6f5a9-1267-4eb1-8adb-1829bce25def"},{"element-6066-11e4-a52e-4f735466cecf":"08a6e202-7cf9-43b3-9dff-23ae66cd0f83"},{"element-6066-11e4-a52e-4f735466cecf":"fc85dbca-e4bf-4dfb-860d-89b16d1650ed"},{"element-6066-11e4-a52e-4f735466cecf":"bd60e8aa-6bb9-47b5-a275-391f3b35ad93"},{"element-6066-11e4-a52e-4f735466cecf":"37f46678-62f4-457e-a2a1-4537fbe9bef4"},{"element-6066-11e4-a52e-4f735466cecf":"e1b24b9e-a3e8-43ed-9df6-133fa07f26bf"},{"element-6066-11e4-a52e-4f735466cecf":"2dec2f6f-aeaa-49d8-a1c1-a3435b611dcd"},{"element-6066-11e4-a52e-4f735466cecf":"16dcb563-e047-4e53-be8d-13bf493d8c3b"},{"element-6066-11e4-a52e-4f735466cecf":"0fa1f463-ed88-45f5-ba4a-8150a4f5dff1"},{"element-6066-11e4-a52e-4f735466cecf":"9524e003-19d1-48f7-9dbc-848699603326"},{"element-6066-11e4-a52e-4f735466cecf":"0a0711ad-31a0-4d46-9247-d96fdbdd3587"},{"element-6066-11e4-a52e-4f735466cecf":"f48d835b-a52b-4c44-8ce5-7cba2da73c95"},{"element-6066-11e4-a52e-4f735466cecf":"0a01aa1a-a335-4d06-be09-5eed34b3d3b5"},{"element-6066-11e4-a52e-4f735466cecf":"ae8d8f8e-86a6-4105-8086-c32166444fc1"},{"element-6066-11e4-a52e-4f735466cecf":"263b4032-d3c9-44a6-ac0e-c6fb11e8a670"},{"element-6066-11e4-a52e-4f735466cecf":"ffb7d5fd-9abd-474a-af93-8ce445ffbe8d"},{"element-6066-11e4-a52e-4f735466cecf":"f09e708e-9434-4bfb-bc51-a3eb98e0254e"},{"element-6066-11e4-a52e-4f735466cecf":"8501b362-61f3-47ea-be9d-d1db3e7b4c8c"},{"element-6066-11e4-a52e-4f735466cecf":"94b10c6e-62b6-4dbb-9787-2923519e0705"},{"element-6066-11e4-a52e-4f735466cecf":"f648c88d-ea00-4a2a-af09-6b7654a9769f"},{"element-6066-11e4-a52e-4f735466cecf":"0bcf14ec-1db9-4994-8e90-bf89ae6dc6d8"},{"element-6066-11e4-a52e-4f735466cecf":"70f88918-6561-49d4-b836-58353b413914"},{"element-6066-11e4-a52e-4f735466cecf":"779a4b54-dd02-487e-9d6b-2bb137744a67"},{"element-6066-11e4-a52e-4f735466cecf":"44144f74-95e6-4962-a5ef-63da36878bb1"},{"element-6066-11e4-a52e-4f735466cecf":"067d1bc2-2fa2-482f-9d46-00c5cb646440"},{"element-6066-11e4-a52e-4f735466cecf":"47cca86b-59fd-4727-9c8e-d797fbdd24c2"},{"element-6066-11e4-a52e-4f735466cecf":"bf9cd5f4-e87d-496c-97ab-f22fd4a3caff"},{"element-6066-11e4-a52e-4f735466cecf":"33ea40c3-6019-41d2-a9eb-104ea1c63146"},{"element-6066-11e4-a52e-4f735466cecf":"5a73e01a-8681-43bf-b171-ae6f811c9297"},{"element-6066-11e4-a52e-4f735466cecf":"57a11053-6908-4ee3-853d-e9157f9082c4"},{"element-6066-11e4-a52e-4f735466cecf":"ef5a6861-9089-4f6b-86a9-f3cc0ef2fd9e"},{"element-6066-11e4-a52e-4f735466cecf":"f8a1f832-3e3c-4489-acd3-102b56131e17"},{"element-6066-11e4-a52e-4f735466cecf":"b8622ce8-f4dd-40aa-999d-b5e0ddf41b2d"},{"element-6066-11e4-a52e-4f735466cecf":"b2e4336a-4161-4155-9b88-e448b402c231"},{"element-6066-11e4-a52e-4f735466cecf":"743608a1-b826-412f-bbe0-d523105cdad8"},{"element-6066-11e4-a52e-4f735466cecf":"c4528dbc-1759-4058-8796-4966128e974b"},{"element-6066-11e4-a52e-4f735466cecf":"25427577-5bec-4b45-9c31-afe00e884165"},{"element-6066-11e4-a52e-4f735466cecf":"869ccc40-5987-45c0-bfa0-394f0e6598ea"},{"element-6066-11e4-a52e-4f735466cecf":"7185a241-726d-436d-893e-7570f7e3abf3"},{"element-6066-11e4-a52e-4f735466cecf":"0b9d9bd5-2730-41b3-ace6-6190522b5542"},{"element-6066-11e4-a52e-4f735466cecf":"3cc72ae5-3732-40e1-ad8b-f4dcf8c8a735"},{"element-6066-11e4-a52e-4f735466cecf":"48e8c2c9-693c-4a8a-a0a6-87c147032d26"},{"element-6066-11e4-a52e-4f735466cecf":"03fa937b-2362-4948-a914-7ee646b88e7a"},{"element-6066-11e4-a52e-4f735466cecf":"59611bcf-9e3f-49b2-928b-9fd095bb3d2a"},{"element-6066-11e4-a52e-4f735466cecf":"b833f99b-8d4f-4236-b2bd-e0d420ceafd3"},{"element-6066-11e4-a52e-4f735466cecf":"78e9471f-14ad-42ad-a0a8-60b873880e3d"},{"element-6066-11e4-a52e-4f735466cecf":"8b222ab9-d449-4b6e-9936-4769e7b8da5b"},{"element-6066-11e4-a52e-4f735466cecf":"5ef1c131-3cad-4999-b4b4-46d6bad1a041"},{"element-6066-11e4-a52e-4f735466cecf":"d79f6fa0-b91c-4018-a8bd-89e89ad71b7b"},{"element-6066-11e4-a52e-4f735466cecf":"b0a9e4dc-e242-47a4-807f-8a632d7178cf"},{"element-6066-11e4-a52e-4f735466cecf":"e0e7036d-99b6-44d3-873c-2d953fbeebc0"},{"element-6066-11e4-a52e-4f735466cecf":"56d1a008-7775-4a28-b331-6d79ae12acfe"},{"element-6066-11e4-a52e-4f735466cecf":"757bb3c9-d8a4-498e-8df0-7254d0c4e426"},{"element-6066-11e4-a52e-4f735466cecf":"4acfd26e-e942-4f47-8129-ce6e9de1cc4e"},{"element-6066-11e4-a52e-4f735466cecf":"c551dc96-6e29-42cf-a678-2d1dbc7a1ade"},{"element-6066-11e4-a52e-4f735466cecf":"90098c49-5a65-4870-bc4f-71cba23b72b9"},{"element-6066-11e4-a52e-4f735466cecf":"a914eaaf-7db9-4229-abfd-b3b92b2a4e27"},{"element-6066-11e4-a52e-4f735466cecf":"71454db0-6684-4c13-885a-afe65ce7655b"},{"element-6066-11e4-a52e-4f735466cecf":"0e35f76f-5219-4fd6-aa3e-fc2b970d0477"},{"element-6066-11e4-a52e-4f735466cecf":"27f469ad-4e3b-406b-9b6b-1da7687595b8"},{"element-6066-11e4-a52e-4f735466cecf":"666bcb74-d6c2-4c8b-9177-4a4be57ef62d"},{"element-6066-11e4-a52e-4f735466cecf":"298f06aa-c71d-4036-9e60-1e8a343354a9"},{"element-6066-11e4-a52e-4f735466cecf":"4c494d52-dff2-449c-bc51-950feb7e6dba"},{"element-6066-11e4-a52e-4f735466cecf":"973575af-a765-48bd-9871-1dd645b6c3c7"},{"element-6066-11e4-a52e-4f735466cecf":"72e28502-015a-4f27-8e63-01091a2015c6"},{"element-6066-11e4-a52e-4f735466cecf":"b9a581f9-5128-451c-81bc-29ee39b6390c"},{"element-6066-11e4-a52e-4f735466cecf":"7d8e1c40-cf3e-4aa9-960c-042385299db7"},{"element-6066-11e4-a52e-4f735466cecf":"49165345-9da0-40b0-9c6d-e52572007028"},{"element-6066-11e4-a52e-4f735466cecf":"cc229454-2e17-49a2-9b89-9db547827511"},{"element-6066-11e4-a52e-4f735466cecf":"2c4b5302-3a84-4fe5-a972-81f94f75a217"},{"element-6066-11e4-a52e-4f735466cecf":"11bb722c-87f5-4a69-8d2b-691ef6f8775b"},{"element-6066-11e4-a52e-4f735466cecf":"3e1186cc-e598-458f-8d2f-61014257b509"},{"element-6066-11e4-a52e-4f735466cecf":"9df596ab-7e13-469f-8abd-d49a75f0cec0"},{"element-6066-11e4-a52e-4f735466cecf":"f2ad0282-5ea4-473f-a569-0d233d796108"},{"element-6066-11e4-a52e-4f735466cecf":"2cfc2ec4-9618-4dac-ad55-6136c60e4471"},{"element-6066-11e4-a52e-4f735466cecf":"d24a4556-85fd-496b-942d-50d70c5cdd31"},{"element-6066-11e4-a52e-4f735466cecf":"b4e39d7b-8657-4399-b718-ba0f61ff3be6"},{"element-6066-11e4-a52e-4f735466cecf":"44ba79e3-b6c2-4252-aa7b-d5e3e80bb92d"},{"element-6066-11e4-a52e-4f735466cecf":"80dc3450-f9a1-45dc-98af-b355fccdb9ce"},{"element-6066-11e4-a52e-4f735466cecf":"d9177d74-df96-433e-86e1-8baf1ea1f459"},{"element-6066-11e4-a52e-4f735466cecf":"914df3ec-a094-4981-9b2d-64de3013a466"},{"element-6066-11e4-a52e-4f735466cecf":"38243f70-afab-4de8-8960-c99790db45c7"},{"element-6066-11e4-a52e-4f735466cecf":"e8eabbd5-a5f2-4dad-827b-04c9abd3a090"},{"element-6066-11e4-a52e-4f735466cecf":"b0465be1-34a5-4ef6-974a-655accea33c8"},{"element-6066-11e4-a52e-4f735466cecf":"0aa2730e-7bdc-41ab-abf5-5652c4620de6"},{"element-6066-11e4-a52e-4f735466cecf":"bdbd80c6-a2f3-4e08-b724-43cb4e5177a1"},{"element-6066-11e4-a52e-4f735466cecf":"262e7764-0f89-48d9-8715-9ac52758a1bf"},{"element-6066-11e4-a52e-4f735466cecf":"51e663be-debb-48de-aec9-8545f2092418"},{"element-6066-11e4-a52e-4f735466cecf":"be370f98-c27d-4b2d-b492-93dd376ba898"},{"element-6066-11e4-a52e-4f735466cecf":"54c23f5d-6b29-429a-b385-df189436e4a8"},{"element-6066-11e4-a52e-4f735466cecf":"77bbcc4b-1494-4828-866f-fd8bcac8b0e1"},{"element-6066-11e4-a52e-4f735466cecf":"bf6cd251-1607-4643-a55b-a55494bdffa6"},{"element-6066-11e4-a52e-4f735466cecf":"782e93dc-83e3-4d8e-af28-d52a4e420b6c"},{"element-6066-11e4-a52e-4f735466cecf":"7a76d027-979a-4eee-8e82-1495843d0136"},{"element-6066-11e4-a52e-4f735466cecf":"0616eb15-babf-475a-838c-0606c1c8812f"},{"element-6066-11e4-a52e-4f735466cecf":"84a1b02a-e301-46af-8b86-f20dc86f7e9c"},{"element-6066-11e4-a52e-4f735466cecf":"3b43ed2f-9493-452b-be5b-7696c496aa25"},{"element-6066-11e4-a52e-4f735466cecf":"7e11ddb6-bf80-42b1-9462-7ca0901457a2"},{"element-6066-11e4-a52e-4f735466cecf":"6c9d6011-129f-4d18-ac80-336f2e83b7d7"},{"element-6066-11e4-a52e-4f735466cecf":"162c0e8e-d147-4ed6-8c0b-e0dc8222eca5"},{"element-6066-11e4-a52e-4f735466cecf":"17587ed4-166b-4f48-be34-882e924b0022"},{"element-6066-11e4-a52e-4f735466cecf":"358abe03-8c66-4db1-8086-28ab58b49081"},{"element-6066-11e4-a52e-4f735466cecf":"6a45affd-5fdd-429c-96e3-bbb78439060f"},{"element-6066-11e4-a52e-4f735466cecf":"ff82f269-24d1-42ae-8437-07debab4d977"},{"element-6066-11e4-a52e-4f735466cecf":"4d7165c1-c56a-4436-8491-93b119cec253"},{"element-6066-11e4-a52e-4f735466cecf":"14ee9dbe-ce8f-419f-9de5-efbdf557f3a0"},{"element-6066-11e4-a52e-4f735466cecf":"a0a8a2e9-720c-4c29-bce9-1a0f78ec4f6d"},{"element-6066-11e4-a52e-4f735466cecf":"83cc38fc-5850-4b20-a52a-81b265fc3718"},{"element-6066-11e4-a52e-4f735466cecf":"94462eca-7cb2-4054-ae12-bcca4681ca29"},{"element-6066-11e4-a52e-4f735466cecf":"47c8ee8e-9a26-43e8-a7ed-f498de6abff8"},{"element-6066-11e4-a52e-4f735466cecf":"423f67cb-1c71-4d46-a317-5860821efb17"},{"element-6066-11e4-a52e-4f735466cecf":"5d8c344c-7a8c-43f9-804e-879dedec2ec5"},{"element-6066-11e4-a52e-4f735466cecf":"0de52947-54e3-4803-b620-b6288a8f73df"},{"element-6066-11e4-a52e-4f735466cecf":"81b9c7f7-71b0-4df9-83ce-9edcf8e25419"},{"element-6066-11e4-a52e-4f735466cecf":"dc070c45-d78a-45b2-b042-0f9727c81977"},{"element-6066-11e4-a52e-4f735466cecf":"ef5b7f18-d6e4-483d-8e6d-065e5ce10045"},{"element-6066-11e4-a52e-4f735466cecf":"d4d9cd3f-41a3-426d-a4c6-3dbb24f80ab1"},{"element-6066-11e4-a52e-4f735466cecf":"94f9971e-2fec-414e-bae4-f39462446f45"},{"element-6066-11e4-a52e-4f735466cecf":"3188b592-d904-4d8c-816e-8aab30b3411f"},{"element-6066-11e4-a52e-4f735466cecf":"4e976a21-fe9f-47d1-8b11-a46c417727e4"},{"element-6066-11e4-a52e-4f735466cecf":"afeacc44-460b-455d-af56-0fe260c77a20"},{"element-6066-11e4-a52e-4f735466cecf":"4d5ffa00-ea1f-48c9-8f1f-727d47021cc9"},{"element-6066-11e4-a52e-4f735466cecf":"ce1ee098-2434-4078-83cf-3e287ce173f5"},{"element-6066-11e4-a52e-4f735466cecf":"7b9b9292-ab3e-4d17-9752-75d26d37d051"},{"element-6066-11e4-a52e-4f735466cecf":"161fdb6d-256f-4ee2-982a-9095ed33bcdd"},{"element-6066-11e4-a52e-4f735466cecf":"4b630952-339f-468f-aae3-10277fe0460d"},{"element-6066-11e4-a52e-4f735466cecf":"6ed47e72-fae7-423a-b033-ea9e7e96dbe6"},{"element-6066-11e4-a52e-4f735466cecf":"7cd2a85d-57a3-42fa-b351-a3b3184a9049"},{"element-6066-11e4-a52e-4f735466cecf":"f9473034-251e-4667-9d49-f6615833f55f"},{"element-6066-11e4-a52e-4f735466cecf":"69e7eced-3404-404f-8a35-99e8474fee7c"},{"element-6066-11e4-a52e-4f735466cecf":"c946884c-14bf-4638-8729-49e312552c86"},{"element-6066-11e4-a52e-4f735466cecf":"bc77a0fd-0963-47ff-acd9-b44fc7e5f1f6"},{"element-6066-11e4-a52e-4f735466cecf":"2b05cb79-0aac-4af9-bf85-90cef2f23828"},{"element-6066-11e4-a52e-4f735466cecf":"3f914d3d-402b-4a44-8e3c-6997ed66cb3e"},{"element-6066-11e4-a52e-4f735466cecf":"5df95f64-09f0-4827-9bac-7ad49ef64746"},{"element-6066-11e4-a52e-4f735466cecf":"00da15ab-1287-4b5f-85da-f829fba74239"},{"element-6066-11e4-a52e-4f735466cecf":"9b435c54-5433-4dcb-8c02-834e79d3fe24"},{"element-6066-11e4-a52e-4f735466cecf":"8b40233b-39a0-43a9-bd21-41ab87b8fb56"},{"element-6066-11e4-a52e-4f735466cecf":"e547e3cf-8f66-480d-96f9-a284e0e7e093"},{"element-6066-11e4-a52e-4f735466cecf":"62dcd84f-c2fb-4ef4-a055-5d84db1a550f"},{"element-6066-11e4-a52e-4f735466cecf":"795ecc26-8488-4270-8036-55c60d533e93"},{"element-6066-11e4-a52e-4f735466cecf":"b7a3545d-71af-4487-b2a1-42a13dfb641e"},{"element-6066-11e4-a52e-4f735466cecf":"90a52d9e-719c-4ab0-8fa2-07b579ce9eac"},{"element-6066-11e4-a52e-4f735466cecf":"4c427a0d-9ff2-4b85-9c29-2d89c5308ead"},{"element-6066-11e4-a52e-4f735466cecf":"30c3efec-2ebc-4cc9-b7f3-0053f4244969"},{"element-6066-11e4-a52e-4f735466cecf":"96c12722-ca24-47dc-9615-425709942644"},{"element-6066-11e4-a52e-4f735466cecf":"f14e7545-5d2d-44d7-8a23-cc55678c6d7b"},{"element-6066-11e4-a52e-4f735466cecf":"48828887-881f-49dc-a86c-6a61e4bc7bef"},{"element-6066-11e4-a52e-4f735466cecf":"8c0faead-52ac-468f-9856-1b095a2d6137"},{"element-6066-11e4-a52e-4f735466cecf":"ca9ed5aa-451a-438b-8834-e1d1c69d48ad"},{"element-6066-11e4-a52e-4f735466cecf":"50bd32d6-0429-44ac-bd1b-0e0d42b23c98"},{"element-6066-11e4-a52e-4f735466cecf":"8b282f8a-26ac-4400-8cf1-c23bbe16c2f3"},{"element-6066-11e4-a52e-4f735466cecf":"67982586-3f14-4583-97eb-7f9c317ab44a"},{"element-6066-11e4-a52e-4f735466cecf":"0d9be0c8-4560-4f90-8a31-77aca3f72f7b"},{"element-6066-11e4-a52e-4f735466cecf":"c1b0e83a-45d5-4914-88a4-fd4acac7c373"},{"element-6066-11e4-a52e-4f735466cecf":"414a22dd-066f-4a1e-997f-5d87c4190600"},{"element-6066-11e4-a52e-4f735466cecf":"42962aa5-6886-48d5-897b-2d3ec58fbcdb"},{"element-6066-11e4-a52e-4f735466cecf":"5cf67db2-199b-4b99-b116-0dec899d8bd4"},{"element-6066-11e4-a52e-4f735466cecf":"43c9758b-6fc8-4cd1-8266-495ea28490e2"},{"element-6066-11e4-a52e-4f735466cecf":"8d12588d-73a8-4d52-b6ea-b68127a30292"},{"element-6066-11e4-a52e-4f735466cecf":"c7126fc7-59f6-49e9-bbca-e4855f404dc8"},{"element-6066-11e4-a52e-4f735466cecf":"450ee61e-2ced-4d43-9149-06b78cce9653"},{"element-6066-11e4-a52e-4f735466cecf":"5cbaed0c-81d1-4c91-a4df-534648aaa061"},{"element-6066-11e4-a52e-4f735466cecf":"fd0cd280-d128-4e37-a618-0f232f6e3fda"},{"element-6066-11e4-a52e-4f735466cecf":"420c28b4-13a8-458f-97ef-e49f9102357c"},{"element-6066-11e4-a52e-4f735466cecf":"4a7d1c40-a935-495e-9323-e28d48a5665b"},{"element-6066-11e4-a52e-4f735466cecf":"afcaaa7d-2caf-453c-ae90-cbf538858d2b"},{"element-6066-11e4-a52e-4f735466cecf":"683991ae-00ad-49af-9fe5-9775394a1862"},{"element-6066-11e4-a52e-4f735466cecf":"bdfb0a95-4414-449d-8b0c-05027d4c4ab4"},{"element-6066-11e4-a52e-4f735466cecf":"56678abe-67d4-4724-b158-cefead3b370d"},{"element-6066-11e4-a52e-4f735466cecf":"e3693aa0-94a8-4525-9bbd-22c32dcdcd92"},{"element-6066-11e4-a52e-4f735466cecf":"abb590d7-b724-4d33-bed9-cd9864ff8f27"},{"element-6066-11e4-a52e-4f735466cecf":"da33b042-0625-4350-8a30-197de437942b"},{"element-6066-11e4-a52e-4f735466cecf":"ada4a886-370f-4fd5-a01e-fa7babdb8e3a"},{"element-6066-11e4-a52e-4f735466cecf":"dbd0d4bf-163b-4d4a-8c51-3d97f8397df5"},{"element-6066-11e4-a52e-4f735466cecf":"cc249e6b-6d74-4938-97c2-0759e29cc4e2"},{"element-6066-11e4-a52e-4f735466cecf":"02c0a8dc-7151-456f-b176-e7751ba14e9d"},{"element-6066-11e4-a52e-4f735466cecf":"3b80884d-977c-4e8b-9720-5cff8357da91"},{"element-6066-11e4-a52e-4f735466cecf":"c8560992-c4f8-4eef-a84a-4e9ae67c7359"},{"element-6066-11e4-a52e-4f735466cecf":"02efccbf-6656-44f3-a20f-c90dc6f1e0bf"},{"element-6066-11e4-a52e-4f735466cecf":"2844da7a-065f-499c-8c4d-b6fcfa3d186e"},{"element-6066-11e4-a52e-4f735466cecf":"5f1ff129-ef6c-483d-bc11-f339f2f14d41"},{"element-6066-11e4-a52e-4f735466cecf":"45edec18-d4bb-4c46-b073-edfd220c2ef7"},{"element-6066-11e4-a52e-4f735466cecf":"a8a6591b-2549-4923-9b0e-7d9eb6c16464"},{"element-6066-11e4-a52e-4f735466cecf":"df7ecaab-ddc3-4f6c-993f-92a6f8c950d9"},{"element-6066-11e4-a52e-4f735466cecf":"c47e4fdd-8e5a-4644-b925-4a017d221230"},{"element-6066-11e4-a52e-4f735466cecf":"c2a27cc1-54de-4b47-80b7-ea1278ded608"},{"element-6066-11e4-a52e-4f735466cecf":"62ff1029-1125-4399-8d2a-b3deb593b437"},{"element-6066-11e4-a52e-4f735466cecf":"465847f6-4c52-46a6-9b83-525b8b75b09f"},{"element-6066-11e4-a52e-4f735466cecf":"ac74ef63-3f0a-4763-9d42-a322d9a9e185"},{"element-6066-11e4-a52e-4f735466cecf":"d5bac4d9-a0ec-4958-a1ed-78ea6ed66c2d"},{"element-6066-11e4-a52e-4f735466cecf":"e4ccdb6f-26f5-4523-bb5b-13b7bf608749"},{"element-6066-11e4-a52e-4f735466cecf":"e58ff55a-2161-49e0-b3dc-111a5b14ec22"},{"element-6066-11e4-a52e-4f735466cecf":"848915bc-f6e7-4847-b6e2-defd1b6b1da0"},{"element-6066-11e4-a52e-4f735466cecf":"2156691c-f603-4191-a990-a2f10e511dfe"},{"element-6066-11e4-a52e-4f735466cecf":"70eb1a91-1042-4eb5-bae1-a9f4ec3c9ecd"},{"element-6066-11e4-a52e-4f735466cecf":"30ffbb81-b4b9-43b4-ab2b-db040a6149d8"},{"element-6066-11e4-a52e-4f735466cecf":"aec9ff6c-e870-43f1-8502-f79eb2be43e4"},{"element-6066-11e4-a52e-4f735466cecf":"181f2333-634b-4f8d-9133-6103efd1c59c"},{"element-6066-11e4-a52e-4f735466cecf":"59a475fc-9e34-4676-a6c3-9a82ae0f9ca4"},{"element-6066-11e4-a52e-4f735466cecf":"8325612e-654f-444a-9b7f-5a75213009db"},{"element-6066-11e4-a52e-4f735466cecf":"1a75196f-80a7-47a4-8c96-759afda3a68f"},{"element-6066-11e4-a52e-4f735466cecf":"1a15a7ef-d543-4297-b091-5efdab5e0f1e"},{"element-6066-11e4-a52e-4f735466cecf":"88ee5d12-085f-41bb-83f4-b4cd8d3096ae"},{"element-6066-11e4-a52e-4f735466cecf":"926c461e-a815-492e-8d29-0d38ad45910f"},{"element-6066-11e4-a52e-4f735466cecf":"1b495093-7157-442e-a6cd-08793a613bc3"},{"element-6066-11e4-a52e-4f735466cecf":"afb1ae45-c1f3-45f3-98e2-0be51091e591"},{"element-6066-11e4-a52e-4f735466cecf":"fa13b719-f1ca-4093-b84b-121b44284742"},{"element-6066-11e4-a52e-4f735466cecf":"c8dc2400-57a8-44df-b9d0-a7947714c362"},{"element-6066-11e4-a52e-4f735466cecf":"49f78145-b0c6-47c6-b791-659b667ad7e6"},{"element-6066-11e4-a52e-4f735466cecf":"b94d2d7f-db8a-4a34-bedd-6e1106e16437"},{"element-6066-11e4-a52e-4f735466cecf":"c3712d54-d145-4b22-848c-fb4d6e16d0f0"},{"element-6066-11e4-a52e-4f735466cecf":"defec48f-f55c-4295-908d-562a07ba7de2"},{"element-6066-11e4-a52e-4f735466cecf":"18f6a35d-9bff-46bf-b6ad-b4613458a2ce"},{"element-6066-11e4-a52e-4f735466cecf":"bc6ffcbc-e3f9-4767-be19-58703391ed29"},{"element-6066-11e4-a52e-4f735466cecf":"8bb52cc6-e03d-48ca-a24b-f1c56291c2ba"},{"element-6066-11e4-a52e-4f735466cecf":"e9f87665-e518-4d8a-b2db-f63af78df20d"},{"element-6066-11e4-a52e-4f735466cecf":"8f6f6172-f761-46f6-92f2-fb32a7410bfd"},{"element-6066-11e4-a52e-4f735466cecf":"9421c033-d524-4cc9-9013-1a77c2c6ba5c"},{"element-6066-11e4-a52e-4f735466cecf":"f26eca23-5132-428e-a9e0-61d18b5dc01a"},{"element-6066-11e4-a52e-4f735466cecf":"6d61274d-d076-4d25-9e80-bff25adaaa69"},{"element-6066-11e4-a52e-4f735466cecf":"c824cb22-fae5-4e9e-8262-bbdb6c49d028"},{"element-6066-11e4-a52e-4f735466cecf":"7f2d7579-653b-40c1-afa8-756c207ce508"},{"element-6066-11e4-a52e-4f735466cecf":"05c16a1e-99d4-4647-8c43-29c22c90c689"},{"element-6066-11e4-a52e-4f735466cecf":"adfbc812-294a-49bd-8317-95fa700ea7d2"},{"element-6066-11e4-a52e-4f735466cecf":"22902a35-bc43-46ed-bded-2bf6c69e91ad"},{"element-6066-11e4-a52e-4f735466cecf":"b1b4fac5-79ef-48e6-a325-4512f248a8c3"},{"element-6066-11e4-a52e-4f735466cecf":"6412c5ec-547c-4081-9d86-32ae4ecd629d"},{"element-6066-11e4-a52e-4f735466cecf":"d6a49f3f-a2e3-4d6b-b3d3-a8e5ef17adf6"},{"element-6066-11e4-a52e-4f735466cecf":"14de6f59-79a9-46ab-a002-1c3d5e428e82"},{"element-6066-11e4-a52e-4f735466cecf":"669c191f-7988-4ec3-aa3f-c59dd1583bfc"},{"element-6066-11e4-a52e-4f735466cecf":"8fbf186a-cd17-48d6-8d43-8c1391e95e0b"},{"element-6066-11e4-a52e-4f735466cecf":"dd6c7a49-73c9-49f3-8114-c9e7679de4c6"},{"element-6066-11e4-a52e-4f735466cecf":"ded2f774-b1e4-4ab0-bba4-9a94724ff85b"},{"element-6066-11e4-a52e-4f735466cecf":"f89738d8-f140-4e13-b957-feae07ea45ec"},{"element-6066-11e4-a52e-4f735466cecf":"bf205af5-631d-4295-8bda-e249efcc10ec"},{"element-6066-11e4-a52e-4f735466cecf":"d5f265b4-cdb3-49cb-b6be-8b280a45cae7"},{"element-6066-11e4-a52e-4f735466cecf":"53dda199-b54d-45c5-84c0-cb42e8058a40"},{"element-6066-11e4-a52e-4f735466cecf":"7d04cc8b-9d62-4658-b2f0-5a83a5cb2dcb"},{"element-6066-11e4-a52e-4f735466cecf":"9e1536f4-0659-42bb-8250-3238cfcf8943"},{"element-6066-11e4-a52e-4f735466cecf":"fb3cb220-6a3d-418c-b847-4d312f1da9ce"},{"element-6066-11e4-a52e-4f735466cecf":"235a06bb-bdfc-439f-a43f-c9f18fedcfe9"},{"element-6066-11e4-a52e-4f735466cecf":"df3054b3-d2eb-4910-99d3-a6ab83c4698d"},{"element-6066-11e4-a52e-4f735466cecf":"0f8c6b7e-5e92-4ec0-8b46-b294d7cc51d9"},{"element-6066-11e4-a52e-4f735466cecf":"1b6a61bc-0cb4-470e-a958-67dcde9d624a"},{"element-6066-11e4-a52e-4f735466cecf":"fd3b1243-8e28-454c-9fd3-4db52e6cb03e"},{"element-6066-11e4-a52e-4f735466cecf":"dba00bb4-ab5c-464b-bda3-070cf5af9b7e"},{"element-6066-11e4-a52e-4f735466cecf":"a91aff56-a13c-46e9-9013-92eb54e6c4d3"},{"element-6066-11e4-a52e-4f735466cecf":"04e1e511-ebf0-4135-b505-94f1708f37ae"},{"element-6066-11e4-a52e-4f735466cecf":"7f858c1a-cc45-45d7-9f3b-d73672790a7d"},{"element-6066-11e4-a52e-4f735466cecf":"981cd958-8322-4b20-a824-ee1a618902f8"},{"element-6066-11e4-a52e-4f735466cecf":"786569eb-c14c-485e-88fd-7099a1094dbe"},{"element-6066-11e4-a52e-4f735466cecf":"862f669c-664b-48c0-9daa-3cf9823d25e6"},{"element-6066-11e4-a52e-4f735466cecf":"66f1d290-8bc1-43ec-9444-b8e70e668e5f"},{"element-6066-11e4-a52e-4f735466cecf":"9f5c0820-eb5d-41fb-bf56-5cf3f4979190"},{"element-6066-11e4-a52e-4f735466cecf":"0a2d5707-2c2b-479a-923b-0a865b551ad3"},{"element-6066-11e4-a52e-4f735466cecf":"afbb9069-419d-4987-87a0-765bdb261afe"},{"element-6066-11e4-a52e-4f735466cecf":"4a94c968-8260-4a9c-9011-2d60ef3da605"},{"element-6066-11e4-a52e-4f735466cecf":"f41b94d3-4be0-4088-b86b-d76ec277e1d1"},{"element-6066-11e4-a52e-4f735466cecf":"b9727497-df94-439c-9dc2-a8dd44261b09"},{"element-6066-11e4-a52e-4f735466cecf":"4f77d95f-a553-44be-aa97-894d242fdde9"},{"element-6066-11e4-a52e-4f735466cecf":"a8ddf02f-e7c6-4750-aca7-d5b1f2a99722"},{"element-6066-11e4-a52e-4f735466cecf":"1596c340-2fd3-498e-9718-f28e303824a0"},{"element-6066-11e4-a52e-4f735466cecf":"44f85e16-c465-47a2-b4f5-0cbd1f247f6b"},{"element-6066-11e4-a52e-4f735466cecf":"3d6ada3d-42a4-422a-9c2a-55d0dc8db356"},{"element-6066-11e4-a52e-4f735466cecf":"9c18ac6f-303d-4ea1-b881-8cd281e4c001"},{"element-6066-11e4-a52e-4f735466cecf":"4b08d849-c51e-42c8-976c-e11df784a5f3"},{"element-6066-11e4-a52e-4f735466cecf":"005a635e-a07d-4613-af22-23ee26300866"},{"element-6066-11e4-a52e-4f735466cecf":"2915cacb-9a95-45fa-81eb-bccd649b5984"},{"element-6066-11e4-a52e-4f735466cecf":"5804eba9-bdca-4476-a1e6-e4696b2f021c"},{"element-6066-11e4-a52e-4f735466cecf":"c6396726-492e-4fbc-b297-273ec410e554"},{"element-6066-11e4-a52e-4f735466cecf":"818c0b8b-7f02-44c5-859d-8ac21cb6a63b"},{"element-6066-11e4-a52e-4f735466cecf":"4bf452f8-98d9-4b65-ae00-e1dcdc2ed155"},{"element-6066-11e4-a52e-4f735466cecf":"42daadf6-002a-4bb2-b4be-d6b4037ff9e0"},{"element-6066-11e4-a52e-4f735466cecf":"9850d16c-a0f3-4419-922d-8fad10eeee0f"},{"element-6066-11e4-a52e-4f735466cecf":"2852f9c3-7d51-4341-99fe-8b8d3e5bda9d"},{"element-6066-11e4-a52e-4f735466cecf":"b63ba035-adec-4b04-9d05-de01d5df89fe"},{"element-6066-11e4-a52e-4f735466cecf":"3b52fc7c-de31-42af-b5de-214afb4299e8"},{"element-6066-11e4-a52e-4f735466cecf":"8dab4621-4e45-442e-800b-c0b0b7d0d4bf"},{"element-6066-11e4-a52e-4f735466cecf":"5bd6a049-45f9-4962-8047-5e50814ad9a8"},{"element-6066-11e4-a52e-4f735466cecf":"8e3779dc-5cdf-4673-b096-e1a75754b054"},{"element-6066-11e4-a52e-4f735466cecf":"1c1b54f9-778e-4c22-91d9-7a3335cb1d30"},{"element-6066-11e4-a52e-4f735466cecf":"35d0cf25-67c6-43b1-85e1-b53a3f7894d9"},{"element-6066-11e4-a52e-4f735466cecf":"5e7e8273-f20f-45da-a0da-586845c60d61"},{"element-6066-11e4-a52e-4f735466cecf":"660e658a-d016-458d-a2dd-1cdee19fb78c"},{"element-6066-11e4-a52e-4f735466cecf":"32ddce2c-159f-4895-87d2-6f3a5343f7bc"},{"element-6066-11e4-a52e-4f735466cecf":"14b3d093-6c86-40f7-a32c-024d8e73dd87"},{"element-6066-11e4-a52e-4f735466cecf":"31d631c0-550d-45f4-8626-b24ad4dc20ba"},{"element-6066-11e4-a52e-4f735466cecf":"a4175972-5202-4f53-a51a-b1ff11a12d57"},{"element-6066-11e4-a52e-4f735466cecf":"bbf596d4-7615-4267-a779-184a35b8e732"},{"element-6066-11e4-a52e-4f735466cecf":"432bed9e-8830-46e8-bb9e-69c7b5477c90"},{"element-6066-11e4-a52e-4f735466cecf":"2cf15f15-d615-47da-b456-02afc8c3f819"},{"element-6066-11e4-a52e-4f735466cecf":"a512d8bf-1985-48e1-8ffb-c072f40171b2"},{"element-6066-11e4-a52e-4f735466cecf":"001135e5-b141-4b21-ba76-7e01df72fb29"},{"element-6066-11e4-a52e-4f735466cecf":"58660c4b-5cc4-4e04-9c03-d370fe900503"},{"element-6066-11e4-a52e-4f735466cecf":"5b9e6d30-502d-4e2a-99a6-34e6f3bbe349"},{"element-6066-11e4-a52e-4f735466cecf":"efcef71f-df3d-4cd7-8806-b293037ca2dd"},{"element-6066-11e4-a52e-4f735466cecf":"352cc5a7-ef98-4b6c-8cbc-31f9597a19bc"},{"element-6066-11e4-a52e-4f735466cecf":"bc615fbe-5c19-4730-9f79-0589e9b8d076"},{"element-6066-11e4-a52e-4f735466cecf":"6da42727-f48c-4335-8ef4-ea687d258318"},{"element-6066-11e4-a52e-4f735466cecf":"63467bad-8d5b-4524-8b1e-5e9a1082a1ba"},{"element-6066-11e4-a52e-4f735466cecf":"9500edee-b043-4db1-81b6-53fefd657b12"},{"element-6066-11e4-a52e-4f735466cecf":"51067db7-3831-43f7-b087-1e58b8e119a1"},{"element-6066-11e4-a52e-4f735466cecf":"20a76c4f-4245-4301-8f42-1c5f83583baa"},{"element-6066-11e4-a52e-4f735466cecf":"2e6f0b82-d459-46eb-9c75-52974408bf74"},{"element-6066-11e4-a52e-4f735466cecf":"b9037402-3478-45e2-b954-9bc305d31c30"},{"element-6066-11e4-a52e-4f735466cecf":"38c59dce-bdce-49d1-bf65-f54cad869299"},{"element-6066-11e4-a52e-4f735466cecf":"eada3e76-19cf-431d-8f2f-0ef41ea70581"},{"element-6066-11e4-a52e-4f735466cecf":"da5f8c3f-5c6e-458f-994b-4c59658c6d47"},{"element-6066-11e4-a52e-4f735466cecf":"bab36648-2cc7-406e-ad38-03057f492d3f"},{"element-6066-11e4-a52e-4f735466cecf":"fe84386c-4d07-4f60-9a96-bf603158e3ce"},{"element-6066-11e4-a52e-4f735466cecf":"00d6d228-06c0-4ba9-810b-c0af47731b4d"},{"element-6066-11e4-a52e-4f735466cecf":"fcbc90cc-3ecc-4edf-bf62-926002d89012"},{"element-6066-11e4-a52e-4f735466cecf":"05bf19bf-b975-4850-ac7b-d61203872e97"},{"element-6066-11e4-a52e-4f735466cecf":"36f9a4bc-3646-4fb0-99be-5f24a0738385"},{"element-6066-11e4-a52e-4f735466cecf":"c7ebe4e3-b1eb-4819-ac43-80d1ad9b3e16"},{"element-6066-11e4-a52e-4f735466cecf":"c9527fb5-a98a-4b1b-ba43-be03890055f3"},{"element-6066-11e4-a52e-4f735466cecf":"5a3272ce-a79c-4cfa-9947-0638f1bd04cc"},{"element-6066-11e4-a52e-4f735466cecf":"b4d1e3eb-60ba-4b5e-8c0a-c86ae1f7b3dc"},{"element-6066-11e4-a52e-4f735466cecf":"355adda2-b5d3-47d6-8bb4-437bf1839e33"},{"element-6066-11e4-a52e-4f735466cecf":"7ad2f073-56f5-4374-a2a5-0258307d88c2"},{"element-6066-11e4-a52e-4f735466cecf":"755075bf-32d7-4db4-8e29-e51171958074"},{"element-6066-11e4-a52e-4f735466cecf":"728a00cc-6849-4ed6-a30e-cf044b66f724"},{"element-6066-11e4-a52e-4f735466cecf":"d019b5f5-ffe3-4ea3-8166-c0fc1736bd0a"},{"element-6066-11e4-a52e-4f735466cecf":"cd05262f-56a3-4ae1-9967-260f988170dc"},{"element-6066-11e4-a52e-4f735466cecf":"1365cb9c-ba0e-42ec-89ce-e7d146557b6f"},{"element-6066-11e4-a52e-4f735466cecf":"29194d65-f007-4de5-a252-1c17d3da0fb0"},{"element-6066-11e4-a52e-4f735466cecf":"22eb6942-39dc-40cd-a10f-f2601bab137f"},{"element-6066-11e4-a52e-4f735466cecf":"00fc8d56-cda3-4d12-a466-9c5ba753bbf9"},{"element-6066-11e4-a52e-4f735466cecf":"fb046c34-54f9-42e2-832c-3684a42d3325"},{"element-6066-11e4-a52e-4f735466cecf":"2132475d-acce-42c9-8431-5853cce92afd"},{"element-6066-11e4-a52e-4f735466cecf":"8b22aebe-dda5-42b2-a13d-f53b7b602513"},{"element-6066-11e4-a52e-4f735466cecf":"705a4eb5-323f-41dd-8ffb-e72533aa55bd"},{"element-6066-11e4-a52e-4f735466cecf":"45f7e3f4-ad33-4c87-80db-d9c0e826025f"},{"element-6066-11e4-a52e-4f735466cecf":"5a8056cd-de27-4685-bc87-25c8d0c87449"},{"element-6066-11e4-a52e-4f735466cecf":"28a0bd39-a53a-45a3-ae49-dfd5357e97ae"},{"element-6066-11e4-a52e-4f735466cecf":"694c4872-e335-4c1a-bfaf-4d83aaf89e81"},{"element-6066-11e4-a52e-4f735466cecf":"c30e6da3-3bab-4762-af71-7471afd4633a"},{"element-6066-11e4-a52e-4f735466cecf":"3e9460e2-8179-4295-ae04-bb278056c9bf"},{"element-6066-11e4-a52e-4f735466cecf":"309a66fe-c785-4629-9f85-db8ce2769b40"},{"element-6066-11e4-a52e-4f735466cecf":"50a3b19b-5506-40e9-8b60-7b15e6e8bf17"},{"element-6066-11e4-a52e-4f735466cecf":"4913a1db-36bb-4b4c-b6e9-3d7bb6fbf7e0"},{"element-6066-11e4-a52e-4f735466cecf":"61db6408-0e3b-490f-8271-31b5a2b8b2b8"},{"element-6066-11e4-a52e-4f735466cecf":"1c1b8180-8037-417d-9809-ddd02bd39b5b"},{"element-6066-11e4-a52e-4f735466cecf":"cf0a1cf7-95d3-4c8c-bb11-1f42b068e811"},{"element-6066-11e4-a52e-4f735466cecf":"59221c2a-03d9-46ed-94f8-cc552762d8ab"},{"element-6066-11e4-a52e-4f735466cecf":"bb0ee7b3-8189-47d9-8b76-350d30e544cc"},{"element-6066-11e4-a52e-4f735466cecf":"8f22fdfd-0dbc-498c-9a2d-5484c1725ec6"},{"element-6066-11e4-a52e-4f735466cecf":"f8ddda5e-4f9b-4a99-abe9-45587773e284"},{"element-6066-11e4-a52e-4f735466cecf":"16e16a2d-75b7-4fd0-80f3-4903047e7fc7"},{"element-6066-11e4-a52e-4f735466cecf":"0bbbbc95-afa6-435e-9838-cd7cb6efcbcd"},{"element-6066-11e4-a52e-4f735466cecf":"8b969b75-d097-4878-9ee8-862731828a53"},{"element-6066-11e4-a52e-4f735466cecf":"bbb09b43-07af-414c-bbed-816eadb26220"},{"element-6066-11e4-a52e-4f735466cecf":"456a9745-dac3-4f64-b755-1e4089ff7dc7"},{"element-6066-11e4-a52e-4f735466cecf":"ad7889d6-179d-4433-b008-c4504972984b"},{"element-6066-11e4-a52e-4f735466cecf":"59936935-d141-4ff8-85c7-6915572b2f3c"},{"element-6066-11e4-a52e-4f735466cecf":"284d893d-6423-4775-aacb-ee51eb1c17ee"},{"element-6066-11e4-a52e-4f735466cecf":"43d5f3cd-240e-4208-9fb8-b9e912e47256"},{"element-6066-11e4-a52e-4f735466cecf":"d904598e-3bb5-4e08-ac1d-2d2d7d280c77"},{"element-6066-11e4-a52e-4f735466cecf":"8728cb72-1d3f-48b7-928e-db7de3729b96"},{"element-6066-11e4-a52e-4f735466cecf":"84d36c50-ba7b-462d-9a41-3a27949e507a"},{"element-6066-11e4-a52e-4f735466cecf":"689ba79f-9b7a-4ffe-9c46-1c245092d3ac"},{"element-6066-11e4-a52e-4f735466cecf":"788fc397-af81-4ba6-8dce-e1aa593cc221"},{"element-6066-11e4-a52e-4f735466cecf":"aa5df065-4e7f-4d69-a820-57efad594b1a"},{"element-6066-11e4-a52e-4f735466cecf":"3f921178-1278-40b0-b496-c098c8429e6a"},{"element-6066-11e4-a52e-4f735466cecf":"3333f115-dec0-484d-9077-bc19ee291447"},{"element-6066-11e4-a52e-4f735466cecf":"4ee32488-a902-4676-94b9-899badd0d5cc"},{"element-6066-11e4-a52e-4f735466cecf":"7b54b013-369c-43de-9ffc-62754ed3f5ab"},{"element-6066-11e4-a52e-4f735466cecf":"dbb06dff-7b9c-4211-a3df-751932ba5f18"},{"element-6066-11e4-a52e-4f735466cecf":"7ea16735-54c5-40a8-8553-2d44900df6e5"},{"element-6066-11e4-a52e-4f735466cecf":"d4ede9d6-03f2-4694-ba5e-688e1b67f755"},{"element-6066-11e4-a52e-4f735466cecf":"9e36f720-b2c3-4cfe-8404-afd6349c2cc8"},{"element-6066-11e4-a52e-4f735466cecf":"1556ff50-33ad-452e-8168-6807306a228b"},{"element-6066-11e4-a52e-4f735466cecf":"c1addef8-8388-446b-83e0-e26508e65cfc"},{"element-6066-11e4-a52e-4f735466cecf":"7eb87c9d-db93-45d8-a5ac-4b4c131c0461"},{"element-6066-11e4-a52e-4f735466cecf":"10b04910-2c68-4346-a515-b39d155399e0"},{"element-6066-11e4-a52e-4f735466cecf":"0e0e54de-b0f9-4453-a4e2-732dd6984411"},{"element-6066-11e4-a52e-4f735466cecf":"43af88eb-ab68-4d13-9e4b-1ce2fb9b6b71"},{"element-6066-11e4-a52e-4f735466cecf":"a05fde0b-d0e7-461e-8ff1-b5fb8e5803dd"},{"element-6066-11e4-a52e-4f735466cecf":"c2519b8d-b430-468b-b5d6-74870c593c4d"},{"element-6066-11e4-a52e-4f735466cecf":"f597c187-dffa-4929-aa58-cfa29ce33605"},{"element-6066-11e4-a52e-4f735466cecf":"e419102d-c0a7-4cbc-8179-00a39b681ac5"},{"element-6066-11e4-a52e-4f735466cecf":"77dedc88-81a2-4f4b-87cc-f48282e58cd6"},{"element-6066-11e4-a52e-4f735466cecf":"b144572d-f038-4257-8a8f-7172338f030c"},{"element-6066-11e4-a52e-4f735466cecf":"268ecc4f-189c-4efb-9d8f-e15283f53a68"},{"element-6066-11e4-a52e-4f735466cecf":"4b8e79cc-7799-46d4-82c8-9ca2d02ade7b"},{"element-6066-11e4-a52e-4f735466cecf":"499900f1-fe3f-4e7b-beec-8c9d02e6618a"},{"element-6066-11e4-a52e-4f735466cecf":"28f9e8a0-7aa9-4919-ad2b-11765919b1e4"},{"element-6066-11e4-a52e-4f735466cecf":"cad26d81-b455-44df-bf87-df4748543840"},{"element-6066-11e4-a52e-4f735466cecf":"29ad7c5a-41e5-4921-b337-17cfa38c6274"},{"element-6066-11e4-a52e-4f735466cecf":"87fd2e2f-77ee-4d62-ad37-43773e7650de"},{"element-6066-11e4-a52e-4f735466cecf":"2ba1f3e2-e3c0-4196-8e58-38f905bbfe35"},{"element-6066-11e4-a52e-4f735466cecf":"2cb6c5e8-c784-4d1e-9c98-cd81c4f7a433"},{"element-6066-11e4-a52e-4f735466cecf":"417b7679-94cc-4e51-8703-2052b7327b0b"},{"element-6066-11e4-a52e-4f735466cecf":"7379990f-225d-4a71-b702-decb46b88858"},{"element-6066-11e4-a52e-4f735466cecf":"ddf52a4d-4735-4fe0-9b05-a82e1ff13940"},{"element-6066-11e4-a52e-4f735466cecf":"e31fb6df-933f-4735-9084-6d5dc0d77fba"},{"element-6066-11e4-a52e-4f735466cecf":"c4038203-6e60-4626-b08e-570dc71be762"},{"element-6066-11e4-a52e-4f735466cecf":"31894db6-09ed-43aa-8eab-96a84be5472e"},{"element-6066-11e4-a52e-4f735466cecf":"2bb93f43-da19-4f6f-b1ee-97c31b375e26"},{"element-6066-11e4-a52e-4f735466cecf":"847492d2-8962-424b-b3e3-a3234f1b67b2"},{"element-6066-11e4-a52e-4f735466cecf":"3f784040-50ab-4adf-a2b6-ad989f2c54d9"},{"element-6066-11e4-a52e-4f735466cecf":"65883153-47f1-47a5-8577-71969915d932"},{"element-6066-11e4-a52e-4f735466cecf":"926431dc-5714-49de-a912-a7f00256213b"},{"element-6066-11e4-a52e-4f735466cecf":"bba20e72-53b0-423e-9805-b5f4b59b6f76"},{"element-6066-11e4-a52e-4f735466cecf":"ee57b533-9b48-4d7f-87c1-977ef14af6ee"},{"element-6066-11e4-a52e-4f735466cecf":"ccfff6ba-fe36-47b7-8994-5003afc310f0"},{"element-6066-11e4-a52e-4f735466cecf":"db7f4bd2-4944-4da9-8630-291eb58081e0"},{"element-6066-11e4-a52e-4f735466cecf":"fbbee4db-46be-4839-bc72-fe4ae06198a8"},{"element-6066-11e4-a52e-4f735466cecf":"e3e5bd21-201c-4b4f-a1ff-b8e75d729a2d"},{"element-6066-11e4-a52e-4f735466cecf":"f7ce7e08-e927-40cd-aee7-2d0305b76d46"},{"element-6066-11e4-a52e-4f735466cecf":"f8f63ff2-40e4-4a43-897f-ad8d1bd96ac8"},{"element-6066-11e4-a52e-4f735466cecf":"927dd719-d1af-429e-b3e0-d556c3e9f976"},{"element-6066-11e4-a52e-4f735466cecf":"fe161a1b-f70a-44a4-b62b-8c25f8a3f04a"},{"element-6066-11e4-a52e-4f735466cecf":"8c2cfd9a-6910-493b-a3bb-bae58a59fb36"},{"element-6066-11e4-a52e-4f735466cecf":"8ad5baa0-6ee9-4883-a1c2-2220ff843045"},{"element-6066-11e4-a52e-4f735466cecf":"0f80e8e4-63dc-4766-ba62-97e71a3e57cc"},{"element-6066-11e4-a52e-4f735466cecf":"3b00c4ae-922a-4110-a6ca-1cba1402d55f"},{"element-6066-11e4-a52e-4f735466cecf":"3356d941-eb5c-48d9-8824-21d834893823"},{"element-6066-11e4-a52e-4f735466cecf":"bb1da8cd-ec1a-4b57-94bc-c8fbe9d7bea3"},{"element-6066-11e4-a52e-4f735466cecf":"04c8e8bf-cfb4-4600-b9fd-eb820dcf4702"},{"element-6066-11e4-a52e-4f735466cecf":"8e51f03a-3e29-49ef-99fe-54c535678806"},{"element-6066-11e4-a52e-4f735466cecf":"d91362eb-1804-46cd-81b8-1122b0e501d2"},{"element-6066-11e4-a52e-4f735466cecf":"0c14fbaa-b015-41f8-9cc3-680030c87865"},{"element-6066-11e4-a52e-4f735466cecf":"c043af52-d0ea-452b-b3a9-19b128e6fdd3"},{"element-6066-11e4-a52e-4f735466cecf":"a5969e4f-3f57-4789-b103-9397fa45f1f8"},{"element-6066-11e4-a52e-4f735466cecf":"cdf36796-8f05-4d43-b7d2-3b2fc89e3ea0"},{"element-6066-11e4-a52e-4f735466cecf":"1249aa8f-1044-46bb-8c61-e65070ea51c5"},{"element-6066-11e4-a52e-4f735466cecf":"4893db9f-3147-4cd4-9a2a-44e64cbead74"},{"element-6066-11e4-a52e-4f735466cecf":"df5d2c1a-1f35-4588-afcb-665b38c8492a"},{"element-6066-11e4-a52e-4f735466cecf":"1dccbdba-55b6-4716-92cd-a7803e958257"},{"element-6066-11e4-a52e-4f735466cecf":"e1253fc9-db23-4a5c-8251-8bdb46d0a36a"},{"element-6066-11e4-a52e-4f735466cecf":"c50471c9-5dd5-407f-8811-64656edee2a0"},{"element-6066-11e4-a52e-4f735466cecf":"a749954b-f1fe-436c-9130-52b67ead5bdb"},{"element-6066-11e4-a52e-4f735466cecf":"a083d0fc-d1bd-45a0-8727-b87ab18dcb56"},{"element-6066-11e4-a52e-4f735466cecf":"5ad22f5a-6e2b-4a84-871b-9575fb0e90ba"},{"element-6066-11e4-a52e-4f735466cecf":"c0ee171e-785d-492b-a6d0-852aeb60f4b0"},{"element-6066-11e4-a52e-4f735466cecf":"d3eafc72-69e8-4e70-a242-cbdd753af166"},{"element-6066-11e4-a52e-4f735466cecf":"25fb28cf-e8f5-4989-9a5c-e677a970410d"},{"element-6066-11e4-a52e-4f735466cecf":"904d22a9-c7ab-49f4-8292-c79e41ba6794"},{"element-6066-11e4-a52e-4f735466cecf":"049dabdc-f689-4a5c-b1d1-22ec56960328"},{"element-6066-11e4-a52e-4f735466cecf":"c7286f07-18ef-475c-8471-f18ee48d647a"},{"element-6066-11e4-a52e-4f735466cecf":"781e17ae-44f9-4d60-b03e-478b0d0520c3"},{"element-6066-11e4-a52e-4f735466cecf":"240de39c-4a00-4b41-b465-63b6d2d050b2"},{"element-6066-11e4-a52e-4f735466cecf":"1c01fd0f-7e8f-4f69-9f66-0285b32b9508"},{"element-6066-11e4-a52e-4f735466cecf":"e73439c0-abec-44d9-a186-f6b338a73583"},{"element-6066-11e4-a52e-4f735466cecf":"74476e7e-1cc7-47b6-a235-ceac3d26b79b"},{"element-6066-11e4-a52e-4f735466cecf":"327924c2-8cb6-471a-a698-9290d255ec83"},{"element-6066-11e4-a52e-4f735466cecf":"905fd6af-377f-4e3a-8781-948b1a3ba9da"},{"element-6066-11e4-a52e-4f735466cecf":"86145824-7d09-4a88-8e72-854d1dbd05cb"},{"element-6066-11e4-a52e-4f735466cecf":"28a01808-f291-4a21-85a4-c8b1259d83f5"},{"element-6066-11e4-a52e-4f735466cecf":"d62475f5-7b14-43e6-ba7c-b02d20a1cb96"},{"element-6066-11e4-a52e-4f735466cecf":"44ec15cc-d807-43da-bd02-2e73f7569959"},{"element-6066-11e4-a52e-4f735466cecf":"c99b80b9-f4be-45d1-bc09-b1e60a3cd990"},{"element-6066-11e4-a52e-4f735466cecf":"4187fbee-ba6f-46e9-b0fe-f3739e4871e3"},{"element-6066-11e4-a52e-4f735466cecf":"fbcab8f8-042c-4632-96eb-5793e277fd9d"},{"element-6066-11e4-a52e-4f735466cecf":"5055adda-782c-4543-bf80-caf87f31454b"},{"element-6066-11e4-a52e-4f735466cecf":"4e557214-b775-4223-8366-8fbcac93dbfd"},{"element-6066-11e4-a52e-4f735466cecf":"8561fc4f-aa6a-4814-bab1-e011a8e6718f"},{"element-6066-11e4-a52e-4f735466cecf":"f334d4af-a49b-49d4-9293-05e227de807b"},{"element-6066-11e4-a52e-4f735466cecf":"58660e60-d4b4-4815-9b75-fe13d53bb2e1"},{"element-6066-11e4-a52e-4f735466cecf":"61c8d775-9508-49fe-9bfb-ba39bc41f5a1"},{"element-6066-11e4-a52e-4f735466cecf":"30f4a3d9-1664-45f2-aa9e-efc3f46e41dc"},{"element-6066-11e4-a52e-4f735466cecf":"61e389a6-7f39-4e66-a171-1495d5a66485"},{"element-6066-11e4-a52e-4f735466cecf":"875066a0-fdbb-454f-8e3a-5613d3d2de18"},{"element-6066-11e4-a52e-4f735466cecf":"3446e3a8-4e73-458b-8f3f-aa3472f23b76"},{"element-6066-11e4-a52e-4f735466cecf":"37a75035-0b38-4ee6-a8c7-7c887b7793b4"},{"element-6066-11e4-a52e-4f735466cecf":"3665ba5f-09d5-43e7-8b3e-10dfec48a65b"},{"element-6066-11e4-a52e-4f735466cecf":"f232efc7-dfb8-49e1-8b85-a5cc92d6d175"},{"element-6066-11e4-a52e-4f735466cecf":"f3c92e8a-ce58-416d-b1ac-a8f9ac57fc22"},{"element-6066-11e4-a52e-4f735466cecf":"fa176563-ca0d-4ec4-9b71-255b92ab938b"},{"element-6066-11e4-a52e-4f735466cecf":"b92741ea-ad61-4282-897c-4664930447de"},{"element-6066-11e4-a52e-4f735466cecf":"c9bfed66-83cf-4def-8d38-0065104ac105"},{"element-6066-11e4-a52e-4f735466cecf":"8333eadc-4572-4b13-96e2-45b2b429e93a"},{"element-6066-11e4-a52e-4f735466cecf":"5874cc3d-8a5b-4d3c-9391-138e16f042c9"},{"element-6066-11e4-a52e-4f735466cecf":"35d7fd61-e772-464d-872d-ab4308b54aa0"},{"element-6066-11e4-a52e-4f735466cecf":"798abd6b-c9ad-46d8-b638-9b9e89515766"},{"element-6066-11e4-a52e-4f735466cecf":"d58b87d9-3a2e-4839-a369-9660eb3db38e"},{"element-6066-11e4-a52e-4f735466cecf":"3c283b2e-f1ef-4ba2-b964-b91b3efb0c12"},{"element-6066-11e4-a52e-4f735466cecf":"fc6d9868-6ecd-4ce4-8952-de7347e9ac84"},{"element-6066-11e4-a52e-4f735466cecf":"bdbfed3f-c458-484e-b024-1e7741671d48"},{"element-6066-11e4-a52e-4f735466cecf":"5325123b-24db-4e4b-8977-882e7caa22fc"},{"element-6066-11e4-a52e-4f735466cecf":"1911aca2-bc2a-4458-9035-dea2bae77ced"},{"element-6066-11e4-a52e-4f735466cecf":"0e3c6f6e-7f99-433f-9285-94ef85f4e7e3"},{"element-6066-11e4-a52e-4f735466cecf":"27f739b2-a86f-48d6-8f91-4f161b1cb221"},{"element-6066-11e4-a52e-4f735466cecf":"d4f58f46-a3e9-458d-a3de-5c8bf12cf424"},{"element-6066-11e4-a52e-4f735466cecf":"964c4ad3-012e-47cd-b72c-053d253d6d17"},{"element-6066-11e4-a52e-4f735466cecf":"67d04399-e39c-4043-a50c-f0dc94e92d4c"},{"element-6066-11e4-a52e-4f735466cecf":"abddfa2e-a51a-4ae1-947a-dd82f1c86b2b"},{"element-6066-11e4-a52e-4f735466cecf":"66660ba6-a835-4480-b8a7-55b8a89a662d"},{"element-6066-11e4-a52e-4f735466cecf":"22a60253-34e4-4964-881b-f85715bd6da1"},{"element-6066-11e4-a52e-4f735466cecf":"a754d683-4671-4128-affe-0e423e7c9f4e"},{"element-6066-11e4-a52e-4f735466cecf":"1712926d-0eba-4f4b-a28d-dcbcbab1de84"},{"element-6066-11e4-a52e-4f735466cecf":"a7de7aa0-4d02-4fa8-88a0-11f037e4deea"},{"element-6066-11e4-a52e-4f735466cecf":"4a808967-8318-49ab-b449-08325145f69f"},{"element-6066-11e4-a52e-4f735466cecf":"609da9fd-4d27-4e62-b55c-9e604ee5b857"},{"element-6066-11e4-a52e-4f735466cecf":"4d730d53-1fad-4868-8708-12b9e94f735f"},{"element-6066-11e4-a52e-4f735466cecf":"65120dc4-dfc2-47c0-83b4-afdd3e4330b3"},{"element-6066-11e4-a52e-4f735466cecf":"1fe24f0d-92e1-44bc-8198-fad14e21e034"},{"element-6066-11e4-a52e-4f735466cecf":"4fe1fc78-748f-4869-87f5-8ddcb68f1e8d"},{"element-6066-11e4-a52e-4f735466cecf":"bba7a805-84dc-4838-a237-4a0cac1818c5"},{"element-6066-11e4-a52e-4f735466cecf":"ac21a2d5-e059-4d09-b483-d6bb47154ec9"},{"element-6066-11e4-a52e-4f735466cecf":"a2757107-bc2c-491e-b190-684789324600"},{"element-6066-11e4-a52e-4f735466cecf":"7dfd8f04-0cff-46e4-831b-0dd0ec87b954"},{"element-6066-11e4-a52e-4f735466cecf":"30d1a149-6b4d-4cee-9d55-711fcd85ac73"},{"element-6066-11e4-a52e-4f735466cecf":"1ad32f78-8b13-4749-9d5a-91d5bedfa7fe"},{"element-6066-11e4-a52e-4f735466cecf":"aee11ece-ec0f-48da-9290-38b180631c8b"},{"element-6066-11e4-a52e-4f735466cecf":"766c5af6-0cdd-4abe-a6aa-cbf8b0d53410"},{"element-6066-11e4-a52e-4f735466cecf":"15ba7aa6-9d09-48dc-85a4-9bbc8c74c6aa"},{"element-6066-11e4-a52e-4f735466cecf":"fcf341b8-2b22-4d09-bd41-d91b642af29e"},{"element-6066-11e4-a52e-4f735466cecf":"af34575d-60f0-4f71-a431-59d50f552cd2"},{"element-6066-11e4-a52e-4f735466cecf":"5f2b5b4f-3d0c-4cd1-8a50-3894fd7aa682"},{"element-6066-11e4-a52e-4f735466cecf":"e76feac6-2c10-4612-a627-8bce7fac719e"},{"element-6066-11e4-a52e-4f735466cecf":"6aa5ed20-e8e3-445a-8fae-1f7afcbae07e"},{"element-6066-11e4-a52e-4f735466cecf":"d589c51b-0972-4a34-b0ca-72c2b5152c7c"},{"element-6066-11e4-a52e-4f735466cecf":"defe645d-5606-4afb-a517-19a62c6b16a0"},{"element-6066-11e4-a52e-4f735466cecf":"e14d055f-32a0-4078-9f78-bac56dda887a"},{"element-6066-11e4-a52e-4f735466cecf":"87856a14-aa1f-4fdc-8e76-8a99ae89bdc3"},{"element-6066-11e4-a52e-4f735466cecf":"77c3c88b-e956-40cf-89e2-41703c200044"},{"element-6066-11e4-a52e-4f735466cecf":"dbf0f2fa-2148-461b-a98d-efbf913622c0"},{"element-6066-11e4-a52e-4f735466cecf":"e5082d12-500b-458c-8520-2fbc8b7a33e4"},{"element-6066-11e4-a52e-4f735466cecf":"f51c0800-af72-4b00-a58f-c67e3c2c4733"},{"element-6066-11e4-a52e-4f735466cecf":"4551fcf1-8a1f-49ef-924b-51e9f3db94ae"},{"element-6066-11e4-a52e-4f735466cecf":"84b847dd-9024-4d3c-ab41-ac0083d1d96a"},{"element-6066-11e4-a52e-4f735466cecf":"03beb18d-0dc4-48ae-846c-d49808c218d7"},{"element-6066-11e4-a52e-4f735466cecf":"bf7516ac-f08f-4718-a972-82b514be8b71"},{"element-6066-11e4-a52e-4f735466cecf":"28c4db41-1884-46cb-b4e3-cc4742040ef7"},{"element-6066-11e4-a52e-4f735466cecf":"3098f0a0-bfc7-4a79-88b5-3c53722362e4"},{"element-6066-11e4-a52e-4f735466cecf":"5f9d301b-5708-4a59-9e1b-323d4788e0c1"},{"element-6066-11e4-a52e-4f735466cecf":"92d26305-5568-4796-a1c1-63e278decfc6"},{"element-6066-11e4-a52e-4f735466cecf":"8099fa26-4a86-4b94-9368-d748f7306d98"},{"element-6066-11e4-a52e-4f735466cecf":"bc2b1b7a-c57c-413e-9caf-fce36adeefcd"},{"element-6066-11e4-a52e-4f735466cecf":"68c46e84-003f-4fcd-9201-17ebba98e419"},{"element-6066-11e4-a52e-4f735466cecf":"7e365909-911c-498a-aeb6-79d5963b36fc"},{"element-6066-11e4-a52e-4f735466cecf":"85da9de6-2e37-4f4c-9b36-d7f78c1a4c8d"},{"element-6066-11e4-a52e-4f735466cecf":"0849adc5-44c1-4485-b4a6-e070909bb374"},{"element-6066-11e4-a52e-4f735466cecf":"84495ae3-7fb3-4c3b-b8ef-e151f9932bf9"},{"element-6066-11e4-a52e-4f735466cecf":"e8d35d16-bbb5-47c1-961f-a7f7c063084c"},{"element-6066-11e4-a52e-4f735466cecf":"da6a5bfe-15ff-460e-b5f4-c765b1a45077"},{"element-6066-11e4-a52e-4f735466cecf":"889786bc-51fa-477f-a9d2-c98e9fa9a8f2"},{"element-6066-11e4-a52e-4f735466cecf":"12b77d5f-39ab-4897-a358-2281142f73e5"},{"element-6066-11e4-a52e-4f735466cecf":"3f3ed308-af37-46db-ac4c-f7b7702d7676"},{"element-6066-11e4-a52e-4f735466cecf":"4da202e0-9304-4d63-8daf-a95185fee02b"},{"element-6066-11e4-a52e-4f735466cecf":"d7276433-6998-44a5-bf0d-7014827c9d31"},{"element-6066-11e4-a52e-4f735466cecf":"b40d6363-b980-4253-956e-63dc26c9db46"},{"element-6066-11e4-a52e-4f735466cecf":"434fd8c3-041a-44e0-9087-58cfddc5c64f"},{"element-6066-11e4-a52e-4f735466cecf":"6e02ada6-58c1-460a-9d29-40dcd25b164c"},{"element-6066-11e4-a52e-4f735466cecf":"b8a4a506-306f-456f-8d22-1760b60252b8"},{"element-6066-11e4-a52e-4f735466cecf":"e72f1ed3-1c15-4146-9e00-78d34adf9c53"},{"element-6066-11e4-a52e-4f735466cecf":"3ce829b5-a10e-47b9-953b-e37fe7598e95"},{"element-6066-11e4-a52e-4f735466cecf":"dcafcb6a-0142-4882-ae1c-d8f8ea0e3960"},{"element-6066-11e4-a52e-4f735466cecf":"45664562-c18f-4e71-8215-4b5817948bb7"},{"element-6066-11e4-a52e-4f735466cecf":"fb6f9b11-632b-40a9-8b32-c6842d550b75"},{"element-6066-11e4-a52e-4f735466cecf":"142b0c0d-42ae-47e1-9fa1-019c0668e049"},{"element-6066-11e4-a52e-4f735466cecf":"7b462f9c-2f1a-4b53-bd07-ba9b95f6afe4"},{"element-6066-11e4-a52e-4f735466cecf":"5e1e7925-58d5-456c-9fc9-0ed64949cfc1"},{"element-6066-11e4-a52e-4f735466cecf":"948e4b7a-8521-42e4-851a-367c5eaac22f"},{"element-6066-11e4-a52e-4f735466cecf":"5a8ea564-8813-46bd-b949-d462def84faf"},{"element-6066-11e4-a52e-4f735466cecf":"4e4b3e68-9cdd-4565-a78f-7eb17fb94c44"},{"element-6066-11e4-a52e-4f735466cecf":"348e07be-16aa-4891-97d8-943cae475321"},{"element-6066-11e4-a52e-4f735466cecf":"0a3b03f7-ed37-43b2-aa02-c60ba742c4d6"},{"element-6066-11e4-a52e-4f735466cecf":"a4fd3883-c679-4160-9407-d2268f101863"},{"element-6066-11e4-a52e-4f735466cecf":"cc56c1c8-cb2a-4a84-953c-333198c8284b"},{"element-6066-11e4-a52e-4f735466cecf":"25e9cade-e6cb-4ccb-8f8b-da5a681c6065"},{"element-6066-11e4-a52e-4f735466cecf":"167bae05-22b7-4940-9b56-02af94dc0a28"},{"element-6066-11e4-a52e-4f735466cecf":"9ffd7621-c8cf-4c3d-8689-b797985d5cf1"},{"element-6066-11e4-a52e-4f735466cecf":"41b2e8bc-6466-4bf4-bda8-b75bb13f66f2"},{"element-6066-11e4-a52e-4f735466cecf":"2509f81c-0d66-4de4-a42c-fcb804443148"},{"element-6066-11e4-a52e-4f735466cecf":"a237fa31-c98b-446c-80df-61d3251020f6"},{"element-6066-11e4-a52e-4f735466cecf":"a908a71b-d4f1-4036-8800-5b8932378c41"},{"element-6066-11e4-a52e-4f735466cecf":"4bfd9d5e-9543-458e-b50a-c9d6650851e6"},{"element-6066-11e4-a52e-4f735466cecf":"e101db1d-548c-4efd-a79e-24af07e437af"},{"element-6066-11e4-a52e-4f735466cecf":"bd311ddc-0183-4cd5-934e-f73d92556207"},{"element-6066-11e4-a52e-4f735466cecf":"8f59ffa2-b01d-467e-9082-6f42b4847e4a"},{"element-6066-11e4-a52e-4f735466cecf":"460907e2-5a5f-41b1-b102-74972dc27c49"},{"element-6066-11e4-a52e-4f735466cecf":"d0fa976f-dc59-4956-9a9f-b15f0aa586a6"},{"element-6066-11e4-a52e-4f735466cecf":"5a58577a-a524-4e89-b1d9-1370420b55a6"},{"element-6066-11e4-a52e-4f735466cecf":"5af84cf5-b9f1-4807-976f-de781b91dcb5"},{"element-6066-11e4-a52e-4f735466cecf":"ed1e05ad-714e-4037-ad46-b609fcaddb84"},{"element-6066-11e4-a52e-4f735466cecf":"4524f34a-e7ce-4bc0-b081-4873b8965c43"},{"element-6066-11e4-a52e-4f735466cecf":"f5208382-be17-4b47-8808-7a5544c6a3a5"},{"element-6066-11e4-a52e-4f735466cecf":"7f1251ff-7cb8-457c-a526-8633c9d9b398"},{"element-6066-11e4-a52e-4f735466cecf":"92109f5d-ff06-4034-bc3c-3730011161d6"},{"element-6066-11e4-a52e-4f735466cecf":"c11f5e2b-c630-4f75-b89a-e6274ec3a233"},{"element-6066-11e4-a52e-4f735466cecf":"a919065c-a2d0-4a7b-a66b-6238494a7618"},{"element-6066-11e4-a52e-4f735466cecf":"fba36457-c9e8-4a11-9558-1898a84197cd"},{"element-6066-11e4-a52e-4f735466cecf":"26521578-acba-463c-bae7-95f41cdc3295"},{"element-6066-11e4-a52e-4f735466cecf":"19df276e-36c1-40b9-a6ba-17caaf84b6ca"},{"element-6066-11e4-a52e-4f735466cecf":"d30772d8-28fb-480d-9267-0e71a05b466e"},{"element-6066-11e4-a52e-4f735466cecf":"a5c46ff5-b184-4d69-abef-45e0b5b81674"},{"element-6066-11e4-a52e-4f735466cecf":"cce6a22a-900a-4bbb-8377-7bb8e03e6465"},{"element-6066-11e4-a52e-4f735466cecf":"2c3fb5d7-1b18-438e-9e1d-ce07678ecbe9"},{"element-6066-11e4-a52e-4f735466cecf":"1e159d83-8e0f-4d68-bf63-a561b3f885a0"},{"element-6066-11e4-a52e-4f735466cecf":"32346c0d-8d91-4df9-8d41-22057bdd2c5f"},{"element-6066-11e4-a52e-4f735466cecf":"8a6fbf69-8c8e-49b8-a95f-2709d1415d44"},{"element-6066-11e4-a52e-4f735466cecf":"e90258a3-1b88-479d-8965-b56264585b59"},{"element-6066-11e4-a52e-4f735466cecf":"136e661a-b018-439b-9c79-3233593d9be1"},{"element-6066-11e4-a52e-4f735466cecf":"4375251b-7d18-4d0c-aae7-03ccf944796a"},{"element-6066-11e4-a52e-4f735466cecf":"101f6837-f5ec-4b8e-aa2a-89657502e508"},{"element-6066-11e4-a52e-4f735466cecf":"e0a455ed-56ed-4440-a324-235cf0ec21b1"},{"element-6066-11e4-a52e-4f735466cecf":"bac66ae6-816b-4084-a0d1-ca87ab067b92"},{"element-6066-11e4-a52e-4f735466cecf":"c777d147-76e8-4422-907f-61da308d89e3"},{"element-6066-11e4-a52e-4f735466cecf":"9ae1dd79-c0d1-4e06-b439-810800baff57"},{"element-6066-11e4-a52e-4f735466cecf":"f9aa8cca-b324-4064-a284-9fa9a5482e49"},{"element-6066-11e4-a52e-4f735466cecf":"99a10d07-fb9a-4d5d-a8dc-d75f44069a94"},{"element-6066-11e4-a52e-4f735466cecf":"9e21f20d-8186-47ed-a816-bda5f947ef87"},{"element-6066-11e4-a52e-4f735466cecf":"ac42816e-1c53-4dcf-b6ee-1f4ebf47a242"},{"element-6066-11e4-a52e-4f735466cecf":"7522ba07-e826-4cc8-b11d-cec2c43727ce"},{"element-6066-11e4-a52e-4f735466cecf":"690896fb-1d34-40f5-9f04-81150a66f12a"},{"element-6066-11e4-a52e-4f735466cecf":"29385704-e7f0-46fc-ab6e-a947722ce80b"},{"element-6066-11e4-a52e-4f735466cecf":"b4356a2a-771a-4f96-b635-9d66caa9419b"},{"element-6066-11e4-a52e-4f735466cecf":"042be5c0-1606-4157-934e-5ec697a86101"},{"element-6066-11e4-a52e-4f735466cecf":"d3f174d2-0619-4f6c-aca9-f761224bd782"},{"element-6066-11e4-a52e-4f735466cecf":"9ff09727-9eae-4900-b2d9-de554ff441c2"},{"element-6066-11e4-a52e-4f735466cecf":"9132eec6-f1ca-49be-aa1b-b77f5444487a"},{"element-6066-11e4-a52e-4f735466cecf":"05951897-5def-4fe1-b573-85eb6594ca5f"},{"element-6066-11e4-a52e-4f735466cecf":"edc2de24-3e8e-4437-9e02-2c5eb7a46f28"},{"element-6066-11e4-a52e-4f735466cecf":"ce361547-4041-4b9b-9257-4f510f0ff775"},{"element-6066-11e4-a52e-4f735466cecf":"9510d8e7-5334-4d5e-870e-375910e09b6b"},{"element-6066-11e4-a52e-4f735466cecf":"17025b4f-fda9-4f90-bfd6-b82503a769dc"},{"element-6066-11e4-a52e-4f735466cecf":"4281b3d6-94b4-4281-b1f3-151dedfb1a36"},{"element-6066-11e4-a52e-4f735466cecf":"808eb5a2-fc47-49c1-b16f-7d8946609424"},{"element-6066-11e4-a52e-4f735466cecf":"ad251c33-5393-44db-9bb1-299cdcd4b1da"},{"element-6066-11e4-a52e-4f735466cecf":"c322f285-6ec7-43f5-aa85-6da04af8f536"},{"element-6066-11e4-a52e-4f735466cecf":"73418164-95c4-4bf0-b30e-330590ecd1d7"},{"element-6066-11e4-a52e-4f735466cecf":"8ec2af7f-3aab-4fe9-8097-4a5f000d12fd"},{"element-6066-11e4-a52e-4f735466cecf":"2e2e9445-1263-42c5-979f-1e9556201c59"},{"element-6066-11e4-a52e-4f735466cecf":"f2e27668-2ba5-4b39-bacc-0cd8db90232b"},{"element-6066-11e4-a52e-4f735466cecf":"af31f179-502e-4598-b704-1e00410ab2d6"},{"element-6066-11e4-a52e-4f735466cecf":"78938b98-8edb-4a01-bdfe-23616c83083f"},{"element-6066-11e4-a52e-4f735466cecf":"597dabf5-10b5-44cd-83e8-f2fd2a800924"},{"element-6066-11e4-a52e-4f735466cecf":"5c68766d-5d1b-44c9-a4de-9cbf32f51ee3"},{"element-6066-11e4-a52e-4f735466cecf":"b38b3987-2d4d-4ecc-bc4f-555ce65dd65c"},{"element-6066-11e4-a52e-4f735466cecf":"99591066-dd48-4076-b474-d36ac9749259"},{"element-6066-11e4-a52e-4f735466cecf":"b308f47a-7c51-46ff-8078-6ac609647931"},{"element-6066-11e4-a52e-4f735466cecf":"199d2172-bf61-4f28-9680-9ade9acc93e7"},{"element-6066-11e4-a52e-4f735466cecf":"265cc198-3737-4f14-8935-6849c81214b2"},{"element-6066-11e4-a52e-4f735466cecf":"4dda7693-634c-4662-b85c-0d6d6bcd7e6a"},{"element-6066-11e4-a52e-4f735466cecf":"55efbd55-1138-417d-b09a-1761c236405b"},{"element-6066-11e4-a52e-4f735466cecf":"f2f75f1e-844e-47d6-b651-b07c20be874e"},{"element-6066-11e4-a52e-4f735466cecf":"ee5858d9-b925-4064-a2e6-5e604cab1407"},{"element-6066-11e4-a52e-4f735466cecf":"fe6ea3ab-8f8c-45e5-9a6a-ee995ed97a6a"},{"element-6066-11e4-a52e-4f735466cecf":"5b8e36bd-7027-45f5-8b2c-e3b622f9357d"},{"element-6066-11e4-a52e-4f735466cecf":"bed1d054-eb84-4b15-b63d-5f118b76bdac"},{"element-6066-11e4-a52e-4f735466cecf":"21cdc3c2-eb43-4bb7-ad69-c9d32d08c511"},{"element-6066-11e4-a52e-4f735466cecf":"bc4f9990-0fde-421d-9680-50123bce2d86"},{"element-6066-11e4-a52e-4f735466cecf":"17db4c7e-a637-46a9-8a27-a66e05f03e26"},{"element-6066-11e4-a52e-4f735466cecf":"0703bfb8-5169-4698-a54d-6066222a21bf"},{"element-6066-11e4-a52e-4f735466cecf":"217de949-2ac8-45e8-86f1-6eb1a7913cef"},{"element-6066-11e4-a52e-4f735466cecf":"046c9867-8870-4320-81a4-3fc2eca48d9c"},{"element-6066-11e4-a52e-4f735466cecf":"4d08b507-876d-4d54-a946-96b0db35020a"},{"element-6066-11e4-a52e-4f735466cecf":"58c08e5b-00db-4b1a-acb5-bf0fff80d1e2"},{"element-6066-11e4-a52e-4f735466cecf":"f3ea380f-1ce9-4d96-a680-c78cca4d2aa0"},{"element-6066-11e4-a52e-4f735466cecf":"02a9852a-d58d-497c-98e4-780ec51436ad"},{"element-6066-11e4-a52e-4f735466cecf":"3337f069-f158-44ea-b803-8e6449d0bcb4"},{"element-6066-11e4-a52e-4f735466cecf":"55d4375d-def9-40f3-8f4c-f2e15ca90c06"},{"element-6066-11e4-a52e-4f735466cecf":"d3e4928e-c61d-43e9-b7b7-4ca4cd27a176"},{"element-6066-11e4-a52e-4f735466cecf":"c3dd116c-8e29-4b13-bf63-ae9ac2c547e2"},{"element-6066-11e4-a52e-4f735466cecf":"bb89cdc1-9076-44aa-90bd-726259fb2eaa"},{"element-6066-11e4-a52e-4f735466cecf":"11d19eb6-7d64-4b10-a0bd-9d25d99e47d1"},{"element-6066-11e4-a52e-4f735466cecf":"27b62c46-c459-44f7-8794-2861c08bf4e8"},{"element-6066-11e4-a52e-4f735466cecf":"b4595579-55cf-4299-bed7-3b5dc9a7be0a"},{"element-6066-11e4-a52e-4f735466cecf":"0cd3f2a4-09f6-42d5-a339-77d8635651a1"},{"element-6066-11e4-a52e-4f735466cecf":"3d0198c6-db7e-4b03-a9eb-517208478483"},{"element-6066-11e4-a52e-4f735466cecf":"8ce184db-f61b-4158-b1fe-1312de07faf5"},{"element-6066-11e4-a52e-4f735466cecf":"79c6b4d3-3dc5-4a5f-a14a-12208cd9d0c6"},{"element-6066-11e4-a52e-4f735466cecf":"4a614d76-f1fe-4b94-be45-fc0e54e3f179"},{"element-6066-11e4-a52e-4f735466cecf":"2b90446a-e8bd-48c6-9c63-4e71203a54b3"},{"element-6066-11e4-a52e-4f735466cecf":"6929d8c3-d6af-434a-83dd-a622210793be"},{"element-6066-11e4-a52e-4f735466cecf":"42750cfd-3a5a-40f6-bcdc-c4a17e800033"},{"element-6066-11e4-a52e-4f735466cecf":"933608e1-d6cd-4250-ba47-ad95da3a5bf9"},{"element-6066-11e4-a52e-4f735466cecf":"11a3f927-abba-4e74-aab6-ff6a764dcf0e"},{"element-6066-11e4-a52e-4f735466cecf":"a935ffe4-af55-4603-9dd6-b77dd94daa66"},{"element-6066-11e4-a52e-4f735466cecf":"d5c074be-ea67-49fb-b9a9-0cff50ac67d8"},{"element-6066-11e4-a52e-4f735466cecf":"f61da0a1-5607-4109-b601-05cfd02412c8"},{"element-6066-11e4-a52e-4f735466cecf":"fcf012e3-ee1a-4399-b495-6062ae6daad5"},{"element-6066-11e4-a52e-4f735466cecf":"786ce849-e39d-4f36-b78f-de3d0507f2da"},{"element-6066-11e4-a52e-4f735466cecf":"f73d48b8-7bca-44d3-bfd7-c579c1a7d15e"},{"element-6066-11e4-a52e-4f735466cecf":"b7be3440-05c7-4188-ae85-e7f13a76961f"},{"element-6066-11e4-a52e-4f735466cecf":"2f4dc10f-4db9-45cc-a081-9b975f7769a2"},{"element-6066-11e4-a52e-4f735466cecf":"4713bcf4-b5eb-4519-9715-17e23b87a560"},{"element-6066-11e4-a52e-4f735466cecf":"db0f9b8e-d140-4d7e-b7e2-66019401f072"},{"element-6066-11e4-a52e-4f735466cecf":"122b0f4e-2e2f-4bbb-bca1-046817168eb7"},{"element-6066-11e4-a52e-4f735466cecf":"fa00ddd0-1595-4fad-8037-370d5e077d0f"},{"element-6066-11e4-a52e-4f735466cecf":"e108a6f3-7896-4050-a4ca-0222e10b29b8"},{"element-6066-11e4-a52e-4f735466cecf":"c4ca346d-0e86-4bf7-80a6-a9d7c72344d9"},{"element-6066-11e4-a52e-4f735466cecf":"7c979dd1-4e1d-4c4a-98eb-520295fd7d20"},{"element-6066-11e4-a52e-4f735466cecf":"0a25770d-7be5-4cb4-9280-c39f8a32f358"},{"element-6066-11e4-a52e-4f735466cecf":"240804eb-5701-4b15-89af-f9bcdb046e6e"},{"element-6066-11e4-a52e-4f735466cecf":"31731732-871e-4bf3-b6ea-d8178167d56d"},{"element-6066-11e4-a52e-4f735466cecf":"4bd500c3-8aaf-4002-bcf4-3e0f3c1e6318"},{"element-6066-11e4-a52e-4f735466cecf":"27c86fab-0c55-4ef7-868c-0d2e69ad5825"},{"element-6066-11e4-a52e-4f735466cecf":"87d12238-1514-4efd-9cd9-3bed02dca3d4"},{"element-6066-11e4-a52e-4f735466cecf":"5660b2f9-617d-413a-a8ef-745f923d2e5e"},{"element-6066-11e4-a52e-4f735466cecf":"e3356806-385f-4e87-b537-f2b9daaceb66"},{"element-6066-11e4-a52e-4f735466cecf":"7e8ed1fd-8d45-4961-b550-21cf0e97b9f2"},{"element-6066-11e4-a52e-4f735466cecf":"00c85934-a0ef-4a41-89b0-0c97a17234c9"},{"element-6066-11e4-a52e-4f735466cecf":"24e98598-c2f9-4ebd-9596-830a9e172b9a"},{"element-6066-11e4-a52e-4f735466cecf":"8d60543e-055a-42ac-924c-a8eae998426d"},{"element-6066-11e4-a52e-4f735466cecf":"996f5d77-6c65-47b4-bb49-73987bb33bd2"},{"element-6066-11e4-a52e-4f735466cecf":"365cc1b5-cd5a-4208-9ac0-9534b7cabea3"},{"element-6066-11e4-a52e-4f735466cecf":"b318ced9-7624-4d53-97b7-abc28a42b1d5"},{"element-6066-11e4-a52e-4f735466cecf":"dd47fa89-7747-495e-8cd0-e03fb3ec46fe"},{"element-6066-11e4-a52e-4f735466cecf":"091e38e2-8bf8-42de-8a53-4651a776ce51"},{"element-6066-11e4-a52e-4f735466cecf":"e826514d-5860-40de-84e8-79a94ca8592a"},{"element-6066-11e4-a52e-4f735466cecf":"22ef0191-e8ed-4dc9-90b6-46b1a77b5f0a"},{"element-6066-11e4-a52e-4f735466cecf":"65e07979-d7f8-44c0-814b-7151d0b426fc"},{"element-6066-11e4-a52e-4f735466cecf":"0743ec99-c0a9-463c-aaf9-da321ca711bd"},{"element-6066-11e4-a52e-4f735466cecf":"5e54a91a-fce8-4c83-a520-b932dcb99698"},{"element-6066-11e4-a52e-4f735466cecf":"4294be3f-55d7-4424-b77d-803f6f01c68a"},{"element-6066-11e4-a52e-4f735466cecf":"45484044-1788-4ebc-84b2-d7fc925a3243"},{"element-6066-11e4-a52e-4f735466cecf":"4807c0e3-e616-48e3-8fe1-e10e9e89e154"},{"element-6066-11e4-a52e-4f735466cecf":"080561bc-d288-4973-ac66-7730c7d52056"},{"element-6066-11e4-a52e-4f735466cecf":"ee6d217b-21a9-40b4-b0f5-7e13c146ed10"},{"element-6066-11e4-a52e-4f735466cecf":"6526526a-347b-4fe1-a286-5e0c078b7c67"},{"element-6066-11e4-a52e-4f735466cecf":"4600d174-000e-46df-8767-57479b84a885"},{"element-6066-11e4-a52e-4f735466cecf":"0590ab58-e0a1-4d46-b890-f4dafde9071d"},{"element-6066-11e4-a52e-4f735466cecf":"6a348298-7151-415d-9934-b30c7d5d25aa"},{"element-6066-11e4-a52e-4f735466cecf":"5f939585-fce9-4366-a451-ad7bfd4649b6"},{"element-6066-11e4-a52e-4f735466cecf":"2503edd3-5e48-4854-8b95-e1a667e8eab1"},{"element-6066-11e4-a52e-4f735466cecf":"0c0943d8-4a06-45b9-9efc-7dfa7a152c8f"},{"element-6066-11e4-a52e-4f735466cecf":"01c82651-1a73-4495-a101-07c4f8dacbd7"},{"element-6066-11e4-a52e-4f735466cecf":"82c8d02f-c4cc-400f-a445-a39ecbc22452"},{"element-6066-11e4-a52e-4f735466cecf":"856e1f60-a19b-43ae-a735-3e09963094e2"},{"element-6066-11e4-a52e-4f735466cecf":"0ccae5fb-f81a-4703-a3a1-aac2e800a106"},{"element-6066-11e4-a52e-4f735466cecf":"712615a2-99fe-4c28-a6b9-7887450c1867"},{"element-6066-11e4-a52e-4f735466cecf":"3b4d4dff-a34b-4919-8f6d-fd3f4ff1b9ea"},{"element-6066-11e4-a52e-4f735466cecf":"db427cca-3b55-4672-b211-d8f0f4eca0c6"},{"element-6066-11e4-a52e-4f735466cecf":"2a58ae1e-5aaf-4f75-a88c-9e9a0747ea47"},{"element-6066-11e4-a52e-4f735466cecf":"1de67f22-ec9d-4916-a3e3-3412841b44b7"},{"element-6066-11e4-a52e-4f735466cecf":"3ab61fea-afb9-4f8c-9a27-4b9cf46375eb"},{"element-6066-11e4-a52e-4f735466cecf":"4d22d1d1-1b52-454c-aa89-ccb42eb51346"},{"element-6066-11e4-a52e-4f735466cecf":"917821cf-6a77-4a53-8c6e-13cf361b1c26"},{"element-6066-11e4-a52e-4f735466cecf":"f07b8328-c1b5-4c84-8042-6d5af3c74a3c"},{"element-6066-11e4-a52e-4f735466cecf":"5298052e-ae33-40f1-ab32-1df8176da60d"},{"element-6066-11e4-a52e-4f735466cecf":"bb458671-6044-4132-8b64-c93a65d867be"},{"element-6066-11e4-a52e-4f735466cecf":"52fb132d-d729-4036-8c2c-91056a9fbf7c"},{"element-6066-11e4-a52e-4f735466cecf":"4d87ccf5-2507-4275-8919-cb0158cdd176"},{"element-6066-11e4-a52e-4f735466cecf":"93ae5642-8c44-42e7-b35c-2987ed395d81"},{"element-6066-11e4-a52e-4f735466cecf":"809fee7f-2eb9-41d4-abbb-f313d7506c99"},{"element-6066-11e4-a52e-4f735466cecf":"a6e4b21e-affa-40b4-974c-b2bb46f5867c"},{"element-6066-11e4-a52e-4f735466cecf":"0874612f-d0b9-4613-b404-304b809f5033"},{"element-6066-11e4-a52e-4f735466cecf":"8a4d6e8a-00a3-49d5-b842-eae8056f1d16"},{"element-6066-11e4-a52e-4f735466cecf":"0f3ad2f0-850c-466f-bc8a-e20f4ea26d51"},{"element-6066-11e4-a52e-4f735466cecf":"eaaef4ca-6739-4d54-8bec-a374f642c57d"},{"element-6066-11e4-a52e-4f735466cecf":"7609b55f-4ad5-4ad9-8cc0-e2615cb1138a"},{"element-6066-11e4-a52e-4f735466cecf":"cc35c204-daee-4b86-992e-44c6ef494fa8"},{"element-6066-11e4-a52e-4f735466cecf":"ab825025-2e9a-4310-970c-bcdf3baad3f4"},{"element-6066-11e4-a52e-4f735466cecf":"b6c07bf1-986f-456d-9d75-04fc11858343"},{"element-6066-11e4-a52e-4f735466cecf":"caeaae75-94ee-4398-bf5e-57cfd54eac3f"},{"element-6066-11e4-a52e-4f735466cecf":"c346c7e1-1d39-4e1b-a6e0-63a04a2ba46e"},{"element-6066-11e4-a52e-4f735466cecf":"8a598433-feec-4a1e-bbfd-57267fb1920c"},{"element-6066-11e4-a52e-4f735466cecf":"85b4b750-9018-41b6-8270-591d03a5f306"},{"element-6066-11e4-a52e-4f735466cecf":"4bb384f9-c547-4e43-be65-130953313c00"},{"element-6066-11e4-a52e-4f735466cecf":"6e740f9a-d1b7-4d9f-aa75-efa816e12de1"},{"element-6066-11e4-a52e-4f735466cecf":"648fc267-f019-47b7-a94e-5cd84745b03a"},{"element-6066-11e4-a52e-4f735466cecf":"e2185bbb-a291-4732-804e-2eb6bca77987"},{"element-6066-11e4-a52e-4f735466cecf":"4ff8fcd9-7800-4292-940b-f5330ca3095f"},{"element-6066-11e4-a52e-4f735466cecf":"f8adcace-25b0-43fa-a5a9-3d7c91a9a9e1"},{"element-6066-11e4-a52e-4f735466cecf":"5290b8ff-910b-4f17-8acc-2878db13d85d"},{"element-6066-11e4-a52e-4f735466cecf":"79885409-9447-45dd-86ad-e1e09332948f"},{"element-6066-11e4-a52e-4f735466cecf":"f11120bd-2df5-4a7e-b835-0869376e2bfb"},{"element-6066-11e4-a52e-4f735466cecf":"569b623b-6c7e-45d1-90cd-6f4296466bac"},{"element-6066-11e4-a52e-4f735466cecf":"1f93cd5d-c2fe-4716-b3c3-51a9f834592b"},{"element-6066-11e4-a52e-4f735466cecf":"22dd9491-e555-4d73-a8b7-1bac47255d78"},{"element-6066-11e4-a52e-4f735466cecf":"60080fc5-24c7-4432-bde8-04ed6b696001"},{"element-6066-11e4-a52e-4f735466cecf":"85acb693-494c-4650-b510-0824910280a1"},{"element-6066-11e4-a52e-4f735466cecf":"c964f0b2-073a-4f01-bb19-69f26a04fd97"},{"element-6066-11e4-a52e-4f735466cecf":"74f73650-4c92-41e4-b134-bece3663874c"},{"element-6066-11e4-a52e-4f735466cecf":"64de3333-4169-4aab-9c61-a41566eb751a"},{"element-6066-11e4-a52e-4f735466cecf":"3f465505-8fd3-4a2a-85a8-dcec47991781"},{"element-6066-11e4-a52e-4f735466cecf":"7bd94a23-1b30-473a-941a-ddc8a4976c46"},{"element-6066-11e4-a52e-4f735466cecf":"28d6832d-212e-4530-8016-d307df1cd17c"},{"element-6066-11e4-a52e-4f735466cecf":"f4bf7c35-fc21-4ea6-bdff-67b0b4ebda88"},{"element-6066-11e4-a52e-4f735466cecf":"f3559498-be6d-476e-9999-bceb758e591a"},{"element-6066-11e4-a52e-4f735466cecf":"de8dc4b9-ca4e-4d4e-b074-29f0f1f49a1e"},{"element-6066-11e4-a52e-4f735466cecf":"912349f3-0106-4db4-a548-4f9e341e26b3"},{"element-6066-11e4-a52e-4f735466cecf":"6c45ec70-4198-4136-9e5a-ef3ac4f9526b"},{"element-6066-11e4-a52e-4f735466cecf":"62c48a8a-39f0-47b6-bab6-de874f70f03a"},{"element-6066-11e4-a52e-4f735466cecf":"48b1fd3f-7a55-4e95-9217-3a0c7d8bc53e"},{"element-6066-11e4-a52e-4f735466cecf":"099d6fcc-e019-4d8f-ad23-2ff5047ac292"},{"element-6066-11e4-a52e-4f735466cecf":"277f6c5f-a984-4096-ba46-6e9da47478b8"},{"element-6066-11e4-a52e-4f735466cecf":"ab8205b2-8371-404a-ba3c-58dbff86c495"},{"element-6066-11e4-a52e-4f735466cecf":"4e7ab5de-9b4b-49c4-90ec-abb56f5d7c99"},{"element-6066-11e4-a52e-4f735466cecf":"39741792-529f-4da2-861d-6c9e629d32e3"},{"element-6066-11e4-a52e-4f735466cecf":"306afc0a-1fb8-491c-8d43-910446a2df02"},{"element-6066-11e4-a52e-4f735466cecf":"27f3d587-2e7b-46a0-b552-bf53a098bdc7"},{"element-6066-11e4-a52e-4f735466cecf":"07eca063-301b-410c-8b91-72d986d01c0e"},{"element-6066-11e4-a52e-4f735466cecf":"b8bb9a85-0e9f-47d5-aa80-2fefa4bcbe85"},{"element-6066-11e4-a52e-4f735466cecf":"7abe994e-14cc-4cb3-b4e6-8f06cb09e596"},{"element-6066-11e4-a52e-4f735466cecf":"21091f8d-be3a-4de9-9935-2a64b17ad2b1"},{"element-6066-11e4-a52e-4f735466cecf":"2f3d5351-d0e8-4109-a652-8a7439ef5b6a"},{"element-6066-11e4-a52e-4f735466cecf":"dc1c6895-3ebd-4cac-9191-2922d5780674"},{"element-6066-11e4-a52e-4f735466cecf":"6ba0752e-9c35-4661-90f7-b4bf40a53d20"},{"element-6066-11e4-a52e-4f735466cecf":"ed637001-1a0d-4016-bd52-9581c6db67c8"},{"element-6066-11e4-a52e-4f735466cecf":"f868cc70-e741-4106-ac61-081237459f88"},{"element-6066-11e4-a52e-4f735466cecf":"8c76471d-102c-49cf-9e76-b35f0c9507c5"},{"element-6066-11e4-a52e-4f735466cecf":"04194ca4-6e25-4b99-9614-0fe269079c3f"},{"element-6066-11e4-a52e-4f735466cecf":"508d80ba-9dfc-4701-9842-e1c6f0bfb808"},{"element-6066-11e4-a52e-4f735466cecf":"16935dcd-8f25-4657-bbb0-3aac92fd44b7"},{"element-6066-11e4-a52e-4f735466cecf":"ea36f631-524b-43e6-b00c-b486d7ba58de"},{"element-6066-11e4-a52e-4f735466cecf":"53169752-2a59-4242-a534-87e25633f4e8"},{"element-6066-11e4-a52e-4f735466cecf":"cb7c9d7b-2185-499b-875f-0ea0b5a57171"},{"element-6066-11e4-a52e-4f735466cecf":"f5eca272-aa89-4000-afa5-7418ebe6109f"},{"element-6066-11e4-a52e-4f735466cecf":"e7eec045-70ed-4dbe-ab3d-ceb4bafe43fa"},{"element-6066-11e4-a52e-4f735466cecf":"c18cb37f-9c8c-4224-a662-03196078c257"},{"element-6066-11e4-a52e-4f735466cecf":"06d974ab-f4ec-488b-8465-a40bad5be0c5"},{"element-6066-11e4-a52e-4f735466cecf":"598739a2-04ed-474d-9269-17255c4221cb"},{"element-6066-11e4-a52e-4f735466cecf":"5cdff00d-3064-4c22-b0db-7a6e21db66f1"},{"element-6066-11e4-a52e-4f735466cecf":"4fd3018d-784e-4e2a-9b70-0796e0d0f165"},{"element-6066-11e4-a52e-4f735466cecf":"eb2a3da1-38b9-4ca7-9bcd-1448b4ffdfdc"},{"element-6066-11e4-a52e-4f735466cecf":"372afbd9-8d8e-4f95-b4d4-35c600d05630"},{"element-6066-11e4-a52e-4f735466cecf":"9a34f386-66db-4476-8736-ad7d731d4ac2"},{"element-6066-11e4-a52e-4f735466cecf":"9348ff6c-50bb-4c18-ac1d-5fedc227e7fe"},{"element-6066-11e4-a52e-4f735466cecf":"ed1fa489-fb99-47d2-83ce-8a65bff6cece"},{"element-6066-11e4-a52e-4f735466cecf":"30b77986-8de0-4427-aca1-99011174dd88"},{"element-6066-11e4-a52e-4f735466cecf":"cef6b52b-5959-4f76-a38e-ba1862cc34ca"},{"element-6066-11e4-a52e-4f735466cecf":"a46d6c42-265f-4761-873b-e6c9a53bf078"},{"element-6066-11e4-a52e-4f735466cecf":"c2b9084e-73cb-4cee-bda1-16d2d87553bd"},{"element-6066-11e4-a52e-4f735466cecf":"c5d186e1-3b2c-4be5-8371-956b5c49b7db"},{"element-6066-11e4-a52e-4f735466cecf":"e0c84547-8024-4bed-aa4e-89a15e9c0ec4"},{"element-6066-11e4-a52e-4f735466cecf":"659d8e9a-bb84-482e-9c62-f6211bb4fdc4"},{"element-6066-11e4-a52e-4f735466cecf":"2ebe374e-ab04-414c-ba0d-8536784d708f"},{"element-6066-11e4-a52e-4f735466cecf":"f665f7f1-2bf6-4898-bb79-1e9f10e4adce"},{"element-6066-11e4-a52e-4f735466cecf":"8207a942-4a21-4fce-b9ac-452696a51e55"},{"element-6066-11e4-a52e-4f735466cecf":"cea167bb-383d-4077-81b0-4dde10d8baab"},{"element-6066-11e4-a52e-4f735466cecf":"8036b941-6b1d-491b-8181-00c5f86fba38"},{"element-6066-11e4-a52e-4f735466cecf":"e192c7ca-1aa5-4767-b824-77bd35a5b006"},{"element-6066-11e4-a52e-4f735466cecf":"a0b5d6bf-1f26-42d3-ae82-768eff25d841"},{"element-6066-11e4-a52e-4f735466cecf":"b81c1273-4d7e-4025-a5c4-69a2a95d2736"},{"element-6066-11e4-a52e-4f735466cecf":"0a2e3300-8a7c-4db6-adc2-f28856fa6ace"},{"element-6066-11e4-a52e-4f735466cecf":"93524c9c-0984-476c-bf82-c6b92c9c4b76"},{"element-6066-11e4-a52e-4f735466cecf":"0cc8da26-09ec-4134-a22b-7cc2a2bdf28d"},{"element-6066-11e4-a52e-4f735466cecf":"6d4abba5-a8b7-465b-ad09-5cbcb50d842d"},{"element-6066-11e4-a52e-4f735466cecf":"679be28e-9897-4ef6-835d-654c14ec5417"},{"element-6066-11e4-a52e-4f735466cecf":"7b9803bb-f8db-4104-bc83-d165c1c0a26e"},{"element-6066-11e4-a52e-4f735466cecf":"380e4243-baae-42b2-86cc-2a6caf7dd167"},{"element-6066-11e4-a52e-4f735466cecf":"7aa6cc05-f7fe-4de2-95b1-fad5604a82d4"},{"element-6066-11e4-a52e-4f735466cecf":"096fb352-fa6d-4e04-ba6a-576ee6e293a4"},{"element-6066-11e4-a52e-4f735466cecf":"70df790d-d9fb-4bbf-aa9c-deaebd8d199c"},{"element-6066-11e4-a52e-4f735466cecf":"8fc37a7c-3234-4845-9954-00422d3f5738"},{"element-6066-11e4-a52e-4f735466cecf":"45d4ea37-aad9-45c2-9f4a-1d9864776eeb"},{"element-6066-11e4-a52e-4f735466cecf":"123148f0-2bfb-4d8b-ac93-0b45c33dc826"},{"element-6066-11e4-a52e-4f735466cecf":"bf7a2710-a802-4654-a27f-ac77a9f740d4"},{"element-6066-11e4-a52e-4f735466cecf":"5fc8bbd2-1837-4e59-a488-7bf391180d57"},{"element-6066-11e4-a52e-4f735466cecf":"08b018e9-1567-4b65-92eb-d7cbc42a11f1"},{"element-6066-11e4-a52e-4f735466cecf":"0eadc40a-f71a-4476-aea1-ddf63bb1be4a"},{"element-6066-11e4-a52e-4f735466cecf":"c3b612e6-e348-46f2-bfa4-7ad07234f087"},{"element-6066-11e4-a52e-4f735466cecf":"1e4e2feb-8c60-4380-a50a-a1c9382d2bcb"},{"element-6066-11e4-a52e-4f735466cecf":"a8cb9c56-2fa6-47ba-b2df-81416403cf9e"},{"element-6066-11e4-a52e-4f735466cecf":"f7a7d39f-74a9-4158-93fb-42b27ee9420d"},{"element-6066-11e4-a52e-4f735466cecf":"5ad8fa2f-2e8b-4418-a1ff-f3c0998091fc"},{"element-6066-11e4-a52e-4f735466cecf":"b81a6d38-8dd0-435b-98af-f9a4f02a48a7"},{"element-6066-11e4-a52e-4f735466cecf":"030cb25b-34f0-4758-8c1d-2f6e7dee2473"},{"element-6066-11e4-a52e-4f735466cecf":"b189991b-c3bd-43be-93fc-d82b9978ea3b"},{"element-6066-11e4-a52e-4f735466cecf":"febaa9ec-5375-42ee-812e-ba2446be1a44"},{"element-6066-11e4-a52e-4f735466cecf":"7f8b8eb1-4761-4ad2-a8ef-98b07c592a14"},{"element-6066-11e4-a52e-4f735466cecf":"faf8bd69-a7eb-454c-97cc-94e32389d497"},{"element-6066-11e4-a52e-4f735466cecf":"32edac82-1339-461c-9b66-0930d6a68012"},{"element-6066-11e4-a52e-4f735466cecf":"6b8b35fc-6ad3-4dcb-a9d2-6bfb3633eba7"},{"element-6066-11e4-a52e-4f735466cecf":"d837fa07-5ce0-4403-ae6b-f8ec983137b5"},{"element-6066-11e4-a52e-4f735466cecf":"164a9cc1-b68c-4cb5-afe2-890826f2e512"},{"element-6066-11e4-a52e-4f735466cecf":"31ce7c7c-dc38-4e0d-8065-bfcbcfdbd7e0"},{"element-6066-11e4-a52e-4f735466cecf":"1d872240-5925-40d9-a877-029b46a3246b"},{"element-6066-11e4-a52e-4f735466cecf":"094e78a3-bea9-49f8-82da-4028ac0904a9"},{"element-6066-11e4-a52e-4f735466cecf":"d9d50dde-2d3d-496c-8079-e64f4e6570cf"},{"element-6066-11e4-a52e-4f735466cecf":"811b305a-5d80-4a12-ba64-9d97cb7af060"},{"element-6066-11e4-a52e-4f735466cecf":"f2a3b504-c3e2-4f84-9d5b-3afbf03db59f"},{"element-6066-11e4-a52e-4f735466cecf":"383ba1e2-7347-4491-a122-d0603297ef52"},{"element-6066-11e4-a52e-4f735466cecf":"fc67888a-6022-42f4-b9af-1ee3608f63d1"},{"element-6066-11e4-a52e-4f735466cecf":"e3a03cf2-e32a-4b5d-a96b-798ee8b84351"},{"element-6066-11e4-a52e-4f735466cecf":"86d37eb2-acc2-4a55-9cd2-0141ffe44271"},{"element-6066-11e4-a52e-4f735466cecf":"624afce8-7b20-4078-9663-de9cd7140e39"},{"element-6066-11e4-a52e-4f735466cecf":"c0b8d850-3fcc-4510-923a-dfac53918540"},{"element-6066-11e4-a52e-4f735466cecf":"9ece9c0a-0eed-4863-a6e2-d9e9cf4af1ea"},{"element-6066-11e4-a52e-4f735466cecf":"37837ed2-9794-4d85-baa2-78a48f146df4"},{"element-6066-11e4-a52e-4f735466cecf":"976d184d-2d74-497d-b0f9-4e4da89e6dbb"},{"element-6066-11e4-a52e-4f735466cecf":"cd8bedde-7b86-4594-b715-ad5c6fbca3cd"},{"element-6066-11e4-a52e-4f735466cecf":"42ce7181-570c-4175-9167-72bdf8039378"},{"element-6066-11e4-a52e-4f735466cecf":"878de0ac-d11b-4af7-ba54-a2e422d64881"},{"element-6066-11e4-a52e-4f735466cecf":"b679864a-9835-4288-88ea-f7509499ab0a"},{"element-6066-11e4-a52e-4f735466cecf":"fe65ded7-0f53-4792-a353-286daafad3b4"},{"element-6066-11e4-a52e-4f735466cecf":"dde4da21-3a7c-475e-9806-813480f80b52"}]} | headers=HTTPHeaderDict({'Content-Length': '158011', 'Content-Type': 'application/json; charset=utf-8', 'cache-control': 'no-cache'})
DEBUG    2022-05-28 23:27:42 selenium.webdriver.remote.remote_connection::remote_connection.py:_request:412: Finished Request
INFO     2022-05-28 23:27:42 root::mod_common.py:is_element_exist:13: //span[@class='review_num ng-binding' and @ng-show='restaurant.review_count > 0']엘리먼트가 존재합니다.
INFO     2022-05-28 23:27:42 root::func_item.py:item_review_exist:105: Pass : 별점/리뷰가 존재하는 레스토랑이 정상적으로 노출 중입니다.
DEBUG    2022-05-28 23:27:42 selenium.webdriver.remote.remote_connection::remote_connection.py:_request:361: DELETE http://localhost:10556/session/4e50ce4ebf75ab98d951a2116a124501 {}
DEBUG    2022-05-28 23:27:42 urllib3.connectionpool::connectionpool.py:_make_request:456: http://localhost:10556 "DELETE /session/4e50ce4ebf75ab98d951a2116a124501 HTTP/1.1" 200 14
DEBUG    2022-05-28 23:27:42 selenium.webdriver.remote.remote_connection::remote_connection.py:_request:383: Remote response: status=200 | data={"value":null} | headers=HTTPHeaderDict({'Content-Length': '14', 'Content-Type': 'application/json; charset=utf-8', 'cache-control': 'no-cache'})
DEBUG    2022-05-28 23:27:42 selenium.webdriver.remote.remote_connection::remote_connection.py:_request:412: Finished Request
INFO     2022-05-28 23:27:44 WDM::logger.py:log:16: ====== WebDriver manager ======
INFO     2022-05-28 23:27:46 WDM::logger.py:log:16: Current google-chrome version is 102.0.5005
INFO     2022-05-28 23:27:46 WDM::logger.py:log:16: Get LATEST chromedriver version for 102.0.5005 google-chrome
DEBUG    2022-05-28 23:27:46 urllib3.connectionpool::connectionpool.py:_new_conn:1001: Starting new HTTPS connection (1): chromedriver.storage.googleapis.com:443
DEBUG    2022-05-28 23:27:46 urllib3.connectionpool::connectionpool.py:_make_request:456: https://chromedriver.storage.googleapis.com:443 "GET /LATEST_RELEASE_102.0.5005 HTTP/1.1" 200 13
INFO     2022-05-28 23:27:46 WDM::logger.py:log:16: Driver [C:\Users\teddy\.wdm\drivers\chromedriver\win32\102.0.5005.61\chromedriver.exe] found in cache
DEBUG    2022-05-28 23:27:46 selenium.webdriver.remote.remote_connection::remote_connection.py:_request:361: POST http://localhost:10652/session {"capabilities": {"firstMatch": [{}], "alwaysMatch": {"browserName": "chrome", "pageLoadStrategy": "normal", "goog:chromeOptions": {"extensions": [], "args": []}}}}
DEBUG    2022-05-28 23:27:46 urllib3.connectionpool::connectionpool.py:_new_conn:228: Starting new HTTP connection (1): localhost:10652
DEBUG    2022-05-28 23:27:47 urllib3.connectionpool::connectionpool.py:_make_request:456: http://localhost:10652 "POST /session HTTP/1.1" 200 789
DEBUG    2022-05-28 23:27:47 selenium.webdriver.remote.remote_connection::remote_connection.py:_request:383: Remote response: status=200 | data={"value":{"capabilities":{"acceptInsecureCerts":false,"browserName":"chrome","browserVersion":"102.0.5005.61","chrome":{"chromedriverVersion":"102.0.5005.61 (0e59bcc00cc4985ce39ad31c150065f159d95ad3-refs/branch-heads/5005@{#819})","userDataDir":"C:\\Users\\teddy\\AppData\\Local\\Temp\\scoped_dir79920_830829286"},"goog:chromeOptions":{"debuggerAddress":"localhost:10657"},"networkConnectionEnabled":false,"pageLoadStrategy":"normal","platformName":"windows","proxy":{},"setWindowRect":true,"strictFileInteractability":false,"timeouts":{"implicit":0,"pageLoad":300000,"script":30000},"unhandledPromptBehavior":"dismiss and notify","webauthn:extension:credBlob":true,"webauthn:extension:largeBlob":true,"webauthn:virtualAuthenticators":true},"sessionId":"e7ca53808d3d8719b5536c74cfb9e643"}} | headers=HTTPHeaderDict({'Content-Length': '789', 'Content-Type': 'application/json; charset=utf-8', 'cache-control': 'no-cache'})
DEBUG    2022-05-28 23:27:47 selenium.webdriver.remote.remote_connection::remote_connection.py:_request:412: Finished Request
DEBUG    2022-05-28 23:27:47 selenium.webdriver.remote.remote_connection::remote_connection.py:_request:361: POST http://localhost:10652/session/e7ca53808d3d8719b5536c74cfb9e643/window/maximize {}
DEBUG    2022-05-28 23:27:47 urllib3.connectionpool::connectionpool.py:_make_request:456: http://localhost:10652 "POST /session/e7ca53808d3d8719b5536c74cfb9e643/window/maximize HTTP/1.1" 200 52
DEBUG    2022-05-28 23:27:47 selenium.webdriver.remote.remote_connection::remote_connection.py:_request:383: Remote response: status=200 | data={"value":{"height":1048,"width":1936,"x":-8,"y":-8}} | headers=HTTPHeaderDict({'Content-Length': '52', 'Content-Type': 'application/json; charset=utf-8', 'cache-control': 'no-cache'})
DEBUG    2022-05-28 23:27:47 selenium.webdriver.remote.remote_connection::remote_connection.py:_request:412: Finished Request
DEBUG    2022-05-28 23:27:47 selenium.webdriver.remote.remote_connection::remote_connection.py:_request:361: POST http://localhost:10652/session/e7ca53808d3d8719b5536c74cfb9e643/timeouts {"implicit": 10000}
DEBUG    2022-05-28 23:27:47 urllib3.connectionpool::connectionpool.py:_make_request:456: http://localhost:10652 "POST /session/e7ca53808d3d8719b5536c74cfb9e643/timeouts HTTP/1.1" 200 14
DEBUG    2022-05-28 23:27:47 selenium.webdriver.remote.remote_connection::remote_connection.py:_request:383: Remote response: status=200 | data={"value":null} | headers=HTTPHeaderDict({'Content-Length': '14', 'Content-Type': 'application/json; charset=utf-8', 'cache-control': 'no-cache'})
DEBUG    2022-05-28 23:27:47 selenium.webdriver.remote.remote_connection::remote_connection.py:_request:412: Finished Request
DEBUG    2022-05-28 23:27:47 selenium.webdriver.remote.remote_connection::remote_connection.py:_request:361: POST http://localhost:10652/session/e7ca53808d3d8719b5536c74cfb9e643/url {"url": "https://www.yogiyo.co.kr/mobile/#/"}
DEBUG    2022-05-28 23:27:49 urllib3.connectionpool::connectionpool.py:_make_request:456: http://localhost:10652 "POST /session/e7ca53808d3d8719b5536c74cfb9e643/url HTTP/1.1" 200 14
DEBUG    2022-05-28 23:27:49 selenium.webdriver.remote.remote_connection::remote_connection.py:_request:383: Remote response: status=200 | data={"value":null} | headers=HTTPHeaderDict({'Content-Length': '14', 'Content-Type': 'application/json; charset=utf-8', 'cache-control': 'no-cache'})
DEBUG    2022-05-28 23:27:49 selenium.webdriver.remote.remote_connection::remote_connection.py:_request:412: Finished Request
DEBUG    2022-05-28 23:27:50 selenium.webdriver.remote.remote_connection::remote_connection.py:_request:361: POST http://localhost:10652/session/e7ca53808d3d8719b5536c74cfb9e643/element {"using": "xpath", "value": "//input[@name='address_input']"}
DEBUG    2022-05-28 23:27:50 urllib3.connectionpool::connectionpool.py:_make_request:456: http://localhost:10652 "POST /session/e7ca53808d3d8719b5536c74cfb9e643/element HTTP/1.1" 200 88
DEBUG    2022-05-28 23:27:50 selenium.webdriver.remote.remote_connection::remote_connection.py:_request:383: Remote response: status=200 | data={"value":{"element-6066-11e4-a52e-4f735466cecf":"5a9e9c76-7b85-4344-86d3-2338e5bd043d"}} | headers=HTTPHeaderDict({'Content-Length': '88', 'Content-Type': 'application/json; charset=utf-8', 'cache-control': 'no-cache'})
DEBUG    2022-05-28 23:27:50 selenium.webdriver.remote.remote_connection::remote_connection.py:_request:412: Finished Request
DEBUG    2022-05-28 23:27:50 selenium.webdriver.remote.remote_connection::remote_connection.py:_request:361: POST http://localhost:10652/session/e7ca53808d3d8719b5536c74cfb9e643/element/5a9e9c76-7b85-4344-86d3-2338e5bd043d/clear {"id": "5a9e9c76-7b85-4344-86d3-2338e5bd043d"}
DEBUG    2022-05-28 23:27:50 urllib3.connectionpool::connectionpool.py:_make_request:456: http://localhost:10652 "POST /session/e7ca53808d3d8719b5536c74cfb9e643/element/5a9e9c76-7b85-4344-86d3-2338e5bd043d/clear HTTP/1.1" 200 14
DEBUG    2022-05-28 23:27:50 selenium.webdriver.remote.remote_connection::remote_connection.py:_request:383: Remote response: status=200 | data={"value":null} | headers=HTTPHeaderDict({'Content-Length': '14', 'Content-Type': 'application/json; charset=utf-8', 'cache-control': 'no-cache'})
DEBUG    2022-05-28 23:27:50 selenium.webdriver.remote.remote_connection::remote_connection.py:_request:412: Finished Request
DEBUG    2022-05-28 23:27:50 selenium.webdriver.remote.remote_connection::remote_connection.py:_request:361: POST http://localhost:10652/session/e7ca53808d3d8719b5536c74cfb9e643/element {"using": "xpath", "value": "//input[@name='address_input']"}
DEBUG    2022-05-28 23:27:50 urllib3.connectionpool::connectionpool.py:_make_request:456: http://localhost:10652 "POST /session/e7ca53808d3d8719b5536c74cfb9e643/element HTTP/1.1" 200 88
DEBUG    2022-05-28 23:27:50 selenium.webdriver.remote.remote_connection::remote_connection.py:_request:383: Remote response: status=200 | data={"value":{"element-6066-11e4-a52e-4f735466cecf":"5a9e9c76-7b85-4344-86d3-2338e5bd043d"}} | headers=HTTPHeaderDict({'Content-Length': '88', 'Content-Type': 'application/json; charset=utf-8', 'cache-control': 'no-cache'})
DEBUG    2022-05-28 23:27:50 selenium.webdriver.remote.remote_connection::remote_connection.py:_request:412: Finished Request
DEBUG    2022-05-28 23:27:50 selenium.webdriver.remote.remote_connection::remote_connection.py:_request:361: POST http://localhost:10652/session/e7ca53808d3d8719b5536c74cfb9e643/element/5a9e9c76-7b85-4344-86d3-2338e5bd043d/value {"text": "\uc11c\uc6b8\ud2b9\ubcc4\uc2dc \ub3d9\uc791\uad6c \uc0ac\ub2f9\ub3d9 144-4 \uc774\uc218\uc5ed(7\ud638\uc120)", "value": ["\uc11c", "\uc6b8", "\ud2b9", "\ubcc4", "\uc2dc", " ", "\ub3d9", "\uc791", "\uad6c", " ", "\uc0ac", "\ub2f9", "\ub3d9", " ", "1", "4", "4", "-", "4", " ", "\uc774", "\uc218", "\uc5ed", "(", "7", "\ud638", "\uc120", ")"], "id": "5a9e9c76-7b85-4344-86d3-2338e5bd043d"}
DEBUG    2022-05-28 23:27:50 urllib3.connectionpool::connectionpool.py:_make_request:456: http://localhost:10652 "POST /session/e7ca53808d3d8719b5536c74cfb9e643/element/5a9e9c76-7b85-4344-86d3-2338e5bd043d/value HTTP/1.1" 200 14
DEBUG    2022-05-28 23:27:50 selenium.webdriver.remote.remote_connection::remote_connection.py:_request:383: Remote response: status=200 | data={"value":null} | headers=HTTPHeaderDict({'Content-Length': '14', 'Content-Type': 'application/json; charset=utf-8', 'cache-control': 'no-cache'})
DEBUG    2022-05-28 23:27:50 selenium.webdriver.remote.remote_connection::remote_connection.py:_request:412: Finished Request
DEBUG    2022-05-28 23:27:50 selenium.webdriver.remote.remote_connection::remote_connection.py:_request:361: POST http://localhost:10652/session/e7ca53808d3d8719b5536c74cfb9e643/element {"using": "xpath", "value": "//button[@class='btn btn-default ico-pick']"}
DEBUG    2022-05-28 23:27:50 urllib3.connectionpool::connectionpool.py:_make_request:456: http://localhost:10652 "POST /session/e7ca53808d3d8719b5536c74cfb9e643/element HTTP/1.1" 200 88
DEBUG    2022-05-28 23:27:50 selenium.webdriver.remote.remote_connection::remote_connection.py:_request:383: Remote response: status=200 | data={"value":{"element-6066-11e4-a52e-4f735466cecf":"a3702c15-5b99-4de6-a53c-f1d79175fd93"}} | headers=HTTPHeaderDict({'Content-Length': '88', 'Content-Type': 'application/json; charset=utf-8', 'cache-control': 'no-cache'})
DEBUG    2022-05-28 23:27:50 selenium.webdriver.remote.remote_connection::remote_connection.py:_request:412: Finished Request
DEBUG    2022-05-28 23:27:50 selenium.webdriver.remote.remote_connection::remote_connection.py:_request:361: POST http://localhost:10652/session/e7ca53808d3d8719b5536c74cfb9e643/element/a3702c15-5b99-4de6-a53c-f1d79175fd93/click {"id": "a3702c15-5b99-4de6-a53c-f1d79175fd93"}
DEBUG    2022-05-28 23:27:50 urllib3.connectionpool::connectionpool.py:_make_request:456: http://localhost:10652 "POST /session/e7ca53808d3d8719b5536c74cfb9e643/element/a3702c15-5b99-4de6-a53c-f1d79175fd93/click HTTP/1.1" 200 14
DEBUG    2022-05-28 23:27:50 selenium.webdriver.remote.remote_connection::remote_connection.py:_request:383: Remote response: status=200 | data={"value":null} | headers=HTTPHeaderDict({'Content-Length': '14', 'Content-Type': 'application/json; charset=utf-8', 'cache-control': 'no-cache'})
DEBUG    2022-05-28 23:27:50 selenium.webdriver.remote.remote_connection::remote_connection.py:_request:412: Finished Request
DEBUG    2022-05-28 23:27:52 selenium.webdriver.remote.remote_connection::remote_connection.py:_request:361: GET http://localhost:10652/session/e7ca53808d3d8719b5536c74cfb9e643/url {}
DEBUG    2022-05-28 23:27:52 urllib3.connectionpool::connectionpool.py:_make_request:456: http://localhost:10652 "GET /session/e7ca53808d3d8719b5536c74cfb9e643/url HTTP/1.1" 200 99
DEBUG    2022-05-28 23:27:52 selenium.webdriver.remote.remote_connection::remote_connection.py:_request:383: Remote response: status=200 | data={"value":"https://www.yogiyo.co.kr/mobile/#/%EC%84%9C%EC%9A%B8%ED%8A%B9%EB%B3%84%EC%8B%9C/156091/"} | headers=HTTPHeaderDict({'Content-Length': '99', 'Content-Type': 'application/json; charset=utf-8', 'cache-control': 'no-cache'})
DEBUG    2022-05-28 23:27:52 selenium.webdriver.remote.remote_connection::remote_connection.py:_request:412: Finished Request
INFO     2022-05-28 23:27:52 root::mod_common.py:compare_url:25: 현재 URL : https://www.yogiyo.co.kr/mobile/#/%EC%84%9C%EC%9A%B8%ED%8A%B9%EB%B3%84%EC%8B%9C/156091/
INFO     2022-05-28 23:27:52 root::mod_common.py:compare_url:26: 비교 URL : https://www.yogiyo.co.kr/mobile/#/%EC%84%9C%EC%9A%B8%ED%8A%B9%EB%B3%84%EC%8B%9C/156091/
INFO     2022-05-28 23:27:52 root::mod_common.py:compare_url:28: 두 URL이 일치합니다.
INFO     2022-05-28 23:27:52 root::mod_enter.py:enter_restaurant_list:19: Success : 레스토랑 리스트 페이지 진입에 성공했습니다.
DEBUG    2022-05-28 23:27:52 selenium.webdriver.remote.remote_connection::remote_connection.py:_request:361: POST http://localhost:10652/session/e7ca53808d3d8719b5536c74cfb9e643/execute/sync {"script": "return document.body.scrollHeight", "args": []}
DEBUG    2022-05-28 23:27:52 urllib3.connectionpool::connectionpool.py:_make_request:456: http://localhost:10652 "POST /session/e7ca53808d3d8719b5536c74cfb9e643/execute/sync HTTP/1.1" 200 14
DEBUG    2022-05-28 23:27:52 selenium.webdriver.remote.remote_connection::remote_connection.py:_request:383: Remote response: status=200 | data={"value":4505} | headers=HTTPHeaderDict({'Content-Length': '14', 'Content-Type': 'application/json; charset=utf-8', 'cache-control': 'no-cache'})
DEBUG    2022-05-28 23:27:52 selenium.webdriver.remote.remote_connection::remote_connection.py:_request:412: Finished Request
DEBUG    2022-05-28 23:27:52 selenium.webdriver.remote.remote_connection::remote_connection.py:_request:361: POST http://localhost:10652/session/e7ca53808d3d8719b5536c74cfb9e643/execute/sync {"script": "window.scrollTo(0, 4505)", "args": []}
DEBUG    2022-05-28 23:27:52 urllib3.connectionpool::connectionpool.py:_make_request:456: http://localhost:10652 "POST /session/e7ca53808d3d8719b5536c74cfb9e643/execute/sync HTTP/1.1" 200 14
DEBUG    2022-05-28 23:27:52 selenium.webdriver.remote.remote_connection::remote_connection.py:_request:383: Remote response: status=200 | data={"value":null} | headers=HTTPHeaderDict({'Content-Length': '14', 'Content-Type': 'application/json; charset=utf-8', 'cache-control': 'no-cache'})
DEBUG    2022-05-28 23:27:52 selenium.webdriver.remote.remote_connection::remote_connection.py:_request:412: Finished Request
DEBUG    2022-05-28 23:27:52 selenium.webdriver.remote.remote_connection::remote_connection.py:_request:361: POST http://localhost:10652/session/e7ca53808d3d8719b5536c74cfb9e643/execute/sync {"script": "return document.body.scrollHeight", "args": []}
DEBUG    2022-05-28 23:27:52 urllib3.connectionpool::connectionpool.py:_make_request:456: http://localhost:10652 "POST /session/e7ca53808d3d8719b5536c74cfb9e643/execute/sync HTTP/1.1" 200 14
DEBUG    2022-05-28 23:27:52 selenium.webdriver.remote.remote_connection::remote_connection.py:_request:383: Remote response: status=200 | data={"value":7984} | headers=HTTPHeaderDict({'Content-Length': '14', 'Content-Type': 'application/json; charset=utf-8', 'cache-control': 'no-cache'})
DEBUG    2022-05-28 23:27:52 selenium.webdriver.remote.remote_connection::remote_connection.py:_request:412: Finished Request
DEBUG    2022-05-28 23:27:52 selenium.webdriver.remote.remote_connection::remote_connection.py:_request:361: POST http://localhost:10652/session/e7ca53808d3d8719b5536c74cfb9e643/execute/sync {"script": "window.scrollTo(4505, 7984)", "args": []}
DEBUG    2022-05-28 23:27:52 urllib3.connectionpool::connectionpool.py:_make_request:456: http://localhost:10652 "POST /session/e7ca53808d3d8719b5536c74cfb9e643/execute/sync HTTP/1.1" 200 14
DEBUG    2022-05-28 23:27:52 selenium.webdriver.remote.remote_connection::remote_connection.py:_request:383: Remote response: status=200 | data={"value":null} | headers=HTTPHeaderDict({'Content-Length': '14', 'Content-Type': 'application/json; charset=utf-8', 'cache-control': 'no-cache'})
DEBUG    2022-05-28 23:27:52 selenium.webdriver.remote.remote_connection::remote_connection.py:_request:412: Finished Request
DEBUG    2022-05-28 23:27:53 selenium.webdriver.remote.remote_connection::remote_connection.py:_request:361: POST http://localhost:10652/session/e7ca53808d3d8719b5536c74cfb9e643/execute/sync {"script": "return document.body.scrollHeight", "args": []}
DEBUG    2022-05-28 23:27:53 urllib3.connectionpool::connectionpool.py:_make_request:456: http://localhost:10652 "POST /session/e7ca53808d3d8719b5536c74cfb9e643/execute/sync HTTP/1.1" 200 15
DEBUG    2022-05-28 23:27:53 selenium.webdriver.remote.remote_connection::remote_connection.py:_request:383: Remote response: status=200 | data={"value":11524} | headers=HTTPHeaderDict({'Content-Length': '15', 'Content-Type': 'application/json; charset=utf-8', 'cache-control': 'no-cache'})
DEBUG    2022-05-28 23:27:53 selenium.webdriver.remote.remote_connection::remote_connection.py:_request:412: Finished Request
DEBUG    2022-05-28 23:27:53 selenium.webdriver.remote.remote_connection::remote_connection.py:_request:361: POST http://localhost:10652/session/e7ca53808d3d8719b5536c74cfb9e643/execute/sync {"script": "window.scrollTo(7984, 11524)", "args": []}
DEBUG    2022-05-28 23:27:53 urllib3.connectionpool::connectionpool.py:_make_request:456: http://localhost:10652 "POST /session/e7ca53808d3d8719b5536c74cfb9e643/execute/sync HTTP/1.1" 200 14
DEBUG    2022-05-28 23:27:53 selenium.webdriver.remote.remote_connection::remote_connection.py:_request:383: Remote response: status=200 | data={"value":null} | headers=HTTPHeaderDict({'Content-Length': '14', 'Content-Type': 'application/json; charset=utf-8', 'cache-control': 'no-cache'})
DEBUG    2022-05-28 23:27:53 selenium.webdriver.remote.remote_connection::remote_connection.py:_request:412: Finished Request
DEBUG    2022-05-28 23:27:54 selenium.webdriver.remote.remote_connection::remote_connection.py:_request:361: POST http://localhost:10652/session/e7ca53808d3d8719b5536c74cfb9e643/execute/sync {"script": "return document.body.scrollHeight", "args": []}
DEBUG    2022-05-28 23:27:54 urllib3.connectionpool::connectionpool.py:_make_request:456: http://localhost:10652 "POST /session/e7ca53808d3d8719b5536c74cfb9e643/execute/sync HTTP/1.1" 200 15
DEBUG    2022-05-28 23:27:54 selenium.webdriver.remote.remote_connection::remote_connection.py:_request:383: Remote response: status=200 | data={"value":15064} | headers=HTTPHeaderDict({'Content-Length': '15', 'Content-Type': 'application/json; charset=utf-8', 'cache-control': 'no-cache'})
DEBUG    2022-05-28 23:27:54 selenium.webdriver.remote.remote_connection::remote_connection.py:_request:412: Finished Request
DEBUG    2022-05-28 23:27:54 selenium.webdriver.remote.remote_connection::remote_connection.py:_request:361: POST http://localhost:10652/session/e7ca53808d3d8719b5536c74cfb9e643/execute/sync {"script": "window.scrollTo(11524, 15064)", "args": []}
DEBUG    2022-05-28 23:27:54 urllib3.connectionpool::connectionpool.py:_make_request:456: http://localhost:10652 "POST /session/e7ca53808d3d8719b5536c74cfb9e643/execute/sync HTTP/1.1" 200 14
DEBUG    2022-05-28 23:27:54 selenium.webdriver.remote.remote_connection::remote_connection.py:_request:383: Remote response: status=200 | data={"value":null} | headers=HTTPHeaderDict({'Content-Length': '14', 'Content-Type': 'application/json; charset=utf-8', 'cache-control': 'no-cache'})
DEBUG    2022-05-28 23:27:54 selenium.webdriver.remote.remote_connection::remote_connection.py:_request:412: Finished Request
DEBUG    2022-05-28 23:27:55 selenium.webdriver.remote.remote_connection::remote_connection.py:_request:361: POST http://localhost:10652/session/e7ca53808d3d8719b5536c74cfb9e643/execute/sync {"script": "return document.body.scrollHeight", "args": []}
DEBUG    2022-05-28 23:27:55 urllib3.connectionpool::connectionpool.py:_make_request:456: http://localhost:10652 "POST /session/e7ca53808d3d8719b5536c74cfb9e643/execute/sync HTTP/1.1" 200 15
DEBUG    2022-05-28 23:27:55 selenium.webdriver.remote.remote_connection::remote_connection.py:_request:383: Remote response: status=200 | data={"value":18604} | headers=HTTPHeaderDict({'Content-Length': '15', 'Content-Type': 'application/json; charset=utf-8', 'cache-control': 'no-cache'})
DEBUG    2022-05-28 23:27:55 selenium.webdriver.remote.remote_connection::remote_connection.py:_request:412: Finished Request
DEBUG    2022-05-28 23:27:55 selenium.webdriver.remote.remote_connection::remote_connection.py:_request:361: POST http://localhost:10652/session/e7ca53808d3d8719b5536c74cfb9e643/execute/sync {"script": "window.scrollTo(15064, 18604)", "args": []}
DEBUG    2022-05-28 23:27:55 urllib3.connectionpool::connectionpool.py:_make_request:456: http://localhost:10652 "POST /session/e7ca53808d3d8719b5536c74cfb9e643/execute/sync HTTP/1.1" 200 14
DEBUG    2022-05-28 23:27:55 selenium.webdriver.remote.remote_connection::remote_connection.py:_request:383: Remote response: status=200 | data={"value":null} | headers=HTTPHeaderDict({'Content-Length': '14', 'Content-Type': 'application/json; charset=utf-8', 'cache-control': 'no-cache'})
DEBUG    2022-05-28 23:27:55 selenium.webdriver.remote.remote_connection::remote_connection.py:_request:412: Finished Request
DEBUG    2022-05-28 23:27:56 selenium.webdriver.remote.remote_connection::remote_connection.py:_request:361: POST http://localhost:10652/session/e7ca53808d3d8719b5536c74cfb9e643/execute/sync {"script": "return document.body.scrollHeight", "args": []}
DEBUG    2022-05-28 23:27:56 urllib3.connectionpool::connectionpool.py:_make_request:456: http://localhost:10652 "POST /session/e7ca53808d3d8719b5536c74cfb9e643/execute/sync HTTP/1.1" 200 15
DEBUG    2022-05-28 23:27:56 selenium.webdriver.remote.remote_connection::remote_connection.py:_request:383: Remote response: status=200 | data={"value":22144} | headers=HTTPHeaderDict({'Content-Length': '15', 'Content-Type': 'application/json; charset=utf-8', 'cache-control': 'no-cache'})
DEBUG    2022-05-28 23:27:56 selenium.webdriver.remote.remote_connection::remote_connection.py:_request:412: Finished Request
DEBUG    2022-05-28 23:27:56 selenium.webdriver.remote.remote_connection::remote_connection.py:_request:361: POST http://localhost:10652/session/e7ca53808d3d8719b5536c74cfb9e643/execute/sync {"script": "window.scrollTo(18604, 22144)", "args": []}
DEBUG    2022-05-28 23:27:56 urllib3.connectionpool::connectionpool.py:_make_request:456: http://localhost:10652 "POST /session/e7ca53808d3d8719b5536c74cfb9e643/execute/sync HTTP/1.1" 200 14
DEBUG    2022-05-28 23:27:56 selenium.webdriver.remote.remote_connection::remote_connection.py:_request:383: Remote response: status=200 | data={"value":null} | headers=HTTPHeaderDict({'Content-Length': '14', 'Content-Type': 'application/json; charset=utf-8', 'cache-control': 'no-cache'})
DEBUG    2022-05-28 23:27:56 selenium.webdriver.remote.remote_connection::remote_connection.py:_request:412: Finished Request
DEBUG    2022-05-28 23:27:57 selenium.webdriver.remote.remote_connection::remote_connection.py:_request:361: POST http://localhost:10652/session/e7ca53808d3d8719b5536c74cfb9e643/execute/sync {"script": "return document.body.scrollHeight", "args": []}
DEBUG    2022-05-28 23:27:57 urllib3.connectionpool::connectionpool.py:_make_request:456: http://localhost:10652 "POST /session/e7ca53808d3d8719b5536c74cfb9e643/execute/sync HTTP/1.1" 200 15
DEBUG    2022-05-28 23:27:57 selenium.webdriver.remote.remote_connection::remote_connection.py:_request:383: Remote response: status=200 | data={"value":25684} | headers=HTTPHeaderDict({'Content-Length': '15', 'Content-Type': 'application/json; charset=utf-8', 'cache-control': 'no-cache'})
DEBUG    2022-05-28 23:27:57 selenium.webdriver.remote.remote_connection::remote_connection.py:_request:412: Finished Request
DEBUG    2022-05-28 23:27:57 selenium.webdriver.remote.remote_connection::remote_connection.py:_request:361: POST http://localhost:10652/session/e7ca53808d3d8719b5536c74cfb9e643/execute/sync {"script": "window.scrollTo(22144, 25684)", "args": []}
DEBUG    2022-05-28 23:27:57 urllib3.connectionpool::connectionpool.py:_make_request:456: http://localhost:10652 "POST /session/e7ca53808d3d8719b5536c74cfb9e643/execute/sync HTTP/1.1" 200 14
DEBUG    2022-05-28 23:27:57 selenium.webdriver.remote.remote_connection::remote_connection.py:_request:383: Remote response: status=200 | data={"value":null} | headers=HTTPHeaderDict({'Content-Length': '14', 'Content-Type': 'application/json; charset=utf-8', 'cache-control': 'no-cache'})
DEBUG    2022-05-28 23:27:57 selenium.webdriver.remote.remote_connection::remote_connection.py:_request:412: Finished Request
DEBUG    2022-05-28 23:27:58 selenium.webdriver.remote.remote_connection::remote_connection.py:_request:361: POST http://localhost:10652/session/e7ca53808d3d8719b5536c74cfb9e643/execute/sync {"script": "return document.body.scrollHeight", "args": []}
DEBUG    2022-05-28 23:27:58 urllib3.connectionpool::connectionpool.py:_make_request:456: http://localhost:10652 "POST /session/e7ca53808d3d8719b5536c74cfb9e643/execute/sync HTTP/1.1" 200 15
DEBUG    2022-05-28 23:27:58 selenium.webdriver.remote.remote_connection::remote_connection.py:_request:383: Remote response: status=200 | data={"value":29224} | headers=HTTPHeaderDict({'Content-Length': '15', 'Content-Type': 'application/json; charset=utf-8', 'cache-control': 'no-cache'})
DEBUG    2022-05-28 23:27:58 selenium.webdriver.remote.remote_connection::remote_connection.py:_request:412: Finished Request
DEBUG    2022-05-28 23:27:58 selenium.webdriver.remote.remote_connection::remote_connection.py:_request:361: POST http://localhost:10652/session/e7ca53808d3d8719b5536c74cfb9e643/execute/sync {"script": "window.scrollTo(25684, 29224)", "args": []}
DEBUG    2022-05-28 23:27:58 urllib3.connectionpool::connectionpool.py:_make_request:456: http://localhost:10652 "POST /session/e7ca53808d3d8719b5536c74cfb9e643/execute/sync HTTP/1.1" 200 14
DEBUG    2022-05-28 23:27:58 selenium.webdriver.remote.remote_connection::remote_connection.py:_request:383: Remote response: status=200 | data={"value":null} | headers=HTTPHeaderDict({'Content-Length': '14', 'Content-Type': 'application/json; charset=utf-8', 'cache-control': 'no-cache'})
DEBUG    2022-05-28 23:27:58 selenium.webdriver.remote.remote_connection::remote_connection.py:_request:412: Finished Request
DEBUG    2022-05-28 23:27:59 selenium.webdriver.remote.remote_connection::remote_connection.py:_request:361: POST http://localhost:10652/session/e7ca53808d3d8719b5536c74cfb9e643/execute/sync {"script": "return document.body.scrollHeight", "args": []}
DEBUG    2022-05-28 23:27:59 urllib3.connectionpool::connectionpool.py:_make_request:456: http://localhost:10652 "POST /session/e7ca53808d3d8719b5536c74cfb9e643/execute/sync HTTP/1.1" 200 15
DEBUG    2022-05-28 23:27:59 selenium.webdriver.remote.remote_connection::remote_connection.py:_request:383: Remote response: status=200 | data={"value":32764} | headers=HTTPHeaderDict({'Content-Length': '15', 'Content-Type': 'application/json; charset=utf-8', 'cache-control': 'no-cache'})
DEBUG    2022-05-28 23:27:59 selenium.webdriver.remote.remote_connection::remote_connection.py:_request:412: Finished Request
DEBUG    2022-05-28 23:27:59 selenium.webdriver.remote.remote_connection::remote_connection.py:_request:361: POST http://localhost:10652/session/e7ca53808d3d8719b5536c74cfb9e643/execute/sync {"script": "window.scrollTo(29224, 32764)", "args": []}
DEBUG    2022-05-28 23:27:59 urllib3.connectionpool::connectionpool.py:_make_request:456: http://localhost:10652 "POST /session/e7ca53808d3d8719b5536c74cfb9e643/execute/sync HTTP/1.1" 200 14
DEBUG    2022-05-28 23:27:59 selenium.webdriver.remote.remote_connection::remote_connection.py:_request:383: Remote response: status=200 | data={"value":null} | headers=HTTPHeaderDict({'Content-Length': '14', 'Content-Type': 'application/json; charset=utf-8', 'cache-control': 'no-cache'})
DEBUG    2022-05-28 23:27:59 selenium.webdriver.remote.remote_connection::remote_connection.py:_request:412: Finished Request
DEBUG    2022-05-28 23:28:00 selenium.webdriver.remote.remote_connection::remote_connection.py:_request:361: POST http://localhost:10652/session/e7ca53808d3d8719b5536c74cfb9e643/execute/sync {"script": "return document.body.scrollHeight", "args": []}
DEBUG    2022-05-28 23:28:00 urllib3.connectionpool::connectionpool.py:_make_request:456: http://localhost:10652 "POST /session/e7ca53808d3d8719b5536c74cfb9e643/execute/sync HTTP/1.1" 200 15
DEBUG    2022-05-28 23:28:00 selenium.webdriver.remote.remote_connection::remote_connection.py:_request:383: Remote response: status=200 | data={"value":36304} | headers=HTTPHeaderDict({'Content-Length': '15', 'Content-Type': 'application/json; charset=utf-8', 'cache-control': 'no-cache'})
DEBUG    2022-05-28 23:28:00 selenium.webdriver.remote.remote_connection::remote_connection.py:_request:412: Finished Request
DEBUG    2022-05-28 23:28:00 selenium.webdriver.remote.remote_connection::remote_connection.py:_request:361: POST http://localhost:10652/session/e7ca53808d3d8719b5536c74cfb9e643/execute/sync {"script": "window.scrollTo(32764, 36304)", "args": []}
DEBUG    2022-05-28 23:28:00 urllib3.connectionpool::connectionpool.py:_make_request:456: http://localhost:10652 "POST /session/e7ca53808d3d8719b5536c74cfb9e643/execute/sync HTTP/1.1" 200 14
DEBUG    2022-05-28 23:28:00 selenium.webdriver.remote.remote_connection::remote_connection.py:_request:383: Remote response: status=200 | data={"value":null} | headers=HTTPHeaderDict({'Content-Length': '14', 'Content-Type': 'application/json; charset=utf-8', 'cache-control': 'no-cache'})
DEBUG    2022-05-28 23:28:00 selenium.webdriver.remote.remote_connection::remote_connection.py:_request:412: Finished Request
DEBUG    2022-05-28 23:28:01 selenium.webdriver.remote.remote_connection::remote_connection.py:_request:361: POST http://localhost:10652/session/e7ca53808d3d8719b5536c74cfb9e643/execute/sync {"script": "return document.body.scrollHeight", "args": []}
DEBUG    2022-05-28 23:28:01 urllib3.connectionpool::connectionpool.py:_make_request:456: http://localhost:10652 "POST /session/e7ca53808d3d8719b5536c74cfb9e643/execute/sync HTTP/1.1" 200 15
DEBUG    2022-05-28 23:28:01 selenium.webdriver.remote.remote_connection::remote_connection.py:_request:383: Remote response: status=200 | data={"value":39844} | headers=HTTPHeaderDict({'Content-Length': '15', 'Content-Type': 'application/json; charset=utf-8', 'cache-control': 'no-cache'})
DEBUG    2022-05-28 23:28:01 selenium.webdriver.remote.remote_connection::remote_connection.py:_request:412: Finished Request
DEBUG    2022-05-28 23:28:01 selenium.webdriver.remote.remote_connection::remote_connection.py:_request:361: POST http://localhost:10652/session/e7ca53808d3d8719b5536c74cfb9e643/execute/sync {"script": "window.scrollTo(36304, 39844)", "args": []}
DEBUG    2022-05-28 23:28:01 urllib3.connectionpool::connectionpool.py:_make_request:456: http://localhost:10652 "POST /session/e7ca53808d3d8719b5536c74cfb9e643/execute/sync HTTP/1.1" 200 14
DEBUG    2022-05-28 23:28:01 selenium.webdriver.remote.remote_connection::remote_connection.py:_request:383: Remote response: status=200 | data={"value":null} | headers=HTTPHeaderDict({'Content-Length': '14', 'Content-Type': 'application/json; charset=utf-8', 'cache-control': 'no-cache'})
DEBUG    2022-05-28 23:28:01 selenium.webdriver.remote.remote_connection::remote_connection.py:_request:412: Finished Request
DEBUG    2022-05-28 23:28:02 selenium.webdriver.remote.remote_connection::remote_connection.py:_request:361: POST http://localhost:10652/session/e7ca53808d3d8719b5536c74cfb9e643/execute/sync {"script": "return document.body.scrollHeight", "args": []}
DEBUG    2022-05-28 23:28:02 urllib3.connectionpool::connectionpool.py:_make_request:456: http://localhost:10652 "POST /session/e7ca53808d3d8719b5536c74cfb9e643/execute/sync HTTP/1.1" 200 15
DEBUG    2022-05-28 23:28:02 selenium.webdriver.remote.remote_connection::remote_connection.py:_request:383: Remote response: status=200 | data={"value":43384} | headers=HTTPHeaderDict({'Content-Length': '15', 'Content-Type': 'application/json; charset=utf-8', 'cache-control': 'no-cache'})
DEBUG    2022-05-28 23:28:02 selenium.webdriver.remote.remote_connection::remote_connection.py:_request:412: Finished Request
DEBUG    2022-05-28 23:28:02 selenium.webdriver.remote.remote_connection::remote_connection.py:_request:361: POST http://localhost:10652/session/e7ca53808d3d8719b5536c74cfb9e643/execute/sync {"script": "window.scrollTo(39844, 43384)", "args": []}
DEBUG    2022-05-28 23:28:02 urllib3.connectionpool::connectionpool.py:_make_request:456: http://localhost:10652 "POST /session/e7ca53808d3d8719b5536c74cfb9e643/execute/sync HTTP/1.1" 200 14
DEBUG    2022-05-28 23:28:02 selenium.webdriver.remote.remote_connection::remote_connection.py:_request:383: Remote response: status=200 | data={"value":null} | headers=HTTPHeaderDict({'Content-Length': '14', 'Content-Type': 'application/json; charset=utf-8', 'cache-control': 'no-cache'})
DEBUG    2022-05-28 23:28:02 selenium.webdriver.remote.remote_connection::remote_connection.py:_request:412: Finished Request
DEBUG    2022-05-28 23:28:03 selenium.webdriver.remote.remote_connection::remote_connection.py:_request:361: POST http://localhost:10652/session/e7ca53808d3d8719b5536c74cfb9e643/execute/sync {"script": "return document.body.scrollHeight", "args": []}
DEBUG    2022-05-28 23:28:03 urllib3.connectionpool::connectionpool.py:_make_request:456: http://localhost:10652 "POST /session/e7ca53808d3d8719b5536c74cfb9e643/execute/sync HTTP/1.1" 200 15
DEBUG    2022-05-28 23:28:03 selenium.webdriver.remote.remote_connection::remote_connection.py:_request:383: Remote response: status=200 | data={"value":46924} | headers=HTTPHeaderDict({'Content-Length': '15', 'Content-Type': 'application/json; charset=utf-8', 'cache-control': 'no-cache'})
DEBUG    2022-05-28 23:28:03 selenium.webdriver.remote.remote_connection::remote_connection.py:_request:412: Finished Request
DEBUG    2022-05-28 23:28:03 selenium.webdriver.remote.remote_connection::remote_connection.py:_request:361: POST http://localhost:10652/session/e7ca53808d3d8719b5536c74cfb9e643/execute/sync {"script": "window.scrollTo(43384, 46924)", "args": []}
DEBUG    2022-05-28 23:28:03 urllib3.connectionpool::connectionpool.py:_make_request:456: http://localhost:10652 "POST /session/e7ca53808d3d8719b5536c74cfb9e643/execute/sync HTTP/1.1" 200 14
DEBUG    2022-05-28 23:28:03 selenium.webdriver.remote.remote_connection::remote_connection.py:_request:383: Remote response: status=200 | data={"value":null} | headers=HTTPHeaderDict({'Content-Length': '14', 'Content-Type': 'application/json; charset=utf-8', 'cache-control': 'no-cache'})
DEBUG    2022-05-28 23:28:03 selenium.webdriver.remote.remote_connection::remote_connection.py:_request:412: Finished Request
DEBUG    2022-05-28 23:28:04 selenium.webdriver.remote.remote_connection::remote_connection.py:_request:361: POST http://localhost:10652/session/e7ca53808d3d8719b5536c74cfb9e643/execute/sync {"script": "return document.body.scrollHeight", "args": []}
DEBUG    2022-05-28 23:28:04 urllib3.connectionpool::connectionpool.py:_make_request:456: http://localhost:10652 "POST /session/e7ca53808d3d8719b5536c74cfb9e643/execute/sync HTTP/1.1" 200 15
DEBUG    2022-05-28 23:28:04 selenium.webdriver.remote.remote_connection::remote_connection.py:_request:383: Remote response: status=200 | data={"value":50464} | headers=HTTPHeaderDict({'Content-Length': '15', 'Content-Type': 'application/json; charset=utf-8', 'cache-control': 'no-cache'})
DEBUG    2022-05-28 23:28:04 selenium.webdriver.remote.remote_connection::remote_connection.py:_request:412: Finished Request
DEBUG    2022-05-28 23:28:04 selenium.webdriver.remote.remote_connection::remote_connection.py:_request:361: POST http://localhost:10652/session/e7ca53808d3d8719b5536c74cfb9e643/execute/sync {"script": "window.scrollTo(46924, 50464)", "args": []}
DEBUG    2022-05-28 23:28:04 urllib3.connectionpool::connectionpool.py:_make_request:456: http://localhost:10652 "POST /session/e7ca53808d3d8719b5536c74cfb9e643/execute/sync HTTP/1.1" 200 14
DEBUG    2022-05-28 23:28:04 selenium.webdriver.remote.remote_connection::remote_connection.py:_request:383: Remote response: status=200 | data={"value":null} | headers=HTTPHeaderDict({'Content-Length': '14', 'Content-Type': 'application/json; charset=utf-8', 'cache-control': 'no-cache'})
DEBUG    2022-05-28 23:28:04 selenium.webdriver.remote.remote_connection::remote_connection.py:_request:412: Finished Request
DEBUG    2022-05-28 23:28:05 selenium.webdriver.remote.remote_connection::remote_connection.py:_request:361: POST http://localhost:10652/session/e7ca53808d3d8719b5536c74cfb9e643/execute/sync {"script": "return document.body.scrollHeight", "args": []}
DEBUG    2022-05-28 23:28:05 urllib3.connectionpool::connectionpool.py:_make_request:456: http://localhost:10652 "POST /session/e7ca53808d3d8719b5536c74cfb9e643/execute/sync HTTP/1.1" 200 15
DEBUG    2022-05-28 23:28:05 selenium.webdriver.remote.remote_connection::remote_connection.py:_request:383: Remote response: status=200 | data={"value":54004} | headers=HTTPHeaderDict({'Content-Length': '15', 'Content-Type': 'application/json; charset=utf-8', 'cache-control': 'no-cache'})
DEBUG    2022-05-28 23:28:05 selenium.webdriver.remote.remote_connection::remote_connection.py:_request:412: Finished Request
DEBUG    2022-05-28 23:28:05 selenium.webdriver.remote.remote_connection::remote_connection.py:_request:361: POST http://localhost:10652/session/e7ca53808d3d8719b5536c74cfb9e643/execute/sync {"script": "window.scrollTo(50464, 54004)", "args": []}
DEBUG    2022-05-28 23:28:05 urllib3.connectionpool::connectionpool.py:_make_request:456: http://localhost:10652 "POST /session/e7ca53808d3d8719b5536c74cfb9e643/execute/sync HTTP/1.1" 200 14
DEBUG    2022-05-28 23:28:05 selenium.webdriver.remote.remote_connection::remote_connection.py:_request:383: Remote response: status=200 | data={"value":null} | headers=HTTPHeaderDict({'Content-Length': '14', 'Content-Type': 'application/json; charset=utf-8', 'cache-control': 'no-cache'})
DEBUG    2022-05-28 23:28:05 selenium.webdriver.remote.remote_connection::remote_connection.py:_request:412: Finished Request
DEBUG    2022-05-28 23:28:06 selenium.webdriver.remote.remote_connection::remote_connection.py:_request:361: POST http://localhost:10652/session/e7ca53808d3d8719b5536c74cfb9e643/execute/sync {"script": "return document.body.scrollHeight", "args": []}
DEBUG    2022-05-28 23:28:06 urllib3.connectionpool::connectionpool.py:_make_request:456: http://localhost:10652 "POST /session/e7ca53808d3d8719b5536c74cfb9e643/execute/sync HTTP/1.1" 200 15
DEBUG    2022-05-28 23:28:06 selenium.webdriver.remote.remote_connection::remote_connection.py:_request:383: Remote response: status=200 | data={"value":57544} | headers=HTTPHeaderDict({'Content-Length': '15', 'Content-Type': 'application/json; charset=utf-8', 'cache-control': 'no-cache'})
DEBUG    2022-05-28 23:28:06 selenium.webdriver.remote.remote_connection::remote_connection.py:_request:412: Finished Request
DEBUG    2022-05-28 23:28:06 selenium.webdriver.remote.remote_connection::remote_connection.py:_request:361: POST http://localhost:10652/session/e7ca53808d3d8719b5536c74cfb9e643/execute/sync {"script": "window.scrollTo(54004, 57544)", "args": []}
DEBUG    2022-05-28 23:28:06 urllib3.connectionpool::connectionpool.py:_make_request:456: http://localhost:10652 "POST /session/e7ca53808d3d8719b5536c74cfb9e643/execute/sync HTTP/1.1" 200 14
DEBUG    2022-05-28 23:28:06 selenium.webdriver.remote.remote_connection::remote_connection.py:_request:383: Remote response: status=200 | data={"value":null} | headers=HTTPHeaderDict({'Content-Length': '14', 'Content-Type': 'application/json; charset=utf-8', 'cache-control': 'no-cache'})
DEBUG    2022-05-28 23:28:06 selenium.webdriver.remote.remote_connection::remote_connection.py:_request:412: Finished Request
DEBUG    2022-05-28 23:28:07 selenium.webdriver.remote.remote_connection::remote_connection.py:_request:361: POST http://localhost:10652/session/e7ca53808d3d8719b5536c74cfb9e643/execute/sync {"script": "return document.body.scrollHeight", "args": []}
DEBUG    2022-05-28 23:28:07 urllib3.connectionpool::connectionpool.py:_make_request:456: http://localhost:10652 "POST /session/e7ca53808d3d8719b5536c74cfb9e643/execute/sync HTTP/1.1" 200 15
DEBUG    2022-05-28 23:28:07 selenium.webdriver.remote.remote_connection::remote_connection.py:_request:383: Remote response: status=200 | data={"value":61084} | headers=HTTPHeaderDict({'Content-Length': '15', 'Content-Type': 'application/json; charset=utf-8', 'cache-control': 'no-cache'})
DEBUG    2022-05-28 23:28:07 selenium.webdriver.remote.remote_connection::remote_connection.py:_request:412: Finished Request
DEBUG    2022-05-28 23:28:07 selenium.webdriver.remote.remote_connection::remote_connection.py:_request:361: POST http://localhost:10652/session/e7ca53808d3d8719b5536c74cfb9e643/execute/sync {"script": "window.scrollTo(57544, 61084)", "args": []}
DEBUG    2022-05-28 23:28:07 urllib3.connectionpool::connectionpool.py:_make_request:456: http://localhost:10652 "POST /session/e7ca53808d3d8719b5536c74cfb9e643/execute/sync HTTP/1.1" 200 14
DEBUG    2022-05-28 23:28:07 selenium.webdriver.remote.remote_connection::remote_connection.py:_request:383: Remote response: status=200 | data={"value":null} | headers=HTTPHeaderDict({'Content-Length': '14', 'Content-Type': 'application/json; charset=utf-8', 'cache-control': 'no-cache'})
DEBUG    2022-05-28 23:28:07 selenium.webdriver.remote.remote_connection::remote_connection.py:_request:412: Finished Request
DEBUG    2022-05-28 23:28:08 selenium.webdriver.remote.remote_connection::remote_connection.py:_request:361: POST http://localhost:10652/session/e7ca53808d3d8719b5536c74cfb9e643/execute/sync {"script": "return document.body.scrollHeight", "args": []}
DEBUG    2022-05-28 23:28:08 urllib3.connectionpool::connectionpool.py:_make_request:456: http://localhost:10652 "POST /session/e7ca53808d3d8719b5536c74cfb9e643/execute/sync HTTP/1.1" 200 15
DEBUG    2022-05-28 23:28:08 selenium.webdriver.remote.remote_connection::remote_connection.py:_request:383: Remote response: status=200 | data={"value":64624} | headers=HTTPHeaderDict({'Content-Length': '15', 'Content-Type': 'application/json; charset=utf-8', 'cache-control': 'no-cache'})
DEBUG    2022-05-28 23:28:08 selenium.webdriver.remote.remote_connection::remote_connection.py:_request:412: Finished Request
DEBUG    2022-05-28 23:28:08 selenium.webdriver.remote.remote_connection::remote_connection.py:_request:361: POST http://localhost:10652/session/e7ca53808d3d8719b5536c74cfb9e643/execute/sync {"script": "window.scrollTo(61084, 64624)", "args": []}
DEBUG    2022-05-28 23:28:08 urllib3.connectionpool::connectionpool.py:_make_request:456: http://localhost:10652 "POST /session/e7ca53808d3d8719b5536c74cfb9e643/execute/sync HTTP/1.1" 200 14
DEBUG    2022-05-28 23:28:08 selenium.webdriver.remote.remote_connection::remote_connection.py:_request:383: Remote response: status=200 | data={"value":null} | headers=HTTPHeaderDict({'Content-Length': '14', 'Content-Type': 'application/json; charset=utf-8', 'cache-control': 'no-cache'})
DEBUG    2022-05-28 23:28:08 selenium.webdriver.remote.remote_connection::remote_connection.py:_request:412: Finished Request
DEBUG    2022-05-28 23:28:09 selenium.webdriver.remote.remote_connection::remote_connection.py:_request:361: POST http://localhost:10652/session/e7ca53808d3d8719b5536c74cfb9e643/execute/sync {"script": "return document.body.scrollHeight", "args": []}
DEBUG    2022-05-28 23:28:09 urllib3.connectionpool::connectionpool.py:_make_request:456: http://localhost:10652 "POST /session/e7ca53808d3d8719b5536c74cfb9e643/execute/sync HTTP/1.1" 200 15
DEBUG    2022-05-28 23:28:09 selenium.webdriver.remote.remote_connection::remote_connection.py:_request:383: Remote response: status=200 | data={"value":68164} | headers=HTTPHeaderDict({'Content-Length': '15', 'Content-Type': 'application/json; charset=utf-8', 'cache-control': 'no-cache'})
DEBUG    2022-05-28 23:28:09 selenium.webdriver.remote.remote_connection::remote_connection.py:_request:412: Finished Request
DEBUG    2022-05-28 23:28:09 selenium.webdriver.remote.remote_connection::remote_connection.py:_request:361: POST http://localhost:10652/session/e7ca53808d3d8719b5536c74cfb9e643/execute/sync {"script": "window.scrollTo(64624, 68164)", "args": []}
DEBUG    2022-05-28 23:28:09 urllib3.connectionpool::connectionpool.py:_make_request:456: http://localhost:10652 "POST /session/e7ca53808d3d8719b5536c74cfb9e643/execute/sync HTTP/1.1" 200 14
DEBUG    2022-05-28 23:28:09 selenium.webdriver.remote.remote_connection::remote_connection.py:_request:383: Remote response: status=200 | data={"value":null} | headers=HTTPHeaderDict({'Content-Length': '14', 'Content-Type': 'application/json; charset=utf-8', 'cache-control': 'no-cache'})
DEBUG    2022-05-28 23:28:09 selenium.webdriver.remote.remote_connection::remote_connection.py:_request:412: Finished Request
DEBUG    2022-05-28 23:28:10 selenium.webdriver.remote.remote_connection::remote_connection.py:_request:361: POST http://localhost:10652/session/e7ca53808d3d8719b5536c74cfb9e643/execute/sync {"script": "return document.body.scrollHeight", "args": []}
DEBUG    2022-05-28 23:28:10 urllib3.connectionpool::connectionpool.py:_make_request:456: http://localhost:10652 "POST /session/e7ca53808d3d8719b5536c74cfb9e643/execute/sync HTTP/1.1" 200 15
DEBUG    2022-05-28 23:28:10 selenium.webdriver.remote.remote_connection::remote_connection.py:_request:383: Remote response: status=200 | data={"value":71704} | headers=HTTPHeaderDict({'Content-Length': '15', 'Content-Type': 'application/json; charset=utf-8', 'cache-control': 'no-cache'})
DEBUG    2022-05-28 23:28:10 selenium.webdriver.remote.remote_connection::remote_connection.py:_request:412: Finished Request
DEBUG    2022-05-28 23:28:10 selenium.webdriver.remote.remote_connection::remote_connection.py:_request:361: POST http://localhost:10652/session/e7ca53808d3d8719b5536c74cfb9e643/execute/sync {"script": "window.scrollTo(68164, 71704)", "args": []}
DEBUG    2022-05-28 23:28:10 urllib3.connectionpool::connectionpool.py:_make_request:456: http://localhost:10652 "POST /session/e7ca53808d3d8719b5536c74cfb9e643/execute/sync HTTP/1.1" 200 14
DEBUG    2022-05-28 23:28:10 selenium.webdriver.remote.remote_connection::remote_connection.py:_request:383: Remote response: status=200 | data={"value":null} | headers=HTTPHeaderDict({'Content-Length': '14', 'Content-Type': 'application/json; charset=utf-8', 'cache-control': 'no-cache'})
DEBUG    2022-05-28 23:28:10 selenium.webdriver.remote.remote_connection::remote_connection.py:_request:412: Finished Request
DEBUG    2022-05-28 23:28:11 selenium.webdriver.remote.remote_connection::remote_connection.py:_request:361: POST http://localhost:10652/session/e7ca53808d3d8719b5536c74cfb9e643/execute/sync {"script": "return document.body.scrollHeight", "args": []}
DEBUG    2022-05-28 23:28:11 urllib3.connectionpool::connectionpool.py:_make_request:456: http://localhost:10652 "POST /session/e7ca53808d3d8719b5536c74cfb9e643/execute/sync HTTP/1.1" 200 15
DEBUG    2022-05-28 23:28:11 selenium.webdriver.remote.remote_connection::remote_connection.py:_request:383: Remote response: status=200 | data={"value":75244} | headers=HTTPHeaderDict({'Content-Length': '15', 'Content-Type': 'application/json; charset=utf-8', 'cache-control': 'no-cache'})
DEBUG    2022-05-28 23:28:11 selenium.webdriver.remote.remote_connection::remote_connection.py:_request:412: Finished Request
DEBUG    2022-05-28 23:28:11 selenium.webdriver.remote.remote_connection::remote_connection.py:_request:361: POST http://localhost:10652/session/e7ca53808d3d8719b5536c74cfb9e643/execute/sync {"script": "window.scrollTo(71704, 75244)", "args": []}
DEBUG    2022-05-28 23:28:11 urllib3.connectionpool::connectionpool.py:_make_request:456: http://localhost:10652 "POST /session/e7ca53808d3d8719b5536c74cfb9e643/execute/sync HTTP/1.1" 200 14
DEBUG    2022-05-28 23:28:11 selenium.webdriver.remote.remote_connection::remote_connection.py:_request:383: Remote response: status=200 | data={"value":null} | headers=HTTPHeaderDict({'Content-Length': '14', 'Content-Type': 'application/json; charset=utf-8', 'cache-control': 'no-cache'})
DEBUG    2022-05-28 23:28:11 selenium.webdriver.remote.remote_connection::remote_connection.py:_request:412: Finished Request
DEBUG    2022-05-28 23:28:12 selenium.webdriver.remote.remote_connection::remote_connection.py:_request:361: POST http://localhost:10652/session/e7ca53808d3d8719b5536c74cfb9e643/execute/sync {"script": "return document.body.scrollHeight", "args": []}
DEBUG    2022-05-28 23:28:12 urllib3.connectionpool::connectionpool.py:_make_request:456: http://localhost:10652 "POST /session/e7ca53808d3d8719b5536c74cfb9e643/execute/sync HTTP/1.1" 200 15
DEBUG    2022-05-28 23:28:12 selenium.webdriver.remote.remote_connection::remote_connection.py:_request:383: Remote response: status=200 | data={"value":78784} | headers=HTTPHeaderDict({'Content-Length': '15', 'Content-Type': 'application/json; charset=utf-8', 'cache-control': 'no-cache'})
DEBUG    2022-05-28 23:28:12 selenium.webdriver.remote.remote_connection::remote_connection.py:_request:412: Finished Request
DEBUG    2022-05-28 23:28:12 selenium.webdriver.remote.remote_connection::remote_connection.py:_request:361: POST http://localhost:10652/session/e7ca53808d3d8719b5536c74cfb9e643/execute/sync {"script": "window.scrollTo(75244, 78784)", "args": []}
DEBUG    2022-05-28 23:28:12 urllib3.connectionpool::connectionpool.py:_make_request:456: http://localhost:10652 "POST /session/e7ca53808d3d8719b5536c74cfb9e643/execute/sync HTTP/1.1" 200 14
DEBUG    2022-05-28 23:28:12 selenium.webdriver.remote.remote_connection::remote_connection.py:_request:383: Remote response: status=200 | data={"value":null} | headers=HTTPHeaderDict({'Content-Length': '14', 'Content-Type': 'application/json; charset=utf-8', 'cache-control': 'no-cache'})
DEBUG    2022-05-28 23:28:12 selenium.webdriver.remote.remote_connection::remote_connection.py:_request:412: Finished Request
DEBUG    2022-05-28 23:28:13 selenium.webdriver.remote.remote_connection::remote_connection.py:_request:361: POST http://localhost:10652/session/e7ca53808d3d8719b5536c74cfb9e643/execute/sync {"script": "return document.body.scrollHeight", "args": []}
DEBUG    2022-05-28 23:28:13 urllib3.connectionpool::connectionpool.py:_make_request:456: http://localhost:10652 "POST /session/e7ca53808d3d8719b5536c74cfb9e643/execute/sync HTTP/1.1" 200 15
DEBUG    2022-05-28 23:28:13 selenium.webdriver.remote.remote_connection::remote_connection.py:_request:383: Remote response: status=200 | data={"value":82324} | headers=HTTPHeaderDict({'Content-Length': '15', 'Content-Type': 'application/json; charset=utf-8', 'cache-control': 'no-cache'})
DEBUG    2022-05-28 23:28:13 selenium.webdriver.remote.remote_connection::remote_connection.py:_request:412: Finished Request
DEBUG    2022-05-28 23:28:13 selenium.webdriver.remote.remote_connection::remote_connection.py:_request:361: POST http://localhost:10652/session/e7ca53808d3d8719b5536c74cfb9e643/execute/sync {"script": "window.scrollTo(78784, 82324)", "args": []}
DEBUG    2022-05-28 23:28:13 urllib3.connectionpool::connectionpool.py:_make_request:456: http://localhost:10652 "POST /session/e7ca53808d3d8719b5536c74cfb9e643/execute/sync HTTP/1.1" 200 14
DEBUG    2022-05-28 23:28:13 selenium.webdriver.remote.remote_connection::remote_connection.py:_request:383: Remote response: status=200 | data={"value":null} | headers=HTTPHeaderDict({'Content-Length': '14', 'Content-Type': 'application/json; charset=utf-8', 'cache-control': 'no-cache'})
DEBUG    2022-05-28 23:28:13 selenium.webdriver.remote.remote_connection::remote_connection.py:_request:412: Finished Request
DEBUG    2022-05-28 23:28:13 selenium.webdriver.remote.remote_connection::remote_connection.py:_request:361: POST http://localhost:10652/session/e7ca53808d3d8719b5536c74cfb9e643/execute/sync {"script": "return document.body.scrollHeight", "args": []}
DEBUG    2022-05-28 23:28:14 urllib3.connectionpool::connectionpool.py:_make_request:456: http://localhost:10652 "POST /session/e7ca53808d3d8719b5536c74cfb9e643/execute/sync HTTP/1.1" 200 15
DEBUG    2022-05-28 23:28:14 selenium.webdriver.remote.remote_connection::remote_connection.py:_request:383: Remote response: status=200 | data={"value":82324} | headers=HTTPHeaderDict({'Content-Length': '15', 'Content-Type': 'application/json; charset=utf-8', 'cache-control': 'no-cache'})
DEBUG    2022-05-28 23:28:14 selenium.webdriver.remote.remote_connection::remote_connection.py:_request:412: Finished Request
DEBUG    2022-05-28 23:28:14 selenium.webdriver.remote.remote_connection::remote_connection.py:_request:361: POST http://localhost:10652/session/e7ca53808d3d8719b5536c74cfb9e643/elements {"using": "xpath", "value": "//span[@class='review_num ng-binding' and @ng-show='restaurant.review_count > 0']"}
DEBUG    2022-05-28 23:28:14 urllib3.connectionpool::connectionpool.py:_make_request:456: http://localhost:10652 "POST /session/e7ca53808d3d8719b5536c74cfb9e643/elements HTTP/1.1" 200 106424
DEBUG    2022-05-28 23:28:14 selenium.webdriver.remote.remote_connection::remote_connection.py:_request:383: Remote response: status=200 | data={"value":[{"element-6066-11e4-a52e-4f735466cecf":"ab8dd19e-3002-4c59-884f-fe5ebac3349f"},{"element-6066-11e4-a52e-4f735466cecf":"49492100-3282-410a-9416-dfa2bfa13e89"},{"element-6066-11e4-a52e-4f735466cecf":"d60d35a4-a52d-4909-b0c1-7ba750c9de0b"},{"element-6066-11e4-a52e-4f735466cecf":"4decf677-63c6-4a00-ace7-4fbdbf760025"},{"element-6066-11e4-a52e-4f735466cecf":"fc4b4b78-fb23-4447-85a9-a0c860ca30f1"},{"element-6066-11e4-a52e-4f735466cecf":"58318015-076c-4607-a65f-5bcbc5e0b106"},{"element-6066-11e4-a52e-4f735466cecf":"3a6d2278-5fdb-46fc-bb0c-d2f2bb483d26"},{"element-6066-11e4-a52e-4f735466cecf":"909d5499-7985-4cee-9b65-7ebcd4ab26d0"},{"element-6066-11e4-a52e-4f735466cecf":"b34de8dc-a89f-4991-9f27-24981f6cb412"},{"element-6066-11e4-a52e-4f735466cecf":"19eeaaa3-6ff6-48fe-bafc-6c63af610c41"},{"element-6066-11e4-a52e-4f735466cecf":"8690297f-f7c8-40ec-89f2-0b0059d65de1"},{"element-6066-11e4-a52e-4f735466cecf":"64d4a9f9-7c5b-494d-afb8-4a3d22a93223"},{"element-6066-11e4-a52e-4f735466cecf":"e3956078-7022-452a-a094-55ae9ba66206"},{"element-6066-11e4-a52e-4f735466cecf":"4bed6fc8-14b5-4e48-9b93-4ba58bdedea6"},{"element-6066-11e4-a52e-4f735466cecf":"f81974fa-d049-474a-9ce9-46a6b3e7310b"},{"element-6066-11e4-a52e-4f735466cecf":"c2dbb95c-5e94-44d3-ada0-820fb628c558"},{"element-6066-11e4-a52e-4f735466cecf":"77b70d8d-7121-4cec-928a-14f6b289d156"},{"element-6066-11e4-a52e-4f735466cecf":"af9989d7-4fde-4fd6-b64e-fa1c852618b3"},{"element-6066-11e4-a52e-4f735466cecf":"2fa90235-fa06-4bfe-b671-f24e4529073c"},{"element-6066-11e4-a52e-4f735466cecf":"91cf6bea-d663-464b-b6ec-8b68c6f92b7f"},{"element-6066-11e4-a52e-4f735466cecf":"77b26e30-9bf4-41dd-88b1-6a514b068365"},{"element-6066-11e4-a52e-4f735466cecf":"158002ee-9849-4deb-a633-7741e7772cb0"},{"element-6066-11e4-a52e-4f735466cecf":"06233d53-8cb6-4d0d-b450-4ea2d1b8f679"},{"element-6066-11e4-a52e-4f735466cecf":"c2fc6218-66d4-4fb1-84bc-513b277b2f15"},{"element-6066-11e4-a52e-4f735466cecf":"abf419e4-094d-49c8-9d64-5f6e8853f8e7"},{"element-6066-11e4-a52e-4f735466cecf":"a0a41e11-2f5f-475c-b613-9207e61d4cd7"},{"element-6066-11e4-a52e-4f735466cecf":"8af40b62-cb3d-4f81-a049-09ae23566dda"},{"element-6066-11e4-a52e-4f735466cecf":"69471be6-aa7d-41ee-9201-57447b353a28"},{"element-6066-11e4-a52e-4f735466cecf":"63c9ae88-1366-4365-a5b5-2ded39cbfbb1"},{"element-6066-11e4-a52e-4f735466cecf":"0b1ffc81-2200-4855-bc25-48679c618e7d"},{"element-6066-11e4-a52e-4f735466cecf":"83d0aca7-b465-4a65-9964-711b44b7a3ba"},{"element-6066-11e4-a52e-4f735466cecf":"6fd52db8-4f31-48fa-a84d-84db977f128b"},{"element-6066-11e4-a52e-4f735466cecf":"9d579056-47ed-4940-b9e1-3d41e8123a1d"},{"element-6066-11e4-a52e-4f735466cecf":"69109538-f19d-4315-860e-706166ba764b"},{"element-6066-11e4-a52e-4f735466cecf":"c7194bd4-89f6-4a23-b2d8-81617ef2609c"},{"element-6066-11e4-a52e-4f735466cecf":"90b2932b-745d-4cb1-9b79-2c93f2c14480"},{"element-6066-11e4-a52e-4f735466cecf":"dac7163d-1db8-4376-a052-f010253cdc23"},{"element-6066-11e4-a52e-4f735466cecf":"e5c12e48-d6e8-4659-b31d-920cfdc973ce"},{"element-6066-11e4-a52e-4f735466cecf":"ed8a4b2e-8f0a-4ce6-adee-e7fa16dbaa16"},{"element-6066-11e4-a52e-4f735466cecf":"874d3c19-c032-4299-a643-92dbb63d6e08"},{"element-6066-11e4-a52e-4f735466cecf":"ce412116-cf13-4201-b018-dd6ef85516a3"},{"element-6066-11e4-a52e-4f735466cecf":"b9597561-e9a7-44dc-9b36-8fc97d987773"},{"element-6066-11e4-a52e-4f735466cecf":"30f19120-4349-495a-bf6a-b01dff86adc5"},{"element-6066-11e4-a52e-4f735466cecf":"1da60608-d02c-4f08-b0c3-b4c6b8d9da43"},{"element-6066-11e4-a52e-4f735466cecf":"5c6b32d1-7ac2-4a5e-84f7-b8740302db1b"},{"element-6066-11e4-a52e-4f735466cecf":"41b02471-97d9-4a28-996b-e3f897a706e5"},{"element-6066-11e4-a52e-4f735466cecf":"38822b27-9943-43c2-bf2a-5869dff2f669"},{"element-6066-11e4-a52e-4f735466cecf":"3be40263-6c4b-441e-bfce-75e1af2a19e6"},{"element-6066-11e4-a52e-4f735466cecf":"a60be6bd-f02d-46fb-a88a-a7f15cdf6ab6"},{"element-6066-11e4-a52e-4f735466cecf":"8381d8ce-69b9-4259-b288-3bd51f7a471e"},{"element-6066-11e4-a52e-4f735466cecf":"5ea1e96f-74b7-4635-ba10-067dbca1b57b"},{"element-6066-11e4-a52e-4f735466cecf":"f97d3cfe-779c-4a58-839c-52acac058129"},{"element-6066-11e4-a52e-4f735466cecf":"85ddf9f3-6934-4082-9ce7-b634f9bf9b62"},{"element-6066-11e4-a52e-4f735466cecf":"88008707-286a-4009-8d44-12684c726fae"},{"element-6066-11e4-a52e-4f735466cecf":"a965caf4-4d50-46c4-9e09-0f95bcb98a59"},{"element-6066-11e4-a52e-4f735466cecf":"1f631da4-c3a3-47de-91ee-9bfad43a9372"},{"element-6066-11e4-a52e-4f735466cecf":"42c29447-479a-43a6-9e24-17390817c1c3"},{"element-6066-11e4-a52e-4f735466cecf":"efca98e5-fcb5-4816-9812-d8944d699501"},{"element-6066-11e4-a52e-4f735466cecf":"6487c8f7-412d-4eea-974b-178cf027e074"},{"element-6066-11e4-a52e-4f735466cecf":"13fac5c6-6be4-4ec4-9905-e2c485f68b9d"},{"element-6066-11e4-a52e-4f735466cecf":"40d87df0-f850-4ad0-8378-853e2cd64004"},{"element-6066-11e4-a52e-4f735466cecf":"9b9588d6-f446-4479-a960-711eea651cc9"},{"element-6066-11e4-a52e-4f735466cecf":"b31555f1-0813-4ce7-82a2-e55abb2075ea"},{"element-6066-11e4-a52e-4f735466cecf":"0f41b194-f6b0-4c7b-b5fd-448f2d9025f8"},{"element-6066-11e4-a52e-4f735466cecf":"fab84895-a7d6-4d1e-8d54-0d1a5722d478"},{"element-6066-11e4-a52e-4f735466cecf":"a74eb96e-0034-4a7d-be66-d491db7a62cb"},{"element-6066-11e4-a52e-4f735466cecf":"627c1fba-4505-4e91-8b18-b312ca36cb41"},{"element-6066-11e4-a52e-4f735466cecf":"a3b79278-61bc-4b77-b0ce-22eae032808a"},{"element-6066-11e4-a52e-4f735466cecf":"6211ef1b-eb20-4acb-bf00-534674687039"},{"element-6066-11e4-a52e-4f735466cecf":"dee4bd4d-e9a3-402b-85e6-efd78fa89421"},{"element-6066-11e4-a52e-4f735466cecf":"5532aee9-4bc3-4062-8250-c41a9797b367"},{"element-6066-11e4-a52e-4f735466cecf":"420a66d6-c866-47ee-855b-4b40e7413e62"},{"element-6066-11e4-a52e-4f735466cecf":"327aec4e-248c-42d6-9a5a-aa9094d13bc5"},{"element-6066-11e4-a52e-4f735466cecf":"bafec404-7e5f-49f4-81de-8dbebfb64a1a"},{"element-6066-11e4-a52e-4f735466cecf":"20da9dc6-7a38-44ff-a21e-7a4b70fe47f0"},{"element-6066-11e4-a52e-4f735466cecf":"8425dab3-8e37-4aa7-a93b-8e6a569ed7f9"},{"element-6066-11e4-a52e-4f735466cecf":"0f6d5ac9-fd3c-4523-815d-b3184d7eba1d"},{"element-6066-11e4-a52e-4f735466cecf":"f8206b97-9005-4a72-b709-93d133ea930b"},{"element-6066-11e4-a52e-4f735466cecf":"92c61810-425f-4253-9d56-10edcfcad55f"},{"element-6066-11e4-a52e-4f735466cecf":"65661d2f-5bb1-44ab-9d84-a19abddd466b"},{"element-6066-11e4-a52e-4f735466cecf":"f2c65607-879a-4a99-b24a-61a50bd58778"},{"element-6066-11e4-a52e-4f735466cecf":"b06cdaa9-c821-4bbc-ad45-02c25c7b162a"},{"element-6066-11e4-a52e-4f735466cecf":"67b41cdd-8c8e-4a08-b70b-c4f156cb3561"},{"element-6066-11e4-a52e-4f735466cecf":"b30aa886-88fa-4035-9db1-ceb374962a6c"},{"element-6066-11e4-a52e-4f735466cecf":"6d852b16-d60d-4b84-ba9c-8687f003762b"},{"element-6066-11e4-a52e-4f735466cecf":"cf1c2a69-bd27-42ac-bec7-b977846be050"},{"element-6066-11e4-a52e-4f735466cecf":"b61b2263-18aa-4a98-9c4d-dd4d5d43424c"},{"element-6066-11e4-a52e-4f735466cecf":"cd2d36a8-b47a-4b07-b445-89bf1955a697"},{"element-6066-11e4-a52e-4f735466cecf":"1a04e651-5c70-483a-8136-a50798207eba"},{"element-6066-11e4-a52e-4f735466cecf":"96119c55-17b5-4029-b6a6-8a27f8381634"},{"element-6066-11e4-a52e-4f735466cecf":"f51cfa95-789c-4e53-83dd-1c625e739079"},{"element-6066-11e4-a52e-4f735466cecf":"ab8f9e2c-af08-4adb-82a2-1bbe97b5f4f7"},{"element-6066-11e4-a52e-4f735466cecf":"54bef811-e5aa-4b18-beac-53db0193179c"},{"element-6066-11e4-a52e-4f735466cecf":"42619001-2e1a-42e8-bd5f-e123a7be5a97"},{"element-6066-11e4-a52e-4f735466cecf":"829ccec6-e870-466d-80d7-130e89da4044"},{"element-6066-11e4-a52e-4f735466cecf":"3c611607-71ba-44cd-8fed-6e4fc5bd016e"},{"element-6066-11e4-a52e-4f735466cecf":"989ba461-22a7-4e16-a1fd-70bf1a04e72d"},{"element-6066-11e4-a52e-4f735466cecf":"d5bfce31-a648-4f2e-865b-d202e73f8dc2"},{"element-6066-11e4-a52e-4f735466cecf":"c07a1f58-8c3b-4a0d-a2b6-4be8d870dbb3"},{"element-6066-11e4-a52e-4f735466cecf":"0337067d-a718-44a8-9985-981a5be586cf"},{"element-6066-11e4-a52e-4f735466cecf":"dd5f3bd8-915b-4d1b-b8f0-2b490dfb45e6"},{"element-6066-11e4-a52e-4f735466cecf":"18e57396-dcbd-49db-927f-8c54b48c8850"},{"element-6066-11e4-a52e-4f735466cecf":"06d74b54-d66e-40a4-8813-d5cd6255d013"},{"element-6066-11e4-a52e-4f735466cecf":"87665dce-26f7-4856-b8cc-6bb339428a45"},{"element-6066-11e4-a52e-4f735466cecf":"5b5a8878-6e04-4aa2-8d82-fc2173a6527c"},{"element-6066-11e4-a52e-4f735466cecf":"ebb1af13-6f07-4401-beb5-0466a38d218c"},{"element-6066-11e4-a52e-4f735466cecf":"5ca60294-dbf0-4934-8d0d-2fd7a32762d7"},{"element-6066-11e4-a52e-4f735466cecf":"942e5865-97ca-4a83-bc73-ba59be6af8bc"},{"element-6066-11e4-a52e-4f735466cecf":"9ad7baaf-c784-44e7-9d8c-d87905df1166"},{"element-6066-11e4-a52e-4f735466cecf":"23b6033e-e3b8-4073-818f-ebc56fded9ac"},{"element-6066-11e4-a52e-4f735466cecf":"9517eaa8-cd63-4e4f-aad1-5d8a5aba4f66"},{"element-6066-11e4-a52e-4f735466cecf":"9f3f2d9a-1984-432e-a2ae-d1036a7eee5e"},{"element-6066-11e4-a52e-4f735466cecf":"0c15b6b8-06ad-46c9-9153-1b9e0992bce8"},{"element-6066-11e4-a52e-4f735466cecf":"84be46d7-67ed-4c1a-9291-7b9c58bf009b"},{"element-6066-11e4-a52e-4f735466cecf":"cb4f64e9-6cc3-4a72-a62f-2dd64fff80d3"},{"element-6066-11e4-a52e-4f735466cecf":"04eaff21-856d-4c13-986e-f95d85fed2da"},{"element-6066-11e4-a52e-4f735466cecf":"d4912279-3811-4cd1-8021-bfcdaf5f7784"},{"element-6066-11e4-a52e-4f735466cecf":"febaba72-8b45-4e14-9b8b-cffd971af273"},{"element-6066-11e4-a52e-4f735466cecf":"a5baee11-12ea-40ac-8ff8-1166c085259b"},{"element-6066-11e4-a52e-4f735466cecf":"a7ff27af-4dec-4055-8b3e-807dd542a702"},{"element-6066-11e4-a52e-4f735466cecf":"7dff12c7-e787-4f65-b26f-99778dd943c2"},{"element-6066-11e4-a52e-4f735466cecf":"c2b6f4bb-a7c7-496a-9be9-bf440c3bf448"},{"element-6066-11e4-a52e-4f735466cecf":"1ee6b0a3-f7a9-4fc8-868e-909a4c815662"},{"element-6066-11e4-a52e-4f735466cecf":"b60df6b0-67cd-4158-967d-5b8b3083ed92"},{"element-6066-11e4-a52e-4f735466cecf":"2986d7e9-6e5b-4207-a066-8fc118e78e14"},{"element-6066-11e4-a52e-4f735466cecf":"bd88d256-877b-4c6b-9dfd-a3a3c7939577"},{"element-6066-11e4-a52e-4f735466cecf":"36603dd7-0dc2-4870-a8db-057881e82712"},{"element-6066-11e4-a52e-4f735466cecf":"e19924f1-3f42-4e5c-be57-5c40e6acf7ec"},{"element-6066-11e4-a52e-4f735466cecf":"a2cff952-105e-4436-9bfb-10e24e6435df"},{"element-6066-11e4-a52e-4f735466cecf":"65960422-5c1e-4c41-a9d4-2b3824e0e4cb"},{"element-6066-11e4-a52e-4f735466cecf":"7d46e561-7643-4378-998b-3fd0e2a53940"},{"element-6066-11e4-a52e-4f735466cecf":"29340300-7d42-4ab5-90c8-59572ef051a9"},{"element-6066-11e4-a52e-4f735466cecf":"6122c6b7-4662-4cde-9d20-fcb2afcf8ec1"},{"element-6066-11e4-a52e-4f735466cecf":"4fed3b54-db25-4c28-8bdf-970aac323b6e"},{"element-6066-11e4-a52e-4f735466cecf":"d4cbfa07-7144-4df6-8c2d-a17890b5fbda"},{"element-6066-11e4-a52e-4f735466cecf":"dbc7d11f-7567-455c-8e38-db3e944a1537"},{"element-6066-11e4-a52e-4f735466cecf":"3fdfc952-c096-429e-89c9-56c548f01a5b"},{"element-6066-11e4-a52e-4f735466cecf":"c23aa9d3-b5dc-407d-9e6b-0b133ebdc8fe"},{"element-6066-11e4-a52e-4f735466cecf":"7c145f1d-a4b9-4fb4-b7c4-bdb09c3a3572"},{"element-6066-11e4-a52e-4f735466cecf":"99111c7b-c04b-47a6-862a-b8e3a908941d"},{"element-6066-11e4-a52e-4f735466cecf":"4ce5d427-fb4a-4d99-b289-10ddec9861dd"},{"element-6066-11e4-a52e-4f735466cecf":"85a0e375-d3b8-4a01-bf3a-db848b063d1a"},{"element-6066-11e4-a52e-4f735466cecf":"b7f2b338-329b-4728-a97e-1dd6426a0a2e"},{"element-6066-11e4-a52e-4f735466cecf":"832d41f2-67e8-4ca7-8011-4f1b4c8f4a96"},{"element-6066-11e4-a52e-4f735466cecf":"b4673821-7b2e-42a0-8d3e-4dec80f72f9f"},{"element-6066-11e4-a52e-4f735466cecf":"d0a10b00-4aba-4eef-925f-e7f00e0eb507"},{"element-6066-11e4-a52e-4f735466cecf":"119114a4-653b-4413-a1c5-70d76cd58e2b"},{"element-6066-11e4-a52e-4f735466cecf":"cc0c077a-16f6-4a3d-a197-6b0ede6fc966"},{"element-6066-11e4-a52e-4f735466cecf":"8f63cdbb-7d48-4516-9dc0-b11239cfd426"},{"element-6066-11e4-a52e-4f735466cecf":"93a7af72-49dd-4fe9-885b-dc6e91cfb5e9"},{"element-6066-11e4-a52e-4f735466cecf":"f46a1767-2f80-4947-b8a4-1ea4ae758641"},{"element-6066-11e4-a52e-4f735466cecf":"c498a477-f9e2-4edf-baac-facab0885594"},{"element-6066-11e4-a52e-4f735466cecf":"695eeb32-1524-4c52-9397-d30bd4ff64aa"},{"element-6066-11e4-a52e-4f735466cecf":"ea2e42a9-cec4-4cc9-8d2e-1c41f4792d2f"},{"element-6066-11e4-a52e-4f735466cecf":"5aa4fd53-1fca-4e44-9558-b9333ce2b6bc"},{"element-6066-11e4-a52e-4f735466cecf":"2e9f2579-b8fe-4a8c-af50-fe7a32c6fe60"},{"element-6066-11e4-a52e-4f735466cecf":"1f427ac0-0cc9-4ac8-9ed8-4f9f77a52c3a"},{"element-6066-11e4-a52e-4f735466cecf":"7637e5d0-0ff4-49c7-8e85-b5e08ef6f511"},{"element-6066-11e4-a52e-4f735466cecf":"f024b427-0959-4874-9eb7-9b5d2460abf9"},{"element-6066-11e4-a52e-4f735466cecf":"45edfceb-d0b8-486a-9589-794896b8ad66"},{"element-6066-11e4-a52e-4f735466cecf":"5abc8af7-ac19-4672-950b-2d76766c1ffd"},{"element-6066-11e4-a52e-4f735466cecf":"29c6fb66-dd0c-4856-a65a-aef1dd9e55e4"},{"element-6066-11e4-a52e-4f735466cecf":"f733e77d-80a2-447e-af52-b8bfa275763c"},{"element-6066-11e4-a52e-4f735466cecf":"83a37517-53b5-4cbf-8be5-b371f7dd9d4b"},{"element-6066-11e4-a52e-4f735466cecf":"de476179-7a59-40d1-ac99-31b7e49f5e7f"},{"element-6066-11e4-a52e-4f735466cecf":"89d844c7-81a3-4413-87c3-9210a2d24325"},{"element-6066-11e4-a52e-4f735466cecf":"530cc594-4293-46a0-8000-1bdc73497d20"},{"element-6066-11e4-a52e-4f735466cecf":"84e5c31e-68bb-4007-87ab-e72c39c61329"},{"element-6066-11e4-a52e-4f735466cecf":"a082ac8c-642c-4ba4-a8f4-3254d2defb16"},{"element-6066-11e4-a52e-4f735466cecf":"9ed0c4f8-735d-4c11-b755-3a84b2cc74c5"},{"element-6066-11e4-a52e-4f735466cecf":"59f6f1d6-40e3-4546-9a4a-b7010ce83f13"},{"element-6066-11e4-a52e-4f735466cecf":"c7ff3547-6244-4f98-ad8a-87c3ca6ade09"},{"element-6066-11e4-a52e-4f735466cecf":"d416f4a2-e618-44f6-8c20-681aaa0e2b48"},{"element-6066-11e4-a52e-4f735466cecf":"d8d7b61c-9440-47b5-954d-03d3fd87aeee"},{"element-6066-11e4-a52e-4f735466cecf":"84a47def-16d4-4af8-83c6-7b00f3bc68c5"},{"element-6066-11e4-a52e-4f735466cecf":"a84ffbfe-bd6f-4f6f-a841-883fba6e6447"},{"element-6066-11e4-a52e-4f735466cecf":"d06a3b8e-ef91-4050-a20c-512e4f8ecb7a"},{"element-6066-11e4-a52e-4f735466cecf":"de6fe674-22ca-4744-957d-5554a070a60a"},{"element-6066-11e4-a52e-4f735466cecf":"6f9296b6-65f5-4469-a7be-109e96b0d60d"},{"element-6066-11e4-a52e-4f735466cecf":"1807a3a6-ee3d-4ba7-81bc-a7701f03d26e"},{"element-6066-11e4-a52e-4f735466cecf":"c51411bc-f209-4782-9b3b-3d6a1dd43b6b"},{"element-6066-11e4-a52e-4f735466cecf":"ed119c1e-62b1-4014-ac52-6ad3df474398"},{"element-6066-11e4-a52e-4f735466cecf":"a6ead3b9-14bb-409b-bcfe-162fcbb26d52"},{"element-6066-11e4-a52e-4f735466cecf":"ad63efad-a901-4e8f-829c-f9f325c8f9b1"},{"element-6066-11e4-a52e-4f735466cecf":"86c9840d-fdc8-47da-a76e-10a895e849ac"},{"element-6066-11e4-a52e-4f735466cecf":"8abc87bf-11d8-4237-8b3e-17c3eb8721b2"},{"element-6066-11e4-a52e-4f735466cecf":"7b4ecd51-01f4-419b-80a8-bf0a5f657b74"},{"element-6066-11e4-a52e-4f735466cecf":"8a1ff022-d618-4edd-a0a0-bd4a3cff96a6"},{"element-6066-11e4-a52e-4f735466cecf":"74ec3f64-73bf-489e-9d61-3d33eb267d0c"},{"element-6066-11e4-a52e-4f735466cecf":"89ea0008-2702-4e61-8dee-d1d2a647cee9"},{"element-6066-11e4-a52e-4f735466cecf":"4ac6d122-8832-4ca9-9fad-09440b416425"},{"element-6066-11e4-a52e-4f735466cecf":"90a8694b-af63-4d88-9afc-ee56a94b3bfd"},{"element-6066-11e4-a52e-4f735466cecf":"07207ff6-1984-4be0-a126-0ab3433f039b"},{"element-6066-11e4-a52e-4f735466cecf":"8c764389-994c-4dbb-a6b0-283e5c0a7326"},{"element-6066-11e4-a52e-4f735466cecf":"b8639547-ea25-433e-af82-66e118c7a85d"},{"element-6066-11e4-a52e-4f735466cecf":"b6fb8bd5-f843-4579-b02c-2956c8a0f768"},{"element-6066-11e4-a52e-4f735466cecf":"d8cc4218-f318-4c3d-982a-ccb127000721"},{"element-6066-11e4-a52e-4f735466cecf":"6b134a5b-e764-4a10-ac4e-136e4ece4320"},{"element-6066-11e4-a52e-4f735466cecf":"82a21249-0326-40fe-b9d1-26bde77822b5"},{"element-6066-11e4-a52e-4f735466cecf":"06d531a9-fc23-44f2-bc7c-6a929a1afd83"},{"element-6066-11e4-a52e-4f735466cecf":"01c02fed-051c-4cce-82db-a4e0e723738f"},{"element-6066-11e4-a52e-4f735466cecf":"df3e80ac-87d0-4502-a893-022bab84faf2"},{"element-6066-11e4-a52e-4f735466cecf":"0fc64964-559d-474b-947a-cab612fbb77a"},{"element-6066-11e4-a52e-4f735466cecf":"1d1ed990-17ee-4286-b924-d7cfb03b30af"},{"element-6066-11e4-a52e-4f735466cecf":"35b9f339-2e7b-4cb2-83e1-32e13e8d5fef"},{"element-6066-11e4-a52e-4f735466cecf":"d0863ae7-8e43-43c7-87a4-fc0229c900f1"},{"element-6066-11e4-a52e-4f735466cecf":"b2fb6c97-77ba-4420-974e-3f7133125bcb"},{"element-6066-11e4-a52e-4f735466cecf":"9c64009e-ef64-4044-9a27-eac77b2d9857"},{"element-6066-11e4-a52e-4f735466cecf":"69c2c90c-10fd-45dc-83ec-5bf2aa197a9d"},{"element-6066-11e4-a52e-4f735466cecf":"ae4d7cd9-2999-4fa4-bde7-4ec90483d695"},{"element-6066-11e4-a52e-4f735466cecf":"01ca0063-026e-4644-a02e-1f855df47220"},{"element-6066-11e4-a52e-4f735466cecf":"355883f2-d580-41f9-9a46-ab7c085bf33a"},{"element-6066-11e4-a52e-4f735466cecf":"3b6a45cd-95cf-489e-8b48-c0378fa33d85"},{"element-6066-11e4-a52e-4f735466cecf":"52e4c327-b519-4c8e-8dc6-bc1cc253f848"},{"element-6066-11e4-a52e-4f735466cecf":"38178e92-6973-4ad3-8b00-a07740c9b04a"},{"element-6066-11e4-a52e-4f735466cecf":"b0b3da0e-a378-4ca7-a983-c98a5360278f"},{"element-6066-11e4-a52e-4f735466cecf":"2a1b062e-7738-4ce6-b7b3-03b48440c610"},{"element-6066-11e4-a52e-4f735466cecf":"7cbff5a2-90fd-404e-bceb-38f3c663120f"},{"element-6066-11e4-a52e-4f735466cecf":"bc6f1611-8469-425e-9b7c-71b14b8328d7"},{"element-6066-11e4-a52e-4f735466cecf":"1f1a2d9e-c60f-46a2-a0e6-17a838edcd2a"},{"element-6066-11e4-a52e-4f735466cecf":"fa36c277-39d8-4c73-9f55-7412545f3f8c"},{"element-6066-11e4-a52e-4f735466cecf":"8abfc252-0925-4711-9834-339210a3f4c1"},{"element-6066-11e4-a52e-4f735466cecf":"f3c175ff-24a0-4c32-ac80-f2566a653766"},{"element-6066-11e4-a52e-4f735466cecf":"2c579bf3-cfa9-4372-b26a-709a0be3b2fb"},{"element-6066-11e4-a52e-4f735466cecf":"7efd9034-f4c7-4a1e-b9e2-df420eb96f33"},{"element-6066-11e4-a52e-4f735466cecf":"1d14ff6f-3738-40ab-9fa1-90387ae32819"},{"element-6066-11e4-a52e-4f735466cecf":"62956d3a-c77c-4133-b7fb-52ca224c6957"},{"element-6066-11e4-a52e-4f735466cecf":"16dff77d-3a46-4499-880e-81710bf3adf9"},{"element-6066-11e4-a52e-4f735466cecf":"07d974db-fe98-40e7-86e0-48a96528eb5a"},{"element-6066-11e4-a52e-4f735466cecf":"fa2f1dd1-5fe1-47f5-bad3-382f2da938bb"},{"element-6066-11e4-a52e-4f735466cecf":"30f18e84-a50e-44bd-8be4-dcec0daa6ae7"},{"element-6066-11e4-a52e-4f735466cecf":"91af5fb2-43b3-4485-8290-f73bbd90974b"},{"element-6066-11e4-a52e-4f735466cecf":"43b24e78-8a87-4fa2-83a5-5de6422fe261"},{"element-6066-11e4-a52e-4f735466cecf":"a9962a42-0322-4b55-8c35-18b7f72ea387"},{"element-6066-11e4-a52e-4f735466cecf":"edd27196-0462-4e51-ae7d-0918c83b3e29"},{"element-6066-11e4-a52e-4f735466cecf":"6a7d7d47-1dc5-4f11-83e9-244b6a240eca"},{"element-6066-11e4-a52e-4f735466cecf":"7d629950-c254-4902-8bbd-3973acdd34b7"},{"element-6066-11e4-a52e-4f735466cecf":"161192f8-f1c1-481f-8dfb-c82501450a1f"},{"element-6066-11e4-a52e-4f735466cecf":"9aae22bc-40d5-420d-a2e9-e5c2dc8d2ab8"},{"element-6066-11e4-a52e-4f735466cecf":"53b4670d-5251-4f78-8a1a-68176aa433fb"},{"element-6066-11e4-a52e-4f735466cecf":"c84504dc-1791-4195-83d4-017d6e97f77c"},{"element-6066-11e4-a52e-4f735466cecf":"3eecde45-d5ca-4afb-99f6-c916831a8ffc"},{"element-6066-11e4-a52e-4f735466cecf":"9ad1149e-6548-4295-be9c-bdd3c74487db"},{"element-6066-11e4-a52e-4f735466cecf":"f9503adc-d02e-4194-96ff-02b0ae47d12f"},{"element-6066-11e4-a52e-4f735466cecf":"3e77f3bb-f0a6-4b39-8889-0f5299e86d19"},{"element-6066-11e4-a52e-4f735466cecf":"f065c17d-b9b6-4e5d-8995-3f43dac62a06"},{"element-6066-11e4-a52e-4f735466cecf":"5be9516f-bc4d-4d33-acb4-7e8aa6577018"},{"element-6066-11e4-a52e-4f735466cecf":"baec8c08-dd7a-445a-af6c-d8efa8bca39e"},{"element-6066-11e4-a52e-4f735466cecf":"1868bd2d-4659-4dff-83c4-ec92c29c75e1"},{"element-6066-11e4-a52e-4f735466cecf":"be2359b5-caed-46ce-bd8a-45c8b32700b1"},{"element-6066-11e4-a52e-4f735466cecf":"f6c31085-d721-4e72-a6ee-60d786ec0c88"},{"element-6066-11e4-a52e-4f735466cecf":"c20c26ce-e569-4fb3-a1d1-7deedfbd4235"},{"element-6066-11e4-a52e-4f735466cecf":"66ca6c27-6df9-4ab5-9219-bd3c562e391e"},{"element-6066-11e4-a52e-4f735466cecf":"4add2ae6-8521-44a0-b34c-98f873d34c96"},{"element-6066-11e4-a52e-4f735466cecf":"3b75ae39-6fa8-48d6-96b1-d2c965088e3f"},{"element-6066-11e4-a52e-4f735466cecf":"89301d22-c55e-4aae-87cd-5652b4c43fa6"},{"element-6066-11e4-a52e-4f735466cecf":"2cec433c-c6e1-4ccf-af40-fc527ced6de4"},{"element-6066-11e4-a52e-4f735466cecf":"4d57ba89-3708-4611-9a27-830618ac2588"},{"element-6066-11e4-a52e-4f735466cecf":"12fe8cad-0eb1-45a2-bb92-1607b5fa9a62"},{"element-6066-11e4-a52e-4f735466cecf":"a8338450-7cd9-43c0-95a5-64efea63a9b5"},{"element-6066-11e4-a52e-4f735466cecf":"1c2b3d43-00de-40b9-89d8-9d249622a05f"},{"element-6066-11e4-a52e-4f735466cecf":"957bdb5d-5c1e-40d0-85be-ac46ebad4a8c"},{"element-6066-11e4-a52e-4f735466cecf":"351cff38-6ec0-43d0-a542-e5912ae5a454"},{"element-6066-11e4-a52e-4f735466cecf":"abdc3f15-542c-4845-8800-351feba8a871"},{"element-6066-11e4-a52e-4f735466cecf":"f5a8c0a3-288f-4af9-afb5-ec470c124668"},{"element-6066-11e4-a52e-4f735466cecf":"1e311c1c-e433-4ca9-9fdb-a7356c01a8a3"},{"element-6066-11e4-a52e-4f735466cecf":"344fbc8f-97b0-4795-8edb-aab870c7d420"},{"element-6066-11e4-a52e-4f735466cecf":"f43bb2df-7755-44f7-9bb9-ecc39871de50"},{"element-6066-11e4-a52e-4f735466cecf":"9dc617c3-56d6-4b84-9f42-267af33fb90a"},{"element-6066-11e4-a52e-4f735466cecf":"7484f11f-096f-400e-bd1d-52b55a5fa7f1"},{"element-6066-11e4-a52e-4f735466cecf":"2e3f09cc-2956-4bc3-b6f0-3cf4c0fbf88e"},{"element-6066-11e4-a52e-4f735466cecf":"f32988d0-aad6-451a-8f03-d031e189b1bc"},{"element-6066-11e4-a52e-4f735466cecf":"eed844ea-1ca0-49f9-b3a2-82d0d258ac4a"},{"element-6066-11e4-a52e-4f735466cecf":"408d2873-5693-4e0f-8d00-628d65c36e5b"},{"element-6066-11e4-a52e-4f735466cecf":"1b9b64c9-4e32-4394-be0d-bd0e4a767438"},{"element-6066-11e4-a52e-4f735466cecf":"7c3afc5d-02e3-4b24-b5ea-b29125ae471b"},{"element-6066-11e4-a52e-4f735466cecf":"56109068-002f-435b-9c1f-ec0bb95c875f"},{"element-6066-11e4-a52e-4f735466cecf":"f537e496-9c1b-4e11-8796-f66634e09a88"},{"element-6066-11e4-a52e-4f735466cecf":"3c528a53-8912-404d-aa8e-93fbdafb5ea2"},{"element-6066-11e4-a52e-4f735466cecf":"90321c48-b611-4a9f-8cc7-7508740bcec3"},{"element-6066-11e4-a52e-4f735466cecf":"7a9483cb-5797-4a4f-b932-e5efb5f42a85"},{"element-6066-11e4-a52e-4f735466cecf":"623184e4-9961-4057-b194-b6711febaa61"},{"element-6066-11e4-a52e-4f735466cecf":"f55e5b40-9f6a-498c-871a-1e1699eb698e"},{"element-6066-11e4-a52e-4f735466cecf":"1c33032f-d7c1-4ac7-9804-04e1b50e1905"},{"element-6066-11e4-a52e-4f735466cecf":"17987242-0c9f-4a00-ac6b-2e8816c43f4e"},{"element-6066-11e4-a52e-4f735466cecf":"aeba9816-de86-4b10-9885-3025edd1c641"},{"element-6066-11e4-a52e-4f735466cecf":"9a2760e7-5c45-49fe-9d83-52d6cb7e479b"},{"element-6066-11e4-a52e-4f735466cecf":"ca777ecd-8657-4260-9dbf-db1aaf230a4c"},{"element-6066-11e4-a52e-4f735466cecf":"5e4d0c55-65b8-47c4-aa8b-e4cf04b4e36c"},{"element-6066-11e4-a52e-4f735466cecf":"7ead65d7-228f-4221-87b4-4e34c4c9e3e7"},{"element-6066-11e4-a52e-4f735466cecf":"ff977ba2-2c26-4c32-a288-9a12a5713f86"},{"element-6066-11e4-a52e-4f735466cecf":"a53e6875-b45c-47b2-898b-b220d57d83d0"},{"element-6066-11e4-a52e-4f735466cecf":"d4fa9c8a-e7a1-42bc-a53a-67c06223d5d9"},{"element-6066-11e4-a52e-4f735466cecf":"0a3a5697-31a5-4228-9b6c-43c4de424aec"},{"element-6066-11e4-a52e-4f735466cecf":"84e73c2c-e786-42a5-b836-b78402f9633f"},{"element-6066-11e4-a52e-4f735466cecf":"db515830-b1c0-4c5d-915d-0944b10464e5"},{"element-6066-11e4-a52e-4f735466cecf":"e9315657-7e4c-450e-8b65-ff674cdeecd6"},{"element-6066-11e4-a52e-4f735466cecf":"aff4846d-f391-4cdf-95cf-fd24ce81d706"},{"element-6066-11e4-a52e-4f735466cecf":"73998756-b9ba-4d7a-9852-f33e93273b3f"},{"element-6066-11e4-a52e-4f735466cecf":"157286d0-8c6b-41e1-8cfb-4a096be52272"},{"element-6066-11e4-a52e-4f735466cecf":"782a388a-5d2d-4165-a323-1792c07d887e"},{"element-6066-11e4-a52e-4f735466cecf":"1576ed18-4590-4841-91d6-99ba5d9fde49"},{"element-6066-11e4-a52e-4f735466cecf":"470d8493-fcd9-41ce-89bb-fc57b2b92bdf"},{"element-6066-11e4-a52e-4f735466cecf":"1161f030-f50a-4415-bcef-3d2a076777cb"},{"element-6066-11e4-a52e-4f735466cecf":"2ba2665c-1ba9-4545-ac20-f60a30c39a47"},{"element-6066-11e4-a52e-4f735466cecf":"815a82a7-6692-4fa2-a1e6-bab041e6f949"},{"element-6066-11e4-a52e-4f735466cecf":"ec0816d5-78d9-448b-bce3-bb796e59060c"},{"element-6066-11e4-a52e-4f735466cecf":"3eef36b9-a13c-4dcd-bc79-d5224b60fefb"},{"element-6066-11e4-a52e-4f735466cecf":"5b70cbc1-ebf6-425a-a632-267d92a5336d"},{"element-6066-11e4-a52e-4f735466cecf":"f5dd0960-7f18-49dc-b8fe-c15676bbbd0b"},{"element-6066-11e4-a52e-4f735466cecf":"fcf1b865-9bce-495a-8d2e-332262c8ea4a"},{"element-6066-11e4-a52e-4f735466cecf":"2ee09bf3-d58a-4957-a15e-2d66edd4d36f"},{"element-6066-11e4-a52e-4f735466cecf":"510951ac-2be8-4c13-86a9-383a691dbc3c"},{"element-6066-11e4-a52e-4f735466cecf":"b952f55d-4cc9-4af2-b408-c6138af7a78d"},{"element-6066-11e4-a52e-4f735466cecf":"3d4a3433-5aad-4647-835a-dcfdb685546b"},{"element-6066-11e4-a52e-4f735466cecf":"5e584b4b-a9db-4f82-baec-410858ae27d8"},{"element-6066-11e4-a52e-4f735466cecf":"9705d995-5cfd-45eb-9d95-7f5df0208c65"},{"element-6066-11e4-a52e-4f735466cecf":"1b832a59-e397-4851-8c9f-b2521c76ff07"},{"element-6066-11e4-a52e-4f735466cecf":"3cd64d10-c69a-47a8-89bf-d938d3cd4dbc"},{"element-6066-11e4-a52e-4f735466cecf":"6f3792e1-9e57-4e48-8523-cc46d5ccd63e"},{"element-6066-11e4-a52e-4f735466cecf":"493e6d1b-d706-40e5-a98a-31f4065e6304"},{"element-6066-11e4-a52e-4f735466cecf":"97490c69-fae6-4210-8b24-d3f1ab864c5a"},{"element-6066-11e4-a52e-4f735466cecf":"9a098a52-cec8-403c-8d58-25845b26e626"},{"element-6066-11e4-a52e-4f735466cecf":"160c4345-9bd4-434f-be90-415a3875d9d3"},{"element-6066-11e4-a52e-4f735466cecf":"90b1f07a-32a1-480e-847d-6837418d3cc8"},{"element-6066-11e4-a52e-4f735466cecf":"4e34c216-eb63-46d8-b58f-0a87f274ec9b"},{"element-6066-11e4-a52e-4f735466cecf":"324aaf89-eb78-4968-9216-7c565fd68aec"},{"element-6066-11e4-a52e-4f735466cecf":"05a179e8-d045-45c9-bd77-a37832e85ba4"},{"element-6066-11e4-a52e-4f735466cecf":"a1401dd6-bcf7-497f-aad1-847dac1fb78c"},{"element-6066-11e4-a52e-4f735466cecf":"cd2f43bf-501c-456e-b5ae-66352b3ba169"},{"element-6066-11e4-a52e-4f735466cecf":"323a340b-0531-4693-8c3c-6e0c58e63c97"},{"element-6066-11e4-a52e-4f735466cecf":"2d1dc443-3ef7-48f6-b21e-fc8029a7fd17"},{"element-6066-11e4-a52e-4f735466cecf":"a653120c-9797-413f-9d2d-ef0f5afd80fc"},{"element-6066-11e4-a52e-4f735466cecf":"aa99d020-90b0-4ea7-9e7a-01801a7e966d"},{"element-6066-11e4-a52e-4f735466cecf":"ec5596ad-59db-491b-8c30-0c51b25e2fcc"},{"element-6066-11e4-a52e-4f735466cecf":"e27bed03-5781-439f-a1d7-d3ddf580c03f"},{"element-6066-11e4-a52e-4f735466cecf":"458c7f91-108d-4831-9c35-72b63bddca30"},{"element-6066-11e4-a52e-4f735466cecf":"ff6c9061-03f2-4c5b-b3bd-3c05154cb2df"},{"element-6066-11e4-a52e-4f735466cecf":"fc64ef7b-d34c-41e3-b287-284371fd4ce3"},{"element-6066-11e4-a52e-4f735466cecf":"363929a5-3751-4056-8a3f-6908653680c6"},{"element-6066-11e4-a52e-4f735466cecf":"f54fb440-bc29-43d7-a79b-0b5a5424c729"},{"element-6066-11e4-a52e-4f735466cecf":"be426860-915d-4d56-a5d0-6917b30c3bef"},{"element-6066-11e4-a52e-4f735466cecf":"60b2cf4c-a671-41da-84c6-690e20f87de7"},{"element-6066-11e4-a52e-4f735466cecf":"43fa22f6-c2ad-4b42-85f5-fa98784a58a1"},{"element-6066-11e4-a52e-4f735466cecf":"b5370da7-c4cf-415a-8835-3a93888712c9"},{"element-6066-11e4-a52e-4f735466cecf":"5bee154b-9f88-4c4e-8541-16a313b6ee22"},{"element-6066-11e4-a52e-4f735466cecf":"60b046c6-d8ff-443d-a6b3-bdebea3c63d8"},{"element-6066-11e4-a52e-4f735466cecf":"52b66a6e-5018-4011-bbab-aa02b6156cbc"},{"element-6066-11e4-a52e-4f735466cecf":"e0a167a9-26b6-4270-9d69-413f89899511"},{"element-6066-11e4-a52e-4f735466cecf":"45554c5c-e82b-4f33-b629-d5ccc4b32545"},{"element-6066-11e4-a52e-4f735466cecf":"f41f3c1f-b280-4ebf-b841-df1b4ffd72ab"},{"element-6066-11e4-a52e-4f735466cecf":"b919094f-a7fd-41af-bdbe-25c1d0531835"},{"element-6066-11e4-a52e-4f735466cecf":"d25f90c5-620f-47e0-9f20-2a3113fb6d35"},{"element-6066-11e4-a52e-4f735466cecf":"b0687910-18d1-4b69-8345-d5793dfb10d5"},{"element-6066-11e4-a52e-4f735466cecf":"3d24cee3-7064-4bd2-a2e4-ca567a715bd6"},{"element-6066-11e4-a52e-4f735466cecf":"132c7010-75b2-48e4-8d38-53e2fa6390c4"},{"element-6066-11e4-a52e-4f735466cecf":"63609ac9-d0fa-42e0-a15e-65f57333ef99"},{"element-6066-11e4-a52e-4f735466cecf":"ca0c69e2-83b4-47b5-90aa-e10021b4d6af"},{"element-6066-11e4-a52e-4f735466cecf":"82913889-f507-445e-a976-fcceea4c1baa"},{"element-6066-11e4-a52e-4f735466cecf":"019a066f-5bfc-458f-9bef-60bb85d15e4a"},{"element-6066-11e4-a52e-4f735466cecf":"df012de0-c800-4745-bb83-813757695461"},{"element-6066-11e4-a52e-4f735466cecf":"3dd31614-2425-4ab8-bed4-d53d73489a0f"},{"element-6066-11e4-a52e-4f735466cecf":"995335fb-796d-4b8a-a808-e9087123458d"},{"element-6066-11e4-a52e-4f735466cecf":"320f8d10-e20f-4b2a-a01d-2809feeb1a19"},{"element-6066-11e4-a52e-4f735466cecf":"c04e2e4d-33b2-4c82-b459-1d19f39c7203"},{"element-6066-11e4-a52e-4f735466cecf":"0b9ba3a0-013a-4ea8-9c53-df4e088dde0f"},{"element-6066-11e4-a52e-4f735466cecf":"851fa2a3-ed9a-45a8-97ac-f91199ce56ee"},{"element-6066-11e4-a52e-4f735466cecf":"4385dc64-8a02-4a49-8b15-98d231547958"},{"element-6066-11e4-a52e-4f735466cecf":"82207130-4257-4d79-a636-797e1c714358"},{"element-6066-11e4-a52e-4f735466cecf":"c4c32185-ca79-41ce-ace0-8e007bbcf540"},{"element-6066-11e4-a52e-4f735466cecf":"ac42a0a4-f5d7-4dab-8f28-e236fc4acf57"},{"element-6066-11e4-a52e-4f735466cecf":"ade70fb4-9e0d-4dcb-a6d8-15d9ced8a95c"},{"element-6066-11e4-a52e-4f735466cecf":"f4af9146-32e8-451a-91f2-b5825e2d3821"},{"element-6066-11e4-a52e-4f735466cecf":"5a4c06df-42c0-4d7e-8ad6-326778ef696a"},{"element-6066-11e4-a52e-4f735466cecf":"641859ca-3ea8-4bf9-a7a0-bc51317cf9ae"},{"element-6066-11e4-a52e-4f735466cecf":"c61e11e1-6775-4ed1-b3fb-7b90291a0928"},{"element-6066-11e4-a52e-4f735466cecf":"5e9ac10a-fa4d-47d1-8ebe-729b09b03407"},{"element-6066-11e4-a52e-4f735466cecf":"ad83c3d7-6922-4f27-8363-b20c5b080a9b"},{"element-6066-11e4-a52e-4f735466cecf":"4803254d-b77d-4ed1-b6ea-ccff2dd40744"},{"element-6066-11e4-a52e-4f735466cecf":"a3e62827-21bc-4e67-80be-cee90587ce61"},{"element-6066-11e4-a52e-4f735466cecf":"1d02dc74-3377-4f08-b067-7dbeb07d88ef"},{"element-6066-11e4-a52e-4f735466cecf":"4458bf50-5661-4dc8-a529-bb3ff5b92384"},{"element-6066-11e4-a52e-4f735466cecf":"cb1368bb-8dcc-4243-853b-011ea4cbbca5"},{"element-6066-11e4-a52e-4f735466cecf":"163e1770-05a4-438f-be88-b3ffc7b6c605"},{"element-6066-11e4-a52e-4f735466cecf":"83ed5e1c-e7cd-4972-87a0-bf5c93839023"},{"element-6066-11e4-a52e-4f735466cecf":"3b45779a-ffc5-4513-9e33-0eedd324eda1"},{"element-6066-11e4-a52e-4f735466cecf":"e731688b-40c6-4dd7-87a5-2d1f340b6e0a"},{"element-6066-11e4-a52e-4f735466cecf":"9dbb4657-98db-4ef0-912a-602fcdcd2424"},{"element-6066-11e4-a52e-4f735466cecf":"48812e2e-82a2-4d2b-99a2-6fe59a989305"},{"element-6066-11e4-a52e-4f735466cecf":"93ba00db-faab-4553-adf8-9155d47f8cbb"},{"element-6066-11e4-a52e-4f735466cecf":"92369cdd-79ab-473c-82cf-1875e65697b2"},{"element-6066-11e4-a52e-4f735466cecf":"0226fca0-3bde-40b4-b022-1079df78cc96"},{"element-6066-11e4-a52e-4f735466cecf":"fd7cdaef-4c29-4e5f-a586-9d54d0965f28"},{"element-6066-11e4-a52e-4f735466cecf":"67b867cb-8538-4fb0-87ed-64a9978c939a"},{"element-6066-11e4-a52e-4f735466cecf":"fc32a170-555c-48ac-ad36-bdad33e07535"},{"element-6066-11e4-a52e-4f735466cecf":"308af689-b0c0-4c9d-a225-1adbca485a3c"},{"element-6066-11e4-a52e-4f735466cecf":"9875195e-ffe5-477e-a47a-bfe2ee88cfe9"},{"element-6066-11e4-a52e-4f735466cecf":"d7d8c04a-f090-47a7-ae3f-7a3223e59c48"},{"element-6066-11e4-a52e-4f735466cecf":"ba1ecf61-d416-437d-a8b5-bb4d3219abfa"},{"element-6066-11e4-a52e-4f735466cecf":"fd103776-21ed-4e4b-bdf7-c4fc1451e598"},{"element-6066-11e4-a52e-4f735466cecf":"058f648f-5e33-456a-bbef-2574b9912c0f"},{"element-6066-11e4-a52e-4f735466cecf":"790a8809-37e5-48e2-8b9e-4eafdd423794"},{"element-6066-11e4-a52e-4f735466cecf":"69317a12-94fd-4f62-9829-f1a7fce82994"},{"element-6066-11e4-a52e-4f735466cecf":"afa6ab2c-4f45-4981-9442-3a2ec1605b7b"},{"element-6066-11e4-a52e-4f735466cecf":"3bd369c1-353e-41ad-ad8b-a7fcd9a55c88"},{"element-6066-11e4-a52e-4f735466cecf":"2dcd93b7-df43-4e75-bc4a-cf7c2140031f"},{"element-6066-11e4-a52e-4f735466cecf":"4fda2ef3-68e3-41bd-85a6-0cd6b6017f09"},{"element-6066-11e4-a52e-4f735466cecf":"4274e062-2595-46be-ab0e-847c3a26c863"},{"element-6066-11e4-a52e-4f735466cecf":"7d581792-3f06-4df9-b25c-9791d314f665"},{"element-6066-11e4-a52e-4f735466cecf":"e458d588-8de1-444b-8fa0-7077fc302b82"},{"element-6066-11e4-a52e-4f735466cecf":"835b071f-729d-4f94-9ed3-fd76790c5c30"},{"element-6066-11e4-a52e-4f735466cecf":"06bb53b5-5de6-4206-8936-52b20cc8fe40"},{"element-6066-11e4-a52e-4f735466cecf":"d3718501-7ffc-4f90-96da-75289b35995f"},{"element-6066-11e4-a52e-4f735466cecf":"a28dd822-287d-4b4f-9a44-4b2b0a94259a"},{"element-6066-11e4-a52e-4f735466cecf":"d7f85c70-4900-4e7e-a51d-6cd266bffd6a"},{"element-6066-11e4-a52e-4f735466cecf":"9ea78674-22b0-4181-88f4-372c768ba172"},{"element-6066-11e4-a52e-4f735466cecf":"9f460512-b0b8-4672-a32e-0ba914bfae8f"},{"element-6066-11e4-a52e-4f735466cecf":"66ae79a0-fabe-426a-8bbf-84f61917226e"},{"element-6066-11e4-a52e-4f735466cecf":"bae9701c-9f19-4fc9-9203-64adc806a2f4"},{"element-6066-11e4-a52e-4f735466cecf":"592b84d8-ef49-4bd1-8c40-dca09fa4c024"},{"element-6066-11e4-a52e-4f735466cecf":"f7aa6914-6a5c-4550-8a51-11f9623a1efd"},{"element-6066-11e4-a52e-4f735466cecf":"97cf175a-6757-4335-8b4b-2f60f5ce70da"},{"element-6066-11e4-a52e-4f735466cecf":"9e70ce79-1978-4142-82c6-1645a3b8a45e"},{"element-6066-11e4-a52e-4f735466cecf":"a7c45a86-c17f-4f09-9475-e8a652cff615"},{"element-6066-11e4-a52e-4f735466cecf":"3cdf17ce-ed38-454b-8b4b-98092dafb843"},{"element-6066-11e4-a52e-4f735466cecf":"2664b2d2-534a-426f-a41f-c64ad6319122"},{"element-6066-11e4-a52e-4f735466cecf":"48be7297-29bc-419d-a9f6-f8e1a1e55a20"},{"element-6066-11e4-a52e-4f735466cecf":"ba54e66d-ef9c-40e2-ab51-a724c5b79757"},{"element-6066-11e4-a52e-4f735466cecf":"d69f8843-b650-417b-941d-da0f47f8d8f6"},{"element-6066-11e4-a52e-4f735466cecf":"5e856f11-c632-49c0-91fe-0ccc299fbe07"},{"element-6066-11e4-a52e-4f735466cecf":"4097955b-7cdc-473b-9308-0b2c9291dcf4"},{"element-6066-11e4-a52e-4f735466cecf":"6d36f9d4-9dfd-4f3a-b475-a8bec1b5fddd"},{"element-6066-11e4-a52e-4f735466cecf":"d28d1d0c-28f1-4685-8e56-82e5af55bcdc"},{"element-6066-11e4-a52e-4f735466cecf":"b9d2ebe4-7e36-4d2d-83a3-53f91668df23"},{"element-6066-11e4-a52e-4f735466cecf":"ecc3e16d-4b8f-47ea-8a8f-989f5db7f87e"},{"element-6066-11e4-a52e-4f735466cecf":"35895683-98ad-4ea9-b0bf-c8e3719ad851"},{"element-6066-11e4-a52e-4f735466cecf":"ccfea370-d367-4cb1-9017-381f42acc124"},{"element-6066-11e4-a52e-4f735466cecf":"cb9adaad-f833-4cb8-8f17-c5e201c15a46"},{"element-6066-11e4-a52e-4f735466cecf":"fe8f1b65-7edc-44b6-bd92-1c9cfe8226f8"},{"element-6066-11e4-a52e-4f735466cecf":"a5b13be0-b0ef-43d2-b858-64ea2d073ab7"},{"element-6066-11e4-a52e-4f735466cecf":"2b2d5161-e6f8-4532-bee1-c8b1aee9ae9b"},{"element-6066-11e4-a52e-4f735466cecf":"d609126a-04fa-438b-9e6f-d9028a461e65"},{"element-6066-11e4-a52e-4f735466cecf":"a0acbbe1-e7ef-4685-a501-a5dd27599f0a"},{"element-6066-11e4-a52e-4f735466cecf":"e2388bec-3af9-44b3-972c-3f053fa2ef5f"},{"element-6066-11e4-a52e-4f735466cecf":"ee21abb3-abea-46a3-b4ec-2f1942ca7f8d"},{"element-6066-11e4-a52e-4f735466cecf":"830d82f2-ea0b-4fd9-b5d1-1e91e64386e3"},{"element-6066-11e4-a52e-4f735466cecf":"f2f2e6a4-0f64-46ba-94e9-558520f7547a"},{"element-6066-11e4-a52e-4f735466cecf":"1abf79e8-ef72-47cc-96fc-4e84bb99f96f"},{"element-6066-11e4-a52e-4f735466cecf":"46467241-ca6c-476f-b9e7-c6ff90b3058b"},{"element-6066-11e4-a52e-4f735466cecf":"d6916809-e5bb-4e33-98df-2efeeeea8ea6"},{"element-6066-11e4-a52e-4f735466cecf":"2a940294-5dd7-4db8-8b63-78619bdaae7a"},{"element-6066-11e4-a52e-4f735466cecf":"c58e6a11-709f-4d86-80f3-fe0ae05aaff2"},{"element-6066-11e4-a52e-4f735466cecf":"277c238c-4395-4bab-98d5-0df509417d6d"},{"element-6066-11e4-a52e-4f735466cecf":"ad068ee9-e4a0-4347-a578-c5cabb787d3f"},{"element-6066-11e4-a52e-4f735466cecf":"6e3e3bf8-96c0-446e-867d-0f592492ea5c"},{"element-6066-11e4-a52e-4f735466cecf":"98ecb3a8-3cf7-4d85-ad3c-ce7b48c95f47"},{"element-6066-11e4-a52e-4f735466cecf":"1b1993c3-6126-4f0c-b182-1ee788ce50ab"},{"element-6066-11e4-a52e-4f735466cecf":"6feaceeb-9a99-410d-8b89-40a9e4cb7fc7"},{"element-6066-11e4-a52e-4f735466cecf":"82e9d0f2-6af6-40e9-84a0-f53f2664ff2b"},{"element-6066-11e4-a52e-4f735466cecf":"df4e0bc0-3ac3-4512-bf31-b5da70aa699a"},{"element-6066-11e4-a52e-4f735466cecf":"ac5d6998-6140-4a01-b4fe-f61ddf61429c"},{"element-6066-11e4-a52e-4f735466cecf":"9a4ed0a3-7306-4fd6-9fb6-166f5815a2cf"},{"element-6066-11e4-a52e-4f735466cecf":"e8d6c25f-b0e2-4fe7-b1c1-e793fa423989"},{"element-6066-11e4-a52e-4f735466cecf":"60f63ee8-ecf3-45d8-8d47-2dcd0a5d4fe6"},{"element-6066-11e4-a52e-4f735466cecf":"d6fecea6-bc06-44fe-85d0-cfc5c0b9ea82"},{"element-6066-11e4-a52e-4f735466cecf":"11043ec8-cf86-4b55-a122-52e501091c35"},{"element-6066-11e4-a52e-4f735466cecf":"b0a1385c-5eaa-4f2f-bc99-75ab31b31919"},{"element-6066-11e4-a52e-4f735466cecf":"baaa2d89-a4f6-4547-88ec-72bf9dae1cba"},{"element-6066-11e4-a52e-4f735466cecf":"19b40dd1-00ef-47a0-af3a-a88d10c8019d"},{"element-6066-11e4-a52e-4f735466cecf":"f10c78de-6296-49de-bfd0-181b8c4cd821"},{"element-6066-11e4-a52e-4f735466cecf":"7767efc9-47e5-40dc-8562-7314279dc5ef"},{"element-6066-11e4-a52e-4f735466cecf":"ab24d3fa-138f-4327-9116-9f731c66ef05"},{"element-6066-11e4-a52e-4f735466cecf":"0f4ce28f-01e7-40b6-9bb4-111d7a86fa3c"},{"element-6066-11e4-a52e-4f735466cecf":"33f82112-93da-4d5b-a60f-384e32fb059c"},{"element-6066-11e4-a52e-4f735466cecf":"86010160-b7e0-4cbb-bdc4-be980ddaa3c5"},{"element-6066-11e4-a52e-4f735466cecf":"8d896dbd-4c15-4aae-8460-34fe03b833b7"},{"element-6066-11e4-a52e-4f735466cecf":"192167c1-4092-4aea-bc90-98f17e84400d"},{"element-6066-11e4-a52e-4f735466cecf":"ec95803e-679d-4e5c-9c98-93dd4c08061b"},{"element-6066-11e4-a52e-4f735466cecf":"5f5ef7c1-fd1d-4261-827d-da1c58f65624"},{"element-6066-11e4-a52e-4f735466cecf":"c1819ca4-49b0-4d88-9440-e418091ec197"},{"element-6066-11e4-a52e-4f735466cecf":"0b87b01f-af24-410e-b809-4926afdc4565"},{"element-6066-11e4-a52e-4f735466cecf":"500e7ec4-8c44-4c09-b628-9ba0addeae6d"},{"element-6066-11e4-a52e-4f735466cecf":"297c0eaa-1c18-47a7-8d15-c823e1fbd180"},{"element-6066-11e4-a52e-4f735466cecf":"af9655a2-2154-4b0c-8336-0f860bf3f54a"},{"element-6066-11e4-a52e-4f735466cecf":"2c6a402d-db2b-48d5-b6b9-70d0a604281c"},{"element-6066-11e4-a52e-4f735466cecf":"94dcd13c-7847-424c-b749-ea3f70190dad"},{"element-6066-11e4-a52e-4f735466cecf":"7a95d401-8784-4918-bcaf-a26c15d8724a"},{"element-6066-11e4-a52e-4f735466cecf":"8f918fa3-c9b5-4ac3-ad18-024d7d0d9755"},{"element-6066-11e4-a52e-4f735466cecf":"c47ee503-c136-474d-8f12-3f53d55fb06e"},{"element-6066-11e4-a52e-4f735466cecf":"e10f61e3-e585-4b25-8bca-5425bb950f60"},{"element-6066-11e4-a52e-4f735466cecf":"7ef1098a-4cf7-4049-8737-b467fb25e34e"},{"element-6066-11e4-a52e-4f735466cecf":"4f42838f-7b6d-44d6-8ba7-222a42fbe422"},{"element-6066-11e4-a52e-4f735466cecf":"e2a193b9-872e-4e9b-9eca-292bbebd59e1"},{"element-6066-11e4-a52e-4f735466cecf":"a27e916f-59a3-4557-ae9b-a7f67eaaf9e4"},{"element-6066-11e4-a52e-4f735466cecf":"962349f9-dec7-40e0-a4d1-f2689f7dbb80"},{"element-6066-11e4-a52e-4f735466cecf":"12134be2-07ae-41ae-b737-6294c2730a7d"},{"element-6066-11e4-a52e-4f735466cecf":"43aed1bf-8931-427e-90cf-ba60f5dbbcdc"},{"element-6066-11e4-a52e-4f735466cecf":"e318d14d-29b1-49ea-8aee-4ab225890148"},{"element-6066-11e4-a52e-4f735466cecf":"0b7af8c1-512e-44d0-a186-22d55cfeeb7e"},{"element-6066-11e4-a52e-4f735466cecf":"19c83aa7-f416-4328-ac79-471e5cec3692"},{"element-6066-11e4-a52e-4f735466cecf":"722604d8-8200-47dc-918e-a0eb76ec3f4d"},{"element-6066-11e4-a52e-4f735466cecf":"cd1f54a4-9bf0-4985-8c3e-882c2fdf1efd"},{"element-6066-11e4-a52e-4f735466cecf":"4490ba2b-1fea-45a4-b9f8-8fdabfccc653"},{"element-6066-11e4-a52e-4f735466cecf":"41fc1b85-fab2-4948-b530-9c664869b9c6"},{"element-6066-11e4-a52e-4f735466cecf":"aa1fc6f0-d767-4e04-9c5b-4ab66a1d76a5"},{"element-6066-11e4-a52e-4f735466cecf":"3fb9ef72-5083-4445-8657-835d492c7d9f"},{"element-6066-11e4-a52e-4f735466cecf":"f3494d29-aa40-480e-922d-2579dce525c1"},{"element-6066-11e4-a52e-4f735466cecf":"8d3f2a33-20a0-4e15-92fe-876adf1064e1"},{"element-6066-11e4-a52e-4f735466cecf":"76495386-ddda-4eac-8d29-fd6c7ffd4412"},{"element-6066-11e4-a52e-4f735466cecf":"b8496852-5f90-4a78-8e13-1ef62ab9e57f"},{"element-6066-11e4-a52e-4f735466cecf":"859eec95-ef0a-4bf5-bf3a-ce788a2431d7"},{"element-6066-11e4-a52e-4f735466cecf":"f1b2b184-d095-460e-8c1c-a8d63b403ae5"},{"element-6066-11e4-a52e-4f735466cecf":"e233544d-8ac8-4554-abb1-bc03be4c11c3"},{"element-6066-11e4-a52e-4f735466cecf":"1caef210-2f4d-4f27-a723-9dd84d2e2b44"},{"element-6066-11e4-a52e-4f735466cecf":"4f62ac4f-311f-4403-92d8-a6f1834d4b03"},{"element-6066-11e4-a52e-4f735466cecf":"ad692c06-30f4-473e-89ff-8726bd0d4219"},{"element-6066-11e4-a52e-4f735466cecf":"15165e84-0bb9-46c4-8f6b-cb67d1a09448"},{"element-6066-11e4-a52e-4f735466cecf":"446353d2-cf9b-4397-9c72-c74d2f328f21"},{"element-6066-11e4-a52e-4f735466cecf":"db2a4bcb-e39a-41c6-baa7-86e54cd0c579"},{"element-6066-11e4-a52e-4f735466cecf":"5c5bfe60-0f0b-4ab1-968b-a712637e70e7"},{"element-6066-11e4-a52e-4f735466cecf":"c3a46789-f0be-43b8-800c-5fdf084a2e28"},{"element-6066-11e4-a52e-4f735466cecf":"f5062734-dd2c-4eac-9a13-b45a4abbccd5"},{"element-6066-11e4-a52e-4f735466cecf":"0d6d158c-2cf3-4616-80ee-8afd3da039df"},{"element-6066-11e4-a52e-4f735466cecf":"017da7b5-4b64-4906-934a-a37829eb4399"},{"element-6066-11e4-a52e-4f735466cecf":"f8815c75-8b6f-43d4-b601-9b2cd28670e5"},{"element-6066-11e4-a52e-4f735466cecf":"69cc6a44-d98f-4ea1-9018-da0fbc1fd3de"},{"element-6066-11e4-a52e-4f735466cecf":"80407c59-57dd-4139-ba68-25feb5eb3f2f"},{"element-6066-11e4-a52e-4f735466cecf":"c2aa1027-e387-441a-a291-ca6b93ad584a"},{"element-6066-11e4-a52e-4f735466cecf":"ecb95e85-8279-4835-9b73-89f695239103"},{"element-6066-11e4-a52e-4f735466cecf":"355f8586-3e9c-49c2-bc69-981ca7dacf2d"},{"element-6066-11e4-a52e-4f735466cecf":"8637d6e3-3a03-4360-9eaa-fd01406d5750"},{"element-6066-11e4-a52e-4f735466cecf":"264e130e-28b6-4224-8d90-6b4de9672fe5"},{"element-6066-11e4-a52e-4f735466cecf":"21c73e09-cd0d-475d-8b42-d6a7bf59c7c9"},{"element-6066-11e4-a52e-4f735466cecf":"f1b013ae-0bf2-4acf-b48c-df145f081e5f"},{"element-6066-11e4-a52e-4f735466cecf":"46f14373-390e-4568-8317-eea67a182815"},{"element-6066-11e4-a52e-4f735466cecf":"bf27b6af-a97e-4260-a791-caec07843ffd"},{"element-6066-11e4-a52e-4f735466cecf":"9cbe4465-1ea7-41d1-8549-4de1b410204d"},{"element-6066-11e4-a52e-4f735466cecf":"5931517c-86c6-4a58-850f-013fff1c5e97"},{"element-6066-11e4-a52e-4f735466cecf":"106a5ae9-eb18-42a7-9688-3a16be0bbe0b"},{"element-6066-11e4-a52e-4f735466cecf":"17de4c34-735f-4169-a2cc-34044cc2916e"},{"element-6066-11e4-a52e-4f735466cecf":"1e595450-55dc-4502-abb0-e240be566c79"},{"element-6066-11e4-a52e-4f735466cecf":"b72ac622-b6be-4f22-adf4-621007fcb0ed"},{"element-6066-11e4-a52e-4f735466cecf":"59c1acbc-0039-4885-a635-a733e896c807"},{"element-6066-11e4-a52e-4f735466cecf":"05c35b20-33d9-4e3c-b225-3368a7a8539c"},{"element-6066-11e4-a52e-4f735466cecf":"e7ab46a8-827e-4326-8ef9-8670808765ce"},{"element-6066-11e4-a52e-4f735466cecf":"b261a128-9759-4ea7-98f7-7a74d9c7809a"},{"element-6066-11e4-a52e-4f735466cecf":"de5336fe-3525-44e8-9698-06899bbbbd98"},{"element-6066-11e4-a52e-4f735466cecf":"99a39540-9b35-496d-b4c4-0f89c73724ad"},{"element-6066-11e4-a52e-4f735466cecf":"d121b013-4a52-4024-a25e-99bbb4c769b3"},{"element-6066-11e4-a52e-4f735466cecf":"d9f8cdcb-da21-4b75-baa0-7253ad7e6401"},{"element-6066-11e4-a52e-4f735466cecf":"2682ad4c-3544-4419-b887-36e49a4536a0"},{"element-6066-11e4-a52e-4f735466cecf":"8e835d5f-1384-465d-8460-01af48dcc777"},{"element-6066-11e4-a52e-4f735466cecf":"71f37c40-10f2-45f5-a273-885eb43e0154"},{"element-6066-11e4-a52e-4f735466cecf":"527f456f-b993-44f5-a7f5-1c66f9e691e8"},{"element-6066-11e4-a52e-4f735466cecf":"55ce2c12-3bcc-4140-80bc-d4805fbfe296"},{"element-6066-11e4-a52e-4f735466cecf":"6d091806-b2e6-43f8-93d5-b70f3cd2cc3a"},{"element-6066-11e4-a52e-4f735466cecf":"ffef093e-699a-442b-bb15-5740833bd087"},{"element-6066-11e4-a52e-4f735466cecf":"1cdc05be-1143-4b7f-95d7-91c00c7085dd"},{"element-6066-11e4-a52e-4f735466cecf":"78fe7861-a269-4ab4-afc6-9bf7b47f8090"},{"element-6066-11e4-a52e-4f735466cecf":"514bd47d-1ff3-4c74-872c-be724a4a4744"},{"element-6066-11e4-a52e-4f735466cecf":"b8b7c0f4-9a8b-478a-a69e-89644a2dc7a2"},{"element-6066-11e4-a52e-4f735466cecf":"d57119ea-0c74-4b08-90ad-64d713ea65fe"},{"element-6066-11e4-a52e-4f735466cecf":"be30c57b-fa8c-44de-85ad-186585f25ff2"},{"element-6066-11e4-a52e-4f735466cecf":"6c850916-7830-4c6b-a26f-a810784f7b96"},{"element-6066-11e4-a52e-4f735466cecf":"a283a253-5388-4730-88ec-7ec2e936310d"},{"element-6066-11e4-a52e-4f735466cecf":"90f1ade8-8400-48d1-94f7-80bb52610771"},{"element-6066-11e4-a52e-4f735466cecf":"8480fdec-b812-4e66-a816-021577d7821e"},{"element-6066-11e4-a52e-4f735466cecf":"33d08bf0-43d9-4da6-b08a-abaeb28c783b"},{"element-6066-11e4-a52e-4f735466cecf":"ff73e8f5-0ebc-42d6-90f6-5dae65c596a6"},{"element-6066-11e4-a52e-4f735466cecf":"fb15ef2d-d55c-4205-9f4d-6f4f43623e03"},{"element-6066-11e4-a52e-4f735466cecf":"5d37ca77-4bdd-4a56-99fb-c48f7eb18447"},{"element-6066-11e4-a52e-4f735466cecf":"8f50884f-602e-4680-806c-cd6f6b397bf9"},{"element-6066-11e4-a52e-4f735466cecf":"fece4dc0-23e5-408e-98b5-43cee3774f6a"},{"element-6066-11e4-a52e-4f735466cecf":"2338fce6-2c82-4b3a-b54e-c7e448a4f259"},{"element-6066-11e4-a52e-4f735466cecf":"ead27aa1-3753-49c3-9ca8-e410db48f3b5"},{"element-6066-11e4-a52e-4f735466cecf":"444d945c-0d18-4e1a-972f-6f7aea2f4de8"},{"element-6066-11e4-a52e-4f735466cecf":"4fa16878-c331-4567-9b0f-3eadc0b60f49"},{"element-6066-11e4-a52e-4f735466cecf":"1dc7eaa2-d5ea-47a9-b4a0-3e468bea8779"},{"element-6066-11e4-a52e-4f735466cecf":"361c299a-acba-4b3e-a47b-ffc0878b50b0"},{"element-6066-11e4-a52e-4f735466cecf":"0a9c78e0-b663-44ac-ad54-d011600bf1af"},{"element-6066-11e4-a52e-4f735466cecf":"a9fd7ba6-0dd2-4555-a686-1d48db9b0a94"},{"element-6066-11e4-a52e-4f735466cecf":"08787abc-5ae4-47cc-9d52-72e150200890"},{"element-6066-11e4-a52e-4f735466cecf":"e11613aa-d745-4e53-9bda-b3826b3a9f0e"},{"element-6066-11e4-a52e-4f735466cecf":"5351e288-6ba9-4e43-ae89-672af6f9b051"},{"element-6066-11e4-a52e-4f735466cecf":"5bd53b6f-c798-498b-8e28-247e8265d951"},{"element-6066-11e4-a52e-4f735466cecf":"dc0fb14b-e423-41f2-bde3-6fdb68c2c397"},{"element-6066-11e4-a52e-4f735466cecf":"504e3a14-2f48-411b-a3d8-53c2e46886bf"},{"element-6066-11e4-a52e-4f735466cecf":"b4313095-770e-4578-acb2-ef5933f7b31d"},{"element-6066-11e4-a52e-4f735466cecf":"69d8bcc9-d320-4dc9-96d2-bd3ebac028c9"},{"element-6066-11e4-a52e-4f735466cecf":"d8d2b32e-7fa6-4ade-b22c-850f46d320b3"},{"element-6066-11e4-a52e-4f735466cecf":"6fc7c2e7-61a1-41e7-884f-81ae9d5ec6e8"},{"element-6066-11e4-a52e-4f735466cecf":"32687f63-94a1-4cf9-baf3-3ad3bfb73341"},{"element-6066-11e4-a52e-4f735466cecf":"62db75fe-c111-4332-8980-fdfab7c64aee"},{"element-6066-11e4-a52e-4f735466cecf":"41644888-86e1-4021-a8b1-e13a65200326"},{"element-6066-11e4-a52e-4f735466cecf":"c745f7a8-13cd-4f4a-82f6-e8ee2a0b5f98"},{"element-6066-11e4-a52e-4f735466cecf":"2e593f7b-60bb-40fd-ac5c-c84da8952c8a"},{"element-6066-11e4-a52e-4f735466cecf":"dd0c54ba-c748-4ff2-98d0-ed70fc6ceae3"},{"element-6066-11e4-a52e-4f735466cecf":"d812d29c-5820-421b-885f-60419226ef4e"},{"element-6066-11e4-a52e-4f735466cecf":"9916d5dc-4b09-4fa1-a62f-3c128be57233"},{"element-6066-11e4-a52e-4f735466cecf":"7b089bec-d063-4d0f-a42e-c1343c6d706a"},{"element-6066-11e4-a52e-4f735466cecf":"b589869d-f92a-4526-be32-dcd148f7be69"},{"element-6066-11e4-a52e-4f735466cecf":"f4f52d75-dd84-453a-aa7f-bd017f0dd3ca"},{"element-6066-11e4-a52e-4f735466cecf":"8ab4d546-ccbf-4b5f-ad44-f24974c7f76b"},{"element-6066-11e4-a52e-4f735466cecf":"fcb5a105-fa59-4a2b-b5b5-ff799020f7df"},{"element-6066-11e4-a52e-4f735466cecf":"29913728-f659-4d7d-bb3c-8a93761d6e97"},{"element-6066-11e4-a52e-4f735466cecf":"fdaa5f96-a60f-4fb5-8e00-aab09150e646"},{"element-6066-11e4-a52e-4f735466cecf":"fed651aa-24f5-4601-ac11-4d3e37aff959"},{"element-6066-11e4-a52e-4f735466cecf":"f464320d-1514-49bf-89a8-48f59b62a526"},{"element-6066-11e4-a52e-4f735466cecf":"95f720e1-65e0-4eb5-9cc3-4b81fa3e2247"},{"element-6066-11e4-a52e-4f735466cecf":"7d9ebdb9-be98-422e-ab6f-f3177bbc61e5"},{"element-6066-11e4-a52e-4f735466cecf":"281f94c4-b99f-431a-b9e1-8f520385d929"},{"element-6066-11e4-a52e-4f735466cecf":"eccda956-39cb-454e-b9b2-3ed6a707368f"},{"element-6066-11e4-a52e-4f735466cecf":"102ca667-aca3-4d60-a623-d28142133dac"},{"element-6066-11e4-a52e-4f735466cecf":"ac97a1d8-fbf1-4c08-8f37-142fa9c5d1b8"},{"element-6066-11e4-a52e-4f735466cecf":"3f842218-9c2a-418c-8632-52e29c002d6d"},{"element-6066-11e4-a52e-4f735466cecf":"ebb10db4-fc02-44e8-8585-f5690c0f1491"},{"element-6066-11e4-a52e-4f735466cecf":"b49e1fae-d61a-49c5-a694-7a316418f052"},{"element-6066-11e4-a52e-4f735466cecf":"d2d8fad8-a4bd-4492-a348-0b39f35e1d40"},{"element-6066-11e4-a52e-4f735466cecf":"09a44ba0-9cbc-4e15-9f33-a064ef3aec00"},{"element-6066-11e4-a52e-4f735466cecf":"92e27ab4-412a-4aa5-9c82-b9281b4b983d"},{"element-6066-11e4-a52e-4f735466cecf":"2eff64b4-9496-45f8-b80d-f1e17579cf17"},{"element-6066-11e4-a52e-4f735466cecf":"bb32ca7d-66e5-43cd-a616-608f9acfd85f"},{"element-6066-11e4-a52e-4f735466cecf":"c73fe649-b701-4239-a58d-a156c1e04efa"},{"element-6066-11e4-a52e-4f735466cecf":"79f24cfd-8775-4a57-b401-92c7e0289772"},{"element-6066-11e4-a52e-4f735466cecf":"885905c0-04af-472b-9033-a0ceec863abd"},{"element-6066-11e4-a52e-4f735466cecf":"30e7e467-a1ad-4646-b8c5-95d3d9d73273"},{"element-6066-11e4-a52e-4f735466cecf":"e0b4b1fd-3dad-463c-b232-fb1e142112dc"},{"element-6066-11e4-a52e-4f735466cecf":"b1bfe81e-0649-4951-a256-5455aaaa3a6b"},{"element-6066-11e4-a52e-4f735466cecf":"5f45871a-fef0-4840-a92b-c4e9ec403a35"},{"element-6066-11e4-a52e-4f735466cecf":"f202208d-7942-43d2-909d-77aa58aacfc0"},{"element-6066-11e4-a52e-4f735466cecf":"655fadfe-7aad-4111-89da-241e5e0da6b8"},{"element-6066-11e4-a52e-4f735466cecf":"16300da1-670b-42ca-8281-c18f57f9c76a"},{"element-6066-11e4-a52e-4f735466cecf":"2e095805-f083-40a7-8320-870528439c8d"},{"element-6066-11e4-a52e-4f735466cecf":"09ad174b-e828-4c8b-809c-41fd2e39dfe7"},{"element-6066-11e4-a52e-4f735466cecf":"346ca52c-35a1-434f-b176-925e81a16eb0"},{"element-6066-11e4-a52e-4f735466cecf":"f3b28ba7-5cf3-44df-a4ea-819549b75e54"},{"element-6066-11e4-a52e-4f735466cecf":"097040e7-199b-4c05-b186-3711d01a3aac"},{"element-6066-11e4-a52e-4f735466cecf":"39d2d4c3-3b6b-498d-b8a6-d3e20764c312"},{"element-6066-11e4-a52e-4f735466cecf":"be2d2396-90ce-4c16-95b8-bc4e98804b43"},{"element-6066-11e4-a52e-4f735466cecf":"0c16775b-4372-4bc5-a0c4-b696b0d896de"},{"element-6066-11e4-a52e-4f735466cecf":"66e739dc-17f8-405b-bd8e-f349d44f64ff"},{"element-6066-11e4-a52e-4f735466cecf":"839d1a5d-55d4-4ddc-8666-c4f5cbdce2e0"},{"element-6066-11e4-a52e-4f735466cecf":"c1744c98-0c4f-4523-a392-a4d9d9f78c71"},{"element-6066-11e4-a52e-4f735466cecf":"d333e50d-c6c1-42fd-aa2b-4c356bffb869"},{"element-6066-11e4-a52e-4f735466cecf":"62093d6d-96ad-4909-962d-e5a7c906ebe5"},{"element-6066-11e4-a52e-4f735466cecf":"89a9119b-992f-4406-86af-bf09b5f6eabb"},{"element-6066-11e4-a52e-4f735466cecf":"52fbecd4-43f0-47aa-a177-fd332fae12c1"},{"element-6066-11e4-a52e-4f735466cecf":"fdce910e-a82b-477d-95e8-9c6baae29dd7"},{"element-6066-11e4-a52e-4f735466cecf":"f91df952-2a1e-458e-b657-d050acac1368"},{"element-6066-11e4-a52e-4f735466cecf":"30f1981b-498f-4dc0-ad65-7c5f08be3b73"},{"element-6066-11e4-a52e-4f735466cecf":"aa635fdf-ee49-446f-bfdb-ab71097b838e"},{"element-6066-11e4-a52e-4f735466cecf":"48e0d8ba-0375-4b5b-a542-35a8dd31cc1c"},{"element-6066-11e4-a52e-4f735466cecf":"e96a0985-0c6f-4757-b05c-63a19f60a1f3"},{"element-6066-11e4-a52e-4f735466cecf":"8d815fa1-44df-494a-a80c-31145b9abbd2"},{"element-6066-11e4-a52e-4f735466cecf":"a49d8cf4-1831-4480-96eb-2ee0a70a00b6"},{"element-6066-11e4-a52e-4f735466cecf":"923f1d39-45a4-4a82-8893-b0f9b66d42f6"},{"element-6066-11e4-a52e-4f735466cecf":"4ceae225-c21b-4277-99d8-36a3cfcdb570"},{"element-6066-11e4-a52e-4f735466cecf":"065aea55-486c-486f-85f0-23fbefb9cdc4"},{"element-6066-11e4-a52e-4f735466cecf":"ee53e078-4227-4e62-8b0b-dc3fc9e2a7cb"},{"element-6066-11e4-a52e-4f735466cecf":"d9601571-dbc6-4da5-a916-5aa7915b3d27"},{"element-6066-11e4-a52e-4f735466cecf":"1f92c8a0-4daf-4ef0-9ed6-db2a86bf49d0"},{"element-6066-11e4-a52e-4f735466cecf":"ed40d0ff-c567-4577-9659-3bfe1df6e55d"},{"element-6066-11e4-a52e-4f735466cecf":"9663116a-ef8e-4a3b-a41f-7aea83fdb646"},{"element-6066-11e4-a52e-4f735466cecf":"caa152c3-feb4-4ac3-acc6-55539dfaf26e"},{"element-6066-11e4-a52e-4f735466cecf":"dd0e4f89-5224-4e70-8d86-7d98e8d31220"},{"element-6066-11e4-a52e-4f735466cecf":"e88ae5f7-bb5e-447f-af78-fd9ccc27095d"},{"element-6066-11e4-a52e-4f735466cecf":"ca611c56-d80f-4eb9-979f-401d06fa4c61"},{"element-6066-11e4-a52e-4f735466cecf":"cbe2a62d-27b9-4fb2-96d4-699697fbd514"},{"element-6066-11e4-a52e-4f735466cecf":"31edbd1b-f087-43a0-a1d0-1af24d708729"},{"element-6066-11e4-a52e-4f735466cecf":"24a208bc-8579-40c6-bc61-6215d07ac554"},{"element-6066-11e4-a52e-4f735466cecf":"8c499a9f-3ab0-4026-a003-0e129e595f71"},{"element-6066-11e4-a52e-4f735466cecf":"8a7b6ed2-aad6-4f2c-958f-5e46a6435337"},{"element-6066-11e4-a52e-4f735466cecf":"4d6d69c8-12b5-4f11-a108-1e05649c91c1"},{"element-6066-11e4-a52e-4f735466cecf":"f26b0668-1ea1-4167-a257-683561576a6a"},{"element-6066-11e4-a52e-4f735466cecf":"d47b8b4d-8339-4112-a305-560886eccefb"},{"element-6066-11e4-a52e-4f735466cecf":"cd467f69-4d15-418a-bcb0-62fc18be1b15"},{"element-6066-11e4-a52e-4f735466cecf":"8ff81487-092b-473b-86c2-2ee674e0ab48"},{"element-6066-11e4-a52e-4f735466cecf":"1c9740c7-1242-47f6-8ec6-0238bb12af48"},{"element-6066-11e4-a52e-4f735466cecf":"800299ae-ca07-43e3-aa4c-6b8aba0260b8"},{"element-6066-11e4-a52e-4f735466cecf":"03060018-26b8-482a-9cfd-862d5af98455"},{"element-6066-11e4-a52e-4f735466cecf":"0ccf5e87-1d8e-4626-93a8-fc7acce38512"},{"element-6066-11e4-a52e-4f735466cecf":"9f2d91e7-e710-405c-a1be-4f05f8d98d50"},{"element-6066-11e4-a52e-4f735466cecf":"2d9e081b-b811-431b-b18e-dec414779178"},{"element-6066-11e4-a52e-4f735466cecf":"b38aad25-2241-4f31-b5f1-9694e7705e6d"},{"element-6066-11e4-a52e-4f735466cecf":"03090a3c-864d-44d5-9f6b-9da8872ff55a"},{"element-6066-11e4-a52e-4f735466cecf":"5bb26066-b058-45d3-9caa-ae5b52fe403d"},{"element-6066-11e4-a52e-4f735466cecf":"5354243f-50ca-461a-9ff4-33274e0387cc"},{"element-6066-11e4-a52e-4f735466cecf":"0879703c-28ba-4f6f-8ccc-67ca926af2a8"},{"element-6066-11e4-a52e-4f735466cecf":"d88f0aa3-2381-4ac8-afe3-39f50beebe8d"},{"element-6066-11e4-a52e-4f735466cecf":"e5ae3207-a910-4e97-8b18-5b22a325c15c"},{"element-6066-11e4-a52e-4f735466cecf":"bf452b96-7ad0-427f-b3bf-9c02f4d100d1"},{"element-6066-11e4-a52e-4f735466cecf":"fe54bf1c-e1f7-4712-8b74-1c78db0334bf"},{"element-6066-11e4-a52e-4f735466cecf":"feef0528-7041-4a21-8bd5-f53739a61104"},{"element-6066-11e4-a52e-4f735466cecf":"4194242e-16c2-4e47-9e40-08c25be91b60"},{"element-6066-11e4-a52e-4f735466cecf":"8298c0ce-62e5-4b62-877f-193fa643b0c9"},{"element-6066-11e4-a52e-4f735466cecf":"4a9d29b5-be8e-4034-b47d-960305726cd1"},{"element-6066-11e4-a52e-4f735466cecf":"340ded70-8f26-45cc-9594-cad4c38da648"},{"element-6066-11e4-a52e-4f735466cecf":"e10a84ae-4ca0-48a9-a085-f86516465f83"},{"element-6066-11e4-a52e-4f735466cecf":"b6141cb3-6c73-4bb9-b341-c837d18c8697"},{"element-6066-11e4-a52e-4f735466cecf":"e8d8a0ba-8682-4177-b790-f04a7a8e36e9"},{"element-6066-11e4-a52e-4f735466cecf":"aa44b4d5-530a-4a3c-ac56-8955d77fab1d"},{"element-6066-11e4-a52e-4f735466cecf":"1ce80349-0cc7-4920-86cc-f047b35c189a"},{"element-6066-11e4-a52e-4f735466cecf":"5023c0b3-dbdd-436b-8f7e-89b851fa7e0b"},{"element-6066-11e4-a52e-4f735466cecf":"875e1a84-c51d-4eb5-b959-22272882c801"},{"element-6066-11e4-a52e-4f735466cecf":"aeca1f46-7138-47e0-af4c-f695a414a3fa"},{"element-6066-11e4-a52e-4f735466cecf":"362b368b-efc5-4915-88f4-bd423ca8d11d"},{"element-6066-11e4-a52e-4f735466cecf":"adc6779e-1e3f-4327-b31a-1f4675bde195"},{"element-6066-11e4-a52e-4f735466cecf":"69b8bf84-c916-423e-bdf8-63e41c444107"},{"element-6066-11e4-a52e-4f735466cecf":"34ed09c9-7cc6-45d7-80ac-45bb2228b7ae"},{"element-6066-11e4-a52e-4f735466cecf":"9f567ccb-001e-4f36-b886-3e7ec342de30"},{"element-6066-11e4-a52e-4f735466cecf":"e06d7690-44ba-42ee-b5ca-08e27c9262ec"},{"element-6066-11e4-a52e-4f735466cecf":"93945675-9e79-482d-84af-cbd52107fb4a"},{"element-6066-11e4-a52e-4f735466cecf":"8f865ac4-079d-4e62-a42a-9f8377249008"},{"element-6066-11e4-a52e-4f735466cecf":"9cf56bcc-3f58-4c1d-a5bf-b1cb534a8366"},{"element-6066-11e4-a52e-4f735466cecf":"baa1ece4-81a0-4d34-ad02-2a718099e46f"},{"element-6066-11e4-a52e-4f735466cecf":"34fad5f2-0b17-4955-b1a0-dc6d55758a22"},{"element-6066-11e4-a52e-4f735466cecf":"59b3a9f5-c824-42e3-8d3c-d8474e0e4797"},{"element-6066-11e4-a52e-4f735466cecf":"7d292aa1-46a6-4005-932b-010103bd48c5"},{"element-6066-11e4-a52e-4f735466cecf":"2ca3c293-b365-4612-a448-e7cf351f4431"},{"element-6066-11e4-a52e-4f735466cecf":"3b81e1b6-9a20-4a99-abfe-5a862bfd100f"},{"element-6066-11e4-a52e-4f735466cecf":"b7e57322-c118-48c6-8adb-79e3292e1797"},{"element-6066-11e4-a52e-4f735466cecf":"b573fb4f-501d-4c24-bc15-0e3f25d8e8dc"},{"element-6066-11e4-a52e-4f735466cecf":"c974b1dd-1c8e-4f5a-a2f3-4a3989259fdf"},{"element-6066-11e4-a52e-4f735466cecf":"0fb71575-291a-46bb-9d32-6f9d50304a73"},{"element-6066-11e4-a52e-4f735466cecf":"bc7466e4-82fc-4ca5-b4f6-f615a8db991e"},{"element-6066-11e4-a52e-4f735466cecf":"f1338c2b-2873-4f7a-ac62-06ff813af2e5"},{"element-6066-11e4-a52e-4f735466cecf":"7ca8c8e2-3f30-41e2-91bd-404e7089d2b9"},{"element-6066-11e4-a52e-4f735466cecf":"cda29aeb-a909-4917-a5d9-356c748f151c"},{"element-6066-11e4-a52e-4f735466cecf":"4285b352-b711-42c0-a3f1-ebbf1904e3e0"},{"element-6066-11e4-a52e-4f735466cecf":"5168adf6-1fbe-41a2-bbb6-73e0f8060264"},{"element-6066-11e4-a52e-4f735466cecf":"1c051a29-ab4e-4f5f-8275-4ca2cfd5dfdd"},{"element-6066-11e4-a52e-4f735466cecf":"fc2d71f8-8fe3-4431-b88f-c2b90d8a1930"},{"element-6066-11e4-a52e-4f735466cecf":"33e1d334-b0f2-424d-8ebe-27bcc06f4cd0"},{"element-6066-11e4-a52e-4f735466cecf":"3821981c-1504-4f6c-9146-22938de78703"},{"element-6066-11e4-a52e-4f735466cecf":"9270989e-3d5b-49b4-871f-d616ccc5fd67"},{"element-6066-11e4-a52e-4f735466cecf":"e4a8dd61-8b3a-4bc3-b352-bf4b5b0b9093"},{"element-6066-11e4-a52e-4f735466cecf":"0f29e0a6-c354-408b-b789-4eb91250929a"},{"element-6066-11e4-a52e-4f735466cecf":"555074ac-53e8-4c23-9f76-fb0e33e54e74"},{"element-6066-11e4-a52e-4f735466cecf":"db081da6-5412-4b13-aee9-7215851085d5"},{"element-6066-11e4-a52e-4f735466cecf":"6648248d-e39b-449e-ae1c-a1d507e092c4"},{"element-6066-11e4-a52e-4f735466cecf":"ef8b5284-2f55-4839-9981-8f5cacbb4d20"},{"element-6066-11e4-a52e-4f735466cecf":"ecd1757e-4a13-4936-a051-e72b198b9efc"},{"element-6066-11e4-a52e-4f735466cecf":"f2839377-98aa-481d-925b-e154f1bd284f"},{"element-6066-11e4-a52e-4f735466cecf":"b57458dd-a926-4ead-9504-e50c367fb86d"},{"element-6066-11e4-a52e-4f735466cecf":"972d111c-5c63-46df-b721-5026b4c8e2db"},{"element-6066-11e4-a52e-4f735466cecf":"5492e620-89ad-4cc5-b9c4-6e6baf52b363"},{"element-6066-11e4-a52e-4f735466cecf":"c27d114e-2f6b-4b21-9039-097b86c8ad5c"},{"element-6066-11e4-a52e-4f735466cecf":"d8e14ef7-f6ef-4c05-b38f-0b4348f15794"},{"element-6066-11e4-a52e-4f735466cecf":"90fd4594-7f89-43fd-82ad-ae7d3cb5be27"},{"element-6066-11e4-a52e-4f735466cecf":"01ebc4ae-6e19-46c3-a616-3a301a83d847"},{"element-6066-11e4-a52e-4f735466cecf":"f3ae11cf-7b34-4c7a-9562-eb37f10620f5"},{"element-6066-11e4-a52e-4f735466cecf":"24bbb011-8591-4fb9-87f4-b5bb990a6e44"},{"element-6066-11e4-a52e-4f735466cecf":"e913ddbd-cadf-41c8-99f1-4462c1c2ab08"},{"element-6066-11e4-a52e-4f735466cecf":"7fc72685-e075-43f3-9a18-34c0f6af79ad"},{"element-6066-11e4-a52e-4f735466cecf":"ecd04a83-0515-4ccd-880b-484e5e25bd2b"},{"element-6066-11e4-a52e-4f735466cecf":"dd28f7b6-265d-4943-89d8-d2087f91b5b7"},{"element-6066-11e4-a52e-4f735466cecf":"0ad5d6c6-8a3a-4e24-96f0-19e3070715bd"},{"element-6066-11e4-a52e-4f735466cecf":"05130eeb-f76d-457f-84e9-40611cbf2ecf"},{"element-6066-11e4-a52e-4f735466cecf":"232a1379-c666-4dd0-acd0-c2669e0c80c4"},{"element-6066-11e4-a52e-4f735466cecf":"aaf619a7-cf37-42c6-94fd-288cf6696dda"},{"element-6066-11e4-a52e-4f735466cecf":"d566c10b-231e-4ad7-ae07-68cface7c6b3"},{"element-6066-11e4-a52e-4f735466cecf":"203dba16-9441-489a-8314-408edd595008"},{"element-6066-11e4-a52e-4f735466cecf":"b7130ecf-ee09-44dd-86e4-915306ff6b7e"},{"element-6066-11e4-a52e-4f735466cecf":"a439b4fa-bca7-4f99-a1b6-1338968194b5"},{"element-6066-11e4-a52e-4f735466cecf":"5496d921-b25f-4582-8731-a9e559a3cf6d"},{"element-6066-11e4-a52e-4f735466cecf":"ee554796-4ee3-41a5-9856-0d15596195d0"},{"element-6066-11e4-a52e-4f735466cecf":"15df2035-2063-4254-8c19-38fe3e6166f4"},{"element-6066-11e4-a52e-4f735466cecf":"684b183f-712c-448f-83b5-0c244200012b"},{"element-6066-11e4-a52e-4f735466cecf":"fe52cc39-0d7c-4c8c-ad12-849a86d4cdd9"},{"element-6066-11e4-a52e-4f735466cecf":"133b04ac-de1f-401b-8517-05b9a3851934"},{"element-6066-11e4-a52e-4f735466cecf":"fa9f1771-7529-4237-9dbc-531962523973"},{"element-6066-11e4-a52e-4f735466cecf":"b5cc4000-b5b8-40e6-993a-83652f1d25b0"},{"element-6066-11e4-a52e-4f735466cecf":"14194422-6282-47d6-9ea5-069821b04209"},{"element-6066-11e4-a52e-4f735466cecf":"76c07369-b7b5-419a-99f6-ccbe35e89a79"},{"element-6066-11e4-a52e-4f735466cecf":"3f256184-9bce-404f-8c20-d3663a6b1dce"},{"element-6066-11e4-a52e-4f735466cecf":"a48b76f3-413d-4033-87fa-89321fe485b0"},{"element-6066-11e4-a52e-4f735466cecf":"9adcd0c2-5208-4257-a881-957adc163517"},{"element-6066-11e4-a52e-4f735466cecf":"006ad054-1f7b-4090-b778-390cdbc87899"},{"element-6066-11e4-a52e-4f735466cecf":"3d96bf83-49aa-427a-9073-e1b07f7472cd"},{"element-6066-11e4-a52e-4f735466cecf":"83328aa5-2d92-4093-84db-2c2a93ba2ae4"},{"element-6066-11e4-a52e-4f735466cecf":"0f9a3f26-2962-46a6-99ea-68609dc39385"},{"element-6066-11e4-a52e-4f735466cecf":"b5a6ed94-7b96-4658-aa9d-34d90ea08a30"},{"element-6066-11e4-a52e-4f735466cecf":"65e8c0c8-9f6a-49b3-96e7-f6436013daa1"},{"element-6066-11e4-a52e-4f735466cecf":"a2a0d26b-f318-4a3f-848a-8aecbaca7aed"},{"element-6066-11e4-a52e-4f735466cecf":"bb05a401-bc53-485a-a087-8c02c4883967"},{"element-6066-11e4-a52e-4f735466cecf":"b1552dad-b6ec-4eb4-8dfc-71b99395854c"},{"element-6066-11e4-a52e-4f735466cecf":"309e8001-f825-4a3d-8bf2-fbd88ff0f898"},{"element-6066-11e4-a52e-4f735466cecf":"5f564a69-69c9-470c-ae98-98c51e192fe1"},{"element-6066-11e4-a52e-4f735466cecf":"4d824326-a389-4345-9fdf-754db41942b8"},{"element-6066-11e4-a52e-4f735466cecf":"e06a994e-1d2d-4f98-ac91-7210f42f15b2"},{"element-6066-11e4-a52e-4f735466cecf":"4051a557-e4a3-4b85-9ffa-330ef38e789b"},{"element-6066-11e4-a52e-4f735466cecf":"e091818e-270f-4b65-991c-4579a2392163"},{"element-6066-11e4-a52e-4f735466cecf":"be59ffc7-bed9-42a5-969d-724c0addbf79"},{"element-6066-11e4-a52e-4f735466cecf":"469b1af3-69e6-4003-8012-8076005fb3d9"},{"element-6066-11e4-a52e-4f735466cecf":"c874d380-f0da-4da8-b09c-960e9742f33c"},{"element-6066-11e4-a52e-4f735466cecf":"c4d817ef-31f2-4f45-947d-2aca8087299b"},{"element-6066-11e4-a52e-4f735466cecf":"83933988-182b-4d2a-86e1-7f506f394aa4"},{"element-6066-11e4-a52e-4f735466cecf":"f3b70a7f-2def-4f23-b2f7-f171c8337850"},{"element-6066-11e4-a52e-4f735466cecf":"89be99c5-0165-4fde-b6e6-c0098607b062"},{"element-6066-11e4-a52e-4f735466cecf":"7cb95652-8106-40cc-9fb0-d5985425a648"},{"element-6066-11e4-a52e-4f735466cecf":"d4558bf5-3081-4e40-8637-1c50064333fe"},{"element-6066-11e4-a52e-4f735466cecf":"9e18d3b6-fd12-427e-93da-23dd8a593373"},{"element-6066-11e4-a52e-4f735466cecf":"4b3cb5e3-6658-4369-8209-91da630008bd"},{"element-6066-11e4-a52e-4f735466cecf":"53cca546-f1da-4311-92b6-afdc2e7b5461"},{"element-6066-11e4-a52e-4f735466cecf":"b8fb99ab-b029-4a9b-ba19-a7042853c310"},{"element-6066-11e4-a52e-4f735466cecf":"2cc742b6-c498-45b5-b7cd-dd5a2ee575df"},{"element-6066-11e4-a52e-4f735466cecf":"6a329f3e-27c9-4aed-9936-2417f7b10880"},{"element-6066-11e4-a52e-4f735466cecf":"89082eef-ea73-4d8c-8a5e-d2864ffb49a6"},{"element-6066-11e4-a52e-4f735466cecf":"4f6b20dd-fa95-474d-b54d-fe622d449615"},{"element-6066-11e4-a52e-4f735466cecf":"edc2903c-7c8a-44e6-bed2-f7365337bae1"},{"element-6066-11e4-a52e-4f735466cecf":"0f20200c-d103-4627-8c2b-7c69b5ab8398"},{"element-6066-11e4-a52e-4f735466cecf":"1fa27425-ccfc-4b93-9514-3ae59dbd51c9"},{"element-6066-11e4-a52e-4f735466cecf":"97498797-1c5f-411a-a8fe-d9e6a7bf535e"},{"element-6066-11e4-a52e-4f735466cecf":"c612f292-5f37-4e2b-934e-f682350b5b98"},{"element-6066-11e4-a52e-4f735466cecf":"d6d8ea46-255e-48d2-9b80-6872168711b9"},{"element-6066-11e4-a52e-4f735466cecf":"d989d2ef-1565-42e7-abad-8e8b52739972"},{"element-6066-11e4-a52e-4f735466cecf":"5ee49856-a620-4243-91d6-f673176752fe"},{"element-6066-11e4-a52e-4f735466cecf":"a14d6d20-ab75-48e0-a1d6-77071d8f23cd"},{"element-6066-11e4-a52e-4f735466cecf":"3e57f519-bbf5-4606-a987-cd461268fcaa"},{"element-6066-11e4-a52e-4f735466cecf":"808f4f21-1865-4ecb-96b6-5bcd96d835c2"},{"element-6066-11e4-a52e-4f735466cecf":"8fc18c22-a39c-4047-ad15-637ccdb680f5"},{"element-6066-11e4-a52e-4f735466cecf":"67bfc968-0551-4415-9011-4c8cdf76d3e3"},{"element-6066-11e4-a52e-4f735466cecf":"5827b16e-cb86-41c9-8c97-bc60c8332770"},{"element-6066-11e4-a52e-4f735466cecf":"90a71604-e8a0-4955-b5ba-30ee952a9e8b"},{"element-6066-11e4-a52e-4f735466cecf":"6f6f9347-0ac7-496e-87bc-9e57b41460b2"},{"element-6066-11e4-a52e-4f735466cecf":"403b687f-7b9f-43d5-9d12-869ed54a88b4"},{"element-6066-11e4-a52e-4f735466cecf":"4bbd95b5-51c5-4fd8-851e-0ad155a6f749"},{"element-6066-11e4-a52e-4f735466cecf":"dbd82f4b-21e2-42d8-a746-fdca5290fa8f"},{"element-6066-11e4-a52e-4f735466cecf":"8f29e33e-6e71-4524-a505-4e60e79a4964"},{"element-6066-11e4-a52e-4f735466cecf":"c4ee5b98-b93b-4b61-aef2-c0d98590c045"},{"element-6066-11e4-a52e-4f735466cecf":"f354bc58-18ee-4cad-b0fe-760c8ad0b4b5"},{"element-6066-11e4-a52e-4f735466cecf":"6577663e-343d-431e-bedf-1090689b21a2"},{"element-6066-11e4-a52e-4f735466cecf":"12cdc49a-0461-452a-a1c9-625bd02bca46"},{"element-6066-11e4-a52e-4f735466cecf":"117a9e2d-7075-49df-ae6f-c2188722afb7"},{"element-6066-11e4-a52e-4f735466cecf":"76e4e2ca-236f-4cd1-aa4a-3be742721469"},{"element-6066-11e4-a52e-4f735466cecf":"3f8d6040-0554-40f4-9fb4-3f7f2ccc8d6a"},{"element-6066-11e4-a52e-4f735466cecf":"fb0b03c1-8b2b-412b-b45d-d25a768cf548"},{"element-6066-11e4-a52e-4f735466cecf":"9ec6fd26-79e4-413a-93e8-6c67316440c0"},{"element-6066-11e4-a52e-4f735466cecf":"50500491-6be5-410c-8260-15dd60cd5a2f"},{"element-6066-11e4-a52e-4f735466cecf":"a19b7de9-7ee8-4dcb-be79-b5eaf15a4af4"},{"element-6066-11e4-a52e-4f735466cecf":"05c9cce5-32d4-4f4c-af2d-cd7ffd549932"},{"element-6066-11e4-a52e-4f735466cecf":"02212c4e-ab99-44e3-b686-c37e81de9e2c"},{"element-6066-11e4-a52e-4f735466cecf":"88ca3d85-f1ce-404c-9263-a3bd01d00fed"},{"element-6066-11e4-a52e-4f735466cecf":"4a3cce15-d39c-4e6a-baab-4665a7cc8c75"},{"element-6066-11e4-a52e-4f735466cecf":"e23f8109-9399-4992-9962-54ad652a60a8"},{"element-6066-11e4-a52e-4f735466cecf":"a81583b3-97e8-4af7-b3c2-98d09a684c4d"},{"element-6066-11e4-a52e-4f735466cecf":"28ca9229-30d3-483b-b6da-218e628dbb79"},{"element-6066-11e4-a52e-4f735466cecf":"0e11c8f0-2a80-4c0a-9e17-40e2fdd386ef"},{"element-6066-11e4-a52e-4f735466cecf":"cecd8f0d-ddb6-43c2-bae7-70eb8e15d036"},{"element-6066-11e4-a52e-4f735466cecf":"322aa6b2-b328-4e47-8da4-533ae012a28f"},{"element-6066-11e4-a52e-4f735466cecf":"e05b2530-7120-470b-8cea-d2ceda474272"},{"element-6066-11e4-a52e-4f735466cecf":"22c7a907-a621-4b95-9b51-0141ea0f4ab9"},{"element-6066-11e4-a52e-4f735466cecf":"520a85c1-f0e7-4ad4-af3a-9a2fa218eba1"},{"element-6066-11e4-a52e-4f735466cecf":"270ffc9f-2277-4343-af70-bc8f5d72513c"},{"element-6066-11e4-a52e-4f735466cecf":"7681d9c1-011f-4581-9a52-94f9f2aecbe6"},{"element-6066-11e4-a52e-4f735466cecf":"9874b322-193a-402f-b40c-a1a0ae2e23c9"},{"element-6066-11e4-a52e-4f735466cecf":"ecaed318-44b4-4dc9-addf-05230bfa203e"},{"element-6066-11e4-a52e-4f735466cecf":"44d35d2e-f675-4abe-82d6-7b191c37776c"},{"element-6066-11e4-a52e-4f735466cecf":"9ec2e26a-b2b1-431e-97a6-43225eb44823"},{"element-6066-11e4-a52e-4f735466cecf":"3e516b6b-eace-477a-aa7e-c0735f474cc3"},{"element-6066-11e4-a52e-4f735466cecf":"ecb78ad6-ed89-4420-badc-766531c4bd11"},{"element-6066-11e4-a52e-4f735466cecf":"96f67c88-56f5-4287-ae6b-17b16690edaf"},{"element-6066-11e4-a52e-4f735466cecf":"a102c724-c595-42af-a8ba-ac8f8b8524e9"},{"element-6066-11e4-a52e-4f735466cecf":"c29ac149-fc3c-409a-989d-9083f3f7e398"},{"element-6066-11e4-a52e-4f735466cecf":"abc07e92-6bdc-47d2-bea3-670d5115ea68"},{"element-6066-11e4-a52e-4f735466cecf":"f813c3cd-a58b-45aa-80c0-0ad2c9523f83"},{"element-6066-11e4-a52e-4f735466cecf":"ba32cf53-5e22-4e98-b01c-738583367991"},{"element-6066-11e4-a52e-4f735466cecf":"379ea953-b8d9-4ab5-94cb-907d2751b68d"},{"element-6066-11e4-a52e-4f735466cecf":"1a4da3d3-2027-42fd-8ecf-0561a907a0ce"},{"element-6066-11e4-a52e-4f735466cecf":"11601586-29ef-4481-a7bf-24c898ffed66"},{"element-6066-11e4-a52e-4f735466cecf":"6fe9f766-c960-4b52-82e5-decdb484f2c4"},{"element-6066-11e4-a52e-4f735466cecf":"49db92a7-d06e-48b8-abd7-6f446d5d3bc4"},{"element-6066-11e4-a52e-4f735466cecf":"f82d1e28-ce66-49a7-8325-123fe6c4ff62"},{"element-6066-11e4-a52e-4f735466cecf":"bb5bfe08-ad72-43e5-be69-f1e78175d43f"},{"element-6066-11e4-a52e-4f735466cecf":"94248e7c-c364-479e-837d-59a92b35623a"},{"element-6066-11e4-a52e-4f735466cecf":"a5547dff-0995-4cca-bf9d-6303c5324f24"},{"element-6066-11e4-a52e-4f735466cecf":"08a3ddb7-503a-430a-8f0f-ee18d8f4e6d2"},{"element-6066-11e4-a52e-4f735466cecf":"5562dde5-82e4-472a-a016-2566d4b55633"},{"element-6066-11e4-a52e-4f735466cecf":"a5999598-d1a0-4a03-8dde-642a997a46ca"},{"element-6066-11e4-a52e-4f735466cecf":"a83becc6-3f1a-44b9-a132-ff17027c2cbc"},{"element-6066-11e4-a52e-4f735466cecf":"4c54a4c9-6632-42f7-9ba0-cbe98f1d3418"},{"element-6066-11e4-a52e-4f735466cecf":"8ecfce68-a533-4b0c-b8ea-61dabe83db10"},{"element-6066-11e4-a52e-4f735466cecf":"bca378bb-999f-4249-b93b-779f03ebbbb0"},{"element-6066-11e4-a52e-4f735466cecf":"3a8b4858-65a2-4601-aa09-fa774ac9f2f2"},{"element-6066-11e4-a52e-4f735466cecf":"b9c2461b-e9e2-400a-82b0-24cdb768a9c7"},{"element-6066-11e4-a52e-4f735466cecf":"ab2bcf1d-0140-4fc8-9779-0e9a9bb17392"},{"element-6066-11e4-a52e-4f735466cecf":"5f9a7ae8-da3e-4055-8866-417026326422"},{"element-6066-11e4-a52e-4f735466cecf":"65f4253d-5ebf-46d5-bcfe-b707479a4801"},{"element-6066-11e4-a52e-4f735466cecf":"33b95452-a4ac-468a-b543-2898a2c28ac9"},{"element-6066-11e4-a52e-4f735466cecf":"a09bedc4-029e-43d6-9572-bfe1e6186837"},{"element-6066-11e4-a52e-4f735466cecf":"4f263d93-94df-4087-85c2-acd7e4c73500"},{"element-6066-11e4-a52e-4f735466cecf":"678de7c7-d988-4dac-a47f-7b52664005a6"},{"element-6066-11e4-a52e-4f735466cecf":"5c3499be-2ed2-49bf-8227-b71ea0ca3847"},{"element-6066-11e4-a52e-4f735466cecf":"f6b50717-7827-4526-9b08-db3bafe81a8e"},{"element-6066-11e4-a52e-4f735466cecf":"0695451f-059c-4b82-bbdd-310665a6fbee"},{"element-6066-11e4-a52e-4f735466cecf":"ab45de56-4398-4a50-8339-6f33d4cc4206"},{"element-6066-11e4-a52e-4f735466cecf":"cdc25180-fd90-4544-a011-b5a4988837cc"},{"element-6066-11e4-a52e-4f735466cecf":"d14ea46d-c405-4419-a390-f14ecf336297"},{"element-6066-11e4-a52e-4f735466cecf":"af1540d9-db56-4256-bc47-d9b3656bc8b7"},{"element-6066-11e4-a52e-4f735466cecf":"87f3c1db-587f-457d-824b-8d03c66b2a60"},{"element-6066-11e4-a52e-4f735466cecf":"9fb605df-ce36-4f7b-a7aa-315b472f0ffc"},{"element-6066-11e4-a52e-4f735466cecf":"dec9ff05-5eee-4f96-87e8-8ef64399662e"},{"element-6066-11e4-a52e-4f735466cecf":"bcbcee7b-10ee-4db2-9232-7d978a2744a1"},{"element-6066-11e4-a52e-4f735466cecf":"e8faa430-52b3-4c19-9f86-687cd01ca3c5"},{"element-6066-11e4-a52e-4f735466cecf":"470e673b-bf1d-428c-9ed0-37bedaef5e17"},{"element-6066-11e4-a52e-4f735466cecf":"5e548d48-c58c-414a-a034-011a0c7f7e65"},{"element-6066-11e4-a52e-4f735466cecf":"f17bd369-32fb-47fd-ab5d-860e3b4f291a"},{"element-6066-11e4-a52e-4f735466cecf":"4a7623bf-8965-48dc-a184-d24d479cec40"},{"element-6066-11e4-a52e-4f735466cecf":"1ccbb5df-1eab-4c49-ab46-a9f6783a7587"},{"element-6066-11e4-a52e-4f735466cecf":"3b34817d-15eb-4235-a3a3-f0f2716ee231"},{"element-6066-11e4-a52e-4f735466cecf":"099f1c88-9e7b-437a-b671-4698c98ad2ca"},{"element-6066-11e4-a52e-4f735466cecf":"4089d63d-0ca5-47ec-821f-281cfcfd2d17"},{"element-6066-11e4-a52e-4f735466cecf":"12d5f283-9e73-4271-aeae-c012fe23ca5e"},{"element-6066-11e4-a52e-4f735466cecf":"4f74b820-6993-49e4-956c-fc06f5db2d2d"},{"element-6066-11e4-a52e-4f735466cecf":"b26bac89-b482-4850-8374-e79ef6e870ea"},{"element-6066-11e4-a52e-4f735466cecf":"8831c7ab-8764-42b2-99fc-b18a41361797"},{"element-6066-11e4-a52e-4f735466cecf":"9d435c06-4bfd-4c04-b128-9cfb45404a2f"},{"element-6066-11e4-a52e-4f735466cecf":"04d42c31-712b-4133-9850-fc3c275a4072"},{"element-6066-11e4-a52e-4f735466cecf":"2b495c66-4300-4980-8711-e97ee85e75f3"},{"element-6066-11e4-a52e-4f735466cecf":"16c8918c-4fcd-4609-a06d-0b2f707b20bb"},{"element-6066-11e4-a52e-4f735466cecf":"ec0591c8-5124-46ee-854d-5ae9ee559ac2"},{"element-6066-11e4-a52e-4f735466cecf":"edb141ee-1327-47cb-b02c-c9a2beeb8f2f"},{"element-6066-11e4-a52e-4f735466cecf":"429089e9-9518-43e0-9073-d20f393ba4b2"},{"element-6066-11e4-a52e-4f735466cecf":"b30b324a-7187-4928-9066-ecdd876f4a8d"},{"element-6066-11e4-a52e-4f735466cecf":"cfae904b-b4eb-46bd-9e0a-5c9269cb52ec"},{"element-6066-11e4-a52e-4f735466cecf":"978845e7-c7dd-48ca-8014-222ac83d23e2"},{"element-6066-11e4-a52e-4f735466cecf":"b13590b8-94be-4b31-ad25-dbd3ee93beee"},{"element-6066-11e4-a52e-4f735466cecf":"73ec7af8-6fdd-474e-918e-c36c48751275"},{"element-6066-11e4-a52e-4f735466cecf":"4a4b7fcc-eff3-4f26-aee3-1a1c88b74ece"},{"element-6066-11e4-a52e-4f735466cecf":"9d6dc70e-fe13-41db-8da0-8ff977219407"},{"element-6066-11e4-a52e-4f735466cecf":"37193ea8-9c4b-417a-93bd-24bf53e37297"},{"element-6066-11e4-a52e-4f735466cecf":"709465cb-9c2a-4412-a903-f62e429d0f60"},{"element-6066-11e4-a52e-4f735466cecf":"991550a7-b0ca-4a37-a0b4-e2008413ff51"},{"element-6066-11e4-a52e-4f735466cecf":"2140beec-aabe-41b6-954f-eb0205a85c49"},{"element-6066-11e4-a52e-4f735466cecf":"23e80bfa-298b-4f6b-aa48-30ca970d331b"},{"element-6066-11e4-a52e-4f735466cecf":"970f2a0d-7793-43c0-a24d-d3771affb182"},{"element-6066-11e4-a52e-4f735466cecf":"656fc13a-9cf9-4a6d-b8d2-209afd5595c2"},{"element-6066-11e4-a52e-4f735466cecf":"c5c4ef2f-631e-4342-81c9-8260a30bf7a0"},{"element-6066-11e4-a52e-4f735466cecf":"849d53dd-693f-47d5-b81d-9024b2a6a55b"},{"element-6066-11e4-a52e-4f735466cecf":"e6a332cf-cee9-4bc1-b6c1-65455ca92f37"},{"element-6066-11e4-a52e-4f735466cecf":"9c6d9413-7abd-41fa-aeb6-5cb273cb32e4"},{"element-6066-11e4-a52e-4f735466cecf":"33056364-40bd-4d58-b90e-4bfc9dffe7d5"},{"element-6066-11e4-a52e-4f735466cecf":"dd6dbccb-8cf5-49eb-aa85-ce6e79b39135"},{"element-6066-11e4-a52e-4f735466cecf":"3eafed03-8186-42f0-8df6-0db0fdd3527c"},{"element-6066-11e4-a52e-4f735466cecf":"6c52b13c-db44-4343-828c-62f7d695cd12"},{"element-6066-11e4-a52e-4f735466cecf":"a0776ab5-785a-44dc-97a4-61571470fdaf"},{"element-6066-11e4-a52e-4f735466cecf":"12a61f3e-d89b-416b-b1e2-c96e34c76d16"},{"element-6066-11e4-a52e-4f735466cecf":"70846dae-763c-4747-ae31-eec9ad2100d8"},{"element-6066-11e4-a52e-4f735466cecf":"8580549e-8e62-4751-8ead-7f6f6153da67"},{"element-6066-11e4-a52e-4f735466cecf":"118ef53e-b910-4422-8cab-667b69dd7aa1"},{"element-6066-11e4-a52e-4f735466cecf":"faa82504-961e-4a3a-88ac-e2b921d3fe26"},{"element-6066-11e4-a52e-4f735466cecf":"77a71bd6-3945-4bb6-a2f6-6268e91d9837"},{"element-6066-11e4-a52e-4f735466cecf":"5198a601-6b54-43b0-aa76-31f0c67e7eff"},{"element-6066-11e4-a52e-4f735466cecf":"f6f170a3-bee1-4278-bd22-da1f93da4d19"},{"element-6066-11e4-a52e-4f735466cecf":"03c86057-8eed-4453-8ee2-bb654ef27bbb"},{"element-6066-11e4-a52e-4f735466cecf":"6dbb62eb-2929-4349-bb78-802ba061e48e"},{"element-6066-11e4-a52e-4f735466cecf":"b74171e0-8349-47e3-b624-76f990b9653b"},{"element-6066-11e4-a52e-4f735466cecf":"83df0849-9363-455b-a59d-cdce5bd71f80"},{"element-6066-11e4-a52e-4f735466cecf":"cf2e108a-bb49-49e8-9d51-9631cf9c54af"},{"element-6066-11e4-a52e-4f735466cecf":"58e6092d-23cf-4642-93fe-1f893fa63d4f"},{"element-6066-11e4-a52e-4f735466cecf":"6d255d85-9fee-4a50-b03e-800eebeb53ea"},{"element-6066-11e4-a52e-4f735466cecf":"eec9dde3-95c0-49b4-9705-22ba444a968a"},{"element-6066-11e4-a52e-4f735466cecf":"9cc14012-b894-4838-90a1-089a4f3c80de"},{"element-6066-11e4-a52e-4f735466cecf":"c667cf3e-8c76-4028-ba5a-dd8beeab81e6"},{"element-6066-11e4-a52e-4f735466cecf":"93012b49-0835-4156-87d7-3eb32dad5176"},{"element-6066-11e4-a52e-4f735466cecf":"a4e6cfa8-070c-4152-9a74-49d960df2316"},{"element-6066-11e4-a52e-4f735466cecf":"8bc16afd-ab15-4146-815d-5d886446d06b"},{"element-6066-11e4-a52e-4f735466cecf":"7d9bb80b-1b47-4dbc-84c3-7d4e1cfac01a"},{"element-6066-11e4-a52e-4f735466cecf":"6550cec7-cca5-4121-9bfa-deed5608a503"},{"element-6066-11e4-a52e-4f735466cecf":"3606f108-1bd3-4885-b457-ac73a2241565"},{"element-6066-11e4-a52e-4f735466cecf":"8ff94960-a976-4457-8db7-48588920446a"},{"element-6066-11e4-a52e-4f735466cecf":"a51c1485-4dc3-4f5f-b8eb-c40a1e77b0ba"},{"element-6066-11e4-a52e-4f735466cecf":"93b070ad-b9a6-446e-9a27-e6327503473f"},{"element-6066-11e4-a52e-4f735466cecf":"bcd87fb7-4efc-4cc0-84cd-105bfce7244c"},{"element-6066-11e4-a52e-4f735466cecf":"600163fb-aa16-4aff-908c-52d423d4642e"},{"element-6066-11e4-a52e-4f735466cecf":"c51b7adc-f178-4e0d-948d-94d75516dd07"},{"element-6066-11e4-a52e-4f735466cecf":"02bee328-7d33-4ce9-b686-b5311246d2c0"},{"element-6066-11e4-a52e-4f735466cecf":"45a99e59-e6e0-416d-b0b5-a8af31837392"},{"element-6066-11e4-a52e-4f735466cecf":"f1ef90e0-b645-4764-8d1f-a9289ec514b9"},{"element-6066-11e4-a52e-4f735466cecf":"f2300df3-fd09-430c-876f-8e22d6a36795"},{"element-6066-11e4-a52e-4f735466cecf":"8f605c83-c4e3-4bf5-ab9b-b8ac270309c0"},{"element-6066-11e4-a52e-4f735466cecf":"8e18b643-ee2f-4f9c-b551-a0f404666397"},{"element-6066-11e4-a52e-4f735466cecf":"c640ff13-7b46-4b86-8bf5-d770310dae48"},{"element-6066-11e4-a52e-4f735466cecf":"31d43121-10fc-449f-95ce-4edf72c84552"},{"element-6066-11e4-a52e-4f735466cecf":"b8d6421b-16b3-418e-a31c-a5d884edcddc"},{"element-6066-11e4-a52e-4f735466cecf":"bfdc3613-6d49-4cb5-b68f-6b65c5f5fc09"},{"element-6066-11e4-a52e-4f735466cecf":"e3a62158-b690-4332-8073-4e85e3447c09"},{"element-6066-11e4-a52e-4f735466cecf":"efd28173-34ef-4ac6-9332-1147fe33d17a"},{"element-6066-11e4-a52e-4f735466cecf":"e365fb5f-3993-46fb-ac20-f043f599ec9f"},{"element-6066-11e4-a52e-4f735466cecf":"ecc94034-00bf-4861-96ef-214aa29e0cf8"},{"element-6066-11e4-a52e-4f735466cecf":"c82df9f2-a727-4868-8208-3cc8f6cbd915"},{"element-6066-11e4-a52e-4f735466cecf":"ed613ac0-a3f5-46fb-abe3-e2ce322a4978"},{"element-6066-11e4-a52e-4f735466cecf":"0d18b54f-f513-45d2-b31e-a357e7476c8c"},{"element-6066-11e4-a52e-4f735466cecf":"ad8ef8fe-1f80-46a0-9573-509617d06ed5"},{"element-6066-11e4-a52e-4f735466cecf":"972d48e6-de98-426a-b535-77245aa61b69"},{"element-6066-11e4-a52e-4f735466cecf":"72818d64-8910-4928-99cd-8426bd09a426"},{"element-6066-11e4-a52e-4f735466cecf":"4209dc0d-a0e2-42b8-9133-312e8ecd79de"},{"element-6066-11e4-a52e-4f735466cecf":"1b8fc948-4e0a-40a4-af8f-e2a2e962823a"},{"element-6066-11e4-a52e-4f735466cecf":"000e37f9-5f89-4eae-9191-501c8ad98315"},{"element-6066-11e4-a52e-4f735466cecf":"2af445b5-3d0d-43a5-a668-b00b57cef71c"},{"element-6066-11e4-a52e-4f735466cecf":"538672b7-ac97-4002-8506-8e801677a5d0"},{"element-6066-11e4-a52e-4f735466cecf":"80e1e735-6814-40f0-9091-ef82fc63916a"},{"element-6066-11e4-a52e-4f735466cecf":"e403f3da-8f6b-4be8-8343-aa3505c4e09c"},{"element-6066-11e4-a52e-4f735466cecf":"b0502efc-3019-496e-a7b7-d45f8c68cab6"},{"element-6066-11e4-a52e-4f735466cecf":"b2af22f0-b084-4440-9802-d6c7a49aadc7"},{"element-6066-11e4-a52e-4f735466cecf":"c0d0cd27-e2f8-4aa1-ab8b-28a96c9725af"},{"element-6066-11e4-a52e-4f735466cecf":"9dceca33-9907-4172-8371-d109b4d8d3b9"},{"element-6066-11e4-a52e-4f735466cecf":"72630708-f46e-47a8-816d-10ccd2cd4093"},{"element-6066-11e4-a52e-4f735466cecf":"98b60a8c-033e-4c7c-80d8-83a1e3b4d71b"},{"element-6066-11e4-a52e-4f735466cecf":"4b7bbe20-0f3f-4543-8cb1-8269fe98bb9d"},{"element-6066-11e4-a52e-4f735466cecf":"63fc6f82-d10e-4072-9add-a3713a3c1dc6"},{"element-6066-11e4-a52e-4f735466cecf":"f4bf3411-c8ed-4022-ad8a-2ef8e3e17626"},{"element-6066-11e4-a52e-4f735466cecf":"9a2872fe-806e-47d2-b56f-6509aa381e48"},{"element-6066-11e4-a52e-4f735466cecf":"04b23984-07d0-41ee-a9e7-2cdf424bd0a4"},{"element-6066-11e4-a52e-4f735466cecf":"b96cc57e-bec2-4d3e-a602-297726e5a76f"},{"element-6066-11e4-a52e-4f735466cecf":"d2be21b4-7b11-467e-bc29-c8d94a922add"},{"element-6066-11e4-a52e-4f735466cecf":"a9f0322d-a91f-4efa-9440-186dedff980d"},{"element-6066-11e4-a52e-4f735466cecf":"211a5fcb-9967-442b-aa15-16297def6e9c"},{"element-6066-11e4-a52e-4f735466cecf":"4b6d6abe-5c2f-4237-9722-2b394eb784aa"},{"element-6066-11e4-a52e-4f735466cecf":"deae64db-4362-43fa-9589-ad1dc27fc5f0"},{"element-6066-11e4-a52e-4f735466cecf":"8de7a0fd-8f49-4449-aaef-a31c3fc5f515"},{"element-6066-11e4-a52e-4f735466cecf":"708584ac-e801-4ebd-9064-12c9ebd43e05"},{"element-6066-11e4-a52e-4f735466cecf":"755ece9d-4bdf-4561-88c6-30e2a36bb6de"},{"element-6066-11e4-a52e-4f735466cecf":"f444fd01-2d34-47f6-bf88-fa1e96defdb1"},{"element-6066-11e4-a52e-4f735466cecf":"da0f7870-4d60-4eee-95d6-97152360fab8"},{"element-6066-11e4-a52e-4f735466cecf":"31de1ef3-ac01-4087-b4f9-374fd00ed725"},{"element-6066-11e4-a52e-4f735466cecf":"e85ea651-8396-4ebc-a729-7e19e0c3d484"},{"element-6066-11e4-a52e-4f735466cecf":"94915b97-637a-4cd2-95cb-8423df48ffd1"},{"element-6066-11e4-a52e-4f735466cecf":"f96730e5-0814-4aa5-80f8-a9eefa36b824"},{"element-6066-11e4-a52e-4f735466cecf":"52ec0f7e-3dec-4ab6-9602-24d36acb81ef"},{"element-6066-11e4-a52e-4f735466cecf":"fa118771-d009-463a-8a98-f2baf089566d"},{"element-6066-11e4-a52e-4f735466cecf":"201117a7-55ee-4964-bdba-3443c7b6f04d"},{"element-6066-11e4-a52e-4f735466cecf":"7faa0255-9617-4b75-9129-0f6a433fed5a"},{"element-6066-11e4-a52e-4f735466cecf":"1704f6c5-9c20-41ff-9f60-a830fd6ef1c4"},{"element-6066-11e4-a52e-4f735466cecf":"26f93bb2-2038-41fe-928c-75c2ec6e3151"},{"element-6066-11e4-a52e-4f735466cecf":"17ce6833-7ec5-4153-b97d-78f795e8059f"},{"element-6066-11e4-a52e-4f735466cecf":"87d0238b-ddc6-4d58-b8f7-c8d40a83b7a6"},{"element-6066-11e4-a52e-4f735466cecf":"3e5e1e42-5537-4dc4-b50c-bb234ca66bb5"},{"element-6066-11e4-a52e-4f735466cecf":"c50b1a9c-ecf1-4d7d-ba33-d83db5a6c6e4"},{"element-6066-11e4-a52e-4f735466cecf":"d2e3889b-6dea-4dd0-8abf-14699aeac5d0"},{"element-6066-11e4-a52e-4f735466cecf":"9dcf496a-a0f0-4e90-84ce-3a5dea032b7d"},{"element-6066-11e4-a52e-4f735466cecf":"468ad790-b79b-4a96-a1fb-8d643e2dcae9"},{"element-6066-11e4-a52e-4f735466cecf":"d17afdfa-fc09-4ed0-97a3-6cb77bc43fe9"},{"element-6066-11e4-a52e-4f735466cecf":"58497731-3cce-4410-8125-8e980fd22b2e"},{"element-6066-11e4-a52e-4f735466cecf":"b35e9557-8d48-4edd-a085-8fb7eed19751"},{"element-6066-11e4-a52e-4f735466cecf":"b2d71978-3f57-45c9-b247-f2ed16ff5719"},{"element-6066-11e4-a52e-4f735466cecf":"3417401b-3443-4bcc-bcb3-75bb8e04172b"},{"element-6066-11e4-a52e-4f735466cecf":"ce42cc80-10ee-4753-84d4-39577ec0f7da"},{"element-6066-11e4-a52e-4f735466cecf":"97516125-2dd2-41a5-80a4-e0f4afeeb13b"},{"element-6066-11e4-a52e-4f735466cecf":"962b9458-7461-4a5c-9f6e-cfe3be3702ab"},{"element-6066-11e4-a52e-4f735466cecf":"ee8efa91-2ad3-4751-864a-b3de53342e44"},{"element-6066-11e4-a52e-4f735466cecf":"77febc30-9fd6-4ec6-b7f6-0b03fc9522ef"},{"element-6066-11e4-a52e-4f735466cecf":"4643d20b-726d-405b-8676-1e66ff943539"},{"element-6066-11e4-a52e-4f735466cecf":"30e77608-7397-49a7-a7db-b9032214261c"},{"element-6066-11e4-a52e-4f735466cecf":"a32cc35f-8a10-4494-8e99-12f168f7a4a3"},{"element-6066-11e4-a52e-4f735466cecf":"1945bc64-0732-4921-8f65-bd0ec1c64e6f"},{"element-6066-11e4-a52e-4f735466cecf":"a49df553-f274-4800-b7fc-8eb95c5812dc"},{"element-6066-11e4-a52e-4f735466cecf":"17d2a783-45ec-4246-b4b2-db702556dd49"},{"element-6066-11e4-a52e-4f735466cecf":"ac6ae094-3c2f-4cc0-bcb2-073028375602"},{"element-6066-11e4-a52e-4f735466cecf":"0285e1b2-660d-4bef-bd39-49f2123726c9"},{"element-6066-11e4-a52e-4f735466cecf":"6583854c-4e5b-4242-9757-fc458ea6e5e6"},{"element-6066-11e4-a52e-4f735466cecf":"3b862228-934a-455b-9046-e7334e9eb565"},{"element-6066-11e4-a52e-4f735466cecf":"e1dae9c1-a7dc-4848-80a8-b145d2def2b7"},{"element-6066-11e4-a52e-4f735466cecf":"9a2a01e2-c186-4110-b790-662004894514"},{"element-6066-11e4-a52e-4f735466cecf":"a8ed25f3-1366-45f0-81b0-c72f561749ee"},{"element-6066-11e4-a52e-4f735466cecf":"7d4d16ce-888a-4f81-af29-9d4a731bb6e1"},{"element-6066-11e4-a52e-4f735466cecf":"2f7d6658-7491-4618-bd97-9ff5b6c8650a"},{"element-6066-11e4-a52e-4f735466cecf":"6b8f0057-3a93-4cf6-aa1c-d063e3eed402"},{"element-6066-11e4-a52e-4f735466cecf":"33cb5f12-6b19-4049-9fd8-95c995ae4b9c"},{"element-6066-11e4-a52e-4f735466cecf":"eecb293c-30e3-4b9d-8eb2-417798ed3e46"},{"element-6066-11e4-a52e-4f735466cecf":"81fc4a93-7510-4da1-88f4-5d6ac6e98483"},{"element-6066-11e4-a52e-4f735466cecf":"40ea7146-c510-4e9d-9f73-7c492f639385"},{"element-6066-11e4-a52e-4f735466cecf":"ca1c0f77-e517-40e6-bff4-fc3b605a1380"},{"element-6066-11e4-a52e-4f735466cecf":"62404f9c-f17c-4d1f-8fbe-7e968da7b421"},{"element-6066-11e4-a52e-4f735466cecf":"b6f5e4f8-9c2c-4293-bb8e-c49cced60636"},{"element-6066-11e4-a52e-4f735466cecf":"157a249c-c506-4bf5-b1c0-fab3142f9739"},{"element-6066-11e4-a52e-4f735466cecf":"a94389b3-7aa6-4a01-8c1a-d837390b316e"},{"element-6066-11e4-a52e-4f735466cecf":"7e727ede-d25d-4381-83b8-0516a6a7ca5f"},{"element-6066-11e4-a52e-4f735466cecf":"a6fea4cd-8f23-422b-a0e6-3fccfdda2641"},{"element-6066-11e4-a52e-4f735466cecf":"73293cd7-e423-4e26-be67-018933326afb"},{"element-6066-11e4-a52e-4f735466cecf":"0792bec8-f82c-49c6-b594-4a1c3729942c"},{"element-6066-11e4-a52e-4f735466cecf":"564fbd5c-98c4-417f-a2a9-4188c031cb29"},{"element-6066-11e4-a52e-4f735466cecf":"98adf6a2-2a01-490f-9709-38cd9ce665bd"},{"element-6066-11e4-a52e-4f735466cecf":"c7faaa1a-efa2-4639-98a0-7bce38c38b6e"},{"element-6066-11e4-a52e-4f735466cecf":"243c282e-c02d-4a56-89e6-c401583ef42e"},{"element-6066-11e4-a52e-4f735466cecf":"64713553-153a-4645-9fb2-69d6e1a851a8"},{"element-6066-11e4-a52e-4f735466cecf":"9a4cefc1-57fa-4326-a2d0-912baf54a3dc"},{"element-6066-11e4-a52e-4f735466cecf":"83e8bef4-ba7e-4e56-b9e0-35439aaddade"},{"element-6066-11e4-a52e-4f735466cecf":"1db62139-fcbb-40fc-8822-b56b69086e2d"},{"element-6066-11e4-a52e-4f735466cecf":"457c49d8-f497-4e72-9c12-0646037f2800"},{"element-6066-11e4-a52e-4f735466cecf":"4265be28-53c9-41da-beff-94af13b9ab1a"},{"element-6066-11e4-a52e-4f735466cecf":"0001b707-65f9-4638-8b64-f39542864420"},{"element-6066-11e4-a52e-4f735466cecf":"23af6488-1aab-4acf-b716-f95c07874e41"},{"element-6066-11e4-a52e-4f735466cecf":"9dc8978d-c9a7-4513-83ee-9e8db206497b"},{"element-6066-11e4-a52e-4f735466cecf":"a2725122-14c6-45c2-9a8d-260630af8598"},{"element-6066-11e4-a52e-4f735466cecf":"8b375fb5-836f-4118-8c31-950f2aa0515a"},{"element-6066-11e4-a52e-4f735466cecf":"ef5fa2dc-f5f9-4afe-9781-06c652315683"},{"element-6066-11e4-a52e-4f735466cecf":"e9f1f80e-7fe1-4e95-9acf-ec460fd1a5cf"},{"element-6066-11e4-a52e-4f735466cecf":"9a0f7ec6-dc0b-4b23-bb0a-a367fc7fc0e8"},{"element-6066-11e4-a52e-4f735466cecf":"0ae52b8e-9f60-4590-a55c-203558ab68d7"},{"element-6066-11e4-a52e-4f735466cecf":"0a108b32-bd90-4f8d-9907-fda529f00e75"},{"element-6066-11e4-a52e-4f735466cecf":"e31548b0-9857-43cd-9a2f-8a9ce2b260d5"},{"element-6066-11e4-a52e-4f735466cecf":"7d7f428c-b860-4909-9a4e-0287ba972358"},{"element-6066-11e4-a52e-4f735466cecf":"24a52b80-10be-4376-ae47-18b269160339"},{"element-6066-11e4-a52e-4f735466cecf":"38f35091-1e62-45ff-8d88-f50019670d3a"},{"element-6066-11e4-a52e-4f735466cecf":"4f4a44bc-efd8-454f-9492-b2e295c186ed"},{"element-6066-11e4-a52e-4f735466cecf":"307ea3fe-0c3b-4edf-beff-4895bdeaf42e"},{"element-6066-11e4-a52e-4f735466cecf":"dc3feb0a-8fcf-488d-ba9f-7bc5f1cddd68"},{"element-6066-11e4-a52e-4f735466cecf":"28d23985-a9d9-4d2b-8bac-025e89d44d3c"},{"element-6066-11e4-a52e-4f735466cecf":"1331c31f-bb3f-472d-9e02-599918130dbc"},{"element-6066-11e4-a52e-4f735466cecf":"bd41c5c5-c98f-4f54-b335-cda75d808989"},{"element-6066-11e4-a52e-4f735466cecf":"9fcfe2bd-9c50-4375-8865-76e403076178"},{"element-6066-11e4-a52e-4f735466cecf":"785df518-b7e9-46c2-a247-aa346dfcba74"},{"element-6066-11e4-a52e-4f735466cecf":"eaa965cb-5d18-40d7-b193-ebf0d8a7c234"},{"element-6066-11e4-a52e-4f735466cecf":"bbe2261a-8722-4710-94fa-462cb2849a88"},{"element-6066-11e4-a52e-4f735466cecf":"5d6e26c5-b04a-4738-809f-f556c93921dd"},{"element-6066-11e4-a52e-4f735466cecf":"f878f6d5-3e9e-4530-9b4d-0b5ebcfe4f18"},{"element-6066-11e4-a52e-4f735466cecf":"9d56a2aa-3739-43dc-8fe5-48ba98b1922f"},{"element-6066-11e4-a52e-4f735466cecf":"b9e96719-24d6-4ab0-ab73-1005ebbc4713"},{"element-6066-11e4-a52e-4f735466cecf":"bba3a047-43e6-4b4c-b50b-23c25ac0fc71"},{"element-6066-11e4-a52e-4f735466cecf":"8c798530-4da7-4ac7-a57a-f75e184bbceb"},{"element-6066-11e4-a52e-4f735466cecf":"dc390d5e-ac0f-48c7-8dc1-9ad69a143fe8"},{"element-6066-11e4-a52e-4f735466cecf":"790db6f7-33f9-4ac5-8bda-fb32720d51f2"},{"element-6066-11e4-a52e-4f735466cecf":"7ab41a8c-efc7-4339-bc0d-60485b786c68"},{"element-6066-11e4-a52e-4f735466cecf":"e1fc673b-5702-4aaf-97c4-4706f0d12bb6"},{"element-6066-11e4-a52e-4f735466cecf":"fa459b4e-791c-483f-8cbd-a8236c20dcce"},{"element-6066-11e4-a52e-4f735466cecf":"18afe6ba-477d-485b-ad90-39059d857a68"},{"element-6066-11e4-a52e-4f735466cecf":"9eead5a4-d7b1-4c49-a3ed-a3a0bf80d198"},{"element-6066-11e4-a52e-4f735466cecf":"356c8d7b-520b-4f07-b236-db0c22f18b5f"},{"element-6066-11e4-a52e-4f735466cecf":"01c76354-d2f0-4716-8e7b-2228543b191b"},{"element-6066-11e4-a52e-4f735466cecf":"889dd47b-b4ab-45a3-9dbe-ad8c43b5b36a"},{"element-6066-11e4-a52e-4f735466cecf":"4c1d4b36-a743-4083-9cd1-50a45ba59692"},{"element-6066-11e4-a52e-4f735466cecf":"13fbca2e-624d-4f08-9be2-bf9e1581023f"},{"element-6066-11e4-a52e-4f735466cecf":"258d532a-31df-427e-97b3-59b0b611d17a"},{"element-6066-11e4-a52e-4f735466cecf":"136cb030-443d-4763-afde-b2b85c7c9f3e"},{"element-6066-11e4-a52e-4f735466cecf":"fd55d23b-5b11-4749-99d4-3bc9ecc09471"},{"element-6066-11e4-a52e-4f735466cecf":"b7e8a93d-6d2a-454f-a542-b492701411e9"},{"element-6066-11e4-a52e-4f735466cecf":"09812459-664b-43bb-89c2-64a1e3c0cce9"},{"element-6066-11e4-a52e-4f735466cecf":"8de7bd59-4548-4600-a3f4-75b0872212eb"},{"element-6066-11e4-a52e-4f735466cecf":"1365cc4f-f354-45c7-a529-ab933f413416"},{"element-6066-11e4-a52e-4f735466cecf":"4dc76f75-0638-4b48-bd8b-d821c41ee8dd"},{"element-6066-11e4-a52e-4f735466cecf":"77da9f1d-6e0d-4514-9782-fa84b586a7fe"},{"element-6066-11e4-a52e-4f735466cecf":"16514709-0fcf-44ef-84ef-93584a4bacdb"},{"element-6066-11e4-a52e-4f735466cecf":"c96766fb-6600-48dd-baf5-83f2468e88b8"},{"element-6066-11e4-a52e-4f735466cecf":"f7e2bb12-0f40-4044-a5d3-9274a7610857"},{"element-6066-11e4-a52e-4f735466cecf":"7bb08330-2c97-454b-8d42-ee10c5329ea0"},{"element-6066-11e4-a52e-4f735466cecf":"7f0538ae-2016-4617-9c8d-8e1de7c8bcd8"},{"element-6066-11e4-a52e-4f735466cecf":"6952f81b-753e-4382-a622-4c110729a216"},{"element-6066-11e4-a52e-4f735466cecf":"3f9a1dc0-cb4f-4df3-8636-1726ba5f9452"},{"element-6066-11e4-a52e-4f735466cecf":"faf10cd7-e96f-4940-9fd4-10011641f2aa"},{"element-6066-11e4-a52e-4f735466cecf":"497f474c-64af-4b24-a0e1-fb0f2bf3555e"},{"element-6066-11e4-a52e-4f735466cecf":"62d77092-9a86-4524-a45f-bbbb24bb60a6"},{"element-6066-11e4-a52e-4f735466cecf":"daff4e3e-2da0-4e11-98b5-69ae3559f9ea"},{"element-6066-11e4-a52e-4f735466cecf":"f2d7fdc2-c4d9-41d9-acc6-069f1f444b56"},{"element-6066-11e4-a52e-4f735466cecf":"ccc9b995-0739-4da4-81fa-6105b0fc416e"},{"element-6066-11e4-a52e-4f735466cecf":"af649969-43e5-4fa6-b24f-eadd36dd5cb7"},{"element-6066-11e4-a52e-4f735466cecf":"6a5f2009-d326-4067-81b5-639d556e14ab"},{"element-6066-11e4-a52e-4f735466cecf":"31fd95b4-704d-4a78-ba8f-5ec762078540"},{"element-6066-11e4-a52e-4f735466cecf":"1d1c790e-0448-4422-beca-9b3597729bfb"},{"element-6066-11e4-a52e-4f735466cecf":"5947a003-7a20-438a-bc13-04b205425b45"},{"element-6066-11e4-a52e-4f735466cecf":"f3cf8c0e-8f97-4ac0-b9ca-260e0e29ba08"},{"element-6066-11e4-a52e-4f735466cecf":"691436ca-4d78-4be5-bf60-58ff80d4442d"},{"element-6066-11e4-a52e-4f735466cecf":"13492798-e548-4d35-80a5-dcdac6571cd8"},{"element-6066-11e4-a52e-4f735466cecf":"bf6365b3-0375-4ed5-8dc8-3c1f789faab5"},{"element-6066-11e4-a52e-4f735466cecf":"c64a0904-14f8-4d34-85d0-099fd201577e"},{"element-6066-11e4-a52e-4f735466cecf":"43e21254-4c80-42b0-8858-bd52cb5c6c2a"},{"element-6066-11e4-a52e-4f735466cecf":"91bb6ea6-e776-4a42-ac02-a67cabb118d9"},{"element-6066-11e4-a52e-4f735466cecf":"92ae53b5-a091-4331-ad1c-ecaa4e6c7c4d"},{"element-6066-11e4-a52e-4f735466cecf":"2b2652e3-4a84-42ac-99bc-8fb480e16aef"},{"element-6066-11e4-a52e-4f735466cecf":"51077d73-300e-4d77-bcc1-5adb42510487"},{"element-6066-11e4-a52e-4f735466cecf":"0064d521-6464-4835-8fb1-3c48c8faab12"},{"element-6066-11e4-a52e-4f735466cecf":"531e0d92-1743-4be6-bae2-1ad6e3c28614"},{"element-6066-11e4-a52e-4f735466cecf":"5b24b89d-573f-4807-9058-5274705bf842"},{"element-6066-11e4-a52e-4f735466cecf":"e875d0fc-a4b1-4acb-8f23-b3d164b8761c"},{"element-6066-11e4-a52e-4f735466cecf":"0c39765b-1724-474e-8fe4-53788b580832"},{"element-6066-11e4-a52e-4f735466cecf":"93498987-13ef-4006-80ee-c260bb2ef787"},{"element-6066-11e4-a52e-4f735466cecf":"8571a20e-8451-4bc0-814d-6fcfdf94653c"},{"element-6066-11e4-a52e-4f735466cecf":"b2862358-eef3-422a-a676-fca2441feaf5"},{"element-6066-11e4-a52e-4f735466cecf":"d084fe22-aaa0-4640-9c12-01ae3eb9a5d8"},{"element-6066-11e4-a52e-4f735466cecf":"821160bb-83b8-4f2a-88b8-15a34db58864"},{"element-6066-11e4-a52e-4f735466cecf":"4c00c6da-65af-45ef-b53a-de8c4cbed52b"},{"element-6066-11e4-a52e-4f735466cecf":"fd86aa8c-6031-44ef-a756-d767ba0e167a"},{"element-6066-11e4-a52e-4f735466cecf":"1010ab1f-8a0f-4b6c-bf49-ab648a02460a"},{"element-6066-11e4-a52e-4f735466cecf":"e6d5598f-7853-4c9d-9fa8-976b7b4991f2"},{"element-6066-11e4-a52e-4f735466cecf":"fd432927-f0b5-4386-a9bd-043bbf263a95"},{"element-6066-11e4-a52e-4f735466cecf":"ef33bce1-169d-4911-9e10-93d07e45c885"},{"element-6066-11e4-a52e-4f735466cecf":"3c98dd67-a541-4c58-8ee7-e70d0258ab7d"},{"element-6066-11e4-a52e-4f735466cecf":"bd0c8263-083e-46b1-a941-c1d0fb32d021"},{"element-6066-11e4-a52e-4f735466cecf":"d29a1a6d-0fee-4fc6-a144-d61d8de44eaa"},{"element-6066-11e4-a52e-4f735466cecf":"5104635c-ef0c-43f7-bc59-42ae460ffedb"},{"element-6066-11e4-a52e-4f735466cecf":"f0590040-317d-4598-b534-c3388abcd188"},{"element-6066-11e4-a52e-4f735466cecf":"6afa66da-b56e-4d75-a0b4-bc60be5ee018"},{"element-6066-11e4-a52e-4f735466cecf":"06d4329b-a88c-4dac-810b-20b594e80f6a"},{"element-6066-11e4-a52e-4f735466cecf":"81f516e4-32be-456d-976b-94ce70b2caff"},{"element-6066-11e4-a52e-4f735466cecf":"6588c141-adec-4f10-99b8-5ec573017e5d"},{"element-6066-11e4-a52e-4f735466cecf":"e2cb8734-41f5-4154-b213-eb71a4a07954"},{"element-6066-11e4-a52e-4f735466cecf":"12e9921a-6a7b-4393-bde3-a2a94c608d61"},{"element-6066-11e4-a52e-4f735466cecf":"72447a46-deaf-47a7-9554-5239a28ce34f"},{"element-6066-11e4-a52e-4f735466cecf":"351523cd-3af8-4fc0-af05-b814e278bed7"},{"element-6066-11e4-a52e-4f735466cecf":"9ddad244-0097-46bb-bc97-635c4e0f1314"},{"element-6066-11e4-a52e-4f735466cecf":"5359a736-66a0-4721-b5d7-00503c1a9ce3"},{"element-6066-11e4-a52e-4f735466cecf":"f2497a64-a94e-411e-b1d6-8d6fcd2e36e8"},{"element-6066-11e4-a52e-4f735466cecf":"5ca9c3e4-7270-4a63-abcc-c95d42cf163d"},{"element-6066-11e4-a52e-4f735466cecf":"95ec3309-c56b-48d4-a19c-d19816628730"},{"element-6066-11e4-a52e-4f735466cecf":"e9d9e968-9cca-42e5-9f48-8029c6f241e9"},{"element-6066-11e4-a52e-4f735466cecf":"54459b68-1f15-453c-b790-9b9f963771f1"},{"element-6066-11e4-a52e-4f735466cecf":"815c3156-a861-4fcb-91b5-052774af5b85"},{"element-6066-11e4-a52e-4f735466cecf":"01452e31-5af3-4e50-8829-72d2b5d791c1"},{"element-6066-11e4-a52e-4f735466cecf":"036aadb7-24d4-4ffe-b632-d6df431a531b"},{"element-6066-11e4-a52e-4f735466cecf":"78ab908c-a5af-4858-b115-f71311a84e87"},{"element-6066-11e4-a52e-4f735466cecf":"67826b93-68cc-466d-b844-2d7a99411ec5"},{"element-6066-11e4-a52e-4f735466cecf":"8fc8695f-a84d-425f-9001-a5c1c946c4fc"},{"element-6066-11e4-a52e-4f735466cecf":"23fcc193-579e-4f14-bbb7-1f84b95fc035"},{"element-6066-11e4-a52e-4f735466cecf":"a9c316ce-9a7f-4e1e-84a4-f3fe56a769e7"},{"element-6066-11e4-a52e-4f735466cecf":"9064240a-44ce-4021-8ac2-b60f3dd7c629"},{"element-6066-11e4-a52e-4f735466cecf":"bd561428-164a-42d3-a516-a582c34f1381"},{"element-6066-11e4-a52e-4f735466cecf":"ea7aa1ff-3ccd-4faf-bac5-d8849bff2ea9"},{"element-6066-11e4-a52e-4f735466cecf":"22539d24-a7ec-45c2-8af0-2dc306ea1b21"},{"element-6066-11e4-a52e-4f735466cecf":"edbf140f-d720-4c7e-bd48-9f015af26659"},{"element-6066-11e4-a52e-4f735466cecf":"2628f3b9-13c7-4d99-97d2-2f55b6dfa466"},{"element-6066-11e4-a52e-4f735466cecf":"9a57bd9e-7968-4ea4-98a1-f420e6b3d752"},{"element-6066-11e4-a52e-4f735466cecf":"96165a67-2071-489c-a4a2-c8d004191f36"},{"element-6066-11e4-a52e-4f735466cecf":"a8599197-38f6-4f24-bfc4-1cb45b44e5ce"},{"element-6066-11e4-a52e-4f735466cecf":"9a5d52ad-2113-462f-af17-02ed40eb3810"},{"element-6066-11e4-a52e-4f735466cecf":"827238f6-7fb6-4d7c-a59d-3ae41abd22e2"},{"element-6066-11e4-a52e-4f735466cecf":"c4924d90-6cbc-4fa7-b0cf-aaa37e37c1f3"},{"element-6066-11e4-a52e-4f735466cecf":"366e3387-8b1e-4319-a21c-4042638e0b00"},{"element-6066-11e4-a52e-4f735466cecf":"5244a4cb-a2da-456e-8326-b7894067c35a"},{"element-6066-11e4-a52e-4f735466cecf":"aba5c7f7-8266-47a8-877c-94353a2cbc6f"},{"element-6066-11e4-a52e-4f735466cecf":"9556ee80-7323-46f2-b166-171250e2f51d"},{"element-6066-11e4-a52e-4f735466cecf":"f29af5e2-e496-4223-9aaf-964872dc0f02"},{"element-6066-11e4-a52e-4f735466cecf":"7f22ab85-0939-4729-9bf7-b2f7588b1ae0"},{"element-6066-11e4-a52e-4f735466cecf":"66db08a2-2381-490e-98ad-734baa0eb301"},{"element-6066-11e4-a52e-4f735466cecf":"d359db82-f6f9-4bdb-bf01-2f763417dbfd"},{"element-6066-11e4-a52e-4f735466cecf":"11c27706-43b8-418a-9a2e-ed5252d45a09"},{"element-6066-11e4-a52e-4f735466cecf":"1dbb0b51-c188-437e-a259-d083298f2f14"},{"element-6066-11e4-a52e-4f735466cecf":"beafe59e-c62f-49a4-984b-4633b8954390"},{"element-6066-11e4-a52e-4f735466cecf":"089eae46-dd8a-4760-9936-2c2256523762"},{"element-6066-11e4-a52e-4f735466cecf":"e8df27a1-f6f8-4220-ac24-8745f83785db"},{"element-6066-11e4-a52e-4f735466cecf":"5ef22b58-b81c-447b-afd6-953a1bc31a79"},{"element-6066-11e4-a52e-4f735466cecf":"92183ee8-8ffd-46aa-8856-c387cdbb4f82"},{"element-6066-11e4-a52e-4f735466cecf":"482e156c-0efb-4071-bd43-fb716a4bd1c1"},{"element-6066-11e4-a52e-4f735466cecf":"607eda4d-e732-4e7c-995b-bd0d1de6196d"},{"element-6066-11e4-a52e-4f735466cecf":"9dce1e3f-6030-4fa1-9fcf-16ee89d728d8"},{"element-6066-11e4-a52e-4f735466cecf":"fc313b8e-8af2-46e5-a851-71517337ee7f"},{"element-6066-11e4-a52e-4f735466cecf":"a01d1d79-3cd2-42c9-b512-97ab788e1cc8"},{"element-6066-11e4-a52e-4f735466cecf":"c0fc5dc0-7971-440f-9eac-e8612a7b9c08"},{"element-6066-11e4-a52e-4f735466cecf":"ed263077-ca3a-48c6-a798-c2bc1946274e"},{"element-6066-11e4-a52e-4f735466cecf":"dbd57baa-08fc-49ac-bed8-81f0f3425871"},{"element-6066-11e4-a52e-4f735466cecf":"6bb6a013-e707-43df-9232-9d8d969fe090"},{"element-6066-11e4-a52e-4f735466cecf":"de76b63d-e993-42fd-9774-c600e86406df"},{"element-6066-11e4-a52e-4f735466cecf":"59487a4f-2630-4fa3-86df-dec80bddaf8b"},{"element-6066-11e4-a52e-4f735466cecf":"076016fa-de39-4206-ab08-4b5c7ec79a8b"},{"element-6066-11e4-a52e-4f735466cecf":"99c49395-d100-449d-b20d-015308b5cbcb"},{"element-6066-11e4-a52e-4f735466cecf":"4174baaf-0176-4b55-8611-f5123165d74c"},{"element-6066-11e4-a52e-4f735466cecf":"e3eca691-b189-4d23-b2b6-4b10d858a8ba"},{"element-6066-11e4-a52e-4f735466cecf":"92d43748-a9c2-410b-a560-b3de8aa6b646"},{"element-6066-11e4-a52e-4f735466cecf":"ee1bc33e-3498-46ee-9952-e07abec8b1b4"},{"element-6066-11e4-a52e-4f735466cecf":"7994ade7-a5e0-4dc4-b9ad-9cb5239ace03"},{"element-6066-11e4-a52e-4f735466cecf":"b31f1c16-67a9-45aa-9ca2-5df24a53014e"},{"element-6066-11e4-a52e-4f735466cecf":"f5774d45-6513-4494-8531-e54ece10462d"},{"element-6066-11e4-a52e-4f735466cecf":"a69408e1-e1c2-4ded-9730-2ae2a4cd4ab2"},{"element-6066-11e4-a52e-4f735466cecf":"f4fa167f-33a6-45b5-ad2f-5856d4abcf4a"},{"element-6066-11e4-a52e-4f735466cecf":"2777051d-6c2c-45a2-959a-bdf63a14f874"},{"element-6066-11e4-a52e-4f735466cecf":"e0356653-9d7c-4f46-99f1-c9fc3fe75a11"},{"element-6066-11e4-a52e-4f735466cecf":"ab13b683-9771-477b-a904-3bafcb9aaa64"},{"element-6066-11e4-a52e-4f735466cecf":"c2400aef-93ea-4fde-9512-6f5dbe6b0cd6"},{"element-6066-11e4-a52e-4f735466cecf":"6783c2ff-7ce2-47fa-933f-d9a5675b4717"},{"element-6066-11e4-a52e-4f735466cecf":"b62e28da-68b8-4f0e-86d6-285a29c0b594"},{"element-6066-11e4-a52e-4f735466cecf":"7ea1946e-28ef-46ac-ba5c-30924675981a"},{"element-6066-11e4-a52e-4f735466cecf":"2a9d7f05-cb1e-436f-bcc4-cd2443a7fdf5"},{"element-6066-11e4-a52e-4f735466cecf":"47ad1787-e7ab-45a8-93a7-f6682baa5a0e"},{"element-6066-11e4-a52e-4f735466cecf":"33bf95e4-3107-4105-b0a7-a985eea117cd"},{"element-6066-11e4-a52e-4f735466cecf":"5540b1f2-b009-4322-92c4-3cf091c96604"},{"element-6066-11e4-a52e-4f735466cecf":"35f373ba-15c4-4ac5-b16d-75c557b7bd6b"},{"element-6066-11e4-a52e-4f735466cecf":"ac66cdc5-0b82-4f9b-9809-ef81221bdd33"},{"element-6066-11e4-a52e-4f735466cecf":"c14f84d5-0bb7-4d63-b7f5-d686fc211650"},{"element-6066-11e4-a52e-4f735466cecf":"8245dc2f-f0b2-4c30-93b5-7ec58723330b"},{"element-6066-11e4-a52e-4f735466cecf":"d3cbcaab-5ace-44bb-98ba-4ba4948d9678"},{"element-6066-11e4-a52e-4f735466cecf":"b099f57a-1c3e-4aba-9581-b17d05887c4a"},{"element-6066-11e4-a52e-4f735466cecf":"3e8503f4-4497-4c92-a2b7-3dc31418bc02"},{"element-6066-11e4-a52e-4f735466cecf":"51c7dbb3-6112-443b-919f-437046a0aa19"},{"element-6066-11e4-a52e-4f735466cecf":"adeda530-bbb5-4823-8472-aefe4666a3e4"},{"element-6066-11e4-a52e-4f735466cecf":"c51b9e93-939e-40fe-ba59-813a71373170"},{"element-6066-11e4-a52e-4f735466cecf":"63828abd-882c-4e18-9a99-2be46b610ed4"},{"element-6066-11e4-a52e-4f735466cecf":"d3699e91-ecad-41cf-b20c-52effab1f753"},{"element-6066-11e4-a52e-4f735466cecf":"352b2885-b24c-41e0-9032-7def09fafff2"},{"element-6066-11e4-a52e-4f735466cecf":"f526401f-8c24-4953-a415-0a613d4c3b8d"},{"element-6066-11e4-a52e-4f735466cecf":"5e730e72-13ec-45b4-9e13-a927d6bde708"},{"element-6066-11e4-a52e-4f735466cecf":"6a6691a8-eb49-4cd1-8807-f2bb47620c82"},{"element-6066-11e4-a52e-4f735466cecf":"1d6c651f-8116-4455-bbe6-9755bed39077"},{"element-6066-11e4-a52e-4f735466cecf":"a3780aae-de1a-48b5-989d-bf3b61d14726"},{"element-6066-11e4-a52e-4f735466cecf":"cf506322-7c7d-4786-8cf8-24ea0209dfd6"},{"element-6066-11e4-a52e-4f735466cecf":"869d00a5-0f47-45d2-9a4b-f7a641179e8f"},{"element-6066-11e4-a52e-4f735466cecf":"9166b3e8-5d1a-414b-b40e-23edd48d6873"},{"element-6066-11e4-a52e-4f735466cecf":"49978951-62a9-4100-934d-91b8edc86bff"},{"element-6066-11e4-a52e-4f735466cecf":"c713a76b-b615-44a9-ad75-078b80fc5675"},{"element-6066-11e4-a52e-4f735466cecf":"da8ca5dc-9fea-4682-87a1-cdb3291844b3"},{"element-6066-11e4-a52e-4f735466cecf":"35a71e79-e1e1-4472-aea6-0afb59cb9585"},{"element-6066-11e4-a52e-4f735466cecf":"0c5b90c6-027b-40a0-8eab-13b7bd346698"},{"element-6066-11e4-a52e-4f735466cecf":"d76a3223-6bbf-4d8f-bcf2-341cdec6c57e"},{"element-6066-11e4-a52e-4f735466cecf":"d39afc77-9a32-4a6f-9adc-bb2a176b25a8"},{"element-6066-11e4-a52e-4f735466cecf":"fee4b977-6510-4df1-bfd6-920a08be238e"},{"element-6066-11e4-a52e-4f735466cecf":"76f7b291-30f9-4768-974c-90c8f95e148b"},{"element-6066-11e4-a52e-4f735466cecf":"743a3c03-4bf2-4220-ae91-a9b4c06dbd8f"},{"element-6066-11e4-a52e-4f735466cecf":"c5cd90b1-e7b0-4883-93b7-31eefb44fcd5"},{"element-6066-11e4-a52e-4f735466cecf":"c3051b5e-37eb-45de-b111-0bf947ea5106"},{"element-6066-11e4-a52e-4f735466cecf":"b70fd457-2c77-486a-a123-d74294553842"},{"element-6066-11e4-a52e-4f735466cecf":"1da45206-a046-4980-83d1-4e6035e7f47e"},{"element-6066-11e4-a52e-4f735466cecf":"5931b7f0-4767-4742-8776-cfa08f3cbff1"},{"element-6066-11e4-a52e-4f735466cecf":"c16f5ab5-a8ad-45d2-80ec-efabe1ad8de0"},{"element-6066-11e4-a52e-4f735466cecf":"3cd4af41-9daa-464a-899e-90a30d117d08"},{"element-6066-11e4-a52e-4f735466cecf":"03e081c0-efac-46f4-8e47-9b2af216dcc3"},{"element-6066-11e4-a52e-4f735466cecf":"98dfea87-99a4-47ed-9972-7bc850871404"},{"element-6066-11e4-a52e-4f735466cecf":"42375139-cf5c-47d4-8efa-bd69432a456c"},{"element-6066-11e4-a52e-4f735466cecf":"e430b661-b3e4-4835-aff0-e15f14ea256d"},{"element-6066-11e4-a52e-4f735466cecf":"63e43ffd-3648-4484-ab35-ec95e11e052d"},{"element-6066-11e4-a52e-4f735466cecf":"4886c0e1-72bb-4bc3-8d38-24b2eeeb9024"},{"element-6066-11e4-a52e-4f735466cecf":"5c0547f3-b819-4573-a136-b8bb002602d5"},{"element-6066-11e4-a52e-4f735466cecf":"8fe32bb3-4113-4fd3-b5d8-6d5cf1cf8a7e"},{"element-6066-11e4-a52e-4f735466cecf":"f02afd09-f1e8-4639-bc27-10484fe49804"},{"element-6066-11e4-a52e-4f735466cecf":"b337ef78-7f8a-4eb1-b000-8c6d2997daf9"},{"element-6066-11e4-a52e-4f735466cecf":"f095ba20-6fc1-467d-9004-6c00d54208fd"},{"element-6066-11e4-a52e-4f735466cecf":"51dfd8f5-4139-4f55-b7e6-3b74ea7c1262"},{"element-6066-11e4-a52e-4f735466cecf":"58c03eb6-e612-4eeb-a426-fa4b7a84e1df"},{"element-6066-11e4-a52e-4f735466cecf":"493504f5-ff63-4655-8974-f9994842d989"},{"element-6066-11e4-a52e-4f735466cecf":"812f8185-d51a-4804-80e8-bf2cecd56f0a"},{"element-6066-11e4-a52e-4f735466cecf":"e60fa1b7-33e0-4eec-a6e3-8d8234605f00"},{"element-6066-11e4-a52e-4f735466cecf":"6820f518-2f61-4c31-b72d-6cd1abc44dd5"},{"element-6066-11e4-a52e-4f735466cecf":"5c66367a-6ea0-4d46-954b-5976ab92a1e5"},{"element-6066-11e4-a52e-4f735466cecf":"17a93d51-4497-47ed-93df-c12a61647442"},{"element-6066-11e4-a52e-4f735466cecf":"d860a4d0-14be-4ade-a36d-fab6252cff9d"},{"element-6066-11e4-a52e-4f735466cecf":"c9647a91-7fd1-4a56-883a-5b1abe94df13"},{"element-6066-11e4-a52e-4f735466cecf":"7f3e185c-f803-4949-bbf8-e8af67fe3e75"},{"element-6066-11e4-a52e-4f735466cecf":"4e2438ad-3888-43de-afe2-df41a62f2341"},{"element-6066-11e4-a52e-4f735466cecf":"1e3d8be5-4194-47f3-b7dd-53d2e21c72b5"},{"element-6066-11e4-a52e-4f735466cecf":"6cae5ee1-532d-412e-bccd-7e6d2f15f7bd"},{"element-6066-11e4-a52e-4f735466cecf":"79727e56-182e-484a-bf2f-b8f0696ccdce"},{"element-6066-11e4-a52e-4f735466cecf":"637f3104-83d1-4461-bc2e-91042f910640"},{"element-6066-11e4-a52e-4f735466cecf":"fa5446dd-692d-47d5-a633-fe70707b89e1"},{"element-6066-11e4-a52e-4f735466cecf":"0cd837a1-8572-41ad-8e07-c26188dd5b3e"},{"element-6066-11e4-a52e-4f735466cecf":"ef881a91-dbf9-4025-a98d-25a42a6d8a13"},{"element-6066-11e4-a52e-4f735466cecf":"154f5887-ef9f-4c97-813f-9b2718f2fceb"},{"element-6066-11e4-a52e-4f735466cecf":"3646703a-d922-4f2c-aa5a-f1f0102cf5e4"},{"element-6066-11e4-a52e-4f735466cecf":"97cd5fef-c6b4-4eab-a5ba-4be6db0809cf"},{"element-6066-11e4-a52e-4f735466cecf":"cc6ebccb-6fd3-45db-b46e-c06c7542e361"},{"element-6066-11e4-a52e-4f735466cecf":"9a4af3b6-c975-4461-b070-33149938a8c9"}]} | headers=HTTPHeaderDict({'Content-Length': '106424', 'Content-Type': 'application/json; charset=utf-8', 'cache-control': 'no-cache'})
DEBUG    2022-05-28 23:28:14 selenium.webdriver.remote.remote_connection::remote_connection.py:_request:412: Finished Request
DEBUG    2022-05-28 23:28:14 selenium.webdriver.remote.remote_connection::remote_connection.py:_request:361: POST http://localhost:10652/session/e7ca53808d3d8719b5536c74cfb9e643/elements {"using": "xpath", "value": "//span[@class='review_num ng-binding ng-hide' and @ng-show='restaurant.review_count > 0']"}
DEBUG    2022-05-28 23:28:14 urllib3.connectionpool::connectionpool.py:_make_request:456: http://localhost:10652 "POST /session/e7ca53808d3d8719b5536c74cfb9e643/elements HTTP/1.1" 200 2618
DEBUG    2022-05-28 23:28:14 selenium.webdriver.remote.remote_connection::remote_connection.py:_request:383: Remote response: status=200 | data={"value":[{"element-6066-11e4-a52e-4f735466cecf":"00a95ece-32b8-43d3-b9d8-5bffda66706d"},{"element-6066-11e4-a52e-4f735466cecf":"d5e20244-0e64-4fc8-afc9-6b25ef5855fa"},{"element-6066-11e4-a52e-4f735466cecf":"34f30515-a664-4d13-9029-e8f8489397e5"},{"element-6066-11e4-a52e-4f735466cecf":"192d626b-fd36-4975-a075-b50e1cfeae44"},{"element-6066-11e4-a52e-4f735466cecf":"96cfd18a-89e4-4b43-b7a7-adcbc3211ead"},{"element-6066-11e4-a52e-4f735466cecf":"5ff3704c-86a0-493b-86a3-e6e18a201d14"},{"element-6066-11e4-a52e-4f735466cecf":"9ec15ddf-e1f9-4a36-9ad7-558fe50779e2"},{"element-6066-11e4-a52e-4f735466cecf":"87893cb8-65e6-44ac-be4d-168d7140d7c0"},{"element-6066-11e4-a52e-4f735466cecf":"443c18c9-9ad7-46a2-a676-52b6882a862c"},{"element-6066-11e4-a52e-4f735466cecf":"f4919cd0-7492-454c-938a-1e07adf9592b"},{"element-6066-11e4-a52e-4f735466cecf":"10da58bb-473e-470a-afdc-0bc7ec8dd439"},{"element-6066-11e4-a52e-4f735466cecf":"edbcc43e-e3d5-4e41-b529-71d0628e6374"},{"element-6066-11e4-a52e-4f735466cecf":"da0a1896-0d96-41c7-a990-8b140cb42205"},{"element-6066-11e4-a52e-4f735466cecf":"1bf1b8fb-5d2d-4c86-8291-5f13d3af9aa0"},{"element-6066-11e4-a52e-4f735466cecf":"60dba1b7-28e5-4024-8d6c-1408bbb752b9"},{"element-6066-11e4-a52e-4f735466cecf":"a23f1547-de45-47b4-89cf-832d38fda168"},{"element-6066-11e4-a52e-4f735466cecf":"8b4a35a6-f5d4-47aa-b90a-e500489f1cb0"},{"element-6066-11e4-a52e-4f735466cecf":"e5f460d9-fe24-41db-88aa-ea355b3197d1"},{"element-6066-11e4-a52e-4f735466cecf":"876f7d1b-77b9-4797-8eb9-bdfcc3a1cfb3"},{"element-6066-11e4-a52e-4f735466cecf":"f0ef7d68-3902-473b-815b-8025571d6240"},{"element-6066-11e4-a52e-4f735466cecf":"81497e2c-ab6b-409d-a096-155a866f0686"},{"element-6066-11e4-a52e-4f735466cecf":"896a3444-365f-4972-9b52-88340447c2b3"},{"element-6066-11e4-a52e-4f735466cecf":"0d161c96-aa52-468f-8836-2619e5b4dfeb"},{"element-6066-11e4-a52e-4f735466cecf":"108b2c7e-f976-4541-9e86-f3d6399caafc"},{"element-6066-11e4-a52e-4f735466cecf":"a73d206d-fdb4-494b-8b62-3d5fb7785c7a"},{"element-6066-11e4-a52e-4f735466cecf":"b77aae8d-8cf1-4201-9bd0-0adb737a6ef7"},{"element-6066-11e4-a52e-4f735466cecf":"5844a3db-8380-4399-bf08-56e84b646a29"},{"element-6066-11e4-a52e-4f735466cecf":"d6bd2fae-49f9-4808-aa42-3208a1628edb"},{"element-6066-11e4-a52e-4f735466cecf":"55be2e96-4115-4fde-8dbb-41c83b7cf7c9"},{"element-6066-11e4-a52e-4f735466cecf":"98152883-5024-4c07-ae0c-9ddf2a23f69f"},{"element-6066-11e4-a52e-4f735466cecf":"c443b676-8e9d-4e5f-b659-99714cd09e01"},{"element-6066-11e4-a52e-4f735466cecf":"27ef20c2-30c8-4860-9ae0-0a8f3fd76475"},{"element-6066-11e4-a52e-4f735466cecf":"99dd4060-8bd8-4f50-a678-da961dda00ce"}]} | headers=HTTPHeaderDict({'Content-Length': '2618', 'Content-Type': 'application/json; charset=utf-8', 'cache-control': 'no-cache'})
DEBUG    2022-05-28 23:28:14 selenium.webdriver.remote.remote_connection::remote_connection.py:_request:412: Finished Request
DEBUG    2022-05-28 23:28:14 selenium.webdriver.remote.remote_connection::remote_connection.py:_request:361: POST http://localhost:10652/session/e7ca53808d3d8719b5536c74cfb9e643/elements {"using": "xpath", "value": "//span[@class='ico-star1 ng-binding']"}
DEBUG    2022-05-28 23:28:14 urllib3.connectionpool::connectionpool.py:_make_request:456: http://localhost:10652 "POST /session/e7ca53808d3d8719b5536c74cfb9e643/elements HTTP/1.1" 200 106424
DEBUG    2022-05-28 23:28:14 selenium.webdriver.remote.remote_connection::remote_connection.py:_request:383: Remote response: status=200 | data={"value":[{"element-6066-11e4-a52e-4f735466cecf":"5a75d365-a49b-42c0-b9da-2751c4ed0a25"},{"element-6066-11e4-a52e-4f735466cecf":"6721f0b1-7da5-40eb-899e-936f0d8eed1e"},{"element-6066-11e4-a52e-4f735466cecf":"bf6979db-0b8d-4d54-bd00-7c8b256a8504"},{"element-6066-11e4-a52e-4f735466cecf":"ab6c2a44-ebec-4d06-a7f0-c171954a37d8"},{"element-6066-11e4-a52e-4f735466cecf":"ce50223b-2a34-4f30-a60a-fc6377fb4d22"},{"element-6066-11e4-a52e-4f735466cecf":"a55667f3-8c3a-444b-a2ec-16bb89c9e97a"},{"element-6066-11e4-a52e-4f735466cecf":"d364919b-0c92-44a3-9e62-cfa7f081c6ed"},{"element-6066-11e4-a52e-4f735466cecf":"c2629e7e-0153-48d4-9ddb-8685947f2039"},{"element-6066-11e4-a52e-4f735466cecf":"cedaccaf-8840-41cd-b9e6-9431c98676a6"},{"element-6066-11e4-a52e-4f735466cecf":"f07c7345-b0ff-4cff-b599-03afe19ddbe6"},{"element-6066-11e4-a52e-4f735466cecf":"9012d3e1-eb34-4b0a-a4c9-c73a1d54209e"},{"element-6066-11e4-a52e-4f735466cecf":"99414954-3a22-4047-b8de-da4e7c7247e7"},{"element-6066-11e4-a52e-4f735466cecf":"98e6f226-5663-43ed-a2a9-8f66523dc2bc"},{"element-6066-11e4-a52e-4f735466cecf":"946415a3-16c3-4be1-8be7-d802ab4b2024"},{"element-6066-11e4-a52e-4f735466cecf":"048c076c-7a3c-4528-a309-fe8fa1fa6a74"},{"element-6066-11e4-a52e-4f735466cecf":"571d9a62-d6fa-4b53-93b3-d39e65868ad7"},{"element-6066-11e4-a52e-4f735466cecf":"80774208-4827-4a8a-90fa-6a378a9225ec"},{"element-6066-11e4-a52e-4f735466cecf":"d59f631e-bef5-4746-8dd0-d785ccb64cf0"},{"element-6066-11e4-a52e-4f735466cecf":"d7fa7449-4ce9-439e-a5a9-136aa9b4b614"},{"element-6066-11e4-a52e-4f735466cecf":"dd76a298-083a-4089-94a2-87bff30ca02a"},{"element-6066-11e4-a52e-4f735466cecf":"9ee86788-2a83-48c9-ac2b-87ea95850069"},{"element-6066-11e4-a52e-4f735466cecf":"50d01fd1-1488-4100-b6f4-b7f00437a83a"},{"element-6066-11e4-a52e-4f735466cecf":"d3dc46ef-bde9-40e8-a9c3-aeef0205da39"},{"element-6066-11e4-a52e-4f735466cecf":"a66438c5-52f3-4007-895f-691b24b06c3a"},{"element-6066-11e4-a52e-4f735466cecf":"6a023653-c568-4c21-939d-2203a3017794"},{"element-6066-11e4-a52e-4f735466cecf":"8e931043-04a9-4bef-bfc6-f075c62cef0d"},{"element-6066-11e4-a52e-4f735466cecf":"5f74e9ec-d671-4cf1-94de-521b20543e6e"},{"element-6066-11e4-a52e-4f735466cecf":"398db69e-8982-42d8-80d0-305575c8b060"},{"element-6066-11e4-a52e-4f735466cecf":"22933f8a-540d-4017-8847-9f06eee1dc64"},{"element-6066-11e4-a52e-4f735466cecf":"acac15c5-dd30-4f42-826e-5ffde917fe82"},{"element-6066-11e4-a52e-4f735466cecf":"1e01b620-7c6a-454a-8da6-e38624faecfd"},{"element-6066-11e4-a52e-4f735466cecf":"e2d60d96-5941-4ae5-9a33-240f91d3917e"},{"element-6066-11e4-a52e-4f735466cecf":"f4bfa728-14ea-4b27-8f6c-960098d63ec7"},{"element-6066-11e4-a52e-4f735466cecf":"533436dd-01ca-44fb-922a-5ac43be1816c"},{"element-6066-11e4-a52e-4f735466cecf":"7efbf7e8-e008-4b1f-9237-096548f14757"},{"element-6066-11e4-a52e-4f735466cecf":"66af1726-8274-4d6f-97db-17f0d2c1cabc"},{"element-6066-11e4-a52e-4f735466cecf":"44939df7-fd79-424a-bb62-5f98cb96fa75"},{"element-6066-11e4-a52e-4f735466cecf":"59a17ab3-38af-403e-95c3-c67efe450be7"},{"element-6066-11e4-a52e-4f735466cecf":"3b55d5ab-251b-49d7-854d-7f2949378174"},{"element-6066-11e4-a52e-4f735466cecf":"f836f0c4-1380-4417-9be2-0d4dbafd0a61"},{"element-6066-11e4-a52e-4f735466cecf":"bc7fab41-84c4-404b-89df-4792a97f995f"},{"element-6066-11e4-a52e-4f735466cecf":"c8c50053-df36-4da5-8e59-4e029249da93"},{"element-6066-11e4-a52e-4f735466cecf":"02d1f71a-3e1f-49e8-9fd1-74f978aa9bc4"},{"element-6066-11e4-a52e-4f735466cecf":"4a87c342-449a-4bad-b763-ff50d1dd3dcc"},{"element-6066-11e4-a52e-4f735466cecf":"a17823fe-06e9-4784-85d1-ca39d5b5eaff"},{"element-6066-11e4-a52e-4f735466cecf":"67d2d8fa-b3e2-4aef-a2ca-f327ac32b59d"},{"element-6066-11e4-a52e-4f735466cecf":"f112f7fc-34f7-40f2-ba91-a9b77bda351f"},{"element-6066-11e4-a52e-4f735466cecf":"a71abd3a-0e9b-40ae-a981-7429975ee751"},{"element-6066-11e4-a52e-4f735466cecf":"f28bb576-ea07-4634-9815-ba37a633e958"},{"element-6066-11e4-a52e-4f735466cecf":"b894ac56-2151-4c8b-9517-d7e8e41e5c18"},{"element-6066-11e4-a52e-4f735466cecf":"8329ddb3-543d-4cac-b56b-e7772e3127ed"},{"element-6066-11e4-a52e-4f735466cecf":"b3058468-f116-44d0-a76e-8f222e822865"},{"element-6066-11e4-a52e-4f735466cecf":"600fbb0c-53f5-4bda-ba10-e5e701d806be"},{"element-6066-11e4-a52e-4f735466cecf":"e187bf15-e380-448f-a031-634393140290"},{"element-6066-11e4-a52e-4f735466cecf":"e89c3ee9-4e63-4eb0-a4b3-66f8b288163f"},{"element-6066-11e4-a52e-4f735466cecf":"6a317749-80a5-4bca-8f62-b2b9eb20a42f"},{"element-6066-11e4-a52e-4f735466cecf":"107955cb-9cc6-4b6f-a6a7-87a252bef8ba"},{"element-6066-11e4-a52e-4f735466cecf":"bbe195df-fa1a-4e89-bbbd-9cf3ab9e5f23"},{"element-6066-11e4-a52e-4f735466cecf":"51635996-864e-40e6-a842-c6fd8ef4ad6f"},{"element-6066-11e4-a52e-4f735466cecf":"c05f2326-92a9-4aec-ad3b-3fe4e8ed458f"},{"element-6066-11e4-a52e-4f735466cecf":"dd87b2ab-ce1a-4d99-afd3-183c6407b9a5"},{"element-6066-11e4-a52e-4f735466cecf":"a6b40f44-8a32-4e32-b11b-4c99ea8b1d3b"},{"element-6066-11e4-a52e-4f735466cecf":"7cb26b5b-8b7b-4fac-8394-f8927023c9be"},{"element-6066-11e4-a52e-4f735466cecf":"ce65df25-92b7-4f06-ac3d-9b082cac9b1e"},{"element-6066-11e4-a52e-4f735466cecf":"42596381-f755-4b00-b159-efbd764106df"},{"element-6066-11e4-a52e-4f735466cecf":"17a02661-a9d2-4f17-9e8e-00bb07bf3230"},{"element-6066-11e4-a52e-4f735466cecf":"b8911001-9f4e-4e25-9b94-121711c6111c"},{"element-6066-11e4-a52e-4f735466cecf":"f79838f1-de88-4528-b2ca-97c8df3c7c2b"},{"element-6066-11e4-a52e-4f735466cecf":"102cb8f6-2515-46b6-9a63-5d76dc51fc5b"},{"element-6066-11e4-a52e-4f735466cecf":"7c6d7a52-4b55-49ba-890e-c8f0334ab958"},{"element-6066-11e4-a52e-4f735466cecf":"5c756392-5cef-4227-be53-8b4ea0b5817f"},{"element-6066-11e4-a52e-4f735466cecf":"92d9594c-0aaf-4fc9-ac40-a52c509f3f58"},{"element-6066-11e4-a52e-4f735466cecf":"678ba258-3d2a-4c6a-871b-c76fa41f5f97"},{"element-6066-11e4-a52e-4f735466cecf":"e1c50633-453c-4313-b4ca-ea5e1eebac66"},{"element-6066-11e4-a52e-4f735466cecf":"e58ed4a6-2847-4ba8-9ce3-ae3c0b21cb76"},{"element-6066-11e4-a52e-4f735466cecf":"ea98f0a3-d091-4397-b0b0-408a3fa4f5a3"},{"element-6066-11e4-a52e-4f735466cecf":"11c0ec12-aaab-401a-b6a5-38104a9f52c0"},{"element-6066-11e4-a52e-4f735466cecf":"7f41cef2-6a6a-43ad-80c5-c566d143e101"},{"element-6066-11e4-a52e-4f735466cecf":"3fd2835f-c64a-4acc-93fe-9250dcb25214"},{"element-6066-11e4-a52e-4f735466cecf":"8f2bf49a-31a3-4afe-9362-1656c1b168a8"},{"element-6066-11e4-a52e-4f735466cecf":"05814efd-fbee-40e1-a219-05af457e71e1"},{"element-6066-11e4-a52e-4f735466cecf":"59cc1143-c2c6-4913-9e0f-20fbe3bdd2d6"},{"element-6066-11e4-a52e-4f735466cecf":"93a74bda-c06b-4a55-ac3b-78dc80994253"},{"element-6066-11e4-a52e-4f735466cecf":"bfe796a2-caeb-49c9-8c8f-f0ced5280ce7"},{"element-6066-11e4-a52e-4f735466cecf":"4ebb42a6-20a7-41dd-a5f8-66691e5dc658"},{"element-6066-11e4-a52e-4f735466cecf":"313dd60b-ff34-4b37-9919-44358b572b67"},{"element-6066-11e4-a52e-4f735466cecf":"ad13ab3b-8fcb-4e32-b15f-7639429ca0d6"},{"element-6066-11e4-a52e-4f735466cecf":"9d73bf2b-81a9-471d-8ca8-15f7454b24a5"},{"element-6066-11e4-a52e-4f735466cecf":"62c9fe93-c052-442b-af76-9c64d30a179c"},{"element-6066-11e4-a52e-4f735466cecf":"17a12d1d-2a4e-496c-bc40-8d1d4adf7238"},{"element-6066-11e4-a52e-4f735466cecf":"287b5943-6bab-4164-b73c-49626e47de72"},{"element-6066-11e4-a52e-4f735466cecf":"d8cd7b71-49b1-42c6-8214-3ef7d9d5b769"},{"element-6066-11e4-a52e-4f735466cecf":"fe7a3901-a91b-437b-b5e5-4a419eff5b28"},{"element-6066-11e4-a52e-4f735466cecf":"69b4a1be-0830-47a7-98e1-5f9d41ff4517"},{"element-6066-11e4-a52e-4f735466cecf":"594cc083-00f8-41de-ad0b-f5a608b16f75"},{"element-6066-11e4-a52e-4f735466cecf":"b0e850da-1e57-4987-a4fb-f31eed5113ba"},{"element-6066-11e4-a52e-4f735466cecf":"8b8efcc1-9881-435b-adc1-df31e0d40a06"},{"element-6066-11e4-a52e-4f735466cecf":"3578a062-a516-4f34-9750-f95518239041"},{"element-6066-11e4-a52e-4f735466cecf":"6ece402d-c255-4e98-a53a-167845815d42"},{"element-6066-11e4-a52e-4f735466cecf":"46c461a6-156a-41a3-8312-a84a5d8bd61d"},{"element-6066-11e4-a52e-4f735466cecf":"dee8d945-bb43-4da8-86e3-ce898de9a06c"},{"element-6066-11e4-a52e-4f735466cecf":"b1187d67-7909-4c90-985f-c8582004285b"},{"element-6066-11e4-a52e-4f735466cecf":"b0277d27-5095-4d56-b262-4b6813794b32"},{"element-6066-11e4-a52e-4f735466cecf":"e7aa14fa-6a5a-4bf6-a228-9bd412c1b859"},{"element-6066-11e4-a52e-4f735466cecf":"ba4cc67d-d870-4e3e-9f3b-02a20962a960"},{"element-6066-11e4-a52e-4f735466cecf":"523489af-6bf9-4f03-8537-fb6ffcf9b9a5"},{"element-6066-11e4-a52e-4f735466cecf":"fc6ccf08-7d12-4abb-8307-4af6ff7efff6"},{"element-6066-11e4-a52e-4f735466cecf":"7e46323c-925c-4d5f-8575-7d73c1491ee8"},{"element-6066-11e4-a52e-4f735466cecf":"ce017105-05ed-4a78-bb7e-3ce182b014a2"},{"element-6066-11e4-a52e-4f735466cecf":"28de896d-f296-4aa6-bc1e-bb8548d6caae"},{"element-6066-11e4-a52e-4f735466cecf":"39bc9a94-2726-4406-ab22-bf118cee7903"},{"element-6066-11e4-a52e-4f735466cecf":"dd1560c2-c634-4efc-9d54-fc85b07c37d4"},{"element-6066-11e4-a52e-4f735466cecf":"a7e6ec2b-e6bd-4a17-b602-e66f16826358"},{"element-6066-11e4-a52e-4f735466cecf":"cfc345da-bac6-4cf6-a429-ea42a213f279"},{"element-6066-11e4-a52e-4f735466cecf":"18370f40-ed29-4ed9-b7bd-11376c9ca087"},{"element-6066-11e4-a52e-4f735466cecf":"755907b4-56ae-4578-8e2e-2bf8c050f1ab"},{"element-6066-11e4-a52e-4f735466cecf":"77bd523e-48d4-40e7-b06d-1fd191406f4f"},{"element-6066-11e4-a52e-4f735466cecf":"a7bfdfc2-f41e-4b0d-a04f-466d0181b3d2"},{"element-6066-11e4-a52e-4f735466cecf":"bf5f7157-d52c-4d21-95a9-558c1d5b5ca7"},{"element-6066-11e4-a52e-4f735466cecf":"7df156a7-da5d-4a57-b202-30bf6008849d"},{"element-6066-11e4-a52e-4f735466cecf":"39076b07-094a-4289-9776-398a4337fa59"},{"element-6066-11e4-a52e-4f735466cecf":"e7f5b36e-06ff-4254-ba55-aa47d88fcb52"},{"element-6066-11e4-a52e-4f735466cecf":"fe98aaba-e8ce-4bd6-bb11-df2358e47c6c"},{"element-6066-11e4-a52e-4f735466cecf":"45d70646-4358-42f2-a4fc-a33981058c9b"},{"element-6066-11e4-a52e-4f735466cecf":"19b71752-b950-423c-aaa8-2d740a39c8da"},{"element-6066-11e4-a52e-4f735466cecf":"0685662c-c741-45b8-a4ef-efa813fce660"},{"element-6066-11e4-a52e-4f735466cecf":"567da077-d1f1-4950-b88a-761921d5d27c"},{"element-6066-11e4-a52e-4f735466cecf":"7e0efa3a-c30b-45b1-98e0-bff748d2b3cc"},{"element-6066-11e4-a52e-4f735466cecf":"9460485b-a686-4128-94cb-ab5d2970c053"},{"element-6066-11e4-a52e-4f735466cecf":"623c4777-9141-4b62-860d-f183ac985ea0"},{"element-6066-11e4-a52e-4f735466cecf":"03cc4896-5a87-4e8e-a7fe-a93bf4965fe2"},{"element-6066-11e4-a52e-4f735466cecf":"75f319b4-00c6-446f-95ff-904c0a37e882"},{"element-6066-11e4-a52e-4f735466cecf":"148736d2-5d61-47b1-9ce2-d1f0cbe0f0a5"},{"element-6066-11e4-a52e-4f735466cecf":"01ea0f20-e8c3-499a-a686-0f8ce32aaa97"},{"element-6066-11e4-a52e-4f735466cecf":"c8b2ffdd-6c10-4a16-bd7e-b3e50e5318bd"},{"element-6066-11e4-a52e-4f735466cecf":"d6e15539-20b4-483d-a07b-34763de6786d"},{"element-6066-11e4-a52e-4f735466cecf":"b7a2f7cc-2a64-4992-b364-a10ca0c5d64f"},{"element-6066-11e4-a52e-4f735466cecf":"663e44a7-583f-4a8b-b992-ead0c794ff75"},{"element-6066-11e4-a52e-4f735466cecf":"5646bc2f-6f29-45c4-81a7-c6a4265c22fd"},{"element-6066-11e4-a52e-4f735466cecf":"8e0135d3-ab0e-4d3d-ac8d-3ea335c45241"},{"element-6066-11e4-a52e-4f735466cecf":"83d1ea22-90ac-4dcc-9c3a-5e23a8f9e598"},{"element-6066-11e4-a52e-4f735466cecf":"dd56525f-d588-4d5a-964d-03d6c0a2ce10"},{"element-6066-11e4-a52e-4f735466cecf":"def0fa0b-814f-4c2a-a505-f872fea1b652"},{"element-6066-11e4-a52e-4f735466cecf":"aeafa932-c008-4993-9db9-06e92e2eee3d"},{"element-6066-11e4-a52e-4f735466cecf":"bb38e1a1-d4e4-4431-8fbe-444184e33411"},{"element-6066-11e4-a52e-4f735466cecf":"c959e518-a287-4889-8311-ba658feed5cd"},{"element-6066-11e4-a52e-4f735466cecf":"8d757b38-59a1-4e55-bbfc-dc1db180998e"},{"element-6066-11e4-a52e-4f735466cecf":"f88fd5af-c71f-4c25-a5dd-b576fcd2e058"},{"element-6066-11e4-a52e-4f735466cecf":"04cfbc75-2b4e-485a-9799-891acc5214d3"},{"element-6066-11e4-a52e-4f735466cecf":"32834324-3298-4c21-8a93-1d44e75584bc"},{"element-6066-11e4-a52e-4f735466cecf":"35306080-cd83-4dc5-a424-9f32e53c6ab8"},{"element-6066-11e4-a52e-4f735466cecf":"6821e0ae-a079-43d5-ac15-af518e91a215"},{"element-6066-11e4-a52e-4f735466cecf":"5d3dc28d-81dc-49b8-a672-b53773bbe63f"},{"element-6066-11e4-a52e-4f735466cecf":"b5a2949c-1294-43fe-a5e5-ff02ee2dbf6e"},{"element-6066-11e4-a52e-4f735466cecf":"3cf7508a-cb76-44f6-a2e3-9727da1cbdae"},{"element-6066-11e4-a52e-4f735466cecf":"518f8a00-2075-4075-af7c-2c617837d30a"},{"element-6066-11e4-a52e-4f735466cecf":"101f63ab-60a2-4ab9-899f-b003ea054ada"},{"element-6066-11e4-a52e-4f735466cecf":"c24ef903-7991-43b0-9416-4e7860490576"},{"element-6066-11e4-a52e-4f735466cecf":"a2319c5f-3c21-4bd4-b0dc-a08955c61bfa"},{"element-6066-11e4-a52e-4f735466cecf":"b7c991e9-9063-4d11-b8f5-78a648fe2fd8"},{"element-6066-11e4-a52e-4f735466cecf":"abb918fb-ebff-4640-b01c-f42544789b88"},{"element-6066-11e4-a52e-4f735466cecf":"31935c4a-b33b-4d19-9d75-3f6bd8708969"},{"element-6066-11e4-a52e-4f735466cecf":"f7665fba-0460-4623-86c1-f325da2151e9"},{"element-6066-11e4-a52e-4f735466cecf":"23959ed2-d7c8-432f-900a-14879b550eda"},{"element-6066-11e4-a52e-4f735466cecf":"869a252d-a479-4141-b6b4-041309581815"},{"element-6066-11e4-a52e-4f735466cecf":"48da797d-5b1a-4c2c-b922-3463dea9462d"},{"element-6066-11e4-a52e-4f735466cecf":"4cd88c31-30c4-4621-a08e-787c11f5af2f"},{"element-6066-11e4-a52e-4f735466cecf":"8619a1ee-66b7-468b-8efa-76df3c78cc79"},{"element-6066-11e4-a52e-4f735466cecf":"c6842954-3cbe-488c-a4ee-1786082e981d"},{"element-6066-11e4-a52e-4f735466cecf":"9521e939-2c0b-45f4-b63b-47e0db8eedee"},{"element-6066-11e4-a52e-4f735466cecf":"fb09cff6-6ea9-43d9-983a-c0786595a46b"},{"element-6066-11e4-a52e-4f735466cecf":"509835f7-81d3-4721-9adc-b81ff35e1eb7"},{"element-6066-11e4-a52e-4f735466cecf":"c25f5248-e088-404d-bfbd-b0fc7a18f81d"},{"element-6066-11e4-a52e-4f735466cecf":"2ab46a91-dda7-42dd-b11b-77e8cab4d043"},{"element-6066-11e4-a52e-4f735466cecf":"5bcb0406-ff7d-45a7-a773-a1d17dd7ee18"},{"element-6066-11e4-a52e-4f735466cecf":"8edee215-ac12-4702-bd03-c183c94010e6"},{"element-6066-11e4-a52e-4f735466cecf":"4bae04b7-ae0b-4769-a49c-3487e9db6eee"},{"element-6066-11e4-a52e-4f735466cecf":"ba7fafc9-c633-434a-9db8-9cd5b655ff66"},{"element-6066-11e4-a52e-4f735466cecf":"a33ea29a-fdab-46ff-8ca8-012de65d8029"},{"element-6066-11e4-a52e-4f735466cecf":"b961a570-5398-4feb-ab5a-e6cb29e69953"},{"element-6066-11e4-a52e-4f735466cecf":"37459dab-0d51-47af-b59e-70897da9d082"},{"element-6066-11e4-a52e-4f735466cecf":"69b3cea1-4ad8-48bd-add6-e42c4a8bc684"},{"element-6066-11e4-a52e-4f735466cecf":"64905f8f-b50d-40b5-a1eb-0eb56ff3b3d3"},{"element-6066-11e4-a52e-4f735466cecf":"19e3af6e-8a0a-44f5-b498-d2fe3c0573d4"},{"element-6066-11e4-a52e-4f735466cecf":"e1f2cc85-177a-49b1-87b5-7ff2bcba6d6c"},{"element-6066-11e4-a52e-4f735466cecf":"29b0255e-86dd-4ac8-9958-08250ee0345b"},{"element-6066-11e4-a52e-4f735466cecf":"df6963b4-cd43-401d-ad69-7d55b18ecdb8"},{"element-6066-11e4-a52e-4f735466cecf":"a0822797-2fe9-4752-8369-999ac225b1bc"},{"element-6066-11e4-a52e-4f735466cecf":"6f14be43-a9f5-473a-9281-c6627e673319"},{"element-6066-11e4-a52e-4f735466cecf":"42e51415-0725-4bfb-9144-ff9854a69cd2"},{"element-6066-11e4-a52e-4f735466cecf":"51ed1093-fcc9-4cec-a531-5e9058fdc5d4"},{"element-6066-11e4-a52e-4f735466cecf":"e5045424-b6f0-4784-87f4-2cf16bc20395"},{"element-6066-11e4-a52e-4f735466cecf":"416c1727-fe8a-4294-8f64-772aee5dc21c"},{"element-6066-11e4-a52e-4f735466cecf":"271a0ec5-6871-42c2-9116-baca7bbe047a"},{"element-6066-11e4-a52e-4f735466cecf":"99fc484f-55f3-4a72-afef-ffe3253744cf"},{"element-6066-11e4-a52e-4f735466cecf":"2164c935-b5d5-44c1-9436-3bf08876a58c"},{"element-6066-11e4-a52e-4f735466cecf":"4cc757bc-ede4-4843-8be6-713db0214988"},{"element-6066-11e4-a52e-4f735466cecf":"17c71285-e171-446f-a807-1e13b43b9c98"},{"element-6066-11e4-a52e-4f735466cecf":"3aac3c80-9041-4ded-a606-7482a0ca5447"},{"element-6066-11e4-a52e-4f735466cecf":"c55404cd-a540-4cfb-b6f5-0c2c003a49af"},{"element-6066-11e4-a52e-4f735466cecf":"82a9195a-c577-4b85-aff2-02d672706f60"},{"element-6066-11e4-a52e-4f735466cecf":"b1abc5a6-37ba-4802-a167-17fbf2a3a230"},{"element-6066-11e4-a52e-4f735466cecf":"a44f53f3-6f03-418a-a31a-f142aaca6fbd"},{"element-6066-11e4-a52e-4f735466cecf":"25bf0b96-104e-4cbb-84b9-bf74ad168a1d"},{"element-6066-11e4-a52e-4f735466cecf":"f0b8cc2d-d778-4620-abbb-dad6da95fe70"},{"element-6066-11e4-a52e-4f735466cecf":"f357639e-cf87-4719-a036-a3fa5c1ae7a2"},{"element-6066-11e4-a52e-4f735466cecf":"02bdb546-f46b-4a1d-8d10-b163964df393"},{"element-6066-11e4-a52e-4f735466cecf":"eeba894c-ce30-4b9c-9c8d-e8761e695bb6"},{"element-6066-11e4-a52e-4f735466cecf":"87b393a7-4cea-4289-b910-f8b0c191eae9"},{"element-6066-11e4-a52e-4f735466cecf":"e4ab806c-7d57-43a4-9c45-8224577af6e4"},{"element-6066-11e4-a52e-4f735466cecf":"853c07fa-8407-452e-9930-4a43795bcc0d"},{"element-6066-11e4-a52e-4f735466cecf":"3dcfb9bc-065d-444b-b3a4-b7593797798f"},{"element-6066-11e4-a52e-4f735466cecf":"1f3dd5bd-0da8-48f7-9f03-93314a21b412"},{"element-6066-11e4-a52e-4f735466cecf":"2929191b-6fab-431f-92b6-77acd9d40186"},{"element-6066-11e4-a52e-4f735466cecf":"e54811d7-e8c3-44a3-a3b1-2005966699be"},{"element-6066-11e4-a52e-4f735466cecf":"d2d8fbda-afd4-47f9-a045-05c82eefcc6f"},{"element-6066-11e4-a52e-4f735466cecf":"b813f3c8-e8f8-4418-b59f-bc73e47344a3"},{"element-6066-11e4-a52e-4f735466cecf":"e7229c92-0eda-4980-bb2d-a643ccc03609"},{"element-6066-11e4-a52e-4f735466cecf":"ed875498-929a-4715-bff9-22b89bcc1cc8"},{"element-6066-11e4-a52e-4f735466cecf":"b8bb2601-1e18-4a9b-832a-d6b106981283"},{"element-6066-11e4-a52e-4f735466cecf":"9d01078e-5650-438b-be7e-b8ef9d71da97"},{"element-6066-11e4-a52e-4f735466cecf":"768a401a-88c3-4547-92ab-f20c954b6809"},{"element-6066-11e4-a52e-4f735466cecf":"58df4bfa-050c-498c-b855-84ad760e425c"},{"element-6066-11e4-a52e-4f735466cecf":"e9643b7b-36b3-4d3e-9160-31f5f82f784f"},{"element-6066-11e4-a52e-4f735466cecf":"41d84597-e245-46e7-951f-c4e95198a136"},{"element-6066-11e4-a52e-4f735466cecf":"b4fab8ad-c451-4e7c-b88d-16c81648890f"},{"element-6066-11e4-a52e-4f735466cecf":"a4e4bee8-b19c-40f9-86c2-af86472003d9"},{"element-6066-11e4-a52e-4f735466cecf":"1e061e05-0357-4ef1-90e5-ca01fdb87623"},{"element-6066-11e4-a52e-4f735466cecf":"9343ebfd-62b6-4766-aad1-cc167f55752d"},{"element-6066-11e4-a52e-4f735466cecf":"f70ecd7c-796a-4a64-8524-5b96d268ea87"},{"element-6066-11e4-a52e-4f735466cecf":"7ca6acf2-524e-43fe-a9e5-197d3845cbf2"},{"element-6066-11e4-a52e-4f735466cecf":"a1cc286e-2211-4e5f-bdbf-8c124eaa2fea"},{"element-6066-11e4-a52e-4f735466cecf":"69b64a90-834f-499e-9209-d9a3b62a2130"},{"element-6066-11e4-a52e-4f735466cecf":"3936fa37-9282-4f23-a421-27004c5e1968"},{"element-6066-11e4-a52e-4f735466cecf":"ccfd8e13-70f5-41c3-bc9e-413ce7b776a5"},{"element-6066-11e4-a52e-4f735466cecf":"63f1614e-63b0-4ee3-a996-e041dd2137ec"},{"element-6066-11e4-a52e-4f735466cecf":"c3b2f469-b7db-4400-a5df-a72a17817053"},{"element-6066-11e4-a52e-4f735466cecf":"16e2872e-034a-4237-be48-caf12bbca4eb"},{"element-6066-11e4-a52e-4f735466cecf":"72e7dbf8-46fc-4c67-8403-2345bc7b50eb"},{"element-6066-11e4-a52e-4f735466cecf":"1ee9a60c-8e1b-4f83-9a25-248fe3130fe3"},{"element-6066-11e4-a52e-4f735466cecf":"a65a98ee-c173-4797-9a57-904f2226c9b7"},{"element-6066-11e4-a52e-4f735466cecf":"dde37e54-9f5a-4cc8-ae0b-686583942c6d"},{"element-6066-11e4-a52e-4f735466cecf":"2ed843b6-a6b1-40fc-921f-0ea01f8088cc"},{"element-6066-11e4-a52e-4f735466cecf":"3805ab90-7df9-4428-8dfe-5478c034dbe9"},{"element-6066-11e4-a52e-4f735466cecf":"868cea3a-3460-4585-b122-0fbb53455a3c"},{"element-6066-11e4-a52e-4f735466cecf":"20609a60-399d-45f5-a3bb-057a2dcdfdd7"},{"element-6066-11e4-a52e-4f735466cecf":"331bfa30-a04b-4741-b333-e01f9a6b3027"},{"element-6066-11e4-a52e-4f735466cecf":"b64ace19-5241-4780-aa7b-97937866ee4d"},{"element-6066-11e4-a52e-4f735466cecf":"534e19d7-4a98-4653-9c5b-e37bfc4c441e"},{"element-6066-11e4-a52e-4f735466cecf":"9ba255a3-74c2-4418-a8e0-c4ab1b168d61"},{"element-6066-11e4-a52e-4f735466cecf":"4e92096d-a738-41cb-8231-b77c3fa2b8be"},{"element-6066-11e4-a52e-4f735466cecf":"b9d5f13c-5f80-4944-b36f-1b0416e5c0d3"},{"element-6066-11e4-a52e-4f735466cecf":"1d8f9002-d186-4fe0-91f2-c2469ed4a8f9"},{"element-6066-11e4-a52e-4f735466cecf":"83ecba8d-ddde-4f76-8659-9ae8bcf14e42"},{"element-6066-11e4-a52e-4f735466cecf":"4e73db98-4434-4256-8df5-2b536ba34d3d"},{"element-6066-11e4-a52e-4f735466cecf":"e5baa6b9-5c73-4c11-8966-6841a64b59b6"},{"element-6066-11e4-a52e-4f735466cecf":"de7259ea-48e9-45dc-9dfc-4a769d696b34"},{"element-6066-11e4-a52e-4f735466cecf":"ae4bfc34-c17d-41cd-b8aa-36dab5b87a0a"},{"element-6066-11e4-a52e-4f735466cecf":"7f34e99a-ea6d-4e4c-b37f-8ea4c8584ef8"},{"element-6066-11e4-a52e-4f735466cecf":"27c05fec-0d71-4c5b-bb9a-b1b0a8388f5b"},{"element-6066-11e4-a52e-4f735466cecf":"8f68ffb3-369f-4671-b323-b2b7f999f802"},{"element-6066-11e4-a52e-4f735466cecf":"d989da88-ce2b-4f92-b1fc-293ed6b2848a"},{"element-6066-11e4-a52e-4f735466cecf":"e80e8d81-f88c-429d-9ade-6f67774026d2"},{"element-6066-11e4-a52e-4f735466cecf":"9e3e084c-1753-4e89-aca9-11dcf356e65c"},{"element-6066-11e4-a52e-4f735466cecf":"1d72f333-f8a9-4406-8e31-7b0ff517289b"},{"element-6066-11e4-a52e-4f735466cecf":"3677b878-086b-4c00-92fd-23325df320ac"},{"element-6066-11e4-a52e-4f735466cecf":"fb78aa76-e798-4460-88d5-4d7887b45fd4"},{"element-6066-11e4-a52e-4f735466cecf":"2a06c20a-25ee-42e7-885c-dfa534c2724c"},{"element-6066-11e4-a52e-4f735466cecf":"71bb864c-6a3a-452b-bae6-36606130028f"},{"element-6066-11e4-a52e-4f735466cecf":"94729b2b-292f-4433-a570-3cc5c214b281"},{"element-6066-11e4-a52e-4f735466cecf":"36aac18a-4310-4ce9-8a94-9ab0e5b4e153"},{"element-6066-11e4-a52e-4f735466cecf":"f1b36523-f7fd-4489-8689-5fbddf7d4a54"},{"element-6066-11e4-a52e-4f735466cecf":"fdf9e6ff-7a0a-4b9a-914e-bd152397e0d7"},{"element-6066-11e4-a52e-4f735466cecf":"93f7c0fb-b77b-402b-b6ad-43de99b0c7f3"},{"element-6066-11e4-a52e-4f735466cecf":"4b0a789b-185e-4f7b-9287-09e8705ef91a"},{"element-6066-11e4-a52e-4f735466cecf":"57998ddf-c3c9-4369-b0b1-40fad661b651"},{"element-6066-11e4-a52e-4f735466cecf":"3c4729e9-200d-4f22-b482-a9354a6d6ad8"},{"element-6066-11e4-a52e-4f735466cecf":"48991bff-cc34-4866-9588-b0761e7bb4ea"},{"element-6066-11e4-a52e-4f735466cecf":"f261b3cd-f0ce-4435-99a3-dfba6e73fc9c"},{"element-6066-11e4-a52e-4f735466cecf":"3e3379de-9e38-42b2-8f17-5311ac0f61a7"},{"element-6066-11e4-a52e-4f735466cecf":"6b0bd1eb-266a-4dd3-a96f-0612e25290d2"},{"element-6066-11e4-a52e-4f735466cecf":"10b1b325-7f01-4b06-8b10-b51c017f064a"},{"element-6066-11e4-a52e-4f735466cecf":"4f6fd2a7-1bfa-47d2-bfcf-157b833e60e6"},{"element-6066-11e4-a52e-4f735466cecf":"6124dca8-9b70-4e44-bf7a-f44a57ded4d7"},{"element-6066-11e4-a52e-4f735466cecf":"1303c5c9-e9a8-49d5-9789-20c40e77c1df"},{"element-6066-11e4-a52e-4f735466cecf":"c386cdd7-cd36-42f2-8d5d-cf366fec213f"},{"element-6066-11e4-a52e-4f735466cecf":"0ed4ec06-bf33-4b1c-bbdc-a13daf63c98a"},{"element-6066-11e4-a52e-4f735466cecf":"af18d65d-89ee-42dc-ab6f-af37b39bb475"},{"element-6066-11e4-a52e-4f735466cecf":"17e92998-19a9-46a5-8e4c-f5f24f225c78"},{"element-6066-11e4-a52e-4f735466cecf":"8dfc27f3-59dd-4420-a70a-2081dc53fa60"},{"element-6066-11e4-a52e-4f735466cecf":"b6339260-1291-44ce-a4f3-209ef0458843"},{"element-6066-11e4-a52e-4f735466cecf":"9c77dc2f-72a7-46fd-8db1-18d1dd61007e"},{"element-6066-11e4-a52e-4f735466cecf":"e239dfda-a82e-4375-8659-6873c2dfb2f6"},{"element-6066-11e4-a52e-4f735466cecf":"3f39578b-5f8f-4c56-887b-9348e0d56862"},{"element-6066-11e4-a52e-4f735466cecf":"d39e2eb6-0192-4a58-806d-9876250d7ecd"},{"element-6066-11e4-a52e-4f735466cecf":"bf1ee388-c63a-4b91-89d8-c32a8660c6e7"},{"element-6066-11e4-a52e-4f735466cecf":"0bbf55de-bf97-46ff-a168-2ffbc39dd268"},{"element-6066-11e4-a52e-4f735466cecf":"362e2e7c-3461-4f31-b0e3-faa49c2bbf82"},{"element-6066-11e4-a52e-4f735466cecf":"2a531a78-2530-4765-a3b0-f7a31d771c15"},{"element-6066-11e4-a52e-4f735466cecf":"a3642250-7522-476a-af53-6c0c3a160394"},{"element-6066-11e4-a52e-4f735466cecf":"3510aef1-56c6-4319-bc75-5f5c45845730"},{"element-6066-11e4-a52e-4f735466cecf":"d4beda8e-5f2d-4e77-9621-6e6b9e306e8a"},{"element-6066-11e4-a52e-4f735466cecf":"ac49acaa-6578-472e-aff1-ef280fbd58b9"},{"element-6066-11e4-a52e-4f735466cecf":"859de853-ea8e-448e-aaea-23ef5c9b1c9a"},{"element-6066-11e4-a52e-4f735466cecf":"aff58607-9063-4f8e-9b5b-c718f793bf47"},{"element-6066-11e4-a52e-4f735466cecf":"f8bc6630-8bd6-4516-97de-e6ae5f62209f"},{"element-6066-11e4-a52e-4f735466cecf":"21c38c4c-4a5c-4aad-a9fe-8bbc86d319c5"},{"element-6066-11e4-a52e-4f735466cecf":"4db24f13-6e3e-465b-b5ec-56556406e0c2"},{"element-6066-11e4-a52e-4f735466cecf":"08d17c16-8859-4d96-9ed8-1031ae0c94ae"},{"element-6066-11e4-a52e-4f735466cecf":"15fa0451-3fd4-4c1d-b7bf-673ef8e09000"},{"element-6066-11e4-a52e-4f735466cecf":"ef84dd5e-549f-4727-979f-b5ea2eb0256d"},{"element-6066-11e4-a52e-4f735466cecf":"8ba1f46a-9270-4f08-a33a-9a37b3e0d104"},{"element-6066-11e4-a52e-4f735466cecf":"6ed48431-3a14-4607-a286-df0ef6d2bdff"},{"element-6066-11e4-a52e-4f735466cecf":"ef62fab0-1eb0-42ce-8fcb-799da4d0488f"},{"element-6066-11e4-a52e-4f735466cecf":"aeffdb61-a5ef-4682-8af5-28af2416f695"},{"element-6066-11e4-a52e-4f735466cecf":"265a22ea-55d1-407b-9a55-086c019beac7"},{"element-6066-11e4-a52e-4f735466cecf":"3fa9cd4a-e0e8-4191-b28b-c4d33ce6f606"},{"element-6066-11e4-a52e-4f735466cecf":"fdf8e7cd-52c7-4854-8ce6-9c14c88fcff6"},{"element-6066-11e4-a52e-4f735466cecf":"fec49e9a-2e4b-4a1d-8b42-57db65c292cc"},{"element-6066-11e4-a52e-4f735466cecf":"b0dfae61-bbeb-4ff2-926f-5655d09a9634"},{"element-6066-11e4-a52e-4f735466cecf":"cea48af2-f0b9-4fec-ba50-5d50054413e4"},{"element-6066-11e4-a52e-4f735466cecf":"a2c7f5a2-88bf-4689-bf30-92d50207fb47"},{"element-6066-11e4-a52e-4f735466cecf":"348942ac-3017-4674-8451-9a319ca73496"},{"element-6066-11e4-a52e-4f735466cecf":"05e01c1b-920e-4c76-ac14-aab683394b98"},{"element-6066-11e4-a52e-4f735466cecf":"d132c3b8-a6a4-4aa5-a69b-3da54c9a6cb5"},{"element-6066-11e4-a52e-4f735466cecf":"7b371b63-117e-4442-87c2-4af052ecda87"},{"element-6066-11e4-a52e-4f735466cecf":"143ad78e-4230-45c1-915b-341d414004d1"},{"element-6066-11e4-a52e-4f735466cecf":"e60b5bc7-86f6-41ff-a8ba-47f78bbc7338"},{"element-6066-11e4-a52e-4f735466cecf":"90bac7d7-d059-43ad-aaec-01af4c749db4"},{"element-6066-11e4-a52e-4f735466cecf":"500a26ec-b6d5-4926-83c2-5e1de1c41b52"},{"element-6066-11e4-a52e-4f735466cecf":"9232df45-4772-494c-896e-766af8e1376b"},{"element-6066-11e4-a52e-4f735466cecf":"73197f4f-dbe8-4671-b262-3a430e11df00"},{"element-6066-11e4-a52e-4f735466cecf":"72d7abb9-e951-4c5d-8065-649a9dcfb113"},{"element-6066-11e4-a52e-4f735466cecf":"db886e13-f838-4bd1-b5ae-e228610b11a1"},{"element-6066-11e4-a52e-4f735466cecf":"9c0125e3-8059-402d-af79-e4816c1846c7"},{"element-6066-11e4-a52e-4f735466cecf":"50fbfc7e-aac4-4613-b753-6ddec5e59d22"},{"element-6066-11e4-a52e-4f735466cecf":"3641f923-71be-4fbd-9bf4-ac6ca7ccdef6"},{"element-6066-11e4-a52e-4f735466cecf":"207e0d76-5150-4705-a4b4-6df9cda0f03b"},{"element-6066-11e4-a52e-4f735466cecf":"18dbd1f4-e3b4-47f0-8851-d027f7d6a18b"},{"element-6066-11e4-a52e-4f735466cecf":"81b13115-d0bc-45f3-a159-cea404d29aab"},{"element-6066-11e4-a52e-4f735466cecf":"0c50cfce-8f66-45ac-9339-c29421c1c985"},{"element-6066-11e4-a52e-4f735466cecf":"45af01c9-e2c4-4d29-8e81-5ad459f251d9"},{"element-6066-11e4-a52e-4f735466cecf":"12d2ff5f-0691-43d5-8b54-5d07564aa536"},{"element-6066-11e4-a52e-4f735466cecf":"fa3fe81f-4b12-48f4-a4f3-4fce1d55661e"},{"element-6066-11e4-a52e-4f735466cecf":"22a73d8d-db9f-45f8-b80a-16577d8cd21f"},{"element-6066-11e4-a52e-4f735466cecf":"f2b748d2-5bc6-4682-bada-52c7b515e0ad"},{"element-6066-11e4-a52e-4f735466cecf":"ef3c1418-fd84-48af-9a2f-f99f8b9d3ef1"},{"element-6066-11e4-a52e-4f735466cecf":"1d8cb6e6-93f2-4bd6-a9a9-7cf6ea09ec2e"},{"element-6066-11e4-a52e-4f735466cecf":"98697eae-8c5a-41e3-9795-115aa4abd7fa"},{"element-6066-11e4-a52e-4f735466cecf":"6d875f9e-5fed-456c-813e-3b5359ac17cf"},{"element-6066-11e4-a52e-4f735466cecf":"b8a3eafb-8c18-423d-80d8-595af745e735"},{"element-6066-11e4-a52e-4f735466cecf":"2bee5cfb-aa28-4019-997a-a16031d4de01"},{"element-6066-11e4-a52e-4f735466cecf":"da965990-3bf2-4252-89df-2a34a2b0f75d"},{"element-6066-11e4-a52e-4f735466cecf":"c6ade7a4-4dec-4556-b15f-bbfe2df2dde4"},{"element-6066-11e4-a52e-4f735466cecf":"d9d8e5bb-1c66-4345-ab6c-d2c3d637b52c"},{"element-6066-11e4-a52e-4f735466cecf":"1ef79fce-702a-4c1a-90ab-f1a6b717d480"},{"element-6066-11e4-a52e-4f735466cecf":"ca9b6856-2b8c-4296-a496-96d12d4cb98d"},{"element-6066-11e4-a52e-4f735466cecf":"747e90ff-df52-4443-98b9-4c9051d30e28"},{"element-6066-11e4-a52e-4f735466cecf":"0a07f4bb-de1f-4696-ba65-dc6b4bc5e393"},{"element-6066-11e4-a52e-4f735466cecf":"e72a5ac9-62d5-4671-ba87-29b49e071ef9"},{"element-6066-11e4-a52e-4f735466cecf":"6675f1e9-721f-4996-ad78-ddfb8e6588a8"},{"element-6066-11e4-a52e-4f735466cecf":"27148ee6-9df3-4096-a6e1-918509f9c407"},{"element-6066-11e4-a52e-4f735466cecf":"40b0c1d7-6337-4d9c-823d-7899932e908d"},{"element-6066-11e4-a52e-4f735466cecf":"f3036d95-a407-4491-b7b8-44b4deed23ca"},{"element-6066-11e4-a52e-4f735466cecf":"cc2ef968-378e-40f4-b779-0fe070a1df58"},{"element-6066-11e4-a52e-4f735466cecf":"fb5414bc-ac61-4436-95af-ee063b62d79f"},{"element-6066-11e4-a52e-4f735466cecf":"058e0e2c-1717-4f59-92f2-276285d38d70"},{"element-6066-11e4-a52e-4f735466cecf":"54c9366f-368e-48b8-b82d-7258ca7ba608"},{"element-6066-11e4-a52e-4f735466cecf":"b37207db-4b68-4cd5-979b-82ddb656779b"},{"element-6066-11e4-a52e-4f735466cecf":"ccb29287-babf-4b24-a3f2-3865e60f440e"},{"element-6066-11e4-a52e-4f735466cecf":"f7e7093d-18fb-4803-884b-91578c721ef6"},{"element-6066-11e4-a52e-4f735466cecf":"f42e3236-69eb-4b10-9069-c85680030010"},{"element-6066-11e4-a52e-4f735466cecf":"dd05dc44-e182-4536-b71f-3862a13802e5"},{"element-6066-11e4-a52e-4f735466cecf":"01ddc578-e5f4-417e-8aa4-8f1ecd209bed"},{"element-6066-11e4-a52e-4f735466cecf":"25a245d6-26db-43bf-9f41-bd31f1f486ab"},{"element-6066-11e4-a52e-4f735466cecf":"55055f09-c607-4546-8dc5-cc431cd76fe3"},{"element-6066-11e4-a52e-4f735466cecf":"21aba672-22f7-40f0-8931-a8d33392394f"},{"element-6066-11e4-a52e-4f735466cecf":"fa530bac-db50-443b-b93a-ef591b90a625"},{"element-6066-11e4-a52e-4f735466cecf":"4c22e27b-c39b-4856-b581-4096ef4b85aa"},{"element-6066-11e4-a52e-4f735466cecf":"fea9bea7-17c9-4234-9052-61b64d30b5b7"},{"element-6066-11e4-a52e-4f735466cecf":"1bb86864-5701-4dc5-b123-1b28f51f2c14"},{"element-6066-11e4-a52e-4f735466cecf":"943c2e61-bc4f-4024-88df-c28748914666"},{"element-6066-11e4-a52e-4f735466cecf":"3b02e1f9-d7b0-4a1c-95d5-5cfbfed13c64"},{"element-6066-11e4-a52e-4f735466cecf":"d107293e-6b7f-447e-8d84-4dcdf7de5f07"},{"element-6066-11e4-a52e-4f735466cecf":"55b2d7c3-a960-4b82-8cb2-c36c77b0e0b9"},{"element-6066-11e4-a52e-4f735466cecf":"78916ff8-100c-4fc1-bbaf-cd1eb88f087b"},{"element-6066-11e4-a52e-4f735466cecf":"50638654-4d56-48f7-83e6-2bf668ae6eef"},{"element-6066-11e4-a52e-4f735466cecf":"6c88e9db-4be7-42f4-802a-a31f683b924b"},{"element-6066-11e4-a52e-4f735466cecf":"6d509368-f1af-42eb-a50d-f6417068eba0"},{"element-6066-11e4-a52e-4f735466cecf":"eb99d11b-7d24-4a93-81e0-abed94e7314b"},{"element-6066-11e4-a52e-4f735466cecf":"fb4cb601-1e92-4018-80dd-918d04773ef3"},{"element-6066-11e4-a52e-4f735466cecf":"d0a75761-0fe1-40a2-96aa-5f242679d6b3"},{"element-6066-11e4-a52e-4f735466cecf":"a2617bdd-c703-4787-86b7-4a56d94ed9da"},{"element-6066-11e4-a52e-4f735466cecf":"bbe2d108-9a34-4837-a00e-b3c1d66f192f"},{"element-6066-11e4-a52e-4f735466cecf":"5a64ac72-8ca4-4ecc-be2d-b55b39ac6e24"},{"element-6066-11e4-a52e-4f735466cecf":"a09a5cb6-7693-4b26-a9cf-671de721ff05"},{"element-6066-11e4-a52e-4f735466cecf":"ce6912c7-870e-40ae-a997-f20e34e5e80c"},{"element-6066-11e4-a52e-4f735466cecf":"4fa9cd89-c354-48c8-869c-ad5505089848"},{"element-6066-11e4-a52e-4f735466cecf":"bc6c5ea2-43b7-4679-809e-8422748b5596"},{"element-6066-11e4-a52e-4f735466cecf":"cb21d5a1-30c8-4ac9-b670-d28de690c197"},{"element-6066-11e4-a52e-4f735466cecf":"3f439a03-e046-4d22-98ef-bdc2cc1c6a10"},{"element-6066-11e4-a52e-4f735466cecf":"2d7f388b-7920-4543-9a06-d280b7215d7f"},{"element-6066-11e4-a52e-4f735466cecf":"7de54504-aafb-468c-8bc9-f20c0eb2aba4"},{"element-6066-11e4-a52e-4f735466cecf":"02effe5a-f2e1-4fb5-84e0-cd0a8e77f203"},{"element-6066-11e4-a52e-4f735466cecf":"a337ac7a-5514-45c3-bfe3-b89b22d8f3d1"},{"element-6066-11e4-a52e-4f735466cecf":"ca02fc0a-240b-468d-9d7c-6aa3b010f8a5"},{"element-6066-11e4-a52e-4f735466cecf":"8493c757-ea9d-4261-8ed2-c3b0c2dc831d"},{"element-6066-11e4-a52e-4f735466cecf":"313a8a02-d5fb-42a1-855b-f40297c98e1a"},{"element-6066-11e4-a52e-4f735466cecf":"470f931d-cc3b-4e31-8e82-f84262ee3611"},{"element-6066-11e4-a52e-4f735466cecf":"d0d99b2e-866d-490e-b791-17582e308fa8"},{"element-6066-11e4-a52e-4f735466cecf":"c1ff30e9-1dee-43c4-8fa3-550dcfdae729"},{"element-6066-11e4-a52e-4f735466cecf":"af522177-dd9a-4a5f-b113-7ea888349285"},{"element-6066-11e4-a52e-4f735466cecf":"09eac5a1-b510-4f46-aabb-3b2f2cddf68b"},{"element-6066-11e4-a52e-4f735466cecf":"b860d817-4626-459b-881e-0d1924a05d22"},{"element-6066-11e4-a52e-4f735466cecf":"c2a742c4-725b-4f10-89b4-863665430f14"},{"element-6066-11e4-a52e-4f735466cecf":"c3cddf32-a35b-4963-a72a-4a7d790eda4e"},{"element-6066-11e4-a52e-4f735466cecf":"2e019d1f-4141-4089-b037-a9947cb36cb2"},{"element-6066-11e4-a52e-4f735466cecf":"1f1fcc8a-fa54-493d-98f8-b52ea36a5f83"},{"element-6066-11e4-a52e-4f735466cecf":"e54dfede-dd06-4010-ba14-2b9f8455aa4a"},{"element-6066-11e4-a52e-4f735466cecf":"2e3f2d20-1aa1-4aa0-9977-9741fe58777a"},{"element-6066-11e4-a52e-4f735466cecf":"cc72a620-ce87-40d5-8e85-5522d35f4b89"},{"element-6066-11e4-a52e-4f735466cecf":"e8e21e79-ae05-4e0d-be9a-c2bf45f370a9"},{"element-6066-11e4-a52e-4f735466cecf":"dcb71ac0-5640-4e39-a8a8-a7aede1dec21"},{"element-6066-11e4-a52e-4f735466cecf":"4538b0e5-1d80-452a-b813-9cb6a83dadcb"},{"element-6066-11e4-a52e-4f735466cecf":"b311d0f4-f9ac-40ee-a249-f20653fc3c6a"},{"element-6066-11e4-a52e-4f735466cecf":"e1455766-f205-48c2-8c75-834c92d32d2b"},{"element-6066-11e4-a52e-4f735466cecf":"fe2c964e-170d-4f0a-9a08-4bb6c1620476"},{"element-6066-11e4-a52e-4f735466cecf":"51268ad7-e4f7-4988-8bf6-b87e5f87c400"},{"element-6066-11e4-a52e-4f735466cecf":"37ebf48d-8740-4a1d-b867-4330260f81da"},{"element-6066-11e4-a52e-4f735466cecf":"9b297614-e347-4554-91dd-ac9054c15539"},{"element-6066-11e4-a52e-4f735466cecf":"15e5c854-647e-4e09-9cac-3f0f6521bbe0"},{"element-6066-11e4-a52e-4f735466cecf":"4d977e75-3818-42f6-bb4d-a55245dd1e4e"},{"element-6066-11e4-a52e-4f735466cecf":"5ae8b998-20c5-424e-8274-89f55610d2b7"},{"element-6066-11e4-a52e-4f735466cecf":"6fd1343c-b711-4d2f-abef-ef6e64315ff4"},{"element-6066-11e4-a52e-4f735466cecf":"c994d2e5-8f6c-4aad-afe1-6e9aa8dd6407"},{"element-6066-11e4-a52e-4f735466cecf":"eb09b706-b6db-4755-ade1-5d3544721782"},{"element-6066-11e4-a52e-4f735466cecf":"a0190331-15c4-4582-a9e4-523c0cefac91"},{"element-6066-11e4-a52e-4f735466cecf":"2ef947c3-11ba-4286-9674-31f7e69401c0"},{"element-6066-11e4-a52e-4f735466cecf":"3811ecdd-9b76-4dcd-9204-6d1cd001644d"},{"element-6066-11e4-a52e-4f735466cecf":"ce437c99-e8a7-4a59-8adb-b45c0e645c7c"},{"element-6066-11e4-a52e-4f735466cecf":"bae623e5-7826-4b78-bc89-36e8fd7fbb4c"},{"element-6066-11e4-a52e-4f735466cecf":"97f14f04-f010-4a77-ad9d-6e721c7a540a"},{"element-6066-11e4-a52e-4f735466cecf":"cd86c3e9-f71c-4b98-a705-f12567f04798"},{"element-6066-11e4-a52e-4f735466cecf":"92ef6535-52a4-4a51-823c-783e6d0a2f54"},{"element-6066-11e4-a52e-4f735466cecf":"64be0db1-1810-4d07-9a97-141a70dc9528"},{"element-6066-11e4-a52e-4f735466cecf":"787b5c54-8865-45a2-9827-f383bde6ad42"},{"element-6066-11e4-a52e-4f735466cecf":"16df5923-4d58-4be1-b82c-c5e095c8712e"},{"element-6066-11e4-a52e-4f735466cecf":"1397204a-099b-4d8e-ab25-6f56303fbefe"},{"element-6066-11e4-a52e-4f735466cecf":"8115d7d7-3a57-44b4-b47b-ca99d79304d9"},{"element-6066-11e4-a52e-4f735466cecf":"19ea2520-cf6d-4b59-acbe-5c7b2d28b16c"},{"element-6066-11e4-a52e-4f735466cecf":"61a985da-8c11-41ef-9c5d-287eb2e66fe5"},{"element-6066-11e4-a52e-4f735466cecf":"4470b7c1-9e0c-4c50-9032-f7bdc058c8db"},{"element-6066-11e4-a52e-4f735466cecf":"d82c2efe-cf10-4f11-b5fc-177f0faf40f2"},{"element-6066-11e4-a52e-4f735466cecf":"16b62e6c-6895-47d4-a880-1dc1aa716432"},{"element-6066-11e4-a52e-4f735466cecf":"11a7cc89-0137-4670-9a91-82172c7ba48d"},{"element-6066-11e4-a52e-4f735466cecf":"1adf6e08-b10f-48b9-b98c-d8cb48cb5f3d"},{"element-6066-11e4-a52e-4f735466cecf":"7c00b5fb-8af9-4f6d-99ee-e85c5628fd01"},{"element-6066-11e4-a52e-4f735466cecf":"b7f64373-ce60-48a9-a471-0c8b5b87ec2a"},{"element-6066-11e4-a52e-4f735466cecf":"6b97442e-04a7-4c2b-8ade-6fa0a754d65c"},{"element-6066-11e4-a52e-4f735466cecf":"1ea24476-fc03-4e0c-a4be-846b7a79265f"},{"element-6066-11e4-a52e-4f735466cecf":"15005ffc-3e25-4415-82e0-72e6729644c1"},{"element-6066-11e4-a52e-4f735466cecf":"70412a59-8948-44ed-a44c-9ba8c97a401c"},{"element-6066-11e4-a52e-4f735466cecf":"01e81bbe-18c0-4266-9d98-5581240aeb92"},{"element-6066-11e4-a52e-4f735466cecf":"ea3685ab-dd6c-4b25-9254-189d761abc8a"},{"element-6066-11e4-a52e-4f735466cecf":"7f5f51ec-3256-4be2-bf7b-db0064119771"},{"element-6066-11e4-a52e-4f735466cecf":"920d947c-e71d-4b79-9d0a-68d372159fc5"},{"element-6066-11e4-a52e-4f735466cecf":"482fb59c-3023-455d-8814-e884b5ef943d"},{"element-6066-11e4-a52e-4f735466cecf":"75dd0706-9f30-4e5d-b800-a90dda23bdf9"},{"element-6066-11e4-a52e-4f735466cecf":"aef0587b-22cd-4077-88df-d361953d8cd1"},{"element-6066-11e4-a52e-4f735466cecf":"be455a97-343e-4eb1-8b16-9e46e1495062"},{"element-6066-11e4-a52e-4f735466cecf":"e8c5d0ab-57ff-46a5-bcaa-a8481b1b6586"},{"element-6066-11e4-a52e-4f735466cecf":"ddc55ab4-9254-4166-8d42-393b0c0fddef"},{"element-6066-11e4-a52e-4f735466cecf":"c2f04eae-7ab4-4210-94fe-4f6668cac151"},{"element-6066-11e4-a52e-4f735466cecf":"90d5f6cd-24a3-43a0-8c9c-aa7a472c9100"},{"element-6066-11e4-a52e-4f735466cecf":"46f33432-41b6-48f7-8a47-71c635c101e7"},{"element-6066-11e4-a52e-4f735466cecf":"cc033c4f-4980-4f08-9db8-a48bae309d28"},{"element-6066-11e4-a52e-4f735466cecf":"d3bee9d0-4906-4e08-b53a-9aaa50e68558"},{"element-6066-11e4-a52e-4f735466cecf":"f0ca7d81-367d-479e-aed7-e020351603bd"},{"element-6066-11e4-a52e-4f735466cecf":"25cf1e1c-3dd8-45ee-9527-b41a53fb9fcf"},{"element-6066-11e4-a52e-4f735466cecf":"c17aca9c-2993-455f-866a-45efaf5d21a1"},{"element-6066-11e4-a52e-4f735466cecf":"e018a460-272f-46f7-9e0d-e871e461b1c1"},{"element-6066-11e4-a52e-4f735466cecf":"b1d1e381-95de-4526-a8f8-3d6cd67df664"},{"element-6066-11e4-a52e-4f735466cecf":"7f589b9e-cfe9-4084-aa26-d7df0e9417da"},{"element-6066-11e4-a52e-4f735466cecf":"28d808fe-7598-49c8-ae4f-d2328a29ae68"},{"element-6066-11e4-a52e-4f735466cecf":"abda07e4-0e48-47b7-b6a0-55947ea35a12"},{"element-6066-11e4-a52e-4f735466cecf":"d2257406-ce00-42ec-be6a-ed598d372939"},{"element-6066-11e4-a52e-4f735466cecf":"b974a82d-41ac-4368-aa9d-ee60c42ab295"},{"element-6066-11e4-a52e-4f735466cecf":"9938b2ff-1f3e-4461-a756-0c2e6eca6e78"},{"element-6066-11e4-a52e-4f735466cecf":"6ebe5b43-a272-4130-9a8d-4defe6f53fa3"},{"element-6066-11e4-a52e-4f735466cecf":"e543673a-078c-498b-8ba8-1c38dc2c15ec"},{"element-6066-11e4-a52e-4f735466cecf":"9d649b6f-a596-4de9-bb53-a4c62196eb8c"},{"element-6066-11e4-a52e-4f735466cecf":"213952db-67c6-4002-9c8a-3a57a4a3cb16"},{"element-6066-11e4-a52e-4f735466cecf":"90b09264-e9ba-43e1-b1ab-ebe15dfae08d"},{"element-6066-11e4-a52e-4f735466cecf":"9e780ff1-e6f5-4124-9b6c-18523e67fb55"},{"element-6066-11e4-a52e-4f735466cecf":"51588bc7-83ad-4ffc-b21d-b2f9e5efb7cd"},{"element-6066-11e4-a52e-4f735466cecf":"09c679a5-2184-40b5-ae73-f6f525888755"},{"element-6066-11e4-a52e-4f735466cecf":"3862f095-c352-40f8-94a1-597ef3806691"},{"element-6066-11e4-a52e-4f735466cecf":"e5148d94-5b56-4d5b-89ba-d0f8fecad65c"},{"element-6066-11e4-a52e-4f735466cecf":"3535587d-29d4-4413-b21b-f98038d2ef2e"},{"element-6066-11e4-a52e-4f735466cecf":"2a791e48-2093-4771-890c-129cc736441c"},{"element-6066-11e4-a52e-4f735466cecf":"261e7390-5deb-44c1-abdd-fd70dad6bf48"},{"element-6066-11e4-a52e-4f735466cecf":"0a33873e-33cc-47b9-809e-501114184688"},{"element-6066-11e4-a52e-4f735466cecf":"f2528f0b-dcd7-4eb2-9a98-787d500ed11f"},{"element-6066-11e4-a52e-4f735466cecf":"bec791dd-7337-4bd6-bee4-c71186cfdc06"},{"element-6066-11e4-a52e-4f735466cecf":"e440cbfe-113f-48d9-a92c-6d7481b9aab8"},{"element-6066-11e4-a52e-4f735466cecf":"a81df696-b687-4902-9f21-dc777cbe150d"},{"element-6066-11e4-a52e-4f735466cecf":"35bd754f-1bd5-487e-b557-d37f781387ef"},{"element-6066-11e4-a52e-4f735466cecf":"6b7ee32e-88e3-461e-aeb6-533f499974ba"},{"element-6066-11e4-a52e-4f735466cecf":"20d17c80-e5da-4178-8518-ae7b405aa7db"},{"element-6066-11e4-a52e-4f735466cecf":"2b4183c8-3dbe-43dc-b3f0-7afd9662b4ef"},{"element-6066-11e4-a52e-4f735466cecf":"541dc1a4-8fd1-4ee1-b602-d842a02f6bc0"},{"element-6066-11e4-a52e-4f735466cecf":"79f4c448-30ae-4ba6-8f34-6e35b5474234"},{"element-6066-11e4-a52e-4f735466cecf":"c80cc9d3-f48b-4fc0-9e85-9633e9bd958f"},{"element-6066-11e4-a52e-4f735466cecf":"b02ac798-01dc-466c-9282-f3532112d4b0"},{"element-6066-11e4-a52e-4f735466cecf":"d053f3f9-a04c-4a54-9d75-0c7e3697d526"},{"element-6066-11e4-a52e-4f735466cecf":"53048c9c-60de-44cb-97ff-b6a09a7c951d"},{"element-6066-11e4-a52e-4f735466cecf":"eb87822f-9ea3-4c51-a2aa-e65f48b6fefa"},{"element-6066-11e4-a52e-4f735466cecf":"a4c7ac5f-2ca1-41bc-a379-c0a2d995403c"},{"element-6066-11e4-a52e-4f735466cecf":"64259b4a-df5a-4902-8b38-e5c4e95d220c"},{"element-6066-11e4-a52e-4f735466cecf":"8f49e829-c640-4f8e-b081-b8de7d9b4fbc"},{"element-6066-11e4-a52e-4f735466cecf":"c54a6e6f-fd73-43af-8888-d64eadff09f3"},{"element-6066-11e4-a52e-4f735466cecf":"ad5676ed-1024-41f8-88f5-33254f7843df"},{"element-6066-11e4-a52e-4f735466cecf":"1440ae26-9f5c-4d3b-9e87-520d3c4013da"},{"element-6066-11e4-a52e-4f735466cecf":"609f9eb0-2f7c-4592-b95a-07f8111e6550"},{"element-6066-11e4-a52e-4f735466cecf":"fcd4a94f-6c20-4662-91d0-62dc2fb3ed98"},{"element-6066-11e4-a52e-4f735466cecf":"c583b379-7d38-4018-a74d-92b569ff2f9c"},{"element-6066-11e4-a52e-4f735466cecf":"c6e12af4-e506-4aaa-8e5f-df23f0b1140b"},{"element-6066-11e4-a52e-4f735466cecf":"28067e76-3734-4478-9a0f-a5c73bf31c37"},{"element-6066-11e4-a52e-4f735466cecf":"01375951-351b-452a-81a0-6df2363203ae"},{"element-6066-11e4-a52e-4f735466cecf":"7a112401-e3bc-44dd-80cd-b78002f26fd7"},{"element-6066-11e4-a52e-4f735466cecf":"ae83f6eb-0b2a-4b28-9d6c-a2969396113a"},{"element-6066-11e4-a52e-4f735466cecf":"491a2df9-c1f2-4b87-9626-f54656f53c4c"},{"element-6066-11e4-a52e-4f735466cecf":"e575b714-b366-441b-8885-8a20dc791c36"},{"element-6066-11e4-a52e-4f735466cecf":"861e2db6-1e87-473d-a438-f21f83eded3a"},{"element-6066-11e4-a52e-4f735466cecf":"e58fa203-40a9-45dd-905d-0b76debf6a4c"},{"element-6066-11e4-a52e-4f735466cecf":"9dfd3e30-8957-43b0-b54f-49549f2aa814"},{"element-6066-11e4-a52e-4f735466cecf":"346a7d01-351d-4f47-9447-d69d39073b9e"},{"element-6066-11e4-a52e-4f735466cecf":"c78e7644-1392-49ae-9385-793f1ae48d8d"},{"element-6066-11e4-a52e-4f735466cecf":"a071602f-1500-4a22-987b-ebe87eee59c3"},{"element-6066-11e4-a52e-4f735466cecf":"222dcb6f-2c74-4a77-b38e-febd5737b1f6"},{"element-6066-11e4-a52e-4f735466cecf":"3bfa68c0-3337-4b50-9254-0c177e05718f"},{"element-6066-11e4-a52e-4f735466cecf":"7ed847a9-8d39-49ce-9ebe-39db2036f0e2"},{"element-6066-11e4-a52e-4f735466cecf":"1110eed8-c34c-46f9-b7a2-d65b61ba35ed"},{"element-6066-11e4-a52e-4f735466cecf":"5b0a2f39-30e7-439b-b5ca-5f7a4ab443b6"},{"element-6066-11e4-a52e-4f735466cecf":"39dbdd4d-80e4-41e9-98cb-70174c6554fe"},{"element-6066-11e4-a52e-4f735466cecf":"09860e9b-c81e-4ee0-b856-1cab76391c88"},{"element-6066-11e4-a52e-4f735466cecf":"196b9960-96db-48bc-a400-e26b2de84afa"},{"element-6066-11e4-a52e-4f735466cecf":"916d30fb-5dd4-44ff-b4ce-078ae7436fd1"},{"element-6066-11e4-a52e-4f735466cecf":"c91a9f73-d59d-4f39-9b4e-f8eb72a664aa"},{"element-6066-11e4-a52e-4f735466cecf":"56fdf68f-28a1-4451-bfd5-cc17fe570f64"},{"element-6066-11e4-a52e-4f735466cecf":"52cd24f5-204c-4b53-b078-292bf207c985"},{"element-6066-11e4-a52e-4f735466cecf":"bc4f7589-a32e-4177-9ea3-081558e6f0d1"},{"element-6066-11e4-a52e-4f735466cecf":"91322abf-609f-4d9d-a492-88fa56891782"},{"element-6066-11e4-a52e-4f735466cecf":"7c2d21eb-a394-45df-9b7e-83cdd1516e6e"},{"element-6066-11e4-a52e-4f735466cecf":"02f711f7-601a-4862-8068-c3e94ed2167c"},{"element-6066-11e4-a52e-4f735466cecf":"2fa383a7-ed57-42b8-a22f-47c50972d495"},{"element-6066-11e4-a52e-4f735466cecf":"2dd0a079-1621-40be-81c9-5e050a2c012d"},{"element-6066-11e4-a52e-4f735466cecf":"e2f14952-eb02-46b1-b313-e48bedc9aff2"},{"element-6066-11e4-a52e-4f735466cecf":"e19ebc6a-f9f0-497e-83c8-a00a198a6234"},{"element-6066-11e4-a52e-4f735466cecf":"f4aa5056-2f8b-4f6e-9091-120afafbf9e4"},{"element-6066-11e4-a52e-4f735466cecf":"c0fc4e81-49e9-46e9-9955-6079d6a6e6e3"},{"element-6066-11e4-a52e-4f735466cecf":"08ccd8f4-0b87-4277-b004-4f6497ecd8a0"},{"element-6066-11e4-a52e-4f735466cecf":"3fd8c3f3-ddaa-4eff-8946-40ef6e481fc4"},{"element-6066-11e4-a52e-4f735466cecf":"803eacbd-b643-47fb-944a-db475d88dc2e"},{"element-6066-11e4-a52e-4f735466cecf":"7eabbeea-47fc-40a9-90bb-72273f590b3e"},{"element-6066-11e4-a52e-4f735466cecf":"8eff4e65-6fe1-426b-bc69-69806ae6d12b"},{"element-6066-11e4-a52e-4f735466cecf":"67e838d3-4974-43f1-aee6-2b6cb04ef755"},{"element-6066-11e4-a52e-4f735466cecf":"6581d2ee-a724-4989-ab1b-2d8a39df9098"},{"element-6066-11e4-a52e-4f735466cecf":"eed87212-356c-4107-b174-0970ce000a2d"},{"element-6066-11e4-a52e-4f735466cecf":"98af783a-bf83-42e7-8cd2-14f2f5b2e908"},{"element-6066-11e4-a52e-4f735466cecf":"f869d435-d2da-48fe-9464-eb062b341c94"},{"element-6066-11e4-a52e-4f735466cecf":"95a1286d-30ef-4e81-a1c7-2421ffc08219"},{"element-6066-11e4-a52e-4f735466cecf":"11e1ea45-33eb-4d5a-a3d4-1760f5ea35c1"},{"element-6066-11e4-a52e-4f735466cecf":"141993a1-293b-447e-a287-ca63e04094cf"},{"element-6066-11e4-a52e-4f735466cecf":"ed8199e5-ee71-45f3-9bc5-7fe58e6a2482"},{"element-6066-11e4-a52e-4f735466cecf":"d62ee9f0-26bb-48c9-ba95-c514878c63f1"},{"element-6066-11e4-a52e-4f735466cecf":"428ef6c7-8a10-4a12-aa56-65ce4b854da3"},{"element-6066-11e4-a52e-4f735466cecf":"6fa887f1-cd68-437e-b8f8-508ebf50aa5b"},{"element-6066-11e4-a52e-4f735466cecf":"2ba6678d-e081-497e-a663-76caa84b7497"},{"element-6066-11e4-a52e-4f735466cecf":"cb2686ca-c27a-4c61-b9fd-f3fa3bf28ec5"},{"element-6066-11e4-a52e-4f735466cecf":"9c85fdad-0db8-4ffa-8f69-2743dcec20a2"},{"element-6066-11e4-a52e-4f735466cecf":"e3171e93-492b-4c8c-813e-931100944d39"},{"element-6066-11e4-a52e-4f735466cecf":"bc89960c-d016-4dcb-9edd-cfde5e8a9ff7"},{"element-6066-11e4-a52e-4f735466cecf":"c884b8f8-d2e9-45bc-b212-4e80627fc564"},{"element-6066-11e4-a52e-4f735466cecf":"85514674-0afa-4eeb-9171-8056285cfb0b"},{"element-6066-11e4-a52e-4f735466cecf":"aed8c8cd-343c-4a3e-a300-8a89fd840a05"},{"element-6066-11e4-a52e-4f735466cecf":"2a48a406-e58a-4c64-aa41-e098986b59fb"},{"element-6066-11e4-a52e-4f735466cecf":"b667798c-e653-43d0-a67b-d012172ed162"},{"element-6066-11e4-a52e-4f735466cecf":"19a72f34-1840-4973-bb37-be1c0116480e"},{"element-6066-11e4-a52e-4f735466cecf":"328252fa-b50f-462c-95b3-82c41417eb56"},{"element-6066-11e4-a52e-4f735466cecf":"e4723081-e85f-457c-be47-87c4621bf82d"},{"element-6066-11e4-a52e-4f735466cecf":"4b6d529d-44f3-41e5-a8e9-191eb051a5a0"},{"element-6066-11e4-a52e-4f735466cecf":"26c970c9-c195-48e1-b178-f8434e45c2e4"},{"element-6066-11e4-a52e-4f735466cecf":"b0611f9b-943d-4dd9-a560-8e2c19b5c45c"},{"element-6066-11e4-a52e-4f735466cecf":"fa18ea64-8a54-4183-a08a-96b5fcf8c239"},{"element-6066-11e4-a52e-4f735466cecf":"9e6155e9-df94-4736-9433-9b5b710d6078"},{"element-6066-11e4-a52e-4f735466cecf":"5b633554-8845-4094-b475-686ac2dd14a3"},{"element-6066-11e4-a52e-4f735466cecf":"da100657-81b8-4dc6-ab10-226ed523c9ff"},{"element-6066-11e4-a52e-4f735466cecf":"23debe83-f53b-48f5-9021-0ec902ca8d80"},{"element-6066-11e4-a52e-4f735466cecf":"ced840f4-ebf8-4138-8a90-e7ca1b713358"},{"element-6066-11e4-a52e-4f735466cecf":"1c907e2a-befc-47e7-b8f1-c32f2ca1e5ce"},{"element-6066-11e4-a52e-4f735466cecf":"96abdade-69a4-43bb-b195-4cb490a7f0f7"},{"element-6066-11e4-a52e-4f735466cecf":"f9c8372f-45c0-4542-925e-ad095b200737"},{"element-6066-11e4-a52e-4f735466cecf":"540206ca-bed6-49f0-b8a6-4d6219d14a06"},{"element-6066-11e4-a52e-4f735466cecf":"190e735a-c72e-48a3-ba46-9b18079f5064"},{"element-6066-11e4-a52e-4f735466cecf":"30e43f84-7f42-43d6-a297-24f96c192393"},{"element-6066-11e4-a52e-4f735466cecf":"963b44fe-57ba-4dfa-a244-fa3d6eca32dd"},{"element-6066-11e4-a52e-4f735466cecf":"1b10d0a5-b382-4be7-a7b8-797390ef5d0e"},{"element-6066-11e4-a52e-4f735466cecf":"9f18e010-3fa0-4289-aa9a-caf6686038f6"},{"element-6066-11e4-a52e-4f735466cecf":"593cb012-99c2-486e-bb8a-a3fdaf5d6629"},{"element-6066-11e4-a52e-4f735466cecf":"abd410a5-8a9a-4fa5-8a4e-3bcb63642fb7"},{"element-6066-11e4-a52e-4f735466cecf":"d6af2763-ef27-471f-9720-6db8a90b01a1"},{"element-6066-11e4-a52e-4f735466cecf":"41151b70-c138-471f-8a1b-ee7e5e28fa1a"},{"element-6066-11e4-a52e-4f735466cecf":"c5d19915-f105-4f5a-b502-411571c69457"},{"element-6066-11e4-a52e-4f735466cecf":"0240e51a-8641-4f11-882f-736ef08cc0af"},{"element-6066-11e4-a52e-4f735466cecf":"a6956202-eb8b-4d1c-9b36-33a99ef3e27a"},{"element-6066-11e4-a52e-4f735466cecf":"4f77e9ee-65cf-4ec6-a31c-a1d505e8da76"},{"element-6066-11e4-a52e-4f735466cecf":"b4686fae-f9af-475f-9bef-272812f07ecc"},{"element-6066-11e4-a52e-4f735466cecf":"23eec35f-446e-490f-b13e-dae43f3651be"},{"element-6066-11e4-a52e-4f735466cecf":"5d9832e8-0d84-4da9-ad01-c4249909ad4d"},{"element-6066-11e4-a52e-4f735466cecf":"d8296f4d-0020-4266-966b-17ac0d7197f1"},{"element-6066-11e4-a52e-4f735466cecf":"7afb807e-c89a-4a68-ac89-423278971bbc"},{"element-6066-11e4-a52e-4f735466cecf":"431e9d33-c5be-49c6-a239-78a87ce5bad1"},{"element-6066-11e4-a52e-4f735466cecf":"c6bc2844-9ada-4967-83bc-53f5b6edcb08"},{"element-6066-11e4-a52e-4f735466cecf":"123679b6-ed66-4f35-b2ee-e511dc57f07a"},{"element-6066-11e4-a52e-4f735466cecf":"9bfd9b78-4b2e-41fd-9ea5-18ff7301e65a"},{"element-6066-11e4-a52e-4f735466cecf":"b5e31715-89af-4116-8a24-98056dbacec1"},{"element-6066-11e4-a52e-4f735466cecf":"df41fed4-7bce-48d2-a402-58ecf471fc8b"},{"element-6066-11e4-a52e-4f735466cecf":"aa7f24e8-e888-4e88-a56b-03867899de2c"},{"element-6066-11e4-a52e-4f735466cecf":"7578cbf9-9e3a-4ac9-829d-7f94a38c5dd3"},{"element-6066-11e4-a52e-4f735466cecf":"2b1c80c2-4c7d-4936-886b-c7a04feae40d"},{"element-6066-11e4-a52e-4f735466cecf":"7e9baf99-350b-4d8d-9df9-ce3af186daa3"},{"element-6066-11e4-a52e-4f735466cecf":"ce0a5953-ae5f-4273-be51-b194a0346e22"},{"element-6066-11e4-a52e-4f735466cecf":"e75f0ad2-aeca-4cd9-be03-78f2a03564f3"},{"element-6066-11e4-a52e-4f735466cecf":"4d97be60-6ae0-4047-8922-04bff4b22b83"},{"element-6066-11e4-a52e-4f735466cecf":"97b98930-c357-4e28-9aae-02148f30b07f"},{"element-6066-11e4-a52e-4f735466cecf":"495d606a-2e25-4d05-9bb4-4f0200af3d56"},{"element-6066-11e4-a52e-4f735466cecf":"c99e7b1f-73a9-452f-8a83-0aabdafa113e"},{"element-6066-11e4-a52e-4f735466cecf":"42a3bfa4-9f36-469f-acdb-a0d1d72e036e"},{"element-6066-11e4-a52e-4f735466cecf":"1ada80e5-387f-43b3-ba23-ce02b1082b48"},{"element-6066-11e4-a52e-4f735466cecf":"8edc5b4c-de2d-47d4-b264-89fd3e4a3d74"},{"element-6066-11e4-a52e-4f735466cecf":"6520cd80-d47a-4432-bc26-60cd2feef23c"},{"element-6066-11e4-a52e-4f735466cecf":"41a0e225-1fff-4fe3-9db2-5587352151c4"},{"element-6066-11e4-a52e-4f735466cecf":"35138150-5297-4479-826e-95874438ba5c"},{"element-6066-11e4-a52e-4f735466cecf":"c9d0ea92-48d7-45f4-bed6-21b93bcbb270"},{"element-6066-11e4-a52e-4f735466cecf":"63924ba2-f769-4abf-bd8f-f0eae9473685"},{"element-6066-11e4-a52e-4f735466cecf":"8cf3feb8-8d3a-4e12-b7df-aad0df2fa62a"},{"element-6066-11e4-a52e-4f735466cecf":"7862d6a6-f363-423d-ac43-9938d94c176e"},{"element-6066-11e4-a52e-4f735466cecf":"4692c093-0175-434f-8b28-dde7ee437c14"},{"element-6066-11e4-a52e-4f735466cecf":"49d25744-3daa-45c5-8bd3-b9aee8ea7046"},{"element-6066-11e4-a52e-4f735466cecf":"ce52b8e7-e114-49be-bae2-b8f74bb5a8fd"},{"element-6066-11e4-a52e-4f735466cecf":"09667bc9-7388-4435-b2d2-d136814d7610"},{"element-6066-11e4-a52e-4f735466cecf":"2c571cde-3137-4f62-adae-8a5263678575"},{"element-6066-11e4-a52e-4f735466cecf":"e6fbbc9e-9392-40b8-8702-16eced8881ab"},{"element-6066-11e4-a52e-4f735466cecf":"194d4282-1a69-451d-bd04-697e231206da"},{"element-6066-11e4-a52e-4f735466cecf":"130da794-9472-4719-b262-f030ed8a5900"},{"element-6066-11e4-a52e-4f735466cecf":"5365b882-bd32-4a8f-9954-9b20f553365b"},{"element-6066-11e4-a52e-4f735466cecf":"c6b3a622-9ef1-4d2b-b713-0bf2c688bc0e"},{"element-6066-11e4-a52e-4f735466cecf":"7717e3c3-b696-4818-8ac8-742afe8514b7"},{"element-6066-11e4-a52e-4f735466cecf":"19620040-ce1d-4084-a7f6-961192d96764"},{"element-6066-11e4-a52e-4f735466cecf":"016b111f-a938-4499-93a8-c8c5f4f09a7b"},{"element-6066-11e4-a52e-4f735466cecf":"20bef6d6-9d30-446d-86dd-e3d372a94a06"},{"element-6066-11e4-a52e-4f735466cecf":"0672de71-751e-40fd-916b-20ac7179447a"},{"element-6066-11e4-a52e-4f735466cecf":"ea02ad85-829f-45e5-bb2a-0aa31e1a8598"},{"element-6066-11e4-a52e-4f735466cecf":"7ed15a97-f0c1-4e47-b857-6360daeddb28"},{"element-6066-11e4-a52e-4f735466cecf":"2e1bc061-5d50-47b7-844f-e49a3d9f291d"},{"element-6066-11e4-a52e-4f735466cecf":"08d9da00-a378-4c29-93a3-aa89b6bafea5"},{"element-6066-11e4-a52e-4f735466cecf":"22250061-9dd7-429a-be3e-f3ee24eedd86"},{"element-6066-11e4-a52e-4f735466cecf":"f5742ee9-5fed-4ecf-a5bb-3a03cc199132"},{"element-6066-11e4-a52e-4f735466cecf":"998e9b2e-b15e-41e9-9c59-e70f544c1e32"},{"element-6066-11e4-a52e-4f735466cecf":"c6468eb7-2b26-4907-9bbd-3e5ef5a6dd3d"},{"element-6066-11e4-a52e-4f735466cecf":"2ade0656-88f4-4e49-acd3-69e818a1236b"},{"element-6066-11e4-a52e-4f735466cecf":"3645bb05-67db-4a6f-9d2c-21b892507078"},{"element-6066-11e4-a52e-4f735466cecf":"a0d0cd53-14b2-4404-964e-f2918f757400"},{"element-6066-11e4-a52e-4f735466cecf":"330d6cc5-e6e8-432b-90cb-de2fd67cdc0c"},{"element-6066-11e4-a52e-4f735466cecf":"6fe0c372-9d19-45ec-b24e-334d0f65ff1e"},{"element-6066-11e4-a52e-4f735466cecf":"87285af1-3729-4d95-8445-55b3d95f403b"},{"element-6066-11e4-a52e-4f735466cecf":"f4d78554-9bfd-4ba1-bc22-91c9740488e3"},{"element-6066-11e4-a52e-4f735466cecf":"34a4ba01-e9b7-4351-b73b-6da05aa4305e"},{"element-6066-11e4-a52e-4f735466cecf":"12151f1a-eaed-42e9-b561-3f3b07eedd18"},{"element-6066-11e4-a52e-4f735466cecf":"74e45377-ae73-4ab7-9875-43290b954d9d"},{"element-6066-11e4-a52e-4f735466cecf":"a7ab51d9-b261-4d40-8090-d9ecf4657bdb"},{"element-6066-11e4-a52e-4f735466cecf":"cf5109bd-82ce-4d87-8184-e678b2588f62"},{"element-6066-11e4-a52e-4f735466cecf":"b771efa7-a64d-4259-b4b3-3ac999b097be"},{"element-6066-11e4-a52e-4f735466cecf":"6b4fa445-4363-4572-af90-463bad7f5b71"},{"element-6066-11e4-a52e-4f735466cecf":"61e23732-88a3-471d-aa04-5f964beaeae8"},{"element-6066-11e4-a52e-4f735466cecf":"282b89be-bb3c-4656-9dbc-d2f88c7ff3b3"},{"element-6066-11e4-a52e-4f735466cecf":"10ce4880-e8bd-4cb8-a155-b78dedcb595f"},{"element-6066-11e4-a52e-4f735466cecf":"84ef5d96-1118-4b10-a28c-6c2bc328ad89"},{"element-6066-11e4-a52e-4f735466cecf":"93a205c0-ddfa-4e1e-8db4-157108c3d1bd"},{"element-6066-11e4-a52e-4f735466cecf":"a1f3be1b-a47a-4400-a819-9ef0fcb1025f"},{"element-6066-11e4-a52e-4f735466cecf":"5971b3e0-3850-4437-9dc7-905ce0d13e3c"},{"element-6066-11e4-a52e-4f735466cecf":"4a3f02b8-3e7e-4f65-b33d-ef26311db30c"},{"element-6066-11e4-a52e-4f735466cecf":"0620e662-55e3-43fa-998d-aed6efe00db0"},{"element-6066-11e4-a52e-4f735466cecf":"5b79db3e-a643-4853-ba28-ef9497d635cb"},{"element-6066-11e4-a52e-4f735466cecf":"9de5b3cb-3156-4643-9595-6dc6968898fc"},{"element-6066-11e4-a52e-4f735466cecf":"681ee922-7c0c-4aa4-9e9d-6f5f5c48595c"},{"element-6066-11e4-a52e-4f735466cecf":"bb48ddd7-bb6e-4fe5-9665-1b5ac4c92b52"},{"element-6066-11e4-a52e-4f735466cecf":"cb9b7ab8-23c8-4ade-8019-95fb1629075e"},{"element-6066-11e4-a52e-4f735466cecf":"05fe0d6b-273c-464a-86bf-7fc717c4d135"},{"element-6066-11e4-a52e-4f735466cecf":"c197964a-213a-4d44-9742-97fd0d2bad04"},{"element-6066-11e4-a52e-4f735466cecf":"8cbce726-cdf3-4cbb-b583-5342bc561cb7"},{"element-6066-11e4-a52e-4f735466cecf":"0e9b969c-a31d-4110-be7b-646b8680342c"},{"element-6066-11e4-a52e-4f735466cecf":"2e30bdfb-9aa0-42cd-bc31-a81e783ad478"},{"element-6066-11e4-a52e-4f735466cecf":"b8601369-e159-4389-a461-2a040a42481d"},{"element-6066-11e4-a52e-4f735466cecf":"8ec03c0b-e8f6-47fa-9052-d5c5a517e833"},{"element-6066-11e4-a52e-4f735466cecf":"921ad735-3d7b-4482-b6ac-2e74b4eba9bf"},{"element-6066-11e4-a52e-4f735466cecf":"911f4e29-0e78-4c94-81d8-90827f99e1fd"},{"element-6066-11e4-a52e-4f735466cecf":"4d538cd3-c198-4b2e-b934-b4b300a64c3a"},{"element-6066-11e4-a52e-4f735466cecf":"a2c41214-76f4-4f57-aa88-819bf15afbae"},{"element-6066-11e4-a52e-4f735466cecf":"ea7981ca-dbe2-4e8f-af16-bee9fea18029"},{"element-6066-11e4-a52e-4f735466cecf":"3e72d00b-c623-4702-9132-95d6bff3a306"},{"element-6066-11e4-a52e-4f735466cecf":"655e0dfe-6e9e-4611-bd7e-97a98a704969"},{"element-6066-11e4-a52e-4f735466cecf":"ef99f6b5-b93c-450c-8368-00de658c7f5a"},{"element-6066-11e4-a52e-4f735466cecf":"e1ec47da-d838-4a7b-a89c-545147272f2c"},{"element-6066-11e4-a52e-4f735466cecf":"8a14f0b5-0542-4dc3-82e1-9a9f8002da40"},{"element-6066-11e4-a52e-4f735466cecf":"c51242cb-16c9-4985-8c16-fac4910883ff"},{"element-6066-11e4-a52e-4f735466cecf":"3d343405-97c0-4fd8-a613-19905f40e364"},{"element-6066-11e4-a52e-4f735466cecf":"223cf874-b0a6-4a63-bd18-5cd90c2ef56a"},{"element-6066-11e4-a52e-4f735466cecf":"89fa142c-7af3-4ba5-b6f1-efb50949cc99"},{"element-6066-11e4-a52e-4f735466cecf":"545ee6fa-ce23-46b3-a176-e0b05993560c"},{"element-6066-11e4-a52e-4f735466cecf":"6562f37e-f87b-42cd-81cd-a492f897f703"},{"element-6066-11e4-a52e-4f735466cecf":"2007cc16-9db0-418d-bb81-ef2a7868f761"},{"element-6066-11e4-a52e-4f735466cecf":"392dbad9-c7a6-4fdd-b56c-9beb4a75269b"},{"element-6066-11e4-a52e-4f735466cecf":"07cb9f15-9bc1-43e6-9799-e5d99c8c77c7"},{"element-6066-11e4-a52e-4f735466cecf":"aa97b05d-8ad5-42fe-a9d2-aa1a38f7d327"},{"element-6066-11e4-a52e-4f735466cecf":"14cb1060-535e-43da-a40c-aa490131dc94"},{"element-6066-11e4-a52e-4f735466cecf":"8a434f1a-a039-402b-89e6-bf772ff7aa98"},{"element-6066-11e4-a52e-4f735466cecf":"d2119480-abae-4c1d-94eb-c31077297432"},{"element-6066-11e4-a52e-4f735466cecf":"a2782569-65d2-4164-8bdf-e9e4b00eaf2d"},{"element-6066-11e4-a52e-4f735466cecf":"ffdb255e-ca51-44af-9137-97c9a5d5201d"},{"element-6066-11e4-a52e-4f735466cecf":"9cb5217d-03ed-4039-b8da-52c426ec24bd"},{"element-6066-11e4-a52e-4f735466cecf":"6e8ec90f-6056-4d3b-8310-787a2cbdffda"},{"element-6066-11e4-a52e-4f735466cecf":"e776cc29-7a92-4e6f-bd19-423c6f04c93e"},{"element-6066-11e4-a52e-4f735466cecf":"714d52c9-2a5f-4408-ba16-5913f6f3873c"},{"element-6066-11e4-a52e-4f735466cecf":"277b0928-d9b2-47ba-b63c-518ebe6914e2"},{"element-6066-11e4-a52e-4f735466cecf":"acb01011-a9eb-4737-9b31-243f8e170e94"},{"element-6066-11e4-a52e-4f735466cecf":"8f3d1bf6-ec89-48b6-97ee-a1354cbbeb59"},{"element-6066-11e4-a52e-4f735466cecf":"ec1e6e9f-65de-47af-985e-ea82fa0a6aee"},{"element-6066-11e4-a52e-4f735466cecf":"2f4dc73e-acf7-411c-bd29-248e81f4964a"},{"element-6066-11e4-a52e-4f735466cecf":"a4499714-eacf-4cbe-98c1-a12b41062bfe"},{"element-6066-11e4-a52e-4f735466cecf":"2b9d2360-9009-41b9-b7f8-24ba4071005d"},{"element-6066-11e4-a52e-4f735466cecf":"179e20f9-3ad2-4c00-9660-7de7ff58cc28"},{"element-6066-11e4-a52e-4f735466cecf":"d4e6cec3-4d24-4cc9-a4c2-3f6398c2c749"},{"element-6066-11e4-a52e-4f735466cecf":"2b52dfed-7468-4d9c-9409-231f2d9c10ed"},{"element-6066-11e4-a52e-4f735466cecf":"2735ca30-3fb6-4b0c-b9af-44137d991db8"},{"element-6066-11e4-a52e-4f735466cecf":"ba76f17e-8e68-43ca-b305-651d66a57e89"},{"element-6066-11e4-a52e-4f735466cecf":"95464ebe-6094-4684-b312-e63be31adc25"},{"element-6066-11e4-a52e-4f735466cecf":"f9399421-f3e9-4675-a74a-4b300f8414ac"},{"element-6066-11e4-a52e-4f735466cecf":"4ad83f21-12f5-4034-b4cb-9201ca0a5589"},{"element-6066-11e4-a52e-4f735466cecf":"188c011f-10e9-444a-bfc4-0e2f2643fab1"},{"element-6066-11e4-a52e-4f735466cecf":"b785ff3a-9019-485b-a504-bd97a3e29aa0"},{"element-6066-11e4-a52e-4f735466cecf":"8d1f6f1c-0a08-4528-a4a7-86076ad9f881"},{"element-6066-11e4-a52e-4f735466cecf":"985168f4-a4fc-4547-8ab2-599ec45b32bf"},{"element-6066-11e4-a52e-4f735466cecf":"1c5e488c-0ae7-4b0e-a253-02fe41c4ce6f"},{"element-6066-11e4-a52e-4f735466cecf":"81716c23-5e58-4c6e-9dd2-eda08cad5591"},{"element-6066-11e4-a52e-4f735466cecf":"c5ebc456-7884-4c08-bf41-18ef7206c7b8"},{"element-6066-11e4-a52e-4f735466cecf":"cdee332e-c40d-4515-81f0-50c49cd8e70b"},{"element-6066-11e4-a52e-4f735466cecf":"856dcc54-fd44-434b-8163-182c6035dafa"},{"element-6066-11e4-a52e-4f735466cecf":"8dfc6c1d-3fa4-4b62-ac66-aecf5ee9c5df"},{"element-6066-11e4-a52e-4f735466cecf":"105c0286-7a0a-4f70-a11d-b115a15851cb"},{"element-6066-11e4-a52e-4f735466cecf":"c5fe6a9e-3dae-40b6-ad8f-4ac100238d01"},{"element-6066-11e4-a52e-4f735466cecf":"247cb885-d863-4537-938b-bef81381973a"},{"element-6066-11e4-a52e-4f735466cecf":"2ca90cbb-7321-458e-8113-271603cc1bcb"},{"element-6066-11e4-a52e-4f735466cecf":"0cacca9e-d9fa-4c07-bc48-91f95c4ff6ce"},{"element-6066-11e4-a52e-4f735466cecf":"deb3c38b-03e4-4fd7-90fb-77b3617d7a17"},{"element-6066-11e4-a52e-4f735466cecf":"5595c8b2-45fc-4c37-bbaf-9a1875b46120"},{"element-6066-11e4-a52e-4f735466cecf":"26541077-7a2d-4580-82d5-1f73db715f5f"},{"element-6066-11e4-a52e-4f735466cecf":"a5d5b420-eb43-4446-9240-a03b2933abdc"},{"element-6066-11e4-a52e-4f735466cecf":"38fcb100-e2e0-4525-8868-022125ebe9c4"},{"element-6066-11e4-a52e-4f735466cecf":"20ea71d6-0158-4554-8ecf-61d249599758"},{"element-6066-11e4-a52e-4f735466cecf":"68b92760-8265-46b4-bf7f-5d5004f69399"},{"element-6066-11e4-a52e-4f735466cecf":"c65e86aa-c3ff-4d23-a98d-0b7911cc0a68"},{"element-6066-11e4-a52e-4f735466cecf":"ae4dfa5c-f123-4fe1-9fdc-174064db9468"},{"element-6066-11e4-a52e-4f735466cecf":"d7215427-5003-4984-af9f-70b02f4e2b9b"},{"element-6066-11e4-a52e-4f735466cecf":"a1746bd5-4ef5-44d9-ad9c-95c754b934d5"},{"element-6066-11e4-a52e-4f735466cecf":"10f2dcd5-fda2-4a80-a8cb-3ee228e8d4ac"},{"element-6066-11e4-a52e-4f735466cecf":"f4be1d1c-d9c1-459f-a610-cb448b76af8c"},{"element-6066-11e4-a52e-4f735466cecf":"72ce8b8b-1908-4553-a1b2-6aa8c205cdb6"},{"element-6066-11e4-a52e-4f735466cecf":"4f5242d8-a100-48da-b1d7-7dc391f63127"},{"element-6066-11e4-a52e-4f735466cecf":"f6b5c0f7-f968-418f-8b81-f6ec7e76dee5"},{"element-6066-11e4-a52e-4f735466cecf":"f7c02d9b-e2cc-44ca-9cd1-99f63f5e8955"},{"element-6066-11e4-a52e-4f735466cecf":"35e7bcfb-3d0d-496f-99ed-f6478995a498"},{"element-6066-11e4-a52e-4f735466cecf":"db91c109-0d2a-4b5f-af01-b220817532b0"},{"element-6066-11e4-a52e-4f735466cecf":"b037d5a2-8699-49ed-950e-881ffd2af40d"},{"element-6066-11e4-a52e-4f735466cecf":"2565c352-bf5b-4cd9-81fe-e4f2f1a2950a"},{"element-6066-11e4-a52e-4f735466cecf":"3903274b-b9d7-4cfc-b334-f1c417e0df97"},{"element-6066-11e4-a52e-4f735466cecf":"ab495a17-71f3-47ab-9b5c-c3d43d950581"},{"element-6066-11e4-a52e-4f735466cecf":"8d90c039-3f87-4f4b-a3b2-3b5c794ccad6"},{"element-6066-11e4-a52e-4f735466cecf":"e8c9cd22-3813-4afa-b09d-e5de16f326e7"},{"element-6066-11e4-a52e-4f735466cecf":"129af8b4-667b-49b1-8db1-0b6ed6986e50"},{"element-6066-11e4-a52e-4f735466cecf":"8ce4287e-5780-4d07-b39e-817af878bdc2"},{"element-6066-11e4-a52e-4f735466cecf":"1816e138-8b24-407b-857e-3c86bf09bdab"},{"element-6066-11e4-a52e-4f735466cecf":"2ea79c48-5bdf-42e1-bdee-521c4efd7676"},{"element-6066-11e4-a52e-4f735466cecf":"2c4869da-94e0-447f-a020-70f20d4916dc"},{"element-6066-11e4-a52e-4f735466cecf":"d93cde9b-2f15-4e5c-bf2d-982f1b071826"},{"element-6066-11e4-a52e-4f735466cecf":"4b69c8e7-28d7-45e3-b8fd-2a4ad91cd572"},{"element-6066-11e4-a52e-4f735466cecf":"58f733f5-87fb-415d-b54f-45ad87f65e66"},{"element-6066-11e4-a52e-4f735466cecf":"c326cfb0-3fbd-4457-a051-00eb6820915d"},{"element-6066-11e4-a52e-4f735466cecf":"712781e8-456e-496a-a892-5d42daba9b0f"},{"element-6066-11e4-a52e-4f735466cecf":"d3585ca6-bdc8-4688-83fa-0f4dc4b3e4ba"},{"element-6066-11e4-a52e-4f735466cecf":"0d36c05d-f8c2-4e9a-82e8-4d9c953ebd4e"},{"element-6066-11e4-a52e-4f735466cecf":"9628f213-313b-4e42-9e75-1e28bb59af04"},{"element-6066-11e4-a52e-4f735466cecf":"e197b62c-aa2b-4aff-85c2-65364785f5a2"},{"element-6066-11e4-a52e-4f735466cecf":"3bfd295f-1e06-42fc-953d-74adad75690d"},{"element-6066-11e4-a52e-4f735466cecf":"71593f21-ab6a-4251-ac05-3e242b22d897"},{"element-6066-11e4-a52e-4f735466cecf":"ac05b2d4-1412-4bd0-a776-ee680b47cb72"},{"element-6066-11e4-a52e-4f735466cecf":"edc08c7d-8966-4fcf-b082-a41f6b6860b9"},{"element-6066-11e4-a52e-4f735466cecf":"4c0ccdc6-d657-4a7b-885b-770682917ef7"},{"element-6066-11e4-a52e-4f735466cecf":"de12db91-bf1b-4b76-8412-02ab411ce743"},{"element-6066-11e4-a52e-4f735466cecf":"a538a029-5228-4139-83ee-172c4063c20e"},{"element-6066-11e4-a52e-4f735466cecf":"8f6e3dca-150d-40b7-a1fe-609ef9fe836f"},{"element-6066-11e4-a52e-4f735466cecf":"55fe8212-f899-423b-8fca-f56a4e7e5095"},{"element-6066-11e4-a52e-4f735466cecf":"3d6a57e1-692d-4432-95da-737af957112e"},{"element-6066-11e4-a52e-4f735466cecf":"6cf5bf4f-642d-4cf3-a4a8-e3638de8d40c"},{"element-6066-11e4-a52e-4f735466cecf":"4e831d4d-5a06-493d-bdc8-6d9acf8b6d67"},{"element-6066-11e4-a52e-4f735466cecf":"3d2d32f5-1582-4fee-a4fc-05321ccd2597"},{"element-6066-11e4-a52e-4f735466cecf":"48b43821-16ca-4d2e-9eda-d740cb9ebb5a"},{"element-6066-11e4-a52e-4f735466cecf":"48f833e1-815d-432f-abc1-1088592af8e6"},{"element-6066-11e4-a52e-4f735466cecf":"10cb8579-aaa2-4826-8cad-086bb23ee5bf"},{"element-6066-11e4-a52e-4f735466cecf":"051b197f-e294-4760-9f21-58462c30cebc"},{"element-6066-11e4-a52e-4f735466cecf":"5cffb5f7-0bc5-4166-b440-9775c141646a"},{"element-6066-11e4-a52e-4f735466cecf":"71bedbd0-4cb8-4d2c-88c3-9255e1e92e84"},{"element-6066-11e4-a52e-4f735466cecf":"332f02bd-2e66-46ad-b666-61b564f6d9a4"},{"element-6066-11e4-a52e-4f735466cecf":"fc851b7f-3025-4752-a82b-a1b07bd3362d"},{"element-6066-11e4-a52e-4f735466cecf":"48c2d27b-a384-413e-a6e5-1b60cccf2518"},{"element-6066-11e4-a52e-4f735466cecf":"80a66f76-e6ea-4810-ae31-083d2efd5115"},{"element-6066-11e4-a52e-4f735466cecf":"c78d9862-92b6-4a9d-9f11-96df6978f97f"},{"element-6066-11e4-a52e-4f735466cecf":"322e6502-b7dc-499a-8730-9502c7fec6ad"},{"element-6066-11e4-a52e-4f735466cecf":"b2ab8442-15b9-4402-ac87-bf276ff6cb00"},{"element-6066-11e4-a52e-4f735466cecf":"c587d86b-caf5-445c-a392-3af53d90bf89"},{"element-6066-11e4-a52e-4f735466cecf":"09109ecd-3ccd-4c7d-85ff-a2874bc70383"},{"element-6066-11e4-a52e-4f735466cecf":"6d8f4173-bd85-4b12-bc3c-84fe4e98616c"},{"element-6066-11e4-a52e-4f735466cecf":"811c2eed-c8d3-46be-b66b-70f6d86ad8f2"},{"element-6066-11e4-a52e-4f735466cecf":"e1bc968e-c5c6-4efb-9c55-42ca23247868"},{"element-6066-11e4-a52e-4f735466cecf":"66e6e485-9f67-45e5-87e6-21ec43078a04"},{"element-6066-11e4-a52e-4f735466cecf":"19493335-c755-4a1d-a338-4fbccc1e3a42"},{"element-6066-11e4-a52e-4f735466cecf":"e4a551c3-31db-40a5-a060-850fb39eb8c3"},{"element-6066-11e4-a52e-4f735466cecf":"dd6df157-3e84-4513-980c-f4abb259ad0c"},{"element-6066-11e4-a52e-4f735466cecf":"1d171c44-292b-46a2-9556-a701d9e9451d"},{"element-6066-11e4-a52e-4f735466cecf":"91c87f72-1e3f-4fbd-adec-71f5b03f683e"},{"element-6066-11e4-a52e-4f735466cecf":"6e509269-ced6-4204-a16f-c418a5ef0ad2"},{"element-6066-11e4-a52e-4f735466cecf":"46ce900f-bfed-484d-b151-9aa69b2c795d"},{"element-6066-11e4-a52e-4f735466cecf":"cf7aa3a5-64d6-4510-b0d9-af7f877c288a"},{"element-6066-11e4-a52e-4f735466cecf":"b0c19c24-24ac-4d17-8450-ade98a29ef85"},{"element-6066-11e4-a52e-4f735466cecf":"45a8f416-17e3-466c-a705-ee6e68fa474f"},{"element-6066-11e4-a52e-4f735466cecf":"ab8cfdf2-4a74-4e54-b530-c8e4fabafa0c"},{"element-6066-11e4-a52e-4f735466cecf":"da1fa7f1-26fe-49ae-96c9-898631f4ea38"},{"element-6066-11e4-a52e-4f735466cecf":"b177fbe2-a76e-4745-8d48-406c05a411dd"},{"element-6066-11e4-a52e-4f735466cecf":"d8bcbcee-c58f-492c-bff2-126e155661c0"},{"element-6066-11e4-a52e-4f735466cecf":"4cd031ec-5afc-4169-8e61-f3925d8a835d"},{"element-6066-11e4-a52e-4f735466cecf":"b0e8f3a6-a9a5-4c80-8f0f-1cf4f392860e"},{"element-6066-11e4-a52e-4f735466cecf":"cacc1dd5-7853-4302-8cec-6872b90b74bb"},{"element-6066-11e4-a52e-4f735466cecf":"b1cdcaea-779b-43ab-aff5-d54ceb41a682"},{"element-6066-11e4-a52e-4f735466cecf":"fdf090d9-d2d2-4352-809e-6bd62f852fa0"},{"element-6066-11e4-a52e-4f735466cecf":"6f71e88d-152f-4957-95c5-4b56e0e48d88"},{"element-6066-11e4-a52e-4f735466cecf":"db0467a9-0c45-4b69-96c9-03494811437c"},{"element-6066-11e4-a52e-4f735466cecf":"02768136-b60d-4151-9d95-a8004b2f8153"},{"element-6066-11e4-a52e-4f735466cecf":"4a780360-42da-4906-bdca-573b3b8466b7"},{"element-6066-11e4-a52e-4f735466cecf":"6684dfd3-c3a9-441e-8493-e62267661d06"},{"element-6066-11e4-a52e-4f735466cecf":"636be729-1444-4f60-8dea-7815cf1eb21e"},{"element-6066-11e4-a52e-4f735466cecf":"f108aec5-3a7e-4b93-b929-efa879ecc3b4"},{"element-6066-11e4-a52e-4f735466cecf":"b698e2c7-017f-4968-855f-208e2e7f0398"},{"element-6066-11e4-a52e-4f735466cecf":"176a5115-e8b8-4327-9063-62310db68798"},{"element-6066-11e4-a52e-4f735466cecf":"c518ce48-f342-49f0-8828-63bb795cf6ed"},{"element-6066-11e4-a52e-4f735466cecf":"942b9de3-d2e9-47b7-8cd1-3e0e8bfc61c9"},{"element-6066-11e4-a52e-4f735466cecf":"0eb5771d-92b6-4d2a-8bdc-6ac2b044ebe6"},{"element-6066-11e4-a52e-4f735466cecf":"4465241e-cda9-4c85-bd81-2393f508c6e0"},{"element-6066-11e4-a52e-4f735466cecf":"19a9fe39-9382-471b-a771-384cc80d869b"},{"element-6066-11e4-a52e-4f735466cecf":"c5503718-06e6-4153-9f3b-13cfd37d63dd"},{"element-6066-11e4-a52e-4f735466cecf":"70201708-7862-43b0-a623-10de9a7c125a"},{"element-6066-11e4-a52e-4f735466cecf":"271d20a3-163b-4854-86c9-3124a8ea7913"},{"element-6066-11e4-a52e-4f735466cecf":"be42ab0d-22dc-4ce2-9c34-8e2bf2cddd25"},{"element-6066-11e4-a52e-4f735466cecf":"3c793c79-64d8-486a-a5a7-39ff23b81856"},{"element-6066-11e4-a52e-4f735466cecf":"98f3c281-e602-4663-b41e-1d3246a17f20"},{"element-6066-11e4-a52e-4f735466cecf":"a40562bf-ba30-40ad-b96c-6436e4ad58b5"},{"element-6066-11e4-a52e-4f735466cecf":"24c9fbc3-4aa4-493b-a698-9434cc3bc6ba"},{"element-6066-11e4-a52e-4f735466cecf":"56cbcde4-70c0-4ebb-9253-d070e91d910b"},{"element-6066-11e4-a52e-4f735466cecf":"ae46ef78-81ba-446b-9e93-8ec55fd7b5e5"},{"element-6066-11e4-a52e-4f735466cecf":"793b523f-bd55-4ddc-8ed7-a6187b2cbbc5"},{"element-6066-11e4-a52e-4f735466cecf":"6b17ba6f-c839-42a4-bd0f-d64ba36384b2"},{"element-6066-11e4-a52e-4f735466cecf":"3c6ce4d4-1e06-445e-8dde-9eec6c9b0288"},{"element-6066-11e4-a52e-4f735466cecf":"13dc65ad-6bba-4de4-9634-7197f27d168b"},{"element-6066-11e4-a52e-4f735466cecf":"80e94714-a69e-4820-9e03-d45ed03912a2"},{"element-6066-11e4-a52e-4f735466cecf":"0374b278-20e3-4240-9f57-17a579e63092"},{"element-6066-11e4-a52e-4f735466cecf":"89b49f72-e63d-4dbb-bad6-f6524e88aa74"},{"element-6066-11e4-a52e-4f735466cecf":"981cb763-7324-4149-bb1b-35ef651ebb04"},{"element-6066-11e4-a52e-4f735466cecf":"9c9a0503-6696-400a-b0b0-e47499d73d73"},{"element-6066-11e4-a52e-4f735466cecf":"946d6749-4343-4ec0-a675-5a1169c32a61"},{"element-6066-11e4-a52e-4f735466cecf":"096e3ff8-4da9-49f1-bc7f-20dd5621e367"},{"element-6066-11e4-a52e-4f735466cecf":"2ec68ccb-2815-4444-be56-809070d5b523"},{"element-6066-11e4-a52e-4f735466cecf":"959d30e7-1485-4e7e-a850-5db3f6649c9f"},{"element-6066-11e4-a52e-4f735466cecf":"942d6b1a-da5a-4481-9059-02d1720aa856"},{"element-6066-11e4-a52e-4f735466cecf":"5e515d96-5094-4dc0-bf25-4a6df548a21d"},{"element-6066-11e4-a52e-4f735466cecf":"1afdd2fa-ecdc-4904-a078-ce5f07866771"},{"element-6066-11e4-a52e-4f735466cecf":"a32fb0e4-46b1-48c1-a745-229db7871c0a"},{"element-6066-11e4-a52e-4f735466cecf":"9538b8aa-227f-4734-9f38-e509038a1ed3"},{"element-6066-11e4-a52e-4f735466cecf":"e8787ed3-191d-403d-aafd-6261be9668d0"},{"element-6066-11e4-a52e-4f735466cecf":"5b6eb347-acf6-4971-aa31-170875e17b7d"},{"element-6066-11e4-a52e-4f735466cecf":"eec28e75-9fc9-4f19-8d09-baf5618adf43"},{"element-6066-11e4-a52e-4f735466cecf":"6079dba8-72b7-43f6-baae-5a92ffc93e27"},{"element-6066-11e4-a52e-4f735466cecf":"3b40889d-2293-4ce8-8dc0-30f9867f4626"},{"element-6066-11e4-a52e-4f735466cecf":"5802325e-cd07-48e6-a1f6-68e92a30d473"},{"element-6066-11e4-a52e-4f735466cecf":"78ae0073-4315-474e-a479-fbb0439caf7f"},{"element-6066-11e4-a52e-4f735466cecf":"70ccd342-d1c5-4ee3-be7d-c4cf53a399dd"},{"element-6066-11e4-a52e-4f735466cecf":"df591cce-b969-40c5-b98e-b61e3be32276"},{"element-6066-11e4-a52e-4f735466cecf":"86372aa0-c8e4-4cb9-a454-c7464129a791"},{"element-6066-11e4-a52e-4f735466cecf":"c6871c36-7c58-42c1-885c-eb7bb7edd351"},{"element-6066-11e4-a52e-4f735466cecf":"68ba5e40-3a3b-4fe9-98f5-7819bc76924d"},{"element-6066-11e4-a52e-4f735466cecf":"af53f108-c6f6-4b97-8cd6-891c6482d380"},{"element-6066-11e4-a52e-4f735466cecf":"757b5a01-958b-45f7-b697-8453a334662e"},{"element-6066-11e4-a52e-4f735466cecf":"7868236d-2fa5-4002-bbed-6a0803e8f353"},{"element-6066-11e4-a52e-4f735466cecf":"78591151-7e9f-4775-9ea1-34a12e6e2e61"},{"element-6066-11e4-a52e-4f735466cecf":"33b55bc9-8675-4608-9a19-09a02c566798"},{"element-6066-11e4-a52e-4f735466cecf":"9f0193fd-775b-4853-9102-ecb81fe62d7f"},{"element-6066-11e4-a52e-4f735466cecf":"55322ad4-c0f3-4498-b952-40ee5eb1c30c"},{"element-6066-11e4-a52e-4f735466cecf":"92b152d4-0ea8-4702-8848-25cdc249bbe0"},{"element-6066-11e4-a52e-4f735466cecf":"04958b69-575d-4de4-9ce9-317ec0ac5abe"},{"element-6066-11e4-a52e-4f735466cecf":"9630d4ab-aa06-4419-9793-24936b77861b"},{"element-6066-11e4-a52e-4f735466cecf":"0ab21d20-4135-4df9-b4f9-f01e52917e71"},{"element-6066-11e4-a52e-4f735466cecf":"8109e8c5-49fb-4fc5-a702-e739227357d8"},{"element-6066-11e4-a52e-4f735466cecf":"5a708dde-741a-44d3-b358-fbed5980cefa"},{"element-6066-11e4-a52e-4f735466cecf":"98a77955-eca5-49e2-b46e-508f681363ff"},{"element-6066-11e4-a52e-4f735466cecf":"38645b8c-8d5f-46b2-83f1-921ad6b6b670"},{"element-6066-11e4-a52e-4f735466cecf":"10714829-fe6d-4c36-bfab-5c3966f7d39a"},{"element-6066-11e4-a52e-4f735466cecf":"a6fca605-e6a9-4e2c-ac5e-b8e7e43b0b02"},{"element-6066-11e4-a52e-4f735466cecf":"f3191d27-b8b3-4234-9e7d-6434b079696c"},{"element-6066-11e4-a52e-4f735466cecf":"eaaadb8d-d0c6-473a-acc9-abc426f96f98"},{"element-6066-11e4-a52e-4f735466cecf":"951c428c-3190-4500-8fe1-faa6a573aa0c"},{"element-6066-11e4-a52e-4f735466cecf":"a3da41f5-ab2a-4ab7-b893-16e87e1b7a31"},{"element-6066-11e4-a52e-4f735466cecf":"110e31cb-6242-4489-a404-27ee575cf956"},{"element-6066-11e4-a52e-4f735466cecf":"059cbaed-8991-4563-9623-58cfe681bbea"},{"element-6066-11e4-a52e-4f735466cecf":"8a5dc25f-68b2-4a02-91fc-2f396ba5ce5d"},{"element-6066-11e4-a52e-4f735466cecf":"1739a4b1-da63-47aa-b1f9-1774b7993e14"},{"element-6066-11e4-a52e-4f735466cecf":"2d3863be-8682-4b4c-b8ae-4e393ec66a97"},{"element-6066-11e4-a52e-4f735466cecf":"a7afaae0-9da5-4392-a4ea-c92039cdbc99"},{"element-6066-11e4-a52e-4f735466cecf":"d765214f-05f7-44d9-abcc-c54055ba66f6"},{"element-6066-11e4-a52e-4f735466cecf":"3667ff09-2102-4748-9cb0-a6051095e75d"},{"element-6066-11e4-a52e-4f735466cecf":"8052d775-9ecf-4ef7-9ed6-cadf05a81abc"},{"element-6066-11e4-a52e-4f735466cecf":"8dabf3ee-7926-47cf-9ec7-5ef5a4249a2d"},{"element-6066-11e4-a52e-4f735466cecf":"961bb498-3769-4147-ace1-30bbc58ae406"},{"element-6066-11e4-a52e-4f735466cecf":"c9ed05cd-d7d0-44c3-aa01-1528b7a7b656"},{"element-6066-11e4-a52e-4f735466cecf":"2c39f472-8f3f-4120-bf3d-74bda6ea7d14"},{"element-6066-11e4-a52e-4f735466cecf":"bcba5fdc-4d25-4d38-896b-b7e3811cf9b5"},{"element-6066-11e4-a52e-4f735466cecf":"53e07ae0-7b7a-498d-8568-ceead1d8bc7f"},{"element-6066-11e4-a52e-4f735466cecf":"93da3915-a493-4113-a1b2-ac2290cf21eb"},{"element-6066-11e4-a52e-4f735466cecf":"a04ef297-7528-4424-b34a-0a35f8f52b13"},{"element-6066-11e4-a52e-4f735466cecf":"b03896f7-136b-4660-8b8d-4bd43eb22579"},{"element-6066-11e4-a52e-4f735466cecf":"95cc3bfe-4f98-452b-ba20-a4406eb332a0"},{"element-6066-11e4-a52e-4f735466cecf":"df1df918-3d06-490e-8eb5-e42723a8635c"},{"element-6066-11e4-a52e-4f735466cecf":"b465bd13-7349-42da-a12b-0bd6359cf691"},{"element-6066-11e4-a52e-4f735466cecf":"892f472d-c0d0-4795-8976-2e482a036687"},{"element-6066-11e4-a52e-4f735466cecf":"59214726-a66f-4907-bf6f-761eed48258c"},{"element-6066-11e4-a52e-4f735466cecf":"b600b0e4-8749-4b26-b8c4-c3af9a7d05b7"},{"element-6066-11e4-a52e-4f735466cecf":"0cac67e5-c5b4-412b-97ae-6bddaf2013b8"},{"element-6066-11e4-a52e-4f735466cecf":"885d10d4-bfa1-4127-bb15-285a3aa2cce4"},{"element-6066-11e4-a52e-4f735466cecf":"91c4892b-1858-436e-9401-cf9125851867"},{"element-6066-11e4-a52e-4f735466cecf":"6733446e-4ef9-4466-9ba1-82b1fe9e0b4a"},{"element-6066-11e4-a52e-4f735466cecf":"36519025-a1e7-46f7-b9fb-bf1d0ea3b194"},{"element-6066-11e4-a52e-4f735466cecf":"6105cab2-63b8-4220-8937-0f6f599d45df"},{"element-6066-11e4-a52e-4f735466cecf":"50e0c47a-9d0a-419d-9077-915450972cb8"},{"element-6066-11e4-a52e-4f735466cecf":"1c475265-dda0-45fb-964d-797dc5793032"},{"element-6066-11e4-a52e-4f735466cecf":"4c0aa967-08ca-4481-a2ca-b59474d7edfc"},{"element-6066-11e4-a52e-4f735466cecf":"2fadc323-e9e3-4511-b8cf-fd508603c98d"},{"element-6066-11e4-a52e-4f735466cecf":"922d2617-f35c-4706-970c-8d676cbe4a76"},{"element-6066-11e4-a52e-4f735466cecf":"2325a091-a84e-49d6-90c4-724421df8dfa"},{"element-6066-11e4-a52e-4f735466cecf":"1880d055-540f-4f93-a10b-8abcf9b2c07b"},{"element-6066-11e4-a52e-4f735466cecf":"f0013512-5390-429c-b937-276f5de16854"},{"element-6066-11e4-a52e-4f735466cecf":"444f37aa-7061-492c-9510-bb8494d73d96"},{"element-6066-11e4-a52e-4f735466cecf":"d1502e50-3ef8-428a-968c-e1e5289d9f85"},{"element-6066-11e4-a52e-4f735466cecf":"f3c449c1-1c8c-4e0f-941e-70c201c732da"},{"element-6066-11e4-a52e-4f735466cecf":"d2c2036e-85e6-41de-9878-cd2e01fde8cc"},{"element-6066-11e4-a52e-4f735466cecf":"bc15ce58-a962-4948-9123-af7df58b8045"},{"element-6066-11e4-a52e-4f735466cecf":"925133a8-7633-4017-8389-80f88cff62ca"},{"element-6066-11e4-a52e-4f735466cecf":"1215c753-502c-483a-ac3a-0c8e84fc0d87"},{"element-6066-11e4-a52e-4f735466cecf":"0a23f894-4bbb-4468-aff2-ccbc72cf6e5d"},{"element-6066-11e4-a52e-4f735466cecf":"8487e42b-fb08-432a-9611-408a47319a87"},{"element-6066-11e4-a52e-4f735466cecf":"ed8e736b-3ffc-42fa-8b71-d001c8d44f9e"},{"element-6066-11e4-a52e-4f735466cecf":"d3a55410-8350-43d6-9b4e-c4ee10db0a66"},{"element-6066-11e4-a52e-4f735466cecf":"5752a2e0-29ce-481b-bf00-c66ade847a6b"},{"element-6066-11e4-a52e-4f735466cecf":"895af6cd-5fea-48ac-a459-7e0dc8c206e0"},{"element-6066-11e4-a52e-4f735466cecf":"a1ae4cb7-4295-402e-a30d-aa556b4f517d"},{"element-6066-11e4-a52e-4f735466cecf":"6276672a-37d0-4b56-b67f-7d5c203dc43f"},{"element-6066-11e4-a52e-4f735466cecf":"49e1bbfa-5637-4711-9260-17b73633ad31"},{"element-6066-11e4-a52e-4f735466cecf":"5cde1f9a-4766-4e47-952e-9214e2d253a1"},{"element-6066-11e4-a52e-4f735466cecf":"0bcaa7b6-38d8-481f-8abc-442fd3130f08"},{"element-6066-11e4-a52e-4f735466cecf":"aed0d880-edce-408a-9eef-348e23d2079a"},{"element-6066-11e4-a52e-4f735466cecf":"53792d7f-7a52-4795-8ed4-57d36c2f813a"},{"element-6066-11e4-a52e-4f735466cecf":"595cbf55-abf9-44f2-a19a-1bfec0469380"},{"element-6066-11e4-a52e-4f735466cecf":"5aec5fdd-a542-4e1f-9b40-269512da2640"},{"element-6066-11e4-a52e-4f735466cecf":"18899830-55cf-4806-b2ac-47baf56280bf"},{"element-6066-11e4-a52e-4f735466cecf":"b13164b1-f4e9-4c02-8e1a-12035c65a97b"},{"element-6066-11e4-a52e-4f735466cecf":"65710247-0367-40b9-83a2-2d8d3f147228"},{"element-6066-11e4-a52e-4f735466cecf":"096dfca6-8d16-4240-a495-03b3634228bb"},{"element-6066-11e4-a52e-4f735466cecf":"60914333-7d6f-4005-8717-e7a5ae217678"},{"element-6066-11e4-a52e-4f735466cecf":"567bf723-9d96-44aa-b02f-1f44a9996a32"},{"element-6066-11e4-a52e-4f735466cecf":"8ab165a7-ed01-4dca-bba4-36f4da81d919"},{"element-6066-11e4-a52e-4f735466cecf":"b756dcbf-468b-422e-85b7-0e74ff5a0b86"},{"element-6066-11e4-a52e-4f735466cecf":"08795eef-81b4-4fb1-bc0a-d397e7d3539a"},{"element-6066-11e4-a52e-4f735466cecf":"fd1d39a1-6021-41e3-a5ed-21d7b75eaf9c"},{"element-6066-11e4-a52e-4f735466cecf":"6ea22edf-75da-4588-b19d-9cdd14176ec7"},{"element-6066-11e4-a52e-4f735466cecf":"a7314680-9e73-476e-831a-35042de1b4cd"},{"element-6066-11e4-a52e-4f735466cecf":"f9cb9ed7-ceb8-4e4e-8bcf-ea1285ed3cc3"},{"element-6066-11e4-a52e-4f735466cecf":"d9b85c6a-22c4-483c-be24-bbaa21d7c727"},{"element-6066-11e4-a52e-4f735466cecf":"9a436927-069e-41be-b6e5-687499ccaa1f"},{"element-6066-11e4-a52e-4f735466cecf":"5c165172-fe22-449c-8035-3be31b63f88a"},{"element-6066-11e4-a52e-4f735466cecf":"94d85008-9056-4c1c-9b09-d84d7761abbf"},{"element-6066-11e4-a52e-4f735466cecf":"812d8b92-2f87-4cdf-b12f-16be88e79637"},{"element-6066-11e4-a52e-4f735466cecf":"3ae3365d-12de-435c-8918-61b6c2fe3dbd"},{"element-6066-11e4-a52e-4f735466cecf":"a050b802-a39c-4946-8a46-2d28b99d2782"},{"element-6066-11e4-a52e-4f735466cecf":"60935ed0-baa6-491e-9338-502e34e8ce60"},{"element-6066-11e4-a52e-4f735466cecf":"363ffefb-b7a7-425c-9766-d2eade5bc96b"},{"element-6066-11e4-a52e-4f735466cecf":"016c84e0-63d4-4284-949b-2b97abd894a3"},{"element-6066-11e4-a52e-4f735466cecf":"ff782b05-eb37-4768-9420-ee67f7fcb965"},{"element-6066-11e4-a52e-4f735466cecf":"2057a5aa-123c-4325-a929-7831c21363cf"},{"element-6066-11e4-a52e-4f735466cecf":"2a9567c3-6e05-44b0-8873-aabb2556aaca"},{"element-6066-11e4-a52e-4f735466cecf":"ee3d918c-d9e0-4db3-bf16-c167a42ac8e7"},{"element-6066-11e4-a52e-4f735466cecf":"084a71c8-40b3-4b49-9238-df398924a066"},{"element-6066-11e4-a52e-4f735466cecf":"874172ba-56cf-4ea8-a784-aa7d4f4cbcf5"},{"element-6066-11e4-a52e-4f735466cecf":"dfeac458-21b3-4767-a9de-f50f618690df"},{"element-6066-11e4-a52e-4f735466cecf":"279bc066-1178-4e62-888a-6df36256bca6"},{"element-6066-11e4-a52e-4f735466cecf":"81abf971-4503-46ec-93ec-943bb3e2a9a5"},{"element-6066-11e4-a52e-4f735466cecf":"0b91f98b-0390-4d0f-8b74-fd929ba3bc62"},{"element-6066-11e4-a52e-4f735466cecf":"b528f8c3-93bb-4b58-89bb-d3985a02e637"},{"element-6066-11e4-a52e-4f735466cecf":"d078ba08-1c7d-436f-80a5-64b26f75555a"},{"element-6066-11e4-a52e-4f735466cecf":"da4b8b89-e838-4c91-bdfa-a0c56ffa8d21"},{"element-6066-11e4-a52e-4f735466cecf":"9ac35a4d-7032-45a7-975e-9dbc57f14db1"},{"element-6066-11e4-a52e-4f735466cecf":"ffde78da-1caf-4b42-8ce2-e1bd6e4c4698"},{"element-6066-11e4-a52e-4f735466cecf":"3a6d59b8-44b8-42db-9fd7-b1ce9553eefc"},{"element-6066-11e4-a52e-4f735466cecf":"fc9050fc-7e57-4079-9af5-85fcd929c53e"},{"element-6066-11e4-a52e-4f735466cecf":"bb6277d7-d8fa-45e9-b9bd-f42f6797bba2"},{"element-6066-11e4-a52e-4f735466cecf":"043391a3-30b3-4a5e-aede-7ae4764ff84e"},{"element-6066-11e4-a52e-4f735466cecf":"779c1a49-4082-4e90-9179-2207c0a41eb4"},{"element-6066-11e4-a52e-4f735466cecf":"0769b91b-1f6b-45ce-930c-820319dfad7b"},{"element-6066-11e4-a52e-4f735466cecf":"6b041dc5-794f-4a68-8033-6fb25897dd14"},{"element-6066-11e4-a52e-4f735466cecf":"9fbbde35-3f14-482a-af62-f69d41259a91"},{"element-6066-11e4-a52e-4f735466cecf":"07f4421f-a56f-4bdb-b9d9-559185391ce1"},{"element-6066-11e4-a52e-4f735466cecf":"f1f47808-8167-42b7-b575-14c98a119127"},{"element-6066-11e4-a52e-4f735466cecf":"ea22e71b-5e3a-491f-bcda-0a9f85a35e42"},{"element-6066-11e4-a52e-4f735466cecf":"91b27009-d83e-4237-b707-781278802f1b"},{"element-6066-11e4-a52e-4f735466cecf":"5023dd16-7c25-427b-8a3e-0eb86e5b8f02"},{"element-6066-11e4-a52e-4f735466cecf":"3e20c606-8ddc-4cf5-9c49-2fd194533ef1"},{"element-6066-11e4-a52e-4f735466cecf":"9f6dd9e7-00ac-4982-b9cb-72d8fa4a2268"},{"element-6066-11e4-a52e-4f735466cecf":"4a83a8c1-62a2-4d33-801f-5aef5d738dc6"},{"element-6066-11e4-a52e-4f735466cecf":"d841a9fd-5529-4da3-8648-1b5e83968dc1"},{"element-6066-11e4-a52e-4f735466cecf":"771f6e73-56bf-48f4-91fa-b8518b224e2b"},{"element-6066-11e4-a52e-4f735466cecf":"2677edae-6824-4d5a-a89e-2de2c41eac3a"},{"element-6066-11e4-a52e-4f735466cecf":"571342f2-8719-4f00-8bcc-1a3abef947a8"},{"element-6066-11e4-a52e-4f735466cecf":"e8574803-3429-4ef2-af35-3779969def81"},{"element-6066-11e4-a52e-4f735466cecf":"e6c69dc7-0c44-49ef-a2a2-569525e3c900"},{"element-6066-11e4-a52e-4f735466cecf":"f8437c16-2524-4d54-b7c0-6aabbd8471de"},{"element-6066-11e4-a52e-4f735466cecf":"7b55e369-b74b-40a2-b2c2-7c459d33494e"},{"element-6066-11e4-a52e-4f735466cecf":"6945462a-2bd4-423c-89c5-21bad3bd0609"},{"element-6066-11e4-a52e-4f735466cecf":"1f7c5ae8-ba32-44ee-9381-678d69aec458"},{"element-6066-11e4-a52e-4f735466cecf":"f11da06a-e093-4784-8fb5-0bf39cae61f8"},{"element-6066-11e4-a52e-4f735466cecf":"23c943d4-baf0-4b4b-9d4d-324f4eb71b3d"},{"element-6066-11e4-a52e-4f735466cecf":"9dfcf026-60a4-473e-ac3d-13d9259a65e6"},{"element-6066-11e4-a52e-4f735466cecf":"7be24be4-1a69-43ad-a94e-0d23b9e9a8f0"},{"element-6066-11e4-a52e-4f735466cecf":"90e50201-aa1e-419b-bbe3-b0c483a59504"},{"element-6066-11e4-a52e-4f735466cecf":"5739dea7-708a-491b-bf61-46d7ed6e9ed7"},{"element-6066-11e4-a52e-4f735466cecf":"0606a2c3-5b5d-4463-a9a9-867301e876de"},{"element-6066-11e4-a52e-4f735466cecf":"457fcecc-fa9b-40ec-ae2e-662fbd4c02d6"},{"element-6066-11e4-a52e-4f735466cecf":"0e9c3010-fe6f-4b25-8bbe-31c961fdf96e"},{"element-6066-11e4-a52e-4f735466cecf":"701908fe-921e-4826-bd19-05e653856449"},{"element-6066-11e4-a52e-4f735466cecf":"ae9da043-db21-4e7b-91c6-4c6ff2010d93"},{"element-6066-11e4-a52e-4f735466cecf":"64530185-3af0-4ea0-b255-ef37c12d73ac"},{"element-6066-11e4-a52e-4f735466cecf":"0f26a957-6f5a-415e-9745-09c884d1026e"},{"element-6066-11e4-a52e-4f735466cecf":"b0c4aad3-ecda-4da6-a63d-9765f2f04e38"},{"element-6066-11e4-a52e-4f735466cecf":"7d20d84f-9665-42a5-8d3d-ff6dd016d9a8"},{"element-6066-11e4-a52e-4f735466cecf":"accead86-23cb-4054-8f2b-14ba782d31c6"},{"element-6066-11e4-a52e-4f735466cecf":"825228a3-80f0-4ecc-a314-2a6dbbc4b8f8"},{"element-6066-11e4-a52e-4f735466cecf":"2a2a7cbc-a613-476e-9dde-35149ed2f97d"},{"element-6066-11e4-a52e-4f735466cecf":"a34fd8d3-1f2e-406f-bded-10d336adf298"},{"element-6066-11e4-a52e-4f735466cecf":"491ba40e-fb2b-44ad-9176-9e10ba9b9a74"},{"element-6066-11e4-a52e-4f735466cecf":"64dd5b1f-c4bb-4494-9189-c8b99dab74ef"},{"element-6066-11e4-a52e-4f735466cecf":"043e70d8-e845-46a7-9733-1cb6ff0feda0"},{"element-6066-11e4-a52e-4f735466cecf":"d893efaf-7243-4f3f-ab4d-29a7263805cb"},{"element-6066-11e4-a52e-4f735466cecf":"28a105f6-75ef-4842-a577-e377550eb4e0"},{"element-6066-11e4-a52e-4f735466cecf":"2eab059b-16d8-4e0a-ac30-2d43e24e1a4a"},{"element-6066-11e4-a52e-4f735466cecf":"e4d42361-25bc-46d2-acd3-c19856981996"},{"element-6066-11e4-a52e-4f735466cecf":"50e77d95-4960-42c5-88c5-cf45439f7905"},{"element-6066-11e4-a52e-4f735466cecf":"5eaa84f6-ddf4-4896-b450-04672edf224b"},{"element-6066-11e4-a52e-4f735466cecf":"1ba75f9c-f183-4484-8b22-7b749b4acd92"},{"element-6066-11e4-a52e-4f735466cecf":"af974001-4d26-4b1b-ba1d-37a576d68302"},{"element-6066-11e4-a52e-4f735466cecf":"9fc18c89-dfa4-4c33-8cd9-520c3d2d1ef5"},{"element-6066-11e4-a52e-4f735466cecf":"ffad2f0d-b214-4eeb-a35a-2b85d3ecfc46"},{"element-6066-11e4-a52e-4f735466cecf":"465e25f5-48c7-4d69-97a1-63ff5e580e22"},{"element-6066-11e4-a52e-4f735466cecf":"1325b4bb-4824-450f-8a7e-668ce8148567"},{"element-6066-11e4-a52e-4f735466cecf":"b3f7e1a4-728a-4c5e-95cb-300717d9e831"},{"element-6066-11e4-a52e-4f735466cecf":"9c3da9b7-8028-4f5c-9a53-f95a42e41a4c"},{"element-6066-11e4-a52e-4f735466cecf":"c9065dcc-e1d5-47d8-b0a9-92696a1019c8"},{"element-6066-11e4-a52e-4f735466cecf":"ad3aa30c-0d2a-4798-9df7-211ed4f64839"},{"element-6066-11e4-a52e-4f735466cecf":"1d9ae9bf-0cdc-4548-a629-a60c6010e325"},{"element-6066-11e4-a52e-4f735466cecf":"460dc9ab-30d7-4b93-8331-4ef4bccf5657"},{"element-6066-11e4-a52e-4f735466cecf":"14c8b8a0-0c2d-4bbc-afc0-4a020d58ba6d"},{"element-6066-11e4-a52e-4f735466cecf":"5d6883c1-db69-4946-92fb-82fcfa27ada0"},{"element-6066-11e4-a52e-4f735466cecf":"bae52a85-6708-440b-b7f6-2503203fc37b"},{"element-6066-11e4-a52e-4f735466cecf":"c8a1eb6a-7695-4482-ba1f-90774b09350f"},{"element-6066-11e4-a52e-4f735466cecf":"2e719a16-167b-4468-ba81-793652cdc465"},{"element-6066-11e4-a52e-4f735466cecf":"86177ff0-5091-4179-8f87-606c22c9d815"},{"element-6066-11e4-a52e-4f735466cecf":"678c7be9-0b88-4622-907d-124ff4b6e65d"},{"element-6066-11e4-a52e-4f735466cecf":"ffbdef30-5e7e-49e5-b1ee-7b1e5c962310"},{"element-6066-11e4-a52e-4f735466cecf":"cc602382-823e-43d0-846c-7ad7798abd33"},{"element-6066-11e4-a52e-4f735466cecf":"c5b159a4-3100-42d5-ac19-85dc6f860242"},{"element-6066-11e4-a52e-4f735466cecf":"6bc49d0a-6e63-4353-a751-17c98ddf0013"},{"element-6066-11e4-a52e-4f735466cecf":"56f6003b-60d3-45c8-979a-238a417adb1c"},{"element-6066-11e4-a52e-4f735466cecf":"fa03e243-8cb9-4d60-818d-7d4ca2890101"},{"element-6066-11e4-a52e-4f735466cecf":"d799759b-b20a-423a-9ad4-61ac51c0bf4e"},{"element-6066-11e4-a52e-4f735466cecf":"389b7784-f473-4c71-8907-a56e172a6052"},{"element-6066-11e4-a52e-4f735466cecf":"d8c45b77-6e37-4a36-9857-56fbd2292911"},{"element-6066-11e4-a52e-4f735466cecf":"857c4907-db3a-479f-95a1-f471ed0dac14"},{"element-6066-11e4-a52e-4f735466cecf":"11ad1d2e-e46f-498b-b8e2-f99808229cd4"},{"element-6066-11e4-a52e-4f735466cecf":"84625994-7692-4e0e-96f0-f0436c0a009e"},{"element-6066-11e4-a52e-4f735466cecf":"e23ae09d-afd5-4b05-93ab-97d95ba7a3f3"},{"element-6066-11e4-a52e-4f735466cecf":"d789bde4-38ea-4233-b404-1ac9cf8b32d3"},{"element-6066-11e4-a52e-4f735466cecf":"563c82b3-16da-4cb4-8cf9-249df981967d"},{"element-6066-11e4-a52e-4f735466cecf":"b6adc302-a96d-4a03-a620-0bac8291a17a"},{"element-6066-11e4-a52e-4f735466cecf":"86d96033-a962-46cb-a1ca-cf5857f28441"},{"element-6066-11e4-a52e-4f735466cecf":"efe5c31a-a064-43c1-a497-b1127b650184"},{"element-6066-11e4-a52e-4f735466cecf":"a4349eb4-660e-4ae9-9027-c3b341c9cb97"},{"element-6066-11e4-a52e-4f735466cecf":"af1449ed-7dc5-4ed2-8888-1d632334f8f1"},{"element-6066-11e4-a52e-4f735466cecf":"8aa700bc-0ee7-4337-957e-6cc132c55048"},{"element-6066-11e4-a52e-4f735466cecf":"065d8d9d-6678-470b-947b-e2996cd1c58c"},{"element-6066-11e4-a52e-4f735466cecf":"2b5a7e76-bc3a-4372-8e83-e8b57c42d6a2"},{"element-6066-11e4-a52e-4f735466cecf":"5ce77fd4-bfe7-4a42-b874-1360a54bec26"},{"element-6066-11e4-a52e-4f735466cecf":"52513bb8-5276-473d-a0d4-0319acf3e137"},{"element-6066-11e4-a52e-4f735466cecf":"2e7c18ec-4127-4bb6-ac1f-cc54f2f950b0"},{"element-6066-11e4-a52e-4f735466cecf":"4631ce2e-c3bb-44c0-ba46-d6084a334218"},{"element-6066-11e4-a52e-4f735466cecf":"01c416c1-9291-4b7d-83a3-99cd29c36ced"},{"element-6066-11e4-a52e-4f735466cecf":"c525add7-e207-4560-b737-0c4ee0900eae"},{"element-6066-11e4-a52e-4f735466cecf":"a7c7019f-ed1f-483e-a85a-717254352144"},{"element-6066-11e4-a52e-4f735466cecf":"c0c29445-d96f-4f27-8817-4dad2b246740"},{"element-6066-11e4-a52e-4f735466cecf":"e93c6039-029b-42a7-b310-e8671af513b7"},{"element-6066-11e4-a52e-4f735466cecf":"265a076e-8a19-440d-908a-136c6bc51b18"},{"element-6066-11e4-a52e-4f735466cecf":"edd10a21-4a17-4e3d-8210-4694df85a0a1"},{"element-6066-11e4-a52e-4f735466cecf":"993a0bfd-3bdd-49d7-93f0-953674c5266f"},{"element-6066-11e4-a52e-4f735466cecf":"90caff67-6ede-4dcc-a0a5-4e817288b9be"},{"element-6066-11e4-a52e-4f735466cecf":"df11c158-31a8-4aa9-873a-42eeef4e8e3a"},{"element-6066-11e4-a52e-4f735466cecf":"fa6dd23b-c98a-4ba4-8807-2aa3ced3ed35"},{"element-6066-11e4-a52e-4f735466cecf":"175e3805-271e-4934-bd04-3918fb62f42c"},{"element-6066-11e4-a52e-4f735466cecf":"4363063a-ab4e-479b-996b-1ecd4faeee99"},{"element-6066-11e4-a52e-4f735466cecf":"96bd9bb8-a493-4c71-a52b-d893b85f8524"},{"element-6066-11e4-a52e-4f735466cecf":"dd311c0f-b6e7-49ae-ba7d-ede595060e9e"},{"element-6066-11e4-a52e-4f735466cecf":"0d609ce8-ea98-41bc-a33f-76d28a4dea00"},{"element-6066-11e4-a52e-4f735466cecf":"de5cbdf3-6964-4199-8284-0056dcf330c1"},{"element-6066-11e4-a52e-4f735466cecf":"1c252071-7d20-44fb-9664-20a3023be889"},{"element-6066-11e4-a52e-4f735466cecf":"8bc546c9-3495-463f-a472-d522b4aaad6b"},{"element-6066-11e4-a52e-4f735466cecf":"c1639faf-f17a-4fbd-af1c-01a59ee9f521"},{"element-6066-11e4-a52e-4f735466cecf":"6980fea8-db6a-4c79-acbf-294ee7dfd81a"},{"element-6066-11e4-a52e-4f735466cecf":"5c82c5a4-d540-4e06-8a4f-f15d3c7aea2c"},{"element-6066-11e4-a52e-4f735466cecf":"7642684c-d5f0-4769-8e87-51f3a1388ca9"},{"element-6066-11e4-a52e-4f735466cecf":"930f1688-41ba-4c25-b380-fa62021cb774"},{"element-6066-11e4-a52e-4f735466cecf":"6dd92169-d8d9-4a42-8836-a28ba83da835"},{"element-6066-11e4-a52e-4f735466cecf":"c7499ceb-b4c1-4664-8869-2441bcc8acb7"},{"element-6066-11e4-a52e-4f735466cecf":"719d4bb7-1fa3-4603-a6f8-48ad260896fe"},{"element-6066-11e4-a52e-4f735466cecf":"7e1c896c-6add-4f4b-8fc6-409b2b3b6fa7"},{"element-6066-11e4-a52e-4f735466cecf":"4b7f7e4f-0726-424a-952f-506a235a57a6"},{"element-6066-11e4-a52e-4f735466cecf":"74829921-1aa9-4db0-9f90-f1dc342f2865"},{"element-6066-11e4-a52e-4f735466cecf":"a46eb0ff-5860-42ea-bc73-bab393f73eca"},{"element-6066-11e4-a52e-4f735466cecf":"8c2717cf-169b-44e0-ae79-570d47316c35"},{"element-6066-11e4-a52e-4f735466cecf":"b7a54d25-d79b-4ea7-94f6-9230d198ce43"},{"element-6066-11e4-a52e-4f735466cecf":"4eafde59-fdbf-4100-860e-6760a7187f02"},{"element-6066-11e4-a52e-4f735466cecf":"59fd5c1f-db56-4ef8-8f6f-9502dc6e9c92"},{"element-6066-11e4-a52e-4f735466cecf":"b46e9262-0551-4a23-a31e-a8c916c98773"},{"element-6066-11e4-a52e-4f735466cecf":"ae893c39-9177-4f5f-a70d-a13822de8409"},{"element-6066-11e4-a52e-4f735466cecf":"5f8c995d-e937-49f4-9f49-18236c7736a5"},{"element-6066-11e4-a52e-4f735466cecf":"41767b91-765f-44ea-8185-e3a08515e4ef"},{"element-6066-11e4-a52e-4f735466cecf":"a4d17008-704e-4ff7-a351-f88fc94e007f"},{"element-6066-11e4-a52e-4f735466cecf":"2c0869d8-58a1-44dd-a800-957e3910b77d"},{"element-6066-11e4-a52e-4f735466cecf":"6582e8fd-463f-401e-82fc-ad5dd50572b9"},{"element-6066-11e4-a52e-4f735466cecf":"29f90a51-0ca7-4790-add8-f749fd3b9cb2"},{"element-6066-11e4-a52e-4f735466cecf":"4759e6e3-b549-4710-8189-1ea15c62a2f2"},{"element-6066-11e4-a52e-4f735466cecf":"f151fb70-2746-4deb-8c07-6527eabd2965"},{"element-6066-11e4-a52e-4f735466cecf":"d3d6a2d3-42f8-40a2-b536-b196fd081966"},{"element-6066-11e4-a52e-4f735466cecf":"bab72315-2569-4dfd-8916-beba918bc6a9"},{"element-6066-11e4-a52e-4f735466cecf":"2cd2c254-db75-4232-8b17-45571b29b65a"},{"element-6066-11e4-a52e-4f735466cecf":"ccf8e431-e0fa-4995-91c4-576dfe0f6c2a"},{"element-6066-11e4-a52e-4f735466cecf":"42d435b4-95ea-4ede-b2ac-54c771e51dd6"},{"element-6066-11e4-a52e-4f735466cecf":"0ad924da-2ca6-451a-942d-ee8d3be38e21"},{"element-6066-11e4-a52e-4f735466cecf":"74c071dc-7e7f-4465-9c69-04b5387f3cb6"},{"element-6066-11e4-a52e-4f735466cecf":"92ea8386-b3eb-4ee2-bb85-fb4223a3294a"},{"element-6066-11e4-a52e-4f735466cecf":"88c1acad-1192-4792-bc59-75eee56c0131"},{"element-6066-11e4-a52e-4f735466cecf":"a10c87dc-06a0-4710-84e7-6f8beea711aa"},{"element-6066-11e4-a52e-4f735466cecf":"e57ad184-97a7-486f-ad1e-ed3261f36121"},{"element-6066-11e4-a52e-4f735466cecf":"3f8f3b63-e64e-434f-9cbd-a0c0f06c8345"},{"element-6066-11e4-a52e-4f735466cecf":"060b4af6-c8c9-46d3-9a2f-271da01765da"},{"element-6066-11e4-a52e-4f735466cecf":"0349cb06-29a8-4e04-9a73-7e7db03f2bda"},{"element-6066-11e4-a52e-4f735466cecf":"f9c2dc2a-fe1e-40cb-a6fd-641fcd5923c1"},{"element-6066-11e4-a52e-4f735466cecf":"211743ea-ab4f-4404-852a-73acc40290c3"},{"element-6066-11e4-a52e-4f735466cecf":"b02166e8-2087-4ae8-b10a-087bf9a959b8"},{"element-6066-11e4-a52e-4f735466cecf":"370f50b9-92a3-4322-bcea-0e2ac1f64a51"},{"element-6066-11e4-a52e-4f735466cecf":"e6052fd9-868e-417e-945c-9bf4fb8a544c"},{"element-6066-11e4-a52e-4f735466cecf":"096b154e-85d2-415a-8a04-1ef2388cb96d"},{"element-6066-11e4-a52e-4f735466cecf":"872b6514-1477-4ecb-8f33-f54ee2ed464a"},{"element-6066-11e4-a52e-4f735466cecf":"7afccb2d-4834-4aba-b0e7-a47da5cefe1c"},{"element-6066-11e4-a52e-4f735466cecf":"fd28d186-a474-4c34-afce-e0160b320237"},{"element-6066-11e4-a52e-4f735466cecf":"f29be704-734a-46d7-b90f-42aac2c1325b"},{"element-6066-11e4-a52e-4f735466cecf":"171316db-1011-4166-82a9-6021f45af7a7"},{"element-6066-11e4-a52e-4f735466cecf":"372065f4-ec53-43a7-8326-79246a6d3759"},{"element-6066-11e4-a52e-4f735466cecf":"d3acce67-cac0-4fa0-8fbc-4120d6b08b0f"},{"element-6066-11e4-a52e-4f735466cecf":"45cce7c1-cbb8-4b04-9037-d04b42234970"},{"element-6066-11e4-a52e-4f735466cecf":"b570969f-a5c9-432d-ab96-d47d87a5d1e1"},{"element-6066-11e4-a52e-4f735466cecf":"3f171d2e-c85c-4113-b093-4340da5a81eb"},{"element-6066-11e4-a52e-4f735466cecf":"d25f3aba-923e-4847-830b-c58ac1c77e23"},{"element-6066-11e4-a52e-4f735466cecf":"b9557aa6-98cc-4004-a67e-cb9129b8e15d"},{"element-6066-11e4-a52e-4f735466cecf":"76d40ac0-fc29-40b1-a930-07d1f085efd5"},{"element-6066-11e4-a52e-4f735466cecf":"d43e59a9-4df8-4989-9bb3-652f1ec539f7"},{"element-6066-11e4-a52e-4f735466cecf":"a07b1d45-954e-4994-812f-2f3d4bdadbfa"},{"element-6066-11e4-a52e-4f735466cecf":"62b77b88-2e79-421c-9fdd-661375a67f9f"},{"element-6066-11e4-a52e-4f735466cecf":"58641b27-03ed-48a6-bc9c-8bcceb2a04fe"},{"element-6066-11e4-a52e-4f735466cecf":"3658858a-69df-4581-a46f-c2df8a486e16"},{"element-6066-11e4-a52e-4f735466cecf":"583713b0-2457-49f8-b4be-18593f94920d"},{"element-6066-11e4-a52e-4f735466cecf":"c2b76c93-02e3-40dc-a738-24318b358cf7"},{"element-6066-11e4-a52e-4f735466cecf":"daf76667-4c10-408f-a63c-d0d1c82a7957"},{"element-6066-11e4-a52e-4f735466cecf":"ea140646-6b8b-44b2-9b25-a792de1a719e"},{"element-6066-11e4-a52e-4f735466cecf":"6e156e83-60de-4bf0-ba5c-f2c7bd5cfedb"},{"element-6066-11e4-a52e-4f735466cecf":"bbb1eaa9-43ea-4a31-91ad-f10681d82874"},{"element-6066-11e4-a52e-4f735466cecf":"dc86af6a-a49c-44c4-8cf2-f10f57a6d928"},{"element-6066-11e4-a52e-4f735466cecf":"9bfedc16-a634-48b9-a210-769076824972"},{"element-6066-11e4-a52e-4f735466cecf":"5d08ead9-8a0a-4e09-99b8-864f0a5b9bbf"},{"element-6066-11e4-a52e-4f735466cecf":"fe6c21d6-238e-4083-89d0-daa3ea26ab54"},{"element-6066-11e4-a52e-4f735466cecf":"1563b85b-8845-427c-adff-138d985ca9bb"},{"element-6066-11e4-a52e-4f735466cecf":"0e634534-6213-4884-b4ce-685a54a88976"},{"element-6066-11e4-a52e-4f735466cecf":"6a5c80b0-271e-42da-93f8-d2d38cfdb2d7"},{"element-6066-11e4-a52e-4f735466cecf":"c27baeb8-6c96-4e40-a5c8-bc13a5c7e7d9"},{"element-6066-11e4-a52e-4f735466cecf":"b3ba3cef-6642-428a-ae41-63f2aa072b80"},{"element-6066-11e4-a52e-4f735466cecf":"5f9ee91c-b198-4b90-a706-de9bfd37f9e0"},{"element-6066-11e4-a52e-4f735466cecf":"cb2fbced-b7a6-4ea1-9816-6d7674280e48"},{"element-6066-11e4-a52e-4f735466cecf":"e1fa5d2c-735e-4396-a5e4-4f01787d778b"},{"element-6066-11e4-a52e-4f735466cecf":"3c3376df-4b26-492b-ad59-0dd88c5bc0d1"},{"element-6066-11e4-a52e-4f735466cecf":"c43e17e0-207d-4dd9-a4ce-d4a20c79fc73"},{"element-6066-11e4-a52e-4f735466cecf":"527fedc2-5d4c-42b3-be3a-8afe4922af84"},{"element-6066-11e4-a52e-4f735466cecf":"a5429fb1-a2b2-4c93-b8b5-283018356c77"},{"element-6066-11e4-a52e-4f735466cecf":"37f33541-5c20-42ac-89da-08fd1a52bbca"},{"element-6066-11e4-a52e-4f735466cecf":"d27758c2-0b4a-4d32-b1f0-b0b6734ef79d"},{"element-6066-11e4-a52e-4f735466cecf":"2e68b32a-fb6c-41aa-8704-15a067812012"},{"element-6066-11e4-a52e-4f735466cecf":"68f62d68-d237-4521-92ae-7b2100433816"},{"element-6066-11e4-a52e-4f735466cecf":"9c01f6be-848c-46cd-a494-20a76146eb57"},{"element-6066-11e4-a52e-4f735466cecf":"9daf8150-3195-420d-a4fd-2b72047b1d7f"},{"element-6066-11e4-a52e-4f735466cecf":"91f4c749-4af2-4041-a7e5-68f58d62423c"},{"element-6066-11e4-a52e-4f735466cecf":"e99e2401-1551-4244-a94a-1d2dc01965a0"},{"element-6066-11e4-a52e-4f735466cecf":"7bd6b1ec-5e30-44e5-aa4a-3d6b9b4bb327"},{"element-6066-11e4-a52e-4f735466cecf":"eda7da26-e0c8-4ce7-94b7-03fbf0cc7309"},{"element-6066-11e4-a52e-4f735466cecf":"8e51100d-ebb0-4930-a4b3-b7ddca559d26"},{"element-6066-11e4-a52e-4f735466cecf":"4e024458-8d60-40f6-be7a-cfd128ea0d3e"},{"element-6066-11e4-a52e-4f735466cecf":"0cd930f9-c988-4d2e-a86d-09e7b7ede8a7"},{"element-6066-11e4-a52e-4f735466cecf":"be61ecf0-7b66-478e-97fe-32edd1965b97"},{"element-6066-11e4-a52e-4f735466cecf":"699748bd-ff31-4e21-bf77-8c6ed2a7393f"},{"element-6066-11e4-a52e-4f735466cecf":"a7c8d533-0708-436f-b0e9-53add43ec1b0"},{"element-6066-11e4-a52e-4f735466cecf":"986f5702-6acd-4d68-ac0b-4b1087863d00"},{"element-6066-11e4-a52e-4f735466cecf":"ff52a057-2c96-400b-b525-15ead2226cb8"},{"element-6066-11e4-a52e-4f735466cecf":"b5a176d6-66f9-437f-b8b8-0bfb8c111da5"},{"element-6066-11e4-a52e-4f735466cecf":"ea48c4f8-4b65-46c9-a2b4-1f717990ec62"},{"element-6066-11e4-a52e-4f735466cecf":"995e1d34-e50b-4dd1-93bc-b09eba98173c"},{"element-6066-11e4-a52e-4f735466cecf":"698a1ed1-eee6-475e-a814-141cfc7ed5ae"},{"element-6066-11e4-a52e-4f735466cecf":"d190e2e0-152c-4791-a5e4-89c30c53f184"},{"element-6066-11e4-a52e-4f735466cecf":"1092cc8b-509c-415f-af1d-1a1dd1673c64"},{"element-6066-11e4-a52e-4f735466cecf":"acd39182-99e3-4629-8975-c51d07279fce"},{"element-6066-11e4-a52e-4f735466cecf":"9faadd38-dc4b-4a56-8ca2-e48f5b846836"},{"element-6066-11e4-a52e-4f735466cecf":"ced18571-384b-4ca8-bb46-31235825383f"},{"element-6066-11e4-a52e-4f735466cecf":"d7106bc8-45a5-486b-bf46-1bf7aca64ecb"},{"element-6066-11e4-a52e-4f735466cecf":"468b2af3-e6b2-4a68-ae65-451c9cbce3b3"},{"element-6066-11e4-a52e-4f735466cecf":"dbb8ef84-ebe8-498f-aa0a-a99d37b2d838"},{"element-6066-11e4-a52e-4f735466cecf":"7f2ad5c1-9986-439e-8751-c7534cb8a785"},{"element-6066-11e4-a52e-4f735466cecf":"b583d1df-8c3d-4d53-865c-94a874803d5f"},{"element-6066-11e4-a52e-4f735466cecf":"31ecf251-e563-4e0d-aecf-0cc5820c9dd3"},{"element-6066-11e4-a52e-4f735466cecf":"255ea7d2-5cca-4d40-a2e5-bc9d8115679a"},{"element-6066-11e4-a52e-4f735466cecf":"a07711ac-b4cf-412e-8039-daf2038a4f49"},{"element-6066-11e4-a52e-4f735466cecf":"34c9a0b9-c275-4760-b3a1-8e592cc0d178"},{"element-6066-11e4-a52e-4f735466cecf":"4807a086-057c-458c-9626-7755bf2365b9"},{"element-6066-11e4-a52e-4f735466cecf":"8bcae913-e7ca-4bea-a34e-92e32a70f525"},{"element-6066-11e4-a52e-4f735466cecf":"a8becd63-fbf6-485b-8c73-0759d88d4b94"},{"element-6066-11e4-a52e-4f735466cecf":"176340f3-d7a4-4d98-9fa4-81bf8a939483"},{"element-6066-11e4-a52e-4f735466cecf":"91f37e60-de38-4ac1-897e-543c1e4b70a3"},{"element-6066-11e4-a52e-4f735466cecf":"29e727ed-5085-4bfe-ba87-2bb98b12a936"},{"element-6066-11e4-a52e-4f735466cecf":"92f88bc2-bfd5-4a10-b65f-cc318e4d9f1d"},{"element-6066-11e4-a52e-4f735466cecf":"ae7f6de8-e955-4ba1-b7ed-1b742ad0c15a"},{"element-6066-11e4-a52e-4f735466cecf":"a921b106-345e-46f5-be74-c587e96f23dd"},{"element-6066-11e4-a52e-4f735466cecf":"29b02f4d-8158-495e-8721-8f98ba4b11c1"},{"element-6066-11e4-a52e-4f735466cecf":"8d89042b-6bef-45b6-816a-772feb9e500a"},{"element-6066-11e4-a52e-4f735466cecf":"f936a1b1-c8bf-4304-bac9-950159dc18a0"},{"element-6066-11e4-a52e-4f735466cecf":"e6b9e428-91b1-4359-b6cc-6d73d99e6bb8"},{"element-6066-11e4-a52e-4f735466cecf":"a6185992-0e32-4302-a7b1-6fcdbc360a45"},{"element-6066-11e4-a52e-4f735466cecf":"af36aa28-79c5-4c9a-8760-94e88d3358a2"},{"element-6066-11e4-a52e-4f735466cecf":"e31a190a-dfe3-4836-a158-b35051ccb4df"},{"element-6066-11e4-a52e-4f735466cecf":"5ff04deb-6363-4f5f-b8d8-574a11409d1c"},{"element-6066-11e4-a52e-4f735466cecf":"f0f6edb1-9211-4fd7-aa0d-71bd0db6477f"},{"element-6066-11e4-a52e-4f735466cecf":"2cf2d5bf-ae0b-4868-b6a3-71c059482420"},{"element-6066-11e4-a52e-4f735466cecf":"c4a947c6-8ef5-46b6-9b94-ec20c8986fb0"},{"element-6066-11e4-a52e-4f735466cecf":"e2e35732-4627-4e51-ab60-867b2d5b919b"},{"element-6066-11e4-a52e-4f735466cecf":"ea212597-4b6c-481d-b751-0527e7231394"},{"element-6066-11e4-a52e-4f735466cecf":"45ab75c2-0bf3-48aa-a04b-078d3db8306e"},{"element-6066-11e4-a52e-4f735466cecf":"a1dc090e-8fce-4009-9500-5494bacdaa3e"},{"element-6066-11e4-a52e-4f735466cecf":"162b4636-cfdb-43ed-adf0-c141c5004c77"},{"element-6066-11e4-a52e-4f735466cecf":"6cd8c149-ebe7-4ded-bc3b-2be7700d3408"},{"element-6066-11e4-a52e-4f735466cecf":"d5e97928-d8ad-454b-b9ff-1698490b152a"},{"element-6066-11e4-a52e-4f735466cecf":"766b6f39-f576-4389-96e0-d9568806a2a2"},{"element-6066-11e4-a52e-4f735466cecf":"a15b6787-04cf-4dfa-b7b6-fbd1f37aec5c"},{"element-6066-11e4-a52e-4f735466cecf":"3ff75d17-f44e-48b4-a4fa-8b7a4487a037"},{"element-6066-11e4-a52e-4f735466cecf":"de960802-97af-40a3-8b62-97d41db8edc4"},{"element-6066-11e4-a52e-4f735466cecf":"8d0e2b64-c26d-46da-be98-398ae7620c62"},{"element-6066-11e4-a52e-4f735466cecf":"ca0da80b-c205-49e7-a85b-1da69210fd80"},{"element-6066-11e4-a52e-4f735466cecf":"05ac4341-5fce-466e-8881-efb37efb3a22"},{"element-6066-11e4-a52e-4f735466cecf":"56d26eb7-86b1-4750-b13b-2289b30fcf03"},{"element-6066-11e4-a52e-4f735466cecf":"75c5d102-7600-45ad-8581-bf4cacb1dfcd"},{"element-6066-11e4-a52e-4f735466cecf":"d6c3904b-9189-4584-8e37-01bb0097bf33"},{"element-6066-11e4-a52e-4f735466cecf":"d719c9ba-4c11-48fb-8821-5b641312813f"},{"element-6066-11e4-a52e-4f735466cecf":"535d7927-6579-4d4d-a7f4-0243c94b3f1b"},{"element-6066-11e4-a52e-4f735466cecf":"53ccbd8c-bb13-4425-900c-967679d862fc"},{"element-6066-11e4-a52e-4f735466cecf":"3f165bd6-fde3-4245-901c-5dc007aedd48"},{"element-6066-11e4-a52e-4f735466cecf":"0612432e-8960-42cc-b7c5-fc283443a971"},{"element-6066-11e4-a52e-4f735466cecf":"7280bc7e-f0eb-4f31-a989-6555f75f0562"},{"element-6066-11e4-a52e-4f735466cecf":"8e75ae88-1773-4834-89f9-ae98480d08ec"},{"element-6066-11e4-a52e-4f735466cecf":"774f3e91-2ec1-4746-9166-ca2934c58d72"},{"element-6066-11e4-a52e-4f735466cecf":"803992c6-7cd4-43c5-bd63-68b05356c1d1"},{"element-6066-11e4-a52e-4f735466cecf":"044751dc-5248-4a38-988b-a508becd5ad4"},{"element-6066-11e4-a52e-4f735466cecf":"aee180e6-40e0-4974-9a8b-0ee3623b3e3a"},{"element-6066-11e4-a52e-4f735466cecf":"3dd84757-c2c2-4c87-9cf5-3fb074eafd62"},{"element-6066-11e4-a52e-4f735466cecf":"514bd804-f319-435b-8b50-895c3ec5977f"},{"element-6066-11e4-a52e-4f735466cecf":"8e7fddc4-c440-41bc-bdb7-d63cfda48409"},{"element-6066-11e4-a52e-4f735466cecf":"19023100-996e-4b5f-8fc6-90441c726c06"},{"element-6066-11e4-a52e-4f735466cecf":"fbfc6f17-486b-4b88-893f-3bbdf10efdd6"},{"element-6066-11e4-a52e-4f735466cecf":"79385dd5-d324-4886-9f33-a293e3e9ce29"},{"element-6066-11e4-a52e-4f735466cecf":"bae0beb0-2e8d-40ec-97b1-11fd2e692002"},{"element-6066-11e4-a52e-4f735466cecf":"d349e682-2040-47ed-9f82-69ee83244cb7"},{"element-6066-11e4-a52e-4f735466cecf":"4d41308e-f115-446f-bc7d-f4649ef9fbae"},{"element-6066-11e4-a52e-4f735466cecf":"4d19aa3f-9061-4ccc-b710-852e05a2f3c9"},{"element-6066-11e4-a52e-4f735466cecf":"24c31018-b2e9-4eb4-b43e-747a4cf4295e"},{"element-6066-11e4-a52e-4f735466cecf":"33b3392a-1324-478f-88f5-4e3d2065c90a"},{"element-6066-11e4-a52e-4f735466cecf":"16082d2e-8c5f-469d-9357-33ad5282c5e4"},{"element-6066-11e4-a52e-4f735466cecf":"eb1a4f2f-674d-4012-85d2-265b241c7211"},{"element-6066-11e4-a52e-4f735466cecf":"cc387f9a-7b5a-4d3e-835f-bdd4987654ee"},{"element-6066-11e4-a52e-4f735466cecf":"93dc5a56-f885-49d8-bd0c-5d7d71cf6208"},{"element-6066-11e4-a52e-4f735466cecf":"8966eacd-c785-4aa6-88bc-d9a352c7472f"},{"element-6066-11e4-a52e-4f735466cecf":"4ad859a4-8223-4638-94b6-16ddfe0a37eb"},{"element-6066-11e4-a52e-4f735466cecf":"3222958d-38f2-4301-9106-e4a3800e724f"},{"element-6066-11e4-a52e-4f735466cecf":"398080f3-1581-4eb5-ab0c-acbb2f851dd1"},{"element-6066-11e4-a52e-4f735466cecf":"95e1e54f-27aa-4c29-bc47-97c75e947f1a"},{"element-6066-11e4-a52e-4f735466cecf":"156f83d6-13dc-49d1-b099-80a578d62681"},{"element-6066-11e4-a52e-4f735466cecf":"2775e006-0055-42f2-9f0f-2cd852d2cae7"},{"element-6066-11e4-a52e-4f735466cecf":"6e8b06d0-8a3f-40a3-96fd-0e3c188b14e5"},{"element-6066-11e4-a52e-4f735466cecf":"090d1923-7f89-4d8f-aa4e-7a5fc6ed91a2"},{"element-6066-11e4-a52e-4f735466cecf":"bbd8b449-f76b-4693-b5d3-84683d1c38ff"},{"element-6066-11e4-a52e-4f735466cecf":"b158263a-9739-4bc6-82c7-473d47ecfe20"},{"element-6066-11e4-a52e-4f735466cecf":"2fac6d8c-b49f-43db-a1ab-681a3c077582"},{"element-6066-11e4-a52e-4f735466cecf":"8d86b4b7-6bbb-43af-a4cd-e8338fb62835"},{"element-6066-11e4-a52e-4f735466cecf":"3dc7c5e7-09a9-462d-837f-ba24558a3f69"}]} | headers=HTTPHeaderDict({'Content-Length': '106424', 'Content-Type': 'application/json; charset=utf-8', 'cache-control': 'no-cache'})
DEBUG    2022-05-28 23:28:14 selenium.webdriver.remote.remote_connection::remote_connection.py:_request:412: Finished Request
DEBUG    2022-05-28 23:28:14 selenium.webdriver.remote.remote_connection::remote_connection.py:_request:361: POST http://localhost:10652/session/e7ca53808d3d8719b5536c74cfb9e643/elements {"using": "xpath", "value": "//span[@class='ico-star1 ng-binding ng-hide']"}
DEBUG    2022-05-28 23:28:14 urllib3.connectionpool::connectionpool.py:_make_request:456: http://localhost:10652 "POST /session/e7ca53808d3d8719b5536c74cfb9e643/elements HTTP/1.1" 200 3250
DEBUG    2022-05-28 23:28:14 selenium.webdriver.remote.remote_connection::remote_connection.py:_request:383: Remote response: status=200 | data={"value":[{"element-6066-11e4-a52e-4f735466cecf":"02971036-f709-4862-881f-9abf971a96fc"},{"element-6066-11e4-a52e-4f735466cecf":"c49e9ae1-6bc3-488a-badc-fedc84aee518"},{"element-6066-11e4-a52e-4f735466cecf":"c814a79f-4dc7-4f9a-bad7-92083ec276c0"},{"element-6066-11e4-a52e-4f735466cecf":"a3d68810-49b3-4d04-bdce-d1578652405e"},{"element-6066-11e4-a52e-4f735466cecf":"6514c269-694e-4f21-ab25-a7153b5ac3ca"},{"element-6066-11e4-a52e-4f735466cecf":"709629f5-9aa2-4fce-bd37-aed833963ca1"},{"element-6066-11e4-a52e-4f735466cecf":"28994c41-fc8a-4d5f-98ad-50831c887329"},{"element-6066-11e4-a52e-4f735466cecf":"4bd8f0a1-4f9b-48bb-9876-9b72f904c2df"},{"element-6066-11e4-a52e-4f735466cecf":"857738bf-a737-404c-8dbd-5c84a35f5984"},{"element-6066-11e4-a52e-4f735466cecf":"a918bebf-d692-4e2a-9bf2-7671e62d4ba0"},{"element-6066-11e4-a52e-4f735466cecf":"58213eab-aec9-4022-8305-fd7dcf0e26eb"},{"element-6066-11e4-a52e-4f735466cecf":"28666476-be62-4957-bb0e-ee76a76fd747"},{"element-6066-11e4-a52e-4f735466cecf":"3d4e8ccb-5011-472a-9f11-f115a8272382"},{"element-6066-11e4-a52e-4f735466cecf":"7ffdcc90-990b-43b4-ae21-527ab2d66811"},{"element-6066-11e4-a52e-4f735466cecf":"80fa079a-342c-46f0-87bd-211091931a44"},{"element-6066-11e4-a52e-4f735466cecf":"8402c922-2dcb-415d-a454-dfeb23e0fb0b"},{"element-6066-11e4-a52e-4f735466cecf":"058a022c-5891-41af-bfe3-d66b8a1b133b"},{"element-6066-11e4-a52e-4f735466cecf":"edf1a749-103f-4d78-be79-2eb89e334ccc"},{"element-6066-11e4-a52e-4f735466cecf":"47b324a5-f03b-4487-a94c-14516fa2938e"},{"element-6066-11e4-a52e-4f735466cecf":"0395ff21-720f-403b-8e5d-d9209bdfae5d"},{"element-6066-11e4-a52e-4f735466cecf":"98c418b8-9752-45b2-8f74-be8289605f49"},{"element-6066-11e4-a52e-4f735466cecf":"b93e487a-210f-47a4-b5f0-b4c47d1447fa"},{"element-6066-11e4-a52e-4f735466cecf":"389d4805-ae5f-4c9a-bfaf-d535ee9e3549"},{"element-6066-11e4-a52e-4f735466cecf":"cdfb8586-1305-4051-8654-1e21a1ca5da4"},{"element-6066-11e4-a52e-4f735466cecf":"08986e35-755a-4080-bdb5-1dc44953d7c4"},{"element-6066-11e4-a52e-4f735466cecf":"fefd7798-2361-4cbe-8750-0b316da5c532"},{"element-6066-11e4-a52e-4f735466cecf":"f6bdcaf8-7085-479d-b19f-b49f203f7743"},{"element-6066-11e4-a52e-4f735466cecf":"075e355a-eb4f-4313-8255-fdf659547828"},{"element-6066-11e4-a52e-4f735466cecf":"a197c086-0d1d-4922-b375-a3eeb335a34d"},{"element-6066-11e4-a52e-4f735466cecf":"55499c73-f0e7-4933-900d-157bda8a494d"},{"element-6066-11e4-a52e-4f735466cecf":"5cd91e45-aa9d-4f07-b1fd-11b9632cca09"},{"element-6066-11e4-a52e-4f735466cecf":"720649fb-c36a-435d-88ff-3d56cdc421dd"},{"element-6066-11e4-a52e-4f735466cecf":"99e1b5c5-b661-4db1-b6ee-00c6abadb55f"},{"element-6066-11e4-a52e-4f735466cecf":"1b46f995-dba9-418d-8d25-e0df3d7ed226"},{"element-6066-11e4-a52e-4f735466cecf":"f8ff3614-5c31-4a44-96e4-274c2533df71"},{"element-6066-11e4-a52e-4f735466cecf":"26536e79-d55e-4047-a247-552b3f6b3c71"},{"element-6066-11e4-a52e-4f735466cecf":"8d21d677-7b73-4388-97c7-83b4bfa6328f"},{"element-6066-11e4-a52e-4f735466cecf":"b9639c7b-65cf-4654-b680-0206cf02a317"},{"element-6066-11e4-a52e-4f735466cecf":"9a715644-72af-4262-9c14-23343ccbeb8d"},{"element-6066-11e4-a52e-4f735466cecf":"f47b055a-c849-488a-9edf-6c5c7cdf6d5d"},{"element-6066-11e4-a52e-4f735466cecf":"eadf4701-fa39-47ae-9701-917e62c7bb89"}]} | headers=HTTPHeaderDict({'Content-Length': '3250', 'Content-Type': 'application/json; charset=utf-8', 'cache-control': 'no-cache'})
DEBUG    2022-05-28 23:28:14 selenium.webdriver.remote.remote_connection::remote_connection.py:_request:412: Finished Request
DEBUG    2022-05-28 23:28:14 selenium.webdriver.remote.remote_connection::remote_connection.py:_request:361: POST http://localhost:10652/session/e7ca53808d3d8719b5536c74cfb9e643/elements {"using": "xpath", "value": "//div[@class='item clearfix']"}
DEBUG    2022-05-28 23:28:15 urllib3.connectionpool::connectionpool.py:_make_request:456: http://localhost:10652 "POST /session/e7ca53808d3d8719b5536c74cfb9e643/elements HTTP/1.1" 200 113771
DEBUG    2022-05-28 23:28:15 selenium.webdriver.remote.remote_connection::remote_connection.py:_request:383: Remote response: status=200 | data={"value":[{"element-6066-11e4-a52e-4f735466cecf":"bb145022-a8b8-41e2-ac4c-e381409a5922"},{"element-6066-11e4-a52e-4f735466cecf":"42e482d8-f7f1-475a-873f-9b936452d670"},{"element-6066-11e4-a52e-4f735466cecf":"3838ccbe-12d3-49a3-9ed9-953694d05320"},{"element-6066-11e4-a52e-4f735466cecf":"2511bb83-4c6c-4ce2-bafe-110878e436b4"},{"element-6066-11e4-a52e-4f735466cecf":"89258394-6ab2-4a7d-aad5-e8a9b94035aa"},{"element-6066-11e4-a52e-4f735466cecf":"61a75445-39b1-434b-b126-45477cdb0be9"},{"element-6066-11e4-a52e-4f735466cecf":"3fea874e-d5af-49ac-a3ce-0e1c51594399"},{"element-6066-11e4-a52e-4f735466cecf":"8e6f6614-3c1a-486e-a9ed-ed19107dad72"},{"element-6066-11e4-a52e-4f735466cecf":"2ae0195c-68d1-4cbe-9401-8ce0e3e3b02f"},{"element-6066-11e4-a52e-4f735466cecf":"30a457d6-4da4-47fe-82d0-7664cd535873"},{"element-6066-11e4-a52e-4f735466cecf":"e6bcfc12-b948-420f-965d-dae1d3b1a78b"},{"element-6066-11e4-a52e-4f735466cecf":"cc203c20-dd78-47d6-a58f-214868e9c4bc"},{"element-6066-11e4-a52e-4f735466cecf":"7017781a-7e18-4850-aa4f-1b3a161db8d7"},{"element-6066-11e4-a52e-4f735466cecf":"4313d286-5b49-43b2-ae64-1f3061756e2d"},{"element-6066-11e4-a52e-4f735466cecf":"09006abd-7a2b-49f8-bfb5-c62993273ef1"},{"element-6066-11e4-a52e-4f735466cecf":"f18a4c08-a84e-4961-950d-e92fc5fc648e"},{"element-6066-11e4-a52e-4f735466cecf":"66e1637b-b64e-47cb-91d1-c1459205c50d"},{"element-6066-11e4-a52e-4f735466cecf":"10b23a45-f2f6-4ed4-be13-d33fdb570b7b"},{"element-6066-11e4-a52e-4f735466cecf":"cebebb39-250d-43ee-b636-fc99a32a0955"},{"element-6066-11e4-a52e-4f735466cecf":"80fdd072-2546-46e4-9e60-3c9c40573949"},{"element-6066-11e4-a52e-4f735466cecf":"61112709-aed5-45f0-b02a-fd2c57a54c79"},{"element-6066-11e4-a52e-4f735466cecf":"d21d3d7c-c1ac-4b63-91f4-f0968b73c133"},{"element-6066-11e4-a52e-4f735466cecf":"2e62116a-9d2b-46e7-b793-572bdfcc1f7b"},{"element-6066-11e4-a52e-4f735466cecf":"f968b881-86c9-44b9-b8e5-a6be43f0f693"},{"element-6066-11e4-a52e-4f735466cecf":"064fac20-bb7d-4c12-9431-7d1b6a645fc1"},{"element-6066-11e4-a52e-4f735466cecf":"f08e9fad-50dc-4f22-8e38-07aacf4489fd"},{"element-6066-11e4-a52e-4f735466cecf":"b9074328-10cf-427b-9892-7611b3d00d3a"},{"element-6066-11e4-a52e-4f735466cecf":"05c67845-6f8a-4a01-9f9a-c0e01cb0a0f5"},{"element-6066-11e4-a52e-4f735466cecf":"f2f84bfd-c41f-45a8-bfb9-5a2c77fc6cd8"},{"element-6066-11e4-a52e-4f735466cecf":"ca22119c-d008-4708-905e-cca75c7a547d"},{"element-6066-11e4-a52e-4f735466cecf":"b7b76b95-67e3-4c27-a730-3b3edd9b9359"},{"element-6066-11e4-a52e-4f735466cecf":"98b095db-d179-4994-898e-f9bd7c6b85ad"},{"element-6066-11e4-a52e-4f735466cecf":"5ff6bead-a9c4-4292-8ffd-f0b7330418c2"},{"element-6066-11e4-a52e-4f735466cecf":"e501e1f5-9d04-499e-aa6d-3d0dfe4ad88a"},{"element-6066-11e4-a52e-4f735466cecf":"6e108662-49a0-4f3b-93b0-bcb135836bf0"},{"element-6066-11e4-a52e-4f735466cecf":"ccfa6862-f707-4b69-86b1-2218cd1c4b72"},{"element-6066-11e4-a52e-4f735466cecf":"37d29a3b-dad2-4458-a722-1905b887098b"},{"element-6066-11e4-a52e-4f735466cecf":"89fcc406-f219-4a6f-8f7f-4a47454ebd00"},{"element-6066-11e4-a52e-4f735466cecf":"67232ebd-3018-457e-b7ac-8c68c281adac"},{"element-6066-11e4-a52e-4f735466cecf":"20988a4b-76d1-4530-9d92-d6e1ac27bf5e"},{"element-6066-11e4-a52e-4f735466cecf":"d2de67c8-d870-41e1-8a81-34f00f12d006"},{"element-6066-11e4-a52e-4f735466cecf":"791258a3-8f7f-4cc5-b867-88155ab9957c"},{"element-6066-11e4-a52e-4f735466cecf":"8665c148-2421-401c-99c6-bb9ea6564820"},{"element-6066-11e4-a52e-4f735466cecf":"eace42b9-064b-48f6-8032-6414a2d278ed"},{"element-6066-11e4-a52e-4f735466cecf":"1e2c0ea8-d145-4bb4-9530-deafda3c00ef"},{"element-6066-11e4-a52e-4f735466cecf":"9f5a7af3-2394-482e-96b7-385602c58222"},{"element-6066-11e4-a52e-4f735466cecf":"052df76f-1772-48df-8e8b-cf589dee7c2c"},{"element-6066-11e4-a52e-4f735466cecf":"b830feb1-13a6-474a-ace9-dadf1a7394e4"},{"element-6066-11e4-a52e-4f735466cecf":"5cc17170-45ba-48b2-ad49-0afd0b6c8025"},{"element-6066-11e4-a52e-4f735466cecf":"7dff424e-198b-4cd5-91e7-6c6d50cf9acd"},{"element-6066-11e4-a52e-4f735466cecf":"99d1b681-88d5-45df-8e95-5cfbaf76ed0a"},{"element-6066-11e4-a52e-4f735466cecf":"50f3209e-97af-40d5-92f8-e944d441cb5f"},{"element-6066-11e4-a52e-4f735466cecf":"34443a61-10e5-4c6b-aa74-57c34249350e"},{"element-6066-11e4-a52e-4f735466cecf":"4097cb23-b9f8-422f-ab6f-84c3be8df2ae"},{"element-6066-11e4-a52e-4f735466cecf":"21ca1b50-dbbb-4dde-8b63-458f74c57696"},{"element-6066-11e4-a52e-4f735466cecf":"fb06f158-e970-4072-b675-a99032d2b0f0"},{"element-6066-11e4-a52e-4f735466cecf":"fd673ab2-283d-4349-954a-34404e8a5d74"},{"element-6066-11e4-a52e-4f735466cecf":"3536c1ea-5d44-43aa-94be-0ab5a9175832"},{"element-6066-11e4-a52e-4f735466cecf":"bcca0b9a-ff08-4a71-b4ac-4d98d366e4ea"},{"element-6066-11e4-a52e-4f735466cecf":"c7941e20-1a37-4cb6-8652-5f2aef9563f6"},{"element-6066-11e4-a52e-4f735466cecf":"7058c812-f635-4d58-9f9f-61bd5b9c5bc6"},{"element-6066-11e4-a52e-4f735466cecf":"c3bdc068-c5f5-495c-9366-025f91a3049d"},{"element-6066-11e4-a52e-4f735466cecf":"028aa40f-895e-41b9-aab8-f09197448de0"},{"element-6066-11e4-a52e-4f735466cecf":"b985a091-8203-4f26-839e-be50c1aedb5b"},{"element-6066-11e4-a52e-4f735466cecf":"f6e1a9a2-386b-4790-b57a-fb91c200b99c"},{"element-6066-11e4-a52e-4f735466cecf":"39b6b216-f8f5-444d-9dcb-0d4cca490e8f"},{"element-6066-11e4-a52e-4f735466cecf":"e20bb60a-a289-489b-bad8-352b828038f5"},{"element-6066-11e4-a52e-4f735466cecf":"105a4a58-4739-4228-b1f2-7952f081b9dc"},{"element-6066-11e4-a52e-4f735466cecf":"c6cca26a-f4d6-44bc-ae72-4db15f5d9dd5"},{"element-6066-11e4-a52e-4f735466cecf":"458dc5d0-0d24-48d7-9d6c-0b990b4eba3c"},{"element-6066-11e4-a52e-4f735466cecf":"fc7a7bbb-e850-4166-a60b-3bb951660d99"},{"element-6066-11e4-a52e-4f735466cecf":"34bc62ae-0900-4f3a-8392-e9d9b1b42ddf"},{"element-6066-11e4-a52e-4f735466cecf":"e5151758-3fd7-40b7-b1e5-fd89dd2b3cc7"},{"element-6066-11e4-a52e-4f735466cecf":"43cda23e-54f7-4a08-a968-3c07cd693015"},{"element-6066-11e4-a52e-4f735466cecf":"34f04828-3f76-46b5-88e1-1e22670dc8bb"},{"element-6066-11e4-a52e-4f735466cecf":"8d4df178-99d0-4200-be6b-cdea91aaf977"},{"element-6066-11e4-a52e-4f735466cecf":"ba1b3bcf-5d36-4e3d-8944-2408051df67d"},{"element-6066-11e4-a52e-4f735466cecf":"58291211-e55a-4acf-8791-71fa221f568c"},{"element-6066-11e4-a52e-4f735466cecf":"0cb7db87-2d0d-4303-814b-068f47d9bd3c"},{"element-6066-11e4-a52e-4f735466cecf":"8cb6eb99-fd7e-4823-aa75-3a5cfa6b009b"},{"element-6066-11e4-a52e-4f735466cecf":"151159fd-076d-4cb0-9339-1f4df148c523"},{"element-6066-11e4-a52e-4f735466cecf":"d1b38eda-b353-4277-886c-2ca401e88bc2"},{"element-6066-11e4-a52e-4f735466cecf":"755bd7df-62d9-438f-9598-bdcccbc6369e"},{"element-6066-11e4-a52e-4f735466cecf":"99beaaa3-284b-4370-bde8-4cee613c7537"},{"element-6066-11e4-a52e-4f735466cecf":"e81d353b-ad1e-45f2-a3f8-fc2ad82d902e"},{"element-6066-11e4-a52e-4f735466cecf":"d7792e13-17c7-4f69-a735-b6de0ad152b5"},{"element-6066-11e4-a52e-4f735466cecf":"e6ce9871-33c0-4871-8cb0-e8f53ec089b0"},{"element-6066-11e4-a52e-4f735466cecf":"98f66cb7-896a-4b82-bb2b-0223b5a6e232"},{"element-6066-11e4-a52e-4f735466cecf":"f92345e4-137e-4bc8-b664-ad9bad2a3da6"},{"element-6066-11e4-a52e-4f735466cecf":"df7f7edf-3051-457e-bcf8-e999701bfd21"},{"element-6066-11e4-a52e-4f735466cecf":"7e72b227-1485-46c9-83ba-235c6a0f9cd1"},{"element-6066-11e4-a52e-4f735466cecf":"8450f374-d08e-4ff8-ab50-088a0090cb63"},{"element-6066-11e4-a52e-4f735466cecf":"5fad4072-0f8e-4980-b54d-7a69c0c53c59"},{"element-6066-11e4-a52e-4f735466cecf":"afb39c08-e302-4a97-ac07-a5bc9736d63b"},{"element-6066-11e4-a52e-4f735466cecf":"8290ab9d-b544-4fa0-afa9-917f7a4d5b4d"},{"element-6066-11e4-a52e-4f735466cecf":"57456173-1049-481a-9471-d9548ce876d6"},{"element-6066-11e4-a52e-4f735466cecf":"6e599a52-902c-46d8-bc76-37956bfc03fa"},{"element-6066-11e4-a52e-4f735466cecf":"5c97cc86-c93c-463e-b485-f1d032a6b8a5"},{"element-6066-11e4-a52e-4f735466cecf":"206bc5ca-297f-4dde-9ace-0d0ceb72f74f"},{"element-6066-11e4-a52e-4f735466cecf":"4ff74465-7551-444b-9ee2-b074d43c2d32"},{"element-6066-11e4-a52e-4f735466cecf":"60953124-0077-4176-8789-01dfa5efc468"},{"element-6066-11e4-a52e-4f735466cecf":"fd752379-5fc8-48e5-ba45-a141c0ac4d9a"},{"element-6066-11e4-a52e-4f735466cecf":"3ec804ff-ec84-4b57-9e39-89d095441aec"},{"element-6066-11e4-a52e-4f735466cecf":"dae8cd50-04a8-47fc-a397-1f74cae557ff"},{"element-6066-11e4-a52e-4f735466cecf":"ded66619-22fd-488c-8f68-3dbe58d753ea"},{"element-6066-11e4-a52e-4f735466cecf":"df675450-e5d2-4cde-a0d0-a5bc12755b3b"},{"element-6066-11e4-a52e-4f735466cecf":"d77af083-b4ae-4dd2-a751-f4b637c65b4e"},{"element-6066-11e4-a52e-4f735466cecf":"f75efc26-d6df-4064-bcfa-e81099ba7d1a"},{"element-6066-11e4-a52e-4f735466cecf":"36284f32-a7fd-4b96-b481-7784ff1e53ea"},{"element-6066-11e4-a52e-4f735466cecf":"5cc6f827-7387-4e86-83eb-c77ac6fab777"},{"element-6066-11e4-a52e-4f735466cecf":"24f4cf11-7034-419d-82a8-357452ee0e24"},{"element-6066-11e4-a52e-4f735466cecf":"d986a834-f6e8-4d3d-a5ea-974fe0c13cb0"},{"element-6066-11e4-a52e-4f735466cecf":"9fdb97b1-41d5-41c3-ab3d-b8d72f4b72b4"},{"element-6066-11e4-a52e-4f735466cecf":"9cacde6e-da15-4f59-bd84-f11ff3496c70"},{"element-6066-11e4-a52e-4f735466cecf":"f1736127-b87b-40dd-a770-e6274389137a"},{"element-6066-11e4-a52e-4f735466cecf":"d17ddddf-df5a-47de-ad1a-3506facf1ab7"},{"element-6066-11e4-a52e-4f735466cecf":"380eca05-fc7e-4090-a523-cf7d909fc620"},{"element-6066-11e4-a52e-4f735466cecf":"2ef4c694-3ae5-4064-88bf-03471ffb5ed3"},{"element-6066-11e4-a52e-4f735466cecf":"f57777b5-b0a7-45d9-897d-e137d9711e4b"},{"element-6066-11e4-a52e-4f735466cecf":"0fc5f725-524b-4904-a0d3-f62d41bd5f21"},{"element-6066-11e4-a52e-4f735466cecf":"ef075854-6bfc-4c70-8a32-e34a22151a16"},{"element-6066-11e4-a52e-4f735466cecf":"03f6cbe0-dc29-471a-91e8-4c259276d37e"},{"element-6066-11e4-a52e-4f735466cecf":"0a8b63b8-a891-4e70-bd0a-9213395c7239"},{"element-6066-11e4-a52e-4f735466cecf":"8e317ed2-cc07-4abc-b81c-91d058673d82"},{"element-6066-11e4-a52e-4f735466cecf":"e6f43f45-052c-44b8-a344-e14d57b41a29"},{"element-6066-11e4-a52e-4f735466cecf":"bf9d3569-30dd-491d-bba4-f9bec752767c"},{"element-6066-11e4-a52e-4f735466cecf":"bd9602a2-9513-44bc-ac84-fc2f151a1c78"},{"element-6066-11e4-a52e-4f735466cecf":"942e5f95-62c1-4b0a-b5c4-ee6c83805e03"},{"element-6066-11e4-a52e-4f735466cecf":"6de4ad8a-7de6-44e4-9175-80e9ae0a13ca"},{"element-6066-11e4-a52e-4f735466cecf":"c32a3b2c-3e09-40ab-b14e-f95d9e10d45b"},{"element-6066-11e4-a52e-4f735466cecf":"286ebf8a-fb80-42b6-8f1f-af8eb7c905f1"},{"element-6066-11e4-a52e-4f735466cecf":"82bfeb3c-4361-46fe-8165-32b42125bbd9"},{"element-6066-11e4-a52e-4f735466cecf":"c6acef9f-6d68-4d8a-b345-3c37953cf65f"},{"element-6066-11e4-a52e-4f735466cecf":"adf703a4-53fb-4231-bd9d-4993c65f6d20"},{"element-6066-11e4-a52e-4f735466cecf":"6ff1e4e8-e1d8-4ace-93e1-25ee81f7d7ac"},{"element-6066-11e4-a52e-4f735466cecf":"3261f885-4c66-4698-afd5-b71318f87f1a"},{"element-6066-11e4-a52e-4f735466cecf":"921c8cd2-78e3-4887-a51a-91bb65c755b3"},{"element-6066-11e4-a52e-4f735466cecf":"49f68173-a154-4a23-a552-f6b97cbe2da5"},{"element-6066-11e4-a52e-4f735466cecf":"10625e94-1c2b-4b4b-a73c-cbe76631e6fb"},{"element-6066-11e4-a52e-4f735466cecf":"dbb1f115-58d7-460a-acdc-586c1989635a"},{"element-6066-11e4-a52e-4f735466cecf":"b0056955-cd14-4ffc-8587-5a0c5d42b519"},{"element-6066-11e4-a52e-4f735466cecf":"f5fda667-88fd-4de4-8865-dd5310259a46"},{"element-6066-11e4-a52e-4f735466cecf":"49ffca25-d317-4e41-b2d6-14af2bc19d8a"},{"element-6066-11e4-a52e-4f735466cecf":"6970732a-6743-425d-863e-1c0c08a93ebf"},{"element-6066-11e4-a52e-4f735466cecf":"e3b5d80e-e5cd-4faf-87fb-87f72df2c723"},{"element-6066-11e4-a52e-4f735466cecf":"864fa93b-10db-46ac-87a2-a8bdbb03c72a"},{"element-6066-11e4-a52e-4f735466cecf":"f33d147b-0829-4f93-b15a-6ec15d46d72b"},{"element-6066-11e4-a52e-4f735466cecf":"f3d1d760-69f0-49a1-aa7c-a1f340f6627a"},{"element-6066-11e4-a52e-4f735466cecf":"252f0b1c-43a3-4c96-b3a6-fec329f5b3bd"},{"element-6066-11e4-a52e-4f735466cecf":"2239b1fc-b22a-4633-935d-832e32b802fb"},{"element-6066-11e4-a52e-4f735466cecf":"de771385-c2a6-45df-b819-c0bb4e0a73c6"},{"element-6066-11e4-a52e-4f735466cecf":"ede94320-9a73-4a52-9190-324686d45f06"},{"element-6066-11e4-a52e-4f735466cecf":"6898b410-055e-4009-806e-aaaae0d528f8"},{"element-6066-11e4-a52e-4f735466cecf":"74e78dde-b812-4e3e-981d-180e4c23ddc8"},{"element-6066-11e4-a52e-4f735466cecf":"1ec25c01-0ced-4695-a02a-16b8547b38bf"},{"element-6066-11e4-a52e-4f735466cecf":"6c531ec3-5ddc-4c64-bacc-0958e24788ac"},{"element-6066-11e4-a52e-4f735466cecf":"6885bff4-19a0-4fc7-b6f1-c6ea60b779e4"},{"element-6066-11e4-a52e-4f735466cecf":"90b3faa2-81f1-429d-9ef4-b0c2a1498c98"},{"element-6066-11e4-a52e-4f735466cecf":"37f96bdd-e0b4-4d3d-9647-be12719a721c"},{"element-6066-11e4-a52e-4f735466cecf":"be1c29c0-f98a-44ab-b645-485c82600c90"},{"element-6066-11e4-a52e-4f735466cecf":"f301d40f-0dca-4aaa-a02f-b1bcefba8b8e"},{"element-6066-11e4-a52e-4f735466cecf":"3984b112-339e-4254-907f-609313b954be"},{"element-6066-11e4-a52e-4f735466cecf":"201af0a7-34f0-43bb-9569-285c41031ca6"},{"element-6066-11e4-a52e-4f735466cecf":"487cf7d0-ea57-4a8c-86d1-ff9d9041d0b4"},{"element-6066-11e4-a52e-4f735466cecf":"8e29624f-8570-4611-a4a2-a168ae40d850"},{"element-6066-11e4-a52e-4f735466cecf":"6edcf1c0-6b2e-4b2e-a5ea-45de8cb86e66"},{"element-6066-11e4-a52e-4f735466cecf":"d5fa793d-4507-4a5c-bd0b-2d57198c18ee"},{"element-6066-11e4-a52e-4f735466cecf":"41b62c04-ad83-46d3-a3ef-45ac4547d328"},{"element-6066-11e4-a52e-4f735466cecf":"6e9a85c4-bcff-44d5-b49f-5d1b5eed25b5"},{"element-6066-11e4-a52e-4f735466cecf":"c9d4b830-cf3b-4a6f-acb9-88dfff3dac71"},{"element-6066-11e4-a52e-4f735466cecf":"4f1da012-4874-4900-ae04-a2d3bee74146"},{"element-6066-11e4-a52e-4f735466cecf":"340c75aa-f417-4890-9df0-b9bcf7bc591c"},{"element-6066-11e4-a52e-4f735466cecf":"a554a4df-e062-49d4-8473-eb693990ce32"},{"element-6066-11e4-a52e-4f735466cecf":"3af56a5a-71d7-4a4b-a850-a5b98c81e7b7"},{"element-6066-11e4-a52e-4f735466cecf":"ea7aac5e-0bd9-4fc8-bb60-cf5109164250"},{"element-6066-11e4-a52e-4f735466cecf":"b94778b1-7b94-492b-81e0-e6791ce1e339"},{"element-6066-11e4-a52e-4f735466cecf":"995d76c0-c8bb-4f4b-b70c-b5472525eb80"},{"element-6066-11e4-a52e-4f735466cecf":"28a49aaa-af4b-43ad-960a-64849289c5f0"},{"element-6066-11e4-a52e-4f735466cecf":"592fc491-94c2-4a3d-9462-28061b7e4a04"},{"element-6066-11e4-a52e-4f735466cecf":"84029235-f346-4a6c-9010-5ebd6c824d23"},{"element-6066-11e4-a52e-4f735466cecf":"2026bf8a-8cde-47cb-a0b0-83efa0df1824"},{"element-6066-11e4-a52e-4f735466cecf":"3a1cf802-7050-43af-b8a5-13e0ef3cc60b"},{"element-6066-11e4-a52e-4f735466cecf":"e8c53989-ee46-48d0-82cd-708f537621a3"},{"element-6066-11e4-a52e-4f735466cecf":"c1e81a2f-d2f2-4661-bf3b-79f00eb85209"},{"element-6066-11e4-a52e-4f735466cecf":"9c954df8-7ddd-4a33-95f1-317f251c8724"},{"element-6066-11e4-a52e-4f735466cecf":"9f283ad5-d862-4e2c-af03-49490c0e4c22"},{"element-6066-11e4-a52e-4f735466cecf":"d245d379-5646-4f8c-9115-1aea473585de"},{"element-6066-11e4-a52e-4f735466cecf":"49f33eeb-835e-4883-84b9-2abad8d9b197"},{"element-6066-11e4-a52e-4f735466cecf":"2fe5093c-2157-4431-9681-45099a2ff5bb"},{"element-6066-11e4-a52e-4f735466cecf":"ca6c6e71-533a-4e2b-a6bf-8016f31856ec"},{"element-6066-11e4-a52e-4f735466cecf":"2b57b8b4-c73a-46c8-9827-72baffbd727c"},{"element-6066-11e4-a52e-4f735466cecf":"d7ad33ad-da63-482f-b5f7-22d2dd387819"},{"element-6066-11e4-a52e-4f735466cecf":"06b33517-3728-4db4-bd04-cda0d65473b2"},{"element-6066-11e4-a52e-4f735466cecf":"2c403c53-5689-4e6b-9f1a-e927e8eda401"},{"element-6066-11e4-a52e-4f735466cecf":"462e8806-3960-45b7-906b-7c2caf951f83"},{"element-6066-11e4-a52e-4f735466cecf":"45aa84e3-829e-428c-a91d-5e461865e2e0"},{"element-6066-11e4-a52e-4f735466cecf":"a91ab90b-f7be-4257-a57e-dfdd6968f48b"},{"element-6066-11e4-a52e-4f735466cecf":"7be05f0e-6547-4e1e-b552-6f22cf6af9ba"},{"element-6066-11e4-a52e-4f735466cecf":"958a5115-905f-4a84-8ca0-b0f248f7c4a3"},{"element-6066-11e4-a52e-4f735466cecf":"c6603b91-b4bc-42f2-8204-3710b398da3f"},{"element-6066-11e4-a52e-4f735466cecf":"5417e103-33e0-4c15-a72d-d3a0696adb82"},{"element-6066-11e4-a52e-4f735466cecf":"84ecb8d4-0682-45d6-a192-0d41d426d209"},{"element-6066-11e4-a52e-4f735466cecf":"c0fc1741-632c-4c50-89ac-195787f40b28"},{"element-6066-11e4-a52e-4f735466cecf":"7588cc10-f5c7-4f9b-8374-dfeec976935f"},{"element-6066-11e4-a52e-4f735466cecf":"db0e429f-1407-45ef-b3dc-db480e8f4109"},{"element-6066-11e4-a52e-4f735466cecf":"1c95e8e9-19e3-4753-a487-f31b13121e49"},{"element-6066-11e4-a52e-4f735466cecf":"ca6d7c71-b7e8-4611-ba2c-702066a4c448"},{"element-6066-11e4-a52e-4f735466cecf":"ad9f9667-5305-418a-a182-56230fd48dba"},{"element-6066-11e4-a52e-4f735466cecf":"c4e2f7e9-c6ff-488a-8aa8-83147b27d2bb"},{"element-6066-11e4-a52e-4f735466cecf":"d7683483-4a6f-4e08-97c5-2a4d7fba8b1f"},{"element-6066-11e4-a52e-4f735466cecf":"27bee534-0cf7-46b5-b88d-b5a2fb7a4910"},{"element-6066-11e4-a52e-4f735466cecf":"68504a17-dec6-4fe5-870c-741bc8da70a6"},{"element-6066-11e4-a52e-4f735466cecf":"114c8db6-c8d4-40a9-a3d8-e75f640d6ab7"},{"element-6066-11e4-a52e-4f735466cecf":"17f12e1c-2449-4648-8d2b-c9e60fd3fe86"},{"element-6066-11e4-a52e-4f735466cecf":"d79b7885-f815-4933-8755-403c71dcee26"},{"element-6066-11e4-a52e-4f735466cecf":"82b299a3-cd13-461a-94c8-987f075485a4"},{"element-6066-11e4-a52e-4f735466cecf":"1b30511a-94d6-40c4-903f-ab4c963af8fa"},{"element-6066-11e4-a52e-4f735466cecf":"348e2a84-4eca-441d-a261-39b8e9e46ac4"},{"element-6066-11e4-a52e-4f735466cecf":"11d66b60-6b7f-4dca-b332-f0b9a0642516"},{"element-6066-11e4-a52e-4f735466cecf":"5df162df-a23d-4100-9616-a85490fe4ede"},{"element-6066-11e4-a52e-4f735466cecf":"e07a8c6c-9712-43c4-87f3-5c6f0c0cd54b"},{"element-6066-11e4-a52e-4f735466cecf":"b37b5fa4-112b-4055-9021-1c85e056e5db"},{"element-6066-11e4-a52e-4f735466cecf":"ba14c9b3-9d21-43f0-a7e9-143a49cd15e1"},{"element-6066-11e4-a52e-4f735466cecf":"7676825d-c56b-4f74-a488-d24cfd3b61aa"},{"element-6066-11e4-a52e-4f735466cecf":"d0b6648d-3abf-434e-8926-d580790e2016"},{"element-6066-11e4-a52e-4f735466cecf":"97136d21-d5bb-4f66-84ee-963ce38134c2"},{"element-6066-11e4-a52e-4f735466cecf":"dbd696b7-62ec-4854-8720-d11fdd5682e5"},{"element-6066-11e4-a52e-4f735466cecf":"592a8c8b-32ee-41f1-a548-9d71b5577d27"},{"element-6066-11e4-a52e-4f735466cecf":"ccdd7a18-2e5f-4198-81e6-1582245583ba"},{"element-6066-11e4-a52e-4f735466cecf":"9c706831-0d6f-4d40-82c8-61efad25dccb"},{"element-6066-11e4-a52e-4f735466cecf":"c83e6326-89cd-456a-8233-42ed2a8058a4"},{"element-6066-11e4-a52e-4f735466cecf":"ac46ef1b-eb6d-4958-81ce-feed27f0ccf2"},{"element-6066-11e4-a52e-4f735466cecf":"31d48508-2bc5-411a-86be-dce6da8ef9a0"},{"element-6066-11e4-a52e-4f735466cecf":"99d511a9-bd76-49fa-b133-846e4339d693"},{"element-6066-11e4-a52e-4f735466cecf":"44f70aa0-1dde-493d-853f-58cf99a62bd1"},{"element-6066-11e4-a52e-4f735466cecf":"fc78ef42-075a-4244-be26-efa0932695a8"},{"element-6066-11e4-a52e-4f735466cecf":"05ea8256-8135-4ef9-809d-13da655e63d6"},{"element-6066-11e4-a52e-4f735466cecf":"8c2b4a8b-9ff1-480d-a1fb-896905d911e1"},{"element-6066-11e4-a52e-4f735466cecf":"cb834a6a-b997-443a-bf19-3f88716ef252"},{"element-6066-11e4-a52e-4f735466cecf":"49ee788d-a597-4513-9cdc-bea5e1cbbf11"},{"element-6066-11e4-a52e-4f735466cecf":"9e5521dd-50fb-411d-a40b-6a9012d7e6f5"},{"element-6066-11e4-a52e-4f735466cecf":"88f9b15a-00c1-499e-92da-75899086ac6f"},{"element-6066-11e4-a52e-4f735466cecf":"13a4f649-3b44-46ee-a4ce-f1f9efd4ba38"},{"element-6066-11e4-a52e-4f735466cecf":"86af3008-f4e4-45b0-82e2-413a49c8ec36"},{"element-6066-11e4-a52e-4f735466cecf":"1e8eef10-c982-447c-afdc-b9302d356ec8"},{"element-6066-11e4-a52e-4f735466cecf":"b7255f9d-8bc4-41c2-a470-5c090091568c"},{"element-6066-11e4-a52e-4f735466cecf":"fe6455f1-b634-4a13-acd5-d2217f9ffbdb"},{"element-6066-11e4-a52e-4f735466cecf":"9027645c-919d-49a0-97e3-65ae305fd926"},{"element-6066-11e4-a52e-4f735466cecf":"41c13f33-2adc-40c8-a0c0-f972d174593f"},{"element-6066-11e4-a52e-4f735466cecf":"3e41c2d8-a332-4e74-85e4-4e00bbd82064"},{"element-6066-11e4-a52e-4f735466cecf":"6464845b-455f-4edf-ab1b-0146913d1ce9"},{"element-6066-11e4-a52e-4f735466cecf":"9d1306bb-2862-4434-8915-e78e4c5e5c97"},{"element-6066-11e4-a52e-4f735466cecf":"2616e2d6-4753-4600-bd33-b4629a056990"},{"element-6066-11e4-a52e-4f735466cecf":"c6749310-45f1-4a6f-9672-0eb8d8afa832"},{"element-6066-11e4-a52e-4f735466cecf":"728468c2-4060-485b-87f4-84a903dbc17b"},{"element-6066-11e4-a52e-4f735466cecf":"5dedc706-bc40-442e-94b3-07dbe91660f1"},{"element-6066-11e4-a52e-4f735466cecf":"cae507a8-06d8-497e-b691-eb3fc4cdc1ee"},{"element-6066-11e4-a52e-4f735466cecf":"facc2ff5-32b7-4df7-966b-1790b1f5542e"},{"element-6066-11e4-a52e-4f735466cecf":"6249401d-9534-42a0-8297-88ba2dc71eb9"},{"element-6066-11e4-a52e-4f735466cecf":"aeba8186-d946-4557-8647-aba5ca34c6f4"},{"element-6066-11e4-a52e-4f735466cecf":"5b3dc326-f823-4c8f-988b-8020f5aba248"},{"element-6066-11e4-a52e-4f735466cecf":"d9d4206b-76d3-4ff7-af12-412f6acc6ce6"},{"element-6066-11e4-a52e-4f735466cecf":"a9b89a85-18ef-4238-bf37-4513d6377cce"},{"element-6066-11e4-a52e-4f735466cecf":"a93d3c8f-3484-4a67-9ddf-cce122c82b5a"},{"element-6066-11e4-a52e-4f735466cecf":"4f0482fa-53e5-425c-a9a9-6e6902f0a28c"},{"element-6066-11e4-a52e-4f735466cecf":"3b28ccdd-a530-449b-a5db-82dc8ab1749e"},{"element-6066-11e4-a52e-4f735466cecf":"a45fbad7-0bb8-4077-b006-1b75d0a1936a"},{"element-6066-11e4-a52e-4f735466cecf":"c46b1fbf-063e-4638-a1a1-e771b733fc55"},{"element-6066-11e4-a52e-4f735466cecf":"3334d73b-ec4c-469d-8feb-471520e50135"},{"element-6066-11e4-a52e-4f735466cecf":"1bd358e1-9215-43ed-a5ba-aa0b318a67cc"},{"element-6066-11e4-a52e-4f735466cecf":"16c461e0-e5c0-40f9-b9e4-ae84d3bacd88"},{"element-6066-11e4-a52e-4f735466cecf":"15ce15cf-b1bc-4de9-8698-5166b330a855"},{"element-6066-11e4-a52e-4f735466cecf":"76aca026-925f-4c19-a39d-2d6c38c7ee48"},{"element-6066-11e4-a52e-4f735466cecf":"017b4a3b-e438-4628-b246-f9207eacd1dc"},{"element-6066-11e4-a52e-4f735466cecf":"670a152b-545f-4073-92a6-90ad472de7bc"},{"element-6066-11e4-a52e-4f735466cecf":"06da987d-0757-4c9e-91de-c1f27447ed16"},{"element-6066-11e4-a52e-4f735466cecf":"92d3d1d0-758a-48d9-b76d-967b4856c31a"},{"element-6066-11e4-a52e-4f735466cecf":"07e688c1-8895-4947-8522-2c1f33fd6b8c"},{"element-6066-11e4-a52e-4f735466cecf":"28ddc091-50c8-4a83-b1a1-393f95caa82a"},{"element-6066-11e4-a52e-4f735466cecf":"e48a6611-babf-47ea-a2bb-2f940fc47d32"},{"element-6066-11e4-a52e-4f735466cecf":"aa749ad3-db05-4a64-be98-6ab9ef4cbe8c"},{"element-6066-11e4-a52e-4f735466cecf":"a3fac225-5163-4c50-97de-484937543390"},{"element-6066-11e4-a52e-4f735466cecf":"9ca550c3-3040-4a04-8421-bd6e8c709e24"},{"element-6066-11e4-a52e-4f735466cecf":"8e6447d7-3ad4-4151-b375-996dd6724e81"},{"element-6066-11e4-a52e-4f735466cecf":"e4c48957-d6ef-43ea-9d5b-f0dba0d59027"},{"element-6066-11e4-a52e-4f735466cecf":"29caf830-5baa-4af8-b1da-7aa9271b68bd"},{"element-6066-11e4-a52e-4f735466cecf":"92be99ce-858b-4d65-bf8f-6994714ade5d"},{"element-6066-11e4-a52e-4f735466cecf":"99601490-17ed-4ac3-97e6-57ef5da4f4a1"},{"element-6066-11e4-a52e-4f735466cecf":"d33eafb2-edbe-4e75-bd0a-91f59272ef4b"},{"element-6066-11e4-a52e-4f735466cecf":"e794808d-34e6-452d-b489-cb9bc1305716"},{"element-6066-11e4-a52e-4f735466cecf":"080edbae-c9c3-43dc-9346-4b446ab6fd77"},{"element-6066-11e4-a52e-4f735466cecf":"3d543976-40c2-4f0a-9101-660eadaad704"},{"element-6066-11e4-a52e-4f735466cecf":"7b4ba842-790b-4cec-af6c-aac0a3713d6f"},{"element-6066-11e4-a52e-4f735466cecf":"9c254947-c4da-4590-8859-b8d97f32d001"},{"element-6066-11e4-a52e-4f735466cecf":"8e943739-c662-44f6-8afc-f4c7f878a0c3"},{"element-6066-11e4-a52e-4f735466cecf":"a3181615-b0ba-48e4-bf66-cf09245c031d"},{"element-6066-11e4-a52e-4f735466cecf":"07a75b8d-db3f-4ce7-b6ae-49d33b7fc6df"},{"element-6066-11e4-a52e-4f735466cecf":"17535457-873a-499d-b9b6-83eb387bf31c"},{"element-6066-11e4-a52e-4f735466cecf":"34019035-621b-4e22-ba53-382b5d7e97ce"},{"element-6066-11e4-a52e-4f735466cecf":"cfe68a07-0232-479b-8cd7-70e126733aff"},{"element-6066-11e4-a52e-4f735466cecf":"cecd71c8-e2df-475e-99e6-a3b3b00b5d5d"},{"element-6066-11e4-a52e-4f735466cecf":"c91723d8-2d69-44e7-94b0-1ea37186dad3"},{"element-6066-11e4-a52e-4f735466cecf":"10a284ca-82d9-4374-b7e7-28c36ee68028"},{"element-6066-11e4-a52e-4f735466cecf":"6a4652e0-65e1-4a1e-9bfc-4635a337fbce"},{"element-6066-11e4-a52e-4f735466cecf":"1769e22e-d034-4da1-899f-745fda68d5d0"},{"element-6066-11e4-a52e-4f735466cecf":"7769bd65-6ad3-46bd-9e20-b1d28e8a0610"},{"element-6066-11e4-a52e-4f735466cecf":"2d716186-d729-4ee2-9626-d2ca9513692b"},{"element-6066-11e4-a52e-4f735466cecf":"a4ebd649-bdb2-4c05-b7f8-6da4e71008f4"},{"element-6066-11e4-a52e-4f735466cecf":"55ed0b75-3ad5-4d01-bc2e-9d9da9bc0837"},{"element-6066-11e4-a52e-4f735466cecf":"3a9d241f-9be0-4820-a19d-9ece17381694"},{"element-6066-11e4-a52e-4f735466cecf":"e047b23b-1bd1-4ea5-a9f0-a91e5b15ce6b"},{"element-6066-11e4-a52e-4f735466cecf":"ee541782-189d-4f82-a74d-5558e2798c40"},{"element-6066-11e4-a52e-4f735466cecf":"8d6dd16d-0067-4f21-bc92-7c3af8e2de7a"},{"element-6066-11e4-a52e-4f735466cecf":"6012cc10-72c6-4865-8ec6-4a8ca358c71e"},{"element-6066-11e4-a52e-4f735466cecf":"35c2f786-822f-417e-9640-a77e59ee256a"},{"element-6066-11e4-a52e-4f735466cecf":"561de883-8382-4862-8a36-b35f4ef84805"},{"element-6066-11e4-a52e-4f735466cecf":"dbc2c807-a16b-4eac-8ce1-2182cb90d8a8"},{"element-6066-11e4-a52e-4f735466cecf":"758de330-f31a-4413-8dae-ac6a4f71c391"},{"element-6066-11e4-a52e-4f735466cecf":"51088cbe-13d7-464e-9507-871d45dc9aef"},{"element-6066-11e4-a52e-4f735466cecf":"258614d7-e6b2-4a08-b930-c3608a6e00e0"},{"element-6066-11e4-a52e-4f735466cecf":"3a5b5f59-d7b8-4f6c-b74b-9bd48b08f85c"},{"element-6066-11e4-a52e-4f735466cecf":"0ae84062-f7be-41e1-b428-ac42f8c0b6a0"},{"element-6066-11e4-a52e-4f735466cecf":"1cd45fec-3a89-4d35-9799-35f69df813e0"},{"element-6066-11e4-a52e-4f735466cecf":"13693f24-4d82-4cf3-86e3-11585501ab6e"},{"element-6066-11e4-a52e-4f735466cecf":"044557d3-5d7a-40db-9c07-1692fd1cd4cc"},{"element-6066-11e4-a52e-4f735466cecf":"a5209f97-510c-4843-8584-97f238d2cf95"},{"element-6066-11e4-a52e-4f735466cecf":"0c1c0c7d-9568-4345-ab8d-3dcf7be88071"},{"element-6066-11e4-a52e-4f735466cecf":"9f18bd0e-a66a-4b8d-9cba-6e6e81cf785f"},{"element-6066-11e4-a52e-4f735466cecf":"91aa3c40-720a-4abb-881a-b4e2bbc679aa"},{"element-6066-11e4-a52e-4f735466cecf":"c227647a-6535-4f16-ad1c-da274f76fdfd"},{"element-6066-11e4-a52e-4f735466cecf":"e7eda65d-5971-4eb1-bde7-4494c1da8c9b"},{"element-6066-11e4-a52e-4f735466cecf":"62943331-7e98-419a-b47a-17ef980380d3"},{"element-6066-11e4-a52e-4f735466cecf":"6a6aabbe-74e6-495c-a194-7fab6c27b11f"},{"element-6066-11e4-a52e-4f735466cecf":"89d3fe6e-d6a9-4bcd-9a7f-283d8a2ca96f"},{"element-6066-11e4-a52e-4f735466cecf":"75a62522-80ec-4b36-a972-6ff1625feb51"},{"element-6066-11e4-a52e-4f735466cecf":"a2f6cdc8-a98e-4204-a049-b9d844ec7190"},{"element-6066-11e4-a52e-4f735466cecf":"fef88e4e-302f-44bc-a7cc-c75636ce244e"},{"element-6066-11e4-a52e-4f735466cecf":"b2d8ea61-efc6-46fc-95eb-e5c8223ba9b1"},{"element-6066-11e4-a52e-4f735466cecf":"29869f6a-c146-4998-8c03-e52022a8a2ba"},{"element-6066-11e4-a52e-4f735466cecf":"647f9db0-0df4-4b2f-869c-24cc24b0093f"},{"element-6066-11e4-a52e-4f735466cecf":"32b83708-9b6e-41f5-b23e-809fb0ee008c"},{"element-6066-11e4-a52e-4f735466cecf":"91c552a4-8909-457c-91b4-d33f63264649"},{"element-6066-11e4-a52e-4f735466cecf":"6439559b-69f5-4716-ac32-dcb2759a1d29"},{"element-6066-11e4-a52e-4f735466cecf":"d8d3cd35-4965-47e7-84e4-96624e4e3a52"},{"element-6066-11e4-a52e-4f735466cecf":"ac1adb73-b9f0-4b00-be0a-04102b025cf9"},{"element-6066-11e4-a52e-4f735466cecf":"49c6754b-5abd-4dbf-af20-5cdd82d9161b"},{"element-6066-11e4-a52e-4f735466cecf":"a7896c05-0a28-444e-94ef-35227c202eac"},{"element-6066-11e4-a52e-4f735466cecf":"a260d1cc-d6be-474f-b29c-28f535259a34"},{"element-6066-11e4-a52e-4f735466cecf":"832bfeb5-0576-4c04-95c9-f74c7ae3d7df"},{"element-6066-11e4-a52e-4f735466cecf":"606a49be-dc7b-4987-89d6-ed97cd2f6fe0"},{"element-6066-11e4-a52e-4f735466cecf":"c65d4877-775b-4cef-bd28-5b291bd8a22c"},{"element-6066-11e4-a52e-4f735466cecf":"aa4e0746-1dad-4a1c-90e8-4bc5dba0dbf2"},{"element-6066-11e4-a52e-4f735466cecf":"2edc2809-ffb1-4bbb-b1c9-03cb76dc6846"},{"element-6066-11e4-a52e-4f735466cecf":"fc101c0e-0a02-4680-aba8-e61a3e42e280"},{"element-6066-11e4-a52e-4f735466cecf":"79735c7d-927f-4d32-987d-68f773bd5c6e"},{"element-6066-11e4-a52e-4f735466cecf":"866f34d3-60ee-4d79-befc-184823cc812d"},{"element-6066-11e4-a52e-4f735466cecf":"4ec57441-bd63-4e17-8729-4cabd22d66aa"},{"element-6066-11e4-a52e-4f735466cecf":"0f53383b-7a67-4bf2-8fb7-dacac3bcf874"},{"element-6066-11e4-a52e-4f735466cecf":"80496e73-cada-4277-b055-fc47428b6c41"},{"element-6066-11e4-a52e-4f735466cecf":"7217bea7-6705-4239-a2c4-749ec6c8b7e1"},{"element-6066-11e4-a52e-4f735466cecf":"50016a89-b4c1-4fe8-b578-bf92d6a4ec4f"},{"element-6066-11e4-a52e-4f735466cecf":"4fefd44f-d8b5-4335-ad83-3d1207423213"},{"element-6066-11e4-a52e-4f735466cecf":"0b673097-8657-465f-b6f5-c28013632761"},{"element-6066-11e4-a52e-4f735466cecf":"df43d2f5-a518-441e-9bfc-8d4a71696342"},{"element-6066-11e4-a52e-4f735466cecf":"ad246383-da9e-46d9-b9b9-bdd94bfedcb6"},{"element-6066-11e4-a52e-4f735466cecf":"cb307fac-cffc-432c-8675-8d6997a79411"},{"element-6066-11e4-a52e-4f735466cecf":"a2afe312-6455-4927-8ddb-d740cfbbaf68"},{"element-6066-11e4-a52e-4f735466cecf":"9d448696-4105-4630-836e-d4af561394d5"},{"element-6066-11e4-a52e-4f735466cecf":"d286c275-4e28-4362-9cbb-d55531090c7f"},{"element-6066-11e4-a52e-4f735466cecf":"5bfff9fe-f509-4aca-b197-bd0eeea15832"},{"element-6066-11e4-a52e-4f735466cecf":"a576d813-edf1-47b3-a500-ceceb020ab9b"},{"element-6066-11e4-a52e-4f735466cecf":"9024abd3-2a3f-4427-b877-525c862b14bf"},{"element-6066-11e4-a52e-4f735466cecf":"7fc06757-5ad3-4867-b2e2-cba49d12c7fe"},{"element-6066-11e4-a52e-4f735466cecf":"cf83da2f-34af-4771-8f68-c543578cc1a3"},{"element-6066-11e4-a52e-4f735466cecf":"148010d9-501e-4aa0-9638-3a51e58861bd"},{"element-6066-11e4-a52e-4f735466cecf":"6959e5b5-68b3-452e-8dc3-50f0548511c1"},{"element-6066-11e4-a52e-4f735466cecf":"f2fae943-d6ec-4f57-a1a0-f4fda90e3f39"},{"element-6066-11e4-a52e-4f735466cecf":"8489a3c8-6c4f-4bae-9049-e3318121953f"},{"element-6066-11e4-a52e-4f735466cecf":"1c89fd29-bb61-431a-b417-6c8a41a5133b"},{"element-6066-11e4-a52e-4f735466cecf":"33d1f11e-048c-42c4-ba4c-02d463f5be70"},{"element-6066-11e4-a52e-4f735466cecf":"a0ba1a91-b2e1-4944-8b2b-fcfc572da851"},{"element-6066-11e4-a52e-4f735466cecf":"d25e9a50-96ee-4bfd-9296-82add9531d9d"},{"element-6066-11e4-a52e-4f735466cecf":"84c9325e-1aae-426a-81fa-01defa1561f5"},{"element-6066-11e4-a52e-4f735466cecf":"df2617ee-b485-48fe-a3bf-735f580693b9"},{"element-6066-11e4-a52e-4f735466cecf":"f3bbaed1-dc29-475a-afed-e137af8bde89"},{"element-6066-11e4-a52e-4f735466cecf":"bcf6aa00-46b8-4b9e-a162-33de609afc64"},{"element-6066-11e4-a52e-4f735466cecf":"b295118a-8bff-4954-ae8b-c478ca27fc70"},{"element-6066-11e4-a52e-4f735466cecf":"29278e90-e0c6-47c3-a245-d0c6807743e7"},{"element-6066-11e4-a52e-4f735466cecf":"794f375a-e5ff-4db2-90a4-d4e5a53bd1d1"},{"element-6066-11e4-a52e-4f735466cecf":"2fe7212a-2252-446b-a8dd-c4aaca7bfe61"},{"element-6066-11e4-a52e-4f735466cecf":"00c51f44-10ed-4804-904e-4aea264355c8"},{"element-6066-11e4-a52e-4f735466cecf":"5e220fb8-b927-453b-babd-4550cca97f85"},{"element-6066-11e4-a52e-4f735466cecf":"0b89fe6f-984a-43b8-aa2c-1acbc1d43ac7"},{"element-6066-11e4-a52e-4f735466cecf":"85091d8c-f1f4-4b61-8984-db8caadd1485"},{"element-6066-11e4-a52e-4f735466cecf":"6739ca93-a774-4055-9310-0921e174b3f3"},{"element-6066-11e4-a52e-4f735466cecf":"9ef3f350-60ab-419a-bd60-c1e3a00ac189"},{"element-6066-11e4-a52e-4f735466cecf":"6a98680d-825e-451c-908c-5a62243abbdf"},{"element-6066-11e4-a52e-4f735466cecf":"42c0e14c-64dd-48a6-a59a-672c14c04ed8"},{"element-6066-11e4-a52e-4f735466cecf":"ee19c808-e515-43ed-a050-d111b8be8b0d"},{"element-6066-11e4-a52e-4f735466cecf":"60be438d-6d4e-449b-b99c-766631f603f0"},{"element-6066-11e4-a52e-4f735466cecf":"057d0455-158b-49e0-b0aa-bb071c0194fa"},{"element-6066-11e4-a52e-4f735466cecf":"cb6e5559-41ee-4a36-b2ba-39fb0e15dc6b"},{"element-6066-11e4-a52e-4f735466cecf":"a1c27a44-6d59-4d8c-af8f-1dadebbd4954"},{"element-6066-11e4-a52e-4f735466cecf":"ed40423a-50d1-4f2f-8443-679e7c748603"},{"element-6066-11e4-a52e-4f735466cecf":"b79260f9-3b04-494d-b10f-5dca770b944a"},{"element-6066-11e4-a52e-4f735466cecf":"d340a617-25f2-4784-993a-23e364613d03"},{"element-6066-11e4-a52e-4f735466cecf":"0e21d6c0-ce4b-4707-b2f4-9721e790347f"},{"element-6066-11e4-a52e-4f735466cecf":"6001b190-a7db-41ee-bfb4-04842a6140d5"},{"element-6066-11e4-a52e-4f735466cecf":"bfbb293b-cbff-47c1-8388-a462df52f366"},{"element-6066-11e4-a52e-4f735466cecf":"49c89646-1ed5-443e-b06e-a211a5b8c758"},{"element-6066-11e4-a52e-4f735466cecf":"23e05673-f8c8-41cb-9b1f-38b1e1728131"},{"element-6066-11e4-a52e-4f735466cecf":"98be1aa4-f7af-4715-bb64-9ee3d0608af2"},{"element-6066-11e4-a52e-4f735466cecf":"cf00b246-611b-463f-8f33-68151499cb62"},{"element-6066-11e4-a52e-4f735466cecf":"32a14a2d-0458-4281-b0d8-44ddc1fd801a"},{"element-6066-11e4-a52e-4f735466cecf":"db6412bb-628a-4830-82c0-b076e05f166e"},{"element-6066-11e4-a52e-4f735466cecf":"be839579-dbd8-4b27-af6a-3a129a8a21eb"},{"element-6066-11e4-a52e-4f735466cecf":"85876a13-adc5-4e46-9afc-293ecddec9d2"},{"element-6066-11e4-a52e-4f735466cecf":"f5895957-e8c4-442f-9e2b-47f0d942cfe8"},{"element-6066-11e4-a52e-4f735466cecf":"6261eaca-7f25-4871-b23e-6357879b0182"},{"element-6066-11e4-a52e-4f735466cecf":"40bc0f28-03b6-4828-9b39-7666450f1911"},{"element-6066-11e4-a52e-4f735466cecf":"aeef6d2b-cbaa-4145-b409-6fa24f147b83"},{"element-6066-11e4-a52e-4f735466cecf":"37fe19bd-2cf7-4362-a07a-fa38778c71c3"},{"element-6066-11e4-a52e-4f735466cecf":"5e97dfec-53b1-4886-8c5c-ce755fe5a679"},{"element-6066-11e4-a52e-4f735466cecf":"b5433b93-fa3d-42c2-a09b-d14aeb232ca6"},{"element-6066-11e4-a52e-4f735466cecf":"b63cf482-04a3-40d3-8a41-725557938274"},{"element-6066-11e4-a52e-4f735466cecf":"8ce493a4-7862-4119-990e-23f59243ba8a"},{"element-6066-11e4-a52e-4f735466cecf":"a1875622-7136-4d75-9729-022df5a69ef0"},{"element-6066-11e4-a52e-4f735466cecf":"c3d794c0-2fdd-4027-b092-2282658ff9c5"},{"element-6066-11e4-a52e-4f735466cecf":"9df29da2-472c-4af1-9230-767bbbf54560"},{"element-6066-11e4-a52e-4f735466cecf":"d8611acf-f95d-4579-a880-5b4877d55c94"},{"element-6066-11e4-a52e-4f735466cecf":"dcd8694a-ecce-40cb-936d-b0a7b1c19aec"},{"element-6066-11e4-a52e-4f735466cecf":"2bdc06d8-c166-48ea-9827-8e3de29d974c"},{"element-6066-11e4-a52e-4f735466cecf":"14c1515b-261c-47c4-99d4-be798ce289a2"},{"element-6066-11e4-a52e-4f735466cecf":"a7c15e24-b2cd-4f7c-998d-e5fd9d3c8cf7"},{"element-6066-11e4-a52e-4f735466cecf":"30bd320b-3d02-4709-bfcb-dfdd0176385e"},{"element-6066-11e4-a52e-4f735466cecf":"14d3e99a-eed9-4626-bfb1-297532a71c6a"},{"element-6066-11e4-a52e-4f735466cecf":"18e75dff-bf89-4a76-a736-289d9687a287"},{"element-6066-11e4-a52e-4f735466cecf":"373d4ea6-bfc3-4c54-8ad1-d8ec206c0332"},{"element-6066-11e4-a52e-4f735466cecf":"7af17ffe-cbc0-408f-b52e-71982e4a0f96"},{"element-6066-11e4-a52e-4f735466cecf":"67f7d7ec-1364-4582-b709-90d33adfd710"},{"element-6066-11e4-a52e-4f735466cecf":"840b92be-fcb5-491e-aa43-bb9c2357f42b"},{"element-6066-11e4-a52e-4f735466cecf":"09fde303-750d-4e2d-b045-f01a3311a054"},{"element-6066-11e4-a52e-4f735466cecf":"a4906da6-201d-49ee-ba38-95b83224cb3b"},{"element-6066-11e4-a52e-4f735466cecf":"f42a5feb-c32a-4db7-b3f0-a8ad6b622ac2"},{"element-6066-11e4-a52e-4f735466cecf":"de2c692e-3833-42c8-9eb4-e45b1e0a6de8"},{"element-6066-11e4-a52e-4f735466cecf":"9e13b196-51c1-4323-9833-c2391891eeba"},{"element-6066-11e4-a52e-4f735466cecf":"593e232b-63b9-42cc-a291-479f906a3bc4"},{"element-6066-11e4-a52e-4f735466cecf":"dae831a2-106d-4425-baa0-92e9be8bbf7d"},{"element-6066-11e4-a52e-4f735466cecf":"a438d22a-7c32-4a51-9934-41e50d865cb9"},{"element-6066-11e4-a52e-4f735466cecf":"dd1dc06e-6625-48ab-83f2-968181bd867c"},{"element-6066-11e4-a52e-4f735466cecf":"5eb2242d-6e96-4166-9d5c-8b198c428246"},{"element-6066-11e4-a52e-4f735466cecf":"55379381-db78-4755-bca8-70e127d8d277"},{"element-6066-11e4-a52e-4f735466cecf":"0fe1ba6a-448c-447b-a18f-d7e82c5fad06"},{"element-6066-11e4-a52e-4f735466cecf":"4fc9412f-7a1a-4e0f-96e1-015b80b4c43a"},{"element-6066-11e4-a52e-4f735466cecf":"f5520161-31fa-45a5-82bc-eaf85c1e2d7a"},{"element-6066-11e4-a52e-4f735466cecf":"8b8e461f-1733-425c-b056-31f18295a9e8"},{"element-6066-11e4-a52e-4f735466cecf":"9b486600-155e-43cb-ac97-684eaf684d8f"},{"element-6066-11e4-a52e-4f735466cecf":"540a74a2-45ee-4cfc-a455-cb610f6d1a5b"},{"element-6066-11e4-a52e-4f735466cecf":"4fbbbfa8-9c9b-4229-a622-aebc087155f2"},{"element-6066-11e4-a52e-4f735466cecf":"bc64ba19-eecd-4c28-a1d1-a52c39136dc5"},{"element-6066-11e4-a52e-4f735466cecf":"417222bd-0a78-4651-9546-9088ec487212"},{"element-6066-11e4-a52e-4f735466cecf":"af760a18-9dac-4d99-99f2-372cfeb07299"},{"element-6066-11e4-a52e-4f735466cecf":"97ddb89a-6f96-419e-8365-3f262e1128eb"},{"element-6066-11e4-a52e-4f735466cecf":"17d67a03-a394-44e8-9969-ae378855abb3"},{"element-6066-11e4-a52e-4f735466cecf":"09091ad3-c55d-4004-9b2a-18af8b8861f3"},{"element-6066-11e4-a52e-4f735466cecf":"0ef00632-a53e-474e-a25e-bfdebc08d431"},{"element-6066-11e4-a52e-4f735466cecf":"aa3256df-9b5c-48a9-becf-3fbf31f5c1d9"},{"element-6066-11e4-a52e-4f735466cecf":"52ac9701-9b11-4231-8898-e16fa4d653a1"},{"element-6066-11e4-a52e-4f735466cecf":"61897610-0c37-46e7-a635-ad47d8570753"},{"element-6066-11e4-a52e-4f735466cecf":"511dfd07-0ecc-4a5c-b530-7546d27a4ece"},{"element-6066-11e4-a52e-4f735466cecf":"d3d6ceba-fd50-4184-8711-e48b7a80e1a8"},{"element-6066-11e4-a52e-4f735466cecf":"144cde5f-0fff-42d0-8d5a-272e5e6ebac3"},{"element-6066-11e4-a52e-4f735466cecf":"a8cc2d91-f156-4bb0-b413-91a830a5d4d7"},{"element-6066-11e4-a52e-4f735466cecf":"37ea956b-e2e2-4f9d-9fff-acb84662b2fc"},{"element-6066-11e4-a52e-4f735466cecf":"dbd847e6-a48c-4647-9fc7-c0e9f0cafb20"},{"element-6066-11e4-a52e-4f735466cecf":"91fe84c7-537f-457e-be46-ffee5bc34639"},{"element-6066-11e4-a52e-4f735466cecf":"227695c2-8611-4732-be67-b1eb99f4b9ee"},{"element-6066-11e4-a52e-4f735466cecf":"013992d3-1226-4ff0-a67b-49f362128999"},{"element-6066-11e4-a52e-4f735466cecf":"0735465d-696c-4a80-b6e9-f03173be036a"},{"element-6066-11e4-a52e-4f735466cecf":"72879668-ada3-4728-8031-cd10826ec507"},{"element-6066-11e4-a52e-4f735466cecf":"d8535c15-324d-4e52-ae3d-78fbb1aa8803"},{"element-6066-11e4-a52e-4f735466cecf":"cda18cdc-0fc2-4670-9324-ea9ab02e7d24"},{"element-6066-11e4-a52e-4f735466cecf":"b0c0062b-d84d-4316-a429-fbc9885352ce"},{"element-6066-11e4-a52e-4f735466cecf":"c5d7b4c2-de6e-4986-87f3-e21ad6f3bc58"},{"element-6066-11e4-a52e-4f735466cecf":"624608bb-62bc-4e58-9837-802460cc2f62"},{"element-6066-11e4-a52e-4f735466cecf":"394a0cb2-8b83-4923-808f-bddda1c3b56e"},{"element-6066-11e4-a52e-4f735466cecf":"1fa3c9cc-96cf-4f76-aaa8-e9564f2bff69"},{"element-6066-11e4-a52e-4f735466cecf":"835d4ae4-445f-45ab-adff-bed6ea280a3b"},{"element-6066-11e4-a52e-4f735466cecf":"4e124c95-1297-4e3d-a6f8-ce55a725fe23"},{"element-6066-11e4-a52e-4f735466cecf":"51bf545c-af23-4358-9ad2-5b2d28d5c495"},{"element-6066-11e4-a52e-4f735466cecf":"e6a7c4c8-4ba3-42cd-a5ef-e364031f426e"},{"element-6066-11e4-a52e-4f735466cecf":"95b871c2-366b-4a49-a643-4edfa467345d"},{"element-6066-11e4-a52e-4f735466cecf":"280799bf-1490-4f08-acde-ded7e40502bc"},{"element-6066-11e4-a52e-4f735466cecf":"f0b8af40-71b5-4ad5-b590-83321a6f5ba0"},{"element-6066-11e4-a52e-4f735466cecf":"8d6f176c-b5c5-4774-b8ae-1f7b23d91636"},{"element-6066-11e4-a52e-4f735466cecf":"9f7c53d8-43d2-4b6b-88bc-314320130aff"},{"element-6066-11e4-a52e-4f735466cecf":"fe98c1e9-66f6-4049-b083-09e2c617ef53"},{"element-6066-11e4-a52e-4f735466cecf":"ffa483f6-79ef-490e-b1a6-d5d9cf5dc2cc"},{"element-6066-11e4-a52e-4f735466cecf":"20f6fe19-c1f1-49b4-9bc7-a80c2991e92d"},{"element-6066-11e4-a52e-4f735466cecf":"cb34ddd3-285f-45e4-b5d3-3541dbd4ce2a"},{"element-6066-11e4-a52e-4f735466cecf":"64f95144-6f04-4207-afaa-6248b1c66366"},{"element-6066-11e4-a52e-4f735466cecf":"6551441b-6acf-4250-ae4d-df8146c93b2b"},{"element-6066-11e4-a52e-4f735466cecf":"1d8893ae-4605-4338-97fd-5fadb0c5c138"},{"element-6066-11e4-a52e-4f735466cecf":"727a16d8-bfce-4c17-b785-1ad9b2f2e7d9"},{"element-6066-11e4-a52e-4f735466cecf":"4ab2d145-7254-4268-92fc-0d20576f7c53"},{"element-6066-11e4-a52e-4f735466cecf":"928744bd-c157-4256-8864-ecdb1594d977"},{"element-6066-11e4-a52e-4f735466cecf":"aa7558bb-5f39-4a5e-89fa-2d52e10c2879"},{"element-6066-11e4-a52e-4f735466cecf":"8c376c1a-ab88-4687-8471-cd77615f6cb1"},{"element-6066-11e4-a52e-4f735466cecf":"42b5a13e-afe7-4037-b9b5-5dde9346c5ed"},{"element-6066-11e4-a52e-4f735466cecf":"5af747f8-000b-4679-bad4-a90807e7aafe"},{"element-6066-11e4-a52e-4f735466cecf":"fd933ae1-fdad-4edb-9094-84220563dcac"},{"element-6066-11e4-a52e-4f735466cecf":"3ec4ae62-ccd3-4e6a-a3c3-755e42a04b04"},{"element-6066-11e4-a52e-4f735466cecf":"fcbf5e97-eeb5-42da-958b-4c5b104e7474"},{"element-6066-11e4-a52e-4f735466cecf":"ac3e496f-2399-42bc-b8a0-2db90594bd0d"},{"element-6066-11e4-a52e-4f735466cecf":"079b6664-d86d-401b-a64f-c46f3a91a9f5"},{"element-6066-11e4-a52e-4f735466cecf":"e1ffbfc4-1d1a-4f9f-b9c0-4a2af735f660"},{"element-6066-11e4-a52e-4f735466cecf":"8d373f06-ed75-42c8-94b0-5af35b78b693"},{"element-6066-11e4-a52e-4f735466cecf":"3f318d00-950d-4b11-81c9-74de3eda120c"},{"element-6066-11e4-a52e-4f735466cecf":"5694a49a-6d59-4700-bc35-0872e5162ca1"},{"element-6066-11e4-a52e-4f735466cecf":"8498a4f4-22a6-44fc-8953-c099f624ac90"},{"element-6066-11e4-a52e-4f735466cecf":"98f42ae2-5bb4-4d88-8870-ea30069c6b48"},{"element-6066-11e4-a52e-4f735466cecf":"aae29cf0-fe6b-4bf5-9cb5-3e992f7806eb"},{"element-6066-11e4-a52e-4f735466cecf":"de11d4b9-7935-46c0-aa69-0a3d7a06a624"},{"element-6066-11e4-a52e-4f735466cecf":"a1e7a2c2-7bb1-4ce0-9a69-ce48e00fcd03"},{"element-6066-11e4-a52e-4f735466cecf":"88e91d72-ddeb-43f4-8662-138a8d5533b2"},{"element-6066-11e4-a52e-4f735466cecf":"aaab6b9f-6fef-4f2b-9098-3dc0d87a5f96"},{"element-6066-11e4-a52e-4f735466cecf":"8b281168-709f-4e29-9765-4633b3362800"},{"element-6066-11e4-a52e-4f735466cecf":"a2eae538-16f1-4e38-86c7-39845cb95989"},{"element-6066-11e4-a52e-4f735466cecf":"6eea90b4-6c9c-41af-8c5c-bec241c1fbb0"},{"element-6066-11e4-a52e-4f735466cecf":"a93941f1-bc5d-4073-833c-a375328d5a85"},{"element-6066-11e4-a52e-4f735466cecf":"e9099ecf-2744-4d16-a2f5-1bea248b851f"},{"element-6066-11e4-a52e-4f735466cecf":"eee1f49e-ebaf-489d-9e84-4a804189bcd4"},{"element-6066-11e4-a52e-4f735466cecf":"b47fcdf7-b576-4377-b7a1-1c30ccf8eecc"},{"element-6066-11e4-a52e-4f735466cecf":"7806757b-d21a-4325-8281-429b63d6d7c3"},{"element-6066-11e4-a52e-4f735466cecf":"adfdac1b-af53-46b8-ae5b-bf2c4ca3d64b"},{"element-6066-11e4-a52e-4f735466cecf":"aaee3f40-df55-407a-8dbe-836661b0aaf0"},{"element-6066-11e4-a52e-4f735466cecf":"ea4d2365-3f47-4b45-b11f-ef0f76b6f2be"},{"element-6066-11e4-a52e-4f735466cecf":"49999b12-6478-40cd-ab48-6319a087e04a"},{"element-6066-11e4-a52e-4f735466cecf":"26f475f3-c4bc-4105-ade8-e798f81f9a0d"},{"element-6066-11e4-a52e-4f735466cecf":"f0fa5820-58ee-4c3a-8e15-5c85ea556c29"},{"element-6066-11e4-a52e-4f735466cecf":"57ffd2ac-d96b-4c90-92a7-75ec1b014220"},{"element-6066-11e4-a52e-4f735466cecf":"06726638-5b99-43d5-a997-5564374c3751"},{"element-6066-11e4-a52e-4f735466cecf":"d227b642-cbfe-4cab-b0bd-373635c90656"},{"element-6066-11e4-a52e-4f735466cecf":"d8f0592b-ed35-48e4-9af6-99cf92b16ab8"},{"element-6066-11e4-a52e-4f735466cecf":"ea53e094-08d2-4a5d-a1e9-f58861d86092"},{"element-6066-11e4-a52e-4f735466cecf":"ec7531b8-51b9-4057-9947-ac07b93391a3"},{"element-6066-11e4-a52e-4f735466cecf":"9395d43c-3306-4508-babf-b08e8e7b0977"},{"element-6066-11e4-a52e-4f735466cecf":"1701dd31-ff6d-4a1d-a724-c4fcfada42f1"},{"element-6066-11e4-a52e-4f735466cecf":"cde6287e-a650-461f-9236-68a3e33a2fcc"},{"element-6066-11e4-a52e-4f735466cecf":"8d29ff71-5aa2-4384-beb7-90a202a2e56c"},{"element-6066-11e4-a52e-4f735466cecf":"f04a03e7-9612-4b0d-a3b0-74a327b909bf"},{"element-6066-11e4-a52e-4f735466cecf":"47fe4abd-c655-4774-90c8-cf81908bf1af"},{"element-6066-11e4-a52e-4f735466cecf":"b2ee4ba4-79b7-4167-87d0-2f0ea4f948ee"},{"element-6066-11e4-a52e-4f735466cecf":"ca1b340b-e7ae-45be-8764-0af062471eb4"},{"element-6066-11e4-a52e-4f735466cecf":"a2c90ad2-5daf-4714-b594-5f97706663af"},{"element-6066-11e4-a52e-4f735466cecf":"af00c717-a7ec-4e1d-960f-2a5df63ba0d2"},{"element-6066-11e4-a52e-4f735466cecf":"701904e3-6f79-47e5-8afe-83b87bbba63f"},{"element-6066-11e4-a52e-4f735466cecf":"30e68359-3790-4987-85c2-9d39d087e824"},{"element-6066-11e4-a52e-4f735466cecf":"f2cdb00c-2440-4445-86ca-67c2e6e2be30"},{"element-6066-11e4-a52e-4f735466cecf":"a0888a9b-144d-4197-a912-682f36786807"},{"element-6066-11e4-a52e-4f735466cecf":"497562e1-5922-4bc8-8eb0-1dbe67c87357"},{"element-6066-11e4-a52e-4f735466cecf":"964c5cbe-106e-40dd-8082-f7623dfe3454"},{"element-6066-11e4-a52e-4f735466cecf":"114ef3f8-b60b-4e5a-84f3-5fe678a8ab22"},{"element-6066-11e4-a52e-4f735466cecf":"e981ff3a-7700-49dc-9263-0c283085a494"},{"element-6066-11e4-a52e-4f735466cecf":"eb1783ca-e577-4caa-875e-548320b78488"},{"element-6066-11e4-a52e-4f735466cecf":"4121edf4-9f0d-4d22-a362-772b2890d0f4"},{"element-6066-11e4-a52e-4f735466cecf":"8c9b4176-75b0-493b-a496-f4fcbd108b5f"},{"element-6066-11e4-a52e-4f735466cecf":"4336955c-beee-4a6d-9448-0ed6f9146fee"},{"element-6066-11e4-a52e-4f735466cecf":"9e6cd0dc-bc3c-4df3-9aa0-fae74d6a29c9"},{"element-6066-11e4-a52e-4f735466cecf":"ff2c3d9e-f0d8-4751-8041-207be83ae75a"},{"element-6066-11e4-a52e-4f735466cecf":"78e88181-583f-49b4-8e7b-2b38473df1d0"},{"element-6066-11e4-a52e-4f735466cecf":"d1015f0f-67d6-4ff1-8102-a679bbb70177"},{"element-6066-11e4-a52e-4f735466cecf":"1c52b1a6-a233-46fd-b2fa-23913a809ad6"},{"element-6066-11e4-a52e-4f735466cecf":"8e501e7a-5e48-4c51-a699-a62a73399b61"},{"element-6066-11e4-a52e-4f735466cecf":"d8b21b28-35a0-4254-ad5b-4953896a9dc4"},{"element-6066-11e4-a52e-4f735466cecf":"45d830c5-01c8-45ba-8725-b94127650d15"},{"element-6066-11e4-a52e-4f735466cecf":"a0fa2802-c899-45e8-be83-590eef650b39"},{"element-6066-11e4-a52e-4f735466cecf":"d1c2aa9d-5ea2-479f-aad6-fe382321a01f"},{"element-6066-11e4-a52e-4f735466cecf":"82cec81c-d56d-47b5-8ccc-f6b44dd68212"},{"element-6066-11e4-a52e-4f735466cecf":"55b1a518-63b6-494d-afca-4c91b9877ca2"},{"element-6066-11e4-a52e-4f735466cecf":"3e5eb886-f4d8-418f-a329-9d12dc96a0cc"},{"element-6066-11e4-a52e-4f735466cecf":"5694ce80-ba88-457f-ba23-a5fb6aefbf96"},{"element-6066-11e4-a52e-4f735466cecf":"64673f51-4f63-495c-b96d-c831d046ad8a"},{"element-6066-11e4-a52e-4f735466cecf":"09edf7e8-1b64-420f-b908-006614b35622"},{"element-6066-11e4-a52e-4f735466cecf":"1247b891-06e5-4497-a134-8a5c6758a5c1"},{"element-6066-11e4-a52e-4f735466cecf":"9764e4f2-b008-4f6f-abfa-dbd4b1df35d1"},{"element-6066-11e4-a52e-4f735466cecf":"8e030b9c-db1d-4239-8b44-915d482f5e95"},{"element-6066-11e4-a52e-4f735466cecf":"9893dab0-8dec-44f2-926f-385099af9aa1"},{"element-6066-11e4-a52e-4f735466cecf":"8dfaf9b7-effa-4c83-869c-f0070a51575f"},{"element-6066-11e4-a52e-4f735466cecf":"317a070d-fe6a-434e-9a64-dd474c1b33d6"},{"element-6066-11e4-a52e-4f735466cecf":"76bacce4-5552-45d5-a125-9fae06a9fb9b"},{"element-6066-11e4-a52e-4f735466cecf":"839e7e27-b2cc-4df1-a214-ef3e47aca768"},{"element-6066-11e4-a52e-4f735466cecf":"ed933c77-9d9a-4b37-9f1a-bc01c3c1ecaf"},{"element-6066-11e4-a52e-4f735466cecf":"f488f19b-e9ef-441b-b118-e7854df46e7b"},{"element-6066-11e4-a52e-4f735466cecf":"c83c2a7a-0417-450e-ab70-fae478465d43"},{"element-6066-11e4-a52e-4f735466cecf":"711e39a9-0d18-4f2a-8cad-59178296197a"},{"element-6066-11e4-a52e-4f735466cecf":"776b7fa9-8e5e-42e5-9f24-562b75d7170f"},{"element-6066-11e4-a52e-4f735466cecf":"45854402-f275-48dc-b8f9-a147ad22c79a"},{"element-6066-11e4-a52e-4f735466cecf":"29622302-8336-46e4-a5a0-fad3936f6bda"},{"element-6066-11e4-a52e-4f735466cecf":"82e29fb7-ff4a-46c4-8e29-8f563acc752c"},{"element-6066-11e4-a52e-4f735466cecf":"69606e6e-bdb9-4547-99f2-bae71d1c7537"},{"element-6066-11e4-a52e-4f735466cecf":"30ba5582-6aa9-40b0-91e9-cdc4dd9c6dbe"},{"element-6066-11e4-a52e-4f735466cecf":"12a4e2f3-8526-4646-94fd-c74217d8d60f"},{"element-6066-11e4-a52e-4f735466cecf":"978ca15c-3623-4010-b651-4c9c50ca24f3"},{"element-6066-11e4-a52e-4f735466cecf":"fefb0e65-fc86-4baf-b8e5-3d5e29c7f296"},{"element-6066-11e4-a52e-4f735466cecf":"0da2e5d2-cf81-466c-b7a9-032acaedec8f"},{"element-6066-11e4-a52e-4f735466cecf":"efe2070d-fd73-493f-af67-f7aa2401ad34"},{"element-6066-11e4-a52e-4f735466cecf":"af1ab477-1797-4346-a608-3a67f2bb2053"},{"element-6066-11e4-a52e-4f735466cecf":"cc486f84-37e0-43ed-ac08-6f17bfcef659"},{"element-6066-11e4-a52e-4f735466cecf":"5c3d0a14-2acb-4931-98cb-2a9825f47391"},{"element-6066-11e4-a52e-4f735466cecf":"def85ee8-d5a1-4bd5-8a84-cd4c8b612c37"},{"element-6066-11e4-a52e-4f735466cecf":"01684435-c04e-4c81-8bc1-99b1c7d37a9d"},{"element-6066-11e4-a52e-4f735466cecf":"2aa67fc1-5a93-4a70-b273-046d7bbe5290"},{"element-6066-11e4-a52e-4f735466cecf":"4c9d0d0a-253a-4bd6-9235-8ba61348229f"},{"element-6066-11e4-a52e-4f735466cecf":"184c69a9-f0ad-445f-a133-12b94e531457"},{"element-6066-11e4-a52e-4f735466cecf":"4a0b329d-8038-425d-a7ca-f416c5636d9a"},{"element-6066-11e4-a52e-4f735466cecf":"f79103a4-4dce-4bc1-a566-48b9894d8e8e"},{"element-6066-11e4-a52e-4f735466cecf":"11f562d3-3ad8-489e-9da1-7831fdbb1f79"},{"element-6066-11e4-a52e-4f735466cecf":"edde3ed9-1f22-45e3-bf30-56bc1bd6641d"},{"element-6066-11e4-a52e-4f735466cecf":"45134d69-1f2d-4088-b052-d18259ddd64e"},{"element-6066-11e4-a52e-4f735466cecf":"6a27c1ae-0980-45c6-b2c6-851a71f7222e"},{"element-6066-11e4-a52e-4f735466cecf":"0398d8ad-0c0b-4e12-99fd-15cd68326afc"},{"element-6066-11e4-a52e-4f735466cecf":"1ade7960-50fb-4314-8950-c3b3247c2c74"},{"element-6066-11e4-a52e-4f735466cecf":"cc4819e9-073d-4575-842f-dacc4f359ea7"},{"element-6066-11e4-a52e-4f735466cecf":"74586eeb-911c-46a6-9f59-e89718b3e0d2"},{"element-6066-11e4-a52e-4f735466cecf":"13427a6d-affb-4835-b1aa-82a03264c45f"},{"element-6066-11e4-a52e-4f735466cecf":"dcd66b1f-c5a9-4501-9111-59d4ad01f2bf"},{"element-6066-11e4-a52e-4f735466cecf":"87ed3be1-7f67-4e33-ace7-48c5977fd63f"},{"element-6066-11e4-a52e-4f735466cecf":"ed453f76-46f2-4719-a944-2e050fd70cca"},{"element-6066-11e4-a52e-4f735466cecf":"9bf5ad40-252a-4b3e-8f01-cd07c6c76ac9"},{"element-6066-11e4-a52e-4f735466cecf":"b0a10aa5-a59d-424d-84c3-88d0b94c3486"},{"element-6066-11e4-a52e-4f735466cecf":"87c7a58d-d744-4726-81b1-9a2f3fb33b53"},{"element-6066-11e4-a52e-4f735466cecf":"9f9d6065-424f-4268-9de2-e67b28546411"},{"element-6066-11e4-a52e-4f735466cecf":"1bbc2c21-403a-4cf4-b0e7-f536fc42a439"},{"element-6066-11e4-a52e-4f735466cecf":"16d525ba-a3d4-4863-a68c-2c88e12f9d09"},{"element-6066-11e4-a52e-4f735466cecf":"e75e99dd-637e-473b-8d22-c0009bba034e"},{"element-6066-11e4-a52e-4f735466cecf":"66b22473-b652-4c8c-b02c-31b9224f47fd"},{"element-6066-11e4-a52e-4f735466cecf":"8220b054-7625-42a7-b67c-23b6bd5bcf94"},{"element-6066-11e4-a52e-4f735466cecf":"3dfa3e2a-51d8-495b-8091-bcfde22124c6"},{"element-6066-11e4-a52e-4f735466cecf":"39022040-e026-4f75-a913-08aafea6104f"},{"element-6066-11e4-a52e-4f735466cecf":"c82dd7cf-97c7-47f7-a676-141f0105b233"},{"element-6066-11e4-a52e-4f735466cecf":"18419227-c84f-4a2d-a6ed-970b13d0864c"},{"element-6066-11e4-a52e-4f735466cecf":"5ae569ae-d235-4b7c-b81b-b4f4fac2193b"},{"element-6066-11e4-a52e-4f735466cecf":"f7709f4f-6a4b-4017-b430-6de6094ab8f1"},{"element-6066-11e4-a52e-4f735466cecf":"e2e6e088-9f47-4f76-a47e-56525c6697e2"},{"element-6066-11e4-a52e-4f735466cecf":"9b96302c-e2b5-40c3-8f82-714f741087d5"},{"element-6066-11e4-a52e-4f735466cecf":"004efc69-ab09-49b6-935c-537f0c9d547c"},{"element-6066-11e4-a52e-4f735466cecf":"772ce838-8f74-4641-97fe-aa0d7dcbfaf4"},{"element-6066-11e4-a52e-4f735466cecf":"4515ee36-6180-4b37-bab1-f9fdf6dc4a83"},{"element-6066-11e4-a52e-4f735466cecf":"abbbc95a-3435-4be3-bbc6-c944c3ae2741"},{"element-6066-11e4-a52e-4f735466cecf":"bb6fac7c-2843-46d1-9f11-9e3ab79bb4d8"},{"element-6066-11e4-a52e-4f735466cecf":"b9c83b85-cd0d-4de1-9f03-f83fbed89c94"},{"element-6066-11e4-a52e-4f735466cecf":"85313dc0-a38b-4aad-94f3-ee5fb33afd30"},{"element-6066-11e4-a52e-4f735466cecf":"21f3bd03-9287-49a6-8097-b59f8c0dede1"},{"element-6066-11e4-a52e-4f735466cecf":"67eefd97-5ac4-4fdc-b673-16318785317c"},{"element-6066-11e4-a52e-4f735466cecf":"90162450-708a-4e7e-99f3-a2968a5ad2e1"},{"element-6066-11e4-a52e-4f735466cecf":"0b40e890-3cf6-4649-84af-e3fcd1e09c14"},{"element-6066-11e4-a52e-4f735466cecf":"2d670c83-0903-4c0b-bf2b-0aa32f60a843"},{"element-6066-11e4-a52e-4f735466cecf":"56bd87f1-9ce6-46ff-b489-c1100e320ee1"},{"element-6066-11e4-a52e-4f735466cecf":"e26b56e2-2aab-411d-b156-c5f94fd72853"},{"element-6066-11e4-a52e-4f735466cecf":"b4650684-ae74-4ac0-a99a-d88edf3d9590"},{"element-6066-11e4-a52e-4f735466cecf":"6572d825-355f-41ea-b44c-114cba0f15ea"},{"element-6066-11e4-a52e-4f735466cecf":"46fa61b5-25d3-49e4-8867-6e922a46aa01"},{"element-6066-11e4-a52e-4f735466cecf":"c9d9d94a-cbe7-458d-865c-c84e186cb6be"},{"element-6066-11e4-a52e-4f735466cecf":"9e15f248-34dd-443e-bc97-6d082f479220"},{"element-6066-11e4-a52e-4f735466cecf":"a479fef3-34f5-4400-ae80-9d4b2b4dfd8d"},{"element-6066-11e4-a52e-4f735466cecf":"4c3e818e-159d-4c2d-87b3-38f620ff2bf0"},{"element-6066-11e4-a52e-4f735466cecf":"17b423bd-183f-4230-bf9a-ea4ad3f39e1d"},{"element-6066-11e4-a52e-4f735466cecf":"79490420-2ec2-40be-aed6-58e87c2dc5a5"},{"element-6066-11e4-a52e-4f735466cecf":"a9764ceb-ba9c-4cd6-b926-eacbb838bae5"},{"element-6066-11e4-a52e-4f735466cecf":"100d34b6-2afb-4ab9-bc54-2cbd19c40093"},{"element-6066-11e4-a52e-4f735466cecf":"7a36c062-d1fd-4e5a-9e35-386a655f8d73"},{"element-6066-11e4-a52e-4f735466cecf":"8fe2f9ac-17aa-4fba-a0a2-e597ea1c6548"},{"element-6066-11e4-a52e-4f735466cecf":"13c62681-c24a-4caa-b237-7c60b8f10553"},{"element-6066-11e4-a52e-4f735466cecf":"ca50a51c-6bb4-42b9-9db0-c76c03655af1"},{"element-6066-11e4-a52e-4f735466cecf":"1545f860-89e7-4777-9001-ee9ffeb65544"},{"element-6066-11e4-a52e-4f735466cecf":"4df614ae-9796-4708-98e1-735be5f99021"},{"element-6066-11e4-a52e-4f735466cecf":"a44bc5e5-e223-49f9-b700-9e4a34a9ce40"},{"element-6066-11e4-a52e-4f735466cecf":"230ae186-e2aa-423b-acb5-e96082abe5fe"},{"element-6066-11e4-a52e-4f735466cecf":"8872e7bc-04f0-48f8-9e2b-3f8ae780ccfa"},{"element-6066-11e4-a52e-4f735466cecf":"ba4ca6e9-63a7-49c2-bb66-6e38004b28a2"},{"element-6066-11e4-a52e-4f735466cecf":"e459ed74-cc60-4d1a-85d1-5fced0708862"},{"element-6066-11e4-a52e-4f735466cecf":"0b6e1ce9-5a7b-44f5-8a77-58c397a726bb"},{"element-6066-11e4-a52e-4f735466cecf":"838578bf-9fab-454a-8e70-3f39c166ba82"},{"element-6066-11e4-a52e-4f735466cecf":"1e198993-9285-4327-9031-0d16b1fe2e20"},{"element-6066-11e4-a52e-4f735466cecf":"e231b5c9-9b44-4539-aea2-80b8f5115f20"},{"element-6066-11e4-a52e-4f735466cecf":"b70a7cc3-3472-4f8d-a74f-170576485492"},{"element-6066-11e4-a52e-4f735466cecf":"ceb49539-df48-4a2f-98e4-026fccc7b62a"},{"element-6066-11e4-a52e-4f735466cecf":"25479bb8-a236-4812-bb52-5bce1e677fa0"},{"element-6066-11e4-a52e-4f735466cecf":"ac2dc7ee-a658-4349-9d2c-1a725735d83c"},{"element-6066-11e4-a52e-4f735466cecf":"97ae607e-10a6-4f9a-bc6d-0f2a936c38f0"},{"element-6066-11e4-a52e-4f735466cecf":"1618fdf0-e142-44d2-9089-1fe670eea901"},{"element-6066-11e4-a52e-4f735466cecf":"b70ba947-7318-4f39-bd85-ccd1b1290d9e"},{"element-6066-11e4-a52e-4f735466cecf":"aa0879d4-a954-4c83-8a9e-0089097343d2"},{"element-6066-11e4-a52e-4f735466cecf":"e210f6de-3a69-4a7c-bb43-e622cba35782"},{"element-6066-11e4-a52e-4f735466cecf":"04580ae9-0da8-4e96-8800-9187acbd3901"},{"element-6066-11e4-a52e-4f735466cecf":"c27a7559-bac3-499f-baad-09b564287856"},{"element-6066-11e4-a52e-4f735466cecf":"d44a8f94-fd20-4589-950b-ad242eb92c16"},{"element-6066-11e4-a52e-4f735466cecf":"aec0fda5-df34-4c94-81bb-d830c3ff6620"},{"element-6066-11e4-a52e-4f735466cecf":"74c6ccaa-a92b-4132-a4bc-ea8755296571"},{"element-6066-11e4-a52e-4f735466cecf":"3e6d7d29-022c-40ae-9d77-58e4f3400792"},{"element-6066-11e4-a52e-4f735466cecf":"781cd4ce-e135-4e99-811b-cad57ef80a47"},{"element-6066-11e4-a52e-4f735466cecf":"6fcc5e2f-cb8c-4a01-a81c-d6e280f4002b"},{"element-6066-11e4-a52e-4f735466cecf":"cb2f7bfc-8f23-4fcc-a0c4-74c7aa1d1c9d"},{"element-6066-11e4-a52e-4f735466cecf":"5821e558-1f3f-4dc1-bdb3-cdabcce8f19a"},{"element-6066-11e4-a52e-4f735466cecf":"a22c503f-d534-492e-8b35-2480dcc635e2"},{"element-6066-11e4-a52e-4f735466cecf":"183def4f-6804-4fe6-9a84-7b36534dbc1c"},{"element-6066-11e4-a52e-4f735466cecf":"ebd4f61b-ef5f-42b5-811b-081e11e53b5e"},{"element-6066-11e4-a52e-4f735466cecf":"15d14b22-0524-46da-9760-b1aa4bda605a"},{"element-6066-11e4-a52e-4f735466cecf":"188d2788-8846-4c97-823e-c8088c1d4510"},{"element-6066-11e4-a52e-4f735466cecf":"447fcdda-badb-463c-b113-e7631b50bdff"},{"element-6066-11e4-a52e-4f735466cecf":"c42615be-f510-40ad-ae03-47135c5f6cf5"},{"element-6066-11e4-a52e-4f735466cecf":"5f5f99c6-7560-4b3f-a9cc-d4506936a5d7"},{"element-6066-11e4-a52e-4f735466cecf":"ef695f19-0d13-4e7a-a043-d5984eb4b504"},{"element-6066-11e4-a52e-4f735466cecf":"7dd1edd8-5242-4808-a963-c87c31f18266"},{"element-6066-11e4-a52e-4f735466cecf":"d92e8fdb-dff8-4eca-8b6f-cd87e47af634"},{"element-6066-11e4-a52e-4f735466cecf":"70b07058-8693-4edf-b71a-ed5f6c1b42f3"},{"element-6066-11e4-a52e-4f735466cecf":"5ab284d8-ac17-4f6f-b565-ef0195e6e90c"},{"element-6066-11e4-a52e-4f735466cecf":"fb13e8e5-3254-408c-8287-2f5d8c644908"},{"element-6066-11e4-a52e-4f735466cecf":"cba4dfa1-8758-4515-b400-93718c8a674b"},{"element-6066-11e4-a52e-4f735466cecf":"ed779407-fc41-4e29-8fd9-0bb7e849dc26"},{"element-6066-11e4-a52e-4f735466cecf":"79894b25-b528-4828-a7d1-f79fe4c7fdaf"},{"element-6066-11e4-a52e-4f735466cecf":"786bbac6-1c21-4680-b82b-9b71fd6e0c87"},{"element-6066-11e4-a52e-4f735466cecf":"085d0848-df9d-4034-88ab-22c366285ffb"},{"element-6066-11e4-a52e-4f735466cecf":"f3f89308-8b42-476e-8601-91dcc002b391"},{"element-6066-11e4-a52e-4f735466cecf":"83c00676-3f01-42e4-9cae-f40d42a435da"},{"element-6066-11e4-a52e-4f735466cecf":"08535b8b-79e0-422e-aa26-0d0f79207068"},{"element-6066-11e4-a52e-4f735466cecf":"39b3a2c4-453a-4373-a905-40b4318dadce"},{"element-6066-11e4-a52e-4f735466cecf":"5c24a06d-ab75-4b6f-b239-82f42070cfd3"},{"element-6066-11e4-a52e-4f735466cecf":"e8a74e52-d73a-4c63-8ecd-e16087f9ccbe"},{"element-6066-11e4-a52e-4f735466cecf":"9de9b99d-1c6e-4e83-a9ac-8fd27e14c5a8"},{"element-6066-11e4-a52e-4f735466cecf":"3e3743c0-1cdf-4fe2-b374-2733c6ac5ef5"},{"element-6066-11e4-a52e-4f735466cecf":"b70107eb-d07c-4add-b031-a4b1e3d5567c"},{"element-6066-11e4-a52e-4f735466cecf":"1d623169-4338-4a00-9ae3-23ccb8086e01"},{"element-6066-11e4-a52e-4f735466cecf":"d3f4a46c-00eb-4e76-9f0f-6b4ecb5d3409"},{"element-6066-11e4-a52e-4f735466cecf":"7c2f86cf-c07c-4da3-bd3d-a0dac73f3962"},{"element-6066-11e4-a52e-4f735466cecf":"ff89106c-b08a-4b15-9241-432ecd34c590"},{"element-6066-11e4-a52e-4f735466cecf":"bb351183-095c-4511-bccc-c33a225216cc"},{"element-6066-11e4-a52e-4f735466cecf":"b2b388b3-a06c-49a8-b241-b5bd539aba16"},{"element-6066-11e4-a52e-4f735466cecf":"25477064-efae-43b2-8585-f798ff1c9aed"},{"element-6066-11e4-a52e-4f735466cecf":"0578d525-8942-4da5-b8ca-b20adc31ae72"},{"element-6066-11e4-a52e-4f735466cecf":"b1b9e410-6488-47a1-833d-d9c24fe47b68"},{"element-6066-11e4-a52e-4f735466cecf":"d74b8d7e-2717-4111-9c5d-0fbc3468abff"},{"element-6066-11e4-a52e-4f735466cecf":"cfd6d220-b562-4eee-bb54-20009f0fcc1d"},{"element-6066-11e4-a52e-4f735466cecf":"629e0526-db70-4b8e-9550-81ffa4199ec4"},{"element-6066-11e4-a52e-4f735466cecf":"dc3636d7-a92b-45dc-af5c-f5a28afa40a7"},{"element-6066-11e4-a52e-4f735466cecf":"a4b5f4e1-08f1-4b34-8e74-b59f469c4fa5"},{"element-6066-11e4-a52e-4f735466cecf":"ce3bc5b1-0b5b-46c3-b69e-162e18ea9898"},{"element-6066-11e4-a52e-4f735466cecf":"ab3c4dfa-86b2-425d-b760-8047a3ece903"},{"element-6066-11e4-a52e-4f735466cecf":"9f36dbe9-7df7-41ca-8d26-6714272ff0d6"},{"element-6066-11e4-a52e-4f735466cecf":"bae2f2c7-9b74-47c8-b70f-85962e74bc3f"},{"element-6066-11e4-a52e-4f735466cecf":"1ba467e4-7814-4fb9-bd48-c900227bbe2d"},{"element-6066-11e4-a52e-4f735466cecf":"1d37d304-cf6f-45fb-a521-1315fe637032"},{"element-6066-11e4-a52e-4f735466cecf":"639249d1-93ce-4f72-8711-dbe48292f748"},{"element-6066-11e4-a52e-4f735466cecf":"44243cb2-057a-4afe-bcfd-aaa3eebd9c85"},{"element-6066-11e4-a52e-4f735466cecf":"6d6c4a53-b564-4e19-bb26-f055175c66a1"},{"element-6066-11e4-a52e-4f735466cecf":"0758576e-60e1-4a42-81d7-2c70ef96dc5f"},{"element-6066-11e4-a52e-4f735466cecf":"f41920d2-72f8-4dae-a26a-3512a1806cbe"},{"element-6066-11e4-a52e-4f735466cecf":"1f0b2f7f-73d6-49e7-902d-81b289fad79a"},{"element-6066-11e4-a52e-4f735466cecf":"e9881598-3fef-4209-8823-52904b53607f"},{"element-6066-11e4-a52e-4f735466cecf":"55f71272-d391-4f14-8697-b3c505c23803"},{"element-6066-11e4-a52e-4f735466cecf":"6712677f-86d1-474b-87e8-66d1360fc928"},{"element-6066-11e4-a52e-4f735466cecf":"26d77581-c6c4-4410-98b3-677f2867fe01"},{"element-6066-11e4-a52e-4f735466cecf":"c70e5d32-b717-40cb-bec3-2093efd2ac14"},{"element-6066-11e4-a52e-4f735466cecf":"1fe42624-b1dd-4301-98c0-09570a19e0ae"},{"element-6066-11e4-a52e-4f735466cecf":"ac087dde-c839-4cf9-b724-f0e319d00219"},{"element-6066-11e4-a52e-4f735466cecf":"0df4e6e2-7938-4baa-9a01-8e37deb6012d"},{"element-6066-11e4-a52e-4f735466cecf":"392c9b98-fb45-44a0-b103-b6051be760d0"},{"element-6066-11e4-a52e-4f735466cecf":"3bfe2b10-d449-443c-a3de-05a9acf1818f"},{"element-6066-11e4-a52e-4f735466cecf":"4b7db076-f61e-4578-938d-fb4e2ce4fe10"},{"element-6066-11e4-a52e-4f735466cecf":"5cbd5082-7f9f-4d4f-b210-5d1327d3f2e5"},{"element-6066-11e4-a52e-4f735466cecf":"fc829f3c-10d0-4d7f-9af9-305f8dc30ba4"},{"element-6066-11e4-a52e-4f735466cecf":"81e92109-f1be-4b33-9f4f-5654bf59ff18"},{"element-6066-11e4-a52e-4f735466cecf":"2ff1f723-7cd9-4b77-b22e-1c55fa2cc65f"},{"element-6066-11e4-a52e-4f735466cecf":"20c442e8-c4f7-4af4-a9b7-fe0eaf370b98"},{"element-6066-11e4-a52e-4f735466cecf":"dc1c353e-a4bd-4a61-89f6-c225446f028f"},{"element-6066-11e4-a52e-4f735466cecf":"847dcc05-af10-4a73-837c-f4a5e4927fda"},{"element-6066-11e4-a52e-4f735466cecf":"23f4b761-eaa8-45cd-b6ef-d7a81214bbe1"},{"element-6066-11e4-a52e-4f735466cecf":"36d4ef53-a205-4bcf-b3c0-8a0e9e65d51a"},{"element-6066-11e4-a52e-4f735466cecf":"536d6dc4-31a6-4bc9-a5f0-f339d682aee3"},{"element-6066-11e4-a52e-4f735466cecf":"3d1f7201-157c-439b-976d-eb3ab87a3fdf"},{"element-6066-11e4-a52e-4f735466cecf":"acdea6d2-0762-4844-aee8-931e19774819"},{"element-6066-11e4-a52e-4f735466cecf":"d70224cb-8933-4653-a76b-07c9f36ff87d"},{"element-6066-11e4-a52e-4f735466cecf":"c742258d-0655-42b9-96c0-23d0acf7bd1b"},{"element-6066-11e4-a52e-4f735466cecf":"7bdfa8d6-1ec7-4222-ba5c-b0cd4210b4f5"},{"element-6066-11e4-a52e-4f735466cecf":"e3bfd579-e049-4321-8ea1-e0fee8edb304"},{"element-6066-11e4-a52e-4f735466cecf":"6fd2a7dd-0dea-46bc-ba29-e9404cf7511c"},{"element-6066-11e4-a52e-4f735466cecf":"dbf453fb-79f3-4255-af33-5206e3972757"},{"element-6066-11e4-a52e-4f735466cecf":"62b2f6ba-9243-4daa-bcf2-fb120260f426"},{"element-6066-11e4-a52e-4f735466cecf":"7eec86a4-d278-418d-8567-ef64a32f821f"},{"element-6066-11e4-a52e-4f735466cecf":"80a8e892-c135-4dfb-9d1b-a3203acc7fda"},{"element-6066-11e4-a52e-4f735466cecf":"c9eabbc3-094f-48af-99e1-813a7016639f"},{"element-6066-11e4-a52e-4f735466cecf":"b597bf33-5e7e-4dfb-aad8-9308526e92e5"},{"element-6066-11e4-a52e-4f735466cecf":"afcd2fce-b8f2-47de-910e-7562d5574066"},{"element-6066-11e4-a52e-4f735466cecf":"28ea6fd4-7d29-4948-87ec-df52d7870bb2"},{"element-6066-11e4-a52e-4f735466cecf":"305f36d4-d3ec-4015-acd1-cfb33889a654"},{"element-6066-11e4-a52e-4f735466cecf":"31a9aec0-a63a-4e2b-b6ca-dab868dbdf8c"},{"element-6066-11e4-a52e-4f735466cecf":"0006d478-0aee-49f1-b87d-a7024cabde88"},{"element-6066-11e4-a52e-4f735466cecf":"27eac367-1669-4938-b916-4fd487f947f6"},{"element-6066-11e4-a52e-4f735466cecf":"ee6dfde4-de94-440f-8fde-0019138e7b32"},{"element-6066-11e4-a52e-4f735466cecf":"23a423dd-b25f-4211-9df7-f99e8de5fded"},{"element-6066-11e4-a52e-4f735466cecf":"0d75f20d-a9e5-4e38-99fc-00e83120e8e1"},{"element-6066-11e4-a52e-4f735466cecf":"4afe6186-9318-44a8-ab10-9b1ea8fee785"},{"element-6066-11e4-a52e-4f735466cecf":"4e6baa4e-a105-4426-88dc-235ac172e24d"},{"element-6066-11e4-a52e-4f735466cecf":"3e53570f-aff9-4f4a-ac7a-e645f7a9f39d"},{"element-6066-11e4-a52e-4f735466cecf":"52d16af0-8cf3-46a3-a20e-ff211193277d"},{"element-6066-11e4-a52e-4f735466cecf":"61f15bbf-a18d-4fae-ab47-0e5f9aba1b79"},{"element-6066-11e4-a52e-4f735466cecf":"d5560445-b28b-4263-9f2e-b3a17e3aa280"},{"element-6066-11e4-a52e-4f735466cecf":"5252e30a-22ea-4d4d-b475-956b2bbb2d20"},{"element-6066-11e4-a52e-4f735466cecf":"cd34d644-aea2-4bcd-b945-314274876c72"},{"element-6066-11e4-a52e-4f735466cecf":"0fcd7cd7-38ea-4b95-8b65-db7f1344da32"},{"element-6066-11e4-a52e-4f735466cecf":"1e738f89-e165-4ccf-ad29-853eb9b8ed10"},{"element-6066-11e4-a52e-4f735466cecf":"6bf51dec-cc02-48eb-9af2-0dbb3f38c505"},{"element-6066-11e4-a52e-4f735466cecf":"58abb6b2-b891-4b92-b21d-ef4afd70df4c"},{"element-6066-11e4-a52e-4f735466cecf":"4c6f7be8-a12a-406b-a566-23e6f1036a9f"},{"element-6066-11e4-a52e-4f735466cecf":"d6ee79d2-73a5-4f66-bfa5-7620348f8ab1"},{"element-6066-11e4-a52e-4f735466cecf":"50cc0303-6d98-44a4-9080-4dfeefda2548"},{"element-6066-11e4-a52e-4f735466cecf":"387c5b20-4796-4c16-bf1c-b64ac50df32a"},{"element-6066-11e4-a52e-4f735466cecf":"e09b4d97-c117-4d79-9c37-aa8587b6b5ef"},{"element-6066-11e4-a52e-4f735466cecf":"c62ae65e-1f74-4504-a8d5-f240daaa8669"},{"element-6066-11e4-a52e-4f735466cecf":"d86b1d97-2dbe-491c-ba00-55f296a0344b"},{"element-6066-11e4-a52e-4f735466cecf":"a0d97d4f-1bc0-4aed-b458-6af2002c6628"},{"element-6066-11e4-a52e-4f735466cecf":"bacafc3d-63d9-4e41-84a5-3c7c99a63423"},{"element-6066-11e4-a52e-4f735466cecf":"27c6582c-7eaf-40f3-990d-f0441794150d"},{"element-6066-11e4-a52e-4f735466cecf":"7befd31e-453c-4b63-8f2d-ab997f0db6c2"},{"element-6066-11e4-a52e-4f735466cecf":"a0a47b9e-8391-4263-984c-923e9eb33c8e"},{"element-6066-11e4-a52e-4f735466cecf":"79167ce2-7486-4a5b-9ced-fd9b525e5528"},{"element-6066-11e4-a52e-4f735466cecf":"b8afd7f4-c71b-4ace-ac50-0ed3fe787eaf"},{"element-6066-11e4-a52e-4f735466cecf":"29611e4f-3e7f-4424-b351-c0637549b9e9"},{"element-6066-11e4-a52e-4f735466cecf":"748ebc15-b234-49ee-a92b-a083b9919880"},{"element-6066-11e4-a52e-4f735466cecf":"df03c5c7-1d14-4e95-b376-c328639c6bfe"},{"element-6066-11e4-a52e-4f735466cecf":"bddd5b38-d174-4d10-a374-8b8dc7fc2123"},{"element-6066-11e4-a52e-4f735466cecf":"44040041-e99f-4aa6-a92e-c491872b6804"},{"element-6066-11e4-a52e-4f735466cecf":"4e93ce20-7638-4ab3-bf5c-d7f645ad32b2"},{"element-6066-11e4-a52e-4f735466cecf":"1e657be2-4d44-4b0d-8822-9ec57c112552"},{"element-6066-11e4-a52e-4f735466cecf":"5bacb93f-2388-4574-b74b-f33bf79124bb"},{"element-6066-11e4-a52e-4f735466cecf":"d3a419f9-0dc6-4f74-bfa8-79d5c7d57e11"},{"element-6066-11e4-a52e-4f735466cecf":"13f0e5c4-797a-4932-924e-ca9c46e6d0cf"},{"element-6066-11e4-a52e-4f735466cecf":"75d00858-84be-455a-9fa5-1f1d2341a5eb"},{"element-6066-11e4-a52e-4f735466cecf":"d59f0759-7b7d-4d0b-8f6c-ce58d48ce21a"},{"element-6066-11e4-a52e-4f735466cecf":"9fad4ec6-95ea-42ad-a6ce-1ea4b5428f45"},{"element-6066-11e4-a52e-4f735466cecf":"8407148b-6f4f-4418-8e4b-12d4545da806"},{"element-6066-11e4-a52e-4f735466cecf":"a70aea75-c9c0-41d0-b802-20994eaffafb"},{"element-6066-11e4-a52e-4f735466cecf":"6ac1e56e-383a-4e68-b23c-8b7c807d8ed6"},{"element-6066-11e4-a52e-4f735466cecf":"8e9e945f-e523-43cd-b0e6-825c333a7338"},{"element-6066-11e4-a52e-4f735466cecf":"80d54f92-80d8-41e9-b48d-c87b7a62c8fd"},{"element-6066-11e4-a52e-4f735466cecf":"b64ab6ac-7526-4dbb-9306-3fceb64b3f2b"},{"element-6066-11e4-a52e-4f735466cecf":"7b44d365-f657-4982-aae5-ec58625fbbc9"},{"element-6066-11e4-a52e-4f735466cecf":"071499bf-e28b-47e3-8ae5-c55ab5d2a2f1"},{"element-6066-11e4-a52e-4f735466cecf":"8eb31822-7434-47c6-9586-39a7dac1f8b3"},{"element-6066-11e4-a52e-4f735466cecf":"50427d3c-2dcb-4827-89a9-3c7620e482d8"},{"element-6066-11e4-a52e-4f735466cecf":"907d802e-af0a-4f5a-b828-914b33465b23"},{"element-6066-11e4-a52e-4f735466cecf":"b0cd09a2-c8ee-4e28-bd59-e75f946e6e72"},{"element-6066-11e4-a52e-4f735466cecf":"62918dfb-687c-4ff8-bc92-dfbf43a29041"},{"element-6066-11e4-a52e-4f735466cecf":"5b1a83d6-800b-421d-a95b-e40554ee5cd5"},{"element-6066-11e4-a52e-4f735466cecf":"6199c7c9-9961-4700-a7e0-829231cc1374"},{"element-6066-11e4-a52e-4f735466cecf":"00a31029-ef7f-479c-a8d9-981cd24dc802"},{"element-6066-11e4-a52e-4f735466cecf":"1a0be753-4cea-4477-a3b4-91a57a0ca163"},{"element-6066-11e4-a52e-4f735466cecf":"335a9829-488e-4474-aba1-51d6de411ec0"},{"element-6066-11e4-a52e-4f735466cecf":"aad5ce87-0cad-41f3-ab89-d6e30a91f942"},{"element-6066-11e4-a52e-4f735466cecf":"79064d02-88da-4d69-85c3-9fc71e59758d"},{"element-6066-11e4-a52e-4f735466cecf":"915122f6-1bc6-4d90-aa21-7b17ac91953b"},{"element-6066-11e4-a52e-4f735466cecf":"31dae437-b920-40bb-85ed-0f06f222ce2b"},{"element-6066-11e4-a52e-4f735466cecf":"d01a7d76-72f2-4d4e-a37a-3db44185cca2"},{"element-6066-11e4-a52e-4f735466cecf":"bf2c6f0f-c623-47b0-8f4e-fa4de24012ac"},{"element-6066-11e4-a52e-4f735466cecf":"ffc68edb-9d55-4b6d-83c7-c7b4d1a916fa"},{"element-6066-11e4-a52e-4f735466cecf":"ce53a272-25a2-4732-a119-787871ee7180"},{"element-6066-11e4-a52e-4f735466cecf":"b501ee54-474b-4d6a-9db4-73489895fb61"},{"element-6066-11e4-a52e-4f735466cecf":"f9dec5a4-52c4-4d6f-b16d-f43cd2ed25cd"},{"element-6066-11e4-a52e-4f735466cecf":"66d5267d-9812-4838-967a-da074cbe53d4"},{"element-6066-11e4-a52e-4f735466cecf":"89e3663c-fb3d-4fbc-bc1b-0b52e282d8a5"},{"element-6066-11e4-a52e-4f735466cecf":"a5d107aa-c91e-4f72-85bc-a94b93919e6d"},{"element-6066-11e4-a52e-4f735466cecf":"37ba0c51-48e6-4a69-95fc-0ab70217f6e1"},{"element-6066-11e4-a52e-4f735466cecf":"519c6855-cc1e-4d5e-8210-2c6a6856b5b3"},{"element-6066-11e4-a52e-4f735466cecf":"86eececf-32d2-47bb-93d9-e8f42ec401a9"},{"element-6066-11e4-a52e-4f735466cecf":"6a26c370-e801-44f1-963d-df92e15262c1"},{"element-6066-11e4-a52e-4f735466cecf":"79d26dfb-a2ae-4d9a-aa02-e22f90c62bff"},{"element-6066-11e4-a52e-4f735466cecf":"412ae0fb-bd1e-43da-b721-327a780dc567"},{"element-6066-11e4-a52e-4f735466cecf":"cb3b6052-cf2f-4ca7-9f22-e32e3618b05f"},{"element-6066-11e4-a52e-4f735466cecf":"4e3e2fa0-8960-44be-a220-0b3b0c9c9733"},{"element-6066-11e4-a52e-4f735466cecf":"a0de8da9-8f3c-4a00-afc0-731966987081"},{"element-6066-11e4-a52e-4f735466cecf":"a442f64d-8177-46fb-8dee-41f4287fbe00"},{"element-6066-11e4-a52e-4f735466cecf":"951cfd21-c6b8-409a-9818-4458be961afa"},{"element-6066-11e4-a52e-4f735466cecf":"cca46ba9-8755-4512-8f41-2cd67b478aba"},{"element-6066-11e4-a52e-4f735466cecf":"6d56af9c-16c3-4d53-bc72-534a3fc35036"},{"element-6066-11e4-a52e-4f735466cecf":"576ab9f6-0098-4f60-8e33-2661013acdad"},{"element-6066-11e4-a52e-4f735466cecf":"5f6e72ca-f767-4039-8752-d58c19fb5c9a"},{"element-6066-11e4-a52e-4f735466cecf":"f7c5535b-d576-4722-ab08-1e2f0644b848"},{"element-6066-11e4-a52e-4f735466cecf":"af08049d-a12d-41e8-9f2a-13e306587a1e"},{"element-6066-11e4-a52e-4f735466cecf":"99715e78-1b32-4eff-ab84-4d24dbc5a5cc"},{"element-6066-11e4-a52e-4f735466cecf":"694f3ec0-e446-4255-9f39-a148c960a519"},{"element-6066-11e4-a52e-4f735466cecf":"34d95c68-512d-41a6-bcb2-ec4069dcd24c"},{"element-6066-11e4-a52e-4f735466cecf":"2448e866-3a4c-4a8c-989f-9e8b27f96eb0"},{"element-6066-11e4-a52e-4f735466cecf":"06c7e57c-2ff9-4adb-b2a8-6423f7765e7a"},{"element-6066-11e4-a52e-4f735466cecf":"e9f52fd8-c314-40a8-bbd6-78e852c4b8a4"},{"element-6066-11e4-a52e-4f735466cecf":"9ddbff08-9142-4c09-8a7d-3a9b6f421f65"},{"element-6066-11e4-a52e-4f735466cecf":"22c10279-dd0e-4932-afd4-207387a99b99"},{"element-6066-11e4-a52e-4f735466cecf":"968a43cb-028b-475d-b14a-55c69fa6d6e3"},{"element-6066-11e4-a52e-4f735466cecf":"d06f84d7-9501-4597-b4c7-383e5c83ce65"},{"element-6066-11e4-a52e-4f735466cecf":"8a0c1536-7850-4dfb-9122-f5014b46f48c"},{"element-6066-11e4-a52e-4f735466cecf":"156db80c-94b7-419a-8446-443e420bd281"},{"element-6066-11e4-a52e-4f735466cecf":"ebc6828c-7ee0-491c-8b38-d67455734491"},{"element-6066-11e4-a52e-4f735466cecf":"114c796d-d46e-4eb6-a4fb-e0e5fefb5ed3"},{"element-6066-11e4-a52e-4f735466cecf":"2d335cac-a8ca-4cab-b2bf-228797eee41b"},{"element-6066-11e4-a52e-4f735466cecf":"a6f58fa5-2b38-4dd6-afcb-c573ee433d78"},{"element-6066-11e4-a52e-4f735466cecf":"84e60c45-521a-417e-b8ec-1cd6a420d45d"},{"element-6066-11e4-a52e-4f735466cecf":"32fd1443-3a38-44d5-bc4f-4d4ac1b1c60e"},{"element-6066-11e4-a52e-4f735466cecf":"4f92ab4e-2b3f-4ca1-9498-665be11d8a8f"},{"element-6066-11e4-a52e-4f735466cecf":"d63550ba-70f6-4327-9482-44ad00d0071b"},{"element-6066-11e4-a52e-4f735466cecf":"7eafe9ed-ed12-4508-94b4-bfac21c4bf88"},{"element-6066-11e4-a52e-4f735466cecf":"2c5de5b3-94cf-4ac0-a30f-7405108ca910"},{"element-6066-11e4-a52e-4f735466cecf":"99919153-c957-4420-86e3-e76621d9012e"},{"element-6066-11e4-a52e-4f735466cecf":"251df5dc-b34d-481e-8fcd-2934fbc58e87"},{"element-6066-11e4-a52e-4f735466cecf":"66a4713a-bab8-4046-8fd7-1bdf634a6bfc"},{"element-6066-11e4-a52e-4f735466cecf":"c0dbe496-8358-4d7a-84de-f00b15ea5ac9"},{"element-6066-11e4-a52e-4f735466cecf":"c5e84fd8-9fe6-489e-ad3c-2bef7f863cc8"},{"element-6066-11e4-a52e-4f735466cecf":"6b6e0740-24de-4ac1-b41c-1d475ff70a4b"},{"element-6066-11e4-a52e-4f735466cecf":"230c87be-530b-418a-9d3b-4e4f0059b491"},{"element-6066-11e4-a52e-4f735466cecf":"743deceb-5bfd-4656-b10f-58d686108e17"},{"element-6066-11e4-a52e-4f735466cecf":"49c40d28-fe73-4b83-b485-ff0eb01bed9b"},{"element-6066-11e4-a52e-4f735466cecf":"0481ce70-2f23-4ec0-85d4-9e61a60447fd"},{"element-6066-11e4-a52e-4f735466cecf":"0b092f3a-50df-4d98-a869-852d02d8b6ae"},{"element-6066-11e4-a52e-4f735466cecf":"3986ef90-3e69-4e0d-bdbc-078d1c7ede02"},{"element-6066-11e4-a52e-4f735466cecf":"7749f870-c85a-4caf-9e10-bf450caac2ff"},{"element-6066-11e4-a52e-4f735466cecf":"78c98a49-b9d7-4d59-918d-16875323db11"},{"element-6066-11e4-a52e-4f735466cecf":"d4d553a1-d600-4545-bb21-d527b393e986"},{"element-6066-11e4-a52e-4f735466cecf":"5a0b6445-4842-42ec-a572-2f8ba94614dd"},{"element-6066-11e4-a52e-4f735466cecf":"cdbf7dc2-7b97-44d7-9868-d576ea9a3820"},{"element-6066-11e4-a52e-4f735466cecf":"c5c05e48-68f9-45ea-aa2e-2a5b28a03408"},{"element-6066-11e4-a52e-4f735466cecf":"1fac47aa-5732-440f-9f04-0b1d9a1726ea"},{"element-6066-11e4-a52e-4f735466cecf":"beccbb8c-2976-42b3-a348-c69133eed91d"},{"element-6066-11e4-a52e-4f735466cecf":"fd92fde5-2c60-41d8-bb05-ea7c59f1877e"},{"element-6066-11e4-a52e-4f735466cecf":"03ffabf1-f44e-47a9-ac88-c98e229ef921"},{"element-6066-11e4-a52e-4f735466cecf":"68c51a6a-9b4e-4fba-840a-74900ae2d4a4"},{"element-6066-11e4-a52e-4f735466cecf":"7a01822c-d547-43c6-bcee-1e88a3d379c7"},{"element-6066-11e4-a52e-4f735466cecf":"f5bc19fb-835c-4f41-9f1e-b7f0b56952f5"},{"element-6066-11e4-a52e-4f735466cecf":"a03dcc35-d316-4749-bd10-f6213382181c"},{"element-6066-11e4-a52e-4f735466cecf":"c6a2080d-9f00-4b36-861b-9b4c0b73fa0c"},{"element-6066-11e4-a52e-4f735466cecf":"fc8608c2-88ca-4228-9e3a-29377f91d1e3"},{"element-6066-11e4-a52e-4f735466cecf":"4e95565e-b8cc-4c9b-a477-5ac520646c96"},{"element-6066-11e4-a52e-4f735466cecf":"e0c61013-1645-45d9-960f-33bccabfd85d"},{"element-6066-11e4-a52e-4f735466cecf":"aff7c28c-594f-4d8a-9a68-fcb8f0b37b54"},{"element-6066-11e4-a52e-4f735466cecf":"02530fb6-e747-4b49-bc5b-3cf3ba9fc31b"},{"element-6066-11e4-a52e-4f735466cecf":"f4e435ac-6088-4cd1-953e-08b07fcd96fb"},{"element-6066-11e4-a52e-4f735466cecf":"fe4cb629-06b3-4603-8dcc-d03d4736e176"},{"element-6066-11e4-a52e-4f735466cecf":"d4087ece-dcdd-420e-8e80-2246a514cc84"},{"element-6066-11e4-a52e-4f735466cecf":"359f2139-9085-49e8-ba11-574257b8cc13"},{"element-6066-11e4-a52e-4f735466cecf":"a91d395c-2cd5-48e1-9869-f966dde0b8c3"},{"element-6066-11e4-a52e-4f735466cecf":"cdcf6f03-6864-44d3-a33e-9eea171ed5db"},{"element-6066-11e4-a52e-4f735466cecf":"ed6b6126-34d2-4698-80da-63ffe5e44b04"},{"element-6066-11e4-a52e-4f735466cecf":"9b6084b6-5ba6-4a95-9356-17d60412d18e"},{"element-6066-11e4-a52e-4f735466cecf":"956938dc-5c93-4be3-b9c2-d4ba75ee9e17"},{"element-6066-11e4-a52e-4f735466cecf":"998f8bf9-0983-41d7-921b-00093f0679d4"},{"element-6066-11e4-a52e-4f735466cecf":"001140da-b7ab-41b7-b86d-ba962c0899fe"},{"element-6066-11e4-a52e-4f735466cecf":"bf4071e9-3711-43a4-a357-3aca3ef5521c"},{"element-6066-11e4-a52e-4f735466cecf":"3d160edb-1751-4ec9-98cf-41a8052b3c63"},{"element-6066-11e4-a52e-4f735466cecf":"c071ab1e-8e52-4f0b-80fb-3d482515e046"},{"element-6066-11e4-a52e-4f735466cecf":"a3f271b8-873b-4cf4-a15a-7c16e3def767"},{"element-6066-11e4-a52e-4f735466cecf":"c030f4ba-5fae-4920-b696-b652b6b79f8d"},{"element-6066-11e4-a52e-4f735466cecf":"ddd50ae8-ce62-4fae-96a6-c5b64bac33f5"},{"element-6066-11e4-a52e-4f735466cecf":"d43a4719-fe02-4dad-b6fb-8f419a88ea15"},{"element-6066-11e4-a52e-4f735466cecf":"5fdaf79e-d414-43ca-9794-f7bf67e77aea"},{"element-6066-11e4-a52e-4f735466cecf":"3ed99b3d-ead5-4c85-8568-64670a682625"},{"element-6066-11e4-a52e-4f735466cecf":"680651b3-ba27-4bf6-915a-1521210be60b"},{"element-6066-11e4-a52e-4f735466cecf":"e53f2a2a-55b2-42dd-aece-39d06167f826"},{"element-6066-11e4-a52e-4f735466cecf":"90133b28-8850-4b5e-9f14-31b82ef6d230"},{"element-6066-11e4-a52e-4f735466cecf":"d30d5124-2fb2-4322-9176-36824a472375"},{"element-6066-11e4-a52e-4f735466cecf":"f97c0022-f77b-4ca8-9c5c-26b8550448b1"},{"element-6066-11e4-a52e-4f735466cecf":"fe607d01-604d-4b09-b2aa-cff0697fcf2d"},{"element-6066-11e4-a52e-4f735466cecf":"385bc691-6f26-4e96-b3e9-c0b70a28957f"},{"element-6066-11e4-a52e-4f735466cecf":"588e2503-fb89-4630-8fb4-3e0f6d27f8a5"},{"element-6066-11e4-a52e-4f735466cecf":"40960d86-7591-4de6-8fe6-b7c943e8c5c5"},{"element-6066-11e4-a52e-4f735466cecf":"f71700fc-c41e-4b4b-84c3-6060971db43b"},{"element-6066-11e4-a52e-4f735466cecf":"befe2922-7257-4537-9733-18cca162d91f"},{"element-6066-11e4-a52e-4f735466cecf":"1d2b87f1-5d7a-4175-876a-719ac364d0f9"},{"element-6066-11e4-a52e-4f735466cecf":"54840038-454f-495a-bc5c-a300dbc82fdf"},{"element-6066-11e4-a52e-4f735466cecf":"df5b09e0-f5c7-4bda-bb60-c1dcc7ae1bd9"},{"element-6066-11e4-a52e-4f735466cecf":"6a1beef3-f080-447d-a8b2-6c126d02d600"},{"element-6066-11e4-a52e-4f735466cecf":"8f26974d-0d47-45a6-9b41-aa4290ecebf6"},{"element-6066-11e4-a52e-4f735466cecf":"cd1a66ec-b0ce-4aae-a63f-8076b7abd240"},{"element-6066-11e4-a52e-4f735466cecf":"349563c6-d0ac-414f-8946-32a560d060b7"},{"element-6066-11e4-a52e-4f735466cecf":"faf4efaf-75d3-4257-8515-1d93e8d54c3e"},{"element-6066-11e4-a52e-4f735466cecf":"114a7d66-e13d-4f93-9a7e-a03d191c831f"},{"element-6066-11e4-a52e-4f735466cecf":"0b50c6f7-650d-4077-83b1-71def8723a66"},{"element-6066-11e4-a52e-4f735466cecf":"85fd3f68-db5a-4ad9-8cf6-9f4c444196ae"},{"element-6066-11e4-a52e-4f735466cecf":"a1ceb53c-992f-4869-88cd-ea4714378ecb"},{"element-6066-11e4-a52e-4f735466cecf":"53f758ba-77a0-446e-98eb-865b0f3c1074"},{"element-6066-11e4-a52e-4f735466cecf":"d95a7dd9-9661-484b-aed0-7663edd759d3"},{"element-6066-11e4-a52e-4f735466cecf":"bfe2c5ed-621e-46e1-91a2-02c83312c669"},{"element-6066-11e4-a52e-4f735466cecf":"5016b29b-9fe4-4b32-a440-0bda98650a64"},{"element-6066-11e4-a52e-4f735466cecf":"caf296c2-9967-4469-babc-6a28a2bc0917"},{"element-6066-11e4-a52e-4f735466cecf":"a278348d-a04d-4fef-95e6-991c94847cd4"},{"element-6066-11e4-a52e-4f735466cecf":"30036c34-0905-4835-aa99-89ad0cb866f6"},{"element-6066-11e4-a52e-4f735466cecf":"177ff5b7-cd58-4b39-bf60-d9185f10002f"},{"element-6066-11e4-a52e-4f735466cecf":"93b43031-6822-4828-a151-3159ade5e36d"},{"element-6066-11e4-a52e-4f735466cecf":"cb5e9412-6ce2-48c2-9f8f-150ee6cc4a38"},{"element-6066-11e4-a52e-4f735466cecf":"2ce40a76-e33e-457e-abf9-66d95ef4ed00"},{"element-6066-11e4-a52e-4f735466cecf":"cd52628c-8708-4cfe-825e-96f15b56ad61"},{"element-6066-11e4-a52e-4f735466cecf":"2f219104-bcf6-4dae-98fa-c4238236aea2"},{"element-6066-11e4-a52e-4f735466cecf":"236efa3f-d7b9-4b08-ad34-3788cf935fc5"},{"element-6066-11e4-a52e-4f735466cecf":"bb5d8eb3-c8ef-4ce5-ab33-ad3c851800fe"},{"element-6066-11e4-a52e-4f735466cecf":"998b931d-fd41-40d3-b8c8-aa414004bb08"},{"element-6066-11e4-a52e-4f735466cecf":"553d6ee1-fd2d-49d3-b70d-b8899ee480ab"},{"element-6066-11e4-a52e-4f735466cecf":"89233597-e439-4fda-8caa-d97332c4d395"},{"element-6066-11e4-a52e-4f735466cecf":"a06f5f38-e52a-44b8-b96f-c356c9291f29"},{"element-6066-11e4-a52e-4f735466cecf":"23b0b074-fd40-4acd-a7df-84883f51152b"},{"element-6066-11e4-a52e-4f735466cecf":"86af23ab-0dc0-416e-bc77-9c48ad8e2c31"},{"element-6066-11e4-a52e-4f735466cecf":"3885ad95-ab89-41a1-9e67-72a690fc588d"},{"element-6066-11e4-a52e-4f735466cecf":"dedaac68-b0d1-423d-b533-b628e499acaf"},{"element-6066-11e4-a52e-4f735466cecf":"c46dc32e-7836-45ce-86e8-da3dc1aee900"},{"element-6066-11e4-a52e-4f735466cecf":"ae40124e-0c0f-4979-ad67-2401319287ab"},{"element-6066-11e4-a52e-4f735466cecf":"c7f65d3c-7dda-4ba5-a58e-25b05dfbf16a"},{"element-6066-11e4-a52e-4f735466cecf":"66661f17-dc1c-4ece-bc9e-e8c9862ccf11"},{"element-6066-11e4-a52e-4f735466cecf":"94d3518d-3ba9-42d4-83ef-234f2da053ea"},{"element-6066-11e4-a52e-4f735466cecf":"d9b2658e-ef2f-46e4-ba85-3219be17d91f"},{"element-6066-11e4-a52e-4f735466cecf":"9348f1eb-09d9-4567-a11e-53e90a6264c5"},{"element-6066-11e4-a52e-4f735466cecf":"412276a9-4860-439b-9d7f-6c3019428e15"},{"element-6066-11e4-a52e-4f735466cecf":"03cbef0c-c3a8-4206-8d92-fd2ff7bbf1e7"},{"element-6066-11e4-a52e-4f735466cecf":"f8f5f88b-a1b5-44ab-b0d2-4d32cfc6b036"},{"element-6066-11e4-a52e-4f735466cecf":"80e03bbd-dcdb-42df-970e-00662aa36636"},{"element-6066-11e4-a52e-4f735466cecf":"42c17b86-562b-48c5-a1c4-5161ba50e464"},{"element-6066-11e4-a52e-4f735466cecf":"02d634cf-9d79-4e4b-b113-ef6cb323eef8"},{"element-6066-11e4-a52e-4f735466cecf":"b00d989c-a4e1-4ab3-9f36-de9834d96a7a"},{"element-6066-11e4-a52e-4f735466cecf":"f98726f5-2c72-47b0-8025-b8f9dd0e1c64"},{"element-6066-11e4-a52e-4f735466cecf":"69d916ef-95c7-4dc3-991e-f474aa38e955"},{"element-6066-11e4-a52e-4f735466cecf":"8d9f71d7-1cb0-4958-bcad-86dd4221b6bf"},{"element-6066-11e4-a52e-4f735466cecf":"c2e64982-e02e-43c9-8237-b24f00b73d6a"},{"element-6066-11e4-a52e-4f735466cecf":"56bcdb7b-7827-489a-8e19-74b5ae66cdff"},{"element-6066-11e4-a52e-4f735466cecf":"8a02e077-78f5-4929-8ece-d5c6520cb8af"},{"element-6066-11e4-a52e-4f735466cecf":"e3e4324e-e5d9-4358-bcf4-e27700b14ae1"},{"element-6066-11e4-a52e-4f735466cecf":"798e6c23-bdc8-4139-a652-78b41225e289"},{"element-6066-11e4-a52e-4f735466cecf":"cee6f366-82e7-445d-b403-590efffa34da"},{"element-6066-11e4-a52e-4f735466cecf":"66cd317b-d317-4ab8-baad-576aca958acb"},{"element-6066-11e4-a52e-4f735466cecf":"3a5e0304-efe3-42eb-b1da-cb199bd58a5b"},{"element-6066-11e4-a52e-4f735466cecf":"f3420200-c435-4d7c-a824-bf3b5e646dd6"},{"element-6066-11e4-a52e-4f735466cecf":"877e7457-b047-4083-a6aa-6a44ca99355d"},{"element-6066-11e4-a52e-4f735466cecf":"419ecd79-d0a2-4451-b39d-13845a31f02c"},{"element-6066-11e4-a52e-4f735466cecf":"21d0ab18-2db9-4486-bd1e-c1a9d17174b4"},{"element-6066-11e4-a52e-4f735466cecf":"0bdcee13-a0b3-4e65-ab7b-a33491126198"},{"element-6066-11e4-a52e-4f735466cecf":"0ca23ec1-a15a-4e6d-b0b9-917c4faff302"},{"element-6066-11e4-a52e-4f735466cecf":"d4efd61d-fbd0-4a08-ad8a-009ab7e4e3c0"},{"element-6066-11e4-a52e-4f735466cecf":"647f1767-2569-49d8-ad88-3176051f49f5"},{"element-6066-11e4-a52e-4f735466cecf":"149f0a8b-b1a2-4045-87a9-c4359e08a98c"},{"element-6066-11e4-a52e-4f735466cecf":"01d967ea-5526-453b-9dc6-90e84cbe932c"},{"element-6066-11e4-a52e-4f735466cecf":"71bae553-d791-42b4-95a0-ef1618759962"},{"element-6066-11e4-a52e-4f735466cecf":"03043a21-5a9c-488f-9da0-bddb9d6c1489"},{"element-6066-11e4-a52e-4f735466cecf":"f97c39c7-c537-4473-90ac-3dfe402cb06e"},{"element-6066-11e4-a52e-4f735466cecf":"cd196909-f629-4269-8084-7f0015b7b8e0"},{"element-6066-11e4-a52e-4f735466cecf":"56feeecf-13f6-4d69-ad18-9e7ffc156eba"},{"element-6066-11e4-a52e-4f735466cecf":"a2adc150-4ae3-4c7c-8294-8739bf332e18"},{"element-6066-11e4-a52e-4f735466cecf":"ab3d28c9-a718-4db3-b4a1-750af313a36b"},{"element-6066-11e4-a52e-4f735466cecf":"282681fb-11d8-4fca-ae73-edb56b9c63a2"},{"element-6066-11e4-a52e-4f735466cecf":"35669020-c18c-41f6-b415-a9958a4f4bd0"},{"element-6066-11e4-a52e-4f735466cecf":"b1c5f9f4-48ca-4ab5-94a0-79f2154cec8c"},{"element-6066-11e4-a52e-4f735466cecf":"96351fc0-2c81-46e1-87ad-6325936c6551"},{"element-6066-11e4-a52e-4f735466cecf":"d8f49af2-e0dd-458b-ab14-0b97d1b62c7e"},{"element-6066-11e4-a52e-4f735466cecf":"cb787bbc-b925-4c7d-817a-ea2277f50918"},{"element-6066-11e4-a52e-4f735466cecf":"d3287a56-87e6-4be1-b78b-1d0f9f097c82"},{"element-6066-11e4-a52e-4f735466cecf":"0699dfd1-c7a3-442a-a085-0e5b7c554ac2"},{"element-6066-11e4-a52e-4f735466cecf":"9c8ce955-47b4-4063-a522-68af922284aa"},{"element-6066-11e4-a52e-4f735466cecf":"577713e5-52d5-46ee-a32e-4dc65a94a48c"},{"element-6066-11e4-a52e-4f735466cecf":"4e6d5aec-04b4-4228-8527-47570fe938ab"},{"element-6066-11e4-a52e-4f735466cecf":"be64ae38-e282-4afb-995f-56d4784dfea5"},{"element-6066-11e4-a52e-4f735466cecf":"e7fed215-3c42-402e-ac5a-40926f939edb"},{"element-6066-11e4-a52e-4f735466cecf":"76a5358b-5882-4b75-8900-d5436f16abd5"},{"element-6066-11e4-a52e-4f735466cecf":"ed83f023-e572-4a71-b8e0-2be901420709"},{"element-6066-11e4-a52e-4f735466cecf":"c0fd7463-d5af-4aac-b49e-4aaf42cf6987"},{"element-6066-11e4-a52e-4f735466cecf":"f88f2ccb-b85a-4e79-ae11-003c672631a7"},{"element-6066-11e4-a52e-4f735466cecf":"e5368983-8318-4e64-878b-7f918370a2a0"},{"element-6066-11e4-a52e-4f735466cecf":"d54daa5d-c108-4952-bcfb-ba293a03b008"},{"element-6066-11e4-a52e-4f735466cecf":"8fc3f4ee-60a1-439b-8149-49df3315c7d3"},{"element-6066-11e4-a52e-4f735466cecf":"e0913254-3dde-428a-98a1-596eb5e2c52f"},{"element-6066-11e4-a52e-4f735466cecf":"c482b69f-cc1b-4b5e-82a2-6e06a8a40269"},{"element-6066-11e4-a52e-4f735466cecf":"edea0756-a330-4f3c-a864-eb14d44ecbf7"},{"element-6066-11e4-a52e-4f735466cecf":"0027dde2-fbfd-4f4f-bcef-2247204e7684"},{"element-6066-11e4-a52e-4f735466cecf":"3f2de047-0a4b-4831-a1ac-d8d98b048ad1"},{"element-6066-11e4-a52e-4f735466cecf":"91294890-ec1c-477f-a341-01e39ac15825"},{"element-6066-11e4-a52e-4f735466cecf":"09e98522-84a1-49b3-bcf6-74fd301a269d"},{"element-6066-11e4-a52e-4f735466cecf":"e73e8a3d-64dd-4953-b486-68dd05f4c90d"},{"element-6066-11e4-a52e-4f735466cecf":"29e6ca5f-ffc6-41a2-9d05-b69adec535e7"},{"element-6066-11e4-a52e-4f735466cecf":"323c4d3a-3e4c-4c59-94f5-8a5f29cb3eb2"},{"element-6066-11e4-a52e-4f735466cecf":"47ba5d90-8f60-4d02-9666-b162bb1fefcf"},{"element-6066-11e4-a52e-4f735466cecf":"2d99e808-834a-4ba6-aed6-8b3127de6bf2"},{"element-6066-11e4-a52e-4f735466cecf":"27fba1da-a48b-47b9-8b33-0bb95de98c71"},{"element-6066-11e4-a52e-4f735466cecf":"dfb1d433-4afe-4680-be92-ee7b3b59aa2a"},{"element-6066-11e4-a52e-4f735466cecf":"0505e6ac-8944-48e3-9f20-b40bec5ec3b2"},{"element-6066-11e4-a52e-4f735466cecf":"0349c9d4-83ba-4ea3-ba5c-20bad37f392a"},{"element-6066-11e4-a52e-4f735466cecf":"d0a52cd3-2a57-4093-98d5-5fba05a0cca0"},{"element-6066-11e4-a52e-4f735466cecf":"94f94f41-732f-447c-bf05-d0b680db12cb"},{"element-6066-11e4-a52e-4f735466cecf":"5fb47df4-d6de-45cd-9e60-d04e2541368d"},{"element-6066-11e4-a52e-4f735466cecf":"630741cb-6b5f-49e4-afb4-b60578fb2978"},{"element-6066-11e4-a52e-4f735466cecf":"1661692b-7145-4ce2-96d0-76742d4ef3a6"},{"element-6066-11e4-a52e-4f735466cecf":"ac4637b6-484c-4658-90c9-752022b6773c"},{"element-6066-11e4-a52e-4f735466cecf":"76353d6d-c52a-496a-bc81-41767e5ce4bc"},{"element-6066-11e4-a52e-4f735466cecf":"53669e29-6217-4a9e-800d-cea24f64a8cb"},{"element-6066-11e4-a52e-4f735466cecf":"715c24d3-7134-41cd-b578-1d84cbb1c3cf"},{"element-6066-11e4-a52e-4f735466cecf":"8befbf48-9e43-444e-9cf6-1301893ac4a8"},{"element-6066-11e4-a52e-4f735466cecf":"6308bcd2-bcc9-4c53-be56-09822cd48ff0"},{"element-6066-11e4-a52e-4f735466cecf":"7cf49ce8-8cb4-4e9a-bbd6-c0d7f2e743fa"},{"element-6066-11e4-a52e-4f735466cecf":"bae1fe57-ebfe-44d8-982d-944c0f5a9b0d"},{"element-6066-11e4-a52e-4f735466cecf":"300c0642-85b9-4c67-ab5c-7b35d8954ec2"},{"element-6066-11e4-a52e-4f735466cecf":"d1e27370-b691-40de-9b28-a476cc19e564"},{"element-6066-11e4-a52e-4f735466cecf":"2508d2bd-c3b4-4b9c-ae9e-b38c96eb55b8"},{"element-6066-11e4-a52e-4f735466cecf":"b2c61daa-9647-4cd8-a3d0-9000e957f4c4"},{"element-6066-11e4-a52e-4f735466cecf":"ac24676a-bb72-4128-ba9a-9aaa1e11a7ed"},{"element-6066-11e4-a52e-4f735466cecf":"c9218add-33e9-4c28-a067-df1056af4fe4"},{"element-6066-11e4-a52e-4f735466cecf":"96c6c68f-5198-46a9-b901-6570b1ff08ce"},{"element-6066-11e4-a52e-4f735466cecf":"9e50567a-5941-4876-9ce3-6b283230871f"},{"element-6066-11e4-a52e-4f735466cecf":"eb1d18e9-1e5d-4a01-8a33-46b31d4b772b"},{"element-6066-11e4-a52e-4f735466cecf":"91f04863-0ff7-4aa8-9014-66e5841dd3ca"},{"element-6066-11e4-a52e-4f735466cecf":"3523acf7-0de4-4aa4-8456-0a33d7fd3dae"},{"element-6066-11e4-a52e-4f735466cecf":"8a22b0e6-0cd5-45bc-8e34-eb01efda18c0"},{"element-6066-11e4-a52e-4f735466cecf":"1d4321f3-4eb3-4eca-865c-00b296d2e511"},{"element-6066-11e4-a52e-4f735466cecf":"7aef015a-39a5-4305-9301-9c9f59c8160e"},{"element-6066-11e4-a52e-4f735466cecf":"0dd624cf-84b9-4ef9-91f8-41ff2a873b0c"},{"element-6066-11e4-a52e-4f735466cecf":"9fa4c90e-5800-4043-b1bc-6028e792f934"},{"element-6066-11e4-a52e-4f735466cecf":"5dc084dd-7f70-41a3-8115-45cfcf94cc7d"},{"element-6066-11e4-a52e-4f735466cecf":"d5a2324f-da01-49fe-9f0c-6f339dc6ab94"},{"element-6066-11e4-a52e-4f735466cecf":"60f3194f-8dab-4213-8de4-1eca5a30db69"},{"element-6066-11e4-a52e-4f735466cecf":"6dd788d2-24cb-4a46-b8e7-2fb0920040b8"},{"element-6066-11e4-a52e-4f735466cecf":"9a945592-3701-4b48-bed2-2c20d310dff5"},{"element-6066-11e4-a52e-4f735466cecf":"592528d7-e12b-4ca9-8e6d-7c4d10dd68f0"},{"element-6066-11e4-a52e-4f735466cecf":"a346e825-a3a9-4e23-b683-f46b263b3a27"},{"element-6066-11e4-a52e-4f735466cecf":"4b4e2e74-22ff-414c-925e-016d39a75a4e"},{"element-6066-11e4-a52e-4f735466cecf":"c108fec7-fc6e-405b-9254-71628c8c27b7"},{"element-6066-11e4-a52e-4f735466cecf":"9259e791-bdac-4c7a-969c-3fb4ebde8dfe"},{"element-6066-11e4-a52e-4f735466cecf":"88b2311a-9686-4bad-9d77-3a9d44cbf40a"},{"element-6066-11e4-a52e-4f735466cecf":"e55e82b5-c0bb-43bf-a551-945dace088e0"},{"element-6066-11e4-a52e-4f735466cecf":"2b4856bd-5e3e-4014-aa51-6d5c5b67e58f"},{"element-6066-11e4-a52e-4f735466cecf":"e46b3fb7-5f80-474f-a4f0-57e0203d0e37"},{"element-6066-11e4-a52e-4f735466cecf":"d53e1793-2eca-4272-8adb-645653de46a0"},{"element-6066-11e4-a52e-4f735466cecf":"e50a5250-4cad-4515-9f18-68771cf54933"},{"element-6066-11e4-a52e-4f735466cecf":"bb642ea9-aca7-4d23-9c6b-d9fdb1bf8ef1"},{"element-6066-11e4-a52e-4f735466cecf":"869e8c7e-e232-4785-b996-9ca6268b21e8"},{"element-6066-11e4-a52e-4f735466cecf":"b738ae58-9077-42de-a03f-84bde0660122"},{"element-6066-11e4-a52e-4f735466cecf":"46f78037-1dd8-4445-85c8-c4c12a7cc601"},{"element-6066-11e4-a52e-4f735466cecf":"69baa645-5349-4abf-9ac2-795c4d95a793"},{"element-6066-11e4-a52e-4f735466cecf":"93dbba47-06d5-4fad-bfe8-199dadb4f9da"},{"element-6066-11e4-a52e-4f735466cecf":"1c57145b-8fc0-4083-92e1-6aa45086c475"},{"element-6066-11e4-a52e-4f735466cecf":"54c8cd42-e724-44d3-8eba-7eedc2db9b9a"},{"element-6066-11e4-a52e-4f735466cecf":"44b48021-86f3-411e-b09b-0eec6d21379f"},{"element-6066-11e4-a52e-4f735466cecf":"2f25f294-03e0-42b3-9d6c-6673193bfd85"},{"element-6066-11e4-a52e-4f735466cecf":"8a2b6ed4-26da-4e06-b14d-6cd2131642ee"},{"element-6066-11e4-a52e-4f735466cecf":"4bd0c636-8212-40ad-b68f-0f4e9eb26f5d"},{"element-6066-11e4-a52e-4f735466cecf":"e689c5a4-6a79-4a24-accc-b8665f0fdd45"},{"element-6066-11e4-a52e-4f735466cecf":"d9787afe-2c05-498d-a240-f0a52424b510"},{"element-6066-11e4-a52e-4f735466cecf":"1551ae4d-de84-4811-9518-b5986d238e51"},{"element-6066-11e4-a52e-4f735466cecf":"5a12ef71-3f7c-464d-9ebc-4dc6ae2081ce"},{"element-6066-11e4-a52e-4f735466cecf":"1f31ae55-0f66-475d-bdd6-a90b45ec4a59"},{"element-6066-11e4-a52e-4f735466cecf":"41dc78f2-dcba-4a00-8c48-759fb01034fd"},{"element-6066-11e4-a52e-4f735466cecf":"b69c19da-e680-4816-ac6e-8733217099b2"},{"element-6066-11e4-a52e-4f735466cecf":"ae6439e3-6180-4fc4-96f0-a74819e4d5f0"},{"element-6066-11e4-a52e-4f735466cecf":"5bf4a237-30f7-4957-bd8a-129b5f151ecc"},{"element-6066-11e4-a52e-4f735466cecf":"8255cdc5-d01e-4c03-a56f-6d5b5931a826"},{"element-6066-11e4-a52e-4f735466cecf":"8560753e-4da3-4379-8611-7ac91cba3f95"},{"element-6066-11e4-a52e-4f735466cecf":"2070f80c-092c-407c-8a62-5e00d54bd177"},{"element-6066-11e4-a52e-4f735466cecf":"c1245580-94cf-41be-84a7-d7c1a8fbba4c"},{"element-6066-11e4-a52e-4f735466cecf":"ea096a0f-c01b-4496-b535-fc1a19619056"},{"element-6066-11e4-a52e-4f735466cecf":"840af202-ac91-44b7-a858-bcd5fdf9a8f2"},{"element-6066-11e4-a52e-4f735466cecf":"d9513730-7222-4103-b60a-d5520d5bedb1"},{"element-6066-11e4-a52e-4f735466cecf":"2de5fb6d-c99a-4209-87b8-4f34310c9ffd"},{"element-6066-11e4-a52e-4f735466cecf":"9ff13c58-2b68-4480-ba78-a260ae6092c3"},{"element-6066-11e4-a52e-4f735466cecf":"da24ff67-49e5-426d-93ed-cb3d7977d89b"},{"element-6066-11e4-a52e-4f735466cecf":"b65f6634-eb97-42f2-9273-eacc7c0661ab"},{"element-6066-11e4-a52e-4f735466cecf":"881f3e92-1082-4af0-a3b0-7317614b6f0c"},{"element-6066-11e4-a52e-4f735466cecf":"80ea2e91-b3fd-421f-9102-d464657c0447"},{"element-6066-11e4-a52e-4f735466cecf":"b1205b69-ab14-446b-8927-fb935fb23d47"},{"element-6066-11e4-a52e-4f735466cecf":"567f0b63-f34c-467a-9d96-b81d2339deda"},{"element-6066-11e4-a52e-4f735466cecf":"67c156e3-e448-4e31-8d62-0569cadef062"},{"element-6066-11e4-a52e-4f735466cecf":"acd71f8a-daee-4a8f-a12c-b792d4dd9366"},{"element-6066-11e4-a52e-4f735466cecf":"8fa076b9-b402-4900-b1f6-cc4204972d04"},{"element-6066-11e4-a52e-4f735466cecf":"4e0f9f16-686d-4c95-a379-6e9da9dbbb97"},{"element-6066-11e4-a52e-4f735466cecf":"2b80f9df-d2c1-411f-8cf8-6fd58a557efa"},{"element-6066-11e4-a52e-4f735466cecf":"24d67295-ce60-4f84-a69e-844693a8d338"},{"element-6066-11e4-a52e-4f735466cecf":"a5beb462-2cb5-4400-8708-c334137e73be"},{"element-6066-11e4-a52e-4f735466cecf":"e5451513-9f94-470c-ac81-ad311b2f245f"},{"element-6066-11e4-a52e-4f735466cecf":"e03cb0a9-4419-44d2-a743-1f95ade897cd"},{"element-6066-11e4-a52e-4f735466cecf":"6a5228ef-7c36-40ea-9d90-ae58ffb6087c"},{"element-6066-11e4-a52e-4f735466cecf":"885f838d-d879-4ad7-9c79-cfa93cc32578"},{"element-6066-11e4-a52e-4f735466cecf":"f428588f-6478-40b2-a6eb-337fe61bb55e"},{"element-6066-11e4-a52e-4f735466cecf":"e02845d3-dc6b-4ce3-8262-045dff767e79"},{"element-6066-11e4-a52e-4f735466cecf":"1d9ded84-59a2-42a2-8f9a-069485484fc7"},{"element-6066-11e4-a52e-4f735466cecf":"41a26ffb-e070-4f65-b72f-fcd2afd13d1c"},{"element-6066-11e4-a52e-4f735466cecf":"4dfe097d-bc11-4bca-9260-2a173d63fb7d"},{"element-6066-11e4-a52e-4f735466cecf":"9c17a37d-3147-447e-93bf-7cf6bcd7e3a1"},{"element-6066-11e4-a52e-4f735466cecf":"fbae79b4-da98-4ef7-8961-bc5a01e735fc"},{"element-6066-11e4-a52e-4f735466cecf":"e52b2bd1-3fb5-4b3c-86f1-86ff3fcdfc96"},{"element-6066-11e4-a52e-4f735466cecf":"87af69bc-841b-4f95-907f-480c904e3e49"},{"element-6066-11e4-a52e-4f735466cecf":"e4d9b9ec-d213-49a7-80c0-9f7523044182"},{"element-6066-11e4-a52e-4f735466cecf":"dcaccefd-89eb-447d-823e-094edbd90972"},{"element-6066-11e4-a52e-4f735466cecf":"cabfe272-d0b6-4219-8948-239f2bff95ef"},{"element-6066-11e4-a52e-4f735466cecf":"c487daac-3811-4e51-bbb9-3f4699421065"},{"element-6066-11e4-a52e-4f735466cecf":"0878a30d-6f79-420c-a74e-8b3efebee3d0"},{"element-6066-11e4-a52e-4f735466cecf":"7b74444f-eceb-433d-9465-0021e5da888a"},{"element-6066-11e4-a52e-4f735466cecf":"e0786075-cab8-4a6d-bc6c-8a8d0b885efc"},{"element-6066-11e4-a52e-4f735466cecf":"114e1538-c1c6-4f92-b7da-50593bd186f5"},{"element-6066-11e4-a52e-4f735466cecf":"80657fc5-20f1-4076-b5d3-730a90687a34"},{"element-6066-11e4-a52e-4f735466cecf":"8664b598-b9f4-4563-8ccb-1664b72c9cb9"},{"element-6066-11e4-a52e-4f735466cecf":"7e0d4821-073c-4510-87ec-8b06fc060a16"},{"element-6066-11e4-a52e-4f735466cecf":"4bfd56e0-7b44-4fa7-b3a4-28e350c51fae"},{"element-6066-11e4-a52e-4f735466cecf":"eab2e52b-01b6-496c-9c44-68cd85804e86"},{"element-6066-11e4-a52e-4f735466cecf":"8535d70b-ffad-40ea-904c-16092d838edd"},{"element-6066-11e4-a52e-4f735466cecf":"cba1aeeb-d38d-4b65-aac1-b25e8dd87426"},{"element-6066-11e4-a52e-4f735466cecf":"6aa2e26f-fcfe-4254-ac35-96ea1971d1a6"},{"element-6066-11e4-a52e-4f735466cecf":"fe6c6754-2585-449a-a9b1-b8aee07b6853"},{"element-6066-11e4-a52e-4f735466cecf":"10c12bf2-de4f-4e96-abe6-793e8b2320cf"},{"element-6066-11e4-a52e-4f735466cecf":"15653891-979e-4375-9164-57361dbab5cc"},{"element-6066-11e4-a52e-4f735466cecf":"271cc607-5dbc-4e20-94ca-89592b2c47e9"},{"element-6066-11e4-a52e-4f735466cecf":"3a7823e0-f759-45f1-8521-55b664944155"},{"element-6066-11e4-a52e-4f735466cecf":"dd50b579-32b7-482c-90b8-925af2042819"},{"element-6066-11e4-a52e-4f735466cecf":"59904f86-e8f7-4d8a-a230-098021da98c1"},{"element-6066-11e4-a52e-4f735466cecf":"16536504-a4bc-4789-ad34-1582fd8fb1df"},{"element-6066-11e4-a52e-4f735466cecf":"ca72be7b-96e9-4978-9567-3e8f29455315"},{"element-6066-11e4-a52e-4f735466cecf":"87b9c02d-4da5-4b27-a254-860ee4f11fcb"},{"element-6066-11e4-a52e-4f735466cecf":"9b1638d2-ad0c-42c1-955f-d194b146b30f"},{"element-6066-11e4-a52e-4f735466cecf":"ee6dadb3-5848-40a7-8693-95e271ec8062"},{"element-6066-11e4-a52e-4f735466cecf":"e85bb93a-4f57-4740-a7b3-376b372a423e"},{"element-6066-11e4-a52e-4f735466cecf":"250d0adf-28c8-4d39-a681-94f6b13e6db4"},{"element-6066-11e4-a52e-4f735466cecf":"b455bbba-e650-4aef-a9af-79fcc7d19daf"},{"element-6066-11e4-a52e-4f735466cecf":"08d600dc-47b1-4f9e-9a6f-4fa83b27c418"},{"element-6066-11e4-a52e-4f735466cecf":"38e1f67c-5336-459e-89f1-644aa27d1a9b"},{"element-6066-11e4-a52e-4f735466cecf":"cd466cd7-9079-443c-8e46-2605f990d0b6"},{"element-6066-11e4-a52e-4f735466cecf":"420cffe3-4dcd-4c32-b9fb-4c3c54abdaeb"},{"element-6066-11e4-a52e-4f735466cecf":"f5a7532d-e5f9-431a-9a21-52a60786175f"},{"element-6066-11e4-a52e-4f735466cecf":"6ccfc5e0-a2ef-48ff-9075-ce9c8cd2bbae"},{"element-6066-11e4-a52e-4f735466cecf":"7af7c9fc-afc7-4653-ad40-ba4584f62a5e"},{"element-6066-11e4-a52e-4f735466cecf":"ebd577cb-e223-46a4-8811-5a155e0fe6d3"},{"element-6066-11e4-a52e-4f735466cecf":"dd78b070-1f67-4834-b8d9-fdcf45653809"},{"element-6066-11e4-a52e-4f735466cecf":"5942a8cb-10cc-413e-ab55-fd305887ce5d"},{"element-6066-11e4-a52e-4f735466cecf":"3406950b-d257-445f-a044-ded274a6df4e"},{"element-6066-11e4-a52e-4f735466cecf":"2ce7818e-5df1-4bbc-9340-218546b7fb90"},{"element-6066-11e4-a52e-4f735466cecf":"452fee46-a541-4a35-ba5d-a933ddef4b40"},{"element-6066-11e4-a52e-4f735466cecf":"2411bdf1-7c5d-4209-afba-8c31a71880cc"},{"element-6066-11e4-a52e-4f735466cecf":"7d967121-599b-4f39-a07a-79aefbdad124"},{"element-6066-11e4-a52e-4f735466cecf":"b8273029-f9ca-48a3-90ab-eabeeeae763d"},{"element-6066-11e4-a52e-4f735466cecf":"53cc0e26-470c-4a6d-846b-6298c1e68b3f"},{"element-6066-11e4-a52e-4f735466cecf":"0fe6efa1-baaa-4af4-860c-bc0c8d2f9079"},{"element-6066-11e4-a52e-4f735466cecf":"f46c86ae-6da3-44f1-83d7-d9195531b2ed"},{"element-6066-11e4-a52e-4f735466cecf":"bb378ab5-3486-4a40-be56-184b7566caf3"},{"element-6066-11e4-a52e-4f735466cecf":"71e38de6-28b5-4388-bd6f-a3cd9309914e"},{"element-6066-11e4-a52e-4f735466cecf":"a4b936f6-cb86-4f71-99cf-bbf222e608e7"},{"element-6066-11e4-a52e-4f735466cecf":"7ecbb88a-b29f-48a0-9ca8-b8b126bc0230"},{"element-6066-11e4-a52e-4f735466cecf":"c9b683d3-8ab3-4ccc-8912-0cd393620c53"},{"element-6066-11e4-a52e-4f735466cecf":"d47a4a29-d00b-4e8e-a2c9-274db9a3824e"},{"element-6066-11e4-a52e-4f735466cecf":"98149881-69a0-4096-94b6-49dcded9dd95"},{"element-6066-11e4-a52e-4f735466cecf":"05632835-688a-404c-88d7-414a95bbaffa"},{"element-6066-11e4-a52e-4f735466cecf":"9e8d957b-20d5-4504-bb05-b2c4f434df72"},{"element-6066-11e4-a52e-4f735466cecf":"26647222-b4f4-480e-a80d-453c7a8b5d72"},{"element-6066-11e4-a52e-4f735466cecf":"cd747a58-00c2-4478-86fe-a62ae092403d"},{"element-6066-11e4-a52e-4f735466cecf":"2573a3ab-07c0-419b-ac66-b352014e6995"},{"element-6066-11e4-a52e-4f735466cecf":"4296d780-40eb-457f-bfdd-89e71c665e21"},{"element-6066-11e4-a52e-4f735466cecf":"3fa9845a-73fb-4f55-bc60-4bfe5c66fad8"},{"element-6066-11e4-a52e-4f735466cecf":"7b12ca8a-7fae-41d1-9264-229262f60602"},{"element-6066-11e4-a52e-4f735466cecf":"006db09c-ee0a-4604-9c9e-a57176256070"},{"element-6066-11e4-a52e-4f735466cecf":"5c9575eb-12a2-4ce0-b38a-10f4c40b07ff"},{"element-6066-11e4-a52e-4f735466cecf":"dbd02f9c-6198-4d4b-8fad-fbc81f0161ef"},{"element-6066-11e4-a52e-4f735466cecf":"eb2951da-e418-4ca3-bafa-b688d78469f6"},{"element-6066-11e4-a52e-4f735466cecf":"a22b110b-cff9-4121-aa5b-8de19ce8cad8"},{"element-6066-11e4-a52e-4f735466cecf":"84028e0c-c7ca-490c-a34d-74c7d77baee6"},{"element-6066-11e4-a52e-4f735466cecf":"915f9fb1-fdc5-40f8-a284-5924b06e5222"},{"element-6066-11e4-a52e-4f735466cecf":"10d9ef6b-0158-4284-b3a2-aa8ae1e939cd"},{"element-6066-11e4-a52e-4f735466cecf":"bd6919f0-45f4-4db3-94b2-47062cca555f"},{"element-6066-11e4-a52e-4f735466cecf":"fe80c2d3-4e75-4266-ab81-9ac012870eac"},{"element-6066-11e4-a52e-4f735466cecf":"6c5f1174-062f-4e76-8b3f-d1360b973d1d"},{"element-6066-11e4-a52e-4f735466cecf":"124ec131-fe2c-4a5c-a8d2-720b9baf18a5"},{"element-6066-11e4-a52e-4f735466cecf":"f59daa81-14ce-4b7c-a85e-6e198e1474c5"},{"element-6066-11e4-a52e-4f735466cecf":"a6740294-ffcc-4695-8a6f-731665e0217f"},{"element-6066-11e4-a52e-4f735466cecf":"32119679-e5a5-4313-b5eb-34442b917c56"},{"element-6066-11e4-a52e-4f735466cecf":"cc77bbc5-836c-4050-97f1-97dea779743f"},{"element-6066-11e4-a52e-4f735466cecf":"aa4dc4f0-773b-4451-b950-95c93c292cb2"},{"element-6066-11e4-a52e-4f735466cecf":"0af20033-0360-40d0-992a-201e6802cfd0"},{"element-6066-11e4-a52e-4f735466cecf":"12bf4f4c-9024-4fd7-b1c9-2f51781e9cf5"},{"element-6066-11e4-a52e-4f735466cecf":"d43b2225-49ba-45d4-8743-24dbe3c42993"},{"element-6066-11e4-a52e-4f735466cecf":"3f70df1e-5555-4a8f-bc91-757445bde383"},{"element-6066-11e4-a52e-4f735466cecf":"a64905da-9bcc-4afe-970b-f757294957fa"},{"element-6066-11e4-a52e-4f735466cecf":"fb856e4d-5d1a-4a00-88ad-dae318a5a325"},{"element-6066-11e4-a52e-4f735466cecf":"7a609ae5-d977-4072-ada7-27b4a680b616"},{"element-6066-11e4-a52e-4f735466cecf":"e7b07b6f-02fe-4548-8197-5f35d9879b72"},{"element-6066-11e4-a52e-4f735466cecf":"d711b021-7cd3-4733-bb84-2b936163d8bd"},{"element-6066-11e4-a52e-4f735466cecf":"97316bb3-6119-4ec0-9d48-0ed503fd1e21"},{"element-6066-11e4-a52e-4f735466cecf":"7b778aff-77f6-4a5d-9427-a019dd25b1bc"},{"element-6066-11e4-a52e-4f735466cecf":"4b99ddde-87fa-4864-a349-30fd885c9ab6"},{"element-6066-11e4-a52e-4f735466cecf":"5930883e-0435-4a7c-8c90-c13e50cbb5ad"},{"element-6066-11e4-a52e-4f735466cecf":"29b94ad1-3ed6-476d-954d-c8c44b0e2405"},{"element-6066-11e4-a52e-4f735466cecf":"ffb0f0fd-691a-42a3-bd46-097baab58f67"},{"element-6066-11e4-a52e-4f735466cecf":"a7a6f3b7-cd23-4a71-ac4b-767e0c0143c7"},{"element-6066-11e4-a52e-4f735466cecf":"e5020a9e-d99a-4933-8334-f2646c8b8d49"},{"element-6066-11e4-a52e-4f735466cecf":"ebbee73c-f876-4388-8e03-810fb9000dea"},{"element-6066-11e4-a52e-4f735466cecf":"651eec91-bf2e-40cb-902d-f3a6c5673e17"},{"element-6066-11e4-a52e-4f735466cecf":"d1284152-4488-4e96-923b-6a1fc495f3ea"},{"element-6066-11e4-a52e-4f735466cecf":"ba3b703e-915d-4448-96c7-00b8da47464f"},{"element-6066-11e4-a52e-4f735466cecf":"46dffe80-0e3c-43bc-8374-4b5a4ceed841"},{"element-6066-11e4-a52e-4f735466cecf":"67db6dde-c4d6-4dd7-929f-594597d18107"},{"element-6066-11e4-a52e-4f735466cecf":"eff8aa38-4585-4fab-ab27-711de3546807"},{"element-6066-11e4-a52e-4f735466cecf":"e748662a-c0cf-4779-95ae-84730ec60199"},{"element-6066-11e4-a52e-4f735466cecf":"00508e10-308c-478a-b9fa-69576bfd5531"},{"element-6066-11e4-a52e-4f735466cecf":"3e70efff-f860-4471-9770-b18c0db49dd9"},{"element-6066-11e4-a52e-4f735466cecf":"718771a1-477d-46ad-b2fc-1238d5b725f4"},{"element-6066-11e4-a52e-4f735466cecf":"48cc68b3-2a04-4796-9623-6e56d3dd7e97"},{"element-6066-11e4-a52e-4f735466cecf":"07f3b400-0a45-480f-8dc5-b7c29cbbda01"},{"element-6066-11e4-a52e-4f735466cecf":"1d81dba2-b747-4030-a87f-a309565c9c01"},{"element-6066-11e4-a52e-4f735466cecf":"73e5b0e9-9d35-4ca4-9f9f-9ff90e653330"},{"element-6066-11e4-a52e-4f735466cecf":"5719dc37-9620-4971-8cd9-774f47d36034"},{"element-6066-11e4-a52e-4f735466cecf":"6970b388-9d7b-4942-974a-2eac92b1bb80"},{"element-6066-11e4-a52e-4f735466cecf":"301001ef-e6c1-4511-9e77-a33dc14ad4fc"},{"element-6066-11e4-a52e-4f735466cecf":"b4595239-3f13-47ec-b638-ff1d168545bc"},{"element-6066-11e4-a52e-4f735466cecf":"8a0bd1b1-23b5-4333-8e17-a5f2f9575d36"},{"element-6066-11e4-a52e-4f735466cecf":"af7f0e5a-5a60-4488-a343-a26cba626d17"},{"element-6066-11e4-a52e-4f735466cecf":"71032103-c8ff-4afe-bc18-64d395c55154"},{"element-6066-11e4-a52e-4f735466cecf":"9c53ddc7-c9cf-4139-b959-a8b67d0ac1fe"},{"element-6066-11e4-a52e-4f735466cecf":"b7850956-e27a-4408-8469-e7c5031d53e2"},{"element-6066-11e4-a52e-4f735466cecf":"af2ffd64-e904-400b-aedd-913d65029360"},{"element-6066-11e4-a52e-4f735466cecf":"a30642fd-8f4e-47e5-950d-caab04e74db3"},{"element-6066-11e4-a52e-4f735466cecf":"93685c73-f49e-4001-9e3e-3caf1fdcb413"},{"element-6066-11e4-a52e-4f735466cecf":"80ceb7fa-914b-45b4-aaa2-2017728589ba"},{"element-6066-11e4-a52e-4f735466cecf":"90146de2-02dc-4ba6-8932-3d2b3450e315"},{"element-6066-11e4-a52e-4f735466cecf":"f3a2ba43-4051-48fb-ab61-32a196d94017"},{"element-6066-11e4-a52e-4f735466cecf":"37f26bb4-67b8-4bae-8aeb-aff48a374d80"},{"element-6066-11e4-a52e-4f735466cecf":"ad248cd2-e7d5-41b2-a792-918ed116953a"},{"element-6066-11e4-a52e-4f735466cecf":"cfce1f52-f216-4731-8454-764b5066f5bc"},{"element-6066-11e4-a52e-4f735466cecf":"eeec5f2b-c08a-4b16-a0f5-7ba4a8d185f2"},{"element-6066-11e4-a52e-4f735466cecf":"5e05b02c-4405-4a10-80ad-857ed10ad276"},{"element-6066-11e4-a52e-4f735466cecf":"81c1ebd7-4cd3-497f-b3f2-f9c7e4a605da"},{"element-6066-11e4-a52e-4f735466cecf":"d4bb9570-c402-41fd-99ae-dec9cd0cf095"},{"element-6066-11e4-a52e-4f735466cecf":"e638039c-34ce-4c53-bee3-6e11d8e55b3c"},{"element-6066-11e4-a52e-4f735466cecf":"a77494a0-d347-4f25-b38a-4c7f0cf3b93d"},{"element-6066-11e4-a52e-4f735466cecf":"8329ae55-14db-48c9-a6c4-1c2dcb59a673"},{"element-6066-11e4-a52e-4f735466cecf":"9318d703-4dd0-4f49-a8d4-193b7827d43b"},{"element-6066-11e4-a52e-4f735466cecf":"6abc956c-86c8-4de4-9cdc-e3f89e6254ff"},{"element-6066-11e4-a52e-4f735466cecf":"7d1af486-6915-4e51-b273-e7ae55cc2bdc"},{"element-6066-11e4-a52e-4f735466cecf":"c979489d-134d-428d-a314-37e7abbddaf2"},{"element-6066-11e4-a52e-4f735466cecf":"d7ba4ce8-63d0-4eec-b152-7b3a36566912"},{"element-6066-11e4-a52e-4f735466cecf":"04501c89-1b59-4062-ba9f-69e38057de34"},{"element-6066-11e4-a52e-4f735466cecf":"30ef64f0-f8fe-4659-9906-ca5a04b392fe"},{"element-6066-11e4-a52e-4f735466cecf":"bdca475b-273f-4460-b071-7d5c77f93759"},{"element-6066-11e4-a52e-4f735466cecf":"e702dc5c-1f71-49ac-820b-531d9cb9126f"},{"element-6066-11e4-a52e-4f735466cecf":"7431e880-27c2-46ee-8edf-075b6acb8ce5"},{"element-6066-11e4-a52e-4f735466cecf":"15a74655-0cd6-4fc0-802c-395fbfbfb149"},{"element-6066-11e4-a52e-4f735466cecf":"3d4a9ba3-37ce-4323-a034-5cb1db11920f"},{"element-6066-11e4-a52e-4f735466cecf":"77e5722b-e3bc-43f8-9565-f104062983c6"},{"element-6066-11e4-a52e-4f735466cecf":"70621dec-cb4d-41dc-8f25-2f405327a9cf"},{"element-6066-11e4-a52e-4f735466cecf":"ebd6e6e6-cae8-4c91-b182-05076c87ef44"},{"element-6066-11e4-a52e-4f735466cecf":"2e13b655-210b-4366-9950-529234f11fe6"},{"element-6066-11e4-a52e-4f735466cecf":"5bb117df-f57a-4e94-9489-4b473562e6a0"},{"element-6066-11e4-a52e-4f735466cecf":"79518cd3-44ec-4777-9b4a-673cfa8c3558"},{"element-6066-11e4-a52e-4f735466cecf":"b1875640-86b3-4618-aec2-41d38047ffc2"},{"element-6066-11e4-a52e-4f735466cecf":"55d7fd10-34fe-460b-9e4f-c622a6659aaa"},{"element-6066-11e4-a52e-4f735466cecf":"7428f9bf-0682-4c69-8438-9739f7a634ab"},{"element-6066-11e4-a52e-4f735466cecf":"1980e4ea-02f6-47ec-86dc-3b24feea1abc"},{"element-6066-11e4-a52e-4f735466cecf":"398b56db-2a48-44a2-9b7f-ed4f40fec84f"},{"element-6066-11e4-a52e-4f735466cecf":"a9ce7d94-aaa7-452a-8b3b-ba95f7e878fa"},{"element-6066-11e4-a52e-4f735466cecf":"697528d1-2465-4190-a3db-aebcd2155be3"},{"element-6066-11e4-a52e-4f735466cecf":"d22e78c2-c4bd-4e86-8bd7-105c27cf1e03"},{"element-6066-11e4-a52e-4f735466cecf":"47764478-8866-40ed-a51c-49b7a3c3261d"},{"element-6066-11e4-a52e-4f735466cecf":"dc0ab206-d4fa-41c2-8729-a9b6563b63ea"},{"element-6066-11e4-a52e-4f735466cecf":"0dcb27d5-5307-4a21-82fd-de919c985825"},{"element-6066-11e4-a52e-4f735466cecf":"956493dc-bedf-4b76-a411-9e8852e3c483"},{"element-6066-11e4-a52e-4f735466cecf":"ba6c2345-6f59-4f77-84b3-68800490244e"},{"element-6066-11e4-a52e-4f735466cecf":"36c83502-5e0a-40da-bcdb-6c4ec91d3d21"},{"element-6066-11e4-a52e-4f735466cecf":"f2ff2414-8cae-4f2a-a1fe-9dc66dcee195"},{"element-6066-11e4-a52e-4f735466cecf":"7d7ddef1-9b50-428e-8ac1-5bc4adde1c16"},{"element-6066-11e4-a52e-4f735466cecf":"b70a3608-9ddc-482a-a727-8bab47ca5a12"},{"element-6066-11e4-a52e-4f735466cecf":"fb991b9c-9b73-47bd-8460-7d08150bbb4c"},{"element-6066-11e4-a52e-4f735466cecf":"9225c706-c284-48d0-adfa-ed48e060403d"},{"element-6066-11e4-a52e-4f735466cecf":"d01829d9-8a4b-4850-86ca-848937d92afe"},{"element-6066-11e4-a52e-4f735466cecf":"219a61a2-75b5-4f91-91dc-d186243a0a4d"},{"element-6066-11e4-a52e-4f735466cecf":"117d3ad3-1c37-4746-b008-58dc61a238d0"},{"element-6066-11e4-a52e-4f735466cecf":"e7153720-e190-40b2-b79b-8405242461d0"},{"element-6066-11e4-a52e-4f735466cecf":"3468226e-b7fd-4094-9d50-3ddc5e7cc83a"},{"element-6066-11e4-a52e-4f735466cecf":"380becdc-2405-4ddd-931b-3799512a62c8"},{"element-6066-11e4-a52e-4f735466cecf":"02f745db-f603-4522-a8eb-a58932584fec"},{"element-6066-11e4-a52e-4f735466cecf":"628d5d91-7bd3-425a-a363-493beae83ea2"},{"element-6066-11e4-a52e-4f735466cecf":"90471cee-0d6b-460b-adb0-e577cd68d88a"},{"element-6066-11e4-a52e-4f735466cecf":"7d261426-b1d5-4e08-9cc5-41d757ac5f07"},{"element-6066-11e4-a52e-4f735466cecf":"2d509491-0528-4a9a-ad96-d4d144353926"},{"element-6066-11e4-a52e-4f735466cecf":"618d5c0f-58c6-4f36-8100-3acdc299271c"},{"element-6066-11e4-a52e-4f735466cecf":"efb7e5c0-c030-4d8d-89a0-d4a426160538"},{"element-6066-11e4-a52e-4f735466cecf":"d2e8c147-2337-4d50-90f4-5d87f6730715"},{"element-6066-11e4-a52e-4f735466cecf":"d692dd37-075f-41c2-a3a9-555e43a6e99d"},{"element-6066-11e4-a52e-4f735466cecf":"12dac144-3d9d-497d-bd4a-83de3173e5d2"},{"element-6066-11e4-a52e-4f735466cecf":"ecd5fc03-661a-4c5e-8404-696432b455e8"},{"element-6066-11e4-a52e-4f735466cecf":"dee9bd4a-4a4b-492b-961d-f800d8d79607"},{"element-6066-11e4-a52e-4f735466cecf":"bdef2f8c-32c3-4846-895a-9e4172ea92be"},{"element-6066-11e4-a52e-4f735466cecf":"373bf6da-077b-48e1-9036-edcede934841"},{"element-6066-11e4-a52e-4f735466cecf":"498fac19-8106-43cc-906e-a291dafcc954"},{"element-6066-11e4-a52e-4f735466cecf":"6c68245e-97fe-4525-822c-c7e9aef54f23"},{"element-6066-11e4-a52e-4f735466cecf":"7f12dcc9-da01-4661-a24d-e19da3b3a6db"},{"element-6066-11e4-a52e-4f735466cecf":"30dcf46a-07cf-406e-8bcd-e6dcf145121f"},{"element-6066-11e4-a52e-4f735466cecf":"92140fb7-ed3d-4c40-ac24-f13b49c489ee"},{"element-6066-11e4-a52e-4f735466cecf":"9c8916a0-c1bd-408a-ba2f-4300cb20474a"},{"element-6066-11e4-a52e-4f735466cecf":"288955ef-3f5e-4569-98a0-5c4a030645e3"},{"element-6066-11e4-a52e-4f735466cecf":"c6fc283a-8c91-4892-8fdf-255919345ae8"},{"element-6066-11e4-a52e-4f735466cecf":"5e82e907-ac5d-4e21-a53a-7a2bdee6c9c4"},{"element-6066-11e4-a52e-4f735466cecf":"525f7563-d997-4056-9974-a47c7210f004"},{"element-6066-11e4-a52e-4f735466cecf":"4b15b739-cbdf-4e21-b7db-f859df291343"},{"element-6066-11e4-a52e-4f735466cecf":"ce11253a-aa1e-43e9-8b9f-5fc81601b840"},{"element-6066-11e4-a52e-4f735466cecf":"60ddbfa4-3178-4d4d-8ad7-1b6d7c42c3b3"},{"element-6066-11e4-a52e-4f735466cecf":"de2b5a62-06dd-4c96-a1b5-d36a90395d1a"},{"element-6066-11e4-a52e-4f735466cecf":"0ae00d85-dc52-4c3d-a479-ac8d8ed91ac7"},{"element-6066-11e4-a52e-4f735466cecf":"6684b6f2-594d-4b1e-9fe2-9a717056c441"},{"element-6066-11e4-a52e-4f735466cecf":"34f89f2e-0a8f-4828-b4c4-162507eb8af7"},{"element-6066-11e4-a52e-4f735466cecf":"6b5b81b3-5865-4e14-b44c-345cecb58c73"},{"element-6066-11e4-a52e-4f735466cecf":"e3aeb904-6594-4be6-b4ad-0894a289857e"},{"element-6066-11e4-a52e-4f735466cecf":"e99c6286-5e72-4351-95ff-d88183d67c64"},{"element-6066-11e4-a52e-4f735466cecf":"adbc5465-387f-453f-b27a-5e21863f7638"},{"element-6066-11e4-a52e-4f735466cecf":"697b1c0a-9dab-4ff7-9bfc-bb811ccf77d4"},{"element-6066-11e4-a52e-4f735466cecf":"264ba7e7-8a71-4d3c-b720-41be4216da97"},{"element-6066-11e4-a52e-4f735466cecf":"12802193-ed5d-4ec8-91a2-6f62f03d64ed"},{"element-6066-11e4-a52e-4f735466cecf":"931e8512-ca72-4aa8-ba77-710f5b687311"},{"element-6066-11e4-a52e-4f735466cecf":"432f7992-227f-4991-8a36-987be8f75000"},{"element-6066-11e4-a52e-4f735466cecf":"e4cfa7a2-0bf1-4337-afb6-1e1607c9081e"},{"element-6066-11e4-a52e-4f735466cecf":"2063a524-d2e5-4698-87a6-b52a80a94c7d"},{"element-6066-11e4-a52e-4f735466cecf":"9e5bb042-88ba-4151-a355-dc64732ef944"},{"element-6066-11e4-a52e-4f735466cecf":"7183fc0e-df7c-49b5-be24-be587f64b40b"},{"element-6066-11e4-a52e-4f735466cecf":"2eb9ce7d-1d81-4d3b-8b1b-16b8f2caa800"},{"element-6066-11e4-a52e-4f735466cecf":"70dd4787-de74-4fb6-b1e6-b1bc65b495ca"},{"element-6066-11e4-a52e-4f735466cecf":"76bf6f99-ba74-47a6-b910-17eae0d25c9a"},{"element-6066-11e4-a52e-4f735466cecf":"a2596322-f70b-4655-b0d0-3f7c51eb8fc1"},{"element-6066-11e4-a52e-4f735466cecf":"37498bf6-de55-401b-b7a0-aca305456c6a"},{"element-6066-11e4-a52e-4f735466cecf":"70f11940-25ba-4a0c-a6c5-770f6746f344"},{"element-6066-11e4-a52e-4f735466cecf":"3483d85a-a070-40a3-b153-82ea45a7ac62"},{"element-6066-11e4-a52e-4f735466cecf":"b1221642-ae8b-40f4-b9df-68a0b3c3a6ed"},{"element-6066-11e4-a52e-4f735466cecf":"faff277a-51c5-4012-9b83-6e9906c47712"},{"element-6066-11e4-a52e-4f735466cecf":"5881021c-7dfd-4262-acfe-32a8b887030d"},{"element-6066-11e4-a52e-4f735466cecf":"c5eb587a-8d7a-47a7-a66b-ba23fdd6b52c"},{"element-6066-11e4-a52e-4f735466cecf":"d8d6745b-ace4-428c-abef-91e07bef15fe"},{"element-6066-11e4-a52e-4f735466cecf":"e235aca5-0e62-4d81-bd99-d43f89e9317b"},{"element-6066-11e4-a52e-4f735466cecf":"f3657b5a-e2b0-440d-8da5-3953c8638698"},{"element-6066-11e4-a52e-4f735466cecf":"dc608b63-773c-4de1-b6b7-4669fbcfde3a"},{"element-6066-11e4-a52e-4f735466cecf":"523be977-1920-45d0-9d0b-a2a8297af3a5"},{"element-6066-11e4-a52e-4f735466cecf":"4beb7306-3fc6-43e0-8240-58eee3471f5c"},{"element-6066-11e4-a52e-4f735466cecf":"be2bc942-9fd8-46d7-b133-650e9a496748"},{"element-6066-11e4-a52e-4f735466cecf":"680ebb7d-8969-4ba1-8a9e-a885d51e0d13"},{"element-6066-11e4-a52e-4f735466cecf":"ee9326f5-a276-4b58-b04f-1af782feb05b"},{"element-6066-11e4-a52e-4f735466cecf":"9bd9f071-d2c4-4346-b672-39ebb74767cd"},{"element-6066-11e4-a52e-4f735466cecf":"4433d4b8-f319-47a0-8a67-2368b800e0c9"},{"element-6066-11e4-a52e-4f735466cecf":"3c4237e0-7b57-4729-86e3-679642bf8837"},{"element-6066-11e4-a52e-4f735466cecf":"e610b847-5162-4ae4-b0f0-7a6adca46138"},{"element-6066-11e4-a52e-4f735466cecf":"3c1039dc-6df7-464a-ae4d-bd84118a01de"},{"element-6066-11e4-a52e-4f735466cecf":"05b5f2d3-1077-4134-8ae2-fc74a7e3d335"}]} | headers=HTTPHeaderDict({'Content-Length': '113771', 'Content-Type': 'application/json; charset=utf-8', 'cache-control': 'no-cache'})
DEBUG    2022-05-28 23:28:15 selenium.webdriver.remote.remote_connection::remote_connection.py:_request:412: Finished Request
ERROR    2022-05-28 23:28:15 root::func_item.py:item_review_total:136: Fail : 별점/리뷰 없는 항목과 별점/리뷰 있는 항목의 총합이 전체 레스토랑 항목 수와 일치하지 않습니다.
DEBUG    2022-05-28 23:28:15 selenium.webdriver.remote.remote_connection::remote_connection.py:_request:361: DELETE http://localhost:10652/session/e7ca53808d3d8719b5536c74cfb9e643 {}
DEBUG    2022-05-28 23:28:15 urllib3.connectionpool::connectionpool.py:_make_request:456: http://localhost:10652 "DELETE /session/e7ca53808d3d8719b5536c74cfb9e643 HTTP/1.1" 200 14
DEBUG    2022-05-28 23:28:15 selenium.webdriver.remote.remote_connection::remote_connection.py:_request:383: Remote response: status=200 | data={"value":null} | headers=HTTPHeaderDict({'Content-Length': '14', 'Content-Type': 'application/json; charset=utf-8', 'cache-control': 'no-cache'})
DEBUG    2022-05-28 23:28:15 selenium.webdriver.remote.remote_connection::remote_connection.py:_request:412: Finished Request
INFO     2022-05-28 23:28:17 WDM::logger.py:log:16: ====== WebDriver manager ======
INFO     2022-05-28 23:28:19 WDM::logger.py:log:16: Current google-chrome version is 102.0.5005
INFO     2022-05-28 23:28:19 WDM::logger.py:log:16: Get LATEST chromedriver version for 102.0.5005 google-chrome
DEBUG    2022-05-28 23:28:19 urllib3.connectionpool::connectionpool.py:_new_conn:1001: Starting new HTTPS connection (1): chromedriver.storage.googleapis.com:443
DEBUG    2022-05-28 23:28:19 urllib3.connectionpool::connectionpool.py:_make_request:456: https://chromedriver.storage.googleapis.com:443 "GET /LATEST_RELEASE_102.0.5005 HTTP/1.1" 200 13
INFO     2022-05-28 23:28:19 WDM::logger.py:log:16: Driver [C:\Users\teddy\.wdm\drivers\chromedriver\win32\102.0.5005.61\chromedriver.exe] found in cache
DEBUG    2022-05-28 23:28:19 selenium.webdriver.remote.remote_connection::remote_connection.py:_request:361: POST http://localhost:10730/session {"capabilities": {"firstMatch": [{}], "alwaysMatch": {"browserName": "chrome", "pageLoadStrategy": "normal", "goog:chromeOptions": {"extensions": [], "args": []}}}}
DEBUG    2022-05-28 23:28:19 urllib3.connectionpool::connectionpool.py:_new_conn:228: Starting new HTTP connection (1): localhost:10730
DEBUG    2022-05-28 23:28:20 urllib3.connectionpool::connectionpool.py:_make_request:456: http://localhost:10730 "POST /session HTTP/1.1" 200 789
DEBUG    2022-05-28 23:28:20 selenium.webdriver.remote.remote_connection::remote_connection.py:_request:383: Remote response: status=200 | data={"value":{"capabilities":{"acceptInsecureCerts":false,"browserName":"chrome","browserVersion":"102.0.5005.61","chrome":{"chromedriverVersion":"102.0.5005.61 (0e59bcc00cc4985ce39ad31c150065f159d95ad3-refs/branch-heads/5005@{#819})","userDataDir":"C:\\Users\\teddy\\AppData\\Local\\Temp\\scoped_dir88020_108908431"},"goog:chromeOptions":{"debuggerAddress":"localhost:10733"},"networkConnectionEnabled":false,"pageLoadStrategy":"normal","platformName":"windows","proxy":{},"setWindowRect":true,"strictFileInteractability":false,"timeouts":{"implicit":0,"pageLoad":300000,"script":30000},"unhandledPromptBehavior":"dismiss and notify","webauthn:extension:credBlob":true,"webauthn:extension:largeBlob":true,"webauthn:virtualAuthenticators":true},"sessionId":"16cf138cceba6defc4880a64346c04a5"}} | headers=HTTPHeaderDict({'Content-Length': '789', 'Content-Type': 'application/json; charset=utf-8', 'cache-control': 'no-cache'})
DEBUG    2022-05-28 23:28:20 selenium.webdriver.remote.remote_connection::remote_connection.py:_request:412: Finished Request
DEBUG    2022-05-28 23:28:20 selenium.webdriver.remote.remote_connection::remote_connection.py:_request:361: POST http://localhost:10730/session/16cf138cceba6defc4880a64346c04a5/window/maximize {}
DEBUG    2022-05-28 23:28:20 urllib3.connectionpool::connectionpool.py:_make_request:456: http://localhost:10730 "POST /session/16cf138cceba6defc4880a64346c04a5/window/maximize HTTP/1.1" 200 52
DEBUG    2022-05-28 23:28:20 selenium.webdriver.remote.remote_connection::remote_connection.py:_request:383: Remote response: status=200 | data={"value":{"height":1048,"width":1936,"x":-8,"y":-8}} | headers=HTTPHeaderDict({'Content-Length': '52', 'Content-Type': 'application/json; charset=utf-8', 'cache-control': 'no-cache'})
DEBUG    2022-05-28 23:28:20 selenium.webdriver.remote.remote_connection::remote_connection.py:_request:412: Finished Request
DEBUG    2022-05-28 23:28:20 selenium.webdriver.remote.remote_connection::remote_connection.py:_request:361: POST http://localhost:10730/session/16cf138cceba6defc4880a64346c04a5/timeouts {"implicit": 10000}
DEBUG    2022-05-28 23:28:20 urllib3.connectionpool::connectionpool.py:_make_request:456: http://localhost:10730 "POST /session/16cf138cceba6defc4880a64346c04a5/timeouts HTTP/1.1" 200 14
DEBUG    2022-05-28 23:28:20 selenium.webdriver.remote.remote_connection::remote_connection.py:_request:383: Remote response: status=200 | data={"value":null} | headers=HTTPHeaderDict({'Content-Length': '14', 'Content-Type': 'application/json; charset=utf-8', 'cache-control': 'no-cache'})
DEBUG    2022-05-28 23:28:20 selenium.webdriver.remote.remote_connection::remote_connection.py:_request:412: Finished Request
DEBUG    2022-05-28 23:28:20 selenium.webdriver.remote.remote_connection::remote_connection.py:_request:361: POST http://localhost:10730/session/16cf138cceba6defc4880a64346c04a5/url {"url": "https://www.yogiyo.co.kr/mobile/#/"}
DEBUG    2022-05-28 23:28:22 urllib3.connectionpool::connectionpool.py:_make_request:456: http://localhost:10730 "POST /session/16cf138cceba6defc4880a64346c04a5/url HTTP/1.1" 200 14
DEBUG    2022-05-28 23:28:22 selenium.webdriver.remote.remote_connection::remote_connection.py:_request:383: Remote response: status=200 | data={"value":null} | headers=HTTPHeaderDict({'Content-Length': '14', 'Content-Type': 'application/json; charset=utf-8', 'cache-control': 'no-cache'})
DEBUG    2022-05-28 23:28:22 selenium.webdriver.remote.remote_connection::remote_connection.py:_request:412: Finished Request
DEBUG    2022-05-28 23:28:23 selenium.webdriver.remote.remote_connection::remote_connection.py:_request:361: POST http://localhost:10730/session/16cf138cceba6defc4880a64346c04a5/element {"using": "xpath", "value": "//input[@name='address_input']"}
DEBUG    2022-05-28 23:28:23 urllib3.connectionpool::connectionpool.py:_make_request:456: http://localhost:10730 "POST /session/16cf138cceba6defc4880a64346c04a5/element HTTP/1.1" 200 88
DEBUG    2022-05-28 23:28:23 selenium.webdriver.remote.remote_connection::remote_connection.py:_request:383: Remote response: status=200 | data={"value":{"element-6066-11e4-a52e-4f735466cecf":"a18597fe-d693-48bc-a8d5-09a4a2a78db3"}} | headers=HTTPHeaderDict({'Content-Length': '88', 'Content-Type': 'application/json; charset=utf-8', 'cache-control': 'no-cache'})
DEBUG    2022-05-28 23:28:23 selenium.webdriver.remote.remote_connection::remote_connection.py:_request:412: Finished Request
DEBUG    2022-05-28 23:28:23 selenium.webdriver.remote.remote_connection::remote_connection.py:_request:361: POST http://localhost:10730/session/16cf138cceba6defc4880a64346c04a5/element/a18597fe-d693-48bc-a8d5-09a4a2a78db3/clear {"id": "a18597fe-d693-48bc-a8d5-09a4a2a78db3"}
DEBUG    2022-05-28 23:28:23 urllib3.connectionpool::connectionpool.py:_make_request:456: http://localhost:10730 "POST /session/16cf138cceba6defc4880a64346c04a5/element/a18597fe-d693-48bc-a8d5-09a4a2a78db3/clear HTTP/1.1" 200 14
DEBUG    2022-05-28 23:28:23 selenium.webdriver.remote.remote_connection::remote_connection.py:_request:383: Remote response: status=200 | data={"value":null} | headers=HTTPHeaderDict({'Content-Length': '14', 'Content-Type': 'application/json; charset=utf-8', 'cache-control': 'no-cache'})
DEBUG    2022-05-28 23:28:23 selenium.webdriver.remote.remote_connection::remote_connection.py:_request:412: Finished Request
DEBUG    2022-05-28 23:28:23 selenium.webdriver.remote.remote_connection::remote_connection.py:_request:361: POST http://localhost:10730/session/16cf138cceba6defc4880a64346c04a5/element {"using": "xpath", "value": "//input[@name='address_input']"}
DEBUG    2022-05-28 23:28:23 urllib3.connectionpool::connectionpool.py:_make_request:456: http://localhost:10730 "POST /session/16cf138cceba6defc4880a64346c04a5/element HTTP/1.1" 200 88
DEBUG    2022-05-28 23:28:23 selenium.webdriver.remote.remote_connection::remote_connection.py:_request:383: Remote response: status=200 | data={"value":{"element-6066-11e4-a52e-4f735466cecf":"a18597fe-d693-48bc-a8d5-09a4a2a78db3"}} | headers=HTTPHeaderDict({'Content-Length': '88', 'Content-Type': 'application/json; charset=utf-8', 'cache-control': 'no-cache'})
DEBUG    2022-05-28 23:28:23 selenium.webdriver.remote.remote_connection::remote_connection.py:_request:412: Finished Request
DEBUG    2022-05-28 23:28:23 selenium.webdriver.remote.remote_connection::remote_connection.py:_request:361: POST http://localhost:10730/session/16cf138cceba6defc4880a64346c04a5/element/a18597fe-d693-48bc-a8d5-09a4a2a78db3/value {"text": "\uc11c\uc6b8\ud2b9\ubcc4\uc2dc \ub3d9\uc791\uad6c \uc0ac\ub2f9\ub3d9 144-4 \uc774\uc218\uc5ed(7\ud638\uc120)", "value": ["\uc11c", "\uc6b8", "\ud2b9", "\ubcc4", "\uc2dc", " ", "\ub3d9", "\uc791", "\uad6c", " ", "\uc0ac", "\ub2f9", "\ub3d9", " ", "1", "4", "4", "-", "4", " ", "\uc774", "\uc218", "\uc5ed", "(", "7", "\ud638", "\uc120", ")"], "id": "a18597fe-d693-48bc-a8d5-09a4a2a78db3"}
DEBUG    2022-05-28 23:28:23 urllib3.connectionpool::connectionpool.py:_make_request:456: http://localhost:10730 "POST /session/16cf138cceba6defc4880a64346c04a5/element/a18597fe-d693-48bc-a8d5-09a4a2a78db3/value HTTP/1.1" 200 14
DEBUG    2022-05-28 23:28:23 selenium.webdriver.remote.remote_connection::remote_connection.py:_request:383: Remote response: status=200 | data={"value":null} | headers=HTTPHeaderDict({'Content-Length': '14', 'Content-Type': 'application/json; charset=utf-8', 'cache-control': 'no-cache'})
DEBUG    2022-05-28 23:28:23 selenium.webdriver.remote.remote_connection::remote_connection.py:_request:412: Finished Request
DEBUG    2022-05-28 23:28:23 selenium.webdriver.remote.remote_connection::remote_connection.py:_request:361: POST http://localhost:10730/session/16cf138cceba6defc4880a64346c04a5/element {"using": "xpath", "value": "//button[@class='btn btn-default ico-pick']"}
DEBUG    2022-05-28 23:28:23 urllib3.connectionpool::connectionpool.py:_make_request:456: http://localhost:10730 "POST /session/16cf138cceba6defc4880a64346c04a5/element HTTP/1.1" 200 88
DEBUG    2022-05-28 23:28:23 selenium.webdriver.remote.remote_connection::remote_connection.py:_request:383: Remote response: status=200 | data={"value":{"element-6066-11e4-a52e-4f735466cecf":"70c3b654-b71c-49be-8488-ec10602b42c9"}} | headers=HTTPHeaderDict({'Content-Length': '88', 'Content-Type': 'application/json; charset=utf-8', 'cache-control': 'no-cache'})
DEBUG    2022-05-28 23:28:23 selenium.webdriver.remote.remote_connection::remote_connection.py:_request:412: Finished Request
DEBUG    2022-05-28 23:28:23 selenium.webdriver.remote.remote_connection::remote_connection.py:_request:361: POST http://localhost:10730/session/16cf138cceba6defc4880a64346c04a5/element/70c3b654-b71c-49be-8488-ec10602b42c9/click {"id": "70c3b654-b71c-49be-8488-ec10602b42c9"}
DEBUG    2022-05-28 23:28:23 urllib3.connectionpool::connectionpool.py:_make_request:456: http://localhost:10730 "POST /session/16cf138cceba6defc4880a64346c04a5/element/70c3b654-b71c-49be-8488-ec10602b42c9/click HTTP/1.1" 200 14
DEBUG    2022-05-28 23:28:23 selenium.webdriver.remote.remote_connection::remote_connection.py:_request:383: Remote response: status=200 | data={"value":null} | headers=HTTPHeaderDict({'Content-Length': '14', 'Content-Type': 'application/json; charset=utf-8', 'cache-control': 'no-cache'})
DEBUG    2022-05-28 23:28:23 selenium.webdriver.remote.remote_connection::remote_connection.py:_request:412: Finished Request
DEBUG    2022-05-28 23:28:24 selenium.webdriver.remote.remote_connection::remote_connection.py:_request:361: GET http://localhost:10730/session/16cf138cceba6defc4880a64346c04a5/url {}
DEBUG    2022-05-28 23:28:24 urllib3.connectionpool::connectionpool.py:_make_request:456: http://localhost:10730 "GET /session/16cf138cceba6defc4880a64346c04a5/url HTTP/1.1" 200 99
DEBUG    2022-05-28 23:28:24 selenium.webdriver.remote.remote_connection::remote_connection.py:_request:383: Remote response: status=200 | data={"value":"https://www.yogiyo.co.kr/mobile/#/%EC%84%9C%EC%9A%B8%ED%8A%B9%EB%B3%84%EC%8B%9C/156091/"} | headers=HTTPHeaderDict({'Content-Length': '99', 'Content-Type': 'application/json; charset=utf-8', 'cache-control': 'no-cache'})
DEBUG    2022-05-28 23:28:24 selenium.webdriver.remote.remote_connection::remote_connection.py:_request:412: Finished Request
INFO     2022-05-28 23:28:24 root::mod_common.py:compare_url:25: 현재 URL : https://www.yogiyo.co.kr/mobile/#/%EC%84%9C%EC%9A%B8%ED%8A%B9%EB%B3%84%EC%8B%9C/156091/
INFO     2022-05-28 23:28:24 root::mod_common.py:compare_url:26: 비교 URL : https://www.yogiyo.co.kr/mobile/#/%EC%84%9C%EC%9A%B8%ED%8A%B9%EB%B3%84%EC%8B%9C/156091/
INFO     2022-05-28 23:28:24 root::mod_common.py:compare_url:28: 두 URL이 일치합니다.
INFO     2022-05-28 23:28:24 root::mod_enter.py:enter_restaurant_list:19: Success : 레스토랑 리스트 페이지 진입에 성공했습니다.
DEBUG    2022-05-28 23:28:24 selenium.webdriver.remote.remote_connection::remote_connection.py:_request:361: POST http://localhost:10730/session/16cf138cceba6defc4880a64346c04a5/execute/sync {"script": "return document.body.scrollHeight", "args": []}
DEBUG    2022-05-28 23:28:24 urllib3.connectionpool::connectionpool.py:_make_request:456: http://localhost:10730 "POST /session/16cf138cceba6defc4880a64346c04a5/execute/sync HTTP/1.1" 200 14
DEBUG    2022-05-28 23:28:24 selenium.webdriver.remote.remote_connection::remote_connection.py:_request:383: Remote response: status=200 | data={"value":4505} | headers=HTTPHeaderDict({'Content-Length': '14', 'Content-Type': 'application/json; charset=utf-8', 'cache-control': 'no-cache'})
DEBUG    2022-05-28 23:28:24 selenium.webdriver.remote.remote_connection::remote_connection.py:_request:412: Finished Request
DEBUG    2022-05-28 23:28:24 selenium.webdriver.remote.remote_connection::remote_connection.py:_request:361: POST http://localhost:10730/session/16cf138cceba6defc4880a64346c04a5/execute/sync {"script": "window.scrollTo(0, 4505)", "args": []}
DEBUG    2022-05-28 23:28:24 urllib3.connectionpool::connectionpool.py:_make_request:456: http://localhost:10730 "POST /session/16cf138cceba6defc4880a64346c04a5/execute/sync HTTP/1.1" 200 14
DEBUG    2022-05-28 23:28:24 selenium.webdriver.remote.remote_connection::remote_connection.py:_request:383: Remote response: status=200 | data={"value":null} | headers=HTTPHeaderDict({'Content-Length': '14', 'Content-Type': 'application/json; charset=utf-8', 'cache-control': 'no-cache'})
DEBUG    2022-05-28 23:28:24 selenium.webdriver.remote.remote_connection::remote_connection.py:_request:412: Finished Request
DEBUG    2022-05-28 23:28:25 selenium.webdriver.remote.remote_connection::remote_connection.py:_request:361: POST http://localhost:10730/session/16cf138cceba6defc4880a64346c04a5/execute/sync {"script": "return document.body.scrollHeight", "args": []}
DEBUG    2022-05-28 23:28:25 urllib3.connectionpool::connectionpool.py:_make_request:456: http://localhost:10730 "POST /session/16cf138cceba6defc4880a64346c04a5/execute/sync HTTP/1.1" 200 14
DEBUG    2022-05-28 23:28:25 selenium.webdriver.remote.remote_connection::remote_connection.py:_request:383: Remote response: status=200 | data={"value":7984} | headers=HTTPHeaderDict({'Content-Length': '14', 'Content-Type': 'application/json; charset=utf-8', 'cache-control': 'no-cache'})
DEBUG    2022-05-28 23:28:25 selenium.webdriver.remote.remote_connection::remote_connection.py:_request:412: Finished Request
DEBUG    2022-05-28 23:28:25 selenium.webdriver.remote.remote_connection::remote_connection.py:_request:361: POST http://localhost:10730/session/16cf138cceba6defc4880a64346c04a5/execute/sync {"script": "window.scrollTo(4505, 7984)", "args": []}
DEBUG    2022-05-28 23:28:25 urllib3.connectionpool::connectionpool.py:_make_request:456: http://localhost:10730 "POST /session/16cf138cceba6defc4880a64346c04a5/execute/sync HTTP/1.1" 200 14
DEBUG    2022-05-28 23:28:25 selenium.webdriver.remote.remote_connection::remote_connection.py:_request:383: Remote response: status=200 | data={"value":null} | headers=HTTPHeaderDict({'Content-Length': '14', 'Content-Type': 'application/json; charset=utf-8', 'cache-control': 'no-cache'})
DEBUG    2022-05-28 23:28:25 selenium.webdriver.remote.remote_connection::remote_connection.py:_request:412: Finished Request
DEBUG    2022-05-28 23:28:26 selenium.webdriver.remote.remote_connection::remote_connection.py:_request:361: POST http://localhost:10730/session/16cf138cceba6defc4880a64346c04a5/execute/sync {"script": "return document.body.scrollHeight", "args": []}
DEBUG    2022-05-28 23:28:26 urllib3.connectionpool::connectionpool.py:_make_request:456: http://localhost:10730 "POST /session/16cf138cceba6defc4880a64346c04a5/execute/sync HTTP/1.1" 200 15
DEBUG    2022-05-28 23:28:26 selenium.webdriver.remote.remote_connection::remote_connection.py:_request:383: Remote response: status=200 | data={"value":11524} | headers=HTTPHeaderDict({'Content-Length': '15', 'Content-Type': 'application/json; charset=utf-8', 'cache-control': 'no-cache'})
DEBUG    2022-05-28 23:28:26 selenium.webdriver.remote.remote_connection::remote_connection.py:_request:412: Finished Request
DEBUG    2022-05-28 23:28:26 selenium.webdriver.remote.remote_connection::remote_connection.py:_request:361: POST http://localhost:10730/session/16cf138cceba6defc4880a64346c04a5/execute/sync {"script": "window.scrollTo(7984, 11524)", "args": []}
DEBUG    2022-05-28 23:28:26 urllib3.connectionpool::connectionpool.py:_make_request:456: http://localhost:10730 "POST /session/16cf138cceba6defc4880a64346c04a5/execute/sync HTTP/1.1" 200 14
DEBUG    2022-05-28 23:28:26 selenium.webdriver.remote.remote_connection::remote_connection.py:_request:383: Remote response: status=200 | data={"value":null} | headers=HTTPHeaderDict({'Content-Length': '14', 'Content-Type': 'application/json; charset=utf-8', 'cache-control': 'no-cache'})
DEBUG    2022-05-28 23:28:26 selenium.webdriver.remote.remote_connection::remote_connection.py:_request:412: Finished Request
DEBUG    2022-05-28 23:28:27 selenium.webdriver.remote.remote_connection::remote_connection.py:_request:361: POST http://localhost:10730/session/16cf138cceba6defc4880a64346c04a5/execute/sync {"script": "return document.body.scrollHeight", "args": []}
DEBUG    2022-05-28 23:28:27 urllib3.connectionpool::connectionpool.py:_make_request:456: http://localhost:10730 "POST /session/16cf138cceba6defc4880a64346c04a5/execute/sync HTTP/1.1" 200 15
DEBUG    2022-05-28 23:28:27 selenium.webdriver.remote.remote_connection::remote_connection.py:_request:383: Remote response: status=200 | data={"value":15064} | headers=HTTPHeaderDict({'Content-Length': '15', 'Content-Type': 'application/json; charset=utf-8', 'cache-control': 'no-cache'})
DEBUG    2022-05-28 23:28:27 selenium.webdriver.remote.remote_connection::remote_connection.py:_request:412: Finished Request
DEBUG    2022-05-28 23:28:27 selenium.webdriver.remote.remote_connection::remote_connection.py:_request:361: POST http://localhost:10730/session/16cf138cceba6defc4880a64346c04a5/execute/sync {"script": "window.scrollTo(11524, 15064)", "args": []}
DEBUG    2022-05-28 23:28:27 urllib3.connectionpool::connectionpool.py:_make_request:456: http://localhost:10730 "POST /session/16cf138cceba6defc4880a64346c04a5/execute/sync HTTP/1.1" 200 14
DEBUG    2022-05-28 23:28:27 selenium.webdriver.remote.remote_connection::remote_connection.py:_request:383: Remote response: status=200 | data={"value":null} | headers=HTTPHeaderDict({'Content-Length': '14', 'Content-Type': 'application/json; charset=utf-8', 'cache-control': 'no-cache'})
DEBUG    2022-05-28 23:28:27 selenium.webdriver.remote.remote_connection::remote_connection.py:_request:412: Finished Request
DEBUG    2022-05-28 23:28:28 selenium.webdriver.remote.remote_connection::remote_connection.py:_request:361: POST http://localhost:10730/session/16cf138cceba6defc4880a64346c04a5/execute/sync {"script": "return document.body.scrollHeight", "args": []}
DEBUG    2022-05-28 23:28:28 urllib3.connectionpool::connectionpool.py:_make_request:456: http://localhost:10730 "POST /session/16cf138cceba6defc4880a64346c04a5/execute/sync HTTP/1.1" 200 15
DEBUG    2022-05-28 23:28:28 selenium.webdriver.remote.remote_connection::remote_connection.py:_request:383: Remote response: status=200 | data={"value":18604} | headers=HTTPHeaderDict({'Content-Length': '15', 'Content-Type': 'application/json; charset=utf-8', 'cache-control': 'no-cache'})
DEBUG    2022-05-28 23:28:28 selenium.webdriver.remote.remote_connection::remote_connection.py:_request:412: Finished Request
DEBUG    2022-05-28 23:28:28 selenium.webdriver.remote.remote_connection::remote_connection.py:_request:361: POST http://localhost:10730/session/16cf138cceba6defc4880a64346c04a5/execute/sync {"script": "window.scrollTo(15064, 18604)", "args": []}
DEBUG    2022-05-28 23:28:28 urllib3.connectionpool::connectionpool.py:_make_request:456: http://localhost:10730 "POST /session/16cf138cceba6defc4880a64346c04a5/execute/sync HTTP/1.1" 200 14
DEBUG    2022-05-28 23:28:28 selenium.webdriver.remote.remote_connection::remote_connection.py:_request:383: Remote response: status=200 | data={"value":null} | headers=HTTPHeaderDict({'Content-Length': '14', 'Content-Type': 'application/json; charset=utf-8', 'cache-control': 'no-cache'})
DEBUG    2022-05-28 23:28:28 selenium.webdriver.remote.remote_connection::remote_connection.py:_request:412: Finished Request
DEBUG    2022-05-28 23:28:29 selenium.webdriver.remote.remote_connection::remote_connection.py:_request:361: POST http://localhost:10730/session/16cf138cceba6defc4880a64346c04a5/execute/sync {"script": "return document.body.scrollHeight", "args": []}
DEBUG    2022-05-28 23:28:29 urllib3.connectionpool::connectionpool.py:_make_request:456: http://localhost:10730 "POST /session/16cf138cceba6defc4880a64346c04a5/execute/sync HTTP/1.1" 200 15
DEBUG    2022-05-28 23:28:29 selenium.webdriver.remote.remote_connection::remote_connection.py:_request:383: Remote response: status=200 | data={"value":22144} | headers=HTTPHeaderDict({'Content-Length': '15', 'Content-Type': 'application/json; charset=utf-8', 'cache-control': 'no-cache'})
DEBUG    2022-05-28 23:28:29 selenium.webdriver.remote.remote_connection::remote_connection.py:_request:412: Finished Request
DEBUG    2022-05-28 23:28:29 selenium.webdriver.remote.remote_connection::remote_connection.py:_request:361: POST http://localhost:10730/session/16cf138cceba6defc4880a64346c04a5/execute/sync {"script": "window.scrollTo(18604, 22144)", "args": []}
DEBUG    2022-05-28 23:28:29 urllib3.connectionpool::connectionpool.py:_make_request:456: http://localhost:10730 "POST /session/16cf138cceba6defc4880a64346c04a5/execute/sync HTTP/1.1" 200 14
DEBUG    2022-05-28 23:28:29 selenium.webdriver.remote.remote_connection::remote_connection.py:_request:383: Remote response: status=200 | data={"value":null} | headers=HTTPHeaderDict({'Content-Length': '14', 'Content-Type': 'application/json; charset=utf-8', 'cache-control': 'no-cache'})
DEBUG    2022-05-28 23:28:29 selenium.webdriver.remote.remote_connection::remote_connection.py:_request:412: Finished Request
DEBUG    2022-05-28 23:28:30 selenium.webdriver.remote.remote_connection::remote_connection.py:_request:361: POST http://localhost:10730/session/16cf138cceba6defc4880a64346c04a5/execute/sync {"script": "return document.body.scrollHeight", "args": []}
DEBUG    2022-05-28 23:28:30 urllib3.connectionpool::connectionpool.py:_make_request:456: http://localhost:10730 "POST /session/16cf138cceba6defc4880a64346c04a5/execute/sync HTTP/1.1" 200 15
DEBUG    2022-05-28 23:28:30 selenium.webdriver.remote.remote_connection::remote_connection.py:_request:383: Remote response: status=200 | data={"value":25684} | headers=HTTPHeaderDict({'Content-Length': '15', 'Content-Type': 'application/json; charset=utf-8', 'cache-control': 'no-cache'})
DEBUG    2022-05-28 23:28:30 selenium.webdriver.remote.remote_connection::remote_connection.py:_request:412: Finished Request
DEBUG    2022-05-28 23:28:30 selenium.webdriver.remote.remote_connection::remote_connection.py:_request:361: POST http://localhost:10730/session/16cf138cceba6defc4880a64346c04a5/execute/sync {"script": "window.scrollTo(22144, 25684)", "args": []}
DEBUG    2022-05-28 23:28:30 urllib3.connectionpool::connectionpool.py:_make_request:456: http://localhost:10730 "POST /session/16cf138cceba6defc4880a64346c04a5/execute/sync HTTP/1.1" 200 14
DEBUG    2022-05-28 23:28:30 selenium.webdriver.remote.remote_connection::remote_connection.py:_request:383: Remote response: status=200 | data={"value":null} | headers=HTTPHeaderDict({'Content-Length': '14', 'Content-Type': 'application/json; charset=utf-8', 'cache-control': 'no-cache'})
DEBUG    2022-05-28 23:28:30 selenium.webdriver.remote.remote_connection::remote_connection.py:_request:412: Finished Request
DEBUG    2022-05-28 23:28:31 selenium.webdriver.remote.remote_connection::remote_connection.py:_request:361: POST http://localhost:10730/session/16cf138cceba6defc4880a64346c04a5/execute/sync {"script": "return document.body.scrollHeight", "args": []}
DEBUG    2022-05-28 23:28:31 urllib3.connectionpool::connectionpool.py:_make_request:456: http://localhost:10730 "POST /session/16cf138cceba6defc4880a64346c04a5/execute/sync HTTP/1.1" 200 15
DEBUG    2022-05-28 23:28:31 selenium.webdriver.remote.remote_connection::remote_connection.py:_request:383: Remote response: status=200 | data={"value":29224} | headers=HTTPHeaderDict({'Content-Length': '15', 'Content-Type': 'application/json; charset=utf-8', 'cache-control': 'no-cache'})
DEBUG    2022-05-28 23:28:31 selenium.webdriver.remote.remote_connection::remote_connection.py:_request:412: Finished Request
DEBUG    2022-05-28 23:28:31 selenium.webdriver.remote.remote_connection::remote_connection.py:_request:361: POST http://localhost:10730/session/16cf138cceba6defc4880a64346c04a5/execute/sync {"script": "window.scrollTo(25684, 29224)", "args": []}
DEBUG    2022-05-28 23:28:31 urllib3.connectionpool::connectionpool.py:_make_request:456: http://localhost:10730 "POST /session/16cf138cceba6defc4880a64346c04a5/execute/sync HTTP/1.1" 200 14
DEBUG    2022-05-28 23:28:31 selenium.webdriver.remote.remote_connection::remote_connection.py:_request:383: Remote response: status=200 | data={"value":null} | headers=HTTPHeaderDict({'Content-Length': '14', 'Content-Type': 'application/json; charset=utf-8', 'cache-control': 'no-cache'})
DEBUG    2022-05-28 23:28:31 selenium.webdriver.remote.remote_connection::remote_connection.py:_request:412: Finished Request
DEBUG    2022-05-28 23:28:32 selenium.webdriver.remote.remote_connection::remote_connection.py:_request:361: POST http://localhost:10730/session/16cf138cceba6defc4880a64346c04a5/execute/sync {"script": "return document.body.scrollHeight", "args": []}
DEBUG    2022-05-28 23:28:32 urllib3.connectionpool::connectionpool.py:_make_request:456: http://localhost:10730 "POST /session/16cf138cceba6defc4880a64346c04a5/execute/sync HTTP/1.1" 200 15
DEBUG    2022-05-28 23:28:32 selenium.webdriver.remote.remote_connection::remote_connection.py:_request:383: Remote response: status=200 | data={"value":32764} | headers=HTTPHeaderDict({'Content-Length': '15', 'Content-Type': 'application/json; charset=utf-8', 'cache-control': 'no-cache'})
DEBUG    2022-05-28 23:28:32 selenium.webdriver.remote.remote_connection::remote_connection.py:_request:412: Finished Request
DEBUG    2022-05-28 23:28:32 selenium.webdriver.remote.remote_connection::remote_connection.py:_request:361: POST http://localhost:10730/session/16cf138cceba6defc4880a64346c04a5/execute/sync {"script": "window.scrollTo(29224, 32764)", "args": []}
DEBUG    2022-05-28 23:28:32 urllib3.connectionpool::connectionpool.py:_make_request:456: http://localhost:10730 "POST /session/16cf138cceba6defc4880a64346c04a5/execute/sync HTTP/1.1" 200 14
DEBUG    2022-05-28 23:28:32 selenium.webdriver.remote.remote_connection::remote_connection.py:_request:383: Remote response: status=200 | data={"value":null} | headers=HTTPHeaderDict({'Content-Length': '14', 'Content-Type': 'application/json; charset=utf-8', 'cache-control': 'no-cache'})
DEBUG    2022-05-28 23:28:32 selenium.webdriver.remote.remote_connection::remote_connection.py:_request:412: Finished Request
DEBUG    2022-05-28 23:28:33 selenium.webdriver.remote.remote_connection::remote_connection.py:_request:361: POST http://localhost:10730/session/16cf138cceba6defc4880a64346c04a5/execute/sync {"script": "return document.body.scrollHeight", "args": []}
DEBUG    2022-05-28 23:28:33 urllib3.connectionpool::connectionpool.py:_make_request:456: http://localhost:10730 "POST /session/16cf138cceba6defc4880a64346c04a5/execute/sync HTTP/1.1" 200 15
DEBUG    2022-05-28 23:28:33 selenium.webdriver.remote.remote_connection::remote_connection.py:_request:383: Remote response: status=200 | data={"value":36304} | headers=HTTPHeaderDict({'Content-Length': '15', 'Content-Type': 'application/json; charset=utf-8', 'cache-control': 'no-cache'})
DEBUG    2022-05-28 23:28:33 selenium.webdriver.remote.remote_connection::remote_connection.py:_request:412: Finished Request
DEBUG    2022-05-28 23:28:33 selenium.webdriver.remote.remote_connection::remote_connection.py:_request:361: POST http://localhost:10730/session/16cf138cceba6defc4880a64346c04a5/execute/sync {"script": "window.scrollTo(32764, 36304)", "args": []}
DEBUG    2022-05-28 23:28:33 urllib3.connectionpool::connectionpool.py:_make_request:456: http://localhost:10730 "POST /session/16cf138cceba6defc4880a64346c04a5/execute/sync HTTP/1.1" 200 14
DEBUG    2022-05-28 23:28:33 selenium.webdriver.remote.remote_connection::remote_connection.py:_request:383: Remote response: status=200 | data={"value":null} | headers=HTTPHeaderDict({'Content-Length': '14', 'Content-Type': 'application/json; charset=utf-8', 'cache-control': 'no-cache'})
DEBUG    2022-05-28 23:28:33 selenium.webdriver.remote.remote_connection::remote_connection.py:_request:412: Finished Request
DEBUG    2022-05-28 23:28:34 selenium.webdriver.remote.remote_connection::remote_connection.py:_request:361: POST http://localhost:10730/session/16cf138cceba6defc4880a64346c04a5/execute/sync {"script": "return document.body.scrollHeight", "args": []}
DEBUG    2022-05-28 23:28:34 urllib3.connectionpool::connectionpool.py:_make_request:456: http://localhost:10730 "POST /session/16cf138cceba6defc4880a64346c04a5/execute/sync HTTP/1.1" 200 15
DEBUG    2022-05-28 23:28:34 selenium.webdriver.remote.remote_connection::remote_connection.py:_request:383: Remote response: status=200 | data={"value":39844} | headers=HTTPHeaderDict({'Content-Length': '15', 'Content-Type': 'application/json; charset=utf-8', 'cache-control': 'no-cache'})
DEBUG    2022-05-28 23:28:34 selenium.webdriver.remote.remote_connection::remote_connection.py:_request:412: Finished Request
DEBUG    2022-05-28 23:28:34 selenium.webdriver.remote.remote_connection::remote_connection.py:_request:361: POST http://localhost:10730/session/16cf138cceba6defc4880a64346c04a5/execute/sync {"script": "window.scrollTo(36304, 39844)", "args": []}
DEBUG    2022-05-28 23:28:34 urllib3.connectionpool::connectionpool.py:_make_request:456: http://localhost:10730 "POST /session/16cf138cceba6defc4880a64346c04a5/execute/sync HTTP/1.1" 200 14
DEBUG    2022-05-28 23:28:34 selenium.webdriver.remote.remote_connection::remote_connection.py:_request:383: Remote response: status=200 | data={"value":null} | headers=HTTPHeaderDict({'Content-Length': '14', 'Content-Type': 'application/json; charset=utf-8', 'cache-control': 'no-cache'})
DEBUG    2022-05-28 23:28:34 selenium.webdriver.remote.remote_connection::remote_connection.py:_request:412: Finished Request
DEBUG    2022-05-28 23:28:35 selenium.webdriver.remote.remote_connection::remote_connection.py:_request:361: POST http://localhost:10730/session/16cf138cceba6defc4880a64346c04a5/execute/sync {"script": "return document.body.scrollHeight", "args": []}
DEBUG    2022-05-28 23:28:35 urllib3.connectionpool::connectionpool.py:_make_request:456: http://localhost:10730 "POST /session/16cf138cceba6defc4880a64346c04a5/execute/sync HTTP/1.1" 200 15
DEBUG    2022-05-28 23:28:35 selenium.webdriver.remote.remote_connection::remote_connection.py:_request:383: Remote response: status=200 | data={"value":43384} | headers=HTTPHeaderDict({'Content-Length': '15', 'Content-Type': 'application/json; charset=utf-8', 'cache-control': 'no-cache'})
DEBUG    2022-05-28 23:28:35 selenium.webdriver.remote.remote_connection::remote_connection.py:_request:412: Finished Request
DEBUG    2022-05-28 23:28:35 selenium.webdriver.remote.remote_connection::remote_connection.py:_request:361: POST http://localhost:10730/session/16cf138cceba6defc4880a64346c04a5/execute/sync {"script": "window.scrollTo(39844, 43384)", "args": []}
DEBUG    2022-05-28 23:28:35 urllib3.connectionpool::connectionpool.py:_make_request:456: http://localhost:10730 "POST /session/16cf138cceba6defc4880a64346c04a5/execute/sync HTTP/1.1" 200 14
DEBUG    2022-05-28 23:28:35 selenium.webdriver.remote.remote_connection::remote_connection.py:_request:383: Remote response: status=200 | data={"value":null} | headers=HTTPHeaderDict({'Content-Length': '14', 'Content-Type': 'application/json; charset=utf-8', 'cache-control': 'no-cache'})
DEBUG    2022-05-28 23:28:35 selenium.webdriver.remote.remote_connection::remote_connection.py:_request:412: Finished Request
DEBUG    2022-05-28 23:28:36 selenium.webdriver.remote.remote_connection::remote_connection.py:_request:361: POST http://localhost:10730/session/16cf138cceba6defc4880a64346c04a5/execute/sync {"script": "return document.body.scrollHeight", "args": []}
DEBUG    2022-05-28 23:28:36 urllib3.connectionpool::connectionpool.py:_make_request:456: http://localhost:10730 "POST /session/16cf138cceba6defc4880a64346c04a5/execute/sync HTTP/1.1" 200 15
DEBUG    2022-05-28 23:28:36 selenium.webdriver.remote.remote_connection::remote_connection.py:_request:383: Remote response: status=200 | data={"value":46924} | headers=HTTPHeaderDict({'Content-Length': '15', 'Content-Type': 'application/json; charset=utf-8', 'cache-control': 'no-cache'})
DEBUG    2022-05-28 23:28:36 selenium.webdriver.remote.remote_connection::remote_connection.py:_request:412: Finished Request
DEBUG    2022-05-28 23:28:36 selenium.webdriver.remote.remote_connection::remote_connection.py:_request:361: POST http://localhost:10730/session/16cf138cceba6defc4880a64346c04a5/execute/sync {"script": "window.scrollTo(43384, 46924)", "args": []}
DEBUG    2022-05-28 23:28:36 urllib3.connectionpool::connectionpool.py:_make_request:456: http://localhost:10730 "POST /session/16cf138cceba6defc4880a64346c04a5/execute/sync HTTP/1.1" 200 14
DEBUG    2022-05-28 23:28:36 selenium.webdriver.remote.remote_connection::remote_connection.py:_request:383: Remote response: status=200 | data={"value":null} | headers=HTTPHeaderDict({'Content-Length': '14', 'Content-Type': 'application/json; charset=utf-8', 'cache-control': 'no-cache'})
DEBUG    2022-05-28 23:28:36 selenium.webdriver.remote.remote_connection::remote_connection.py:_request:412: Finished Request
DEBUG    2022-05-28 23:28:37 selenium.webdriver.remote.remote_connection::remote_connection.py:_request:361: POST http://localhost:10730/session/16cf138cceba6defc4880a64346c04a5/execute/sync {"script": "return document.body.scrollHeight", "args": []}
DEBUG    2022-05-28 23:28:37 urllib3.connectionpool::connectionpool.py:_make_request:456: http://localhost:10730 "POST /session/16cf138cceba6defc4880a64346c04a5/execute/sync HTTP/1.1" 200 15
DEBUG    2022-05-28 23:28:37 selenium.webdriver.remote.remote_connection::remote_connection.py:_request:383: Remote response: status=200 | data={"value":50464} | headers=HTTPHeaderDict({'Content-Length': '15', 'Content-Type': 'application/json; charset=utf-8', 'cache-control': 'no-cache'})
DEBUG    2022-05-28 23:28:37 selenium.webdriver.remote.remote_connection::remote_connection.py:_request:412: Finished Request
DEBUG    2022-05-28 23:28:37 selenium.webdriver.remote.remote_connection::remote_connection.py:_request:361: POST http://localhost:10730/session/16cf138cceba6defc4880a64346c04a5/execute/sync {"script": "window.scrollTo(46924, 50464)", "args": []}
DEBUG    2022-05-28 23:28:37 urllib3.connectionpool::connectionpool.py:_make_request:456: http://localhost:10730 "POST /session/16cf138cceba6defc4880a64346c04a5/execute/sync HTTP/1.1" 200 14
DEBUG    2022-05-28 23:28:37 selenium.webdriver.remote.remote_connection::remote_connection.py:_request:383: Remote response: status=200 | data={"value":null} | headers=HTTPHeaderDict({'Content-Length': '14', 'Content-Type': 'application/json; charset=utf-8', 'cache-control': 'no-cache'})
DEBUG    2022-05-28 23:28:37 selenium.webdriver.remote.remote_connection::remote_connection.py:_request:412: Finished Request
DEBUG    2022-05-28 23:28:38 selenium.webdriver.remote.remote_connection::remote_connection.py:_request:361: POST http://localhost:10730/session/16cf138cceba6defc4880a64346c04a5/execute/sync {"script": "return document.body.scrollHeight", "args": []}
DEBUG    2022-05-28 23:28:38 urllib3.connectionpool::connectionpool.py:_make_request:456: http://localhost:10730 "POST /session/16cf138cceba6defc4880a64346c04a5/execute/sync HTTP/1.1" 200 15
DEBUG    2022-05-28 23:28:38 selenium.webdriver.remote.remote_connection::remote_connection.py:_request:383: Remote response: status=200 | data={"value":54004} | headers=HTTPHeaderDict({'Content-Length': '15', 'Content-Type': 'application/json; charset=utf-8', 'cache-control': 'no-cache'})
DEBUG    2022-05-28 23:28:38 selenium.webdriver.remote.remote_connection::remote_connection.py:_request:412: Finished Request
DEBUG    2022-05-28 23:28:38 selenium.webdriver.remote.remote_connection::remote_connection.py:_request:361: POST http://localhost:10730/session/16cf138cceba6defc4880a64346c04a5/execute/sync {"script": "window.scrollTo(50464, 54004)", "args": []}
DEBUG    2022-05-28 23:28:38 urllib3.connectionpool::connectionpool.py:_make_request:456: http://localhost:10730 "POST /session/16cf138cceba6defc4880a64346c04a5/execute/sync HTTP/1.1" 200 14
DEBUG    2022-05-28 23:28:38 selenium.webdriver.remote.remote_connection::remote_connection.py:_request:383: Remote response: status=200 | data={"value":null} | headers=HTTPHeaderDict({'Content-Length': '14', 'Content-Type': 'application/json; charset=utf-8', 'cache-control': 'no-cache'})
DEBUG    2022-05-28 23:28:38 selenium.webdriver.remote.remote_connection::remote_connection.py:_request:412: Finished Request
DEBUG    2022-05-28 23:28:39 selenium.webdriver.remote.remote_connection::remote_connection.py:_request:361: POST http://localhost:10730/session/16cf138cceba6defc4880a64346c04a5/execute/sync {"script": "return document.body.scrollHeight", "args": []}
DEBUG    2022-05-28 23:28:39 urllib3.connectionpool::connectionpool.py:_make_request:456: http://localhost:10730 "POST /session/16cf138cceba6defc4880a64346c04a5/execute/sync HTTP/1.1" 200 15
DEBUG    2022-05-28 23:28:39 selenium.webdriver.remote.remote_connection::remote_connection.py:_request:383: Remote response: status=200 | data={"value":57544} | headers=HTTPHeaderDict({'Content-Length': '15', 'Content-Type': 'application/json; charset=utf-8', 'cache-control': 'no-cache'})
DEBUG    2022-05-28 23:28:39 selenium.webdriver.remote.remote_connection::remote_connection.py:_request:412: Finished Request
DEBUG    2022-05-28 23:28:39 selenium.webdriver.remote.remote_connection::remote_connection.py:_request:361: POST http://localhost:10730/session/16cf138cceba6defc4880a64346c04a5/execute/sync {"script": "window.scrollTo(54004, 57544)", "args": []}
DEBUG    2022-05-28 23:28:39 urllib3.connectionpool::connectionpool.py:_make_request:456: http://localhost:10730 "POST /session/16cf138cceba6defc4880a64346c04a5/execute/sync HTTP/1.1" 200 14
DEBUG    2022-05-28 23:28:39 selenium.webdriver.remote.remote_connection::remote_connection.py:_request:383: Remote response: status=200 | data={"value":null} | headers=HTTPHeaderDict({'Content-Length': '14', 'Content-Type': 'application/json; charset=utf-8', 'cache-control': 'no-cache'})
DEBUG    2022-05-28 23:28:39 selenium.webdriver.remote.remote_connection::remote_connection.py:_request:412: Finished Request
DEBUG    2022-05-28 23:28:40 selenium.webdriver.remote.remote_connection::remote_connection.py:_request:361: POST http://localhost:10730/session/16cf138cceba6defc4880a64346c04a5/execute/sync {"script": "return document.body.scrollHeight", "args": []}
DEBUG    2022-05-28 23:28:40 urllib3.connectionpool::connectionpool.py:_make_request:456: http://localhost:10730 "POST /session/16cf138cceba6defc4880a64346c04a5/execute/sync HTTP/1.1" 200 15
DEBUG    2022-05-28 23:28:40 selenium.webdriver.remote.remote_connection::remote_connection.py:_request:383: Remote response: status=200 | data={"value":61084} | headers=HTTPHeaderDict({'Content-Length': '15', 'Content-Type': 'application/json; charset=utf-8', 'cache-control': 'no-cache'})
DEBUG    2022-05-28 23:28:40 selenium.webdriver.remote.remote_connection::remote_connection.py:_request:412: Finished Request
DEBUG    2022-05-28 23:28:40 selenium.webdriver.remote.remote_connection::remote_connection.py:_request:361: POST http://localhost:10730/session/16cf138cceba6defc4880a64346c04a5/execute/sync {"script": "window.scrollTo(57544, 61084)", "args": []}
DEBUG    2022-05-28 23:28:40 urllib3.connectionpool::connectionpool.py:_make_request:456: http://localhost:10730 "POST /session/16cf138cceba6defc4880a64346c04a5/execute/sync HTTP/1.1" 200 14
DEBUG    2022-05-28 23:28:40 selenium.webdriver.remote.remote_connection::remote_connection.py:_request:383: Remote response: status=200 | data={"value":null} | headers=HTTPHeaderDict({'Content-Length': '14', 'Content-Type': 'application/json; charset=utf-8', 'cache-control': 'no-cache'})
DEBUG    2022-05-28 23:28:40 selenium.webdriver.remote.remote_connection::remote_connection.py:_request:412: Finished Request
DEBUG    2022-05-28 23:28:40 selenium.webdriver.remote.remote_connection::remote_connection.py:_request:361: POST http://localhost:10730/session/16cf138cceba6defc4880a64346c04a5/execute/sync {"script": "return document.body.scrollHeight", "args": []}
DEBUG    2022-05-28 23:28:40 urllib3.connectionpool::connectionpool.py:_make_request:456: http://localhost:10730 "POST /session/16cf138cceba6defc4880a64346c04a5/execute/sync HTTP/1.1" 200 15
DEBUG    2022-05-28 23:28:40 selenium.webdriver.remote.remote_connection::remote_connection.py:_request:383: Remote response: status=200 | data={"value":64624} | headers=HTTPHeaderDict({'Content-Length': '15', 'Content-Type': 'application/json; charset=utf-8', 'cache-control': 'no-cache'})
DEBUG    2022-05-28 23:28:40 selenium.webdriver.remote.remote_connection::remote_connection.py:_request:412: Finished Request
DEBUG    2022-05-28 23:28:40 selenium.webdriver.remote.remote_connection::remote_connection.py:_request:361: POST http://localhost:10730/session/16cf138cceba6defc4880a64346c04a5/execute/sync {"script": "window.scrollTo(61084, 64624)", "args": []}
DEBUG    2022-05-28 23:28:41 urllib3.connectionpool::connectionpool.py:_make_request:456: http://localhost:10730 "POST /session/16cf138cceba6defc4880a64346c04a5/execute/sync HTTP/1.1" 200 14
DEBUG    2022-05-28 23:28:41 selenium.webdriver.remote.remote_connection::remote_connection.py:_request:383: Remote response: status=200 | data={"value":null} | headers=HTTPHeaderDict({'Content-Length': '14', 'Content-Type': 'application/json; charset=utf-8', 'cache-control': 'no-cache'})
DEBUG    2022-05-28 23:28:41 selenium.webdriver.remote.remote_connection::remote_connection.py:_request:412: Finished Request
DEBUG    2022-05-28 23:28:41 selenium.webdriver.remote.remote_connection::remote_connection.py:_request:361: POST http://localhost:10730/session/16cf138cceba6defc4880a64346c04a5/execute/sync {"script": "return document.body.scrollHeight", "args": []}
DEBUG    2022-05-28 23:28:41 urllib3.connectionpool::connectionpool.py:_make_request:456: http://localhost:10730 "POST /session/16cf138cceba6defc4880a64346c04a5/execute/sync HTTP/1.1" 200 15
DEBUG    2022-05-28 23:28:41 selenium.webdriver.remote.remote_connection::remote_connection.py:_request:383: Remote response: status=200 | data={"value":68164} | headers=HTTPHeaderDict({'Content-Length': '15', 'Content-Type': 'application/json; charset=utf-8', 'cache-control': 'no-cache'})
DEBUG    2022-05-28 23:28:41 selenium.webdriver.remote.remote_connection::remote_connection.py:_request:412: Finished Request
DEBUG    2022-05-28 23:28:41 selenium.webdriver.remote.remote_connection::remote_connection.py:_request:361: POST http://localhost:10730/session/16cf138cceba6defc4880a64346c04a5/execute/sync {"script": "window.scrollTo(64624, 68164)", "args": []}
DEBUG    2022-05-28 23:28:41 urllib3.connectionpool::connectionpool.py:_make_request:456: http://localhost:10730 "POST /session/16cf138cceba6defc4880a64346c04a5/execute/sync HTTP/1.1" 200 14
DEBUG    2022-05-28 23:28:41 selenium.webdriver.remote.remote_connection::remote_connection.py:_request:383: Remote response: status=200 | data={"value":null} | headers=HTTPHeaderDict({'Content-Length': '14', 'Content-Type': 'application/json; charset=utf-8', 'cache-control': 'no-cache'})
DEBUG    2022-05-28 23:28:41 selenium.webdriver.remote.remote_connection::remote_connection.py:_request:412: Finished Request
DEBUG    2022-05-28 23:28:42 selenium.webdriver.remote.remote_connection::remote_connection.py:_request:361: POST http://localhost:10730/session/16cf138cceba6defc4880a64346c04a5/execute/sync {"script": "return document.body.scrollHeight", "args": []}
DEBUG    2022-05-28 23:28:42 urllib3.connectionpool::connectionpool.py:_make_request:456: http://localhost:10730 "POST /session/16cf138cceba6defc4880a64346c04a5/execute/sync HTTP/1.1" 200 15
DEBUG    2022-05-28 23:28:42 selenium.webdriver.remote.remote_connection::remote_connection.py:_request:383: Remote response: status=200 | data={"value":71704} | headers=HTTPHeaderDict({'Content-Length': '15', 'Content-Type': 'application/json; charset=utf-8', 'cache-control': 'no-cache'})
DEBUG    2022-05-28 23:28:42 selenium.webdriver.remote.remote_connection::remote_connection.py:_request:412: Finished Request
DEBUG    2022-05-28 23:28:42 selenium.webdriver.remote.remote_connection::remote_connection.py:_request:361: POST http://localhost:10730/session/16cf138cceba6defc4880a64346c04a5/execute/sync {"script": "window.scrollTo(68164, 71704)", "args": []}
DEBUG    2022-05-28 23:28:42 urllib3.connectionpool::connectionpool.py:_make_request:456: http://localhost:10730 "POST /session/16cf138cceba6defc4880a64346c04a5/execute/sync HTTP/1.1" 200 14
DEBUG    2022-05-28 23:28:42 selenium.webdriver.remote.remote_connection::remote_connection.py:_request:383: Remote response: status=200 | data={"value":null} | headers=HTTPHeaderDict({'Content-Length': '14', 'Content-Type': 'application/json; charset=utf-8', 'cache-control': 'no-cache'})
DEBUG    2022-05-28 23:28:42 selenium.webdriver.remote.remote_connection::remote_connection.py:_request:412: Finished Request
DEBUG    2022-05-28 23:28:43 selenium.webdriver.remote.remote_connection::remote_connection.py:_request:361: POST http://localhost:10730/session/16cf138cceba6defc4880a64346c04a5/execute/sync {"script": "return document.body.scrollHeight", "args": []}
DEBUG    2022-05-28 23:28:43 urllib3.connectionpool::connectionpool.py:_make_request:456: http://localhost:10730 "POST /session/16cf138cceba6defc4880a64346c04a5/execute/sync HTTP/1.1" 200 15
DEBUG    2022-05-28 23:28:43 selenium.webdriver.remote.remote_connection::remote_connection.py:_request:383: Remote response: status=200 | data={"value":75244} | headers=HTTPHeaderDict({'Content-Length': '15', 'Content-Type': 'application/json; charset=utf-8', 'cache-control': 'no-cache'})
DEBUG    2022-05-28 23:28:43 selenium.webdriver.remote.remote_connection::remote_connection.py:_request:412: Finished Request
DEBUG    2022-05-28 23:28:43 selenium.webdriver.remote.remote_connection::remote_connection.py:_request:361: POST http://localhost:10730/session/16cf138cceba6defc4880a64346c04a5/execute/sync {"script": "window.scrollTo(71704, 75244)", "args": []}
DEBUG    2022-05-28 23:28:43 urllib3.connectionpool::connectionpool.py:_make_request:456: http://localhost:10730 "POST /session/16cf138cceba6defc4880a64346c04a5/execute/sync HTTP/1.1" 200 14
DEBUG    2022-05-28 23:28:43 selenium.webdriver.remote.remote_connection::remote_connection.py:_request:383: Remote response: status=200 | data={"value":null} | headers=HTTPHeaderDict({'Content-Length': '14', 'Content-Type': 'application/json; charset=utf-8', 'cache-control': 'no-cache'})
DEBUG    2022-05-28 23:28:43 selenium.webdriver.remote.remote_connection::remote_connection.py:_request:412: Finished Request
DEBUG    2022-05-28 23:28:44 selenium.webdriver.remote.remote_connection::remote_connection.py:_request:361: POST http://localhost:10730/session/16cf138cceba6defc4880a64346c04a5/execute/sync {"script": "return document.body.scrollHeight", "args": []}
DEBUG    2022-05-28 23:28:44 urllib3.connectionpool::connectionpool.py:_make_request:456: http://localhost:10730 "POST /session/16cf138cceba6defc4880a64346c04a5/execute/sync HTTP/1.1" 200 15
DEBUG    2022-05-28 23:28:44 selenium.webdriver.remote.remote_connection::remote_connection.py:_request:383: Remote response: status=200 | data={"value":78784} | headers=HTTPHeaderDict({'Content-Length': '15', 'Content-Type': 'application/json; charset=utf-8', 'cache-control': 'no-cache'})
DEBUG    2022-05-28 23:28:44 selenium.webdriver.remote.remote_connection::remote_connection.py:_request:412: Finished Request
DEBUG    2022-05-28 23:28:44 selenium.webdriver.remote.remote_connection::remote_connection.py:_request:361: POST http://localhost:10730/session/16cf138cceba6defc4880a64346c04a5/execute/sync {"script": "window.scrollTo(75244, 78784)", "args": []}
DEBUG    2022-05-28 23:28:44 urllib3.connectionpool::connectionpool.py:_make_request:456: http://localhost:10730 "POST /session/16cf138cceba6defc4880a64346c04a5/execute/sync HTTP/1.1" 200 14
DEBUG    2022-05-28 23:28:44 selenium.webdriver.remote.remote_connection::remote_connection.py:_request:383: Remote response: status=200 | data={"value":null} | headers=HTTPHeaderDict({'Content-Length': '14', 'Content-Type': 'application/json; charset=utf-8', 'cache-control': 'no-cache'})
DEBUG    2022-05-28 23:28:44 selenium.webdriver.remote.remote_connection::remote_connection.py:_request:412: Finished Request
DEBUG    2022-05-28 23:28:45 selenium.webdriver.remote.remote_connection::remote_connection.py:_request:361: POST http://localhost:10730/session/16cf138cceba6defc4880a64346c04a5/execute/sync {"script": "return document.body.scrollHeight", "args": []}
DEBUG    2022-05-28 23:28:45 urllib3.connectionpool::connectionpool.py:_make_request:456: http://localhost:10730 "POST /session/16cf138cceba6defc4880a64346c04a5/execute/sync HTTP/1.1" 200 15
DEBUG    2022-05-28 23:28:45 selenium.webdriver.remote.remote_connection::remote_connection.py:_request:383: Remote response: status=200 | data={"value":82324} | headers=HTTPHeaderDict({'Content-Length': '15', 'Content-Type': 'application/json; charset=utf-8', 'cache-control': 'no-cache'})
DEBUG    2022-05-28 23:28:45 selenium.webdriver.remote.remote_connection::remote_connection.py:_request:412: Finished Request
DEBUG    2022-05-28 23:28:45 selenium.webdriver.remote.remote_connection::remote_connection.py:_request:361: POST http://localhost:10730/session/16cf138cceba6defc4880a64346c04a5/execute/sync {"script": "window.scrollTo(78784, 82324)", "args": []}
DEBUG    2022-05-28 23:28:45 urllib3.connectionpool::connectionpool.py:_make_request:456: http://localhost:10730 "POST /session/16cf138cceba6defc4880a64346c04a5/execute/sync HTTP/1.1" 200 14
DEBUG    2022-05-28 23:28:45 selenium.webdriver.remote.remote_connection::remote_connection.py:_request:383: Remote response: status=200 | data={"value":null} | headers=HTTPHeaderDict({'Content-Length': '14', 'Content-Type': 'application/json; charset=utf-8', 'cache-control': 'no-cache'})
DEBUG    2022-05-28 23:28:45 selenium.webdriver.remote.remote_connection::remote_connection.py:_request:412: Finished Request
DEBUG    2022-05-28 23:28:46 selenium.webdriver.remote.remote_connection::remote_connection.py:_request:361: POST http://localhost:10730/session/16cf138cceba6defc4880a64346c04a5/execute/sync {"script": "return document.body.scrollHeight", "args": []}
DEBUG    2022-05-28 23:28:46 urllib3.connectionpool::connectionpool.py:_make_request:456: http://localhost:10730 "POST /session/16cf138cceba6defc4880a64346c04a5/execute/sync HTTP/1.1" 200 15
DEBUG    2022-05-28 23:28:46 selenium.webdriver.remote.remote_connection::remote_connection.py:_request:383: Remote response: status=200 | data={"value":85864} | headers=HTTPHeaderDict({'Content-Length': '15', 'Content-Type': 'application/json; charset=utf-8', 'cache-control': 'no-cache'})
DEBUG    2022-05-28 23:28:46 selenium.webdriver.remote.remote_connection::remote_connection.py:_request:412: Finished Request
DEBUG    2022-05-28 23:28:46 selenium.webdriver.remote.remote_connection::remote_connection.py:_request:361: POST http://localhost:10730/session/16cf138cceba6defc4880a64346c04a5/execute/sync {"script": "window.scrollTo(82324, 85864)", "args": []}
DEBUG    2022-05-28 23:28:46 urllib3.connectionpool::connectionpool.py:_make_request:456: http://localhost:10730 "POST /session/16cf138cceba6defc4880a64346c04a5/execute/sync HTTP/1.1" 200 14
DEBUG    2022-05-28 23:28:46 selenium.webdriver.remote.remote_connection::remote_connection.py:_request:383: Remote response: status=200 | data={"value":null} | headers=HTTPHeaderDict({'Content-Length': '14', 'Content-Type': 'application/json; charset=utf-8', 'cache-control': 'no-cache'})
DEBUG    2022-05-28 23:28:46 selenium.webdriver.remote.remote_connection::remote_connection.py:_request:412: Finished Request
DEBUG    2022-05-28 23:28:47 selenium.webdriver.remote.remote_connection::remote_connection.py:_request:361: POST http://localhost:10730/session/16cf138cceba6defc4880a64346c04a5/execute/sync {"script": "return document.body.scrollHeight", "args": []}
DEBUG    2022-05-28 23:28:47 urllib3.connectionpool::connectionpool.py:_make_request:456: http://localhost:10730 "POST /session/16cf138cceba6defc4880a64346c04a5/execute/sync HTTP/1.1" 200 15
DEBUG    2022-05-28 23:28:47 selenium.webdriver.remote.remote_connection::remote_connection.py:_request:383: Remote response: status=200 | data={"value":89404} | headers=HTTPHeaderDict({'Content-Length': '15', 'Content-Type': 'application/json; charset=utf-8', 'cache-control': 'no-cache'})
DEBUG    2022-05-28 23:28:47 selenium.webdriver.remote.remote_connection::remote_connection.py:_request:412: Finished Request
DEBUG    2022-05-28 23:28:47 selenium.webdriver.remote.remote_connection::remote_connection.py:_request:361: POST http://localhost:10730/session/16cf138cceba6defc4880a64346c04a5/execute/sync {"script": "window.scrollTo(85864, 89404)", "args": []}
DEBUG    2022-05-28 23:28:47 urllib3.connectionpool::connectionpool.py:_make_request:456: http://localhost:10730 "POST /session/16cf138cceba6defc4880a64346c04a5/execute/sync HTTP/1.1" 200 14
DEBUG    2022-05-28 23:28:47 selenium.webdriver.remote.remote_connection::remote_connection.py:_request:383: Remote response: status=200 | data={"value":null} | headers=HTTPHeaderDict({'Content-Length': '14', 'Content-Type': 'application/json; charset=utf-8', 'cache-control': 'no-cache'})
DEBUG    2022-05-28 23:28:47 selenium.webdriver.remote.remote_connection::remote_connection.py:_request:412: Finished Request
DEBUG    2022-05-28 23:28:48 selenium.webdriver.remote.remote_connection::remote_connection.py:_request:361: POST http://localhost:10730/session/16cf138cceba6defc4880a64346c04a5/execute/sync {"script": "return document.body.scrollHeight", "args": []}
DEBUG    2022-05-28 23:28:48 urllib3.connectionpool::connectionpool.py:_make_request:456: http://localhost:10730 "POST /session/16cf138cceba6defc4880a64346c04a5/execute/sync HTTP/1.1" 200 15
DEBUG    2022-05-28 23:28:48 selenium.webdriver.remote.remote_connection::remote_connection.py:_request:383: Remote response: status=200 | data={"value":92944} | headers=HTTPHeaderDict({'Content-Length': '15', 'Content-Type': 'application/json; charset=utf-8', 'cache-control': 'no-cache'})
DEBUG    2022-05-28 23:28:48 selenium.webdriver.remote.remote_connection::remote_connection.py:_request:412: Finished Request
DEBUG    2022-05-28 23:28:48 selenium.webdriver.remote.remote_connection::remote_connection.py:_request:361: POST http://localhost:10730/session/16cf138cceba6defc4880a64346c04a5/execute/sync {"script": "window.scrollTo(89404, 92944)", "args": []}
DEBUG    2022-05-28 23:28:48 urllib3.connectionpool::connectionpool.py:_make_request:456: http://localhost:10730 "POST /session/16cf138cceba6defc4880a64346c04a5/execute/sync HTTP/1.1" 200 14
DEBUG    2022-05-28 23:28:48 selenium.webdriver.remote.remote_connection::remote_connection.py:_request:383: Remote response: status=200 | data={"value":null} | headers=HTTPHeaderDict({'Content-Length': '14', 'Content-Type': 'application/json; charset=utf-8', 'cache-control': 'no-cache'})
DEBUG    2022-05-28 23:28:48 selenium.webdriver.remote.remote_connection::remote_connection.py:_request:412: Finished Request
DEBUG    2022-05-28 23:28:49 selenium.webdriver.remote.remote_connection::remote_connection.py:_request:361: POST http://localhost:10730/session/16cf138cceba6defc4880a64346c04a5/execute/sync {"script": "return document.body.scrollHeight", "args": []}
DEBUG    2022-05-28 23:28:49 urllib3.connectionpool::connectionpool.py:_make_request:456: http://localhost:10730 "POST /session/16cf138cceba6defc4880a64346c04a5/execute/sync HTTP/1.1" 200 15
DEBUG    2022-05-28 23:28:49 selenium.webdriver.remote.remote_connection::remote_connection.py:_request:383: Remote response: status=200 | data={"value":96484} | headers=HTTPHeaderDict({'Content-Length': '15', 'Content-Type': 'application/json; charset=utf-8', 'cache-control': 'no-cache'})
DEBUG    2022-05-28 23:28:49 selenium.webdriver.remote.remote_connection::remote_connection.py:_request:412: Finished Request
DEBUG    2022-05-28 23:28:49 selenium.webdriver.remote.remote_connection::remote_connection.py:_request:361: POST http://localhost:10730/session/16cf138cceba6defc4880a64346c04a5/execute/sync {"script": "window.scrollTo(92944, 96484)", "args": []}
DEBUG    2022-05-28 23:28:49 urllib3.connectionpool::connectionpool.py:_make_request:456: http://localhost:10730 "POST /session/16cf138cceba6defc4880a64346c04a5/execute/sync HTTP/1.1" 200 14
DEBUG    2022-05-28 23:28:49 selenium.webdriver.remote.remote_connection::remote_connection.py:_request:383: Remote response: status=200 | data={"value":null} | headers=HTTPHeaderDict({'Content-Length': '14', 'Content-Type': 'application/json; charset=utf-8', 'cache-control': 'no-cache'})
DEBUG    2022-05-28 23:28:49 selenium.webdriver.remote.remote_connection::remote_connection.py:_request:412: Finished Request
DEBUG    2022-05-28 23:28:50 selenium.webdriver.remote.remote_connection::remote_connection.py:_request:361: POST http://localhost:10730/session/16cf138cceba6defc4880a64346c04a5/execute/sync {"script": "return document.body.scrollHeight", "args": []}
DEBUG    2022-05-28 23:28:50 urllib3.connectionpool::connectionpool.py:_make_request:456: http://localhost:10730 "POST /session/16cf138cceba6defc4880a64346c04a5/execute/sync HTTP/1.1" 200 16
DEBUG    2022-05-28 23:28:50 selenium.webdriver.remote.remote_connection::remote_connection.py:_request:383: Remote response: status=200 | data={"value":100024} | headers=HTTPHeaderDict({'Content-Length': '16', 'Content-Type': 'application/json; charset=utf-8', 'cache-control': 'no-cache'})
DEBUG    2022-05-28 23:28:50 selenium.webdriver.remote.remote_connection::remote_connection.py:_request:412: Finished Request
DEBUG    2022-05-28 23:28:50 selenium.webdriver.remote.remote_connection::remote_connection.py:_request:361: POST http://localhost:10730/session/16cf138cceba6defc4880a64346c04a5/execute/sync {"script": "window.scrollTo(96484, 100024)", "args": []}
DEBUG    2022-05-28 23:28:50 urllib3.connectionpool::connectionpool.py:_make_request:456: http://localhost:10730 "POST /session/16cf138cceba6defc4880a64346c04a5/execute/sync HTTP/1.1" 200 14
DEBUG    2022-05-28 23:28:50 selenium.webdriver.remote.remote_connection::remote_connection.py:_request:383: Remote response: status=200 | data={"value":null} | headers=HTTPHeaderDict({'Content-Length': '14', 'Content-Type': 'application/json; charset=utf-8', 'cache-control': 'no-cache'})
DEBUG    2022-05-28 23:28:50 selenium.webdriver.remote.remote_connection::remote_connection.py:_request:412: Finished Request
DEBUG    2022-05-28 23:28:51 selenium.webdriver.remote.remote_connection::remote_connection.py:_request:361: POST http://localhost:10730/session/16cf138cceba6defc4880a64346c04a5/execute/sync {"script": "return document.body.scrollHeight", "args": []}
DEBUG    2022-05-28 23:28:51 urllib3.connectionpool::connectionpool.py:_make_request:456: http://localhost:10730 "POST /session/16cf138cceba6defc4880a64346c04a5/execute/sync HTTP/1.1" 200 16
DEBUG    2022-05-28 23:28:51 selenium.webdriver.remote.remote_connection::remote_connection.py:_request:383: Remote response: status=200 | data={"value":103564} | headers=HTTPHeaderDict({'Content-Length': '16', 'Content-Type': 'application/json; charset=utf-8', 'cache-control': 'no-cache'})
DEBUG    2022-05-28 23:28:51 selenium.webdriver.remote.remote_connection::remote_connection.py:_request:412: Finished Request
DEBUG    2022-05-28 23:28:51 selenium.webdriver.remote.remote_connection::remote_connection.py:_request:361: POST http://localhost:10730/session/16cf138cceba6defc4880a64346c04a5/execute/sync {"script": "window.scrollTo(100024, 103564)", "args": []}
DEBUG    2022-05-28 23:28:51 urllib3.connectionpool::connectionpool.py:_make_request:456: http://localhost:10730 "POST /session/16cf138cceba6defc4880a64346c04a5/execute/sync HTTP/1.1" 200 14
DEBUG    2022-05-28 23:28:51 selenium.webdriver.remote.remote_connection::remote_connection.py:_request:383: Remote response: status=200 | data={"value":null} | headers=HTTPHeaderDict({'Content-Length': '14', 'Content-Type': 'application/json; charset=utf-8', 'cache-control': 'no-cache'})
DEBUG    2022-05-28 23:28:51 selenium.webdriver.remote.remote_connection::remote_connection.py:_request:412: Finished Request
DEBUG    2022-05-28 23:28:52 selenium.webdriver.remote.remote_connection::remote_connection.py:_request:361: POST http://localhost:10730/session/16cf138cceba6defc4880a64346c04a5/execute/sync {"script": "return document.body.scrollHeight", "args": []}
DEBUG    2022-05-28 23:28:52 urllib3.connectionpool::connectionpool.py:_make_request:456: http://localhost:10730 "POST /session/16cf138cceba6defc4880a64346c04a5/execute/sync HTTP/1.1" 200 16
DEBUG    2022-05-28 23:28:52 selenium.webdriver.remote.remote_connection::remote_connection.py:_request:383: Remote response: status=200 | data={"value":107104} | headers=HTTPHeaderDict({'Content-Length': '16', 'Content-Type': 'application/json; charset=utf-8', 'cache-control': 'no-cache'})
DEBUG    2022-05-28 23:28:52 selenium.webdriver.remote.remote_connection::remote_connection.py:_request:412: Finished Request
DEBUG    2022-05-28 23:28:52 selenium.webdriver.remote.remote_connection::remote_connection.py:_request:361: POST http://localhost:10730/session/16cf138cceba6defc4880a64346c04a5/execute/sync {"script": "window.scrollTo(103564, 107104)", "args": []}
DEBUG    2022-05-28 23:28:52 urllib3.connectionpool::connectionpool.py:_make_request:456: http://localhost:10730 "POST /session/16cf138cceba6defc4880a64346c04a5/execute/sync HTTP/1.1" 200 14
DEBUG    2022-05-28 23:28:52 selenium.webdriver.remote.remote_connection::remote_connection.py:_request:383: Remote response: status=200 | data={"value":null} | headers=HTTPHeaderDict({'Content-Length': '14', 'Content-Type': 'application/json; charset=utf-8', 'cache-control': 'no-cache'})
DEBUG    2022-05-28 23:28:52 selenium.webdriver.remote.remote_connection::remote_connection.py:_request:412: Finished Request
DEBUG    2022-05-28 23:28:53 selenium.webdriver.remote.remote_connection::remote_connection.py:_request:361: POST http://localhost:10730/session/16cf138cceba6defc4880a64346c04a5/execute/sync {"script": "return document.body.scrollHeight", "args": []}
DEBUG    2022-05-28 23:28:53 urllib3.connectionpool::connectionpool.py:_make_request:456: http://localhost:10730 "POST /session/16cf138cceba6defc4880a64346c04a5/execute/sync HTTP/1.1" 200 16
DEBUG    2022-05-28 23:28:53 selenium.webdriver.remote.remote_connection::remote_connection.py:_request:383: Remote response: status=200 | data={"value":110644} | headers=HTTPHeaderDict({'Content-Length': '16', 'Content-Type': 'application/json; charset=utf-8', 'cache-control': 'no-cache'})
DEBUG    2022-05-28 23:28:53 selenium.webdriver.remote.remote_connection::remote_connection.py:_request:412: Finished Request
DEBUG    2022-05-28 23:28:53 selenium.webdriver.remote.remote_connection::remote_connection.py:_request:361: POST http://localhost:10730/session/16cf138cceba6defc4880a64346c04a5/execute/sync {"script": "window.scrollTo(107104, 110644)", "args": []}
DEBUG    2022-05-28 23:28:53 urllib3.connectionpool::connectionpool.py:_make_request:456: http://localhost:10730 "POST /session/16cf138cceba6defc4880a64346c04a5/execute/sync HTTP/1.1" 200 14
DEBUG    2022-05-28 23:28:53 selenium.webdriver.remote.remote_connection::remote_connection.py:_request:383: Remote response: status=200 | data={"value":null} | headers=HTTPHeaderDict({'Content-Length': '14', 'Content-Type': 'application/json; charset=utf-8', 'cache-control': 'no-cache'})
DEBUG    2022-05-28 23:28:53 selenium.webdriver.remote.remote_connection::remote_connection.py:_request:412: Finished Request
DEBUG    2022-05-28 23:28:54 selenium.webdriver.remote.remote_connection::remote_connection.py:_request:361: POST http://localhost:10730/session/16cf138cceba6defc4880a64346c04a5/execute/sync {"script": "return document.body.scrollHeight", "args": []}
DEBUG    2022-05-28 23:28:54 urllib3.connectionpool::connectionpool.py:_make_request:456: http://localhost:10730 "POST /session/16cf138cceba6defc4880a64346c04a5/execute/sync HTTP/1.1" 200 16
DEBUG    2022-05-28 23:28:54 selenium.webdriver.remote.remote_connection::remote_connection.py:_request:383: Remote response: status=200 | data={"value":114184} | headers=HTTPHeaderDict({'Content-Length': '16', 'Content-Type': 'application/json; charset=utf-8', 'cache-control': 'no-cache'})
DEBUG    2022-05-28 23:28:54 selenium.webdriver.remote.remote_connection::remote_connection.py:_request:412: Finished Request
DEBUG    2022-05-28 23:28:54 selenium.webdriver.remote.remote_connection::remote_connection.py:_request:361: POST http://localhost:10730/session/16cf138cceba6defc4880a64346c04a5/execute/sync {"script": "window.scrollTo(110644, 114184)", "args": []}
DEBUG    2022-05-28 23:28:54 urllib3.connectionpool::connectionpool.py:_make_request:456: http://localhost:10730 "POST /session/16cf138cceba6defc4880a64346c04a5/execute/sync HTTP/1.1" 200 14
DEBUG    2022-05-28 23:28:54 selenium.webdriver.remote.remote_connection::remote_connection.py:_request:383: Remote response: status=200 | data={"value":null} | headers=HTTPHeaderDict({'Content-Length': '14', 'Content-Type': 'application/json; charset=utf-8', 'cache-control': 'no-cache'})
DEBUG    2022-05-28 23:28:54 selenium.webdriver.remote.remote_connection::remote_connection.py:_request:412: Finished Request
DEBUG    2022-05-28 23:28:55 selenium.webdriver.remote.remote_connection::remote_connection.py:_request:361: POST http://localhost:10730/session/16cf138cceba6defc4880a64346c04a5/execute/sync {"script": "return document.body.scrollHeight", "args": []}
DEBUG    2022-05-28 23:28:55 urllib3.connectionpool::connectionpool.py:_make_request:456: http://localhost:10730 "POST /session/16cf138cceba6defc4880a64346c04a5/execute/sync HTTP/1.1" 200 16
DEBUG    2022-05-28 23:28:55 selenium.webdriver.remote.remote_connection::remote_connection.py:_request:383: Remote response: status=200 | data={"value":117724} | headers=HTTPHeaderDict({'Content-Length': '16', 'Content-Type': 'application/json; charset=utf-8', 'cache-control': 'no-cache'})
DEBUG    2022-05-28 23:28:55 selenium.webdriver.remote.remote_connection::remote_connection.py:_request:412: Finished Request
DEBUG    2022-05-28 23:28:55 selenium.webdriver.remote.remote_connection::remote_connection.py:_request:361: POST http://localhost:10730/session/16cf138cceba6defc4880a64346c04a5/execute/sync {"script": "window.scrollTo(114184, 117724)", "args": []}
DEBUG    2022-05-28 23:28:55 urllib3.connectionpool::connectionpool.py:_make_request:456: http://localhost:10730 "POST /session/16cf138cceba6defc4880a64346c04a5/execute/sync HTTP/1.1" 200 14
DEBUG    2022-05-28 23:28:55 selenium.webdriver.remote.remote_connection::remote_connection.py:_request:383: Remote response: status=200 | data={"value":null} | headers=HTTPHeaderDict({'Content-Length': '14', 'Content-Type': 'application/json; charset=utf-8', 'cache-control': 'no-cache'})
DEBUG    2022-05-28 23:28:55 selenium.webdriver.remote.remote_connection::remote_connection.py:_request:412: Finished Request
DEBUG    2022-05-28 23:28:56 selenium.webdriver.remote.remote_connection::remote_connection.py:_request:361: POST http://localhost:10730/session/16cf138cceba6defc4880a64346c04a5/execute/sync {"script": "return document.body.scrollHeight", "args": []}
DEBUG    2022-05-28 23:28:56 urllib3.connectionpool::connectionpool.py:_make_request:456: http://localhost:10730 "POST /session/16cf138cceba6defc4880a64346c04a5/execute/sync HTTP/1.1" 200 16
DEBUG    2022-05-28 23:28:56 selenium.webdriver.remote.remote_connection::remote_connection.py:_request:383: Remote response: status=200 | data={"value":121264} | headers=HTTPHeaderDict({'Content-Length': '16', 'Content-Type': 'application/json; charset=utf-8', 'cache-control': 'no-cache'})
DEBUG    2022-05-28 23:28:56 selenium.webdriver.remote.remote_connection::remote_connection.py:_request:412: Finished Request
DEBUG    2022-05-28 23:28:56 selenium.webdriver.remote.remote_connection::remote_connection.py:_request:361: POST http://localhost:10730/session/16cf138cceba6defc4880a64346c04a5/execute/sync {"script": "window.scrollTo(117724, 121264)", "args": []}
DEBUG    2022-05-28 23:28:56 urllib3.connectionpool::connectionpool.py:_make_request:456: http://localhost:10730 "POST /session/16cf138cceba6defc4880a64346c04a5/execute/sync HTTP/1.1" 200 14
DEBUG    2022-05-28 23:28:56 selenium.webdriver.remote.remote_connection::remote_connection.py:_request:383: Remote response: status=200 | data={"value":null} | headers=HTTPHeaderDict({'Content-Length': '14', 'Content-Type': 'application/json; charset=utf-8', 'cache-control': 'no-cache'})
DEBUG    2022-05-28 23:28:56 selenium.webdriver.remote.remote_connection::remote_connection.py:_request:412: Finished Request
DEBUG    2022-05-28 23:28:57 selenium.webdriver.remote.remote_connection::remote_connection.py:_request:361: POST http://localhost:10730/session/16cf138cceba6defc4880a64346c04a5/execute/sync {"script": "return document.body.scrollHeight", "args": []}
DEBUG    2022-05-28 23:28:57 urllib3.connectionpool::connectionpool.py:_make_request:456: http://localhost:10730 "POST /session/16cf138cceba6defc4880a64346c04a5/execute/sync HTTP/1.1" 200 16
DEBUG    2022-05-28 23:28:57 selenium.webdriver.remote.remote_connection::remote_connection.py:_request:383: Remote response: status=200 | data={"value":124804} | headers=HTTPHeaderDict({'Content-Length': '16', 'Content-Type': 'application/json; charset=utf-8', 'cache-control': 'no-cache'})
DEBUG    2022-05-28 23:28:57 selenium.webdriver.remote.remote_connection::remote_connection.py:_request:412: Finished Request
DEBUG    2022-05-28 23:28:57 selenium.webdriver.remote.remote_connection::remote_connection.py:_request:361: POST http://localhost:10730/session/16cf138cceba6defc4880a64346c04a5/execute/sync {"script": "window.scrollTo(121264, 124804)", "args": []}
DEBUG    2022-05-28 23:28:57 urllib3.connectionpool::connectionpool.py:_make_request:456: http://localhost:10730 "POST /session/16cf138cceba6defc4880a64346c04a5/execute/sync HTTP/1.1" 200 14
DEBUG    2022-05-28 23:28:57 selenium.webdriver.remote.remote_connection::remote_connection.py:_request:383: Remote response: status=200 | data={"value":null} | headers=HTTPHeaderDict({'Content-Length': '14', 'Content-Type': 'application/json; charset=utf-8', 'cache-control': 'no-cache'})
DEBUG    2022-05-28 23:28:57 selenium.webdriver.remote.remote_connection::remote_connection.py:_request:412: Finished Request
DEBUG    2022-05-28 23:28:58 selenium.webdriver.remote.remote_connection::remote_connection.py:_request:361: POST http://localhost:10730/session/16cf138cceba6defc4880a64346c04a5/execute/sync {"script": "return document.body.scrollHeight", "args": []}
DEBUG    2022-05-28 23:28:58 urllib3.connectionpool::connectionpool.py:_make_request:456: http://localhost:10730 "POST /session/16cf138cceba6defc4880a64346c04a5/execute/sync HTTP/1.1" 200 16
DEBUG    2022-05-28 23:28:58 selenium.webdriver.remote.remote_connection::remote_connection.py:_request:383: Remote response: status=200 | data={"value":128344} | headers=HTTPHeaderDict({'Content-Length': '16', 'Content-Type': 'application/json; charset=utf-8', 'cache-control': 'no-cache'})
DEBUG    2022-05-28 23:28:58 selenium.webdriver.remote.remote_connection::remote_connection.py:_request:412: Finished Request
DEBUG    2022-05-28 23:28:58 selenium.webdriver.remote.remote_connection::remote_connection.py:_request:361: POST http://localhost:10730/session/16cf138cceba6defc4880a64346c04a5/execute/sync {"script": "window.scrollTo(124804, 128344)", "args": []}
DEBUG    2022-05-28 23:28:58 urllib3.connectionpool::connectionpool.py:_make_request:456: http://localhost:10730 "POST /session/16cf138cceba6defc4880a64346c04a5/execute/sync HTTP/1.1" 200 14
DEBUG    2022-05-28 23:28:58 selenium.webdriver.remote.remote_connection::remote_connection.py:_request:383: Remote response: status=200 | data={"value":null} | headers=HTTPHeaderDict({'Content-Length': '14', 'Content-Type': 'application/json; charset=utf-8', 'cache-control': 'no-cache'})
DEBUG    2022-05-28 23:28:58 selenium.webdriver.remote.remote_connection::remote_connection.py:_request:412: Finished Request
DEBUG    2022-05-28 23:28:59 selenium.webdriver.remote.remote_connection::remote_connection.py:_request:361: POST http://localhost:10730/session/16cf138cceba6defc4880a64346c04a5/execute/sync {"script": "return document.body.scrollHeight", "args": []}
DEBUG    2022-05-28 23:28:59 urllib3.connectionpool::connectionpool.py:_make_request:456: http://localhost:10730 "POST /session/16cf138cceba6defc4880a64346c04a5/execute/sync HTTP/1.1" 200 16
DEBUG    2022-05-28 23:28:59 selenium.webdriver.remote.remote_connection::remote_connection.py:_request:383: Remote response: status=200 | data={"value":131884} | headers=HTTPHeaderDict({'Content-Length': '16', 'Content-Type': 'application/json; charset=utf-8', 'cache-control': 'no-cache'})
DEBUG    2022-05-28 23:28:59 selenium.webdriver.remote.remote_connection::remote_connection.py:_request:412: Finished Request
DEBUG    2022-05-28 23:28:59 selenium.webdriver.remote.remote_connection::remote_connection.py:_request:361: POST http://localhost:10730/session/16cf138cceba6defc4880a64346c04a5/execute/sync {"script": "window.scrollTo(128344, 131884)", "args": []}
DEBUG    2022-05-28 23:29:00 urllib3.connectionpool::connectionpool.py:_make_request:456: http://localhost:10730 "POST /session/16cf138cceba6defc4880a64346c04a5/execute/sync HTTP/1.1" 200 14
DEBUG    2022-05-28 23:29:00 selenium.webdriver.remote.remote_connection::remote_connection.py:_request:383: Remote response: status=200 | data={"value":null} | headers=HTTPHeaderDict({'Content-Length': '14', 'Content-Type': 'application/json; charset=utf-8', 'cache-control': 'no-cache'})
DEBUG    2022-05-28 23:29:00 selenium.webdriver.remote.remote_connection::remote_connection.py:_request:412: Finished Request
DEBUG    2022-05-28 23:29:00 selenium.webdriver.remote.remote_connection::remote_connection.py:_request:361: POST http://localhost:10730/session/16cf138cceba6defc4880a64346c04a5/execute/sync {"script": "return document.body.scrollHeight", "args": []}
DEBUG    2022-05-28 23:29:00 urllib3.connectionpool::connectionpool.py:_make_request:456: http://localhost:10730 "POST /session/16cf138cceba6defc4880a64346c04a5/execute/sync HTTP/1.1" 200 16
DEBUG    2022-05-28 23:29:00 selenium.webdriver.remote.remote_connection::remote_connection.py:_request:383: Remote response: status=200 | data={"value":135424} | headers=HTTPHeaderDict({'Content-Length': '16', 'Content-Type': 'application/json; charset=utf-8', 'cache-control': 'no-cache'})
DEBUG    2022-05-28 23:29:00 selenium.webdriver.remote.remote_connection::remote_connection.py:_request:412: Finished Request
DEBUG    2022-05-28 23:29:00 selenium.webdriver.remote.remote_connection::remote_connection.py:_request:361: POST http://localhost:10730/session/16cf138cceba6defc4880a64346c04a5/execute/sync {"script": "window.scrollTo(131884, 135424)", "args": []}
DEBUG    2022-05-28 23:29:01 urllib3.connectionpool::connectionpool.py:_make_request:456: http://localhost:10730 "POST /session/16cf138cceba6defc4880a64346c04a5/execute/sync HTTP/1.1" 200 14
DEBUG    2022-05-28 23:29:01 selenium.webdriver.remote.remote_connection::remote_connection.py:_request:383: Remote response: status=200 | data={"value":null} | headers=HTTPHeaderDict({'Content-Length': '14', 'Content-Type': 'application/json; charset=utf-8', 'cache-control': 'no-cache'})
DEBUG    2022-05-28 23:29:01 selenium.webdriver.remote.remote_connection::remote_connection.py:_request:412: Finished Request
DEBUG    2022-05-28 23:29:01 selenium.webdriver.remote.remote_connection::remote_connection.py:_request:361: POST http://localhost:10730/session/16cf138cceba6defc4880a64346c04a5/execute/sync {"script": "return document.body.scrollHeight", "args": []}
DEBUG    2022-05-28 23:29:01 urllib3.connectionpool::connectionpool.py:_make_request:456: http://localhost:10730 "POST /session/16cf138cceba6defc4880a64346c04a5/execute/sync HTTP/1.1" 200 16
DEBUG    2022-05-28 23:29:01 selenium.webdriver.remote.remote_connection::remote_connection.py:_request:383: Remote response: status=200 | data={"value":136250} | headers=HTTPHeaderDict({'Content-Length': '16', 'Content-Type': 'application/json; charset=utf-8', 'cache-control': 'no-cache'})
DEBUG    2022-05-28 23:29:01 selenium.webdriver.remote.remote_connection::remote_connection.py:_request:412: Finished Request
DEBUG    2022-05-28 23:29:01 selenium.webdriver.remote.remote_connection::remote_connection.py:_request:361: POST http://localhost:10730/session/16cf138cceba6defc4880a64346c04a5/execute/sync {"script": "window.scrollTo(135424, 136250)", "args": []}
DEBUG    2022-05-28 23:29:01 urllib3.connectionpool::connectionpool.py:_make_request:456: http://localhost:10730 "POST /session/16cf138cceba6defc4880a64346c04a5/execute/sync HTTP/1.1" 200 14
DEBUG    2022-05-28 23:29:01 selenium.webdriver.remote.remote_connection::remote_connection.py:_request:383: Remote response: status=200 | data={"value":null} | headers=HTTPHeaderDict({'Content-Length': '14', 'Content-Type': 'application/json; charset=utf-8', 'cache-control': 'no-cache'})
DEBUG    2022-05-28 23:29:01 selenium.webdriver.remote.remote_connection::remote_connection.py:_request:412: Finished Request
DEBUG    2022-05-28 23:29:02 selenium.webdriver.remote.remote_connection::remote_connection.py:_request:361: POST http://localhost:10730/session/16cf138cceba6defc4880a64346c04a5/execute/sync {"script": "return document.body.scrollHeight", "args": []}
DEBUG    2022-05-28 23:29:02 urllib3.connectionpool::connectionpool.py:_make_request:456: http://localhost:10730 "POST /session/16cf138cceba6defc4880a64346c04a5/execute/sync HTTP/1.1" 200 16
DEBUG    2022-05-28 23:29:02 selenium.webdriver.remote.remote_connection::remote_connection.py:_request:383: Remote response: status=200 | data={"value":136250} | headers=HTTPHeaderDict({'Content-Length': '16', 'Content-Type': 'application/json; charset=utf-8', 'cache-control': 'no-cache'})
DEBUG    2022-05-28 23:29:02 selenium.webdriver.remote.remote_connection::remote_connection.py:_request:412: Finished Request
DEBUG    2022-05-28 23:29:02 selenium.webdriver.remote.remote_connection::remote_connection.py:_request:361: POST http://localhost:10730/session/16cf138cceba6defc4880a64346c04a5/elements {"using": "xpath", "value": "//span[@class='review_num ng-binding ng-hide' and @ng-show='restaurant.owner_reply_count > 0']"}
DEBUG    2022-05-28 23:29:03 urllib3.connectionpool::connectionpool.py:_make_request:456: http://localhost:10730 "POST /session/16cf138cceba6defc4880a64346c04a5/elements HTTP/1.1" 200 88412
DEBUG    2022-05-28 23:29:03 selenium.webdriver.remote.remote_connection::remote_connection.py:_request:383: Remote response: status=200 | data={"value":[{"element-6066-11e4-a52e-4f735466cecf":"457351c4-2c63-4344-a91e-103b6d3b8696"},{"element-6066-11e4-a52e-4f735466cecf":"beffa634-3b5d-4d48-9128-31dab3426162"},{"element-6066-11e4-a52e-4f735466cecf":"477fbca9-4147-4c79-b341-e9ef864a76f7"},{"element-6066-11e4-a52e-4f735466cecf":"b9ec24ad-2278-429b-bccd-eb6cacc36a71"},{"element-6066-11e4-a52e-4f735466cecf":"b14683df-85ff-4e90-83ef-77797f5a789a"},{"element-6066-11e4-a52e-4f735466cecf":"a0320f23-7a6a-428b-86b3-4357c45816f0"},{"element-6066-11e4-a52e-4f735466cecf":"efe07e65-63b1-4fff-b55a-32d9fd59b314"},{"element-6066-11e4-a52e-4f735466cecf":"ba965f55-ae47-43ea-8993-532bf664f168"},{"element-6066-11e4-a52e-4f735466cecf":"fe4a6f64-d8c9-4bf3-9ae2-95b70709a200"},{"element-6066-11e4-a52e-4f735466cecf":"470e06ff-0bc2-4d7d-9ca1-dd207ea9b10b"},{"element-6066-11e4-a52e-4f735466cecf":"51c109f4-458b-448f-9382-1b8660815484"},{"element-6066-11e4-a52e-4f735466cecf":"37df51c6-da8b-47e4-9a30-de2b8629bd1b"},{"element-6066-11e4-a52e-4f735466cecf":"37e45495-e83a-4dac-8be7-65845e6fd61d"},{"element-6066-11e4-a52e-4f735466cecf":"bc874a11-6f0c-4d66-9fcc-1215296a4065"},{"element-6066-11e4-a52e-4f735466cecf":"6a796995-39b5-473b-b367-28fcbe2b967a"},{"element-6066-11e4-a52e-4f735466cecf":"d15b9698-6729-45e9-9a82-2393b1f73f20"},{"element-6066-11e4-a52e-4f735466cecf":"27508f78-d5d2-4b57-bb68-fe7b8700147e"},{"element-6066-11e4-a52e-4f735466cecf":"39e34dbd-87e1-4972-8156-1cc992be7f83"},{"element-6066-11e4-a52e-4f735466cecf":"70d6c35c-5da5-4936-aac9-c3ae0f186e44"},{"element-6066-11e4-a52e-4f735466cecf":"fb02ba04-1046-4300-9180-a4122f9ebba5"},{"element-6066-11e4-a52e-4f735466cecf":"b737ab2c-a5bb-4fa1-b4af-5a3683d94dd8"},{"element-6066-11e4-a52e-4f735466cecf":"4808cea5-19bf-46f9-aebc-558b4a0f1ce9"},{"element-6066-11e4-a52e-4f735466cecf":"9eacd17e-7210-48ee-a9d6-17fed4ec214c"},{"element-6066-11e4-a52e-4f735466cecf":"d6a9cfdc-8761-4fa5-9a3f-938e172b350e"},{"element-6066-11e4-a52e-4f735466cecf":"9c2697d9-b921-4d3b-97bd-e2a88ae8111c"},{"element-6066-11e4-a52e-4f735466cecf":"adce1e2c-0121-4651-a2d9-a687add97175"},{"element-6066-11e4-a52e-4f735466cecf":"b44395cb-5590-4ada-b50a-07e252f3d95c"},{"element-6066-11e4-a52e-4f735466cecf":"8a9374ee-dab7-4e3a-ba69-a95387eb4e02"},{"element-6066-11e4-a52e-4f735466cecf":"7e5306d9-cc3a-4a03-9f95-9b97dcfb25ec"},{"element-6066-11e4-a52e-4f735466cecf":"fa5d91af-7430-46e2-b47e-832febe57d7c"},{"element-6066-11e4-a52e-4f735466cecf":"7cbff53e-a819-4ed6-8621-f79f5c10b663"},{"element-6066-11e4-a52e-4f735466cecf":"d01fd79c-ef20-42ea-8608-adc80ae7593d"},{"element-6066-11e4-a52e-4f735466cecf":"3bc4c277-ee37-46f1-87d1-519eb2249a9e"},{"element-6066-11e4-a52e-4f735466cecf":"95d63971-49f4-4a79-bdd1-c0b4753aa8f0"},{"element-6066-11e4-a52e-4f735466cecf":"ac5f727a-7756-4619-9f5f-f3279fa071a8"},{"element-6066-11e4-a52e-4f735466cecf":"f1819ee3-f6fa-49e5-9db7-d822c716e88a"},{"element-6066-11e4-a52e-4f735466cecf":"2fec3a0b-cc48-4d41-bf0a-b3fdfba4da81"},{"element-6066-11e4-a52e-4f735466cecf":"1716baaa-1ebc-4d1c-98bc-e4b47f6574f6"},{"element-6066-11e4-a52e-4f735466cecf":"cc820966-5b4b-4f4a-b7c1-d99714e47cf5"},{"element-6066-11e4-a52e-4f735466cecf":"4feaadd7-0296-4f06-ab43-7c22b0d6d2a4"},{"element-6066-11e4-a52e-4f735466cecf":"781cb220-6b5f-4c61-8fd8-062ce07e459c"},{"element-6066-11e4-a52e-4f735466cecf":"eca1417d-9a51-4264-90b6-8828b5ecdf95"},{"element-6066-11e4-a52e-4f735466cecf":"ec2a8885-5971-44ca-832d-af5515096e30"},{"element-6066-11e4-a52e-4f735466cecf":"04e38916-f62e-4805-86db-599d67b54229"},{"element-6066-11e4-a52e-4f735466cecf":"f2d235ae-216e-4ac9-9a21-56d26ce19653"},{"element-6066-11e4-a52e-4f735466cecf":"145746dc-1623-491c-9d8b-94a4551c0087"},{"element-6066-11e4-a52e-4f735466cecf":"a4d26b75-098e-4bf9-8e95-6ad9860d6304"},{"element-6066-11e4-a52e-4f735466cecf":"38881016-f09a-4026-9448-1a111e8d7d28"},{"element-6066-11e4-a52e-4f735466cecf":"79caf8cf-8dd3-4a2c-b306-6b9e7aa76561"},{"element-6066-11e4-a52e-4f735466cecf":"faef7b83-8c3c-4bae-a807-3bf86e520298"},{"element-6066-11e4-a52e-4f735466cecf":"27885793-ac7c-4c2a-84d4-c7153fb9dc25"},{"element-6066-11e4-a52e-4f735466cecf":"23a77ea4-5073-4cf2-ace5-33aea193dd8f"},{"element-6066-11e4-a52e-4f735466cecf":"2f54bf06-c2f3-4a37-a0f7-521e70d4f353"},{"element-6066-11e4-a52e-4f735466cecf":"60c8cd48-20da-4bc0-83cb-105e7ce86b95"},{"element-6066-11e4-a52e-4f735466cecf":"6eb05027-1c08-4a5d-9e04-b024ae49c2c8"},{"element-6066-11e4-a52e-4f735466cecf":"ada077cd-0698-4930-be67-9ee88099152d"},{"element-6066-11e4-a52e-4f735466cecf":"365c6dc8-a647-4eb1-9a6e-38da2aeda187"},{"element-6066-11e4-a52e-4f735466cecf":"377fd16a-4dea-4b50-a419-e93efd406603"},{"element-6066-11e4-a52e-4f735466cecf":"37bd9601-dc0f-4f70-981d-cceb05c892fe"},{"element-6066-11e4-a52e-4f735466cecf":"c722ad2e-7527-465b-bcb6-193392fb2436"},{"element-6066-11e4-a52e-4f735466cecf":"9c4291d2-38a1-43ca-979e-7c5e1af548eb"},{"element-6066-11e4-a52e-4f735466cecf":"b663ecb7-3242-4341-b517-ed2fc21e438e"},{"element-6066-11e4-a52e-4f735466cecf":"e6a45db5-ebc2-4ebd-a094-dfb03df2f62b"},{"element-6066-11e4-a52e-4f735466cecf":"d987a8eb-f586-433b-9a28-114b6da9edbd"},{"element-6066-11e4-a52e-4f735466cecf":"c05a1c12-888d-4482-b0c2-2543e999ae7e"},{"element-6066-11e4-a52e-4f735466cecf":"593bef4d-f73d-40ed-adc8-9b49fd933346"},{"element-6066-11e4-a52e-4f735466cecf":"54d0235b-b42a-4890-be8e-27ffb7729baa"},{"element-6066-11e4-a52e-4f735466cecf":"11473306-bf78-4167-bdd7-a60cfd6d637b"},{"element-6066-11e4-a52e-4f735466cecf":"b9f62fb4-c1c5-4a4a-b74b-1d64bd157db0"},{"element-6066-11e4-a52e-4f735466cecf":"27513b4b-5063-4901-a1e8-dee891b259c8"},{"element-6066-11e4-a52e-4f735466cecf":"7d664753-136e-4e89-a4f5-a4d0fec995b0"},{"element-6066-11e4-a52e-4f735466cecf":"6c23bd17-c7ab-4b56-a6e7-bd572be1f1fe"},{"element-6066-11e4-a52e-4f735466cecf":"7ad3290e-21a6-4fa0-b70c-66767def0148"},{"element-6066-11e4-a52e-4f735466cecf":"44f31bd4-157c-470f-b0f2-1341c1222baf"},{"element-6066-11e4-a52e-4f735466cecf":"97b0e224-9778-4270-970f-c8245168179a"},{"element-6066-11e4-a52e-4f735466cecf":"d726991a-afd6-4076-9e97-b326b7bb7f71"},{"element-6066-11e4-a52e-4f735466cecf":"e799bfd5-a504-48ce-87d4-118dbf91b730"},{"element-6066-11e4-a52e-4f735466cecf":"63d2b4a7-c50d-43a2-8b79-91b9a8787c85"},{"element-6066-11e4-a52e-4f735466cecf":"719637f7-c20c-44a1-8ad0-5987968135e9"},{"element-6066-11e4-a52e-4f735466cecf":"3cb261d1-840d-4798-a2d9-53f26fafdcc1"},{"element-6066-11e4-a52e-4f735466cecf":"ae61b4b4-33bd-4dc5-915d-f454c63d49e2"},{"element-6066-11e4-a52e-4f735466cecf":"672f38f3-a1ce-4870-81a6-5d05528281a5"},{"element-6066-11e4-a52e-4f735466cecf":"aa9bdfd5-0110-44f2-b739-bce5f618891b"},{"element-6066-11e4-a52e-4f735466cecf":"2feaa922-1355-4fa9-aead-0a293fb0e898"},{"element-6066-11e4-a52e-4f735466cecf":"7838f89c-820f-4f86-ba08-957700c107b5"},{"element-6066-11e4-a52e-4f735466cecf":"983e2042-e897-4d1c-8b36-2dab07e1a91b"},{"element-6066-11e4-a52e-4f735466cecf":"63675a05-eb0d-4201-b648-c31ee6b6e3e3"},{"element-6066-11e4-a52e-4f735466cecf":"d6285a7c-781c-4c80-a65d-3055fa5c98a9"},{"element-6066-11e4-a52e-4f735466cecf":"99ed20a7-6365-46f6-94a8-66bba38c0dcc"},{"element-6066-11e4-a52e-4f735466cecf":"bdb68d7f-8e16-44ee-b5bf-57f512b8884b"},{"element-6066-11e4-a52e-4f735466cecf":"a9fc777e-8cc2-4dcd-8047-cdba3e519b99"},{"element-6066-11e4-a52e-4f735466cecf":"171fefb0-9ffb-4cfb-b4c9-1d0227f5dac2"},{"element-6066-11e4-a52e-4f735466cecf":"bbedf596-1538-4295-ab80-73913b5cc061"},{"element-6066-11e4-a52e-4f735466cecf":"9b3f37ea-1966-4671-8e8b-a671777f818e"},{"element-6066-11e4-a52e-4f735466cecf":"64cc5d03-54d1-467c-b22b-496c8606d948"},{"element-6066-11e4-a52e-4f735466cecf":"4f5c5005-dbe4-4890-8ee4-63d91b7a9eb7"},{"element-6066-11e4-a52e-4f735466cecf":"4ea3e8e4-9f9b-4875-8338-12010c0d8342"},{"element-6066-11e4-a52e-4f735466cecf":"357becc8-6044-4d44-b915-8044e7c35239"},{"element-6066-11e4-a52e-4f735466cecf":"331ce855-0248-4816-ac16-a8ea2041ba52"},{"element-6066-11e4-a52e-4f735466cecf":"39845e1f-f5a9-4f96-b35f-bcaa5c77aaa9"},{"element-6066-11e4-a52e-4f735466cecf":"41eaa543-dad1-4929-bf0c-05a6431c3071"},{"element-6066-11e4-a52e-4f735466cecf":"faef45e4-ca63-4c66-9553-26e42af0d1c1"},{"element-6066-11e4-a52e-4f735466cecf":"146f44fa-9c97-425d-b4ad-2ee2bd6fa05a"},{"element-6066-11e4-a52e-4f735466cecf":"63ff4ed7-3439-41aa-a748-d159739b8c92"},{"element-6066-11e4-a52e-4f735466cecf":"a3ba74e5-7e93-44e4-9a31-e1f2da2858ce"},{"element-6066-11e4-a52e-4f735466cecf":"9c9f1764-a6c4-4294-be2f-74c4db9713c7"},{"element-6066-11e4-a52e-4f735466cecf":"dc146d07-e854-4834-aeed-72f6e84b4cb5"},{"element-6066-11e4-a52e-4f735466cecf":"eb52d1b8-4c05-437f-b885-b6425c467a75"},{"element-6066-11e4-a52e-4f735466cecf":"edfd438d-0b4d-4963-85ca-43374010a8cd"},{"element-6066-11e4-a52e-4f735466cecf":"de241f23-f60c-4f87-a1a5-ba9e4a315b59"},{"element-6066-11e4-a52e-4f735466cecf":"0798cf21-0a75-4d53-8732-26f5dfe32ba7"},{"element-6066-11e4-a52e-4f735466cecf":"12a35adf-1e7a-4684-8767-12ddd02c28ff"},{"element-6066-11e4-a52e-4f735466cecf":"afd236cc-bcb9-4d48-9822-2025febb690d"},{"element-6066-11e4-a52e-4f735466cecf":"dc8d9f1e-d854-4253-bfd0-c65da63c694b"},{"element-6066-11e4-a52e-4f735466cecf":"a9476c23-2a19-4ff5-979b-94326857ed95"},{"element-6066-11e4-a52e-4f735466cecf":"80e544c5-7c3e-4e1f-a667-8039be420277"},{"element-6066-11e4-a52e-4f735466cecf":"487c2092-abbc-4393-88c9-8aa8c600e84e"},{"element-6066-11e4-a52e-4f735466cecf":"54597051-b907-4cb8-8750-d2cbb7321fcc"},{"element-6066-11e4-a52e-4f735466cecf":"8eafa2e2-bd5f-43dd-8366-e166c746e5a8"},{"element-6066-11e4-a52e-4f735466cecf":"a3a1cec1-f689-42cc-83d0-bce23443526a"},{"element-6066-11e4-a52e-4f735466cecf":"d5377d93-3d07-4935-8fbc-49108c326694"},{"element-6066-11e4-a52e-4f735466cecf":"e419271c-5994-4f00-ab2b-d5ce8ca7b66f"},{"element-6066-11e4-a52e-4f735466cecf":"e13ca2c4-72af-40fb-968b-b4d81f8b7728"},{"element-6066-11e4-a52e-4f735466cecf":"6244b8b1-d7ef-4a86-9ba3-51488b68803d"},{"element-6066-11e4-a52e-4f735466cecf":"92f9bd80-b7fe-4706-b2f6-78fcd50e41b9"},{"element-6066-11e4-a52e-4f735466cecf":"10f2fb89-7c4c-4daa-9261-626c49857980"},{"element-6066-11e4-a52e-4f735466cecf":"facb95da-cc52-401a-9070-25f53166a919"},{"element-6066-11e4-a52e-4f735466cecf":"b6214d8f-24bc-44a5-b4a9-596be8a992ef"},{"element-6066-11e4-a52e-4f735466cecf":"172ebd44-2177-4dab-906e-630c5a6b705b"},{"element-6066-11e4-a52e-4f735466cecf":"f2c925c4-4ca4-41ff-86bc-6e2ae9239ddf"},{"element-6066-11e4-a52e-4f735466cecf":"9444635f-e52f-4ca3-8734-16edec0a927c"},{"element-6066-11e4-a52e-4f735466cecf":"56fe4271-324f-468c-94ca-13955485abcf"},{"element-6066-11e4-a52e-4f735466cecf":"680c3fd2-0f66-48f5-bfbc-52df07d25f9e"},{"element-6066-11e4-a52e-4f735466cecf":"6604975b-9b49-4398-bce0-fa7311b9cf1b"},{"element-6066-11e4-a52e-4f735466cecf":"305e0145-5906-4309-bf77-f89b863dc391"},{"element-6066-11e4-a52e-4f735466cecf":"bd9a3eb4-fbd6-420a-80fc-a291c5c68d1b"},{"element-6066-11e4-a52e-4f735466cecf":"4b46bce4-92af-4ae5-8272-ef19033013eb"},{"element-6066-11e4-a52e-4f735466cecf":"b98e897f-a1d3-48a6-8897-95973a6f1131"},{"element-6066-11e4-a52e-4f735466cecf":"b08cf547-b9b9-4acd-b7f4-879f67302880"},{"element-6066-11e4-a52e-4f735466cecf":"570ba2fe-abb9-4df0-9db6-ca7c968b1cc7"},{"element-6066-11e4-a52e-4f735466cecf":"f9ea2436-e654-4127-a4e9-37f1e0e0a01f"},{"element-6066-11e4-a52e-4f735466cecf":"c13e5802-cb5c-43fe-ac96-7a2b9e39b434"},{"element-6066-11e4-a52e-4f735466cecf":"ad65060d-c55e-4411-8b8c-3064cdc0c2da"},{"element-6066-11e4-a52e-4f735466cecf":"26c4c9e5-366e-4d1f-adcb-b4f91bd33f13"},{"element-6066-11e4-a52e-4f735466cecf":"2ad23ce6-6afd-4b42-81c4-9b69671f6db7"},{"element-6066-11e4-a52e-4f735466cecf":"50638f17-976e-4aa7-92b0-be67b7b58a07"},{"element-6066-11e4-a52e-4f735466cecf":"2428f5d5-8dd0-4e6e-a6bf-3a9f6ea21dbb"},{"element-6066-11e4-a52e-4f735466cecf":"c41a73dd-0cb0-4726-9b65-136472d7da02"},{"element-6066-11e4-a52e-4f735466cecf":"bedbc546-6e2a-4161-83ee-53c2282438c1"},{"element-6066-11e4-a52e-4f735466cecf":"6ea28664-67b5-4c1a-aa9f-bfad17496352"},{"element-6066-11e4-a52e-4f735466cecf":"96796bd4-d258-4e4b-8b19-a95dcffccce0"},{"element-6066-11e4-a52e-4f735466cecf":"e2e2e1c3-23aa-4481-acc1-21eacd3be9db"},{"element-6066-11e4-a52e-4f735466cecf":"e18f7537-8da1-49ac-b21c-f31f7079af28"},{"element-6066-11e4-a52e-4f735466cecf":"ad50162b-57c3-45ec-9293-80849125d6d9"},{"element-6066-11e4-a52e-4f735466cecf":"d10fcc62-e7e0-4d8e-9b7c-2332a9c9ab29"},{"element-6066-11e4-a52e-4f735466cecf":"c75c1686-a3f6-4691-9307-1e36ea529e46"},{"element-6066-11e4-a52e-4f735466cecf":"cc237323-033d-4e89-b053-886c9e4e103d"},{"element-6066-11e4-a52e-4f735466cecf":"b987c963-89c0-426e-918f-3bf107929157"},{"element-6066-11e4-a52e-4f735466cecf":"a48e8b9a-3061-4ded-a127-3e3f1c9db523"},{"element-6066-11e4-a52e-4f735466cecf":"90af0a8d-42f4-42c7-9771-365f9835d051"},{"element-6066-11e4-a52e-4f735466cecf":"fb884c87-951d-4428-aaf7-5347002c0f97"},{"element-6066-11e4-a52e-4f735466cecf":"bd093006-9fe4-4d3e-bb9a-c6ff655ed270"},{"element-6066-11e4-a52e-4f735466cecf":"613fcd15-a181-47ac-b85a-59c622c0f18a"},{"element-6066-11e4-a52e-4f735466cecf":"48d6f649-57b4-4641-afa4-9187ae13af2c"},{"element-6066-11e4-a52e-4f735466cecf":"a0b17834-91ef-4528-99cc-24242ce44aea"},{"element-6066-11e4-a52e-4f735466cecf":"d29ded0c-98b8-492d-a91e-af18494b928a"},{"element-6066-11e4-a52e-4f735466cecf":"95ae9caa-e8c7-4acc-a709-f100cbc2b24e"},{"element-6066-11e4-a52e-4f735466cecf":"2d9c3dfa-5bfd-4fdc-801e-e28155ef7425"},{"element-6066-11e4-a52e-4f735466cecf":"adb21bc1-a26c-4136-b4b6-cd86ce7bc7b3"},{"element-6066-11e4-a52e-4f735466cecf":"21a3b1a1-0fb7-4af6-a13f-1883e0fc10ef"},{"element-6066-11e4-a52e-4f735466cecf":"299e5da0-0371-4e98-ac5d-40b0bb245a81"},{"element-6066-11e4-a52e-4f735466cecf":"91d4e92a-0712-4af2-9812-c198cc877e05"},{"element-6066-11e4-a52e-4f735466cecf":"140de5fa-0da1-48ba-a9de-e00c7813d828"},{"element-6066-11e4-a52e-4f735466cecf":"1fdf4107-b5ad-43a1-a00e-73170630108f"},{"element-6066-11e4-a52e-4f735466cecf":"09ae4177-888a-4267-ad98-74d6ee284230"},{"element-6066-11e4-a52e-4f735466cecf":"2bbe81f5-efcd-4531-af2e-bdd022be092a"},{"element-6066-11e4-a52e-4f735466cecf":"2782c108-235c-455c-be1d-2b8ee2cb7165"},{"element-6066-11e4-a52e-4f735466cecf":"cdc5649e-46af-4401-b5a8-14523548e4e6"},{"element-6066-11e4-a52e-4f735466cecf":"e4b90a87-7c65-4801-86d6-debd4786ba42"},{"element-6066-11e4-a52e-4f735466cecf":"48efc9f0-d5d8-4023-a123-d0eab8b2ca3b"},{"element-6066-11e4-a52e-4f735466cecf":"907ab515-b683-4782-9bce-20fcfd735998"},{"element-6066-11e4-a52e-4f735466cecf":"81bc1997-0388-484a-b0c6-62a1f4fc8197"},{"element-6066-11e4-a52e-4f735466cecf":"565fb49f-3e7f-4429-ac8f-c3534aceb807"},{"element-6066-11e4-a52e-4f735466cecf":"196a9e21-32c0-4b30-aaff-1b850351ccd2"},{"element-6066-11e4-a52e-4f735466cecf":"b4de6fd2-a679-460d-8cf5-20befdc15b32"},{"element-6066-11e4-a52e-4f735466cecf":"942ded24-d393-4172-8ea9-69452da8403c"},{"element-6066-11e4-a52e-4f735466cecf":"913a1831-8f86-4884-9e4c-77f5e5cc4686"},{"element-6066-11e4-a52e-4f735466cecf":"8ca6eb51-57cb-4a91-9926-d5a8caa3a5b0"},{"element-6066-11e4-a52e-4f735466cecf":"4709c824-8351-433b-9c59-8683a1aa9f9e"},{"element-6066-11e4-a52e-4f735466cecf":"396cc69c-38d2-4ddb-a10f-08efbdbe13b8"},{"element-6066-11e4-a52e-4f735466cecf":"b424069e-94dc-4088-a9f1-aab788890d7f"},{"element-6066-11e4-a52e-4f735466cecf":"18cf7138-d64b-4da9-bdf3-09a722e34010"},{"element-6066-11e4-a52e-4f735466cecf":"0922b6f3-5979-4c6a-8ce0-e6cdd110e70b"},{"element-6066-11e4-a52e-4f735466cecf":"006dc96e-4ee1-4a0b-b629-4c91ffed8f9c"},{"element-6066-11e4-a52e-4f735466cecf":"68f64c85-dc83-4f75-b66b-7568efc54c31"},{"element-6066-11e4-a52e-4f735466cecf":"36b76bd3-aef6-4167-a901-47cd9443b46a"},{"element-6066-11e4-a52e-4f735466cecf":"39a49535-a341-4029-9ffa-bb759fe7c924"},{"element-6066-11e4-a52e-4f735466cecf":"720fce06-3596-4364-891e-74e2d8b31a08"},{"element-6066-11e4-a52e-4f735466cecf":"5a79e3f3-ff04-4d0f-8f63-0dbedf5f9c31"},{"element-6066-11e4-a52e-4f735466cecf":"969e6dab-f080-40ff-8ecb-bcb9cb819fb0"},{"element-6066-11e4-a52e-4f735466cecf":"307d8deb-9e92-430a-afa2-7386428a4f99"},{"element-6066-11e4-a52e-4f735466cecf":"5b238283-3280-4641-9b07-8bd007d248cd"},{"element-6066-11e4-a52e-4f735466cecf":"ad05b427-010f-4eeb-8790-1a8d46108c3b"},{"element-6066-11e4-a52e-4f735466cecf":"2edfcfe2-0b97-441b-88d5-a0420bfb64f3"},{"element-6066-11e4-a52e-4f735466cecf":"9a2a99d6-d121-497f-839a-bff6e047e878"},{"element-6066-11e4-a52e-4f735466cecf":"dd04d2e4-a8c2-41fe-8626-cf4207cc76e3"},{"element-6066-11e4-a52e-4f735466cecf":"9dda2684-a1fa-4c5b-9306-3951590935e0"},{"element-6066-11e4-a52e-4f735466cecf":"028a6a26-9682-43ed-b16e-bde6916e6198"},{"element-6066-11e4-a52e-4f735466cecf":"8557e6ec-32c8-48b6-9ce5-631a9aaaf476"},{"element-6066-11e4-a52e-4f735466cecf":"59ac8232-0e19-4a30-a289-917fb4bb26e1"},{"element-6066-11e4-a52e-4f735466cecf":"2efd951c-90be-4e7f-ab2b-b13e509dce2c"},{"element-6066-11e4-a52e-4f735466cecf":"1009826d-cd04-44b5-8a7c-2284ad4d712a"},{"element-6066-11e4-a52e-4f735466cecf":"c6f28b66-a6c5-4bb8-a780-6124b2506bd8"},{"element-6066-11e4-a52e-4f735466cecf":"ab3f32d9-fe55-412c-baf5-1c90b6a6eb6f"},{"element-6066-11e4-a52e-4f735466cecf":"b22a6fcc-5f1d-4e9d-a81c-e2e87aa308ad"},{"element-6066-11e4-a52e-4f735466cecf":"97bc7b02-beaf-4aef-a5d0-750e9d7ea53e"},{"element-6066-11e4-a52e-4f735466cecf":"0360d8ae-333a-4e1a-b942-e3923a52e126"},{"element-6066-11e4-a52e-4f735466cecf":"16a4419d-5d65-4110-920e-5ef3cb285aa0"},{"element-6066-11e4-a52e-4f735466cecf":"b062c9cd-b38b-4b1a-a05c-54b77ba16a67"},{"element-6066-11e4-a52e-4f735466cecf":"32f685c7-6af4-4662-9a33-c1d4bf347dc5"},{"element-6066-11e4-a52e-4f735466cecf":"d97d4e54-6a6f-46c7-9f60-ac7c9c4eea30"},{"element-6066-11e4-a52e-4f735466cecf":"f66cef6a-526f-4609-811a-0ce542d72897"},{"element-6066-11e4-a52e-4f735466cecf":"8a7039c0-ee8e-4420-a213-35c8fb0f92e1"},{"element-6066-11e4-a52e-4f735466cecf":"d95ae44c-d4f7-4bbc-9a18-9fd0e7af0e1e"},{"element-6066-11e4-a52e-4f735466cecf":"48c8f054-0d6d-4d41-8c75-1c2cdca68f46"},{"element-6066-11e4-a52e-4f735466cecf":"78cc23c3-ae04-4ae1-8294-a483fc5d2f96"},{"element-6066-11e4-a52e-4f735466cecf":"93ed6059-9544-483c-8436-42a94a5aedb8"},{"element-6066-11e4-a52e-4f735466cecf":"7377e267-68f6-43fe-9a5b-69f982096087"},{"element-6066-11e4-a52e-4f735466cecf":"456951a0-c49e-4fa9-a16f-c94dfade611e"},{"element-6066-11e4-a52e-4f735466cecf":"7974abcd-7376-489e-a60a-40b2c8231a76"},{"element-6066-11e4-a52e-4f735466cecf":"48201707-088b-450e-aa3f-ed0c305ee482"},{"element-6066-11e4-a52e-4f735466cecf":"af72203e-2658-455e-abb2-4cc9ceca4cac"},{"element-6066-11e4-a52e-4f735466cecf":"fb9c426c-0cf3-4e51-8ca0-639613e5fa4d"},{"element-6066-11e4-a52e-4f735466cecf":"3a203a40-3792-4664-85c2-b1c2f448b6fb"},{"element-6066-11e4-a52e-4f735466cecf":"d12fdcf8-6ab7-4c82-a980-a2ddf2b189d0"},{"element-6066-11e4-a52e-4f735466cecf":"d345c746-e9e0-49fd-bf59-708a764bd4a9"},{"element-6066-11e4-a52e-4f735466cecf":"5118501d-59cb-4451-ad4a-72f13074fc8f"},{"element-6066-11e4-a52e-4f735466cecf":"5d774860-9144-4ed0-b7e2-918a10c649b6"},{"element-6066-11e4-a52e-4f735466cecf":"04360200-845f-48b8-b84c-c603b672498b"},{"element-6066-11e4-a52e-4f735466cecf":"d46440fe-77fe-4ab0-a140-4c0f3ade8d86"},{"element-6066-11e4-a52e-4f735466cecf":"7efc0346-08a4-48f1-9ca5-6107c79ebca6"},{"element-6066-11e4-a52e-4f735466cecf":"5644614f-538d-4aeb-961e-ff69a31de6ef"},{"element-6066-11e4-a52e-4f735466cecf":"86b8b8b0-3fa9-4c6f-b2d4-e22ef54aac59"},{"element-6066-11e4-a52e-4f735466cecf":"8d64b9f9-e348-4aae-a8c5-2d6991f006ed"},{"element-6066-11e4-a52e-4f735466cecf":"1e84e07a-1aa9-4692-bf0d-d70365edd1f7"},{"element-6066-11e4-a52e-4f735466cecf":"3c299766-0916-4582-b0a9-6d81196d8943"},{"element-6066-11e4-a52e-4f735466cecf":"115ab347-5ba4-458b-8ba8-8abe199c65bc"},{"element-6066-11e4-a52e-4f735466cecf":"22d9968b-3067-4807-939a-bef0a9ed4003"},{"element-6066-11e4-a52e-4f735466cecf":"a51a717e-23c8-4df2-baac-c37f17eb02c5"},{"element-6066-11e4-a52e-4f735466cecf":"c0c27b8d-59a5-4dde-85d3-fa4013b8ab09"},{"element-6066-11e4-a52e-4f735466cecf":"177ed500-4cec-48f3-b492-b9b26d0a19f0"},{"element-6066-11e4-a52e-4f735466cecf":"98125be6-3725-43a7-9d53-c935015c0e3e"},{"element-6066-11e4-a52e-4f735466cecf":"2fb46ef1-ef3b-4a23-8d70-8cefe3ba9860"},{"element-6066-11e4-a52e-4f735466cecf":"1e2df406-4df9-468e-b219-67d6832edcd6"},{"element-6066-11e4-a52e-4f735466cecf":"5a3a8a36-c343-4954-9c74-9382eafcf45b"},{"element-6066-11e4-a52e-4f735466cecf":"8f6f5224-eee7-4f4a-905f-387fbef41b52"},{"element-6066-11e4-a52e-4f735466cecf":"934a5fa4-31b0-495d-b390-abd55e4fec93"},{"element-6066-11e4-a52e-4f735466cecf":"32cba4ad-3425-489f-b63f-3dd6520a00f1"},{"element-6066-11e4-a52e-4f735466cecf":"5d82d0ec-ac3a-45ea-ae17-f7e3cfeaf14c"},{"element-6066-11e4-a52e-4f735466cecf":"4ebcd2e1-7379-40d6-9609-4a2ff40a112b"},{"element-6066-11e4-a52e-4f735466cecf":"11f75c3d-1cb1-4d72-a9c2-774266ab32bb"},{"element-6066-11e4-a52e-4f735466cecf":"87dc025d-95f6-4215-ab3d-953a32d8e2e4"},{"element-6066-11e4-a52e-4f735466cecf":"a747b2d8-11b7-4cd8-bf6a-35eb3ba5e6c2"},{"element-6066-11e4-a52e-4f735466cecf":"966895fc-d2f7-4f5c-9ed9-0b4064226df0"},{"element-6066-11e4-a52e-4f735466cecf":"ea4c6406-2bab-444f-bf2f-bd71c4bb2987"},{"element-6066-11e4-a52e-4f735466cecf":"9b0a60eb-cad3-439f-aa7f-f9581806c31f"},{"element-6066-11e4-a52e-4f735466cecf":"20bdf8f6-17d6-4a6e-ac46-eaed37887823"},{"element-6066-11e4-a52e-4f735466cecf":"9bd4866a-c5f0-4f9b-b226-dfb94c6e36f5"},{"element-6066-11e4-a52e-4f735466cecf":"3269d609-7a1f-4a6d-a26a-16cb1c15a0f9"},{"element-6066-11e4-a52e-4f735466cecf":"67c498cf-eb37-4e1a-b1c0-c7e48c775592"},{"element-6066-11e4-a52e-4f735466cecf":"2740ca32-0d3f-46eb-8ed7-5e18fd92e164"},{"element-6066-11e4-a52e-4f735466cecf":"889075bc-33b1-4bec-96c6-8942d525a0ec"},{"element-6066-11e4-a52e-4f735466cecf":"c5c44899-50ba-4a9e-8164-e92b82269cd8"},{"element-6066-11e4-a52e-4f735466cecf":"b78b244b-1227-4813-818c-ac29515d9af2"},{"element-6066-11e4-a52e-4f735466cecf":"212bbceb-cfc6-4c32-aade-d8bab793048d"},{"element-6066-11e4-a52e-4f735466cecf":"82a415ef-0bee-48dd-ae77-b503e938a68f"},{"element-6066-11e4-a52e-4f735466cecf":"570aaf66-3093-421a-96d9-f625954ae0bc"},{"element-6066-11e4-a52e-4f735466cecf":"2d04f5ad-7470-47d9-8e38-b74367f123ac"},{"element-6066-11e4-a52e-4f735466cecf":"927c3431-534c-4dad-a500-623ab67d314d"},{"element-6066-11e4-a52e-4f735466cecf":"6f061399-1a29-4f9f-b18f-835403974bcf"},{"element-6066-11e4-a52e-4f735466cecf":"13eb83be-277d-475e-8a03-e5d3ba32b8d1"},{"element-6066-11e4-a52e-4f735466cecf":"a5afb037-fa6f-4b3a-87a4-08c4bb4e3091"},{"element-6066-11e4-a52e-4f735466cecf":"1c07bf4f-306b-4c4a-a01e-e1471c6f9a72"},{"element-6066-11e4-a52e-4f735466cecf":"43a1779f-c75f-44ab-9090-d3877cd1531d"},{"element-6066-11e4-a52e-4f735466cecf":"0e4e981a-14fa-4aa3-919b-60a61a82adba"},{"element-6066-11e4-a52e-4f735466cecf":"e19a6f26-df8a-444e-bf98-de7733688c12"},{"element-6066-11e4-a52e-4f735466cecf":"3117a410-136b-48f9-b3ef-261f882d7110"},{"element-6066-11e4-a52e-4f735466cecf":"f6e540c0-ecfa-4881-b48b-190c520725b4"},{"element-6066-11e4-a52e-4f735466cecf":"a1e54f90-7d02-4b9d-8ee5-535fcac1c1b7"},{"element-6066-11e4-a52e-4f735466cecf":"40600232-7386-4451-a8ef-3a8bbec35a9c"},{"element-6066-11e4-a52e-4f735466cecf":"46e748db-071a-46e5-bcf2-898cbc9da812"},{"element-6066-11e4-a52e-4f735466cecf":"e9f54dd9-a9be-4682-8d0c-91666f0267c5"},{"element-6066-11e4-a52e-4f735466cecf":"64d4bfff-0f10-40ba-bb0f-b39604251cad"},{"element-6066-11e4-a52e-4f735466cecf":"7e544a7d-21ba-4479-b7a7-ac56be8c1e19"},{"element-6066-11e4-a52e-4f735466cecf":"b01b8291-c357-4692-8fc3-b1c64801c199"},{"element-6066-11e4-a52e-4f735466cecf":"481daeb7-b4cc-48d1-9192-92afbdff9d37"},{"element-6066-11e4-a52e-4f735466cecf":"91ab002a-3509-4432-a6d6-21449286b093"},{"element-6066-11e4-a52e-4f735466cecf":"e885a653-f974-49e5-9226-69c9fce06f7c"},{"element-6066-11e4-a52e-4f735466cecf":"32603d6d-9b77-4004-ab8a-a81c4f103791"},{"element-6066-11e4-a52e-4f735466cecf":"a5ff4ab3-9b17-4406-ac7a-911c7673940d"},{"element-6066-11e4-a52e-4f735466cecf":"383ef598-2a6b-4353-a71e-de329b6ff53b"},{"element-6066-11e4-a52e-4f735466cecf":"80ab80c8-87d1-4d93-b3fd-febd79ecd51a"},{"element-6066-11e4-a52e-4f735466cecf":"4e25c8c3-8e88-457f-9231-e300fc570591"},{"element-6066-11e4-a52e-4f735466cecf":"f203261f-d325-468c-a807-a99447bc11d7"},{"element-6066-11e4-a52e-4f735466cecf":"e2eeefb5-aab6-4e2a-ada7-02564256d25f"},{"element-6066-11e4-a52e-4f735466cecf":"1c7d2fc7-26b6-4345-9045-cb800f81ed6a"},{"element-6066-11e4-a52e-4f735466cecf":"6bc9a081-d622-401f-a6d7-50c5431e6135"},{"element-6066-11e4-a52e-4f735466cecf":"316c31cd-996d-4c7c-adfc-3f7674f14a34"},{"element-6066-11e4-a52e-4f735466cecf":"321c5a81-2fe9-4089-a72b-efeea4fa21b7"},{"element-6066-11e4-a52e-4f735466cecf":"0325c346-4b38-45bd-bb19-7588956e18d7"},{"element-6066-11e4-a52e-4f735466cecf":"9747e3c7-374f-41eb-93da-36db898867d7"},{"element-6066-11e4-a52e-4f735466cecf":"ac6d7307-18fa-45a2-b3d2-494da35c22a2"},{"element-6066-11e4-a52e-4f735466cecf":"2e2e92fe-a8d0-488e-abe2-5fddf277634c"},{"element-6066-11e4-a52e-4f735466cecf":"4834e827-c460-43aa-8c4e-a8f26bdf585a"},{"element-6066-11e4-a52e-4f735466cecf":"8040200b-02b4-4bd5-9fc5-dd8784a1dfbb"},{"element-6066-11e4-a52e-4f735466cecf":"dbeea824-c59c-494e-86b5-47029ab5ca7a"},{"element-6066-11e4-a52e-4f735466cecf":"48758902-769d-4ee1-b5fa-861e4017a62c"},{"element-6066-11e4-a52e-4f735466cecf":"54f1256f-2e9c-4885-a6f5-dc3be6f5213a"},{"element-6066-11e4-a52e-4f735466cecf":"95006661-d9ac-4144-ab74-01030a745007"},{"element-6066-11e4-a52e-4f735466cecf":"e4d28843-d9ed-46b3-9b96-ccac0e868599"},{"element-6066-11e4-a52e-4f735466cecf":"80a6efdc-65f1-4a51-91a3-d6afe1f90e69"},{"element-6066-11e4-a52e-4f735466cecf":"8dbd6780-8473-47fd-b596-c8776e57c09d"},{"element-6066-11e4-a52e-4f735466cecf":"2942ec64-70b5-45f8-bb23-5b4aeb777f84"},{"element-6066-11e4-a52e-4f735466cecf":"b1ed8097-2bc0-41d1-94c5-e2b4c205cf50"},{"element-6066-11e4-a52e-4f735466cecf":"1e350e72-6cd3-4d6c-92e2-c4be2dc64885"},{"element-6066-11e4-a52e-4f735466cecf":"5171166b-0210-4642-9848-beadf8fac64b"},{"element-6066-11e4-a52e-4f735466cecf":"ae90e5f6-7861-495c-8868-982a6097b410"},{"element-6066-11e4-a52e-4f735466cecf":"e4a5a651-caad-4455-9a00-2f6632d947f0"},{"element-6066-11e4-a52e-4f735466cecf":"929d81a9-1e35-4d65-995a-3dcda910b1f1"},{"element-6066-11e4-a52e-4f735466cecf":"c3383dcf-6485-4a62-9b0b-de0d7537a784"},{"element-6066-11e4-a52e-4f735466cecf":"1b740807-20eb-4471-afef-9c0aabdc1515"},{"element-6066-11e4-a52e-4f735466cecf":"380512cb-300d-47c5-9a93-894a4925dc1a"},{"element-6066-11e4-a52e-4f735466cecf":"bcbddcd0-ac5a-4817-a297-a87e170a3758"},{"element-6066-11e4-a52e-4f735466cecf":"17d6eecc-4f33-405c-953b-e29e00bcc27c"},{"element-6066-11e4-a52e-4f735466cecf":"f829216b-1b78-4f58-819c-849a546d816a"},{"element-6066-11e4-a52e-4f735466cecf":"7e1b363d-a585-4c56-b8ad-8ea0df570f94"},{"element-6066-11e4-a52e-4f735466cecf":"e1b39cef-8e6e-4b2c-a82c-4ddbd7155cd2"},{"element-6066-11e4-a52e-4f735466cecf":"e530b5cc-8af7-426f-969f-01e7b7364301"},{"element-6066-11e4-a52e-4f735466cecf":"cb5089fc-4a25-4666-af35-c1b7423db247"},{"element-6066-11e4-a52e-4f735466cecf":"4c927271-60c5-4a6e-ac92-f58f70989500"},{"element-6066-11e4-a52e-4f735466cecf":"5142fd69-6b0c-465e-b91b-72174d6d2d21"},{"element-6066-11e4-a52e-4f735466cecf":"f05aee0f-b3e8-423c-b18f-40f2121f811d"},{"element-6066-11e4-a52e-4f735466cecf":"0d7df00f-361e-4833-ab68-80c211e11aa4"},{"element-6066-11e4-a52e-4f735466cecf":"d9c3481d-bf72-4c0d-ba80-cfb19015a247"},{"element-6066-11e4-a52e-4f735466cecf":"45d68ab1-8f0c-46f4-bc07-b8ec4aaa39af"},{"element-6066-11e4-a52e-4f735466cecf":"2a4cd570-d1c1-416f-9972-0ccb078ff352"},{"element-6066-11e4-a52e-4f735466cecf":"5110a959-df02-426a-b760-34af7be95fd5"},{"element-6066-11e4-a52e-4f735466cecf":"de78b862-03b8-4641-868b-54552d0c42be"},{"element-6066-11e4-a52e-4f735466cecf":"6e7b31ad-4eba-4345-b0d3-63e56db2261c"},{"element-6066-11e4-a52e-4f735466cecf":"b6923d48-0638-4245-81e3-a7d5f3388e94"},{"element-6066-11e4-a52e-4f735466cecf":"5d26a646-7b8f-465c-a861-3fd193501dbd"},{"element-6066-11e4-a52e-4f735466cecf":"24ece1d2-d84b-48c9-9070-0db9103c7b48"},{"element-6066-11e4-a52e-4f735466cecf":"929c1c0f-6094-459a-8d50-03dfc312ef98"},{"element-6066-11e4-a52e-4f735466cecf":"eb50c35a-3d7d-4622-b7a3-fb1768508f93"},{"element-6066-11e4-a52e-4f735466cecf":"ac459727-a3a8-403f-9b64-ed423bfc5333"},{"element-6066-11e4-a52e-4f735466cecf":"78eaba24-3da7-4aba-bf48-a66de413a15c"},{"element-6066-11e4-a52e-4f735466cecf":"f1a99e67-2154-438f-b982-65ba51f42bf0"},{"element-6066-11e4-a52e-4f735466cecf":"47692d62-8a48-4429-9c4a-69b504c83aba"},{"element-6066-11e4-a52e-4f735466cecf":"586a208e-eb82-4068-a34a-4a4a028a63e0"},{"element-6066-11e4-a52e-4f735466cecf":"97aa2a77-04bb-4e82-af91-6c1dbc506ef9"},{"element-6066-11e4-a52e-4f735466cecf":"1f39958a-926e-48fe-a6fd-7da6ecd7572b"},{"element-6066-11e4-a52e-4f735466cecf":"516d4fe3-4b89-4b52-84da-ea12b06c6ebd"},{"element-6066-11e4-a52e-4f735466cecf":"4eda2a70-1d5b-4ee4-a51d-472e4f591dd2"},{"element-6066-11e4-a52e-4f735466cecf":"83ad1bed-66ae-45ca-917d-0e35af364e70"},{"element-6066-11e4-a52e-4f735466cecf":"675a3067-e79f-4f47-a8be-74b4c6c38e9a"},{"element-6066-11e4-a52e-4f735466cecf":"6fac0529-2844-4b4e-af43-5ba8ea265871"},{"element-6066-11e4-a52e-4f735466cecf":"5b058b73-6e04-46a4-9c63-02b9042476de"},{"element-6066-11e4-a52e-4f735466cecf":"9af2822b-a5ce-462b-89a3-ef48fd8e12a1"},{"element-6066-11e4-a52e-4f735466cecf":"dd45d43f-e282-43ea-bd1b-1d0e397e536a"},{"element-6066-11e4-a52e-4f735466cecf":"6afe1cb1-971e-4f76-95fa-52aad459778a"},{"element-6066-11e4-a52e-4f735466cecf":"5b19009a-032f-457a-9a9b-e53354708298"},{"element-6066-11e4-a52e-4f735466cecf":"b955283e-7f7e-462c-97f2-3916278211d2"},{"element-6066-11e4-a52e-4f735466cecf":"6687d0cf-5a4c-4a87-a977-9aec4bb9cc56"},{"element-6066-11e4-a52e-4f735466cecf":"2efd87b5-68f6-4318-8925-e5622dd0418a"},{"element-6066-11e4-a52e-4f735466cecf":"da7829ca-ad54-406f-a170-4c3bc49ec4d2"},{"element-6066-11e4-a52e-4f735466cecf":"75684fbe-2f2e-43dd-9ec5-d09d9d5c7dbf"},{"element-6066-11e4-a52e-4f735466cecf":"d401d1e4-a0e2-46a6-9bf3-90560f2f56e7"},{"element-6066-11e4-a52e-4f735466cecf":"912c49eb-ea29-4c31-89b7-566504a6033f"},{"element-6066-11e4-a52e-4f735466cecf":"7a921930-0659-4644-b336-75447db5a366"},{"element-6066-11e4-a52e-4f735466cecf":"1ed6ceda-809e-4828-9b3a-74febea1c632"},{"element-6066-11e4-a52e-4f735466cecf":"15ebf0a1-ea81-4ea8-825f-3ce23d145981"},{"element-6066-11e4-a52e-4f735466cecf":"efcfb407-c84b-4217-b9fe-15bbc8d74b78"},{"element-6066-11e4-a52e-4f735466cecf":"32632d61-6152-40c1-b0b1-eb12a1dae1c2"},{"element-6066-11e4-a52e-4f735466cecf":"47870cbc-177e-4b43-8749-ba0ad6d3123f"},{"element-6066-11e4-a52e-4f735466cecf":"18f2a71f-aa2d-4306-888f-fab7775c4468"},{"element-6066-11e4-a52e-4f735466cecf":"9dd4e6b1-fca8-4654-bc94-fedd44fc4e27"},{"element-6066-11e4-a52e-4f735466cecf":"3ab71793-2130-4559-b292-6e0b986b3955"},{"element-6066-11e4-a52e-4f735466cecf":"7c728242-9f61-4e32-803d-ad866cac48e3"},{"element-6066-11e4-a52e-4f735466cecf":"30c7e24f-fc7f-4088-8b03-7c8684112ec2"},{"element-6066-11e4-a52e-4f735466cecf":"aba072ab-ce4e-489b-9348-4ef2d89131e4"},{"element-6066-11e4-a52e-4f735466cecf":"42746f72-76d7-4f0e-be9e-99a171013a50"},{"element-6066-11e4-a52e-4f735466cecf":"8a16bdab-1e5a-4872-bf90-faadc73e93b7"},{"element-6066-11e4-a52e-4f735466cecf":"13f05626-373d-4ba5-b6c8-50a57eac6f07"},{"element-6066-11e4-a52e-4f735466cecf":"9ec36a1a-0494-4f44-9735-83268562e05b"},{"element-6066-11e4-a52e-4f735466cecf":"e31999d9-abdd-4ddf-96a6-4ed9e2e2deff"},{"element-6066-11e4-a52e-4f735466cecf":"04f95d52-65c8-48f4-8123-6d3f8d7265c5"},{"element-6066-11e4-a52e-4f735466cecf":"16749ac2-b881-48b3-bb3b-be64070096c6"},{"element-6066-11e4-a52e-4f735466cecf":"936b10b0-6c8f-4019-b7a8-e0083aa495aa"},{"element-6066-11e4-a52e-4f735466cecf":"37a291ba-8735-4b05-9c50-b9241b8d8d12"},{"element-6066-11e4-a52e-4f735466cecf":"eac1333e-97ba-4c53-a6af-6097331b25c5"},{"element-6066-11e4-a52e-4f735466cecf":"49b5db91-4de3-463c-ad01-a04655a05eab"},{"element-6066-11e4-a52e-4f735466cecf":"c2e0d710-9da3-4a95-9522-ed72bf2df762"},{"element-6066-11e4-a52e-4f735466cecf":"d889ab2b-35bf-4326-b243-6e56b2a31851"},{"element-6066-11e4-a52e-4f735466cecf":"dd046818-b404-4449-bdf7-7936ff650190"},{"element-6066-11e4-a52e-4f735466cecf":"0a608e5d-31b5-487a-abb6-0a1e4dbbfba6"},{"element-6066-11e4-a52e-4f735466cecf":"8c95bf21-2838-4a11-9f7d-611091007c81"},{"element-6066-11e4-a52e-4f735466cecf":"34046642-f4f4-4505-9b76-6c668ce33cfb"},{"element-6066-11e4-a52e-4f735466cecf":"a659d298-488e-4bcf-8711-7d936f251fe1"},{"element-6066-11e4-a52e-4f735466cecf":"66421be9-baae-4071-a06d-d8acb145e5b0"},{"element-6066-11e4-a52e-4f735466cecf":"b46c8cfb-3ed6-4b4b-81ab-9d9a721f9299"},{"element-6066-11e4-a52e-4f735466cecf":"22ebfeec-6d22-41a2-8d5c-944f6fa2fc0d"},{"element-6066-11e4-a52e-4f735466cecf":"7f331cfa-bb50-4302-bae1-12f9b703dd8a"},{"element-6066-11e4-a52e-4f735466cecf":"a6226754-28fc-43a4-b708-c9c9faf231f8"},{"element-6066-11e4-a52e-4f735466cecf":"898e4a6c-699a-44c0-8baa-862aa21c031d"},{"element-6066-11e4-a52e-4f735466cecf":"7d930983-109f-4553-96ec-3b85ff8dbab6"},{"element-6066-11e4-a52e-4f735466cecf":"63de2ef7-c03f-47f0-874d-b15b99929f31"},{"element-6066-11e4-a52e-4f735466cecf":"e797093a-9438-48e1-b2f3-e4ce126c3055"},{"element-6066-11e4-a52e-4f735466cecf":"77876382-1aa7-4d04-8e1d-ee4892369210"},{"element-6066-11e4-a52e-4f735466cecf":"9fd22274-a2ed-4884-9208-a36453b33420"},{"element-6066-11e4-a52e-4f735466cecf":"a179b15e-829a-43df-8e77-9cf60409a75b"},{"element-6066-11e4-a52e-4f735466cecf":"42b5dee2-2d52-41c8-8acd-d4a2dc9297fa"},{"element-6066-11e4-a52e-4f735466cecf":"d6516033-5cd2-4fd9-b679-ab7b6c760e77"},{"element-6066-11e4-a52e-4f735466cecf":"5e029169-f587-41b8-bcee-f1a9e96a45e4"},{"element-6066-11e4-a52e-4f735466cecf":"fd20e924-7dac-48e0-8425-d681fdaea841"},{"element-6066-11e4-a52e-4f735466cecf":"4bd6f78f-66f3-4075-93ce-93eb0b9d5b0f"},{"element-6066-11e4-a52e-4f735466cecf":"bd438dde-d339-43d5-b99f-e6f83c1b7c09"},{"element-6066-11e4-a52e-4f735466cecf":"91526e62-8c9f-42f3-9179-3799173e7c44"},{"element-6066-11e4-a52e-4f735466cecf":"48998e68-e1f8-44b1-82c9-e13759522e4c"},{"element-6066-11e4-a52e-4f735466cecf":"0cbf30f4-71d3-47e7-a709-9773c4b8e334"},{"element-6066-11e4-a52e-4f735466cecf":"061f081d-bdf3-4425-ad6a-0105bf227b32"},{"element-6066-11e4-a52e-4f735466cecf":"f2fd02ec-7477-48ca-8b30-a8a2f227fba2"},{"element-6066-11e4-a52e-4f735466cecf":"82ec6e1c-589e-423b-9ccc-4d7ca1ab100b"},{"element-6066-11e4-a52e-4f735466cecf":"9a09a2db-f705-404f-92a1-166b4a888fa6"},{"element-6066-11e4-a52e-4f735466cecf":"c109011f-059b-4deb-9e58-32b5907f4302"},{"element-6066-11e4-a52e-4f735466cecf":"3b69912f-3a1f-45fe-b5e6-079982cf3f01"},{"element-6066-11e4-a52e-4f735466cecf":"ee947808-55ce-4262-bcd8-0c268c92e38d"},{"element-6066-11e4-a52e-4f735466cecf":"640adb82-8b08-4a38-9b50-05c05950176f"},{"element-6066-11e4-a52e-4f735466cecf":"2f478e09-47c5-454e-9041-c4eee1f4a9ea"},{"element-6066-11e4-a52e-4f735466cecf":"86d1e416-4c45-4721-8e26-dce84bbe80c2"},{"element-6066-11e4-a52e-4f735466cecf":"6c9124df-8b68-4390-8073-a4d9375b5bb4"},{"element-6066-11e4-a52e-4f735466cecf":"8c09e880-1913-4085-bae2-77a7824cb96e"},{"element-6066-11e4-a52e-4f735466cecf":"d5823db3-7435-47e5-ad62-a2e6f25b7c94"},{"element-6066-11e4-a52e-4f735466cecf":"46372ccb-f9ed-427f-b6e2-53257d3a5241"},{"element-6066-11e4-a52e-4f735466cecf":"75ee13f0-df31-4301-80ab-821e2c0f6dc1"},{"element-6066-11e4-a52e-4f735466cecf":"24c59221-f36f-42e9-8e2a-d0506da32eba"},{"element-6066-11e4-a52e-4f735466cecf":"f931734c-b84b-4a8b-a6c0-668ccb380f4d"},{"element-6066-11e4-a52e-4f735466cecf":"11eb6da9-60b3-4bd9-b8ca-7ea9b9ffe5bc"},{"element-6066-11e4-a52e-4f735466cecf":"98b76c70-2a81-40e4-8e0a-dbafb445cf3d"},{"element-6066-11e4-a52e-4f735466cecf":"e92ca207-b003-412e-b319-93aa9e9d1404"},{"element-6066-11e4-a52e-4f735466cecf":"ffa12f66-753b-4103-aa12-4f0f3122115f"},{"element-6066-11e4-a52e-4f735466cecf":"a7a26387-6fea-4911-9417-50b1bc81817f"},{"element-6066-11e4-a52e-4f735466cecf":"13cd8df5-f2d5-4fbf-acc1-4889d46bdf9b"},{"element-6066-11e4-a52e-4f735466cecf":"d7679d59-ac7d-443b-acd2-7ab31f0b1cc7"},{"element-6066-11e4-a52e-4f735466cecf":"aa4872ae-21ce-4477-8294-cfbb1f5302b1"},{"element-6066-11e4-a52e-4f735466cecf":"c3158815-5513-4d8a-ab5f-7d2f0e98a4ff"},{"element-6066-11e4-a52e-4f735466cecf":"6a147c5a-d0b3-4470-a88e-5a86027e6683"},{"element-6066-11e4-a52e-4f735466cecf":"19e18c33-bd85-40a3-87a1-64701a32bce5"},{"element-6066-11e4-a52e-4f735466cecf":"31e39b2b-ac6f-45f6-bebc-18fe2c42a2bf"},{"element-6066-11e4-a52e-4f735466cecf":"f4b46bf2-0045-42a2-859c-486e56660721"},{"element-6066-11e4-a52e-4f735466cecf":"57a1b35b-b90b-47f8-ab93-ec5bd290ef08"},{"element-6066-11e4-a52e-4f735466cecf":"58272f0c-51f5-4d61-9986-3e9750d8f439"},{"element-6066-11e4-a52e-4f735466cecf":"e9e6334f-87c2-40d6-9abc-a7f97a5a9b26"},{"element-6066-11e4-a52e-4f735466cecf":"436da747-23e8-46bc-8ed4-e7fca8cf51b4"},{"element-6066-11e4-a52e-4f735466cecf":"a721e8d9-4b6f-4318-818e-6d31415132ad"},{"element-6066-11e4-a52e-4f735466cecf":"e1b95660-cb6e-4155-b108-e28644e214ec"},{"element-6066-11e4-a52e-4f735466cecf":"30bf2c10-f743-487a-bead-1f03ef7cb112"},{"element-6066-11e4-a52e-4f735466cecf":"5f122824-2135-40fc-ad77-c61e9a27ef30"},{"element-6066-11e4-a52e-4f735466cecf":"b73ea5d1-7107-4e6d-a367-bbcccd4c9d17"},{"element-6066-11e4-a52e-4f735466cecf":"d829614f-d8da-453a-a4a5-a9ae8a9497bb"},{"element-6066-11e4-a52e-4f735466cecf":"43749b5f-958c-452c-87a1-a83592e0b4e8"},{"element-6066-11e4-a52e-4f735466cecf":"89344279-6920-4732-a654-e0c84bd67bb6"},{"element-6066-11e4-a52e-4f735466cecf":"2784f7f3-be51-40d6-8f64-412bac7024cb"},{"element-6066-11e4-a52e-4f735466cecf":"fea561c1-3dc7-464c-b7a1-3ceda503a9cf"},{"element-6066-11e4-a52e-4f735466cecf":"7a3fbec1-806b-4346-80d7-b2e08561ccb3"},{"element-6066-11e4-a52e-4f735466cecf":"0172b597-c9b4-4cb2-8fcb-0cec7eb5081a"},{"element-6066-11e4-a52e-4f735466cecf":"86d8fddc-1442-48f1-9382-d445bed74deb"},{"element-6066-11e4-a52e-4f735466cecf":"1ec810c6-cc2a-4d2b-bc60-cddec8490114"},{"element-6066-11e4-a52e-4f735466cecf":"94f5e7a6-4127-4a85-9cf9-01645b5ad189"},{"element-6066-11e4-a52e-4f735466cecf":"7cc51840-bdf1-45ea-9f31-69eeb6a90061"},{"element-6066-11e4-a52e-4f735466cecf":"275aedc7-6244-42ca-8420-7851954ea96e"},{"element-6066-11e4-a52e-4f735466cecf":"7487833b-3d0c-428c-90c1-8b2577a73002"},{"element-6066-11e4-a52e-4f735466cecf":"73e592e7-1acf-4d89-81be-cd82a00541fa"},{"element-6066-11e4-a52e-4f735466cecf":"9823f26a-c075-4fa8-8edd-1377fb0024c4"},{"element-6066-11e4-a52e-4f735466cecf":"5c3a1c2d-4ac1-42d3-a55d-1d16e51a82ca"},{"element-6066-11e4-a52e-4f735466cecf":"0934a48b-81ee-4cfa-ae45-f5104daac8c8"},{"element-6066-11e4-a52e-4f735466cecf":"5f82d318-e01b-4a85-9e97-07e933593282"},{"element-6066-11e4-a52e-4f735466cecf":"df9ee9ea-6886-4cb9-af43-d6dfc2e9d783"},{"element-6066-11e4-a52e-4f735466cecf":"e818b8bf-850e-47db-a4a3-c62d16da3015"},{"element-6066-11e4-a52e-4f735466cecf":"19aa28aa-34cc-4c53-864f-aa077bb0ffd6"},{"element-6066-11e4-a52e-4f735466cecf":"6a10b068-0cf3-4eb5-a771-2162659dc806"},{"element-6066-11e4-a52e-4f735466cecf":"d288a047-720f-4804-af6b-e49947135d0e"},{"element-6066-11e4-a52e-4f735466cecf":"6fc70498-48e9-4c70-9727-f33fd7ae79da"},{"element-6066-11e4-a52e-4f735466cecf":"6d9a94ec-69d9-4212-9d6c-a09dc86f8835"},{"element-6066-11e4-a52e-4f735466cecf":"1f79f494-866d-4ffb-ba4a-5f78b9cdf7c8"},{"element-6066-11e4-a52e-4f735466cecf":"2a003a06-2f8f-4070-8dd7-69ad8da9b9b1"},{"element-6066-11e4-a52e-4f735466cecf":"7a3f2882-3301-4e07-9081-e124abd683e5"},{"element-6066-11e4-a52e-4f735466cecf":"1cbb6968-1538-4ca1-ad79-a4f713ea226f"},{"element-6066-11e4-a52e-4f735466cecf":"f2704ac7-b54d-4de9-8500-e9573dc85136"},{"element-6066-11e4-a52e-4f735466cecf":"cd93d210-caf7-4a4c-8d57-484f50536a9c"},{"element-6066-11e4-a52e-4f735466cecf":"0a6e5be5-6521-4305-9c00-ca539a51df05"},{"element-6066-11e4-a52e-4f735466cecf":"cef0f17c-b853-408b-8f46-cc2f654d3d74"},{"element-6066-11e4-a52e-4f735466cecf":"f2d2f24b-f6c7-4de6-bd25-e79b3b8c9584"},{"element-6066-11e4-a52e-4f735466cecf":"112a2daf-5018-4324-88a4-1efef467c2c7"},{"element-6066-11e4-a52e-4f735466cecf":"1f95e22e-c995-40ce-ae85-d31799f6548d"},{"element-6066-11e4-a52e-4f735466cecf":"81219de8-2e65-4a3d-b5c7-b85a386a9696"},{"element-6066-11e4-a52e-4f735466cecf":"62006055-43aa-4c76-9509-b83f8bfab713"},{"element-6066-11e4-a52e-4f735466cecf":"71e89bef-5954-4c00-b7a1-01a62a99b17f"},{"element-6066-11e4-a52e-4f735466cecf":"caad7402-43ca-42bf-8b16-728b140ae175"},{"element-6066-11e4-a52e-4f735466cecf":"d3cf2a64-f3ad-4961-a871-9b0acf4c906c"},{"element-6066-11e4-a52e-4f735466cecf":"de372d6a-d1af-408d-8868-13141ad05ec0"},{"element-6066-11e4-a52e-4f735466cecf":"2b20abd5-b56f-41cd-a855-db50739fce44"},{"element-6066-11e4-a52e-4f735466cecf":"99832ab0-1e0d-4cfb-98a0-d733a2db12ce"},{"element-6066-11e4-a52e-4f735466cecf":"f4aa5492-e902-4eb3-9740-6ac129e3aa78"},{"element-6066-11e4-a52e-4f735466cecf":"a2ec2d31-d96c-444c-8e87-0b8004bc37bb"},{"element-6066-11e4-a52e-4f735466cecf":"9a57483f-8097-4c40-810e-daa8519b9dd9"},{"element-6066-11e4-a52e-4f735466cecf":"db1ddcfc-eefd-4a19-b484-a4278317d827"},{"element-6066-11e4-a52e-4f735466cecf":"b1902fe0-3bb1-4965-81d4-16a1065ef479"},{"element-6066-11e4-a52e-4f735466cecf":"239cc495-6af7-49a3-9986-b2f4daf0c1a2"},{"element-6066-11e4-a52e-4f735466cecf":"9bd77bc7-cb2e-489a-9cd3-04cafbc272c0"},{"element-6066-11e4-a52e-4f735466cecf":"bf187e3d-5a29-4edd-86d6-ed108c36e1cf"},{"element-6066-11e4-a52e-4f735466cecf":"7c7f1b4a-388d-400d-a71d-dc2b0ae33c43"},{"element-6066-11e4-a52e-4f735466cecf":"7c630244-c386-4629-b23e-e89f2a115dbb"},{"element-6066-11e4-a52e-4f735466cecf":"1d9f198f-df82-4d55-a19a-d8fb5842b431"},{"element-6066-11e4-a52e-4f735466cecf":"bfc52092-e62d-4bc6-8f1a-35f7429227c3"},{"element-6066-11e4-a52e-4f735466cecf":"22e22544-c9f3-4f55-8de3-34e3ba414f4f"},{"element-6066-11e4-a52e-4f735466cecf":"bbafe2d7-c417-4a99-9e7f-d9cdfdd43bb9"},{"element-6066-11e4-a52e-4f735466cecf":"44db437e-7402-4af5-8ce4-f9a6ebf96671"},{"element-6066-11e4-a52e-4f735466cecf":"95e581e2-f880-4a95-afd8-25d53d43a5ee"},{"element-6066-11e4-a52e-4f735466cecf":"db1c084b-bb28-467a-b9b0-f3659def7b47"},{"element-6066-11e4-a52e-4f735466cecf":"b7ad9d96-d634-449d-89be-3ebbddd92f6a"},{"element-6066-11e4-a52e-4f735466cecf":"a97dcf06-1a43-4db6-bdcc-34ede18c759f"},{"element-6066-11e4-a52e-4f735466cecf":"189c9c75-0e41-4b3c-a8b9-b6e5912413de"},{"element-6066-11e4-a52e-4f735466cecf":"286202f0-d316-4240-beb4-06cba21085b6"},{"element-6066-11e4-a52e-4f735466cecf":"d66cfe5f-837e-47e5-a7db-ce370ffbe35c"},{"element-6066-11e4-a52e-4f735466cecf":"c03f4865-4ee9-4bc3-a18d-39c436205557"},{"element-6066-11e4-a52e-4f735466cecf":"59df9d6e-bc59-402f-8a21-311291d03273"},{"element-6066-11e4-a52e-4f735466cecf":"ebf34adb-0526-4a0d-9680-3b2053de5f2f"},{"element-6066-11e4-a52e-4f735466cecf":"ac1c810e-1e9f-42a1-a2a8-ba31fd5eaf27"},{"element-6066-11e4-a52e-4f735466cecf":"296fb452-99b4-4b93-ac10-0d2db6f83962"},{"element-6066-11e4-a52e-4f735466cecf":"01ae8fcf-160c-4da7-b6b9-8eb760ad84bb"},{"element-6066-11e4-a52e-4f735466cecf":"b330d282-dcfa-41a2-99ef-a5f878f5e733"},{"element-6066-11e4-a52e-4f735466cecf":"6f26f749-b506-403e-b763-62c8ec256fe7"},{"element-6066-11e4-a52e-4f735466cecf":"e9b2873c-dc78-46c6-8057-25d493101ddf"},{"element-6066-11e4-a52e-4f735466cecf":"8412271f-abe6-4b3e-a1f1-d60509b38d74"},{"element-6066-11e4-a52e-4f735466cecf":"854dc581-ddda-4ecd-a197-5ae1626087cc"},{"element-6066-11e4-a52e-4f735466cecf":"e3430f58-45a3-463e-af28-9c8a66917a00"},{"element-6066-11e4-a52e-4f735466cecf":"ad8ea736-b2a0-49b4-9d9e-822d8abd7845"},{"element-6066-11e4-a52e-4f735466cecf":"d9f5916c-7af1-45bc-ad2b-0ba8bd11af00"},{"element-6066-11e4-a52e-4f735466cecf":"a4c3d44c-c4fd-4a7f-a7d8-121bea2ec532"},{"element-6066-11e4-a52e-4f735466cecf":"9f83a063-4e88-4d3e-89b4-90eec941b8f1"},{"element-6066-11e4-a52e-4f735466cecf":"29dffeb6-2b63-4dd6-97c5-ba22d59fb234"},{"element-6066-11e4-a52e-4f735466cecf":"84340cb8-a676-44c7-b60c-a66772ed91ac"},{"element-6066-11e4-a52e-4f735466cecf":"8af60b0f-a689-4597-a4f7-188b5bde8619"},{"element-6066-11e4-a52e-4f735466cecf":"9047c573-f245-40a7-b73d-3998e0abb8cc"},{"element-6066-11e4-a52e-4f735466cecf":"f2230afc-d425-4d0a-aa80-139cfe795172"},{"element-6066-11e4-a52e-4f735466cecf":"fdf77c74-e320-44a9-86b9-d2002fea2db2"},{"element-6066-11e4-a52e-4f735466cecf":"bbe683a7-28bc-4473-b881-2a0425d7ad0b"},{"element-6066-11e4-a52e-4f735466cecf":"bede2200-53b7-4e40-ab6a-b9004b6c2ad3"},{"element-6066-11e4-a52e-4f735466cecf":"0f17534b-9ba8-4df0-9cfc-8bdc53a51c03"},{"element-6066-11e4-a52e-4f735466cecf":"56925b15-4d8d-471e-9610-83e7c9d6af15"},{"element-6066-11e4-a52e-4f735466cecf":"ed9fb757-ab54-4afe-b085-96802ee1b515"},{"element-6066-11e4-a52e-4f735466cecf":"e5278c6b-473a-4186-8a94-62373d70e729"},{"element-6066-11e4-a52e-4f735466cecf":"a0a7a23e-5b97-4774-88e1-2c65d8aaa267"},{"element-6066-11e4-a52e-4f735466cecf":"fc2a4e3c-1682-40f6-8cf5-fc0ba7a7be9c"},{"element-6066-11e4-a52e-4f735466cecf":"c0a84214-19fa-4408-a5bf-f1f81d4e12cc"},{"element-6066-11e4-a52e-4f735466cecf":"e19d1cf7-8efc-4aee-9008-f74223c219f0"},{"element-6066-11e4-a52e-4f735466cecf":"46aabf22-f1f5-4974-8557-315f8e19c167"},{"element-6066-11e4-a52e-4f735466cecf":"126075a2-2cfb-4928-a554-995fe7439077"},{"element-6066-11e4-a52e-4f735466cecf":"23307f99-b52c-4671-82e7-f9ce80a11ee7"},{"element-6066-11e4-a52e-4f735466cecf":"c6c43642-92d4-43af-adab-fe80c3fe6ce6"},{"element-6066-11e4-a52e-4f735466cecf":"ec929db6-9ad9-400e-8d3b-94a1ec6ebf13"},{"element-6066-11e4-a52e-4f735466cecf":"2bf44370-fe3e-4976-bb8a-571790784db1"},{"element-6066-11e4-a52e-4f735466cecf":"de4a6441-4777-46dd-b95d-3cf8faf0690c"},{"element-6066-11e4-a52e-4f735466cecf":"6c4cca53-9e84-4941-80f6-cc0e3a786fd7"},{"element-6066-11e4-a52e-4f735466cecf":"504789af-b277-4a50-91e2-07a0dccb043c"},{"element-6066-11e4-a52e-4f735466cecf":"223478f6-519e-43ec-9a34-9f12a7999e61"},{"element-6066-11e4-a52e-4f735466cecf":"c4b95a4b-1082-4b92-bbec-d4af0f7124d9"},{"element-6066-11e4-a52e-4f735466cecf":"626a5817-e7e5-4f88-be9b-bde5ce6ecd55"},{"element-6066-11e4-a52e-4f735466cecf":"0d18c258-3c0a-45cb-8eb4-140e90c43610"},{"element-6066-11e4-a52e-4f735466cecf":"c14264d5-3534-40c9-abdf-70313bfafa85"},{"element-6066-11e4-a52e-4f735466cecf":"a900c403-0ee3-4cc8-80d0-584672437f19"},{"element-6066-11e4-a52e-4f735466cecf":"9fcd799e-32cf-455c-a31b-2d7a15052b6b"},{"element-6066-11e4-a52e-4f735466cecf":"ee616c79-07ce-4193-bdd1-5226e0e52dac"},{"element-6066-11e4-a52e-4f735466cecf":"5cda97c8-4d79-4c31-9d51-cac33cb3e8e7"},{"element-6066-11e4-a52e-4f735466cecf":"40e12ae7-8443-450b-a4ad-0e96f7d9ead9"},{"element-6066-11e4-a52e-4f735466cecf":"f1def81e-e570-4b2b-928c-c6658c30b64f"},{"element-6066-11e4-a52e-4f735466cecf":"239d8030-dd8f-4b4b-9623-beb38984a3ab"},{"element-6066-11e4-a52e-4f735466cecf":"e0b3b123-718b-4ae5-8e33-56be7c687c75"},{"element-6066-11e4-a52e-4f735466cecf":"33302532-9e5e-48ee-b3bd-9be2c59d1712"},{"element-6066-11e4-a52e-4f735466cecf":"2c589d7a-72b7-4e5c-aec3-eb82c6fe0e1e"},{"element-6066-11e4-a52e-4f735466cecf":"a6a7f2ff-fa69-4df7-b08c-8fbaddd79642"},{"element-6066-11e4-a52e-4f735466cecf":"f41eb5e9-5d83-460e-a36b-636c84223e11"},{"element-6066-11e4-a52e-4f735466cecf":"500b6f7c-1473-4f06-92af-17f00a5b70a4"},{"element-6066-11e4-a52e-4f735466cecf":"ddade9bd-d65a-4163-96ee-861ac97e8de9"},{"element-6066-11e4-a52e-4f735466cecf":"172d6a46-2f46-452b-bde2-442503466e9a"},{"element-6066-11e4-a52e-4f735466cecf":"1c5cb3b3-34ba-4c8e-acaf-03e6192989ff"},{"element-6066-11e4-a52e-4f735466cecf":"6852834d-ed1b-4d1d-9f14-463c2ad16d80"},{"element-6066-11e4-a52e-4f735466cecf":"0649e594-034c-46a5-9ead-c83f5e592b8b"},{"element-6066-11e4-a52e-4f735466cecf":"454cce37-8d63-4178-a138-0dea248be069"},{"element-6066-11e4-a52e-4f735466cecf":"ddad2096-5b25-435b-9eb6-59db01df78ed"},{"element-6066-11e4-a52e-4f735466cecf":"75d37181-6974-4035-9290-6c27194fbb1b"},{"element-6066-11e4-a52e-4f735466cecf":"d3c644d1-0502-43f2-86bb-ba3eb2e47899"},{"element-6066-11e4-a52e-4f735466cecf":"ab546270-55e3-439c-bfbc-f3babb217845"},{"element-6066-11e4-a52e-4f735466cecf":"85e951bc-cc97-4ec0-8d5e-82c517a6be50"},{"element-6066-11e4-a52e-4f735466cecf":"8e1e99c3-e6bf-4b66-8dc2-6034a8f66c6d"},{"element-6066-11e4-a52e-4f735466cecf":"5233b22b-7381-49cd-9c32-90c602fe8bf3"},{"element-6066-11e4-a52e-4f735466cecf":"fa6d14e9-89f0-4bf4-8e9b-71ebe242ec77"},{"element-6066-11e4-a52e-4f735466cecf":"52de22fe-b938-4c2b-857e-d942fac24afc"},{"element-6066-11e4-a52e-4f735466cecf":"173fd518-0367-4c00-a0b9-361f5c857cb8"},{"element-6066-11e4-a52e-4f735466cecf":"910aa53d-a7d7-4911-b9cf-ffdb31d768a4"},{"element-6066-11e4-a52e-4f735466cecf":"f6b0da07-3681-41fa-8943-7a76ee702f40"},{"element-6066-11e4-a52e-4f735466cecf":"3a1bd7f2-c10c-4131-a40c-c369b6c95c0a"},{"element-6066-11e4-a52e-4f735466cecf":"818cc866-5b8e-42ce-ab80-fbe58ffff248"},{"element-6066-11e4-a52e-4f735466cecf":"a7bf2701-afa7-49e4-a47e-3b0a64856c40"},{"element-6066-11e4-a52e-4f735466cecf":"0d9a4047-8413-4113-b45e-352a9b8d8e3f"},{"element-6066-11e4-a52e-4f735466cecf":"2d9c3068-f133-431e-99c5-275f4d76d3bf"},{"element-6066-11e4-a52e-4f735466cecf":"66cfd7b3-3019-4cf2-b01a-8aa5d4662513"},{"element-6066-11e4-a52e-4f735466cecf":"d4bfeae6-b1cc-4370-8c76-dc4215606db6"},{"element-6066-11e4-a52e-4f735466cecf":"02a3c2ba-b93e-499b-a838-128fbb50c29a"},{"element-6066-11e4-a52e-4f735466cecf":"3ba26853-66ff-4afe-ae0c-39a8c3132dd0"},{"element-6066-11e4-a52e-4f735466cecf":"5feecdf9-c18f-4715-84e3-ea829f83fa6b"},{"element-6066-11e4-a52e-4f735466cecf":"7b901a81-049a-4255-8592-37c8cdaaf3f0"},{"element-6066-11e4-a52e-4f735466cecf":"a67dc198-0692-4194-9f39-2eefc362ee85"},{"element-6066-11e4-a52e-4f735466cecf":"86aaf4ed-4864-41f1-b9bd-f33ff2836f1f"},{"element-6066-11e4-a52e-4f735466cecf":"243efcf6-1038-4e2f-a5a3-628cf3ccc6a5"},{"element-6066-11e4-a52e-4f735466cecf":"58c29789-b25a-4f26-840e-013c728e5513"},{"element-6066-11e4-a52e-4f735466cecf":"78aef6f6-412f-4e0c-b614-1d10bb8cee51"},{"element-6066-11e4-a52e-4f735466cecf":"744c5389-88b6-4147-b8ad-543124e8b01c"},{"element-6066-11e4-a52e-4f735466cecf":"8834a93f-f2f4-4235-bcde-54ed075ee5ce"},{"element-6066-11e4-a52e-4f735466cecf":"73edb65a-cd26-4fcb-8efe-f4c941e42a0a"},{"element-6066-11e4-a52e-4f735466cecf":"911e36d3-3579-40c7-b4e2-ccd38f057059"},{"element-6066-11e4-a52e-4f735466cecf":"aeca8feb-5ce9-421e-9c7e-dbe3117097bb"},{"element-6066-11e4-a52e-4f735466cecf":"2e3f940a-8f92-45df-a956-bfbb93791496"},{"element-6066-11e4-a52e-4f735466cecf":"85528d9e-54d5-43db-8aa6-ad6f55f2ef59"},{"element-6066-11e4-a52e-4f735466cecf":"c3de35dd-683a-4f82-8c69-db07859c1977"},{"element-6066-11e4-a52e-4f735466cecf":"43a95760-ba69-4c89-90e4-6790c7bfe774"},{"element-6066-11e4-a52e-4f735466cecf":"918c6323-03dd-4d4f-9f11-3d1029228bdb"},{"element-6066-11e4-a52e-4f735466cecf":"b316647a-6197-4db4-a66a-f3977e7ebeeb"},{"element-6066-11e4-a52e-4f735466cecf":"a8cd6c1e-1535-4b2a-9cfc-7658f310f5a7"},{"element-6066-11e4-a52e-4f735466cecf":"72fda8da-8e6c-45f9-82f0-70ccecdfac5d"},{"element-6066-11e4-a52e-4f735466cecf":"5fba0dfa-a12e-44cf-a389-d0db50876986"},{"element-6066-11e4-a52e-4f735466cecf":"06ff03cd-231c-4bc8-a358-225154028369"},{"element-6066-11e4-a52e-4f735466cecf":"31dda49c-725b-4beb-9184-5462d43f1140"},{"element-6066-11e4-a52e-4f735466cecf":"9f35eec2-7833-4ffe-a083-36d6b77101d3"},{"element-6066-11e4-a52e-4f735466cecf":"7ce52989-1074-428c-82d1-6ef248a43809"},{"element-6066-11e4-a52e-4f735466cecf":"a7e8e487-f9fb-4a3c-add3-90110e257e5d"},{"element-6066-11e4-a52e-4f735466cecf":"b9b033f7-a463-44d1-97ec-3529d3ba5da5"},{"element-6066-11e4-a52e-4f735466cecf":"8b1d6c03-9a5c-4e12-8e74-3612c2d9daa1"},{"element-6066-11e4-a52e-4f735466cecf":"e83f7351-d067-4f4a-91e1-3e12c5003402"},{"element-6066-11e4-a52e-4f735466cecf":"3af14e00-fc21-4298-aace-b15aab6e526a"},{"element-6066-11e4-a52e-4f735466cecf":"91855c8c-a207-4724-b497-ddc3dcbef487"},{"element-6066-11e4-a52e-4f735466cecf":"a123d7cc-242c-47da-9ab9-90eb0a4f59e6"},{"element-6066-11e4-a52e-4f735466cecf":"291d7b7c-9542-4dbe-b01d-ff1d5296ca58"},{"element-6066-11e4-a52e-4f735466cecf":"95025383-fcac-4321-a6f5-766d05cb26af"},{"element-6066-11e4-a52e-4f735466cecf":"605c5b21-0d7f-4619-9ad9-eac622f46152"},{"element-6066-11e4-a52e-4f735466cecf":"8df933c1-2dbc-438b-8505-765865c1aeb2"},{"element-6066-11e4-a52e-4f735466cecf":"674ae10b-deb7-4aec-b2eb-d644fa488c51"},{"element-6066-11e4-a52e-4f735466cecf":"01553a9a-ae1a-47a4-b42a-3802ccda8f65"},{"element-6066-11e4-a52e-4f735466cecf":"4663056a-7b1c-4195-a7a9-b46e8af3d2ef"},{"element-6066-11e4-a52e-4f735466cecf":"398b74be-b5b9-4230-bdd6-58a5d5b615fc"},{"element-6066-11e4-a52e-4f735466cecf":"88b725a3-1d87-4d49-8677-ac793432c421"},{"element-6066-11e4-a52e-4f735466cecf":"21c4afab-d8ff-40d4-8a2e-0ada76d84020"},{"element-6066-11e4-a52e-4f735466cecf":"12189d0e-8a8a-4e04-88fc-38c2819e91a9"},{"element-6066-11e4-a52e-4f735466cecf":"6a6d3d1f-e38b-49e5-8e0b-7b8bd5d6d785"},{"element-6066-11e4-a52e-4f735466cecf":"41c72841-c2c2-4489-be0b-2ba17bc93586"},{"element-6066-11e4-a52e-4f735466cecf":"3b6719ba-8357-400b-a0f3-3c598a3d136f"},{"element-6066-11e4-a52e-4f735466cecf":"df846e4a-9d1c-4375-9c89-907c7ce44d56"},{"element-6066-11e4-a52e-4f735466cecf":"b9ea38c3-d3a7-4682-bc71-d974253178bb"},{"element-6066-11e4-a52e-4f735466cecf":"daf35683-174b-411e-8518-12918bb1eb69"},{"element-6066-11e4-a52e-4f735466cecf":"c53785f0-7123-4dc3-a2ca-12e992522ebb"},{"element-6066-11e4-a52e-4f735466cecf":"4d8840c5-f0c1-4e07-b0f7-57141d7efcb9"},{"element-6066-11e4-a52e-4f735466cecf":"a32ee1e2-04ce-497e-b2d1-9ffa2c987d06"},{"element-6066-11e4-a52e-4f735466cecf":"4bc96bcb-4081-4b2e-aa73-a90cf671047a"},{"element-6066-11e4-a52e-4f735466cecf":"d6c06752-e6d5-46e6-8a0d-00aafe505f00"},{"element-6066-11e4-a52e-4f735466cecf":"20ad1729-ffa9-4ccf-a8e6-54f2287e22a5"},{"element-6066-11e4-a52e-4f735466cecf":"087895ba-08d2-4cd5-9059-db6389aaba26"},{"element-6066-11e4-a52e-4f735466cecf":"9758a427-307d-4bec-beb7-0b9c688b78d9"},{"element-6066-11e4-a52e-4f735466cecf":"b88918da-c42c-41ea-b72c-c1262ed5c5a2"},{"element-6066-11e4-a52e-4f735466cecf":"a7f0ec0a-0743-46f5-8a8a-2bd10a90e1ad"},{"element-6066-11e4-a52e-4f735466cecf":"ff01286e-4cb4-4ec4-964c-0c2dad4ac816"},{"element-6066-11e4-a52e-4f735466cecf":"45f49d12-e081-4c2e-a23c-5ecfe770506b"},{"element-6066-11e4-a52e-4f735466cecf":"8bdde5f9-38ff-4feb-9135-0673797d00a2"},{"element-6066-11e4-a52e-4f735466cecf":"cc1430f1-cf54-4e99-a42e-d242237bbe9b"},{"element-6066-11e4-a52e-4f735466cecf":"d1bea7a5-d97f-47fd-ba7d-a80b03e9450f"},{"element-6066-11e4-a52e-4f735466cecf":"d2bc13d5-34af-4c52-b825-126d0cd4da2e"},{"element-6066-11e4-a52e-4f735466cecf":"284d02ab-e9bd-4cf8-8617-b071dab79c11"},{"element-6066-11e4-a52e-4f735466cecf":"1d884127-98be-41f8-8d5c-438257abc4da"},{"element-6066-11e4-a52e-4f735466cecf":"279808c9-1ca6-46f3-a452-d30a90df26fd"},{"element-6066-11e4-a52e-4f735466cecf":"7e3f720e-9536-4b8f-b8a6-baca04dc440a"},{"element-6066-11e4-a52e-4f735466cecf":"929d726c-ef81-4097-87cb-4c97ce3867c9"},{"element-6066-11e4-a52e-4f735466cecf":"2f6a297a-dfd1-4783-8096-f908108a835b"},{"element-6066-11e4-a52e-4f735466cecf":"4f2ebc68-12a8-44d1-8b0c-15f15c108db8"},{"element-6066-11e4-a52e-4f735466cecf":"09655e9c-dea8-4744-9a6a-dd2df0c236f8"},{"element-6066-11e4-a52e-4f735466cecf":"142130d0-01b2-44ba-8c51-eeae7905e5fb"},{"element-6066-11e4-a52e-4f735466cecf":"add589c4-7e3e-4bfb-a970-7c4be7f6b972"},{"element-6066-11e4-a52e-4f735466cecf":"b3945c4c-888e-4e0e-b6cc-2bdb025f20e0"},{"element-6066-11e4-a52e-4f735466cecf":"2dcb1775-f261-45ee-abda-ff359271f43e"},{"element-6066-11e4-a52e-4f735466cecf":"ee6f95f9-7bf8-4904-ba26-675fe5f6b9d1"},{"element-6066-11e4-a52e-4f735466cecf":"d64ffdb6-0881-42e4-947b-c2b2cbca4422"},{"element-6066-11e4-a52e-4f735466cecf":"6d6d86ce-e626-4bb7-8147-b444ef1954f6"},{"element-6066-11e4-a52e-4f735466cecf":"b6042d2c-9383-47b5-b53f-eb608de869b5"},{"element-6066-11e4-a52e-4f735466cecf":"4a863b5e-84fb-4268-bf0d-9575de979538"},{"element-6066-11e4-a52e-4f735466cecf":"c5c6671b-9cc2-4a84-9fab-48bc1a1c2b4f"},{"element-6066-11e4-a52e-4f735466cecf":"8f3d78f6-ac81-46f2-94e7-f648efde625b"},{"element-6066-11e4-a52e-4f735466cecf":"74fd3f61-c24e-4a26-8b07-1ee16bbb0de2"},{"element-6066-11e4-a52e-4f735466cecf":"96c63439-787b-4051-800e-90ebd78537b4"},{"element-6066-11e4-a52e-4f735466cecf":"2eec0083-21f8-4e28-af31-f3e77cb98758"},{"element-6066-11e4-a52e-4f735466cecf":"4eb2d46c-a461-43f8-91a5-ed59f278ae8d"},{"element-6066-11e4-a52e-4f735466cecf":"e5a02a61-6ce6-4b05-8c9a-2682b418fc54"},{"element-6066-11e4-a52e-4f735466cecf":"5c881322-bc77-475f-bb43-84817e1b7602"},{"element-6066-11e4-a52e-4f735466cecf":"b8dd1777-c813-4cf7-89cc-d4888db31f7c"},{"element-6066-11e4-a52e-4f735466cecf":"027915af-055a-41b8-9832-644810d47adc"},{"element-6066-11e4-a52e-4f735466cecf":"2cbbb507-7944-4484-a2da-119fb7139efa"},{"element-6066-11e4-a52e-4f735466cecf":"03d4f25b-1870-42c7-98ad-4b54ef195184"},{"element-6066-11e4-a52e-4f735466cecf":"2422231c-1982-4e49-9687-360556c5fd30"},{"element-6066-11e4-a52e-4f735466cecf":"cd5069a4-84d7-4b06-b5c6-c5e188206556"},{"element-6066-11e4-a52e-4f735466cecf":"b15ffa55-61fd-4198-a922-a14941618728"},{"element-6066-11e4-a52e-4f735466cecf":"8db9b10c-c350-424b-8d9b-55933f0a1311"},{"element-6066-11e4-a52e-4f735466cecf":"7e5dc6c5-dc42-4d6c-ae65-9b4e075e35b0"},{"element-6066-11e4-a52e-4f735466cecf":"267b1976-6b63-4174-b473-e78236a4f95f"},{"element-6066-11e4-a52e-4f735466cecf":"002456d0-afed-4d06-bb71-02bff8e83db6"},{"element-6066-11e4-a52e-4f735466cecf":"61e56626-b3bf-4652-b921-b72adb338caa"},{"element-6066-11e4-a52e-4f735466cecf":"9c937835-5cf7-400f-aebb-bacedb7a89f1"},{"element-6066-11e4-a52e-4f735466cecf":"5cf313d9-522a-4f26-aeb0-b096bea49d8b"},{"element-6066-11e4-a52e-4f735466cecf":"467a9c21-ba77-451c-b8cc-1201ed945426"},{"element-6066-11e4-a52e-4f735466cecf":"c0b66eba-11c9-4dba-807e-542252f99c8d"},{"element-6066-11e4-a52e-4f735466cecf":"d8dffb31-c3cd-4447-be08-d711f9e48e24"},{"element-6066-11e4-a52e-4f735466cecf":"156b52fb-3339-456b-93fc-bb9d7353e006"},{"element-6066-11e4-a52e-4f735466cecf":"f3fa0875-85aa-4a1b-affd-c782705a50e6"},{"element-6066-11e4-a52e-4f735466cecf":"9fe8e033-1b32-4cbf-a8af-89b60fddb1ef"},{"element-6066-11e4-a52e-4f735466cecf":"77eabe51-b4d6-4178-a278-6c1e27323d99"},{"element-6066-11e4-a52e-4f735466cecf":"d2407cef-8f05-4e61-b43e-c345aff97ac1"},{"element-6066-11e4-a52e-4f735466cecf":"1254a3e9-8b22-44d7-b8bc-b54faa071d4c"},{"element-6066-11e4-a52e-4f735466cecf":"9ef3c0e7-f8c4-490c-8f5a-f126f10df209"},{"element-6066-11e4-a52e-4f735466cecf":"cb50b827-27ce-4b61-9dad-33ac0bc36bb4"},{"element-6066-11e4-a52e-4f735466cecf":"26a3d422-15db-4fbe-9332-74502eb23928"},{"element-6066-11e4-a52e-4f735466cecf":"b4b991b2-4ca2-4a33-8cc6-c3b7593574d6"},{"element-6066-11e4-a52e-4f735466cecf":"94617cc4-4830-4b0a-89b8-e9f9c5cad3de"},{"element-6066-11e4-a52e-4f735466cecf":"996f7569-0494-4a32-9f19-eaddf64866c5"},{"element-6066-11e4-a52e-4f735466cecf":"f82f751f-88d8-4172-a01f-44ea88c3e4fd"},{"element-6066-11e4-a52e-4f735466cecf":"b5bdd108-5c76-4d5d-bb40-16bf5f6c8fcf"},{"element-6066-11e4-a52e-4f735466cecf":"c26002a8-a309-4476-8f9f-987c01a3e2e8"},{"element-6066-11e4-a52e-4f735466cecf":"3ddfe00a-eb92-4522-b366-64cb9ff9f1cb"},{"element-6066-11e4-a52e-4f735466cecf":"ff615781-78ce-4944-92a1-151d22504ad9"},{"element-6066-11e4-a52e-4f735466cecf":"191f879c-4d37-43be-8654-1fd3c273ff61"},{"element-6066-11e4-a52e-4f735466cecf":"aafcfbd0-60ca-445c-bb0b-8de85578023a"},{"element-6066-11e4-a52e-4f735466cecf":"7e462b6f-afec-4452-8a85-74316fc897c4"},{"element-6066-11e4-a52e-4f735466cecf":"69236736-a83b-4ab5-9c3b-1e2ec459832a"},{"element-6066-11e4-a52e-4f735466cecf":"86016802-f125-4dda-a435-40d8dd06ff19"},{"element-6066-11e4-a52e-4f735466cecf":"0abe5c3b-da48-4918-b41c-710d8bb74cde"},{"element-6066-11e4-a52e-4f735466cecf":"e6122101-5c8e-4f42-b44e-262c0ba94aad"},{"element-6066-11e4-a52e-4f735466cecf":"468d6fc8-5b78-4c62-9b2b-af75c4602178"},{"element-6066-11e4-a52e-4f735466cecf":"ba539be9-0e2b-48f3-98fc-7747fd2adaaf"},{"element-6066-11e4-a52e-4f735466cecf":"b9d7ca70-d8ec-4070-8ab9-825d980ed1fa"},{"element-6066-11e4-a52e-4f735466cecf":"60966bff-dce4-421d-90c7-e15a8cb798a6"},{"element-6066-11e4-a52e-4f735466cecf":"2211fe5a-4989-473f-b638-da36eb59d105"},{"element-6066-11e4-a52e-4f735466cecf":"1b4b2ebc-ffba-4fe6-9c7b-4cdaabf5e0e9"},{"element-6066-11e4-a52e-4f735466cecf":"9b3dc2c9-aecd-4e48-8f19-bc48bebb3a07"},{"element-6066-11e4-a52e-4f735466cecf":"1f8073a2-3273-4512-b20b-63d428e21a65"},{"element-6066-11e4-a52e-4f735466cecf":"f9994724-a4ff-487d-b3f2-e7441dd77f80"},{"element-6066-11e4-a52e-4f735466cecf":"4cdf7fb2-2d32-4b3b-b55e-f8f5ba439187"},{"element-6066-11e4-a52e-4f735466cecf":"69b2226b-a73b-40c4-b790-9100f7efb9f0"},{"element-6066-11e4-a52e-4f735466cecf":"ffc1442c-11da-49af-beb7-e8ae0bbb7a9f"},{"element-6066-11e4-a52e-4f735466cecf":"9bc936f1-6b98-4886-bf74-49a066bddf9a"},{"element-6066-11e4-a52e-4f735466cecf":"1b210ad7-0786-4fc3-b5a3-4c656700b658"},{"element-6066-11e4-a52e-4f735466cecf":"d0e007bb-6f81-4461-97c4-c13f0c27e8c4"},{"element-6066-11e4-a52e-4f735466cecf":"ace11f2d-fadd-4e1b-b7b2-beccc7bff412"},{"element-6066-11e4-a52e-4f735466cecf":"f4bb78ce-e770-4c11-a674-98697f882f34"},{"element-6066-11e4-a52e-4f735466cecf":"98cd2b84-fa04-45a7-a9ea-896233b46080"},{"element-6066-11e4-a52e-4f735466cecf":"6e7dde2d-13d1-42f8-80b3-fd80213646c5"},{"element-6066-11e4-a52e-4f735466cecf":"8ca35501-bf79-4881-ad46-ba0558dff4d1"},{"element-6066-11e4-a52e-4f735466cecf":"f2f6aa2e-08ca-4de2-8202-a1f0b6fc1c97"},{"element-6066-11e4-a52e-4f735466cecf":"9584c458-8a8b-4cc0-99ab-2239b25f0ea0"},{"element-6066-11e4-a52e-4f735466cecf":"9301f2f5-2259-4c12-aa53-1e9d5b231ad7"},{"element-6066-11e4-a52e-4f735466cecf":"30f3f358-1b07-48ee-a576-75271f5e3446"},{"element-6066-11e4-a52e-4f735466cecf":"34d8cc33-169b-4100-b3d7-a9038a47120a"},{"element-6066-11e4-a52e-4f735466cecf":"b7f2fe92-af08-49ce-a4bb-f2e724ecc265"},{"element-6066-11e4-a52e-4f735466cecf":"d4327912-d0a7-4a8a-a80a-1270e99a62c6"},{"element-6066-11e4-a52e-4f735466cecf":"4358a513-ab3c-4d0d-94bc-5dd11654bc0a"},{"element-6066-11e4-a52e-4f735466cecf":"f9ce40d7-5481-4525-86e8-468233ce899d"},{"element-6066-11e4-a52e-4f735466cecf":"620c3baa-16f6-4c4a-80df-68ad60f22413"},{"element-6066-11e4-a52e-4f735466cecf":"118292c9-43e4-4fed-b24a-2129ce3274dd"},{"element-6066-11e4-a52e-4f735466cecf":"940ce3d5-8dab-4605-9270-03102aeb77c2"},{"element-6066-11e4-a52e-4f735466cecf":"72f0cf1e-4a17-40a7-b19f-389ab3fbdb0e"},{"element-6066-11e4-a52e-4f735466cecf":"3ef16aef-d84e-461d-a46a-d5713d73d54a"},{"element-6066-11e4-a52e-4f735466cecf":"77db4e88-8d95-470e-984c-ce8e6998bf22"},{"element-6066-11e4-a52e-4f735466cecf":"d567ee21-0887-4158-bf1e-951bbb732aa8"},{"element-6066-11e4-a52e-4f735466cecf":"434f97a5-9509-4e39-bf52-df483cc48f22"},{"element-6066-11e4-a52e-4f735466cecf":"6405e692-2669-4b0b-882c-8b8e6709bd82"},{"element-6066-11e4-a52e-4f735466cecf":"44380931-87e6-4a4a-a9ab-102c241dec95"},{"element-6066-11e4-a52e-4f735466cecf":"3ba7bc7f-ae69-481f-ae80-180bc01a0d66"},{"element-6066-11e4-a52e-4f735466cecf":"5ade443f-d0e8-48b0-9272-b8e5094e498f"},{"element-6066-11e4-a52e-4f735466cecf":"b009b4be-cd7b-4917-8764-3365ae7b340f"},{"element-6066-11e4-a52e-4f735466cecf":"843f4eab-d5bf-40a7-882c-0ff8f487c43d"},{"element-6066-11e4-a52e-4f735466cecf":"7d0e68e5-6876-4c2e-8317-90930b6c0f6c"},{"element-6066-11e4-a52e-4f735466cecf":"affb291b-2978-4693-a76c-6be76d65bfd9"},{"element-6066-11e4-a52e-4f735466cecf":"2def7df3-77f0-4467-8929-7b42499cfda4"},{"element-6066-11e4-a52e-4f735466cecf":"a7635cba-d469-4fb3-bb5d-a7be59409101"},{"element-6066-11e4-a52e-4f735466cecf":"2e9aeb71-0ae8-48a2-a760-1f9f7a3fd0e6"},{"element-6066-11e4-a52e-4f735466cecf":"674dbb5d-5c96-4987-bbfe-ddf0adecfdc8"},{"element-6066-11e4-a52e-4f735466cecf":"15cd0743-5ca6-43c3-baa8-b98ad3d5703b"},{"element-6066-11e4-a52e-4f735466cecf":"5c4c143d-c4f3-4e61-b5c3-da947333b380"},{"element-6066-11e4-a52e-4f735466cecf":"1bf4ad1b-ec3c-421a-a3e1-67d7f7fa4703"},{"element-6066-11e4-a52e-4f735466cecf":"ea157f92-9663-4225-a348-880e83a8f01f"},{"element-6066-11e4-a52e-4f735466cecf":"5769924b-be15-4f07-ab2c-72609fbbaa8f"},{"element-6066-11e4-a52e-4f735466cecf":"0378e276-d740-403f-8206-e1f05cc2ddbe"},{"element-6066-11e4-a52e-4f735466cecf":"088260ba-3ebf-44e4-a86a-d9b0623bb6d9"},{"element-6066-11e4-a52e-4f735466cecf":"6da91c8b-6211-43f6-9fd8-714ab6515f8e"},{"element-6066-11e4-a52e-4f735466cecf":"d0a69971-b4a6-4cf2-a331-a4e955367141"},{"element-6066-11e4-a52e-4f735466cecf":"2a573730-505b-42e9-9d4a-7b32a047841f"},{"element-6066-11e4-a52e-4f735466cecf":"fca901e1-bce2-499c-a8e5-77675753cea7"},{"element-6066-11e4-a52e-4f735466cecf":"b1088912-9141-4549-b0b3-969985443c85"},{"element-6066-11e4-a52e-4f735466cecf":"9ce5130e-00fb-4a64-919b-05dd5e41360f"},{"element-6066-11e4-a52e-4f735466cecf":"33c21288-83ba-41bc-9827-e852f957a7c0"},{"element-6066-11e4-a52e-4f735466cecf":"481a163a-51e1-4e9d-8463-ee16255c30e4"},{"element-6066-11e4-a52e-4f735466cecf":"c0e2aa1b-d821-44fd-9e33-f525acb88701"},{"element-6066-11e4-a52e-4f735466cecf":"300a1317-cef0-4816-8e06-4f4704ac4802"},{"element-6066-11e4-a52e-4f735466cecf":"25dfe622-4776-446d-ad0b-b03eb934802b"},{"element-6066-11e4-a52e-4f735466cecf":"ea7e1419-ba55-4d49-bb07-dcb2c3d06d1c"},{"element-6066-11e4-a52e-4f735466cecf":"e8994bd4-5024-41e3-b60a-56e6b7ca750e"},{"element-6066-11e4-a52e-4f735466cecf":"dabe5677-e462-4690-a5d0-23a1683e9f4e"},{"element-6066-11e4-a52e-4f735466cecf":"f1292dcd-2cb7-49dc-a12e-8d90be56b9cc"},{"element-6066-11e4-a52e-4f735466cecf":"ea4465c9-fa84-45bb-a8c8-b14e85eb6a02"},{"element-6066-11e4-a52e-4f735466cecf":"e2d97fcd-b1e2-4a81-ab53-48aaff00da89"},{"element-6066-11e4-a52e-4f735466cecf":"da056395-1517-486d-a2a7-5ea12945f0ca"},{"element-6066-11e4-a52e-4f735466cecf":"e1fcbbe0-a589-45b0-a85f-d393a181d766"},{"element-6066-11e4-a52e-4f735466cecf":"0816078c-caf6-4a68-9370-3ea324f12996"},{"element-6066-11e4-a52e-4f735466cecf":"34fb94ef-3ccd-434f-b474-d2f9dc63a65b"},{"element-6066-11e4-a52e-4f735466cecf":"62c84a8c-d216-4cf7-b67f-bb06aa4adb3d"},{"element-6066-11e4-a52e-4f735466cecf":"f3c91c49-d8fe-43ee-a509-4512a4f2aa7b"},{"element-6066-11e4-a52e-4f735466cecf":"625f8200-7dfa-4fd0-b29d-1228dd22b457"},{"element-6066-11e4-a52e-4f735466cecf":"a4f54fe8-ebba-41a6-a7a5-568d55c9d9a9"},{"element-6066-11e4-a52e-4f735466cecf":"b7475c1f-460e-4d4a-8b27-636893a008f3"},{"element-6066-11e4-a52e-4f735466cecf":"67bccf0d-c555-4e35-ab37-5d75a9fbff98"},{"element-6066-11e4-a52e-4f735466cecf":"09690114-dcf3-4422-8e0f-67b6e1029ceb"},{"element-6066-11e4-a52e-4f735466cecf":"21c7068c-a47c-47d4-a892-44fedbd9493e"},{"element-6066-11e4-a52e-4f735466cecf":"9fe9080e-e56d-457b-9308-9646333a48df"},{"element-6066-11e4-a52e-4f735466cecf":"94fc971f-e7b4-4e69-839b-8ffdac7ba03b"},{"element-6066-11e4-a52e-4f735466cecf":"5e9130bb-0ad8-48a1-bb98-13a4dd61ee67"},{"element-6066-11e4-a52e-4f735466cecf":"f6545747-1f2a-4a3e-934e-39bd01b77282"},{"element-6066-11e4-a52e-4f735466cecf":"595cf933-20d6-4aa9-b080-aac1e5d3eb36"},{"element-6066-11e4-a52e-4f735466cecf":"a5088c8e-077e-4bbe-a364-1a91435b287d"},{"element-6066-11e4-a52e-4f735466cecf":"be9bbfd9-a493-4540-9b00-8ea71d4042ac"},{"element-6066-11e4-a52e-4f735466cecf":"e9608c25-2784-4a4b-8a91-187e21ac4e1e"},{"element-6066-11e4-a52e-4f735466cecf":"87eb6eb9-4f87-419e-89bf-7a2664d870a4"},{"element-6066-11e4-a52e-4f735466cecf":"d5cd4f87-7314-4080-a4aa-aeb2147a1ee7"},{"element-6066-11e4-a52e-4f735466cecf":"76ee1785-ac05-4ebb-a15a-f897eaa6e1c8"},{"element-6066-11e4-a52e-4f735466cecf":"3d6493e1-1e86-4f41-9de4-322b140cf00b"},{"element-6066-11e4-a52e-4f735466cecf":"396bf4ef-6e77-49cd-bb97-48bdc74c4b9a"},{"element-6066-11e4-a52e-4f735466cecf":"ccbac648-b48e-4a4a-ae75-5553a9ca206a"},{"element-6066-11e4-a52e-4f735466cecf":"70512026-a10a-46dc-9cfe-ee08e618d4d7"},{"element-6066-11e4-a52e-4f735466cecf":"f5ea2abe-a8d8-4b69-8af7-390ed1cf8a22"},{"element-6066-11e4-a52e-4f735466cecf":"f4d23278-a8c4-4d53-944d-31536462efae"},{"element-6066-11e4-a52e-4f735466cecf":"74bb38f2-4216-4ff6-bf75-1fe5a79dd8f0"},{"element-6066-11e4-a52e-4f735466cecf":"3c9792d6-b45f-4a8b-b0bf-4c74ba75e1a7"},{"element-6066-11e4-a52e-4f735466cecf":"1dc98298-9f59-4e0a-b8f3-b45339ff481a"},{"element-6066-11e4-a52e-4f735466cecf":"22d37f52-fa3d-4d51-94f2-501e25cc6249"},{"element-6066-11e4-a52e-4f735466cecf":"d52dbd8c-598d-4d8a-97cb-0438169cba7c"},{"element-6066-11e4-a52e-4f735466cecf":"78c72239-3d1e-43b4-b67f-c5eaa07b1432"},{"element-6066-11e4-a52e-4f735466cecf":"a76cf6ef-d499-4b4c-9a85-1f055dc669e4"},{"element-6066-11e4-a52e-4f735466cecf":"cbfedcf2-9f91-4615-8e45-b33bdced13aa"},{"element-6066-11e4-a52e-4f735466cecf":"ccc956e4-fbd6-4dc8-8c02-31f4d5eedff7"},{"element-6066-11e4-a52e-4f735466cecf":"97bd48df-ce3c-49b9-9fa6-ba8fe84699c5"},{"element-6066-11e4-a52e-4f735466cecf":"46a913bc-a081-4e76-8b1e-771698b0c29d"},{"element-6066-11e4-a52e-4f735466cecf":"2749775d-ef55-4c0a-9a5e-217c785599ba"},{"element-6066-11e4-a52e-4f735466cecf":"03e7a329-e194-4528-8408-7531a8e83d6f"},{"element-6066-11e4-a52e-4f735466cecf":"b2adb652-32d5-41f6-8db5-9ff463141cb2"},{"element-6066-11e4-a52e-4f735466cecf":"0a18d1ef-583c-4e94-9b3b-7d7ca3b9b6d8"},{"element-6066-11e4-a52e-4f735466cecf":"8e845b6c-5c6f-4fb8-bc7e-5cddc0fb5562"},{"element-6066-11e4-a52e-4f735466cecf":"cd6cc54a-9b49-4d89-afac-b6652c89fa86"},{"element-6066-11e4-a52e-4f735466cecf":"9d9ce3bb-2136-41d8-9534-72609ff32ae6"},{"element-6066-11e4-a52e-4f735466cecf":"6e51894f-03e4-4d2b-bfab-96292e85e894"},{"element-6066-11e4-a52e-4f735466cecf":"70a8180e-4e2a-4884-98c1-1d751de86031"},{"element-6066-11e4-a52e-4f735466cecf":"b99750a8-1494-44e8-a85d-37293df41773"},{"element-6066-11e4-a52e-4f735466cecf":"91f6f485-f7a7-48e3-bcc8-fd2c9caa4cbf"},{"element-6066-11e4-a52e-4f735466cecf":"331bca41-3b80-4aef-bc2b-6bcafa986722"},{"element-6066-11e4-a52e-4f735466cecf":"1b6c40f0-1a51-4dcf-b929-f0ef67ca1b1d"},{"element-6066-11e4-a52e-4f735466cecf":"a46baf66-6cc9-4253-9cc3-6da5dc6da7de"},{"element-6066-11e4-a52e-4f735466cecf":"0ea1ed53-46ac-4b6a-94b4-5cb50a79de70"},{"element-6066-11e4-a52e-4f735466cecf":"ad578ef3-2be3-41f2-a337-bf6e4dfddf93"},{"element-6066-11e4-a52e-4f735466cecf":"6f423e49-489b-4369-8833-1fef0129e68c"},{"element-6066-11e4-a52e-4f735466cecf":"da8cf3ba-b256-4c77-94a9-f37a3fcbb383"},{"element-6066-11e4-a52e-4f735466cecf":"a56b6011-dc01-477f-acef-51e9aec91d17"},{"element-6066-11e4-a52e-4f735466cecf":"c7e83927-6b90-4ae8-892c-5e04ad20489b"},{"element-6066-11e4-a52e-4f735466cecf":"9102f0e3-7e54-43b0-8dc8-3a4e5ced1973"},{"element-6066-11e4-a52e-4f735466cecf":"87314382-5432-45e1-94d7-2d4257d2697b"},{"element-6066-11e4-a52e-4f735466cecf":"ef21aae8-d643-4400-bea9-3401420cca14"},{"element-6066-11e4-a52e-4f735466cecf":"7d84fb8d-9266-4c46-a959-c7806ed253e1"},{"element-6066-11e4-a52e-4f735466cecf":"cf37d150-e252-43c5-a273-75bb06a15904"},{"element-6066-11e4-a52e-4f735466cecf":"75c4fcab-98e8-430a-bb23-91da72f80744"},{"element-6066-11e4-a52e-4f735466cecf":"50c47c76-3a0e-44fd-9dde-7af0a2a3fdef"},{"element-6066-11e4-a52e-4f735466cecf":"83176979-fb12-4ce2-bc63-58b458bf1560"},{"element-6066-11e4-a52e-4f735466cecf":"31c656cb-2c20-4aea-bc48-4dd9b4f5b710"},{"element-6066-11e4-a52e-4f735466cecf":"c67d006b-534a-4d1e-9ad5-76759ba22793"},{"element-6066-11e4-a52e-4f735466cecf":"bcec36a8-8934-4316-8605-498cb2c863c4"},{"element-6066-11e4-a52e-4f735466cecf":"94d15318-e44a-4534-b740-3ec8589b9a6f"},{"element-6066-11e4-a52e-4f735466cecf":"a84f20ed-00b0-4895-82b0-e434a5f3aede"},{"element-6066-11e4-a52e-4f735466cecf":"634830d5-8782-4522-97d2-a20ef43a88ef"},{"element-6066-11e4-a52e-4f735466cecf":"5321b806-d307-4a09-8127-67cb0556d7fd"},{"element-6066-11e4-a52e-4f735466cecf":"3275e7d1-963d-4289-947c-d6c39578530f"},{"element-6066-11e4-a52e-4f735466cecf":"3f4a4ef5-4fed-4370-8ec5-8fe83007c46c"},{"element-6066-11e4-a52e-4f735466cecf":"094be402-3135-4780-8aa2-f83b821854c1"},{"element-6066-11e4-a52e-4f735466cecf":"8e095336-50ce-4418-88eb-057c126245e7"},{"element-6066-11e4-a52e-4f735466cecf":"1b259d4c-d8c5-42c1-ba18-49e967d2bcfd"},{"element-6066-11e4-a52e-4f735466cecf":"44ced2b3-1971-42bf-8474-64e0f33048a9"},{"element-6066-11e4-a52e-4f735466cecf":"82f9df57-fed5-4b75-bcfb-a0d60578ea78"},{"element-6066-11e4-a52e-4f735466cecf":"c65e524a-8da3-4a67-8799-e6ae33c82bd4"},{"element-6066-11e4-a52e-4f735466cecf":"3551081e-9ff5-49e2-ad99-a036cd244eef"},{"element-6066-11e4-a52e-4f735466cecf":"1ff3abf8-472a-40de-866e-dbc859772b4a"},{"element-6066-11e4-a52e-4f735466cecf":"aae8875c-b62d-45af-9a1f-239c1f15e365"},{"element-6066-11e4-a52e-4f735466cecf":"d5e38a68-4aba-4c0e-a9a3-163db6838687"},{"element-6066-11e4-a52e-4f735466cecf":"ef0cde4f-4cb1-4f48-98d7-ca588793c4f0"},{"element-6066-11e4-a52e-4f735466cecf":"693a5100-ea23-427e-80f5-6f5463aa891b"},{"element-6066-11e4-a52e-4f735466cecf":"d4b9fcb0-3e3f-4c7f-b24d-eb8fc77c5344"},{"element-6066-11e4-a52e-4f735466cecf":"a37ca607-c472-4b0b-abcd-55e4e157e9af"},{"element-6066-11e4-a52e-4f735466cecf":"70190ace-8873-45d9-8415-6f402b1ec00e"},{"element-6066-11e4-a52e-4f735466cecf":"8b9d7946-392c-4d96-a2a2-94551ed5c751"},{"element-6066-11e4-a52e-4f735466cecf":"eb12eb4d-fbbd-4355-9b9e-868cfe85a1aa"},{"element-6066-11e4-a52e-4f735466cecf":"575aa915-1a87-472e-82dc-594456f5dda6"},{"element-6066-11e4-a52e-4f735466cecf":"fd6c2516-aa32-4240-8d51-3f6fd5395028"},{"element-6066-11e4-a52e-4f735466cecf":"cb36cd16-5004-44d9-98f6-cccfff7072bc"},{"element-6066-11e4-a52e-4f735466cecf":"572116bb-0015-4f16-a3bf-d70a230b5a19"},{"element-6066-11e4-a52e-4f735466cecf":"b6dcaa41-171c-4795-bcec-e006b1654d62"},{"element-6066-11e4-a52e-4f735466cecf":"a6687bfc-8c89-4538-a5e8-9777ad5c9c36"},{"element-6066-11e4-a52e-4f735466cecf":"673acf38-e491-4869-865a-2ab58a0dedd4"},{"element-6066-11e4-a52e-4f735466cecf":"698e2411-c307-4050-a5fa-e8d5c0b0d98a"},{"element-6066-11e4-a52e-4f735466cecf":"208f4563-ec07-4aa2-8067-95ed28ce2aa6"},{"element-6066-11e4-a52e-4f735466cecf":"0c8d5284-d452-447c-9275-6e05c5fc54af"},{"element-6066-11e4-a52e-4f735466cecf":"a5fac76f-8f9e-4f2e-a94b-b020597d36e8"},{"element-6066-11e4-a52e-4f735466cecf":"56210f3e-8b69-4ea7-bf4d-bca148d6922f"},{"element-6066-11e4-a52e-4f735466cecf":"3259bd2e-2325-4b23-a721-09ca229310fb"},{"element-6066-11e4-a52e-4f735466cecf":"7fb1c038-9cfe-4abc-8543-a1656a5e5abc"},{"element-6066-11e4-a52e-4f735466cecf":"21b4fdde-2adf-4ea6-9551-97857c15a7da"},{"element-6066-11e4-a52e-4f735466cecf":"44458343-bf63-4079-a5b3-2400e5f99831"},{"element-6066-11e4-a52e-4f735466cecf":"321db438-6ad5-450a-b39e-8526f10538f6"},{"element-6066-11e4-a52e-4f735466cecf":"3dd49200-0141-4ee7-909b-ea53b82e6c06"},{"element-6066-11e4-a52e-4f735466cecf":"d235f24c-2dbc-4302-8c6a-a7cc43a216e3"},{"element-6066-11e4-a52e-4f735466cecf":"4256cfa3-e6f3-4bcd-a00f-57332b43deb3"},{"element-6066-11e4-a52e-4f735466cecf":"d52a7c61-9732-49f5-96f0-79768c45aee9"},{"element-6066-11e4-a52e-4f735466cecf":"a492c9cb-3e93-4e13-b012-dedd072485f5"},{"element-6066-11e4-a52e-4f735466cecf":"1296956b-1c6c-48a0-9ac6-b8b5740d754d"},{"element-6066-11e4-a52e-4f735466cecf":"d0644573-c17b-4209-97c3-3b0377e284c2"},{"element-6066-11e4-a52e-4f735466cecf":"4732ff5e-8ee6-47ff-a229-07d1b7cd925a"},{"element-6066-11e4-a52e-4f735466cecf":"083b3f63-c690-4a8b-84e3-017ce627d4f1"},{"element-6066-11e4-a52e-4f735466cecf":"e14ecf31-656f-486e-8ed4-ca3307db122e"},{"element-6066-11e4-a52e-4f735466cecf":"bebba01f-baa0-4b8e-875b-39ea688d636b"},{"element-6066-11e4-a52e-4f735466cecf":"b131857e-12f8-439a-99e5-f8b521f8d346"},{"element-6066-11e4-a52e-4f735466cecf":"21e0f9ef-f9d5-4aaa-a9db-c67e3aa4dda6"},{"element-6066-11e4-a52e-4f735466cecf":"db8ef883-47df-40d7-a412-5749257f9779"},{"element-6066-11e4-a52e-4f735466cecf":"845c45f1-4529-4bbc-a292-4a5c2a64ff71"},{"element-6066-11e4-a52e-4f735466cecf":"354854cd-a45c-4603-b13b-d175b29f4a47"},{"element-6066-11e4-a52e-4f735466cecf":"4909f9ce-c94c-49be-a70a-0d89e5bc3548"},{"element-6066-11e4-a52e-4f735466cecf":"f45049e1-d34e-4625-b014-56590f2bfce8"},{"element-6066-11e4-a52e-4f735466cecf":"0ce33389-c52a-4ba7-b2b0-879af90b4fe3"},{"element-6066-11e4-a52e-4f735466cecf":"6fc668a5-d6de-419a-bd85-c49cbbd6c671"},{"element-6066-11e4-a52e-4f735466cecf":"dcd6e155-9808-4780-b509-ee8696b29763"},{"element-6066-11e4-a52e-4f735466cecf":"e30e7507-2779-4f7b-9cf5-f53859ecf81b"},{"element-6066-11e4-a52e-4f735466cecf":"26f164db-f517-4f39-b3ed-7a14be9f5072"},{"element-6066-11e4-a52e-4f735466cecf":"52ec3465-150c-4f84-8f21-31b530f81d87"},{"element-6066-11e4-a52e-4f735466cecf":"844f4dcf-9aa9-41e2-804e-69c5cae7ac4a"},{"element-6066-11e4-a52e-4f735466cecf":"d29c13ef-7b1c-4cb8-8eb7-7b9d2cb480ed"},{"element-6066-11e4-a52e-4f735466cecf":"6522361c-6a2a-4eb2-895f-e18b5fbd8e58"},{"element-6066-11e4-a52e-4f735466cecf":"ff1d1d2a-47d6-4af7-bdb0-76b35a4a8c4c"},{"element-6066-11e4-a52e-4f735466cecf":"915be100-043a-4162-8851-6dc618093629"},{"element-6066-11e4-a52e-4f735466cecf":"ffbe647f-d9df-4e9e-bdeb-ceced8dea9ea"},{"element-6066-11e4-a52e-4f735466cecf":"bdd0ba62-adfb-421b-a67d-1b18dc4ff2a6"},{"element-6066-11e4-a52e-4f735466cecf":"e37ccce7-360c-4bae-b2f8-b7022379ad12"},{"element-6066-11e4-a52e-4f735466cecf":"cbdba3bc-713e-4d4a-9d71-52891f5df918"},{"element-6066-11e4-a52e-4f735466cecf":"4feb83a6-c68d-4303-925f-9fd6f7bdafdd"},{"element-6066-11e4-a52e-4f735466cecf":"3021edb2-d510-4dc0-9b6e-af2685119b29"},{"element-6066-11e4-a52e-4f735466cecf":"5d184bea-f78a-49c5-9aa2-80da3b24f1c6"},{"element-6066-11e4-a52e-4f735466cecf":"6001a435-cde6-480d-852a-6284a67c6226"},{"element-6066-11e4-a52e-4f735466cecf":"d9fcaa96-9c28-44f2-a1cd-25b78a47b7b5"},{"element-6066-11e4-a52e-4f735466cecf":"37164c7b-250f-4597-aaef-3dbbf1d0b61f"},{"element-6066-11e4-a52e-4f735466cecf":"68d03841-d366-4dca-9b6a-24d8d9ef60a6"},{"element-6066-11e4-a52e-4f735466cecf":"764f1652-2901-47cf-be3b-47d1461aa7a3"},{"element-6066-11e4-a52e-4f735466cecf":"6e42bed1-2883-4a0a-b571-c988cbe5d40d"},{"element-6066-11e4-a52e-4f735466cecf":"2d57e039-5c76-4b3d-9eaf-dd78c6d93cb4"},{"element-6066-11e4-a52e-4f735466cecf":"05b6edab-b1a9-40e9-b5ce-9e3157703f46"},{"element-6066-11e4-a52e-4f735466cecf":"62993d7f-f163-4f5f-8220-3a8aca71c922"},{"element-6066-11e4-a52e-4f735466cecf":"807694a1-d196-4fb1-bf68-e1f2f0149aaa"},{"element-6066-11e4-a52e-4f735466cecf":"45197f0e-632f-480f-a20e-7be71dc44824"},{"element-6066-11e4-a52e-4f735466cecf":"76da861f-7a9c-4c99-99b7-3fc3063ee586"},{"element-6066-11e4-a52e-4f735466cecf":"04cfd792-4f6f-42ef-aa7b-26054c478502"},{"element-6066-11e4-a52e-4f735466cecf":"f9b5c591-9d78-448e-94c4-a2b3815b5ccd"},{"element-6066-11e4-a52e-4f735466cecf":"dea62112-ece3-4c4e-b577-642c24944253"},{"element-6066-11e4-a52e-4f735466cecf":"884e7eef-8000-4e37-9d38-edb40f2a6403"},{"element-6066-11e4-a52e-4f735466cecf":"1c9a24e9-2a2b-42cd-ac6e-910c2d6b1cec"},{"element-6066-11e4-a52e-4f735466cecf":"3acab878-9f10-4ef7-8cf1-4401034a65ad"},{"element-6066-11e4-a52e-4f735466cecf":"cd0e9ead-f610-4d01-bdbd-931575774291"},{"element-6066-11e4-a52e-4f735466cecf":"ae4bceac-b6b0-48d6-93d7-5dd0d018a292"},{"element-6066-11e4-a52e-4f735466cecf":"bfe6b187-2d73-4278-86cd-c1cfff8e2079"},{"element-6066-11e4-a52e-4f735466cecf":"0b19d300-b84d-4e58-80b1-26a24dcba453"},{"element-6066-11e4-a52e-4f735466cecf":"fc189ea3-4d99-4468-ab39-7c3b9df3a7aa"},{"element-6066-11e4-a52e-4f735466cecf":"5a8848c0-a70a-4de0-9fe8-5a6523ce24c2"},{"element-6066-11e4-a52e-4f735466cecf":"d534df72-42e2-4f7c-be82-f3533a7a618f"},{"element-6066-11e4-a52e-4f735466cecf":"ba3add25-7c3c-4958-b887-1b7e0e3d6677"},{"element-6066-11e4-a52e-4f735466cecf":"3d04e4c0-17ae-4be9-bfc7-b1f8d6467460"},{"element-6066-11e4-a52e-4f735466cecf":"de5b7a31-22e0-4f84-a084-5b65e3ad4388"},{"element-6066-11e4-a52e-4f735466cecf":"2e56c97a-dca0-42b3-b304-3b9e1ff0e682"},{"element-6066-11e4-a52e-4f735466cecf":"eafb7b02-0d91-4f9a-8b99-c7a1954148c4"},{"element-6066-11e4-a52e-4f735466cecf":"56a59c65-e193-4816-93b1-cc31ad911533"},{"element-6066-11e4-a52e-4f735466cecf":"be3d52b5-d51f-43ee-8233-25c7fc28235c"},{"element-6066-11e4-a52e-4f735466cecf":"24616467-02ce-4ded-80e5-413979a8031c"},{"element-6066-11e4-a52e-4f735466cecf":"f40ce845-0193-4ac6-aade-12627873d891"},{"element-6066-11e4-a52e-4f735466cecf":"31fa4d6f-e8d8-4c28-9982-dd9c11c2303f"},{"element-6066-11e4-a52e-4f735466cecf":"7778e287-a591-4478-8945-7e40d41e49c6"},{"element-6066-11e4-a52e-4f735466cecf":"bcbc91d4-e694-4e8d-8356-e425f8d46965"},{"element-6066-11e4-a52e-4f735466cecf":"871c5d7f-84da-41bd-b6c3-cd8fea5d64f7"},{"element-6066-11e4-a52e-4f735466cecf":"61d96c34-65d8-4cbf-8c17-df69f70c30de"},{"element-6066-11e4-a52e-4f735466cecf":"6c7c0021-8138-4a71-a814-02f3869c4f05"},{"element-6066-11e4-a52e-4f735466cecf":"e608ba20-f98d-4f18-be8b-4ee711215b38"},{"element-6066-11e4-a52e-4f735466cecf":"fc2cfec7-f27f-424c-ace7-1664a812f0f9"},{"element-6066-11e4-a52e-4f735466cecf":"1f266d83-d8dd-45d6-a6dd-60a5ed6e65bc"},{"element-6066-11e4-a52e-4f735466cecf":"e3e10882-935c-4293-a9ed-e4e629ad6d21"},{"element-6066-11e4-a52e-4f735466cecf":"d73f4343-1520-44c7-898e-4e26d49b3135"},{"element-6066-11e4-a52e-4f735466cecf":"182b116b-27c0-425c-999e-054ec89962e4"},{"element-6066-11e4-a52e-4f735466cecf":"5dfa640e-d20c-43d2-84b0-d0ec015a404d"},{"element-6066-11e4-a52e-4f735466cecf":"d3afb0dd-0794-4171-8f8c-4cb2ac8b73c7"},{"element-6066-11e4-a52e-4f735466cecf":"de71cf33-75bd-4ce3-92a9-393b979b05f0"},{"element-6066-11e4-a52e-4f735466cecf":"6a3e8033-c7de-4826-aa17-dedbc8b386a3"},{"element-6066-11e4-a52e-4f735466cecf":"bb9f63e4-fb82-4a5c-9cdb-6fedade0ba78"},{"element-6066-11e4-a52e-4f735466cecf":"df0d2aea-8c13-400d-85ba-2ec089c5c0d3"},{"element-6066-11e4-a52e-4f735466cecf":"0d927853-d694-404f-9d48-19b72fa513ba"},{"element-6066-11e4-a52e-4f735466cecf":"6251a495-6d36-4ae5-9eb5-67706591099e"},{"element-6066-11e4-a52e-4f735466cecf":"afb5a750-af4f-4c0c-af88-309e25f3fa3a"},{"element-6066-11e4-a52e-4f735466cecf":"67b1da97-c5a6-44de-936a-5b5450ac03cb"},{"element-6066-11e4-a52e-4f735466cecf":"7458cd3d-7abf-455b-bcd6-52ae66acadc5"},{"element-6066-11e4-a52e-4f735466cecf":"c2f07a0a-fe01-4f22-a84b-a7add477079b"},{"element-6066-11e4-a52e-4f735466cecf":"c439b1cd-7082-4c78-998b-47efed010e19"},{"element-6066-11e4-a52e-4f735466cecf":"50d031bd-d46a-4034-af55-c9901116127b"},{"element-6066-11e4-a52e-4f735466cecf":"6cb095f1-190b-4ed1-a8db-5318a3a6f4fc"},{"element-6066-11e4-a52e-4f735466cecf":"9f631155-99fe-4602-915f-b0c1d4c6d0ef"},{"element-6066-11e4-a52e-4f735466cecf":"3e58c6ed-38c9-4b19-97eb-d208b0c2b550"},{"element-6066-11e4-a52e-4f735466cecf":"495326eb-337f-4b15-90fa-4ab6533b6618"},{"element-6066-11e4-a52e-4f735466cecf":"715e9400-43a1-4e9c-85c3-a35fbc2e4500"},{"element-6066-11e4-a52e-4f735466cecf":"a57e517b-a6e5-4465-b348-d2ee59aa5724"},{"element-6066-11e4-a52e-4f735466cecf":"d84c8303-76d9-4774-9d63-412956bcfa72"},{"element-6066-11e4-a52e-4f735466cecf":"dee00abd-c136-45ac-afd0-c04ac178f3e0"},{"element-6066-11e4-a52e-4f735466cecf":"853855df-e151-4ec1-a67c-9beb7bda5f3c"},{"element-6066-11e4-a52e-4f735466cecf":"d40e11f3-b9db-4860-b96a-0501d688624d"},{"element-6066-11e4-a52e-4f735466cecf":"9800dc1a-928a-4702-85bc-175029b72c74"},{"element-6066-11e4-a52e-4f735466cecf":"dc42ca58-120c-4d1c-a2da-2ce230ac142d"},{"element-6066-11e4-a52e-4f735466cecf":"709a7b9b-5f71-4bb7-b063-8c16dd406604"},{"element-6066-11e4-a52e-4f735466cecf":"26fd9b81-4be8-4c9a-a3bf-94446ad067f8"},{"element-6066-11e4-a52e-4f735466cecf":"46f3ece9-cd44-46ac-bbf8-1999119e316d"},{"element-6066-11e4-a52e-4f735466cecf":"7d47f160-ddb7-4fb0-b6db-e6cd5668cdf8"},{"element-6066-11e4-a52e-4f735466cecf":"1228dc9d-0b82-48ac-834f-8c232dbcd534"},{"element-6066-11e4-a52e-4f735466cecf":"30485784-16d8-42ec-8e6c-6663cb1d7c65"},{"element-6066-11e4-a52e-4f735466cecf":"9b81f43c-4e49-4255-b3cf-86f90e1f32c1"},{"element-6066-11e4-a52e-4f735466cecf":"c865020b-f768-4374-a461-3c67d88586f8"},{"element-6066-11e4-a52e-4f735466cecf":"45a8be9d-3718-4be6-9499-60238429cd0e"},{"element-6066-11e4-a52e-4f735466cecf":"67b04e9a-b202-412f-b729-5e8a583ccb8e"},{"element-6066-11e4-a52e-4f735466cecf":"a1714bd9-7379-4dc7-8524-399fcfda6a85"},{"element-6066-11e4-a52e-4f735466cecf":"4e38ee3c-ce30-4686-a6ea-3079af1261fb"},{"element-6066-11e4-a52e-4f735466cecf":"d2c6dd35-6685-4d86-a0b4-c26c4d6620c3"},{"element-6066-11e4-a52e-4f735466cecf":"c37179f2-010e-435c-ab2b-2440d14c2487"},{"element-6066-11e4-a52e-4f735466cecf":"474b5616-daa2-43dc-9d23-55b4eb696195"},{"element-6066-11e4-a52e-4f735466cecf":"71dabd14-50fc-48ac-a8ad-f5ee187b5b60"},{"element-6066-11e4-a52e-4f735466cecf":"6d4db658-1f01-4658-ba39-aaba5ab7a7b6"},{"element-6066-11e4-a52e-4f735466cecf":"72127719-5c9c-4c31-88ca-acecf999998c"},{"element-6066-11e4-a52e-4f735466cecf":"77a554ee-c753-490b-bf8e-75d755718a93"},{"element-6066-11e4-a52e-4f735466cecf":"1b0d3fd2-430c-4c7b-a740-ee59d2a26edf"},{"element-6066-11e4-a52e-4f735466cecf":"5e47338d-ad35-42f0-a88c-43bb54825a13"},{"element-6066-11e4-a52e-4f735466cecf":"624b3360-d61a-483d-a1cb-afc237799636"},{"element-6066-11e4-a52e-4f735466cecf":"33ecdfe6-504d-4e84-bcac-d254a7d38890"},{"element-6066-11e4-a52e-4f735466cecf":"5a22ea12-7fe7-44da-944c-ab9d954cc293"},{"element-6066-11e4-a52e-4f735466cecf":"78b997a5-2e49-4cb7-af34-7dfd9b323fc4"},{"element-6066-11e4-a52e-4f735466cecf":"37770f37-d934-42fa-ae10-33663866b71e"},{"element-6066-11e4-a52e-4f735466cecf":"7a0a7672-1379-427f-83de-cca48f52e550"},{"element-6066-11e4-a52e-4f735466cecf":"57d05f39-0b68-4fb3-af94-f745cfeb881a"},{"element-6066-11e4-a52e-4f735466cecf":"f1a367ad-6206-4fcb-b588-9ae22b01b80d"},{"element-6066-11e4-a52e-4f735466cecf":"4ba18e9f-8945-4966-a249-d9b4999fbcb7"},{"element-6066-11e4-a52e-4f735466cecf":"e3e49f4d-a0c8-4468-9e52-3db525dd3322"},{"element-6066-11e4-a52e-4f735466cecf":"8bf97415-d1ea-47b3-883b-da09d213003d"},{"element-6066-11e4-a52e-4f735466cecf":"a958c44a-2d59-484f-aa65-24b7b1e6813e"},{"element-6066-11e4-a52e-4f735466cecf":"f3115ce0-2806-4e81-b5ae-e2f781d1f764"},{"element-6066-11e4-a52e-4f735466cecf":"aa06f9c9-b610-4771-8acd-fc7d540cc3fc"},{"element-6066-11e4-a52e-4f735466cecf":"9fc95ba4-12c3-473b-b069-1a0c1a88f55e"},{"element-6066-11e4-a52e-4f735466cecf":"90c0238d-27d4-46a0-8912-59d224b8d9c8"},{"element-6066-11e4-a52e-4f735466cecf":"fb432fbb-c1e7-4066-8207-8049d0c68d96"},{"element-6066-11e4-a52e-4f735466cecf":"e52a2d06-9351-4fd2-9f5d-8c2615fffd5e"},{"element-6066-11e4-a52e-4f735466cecf":"ae3da8fc-8a3b-4573-894a-e9f353b8c9b8"},{"element-6066-11e4-a52e-4f735466cecf":"479451d9-a955-45c6-b6cc-41cca3dd9006"},{"element-6066-11e4-a52e-4f735466cecf":"ca2ce6d1-61f3-42db-b879-17887e1fa6b9"},{"element-6066-11e4-a52e-4f735466cecf":"6f947e1a-8f34-4d56-aa49-12ddfa092670"},{"element-6066-11e4-a52e-4f735466cecf":"c2cfad9c-5e5d-4949-b6af-e6bbfac9b994"},{"element-6066-11e4-a52e-4f735466cecf":"b2013ac0-2ea0-4d29-9dc8-896ec7fe850e"},{"element-6066-11e4-a52e-4f735466cecf":"b1775930-5ac3-474b-b377-b5cf2d0f4118"},{"element-6066-11e4-a52e-4f735466cecf":"2591a029-9f34-4d95-8db4-987a8e4ce58a"},{"element-6066-11e4-a52e-4f735466cecf":"f4745bd5-58ee-4acc-b398-3e2ed149303b"},{"element-6066-11e4-a52e-4f735466cecf":"d65197ef-8110-4933-bc99-ca3b9921fd0b"},{"element-6066-11e4-a52e-4f735466cecf":"a2e83b88-9535-4336-bfef-8ce18c6ffba1"},{"element-6066-11e4-a52e-4f735466cecf":"fcb0764d-5342-4974-a9f0-4bf299a29c43"},{"element-6066-11e4-a52e-4f735466cecf":"c684e82c-bdce-4487-b644-7a529655ff26"},{"element-6066-11e4-a52e-4f735466cecf":"564c0321-5e02-4a17-a21f-17540397a584"},{"element-6066-11e4-a52e-4f735466cecf":"6da909de-ca00-468f-abdd-ed6d3086a650"},{"element-6066-11e4-a52e-4f735466cecf":"cdd98259-5020-4328-8b45-e8b1444bd28b"},{"element-6066-11e4-a52e-4f735466cecf":"60aa97ee-427a-4dbd-a6a1-4c5980d529bb"},{"element-6066-11e4-a52e-4f735466cecf":"cdc41831-c043-4270-b978-00bed44f1775"},{"element-6066-11e4-a52e-4f735466cecf":"c018ea3e-e917-4cbf-b7d3-dc538602922c"},{"element-6066-11e4-a52e-4f735466cecf":"b4cbe58f-f030-4847-b604-7647f2519909"},{"element-6066-11e4-a52e-4f735466cecf":"499b6331-a9c8-4adf-9b33-ca700d5b84de"},{"element-6066-11e4-a52e-4f735466cecf":"75d05bf7-b94f-4f54-883e-c56c4988f531"},{"element-6066-11e4-a52e-4f735466cecf":"9dbbac7a-85d2-4974-aa89-94125c78cd35"},{"element-6066-11e4-a52e-4f735466cecf":"aadde91a-b045-4db9-8b2f-12da40bcba76"},{"element-6066-11e4-a52e-4f735466cecf":"23789255-13e7-49ba-98e4-d0ac7289221b"},{"element-6066-11e4-a52e-4f735466cecf":"8bf13490-55af-45c4-a1af-485499f31740"},{"element-6066-11e4-a52e-4f735466cecf":"a009889c-c247-43ee-a9f1-cdc3ccca3e0c"},{"element-6066-11e4-a52e-4f735466cecf":"a30da2f4-ad80-4a1f-953f-363b0a2a7c34"},{"element-6066-11e4-a52e-4f735466cecf":"e7f04828-1ee3-4139-8574-bee845bc6470"},{"element-6066-11e4-a52e-4f735466cecf":"518f6d60-0d5a-4215-8a02-3bb5e889aa00"},{"element-6066-11e4-a52e-4f735466cecf":"404688f4-0d07-49af-8ec5-3c72a4e30e50"},{"element-6066-11e4-a52e-4f735466cecf":"c0ea9399-116c-4535-af68-11040a77d891"},{"element-6066-11e4-a52e-4f735466cecf":"d60ab8ee-6333-4ba9-9588-a237eee8db06"},{"element-6066-11e4-a52e-4f735466cecf":"b05eef4c-ebaa-4006-b9f6-cb382a495b1f"},{"element-6066-11e4-a52e-4f735466cecf":"e7cd748f-65cc-4a61-bcdc-1945e0280411"},{"element-6066-11e4-a52e-4f735466cecf":"0aa68085-78cf-4cff-ae64-0c412520b702"},{"element-6066-11e4-a52e-4f735466cecf":"66ac59bc-1106-497a-b5f3-a68cbf9e655b"}]} | headers=HTTPHeaderDict({'Content-Length': '88412', 'Content-Type': 'application/json; charset=utf-8', 'cache-control': 'no-cache'})
DEBUG    2022-05-28 23:29:03 selenium.webdriver.remote.remote_connection::remote_connection.py:_request:412: Finished Request
INFO     2022-05-28 23:29:03 root::mod_common.py:is_element_exist:13: //span[@class='review_num ng-binding ng-hide' and @ng-show='restaurant.owner_reply_count > 0']엘리먼트가 존재합니다.
INFO     2022-05-28 23:29:03 root::func_item.py:item_reply_none:147: Pass : 사장님 댓글이 존재하지 않는 항목들이 정상적으로 노출되고 있습니다.
DEBUG    2022-05-28 23:29:03 selenium.webdriver.remote.remote_connection::remote_connection.py:_request:361: DELETE http://localhost:10730/session/16cf138cceba6defc4880a64346c04a5 {}
DEBUG    2022-05-28 23:29:03 urllib3.connectionpool::connectionpool.py:_make_request:456: http://localhost:10730 "DELETE /session/16cf138cceba6defc4880a64346c04a5 HTTP/1.1" 200 14
DEBUG    2022-05-28 23:29:03 selenium.webdriver.remote.remote_connection::remote_connection.py:_request:383: Remote response: status=200 | data={"value":null} | headers=HTTPHeaderDict({'Content-Length': '14', 'Content-Type': 'application/json; charset=utf-8', 'cache-control': 'no-cache'})
DEBUG    2022-05-28 23:29:03 selenium.webdriver.remote.remote_connection::remote_connection.py:_request:412: Finished Request
INFO     2022-05-28 23:29:05 WDM::logger.py:log:16: ====== WebDriver manager ======
INFO     2022-05-28 23:29:06 WDM::logger.py:log:16: Current google-chrome version is 102.0.5005
INFO     2022-05-28 23:29:06 WDM::logger.py:log:16: Get LATEST chromedriver version for 102.0.5005 google-chrome
DEBUG    2022-05-28 23:29:06 urllib3.connectionpool::connectionpool.py:_new_conn:1001: Starting new HTTPS connection (1): chromedriver.storage.googleapis.com:443
DEBUG    2022-05-28 23:29:06 urllib3.connectionpool::connectionpool.py:_make_request:456: https://chromedriver.storage.googleapis.com:443 "GET /LATEST_RELEASE_102.0.5005 HTTP/1.1" 200 13
INFO     2022-05-28 23:29:06 WDM::logger.py:log:16: Driver [C:\Users\teddy\.wdm\drivers\chromedriver\win32\102.0.5005.61\chromedriver.exe] found in cache
DEBUG    2022-05-28 23:29:07 selenium.webdriver.remote.remote_connection::remote_connection.py:_request:361: POST http://localhost:10820/session {"capabilities": {"firstMatch": [{}], "alwaysMatch": {"browserName": "chrome", "pageLoadStrategy": "normal", "goog:chromeOptions": {"extensions": [], "args": []}}}}
DEBUG    2022-05-28 23:29:07 urllib3.connectionpool::connectionpool.py:_new_conn:228: Starting new HTTP connection (1): localhost:10820
DEBUG    2022-05-28 23:29:08 urllib3.connectionpool::connectionpool.py:_make_request:456: http://localhost:10820 "POST /session HTTP/1.1" 200 789
DEBUG    2022-05-28 23:29:08 selenium.webdriver.remote.remote_connection::remote_connection.py:_request:383: Remote response: status=200 | data={"value":{"capabilities":{"acceptInsecureCerts":false,"browserName":"chrome","browserVersion":"102.0.5005.61","chrome":{"chromedriverVersion":"102.0.5005.61 (0e59bcc00cc4985ce39ad31c150065f159d95ad3-refs/branch-heads/5005@{#819})","userDataDir":"C:\\Users\\teddy\\AppData\\Local\\Temp\\scoped_dir84116_174129911"},"goog:chromeOptions":{"debuggerAddress":"localhost:10823"},"networkConnectionEnabled":false,"pageLoadStrategy":"normal","platformName":"windows","proxy":{},"setWindowRect":true,"strictFileInteractability":false,"timeouts":{"implicit":0,"pageLoad":300000,"script":30000},"unhandledPromptBehavior":"dismiss and notify","webauthn:extension:credBlob":true,"webauthn:extension:largeBlob":true,"webauthn:virtualAuthenticators":true},"sessionId":"1f3aaf98b1e6bfba1c3afb1de56835a9"}} | headers=HTTPHeaderDict({'Content-Length': '789', 'Content-Type': 'application/json; charset=utf-8', 'cache-control': 'no-cache'})
DEBUG    2022-05-28 23:29:08 selenium.webdriver.remote.remote_connection::remote_connection.py:_request:412: Finished Request
DEBUG    2022-05-28 23:29:08 selenium.webdriver.remote.remote_connection::remote_connection.py:_request:361: POST http://localhost:10820/session/1f3aaf98b1e6bfba1c3afb1de56835a9/window/maximize {}
DEBUG    2022-05-28 23:29:08 urllib3.connectionpool::connectionpool.py:_make_request:456: http://localhost:10820 "POST /session/1f3aaf98b1e6bfba1c3afb1de56835a9/window/maximize HTTP/1.1" 200 52
DEBUG    2022-05-28 23:29:08 selenium.webdriver.remote.remote_connection::remote_connection.py:_request:383: Remote response: status=200 | data={"value":{"height":1048,"width":1936,"x":-8,"y":-8}} | headers=HTTPHeaderDict({'Content-Length': '52', 'Content-Type': 'application/json; charset=utf-8', 'cache-control': 'no-cache'})
DEBUG    2022-05-28 23:29:08 selenium.webdriver.remote.remote_connection::remote_connection.py:_request:412: Finished Request
DEBUG    2022-05-28 23:29:08 selenium.webdriver.remote.remote_connection::remote_connection.py:_request:361: POST http://localhost:10820/session/1f3aaf98b1e6bfba1c3afb1de56835a9/timeouts {"implicit": 10000}
DEBUG    2022-05-28 23:29:08 urllib3.connectionpool::connectionpool.py:_make_request:456: http://localhost:10820 "POST /session/1f3aaf98b1e6bfba1c3afb1de56835a9/timeouts HTTP/1.1" 200 14
DEBUG    2022-05-28 23:29:08 selenium.webdriver.remote.remote_connection::remote_connection.py:_request:383: Remote response: status=200 | data={"value":null} | headers=HTTPHeaderDict({'Content-Length': '14', 'Content-Type': 'application/json; charset=utf-8', 'cache-control': 'no-cache'})
DEBUG    2022-05-28 23:29:08 selenium.webdriver.remote.remote_connection::remote_connection.py:_request:412: Finished Request
DEBUG    2022-05-28 23:29:08 selenium.webdriver.remote.remote_connection::remote_connection.py:_request:361: POST http://localhost:10820/session/1f3aaf98b1e6bfba1c3afb1de56835a9/url {"url": "https://www.yogiyo.co.kr/mobile/#/"}
DEBUG    2022-05-28 23:29:10 urllib3.connectionpool::connectionpool.py:_make_request:456: http://localhost:10820 "POST /session/1f3aaf98b1e6bfba1c3afb1de56835a9/url HTTP/1.1" 200 14
DEBUG    2022-05-28 23:29:10 selenium.webdriver.remote.remote_connection::remote_connection.py:_request:383: Remote response: status=200 | data={"value":null} | headers=HTTPHeaderDict({'Content-Length': '14', 'Content-Type': 'application/json; charset=utf-8', 'cache-control': 'no-cache'})
DEBUG    2022-05-28 23:29:10 selenium.webdriver.remote.remote_connection::remote_connection.py:_request:412: Finished Request
DEBUG    2022-05-28 23:29:11 selenium.webdriver.remote.remote_connection::remote_connection.py:_request:361: POST http://localhost:10820/session/1f3aaf98b1e6bfba1c3afb1de56835a9/element {"using": "xpath", "value": "//input[@name='address_input']"}
DEBUG    2022-05-28 23:29:11 urllib3.connectionpool::connectionpool.py:_make_request:456: http://localhost:10820 "POST /session/1f3aaf98b1e6bfba1c3afb1de56835a9/element HTTP/1.1" 200 88
DEBUG    2022-05-28 23:29:11 selenium.webdriver.remote.remote_connection::remote_connection.py:_request:383: Remote response: status=200 | data={"value":{"element-6066-11e4-a52e-4f735466cecf":"51c5bf17-6399-4acc-af32-e8bb1998c34a"}} | headers=HTTPHeaderDict({'Content-Length': '88', 'Content-Type': 'application/json; charset=utf-8', 'cache-control': 'no-cache'})
DEBUG    2022-05-28 23:29:11 selenium.webdriver.remote.remote_connection::remote_connection.py:_request:412: Finished Request
DEBUG    2022-05-28 23:29:11 selenium.webdriver.remote.remote_connection::remote_connection.py:_request:361: POST http://localhost:10820/session/1f3aaf98b1e6bfba1c3afb1de56835a9/element/51c5bf17-6399-4acc-af32-e8bb1998c34a/clear {"id": "51c5bf17-6399-4acc-af32-e8bb1998c34a"}
DEBUG    2022-05-28 23:29:11 urllib3.connectionpool::connectionpool.py:_make_request:456: http://localhost:10820 "POST /session/1f3aaf98b1e6bfba1c3afb1de56835a9/element/51c5bf17-6399-4acc-af32-e8bb1998c34a/clear HTTP/1.1" 200 14
DEBUG    2022-05-28 23:29:11 selenium.webdriver.remote.remote_connection::remote_connection.py:_request:383: Remote response: status=200 | data={"value":null} | headers=HTTPHeaderDict({'Content-Length': '14', 'Content-Type': 'application/json; charset=utf-8', 'cache-control': 'no-cache'})
DEBUG    2022-05-28 23:29:11 selenium.webdriver.remote.remote_connection::remote_connection.py:_request:412: Finished Request
DEBUG    2022-05-28 23:29:11 selenium.webdriver.remote.remote_connection::remote_connection.py:_request:361: POST http://localhost:10820/session/1f3aaf98b1e6bfba1c3afb1de56835a9/element {"using": "xpath", "value": "//input[@name='address_input']"}
DEBUG    2022-05-28 23:29:11 urllib3.connectionpool::connectionpool.py:_make_request:456: http://localhost:10820 "POST /session/1f3aaf98b1e6bfba1c3afb1de56835a9/element HTTP/1.1" 200 88
DEBUG    2022-05-28 23:29:11 selenium.webdriver.remote.remote_connection::remote_connection.py:_request:383: Remote response: status=200 | data={"value":{"element-6066-11e4-a52e-4f735466cecf":"51c5bf17-6399-4acc-af32-e8bb1998c34a"}} | headers=HTTPHeaderDict({'Content-Length': '88', 'Content-Type': 'application/json; charset=utf-8', 'cache-control': 'no-cache'})
DEBUG    2022-05-28 23:29:11 selenium.webdriver.remote.remote_connection::remote_connection.py:_request:412: Finished Request
DEBUG    2022-05-28 23:29:11 selenium.webdriver.remote.remote_connection::remote_connection.py:_request:361: POST http://localhost:10820/session/1f3aaf98b1e6bfba1c3afb1de56835a9/element/51c5bf17-6399-4acc-af32-e8bb1998c34a/value {"text": "\uc11c\uc6b8\ud2b9\ubcc4\uc2dc \ub3d9\uc791\uad6c \uc0ac\ub2f9\ub3d9 144-4 \uc774\uc218\uc5ed(7\ud638\uc120)", "value": ["\uc11c", "\uc6b8", "\ud2b9", "\ubcc4", "\uc2dc", " ", "\ub3d9", "\uc791", "\uad6c", " ", "\uc0ac", "\ub2f9", "\ub3d9", " ", "1", "4", "4", "-", "4", " ", "\uc774", "\uc218", "\uc5ed", "(", "7", "\ud638", "\uc120", ")"], "id": "51c5bf17-6399-4acc-af32-e8bb1998c34a"}
DEBUG    2022-05-28 23:29:11 urllib3.connectionpool::connectionpool.py:_make_request:456: http://localhost:10820 "POST /session/1f3aaf98b1e6bfba1c3afb1de56835a9/element/51c5bf17-6399-4acc-af32-e8bb1998c34a/value HTTP/1.1" 200 14
DEBUG    2022-05-28 23:29:11 selenium.webdriver.remote.remote_connection::remote_connection.py:_request:383: Remote response: status=200 | data={"value":null} | headers=HTTPHeaderDict({'Content-Length': '14', 'Content-Type': 'application/json; charset=utf-8', 'cache-control': 'no-cache'})
DEBUG    2022-05-28 23:29:11 selenium.webdriver.remote.remote_connection::remote_connection.py:_request:412: Finished Request
DEBUG    2022-05-28 23:29:11 selenium.webdriver.remote.remote_connection::remote_connection.py:_request:361: POST http://localhost:10820/session/1f3aaf98b1e6bfba1c3afb1de56835a9/element {"using": "xpath", "value": "//button[@class='btn btn-default ico-pick']"}
DEBUG    2022-05-28 23:29:11 urllib3.connectionpool::connectionpool.py:_make_request:456: http://localhost:10820 "POST /session/1f3aaf98b1e6bfba1c3afb1de56835a9/element HTTP/1.1" 200 88
DEBUG    2022-05-28 23:29:11 selenium.webdriver.remote.remote_connection::remote_connection.py:_request:383: Remote response: status=200 | data={"value":{"element-6066-11e4-a52e-4f735466cecf":"1a5c7b86-4d2d-431b-b097-da115be862af"}} | headers=HTTPHeaderDict({'Content-Length': '88', 'Content-Type': 'application/json; charset=utf-8', 'cache-control': 'no-cache'})
DEBUG    2022-05-28 23:29:11 selenium.webdriver.remote.remote_connection::remote_connection.py:_request:412: Finished Request
DEBUG    2022-05-28 23:29:11 selenium.webdriver.remote.remote_connection::remote_connection.py:_request:361: POST http://localhost:10820/session/1f3aaf98b1e6bfba1c3afb1de56835a9/element/1a5c7b86-4d2d-431b-b097-da115be862af/click {"id": "1a5c7b86-4d2d-431b-b097-da115be862af"}
DEBUG    2022-05-28 23:29:11 urllib3.connectionpool::connectionpool.py:_make_request:456: http://localhost:10820 "POST /session/1f3aaf98b1e6bfba1c3afb1de56835a9/element/1a5c7b86-4d2d-431b-b097-da115be862af/click HTTP/1.1" 200 14
DEBUG    2022-05-28 23:29:11 selenium.webdriver.remote.remote_connection::remote_connection.py:_request:383: Remote response: status=200 | data={"value":null} | headers=HTTPHeaderDict({'Content-Length': '14', 'Content-Type': 'application/json; charset=utf-8', 'cache-control': 'no-cache'})
DEBUG    2022-05-28 23:29:11 selenium.webdriver.remote.remote_connection::remote_connection.py:_request:412: Finished Request
DEBUG    2022-05-28 23:29:12 selenium.webdriver.remote.remote_connection::remote_connection.py:_request:361: GET http://localhost:10820/session/1f3aaf98b1e6bfba1c3afb1de56835a9/url {}
DEBUG    2022-05-28 23:29:12 urllib3.connectionpool::connectionpool.py:_make_request:456: http://localhost:10820 "GET /session/1f3aaf98b1e6bfba1c3afb1de56835a9/url HTTP/1.1" 200 99
DEBUG    2022-05-28 23:29:12 selenium.webdriver.remote.remote_connection::remote_connection.py:_request:383: Remote response: status=200 | data={"value":"https://www.yogiyo.co.kr/mobile/#/%EC%84%9C%EC%9A%B8%ED%8A%B9%EB%B3%84%EC%8B%9C/156091/"} | headers=HTTPHeaderDict({'Content-Length': '99', 'Content-Type': 'application/json; charset=utf-8', 'cache-control': 'no-cache'})
DEBUG    2022-05-28 23:29:12 selenium.webdriver.remote.remote_connection::remote_connection.py:_request:412: Finished Request
INFO     2022-05-28 23:29:12 root::mod_common.py:compare_url:25: 현재 URL : https://www.yogiyo.co.kr/mobile/#/%EC%84%9C%EC%9A%B8%ED%8A%B9%EB%B3%84%EC%8B%9C/156091/
INFO     2022-05-28 23:29:12 root::mod_common.py:compare_url:26: 비교 URL : https://www.yogiyo.co.kr/mobile/#/%EC%84%9C%EC%9A%B8%ED%8A%B9%EB%B3%84%EC%8B%9C/156091/
INFO     2022-05-28 23:29:12 root::mod_common.py:compare_url:28: 두 URL이 일치합니다.
INFO     2022-05-28 23:29:12 root::mod_enter.py:enter_restaurant_list:19: Success : 레스토랑 리스트 페이지 진입에 성공했습니다.
DEBUG    2022-05-28 23:29:12 selenium.webdriver.remote.remote_connection::remote_connection.py:_request:361: POST http://localhost:10820/session/1f3aaf98b1e6bfba1c3afb1de56835a9/execute/sync {"script": "return document.body.scrollHeight", "args": []}
DEBUG    2022-05-28 23:29:12 urllib3.connectionpool::connectionpool.py:_make_request:456: http://localhost:10820 "POST /session/1f3aaf98b1e6bfba1c3afb1de56835a9/execute/sync HTTP/1.1" 200 14
DEBUG    2022-05-28 23:29:12 selenium.webdriver.remote.remote_connection::remote_connection.py:_request:383: Remote response: status=200 | data={"value":4505} | headers=HTTPHeaderDict({'Content-Length': '14', 'Content-Type': 'application/json; charset=utf-8', 'cache-control': 'no-cache'})
DEBUG    2022-05-28 23:29:12 selenium.webdriver.remote.remote_connection::remote_connection.py:_request:412: Finished Request
DEBUG    2022-05-28 23:29:12 selenium.webdriver.remote.remote_connection::remote_connection.py:_request:361: POST http://localhost:10820/session/1f3aaf98b1e6bfba1c3afb1de56835a9/execute/sync {"script": "window.scrollTo(0, 4505)", "args": []}
DEBUG    2022-05-28 23:29:12 urllib3.connectionpool::connectionpool.py:_make_request:456: http://localhost:10820 "POST /session/1f3aaf98b1e6bfba1c3afb1de56835a9/execute/sync HTTP/1.1" 200 14
DEBUG    2022-05-28 23:29:12 selenium.webdriver.remote.remote_connection::remote_connection.py:_request:383: Remote response: status=200 | data={"value":null} | headers=HTTPHeaderDict({'Content-Length': '14', 'Content-Type': 'application/json; charset=utf-8', 'cache-control': 'no-cache'})
DEBUG    2022-05-28 23:29:12 selenium.webdriver.remote.remote_connection::remote_connection.py:_request:412: Finished Request
DEBUG    2022-05-28 23:29:13 selenium.webdriver.remote.remote_connection::remote_connection.py:_request:361: POST http://localhost:10820/session/1f3aaf98b1e6bfba1c3afb1de56835a9/execute/sync {"script": "return document.body.scrollHeight", "args": []}
DEBUG    2022-05-28 23:29:13 urllib3.connectionpool::connectionpool.py:_make_request:456: http://localhost:10820 "POST /session/1f3aaf98b1e6bfba1c3afb1de56835a9/execute/sync HTTP/1.1" 200 14
DEBUG    2022-05-28 23:29:13 selenium.webdriver.remote.remote_connection::remote_connection.py:_request:383: Remote response: status=200 | data={"value":7984} | headers=HTTPHeaderDict({'Content-Length': '14', 'Content-Type': 'application/json; charset=utf-8', 'cache-control': 'no-cache'})
DEBUG    2022-05-28 23:29:13 selenium.webdriver.remote.remote_connection::remote_connection.py:_request:412: Finished Request
DEBUG    2022-05-28 23:29:13 selenium.webdriver.remote.remote_connection::remote_connection.py:_request:361: POST http://localhost:10820/session/1f3aaf98b1e6bfba1c3afb1de56835a9/execute/sync {"script": "window.scrollTo(4505, 7984)", "args": []}
DEBUG    2022-05-28 23:29:13 urllib3.connectionpool::connectionpool.py:_make_request:456: http://localhost:10820 "POST /session/1f3aaf98b1e6bfba1c3afb1de56835a9/execute/sync HTTP/1.1" 200 14
DEBUG    2022-05-28 23:29:13 selenium.webdriver.remote.remote_connection::remote_connection.py:_request:383: Remote response: status=200 | data={"value":null} | headers=HTTPHeaderDict({'Content-Length': '14', 'Content-Type': 'application/json; charset=utf-8', 'cache-control': 'no-cache'})
DEBUG    2022-05-28 23:29:13 selenium.webdriver.remote.remote_connection::remote_connection.py:_request:412: Finished Request
DEBUG    2022-05-28 23:29:14 selenium.webdriver.remote.remote_connection::remote_connection.py:_request:361: POST http://localhost:10820/session/1f3aaf98b1e6bfba1c3afb1de56835a9/execute/sync {"script": "return document.body.scrollHeight", "args": []}
DEBUG    2022-05-28 23:29:14 urllib3.connectionpool::connectionpool.py:_make_request:456: http://localhost:10820 "POST /session/1f3aaf98b1e6bfba1c3afb1de56835a9/execute/sync HTTP/1.1" 200 15
DEBUG    2022-05-28 23:29:14 selenium.webdriver.remote.remote_connection::remote_connection.py:_request:383: Remote response: status=200 | data={"value":11524} | headers=HTTPHeaderDict({'Content-Length': '15', 'Content-Type': 'application/json; charset=utf-8', 'cache-control': 'no-cache'})
DEBUG    2022-05-28 23:29:14 selenium.webdriver.remote.remote_connection::remote_connection.py:_request:412: Finished Request
DEBUG    2022-05-28 23:29:14 selenium.webdriver.remote.remote_connection::remote_connection.py:_request:361: POST http://localhost:10820/session/1f3aaf98b1e6bfba1c3afb1de56835a9/execute/sync {"script": "window.scrollTo(7984, 11524)", "args": []}
DEBUG    2022-05-28 23:29:14 urllib3.connectionpool::connectionpool.py:_make_request:456: http://localhost:10820 "POST /session/1f3aaf98b1e6bfba1c3afb1de56835a9/execute/sync HTTP/1.1" 200 14
DEBUG    2022-05-28 23:29:14 selenium.webdriver.remote.remote_connection::remote_connection.py:_request:383: Remote response: status=200 | data={"value":null} | headers=HTTPHeaderDict({'Content-Length': '14', 'Content-Type': 'application/json; charset=utf-8', 'cache-control': 'no-cache'})
DEBUG    2022-05-28 23:29:14 selenium.webdriver.remote.remote_connection::remote_connection.py:_request:412: Finished Request
DEBUG    2022-05-28 23:29:15 selenium.webdriver.remote.remote_connection::remote_connection.py:_request:361: POST http://localhost:10820/session/1f3aaf98b1e6bfba1c3afb1de56835a9/execute/sync {"script": "return document.body.scrollHeight", "args": []}
DEBUG    2022-05-28 23:29:15 urllib3.connectionpool::connectionpool.py:_make_request:456: http://localhost:10820 "POST /session/1f3aaf98b1e6bfba1c3afb1de56835a9/execute/sync HTTP/1.1" 200 15
DEBUG    2022-05-28 23:29:15 selenium.webdriver.remote.remote_connection::remote_connection.py:_request:383: Remote response: status=200 | data={"value":15064} | headers=HTTPHeaderDict({'Content-Length': '15', 'Content-Type': 'application/json; charset=utf-8', 'cache-control': 'no-cache'})
DEBUG    2022-05-28 23:29:15 selenium.webdriver.remote.remote_connection::remote_connection.py:_request:412: Finished Request
DEBUG    2022-05-28 23:29:15 selenium.webdriver.remote.remote_connection::remote_connection.py:_request:361: POST http://localhost:10820/session/1f3aaf98b1e6bfba1c3afb1de56835a9/execute/sync {"script": "window.scrollTo(11524, 15064)", "args": []}
DEBUG    2022-05-28 23:29:15 urllib3.connectionpool::connectionpool.py:_make_request:456: http://localhost:10820 "POST /session/1f3aaf98b1e6bfba1c3afb1de56835a9/execute/sync HTTP/1.1" 200 14
DEBUG    2022-05-28 23:29:15 selenium.webdriver.remote.remote_connection::remote_connection.py:_request:383: Remote response: status=200 | data={"value":null} | headers=HTTPHeaderDict({'Content-Length': '14', 'Content-Type': 'application/json; charset=utf-8', 'cache-control': 'no-cache'})
DEBUG    2022-05-28 23:29:15 selenium.webdriver.remote.remote_connection::remote_connection.py:_request:412: Finished Request
DEBUG    2022-05-28 23:29:16 selenium.webdriver.remote.remote_connection::remote_connection.py:_request:361: POST http://localhost:10820/session/1f3aaf98b1e6bfba1c3afb1de56835a9/execute/sync {"script": "return document.body.scrollHeight", "args": []}
DEBUG    2022-05-28 23:29:16 urllib3.connectionpool::connectionpool.py:_make_request:456: http://localhost:10820 "POST /session/1f3aaf98b1e6bfba1c3afb1de56835a9/execute/sync HTTP/1.1" 200 15
DEBUG    2022-05-28 23:29:16 selenium.webdriver.remote.remote_connection::remote_connection.py:_request:383: Remote response: status=200 | data={"value":18604} | headers=HTTPHeaderDict({'Content-Length': '15', 'Content-Type': 'application/json; charset=utf-8', 'cache-control': 'no-cache'})
DEBUG    2022-05-28 23:29:16 selenium.webdriver.remote.remote_connection::remote_connection.py:_request:412: Finished Request
DEBUG    2022-05-28 23:29:16 selenium.webdriver.remote.remote_connection::remote_connection.py:_request:361: POST http://localhost:10820/session/1f3aaf98b1e6bfba1c3afb1de56835a9/execute/sync {"script": "window.scrollTo(15064, 18604)", "args": []}
DEBUG    2022-05-28 23:29:16 urllib3.connectionpool::connectionpool.py:_make_request:456: http://localhost:10820 "POST /session/1f3aaf98b1e6bfba1c3afb1de56835a9/execute/sync HTTP/1.1" 200 14
DEBUG    2022-05-28 23:29:16 selenium.webdriver.remote.remote_connection::remote_connection.py:_request:383: Remote response: status=200 | data={"value":null} | headers=HTTPHeaderDict({'Content-Length': '14', 'Content-Type': 'application/json; charset=utf-8', 'cache-control': 'no-cache'})
DEBUG    2022-05-28 23:29:16 selenium.webdriver.remote.remote_connection::remote_connection.py:_request:412: Finished Request
DEBUG    2022-05-28 23:29:17 selenium.webdriver.remote.remote_connection::remote_connection.py:_request:361: POST http://localhost:10820/session/1f3aaf98b1e6bfba1c3afb1de56835a9/execute/sync {"script": "return document.body.scrollHeight", "args": []}
DEBUG    2022-05-28 23:29:17 urllib3.connectionpool::connectionpool.py:_make_request:456: http://localhost:10820 "POST /session/1f3aaf98b1e6bfba1c3afb1de56835a9/execute/sync HTTP/1.1" 200 15
DEBUG    2022-05-28 23:29:17 selenium.webdriver.remote.remote_connection::remote_connection.py:_request:383: Remote response: status=200 | data={"value":22144} | headers=HTTPHeaderDict({'Content-Length': '15', 'Content-Type': 'application/json; charset=utf-8', 'cache-control': 'no-cache'})
DEBUG    2022-05-28 23:29:17 selenium.webdriver.remote.remote_connection::remote_connection.py:_request:412: Finished Request
DEBUG    2022-05-28 23:29:17 selenium.webdriver.remote.remote_connection::remote_connection.py:_request:361: POST http://localhost:10820/session/1f3aaf98b1e6bfba1c3afb1de56835a9/execute/sync {"script": "window.scrollTo(18604, 22144)", "args": []}
DEBUG    2022-05-28 23:29:17 urllib3.connectionpool::connectionpool.py:_make_request:456: http://localhost:10820 "POST /session/1f3aaf98b1e6bfba1c3afb1de56835a9/execute/sync HTTP/1.1" 200 14
DEBUG    2022-05-28 23:29:17 selenium.webdriver.remote.remote_connection::remote_connection.py:_request:383: Remote response: status=200 | data={"value":null} | headers=HTTPHeaderDict({'Content-Length': '14', 'Content-Type': 'application/json; charset=utf-8', 'cache-control': 'no-cache'})
DEBUG    2022-05-28 23:29:17 selenium.webdriver.remote.remote_connection::remote_connection.py:_request:412: Finished Request
DEBUG    2022-05-28 23:29:18 selenium.webdriver.remote.remote_connection::remote_connection.py:_request:361: POST http://localhost:10820/session/1f3aaf98b1e6bfba1c3afb1de56835a9/execute/sync {"script": "return document.body.scrollHeight", "args": []}
DEBUG    2022-05-28 23:29:18 urllib3.connectionpool::connectionpool.py:_make_request:456: http://localhost:10820 "POST /session/1f3aaf98b1e6bfba1c3afb1de56835a9/execute/sync HTTP/1.1" 200 15
DEBUG    2022-05-28 23:29:18 selenium.webdriver.remote.remote_connection::remote_connection.py:_request:383: Remote response: status=200 | data={"value":25684} | headers=HTTPHeaderDict({'Content-Length': '15', 'Content-Type': 'application/json; charset=utf-8', 'cache-control': 'no-cache'})
DEBUG    2022-05-28 23:29:18 selenium.webdriver.remote.remote_connection::remote_connection.py:_request:412: Finished Request
DEBUG    2022-05-28 23:29:18 selenium.webdriver.remote.remote_connection::remote_connection.py:_request:361: POST http://localhost:10820/session/1f3aaf98b1e6bfba1c3afb1de56835a9/execute/sync {"script": "window.scrollTo(22144, 25684)", "args": []}
DEBUG    2022-05-28 23:29:18 urllib3.connectionpool::connectionpool.py:_make_request:456: http://localhost:10820 "POST /session/1f3aaf98b1e6bfba1c3afb1de56835a9/execute/sync HTTP/1.1" 200 14
DEBUG    2022-05-28 23:29:18 selenium.webdriver.remote.remote_connection::remote_connection.py:_request:383: Remote response: status=200 | data={"value":null} | headers=HTTPHeaderDict({'Content-Length': '14', 'Content-Type': 'application/json; charset=utf-8', 'cache-control': 'no-cache'})
DEBUG    2022-05-28 23:29:18 selenium.webdriver.remote.remote_connection::remote_connection.py:_request:412: Finished Request
DEBUG    2022-05-28 23:29:19 selenium.webdriver.remote.remote_connection::remote_connection.py:_request:361: POST http://localhost:10820/session/1f3aaf98b1e6bfba1c3afb1de56835a9/execute/sync {"script": "return document.body.scrollHeight", "args": []}
DEBUG    2022-05-28 23:29:19 urllib3.connectionpool::connectionpool.py:_make_request:456: http://localhost:10820 "POST /session/1f3aaf98b1e6bfba1c3afb1de56835a9/execute/sync HTTP/1.1" 200 15
DEBUG    2022-05-28 23:29:19 selenium.webdriver.remote.remote_connection::remote_connection.py:_request:383: Remote response: status=200 | data={"value":29224} | headers=HTTPHeaderDict({'Content-Length': '15', 'Content-Type': 'application/json; charset=utf-8', 'cache-control': 'no-cache'})
DEBUG    2022-05-28 23:29:19 selenium.webdriver.remote.remote_connection::remote_connection.py:_request:412: Finished Request
DEBUG    2022-05-28 23:29:19 selenium.webdriver.remote.remote_connection::remote_connection.py:_request:361: POST http://localhost:10820/session/1f3aaf98b1e6bfba1c3afb1de56835a9/execute/sync {"script": "window.scrollTo(25684, 29224)", "args": []}
DEBUG    2022-05-28 23:29:19 urllib3.connectionpool::connectionpool.py:_make_request:456: http://localhost:10820 "POST /session/1f3aaf98b1e6bfba1c3afb1de56835a9/execute/sync HTTP/1.1" 200 14
DEBUG    2022-05-28 23:29:19 selenium.webdriver.remote.remote_connection::remote_connection.py:_request:383: Remote response: status=200 | data={"value":null} | headers=HTTPHeaderDict({'Content-Length': '14', 'Content-Type': 'application/json; charset=utf-8', 'cache-control': 'no-cache'})
DEBUG    2022-05-28 23:29:19 selenium.webdriver.remote.remote_connection::remote_connection.py:_request:412: Finished Request
DEBUG    2022-05-28 23:29:20 selenium.webdriver.remote.remote_connection::remote_connection.py:_request:361: POST http://localhost:10820/session/1f3aaf98b1e6bfba1c3afb1de56835a9/execute/sync {"script": "return document.body.scrollHeight", "args": []}
DEBUG    2022-05-28 23:29:20 urllib3.connectionpool::connectionpool.py:_make_request:456: http://localhost:10820 "POST /session/1f3aaf98b1e6bfba1c3afb1de56835a9/execute/sync HTTP/1.1" 200 15
DEBUG    2022-05-28 23:29:20 selenium.webdriver.remote.remote_connection::remote_connection.py:_request:383: Remote response: status=200 | data={"value":32764} | headers=HTTPHeaderDict({'Content-Length': '15', 'Content-Type': 'application/json; charset=utf-8', 'cache-control': 'no-cache'})
DEBUG    2022-05-28 23:29:20 selenium.webdriver.remote.remote_connection::remote_connection.py:_request:412: Finished Request
DEBUG    2022-05-28 23:29:20 selenium.webdriver.remote.remote_connection::remote_connection.py:_request:361: POST http://localhost:10820/session/1f3aaf98b1e6bfba1c3afb1de56835a9/execute/sync {"script": "window.scrollTo(29224, 32764)", "args": []}
DEBUG    2022-05-28 23:29:20 urllib3.connectionpool::connectionpool.py:_make_request:456: http://localhost:10820 "POST /session/1f3aaf98b1e6bfba1c3afb1de56835a9/execute/sync HTTP/1.1" 200 14
DEBUG    2022-05-28 23:29:20 selenium.webdriver.remote.remote_connection::remote_connection.py:_request:383: Remote response: status=200 | data={"value":null} | headers=HTTPHeaderDict({'Content-Length': '14', 'Content-Type': 'application/json; charset=utf-8', 'cache-control': 'no-cache'})
DEBUG    2022-05-28 23:29:20 selenium.webdriver.remote.remote_connection::remote_connection.py:_request:412: Finished Request
DEBUG    2022-05-28 23:29:21 selenium.webdriver.remote.remote_connection::remote_connection.py:_request:361: POST http://localhost:10820/session/1f3aaf98b1e6bfba1c3afb1de56835a9/execute/sync {"script": "return document.body.scrollHeight", "args": []}
DEBUG    2022-05-28 23:29:21 urllib3.connectionpool::connectionpool.py:_make_request:456: http://localhost:10820 "POST /session/1f3aaf98b1e6bfba1c3afb1de56835a9/execute/sync HTTP/1.1" 200 15
DEBUG    2022-05-28 23:29:21 selenium.webdriver.remote.remote_connection::remote_connection.py:_request:383: Remote response: status=200 | data={"value":36304} | headers=HTTPHeaderDict({'Content-Length': '15', 'Content-Type': 'application/json; charset=utf-8', 'cache-control': 'no-cache'})
DEBUG    2022-05-28 23:29:21 selenium.webdriver.remote.remote_connection::remote_connection.py:_request:412: Finished Request
DEBUG    2022-05-28 23:29:21 selenium.webdriver.remote.remote_connection::remote_connection.py:_request:361: POST http://localhost:10820/session/1f3aaf98b1e6bfba1c3afb1de56835a9/execute/sync {"script": "window.scrollTo(32764, 36304)", "args": []}
DEBUG    2022-05-28 23:29:21 urllib3.connectionpool::connectionpool.py:_make_request:456: http://localhost:10820 "POST /session/1f3aaf98b1e6bfba1c3afb1de56835a9/execute/sync HTTP/1.1" 200 14
DEBUG    2022-05-28 23:29:21 selenium.webdriver.remote.remote_connection::remote_connection.py:_request:383: Remote response: status=200 | data={"value":null} | headers=HTTPHeaderDict({'Content-Length': '14', 'Content-Type': 'application/json; charset=utf-8', 'cache-control': 'no-cache'})
DEBUG    2022-05-28 23:29:21 selenium.webdriver.remote.remote_connection::remote_connection.py:_request:412: Finished Request
DEBUG    2022-05-28 23:29:22 selenium.webdriver.remote.remote_connection::remote_connection.py:_request:361: POST http://localhost:10820/session/1f3aaf98b1e6bfba1c3afb1de56835a9/execute/sync {"script": "return document.body.scrollHeight", "args": []}
DEBUG    2022-05-28 23:29:22 urllib3.connectionpool::connectionpool.py:_make_request:456: http://localhost:10820 "POST /session/1f3aaf98b1e6bfba1c3afb1de56835a9/execute/sync HTTP/1.1" 200 15
DEBUG    2022-05-28 23:29:22 selenium.webdriver.remote.remote_connection::remote_connection.py:_request:383: Remote response: status=200 | data={"value":39844} | headers=HTTPHeaderDict({'Content-Length': '15', 'Content-Type': 'application/json; charset=utf-8', 'cache-control': 'no-cache'})
DEBUG    2022-05-28 23:29:22 selenium.webdriver.remote.remote_connection::remote_connection.py:_request:412: Finished Request
DEBUG    2022-05-28 23:29:22 selenium.webdriver.remote.remote_connection::remote_connection.py:_request:361: POST http://localhost:10820/session/1f3aaf98b1e6bfba1c3afb1de56835a9/execute/sync {"script": "window.scrollTo(36304, 39844)", "args": []}
DEBUG    2022-05-28 23:29:22 urllib3.connectionpool::connectionpool.py:_make_request:456: http://localhost:10820 "POST /session/1f3aaf98b1e6bfba1c3afb1de56835a9/execute/sync HTTP/1.1" 200 14
DEBUG    2022-05-28 23:29:22 selenium.webdriver.remote.remote_connection::remote_connection.py:_request:383: Remote response: status=200 | data={"value":null} | headers=HTTPHeaderDict({'Content-Length': '14', 'Content-Type': 'application/json; charset=utf-8', 'cache-control': 'no-cache'})
DEBUG    2022-05-28 23:29:22 selenium.webdriver.remote.remote_connection::remote_connection.py:_request:412: Finished Request
DEBUG    2022-05-28 23:29:23 selenium.webdriver.remote.remote_connection::remote_connection.py:_request:361: POST http://localhost:10820/session/1f3aaf98b1e6bfba1c3afb1de56835a9/execute/sync {"script": "return document.body.scrollHeight", "args": []}
DEBUG    2022-05-28 23:29:23 urllib3.connectionpool::connectionpool.py:_make_request:456: http://localhost:10820 "POST /session/1f3aaf98b1e6bfba1c3afb1de56835a9/execute/sync HTTP/1.1" 200 15
DEBUG    2022-05-28 23:29:23 selenium.webdriver.remote.remote_connection::remote_connection.py:_request:383: Remote response: status=200 | data={"value":43384} | headers=HTTPHeaderDict({'Content-Length': '15', 'Content-Type': 'application/json; charset=utf-8', 'cache-control': 'no-cache'})
DEBUG    2022-05-28 23:29:23 selenium.webdriver.remote.remote_connection::remote_connection.py:_request:412: Finished Request
DEBUG    2022-05-28 23:29:23 selenium.webdriver.remote.remote_connection::remote_connection.py:_request:361: POST http://localhost:10820/session/1f3aaf98b1e6bfba1c3afb1de56835a9/execute/sync {"script": "window.scrollTo(39844, 43384)", "args": []}
DEBUG    2022-05-28 23:29:23 urllib3.connectionpool::connectionpool.py:_make_request:456: http://localhost:10820 "POST /session/1f3aaf98b1e6bfba1c3afb1de56835a9/execute/sync HTTP/1.1" 200 14
DEBUG    2022-05-28 23:29:23 selenium.webdriver.remote.remote_connection::remote_connection.py:_request:383: Remote response: status=200 | data={"value":null} | headers=HTTPHeaderDict({'Content-Length': '14', 'Content-Type': 'application/json; charset=utf-8', 'cache-control': 'no-cache'})
DEBUG    2022-05-28 23:29:23 selenium.webdriver.remote.remote_connection::remote_connection.py:_request:412: Finished Request
DEBUG    2022-05-28 23:29:24 selenium.webdriver.remote.remote_connection::remote_connection.py:_request:361: POST http://localhost:10820/session/1f3aaf98b1e6bfba1c3afb1de56835a9/execute/sync {"script": "return document.body.scrollHeight", "args": []}
DEBUG    2022-05-28 23:29:24 urllib3.connectionpool::connectionpool.py:_make_request:456: http://localhost:10820 "POST /session/1f3aaf98b1e6bfba1c3afb1de56835a9/execute/sync HTTP/1.1" 200 15
DEBUG    2022-05-28 23:29:24 selenium.webdriver.remote.remote_connection::remote_connection.py:_request:383: Remote response: status=200 | data={"value":46924} | headers=HTTPHeaderDict({'Content-Length': '15', 'Content-Type': 'application/json; charset=utf-8', 'cache-control': 'no-cache'})
DEBUG    2022-05-28 23:29:24 selenium.webdriver.remote.remote_connection::remote_connection.py:_request:412: Finished Request
DEBUG    2022-05-28 23:29:24 selenium.webdriver.remote.remote_connection::remote_connection.py:_request:361: POST http://localhost:10820/session/1f3aaf98b1e6bfba1c3afb1de56835a9/execute/sync {"script": "window.scrollTo(43384, 46924)", "args": []}
DEBUG    2022-05-28 23:29:24 urllib3.connectionpool::connectionpool.py:_make_request:456: http://localhost:10820 "POST /session/1f3aaf98b1e6bfba1c3afb1de56835a9/execute/sync HTTP/1.1" 200 14
DEBUG    2022-05-28 23:29:24 selenium.webdriver.remote.remote_connection::remote_connection.py:_request:383: Remote response: status=200 | data={"value":null} | headers=HTTPHeaderDict({'Content-Length': '14', 'Content-Type': 'application/json; charset=utf-8', 'cache-control': 'no-cache'})
DEBUG    2022-05-28 23:29:24 selenium.webdriver.remote.remote_connection::remote_connection.py:_request:412: Finished Request
DEBUG    2022-05-28 23:29:25 selenium.webdriver.remote.remote_connection::remote_connection.py:_request:361: POST http://localhost:10820/session/1f3aaf98b1e6bfba1c3afb1de56835a9/execute/sync {"script": "return document.body.scrollHeight", "args": []}
DEBUG    2022-05-28 23:29:25 urllib3.connectionpool::connectionpool.py:_make_request:456: http://localhost:10820 "POST /session/1f3aaf98b1e6bfba1c3afb1de56835a9/execute/sync HTTP/1.1" 200 15
DEBUG    2022-05-28 23:29:25 selenium.webdriver.remote.remote_connection::remote_connection.py:_request:383: Remote response: status=200 | data={"value":50464} | headers=HTTPHeaderDict({'Content-Length': '15', 'Content-Type': 'application/json; charset=utf-8', 'cache-control': 'no-cache'})
DEBUG    2022-05-28 23:29:25 selenium.webdriver.remote.remote_connection::remote_connection.py:_request:412: Finished Request
DEBUG    2022-05-28 23:29:25 selenium.webdriver.remote.remote_connection::remote_connection.py:_request:361: POST http://localhost:10820/session/1f3aaf98b1e6bfba1c3afb1de56835a9/execute/sync {"script": "window.scrollTo(46924, 50464)", "args": []}
DEBUG    2022-05-28 23:29:25 urllib3.connectionpool::connectionpool.py:_make_request:456: http://localhost:10820 "POST /session/1f3aaf98b1e6bfba1c3afb1de56835a9/execute/sync HTTP/1.1" 200 14
DEBUG    2022-05-28 23:29:25 selenium.webdriver.remote.remote_connection::remote_connection.py:_request:383: Remote response: status=200 | data={"value":null} | headers=HTTPHeaderDict({'Content-Length': '14', 'Content-Type': 'application/json; charset=utf-8', 'cache-control': 'no-cache'})
DEBUG    2022-05-28 23:29:25 selenium.webdriver.remote.remote_connection::remote_connection.py:_request:412: Finished Request
DEBUG    2022-05-28 23:29:26 selenium.webdriver.remote.remote_connection::remote_connection.py:_request:361: POST http://localhost:10820/session/1f3aaf98b1e6bfba1c3afb1de56835a9/execute/sync {"script": "return document.body.scrollHeight", "args": []}
DEBUG    2022-05-28 23:29:26 urllib3.connectionpool::connectionpool.py:_make_request:456: http://localhost:10820 "POST /session/1f3aaf98b1e6bfba1c3afb1de56835a9/execute/sync HTTP/1.1" 200 15
DEBUG    2022-05-28 23:29:26 selenium.webdriver.remote.remote_connection::remote_connection.py:_request:383: Remote response: status=200 | data={"value":54004} | headers=HTTPHeaderDict({'Content-Length': '15', 'Content-Type': 'application/json; charset=utf-8', 'cache-control': 'no-cache'})
DEBUG    2022-05-28 23:29:26 selenium.webdriver.remote.remote_connection::remote_connection.py:_request:412: Finished Request
DEBUG    2022-05-28 23:29:26 selenium.webdriver.remote.remote_connection::remote_connection.py:_request:361: POST http://localhost:10820/session/1f3aaf98b1e6bfba1c3afb1de56835a9/execute/sync {"script": "window.scrollTo(50464, 54004)", "args": []}
DEBUG    2022-05-28 23:29:26 urllib3.connectionpool::connectionpool.py:_make_request:456: http://localhost:10820 "POST /session/1f3aaf98b1e6bfba1c3afb1de56835a9/execute/sync HTTP/1.1" 200 14
DEBUG    2022-05-28 23:29:26 selenium.webdriver.remote.remote_connection::remote_connection.py:_request:383: Remote response: status=200 | data={"value":null} | headers=HTTPHeaderDict({'Content-Length': '14', 'Content-Type': 'application/json; charset=utf-8', 'cache-control': 'no-cache'})
DEBUG    2022-05-28 23:29:26 selenium.webdriver.remote.remote_connection::remote_connection.py:_request:412: Finished Request
DEBUG    2022-05-28 23:29:27 selenium.webdriver.remote.remote_connection::remote_connection.py:_request:361: POST http://localhost:10820/session/1f3aaf98b1e6bfba1c3afb1de56835a9/execute/sync {"script": "return document.body.scrollHeight", "args": []}
DEBUG    2022-05-28 23:29:27 urllib3.connectionpool::connectionpool.py:_make_request:456: http://localhost:10820 "POST /session/1f3aaf98b1e6bfba1c3afb1de56835a9/execute/sync HTTP/1.1" 200 15
DEBUG    2022-05-28 23:29:27 selenium.webdriver.remote.remote_connection::remote_connection.py:_request:383: Remote response: status=200 | data={"value":57544} | headers=HTTPHeaderDict({'Content-Length': '15', 'Content-Type': 'application/json; charset=utf-8', 'cache-control': 'no-cache'})
DEBUG    2022-05-28 23:29:27 selenium.webdriver.remote.remote_connection::remote_connection.py:_request:412: Finished Request
DEBUG    2022-05-28 23:29:27 selenium.webdriver.remote.remote_connection::remote_connection.py:_request:361: POST http://localhost:10820/session/1f3aaf98b1e6bfba1c3afb1de56835a9/execute/sync {"script": "window.scrollTo(54004, 57544)", "args": []}
DEBUG    2022-05-28 23:29:27 urllib3.connectionpool::connectionpool.py:_make_request:456: http://localhost:10820 "POST /session/1f3aaf98b1e6bfba1c3afb1de56835a9/execute/sync HTTP/1.1" 200 14
DEBUG    2022-05-28 23:29:27 selenium.webdriver.remote.remote_connection::remote_connection.py:_request:383: Remote response: status=200 | data={"value":null} | headers=HTTPHeaderDict({'Content-Length': '14', 'Content-Type': 'application/json; charset=utf-8', 'cache-control': 'no-cache'})
DEBUG    2022-05-28 23:29:27 selenium.webdriver.remote.remote_connection::remote_connection.py:_request:412: Finished Request
DEBUG    2022-05-28 23:29:27 selenium.webdriver.remote.remote_connection::remote_connection.py:_request:361: POST http://localhost:10820/session/1f3aaf98b1e6bfba1c3afb1de56835a9/execute/sync {"script": "return document.body.scrollHeight", "args": []}
DEBUG    2022-05-28 23:29:27 urllib3.connectionpool::connectionpool.py:_make_request:456: http://localhost:10820 "POST /session/1f3aaf98b1e6bfba1c3afb1de56835a9/execute/sync HTTP/1.1" 200 15
DEBUG    2022-05-28 23:29:27 selenium.webdriver.remote.remote_connection::remote_connection.py:_request:383: Remote response: status=200 | data={"value":61084} | headers=HTTPHeaderDict({'Content-Length': '15', 'Content-Type': 'application/json; charset=utf-8', 'cache-control': 'no-cache'})
DEBUG    2022-05-28 23:29:27 selenium.webdriver.remote.remote_connection::remote_connection.py:_request:412: Finished Request
DEBUG    2022-05-28 23:29:27 selenium.webdriver.remote.remote_connection::remote_connection.py:_request:361: POST http://localhost:10820/session/1f3aaf98b1e6bfba1c3afb1de56835a9/execute/sync {"script": "window.scrollTo(57544, 61084)", "args": []}
DEBUG    2022-05-28 23:29:28 urllib3.connectionpool::connectionpool.py:_make_request:456: http://localhost:10820 "POST /session/1f3aaf98b1e6bfba1c3afb1de56835a9/execute/sync HTTP/1.1" 200 14
DEBUG    2022-05-28 23:29:28 selenium.webdriver.remote.remote_connection::remote_connection.py:_request:383: Remote response: status=200 | data={"value":null} | headers=HTTPHeaderDict({'Content-Length': '14', 'Content-Type': 'application/json; charset=utf-8', 'cache-control': 'no-cache'})
DEBUG    2022-05-28 23:29:28 selenium.webdriver.remote.remote_connection::remote_connection.py:_request:412: Finished Request
DEBUG    2022-05-28 23:29:28 selenium.webdriver.remote.remote_connection::remote_connection.py:_request:361: POST http://localhost:10820/session/1f3aaf98b1e6bfba1c3afb1de56835a9/execute/sync {"script": "return document.body.scrollHeight", "args": []}
DEBUG    2022-05-28 23:29:28 urllib3.connectionpool::connectionpool.py:_make_request:456: http://localhost:10820 "POST /session/1f3aaf98b1e6bfba1c3afb1de56835a9/execute/sync HTTP/1.1" 200 15
DEBUG    2022-05-28 23:29:28 selenium.webdriver.remote.remote_connection::remote_connection.py:_request:383: Remote response: status=200 | data={"value":64624} | headers=HTTPHeaderDict({'Content-Length': '15', 'Content-Type': 'application/json; charset=utf-8', 'cache-control': 'no-cache'})
DEBUG    2022-05-28 23:29:28 selenium.webdriver.remote.remote_connection::remote_connection.py:_request:412: Finished Request
DEBUG    2022-05-28 23:29:28 selenium.webdriver.remote.remote_connection::remote_connection.py:_request:361: POST http://localhost:10820/session/1f3aaf98b1e6bfba1c3afb1de56835a9/execute/sync {"script": "window.scrollTo(61084, 64624)", "args": []}
DEBUG    2022-05-28 23:29:29 urllib3.connectionpool::connectionpool.py:_make_request:456: http://localhost:10820 "POST /session/1f3aaf98b1e6bfba1c3afb1de56835a9/execute/sync HTTP/1.1" 200 14
DEBUG    2022-05-28 23:29:29 selenium.webdriver.remote.remote_connection::remote_connection.py:_request:383: Remote response: status=200 | data={"value":null} | headers=HTTPHeaderDict({'Content-Length': '14', 'Content-Type': 'application/json; charset=utf-8', 'cache-control': 'no-cache'})
DEBUG    2022-05-28 23:29:29 selenium.webdriver.remote.remote_connection::remote_connection.py:_request:412: Finished Request
DEBUG    2022-05-28 23:29:29 selenium.webdriver.remote.remote_connection::remote_connection.py:_request:361: POST http://localhost:10820/session/1f3aaf98b1e6bfba1c3afb1de56835a9/execute/sync {"script": "return document.body.scrollHeight", "args": []}
DEBUG    2022-05-28 23:29:29 urllib3.connectionpool::connectionpool.py:_make_request:456: http://localhost:10820 "POST /session/1f3aaf98b1e6bfba1c3afb1de56835a9/execute/sync HTTP/1.1" 200 15
DEBUG    2022-05-28 23:29:29 selenium.webdriver.remote.remote_connection::remote_connection.py:_request:383: Remote response: status=200 | data={"value":68164} | headers=HTTPHeaderDict({'Content-Length': '15', 'Content-Type': 'application/json; charset=utf-8', 'cache-control': 'no-cache'})
DEBUG    2022-05-28 23:29:29 selenium.webdriver.remote.remote_connection::remote_connection.py:_request:412: Finished Request
DEBUG    2022-05-28 23:29:29 selenium.webdriver.remote.remote_connection::remote_connection.py:_request:361: POST http://localhost:10820/session/1f3aaf98b1e6bfba1c3afb1de56835a9/execute/sync {"script": "window.scrollTo(64624, 68164)", "args": []}
DEBUG    2022-05-28 23:29:30 urllib3.connectionpool::connectionpool.py:_make_request:456: http://localhost:10820 "POST /session/1f3aaf98b1e6bfba1c3afb1de56835a9/execute/sync HTTP/1.1" 200 14
DEBUG    2022-05-28 23:29:30 selenium.webdriver.remote.remote_connection::remote_connection.py:_request:383: Remote response: status=200 | data={"value":null} | headers=HTTPHeaderDict({'Content-Length': '14', 'Content-Type': 'application/json; charset=utf-8', 'cache-control': 'no-cache'})
DEBUG    2022-05-28 23:29:30 selenium.webdriver.remote.remote_connection::remote_connection.py:_request:412: Finished Request
DEBUG    2022-05-28 23:29:30 selenium.webdriver.remote.remote_connection::remote_connection.py:_request:361: POST http://localhost:10820/session/1f3aaf98b1e6bfba1c3afb1de56835a9/execute/sync {"script": "return document.body.scrollHeight", "args": []}
DEBUG    2022-05-28 23:29:30 urllib3.connectionpool::connectionpool.py:_make_request:456: http://localhost:10820 "POST /session/1f3aaf98b1e6bfba1c3afb1de56835a9/execute/sync HTTP/1.1" 200 15
DEBUG    2022-05-28 23:29:30 selenium.webdriver.remote.remote_connection::remote_connection.py:_request:383: Remote response: status=200 | data={"value":71704} | headers=HTTPHeaderDict({'Content-Length': '15', 'Content-Type': 'application/json; charset=utf-8', 'cache-control': 'no-cache'})
DEBUG    2022-05-28 23:29:30 selenium.webdriver.remote.remote_connection::remote_connection.py:_request:412: Finished Request
DEBUG    2022-05-28 23:29:30 selenium.webdriver.remote.remote_connection::remote_connection.py:_request:361: POST http://localhost:10820/session/1f3aaf98b1e6bfba1c3afb1de56835a9/execute/sync {"script": "window.scrollTo(68164, 71704)", "args": []}
DEBUG    2022-05-28 23:29:30 urllib3.connectionpool::connectionpool.py:_make_request:456: http://localhost:10820 "POST /session/1f3aaf98b1e6bfba1c3afb1de56835a9/execute/sync HTTP/1.1" 200 14
DEBUG    2022-05-28 23:29:30 selenium.webdriver.remote.remote_connection::remote_connection.py:_request:383: Remote response: status=200 | data={"value":null} | headers=HTTPHeaderDict({'Content-Length': '14', 'Content-Type': 'application/json; charset=utf-8', 'cache-control': 'no-cache'})
DEBUG    2022-05-28 23:29:30 selenium.webdriver.remote.remote_connection::remote_connection.py:_request:412: Finished Request
DEBUG    2022-05-28 23:29:31 selenium.webdriver.remote.remote_connection::remote_connection.py:_request:361: POST http://localhost:10820/session/1f3aaf98b1e6bfba1c3afb1de56835a9/execute/sync {"script": "return document.body.scrollHeight", "args": []}
DEBUG    2022-05-28 23:29:31 urllib3.connectionpool::connectionpool.py:_make_request:456: http://localhost:10820 "POST /session/1f3aaf98b1e6bfba1c3afb1de56835a9/execute/sync HTTP/1.1" 200 15
DEBUG    2022-05-28 23:29:31 selenium.webdriver.remote.remote_connection::remote_connection.py:_request:383: Remote response: status=200 | data={"value":75244} | headers=HTTPHeaderDict({'Content-Length': '15', 'Content-Type': 'application/json; charset=utf-8', 'cache-control': 'no-cache'})
DEBUG    2022-05-28 23:29:31 selenium.webdriver.remote.remote_connection::remote_connection.py:_request:412: Finished Request
DEBUG    2022-05-28 23:29:31 selenium.webdriver.remote.remote_connection::remote_connection.py:_request:361: POST http://localhost:10820/session/1f3aaf98b1e6bfba1c3afb1de56835a9/execute/sync {"script": "window.scrollTo(71704, 75244)", "args": []}
DEBUG    2022-05-28 23:29:31 urllib3.connectionpool::connectionpool.py:_make_request:456: http://localhost:10820 "POST /session/1f3aaf98b1e6bfba1c3afb1de56835a9/execute/sync HTTP/1.1" 200 14
DEBUG    2022-05-28 23:29:31 selenium.webdriver.remote.remote_connection::remote_connection.py:_request:383: Remote response: status=200 | data={"value":null} | headers=HTTPHeaderDict({'Content-Length': '14', 'Content-Type': 'application/json; charset=utf-8', 'cache-control': 'no-cache'})
DEBUG    2022-05-28 23:29:31 selenium.webdriver.remote.remote_connection::remote_connection.py:_request:412: Finished Request
DEBUG    2022-05-28 23:29:32 selenium.webdriver.remote.remote_connection::remote_connection.py:_request:361: POST http://localhost:10820/session/1f3aaf98b1e6bfba1c3afb1de56835a9/execute/sync {"script": "return document.body.scrollHeight", "args": []}
DEBUG    2022-05-28 23:29:32 urllib3.connectionpool::connectionpool.py:_make_request:456: http://localhost:10820 "POST /session/1f3aaf98b1e6bfba1c3afb1de56835a9/execute/sync HTTP/1.1" 200 15
DEBUG    2022-05-28 23:29:32 selenium.webdriver.remote.remote_connection::remote_connection.py:_request:383: Remote response: status=200 | data={"value":78784} | headers=HTTPHeaderDict({'Content-Length': '15', 'Content-Type': 'application/json; charset=utf-8', 'cache-control': 'no-cache'})
DEBUG    2022-05-28 23:29:32 selenium.webdriver.remote.remote_connection::remote_connection.py:_request:412: Finished Request
DEBUG    2022-05-28 23:29:32 selenium.webdriver.remote.remote_connection::remote_connection.py:_request:361: POST http://localhost:10820/session/1f3aaf98b1e6bfba1c3afb1de56835a9/execute/sync {"script": "window.scrollTo(75244, 78784)", "args": []}
DEBUG    2022-05-28 23:29:32 urllib3.connectionpool::connectionpool.py:_make_request:456: http://localhost:10820 "POST /session/1f3aaf98b1e6bfba1c3afb1de56835a9/execute/sync HTTP/1.1" 200 14
DEBUG    2022-05-28 23:29:32 selenium.webdriver.remote.remote_connection::remote_connection.py:_request:383: Remote response: status=200 | data={"value":null} | headers=HTTPHeaderDict({'Content-Length': '14', 'Content-Type': 'application/json; charset=utf-8', 'cache-control': 'no-cache'})
DEBUG    2022-05-28 23:29:32 selenium.webdriver.remote.remote_connection::remote_connection.py:_request:412: Finished Request
DEBUG    2022-05-28 23:29:33 selenium.webdriver.remote.remote_connection::remote_connection.py:_request:361: POST http://localhost:10820/session/1f3aaf98b1e6bfba1c3afb1de56835a9/execute/sync {"script": "return document.body.scrollHeight", "args": []}
DEBUG    2022-05-28 23:29:33 urllib3.connectionpool::connectionpool.py:_make_request:456: http://localhost:10820 "POST /session/1f3aaf98b1e6bfba1c3afb1de56835a9/execute/sync HTTP/1.1" 200 15
DEBUG    2022-05-28 23:29:33 selenium.webdriver.remote.remote_connection::remote_connection.py:_request:383: Remote response: status=200 | data={"value":82324} | headers=HTTPHeaderDict({'Content-Length': '15', 'Content-Type': 'application/json; charset=utf-8', 'cache-control': 'no-cache'})
DEBUG    2022-05-28 23:29:33 selenium.webdriver.remote.remote_connection::remote_connection.py:_request:412: Finished Request
DEBUG    2022-05-28 23:29:33 selenium.webdriver.remote.remote_connection::remote_connection.py:_request:361: POST http://localhost:10820/session/1f3aaf98b1e6bfba1c3afb1de56835a9/execute/sync {"script": "window.scrollTo(78784, 82324)", "args": []}
DEBUG    2022-05-28 23:29:33 urllib3.connectionpool::connectionpool.py:_make_request:456: http://localhost:10820 "POST /session/1f3aaf98b1e6bfba1c3afb1de56835a9/execute/sync HTTP/1.1" 200 14
DEBUG    2022-05-28 23:29:33 selenium.webdriver.remote.remote_connection::remote_connection.py:_request:383: Remote response: status=200 | data={"value":null} | headers=HTTPHeaderDict({'Content-Length': '14', 'Content-Type': 'application/json; charset=utf-8', 'cache-control': 'no-cache'})
DEBUG    2022-05-28 23:29:33 selenium.webdriver.remote.remote_connection::remote_connection.py:_request:412: Finished Request
DEBUG    2022-05-28 23:29:34 selenium.webdriver.remote.remote_connection::remote_connection.py:_request:361: POST http://localhost:10820/session/1f3aaf98b1e6bfba1c3afb1de56835a9/execute/sync {"script": "return document.body.scrollHeight", "args": []}
DEBUG    2022-05-28 23:29:34 urllib3.connectionpool::connectionpool.py:_make_request:456: http://localhost:10820 "POST /session/1f3aaf98b1e6bfba1c3afb1de56835a9/execute/sync HTTP/1.1" 200 15
DEBUG    2022-05-28 23:29:34 selenium.webdriver.remote.remote_connection::remote_connection.py:_request:383: Remote response: status=200 | data={"value":85864} | headers=HTTPHeaderDict({'Content-Length': '15', 'Content-Type': 'application/json; charset=utf-8', 'cache-control': 'no-cache'})
DEBUG    2022-05-28 23:29:34 selenium.webdriver.remote.remote_connection::remote_connection.py:_request:412: Finished Request
DEBUG    2022-05-28 23:29:34 selenium.webdriver.remote.remote_connection::remote_connection.py:_request:361: POST http://localhost:10820/session/1f3aaf98b1e6bfba1c3afb1de56835a9/execute/sync {"script": "window.scrollTo(82324, 85864)", "args": []}
DEBUG    2022-05-28 23:29:34 urllib3.connectionpool::connectionpool.py:_make_request:456: http://localhost:10820 "POST /session/1f3aaf98b1e6bfba1c3afb1de56835a9/execute/sync HTTP/1.1" 200 14
DEBUG    2022-05-28 23:29:34 selenium.webdriver.remote.remote_connection::remote_connection.py:_request:383: Remote response: status=200 | data={"value":null} | headers=HTTPHeaderDict({'Content-Length': '14', 'Content-Type': 'application/json; charset=utf-8', 'cache-control': 'no-cache'})
DEBUG    2022-05-28 23:29:34 selenium.webdriver.remote.remote_connection::remote_connection.py:_request:412: Finished Request
DEBUG    2022-05-28 23:29:35 selenium.webdriver.remote.remote_connection::remote_connection.py:_request:361: POST http://localhost:10820/session/1f3aaf98b1e6bfba1c3afb1de56835a9/execute/sync {"script": "return document.body.scrollHeight", "args": []}
DEBUG    2022-05-28 23:29:35 urllib3.connectionpool::connectionpool.py:_make_request:456: http://localhost:10820 "POST /session/1f3aaf98b1e6bfba1c3afb1de56835a9/execute/sync HTTP/1.1" 200 15
DEBUG    2022-05-28 23:29:35 selenium.webdriver.remote.remote_connection::remote_connection.py:_request:383: Remote response: status=200 | data={"value":89404} | headers=HTTPHeaderDict({'Content-Length': '15', 'Content-Type': 'application/json; charset=utf-8', 'cache-control': 'no-cache'})
DEBUG    2022-05-28 23:29:35 selenium.webdriver.remote.remote_connection::remote_connection.py:_request:412: Finished Request
DEBUG    2022-05-28 23:29:35 selenium.webdriver.remote.remote_connection::remote_connection.py:_request:361: POST http://localhost:10820/session/1f3aaf98b1e6bfba1c3afb1de56835a9/execute/sync {"script": "window.scrollTo(85864, 89404)", "args": []}
DEBUG    2022-05-28 23:29:35 urllib3.connectionpool::connectionpool.py:_make_request:456: http://localhost:10820 "POST /session/1f3aaf98b1e6bfba1c3afb1de56835a9/execute/sync HTTP/1.1" 200 14
DEBUG    2022-05-28 23:29:35 selenium.webdriver.remote.remote_connection::remote_connection.py:_request:383: Remote response: status=200 | data={"value":null} | headers=HTTPHeaderDict({'Content-Length': '14', 'Content-Type': 'application/json; charset=utf-8', 'cache-control': 'no-cache'})
DEBUG    2022-05-28 23:29:35 selenium.webdriver.remote.remote_connection::remote_connection.py:_request:412: Finished Request
DEBUG    2022-05-28 23:29:36 selenium.webdriver.remote.remote_connection::remote_connection.py:_request:361: POST http://localhost:10820/session/1f3aaf98b1e6bfba1c3afb1de56835a9/execute/sync {"script": "return document.body.scrollHeight", "args": []}
DEBUG    2022-05-28 23:29:36 urllib3.connectionpool::connectionpool.py:_make_request:456: http://localhost:10820 "POST /session/1f3aaf98b1e6bfba1c3afb1de56835a9/execute/sync HTTP/1.1" 200 15
DEBUG    2022-05-28 23:29:36 selenium.webdriver.remote.remote_connection::remote_connection.py:_request:383: Remote response: status=200 | data={"value":92944} | headers=HTTPHeaderDict({'Content-Length': '15', 'Content-Type': 'application/json; charset=utf-8', 'cache-control': 'no-cache'})
DEBUG    2022-05-28 23:29:36 selenium.webdriver.remote.remote_connection::remote_connection.py:_request:412: Finished Request
DEBUG    2022-05-28 23:29:36 selenium.webdriver.remote.remote_connection::remote_connection.py:_request:361: POST http://localhost:10820/session/1f3aaf98b1e6bfba1c3afb1de56835a9/execute/sync {"script": "window.scrollTo(89404, 92944)", "args": []}
DEBUG    2022-05-28 23:29:36 urllib3.connectionpool::connectionpool.py:_make_request:456: http://localhost:10820 "POST /session/1f3aaf98b1e6bfba1c3afb1de56835a9/execute/sync HTTP/1.1" 200 14
DEBUG    2022-05-28 23:29:36 selenium.webdriver.remote.remote_connection::remote_connection.py:_request:383: Remote response: status=200 | data={"value":null} | headers=HTTPHeaderDict({'Content-Length': '14', 'Content-Type': 'application/json; charset=utf-8', 'cache-control': 'no-cache'})
DEBUG    2022-05-28 23:29:36 selenium.webdriver.remote.remote_connection::remote_connection.py:_request:412: Finished Request
DEBUG    2022-05-28 23:29:37 selenium.webdriver.remote.remote_connection::remote_connection.py:_request:361: POST http://localhost:10820/session/1f3aaf98b1e6bfba1c3afb1de56835a9/execute/sync {"script": "return document.body.scrollHeight", "args": []}
DEBUG    2022-05-28 23:29:37 urllib3.connectionpool::connectionpool.py:_make_request:456: http://localhost:10820 "POST /session/1f3aaf98b1e6bfba1c3afb1de56835a9/execute/sync HTTP/1.1" 200 15
DEBUG    2022-05-28 23:29:37 selenium.webdriver.remote.remote_connection::remote_connection.py:_request:383: Remote response: status=200 | data={"value":96484} | headers=HTTPHeaderDict({'Content-Length': '15', 'Content-Type': 'application/json; charset=utf-8', 'cache-control': 'no-cache'})
DEBUG    2022-05-28 23:29:37 selenium.webdriver.remote.remote_connection::remote_connection.py:_request:412: Finished Request
DEBUG    2022-05-28 23:29:37 selenium.webdriver.remote.remote_connection::remote_connection.py:_request:361: POST http://localhost:10820/session/1f3aaf98b1e6bfba1c3afb1de56835a9/execute/sync {"script": "window.scrollTo(92944, 96484)", "args": []}
DEBUG    2022-05-28 23:29:37 urllib3.connectionpool::connectionpool.py:_make_request:456: http://localhost:10820 "POST /session/1f3aaf98b1e6bfba1c3afb1de56835a9/execute/sync HTTP/1.1" 200 14
DEBUG    2022-05-28 23:29:37 selenium.webdriver.remote.remote_connection::remote_connection.py:_request:383: Remote response: status=200 | data={"value":null} | headers=HTTPHeaderDict({'Content-Length': '14', 'Content-Type': 'application/json; charset=utf-8', 'cache-control': 'no-cache'})
DEBUG    2022-05-28 23:29:37 selenium.webdriver.remote.remote_connection::remote_connection.py:_request:412: Finished Request
DEBUG    2022-05-28 23:29:38 selenium.webdriver.remote.remote_connection::remote_connection.py:_request:361: POST http://localhost:10820/session/1f3aaf98b1e6bfba1c3afb1de56835a9/execute/sync {"script": "return document.body.scrollHeight", "args": []}
DEBUG    2022-05-28 23:29:38 urllib3.connectionpool::connectionpool.py:_make_request:456: http://localhost:10820 "POST /session/1f3aaf98b1e6bfba1c3afb1de56835a9/execute/sync HTTP/1.1" 200 16
DEBUG    2022-05-28 23:29:38 selenium.webdriver.remote.remote_connection::remote_connection.py:_request:383: Remote response: status=200 | data={"value":100024} | headers=HTTPHeaderDict({'Content-Length': '16', 'Content-Type': 'application/json; charset=utf-8', 'cache-control': 'no-cache'})
DEBUG    2022-05-28 23:29:38 selenium.webdriver.remote.remote_connection::remote_connection.py:_request:412: Finished Request
DEBUG    2022-05-28 23:29:38 selenium.webdriver.remote.remote_connection::remote_connection.py:_request:361: POST http://localhost:10820/session/1f3aaf98b1e6bfba1c3afb1de56835a9/execute/sync {"script": "window.scrollTo(96484, 100024)", "args": []}
DEBUG    2022-05-28 23:29:38 urllib3.connectionpool::connectionpool.py:_make_request:456: http://localhost:10820 "POST /session/1f3aaf98b1e6bfba1c3afb1de56835a9/execute/sync HTTP/1.1" 200 14
DEBUG    2022-05-28 23:29:38 selenium.webdriver.remote.remote_connection::remote_connection.py:_request:383: Remote response: status=200 | data={"value":null} | headers=HTTPHeaderDict({'Content-Length': '14', 'Content-Type': 'application/json; charset=utf-8', 'cache-control': 'no-cache'})
DEBUG    2022-05-28 23:29:38 selenium.webdriver.remote.remote_connection::remote_connection.py:_request:412: Finished Request
DEBUG    2022-05-28 23:29:39 selenium.webdriver.remote.remote_connection::remote_connection.py:_request:361: POST http://localhost:10820/session/1f3aaf98b1e6bfba1c3afb1de56835a9/execute/sync {"script": "return document.body.scrollHeight", "args": []}
DEBUG    2022-05-28 23:29:39 urllib3.connectionpool::connectionpool.py:_make_request:456: http://localhost:10820 "POST /session/1f3aaf98b1e6bfba1c3afb1de56835a9/execute/sync HTTP/1.1" 200 16
DEBUG    2022-05-28 23:29:39 selenium.webdriver.remote.remote_connection::remote_connection.py:_request:383: Remote response: status=200 | data={"value":103564} | headers=HTTPHeaderDict({'Content-Length': '16', 'Content-Type': 'application/json; charset=utf-8', 'cache-control': 'no-cache'})
DEBUG    2022-05-28 23:29:39 selenium.webdriver.remote.remote_connection::remote_connection.py:_request:412: Finished Request
DEBUG    2022-05-28 23:29:39 selenium.webdriver.remote.remote_connection::remote_connection.py:_request:361: POST http://localhost:10820/session/1f3aaf98b1e6bfba1c3afb1de56835a9/execute/sync {"script": "window.scrollTo(100024, 103564)", "args": []}
DEBUG    2022-05-28 23:29:39 urllib3.connectionpool::connectionpool.py:_make_request:456: http://localhost:10820 "POST /session/1f3aaf98b1e6bfba1c3afb1de56835a9/execute/sync HTTP/1.1" 200 14
DEBUG    2022-05-28 23:29:39 selenium.webdriver.remote.remote_connection::remote_connection.py:_request:383: Remote response: status=200 | data={"value":null} | headers=HTTPHeaderDict({'Content-Length': '14', 'Content-Type': 'application/json; charset=utf-8', 'cache-control': 'no-cache'})
DEBUG    2022-05-28 23:29:39 selenium.webdriver.remote.remote_connection::remote_connection.py:_request:412: Finished Request
DEBUG    2022-05-28 23:29:40 selenium.webdriver.remote.remote_connection::remote_connection.py:_request:361: POST http://localhost:10820/session/1f3aaf98b1e6bfba1c3afb1de56835a9/execute/sync {"script": "return document.body.scrollHeight", "args": []}
DEBUG    2022-05-28 23:29:40 urllib3.connectionpool::connectionpool.py:_make_request:456: http://localhost:10820 "POST /session/1f3aaf98b1e6bfba1c3afb1de56835a9/execute/sync HTTP/1.1" 200 16
DEBUG    2022-05-28 23:29:40 selenium.webdriver.remote.remote_connection::remote_connection.py:_request:383: Remote response: status=200 | data={"value":107104} | headers=HTTPHeaderDict({'Content-Length': '16', 'Content-Type': 'application/json; charset=utf-8', 'cache-control': 'no-cache'})
DEBUG    2022-05-28 23:29:40 selenium.webdriver.remote.remote_connection::remote_connection.py:_request:412: Finished Request
DEBUG    2022-05-28 23:29:40 selenium.webdriver.remote.remote_connection::remote_connection.py:_request:361: POST http://localhost:10820/session/1f3aaf98b1e6bfba1c3afb1de56835a9/execute/sync {"script": "window.scrollTo(103564, 107104)", "args": []}
DEBUG    2022-05-28 23:29:40 urllib3.connectionpool::connectionpool.py:_make_request:456: http://localhost:10820 "POST /session/1f3aaf98b1e6bfba1c3afb1de56835a9/execute/sync HTTP/1.1" 200 14
DEBUG    2022-05-28 23:29:40 selenium.webdriver.remote.remote_connection::remote_connection.py:_request:383: Remote response: status=200 | data={"value":null} | headers=HTTPHeaderDict({'Content-Length': '14', 'Content-Type': 'application/json; charset=utf-8', 'cache-control': 'no-cache'})
DEBUG    2022-05-28 23:29:40 selenium.webdriver.remote.remote_connection::remote_connection.py:_request:412: Finished Request
DEBUG    2022-05-28 23:29:41 selenium.webdriver.remote.remote_connection::remote_connection.py:_request:361: POST http://localhost:10820/session/1f3aaf98b1e6bfba1c3afb1de56835a9/execute/sync {"script": "return document.body.scrollHeight", "args": []}
DEBUG    2022-05-28 23:29:41 urllib3.connectionpool::connectionpool.py:_make_request:456: http://localhost:10820 "POST /session/1f3aaf98b1e6bfba1c3afb1de56835a9/execute/sync HTTP/1.1" 200 16
DEBUG    2022-05-28 23:29:41 selenium.webdriver.remote.remote_connection::remote_connection.py:_request:383: Remote response: status=200 | data={"value":110644} | headers=HTTPHeaderDict({'Content-Length': '16', 'Content-Type': 'application/json; charset=utf-8', 'cache-control': 'no-cache'})
DEBUG    2022-05-28 23:29:41 selenium.webdriver.remote.remote_connection::remote_connection.py:_request:412: Finished Request
DEBUG    2022-05-28 23:29:41 selenium.webdriver.remote.remote_connection::remote_connection.py:_request:361: POST http://localhost:10820/session/1f3aaf98b1e6bfba1c3afb1de56835a9/execute/sync {"script": "window.scrollTo(107104, 110644)", "args": []}
DEBUG    2022-05-28 23:29:41 urllib3.connectionpool::connectionpool.py:_make_request:456: http://localhost:10820 "POST /session/1f3aaf98b1e6bfba1c3afb1de56835a9/execute/sync HTTP/1.1" 200 14
DEBUG    2022-05-28 23:29:41 selenium.webdriver.remote.remote_connection::remote_connection.py:_request:383: Remote response: status=200 | data={"value":null} | headers=HTTPHeaderDict({'Content-Length': '14', 'Content-Type': 'application/json; charset=utf-8', 'cache-control': 'no-cache'})
DEBUG    2022-05-28 23:29:41 selenium.webdriver.remote.remote_connection::remote_connection.py:_request:412: Finished Request
DEBUG    2022-05-28 23:29:42 selenium.webdriver.remote.remote_connection::remote_connection.py:_request:361: POST http://localhost:10820/session/1f3aaf98b1e6bfba1c3afb1de56835a9/execute/sync {"script": "return document.body.scrollHeight", "args": []}
DEBUG    2022-05-28 23:29:42 urllib3.connectionpool::connectionpool.py:_make_request:456: http://localhost:10820 "POST /session/1f3aaf98b1e6bfba1c3afb1de56835a9/execute/sync HTTP/1.1" 200 16
DEBUG    2022-05-28 23:29:42 selenium.webdriver.remote.remote_connection::remote_connection.py:_request:383: Remote response: status=200 | data={"value":114184} | headers=HTTPHeaderDict({'Content-Length': '16', 'Content-Type': 'application/json; charset=utf-8', 'cache-control': 'no-cache'})
DEBUG    2022-05-28 23:29:42 selenium.webdriver.remote.remote_connection::remote_connection.py:_request:412: Finished Request
DEBUG    2022-05-28 23:29:42 selenium.webdriver.remote.remote_connection::remote_connection.py:_request:361: POST http://localhost:10820/session/1f3aaf98b1e6bfba1c3afb1de56835a9/execute/sync {"script": "window.scrollTo(110644, 114184)", "args": []}
DEBUG    2022-05-28 23:29:42 urllib3.connectionpool::connectionpool.py:_make_request:456: http://localhost:10820 "POST /session/1f3aaf98b1e6bfba1c3afb1de56835a9/execute/sync HTTP/1.1" 200 14
DEBUG    2022-05-28 23:29:42 selenium.webdriver.remote.remote_connection::remote_connection.py:_request:383: Remote response: status=200 | data={"value":null} | headers=HTTPHeaderDict({'Content-Length': '14', 'Content-Type': 'application/json; charset=utf-8', 'cache-control': 'no-cache'})
DEBUG    2022-05-28 23:29:42 selenium.webdriver.remote.remote_connection::remote_connection.py:_request:412: Finished Request
DEBUG    2022-05-28 23:29:43 selenium.webdriver.remote.remote_connection::remote_connection.py:_request:361: POST http://localhost:10820/session/1f3aaf98b1e6bfba1c3afb1de56835a9/execute/sync {"script": "return document.body.scrollHeight", "args": []}
DEBUG    2022-05-28 23:29:43 urllib3.connectionpool::connectionpool.py:_make_request:456: http://localhost:10820 "POST /session/1f3aaf98b1e6bfba1c3afb1de56835a9/execute/sync HTTP/1.1" 200 16
DEBUG    2022-05-28 23:29:43 selenium.webdriver.remote.remote_connection::remote_connection.py:_request:383: Remote response: status=200 | data={"value":117724} | headers=HTTPHeaderDict({'Content-Length': '16', 'Content-Type': 'application/json; charset=utf-8', 'cache-control': 'no-cache'})
DEBUG    2022-05-28 23:29:43 selenium.webdriver.remote.remote_connection::remote_connection.py:_request:412: Finished Request
DEBUG    2022-05-28 23:29:43 selenium.webdriver.remote.remote_connection::remote_connection.py:_request:361: POST http://localhost:10820/session/1f3aaf98b1e6bfba1c3afb1de56835a9/execute/sync {"script": "window.scrollTo(114184, 117724)", "args": []}
DEBUG    2022-05-28 23:29:43 urllib3.connectionpool::connectionpool.py:_make_request:456: http://localhost:10820 "POST /session/1f3aaf98b1e6bfba1c3afb1de56835a9/execute/sync HTTP/1.1" 200 14
DEBUG    2022-05-28 23:29:43 selenium.webdriver.remote.remote_connection::remote_connection.py:_request:383: Remote response: status=200 | data={"value":null} | headers=HTTPHeaderDict({'Content-Length': '14', 'Content-Type': 'application/json; charset=utf-8', 'cache-control': 'no-cache'})
DEBUG    2022-05-28 23:29:43 selenium.webdriver.remote.remote_connection::remote_connection.py:_request:412: Finished Request
DEBUG    2022-05-28 23:29:44 selenium.webdriver.remote.remote_connection::remote_connection.py:_request:361: POST http://localhost:10820/session/1f3aaf98b1e6bfba1c3afb1de56835a9/execute/sync {"script": "return document.body.scrollHeight", "args": []}
DEBUG    2022-05-28 23:29:44 urllib3.connectionpool::connectionpool.py:_make_request:456: http://localhost:10820 "POST /session/1f3aaf98b1e6bfba1c3afb1de56835a9/execute/sync HTTP/1.1" 200 16
DEBUG    2022-05-28 23:29:44 selenium.webdriver.remote.remote_connection::remote_connection.py:_request:383: Remote response: status=200 | data={"value":121264} | headers=HTTPHeaderDict({'Content-Length': '16', 'Content-Type': 'application/json; charset=utf-8', 'cache-control': 'no-cache'})
DEBUG    2022-05-28 23:29:44 selenium.webdriver.remote.remote_connection::remote_connection.py:_request:412: Finished Request
DEBUG    2022-05-28 23:29:44 selenium.webdriver.remote.remote_connection::remote_connection.py:_request:361: POST http://localhost:10820/session/1f3aaf98b1e6bfba1c3afb1de56835a9/execute/sync {"script": "window.scrollTo(117724, 121264)", "args": []}
DEBUG    2022-05-28 23:29:45 urllib3.connectionpool::connectionpool.py:_make_request:456: http://localhost:10820 "POST /session/1f3aaf98b1e6bfba1c3afb1de56835a9/execute/sync HTTP/1.1" 200 14
DEBUG    2022-05-28 23:29:45 selenium.webdriver.remote.remote_connection::remote_connection.py:_request:383: Remote response: status=200 | data={"value":null} | headers=HTTPHeaderDict({'Content-Length': '14', 'Content-Type': 'application/json; charset=utf-8', 'cache-control': 'no-cache'})
DEBUG    2022-05-28 23:29:45 selenium.webdriver.remote.remote_connection::remote_connection.py:_request:412: Finished Request
DEBUG    2022-05-28 23:29:45 selenium.webdriver.remote.remote_connection::remote_connection.py:_request:361: POST http://localhost:10820/session/1f3aaf98b1e6bfba1c3afb1de56835a9/execute/sync {"script": "return document.body.scrollHeight", "args": []}
DEBUG    2022-05-28 23:29:45 urllib3.connectionpool::connectionpool.py:_make_request:456: http://localhost:10820 "POST /session/1f3aaf98b1e6bfba1c3afb1de56835a9/execute/sync HTTP/1.1" 200 16
DEBUG    2022-05-28 23:29:45 selenium.webdriver.remote.remote_connection::remote_connection.py:_request:383: Remote response: status=200 | data={"value":124804} | headers=HTTPHeaderDict({'Content-Length': '16', 'Content-Type': 'application/json; charset=utf-8', 'cache-control': 'no-cache'})
DEBUG    2022-05-28 23:29:45 selenium.webdriver.remote.remote_connection::remote_connection.py:_request:412: Finished Request
DEBUG    2022-05-28 23:29:45 selenium.webdriver.remote.remote_connection::remote_connection.py:_request:361: POST http://localhost:10820/session/1f3aaf98b1e6bfba1c3afb1de56835a9/execute/sync {"script": "window.scrollTo(121264, 124804)", "args": []}
DEBUG    2022-05-28 23:29:46 urllib3.connectionpool::connectionpool.py:_make_request:456: http://localhost:10820 "POST /session/1f3aaf98b1e6bfba1c3afb1de56835a9/execute/sync HTTP/1.1" 200 14
DEBUG    2022-05-28 23:29:46 selenium.webdriver.remote.remote_connection::remote_connection.py:_request:383: Remote response: status=200 | data={"value":null} | headers=HTTPHeaderDict({'Content-Length': '14', 'Content-Type': 'application/json; charset=utf-8', 'cache-control': 'no-cache'})
DEBUG    2022-05-28 23:29:46 selenium.webdriver.remote.remote_connection::remote_connection.py:_request:412: Finished Request
DEBUG    2022-05-28 23:29:46 selenium.webdriver.remote.remote_connection::remote_connection.py:_request:361: POST http://localhost:10820/session/1f3aaf98b1e6bfba1c3afb1de56835a9/execute/sync {"script": "return document.body.scrollHeight", "args": []}
DEBUG    2022-05-28 23:29:46 urllib3.connectionpool::connectionpool.py:_make_request:456: http://localhost:10820 "POST /session/1f3aaf98b1e6bfba1c3afb1de56835a9/execute/sync HTTP/1.1" 200 16
DEBUG    2022-05-28 23:29:46 selenium.webdriver.remote.remote_connection::remote_connection.py:_request:383: Remote response: status=200 | data={"value":128344} | headers=HTTPHeaderDict({'Content-Length': '16', 'Content-Type': 'application/json; charset=utf-8', 'cache-control': 'no-cache'})
DEBUG    2022-05-28 23:29:46 selenium.webdriver.remote.remote_connection::remote_connection.py:_request:412: Finished Request
DEBUG    2022-05-28 23:29:46 selenium.webdriver.remote.remote_connection::remote_connection.py:_request:361: POST http://localhost:10820/session/1f3aaf98b1e6bfba1c3afb1de56835a9/execute/sync {"script": "window.scrollTo(124804, 128344)", "args": []}
DEBUG    2022-05-28 23:29:47 urllib3.connectionpool::connectionpool.py:_make_request:456: http://localhost:10820 "POST /session/1f3aaf98b1e6bfba1c3afb1de56835a9/execute/sync HTTP/1.1" 200 14
DEBUG    2022-05-28 23:29:47 selenium.webdriver.remote.remote_connection::remote_connection.py:_request:383: Remote response: status=200 | data={"value":null} | headers=HTTPHeaderDict({'Content-Length': '14', 'Content-Type': 'application/json; charset=utf-8', 'cache-control': 'no-cache'})
DEBUG    2022-05-28 23:29:47 selenium.webdriver.remote.remote_connection::remote_connection.py:_request:412: Finished Request
DEBUG    2022-05-28 23:29:47 selenium.webdriver.remote.remote_connection::remote_connection.py:_request:361: POST http://localhost:10820/session/1f3aaf98b1e6bfba1c3afb1de56835a9/execute/sync {"script": "return document.body.scrollHeight", "args": []}
DEBUG    2022-05-28 23:29:47 urllib3.connectionpool::connectionpool.py:_make_request:456: http://localhost:10820 "POST /session/1f3aaf98b1e6bfba1c3afb1de56835a9/execute/sync HTTP/1.1" 200 16
DEBUG    2022-05-28 23:29:47 selenium.webdriver.remote.remote_connection::remote_connection.py:_request:383: Remote response: status=200 | data={"value":131884} | headers=HTTPHeaderDict({'Content-Length': '16', 'Content-Type': 'application/json; charset=utf-8', 'cache-control': 'no-cache'})
DEBUG    2022-05-28 23:29:47 selenium.webdriver.remote.remote_connection::remote_connection.py:_request:412: Finished Request
DEBUG    2022-05-28 23:29:47 selenium.webdriver.remote.remote_connection::remote_connection.py:_request:361: POST http://localhost:10820/session/1f3aaf98b1e6bfba1c3afb1de56835a9/execute/sync {"script": "window.scrollTo(128344, 131884)", "args": []}
DEBUG    2022-05-28 23:29:48 urllib3.connectionpool::connectionpool.py:_make_request:456: http://localhost:10820 "POST /session/1f3aaf98b1e6bfba1c3afb1de56835a9/execute/sync HTTP/1.1" 200 14
DEBUG    2022-05-28 23:29:48 selenium.webdriver.remote.remote_connection::remote_connection.py:_request:383: Remote response: status=200 | data={"value":null} | headers=HTTPHeaderDict({'Content-Length': '14', 'Content-Type': 'application/json; charset=utf-8', 'cache-control': 'no-cache'})
DEBUG    2022-05-28 23:29:48 selenium.webdriver.remote.remote_connection::remote_connection.py:_request:412: Finished Request
DEBUG    2022-05-28 23:29:48 selenium.webdriver.remote.remote_connection::remote_connection.py:_request:361: POST http://localhost:10820/session/1f3aaf98b1e6bfba1c3afb1de56835a9/execute/sync {"script": "return document.body.scrollHeight", "args": []}
DEBUG    2022-05-28 23:29:48 urllib3.connectionpool::connectionpool.py:_make_request:456: http://localhost:10820 "POST /session/1f3aaf98b1e6bfba1c3afb1de56835a9/execute/sync HTTP/1.1" 200 16
DEBUG    2022-05-28 23:29:48 selenium.webdriver.remote.remote_connection::remote_connection.py:_request:383: Remote response: status=200 | data={"value":135424} | headers=HTTPHeaderDict({'Content-Length': '16', 'Content-Type': 'application/json; charset=utf-8', 'cache-control': 'no-cache'})
DEBUG    2022-05-28 23:29:48 selenium.webdriver.remote.remote_connection::remote_connection.py:_request:412: Finished Request
DEBUG    2022-05-28 23:29:48 selenium.webdriver.remote.remote_connection::remote_connection.py:_request:361: POST http://localhost:10820/session/1f3aaf98b1e6bfba1c3afb1de56835a9/execute/sync {"script": "window.scrollTo(131884, 135424)", "args": []}
DEBUG    2022-05-28 23:29:49 urllib3.connectionpool::connectionpool.py:_make_request:456: http://localhost:10820 "POST /session/1f3aaf98b1e6bfba1c3afb1de56835a9/execute/sync HTTP/1.1" 200 14
DEBUG    2022-05-28 23:29:49 selenium.webdriver.remote.remote_connection::remote_connection.py:_request:383: Remote response: status=200 | data={"value":null} | headers=HTTPHeaderDict({'Content-Length': '14', 'Content-Type': 'application/json; charset=utf-8', 'cache-control': 'no-cache'})
DEBUG    2022-05-28 23:29:49 selenium.webdriver.remote.remote_connection::remote_connection.py:_request:412: Finished Request
DEBUG    2022-05-28 23:29:50 selenium.webdriver.remote.remote_connection::remote_connection.py:_request:361: POST http://localhost:10820/session/1f3aaf98b1e6bfba1c3afb1de56835a9/execute/sync {"script": "return document.body.scrollHeight", "args": []}
DEBUG    2022-05-28 23:29:50 urllib3.connectionpool::connectionpool.py:_make_request:456: http://localhost:10820 "POST /session/1f3aaf98b1e6bfba1c3afb1de56835a9/execute/sync HTTP/1.1" 200 16
DEBUG    2022-05-28 23:29:50 selenium.webdriver.remote.remote_connection::remote_connection.py:_request:383: Remote response: status=200 | data={"value":136250} | headers=HTTPHeaderDict({'Content-Length': '16', 'Content-Type': 'application/json; charset=utf-8', 'cache-control': 'no-cache'})
DEBUG    2022-05-28 23:29:50 selenium.webdriver.remote.remote_connection::remote_connection.py:_request:412: Finished Request
DEBUG    2022-05-28 23:29:50 selenium.webdriver.remote.remote_connection::remote_connection.py:_request:361: POST http://localhost:10820/session/1f3aaf98b1e6bfba1c3afb1de56835a9/execute/sync {"script": "window.scrollTo(135424, 136250)", "args": []}
DEBUG    2022-05-28 23:29:50 urllib3.connectionpool::connectionpool.py:_make_request:456: http://localhost:10820 "POST /session/1f3aaf98b1e6bfba1c3afb1de56835a9/execute/sync HTTP/1.1" 200 14
DEBUG    2022-05-28 23:29:50 selenium.webdriver.remote.remote_connection::remote_connection.py:_request:383: Remote response: status=200 | data={"value":null} | headers=HTTPHeaderDict({'Content-Length': '14', 'Content-Type': 'application/json; charset=utf-8', 'cache-control': 'no-cache'})
DEBUG    2022-05-28 23:29:50 selenium.webdriver.remote.remote_connection::remote_connection.py:_request:412: Finished Request
DEBUG    2022-05-28 23:29:50 selenium.webdriver.remote.remote_connection::remote_connection.py:_request:361: POST http://localhost:10820/session/1f3aaf98b1e6bfba1c3afb1de56835a9/execute/sync {"script": "return document.body.scrollHeight", "args": []}
DEBUG    2022-05-28 23:29:50 urllib3.connectionpool::connectionpool.py:_make_request:456: http://localhost:10820 "POST /session/1f3aaf98b1e6bfba1c3afb1de56835a9/execute/sync HTTP/1.1" 200 16
DEBUG    2022-05-28 23:29:50 selenium.webdriver.remote.remote_connection::remote_connection.py:_request:383: Remote response: status=200 | data={"value":136250} | headers=HTTPHeaderDict({'Content-Length': '16', 'Content-Type': 'application/json; charset=utf-8', 'cache-control': 'no-cache'})
DEBUG    2022-05-28 23:29:50 selenium.webdriver.remote.remote_connection::remote_connection.py:_request:412: Finished Request
DEBUG    2022-05-28 23:29:50 selenium.webdriver.remote.remote_connection::remote_connection.py:_request:361: POST http://localhost:10820/session/1f3aaf98b1e6bfba1c3afb1de56835a9/elements {"using": "xpath", "value": "//span[@class='review_num ng-binding' and @ng-show='restaurant.owner_reply_count > 0']"}
DEBUG    2022-05-28 23:29:51 urllib3.connectionpool::connectionpool.py:_make_request:456: http://localhost:10820 "POST /session/1f3aaf98b1e6bfba1c3afb1de56835a9/elements HTTP/1.1" 200 92836
DEBUG    2022-05-28 23:29:51 selenium.webdriver.remote.remote_connection::remote_connection.py:_request:383: Remote response: status=200 | data={"value":[{"element-6066-11e4-a52e-4f735466cecf":"fc162711-4976-4141-a1bd-328eac35af5d"},{"element-6066-11e4-a52e-4f735466cecf":"3371a189-769b-4518-b842-20983af79c25"},{"element-6066-11e4-a52e-4f735466cecf":"a5cdcbf7-7d8e-4056-9507-da7b4ad009cd"},{"element-6066-11e4-a52e-4f735466cecf":"e3f21939-db82-4b27-9170-998d613bc601"},{"element-6066-11e4-a52e-4f735466cecf":"6014a781-b68e-49d1-a4b1-6f3bd081c421"},{"element-6066-11e4-a52e-4f735466cecf":"ea45d98b-cf0f-477c-9043-10914178ae19"},{"element-6066-11e4-a52e-4f735466cecf":"239c013a-59ea-4e4d-a6f1-9a98211b2061"},{"element-6066-11e4-a52e-4f735466cecf":"7a0b838a-12aa-47e9-bfdd-0067ea18076b"},{"element-6066-11e4-a52e-4f735466cecf":"b89ac975-7d6f-4718-83c8-0fe2af5dfcb7"},{"element-6066-11e4-a52e-4f735466cecf":"6f1e1cde-c1e8-4931-a34a-99f7f7bdea54"},{"element-6066-11e4-a52e-4f735466cecf":"e6ada28b-8174-4dda-9265-c45968f80088"},{"element-6066-11e4-a52e-4f735466cecf":"021d6b9d-9eb2-4c4c-9858-65bd209add75"},{"element-6066-11e4-a52e-4f735466cecf":"7df4cb18-add8-45bb-a207-ea83c691d241"},{"element-6066-11e4-a52e-4f735466cecf":"31377c10-66b9-4e7f-9d01-09fa20261543"},{"element-6066-11e4-a52e-4f735466cecf":"6437eb8a-cb23-4a9d-93e7-7b08f22ee666"},{"element-6066-11e4-a52e-4f735466cecf":"7e7b397e-138f-4383-8907-d89fb878aef3"},{"element-6066-11e4-a52e-4f735466cecf":"1237d5cc-8c92-4288-9e8d-cf06fc39f5cc"},{"element-6066-11e4-a52e-4f735466cecf":"418890c5-72ec-4eac-873e-7469684b273b"},{"element-6066-11e4-a52e-4f735466cecf":"0980dfaf-aab1-43cc-8bbc-7de75ed538cd"},{"element-6066-11e4-a52e-4f735466cecf":"095d81cd-0520-41ca-a5c5-25ee37005c51"},{"element-6066-11e4-a52e-4f735466cecf":"359d2645-39ac-4494-8b2f-55634627dbe5"},{"element-6066-11e4-a52e-4f735466cecf":"974f60f6-d585-4036-a8c5-f38cf32a4586"},{"element-6066-11e4-a52e-4f735466cecf":"11b3991b-cbb2-453c-848a-8dd8e1d96c4d"},{"element-6066-11e4-a52e-4f735466cecf":"8491f987-49d9-4951-b3dc-0d57ed096069"},{"element-6066-11e4-a52e-4f735466cecf":"48f9f2c3-65f1-48d8-9b83-57d57209e1a4"},{"element-6066-11e4-a52e-4f735466cecf":"7daeec10-27e4-484a-8091-852562f0fbb3"},{"element-6066-11e4-a52e-4f735466cecf":"0212f588-265b-425f-9e15-2c6d22857341"},{"element-6066-11e4-a52e-4f735466cecf":"aec91779-afdf-40ed-8e1a-477232d44673"},{"element-6066-11e4-a52e-4f735466cecf":"0e1b96ff-a3b5-4182-835f-0c317c1fed4e"},{"element-6066-11e4-a52e-4f735466cecf":"b8f093a7-b84e-4658-b03c-be5bb382a35e"},{"element-6066-11e4-a52e-4f735466cecf":"17362da6-f4ac-4abe-a2c2-b830db822d52"},{"element-6066-11e4-a52e-4f735466cecf":"29d10800-46d6-44f3-9959-56b04d90e0a1"},{"element-6066-11e4-a52e-4f735466cecf":"10319b61-b3f1-4a1f-b713-abf9002e5062"},{"element-6066-11e4-a52e-4f735466cecf":"044be876-0299-445b-bd62-86b04e174183"},{"element-6066-11e4-a52e-4f735466cecf":"c4f7886c-6d99-42fd-866e-4aef2956a335"},{"element-6066-11e4-a52e-4f735466cecf":"602aebb6-78d7-45db-8c65-7b2f053d5bed"},{"element-6066-11e4-a52e-4f735466cecf":"b2adffac-69ed-4e5c-b109-c54bfe5a65a5"},{"element-6066-11e4-a52e-4f735466cecf":"5a9de17a-b6b9-4402-9b31-d40f95b0edb1"},{"element-6066-11e4-a52e-4f735466cecf":"c6141722-2906-494d-9583-2ed9c2525cbb"},{"element-6066-11e4-a52e-4f735466cecf":"fdc680d3-32c9-4db6-8e6a-500fed8e5513"},{"element-6066-11e4-a52e-4f735466cecf":"e2983133-77a8-47ba-a10a-6e0ed0dffcfa"},{"element-6066-11e4-a52e-4f735466cecf":"156adf28-b9a7-428a-8ea2-f5fe66795db5"},{"element-6066-11e4-a52e-4f735466cecf":"5c09649b-501b-4c86-904b-0c6b2c6557fc"},{"element-6066-11e4-a52e-4f735466cecf":"49a40bc6-2638-41d2-bd13-9e8a80b05e62"},{"element-6066-11e4-a52e-4f735466cecf":"9092a8e1-d09d-48f8-bbc6-2d8f61b0dc4f"},{"element-6066-11e4-a52e-4f735466cecf":"92444366-85c4-4abc-8f10-638ae318116d"},{"element-6066-11e4-a52e-4f735466cecf":"02bdf8a8-c8a0-4cf8-aca9-6ef364b430f7"},{"element-6066-11e4-a52e-4f735466cecf":"94d06d0f-6ef1-4ae5-853a-1d48cb5d567b"},{"element-6066-11e4-a52e-4f735466cecf":"8739b4e8-0767-462c-8509-da6e052724e8"},{"element-6066-11e4-a52e-4f735466cecf":"6aca70e2-b10d-45fe-8a9f-82116c7936c2"},{"element-6066-11e4-a52e-4f735466cecf":"60bea1fa-444e-4df6-95d2-636918d793c8"},{"element-6066-11e4-a52e-4f735466cecf":"f369fa48-5651-4e49-96fd-5fe4162ecc3e"},{"element-6066-11e4-a52e-4f735466cecf":"efe5c9b1-7c20-4142-ab25-bd2212f9f1b5"},{"element-6066-11e4-a52e-4f735466cecf":"2de82243-0435-481d-83b2-4f7cee5a4559"},{"element-6066-11e4-a52e-4f735466cecf":"6f6516d3-7e8c-4c92-980f-11a9c60a9e2d"},{"element-6066-11e4-a52e-4f735466cecf":"a7301783-7448-44ef-8d55-db8906536a88"},{"element-6066-11e4-a52e-4f735466cecf":"a14dc887-8632-4fce-80f6-063517fd52b0"},{"element-6066-11e4-a52e-4f735466cecf":"bc806db7-5dfa-419d-b051-c276499da8be"},{"element-6066-11e4-a52e-4f735466cecf":"43b52736-97f3-4a8e-87d7-5bd55a3f6d1b"},{"element-6066-11e4-a52e-4f735466cecf":"e9f71f22-b629-4191-8569-d77951de9c72"},{"element-6066-11e4-a52e-4f735466cecf":"2046ea34-801b-4e5c-83f8-b7e63659cebc"},{"element-6066-11e4-a52e-4f735466cecf":"a3959f0c-01bf-4c0c-a65d-419437d092e6"},{"element-6066-11e4-a52e-4f735466cecf":"b5b11606-bc1b-4a2c-97fc-6e7a866cef64"},{"element-6066-11e4-a52e-4f735466cecf":"027a9f80-61de-4f9f-a221-06723661f0c3"},{"element-6066-11e4-a52e-4f735466cecf":"7a405a1e-a964-47d5-90d9-b92d0e445980"},{"element-6066-11e4-a52e-4f735466cecf":"410bd731-50f5-4882-8901-76fb7514d9c7"},{"element-6066-11e4-a52e-4f735466cecf":"996b23bb-1415-400a-863d-f5c9d1188ee8"},{"element-6066-11e4-a52e-4f735466cecf":"bf21cbb8-d829-43e6-89dd-043258297e0e"},{"element-6066-11e4-a52e-4f735466cecf":"7d039d11-8623-4fd3-b04c-3abbe48014b9"},{"element-6066-11e4-a52e-4f735466cecf":"55de24da-7d0b-4b79-af87-6425f59f0c59"},{"element-6066-11e4-a52e-4f735466cecf":"919998cb-6a92-4bb5-932c-23d3fb23a67c"},{"element-6066-11e4-a52e-4f735466cecf":"8a71c6a2-12fa-4019-8643-0c31babaf6cb"},{"element-6066-11e4-a52e-4f735466cecf":"5f070e76-775a-4edd-9e10-1492f2b5a07e"},{"element-6066-11e4-a52e-4f735466cecf":"9a657582-7707-4603-a4c9-97528a05a8be"},{"element-6066-11e4-a52e-4f735466cecf":"f2665356-cdec-4649-8ce7-c48cb6726fe4"},{"element-6066-11e4-a52e-4f735466cecf":"9af30e72-1773-4a43-8d7c-5af1cec54c85"},{"element-6066-11e4-a52e-4f735466cecf":"b2c84c64-9067-40c2-b8ca-c7389f335297"},{"element-6066-11e4-a52e-4f735466cecf":"ec9f6f83-b769-48ac-9a0c-cbe1a1e53c16"},{"element-6066-11e4-a52e-4f735466cecf":"d9b7f9ea-077c-4ef2-8e07-6fa28260b647"},{"element-6066-11e4-a52e-4f735466cecf":"21057a86-d112-4aba-b5cb-c9011862bd68"},{"element-6066-11e4-a52e-4f735466cecf":"9e3795ea-abc0-48c9-8718-62d744139d03"},{"element-6066-11e4-a52e-4f735466cecf":"294d91cf-4b49-4cde-bccb-9a013b4c4ce2"},{"element-6066-11e4-a52e-4f735466cecf":"d4785f50-a762-4e4a-939e-341349d9c3df"},{"element-6066-11e4-a52e-4f735466cecf":"159631f5-cbb5-459b-a9f4-c1301c1025e3"},{"element-6066-11e4-a52e-4f735466cecf":"358ddfe3-4085-47bd-a07a-5e1cbdae6654"},{"element-6066-11e4-a52e-4f735466cecf":"66a9c642-cba2-431b-b659-8cb3d4938ee7"},{"element-6066-11e4-a52e-4f735466cecf":"163337ad-0ad2-451d-b60b-12b704eb7ebb"},{"element-6066-11e4-a52e-4f735466cecf":"91e681e6-d6f7-400c-a465-686c9e26d3f3"},{"element-6066-11e4-a52e-4f735466cecf":"b4cd6a2b-eb7f-43f1-b969-cd2c61de3270"},{"element-6066-11e4-a52e-4f735466cecf":"306aeb7f-1817-4e66-9293-7975678f189b"},{"element-6066-11e4-a52e-4f735466cecf":"33cd137b-b61d-424d-b04b-d2fc1af3f03a"},{"element-6066-11e4-a52e-4f735466cecf":"10063c42-ae6a-4ade-8738-44ed680195bb"},{"element-6066-11e4-a52e-4f735466cecf":"fd5a6eb9-ad51-4177-87da-0f9493626795"},{"element-6066-11e4-a52e-4f735466cecf":"fa7ab315-a521-4c31-9c39-6801a4decb25"},{"element-6066-11e4-a52e-4f735466cecf":"263c6b0e-26a1-462c-b6a3-ab9b9d3eb48c"},{"element-6066-11e4-a52e-4f735466cecf":"78a196e9-6132-4f82-8fdd-122e3ed92253"},{"element-6066-11e4-a52e-4f735466cecf":"4f2e64cd-6edc-4261-a8b6-69cd14b05716"},{"element-6066-11e4-a52e-4f735466cecf":"8afa2832-dbc0-41e2-a593-948bec430bde"},{"element-6066-11e4-a52e-4f735466cecf":"8dc7d5fb-61f0-4c75-8ba0-4cf8e9bd479d"},{"element-6066-11e4-a52e-4f735466cecf":"0edcb76b-41c1-4c4c-850a-c92a8b9e25f5"},{"element-6066-11e4-a52e-4f735466cecf":"7478aa62-07d8-470a-8beb-43480720b77f"},{"element-6066-11e4-a52e-4f735466cecf":"fc9db71f-b4e1-495c-9034-0dc4e56b2495"},{"element-6066-11e4-a52e-4f735466cecf":"b626b528-e193-4d06-a04a-d83390cd0135"},{"element-6066-11e4-a52e-4f735466cecf":"f629ea82-3766-480d-936e-1a249b9cd03d"},{"element-6066-11e4-a52e-4f735466cecf":"e19bbfa1-f87f-43f6-abfc-6b3876f89a5e"},{"element-6066-11e4-a52e-4f735466cecf":"96e9a5f4-2ebe-4a9a-adab-0f5248dca03a"},{"element-6066-11e4-a52e-4f735466cecf":"b32908e5-72f7-4436-9597-6b9063180e08"},{"element-6066-11e4-a52e-4f735466cecf":"d345b379-3cad-4e7a-a925-06a8bf243b64"},{"element-6066-11e4-a52e-4f735466cecf":"5a84eab2-a55f-496b-a523-f1ff04f6c7eb"},{"element-6066-11e4-a52e-4f735466cecf":"7c3242f8-9a29-4938-9cca-f8991773b6d3"},{"element-6066-11e4-a52e-4f735466cecf":"1d96c3ce-08ac-46fd-8d8b-492a6300ef6e"},{"element-6066-11e4-a52e-4f735466cecf":"3bf324e4-d788-4303-8e1f-fa13b7581244"},{"element-6066-11e4-a52e-4f735466cecf":"22bfe0e4-ead1-45b5-b5c6-331428f7966c"},{"element-6066-11e4-a52e-4f735466cecf":"c4551707-ea51-44a0-8d09-ef42127a4329"},{"element-6066-11e4-a52e-4f735466cecf":"2fd80ef0-ed2d-44ef-a830-d41948833593"},{"element-6066-11e4-a52e-4f735466cecf":"5cd90c66-365b-4746-b81a-9c69d48ae7c8"},{"element-6066-11e4-a52e-4f735466cecf":"4e81da55-2657-4b66-8a43-3a9bdbe2d438"},{"element-6066-11e4-a52e-4f735466cecf":"48725dce-21f5-4d9c-822b-d7d6ce049d0d"},{"element-6066-11e4-a52e-4f735466cecf":"92d3e601-a7e1-4172-9f11-8aabe669a961"},{"element-6066-11e4-a52e-4f735466cecf":"e97b5b46-912b-47e5-be1e-1f7ea3b2a2e6"},{"element-6066-11e4-a52e-4f735466cecf":"7cd60f28-bfea-4b3c-ace7-0c3aa8e29ad0"},{"element-6066-11e4-a52e-4f735466cecf":"c1c1397d-1ae1-4255-a336-e022fabd47da"},{"element-6066-11e4-a52e-4f735466cecf":"2e0b80d7-ad46-41fa-a88d-08217a42022a"},{"element-6066-11e4-a52e-4f735466cecf":"53173f6c-8dec-4f9c-b5ad-755e5dc91461"},{"element-6066-11e4-a52e-4f735466cecf":"0ea5452e-13a1-4969-9018-502df61ef331"},{"element-6066-11e4-a52e-4f735466cecf":"713ff708-44ee-41e9-94d6-f78644939e2e"},{"element-6066-11e4-a52e-4f735466cecf":"cb8565a1-af5f-4436-96d6-9022bee60a62"},{"element-6066-11e4-a52e-4f735466cecf":"87f1cc8d-25e8-4afd-bd22-bc8d7b39f049"},{"element-6066-11e4-a52e-4f735466cecf":"def2bc8e-5830-43fa-9248-7cf2814ace5a"},{"element-6066-11e4-a52e-4f735466cecf":"9f42cd0b-a592-4721-8ee6-2581593c3b68"},{"element-6066-11e4-a52e-4f735466cecf":"7f3c2aff-79b7-4c67-91ab-ab015d98ed25"},{"element-6066-11e4-a52e-4f735466cecf":"e20f098e-be01-4694-bb4c-68007443fcd2"},{"element-6066-11e4-a52e-4f735466cecf":"0a745575-f0b8-47e0-8766-81170054c575"},{"element-6066-11e4-a52e-4f735466cecf":"90e57171-1a56-47ce-af9e-ec8e1fdd653f"},{"element-6066-11e4-a52e-4f735466cecf":"4ca5f23d-5314-4429-9f4b-0b10d8a6f5b9"},{"element-6066-11e4-a52e-4f735466cecf":"c69e018c-4a81-4878-a9cd-b26f27ac9ea5"},{"element-6066-11e4-a52e-4f735466cecf":"a5194d25-f6f3-409d-adce-ae3e23346786"},{"element-6066-11e4-a52e-4f735466cecf":"74857b23-7284-4c14-a031-0600b79b5131"},{"element-6066-11e4-a52e-4f735466cecf":"bf3eb278-9f41-4b0d-abc8-e6a48b8392ab"},{"element-6066-11e4-a52e-4f735466cecf":"3850187b-ee20-4f55-bdbe-a07657579896"},{"element-6066-11e4-a52e-4f735466cecf":"fa5f25db-8077-4a1a-984e-17c07488477f"},{"element-6066-11e4-a52e-4f735466cecf":"d7969ed7-e893-4276-ad73-bf2942a4cf04"},{"element-6066-11e4-a52e-4f735466cecf":"9e3c1506-8fae-48be-93ac-f993dacdacc1"},{"element-6066-11e4-a52e-4f735466cecf":"25707c69-bc94-4519-96d0-19347732d6d6"},{"element-6066-11e4-a52e-4f735466cecf":"14c2b029-cea8-4832-ae51-c1502faba065"},{"element-6066-11e4-a52e-4f735466cecf":"42a00560-81ac-49f2-b8a5-6a358524b869"},{"element-6066-11e4-a52e-4f735466cecf":"203793bf-73ce-4dec-8da6-394df3a6750b"},{"element-6066-11e4-a52e-4f735466cecf":"66e18db4-8850-49be-aac3-6fcdd430dab9"},{"element-6066-11e4-a52e-4f735466cecf":"2b8ba92a-551b-400a-9b6d-e0712be2ec3e"},{"element-6066-11e4-a52e-4f735466cecf":"a96a255c-75bb-4cf5-bf98-e12d67f1bb24"},{"element-6066-11e4-a52e-4f735466cecf":"62dd417a-bea7-44b9-ad93-347d9aeac83e"},{"element-6066-11e4-a52e-4f735466cecf":"ced8f7c1-7c02-493d-a0a7-bc8c7308ec5b"},{"element-6066-11e4-a52e-4f735466cecf":"81211b0f-d80b-4224-ba96-83bd0d9ef85c"},{"element-6066-11e4-a52e-4f735466cecf":"e3e2fffd-cf09-47c0-8aca-925684d238bb"},{"element-6066-11e4-a52e-4f735466cecf":"a77a600a-959b-4e2e-a8ba-020926ffae39"},{"element-6066-11e4-a52e-4f735466cecf":"f433e4ce-a6e5-43fb-ab61-567b4a7d203d"},{"element-6066-11e4-a52e-4f735466cecf":"21d3518f-f557-4779-a9c5-4f00d395acb0"},{"element-6066-11e4-a52e-4f735466cecf":"43f27985-0806-4f0d-a737-83c8af5a8130"},{"element-6066-11e4-a52e-4f735466cecf":"b781f607-edd2-42ff-a688-753c8fe85e08"},{"element-6066-11e4-a52e-4f735466cecf":"a33785f1-2444-48f6-b9f1-dcdcbde501fa"},{"element-6066-11e4-a52e-4f735466cecf":"d6712629-bf6f-41d2-8c03-a5e70990b739"},{"element-6066-11e4-a52e-4f735466cecf":"5ac30fb0-335b-4113-97b9-bdab5d5757f3"},{"element-6066-11e4-a52e-4f735466cecf":"40ce7294-439e-4811-9c96-e32f8cb0963d"},{"element-6066-11e4-a52e-4f735466cecf":"8fc424ab-7980-4435-b234-1d9a37d4dfc0"},{"element-6066-11e4-a52e-4f735466cecf":"7edaaf23-3ae6-4bf4-95a2-1d253c2de0f8"},{"element-6066-11e4-a52e-4f735466cecf":"314e319d-c0c8-439d-ae41-b04f4c2d0c21"},{"element-6066-11e4-a52e-4f735466cecf":"18eababe-3c07-4e4f-8e4c-28f47ba2454c"},{"element-6066-11e4-a52e-4f735466cecf":"d357ae5d-8980-40c0-becb-7be595a753f3"},{"element-6066-11e4-a52e-4f735466cecf":"5a065b2b-ec13-4c45-bde0-ab31f05001ec"},{"element-6066-11e4-a52e-4f735466cecf":"11efd8c5-9cd2-4bd3-a1b3-497757d432a9"},{"element-6066-11e4-a52e-4f735466cecf":"f935db92-092a-47e5-b156-d1b6bac3332f"},{"element-6066-11e4-a52e-4f735466cecf":"b4d1a721-85fd-413f-99ec-1f2dc7891842"},{"element-6066-11e4-a52e-4f735466cecf":"6e847bf1-2bdc-4849-b0e8-f67769e17ced"},{"element-6066-11e4-a52e-4f735466cecf":"2206238d-8bc9-40aa-af9e-7df6288be9d2"},{"element-6066-11e4-a52e-4f735466cecf":"07ec140b-42ba-4435-9330-c375254a45b2"},{"element-6066-11e4-a52e-4f735466cecf":"fe47b311-e5ac-4e5c-8cda-802c6e4b9bdb"},{"element-6066-11e4-a52e-4f735466cecf":"7cbe41ea-c415-4b95-9594-ffbbbe6a13bd"},{"element-6066-11e4-a52e-4f735466cecf":"28714801-ea7c-4af9-88db-31502fe4542f"},{"element-6066-11e4-a52e-4f735466cecf":"18e3a044-2d58-481d-b709-1ad2dd7d2662"},{"element-6066-11e4-a52e-4f735466cecf":"bca2558c-99d7-4cea-bc18-4b99ae10467b"},{"element-6066-11e4-a52e-4f735466cecf":"f59835a7-e5b4-4557-b93b-ba48930cb5dd"},{"element-6066-11e4-a52e-4f735466cecf":"56e69f43-1314-47f4-b2e8-b2b4dd141bd4"},{"element-6066-11e4-a52e-4f735466cecf":"7a4c35ea-43b3-4d7e-abdb-2a9b6db1d4fa"},{"element-6066-11e4-a52e-4f735466cecf":"a4795731-286a-4fa7-b725-fa0c6b8d1a8e"},{"element-6066-11e4-a52e-4f735466cecf":"6fe73d6a-c333-4991-8ced-3580357f9473"},{"element-6066-11e4-a52e-4f735466cecf":"ec12c5b9-d434-4b00-b39c-031271982489"},{"element-6066-11e4-a52e-4f735466cecf":"cc4d7a9c-77f1-412a-a6f7-a7769515f3ab"},{"element-6066-11e4-a52e-4f735466cecf":"5d918557-bf4e-45c3-87f9-9327d09a2c64"},{"element-6066-11e4-a52e-4f735466cecf":"ca87abb0-8b27-494f-943f-9aa38e1fe002"},{"element-6066-11e4-a52e-4f735466cecf":"b83b72b5-f25d-46dd-b41f-b13058d0ace3"},{"element-6066-11e4-a52e-4f735466cecf":"ef88fbec-33be-4de0-8389-c58b4ba3ffc0"},{"element-6066-11e4-a52e-4f735466cecf":"d043840e-8f88-4438-8f2d-ba9132a31630"},{"element-6066-11e4-a52e-4f735466cecf":"71d42104-18c4-45d4-96c5-004a860a11c4"},{"element-6066-11e4-a52e-4f735466cecf":"fdc80587-a7e0-4820-8ca5-9754d646ec58"},{"element-6066-11e4-a52e-4f735466cecf":"d2765542-7554-4da7-b78f-3d3999f38ec1"},{"element-6066-11e4-a52e-4f735466cecf":"ee5d916d-aee1-4ae4-b81d-7b82245f9556"},{"element-6066-11e4-a52e-4f735466cecf":"ac1f7138-7c7d-4de6-96ba-fefa3242ad48"},{"element-6066-11e4-a52e-4f735466cecf":"efd305cd-2579-4952-8108-f0debde16b90"},{"element-6066-11e4-a52e-4f735466cecf":"cbccbff6-3087-4f56-96c2-aea7cfa7b1ed"},{"element-6066-11e4-a52e-4f735466cecf":"214c2017-4e8a-4bae-a750-b9099286a579"},{"element-6066-11e4-a52e-4f735466cecf":"c2109abf-87ed-4f07-aad0-142b03e3a2de"},{"element-6066-11e4-a52e-4f735466cecf":"38bcdc6b-ffc2-425a-a3e5-7f71bfa437e4"},{"element-6066-11e4-a52e-4f735466cecf":"886ee665-7cfe-411f-a44a-d4ba6eba3cce"},{"element-6066-11e4-a52e-4f735466cecf":"b57331b7-813a-4d34-adc3-d05f702c3077"},{"element-6066-11e4-a52e-4f735466cecf":"8ddf4cfe-ca6b-4f18-b61f-9b1b94e0d933"},{"element-6066-11e4-a52e-4f735466cecf":"17192b01-3bcb-4182-9429-77a165361f97"},{"element-6066-11e4-a52e-4f735466cecf":"1b27af67-cd02-451f-8fc0-196aba1d0e8b"},{"element-6066-11e4-a52e-4f735466cecf":"4e9ef25a-ebd4-4d86-868b-247375a95c03"},{"element-6066-11e4-a52e-4f735466cecf":"e781a971-ae14-4eba-a4bd-700f47d4ca68"},{"element-6066-11e4-a52e-4f735466cecf":"40f251a8-1681-41fc-8e57-028555e67eec"},{"element-6066-11e4-a52e-4f735466cecf":"c2452952-68f1-4441-b9d0-2206cd6f5eeb"},{"element-6066-11e4-a52e-4f735466cecf":"92366c69-e67d-450b-8b13-55a2e07211f6"},{"element-6066-11e4-a52e-4f735466cecf":"ba5164fa-a19d-4d83-9541-1decc9747833"},{"element-6066-11e4-a52e-4f735466cecf":"51ab6dcc-6149-4cf7-b6e2-7fed9ec810f8"},{"element-6066-11e4-a52e-4f735466cecf":"6eb69c66-71a5-4791-9534-f60ecc83e7b1"},{"element-6066-11e4-a52e-4f735466cecf":"5981c8a0-d8f9-4147-862e-b4c42227373a"},{"element-6066-11e4-a52e-4f735466cecf":"5adc1491-d7ee-4db3-8838-8e9fbe531daa"},{"element-6066-11e4-a52e-4f735466cecf":"822cce90-4ddc-41d1-8eb9-1ac521ec4efd"},{"element-6066-11e4-a52e-4f735466cecf":"650572f0-87d2-4f7f-a279-87986132a1b6"},{"element-6066-11e4-a52e-4f735466cecf":"9d634757-2e91-4ad0-a840-6f4324a36eb7"},{"element-6066-11e4-a52e-4f735466cecf":"ad14d109-ee27-4190-9407-b169e68e5afa"},{"element-6066-11e4-a52e-4f735466cecf":"a911bb90-775c-4d18-90be-84ccafdf871a"},{"element-6066-11e4-a52e-4f735466cecf":"f9158b3e-a791-4f4a-ae58-adf268b676d6"},{"element-6066-11e4-a52e-4f735466cecf":"157f2d6d-6b63-4d15-a7aa-b16756f4936e"},{"element-6066-11e4-a52e-4f735466cecf":"9c95d858-0d82-4719-914a-9b60fdd63a27"},{"element-6066-11e4-a52e-4f735466cecf":"89842fa6-c0e0-4425-8aea-58bd19a79929"},{"element-6066-11e4-a52e-4f735466cecf":"5bc8959e-8423-471e-8624-aea9d1a7a3c6"},{"element-6066-11e4-a52e-4f735466cecf":"279f55fe-74d6-4386-958d-ea1d7e178bd7"},{"element-6066-11e4-a52e-4f735466cecf":"418fc343-95eb-433d-bb5c-c41e5d6d26ff"},{"element-6066-11e4-a52e-4f735466cecf":"04e578b7-f573-41c2-9247-296669bd7182"},{"element-6066-11e4-a52e-4f735466cecf":"9ab85a82-7471-4d58-98f8-39236867a7aa"},{"element-6066-11e4-a52e-4f735466cecf":"07c6097c-331f-46fa-b536-037c39aee130"},{"element-6066-11e4-a52e-4f735466cecf":"1f41b613-9925-4f5b-85c1-b415ff05fe88"},{"element-6066-11e4-a52e-4f735466cecf":"3ec8bf58-16cd-44d1-8f6b-486702d6c147"},{"element-6066-11e4-a52e-4f735466cecf":"c492e607-9248-406e-8914-28cf67932d7e"},{"element-6066-11e4-a52e-4f735466cecf":"84c2a91b-8172-4b1c-99d6-a6e4b0d1cd1c"},{"element-6066-11e4-a52e-4f735466cecf":"3ddef132-9350-4aff-a004-3ab983f753e0"},{"element-6066-11e4-a52e-4f735466cecf":"72b20f37-89c2-4530-8972-c7a73991867f"},{"element-6066-11e4-a52e-4f735466cecf":"ac4267a2-ea27-4182-b87b-8c4dcd1aa045"},{"element-6066-11e4-a52e-4f735466cecf":"d47fa13a-8c4e-4369-a087-78680de55031"},{"element-6066-11e4-a52e-4f735466cecf":"8e27d229-bd74-47b8-8de2-0e4f98f82276"},{"element-6066-11e4-a52e-4f735466cecf":"f5b68d65-9ad3-48d9-ad2a-b804b5857d6f"},{"element-6066-11e4-a52e-4f735466cecf":"949caf11-20c8-4be7-99c0-23ccd8313431"},{"element-6066-11e4-a52e-4f735466cecf":"6d0f7a01-9026-4b75-ae4b-5111b66ba995"},{"element-6066-11e4-a52e-4f735466cecf":"3cd9c9ce-cdd6-411d-b15e-64f25cbdcfa3"},{"element-6066-11e4-a52e-4f735466cecf":"b69c4f01-1a3a-4a2e-932f-c72514de23d2"},{"element-6066-11e4-a52e-4f735466cecf":"55e886bf-1de7-4a35-bef9-52239b561134"},{"element-6066-11e4-a52e-4f735466cecf":"5e9585fe-0f00-4743-8d54-d327a0487438"},{"element-6066-11e4-a52e-4f735466cecf":"ea30b05c-3aa5-4ebe-9817-5ccedfce44e8"},{"element-6066-11e4-a52e-4f735466cecf":"5ddcd3c6-bc88-4231-8225-e96263b02583"},{"element-6066-11e4-a52e-4f735466cecf":"63a1a5fe-1582-41be-ab23-75bafbc03e4f"},{"element-6066-11e4-a52e-4f735466cecf":"dc2d8a09-67fb-4683-bb8e-d9c929a29b47"},{"element-6066-11e4-a52e-4f735466cecf":"99210758-d0d0-40c9-848d-7d0f711e545b"},{"element-6066-11e4-a52e-4f735466cecf":"c700e58a-a7e7-422e-ba49-2d4fd5997933"},{"element-6066-11e4-a52e-4f735466cecf":"792af67e-4006-4ca3-a353-356b14577482"},{"element-6066-11e4-a52e-4f735466cecf":"8a206dfc-f6ae-4ac2-9608-bad5de85fcdc"},{"element-6066-11e4-a52e-4f735466cecf":"0eacc1dd-49d5-4705-9616-899d260f864a"},{"element-6066-11e4-a52e-4f735466cecf":"15ed7eb0-379d-481b-aaac-c7e24feb4476"},{"element-6066-11e4-a52e-4f735466cecf":"32c4199d-ed44-42c9-b982-ea7aa9e4644b"},{"element-6066-11e4-a52e-4f735466cecf":"b0a7d2f9-fc98-4d60-8ecb-a44517ab22bb"},{"element-6066-11e4-a52e-4f735466cecf":"edf47c89-329a-4156-bd0c-dcb71d95261d"},{"element-6066-11e4-a52e-4f735466cecf":"3eb9d876-7a12-4125-a80d-eba851056c27"},{"element-6066-11e4-a52e-4f735466cecf":"3b8cca82-9ebf-410a-9ab6-f99eaeb1f7b6"},{"element-6066-11e4-a52e-4f735466cecf":"d6803a20-73f9-46a8-84ff-c75d79b12def"},{"element-6066-11e4-a52e-4f735466cecf":"aea758dc-f958-4c8e-8659-507becae9e9d"},{"element-6066-11e4-a52e-4f735466cecf":"ed8ba865-da62-4914-af9f-ff6d1a38b9b9"},{"element-6066-11e4-a52e-4f735466cecf":"c7723a85-4ec4-40ae-80e4-756bd14a7b43"},{"element-6066-11e4-a52e-4f735466cecf":"dc11f096-0fcb-4dad-8c96-c238fb814ce1"},{"element-6066-11e4-a52e-4f735466cecf":"bc780a73-3a92-4e9b-b1d1-20c3e6717d56"},{"element-6066-11e4-a52e-4f735466cecf":"d0910a5e-5c32-4f10-a611-ad01d1b5d435"},{"element-6066-11e4-a52e-4f735466cecf":"17ab9269-28b4-45fb-a053-bbc5e89d707e"},{"element-6066-11e4-a52e-4f735466cecf":"bf2beaac-43d7-452b-890b-5a778692512d"},{"element-6066-11e4-a52e-4f735466cecf":"e38269ac-6315-4aaa-a018-96c200943167"},{"element-6066-11e4-a52e-4f735466cecf":"5150e4da-a107-4eaf-a231-41183afdbc16"},{"element-6066-11e4-a52e-4f735466cecf":"fdab39f2-b45a-42cf-8436-6b048e71e36f"},{"element-6066-11e4-a52e-4f735466cecf":"b37c0ac0-bab1-445f-8937-b53080a68f78"},{"element-6066-11e4-a52e-4f735466cecf":"50c8f850-6044-4da7-b804-a46255caa5f8"},{"element-6066-11e4-a52e-4f735466cecf":"debe6441-56b1-4fa1-b46f-1c168539c71c"},{"element-6066-11e4-a52e-4f735466cecf":"042c7959-9ccc-4578-a2c8-b19a2aa15930"},{"element-6066-11e4-a52e-4f735466cecf":"c113acd3-c754-41a0-a5b8-30891dd2acdb"},{"element-6066-11e4-a52e-4f735466cecf":"7a7a7a65-1de7-4a50-9132-fc54cc0cfaf0"},{"element-6066-11e4-a52e-4f735466cecf":"b95415ad-7772-4e28-8b4c-f49f3b38a229"},{"element-6066-11e4-a52e-4f735466cecf":"2f80601c-f07c-48cd-a437-85154a5b6b74"},{"element-6066-11e4-a52e-4f735466cecf":"0b1dff8d-13b2-4f29-97b9-5d9783f13685"},{"element-6066-11e4-a52e-4f735466cecf":"33b3432a-b8e5-42c4-9964-eedc50d990b1"},{"element-6066-11e4-a52e-4f735466cecf":"a84a6902-d05b-481f-9a91-4715c0017a34"},{"element-6066-11e4-a52e-4f735466cecf":"0c19c9db-3689-41cd-bba4-9dc0edbaaa72"},{"element-6066-11e4-a52e-4f735466cecf":"830c7cbc-8b34-4011-83b6-4d1bbdee370c"},{"element-6066-11e4-a52e-4f735466cecf":"c6811b27-254c-42cb-8c98-291852dba15e"},{"element-6066-11e4-a52e-4f735466cecf":"ea4067c6-d47e-4fc6-9a68-24375a4d0c5e"},{"element-6066-11e4-a52e-4f735466cecf":"3f898bfd-ddf5-4a8b-8eb3-897a3eed7040"},{"element-6066-11e4-a52e-4f735466cecf":"38d949b3-6c5f-4f49-875f-5de85b102f15"},{"element-6066-11e4-a52e-4f735466cecf":"a5589c23-5b09-4fa4-855b-9a30ac62b44a"},{"element-6066-11e4-a52e-4f735466cecf":"ecab45b9-3ac3-488f-9839-c6bb26708c8b"},{"element-6066-11e4-a52e-4f735466cecf":"731594ff-2b6a-4288-a357-fd76c733c566"},{"element-6066-11e4-a52e-4f735466cecf":"480a6a83-3fda-4d6c-bf05-e6c376d45c64"},{"element-6066-11e4-a52e-4f735466cecf":"7e3e96c8-ccde-4fae-9c90-4bba8bd09569"},{"element-6066-11e4-a52e-4f735466cecf":"1be3b499-8e58-4aec-97b5-001db6ad12e1"},{"element-6066-11e4-a52e-4f735466cecf":"43793d60-db02-4d8d-ae49-37d389047057"},{"element-6066-11e4-a52e-4f735466cecf":"5bd6d7a0-2b74-4df1-b634-19e6d088ae6c"},{"element-6066-11e4-a52e-4f735466cecf":"c60300d3-c3da-4960-aef6-78463f3197a3"},{"element-6066-11e4-a52e-4f735466cecf":"24a657e7-d8e5-49f3-9a9c-892a2307d7bb"},{"element-6066-11e4-a52e-4f735466cecf":"10675d22-13a1-4779-9ac2-44eb4da14391"},{"element-6066-11e4-a52e-4f735466cecf":"dd834035-3cc5-48bb-90c6-b68d29bf7390"},{"element-6066-11e4-a52e-4f735466cecf":"0f0d758c-a02b-4e7a-bae4-ee36c2294688"},{"element-6066-11e4-a52e-4f735466cecf":"2914f8ab-3e11-48e1-88ba-0ce3c59e4f4e"},{"element-6066-11e4-a52e-4f735466cecf":"48fd342d-d175-4336-93c3-406a58f2b4f1"},{"element-6066-11e4-a52e-4f735466cecf":"916a13d8-291b-4955-a4f2-cd0e706240cb"},{"element-6066-11e4-a52e-4f735466cecf":"7f180e07-827b-4aca-b325-437704b9f727"},{"element-6066-11e4-a52e-4f735466cecf":"585164b4-e1a1-4abd-9b39-332d52f3dc05"},{"element-6066-11e4-a52e-4f735466cecf":"89901005-e9dc-4c62-bd12-7fdeac32cf88"},{"element-6066-11e4-a52e-4f735466cecf":"f71c192a-0441-4ead-8750-f61ed184c238"},{"element-6066-11e4-a52e-4f735466cecf":"63314adf-cd0d-4218-915f-da0e1d294852"},{"element-6066-11e4-a52e-4f735466cecf":"8107eadb-dab3-4c7e-89d6-b289c00fdf7c"},{"element-6066-11e4-a52e-4f735466cecf":"08f63324-4915-47fa-992d-248dc6d4b5ff"},{"element-6066-11e4-a52e-4f735466cecf":"b033820a-f237-461e-91d7-a816abf0f971"},{"element-6066-11e4-a52e-4f735466cecf":"d48a8ba7-6ccb-4d27-8200-0c172bb75ac4"},{"element-6066-11e4-a52e-4f735466cecf":"56acd845-da56-4ab8-ba54-4dd8c1563279"},{"element-6066-11e4-a52e-4f735466cecf":"311f08d0-950e-4d46-acce-0f8b67a18a14"},{"element-6066-11e4-a52e-4f735466cecf":"97213ff7-67a2-4283-882b-2bb672564280"},{"element-6066-11e4-a52e-4f735466cecf":"486af0a5-ec2f-484f-85e3-cef738a49757"},{"element-6066-11e4-a52e-4f735466cecf":"de16c6f9-7fe4-49e0-bfd5-6d86839f018e"},{"element-6066-11e4-a52e-4f735466cecf":"3e57ef4d-9226-4871-805a-9986c4a4bb5e"},{"element-6066-11e4-a52e-4f735466cecf":"b95f5faf-3513-471e-90f3-78356a362594"},{"element-6066-11e4-a52e-4f735466cecf":"7a7a4da0-7b2a-4984-a96c-669e596a4a22"},{"element-6066-11e4-a52e-4f735466cecf":"93700175-cc47-483c-959c-37c7318afba5"},{"element-6066-11e4-a52e-4f735466cecf":"2a38e168-c17a-4f3d-9e0f-357c02426bfe"},{"element-6066-11e4-a52e-4f735466cecf":"0127a060-7cdc-46c5-baa8-73b5da575500"},{"element-6066-11e4-a52e-4f735466cecf":"4b2dd649-79bd-4923-a7d4-7784e3f37166"},{"element-6066-11e4-a52e-4f735466cecf":"0693880a-c6b7-4901-bde4-8682437e4c69"},{"element-6066-11e4-a52e-4f735466cecf":"247b89e8-3a4c-4221-8474-08b363ebb093"},{"element-6066-11e4-a52e-4f735466cecf":"8a50ff68-2bb9-487e-bf7c-6f0ebc5e070b"},{"element-6066-11e4-a52e-4f735466cecf":"e8a8ac4e-7f27-4333-8d4d-ec775658e36b"},{"element-6066-11e4-a52e-4f735466cecf":"e78bb9d3-a78e-44eb-9766-a42323e7acb1"},{"element-6066-11e4-a52e-4f735466cecf":"5236ccd4-18ec-480a-9da4-8d1f024fcca8"},{"element-6066-11e4-a52e-4f735466cecf":"bd4ab317-1553-4e1a-a355-c66b6355c569"},{"element-6066-11e4-a52e-4f735466cecf":"6b520270-1daf-4d3e-9e85-2910329d2bf5"},{"element-6066-11e4-a52e-4f735466cecf":"30936608-38fa-4957-8cf6-4cec1bf39bc8"},{"element-6066-11e4-a52e-4f735466cecf":"75ab719a-1fef-4a72-9d4c-957e83bc5a5c"},{"element-6066-11e4-a52e-4f735466cecf":"c693d9d2-5206-4cba-bd2c-cdd48dc09338"},{"element-6066-11e4-a52e-4f735466cecf":"ea1d49d9-2746-49d7-b0ff-814bd225fd25"},{"element-6066-11e4-a52e-4f735466cecf":"af4a37e4-8928-47cb-90da-9b2f4fef2e8c"},{"element-6066-11e4-a52e-4f735466cecf":"1f9f4151-a7db-4bf7-b666-8d2d823ff61a"},{"element-6066-11e4-a52e-4f735466cecf":"4af9ba51-5b76-4ed6-88d9-a4f80f21e4fb"},{"element-6066-11e4-a52e-4f735466cecf":"a0753407-a627-4866-a964-d47289b90398"},{"element-6066-11e4-a52e-4f735466cecf":"9e5aa060-abc6-4af4-9bc8-2d8e408e3ece"},{"element-6066-11e4-a52e-4f735466cecf":"5a068167-0fc2-4c17-a99c-6269c0f19e2d"},{"element-6066-11e4-a52e-4f735466cecf":"2d49cb8a-dbaf-4243-9e4f-bf44a00abce0"},{"element-6066-11e4-a52e-4f735466cecf":"c2288e4d-76e6-4d14-bc56-15392c6fa404"},{"element-6066-11e4-a52e-4f735466cecf":"e28f8695-daf0-4a1b-93ad-669f534fdc14"},{"element-6066-11e4-a52e-4f735466cecf":"8c5e4bef-4d31-4851-9a9b-a75b5fcba036"},{"element-6066-11e4-a52e-4f735466cecf":"436a80f7-1468-4c7e-bf1a-6c2647647a48"},{"element-6066-11e4-a52e-4f735466cecf":"d45cb1f1-4182-4d8f-818a-889948fc5634"},{"element-6066-11e4-a52e-4f735466cecf":"8b7eedf6-ba1b-4c51-bc44-a7c3176ec877"},{"element-6066-11e4-a52e-4f735466cecf":"e2cb9f0b-f723-4bd4-bfaa-826666409c4e"},{"element-6066-11e4-a52e-4f735466cecf":"a196aac8-c36c-4fe1-9368-8171b1d81363"},{"element-6066-11e4-a52e-4f735466cecf":"e05e658c-728e-4fc6-92c1-d468e2692347"},{"element-6066-11e4-a52e-4f735466cecf":"d336cf8d-2828-405a-9325-68525a013527"},{"element-6066-11e4-a52e-4f735466cecf":"7c78e3e4-38d5-4c9f-b986-8e7c3529936a"},{"element-6066-11e4-a52e-4f735466cecf":"81de3ef6-eb90-4047-ab03-9c981cad64ad"},{"element-6066-11e4-a52e-4f735466cecf":"55c7dbe2-f3ca-4ed3-97f4-6aef3d918cf9"},{"element-6066-11e4-a52e-4f735466cecf":"19430d72-a4c9-4095-bfb6-0d327a6f102f"},{"element-6066-11e4-a52e-4f735466cecf":"8fa2e01d-0ca0-4ebe-93b0-6bfd3832ef38"},{"element-6066-11e4-a52e-4f735466cecf":"0f85cde4-fd2b-4de8-9c9c-e38e71765dcf"},{"element-6066-11e4-a52e-4f735466cecf":"2395aaa8-c4f9-4c8a-aa57-a5f4e3afb3d2"},{"element-6066-11e4-a52e-4f735466cecf":"e324607a-8ba6-4a42-9123-d4c4d5ce44be"},{"element-6066-11e4-a52e-4f735466cecf":"84aef3e8-5a0c-4a2c-8f25-33c3101cfbb7"},{"element-6066-11e4-a52e-4f735466cecf":"f7e6fd7f-a7fe-43fe-a6df-7ef01029a97b"},{"element-6066-11e4-a52e-4f735466cecf":"48e16308-9da8-411d-8e32-c971b6ba4fa4"},{"element-6066-11e4-a52e-4f735466cecf":"af163627-12a4-4955-9a08-9fc7bd3b5004"},{"element-6066-11e4-a52e-4f735466cecf":"c9b7e1d7-d879-4fa8-9b63-818dfb288fec"},{"element-6066-11e4-a52e-4f735466cecf":"1ab2bf65-4714-4e60-999c-4984f5cb2ca5"},{"element-6066-11e4-a52e-4f735466cecf":"a82c3d8f-c1d9-4976-9e2b-96479788ffbb"},{"element-6066-11e4-a52e-4f735466cecf":"1c7f2ea4-4800-44ea-b199-c643595f285f"},{"element-6066-11e4-a52e-4f735466cecf":"434fa5a6-f748-49f4-a9d2-1925fcb16075"},{"element-6066-11e4-a52e-4f735466cecf":"2427135a-364d-4697-8775-0effcfd4bb97"},{"element-6066-11e4-a52e-4f735466cecf":"77fe2d18-cc48-4009-80d4-fbd7b9cd7a67"},{"element-6066-11e4-a52e-4f735466cecf":"7ba58e84-7e78-457f-906a-9f79258bd839"},{"element-6066-11e4-a52e-4f735466cecf":"b970c334-aa8e-4cbc-8940-a9886aef9fe5"},{"element-6066-11e4-a52e-4f735466cecf":"e19adc5e-2c98-45fe-ab16-c0e3b596bd43"},{"element-6066-11e4-a52e-4f735466cecf":"5e1521ca-64ab-4da4-80aa-aaca68afcce2"},{"element-6066-11e4-a52e-4f735466cecf":"993a9dd1-2721-4e7a-8983-ccfc0c44160b"},{"element-6066-11e4-a52e-4f735466cecf":"afb5bdbb-e773-498a-b768-07b762d033e9"},{"element-6066-11e4-a52e-4f735466cecf":"5cadb490-6c88-4ae9-a86e-d082e3c74bb6"},{"element-6066-11e4-a52e-4f735466cecf":"da2fe8d0-ec20-405f-9793-3109b5876ae4"},{"element-6066-11e4-a52e-4f735466cecf":"94afcf4a-a2a2-404f-bbea-58f1baed8e81"},{"element-6066-11e4-a52e-4f735466cecf":"28cb5253-4d4c-4ab3-bcb8-8101319b950f"},{"element-6066-11e4-a52e-4f735466cecf":"388f4e06-f789-4e47-908b-becb6d4ab1d6"},{"element-6066-11e4-a52e-4f735466cecf":"fcc0c76f-4c2b-49ae-9f64-11069eb9d4ba"},{"element-6066-11e4-a52e-4f735466cecf":"43cd04e4-d397-4f69-8059-3fa7e9322f92"},{"element-6066-11e4-a52e-4f735466cecf":"51906d2b-0a33-4f2d-acce-f5591544cc2d"},{"element-6066-11e4-a52e-4f735466cecf":"2743b404-97a0-4b88-9945-503bbe4bbfd5"},{"element-6066-11e4-a52e-4f735466cecf":"358564d6-be7d-45ed-b773-50804d7ae06a"},{"element-6066-11e4-a52e-4f735466cecf":"21433819-fb38-4018-b6ef-da3d4b4d9024"},{"element-6066-11e4-a52e-4f735466cecf":"e25a7dba-841d-4c6f-81a9-2cc88dfe3d88"},{"element-6066-11e4-a52e-4f735466cecf":"3276d2d0-85fc-4f25-b3d9-ce4d1acca528"},{"element-6066-11e4-a52e-4f735466cecf":"4c9a34c7-e960-4faa-b5d7-68a9a239f4b2"},{"element-6066-11e4-a52e-4f735466cecf":"4c4a5d3d-e67a-46d4-a802-5923cf6e4f14"},{"element-6066-11e4-a52e-4f735466cecf":"711b1ab6-dba9-49d7-8468-8040c6e05d7b"},{"element-6066-11e4-a52e-4f735466cecf":"c107c500-9884-4c57-b39a-d5fc4761d4b6"},{"element-6066-11e4-a52e-4f735466cecf":"08806a2f-f4c5-4afb-9683-3239eceb0199"},{"element-6066-11e4-a52e-4f735466cecf":"55d5e25a-837b-4690-afa1-632f843cd8f3"},{"element-6066-11e4-a52e-4f735466cecf":"233d4ca6-e112-4580-b162-3a491281418a"},{"element-6066-11e4-a52e-4f735466cecf":"3da1c220-ebf1-4867-8968-34aa644edbb5"},{"element-6066-11e4-a52e-4f735466cecf":"b084eb78-b8e2-4f7d-85a0-97b165687082"},{"element-6066-11e4-a52e-4f735466cecf":"29b8b329-87f8-418b-8d5d-da34c5cf8720"},{"element-6066-11e4-a52e-4f735466cecf":"b301d040-4bc3-4f8b-b3d6-ee4d03b5fa26"},{"element-6066-11e4-a52e-4f735466cecf":"394be41d-1b4e-4e89-9c7a-7bf36f28d8da"},{"element-6066-11e4-a52e-4f735466cecf":"adf6036c-71e1-45ff-bebe-78c3c9136ac4"},{"element-6066-11e4-a52e-4f735466cecf":"9978ad1f-0587-4bf9-9259-0fa4e78aff4e"},{"element-6066-11e4-a52e-4f735466cecf":"42c9c229-5b2c-4fe2-9776-c69c1683fbf0"},{"element-6066-11e4-a52e-4f735466cecf":"eb179f23-ca86-4e76-9aab-210be6720635"},{"element-6066-11e4-a52e-4f735466cecf":"e27fe806-b15d-4f4b-a83d-aa992c00a564"},{"element-6066-11e4-a52e-4f735466cecf":"3876a07f-ff7b-4625-8282-8906e847bf3b"},{"element-6066-11e4-a52e-4f735466cecf":"c60cd1b6-4d87-49f7-8405-f0bc6a0740d0"},{"element-6066-11e4-a52e-4f735466cecf":"7c471fb4-90f5-4ccf-a76e-c66fde1fdbee"},{"element-6066-11e4-a52e-4f735466cecf":"b6c0d21e-8677-43ef-8eb0-32f77d645402"},{"element-6066-11e4-a52e-4f735466cecf":"060814c9-a97f-4887-8f4c-13d41adab0a6"},{"element-6066-11e4-a52e-4f735466cecf":"85b31c51-943e-44d0-b674-174130399db1"},{"element-6066-11e4-a52e-4f735466cecf":"d457a6c7-b55e-47ea-be97-a4025b17af5f"},{"element-6066-11e4-a52e-4f735466cecf":"eceddef4-0ad4-411a-9422-13835e1bb1fd"},{"element-6066-11e4-a52e-4f735466cecf":"0c5c5b3c-9c46-46e1-9c88-9f4a9a849c37"},{"element-6066-11e4-a52e-4f735466cecf":"3c77b9c7-dda3-4f9d-b3bd-a2096df27cdf"},{"element-6066-11e4-a52e-4f735466cecf":"1121b510-bd12-43a2-85e6-347419d4c759"},{"element-6066-11e4-a52e-4f735466cecf":"1396d98a-8d01-46c5-b4f5-06eb3dd437bf"},{"element-6066-11e4-a52e-4f735466cecf":"57d3d3f2-5ac6-4636-923d-85a2af77147d"},{"element-6066-11e4-a52e-4f735466cecf":"b521911b-d3a8-4a05-8d86-682b8ccaafff"},{"element-6066-11e4-a52e-4f735466cecf":"ea34c867-06c2-4617-9b36-6a932ce34dbf"},{"element-6066-11e4-a52e-4f735466cecf":"47028d6b-7411-4c87-b3f3-11e6a2d296ec"},{"element-6066-11e4-a52e-4f735466cecf":"bc269ac3-b49f-4af7-875b-75c3a82d7143"},{"element-6066-11e4-a52e-4f735466cecf":"6eed33ec-bbf8-4b11-8d93-441f762c4d32"},{"element-6066-11e4-a52e-4f735466cecf":"6a93f39f-2069-4221-9d6f-490bce65a3e8"},{"element-6066-11e4-a52e-4f735466cecf":"1b7f008a-a68c-4230-812e-3087f2a37bbb"},{"element-6066-11e4-a52e-4f735466cecf":"b2e3a16e-054b-4852-9030-ec99a028712b"},{"element-6066-11e4-a52e-4f735466cecf":"34d55e4a-029f-4af1-a2cf-8b954329afe1"},{"element-6066-11e4-a52e-4f735466cecf":"cc746220-cb61-4581-870b-a93fa6e32c0f"},{"element-6066-11e4-a52e-4f735466cecf":"2fbe7804-a1ed-489a-accc-90686a7f7d87"},{"element-6066-11e4-a52e-4f735466cecf":"dbc58678-0f11-48a2-b40f-1fa002928baf"},{"element-6066-11e4-a52e-4f735466cecf":"f6204018-2e08-47c3-a704-27d7eb96e822"},{"element-6066-11e4-a52e-4f735466cecf":"a7e60615-523f-4156-a5f4-2dc55aec8571"},{"element-6066-11e4-a52e-4f735466cecf":"50f1b5bb-7bfd-40ab-8268-87f5b2d4c0cb"},{"element-6066-11e4-a52e-4f735466cecf":"19031e90-67b5-4514-acfb-01fcc26cd422"},{"element-6066-11e4-a52e-4f735466cecf":"1437abbd-6f24-4f6f-ba26-295f567cf79d"},{"element-6066-11e4-a52e-4f735466cecf":"6b8fee1d-73b7-499d-bbc3-0a9ee4f505b4"},{"element-6066-11e4-a52e-4f735466cecf":"031deb7b-003c-420d-9b8d-1ee0ddc8a770"},{"element-6066-11e4-a52e-4f735466cecf":"eb3f4b4c-b05e-4c8b-a160-04d7c2c665b0"},{"element-6066-11e4-a52e-4f735466cecf":"44a94905-5e2f-40c9-b145-674df4ecf1bd"},{"element-6066-11e4-a52e-4f735466cecf":"8b41428d-fa36-4fb0-ba19-d1f7c2624e18"},{"element-6066-11e4-a52e-4f735466cecf":"345b844b-07d1-40e3-9bd2-a0fbc8939fe5"},{"element-6066-11e4-a52e-4f735466cecf":"5deead9f-9a2d-4604-bb7b-969ce530096f"},{"element-6066-11e4-a52e-4f735466cecf":"bcf3fa59-0e5e-4c11-a6ad-f73226451929"},{"element-6066-11e4-a52e-4f735466cecf":"2ab06975-bb71-438c-9bf0-a843a6126ff1"},{"element-6066-11e4-a52e-4f735466cecf":"6e14f6de-10a7-404a-9f1e-8a3fa0ae2162"},{"element-6066-11e4-a52e-4f735466cecf":"63224f63-c658-438a-af0d-b6837a4e92a8"},{"element-6066-11e4-a52e-4f735466cecf":"3ba1ea8c-763b-468f-befc-cb17f3c1a56d"},{"element-6066-11e4-a52e-4f735466cecf":"b6a4123d-df82-4690-b2d3-3ef22edda499"},{"element-6066-11e4-a52e-4f735466cecf":"6ba001d4-3ada-4154-99ed-08ce8ef262e2"},{"element-6066-11e4-a52e-4f735466cecf":"79badc55-fea5-4792-9476-136dfb50821a"},{"element-6066-11e4-a52e-4f735466cecf":"25fc7417-fe90-475a-a3a5-bdf65b79b38c"},{"element-6066-11e4-a52e-4f735466cecf":"f726085b-eced-4e8d-a987-803051fe6fc2"},{"element-6066-11e4-a52e-4f735466cecf":"33fbece8-7a1c-475e-ad32-747fdfabf074"},{"element-6066-11e4-a52e-4f735466cecf":"ee88c1a8-15d0-4b90-85ba-5ed4e928041a"},{"element-6066-11e4-a52e-4f735466cecf":"bb95b8ff-1397-4bb9-bf17-5b329ce7c62f"},{"element-6066-11e4-a52e-4f735466cecf":"ffd7db44-6c39-44f3-b11d-7f4580087cdb"},{"element-6066-11e4-a52e-4f735466cecf":"2ed49506-3533-440e-9763-70649ffab777"},{"element-6066-11e4-a52e-4f735466cecf":"396cd5ee-519b-4aef-a054-51f039ef2e15"},{"element-6066-11e4-a52e-4f735466cecf":"242f7862-7d96-40b3-a837-baa3262b1e4a"},{"element-6066-11e4-a52e-4f735466cecf":"e212cae0-8c2f-4fe0-83ef-73d5c3c90d90"},{"element-6066-11e4-a52e-4f735466cecf":"5174daf1-3f86-431d-9931-d038286436c0"},{"element-6066-11e4-a52e-4f735466cecf":"d4a5242f-7eea-4541-afcf-e65136ecdeb8"},{"element-6066-11e4-a52e-4f735466cecf":"1953ae5b-934f-4271-ad07-73d0547c4087"},{"element-6066-11e4-a52e-4f735466cecf":"e6406e82-a233-44b3-b199-eea3ec9386e7"},{"element-6066-11e4-a52e-4f735466cecf":"ed71a056-6809-4fe3-8164-124c0e3d1a53"},{"element-6066-11e4-a52e-4f735466cecf":"4f860768-a197-45f3-ba29-136ce6733fc1"},{"element-6066-11e4-a52e-4f735466cecf":"25a37e7b-e483-40d4-9102-e76291d58d3e"},{"element-6066-11e4-a52e-4f735466cecf":"325321e9-0fbe-4e98-b7d6-0070cb4e867c"},{"element-6066-11e4-a52e-4f735466cecf":"654d4c4e-f365-41bf-839a-cd3f2f633bdd"},{"element-6066-11e4-a52e-4f735466cecf":"fdde3a82-c3d7-4cbd-b191-b19619cb65e4"},{"element-6066-11e4-a52e-4f735466cecf":"8f7b1c54-2b49-4120-afa3-0f9a5b9327e1"},{"element-6066-11e4-a52e-4f735466cecf":"11bce51f-123d-4d85-a94c-d993020a2b16"},{"element-6066-11e4-a52e-4f735466cecf":"fbf18943-3ef0-4b91-942b-dd5d20cc4afb"},{"element-6066-11e4-a52e-4f735466cecf":"da7d0530-5873-4b18-8983-eb39b2d27ffd"},{"element-6066-11e4-a52e-4f735466cecf":"5725e6c9-90e8-4178-be30-c08395270f8b"},{"element-6066-11e4-a52e-4f735466cecf":"0aae3e6b-205b-4e0d-aa69-b237ab2c9d7a"},{"element-6066-11e4-a52e-4f735466cecf":"2a9d1512-7c37-4bf5-b619-74c052cf3eca"},{"element-6066-11e4-a52e-4f735466cecf":"e6145c75-02c7-4b0c-8e79-cbb2c80fc4cd"},{"element-6066-11e4-a52e-4f735466cecf":"1ea45c83-ac41-4e3a-aa1a-72622bbee575"},{"element-6066-11e4-a52e-4f735466cecf":"93013d19-178d-480e-80dc-db6cb29c6cfd"},{"element-6066-11e4-a52e-4f735466cecf":"6cd7ad3e-dde9-41d3-b765-2f5197136997"},{"element-6066-11e4-a52e-4f735466cecf":"6fcdc031-637b-4389-b293-206a894a2d4e"},{"element-6066-11e4-a52e-4f735466cecf":"ac83dda2-3065-42bc-81e4-bc3e42d1c31f"},{"element-6066-11e4-a52e-4f735466cecf":"e5250a8c-45fa-4698-ace4-fdadaff54fb5"},{"element-6066-11e4-a52e-4f735466cecf":"9c9627ca-504f-4506-b1b7-eae8632898b6"},{"element-6066-11e4-a52e-4f735466cecf":"636795e6-9bed-4d5f-9b90-16c00dda1e83"},{"element-6066-11e4-a52e-4f735466cecf":"b50c01f2-c6f9-4078-a2c4-98ee5a6c1591"},{"element-6066-11e4-a52e-4f735466cecf":"d382f698-e50e-4b2a-88ee-5cdc0e2ed502"},{"element-6066-11e4-a52e-4f735466cecf":"49f0c09d-c3d9-41ee-8a00-1861cc3e07a7"},{"element-6066-11e4-a52e-4f735466cecf":"a5f74a30-13f9-4735-bf13-c49417a31a5d"},{"element-6066-11e4-a52e-4f735466cecf":"6a5cc3ae-0cce-4cb7-ade4-95702601e022"},{"element-6066-11e4-a52e-4f735466cecf":"c395fdd3-b7b4-4734-b8cd-c9403e096ceb"},{"element-6066-11e4-a52e-4f735466cecf":"9092cc9e-e274-452c-86a8-671b804b5fdc"},{"element-6066-11e4-a52e-4f735466cecf":"42003ef6-f70c-44e5-ba33-fad71b5f1f82"},{"element-6066-11e4-a52e-4f735466cecf":"266501d4-bd44-4573-9c50-6450941d74c7"},{"element-6066-11e4-a52e-4f735466cecf":"5b3a3d91-ee2d-44eb-9837-f5166fb10cbc"},{"element-6066-11e4-a52e-4f735466cecf":"bcedcbfb-10aa-417c-871b-a637dbe87a81"},{"element-6066-11e4-a52e-4f735466cecf":"7084bc8f-567b-4aa2-8cea-fc80d18bedfb"},{"element-6066-11e4-a52e-4f735466cecf":"5314732c-feeb-46ed-a41c-412bac3b8451"},{"element-6066-11e4-a52e-4f735466cecf":"41abd77d-499f-4e4e-9b8d-69ed0cd2a35c"},{"element-6066-11e4-a52e-4f735466cecf":"52b479d6-4af0-4ac6-95af-8238bae629b8"},{"element-6066-11e4-a52e-4f735466cecf":"5ac61fca-bf20-4b41-b774-509e894d6e5a"},{"element-6066-11e4-a52e-4f735466cecf":"640adfe6-a776-4b56-a9dc-cf8344d442ef"},{"element-6066-11e4-a52e-4f735466cecf":"31deae95-445e-4e4a-8d4b-fa01661e22f0"},{"element-6066-11e4-a52e-4f735466cecf":"98ce4ea0-e07e-4be9-b20d-81a1e081306c"},{"element-6066-11e4-a52e-4f735466cecf":"49b2491b-c395-4570-b293-b0737a72630d"},{"element-6066-11e4-a52e-4f735466cecf":"4c210ba8-e683-400b-b63b-2c3b2738dc75"},{"element-6066-11e4-a52e-4f735466cecf":"3838ba4c-0166-4184-97bd-60717036f471"},{"element-6066-11e4-a52e-4f735466cecf":"3066cd09-2a5f-4337-9258-881c1d0efb0a"},{"element-6066-11e4-a52e-4f735466cecf":"e607ab17-d3b9-486d-8e6d-3d8790ed4af6"},{"element-6066-11e4-a52e-4f735466cecf":"4dfc6ea9-4db9-4ae3-b0e5-58f6733143b5"},{"element-6066-11e4-a52e-4f735466cecf":"2779070c-592b-4812-a490-a0778dcfc479"},{"element-6066-11e4-a52e-4f735466cecf":"c977c663-54cd-46af-bfc9-a27cb4093ecf"},{"element-6066-11e4-a52e-4f735466cecf":"caf571f3-d969-4fa2-9224-063d41deea9e"},{"element-6066-11e4-a52e-4f735466cecf":"aea0d73e-6526-49ea-b111-6439f8fb5db1"},{"element-6066-11e4-a52e-4f735466cecf":"24d5fc8b-65e6-4a2b-ac52-71a456769833"},{"element-6066-11e4-a52e-4f735466cecf":"72964197-37ab-4d50-ac7d-c9a71e8f7c21"},{"element-6066-11e4-a52e-4f735466cecf":"80dec207-756e-4f0d-8c76-2390852fe321"},{"element-6066-11e4-a52e-4f735466cecf":"12fb21cf-c629-4be9-b475-3bf39a4a5507"},{"element-6066-11e4-a52e-4f735466cecf":"badcd547-f0b1-4292-abfe-e36ae14d1a7f"},{"element-6066-11e4-a52e-4f735466cecf":"ff1d1683-81f7-4a74-8db5-751a0ce02ebd"},{"element-6066-11e4-a52e-4f735466cecf":"b200ed35-ee97-4052-91aa-0aeaac516d7c"},{"element-6066-11e4-a52e-4f735466cecf":"acac79c2-57d3-4ef0-baf9-5911ede86c4b"},{"element-6066-11e4-a52e-4f735466cecf":"83c1b627-3655-4701-835b-0bde3e86b82e"},{"element-6066-11e4-a52e-4f735466cecf":"fd966d24-37e7-4e06-afdc-7af1b7e619a5"},{"element-6066-11e4-a52e-4f735466cecf":"f8a465d1-64c8-4fb5-a0c8-5b32f99c375a"},{"element-6066-11e4-a52e-4f735466cecf":"8b2cd337-8b0e-46d6-8e33-d12ea7a536c8"},{"element-6066-11e4-a52e-4f735466cecf":"6990923f-88fd-4785-a9a8-8b1c056d73c1"},{"element-6066-11e4-a52e-4f735466cecf":"e3cc0582-5e4c-4c0d-afc5-30e64fe51d51"},{"element-6066-11e4-a52e-4f735466cecf":"727e9024-064d-4b7d-b7f5-9fc5985cb618"},{"element-6066-11e4-a52e-4f735466cecf":"af35f099-842c-4510-9c8c-4f4aa25c64fc"},{"element-6066-11e4-a52e-4f735466cecf":"e84e64fc-ddfa-4389-b31a-bffc6b5fb117"},{"element-6066-11e4-a52e-4f735466cecf":"832cd996-2fc0-4cda-99ee-e905c0b25089"},{"element-6066-11e4-a52e-4f735466cecf":"2274ebd8-bb5b-4686-bd57-6af44790647c"},{"element-6066-11e4-a52e-4f735466cecf":"b9045dfd-2b4e-4be0-8ab4-aa179a0243a9"},{"element-6066-11e4-a52e-4f735466cecf":"eae14422-c89a-486a-99a9-6d73db6d50cf"},{"element-6066-11e4-a52e-4f735466cecf":"56078522-64e2-4771-8201-35ab6a98e12f"},{"element-6066-11e4-a52e-4f735466cecf":"c011b4d4-3d56-4737-87f6-fea93d40dd99"},{"element-6066-11e4-a52e-4f735466cecf":"4aeeedf7-e877-44d6-bcfc-28fb5336e6c2"},{"element-6066-11e4-a52e-4f735466cecf":"992d3ef9-7fd6-4d4d-b0cb-11ff21bacabe"},{"element-6066-11e4-a52e-4f735466cecf":"90051ec8-9384-494b-addd-08eda4e9861c"},{"element-6066-11e4-a52e-4f735466cecf":"31419e1c-9c94-4ac6-bda4-91896faf2825"},{"element-6066-11e4-a52e-4f735466cecf":"50205b93-cddb-4bdd-bce1-eb270f54858f"},{"element-6066-11e4-a52e-4f735466cecf":"fca6d973-90f6-41cf-ad70-7fb6bcbc3370"},{"element-6066-11e4-a52e-4f735466cecf":"c836fc08-94b5-43c5-a61a-d2f00d5a43ec"},{"element-6066-11e4-a52e-4f735466cecf":"a51b16a0-2ec4-4777-9b43-8c6a1bee269b"},{"element-6066-11e4-a52e-4f735466cecf":"0b2d38e4-ca74-4abc-80bb-b3b1d1175892"},{"element-6066-11e4-a52e-4f735466cecf":"97e4c3aa-0427-4ccc-9a39-8f8ff4f32fab"},{"element-6066-11e4-a52e-4f735466cecf":"0fca55cf-53ee-42d1-98ef-3c58e1675c47"},{"element-6066-11e4-a52e-4f735466cecf":"eceffb41-e6d5-43e8-ac7b-34369e3706e4"},{"element-6066-11e4-a52e-4f735466cecf":"cf4c6932-de21-4073-b15a-27fa063d0838"},{"element-6066-11e4-a52e-4f735466cecf":"b82eef11-6e53-4c6e-a44e-5dd5db431e2d"},{"element-6066-11e4-a52e-4f735466cecf":"42b787ed-568e-440c-adb0-2751c2d7992a"},{"element-6066-11e4-a52e-4f735466cecf":"cd2645af-8872-4b39-b30f-49a3c5b168f0"},{"element-6066-11e4-a52e-4f735466cecf":"1c0db507-ff55-46ec-936b-0213e868f9ca"},{"element-6066-11e4-a52e-4f735466cecf":"c13b978c-ec04-4d87-9213-272db4bd7236"},{"element-6066-11e4-a52e-4f735466cecf":"4017395a-d5a8-45f9-a5ce-cacc5f8fda56"},{"element-6066-11e4-a52e-4f735466cecf":"7203d56f-e14a-423b-89a3-52698fd2d989"},{"element-6066-11e4-a52e-4f735466cecf":"ffe186e9-6e24-4531-8d3a-5be86a91d843"},{"element-6066-11e4-a52e-4f735466cecf":"3fcf21d0-32ab-41b1-bb7b-7887a9c12fd5"},{"element-6066-11e4-a52e-4f735466cecf":"9d278f94-e310-4079-9078-9a9a7cf88162"},{"element-6066-11e4-a52e-4f735466cecf":"69962778-df98-4584-a9f6-fd069a1a1bf1"},{"element-6066-11e4-a52e-4f735466cecf":"ae1b9a1b-ce4d-4d97-8184-5926a0f63ceb"},{"element-6066-11e4-a52e-4f735466cecf":"4ceee576-3d39-458d-83ff-a12f40254bf7"},{"element-6066-11e4-a52e-4f735466cecf":"e2c892b8-4ebd-4c8c-a3de-5eedd109e2be"},{"element-6066-11e4-a52e-4f735466cecf":"01c8dd8e-c73b-4a45-96fe-790fcfc5b882"},{"element-6066-11e4-a52e-4f735466cecf":"acca2783-6985-4f70-b363-41b2a3afebf4"},{"element-6066-11e4-a52e-4f735466cecf":"6de8633c-c74e-4de3-b87f-6a42f40a300f"},{"element-6066-11e4-a52e-4f735466cecf":"4c36b7f7-d54f-4405-933e-d3ae8cedab25"},{"element-6066-11e4-a52e-4f735466cecf":"77fa0d25-9c1c-41fa-8af3-869b03368115"},{"element-6066-11e4-a52e-4f735466cecf":"7f74e99d-d995-4364-9596-8b1646d867f9"},{"element-6066-11e4-a52e-4f735466cecf":"48e81b9a-543a-47ec-aedd-5c66a2c3582f"},{"element-6066-11e4-a52e-4f735466cecf":"671bc6cb-035b-41bb-a33c-7448d65f5839"},{"element-6066-11e4-a52e-4f735466cecf":"05437e7b-66fd-4ae7-9325-d455a3f692a0"},{"element-6066-11e4-a52e-4f735466cecf":"6f04dae7-ce99-4a24-b85e-25d9f5a7da0a"},{"element-6066-11e4-a52e-4f735466cecf":"fafb85c8-99e7-433a-9011-332dab39d6a2"},{"element-6066-11e4-a52e-4f735466cecf":"c7ef947d-47e8-4684-a84e-5ebbb2c22ed0"},{"element-6066-11e4-a52e-4f735466cecf":"6c9a92a5-2d79-4fc4-a7cc-754fd60bc9b2"},{"element-6066-11e4-a52e-4f735466cecf":"03450e82-4b08-4287-910c-d17c9256a638"},{"element-6066-11e4-a52e-4f735466cecf":"79f27429-9aac-43c8-bac6-68963764a0fa"},{"element-6066-11e4-a52e-4f735466cecf":"c0ed7000-b313-44dc-9b52-16be607b4b7d"},{"element-6066-11e4-a52e-4f735466cecf":"df8cad22-60c0-4649-a8ec-d9258a3022ae"},{"element-6066-11e4-a52e-4f735466cecf":"71e8b8a1-025d-4edc-9d7c-8c7c1c306f8e"},{"element-6066-11e4-a52e-4f735466cecf":"bbf3dff2-5883-4854-a439-12842f4aafcb"},{"element-6066-11e4-a52e-4f735466cecf":"478a5550-f1bc-4146-b2b3-10933e7603b1"},{"element-6066-11e4-a52e-4f735466cecf":"8453e8ed-4dc6-4975-b8d6-6827d3daf399"},{"element-6066-11e4-a52e-4f735466cecf":"1801f86d-e674-49c1-9732-39ba79176919"},{"element-6066-11e4-a52e-4f735466cecf":"d7d24529-865c-4bec-bc0b-e8b509f58fda"},{"element-6066-11e4-a52e-4f735466cecf":"286fe4f7-a016-4e54-ac8b-0b4db9624edf"},{"element-6066-11e4-a52e-4f735466cecf":"cd576511-0eeb-4771-802e-a24f75d42572"},{"element-6066-11e4-a52e-4f735466cecf":"4d74ce0c-7b75-4788-8c33-a6733d3053e3"},{"element-6066-11e4-a52e-4f735466cecf":"396b55d8-0dd3-4875-9d45-718d30f1d699"},{"element-6066-11e4-a52e-4f735466cecf":"528fc64b-ad41-4222-911c-b85b63d390d8"},{"element-6066-11e4-a52e-4f735466cecf":"1defc04a-bca5-42e3-9baf-ce17a3c3eca8"},{"element-6066-11e4-a52e-4f735466cecf":"f57cb155-0b69-41f1-835d-8af6e0c91fbe"},{"element-6066-11e4-a52e-4f735466cecf":"eab802b1-a007-4e3f-889e-dbec268845cd"},{"element-6066-11e4-a52e-4f735466cecf":"f711fd84-d620-402d-8364-d3e621e06741"},{"element-6066-11e4-a52e-4f735466cecf":"597e9b99-b582-45d1-9f0a-cf3801f5960c"},{"element-6066-11e4-a52e-4f735466cecf":"ce7cbe08-2d24-4201-ba2b-0886d314e2dd"},{"element-6066-11e4-a52e-4f735466cecf":"4a5340d1-01e9-467b-82aa-2b18dabbf665"},{"element-6066-11e4-a52e-4f735466cecf":"b636c530-950d-4748-a4ec-bc626a100486"},{"element-6066-11e4-a52e-4f735466cecf":"355f5407-08f8-48ef-8c6f-d0743f18e909"},{"element-6066-11e4-a52e-4f735466cecf":"6ab63b59-fd74-4220-932c-8a78cc7864ae"},{"element-6066-11e4-a52e-4f735466cecf":"f1d0e821-ad0a-4b54-89a3-12e112079503"},{"element-6066-11e4-a52e-4f735466cecf":"38f9f2db-3314-4a4a-a312-df463a3bc25d"},{"element-6066-11e4-a52e-4f735466cecf":"758a82da-b590-4152-be5c-36ac9c61fa2f"},{"element-6066-11e4-a52e-4f735466cecf":"add6056d-24a4-4fe7-9975-5d100fc291d5"},{"element-6066-11e4-a52e-4f735466cecf":"f6c5f883-59bf-4a7e-ab50-101af970a3ba"},{"element-6066-11e4-a52e-4f735466cecf":"e772c94b-d100-4081-a97b-23ff6f517235"},{"element-6066-11e4-a52e-4f735466cecf":"efb7ce72-1adb-45df-b598-923bb5b4eb8d"},{"element-6066-11e4-a52e-4f735466cecf":"11014ef5-5dae-4c16-8f6d-a583d2ca5999"},{"element-6066-11e4-a52e-4f735466cecf":"20bc32af-9088-437f-952e-c807d1477255"},{"element-6066-11e4-a52e-4f735466cecf":"e1b61687-717c-4a97-b5fb-b096e9baa4b2"},{"element-6066-11e4-a52e-4f735466cecf":"2002e135-9030-4f51-868c-80021da2c2b7"},{"element-6066-11e4-a52e-4f735466cecf":"712b5cc8-b65f-4819-9529-c5eaf99a2eb4"},{"element-6066-11e4-a52e-4f735466cecf":"f5468ad8-5c84-4799-a429-381a5bdcac81"},{"element-6066-11e4-a52e-4f735466cecf":"ca6896ff-82a2-4875-a907-e336c45c37e5"},{"element-6066-11e4-a52e-4f735466cecf":"a2ede6c9-4779-4009-b077-088d04e12b2c"},{"element-6066-11e4-a52e-4f735466cecf":"c8283f61-e0aa-442d-9b45-503541d764be"},{"element-6066-11e4-a52e-4f735466cecf":"c01a529e-4a23-4b76-9d21-7bae51cae20f"},{"element-6066-11e4-a52e-4f735466cecf":"53db5a5a-2e70-42d4-b489-df4b49604fdb"},{"element-6066-11e4-a52e-4f735466cecf":"54578a9c-66f6-4895-9af5-b8dcad3aa85a"},{"element-6066-11e4-a52e-4f735466cecf":"fefad70c-c07b-4f0b-b37c-7e98990ce73d"},{"element-6066-11e4-a52e-4f735466cecf":"02198690-84eb-4c76-a9a6-9bcd8eaf81ae"},{"element-6066-11e4-a52e-4f735466cecf":"422db08c-0d0c-4193-ac56-fbad60044047"},{"element-6066-11e4-a52e-4f735466cecf":"c6cd05cf-a138-4511-9c25-67b75eb25f16"},{"element-6066-11e4-a52e-4f735466cecf":"6d5abd44-f53f-4e57-83f9-2f0825be357e"},{"element-6066-11e4-a52e-4f735466cecf":"1c17eaaa-4a3b-40d8-b05a-924b2262c336"},{"element-6066-11e4-a52e-4f735466cecf":"7b7dfeea-1b9e-47b5-a1e8-cabec02fb0eb"},{"element-6066-11e4-a52e-4f735466cecf":"078bae6a-795a-423e-986c-cf23b2b14dbf"},{"element-6066-11e4-a52e-4f735466cecf":"cef7d804-a49e-4889-8e25-27a68c2ec863"},{"element-6066-11e4-a52e-4f735466cecf":"ccafde15-a116-4874-a78e-c6e0be8cee44"},{"element-6066-11e4-a52e-4f735466cecf":"68d67bec-ea66-4fba-8a97-7fb741e16084"},{"element-6066-11e4-a52e-4f735466cecf":"481ad3cf-a22a-4cff-9629-a943a0179d9c"},{"element-6066-11e4-a52e-4f735466cecf":"31f9a140-e614-45d9-8b2c-bd652254bd8e"},{"element-6066-11e4-a52e-4f735466cecf":"374a414f-9bac-48bc-9b69-36cde8bc336b"},{"element-6066-11e4-a52e-4f735466cecf":"5f1aa906-a548-48b2-9d94-9803fadfa838"},{"element-6066-11e4-a52e-4f735466cecf":"854be735-f6fa-4119-bd00-bf8e29df4f67"},{"element-6066-11e4-a52e-4f735466cecf":"66d4db82-09ec-4dca-9e7c-fb01697a1274"},{"element-6066-11e4-a52e-4f735466cecf":"3e71189f-cafe-420d-a800-3af09b14dfdc"},{"element-6066-11e4-a52e-4f735466cecf":"868960fa-7ca5-40fe-beb7-51a869bd0378"},{"element-6066-11e4-a52e-4f735466cecf":"084ca701-4c26-4d7b-9f92-e6a41d22ce9f"},{"element-6066-11e4-a52e-4f735466cecf":"4a59cbbd-c583-4ecb-8d88-18d7de0de8e1"},{"element-6066-11e4-a52e-4f735466cecf":"9ac6e633-8715-4d85-aee1-1befc9f8785d"},{"element-6066-11e4-a52e-4f735466cecf":"4061f671-2630-4e09-a432-27571c6b1e88"},{"element-6066-11e4-a52e-4f735466cecf":"0d4b50d3-0225-4365-8f88-b136b3af642b"},{"element-6066-11e4-a52e-4f735466cecf":"bc0b0d66-ea3a-4507-968c-c450941e35fe"},{"element-6066-11e4-a52e-4f735466cecf":"c3ec6329-929b-43e3-9529-72056db23749"},{"element-6066-11e4-a52e-4f735466cecf":"87ae0a19-23d6-4e8b-9b2f-ee65f811fd45"},{"element-6066-11e4-a52e-4f735466cecf":"cff8431e-6894-42eb-b46f-8bfe6c15df95"},{"element-6066-11e4-a52e-4f735466cecf":"8447bf6e-9985-498b-b7d8-33e741b4ac29"},{"element-6066-11e4-a52e-4f735466cecf":"dfa4a850-a278-4ee2-9b17-cf305f857e11"},{"element-6066-11e4-a52e-4f735466cecf":"c94b7827-640e-4f6e-93ac-d48a890d628a"},{"element-6066-11e4-a52e-4f735466cecf":"665112a9-47ba-462d-90ef-3d2ac027d111"},{"element-6066-11e4-a52e-4f735466cecf":"266c278d-60c7-4ffb-956c-aae8d5799a2b"},{"element-6066-11e4-a52e-4f735466cecf":"3b6e8272-e12c-4b8a-8475-c01687189a1c"},{"element-6066-11e4-a52e-4f735466cecf":"d5d0519b-08ce-48b4-b5c7-f68ce72ff4f0"},{"element-6066-11e4-a52e-4f735466cecf":"d0413bb4-4081-4001-867b-60e5d2424ef9"},{"element-6066-11e4-a52e-4f735466cecf":"565e3b8b-dd6f-4943-aa4d-05753b8f7810"},{"element-6066-11e4-a52e-4f735466cecf":"4229905e-8828-45dd-a695-72f9133fdc16"},{"element-6066-11e4-a52e-4f735466cecf":"69210176-ca0c-4bd8-b9b4-412a3c63e11e"},{"element-6066-11e4-a52e-4f735466cecf":"2133b659-1fde-4d29-8396-2bddb7369fff"},{"element-6066-11e4-a52e-4f735466cecf":"8b114779-bb1c-4b19-9f1c-80817417dd9a"},{"element-6066-11e4-a52e-4f735466cecf":"2289f611-8042-476d-b208-86df9ae19e95"},{"element-6066-11e4-a52e-4f735466cecf":"afa546eb-0574-4553-91e6-dd4490b25332"},{"element-6066-11e4-a52e-4f735466cecf":"26d77c7d-fafe-47d1-945b-b806df9a3685"},{"element-6066-11e4-a52e-4f735466cecf":"ed1e5fa0-4c75-4a1a-9c27-b3f90909028f"},{"element-6066-11e4-a52e-4f735466cecf":"8072fd24-2aaa-495a-b219-7b3e05b5e41f"},{"element-6066-11e4-a52e-4f735466cecf":"894e0b1c-148d-4cd4-bf47-d1f3d1814e4d"},{"element-6066-11e4-a52e-4f735466cecf":"43c877e3-c954-4638-ad5c-a7510d7f5771"},{"element-6066-11e4-a52e-4f735466cecf":"cedce5c0-6c7e-4edb-80e5-50309dc4b7be"},{"element-6066-11e4-a52e-4f735466cecf":"4976aa07-3041-4a90-b74c-92ae2d309dad"},{"element-6066-11e4-a52e-4f735466cecf":"186943a9-2bf9-4b07-8e75-04dd9dc0ed75"},{"element-6066-11e4-a52e-4f735466cecf":"e5406c70-8e08-48bc-ab6c-678be1add8dd"},{"element-6066-11e4-a52e-4f735466cecf":"1d71d400-13b7-49c9-bb78-86b65b6b79be"},{"element-6066-11e4-a52e-4f735466cecf":"2addd204-83e6-4bb4-afd1-9cd212eaf9d8"},{"element-6066-11e4-a52e-4f735466cecf":"41f436aa-96ed-4c1b-9660-214d5117c58d"},{"element-6066-11e4-a52e-4f735466cecf":"950a0116-ea9e-468e-8e9c-1063bb4e66e5"},{"element-6066-11e4-a52e-4f735466cecf":"a0c5ed11-5aa5-48d0-ab09-20e5bcd51385"},{"element-6066-11e4-a52e-4f735466cecf":"0f3794db-66b6-4c29-9108-1b621dfd64ae"},{"element-6066-11e4-a52e-4f735466cecf":"718d65bb-7edc-4567-b0f7-575d3e8d3c0d"},{"element-6066-11e4-a52e-4f735466cecf":"a19cc661-005b-44f5-8d63-8a264c60362c"},{"element-6066-11e4-a52e-4f735466cecf":"add09f41-50c3-4b22-9015-16497836db2b"},{"element-6066-11e4-a52e-4f735466cecf":"59bdd300-9432-47c6-882b-7b1e1f04e86c"},{"element-6066-11e4-a52e-4f735466cecf":"4653f9db-332d-4d4d-a749-7e7e4e565106"},{"element-6066-11e4-a52e-4f735466cecf":"c13ade27-e5cf-4b24-a479-93c7cba41997"},{"element-6066-11e4-a52e-4f735466cecf":"98f0aeab-4994-4eff-856e-581d1723d32f"},{"element-6066-11e4-a52e-4f735466cecf":"2862c3ef-83da-42fc-9e7f-0cb4845e5093"},{"element-6066-11e4-a52e-4f735466cecf":"36e15ac4-e4ee-49c3-b715-22e9febf0ea3"},{"element-6066-11e4-a52e-4f735466cecf":"8e1dd748-ff4c-4d1d-95dc-12a904e2d21b"},{"element-6066-11e4-a52e-4f735466cecf":"d70928f0-0866-46be-bf7c-03b28ed10e37"},{"element-6066-11e4-a52e-4f735466cecf":"b52bd48a-d66d-4a9d-916b-1c1b66ebb964"},{"element-6066-11e4-a52e-4f735466cecf":"5cc80ba6-5f36-445e-ad7f-ac0a718d7333"},{"element-6066-11e4-a52e-4f735466cecf":"c434d9c1-e96e-4947-b8e9-cd0a0b3b025c"},{"element-6066-11e4-a52e-4f735466cecf":"d187db85-e3ff-40be-82cb-446515a240f4"},{"element-6066-11e4-a52e-4f735466cecf":"cd84b55b-44b2-4dec-91c7-aabb58715e08"},{"element-6066-11e4-a52e-4f735466cecf":"f922a1f3-dd2d-4765-b176-08f75b23bdf9"},{"element-6066-11e4-a52e-4f735466cecf":"80096e57-7eb4-47a9-b6c3-45ea24f2f11a"},{"element-6066-11e4-a52e-4f735466cecf":"d3ea7dc1-bbbf-4dff-8bad-4ff9e90463e0"},{"element-6066-11e4-a52e-4f735466cecf":"d683481d-cd37-420d-a004-98f481be3c58"},{"element-6066-11e4-a52e-4f735466cecf":"05dd0ddd-da5d-4e9e-87ea-1612015ecc68"},{"element-6066-11e4-a52e-4f735466cecf":"cf4d7c50-4b12-4973-b0db-6ac88d060095"},{"element-6066-11e4-a52e-4f735466cecf":"47c55c98-9ac7-4ef8-b7f0-3d7e4e433f6e"},{"element-6066-11e4-a52e-4f735466cecf":"2ab620ea-9f3e-49a9-a741-d95186ef7ad4"},{"element-6066-11e4-a52e-4f735466cecf":"14a8d6b3-d2e0-4552-8943-fdf9cd8c2e48"},{"element-6066-11e4-a52e-4f735466cecf":"d38056c6-95d7-42e8-91bb-2347631104d0"},{"element-6066-11e4-a52e-4f735466cecf":"be2e5740-5307-4e5d-9734-a2c7345fa2f8"},{"element-6066-11e4-a52e-4f735466cecf":"6230bac1-c5ae-4922-9574-8866fec28d00"},{"element-6066-11e4-a52e-4f735466cecf":"12f3a8fb-19f0-44fa-ac0f-569f0a1a4de2"},{"element-6066-11e4-a52e-4f735466cecf":"be32cfb3-99ab-4f8a-8f84-0737da1e14eb"},{"element-6066-11e4-a52e-4f735466cecf":"8e882cea-104d-4693-b6fa-29b426704122"},{"element-6066-11e4-a52e-4f735466cecf":"63181bfd-b6c2-40ae-bac0-189905ec0ebf"},{"element-6066-11e4-a52e-4f735466cecf":"68fd81a7-bd53-4fdb-b64c-4398ac49c868"},{"element-6066-11e4-a52e-4f735466cecf":"b83b91ba-6520-446f-a110-9c76422fce8e"},{"element-6066-11e4-a52e-4f735466cecf":"f3566c67-9530-4d87-97ff-5292b93904f8"},{"element-6066-11e4-a52e-4f735466cecf":"bea48790-5dbc-4bfa-a547-dabd883293c7"},{"element-6066-11e4-a52e-4f735466cecf":"591c0746-411f-4a26-84ec-a1a95120988b"},{"element-6066-11e4-a52e-4f735466cecf":"fea1cf74-3783-403c-8eef-781d5264e144"},{"element-6066-11e4-a52e-4f735466cecf":"6dd64364-8cfe-4893-9895-2cf89cf0ce6f"},{"element-6066-11e4-a52e-4f735466cecf":"5b23db6b-d3a1-41bf-8fea-b577cbf6f351"},{"element-6066-11e4-a52e-4f735466cecf":"a08a5347-290d-4565-bef5-739d80a1cd7a"},{"element-6066-11e4-a52e-4f735466cecf":"a36fb239-0403-44dc-ba44-238d09eb02e1"},{"element-6066-11e4-a52e-4f735466cecf":"b85e09ec-f733-45a3-9105-2f49d36f45e7"},{"element-6066-11e4-a52e-4f735466cecf":"e14ae317-51a3-426a-9ed6-2baa837b3469"},{"element-6066-11e4-a52e-4f735466cecf":"d02a24d2-5f64-44e8-9726-8980e5a416f1"},{"element-6066-11e4-a52e-4f735466cecf":"a478088d-26bd-494d-96a4-335330847b4d"},{"element-6066-11e4-a52e-4f735466cecf":"de7103e2-b538-4bb8-9a13-e7b8cd93a636"},{"element-6066-11e4-a52e-4f735466cecf":"62d9d406-3653-4662-ad9c-01337dc165a3"},{"element-6066-11e4-a52e-4f735466cecf":"e0e5431d-b2c4-4782-b5c1-92019792d04b"},{"element-6066-11e4-a52e-4f735466cecf":"d5554f48-f30f-4f07-a0b4-dedfc84d4fbd"},{"element-6066-11e4-a52e-4f735466cecf":"041dc22c-7ae8-42fa-9bc6-922cb611bacd"},{"element-6066-11e4-a52e-4f735466cecf":"b3e76180-674e-40e9-9f9b-f88dbf6c3e2a"},{"element-6066-11e4-a52e-4f735466cecf":"8f48ae1a-539d-4378-a9bf-29e5d02d5192"},{"element-6066-11e4-a52e-4f735466cecf":"0496847f-b951-4612-9871-959b66cd9a05"},{"element-6066-11e4-a52e-4f735466cecf":"79f9df4c-1574-452b-b7fe-af2169ac52d3"},{"element-6066-11e4-a52e-4f735466cecf":"5e042a7f-95de-4e84-b478-b36be1464cf2"},{"element-6066-11e4-a52e-4f735466cecf":"00c41320-da77-4852-a595-ec2f19781537"},{"element-6066-11e4-a52e-4f735466cecf":"6c1595a1-e388-4765-873f-ec911a74d0b8"},{"element-6066-11e4-a52e-4f735466cecf":"2e1e55aa-f4db-478d-847c-5055cd34ac55"},{"element-6066-11e4-a52e-4f735466cecf":"a4be0f2d-7e45-4011-b987-e80527148479"},{"element-6066-11e4-a52e-4f735466cecf":"ff23d44d-4f27-4282-8466-eda12efa4b96"},{"element-6066-11e4-a52e-4f735466cecf":"c9544aab-29eb-4418-909c-b00f1ce7881f"},{"element-6066-11e4-a52e-4f735466cecf":"cdd419e3-e754-4bf4-bfc3-88b3bc135b8a"},{"element-6066-11e4-a52e-4f735466cecf":"6cc37901-9505-462d-9166-e42812b25c77"},{"element-6066-11e4-a52e-4f735466cecf":"00498020-bde3-4c95-b158-f50f5121c3d4"},{"element-6066-11e4-a52e-4f735466cecf":"65e265f4-27ab-4927-8a5c-43794c32d3a2"},{"element-6066-11e4-a52e-4f735466cecf":"0b86b2b7-3dc8-4f77-bd4f-87057b59636b"},{"element-6066-11e4-a52e-4f735466cecf":"42d68604-55dd-454b-84a9-ec80bb30f5f8"},{"element-6066-11e4-a52e-4f735466cecf":"6ba026d0-66f5-41ab-9741-42379ace0e41"},{"element-6066-11e4-a52e-4f735466cecf":"a9764a44-5c7e-4101-ae32-eca2007f4778"},{"element-6066-11e4-a52e-4f735466cecf":"dac66e3b-6206-4b62-a282-ab3ff530bb5e"},{"element-6066-11e4-a52e-4f735466cecf":"5a667ecd-92aa-4845-9243-b563266155eb"},{"element-6066-11e4-a52e-4f735466cecf":"8f4a9da3-b567-47ba-b95f-86de7c41cb1a"},{"element-6066-11e4-a52e-4f735466cecf":"d7d0975b-b152-4088-81ce-d2e4023563a0"},{"element-6066-11e4-a52e-4f735466cecf":"1d8fa848-7c79-4f7a-9274-d48e1d428ecb"},{"element-6066-11e4-a52e-4f735466cecf":"18ae30a3-f35f-49ba-821d-1ad69b954ad0"},{"element-6066-11e4-a52e-4f735466cecf":"c63e4923-29cf-44f9-83e0-519169c91205"},{"element-6066-11e4-a52e-4f735466cecf":"0a254163-c42d-4c27-89e3-82e1ab8be9a1"},{"element-6066-11e4-a52e-4f735466cecf":"575086c2-3fc7-4377-974e-47bc2bb58402"},{"element-6066-11e4-a52e-4f735466cecf":"e444e384-ade4-4325-a793-6c4ee042a021"},{"element-6066-11e4-a52e-4f735466cecf":"5515807b-cc23-4ec1-907a-604647dbaabb"},{"element-6066-11e4-a52e-4f735466cecf":"63e0bbe0-1ee4-48e6-9132-c45e0de55a0d"},{"element-6066-11e4-a52e-4f735466cecf":"986667cb-8558-4fd4-a1bb-0cee3479d4ef"},{"element-6066-11e4-a52e-4f735466cecf":"57da3294-6430-4859-a1e8-45b388d690a1"},{"element-6066-11e4-a52e-4f735466cecf":"55bcbfdd-757b-4e0f-8854-8eeb30f99d77"},{"element-6066-11e4-a52e-4f735466cecf":"e38c2b3a-c388-48f0-87ae-5ca8c669b308"},{"element-6066-11e4-a52e-4f735466cecf":"37426f98-1a2c-41d9-b4b4-65ccb340b2ac"},{"element-6066-11e4-a52e-4f735466cecf":"ceacf5e7-aa62-46eb-99ca-58442c2d7309"},{"element-6066-11e4-a52e-4f735466cecf":"eaf43181-8b10-4139-afad-08217c5bd349"},{"element-6066-11e4-a52e-4f735466cecf":"cf78d362-94c8-4d9c-80da-2d8b82d21d52"},{"element-6066-11e4-a52e-4f735466cecf":"cc7f128d-4c59-4759-a351-59f78b35bb0b"},{"element-6066-11e4-a52e-4f735466cecf":"5fcef764-83df-40a7-ab6c-d67e9e11ea5c"},{"element-6066-11e4-a52e-4f735466cecf":"20ab223c-fa9f-4dd1-bf4d-01c93af3e3ec"},{"element-6066-11e4-a52e-4f735466cecf":"d1711868-2447-4930-ace8-9a5a20f478ec"},{"element-6066-11e4-a52e-4f735466cecf":"ba4514d2-a61a-498f-a924-0b057b38e94b"},{"element-6066-11e4-a52e-4f735466cecf":"8305d563-79f5-45fa-9cd1-72d5c3e50dca"},{"element-6066-11e4-a52e-4f735466cecf":"9e67f17f-5c8a-43b3-b3ca-da07bbf8d3a9"},{"element-6066-11e4-a52e-4f735466cecf":"24384e82-5dcf-4d53-af94-4356a52b2299"},{"element-6066-11e4-a52e-4f735466cecf":"fbf652c8-b6fe-4fb0-8976-73686673804e"},{"element-6066-11e4-a52e-4f735466cecf":"0818e52b-ca0a-465b-8e6f-7861aeda2aba"},{"element-6066-11e4-a52e-4f735466cecf":"16616828-7392-4d85-9a1d-0f4f6f08ef28"},{"element-6066-11e4-a52e-4f735466cecf":"b3095992-6e9d-4d51-a93e-1894676f185b"},{"element-6066-11e4-a52e-4f735466cecf":"097bf4b7-845c-489d-a025-74828887b13f"},{"element-6066-11e4-a52e-4f735466cecf":"cddf1022-ef30-4e71-8d25-051f51bc604c"},{"element-6066-11e4-a52e-4f735466cecf":"fb13dc5a-a948-4cbe-8508-f05fd6ec7816"},{"element-6066-11e4-a52e-4f735466cecf":"c015f16f-c012-45e6-9b64-e8ed46942f72"},{"element-6066-11e4-a52e-4f735466cecf":"6bf3cf9f-b999-4839-8823-77b28dd65661"},{"element-6066-11e4-a52e-4f735466cecf":"777d16c1-29ef-4e1f-8210-ee2a728a75f8"},{"element-6066-11e4-a52e-4f735466cecf":"7f7567ec-813e-426a-bb32-2a1df32fecb2"},{"element-6066-11e4-a52e-4f735466cecf":"a0fbbb09-32ae-49d2-ae8b-e238c4d6c1cb"},{"element-6066-11e4-a52e-4f735466cecf":"f6f59a86-6477-416c-ab52-408997b1ccae"},{"element-6066-11e4-a52e-4f735466cecf":"a7cc21e0-c95a-455f-9e0b-69fe229f9693"},{"element-6066-11e4-a52e-4f735466cecf":"13ef502e-5baf-4763-9b47-4fc7847030d2"},{"element-6066-11e4-a52e-4f735466cecf":"0c73a602-093b-4d72-9a2c-a9cb47a60903"},{"element-6066-11e4-a52e-4f735466cecf":"745d4c8f-e007-4c8f-95aa-c55f27fc8125"},{"element-6066-11e4-a52e-4f735466cecf":"1f793e0d-1f5d-47cf-a67c-12af6ba2b61e"},{"element-6066-11e4-a52e-4f735466cecf":"25a57e73-76b7-4f9c-93fa-ce8208ce763c"},{"element-6066-11e4-a52e-4f735466cecf":"9d839f5c-bcd4-4879-9a9c-4c3dba5f7012"},{"element-6066-11e4-a52e-4f735466cecf":"e46139db-7308-4081-9111-21ab1613f2b6"},{"element-6066-11e4-a52e-4f735466cecf":"ca4ef3f6-dba2-496b-a21a-8fee87254403"},{"element-6066-11e4-a52e-4f735466cecf":"a2e50af7-9b30-4de3-94fb-2788f8dafcc1"},{"element-6066-11e4-a52e-4f735466cecf":"0ce9f138-a009-4958-9a33-1aae3d207209"},{"element-6066-11e4-a52e-4f735466cecf":"094ba5cd-7356-41ab-96be-969ab861ad65"},{"element-6066-11e4-a52e-4f735466cecf":"16728174-2b2e-4a03-9cca-a9472f5c281f"},{"element-6066-11e4-a52e-4f735466cecf":"15097b79-1baa-42f6-84af-998bae741ed3"},{"element-6066-11e4-a52e-4f735466cecf":"e46f5454-1dd1-4e56-84fa-542cc060347c"},{"element-6066-11e4-a52e-4f735466cecf":"464b884a-b58b-42c5-a0a3-9acccf7a3d0d"},{"element-6066-11e4-a52e-4f735466cecf":"7a68a526-c026-4f0f-a999-3b641bd4f88e"},{"element-6066-11e4-a52e-4f735466cecf":"a4d5fedd-30f7-4485-9166-ac0bdfbf7b72"},{"element-6066-11e4-a52e-4f735466cecf":"ece17f3a-967b-4cb1-a7fc-4656340c5890"},{"element-6066-11e4-a52e-4f735466cecf":"5fa868e1-5912-401d-bf0b-39b07e4ada44"},{"element-6066-11e4-a52e-4f735466cecf":"2b207eb2-2e53-484a-b456-fa560014c0b7"},{"element-6066-11e4-a52e-4f735466cecf":"4b1625ea-94b6-444e-abd7-14af7f02ad96"},{"element-6066-11e4-a52e-4f735466cecf":"9ce332df-4b4f-420a-ae62-6c2fc8004d54"},{"element-6066-11e4-a52e-4f735466cecf":"8c6271e5-234d-4f95-aef4-31649856beee"},{"element-6066-11e4-a52e-4f735466cecf":"62e8a747-9f51-4f9f-85c9-391cd3996b5f"},{"element-6066-11e4-a52e-4f735466cecf":"1ecad4a6-5692-4838-a0bf-ab6101f58470"},{"element-6066-11e4-a52e-4f735466cecf":"09c140e8-486e-41a9-a510-7ae5724255ee"},{"element-6066-11e4-a52e-4f735466cecf":"0b6a5fef-6e29-4b9b-9809-379a9a80d43c"},{"element-6066-11e4-a52e-4f735466cecf":"aa09fd40-f65c-49ba-96fb-3c27aca0ba11"},{"element-6066-11e4-a52e-4f735466cecf":"41f6df63-248a-40f8-8aac-547cad208def"},{"element-6066-11e4-a52e-4f735466cecf":"c0df7477-8fdd-4c70-832d-908cdbbf6d0b"},{"element-6066-11e4-a52e-4f735466cecf":"e8915964-afe9-4fc8-bbc1-330b9e62b54c"},{"element-6066-11e4-a52e-4f735466cecf":"d62eaefd-6c30-4c22-9539-8c1a68bed748"},{"element-6066-11e4-a52e-4f735466cecf":"e617f59e-2034-4d91-82c1-e2b0b6b3468d"},{"element-6066-11e4-a52e-4f735466cecf":"7e90167c-2322-4174-a1db-2ba4540ecb86"},{"element-6066-11e4-a52e-4f735466cecf":"cffdec99-40cb-4537-8ecb-f5a9840e70fa"},{"element-6066-11e4-a52e-4f735466cecf":"3508aa46-57ce-4e8c-99fb-670321f7ac60"},{"element-6066-11e4-a52e-4f735466cecf":"044eae3f-9c3a-4b69-bdf7-f585f5c870f1"},{"element-6066-11e4-a52e-4f735466cecf":"c84144a2-d370-4aac-8e09-2d2617513293"},{"element-6066-11e4-a52e-4f735466cecf":"178e08d7-f764-4117-b00f-7a9f9794e1cc"},{"element-6066-11e4-a52e-4f735466cecf":"851e4b33-0a72-48f2-835a-f051bc1cbab9"},{"element-6066-11e4-a52e-4f735466cecf":"f0ebb580-6712-4d26-9d4b-8e0a1d477ddf"},{"element-6066-11e4-a52e-4f735466cecf":"7d6557a3-ba36-4ca7-850a-00b00cf5e552"},{"element-6066-11e4-a52e-4f735466cecf":"ac309ca8-4394-44d9-b45b-2f94bc91913b"},{"element-6066-11e4-a52e-4f735466cecf":"e88765b3-94b3-4ff7-afa2-3cb5d4f7ae17"},{"element-6066-11e4-a52e-4f735466cecf":"bd3b00aa-7975-48af-8706-1ebd18c848ad"},{"element-6066-11e4-a52e-4f735466cecf":"b3496ad3-b760-4bfc-827a-b4090a9cb95a"},{"element-6066-11e4-a52e-4f735466cecf":"cc5fc9df-f752-4c8f-98da-d8dba428d3d9"},{"element-6066-11e4-a52e-4f735466cecf":"2482485c-db6b-42b4-bd29-3e86e2cae7fb"},{"element-6066-11e4-a52e-4f735466cecf":"b1ae2268-d548-4cce-a2c0-f80d46ad54ee"},{"element-6066-11e4-a52e-4f735466cecf":"2260d389-8243-4fa0-8f48-7292ac255889"},{"element-6066-11e4-a52e-4f735466cecf":"d54f5474-885b-451c-aaca-6cb1564e5c0d"},{"element-6066-11e4-a52e-4f735466cecf":"46ec12b7-de89-4819-a5e9-81a4ede6d370"},{"element-6066-11e4-a52e-4f735466cecf":"0069f27b-63b2-43ef-903c-aa15a4d590fa"},{"element-6066-11e4-a52e-4f735466cecf":"901ccc92-0b8b-4b26-94da-946b42a1a041"},{"element-6066-11e4-a52e-4f735466cecf":"d75f9abf-c23f-4a73-a358-213ee232d640"},{"element-6066-11e4-a52e-4f735466cecf":"4fbcae24-4626-43fc-936d-ba92851e4c90"},{"element-6066-11e4-a52e-4f735466cecf":"4aa155a2-6f87-4605-bffd-4a5672f3efa9"},{"element-6066-11e4-a52e-4f735466cecf":"8f693907-4fc9-4893-8733-cdcc1ada619a"},{"element-6066-11e4-a52e-4f735466cecf":"6d258af2-330e-4bfc-aa0e-130ec00ec581"},{"element-6066-11e4-a52e-4f735466cecf":"2ebb9d92-be1d-43c3-bc9e-39b61f00afbf"},{"element-6066-11e4-a52e-4f735466cecf":"1359fb4b-a631-4636-ab4c-6207b01a9afd"},{"element-6066-11e4-a52e-4f735466cecf":"5740a253-ea6b-4bb3-8621-8a08a70fbbfe"},{"element-6066-11e4-a52e-4f735466cecf":"1e5cc9c5-3355-4255-8faa-596784008d07"},{"element-6066-11e4-a52e-4f735466cecf":"9e7dcde3-f75f-4139-a6f7-3bea65446a20"},{"element-6066-11e4-a52e-4f735466cecf":"fc2cff61-7045-40ef-951c-29333c74bc65"},{"element-6066-11e4-a52e-4f735466cecf":"e20a64b8-a760-4ca6-9b4d-b7b126f5c930"},{"element-6066-11e4-a52e-4f735466cecf":"76ff6b6c-bc13-4951-9956-a0935a17a366"},{"element-6066-11e4-a52e-4f735466cecf":"f947c3a6-1864-4e49-bcde-47ce8f68cdab"},{"element-6066-11e4-a52e-4f735466cecf":"7759bd1e-de9c-45c3-b6bc-518e22b9bb35"},{"element-6066-11e4-a52e-4f735466cecf":"605f6833-9103-48fa-8510-0413f101dff3"},{"element-6066-11e4-a52e-4f735466cecf":"ff347413-2478-46a0-ad1b-7d60b4bde0a2"},{"element-6066-11e4-a52e-4f735466cecf":"6c7a62d7-5874-4c38-b69b-8675d4186ea6"},{"element-6066-11e4-a52e-4f735466cecf":"3d3460c4-0904-434c-a5c4-864bb4a1c17e"},{"element-6066-11e4-a52e-4f735466cecf":"2890655b-95af-4d4e-afb9-905d8a0d8f39"},{"element-6066-11e4-a52e-4f735466cecf":"f0bebea8-4ac4-4c92-a269-556bfc55350b"},{"element-6066-11e4-a52e-4f735466cecf":"d9793ead-1656-4ac2-be9f-91c93213994c"},{"element-6066-11e4-a52e-4f735466cecf":"73c7db68-4015-4ba0-a6e4-0127aa07b47a"},{"element-6066-11e4-a52e-4f735466cecf":"1c6c6285-f016-4691-be61-34d6d527113b"},{"element-6066-11e4-a52e-4f735466cecf":"c1dd3c92-0a65-4d4c-b820-6d17d4c37394"},{"element-6066-11e4-a52e-4f735466cecf":"80cd31f0-f8e4-4b1c-8d5d-6a3fe477171a"},{"element-6066-11e4-a52e-4f735466cecf":"e533f7bb-8efd-4bc3-ad88-d3510a559edb"},{"element-6066-11e4-a52e-4f735466cecf":"a57ec493-11eb-4b52-9981-daa5c4d6648a"},{"element-6066-11e4-a52e-4f735466cecf":"2620766a-b62a-48b2-9878-06ddb4b045af"},{"element-6066-11e4-a52e-4f735466cecf":"658e5bd3-5544-4c5f-9746-5e60fd2ad934"},{"element-6066-11e4-a52e-4f735466cecf":"fea404ee-c329-48e0-b5bc-8715717a00ad"},{"element-6066-11e4-a52e-4f735466cecf":"224947bd-fbc2-4785-8c6e-323753ebb7d3"},{"element-6066-11e4-a52e-4f735466cecf":"1b4655d8-e96f-4709-b345-a4e492025770"},{"element-6066-11e4-a52e-4f735466cecf":"c33df9fa-7152-42c4-ae72-e8465227209f"},{"element-6066-11e4-a52e-4f735466cecf":"5c6f07bb-859c-4337-92d6-6eb419494a65"},{"element-6066-11e4-a52e-4f735466cecf":"4db31b24-f7db-4afb-b85d-ac9cd7ef851e"},{"element-6066-11e4-a52e-4f735466cecf":"bd3cad99-fc7c-4486-bf45-4982136ca785"},{"element-6066-11e4-a52e-4f735466cecf":"a578555f-7212-4c58-8ccc-237b23ac35c8"},{"element-6066-11e4-a52e-4f735466cecf":"eda48c2e-e16c-4758-b3f0-c0f6d6047d1f"},{"element-6066-11e4-a52e-4f735466cecf":"1ac298cc-ed74-45e1-94f3-6eb2cc17cf43"},{"element-6066-11e4-a52e-4f735466cecf":"58bb1116-c834-4c57-84d9-b69278f8c51e"},{"element-6066-11e4-a52e-4f735466cecf":"74b4a093-b51b-45d4-a226-06799c5e56e1"},{"element-6066-11e4-a52e-4f735466cecf":"297c88eb-8128-41db-9c3a-a62899d9b061"},{"element-6066-11e4-a52e-4f735466cecf":"0d665d45-6189-470a-b1f2-eeab191473ad"},{"element-6066-11e4-a52e-4f735466cecf":"5f80c2fc-70d3-4246-92e8-24f397ad30bd"},{"element-6066-11e4-a52e-4f735466cecf":"637fd50a-8a69-49d9-a02a-ab3f9b2a637d"},{"element-6066-11e4-a52e-4f735466cecf":"3f0ba79f-85c5-4cf4-995d-6bbc66c86c1a"},{"element-6066-11e4-a52e-4f735466cecf":"8977fe4c-9b17-4e91-ac15-dffd54e99fe4"},{"element-6066-11e4-a52e-4f735466cecf":"1c436854-a517-4fae-8589-ded95e9ac1c3"},{"element-6066-11e4-a52e-4f735466cecf":"8db9d4ff-17e1-4c88-9b76-615e5c6146b3"},{"element-6066-11e4-a52e-4f735466cecf":"1c1f93e0-e8a5-451d-b5ae-413d90f4a31b"},{"element-6066-11e4-a52e-4f735466cecf":"f71b083f-846c-45b8-9eb3-6da3e674cb18"},{"element-6066-11e4-a52e-4f735466cecf":"40e7f2c5-7256-4740-af98-fb826e1ec180"},{"element-6066-11e4-a52e-4f735466cecf":"62b1f90f-967e-4b8f-ad13-ad9bab583064"},{"element-6066-11e4-a52e-4f735466cecf":"7d5994fc-89f0-4f8a-9e45-aeff66126e22"},{"element-6066-11e4-a52e-4f735466cecf":"1dc844fe-bea5-4696-9723-4bc131e6bfac"},{"element-6066-11e4-a52e-4f735466cecf":"e0121f24-66ee-4c62-a32b-66b541ea670a"},{"element-6066-11e4-a52e-4f735466cecf":"0e86d556-38b2-426c-b825-67abe73df84e"},{"element-6066-11e4-a52e-4f735466cecf":"e60dcae3-6af2-47ba-9ddf-5c62d2c0d999"},{"element-6066-11e4-a52e-4f735466cecf":"4845018c-c0f1-41ca-a5d4-6a50665ba3d7"},{"element-6066-11e4-a52e-4f735466cecf":"b415fd48-10ce-407b-8bb8-64472053856b"},{"element-6066-11e4-a52e-4f735466cecf":"a25bcede-a4d1-420a-8a31-383855109225"},{"element-6066-11e4-a52e-4f735466cecf":"6a2adaac-d85b-4740-8adf-065c8d7de1c4"},{"element-6066-11e4-a52e-4f735466cecf":"d046e8ba-6552-4435-8f0e-b35377a69f32"},{"element-6066-11e4-a52e-4f735466cecf":"d3218b29-4225-4c4c-bc43-bc03c52ca6e6"},{"element-6066-11e4-a52e-4f735466cecf":"08705c41-24d2-42b4-9fa3-ff366cc2c76c"},{"element-6066-11e4-a52e-4f735466cecf":"1ccd24e9-29a4-433f-a21b-4ae5dbf73c6b"},{"element-6066-11e4-a52e-4f735466cecf":"8266591c-91b9-464d-ba61-8d74a20450ae"},{"element-6066-11e4-a52e-4f735466cecf":"a825ce09-8124-40c9-a302-cdefcc26c6b9"},{"element-6066-11e4-a52e-4f735466cecf":"21d1a9f3-f5b4-482c-9897-8fd3638aacf0"},{"element-6066-11e4-a52e-4f735466cecf":"55ed103b-7b83-44a2-ae8f-92458161f4ed"},{"element-6066-11e4-a52e-4f735466cecf":"2015a7c2-5812-484d-ac8a-4b1d449f6301"},{"element-6066-11e4-a52e-4f735466cecf":"7a06aade-b20b-4fab-a01d-08241a26ab05"},{"element-6066-11e4-a52e-4f735466cecf":"346d17c2-fb85-4d26-845f-f34c81459703"},{"element-6066-11e4-a52e-4f735466cecf":"9df20bf0-02e2-47b6-8392-db96677cf377"},{"element-6066-11e4-a52e-4f735466cecf":"22d4ef3d-3e6e-44d1-a494-ab4fb057f873"},{"element-6066-11e4-a52e-4f735466cecf":"860cc8ed-81da-49df-b4f6-eec1139c0e43"},{"element-6066-11e4-a52e-4f735466cecf":"29d02ed1-d7ed-44c7-b55c-598b19ee0746"},{"element-6066-11e4-a52e-4f735466cecf":"f228bab6-f4e2-4f21-bf8e-6d59b29e8514"},{"element-6066-11e4-a52e-4f735466cecf":"e9723f86-b68b-44ab-8dff-a0519157a657"},{"element-6066-11e4-a52e-4f735466cecf":"42fd5e9a-764e-404d-a05c-159a759c1b82"},{"element-6066-11e4-a52e-4f735466cecf":"a7e3369a-1eea-43dc-9db7-cb2e739e18a4"},{"element-6066-11e4-a52e-4f735466cecf":"d5b77932-728f-4284-8956-c5f529cc76dc"},{"element-6066-11e4-a52e-4f735466cecf":"e6e6875c-58be-4826-86b9-462e7f72891c"},{"element-6066-11e4-a52e-4f735466cecf":"4398d147-bb0a-46e2-8225-bcb4b86980a8"},{"element-6066-11e4-a52e-4f735466cecf":"8b47396b-160d-4f7e-87b2-9c1a483ccb35"},{"element-6066-11e4-a52e-4f735466cecf":"3f602d58-e3e7-4a88-a410-0507a1619683"},{"element-6066-11e4-a52e-4f735466cecf":"887525a6-b035-42cf-8b51-a46d1ece2ecc"},{"element-6066-11e4-a52e-4f735466cecf":"3ac305d3-cd60-42e6-9099-40307a22f18b"},{"element-6066-11e4-a52e-4f735466cecf":"3d56515e-0782-4617-916a-6a11742c0251"},{"element-6066-11e4-a52e-4f735466cecf":"2446f1a2-6cae-4d87-9f09-697e8f5aed76"},{"element-6066-11e4-a52e-4f735466cecf":"f5d07ca5-7a29-4231-adaf-1a6326b6fa0c"},{"element-6066-11e4-a52e-4f735466cecf":"172615fe-8431-46ec-9c61-98b7722132bf"},{"element-6066-11e4-a52e-4f735466cecf":"9328e7e1-b2c2-4664-9670-6ccc49c8a541"},{"element-6066-11e4-a52e-4f735466cecf":"77eebb41-4eb8-4c76-b241-363af50029e3"},{"element-6066-11e4-a52e-4f735466cecf":"071ab596-f389-41f5-b36f-8069973cb523"},{"element-6066-11e4-a52e-4f735466cecf":"315d6906-c1ea-4773-91c0-0df43aeca473"},{"element-6066-11e4-a52e-4f735466cecf":"1e9f3e57-9e73-441f-b0a6-59ee53aabde4"},{"element-6066-11e4-a52e-4f735466cecf":"3c88f453-fb9b-4d7e-ae39-e93ed79e8a11"},{"element-6066-11e4-a52e-4f735466cecf":"5f1e1220-9280-44e9-b780-c05e12544870"},{"element-6066-11e4-a52e-4f735466cecf":"6e35eace-6b83-4bda-948a-62c81f5bcf42"},{"element-6066-11e4-a52e-4f735466cecf":"057159c0-e358-4db9-a9ef-adc69b61c102"},{"element-6066-11e4-a52e-4f735466cecf":"2038d9dc-f89c-4bda-a860-61c636dfe9a1"},{"element-6066-11e4-a52e-4f735466cecf":"5aceebb2-9e2c-4f53-925c-f9d11f04580c"},{"element-6066-11e4-a52e-4f735466cecf":"71f721bb-6694-4658-aa40-6ca127e8a507"},{"element-6066-11e4-a52e-4f735466cecf":"9366a4b6-d570-4f42-a8b0-b34fc3b3c334"},{"element-6066-11e4-a52e-4f735466cecf":"0c11ee7c-5f1b-45db-8e89-5d8b7b39fac6"},{"element-6066-11e4-a52e-4f735466cecf":"558b1689-322b-406b-9a77-ae685bba048a"},{"element-6066-11e4-a52e-4f735466cecf":"b35be56e-905b-4f50-85e4-6862b1aa02cb"},{"element-6066-11e4-a52e-4f735466cecf":"6ca9a536-ab07-483c-9ce2-0f2c342bb270"},{"element-6066-11e4-a52e-4f735466cecf":"90df41dd-b4b2-4d8c-9be5-9dcfd0da22e0"},{"element-6066-11e4-a52e-4f735466cecf":"43d7f385-8f80-4632-a447-9b336053ae03"},{"element-6066-11e4-a52e-4f735466cecf":"4f98b26f-d8ee-42be-a5e1-7f8f8fff077f"},{"element-6066-11e4-a52e-4f735466cecf":"4599425b-9ba3-4713-b6c5-a6b9c193f9aa"},{"element-6066-11e4-a52e-4f735466cecf":"4e075dcc-f6e8-4d22-9342-61e53c9710c1"},{"element-6066-11e4-a52e-4f735466cecf":"39464109-e3bf-4da2-84ae-eea9d98e1077"},{"element-6066-11e4-a52e-4f735466cecf":"78265d34-ae0e-4725-a2b3-01c2a305247f"},{"element-6066-11e4-a52e-4f735466cecf":"c120d12b-d263-435a-b074-b1e83ebba891"},{"element-6066-11e4-a52e-4f735466cecf":"7118dafb-ba2e-48bb-9873-6caef5a692bb"},{"element-6066-11e4-a52e-4f735466cecf":"acb43605-960c-45d3-9e29-b3dea11fb832"},{"element-6066-11e4-a52e-4f735466cecf":"312901f1-84f3-4818-8ddd-910c94e13571"},{"element-6066-11e4-a52e-4f735466cecf":"23de8ed0-6085-4883-a6c1-ca5e010f7a84"},{"element-6066-11e4-a52e-4f735466cecf":"84d30a31-f299-45c2-9b43-bd1ae6aca801"},{"element-6066-11e4-a52e-4f735466cecf":"8027967a-351e-4d1c-849c-c38043277394"},{"element-6066-11e4-a52e-4f735466cecf":"98318d5c-3829-437f-82fb-de28d775e9d5"},{"element-6066-11e4-a52e-4f735466cecf":"89c7b8fc-0fe3-4c40-83ee-353d24070fa0"},{"element-6066-11e4-a52e-4f735466cecf":"2fd14dc1-b7ed-45d4-8c59-f34a2d6e11db"},{"element-6066-11e4-a52e-4f735466cecf":"785cec97-f632-4a5b-9755-77aef5b771ce"},{"element-6066-11e4-a52e-4f735466cecf":"223c7e36-8ef9-43fe-a020-8a0e6807a6ae"},{"element-6066-11e4-a52e-4f735466cecf":"06def0ec-82ca-4870-aa66-e9e15e7def9e"},{"element-6066-11e4-a52e-4f735466cecf":"727cf19e-8c46-4c19-b3df-cdcfc14f5180"},{"element-6066-11e4-a52e-4f735466cecf":"658bd504-05b1-45b8-8a70-0a92fee131a9"},{"element-6066-11e4-a52e-4f735466cecf":"f0037318-9b4d-4047-afa4-09dbf0348dd1"},{"element-6066-11e4-a52e-4f735466cecf":"6054b06c-e746-44df-b8ec-f32039dae2ef"},{"element-6066-11e4-a52e-4f735466cecf":"392ba324-9c22-4a82-b4ec-43471907ac8c"},{"element-6066-11e4-a52e-4f735466cecf":"ec184552-7607-4244-a1c8-ab9c421eb2e7"},{"element-6066-11e4-a52e-4f735466cecf":"059cb53e-3280-4a56-933e-8206f18d0c55"},{"element-6066-11e4-a52e-4f735466cecf":"78c3cb1b-a8bd-4a4e-8670-21967f94f795"},{"element-6066-11e4-a52e-4f735466cecf":"d4156597-9271-4a46-9d41-2d7c3b47936b"},{"element-6066-11e4-a52e-4f735466cecf":"21944931-5a6e-47bf-b9dc-bd4bd18393ec"},{"element-6066-11e4-a52e-4f735466cecf":"9b81742a-e4f1-40c3-88e3-47e3de8de6c1"},{"element-6066-11e4-a52e-4f735466cecf":"138ed610-bd3f-4a56-b737-44a3c1476c9c"},{"element-6066-11e4-a52e-4f735466cecf":"6d8a14bd-ebf2-4c20-a64d-be16ee904057"},{"element-6066-11e4-a52e-4f735466cecf":"2a42e17c-ccf3-4c76-96f1-a9b8b670b483"},{"element-6066-11e4-a52e-4f735466cecf":"f9c03e6d-e6c4-4861-b6df-b543cc1d51aa"},{"element-6066-11e4-a52e-4f735466cecf":"c45de624-9bf1-410d-a0d1-389afd4db21f"},{"element-6066-11e4-a52e-4f735466cecf":"940c62b7-7c5c-4ad8-bd21-d9b7dbfd083c"},{"element-6066-11e4-a52e-4f735466cecf":"5f53d8fa-548a-400c-ae15-cb06c6121507"},{"element-6066-11e4-a52e-4f735466cecf":"e310d97e-1059-40a5-b5ae-27d9ea58b302"},{"element-6066-11e4-a52e-4f735466cecf":"d6529c96-0365-4a7b-9fe3-fba284c5d3de"},{"element-6066-11e4-a52e-4f735466cecf":"a0070697-0de4-42ca-a9df-95c6c82f53b7"},{"element-6066-11e4-a52e-4f735466cecf":"03132e72-224a-44ac-a985-db77e380fcd8"},{"element-6066-11e4-a52e-4f735466cecf":"2a792689-2c69-449d-b8fd-6c6db55c27d3"},{"element-6066-11e4-a52e-4f735466cecf":"6f84d24d-dbb8-413b-be9b-8ee147460c22"},{"element-6066-11e4-a52e-4f735466cecf":"18ff6b3f-7209-4147-bcc5-b6a7ccc2573a"},{"element-6066-11e4-a52e-4f735466cecf":"1f2a6cf8-eebd-4d66-9814-93af0ae4a281"},{"element-6066-11e4-a52e-4f735466cecf":"a0d21b56-f0ae-4d8b-9a10-b4bdb86665b9"},{"element-6066-11e4-a52e-4f735466cecf":"c5a58e42-bf6e-497b-a415-d8cd302ede16"},{"element-6066-11e4-a52e-4f735466cecf":"57aca609-cd59-453f-95fb-b6a4518fbe76"},{"element-6066-11e4-a52e-4f735466cecf":"cd4d0477-ce5b-41be-b43d-2089df36b53a"},{"element-6066-11e4-a52e-4f735466cecf":"37e4ec77-eba0-42ac-8527-1565bc113c04"},{"element-6066-11e4-a52e-4f735466cecf":"ce914ec6-3ed9-4e4c-9712-a7beb1bc9d24"},{"element-6066-11e4-a52e-4f735466cecf":"7462c2b3-f084-48c5-a649-e56d5634fc24"},{"element-6066-11e4-a52e-4f735466cecf":"9082daca-8e25-4e21-935f-f23610fa90a6"},{"element-6066-11e4-a52e-4f735466cecf":"b7c216ab-b81f-42e4-af0e-af2148e72d7f"},{"element-6066-11e4-a52e-4f735466cecf":"be8535a8-994d-4cdc-83e0-54c8351494a6"},{"element-6066-11e4-a52e-4f735466cecf":"7df43a5f-c6e4-488f-babf-da9b2b29970b"},{"element-6066-11e4-a52e-4f735466cecf":"e63b6c9e-ca63-405f-a465-94bc561699d7"},{"element-6066-11e4-a52e-4f735466cecf":"888221f6-3c45-4ba9-a521-2b98322ad587"},{"element-6066-11e4-a52e-4f735466cecf":"5509ec6d-4462-4ccd-9e13-709b3b6cf2cb"},{"element-6066-11e4-a52e-4f735466cecf":"2f4fff17-6cfb-4930-ba5b-1720d4a347a1"},{"element-6066-11e4-a52e-4f735466cecf":"7e3b3b27-46eb-483d-b8ef-c64841a9f6ce"},{"element-6066-11e4-a52e-4f735466cecf":"d4bb0dca-0e77-4d57-987d-7e7ddd396b9a"},{"element-6066-11e4-a52e-4f735466cecf":"b9b51950-b2ba-4bed-8fc6-f86591e9d920"},{"element-6066-11e4-a52e-4f735466cecf":"52daa1bf-1bda-4483-b5ce-9fd72783bafc"},{"element-6066-11e4-a52e-4f735466cecf":"d195c9b4-b4d0-40e5-a269-381ea992ecf1"},{"element-6066-11e4-a52e-4f735466cecf":"86e9d622-6ee2-4ec8-986a-c533a1fa7a5a"},{"element-6066-11e4-a52e-4f735466cecf":"d58cc48e-1504-4cfb-8345-1cae2c7986e9"},{"element-6066-11e4-a52e-4f735466cecf":"777d0cf6-0b02-4cb0-b4e9-a42b34dfb4ed"},{"element-6066-11e4-a52e-4f735466cecf":"47024f05-574c-4bec-b019-0306e165d3e3"},{"element-6066-11e4-a52e-4f735466cecf":"67cfb215-07d8-4741-bffd-4a63cd3bc866"},{"element-6066-11e4-a52e-4f735466cecf":"4516d45e-65ab-4da2-930e-6d5df5d9a651"},{"element-6066-11e4-a52e-4f735466cecf":"cb59fca2-686d-4b55-b559-ca207945ed9d"},{"element-6066-11e4-a52e-4f735466cecf":"3b3a4492-3bfd-499c-8c62-f56c21daa994"},{"element-6066-11e4-a52e-4f735466cecf":"5f4d1d14-8fcb-4f96-82cb-a5c188de7616"},{"element-6066-11e4-a52e-4f735466cecf":"c6cff244-faaa-4769-b3eb-11a194e57e69"},{"element-6066-11e4-a52e-4f735466cecf":"2029d885-2f74-43fb-8bf7-1d1247d194cd"},{"element-6066-11e4-a52e-4f735466cecf":"7d81f4e8-fb84-4727-9e1b-22e46f7f0115"},{"element-6066-11e4-a52e-4f735466cecf":"ba5e6891-3513-4697-a575-9961581cf99d"},{"element-6066-11e4-a52e-4f735466cecf":"353ef340-9f84-49bd-8a5d-312233340ded"},{"element-6066-11e4-a52e-4f735466cecf":"096dbc97-00d8-49e9-a383-3988d9bb832a"},{"element-6066-11e4-a52e-4f735466cecf":"6072cfca-d300-4e51-8b37-a34b583a6db9"},{"element-6066-11e4-a52e-4f735466cecf":"423db527-ba15-4cc8-a4ac-d3826fcf7f0e"},{"element-6066-11e4-a52e-4f735466cecf":"df7110a1-2d68-4edf-a0e3-64849251ba63"},{"element-6066-11e4-a52e-4f735466cecf":"83b5c115-3625-436c-bf7c-dd11b3193d51"},{"element-6066-11e4-a52e-4f735466cecf":"90306d41-ac4c-42b7-8e36-821e3f691c64"},{"element-6066-11e4-a52e-4f735466cecf":"dc269e1f-823e-494f-bb2d-6c63df3ba49b"},{"element-6066-11e4-a52e-4f735466cecf":"f7df852b-83ec-4c2b-b4b4-07865351e431"},{"element-6066-11e4-a52e-4f735466cecf":"66bef2b7-f3c4-4d14-be59-c4b7f8f06701"},{"element-6066-11e4-a52e-4f735466cecf":"427357e2-ab10-4b1c-8d15-ac9f4c21623f"},{"element-6066-11e4-a52e-4f735466cecf":"cdc4867d-d266-42f1-948a-cb9e0f33ae06"},{"element-6066-11e4-a52e-4f735466cecf":"72344658-7d91-4b0f-9065-5fbe5d3ed35c"},{"element-6066-11e4-a52e-4f735466cecf":"32f25ad0-4c04-4c0d-8ac7-22beb2d58d48"},{"element-6066-11e4-a52e-4f735466cecf":"cce77563-ad51-4897-99b0-f4a1da0844f6"},{"element-6066-11e4-a52e-4f735466cecf":"52cdbe63-9a4c-4609-80c4-b24af9ebddd1"},{"element-6066-11e4-a52e-4f735466cecf":"ea36d7ff-f552-4033-9ffa-8c1ecdef99b6"},{"element-6066-11e4-a52e-4f735466cecf":"d233ddf2-e40f-49c2-a36e-0097334f5fd9"},{"element-6066-11e4-a52e-4f735466cecf":"756cf60c-9489-41f0-aa8b-42d1e2d43909"},{"element-6066-11e4-a52e-4f735466cecf":"10d8c4e3-8556-4ac6-bd10-bf674413c9e3"},{"element-6066-11e4-a52e-4f735466cecf":"fc6391e4-d4c2-48dd-8014-3d748c3cb6af"},{"element-6066-11e4-a52e-4f735466cecf":"0d15744e-c7d3-43e9-a841-b1ad5207cd2a"},{"element-6066-11e4-a52e-4f735466cecf":"25f781af-51c2-4498-800a-338d3964760b"},{"element-6066-11e4-a52e-4f735466cecf":"6701d44a-e171-4600-bc51-6c91ecf2c218"},{"element-6066-11e4-a52e-4f735466cecf":"4864fcad-47c4-40ee-8f4d-886dd97191cf"},{"element-6066-11e4-a52e-4f735466cecf":"ba7fc497-2e85-4319-8579-477b0a7995f5"},{"element-6066-11e4-a52e-4f735466cecf":"117894c9-ad1c-4cc3-bb99-3972345f9152"},{"element-6066-11e4-a52e-4f735466cecf":"5ed6b0d2-6078-481e-b066-211ff020fa34"},{"element-6066-11e4-a52e-4f735466cecf":"ae6fdf12-7929-4f7c-aeb6-9dba72f46e0d"},{"element-6066-11e4-a52e-4f735466cecf":"2c212ea0-ddf6-46c7-bff2-3506f146b99d"},{"element-6066-11e4-a52e-4f735466cecf":"1d488c7f-3030-467c-859c-ec3aa4c2e05e"},{"element-6066-11e4-a52e-4f735466cecf":"68674812-7dd8-435b-afd2-c1a78b7466b0"},{"element-6066-11e4-a52e-4f735466cecf":"5ab7f273-bbbc-43df-aca0-fc4cd4b20f31"},{"element-6066-11e4-a52e-4f735466cecf":"dd4e1d95-44d5-4b7f-905b-c62fde9e5aed"},{"element-6066-11e4-a52e-4f735466cecf":"25b8a521-2578-47a5-9dd4-0dd603bb5f4f"},{"element-6066-11e4-a52e-4f735466cecf":"289d1529-bfb9-434e-801b-d90f359c1b7c"},{"element-6066-11e4-a52e-4f735466cecf":"8690e756-9026-40fd-92f3-c0ef1d33281c"},{"element-6066-11e4-a52e-4f735466cecf":"e5978a5a-f5f9-42bc-b194-c5e4b8e1bf18"},{"element-6066-11e4-a52e-4f735466cecf":"c1ad944a-ccac-4b43-9a5e-bab67bad4b43"},{"element-6066-11e4-a52e-4f735466cecf":"7d4bd69c-d9ce-47d0-b759-1c15caf3efad"},{"element-6066-11e4-a52e-4f735466cecf":"101d9889-604f-48dd-a86f-ab1c9c9dae9b"},{"element-6066-11e4-a52e-4f735466cecf":"224d12d8-0f97-490d-861a-fb1184beff74"},{"element-6066-11e4-a52e-4f735466cecf":"d6117e47-7b3d-4386-a2ef-ba4e3622c56f"},{"element-6066-11e4-a52e-4f735466cecf":"5d3b74e3-dc46-426a-9c76-8cf8aeb5ac11"},{"element-6066-11e4-a52e-4f735466cecf":"71a330b2-abb0-4913-8c40-50a2d58cbf00"},{"element-6066-11e4-a52e-4f735466cecf":"4fdb52d6-1bdc-4100-b6d2-69bbbdc73b6f"},{"element-6066-11e4-a52e-4f735466cecf":"9acd5070-3fed-457f-855d-831572191ebc"},{"element-6066-11e4-a52e-4f735466cecf":"0d80f61c-d175-483c-9617-b04ddcd98076"},{"element-6066-11e4-a52e-4f735466cecf":"f48b0da6-80e6-42ff-a049-db789b1e74f1"},{"element-6066-11e4-a52e-4f735466cecf":"1d75b305-a879-4192-bca7-1d803ad06254"},{"element-6066-11e4-a52e-4f735466cecf":"d3a187bd-fcda-4c77-bf95-ee3aa2355559"},{"element-6066-11e4-a52e-4f735466cecf":"e39de9fd-b061-4334-820a-88ccedbaff55"},{"element-6066-11e4-a52e-4f735466cecf":"6b9441e2-3eec-4112-bb7a-955e03e0259a"},{"element-6066-11e4-a52e-4f735466cecf":"dc471b59-7575-4645-ab22-a781fb2bc83e"},{"element-6066-11e4-a52e-4f735466cecf":"e79018cd-7e8e-441e-b749-01749ead7aea"},{"element-6066-11e4-a52e-4f735466cecf":"97bd0ef4-5bba-4752-8139-b8add26a32b2"},{"element-6066-11e4-a52e-4f735466cecf":"8e7cb1c2-6044-40e8-bed6-c734c03a8bbc"},{"element-6066-11e4-a52e-4f735466cecf":"9309991a-54e7-4e62-9e89-7da1547e395a"},{"element-6066-11e4-a52e-4f735466cecf":"9afa0715-31cf-4bac-9e34-113761b15161"},{"element-6066-11e4-a52e-4f735466cecf":"6fa8895d-fdd3-4c0b-a632-e34d8a3b9917"},{"element-6066-11e4-a52e-4f735466cecf":"e8d8db4d-f609-4771-b853-67edeafd67ab"},{"element-6066-11e4-a52e-4f735466cecf":"9019cc4d-184c-4834-ad08-4825f962db1c"},{"element-6066-11e4-a52e-4f735466cecf":"f8bbd9b4-7536-45c4-ad25-01a318a195e1"},{"element-6066-11e4-a52e-4f735466cecf":"201d9291-64a2-4ba7-a08c-2361563179f6"},{"element-6066-11e4-a52e-4f735466cecf":"8f5aaa38-b199-4d92-beeb-bcebcacabd0e"},{"element-6066-11e4-a52e-4f735466cecf":"b1d59ebd-b3a6-4323-b66c-5d07a541941a"},{"element-6066-11e4-a52e-4f735466cecf":"e69032cc-76ad-455d-b551-4f02e71c6da4"},{"element-6066-11e4-a52e-4f735466cecf":"388c0977-b875-4fe0-b4fd-8d4fe341ff9b"},{"element-6066-11e4-a52e-4f735466cecf":"5a271769-a003-49bd-b9aa-70824e824458"},{"element-6066-11e4-a52e-4f735466cecf":"8b001d40-b46a-49bc-b384-5550a4d2fb16"},{"element-6066-11e4-a52e-4f735466cecf":"b30c1a29-be81-4ddb-953c-00d292515a0c"},{"element-6066-11e4-a52e-4f735466cecf":"87492bf7-6ba0-4515-8432-8fc9ffc11723"},{"element-6066-11e4-a52e-4f735466cecf":"56a5bbcf-c792-4e87-b159-c938b67bb3ba"},{"element-6066-11e4-a52e-4f735466cecf":"1eabdf6c-be30-4775-9c9f-6e1118c53dde"},{"element-6066-11e4-a52e-4f735466cecf":"007ada49-ae88-403f-9051-e0818985a6a3"},{"element-6066-11e4-a52e-4f735466cecf":"c1c43221-1eb4-4f8c-8089-b0463ba931f4"},{"element-6066-11e4-a52e-4f735466cecf":"df94f2d6-d68b-41d7-b83e-8bcb6c4cb22a"},{"element-6066-11e4-a52e-4f735466cecf":"b6fc55b9-6d96-4551-a29b-69f1cf555a53"},{"element-6066-11e4-a52e-4f735466cecf":"e106c2e2-04d1-493f-94a7-c6f0364471b0"},{"element-6066-11e4-a52e-4f735466cecf":"4aa718df-8e6f-43c1-98ce-daea4cbcf219"},{"element-6066-11e4-a52e-4f735466cecf":"176e123c-91cb-45d5-86a1-3d706f024d60"},{"element-6066-11e4-a52e-4f735466cecf":"f0abdc4a-6208-442a-b1db-e594fe6f873e"},{"element-6066-11e4-a52e-4f735466cecf":"84e01dac-a608-4064-8267-7ee8f0ae4d01"},{"element-6066-11e4-a52e-4f735466cecf":"1abfb1ff-7400-4012-a980-0dd2969b80b4"},{"element-6066-11e4-a52e-4f735466cecf":"1b7aea85-22f5-493b-b8a5-e63c964bd33e"},{"element-6066-11e4-a52e-4f735466cecf":"18c905f2-8429-4396-8dea-b913620f1ceb"},{"element-6066-11e4-a52e-4f735466cecf":"b1819b0f-a944-4df7-8734-6e535842fd62"},{"element-6066-11e4-a52e-4f735466cecf":"fdb45658-2fae-468d-a476-bf79ad3c832a"},{"element-6066-11e4-a52e-4f735466cecf":"a1117f5d-8cee-45b2-a428-ab936b042ee8"},{"element-6066-11e4-a52e-4f735466cecf":"4abc2e5f-f49f-466c-952d-4d3d41cda988"},{"element-6066-11e4-a52e-4f735466cecf":"137e9592-2ace-4053-8552-9feab86e90dd"},{"element-6066-11e4-a52e-4f735466cecf":"23fae341-5b8b-42b5-83e3-b2698d48525f"},{"element-6066-11e4-a52e-4f735466cecf":"65bb2d4f-cac7-4c07-ad31-40ad326353db"},{"element-6066-11e4-a52e-4f735466cecf":"25160a46-5b1f-4a2a-8397-bf30dfe79030"},{"element-6066-11e4-a52e-4f735466cecf":"61a4d5e0-6f30-4a75-af5d-c24582d35373"},{"element-6066-11e4-a52e-4f735466cecf":"7a7e5fff-0e0f-4534-82c2-97628c99bcfd"},{"element-6066-11e4-a52e-4f735466cecf":"234f3f53-8e5f-4436-b95f-91da5dcc9449"},{"element-6066-11e4-a52e-4f735466cecf":"8ebc5a36-e990-44a5-b052-d436365954d1"},{"element-6066-11e4-a52e-4f735466cecf":"8117291e-06a9-4fa4-a6d9-ff5cc87d7476"},{"element-6066-11e4-a52e-4f735466cecf":"f2c8ab7e-483d-4fa5-92fe-77d971c51bc2"},{"element-6066-11e4-a52e-4f735466cecf":"bd1c9eb8-f6a4-475d-8518-05f518fa2ec9"},{"element-6066-11e4-a52e-4f735466cecf":"8243ce41-cb00-46a2-9529-5422fd0df1cd"},{"element-6066-11e4-a52e-4f735466cecf":"ee432305-efc4-447d-9c2c-4dda9df39071"},{"element-6066-11e4-a52e-4f735466cecf":"a7711760-290c-42f0-9387-ed5cea1b8c4c"},{"element-6066-11e4-a52e-4f735466cecf":"a419852e-fd0a-41b7-bebb-71839b1429e2"},{"element-6066-11e4-a52e-4f735466cecf":"c7162091-5eb4-4a14-ae6b-dbf8b71f49eb"},{"element-6066-11e4-a52e-4f735466cecf":"2ae638c2-2ee0-49d6-ae49-3c238a3b245d"},{"element-6066-11e4-a52e-4f735466cecf":"d1338efc-16ea-4ff1-a11d-f6c5fce538ec"},{"element-6066-11e4-a52e-4f735466cecf":"293e3ae0-4558-4477-9959-e78f84523480"},{"element-6066-11e4-a52e-4f735466cecf":"4f61d2d1-b812-40c3-b8c8-4af3332d1be9"},{"element-6066-11e4-a52e-4f735466cecf":"4f292e73-d38b-4d35-90bc-0040415dc9a7"},{"element-6066-11e4-a52e-4f735466cecf":"3b75ac1f-9a75-4887-98d8-5e4c7623e4a6"},{"element-6066-11e4-a52e-4f735466cecf":"2679842f-80ef-4f13-b327-265b7e23122b"},{"element-6066-11e4-a52e-4f735466cecf":"af9b387c-4fd6-4a5b-9a85-66f54aa8216b"},{"element-6066-11e4-a52e-4f735466cecf":"d48edd45-7302-4745-aab6-b9aa4c232264"},{"element-6066-11e4-a52e-4f735466cecf":"1718eda1-06c6-44ac-aaa3-24b3ae85d3a2"},{"element-6066-11e4-a52e-4f735466cecf":"9474a586-c6e6-48a0-9db4-e4297cc43a32"},{"element-6066-11e4-a52e-4f735466cecf":"9f27c92b-16a6-4e37-8056-e45a7b34a30e"},{"element-6066-11e4-a52e-4f735466cecf":"21587aad-1235-4c79-ac38-c59505f41aec"},{"element-6066-11e4-a52e-4f735466cecf":"5b3fa497-bce2-46d4-965f-01351e73de3d"},{"element-6066-11e4-a52e-4f735466cecf":"459bf5f8-1a10-4393-9fc6-b6944c933962"},{"element-6066-11e4-a52e-4f735466cecf":"08924403-5b97-44b6-a2bf-cf66aa6b53e2"},{"element-6066-11e4-a52e-4f735466cecf":"f285af8e-0a86-4b3c-9b63-836cfbee4982"},{"element-6066-11e4-a52e-4f735466cecf":"152a345d-66bd-446f-80b1-e6fa73cf7607"},{"element-6066-11e4-a52e-4f735466cecf":"0f4107c4-5556-436b-b840-c6a27991ae67"},{"element-6066-11e4-a52e-4f735466cecf":"33e5281a-6d1b-4e71-bac6-9ee055a43a52"},{"element-6066-11e4-a52e-4f735466cecf":"ba9085ed-0aee-415d-90cd-a461573b3d42"},{"element-6066-11e4-a52e-4f735466cecf":"d01e9b00-a83c-4609-8be9-7ab61f5f0e27"},{"element-6066-11e4-a52e-4f735466cecf":"784197ff-86c9-4332-9baf-37fe5453f606"},{"element-6066-11e4-a52e-4f735466cecf":"1e100842-a508-4f3b-a54e-47e653e17e71"},{"element-6066-11e4-a52e-4f735466cecf":"7a7d4c57-6124-4187-8f16-3f2fe20bc85a"},{"element-6066-11e4-a52e-4f735466cecf":"d781acf8-f6c3-4ade-ba16-79f9e0f1d7a6"}]} | headers=HTTPHeaderDict({'Content-Length': '92836', 'Content-Type': 'application/json; charset=utf-8', 'cache-control': 'no-cache'})
DEBUG    2022-05-28 23:29:51 selenium.webdriver.remote.remote_connection::remote_connection.py:_request:412: Finished Request
INFO     2022-05-28 23:29:51 root::mod_common.py:is_element_exist:13: //span[@class='review_num ng-binding' and @ng-show='restaurant.owner_reply_count > 0']엘리먼트가 존재합니다.
INFO     2022-05-28 23:29:51 root::func_item.py:item_reply_exist:164: Pass : 사장님 댓글이 존재하는 항목들이 정상적으로 노출되고 있습니다.
DEBUG    2022-05-28 23:29:51 selenium.webdriver.remote.remote_connection::remote_connection.py:_request:361: DELETE http://localhost:10820/session/1f3aaf98b1e6bfba1c3afb1de56835a9 {}
DEBUG    2022-05-28 23:29:51 urllib3.connectionpool::connectionpool.py:_make_request:456: http://localhost:10820 "DELETE /session/1f3aaf98b1e6bfba1c3afb1de56835a9 HTTP/1.1" 200 14
DEBUG    2022-05-28 23:29:51 selenium.webdriver.remote.remote_connection::remote_connection.py:_request:383: Remote response: status=200 | data={"value":null} | headers=HTTPHeaderDict({'Content-Length': '14', 'Content-Type': 'application/json; charset=utf-8', 'cache-control': 'no-cache'})
DEBUG    2022-05-28 23:29:51 selenium.webdriver.remote.remote_connection::remote_connection.py:_request:412: Finished Request
INFO     2022-05-28 23:29:53 WDM::logger.py:log:16: ====== WebDriver manager ======
INFO     2022-05-28 23:29:54 WDM::logger.py:log:16: Current google-chrome version is 102.0.5005
INFO     2022-05-28 23:29:54 WDM::logger.py:log:16: Get LATEST chromedriver version for 102.0.5005 google-chrome
DEBUG    2022-05-28 23:29:54 urllib3.connectionpool::connectionpool.py:_new_conn:1001: Starting new HTTPS connection (1): chromedriver.storage.googleapis.com:443
DEBUG    2022-05-28 23:29:54 urllib3.connectionpool::connectionpool.py:_make_request:456: https://chromedriver.storage.googleapis.com:443 "GET /LATEST_RELEASE_102.0.5005 HTTP/1.1" 200 13
INFO     2022-05-28 23:29:54 WDM::logger.py:log:16: Driver [C:\Users\teddy\.wdm\drivers\chromedriver\win32\102.0.5005.61\chromedriver.exe] found in cache
DEBUG    2022-05-28 23:29:55 selenium.webdriver.remote.remote_connection::remote_connection.py:_request:361: POST http://localhost:10919/session {"capabilities": {"firstMatch": [{}], "alwaysMatch": {"browserName": "chrome", "pageLoadStrategy": "normal", "goog:chromeOptions": {"extensions": [], "args": []}}}}
DEBUG    2022-05-28 23:29:55 urllib3.connectionpool::connectionpool.py:_new_conn:228: Starting new HTTP connection (1): localhost:10919
DEBUG    2022-05-28 23:29:56 urllib3.connectionpool::connectionpool.py:_make_request:456: http://localhost:10919 "POST /session HTTP/1.1" 200 790
DEBUG    2022-05-28 23:29:56 selenium.webdriver.remote.remote_connection::remote_connection.py:_request:383: Remote response: status=200 | data={"value":{"capabilities":{"acceptInsecureCerts":false,"browserName":"chrome","browserVersion":"102.0.5005.61","chrome":{"chromedriverVersion":"102.0.5005.61 (0e59bcc00cc4985ce39ad31c150065f159d95ad3-refs/branch-heads/5005@{#819})","userDataDir":"C:\\Users\\teddy\\AppData\\Local\\Temp\\scoped_dir49828_1523806288"},"goog:chromeOptions":{"debuggerAddress":"localhost:10922"},"networkConnectionEnabled":false,"pageLoadStrategy":"normal","platformName":"windows","proxy":{},"setWindowRect":true,"strictFileInteractability":false,"timeouts":{"implicit":0,"pageLoad":300000,"script":30000},"unhandledPromptBehavior":"dismiss and notify","webauthn:extension:credBlob":true,"webauthn:extension:largeBlob":true,"webauthn:virtualAuthenticators":true},"sessionId":"1e99bdcd35203f66eff4d2e341e1a0c0"}} | headers=HTTPHeaderDict({'Content-Length': '790', 'Content-Type': 'application/json; charset=utf-8', 'cache-control': 'no-cache'})
DEBUG    2022-05-28 23:29:56 selenium.webdriver.remote.remote_connection::remote_connection.py:_request:412: Finished Request
DEBUG    2022-05-28 23:29:56 selenium.webdriver.remote.remote_connection::remote_connection.py:_request:361: POST http://localhost:10919/session/1e99bdcd35203f66eff4d2e341e1a0c0/window/maximize {}
DEBUG    2022-05-28 23:29:56 urllib3.connectionpool::connectionpool.py:_make_request:456: http://localhost:10919 "POST /session/1e99bdcd35203f66eff4d2e341e1a0c0/window/maximize HTTP/1.1" 200 52
DEBUG    2022-05-28 23:29:56 selenium.webdriver.remote.remote_connection::remote_connection.py:_request:383: Remote response: status=200 | data={"value":{"height":1048,"width":1936,"x":-8,"y":-8}} | headers=HTTPHeaderDict({'Content-Length': '52', 'Content-Type': 'application/json; charset=utf-8', 'cache-control': 'no-cache'})
DEBUG    2022-05-28 23:29:56 selenium.webdriver.remote.remote_connection::remote_connection.py:_request:412: Finished Request
DEBUG    2022-05-28 23:29:56 selenium.webdriver.remote.remote_connection::remote_connection.py:_request:361: POST http://localhost:10919/session/1e99bdcd35203f66eff4d2e341e1a0c0/timeouts {"implicit": 10000}
DEBUG    2022-05-28 23:29:56 urllib3.connectionpool::connectionpool.py:_make_request:456: http://localhost:10919 "POST /session/1e99bdcd35203f66eff4d2e341e1a0c0/timeouts HTTP/1.1" 200 14
DEBUG    2022-05-28 23:29:56 selenium.webdriver.remote.remote_connection::remote_connection.py:_request:383: Remote response: status=200 | data={"value":null} | headers=HTTPHeaderDict({'Content-Length': '14', 'Content-Type': 'application/json; charset=utf-8', 'cache-control': 'no-cache'})
DEBUG    2022-05-28 23:29:56 selenium.webdriver.remote.remote_connection::remote_connection.py:_request:412: Finished Request
DEBUG    2022-05-28 23:29:56 selenium.webdriver.remote.remote_connection::remote_connection.py:_request:361: POST http://localhost:10919/session/1e99bdcd35203f66eff4d2e341e1a0c0/url {"url": "https://www.yogiyo.co.kr/mobile/#/"}
DEBUG    2022-05-28 23:29:58 urllib3.connectionpool::connectionpool.py:_make_request:456: http://localhost:10919 "POST /session/1e99bdcd35203f66eff4d2e341e1a0c0/url HTTP/1.1" 200 14
DEBUG    2022-05-28 23:29:58 selenium.webdriver.remote.remote_connection::remote_connection.py:_request:383: Remote response: status=200 | data={"value":null} | headers=HTTPHeaderDict({'Content-Length': '14', 'Content-Type': 'application/json; charset=utf-8', 'cache-control': 'no-cache'})
DEBUG    2022-05-28 23:29:58 selenium.webdriver.remote.remote_connection::remote_connection.py:_request:412: Finished Request
DEBUG    2022-05-28 23:29:59 selenium.webdriver.remote.remote_connection::remote_connection.py:_request:361: POST http://localhost:10919/session/1e99bdcd35203f66eff4d2e341e1a0c0/element {"using": "xpath", "value": "//input[@name='address_input']"}
DEBUG    2022-05-28 23:29:59 urllib3.connectionpool::connectionpool.py:_make_request:456: http://localhost:10919 "POST /session/1e99bdcd35203f66eff4d2e341e1a0c0/element HTTP/1.1" 200 88
DEBUG    2022-05-28 23:29:59 selenium.webdriver.remote.remote_connection::remote_connection.py:_request:383: Remote response: status=200 | data={"value":{"element-6066-11e4-a52e-4f735466cecf":"61cf99a4-4366-4366-90ea-90753854ca41"}} | headers=HTTPHeaderDict({'Content-Length': '88', 'Content-Type': 'application/json; charset=utf-8', 'cache-control': 'no-cache'})
DEBUG    2022-05-28 23:29:59 selenium.webdriver.remote.remote_connection::remote_connection.py:_request:412: Finished Request
DEBUG    2022-05-28 23:29:59 selenium.webdriver.remote.remote_connection::remote_connection.py:_request:361: POST http://localhost:10919/session/1e99bdcd35203f66eff4d2e341e1a0c0/element/61cf99a4-4366-4366-90ea-90753854ca41/clear {"id": "61cf99a4-4366-4366-90ea-90753854ca41"}
DEBUG    2022-05-28 23:29:59 urllib3.connectionpool::connectionpool.py:_make_request:456: http://localhost:10919 "POST /session/1e99bdcd35203f66eff4d2e341e1a0c0/element/61cf99a4-4366-4366-90ea-90753854ca41/clear HTTP/1.1" 200 14
DEBUG    2022-05-28 23:29:59 selenium.webdriver.remote.remote_connection::remote_connection.py:_request:383: Remote response: status=200 | data={"value":null} | headers=HTTPHeaderDict({'Content-Length': '14', 'Content-Type': 'application/json; charset=utf-8', 'cache-control': 'no-cache'})
DEBUG    2022-05-28 23:29:59 selenium.webdriver.remote.remote_connection::remote_connection.py:_request:412: Finished Request
DEBUG    2022-05-28 23:29:59 selenium.webdriver.remote.remote_connection::remote_connection.py:_request:361: POST http://localhost:10919/session/1e99bdcd35203f66eff4d2e341e1a0c0/element {"using": "xpath", "value": "//input[@name='address_input']"}
DEBUG    2022-05-28 23:29:59 urllib3.connectionpool::connectionpool.py:_make_request:456: http://localhost:10919 "POST /session/1e99bdcd35203f66eff4d2e341e1a0c0/element HTTP/1.1" 200 88
DEBUG    2022-05-28 23:29:59 selenium.webdriver.remote.remote_connection::remote_connection.py:_request:383: Remote response: status=200 | data={"value":{"element-6066-11e4-a52e-4f735466cecf":"61cf99a4-4366-4366-90ea-90753854ca41"}} | headers=HTTPHeaderDict({'Content-Length': '88', 'Content-Type': 'application/json; charset=utf-8', 'cache-control': 'no-cache'})
DEBUG    2022-05-28 23:29:59 selenium.webdriver.remote.remote_connection::remote_connection.py:_request:412: Finished Request
DEBUG    2022-05-28 23:29:59 selenium.webdriver.remote.remote_connection::remote_connection.py:_request:361: POST http://localhost:10919/session/1e99bdcd35203f66eff4d2e341e1a0c0/element/61cf99a4-4366-4366-90ea-90753854ca41/value {"text": "\uc11c\uc6b8\ud2b9\ubcc4\uc2dc \ub3d9\uc791\uad6c \uc0ac\ub2f9\ub3d9 144-4 \uc774\uc218\uc5ed(7\ud638\uc120)", "value": ["\uc11c", "\uc6b8", "\ud2b9", "\ubcc4", "\uc2dc", " ", "\ub3d9", "\uc791", "\uad6c", " ", "\uc0ac", "\ub2f9", "\ub3d9", " ", "1", "4", "4", "-", "4", " ", "\uc774", "\uc218", "\uc5ed", "(", "7", "\ud638", "\uc120", ")"], "id": "61cf99a4-4366-4366-90ea-90753854ca41"}
DEBUG    2022-05-28 23:29:59 urllib3.connectionpool::connectionpool.py:_make_request:456: http://localhost:10919 "POST /session/1e99bdcd35203f66eff4d2e341e1a0c0/element/61cf99a4-4366-4366-90ea-90753854ca41/value HTTP/1.1" 200 14
DEBUG    2022-05-28 23:29:59 selenium.webdriver.remote.remote_connection::remote_connection.py:_request:383: Remote response: status=200 | data={"value":null} | headers=HTTPHeaderDict({'Content-Length': '14', 'Content-Type': 'application/json; charset=utf-8', 'cache-control': 'no-cache'})
DEBUG    2022-05-28 23:29:59 selenium.webdriver.remote.remote_connection::remote_connection.py:_request:412: Finished Request
DEBUG    2022-05-28 23:29:59 selenium.webdriver.remote.remote_connection::remote_connection.py:_request:361: POST http://localhost:10919/session/1e99bdcd35203f66eff4d2e341e1a0c0/element {"using": "xpath", "value": "//button[@class='btn btn-default ico-pick']"}
DEBUG    2022-05-28 23:29:59 urllib3.connectionpool::connectionpool.py:_make_request:456: http://localhost:10919 "POST /session/1e99bdcd35203f66eff4d2e341e1a0c0/element HTTP/1.1" 200 88
DEBUG    2022-05-28 23:29:59 selenium.webdriver.remote.remote_connection::remote_connection.py:_request:383: Remote response: status=200 | data={"value":{"element-6066-11e4-a52e-4f735466cecf":"8534483f-794b-434d-8f9e-5232683ee1d3"}} | headers=HTTPHeaderDict({'Content-Length': '88', 'Content-Type': 'application/json; charset=utf-8', 'cache-control': 'no-cache'})
DEBUG    2022-05-28 23:29:59 selenium.webdriver.remote.remote_connection::remote_connection.py:_request:412: Finished Request
DEBUG    2022-05-28 23:29:59 selenium.webdriver.remote.remote_connection::remote_connection.py:_request:361: POST http://localhost:10919/session/1e99bdcd35203f66eff4d2e341e1a0c0/element/8534483f-794b-434d-8f9e-5232683ee1d3/click {"id": "8534483f-794b-434d-8f9e-5232683ee1d3"}
DEBUG    2022-05-28 23:29:59 urllib3.connectionpool::connectionpool.py:_make_request:456: http://localhost:10919 "POST /session/1e99bdcd35203f66eff4d2e341e1a0c0/element/8534483f-794b-434d-8f9e-5232683ee1d3/click HTTP/1.1" 200 14
DEBUG    2022-05-28 23:29:59 selenium.webdriver.remote.remote_connection::remote_connection.py:_request:383: Remote response: status=200 | data={"value":null} | headers=HTTPHeaderDict({'Content-Length': '14', 'Content-Type': 'application/json; charset=utf-8', 'cache-control': 'no-cache'})
DEBUG    2022-05-28 23:29:59 selenium.webdriver.remote.remote_connection::remote_connection.py:_request:412: Finished Request
DEBUG    2022-05-28 23:30:01 selenium.webdriver.remote.remote_connection::remote_connection.py:_request:361: GET http://localhost:10919/session/1e99bdcd35203f66eff4d2e341e1a0c0/url {}
DEBUG    2022-05-28 23:30:01 urllib3.connectionpool::connectionpool.py:_make_request:456: http://localhost:10919 "GET /session/1e99bdcd35203f66eff4d2e341e1a0c0/url HTTP/1.1" 200 99
DEBUG    2022-05-28 23:30:01 selenium.webdriver.remote.remote_connection::remote_connection.py:_request:383: Remote response: status=200 | data={"value":"https://www.yogiyo.co.kr/mobile/#/%EC%84%9C%EC%9A%B8%ED%8A%B9%EB%B3%84%EC%8B%9C/156091/"} | headers=HTTPHeaderDict({'Content-Length': '99', 'Content-Type': 'application/json; charset=utf-8', 'cache-control': 'no-cache'})
DEBUG    2022-05-28 23:30:01 selenium.webdriver.remote.remote_connection::remote_connection.py:_request:412: Finished Request
INFO     2022-05-28 23:30:01 root::mod_common.py:compare_url:25: 현재 URL : https://www.yogiyo.co.kr/mobile/#/%EC%84%9C%EC%9A%B8%ED%8A%B9%EB%B3%84%EC%8B%9C/156091/
INFO     2022-05-28 23:30:01 root::mod_common.py:compare_url:26: 비교 URL : https://www.yogiyo.co.kr/mobile/#/%EC%84%9C%EC%9A%B8%ED%8A%B9%EB%B3%84%EC%8B%9C/156091/
INFO     2022-05-28 23:30:01 root::mod_common.py:compare_url:28: 두 URL이 일치합니다.
INFO     2022-05-28 23:30:01 root::mod_enter.py:enter_restaurant_list:19: Success : 레스토랑 리스트 페이지 진입에 성공했습니다.
DEBUG    2022-05-28 23:30:01 selenium.webdriver.remote.remote_connection::remote_connection.py:_request:361: POST http://localhost:10919/session/1e99bdcd35203f66eff4d2e341e1a0c0/execute/sync {"script": "return document.body.scrollHeight", "args": []}
DEBUG    2022-05-28 23:30:01 urllib3.connectionpool::connectionpool.py:_make_request:456: http://localhost:10919 "POST /session/1e99bdcd35203f66eff4d2e341e1a0c0/execute/sync HTTP/1.1" 200 14
DEBUG    2022-05-28 23:30:01 selenium.webdriver.remote.remote_connection::remote_connection.py:_request:383: Remote response: status=200 | data={"value":4505} | headers=HTTPHeaderDict({'Content-Length': '14', 'Content-Type': 'application/json; charset=utf-8', 'cache-control': 'no-cache'})
DEBUG    2022-05-28 23:30:01 selenium.webdriver.remote.remote_connection::remote_connection.py:_request:412: Finished Request
DEBUG    2022-05-28 23:30:01 selenium.webdriver.remote.remote_connection::remote_connection.py:_request:361: POST http://localhost:10919/session/1e99bdcd35203f66eff4d2e341e1a0c0/execute/sync {"script": "window.scrollTo(0, 4505)", "args": []}
DEBUG    2022-05-28 23:30:01 urllib3.connectionpool::connectionpool.py:_make_request:456: http://localhost:10919 "POST /session/1e99bdcd35203f66eff4d2e341e1a0c0/execute/sync HTTP/1.1" 200 14
DEBUG    2022-05-28 23:30:01 selenium.webdriver.remote.remote_connection::remote_connection.py:_request:383: Remote response: status=200 | data={"value":null} | headers=HTTPHeaderDict({'Content-Length': '14', 'Content-Type': 'application/json; charset=utf-8', 'cache-control': 'no-cache'})
DEBUG    2022-05-28 23:30:01 selenium.webdriver.remote.remote_connection::remote_connection.py:_request:412: Finished Request
DEBUG    2022-05-28 23:30:01 selenium.webdriver.remote.remote_connection::remote_connection.py:_request:361: POST http://localhost:10919/session/1e99bdcd35203f66eff4d2e341e1a0c0/execute/sync {"script": "return document.body.scrollHeight", "args": []}
DEBUG    2022-05-28 23:30:01 urllib3.connectionpool::connectionpool.py:_make_request:456: http://localhost:10919 "POST /session/1e99bdcd35203f66eff4d2e341e1a0c0/execute/sync HTTP/1.1" 200 14
DEBUG    2022-05-28 23:30:01 selenium.webdriver.remote.remote_connection::remote_connection.py:_request:383: Remote response: status=200 | data={"value":7984} | headers=HTTPHeaderDict({'Content-Length': '14', 'Content-Type': 'application/json; charset=utf-8', 'cache-control': 'no-cache'})
DEBUG    2022-05-28 23:30:01 selenium.webdriver.remote.remote_connection::remote_connection.py:_request:412: Finished Request
DEBUG    2022-05-28 23:30:01 selenium.webdriver.remote.remote_connection::remote_connection.py:_request:361: POST http://localhost:10919/session/1e99bdcd35203f66eff4d2e341e1a0c0/execute/sync {"script": "window.scrollTo(4505, 7984)", "args": []}
DEBUG    2022-05-28 23:30:01 urllib3.connectionpool::connectionpool.py:_make_request:456: http://localhost:10919 "POST /session/1e99bdcd35203f66eff4d2e341e1a0c0/execute/sync HTTP/1.1" 200 14
DEBUG    2022-05-28 23:30:01 selenium.webdriver.remote.remote_connection::remote_connection.py:_request:383: Remote response: status=200 | data={"value":null} | headers=HTTPHeaderDict({'Content-Length': '14', 'Content-Type': 'application/json; charset=utf-8', 'cache-control': 'no-cache'})
DEBUG    2022-05-28 23:30:01 selenium.webdriver.remote.remote_connection::remote_connection.py:_request:412: Finished Request
DEBUG    2022-05-28 23:30:02 selenium.webdriver.remote.remote_connection::remote_connection.py:_request:361: POST http://localhost:10919/session/1e99bdcd35203f66eff4d2e341e1a0c0/execute/sync {"script": "return document.body.scrollHeight", "args": []}
DEBUG    2022-05-28 23:30:02 urllib3.connectionpool::connectionpool.py:_make_request:456: http://localhost:10919 "POST /session/1e99bdcd35203f66eff4d2e341e1a0c0/execute/sync HTTP/1.1" 200 15
DEBUG    2022-05-28 23:30:02 selenium.webdriver.remote.remote_connection::remote_connection.py:_request:383: Remote response: status=200 | data={"value":11524} | headers=HTTPHeaderDict({'Content-Length': '15', 'Content-Type': 'application/json; charset=utf-8', 'cache-control': 'no-cache'})
DEBUG    2022-05-28 23:30:02 selenium.webdriver.remote.remote_connection::remote_connection.py:_request:412: Finished Request
DEBUG    2022-05-28 23:30:02 selenium.webdriver.remote.remote_connection::remote_connection.py:_request:361: POST http://localhost:10919/session/1e99bdcd35203f66eff4d2e341e1a0c0/execute/sync {"script": "window.scrollTo(7984, 11524)", "args": []}
DEBUG    2022-05-28 23:30:02 urllib3.connectionpool::connectionpool.py:_make_request:456: http://localhost:10919 "POST /session/1e99bdcd35203f66eff4d2e341e1a0c0/execute/sync HTTP/1.1" 200 14
DEBUG    2022-05-28 23:30:02 selenium.webdriver.remote.remote_connection::remote_connection.py:_request:383: Remote response: status=200 | data={"value":null} | headers=HTTPHeaderDict({'Content-Length': '14', 'Content-Type': 'application/json; charset=utf-8', 'cache-control': 'no-cache'})
DEBUG    2022-05-28 23:30:02 selenium.webdriver.remote.remote_connection::remote_connection.py:_request:412: Finished Request
DEBUG    2022-05-28 23:30:03 selenium.webdriver.remote.remote_connection::remote_connection.py:_request:361: POST http://localhost:10919/session/1e99bdcd35203f66eff4d2e341e1a0c0/execute/sync {"script": "return document.body.scrollHeight", "args": []}
DEBUG    2022-05-28 23:30:03 urllib3.connectionpool::connectionpool.py:_make_request:456: http://localhost:10919 "POST /session/1e99bdcd35203f66eff4d2e341e1a0c0/execute/sync HTTP/1.1" 200 15
DEBUG    2022-05-28 23:30:03 selenium.webdriver.remote.remote_connection::remote_connection.py:_request:383: Remote response: status=200 | data={"value":15064} | headers=HTTPHeaderDict({'Content-Length': '15', 'Content-Type': 'application/json; charset=utf-8', 'cache-control': 'no-cache'})
DEBUG    2022-05-28 23:30:03 selenium.webdriver.remote.remote_connection::remote_connection.py:_request:412: Finished Request
DEBUG    2022-05-28 23:30:03 selenium.webdriver.remote.remote_connection::remote_connection.py:_request:361: POST http://localhost:10919/session/1e99bdcd35203f66eff4d2e341e1a0c0/execute/sync {"script": "window.scrollTo(11524, 15064)", "args": []}
DEBUG    2022-05-28 23:30:03 urllib3.connectionpool::connectionpool.py:_make_request:456: http://localhost:10919 "POST /session/1e99bdcd35203f66eff4d2e341e1a0c0/execute/sync HTTP/1.1" 200 14
DEBUG    2022-05-28 23:30:03 selenium.webdriver.remote.remote_connection::remote_connection.py:_request:383: Remote response: status=200 | data={"value":null} | headers=HTTPHeaderDict({'Content-Length': '14', 'Content-Type': 'application/json; charset=utf-8', 'cache-control': 'no-cache'})
DEBUG    2022-05-28 23:30:03 selenium.webdriver.remote.remote_connection::remote_connection.py:_request:412: Finished Request
DEBUG    2022-05-28 23:30:04 selenium.webdriver.remote.remote_connection::remote_connection.py:_request:361: POST http://localhost:10919/session/1e99bdcd35203f66eff4d2e341e1a0c0/execute/sync {"script": "return document.body.scrollHeight", "args": []}
DEBUG    2022-05-28 23:30:04 urllib3.connectionpool::connectionpool.py:_make_request:456: http://localhost:10919 "POST /session/1e99bdcd35203f66eff4d2e341e1a0c0/execute/sync HTTP/1.1" 200 15
DEBUG    2022-05-28 23:30:04 selenium.webdriver.remote.remote_connection::remote_connection.py:_request:383: Remote response: status=200 | data={"value":18604} | headers=HTTPHeaderDict({'Content-Length': '15', 'Content-Type': 'application/json; charset=utf-8', 'cache-control': 'no-cache'})
DEBUG    2022-05-28 23:30:04 selenium.webdriver.remote.remote_connection::remote_connection.py:_request:412: Finished Request
DEBUG    2022-05-28 23:30:04 selenium.webdriver.remote.remote_connection::remote_connection.py:_request:361: POST http://localhost:10919/session/1e99bdcd35203f66eff4d2e341e1a0c0/execute/sync {"script": "window.scrollTo(15064, 18604)", "args": []}
DEBUG    2022-05-28 23:30:04 urllib3.connectionpool::connectionpool.py:_make_request:456: http://localhost:10919 "POST /session/1e99bdcd35203f66eff4d2e341e1a0c0/execute/sync HTTP/1.1" 200 14
DEBUG    2022-05-28 23:30:04 selenium.webdriver.remote.remote_connection::remote_connection.py:_request:383: Remote response: status=200 | data={"value":null} | headers=HTTPHeaderDict({'Content-Length': '14', 'Content-Type': 'application/json; charset=utf-8', 'cache-control': 'no-cache'})
DEBUG    2022-05-28 23:30:04 selenium.webdriver.remote.remote_connection::remote_connection.py:_request:412: Finished Request
DEBUG    2022-05-28 23:30:05 selenium.webdriver.remote.remote_connection::remote_connection.py:_request:361: POST http://localhost:10919/session/1e99bdcd35203f66eff4d2e341e1a0c0/execute/sync {"script": "return document.body.scrollHeight", "args": []}
DEBUG    2022-05-28 23:30:05 urllib3.connectionpool::connectionpool.py:_make_request:456: http://localhost:10919 "POST /session/1e99bdcd35203f66eff4d2e341e1a0c0/execute/sync HTTP/1.1" 200 15
DEBUG    2022-05-28 23:30:05 selenium.webdriver.remote.remote_connection::remote_connection.py:_request:383: Remote response: status=200 | data={"value":22144} | headers=HTTPHeaderDict({'Content-Length': '15', 'Content-Type': 'application/json; charset=utf-8', 'cache-control': 'no-cache'})
DEBUG    2022-05-28 23:30:05 selenium.webdriver.remote.remote_connection::remote_connection.py:_request:412: Finished Request
DEBUG    2022-05-28 23:30:05 selenium.webdriver.remote.remote_connection::remote_connection.py:_request:361: POST http://localhost:10919/session/1e99bdcd35203f66eff4d2e341e1a0c0/execute/sync {"script": "window.scrollTo(18604, 22144)", "args": []}
DEBUG    2022-05-28 23:30:05 urllib3.connectionpool::connectionpool.py:_make_request:456: http://localhost:10919 "POST /session/1e99bdcd35203f66eff4d2e341e1a0c0/execute/sync HTTP/1.1" 200 14
DEBUG    2022-05-28 23:30:05 selenium.webdriver.remote.remote_connection::remote_connection.py:_request:383: Remote response: status=200 | data={"value":null} | headers=HTTPHeaderDict({'Content-Length': '14', 'Content-Type': 'application/json; charset=utf-8', 'cache-control': 'no-cache'})
DEBUG    2022-05-28 23:30:05 selenium.webdriver.remote.remote_connection::remote_connection.py:_request:412: Finished Request
DEBUG    2022-05-28 23:30:06 selenium.webdriver.remote.remote_connection::remote_connection.py:_request:361: POST http://localhost:10919/session/1e99bdcd35203f66eff4d2e341e1a0c0/execute/sync {"script": "return document.body.scrollHeight", "args": []}
DEBUG    2022-05-28 23:30:06 urllib3.connectionpool::connectionpool.py:_make_request:456: http://localhost:10919 "POST /session/1e99bdcd35203f66eff4d2e341e1a0c0/execute/sync HTTP/1.1" 200 15
DEBUG    2022-05-28 23:30:06 selenium.webdriver.remote.remote_connection::remote_connection.py:_request:383: Remote response: status=200 | data={"value":25684} | headers=HTTPHeaderDict({'Content-Length': '15', 'Content-Type': 'application/json; charset=utf-8', 'cache-control': 'no-cache'})
DEBUG    2022-05-28 23:30:06 selenium.webdriver.remote.remote_connection::remote_connection.py:_request:412: Finished Request
DEBUG    2022-05-28 23:30:06 selenium.webdriver.remote.remote_connection::remote_connection.py:_request:361: POST http://localhost:10919/session/1e99bdcd35203f66eff4d2e341e1a0c0/execute/sync {"script": "window.scrollTo(22144, 25684)", "args": []}
DEBUG    2022-05-28 23:30:06 urllib3.connectionpool::connectionpool.py:_make_request:456: http://localhost:10919 "POST /session/1e99bdcd35203f66eff4d2e341e1a0c0/execute/sync HTTP/1.1" 200 14
DEBUG    2022-05-28 23:30:06 selenium.webdriver.remote.remote_connection::remote_connection.py:_request:383: Remote response: status=200 | data={"value":null} | headers=HTTPHeaderDict({'Content-Length': '14', 'Content-Type': 'application/json; charset=utf-8', 'cache-control': 'no-cache'})
DEBUG    2022-05-28 23:30:06 selenium.webdriver.remote.remote_connection::remote_connection.py:_request:412: Finished Request
DEBUG    2022-05-28 23:30:07 selenium.webdriver.remote.remote_connection::remote_connection.py:_request:361: POST http://localhost:10919/session/1e99bdcd35203f66eff4d2e341e1a0c0/execute/sync {"script": "return document.body.scrollHeight", "args": []}
DEBUG    2022-05-28 23:30:07 urllib3.connectionpool::connectionpool.py:_make_request:456: http://localhost:10919 "POST /session/1e99bdcd35203f66eff4d2e341e1a0c0/execute/sync HTTP/1.1" 200 15
DEBUG    2022-05-28 23:30:07 selenium.webdriver.remote.remote_connection::remote_connection.py:_request:383: Remote response: status=200 | data={"value":29224} | headers=HTTPHeaderDict({'Content-Length': '15', 'Content-Type': 'application/json; charset=utf-8', 'cache-control': 'no-cache'})
DEBUG    2022-05-28 23:30:07 selenium.webdriver.remote.remote_connection::remote_connection.py:_request:412: Finished Request
DEBUG    2022-05-28 23:30:07 selenium.webdriver.remote.remote_connection::remote_connection.py:_request:361: POST http://localhost:10919/session/1e99bdcd35203f66eff4d2e341e1a0c0/execute/sync {"script": "window.scrollTo(25684, 29224)", "args": []}
DEBUG    2022-05-28 23:30:07 urllib3.connectionpool::connectionpool.py:_make_request:456: http://localhost:10919 "POST /session/1e99bdcd35203f66eff4d2e341e1a0c0/execute/sync HTTP/1.1" 200 14
DEBUG    2022-05-28 23:30:07 selenium.webdriver.remote.remote_connection::remote_connection.py:_request:383: Remote response: status=200 | data={"value":null} | headers=HTTPHeaderDict({'Content-Length': '14', 'Content-Type': 'application/json; charset=utf-8', 'cache-control': 'no-cache'})
DEBUG    2022-05-28 23:30:07 selenium.webdriver.remote.remote_connection::remote_connection.py:_request:412: Finished Request
DEBUG    2022-05-28 23:30:08 selenium.webdriver.remote.remote_connection::remote_connection.py:_request:361: POST http://localhost:10919/session/1e99bdcd35203f66eff4d2e341e1a0c0/execute/sync {"script": "return document.body.scrollHeight", "args": []}
DEBUG    2022-05-28 23:30:08 urllib3.connectionpool::connectionpool.py:_make_request:456: http://localhost:10919 "POST /session/1e99bdcd35203f66eff4d2e341e1a0c0/execute/sync HTTP/1.1" 200 15
DEBUG    2022-05-28 23:30:08 selenium.webdriver.remote.remote_connection::remote_connection.py:_request:383: Remote response: status=200 | data={"value":32764} | headers=HTTPHeaderDict({'Content-Length': '15', 'Content-Type': 'application/json; charset=utf-8', 'cache-control': 'no-cache'})
DEBUG    2022-05-28 23:30:08 selenium.webdriver.remote.remote_connection::remote_connection.py:_request:412: Finished Request
DEBUG    2022-05-28 23:30:08 selenium.webdriver.remote.remote_connection::remote_connection.py:_request:361: POST http://localhost:10919/session/1e99bdcd35203f66eff4d2e341e1a0c0/execute/sync {"script": "window.scrollTo(29224, 32764)", "args": []}
DEBUG    2022-05-28 23:30:08 urllib3.connectionpool::connectionpool.py:_make_request:456: http://localhost:10919 "POST /session/1e99bdcd35203f66eff4d2e341e1a0c0/execute/sync HTTP/1.1" 200 14
DEBUG    2022-05-28 23:30:08 selenium.webdriver.remote.remote_connection::remote_connection.py:_request:383: Remote response: status=200 | data={"value":null} | headers=HTTPHeaderDict({'Content-Length': '14', 'Content-Type': 'application/json; charset=utf-8', 'cache-control': 'no-cache'})
DEBUG    2022-05-28 23:30:08 selenium.webdriver.remote.remote_connection::remote_connection.py:_request:412: Finished Request
DEBUG    2022-05-28 23:30:09 selenium.webdriver.remote.remote_connection::remote_connection.py:_request:361: POST http://localhost:10919/session/1e99bdcd35203f66eff4d2e341e1a0c0/execute/sync {"script": "return document.body.scrollHeight", "args": []}
DEBUG    2022-05-28 23:30:09 urllib3.connectionpool::connectionpool.py:_make_request:456: http://localhost:10919 "POST /session/1e99bdcd35203f66eff4d2e341e1a0c0/execute/sync HTTP/1.1" 200 15
DEBUG    2022-05-28 23:30:09 selenium.webdriver.remote.remote_connection::remote_connection.py:_request:383: Remote response: status=200 | data={"value":36304} | headers=HTTPHeaderDict({'Content-Length': '15', 'Content-Type': 'application/json; charset=utf-8', 'cache-control': 'no-cache'})
DEBUG    2022-05-28 23:30:09 selenium.webdriver.remote.remote_connection::remote_connection.py:_request:412: Finished Request
DEBUG    2022-05-28 23:30:09 selenium.webdriver.remote.remote_connection::remote_connection.py:_request:361: POST http://localhost:10919/session/1e99bdcd35203f66eff4d2e341e1a0c0/execute/sync {"script": "window.scrollTo(32764, 36304)", "args": []}
DEBUG    2022-05-28 23:30:09 urllib3.connectionpool::connectionpool.py:_make_request:456: http://localhost:10919 "POST /session/1e99bdcd35203f66eff4d2e341e1a0c0/execute/sync HTTP/1.1" 200 14
DEBUG    2022-05-28 23:30:09 selenium.webdriver.remote.remote_connection::remote_connection.py:_request:383: Remote response: status=200 | data={"value":null} | headers=HTTPHeaderDict({'Content-Length': '14', 'Content-Type': 'application/json; charset=utf-8', 'cache-control': 'no-cache'})
DEBUG    2022-05-28 23:30:09 selenium.webdriver.remote.remote_connection::remote_connection.py:_request:412: Finished Request
DEBUG    2022-05-28 23:30:10 selenium.webdriver.remote.remote_connection::remote_connection.py:_request:361: POST http://localhost:10919/session/1e99bdcd35203f66eff4d2e341e1a0c0/execute/sync {"script": "return document.body.scrollHeight", "args": []}
DEBUG    2022-05-28 23:30:10 urllib3.connectionpool::connectionpool.py:_make_request:456: http://localhost:10919 "POST /session/1e99bdcd35203f66eff4d2e341e1a0c0/execute/sync HTTP/1.1" 200 15
DEBUG    2022-05-28 23:30:10 selenium.webdriver.remote.remote_connection::remote_connection.py:_request:383: Remote response: status=200 | data={"value":39844} | headers=HTTPHeaderDict({'Content-Length': '15', 'Content-Type': 'application/json; charset=utf-8', 'cache-control': 'no-cache'})
DEBUG    2022-05-28 23:30:10 selenium.webdriver.remote.remote_connection::remote_connection.py:_request:412: Finished Request
DEBUG    2022-05-28 23:30:10 selenium.webdriver.remote.remote_connection::remote_connection.py:_request:361: POST http://localhost:10919/session/1e99bdcd35203f66eff4d2e341e1a0c0/execute/sync {"script": "window.scrollTo(36304, 39844)", "args": []}
DEBUG    2022-05-28 23:30:10 urllib3.connectionpool::connectionpool.py:_make_request:456: http://localhost:10919 "POST /session/1e99bdcd35203f66eff4d2e341e1a0c0/execute/sync HTTP/1.1" 200 14
DEBUG    2022-05-28 23:30:10 selenium.webdriver.remote.remote_connection::remote_connection.py:_request:383: Remote response: status=200 | data={"value":null} | headers=HTTPHeaderDict({'Content-Length': '14', 'Content-Type': 'application/json; charset=utf-8', 'cache-control': 'no-cache'})
DEBUG    2022-05-28 23:30:10 selenium.webdriver.remote.remote_connection::remote_connection.py:_request:412: Finished Request
DEBUG    2022-05-28 23:30:11 selenium.webdriver.remote.remote_connection::remote_connection.py:_request:361: POST http://localhost:10919/session/1e99bdcd35203f66eff4d2e341e1a0c0/execute/sync {"script": "return document.body.scrollHeight", "args": []}
DEBUG    2022-05-28 23:30:11 urllib3.connectionpool::connectionpool.py:_make_request:456: http://localhost:10919 "POST /session/1e99bdcd35203f66eff4d2e341e1a0c0/execute/sync HTTP/1.1" 200 15
DEBUG    2022-05-28 23:30:11 selenium.webdriver.remote.remote_connection::remote_connection.py:_request:383: Remote response: status=200 | data={"value":43384} | headers=HTTPHeaderDict({'Content-Length': '15', 'Content-Type': 'application/json; charset=utf-8', 'cache-control': 'no-cache'})
DEBUG    2022-05-28 23:30:11 selenium.webdriver.remote.remote_connection::remote_connection.py:_request:412: Finished Request
DEBUG    2022-05-28 23:30:11 selenium.webdriver.remote.remote_connection::remote_connection.py:_request:361: POST http://localhost:10919/session/1e99bdcd35203f66eff4d2e341e1a0c0/execute/sync {"script": "window.scrollTo(39844, 43384)", "args": []}
DEBUG    2022-05-28 23:30:11 urllib3.connectionpool::connectionpool.py:_make_request:456: http://localhost:10919 "POST /session/1e99bdcd35203f66eff4d2e341e1a0c0/execute/sync HTTP/1.1" 200 14
DEBUG    2022-05-28 23:30:11 selenium.webdriver.remote.remote_connection::remote_connection.py:_request:383: Remote response: status=200 | data={"value":null} | headers=HTTPHeaderDict({'Content-Length': '14', 'Content-Type': 'application/json; charset=utf-8', 'cache-control': 'no-cache'})
DEBUG    2022-05-28 23:30:11 selenium.webdriver.remote.remote_connection::remote_connection.py:_request:412: Finished Request
DEBUG    2022-05-28 23:30:12 selenium.webdriver.remote.remote_connection::remote_connection.py:_request:361: POST http://localhost:10919/session/1e99bdcd35203f66eff4d2e341e1a0c0/execute/sync {"script": "return document.body.scrollHeight", "args": []}
DEBUG    2022-05-28 23:30:12 urllib3.connectionpool::connectionpool.py:_make_request:456: http://localhost:10919 "POST /session/1e99bdcd35203f66eff4d2e341e1a0c0/execute/sync HTTP/1.1" 200 15
DEBUG    2022-05-28 23:30:12 selenium.webdriver.remote.remote_connection::remote_connection.py:_request:383: Remote response: status=200 | data={"value":46924} | headers=HTTPHeaderDict({'Content-Length': '15', 'Content-Type': 'application/json; charset=utf-8', 'cache-control': 'no-cache'})
DEBUG    2022-05-28 23:30:12 selenium.webdriver.remote.remote_connection::remote_connection.py:_request:412: Finished Request
DEBUG    2022-05-28 23:30:12 selenium.webdriver.remote.remote_connection::remote_connection.py:_request:361: POST http://localhost:10919/session/1e99bdcd35203f66eff4d2e341e1a0c0/execute/sync {"script": "window.scrollTo(43384, 46924)", "args": []}
DEBUG    2022-05-28 23:30:12 urllib3.connectionpool::connectionpool.py:_make_request:456: http://localhost:10919 "POST /session/1e99bdcd35203f66eff4d2e341e1a0c0/execute/sync HTTP/1.1" 200 14
DEBUG    2022-05-28 23:30:12 selenium.webdriver.remote.remote_connection::remote_connection.py:_request:383: Remote response: status=200 | data={"value":null} | headers=HTTPHeaderDict({'Content-Length': '14', 'Content-Type': 'application/json; charset=utf-8', 'cache-control': 'no-cache'})
DEBUG    2022-05-28 23:30:12 selenium.webdriver.remote.remote_connection::remote_connection.py:_request:412: Finished Request
DEBUG    2022-05-28 23:30:13 selenium.webdriver.remote.remote_connection::remote_connection.py:_request:361: POST http://localhost:10919/session/1e99bdcd35203f66eff4d2e341e1a0c0/execute/sync {"script": "return document.body.scrollHeight", "args": []}
DEBUG    2022-05-28 23:30:13 urllib3.connectionpool::connectionpool.py:_make_request:456: http://localhost:10919 "POST /session/1e99bdcd35203f66eff4d2e341e1a0c0/execute/sync HTTP/1.1" 200 15
DEBUG    2022-05-28 23:30:13 selenium.webdriver.remote.remote_connection::remote_connection.py:_request:383: Remote response: status=200 | data={"value":50464} | headers=HTTPHeaderDict({'Content-Length': '15', 'Content-Type': 'application/json; charset=utf-8', 'cache-control': 'no-cache'})
DEBUG    2022-05-28 23:30:13 selenium.webdriver.remote.remote_connection::remote_connection.py:_request:412: Finished Request
DEBUG    2022-05-28 23:30:13 selenium.webdriver.remote.remote_connection::remote_connection.py:_request:361: POST http://localhost:10919/session/1e99bdcd35203f66eff4d2e341e1a0c0/execute/sync {"script": "window.scrollTo(46924, 50464)", "args": []}
DEBUG    2022-05-28 23:30:13 urllib3.connectionpool::connectionpool.py:_make_request:456: http://localhost:10919 "POST /session/1e99bdcd35203f66eff4d2e341e1a0c0/execute/sync HTTP/1.1" 200 14
DEBUG    2022-05-28 23:30:13 selenium.webdriver.remote.remote_connection::remote_connection.py:_request:383: Remote response: status=200 | data={"value":null} | headers=HTTPHeaderDict({'Content-Length': '14', 'Content-Type': 'application/json; charset=utf-8', 'cache-control': 'no-cache'})
DEBUG    2022-05-28 23:30:13 selenium.webdriver.remote.remote_connection::remote_connection.py:_request:412: Finished Request
DEBUG    2022-05-28 23:30:14 selenium.webdriver.remote.remote_connection::remote_connection.py:_request:361: POST http://localhost:10919/session/1e99bdcd35203f66eff4d2e341e1a0c0/execute/sync {"script": "return document.body.scrollHeight", "args": []}
DEBUG    2022-05-28 23:30:14 urllib3.connectionpool::connectionpool.py:_make_request:456: http://localhost:10919 "POST /session/1e99bdcd35203f66eff4d2e341e1a0c0/execute/sync HTTP/1.1" 200 15
DEBUG    2022-05-28 23:30:14 selenium.webdriver.remote.remote_connection::remote_connection.py:_request:383: Remote response: status=200 | data={"value":54004} | headers=HTTPHeaderDict({'Content-Length': '15', 'Content-Type': 'application/json; charset=utf-8', 'cache-control': 'no-cache'})
DEBUG    2022-05-28 23:30:14 selenium.webdriver.remote.remote_connection::remote_connection.py:_request:412: Finished Request
DEBUG    2022-05-28 23:30:14 selenium.webdriver.remote.remote_connection::remote_connection.py:_request:361: POST http://localhost:10919/session/1e99bdcd35203f66eff4d2e341e1a0c0/execute/sync {"script": "window.scrollTo(50464, 54004)", "args": []}
DEBUG    2022-05-28 23:30:14 urllib3.connectionpool::connectionpool.py:_make_request:456: http://localhost:10919 "POST /session/1e99bdcd35203f66eff4d2e341e1a0c0/execute/sync HTTP/1.1" 200 14
DEBUG    2022-05-28 23:30:14 selenium.webdriver.remote.remote_connection::remote_connection.py:_request:383: Remote response: status=200 | data={"value":null} | headers=HTTPHeaderDict({'Content-Length': '14', 'Content-Type': 'application/json; charset=utf-8', 'cache-control': 'no-cache'})
DEBUG    2022-05-28 23:30:14 selenium.webdriver.remote.remote_connection::remote_connection.py:_request:412: Finished Request
DEBUG    2022-05-28 23:30:15 selenium.webdriver.remote.remote_connection::remote_connection.py:_request:361: POST http://localhost:10919/session/1e99bdcd35203f66eff4d2e341e1a0c0/execute/sync {"script": "return document.body.scrollHeight", "args": []}
DEBUG    2022-05-28 23:30:15 urllib3.connectionpool::connectionpool.py:_make_request:456: http://localhost:10919 "POST /session/1e99bdcd35203f66eff4d2e341e1a0c0/execute/sync HTTP/1.1" 200 15
DEBUG    2022-05-28 23:30:15 selenium.webdriver.remote.remote_connection::remote_connection.py:_request:383: Remote response: status=200 | data={"value":57544} | headers=HTTPHeaderDict({'Content-Length': '15', 'Content-Type': 'application/json; charset=utf-8', 'cache-control': 'no-cache'})
DEBUG    2022-05-28 23:30:15 selenium.webdriver.remote.remote_connection::remote_connection.py:_request:412: Finished Request
DEBUG    2022-05-28 23:30:15 selenium.webdriver.remote.remote_connection::remote_connection.py:_request:361: POST http://localhost:10919/session/1e99bdcd35203f66eff4d2e341e1a0c0/execute/sync {"script": "window.scrollTo(54004, 57544)", "args": []}
DEBUG    2022-05-28 23:30:15 urllib3.connectionpool::connectionpool.py:_make_request:456: http://localhost:10919 "POST /session/1e99bdcd35203f66eff4d2e341e1a0c0/execute/sync HTTP/1.1" 200 14
DEBUG    2022-05-28 23:30:15 selenium.webdriver.remote.remote_connection::remote_connection.py:_request:383: Remote response: status=200 | data={"value":null} | headers=HTTPHeaderDict({'Content-Length': '14', 'Content-Type': 'application/json; charset=utf-8', 'cache-control': 'no-cache'})
DEBUG    2022-05-28 23:30:15 selenium.webdriver.remote.remote_connection::remote_connection.py:_request:412: Finished Request
DEBUG    2022-05-28 23:30:16 selenium.webdriver.remote.remote_connection::remote_connection.py:_request:361: POST http://localhost:10919/session/1e99bdcd35203f66eff4d2e341e1a0c0/execute/sync {"script": "return document.body.scrollHeight", "args": []}
DEBUG    2022-05-28 23:30:16 urllib3.connectionpool::connectionpool.py:_make_request:456: http://localhost:10919 "POST /session/1e99bdcd35203f66eff4d2e341e1a0c0/execute/sync HTTP/1.1" 200 15
DEBUG    2022-05-28 23:30:16 selenium.webdriver.remote.remote_connection::remote_connection.py:_request:383: Remote response: status=200 | data={"value":61084} | headers=HTTPHeaderDict({'Content-Length': '15', 'Content-Type': 'application/json; charset=utf-8', 'cache-control': 'no-cache'})
DEBUG    2022-05-28 23:30:16 selenium.webdriver.remote.remote_connection::remote_connection.py:_request:412: Finished Request
DEBUG    2022-05-28 23:30:16 selenium.webdriver.remote.remote_connection::remote_connection.py:_request:361: POST http://localhost:10919/session/1e99bdcd35203f66eff4d2e341e1a0c0/execute/sync {"script": "window.scrollTo(57544, 61084)", "args": []}
DEBUG    2022-05-28 23:30:16 urllib3.connectionpool::connectionpool.py:_make_request:456: http://localhost:10919 "POST /session/1e99bdcd35203f66eff4d2e341e1a0c0/execute/sync HTTP/1.1" 200 14
DEBUG    2022-05-28 23:30:16 selenium.webdriver.remote.remote_connection::remote_connection.py:_request:383: Remote response: status=200 | data={"value":null} | headers=HTTPHeaderDict({'Content-Length': '14', 'Content-Type': 'application/json; charset=utf-8', 'cache-control': 'no-cache'})
DEBUG    2022-05-28 23:30:16 selenium.webdriver.remote.remote_connection::remote_connection.py:_request:412: Finished Request
DEBUG    2022-05-28 23:30:17 selenium.webdriver.remote.remote_connection::remote_connection.py:_request:361: POST http://localhost:10919/session/1e99bdcd35203f66eff4d2e341e1a0c0/execute/sync {"script": "return document.body.scrollHeight", "args": []}
DEBUG    2022-05-28 23:30:17 urllib3.connectionpool::connectionpool.py:_make_request:456: http://localhost:10919 "POST /session/1e99bdcd35203f66eff4d2e341e1a0c0/execute/sync HTTP/1.1" 200 15
DEBUG    2022-05-28 23:30:17 selenium.webdriver.remote.remote_connection::remote_connection.py:_request:383: Remote response: status=200 | data={"value":64624} | headers=HTTPHeaderDict({'Content-Length': '15', 'Content-Type': 'application/json; charset=utf-8', 'cache-control': 'no-cache'})
DEBUG    2022-05-28 23:30:17 selenium.webdriver.remote.remote_connection::remote_connection.py:_request:412: Finished Request
DEBUG    2022-05-28 23:30:17 selenium.webdriver.remote.remote_connection::remote_connection.py:_request:361: POST http://localhost:10919/session/1e99bdcd35203f66eff4d2e341e1a0c0/execute/sync {"script": "window.scrollTo(61084, 64624)", "args": []}
DEBUG    2022-05-28 23:30:17 urllib3.connectionpool::connectionpool.py:_make_request:456: http://localhost:10919 "POST /session/1e99bdcd35203f66eff4d2e341e1a0c0/execute/sync HTTP/1.1" 200 14
DEBUG    2022-05-28 23:30:17 selenium.webdriver.remote.remote_connection::remote_connection.py:_request:383: Remote response: status=200 | data={"value":null} | headers=HTTPHeaderDict({'Content-Length': '14', 'Content-Type': 'application/json; charset=utf-8', 'cache-control': 'no-cache'})
DEBUG    2022-05-28 23:30:17 selenium.webdriver.remote.remote_connection::remote_connection.py:_request:412: Finished Request
DEBUG    2022-05-28 23:30:18 selenium.webdriver.remote.remote_connection::remote_connection.py:_request:361: POST http://localhost:10919/session/1e99bdcd35203f66eff4d2e341e1a0c0/execute/sync {"script": "return document.body.scrollHeight", "args": []}
DEBUG    2022-05-28 23:30:18 urllib3.connectionpool::connectionpool.py:_make_request:456: http://localhost:10919 "POST /session/1e99bdcd35203f66eff4d2e341e1a0c0/execute/sync HTTP/1.1" 200 15
DEBUG    2022-05-28 23:30:18 selenium.webdriver.remote.remote_connection::remote_connection.py:_request:383: Remote response: status=200 | data={"value":68164} | headers=HTTPHeaderDict({'Content-Length': '15', 'Content-Type': 'application/json; charset=utf-8', 'cache-control': 'no-cache'})
DEBUG    2022-05-28 23:30:18 selenium.webdriver.remote.remote_connection::remote_connection.py:_request:412: Finished Request
DEBUG    2022-05-28 23:30:18 selenium.webdriver.remote.remote_connection::remote_connection.py:_request:361: POST http://localhost:10919/session/1e99bdcd35203f66eff4d2e341e1a0c0/execute/sync {"script": "window.scrollTo(64624, 68164)", "args": []}
DEBUG    2022-05-28 23:30:18 urllib3.connectionpool::connectionpool.py:_make_request:456: http://localhost:10919 "POST /session/1e99bdcd35203f66eff4d2e341e1a0c0/execute/sync HTTP/1.1" 200 14
DEBUG    2022-05-28 23:30:18 selenium.webdriver.remote.remote_connection::remote_connection.py:_request:383: Remote response: status=200 | data={"value":null} | headers=HTTPHeaderDict({'Content-Length': '14', 'Content-Type': 'application/json; charset=utf-8', 'cache-control': 'no-cache'})
DEBUG    2022-05-28 23:30:18 selenium.webdriver.remote.remote_connection::remote_connection.py:_request:412: Finished Request
DEBUG    2022-05-28 23:30:19 selenium.webdriver.remote.remote_connection::remote_connection.py:_request:361: POST http://localhost:10919/session/1e99bdcd35203f66eff4d2e341e1a0c0/execute/sync {"script": "return document.body.scrollHeight", "args": []}
DEBUG    2022-05-28 23:30:19 urllib3.connectionpool::connectionpool.py:_make_request:456: http://localhost:10919 "POST /session/1e99bdcd35203f66eff4d2e341e1a0c0/execute/sync HTTP/1.1" 200 15
DEBUG    2022-05-28 23:30:19 selenium.webdriver.remote.remote_connection::remote_connection.py:_request:383: Remote response: status=200 | data={"value":71704} | headers=HTTPHeaderDict({'Content-Length': '15', 'Content-Type': 'application/json; charset=utf-8', 'cache-control': 'no-cache'})
DEBUG    2022-05-28 23:30:19 selenium.webdriver.remote.remote_connection::remote_connection.py:_request:412: Finished Request
DEBUG    2022-05-28 23:30:19 selenium.webdriver.remote.remote_connection::remote_connection.py:_request:361: POST http://localhost:10919/session/1e99bdcd35203f66eff4d2e341e1a0c0/execute/sync {"script": "window.scrollTo(68164, 71704)", "args": []}
DEBUG    2022-05-28 23:30:19 urllib3.connectionpool::connectionpool.py:_make_request:456: http://localhost:10919 "POST /session/1e99bdcd35203f66eff4d2e341e1a0c0/execute/sync HTTP/1.1" 200 14
DEBUG    2022-05-28 23:30:19 selenium.webdriver.remote.remote_connection::remote_connection.py:_request:383: Remote response: status=200 | data={"value":null} | headers=HTTPHeaderDict({'Content-Length': '14', 'Content-Type': 'application/json; charset=utf-8', 'cache-control': 'no-cache'})
DEBUG    2022-05-28 23:30:19 selenium.webdriver.remote.remote_connection::remote_connection.py:_request:412: Finished Request
DEBUG    2022-05-28 23:30:20 selenium.webdriver.remote.remote_connection::remote_connection.py:_request:361: POST http://localhost:10919/session/1e99bdcd35203f66eff4d2e341e1a0c0/execute/sync {"script": "return document.body.scrollHeight", "args": []}
DEBUG    2022-05-28 23:30:20 urllib3.connectionpool::connectionpool.py:_make_request:456: http://localhost:10919 "POST /session/1e99bdcd35203f66eff4d2e341e1a0c0/execute/sync HTTP/1.1" 200 15
DEBUG    2022-05-28 23:30:20 selenium.webdriver.remote.remote_connection::remote_connection.py:_request:383: Remote response: status=200 | data={"value":75244} | headers=HTTPHeaderDict({'Content-Length': '15', 'Content-Type': 'application/json; charset=utf-8', 'cache-control': 'no-cache'})
DEBUG    2022-05-28 23:30:20 selenium.webdriver.remote.remote_connection::remote_connection.py:_request:412: Finished Request
DEBUG    2022-05-28 23:30:20 selenium.webdriver.remote.remote_connection::remote_connection.py:_request:361: POST http://localhost:10919/session/1e99bdcd35203f66eff4d2e341e1a0c0/execute/sync {"script": "window.scrollTo(71704, 75244)", "args": []}
DEBUG    2022-05-28 23:30:20 urllib3.connectionpool::connectionpool.py:_make_request:456: http://localhost:10919 "POST /session/1e99bdcd35203f66eff4d2e341e1a0c0/execute/sync HTTP/1.1" 200 14
DEBUG    2022-05-28 23:30:20 selenium.webdriver.remote.remote_connection::remote_connection.py:_request:383: Remote response: status=200 | data={"value":null} | headers=HTTPHeaderDict({'Content-Length': '14', 'Content-Type': 'application/json; charset=utf-8', 'cache-control': 'no-cache'})
DEBUG    2022-05-28 23:30:20 selenium.webdriver.remote.remote_connection::remote_connection.py:_request:412: Finished Request
DEBUG    2022-05-28 23:30:21 selenium.webdriver.remote.remote_connection::remote_connection.py:_request:361: POST http://localhost:10919/session/1e99bdcd35203f66eff4d2e341e1a0c0/execute/sync {"script": "return document.body.scrollHeight", "args": []}
DEBUG    2022-05-28 23:30:21 urllib3.connectionpool::connectionpool.py:_make_request:456: http://localhost:10919 "POST /session/1e99bdcd35203f66eff4d2e341e1a0c0/execute/sync HTTP/1.1" 200 15
DEBUG    2022-05-28 23:30:21 selenium.webdriver.remote.remote_connection::remote_connection.py:_request:383: Remote response: status=200 | data={"value":78784} | headers=HTTPHeaderDict({'Content-Length': '15', 'Content-Type': 'application/json; charset=utf-8', 'cache-control': 'no-cache'})
DEBUG    2022-05-28 23:30:21 selenium.webdriver.remote.remote_connection::remote_connection.py:_request:412: Finished Request
DEBUG    2022-05-28 23:30:21 selenium.webdriver.remote.remote_connection::remote_connection.py:_request:361: POST http://localhost:10919/session/1e99bdcd35203f66eff4d2e341e1a0c0/execute/sync {"script": "window.scrollTo(75244, 78784)", "args": []}
DEBUG    2022-05-28 23:30:21 urllib3.connectionpool::connectionpool.py:_make_request:456: http://localhost:10919 "POST /session/1e99bdcd35203f66eff4d2e341e1a0c0/execute/sync HTTP/1.1" 200 14
DEBUG    2022-05-28 23:30:21 selenium.webdriver.remote.remote_connection::remote_connection.py:_request:383: Remote response: status=200 | data={"value":null} | headers=HTTPHeaderDict({'Content-Length': '14', 'Content-Type': 'application/json; charset=utf-8', 'cache-control': 'no-cache'})
DEBUG    2022-05-28 23:30:21 selenium.webdriver.remote.remote_connection::remote_connection.py:_request:412: Finished Request
DEBUG    2022-05-28 23:30:22 selenium.webdriver.remote.remote_connection::remote_connection.py:_request:361: POST http://localhost:10919/session/1e99bdcd35203f66eff4d2e341e1a0c0/execute/sync {"script": "return document.body.scrollHeight", "args": []}
DEBUG    2022-05-28 23:30:22 urllib3.connectionpool::connectionpool.py:_make_request:456: http://localhost:10919 "POST /session/1e99bdcd35203f66eff4d2e341e1a0c0/execute/sync HTTP/1.1" 200 15
DEBUG    2022-05-28 23:30:22 selenium.webdriver.remote.remote_connection::remote_connection.py:_request:383: Remote response: status=200 | data={"value":82324} | headers=HTTPHeaderDict({'Content-Length': '15', 'Content-Type': 'application/json; charset=utf-8', 'cache-control': 'no-cache'})
DEBUG    2022-05-28 23:30:22 selenium.webdriver.remote.remote_connection::remote_connection.py:_request:412: Finished Request
DEBUG    2022-05-28 23:30:22 selenium.webdriver.remote.remote_connection::remote_connection.py:_request:361: POST http://localhost:10919/session/1e99bdcd35203f66eff4d2e341e1a0c0/execute/sync {"script": "window.scrollTo(78784, 82324)", "args": []}
DEBUG    2022-05-28 23:30:22 urllib3.connectionpool::connectionpool.py:_make_request:456: http://localhost:10919 "POST /session/1e99bdcd35203f66eff4d2e341e1a0c0/execute/sync HTTP/1.1" 200 14
DEBUG    2022-05-28 23:30:22 selenium.webdriver.remote.remote_connection::remote_connection.py:_request:383: Remote response: status=200 | data={"value":null} | headers=HTTPHeaderDict({'Content-Length': '14', 'Content-Type': 'application/json; charset=utf-8', 'cache-control': 'no-cache'})
DEBUG    2022-05-28 23:30:22 selenium.webdriver.remote.remote_connection::remote_connection.py:_request:412: Finished Request
DEBUG    2022-05-28 23:30:23 selenium.webdriver.remote.remote_connection::remote_connection.py:_request:361: POST http://localhost:10919/session/1e99bdcd35203f66eff4d2e341e1a0c0/execute/sync {"script": "return document.body.scrollHeight", "args": []}
DEBUG    2022-05-28 23:30:23 urllib3.connectionpool::connectionpool.py:_make_request:456: http://localhost:10919 "POST /session/1e99bdcd35203f66eff4d2e341e1a0c0/execute/sync HTTP/1.1" 200 15
DEBUG    2022-05-28 23:30:23 selenium.webdriver.remote.remote_connection::remote_connection.py:_request:383: Remote response: status=200 | data={"value":85864} | headers=HTTPHeaderDict({'Content-Length': '15', 'Content-Type': 'application/json; charset=utf-8', 'cache-control': 'no-cache'})
DEBUG    2022-05-28 23:30:23 selenium.webdriver.remote.remote_connection::remote_connection.py:_request:412: Finished Request
DEBUG    2022-05-28 23:30:23 selenium.webdriver.remote.remote_connection::remote_connection.py:_request:361: POST http://localhost:10919/session/1e99bdcd35203f66eff4d2e341e1a0c0/execute/sync {"script": "window.scrollTo(82324, 85864)", "args": []}
DEBUG    2022-05-28 23:30:23 urllib3.connectionpool::connectionpool.py:_make_request:456: http://localhost:10919 "POST /session/1e99bdcd35203f66eff4d2e341e1a0c0/execute/sync HTTP/1.1" 200 14
DEBUG    2022-05-28 23:30:23 selenium.webdriver.remote.remote_connection::remote_connection.py:_request:383: Remote response: status=200 | data={"value":null} | headers=HTTPHeaderDict({'Content-Length': '14', 'Content-Type': 'application/json; charset=utf-8', 'cache-control': 'no-cache'})
DEBUG    2022-05-28 23:30:23 selenium.webdriver.remote.remote_connection::remote_connection.py:_request:412: Finished Request
DEBUG    2022-05-28 23:30:24 selenium.webdriver.remote.remote_connection::remote_connection.py:_request:361: POST http://localhost:10919/session/1e99bdcd35203f66eff4d2e341e1a0c0/execute/sync {"script": "return document.body.scrollHeight", "args": []}
DEBUG    2022-05-28 23:30:24 urllib3.connectionpool::connectionpool.py:_make_request:456: http://localhost:10919 "POST /session/1e99bdcd35203f66eff4d2e341e1a0c0/execute/sync HTTP/1.1" 200 15
DEBUG    2022-05-28 23:30:24 selenium.webdriver.remote.remote_connection::remote_connection.py:_request:383: Remote response: status=200 | data={"value":89404} | headers=HTTPHeaderDict({'Content-Length': '15', 'Content-Type': 'application/json; charset=utf-8', 'cache-control': 'no-cache'})
DEBUG    2022-05-28 23:30:24 selenium.webdriver.remote.remote_connection::remote_connection.py:_request:412: Finished Request
DEBUG    2022-05-28 23:30:24 selenium.webdriver.remote.remote_connection::remote_connection.py:_request:361: POST http://localhost:10919/session/1e99bdcd35203f66eff4d2e341e1a0c0/execute/sync {"script": "window.scrollTo(85864, 89404)", "args": []}
DEBUG    2022-05-28 23:30:24 urllib3.connectionpool::connectionpool.py:_make_request:456: http://localhost:10919 "POST /session/1e99bdcd35203f66eff4d2e341e1a0c0/execute/sync HTTP/1.1" 200 14
DEBUG    2022-05-28 23:30:24 selenium.webdriver.remote.remote_connection::remote_connection.py:_request:383: Remote response: status=200 | data={"value":null} | headers=HTTPHeaderDict({'Content-Length': '14', 'Content-Type': 'application/json; charset=utf-8', 'cache-control': 'no-cache'})
DEBUG    2022-05-28 23:30:24 selenium.webdriver.remote.remote_connection::remote_connection.py:_request:412: Finished Request
DEBUG    2022-05-28 23:30:24 selenium.webdriver.remote.remote_connection::remote_connection.py:_request:361: POST http://localhost:10919/session/1e99bdcd35203f66eff4d2e341e1a0c0/execute/sync {"script": "return document.body.scrollHeight", "args": []}
DEBUG    2022-05-28 23:30:24 urllib3.connectionpool::connectionpool.py:_make_request:456: http://localhost:10919 "POST /session/1e99bdcd35203f66eff4d2e341e1a0c0/execute/sync HTTP/1.1" 200 15
DEBUG    2022-05-28 23:30:24 selenium.webdriver.remote.remote_connection::remote_connection.py:_request:383: Remote response: status=200 | data={"value":92944} | headers=HTTPHeaderDict({'Content-Length': '15', 'Content-Type': 'application/json; charset=utf-8', 'cache-control': 'no-cache'})
DEBUG    2022-05-28 23:30:24 selenium.webdriver.remote.remote_connection::remote_connection.py:_request:412: Finished Request
DEBUG    2022-05-28 23:30:24 selenium.webdriver.remote.remote_connection::remote_connection.py:_request:361: POST http://localhost:10919/session/1e99bdcd35203f66eff4d2e341e1a0c0/execute/sync {"script": "window.scrollTo(89404, 92944)", "args": []}
DEBUG    2022-05-28 23:30:25 urllib3.connectionpool::connectionpool.py:_make_request:456: http://localhost:10919 "POST /session/1e99bdcd35203f66eff4d2e341e1a0c0/execute/sync HTTP/1.1" 200 14
DEBUG    2022-05-28 23:30:25 selenium.webdriver.remote.remote_connection::remote_connection.py:_request:383: Remote response: status=200 | data={"value":null} | headers=HTTPHeaderDict({'Content-Length': '14', 'Content-Type': 'application/json; charset=utf-8', 'cache-control': 'no-cache'})
DEBUG    2022-05-28 23:30:25 selenium.webdriver.remote.remote_connection::remote_connection.py:_request:412: Finished Request
DEBUG    2022-05-28 23:30:25 selenium.webdriver.remote.remote_connection::remote_connection.py:_request:361: POST http://localhost:10919/session/1e99bdcd35203f66eff4d2e341e1a0c0/execute/sync {"script": "return document.body.scrollHeight", "args": []}
DEBUG    2022-05-28 23:30:25 urllib3.connectionpool::connectionpool.py:_make_request:456: http://localhost:10919 "POST /session/1e99bdcd35203f66eff4d2e341e1a0c0/execute/sync HTTP/1.1" 200 15
DEBUG    2022-05-28 23:30:25 selenium.webdriver.remote.remote_connection::remote_connection.py:_request:383: Remote response: status=200 | data={"value":96484} | headers=HTTPHeaderDict({'Content-Length': '15', 'Content-Type': 'application/json; charset=utf-8', 'cache-control': 'no-cache'})
DEBUG    2022-05-28 23:30:25 selenium.webdriver.remote.remote_connection::remote_connection.py:_request:412: Finished Request
DEBUG    2022-05-28 23:30:25 selenium.webdriver.remote.remote_connection::remote_connection.py:_request:361: POST http://localhost:10919/session/1e99bdcd35203f66eff4d2e341e1a0c0/execute/sync {"script": "window.scrollTo(92944, 96484)", "args": []}
DEBUG    2022-05-28 23:30:26 urllib3.connectionpool::connectionpool.py:_make_request:456: http://localhost:10919 "POST /session/1e99bdcd35203f66eff4d2e341e1a0c0/execute/sync HTTP/1.1" 200 14
DEBUG    2022-05-28 23:30:26 selenium.webdriver.remote.remote_connection::remote_connection.py:_request:383: Remote response: status=200 | data={"value":null} | headers=HTTPHeaderDict({'Content-Length': '14', 'Content-Type': 'application/json; charset=utf-8', 'cache-control': 'no-cache'})
DEBUG    2022-05-28 23:30:26 selenium.webdriver.remote.remote_connection::remote_connection.py:_request:412: Finished Request
DEBUG    2022-05-28 23:30:26 selenium.webdriver.remote.remote_connection::remote_connection.py:_request:361: POST http://localhost:10919/session/1e99bdcd35203f66eff4d2e341e1a0c0/execute/sync {"script": "return document.body.scrollHeight", "args": []}
DEBUG    2022-05-28 23:30:26 urllib3.connectionpool::connectionpool.py:_make_request:456: http://localhost:10919 "POST /session/1e99bdcd35203f66eff4d2e341e1a0c0/execute/sync HTTP/1.1" 200 16
DEBUG    2022-05-28 23:30:26 selenium.webdriver.remote.remote_connection::remote_connection.py:_request:383: Remote response: status=200 | data={"value":100024} | headers=HTTPHeaderDict({'Content-Length': '16', 'Content-Type': 'application/json; charset=utf-8', 'cache-control': 'no-cache'})
DEBUG    2022-05-28 23:30:26 selenium.webdriver.remote.remote_connection::remote_connection.py:_request:412: Finished Request
DEBUG    2022-05-28 23:30:26 selenium.webdriver.remote.remote_connection::remote_connection.py:_request:361: POST http://localhost:10919/session/1e99bdcd35203f66eff4d2e341e1a0c0/execute/sync {"script": "window.scrollTo(96484, 100024)", "args": []}
DEBUG    2022-05-28 23:30:27 urllib3.connectionpool::connectionpool.py:_make_request:456: http://localhost:10919 "POST /session/1e99bdcd35203f66eff4d2e341e1a0c0/execute/sync HTTP/1.1" 200 14
DEBUG    2022-05-28 23:30:27 selenium.webdriver.remote.remote_connection::remote_connection.py:_request:383: Remote response: status=200 | data={"value":null} | headers=HTTPHeaderDict({'Content-Length': '14', 'Content-Type': 'application/json; charset=utf-8', 'cache-control': 'no-cache'})
DEBUG    2022-05-28 23:30:27 selenium.webdriver.remote.remote_connection::remote_connection.py:_request:412: Finished Request
DEBUG    2022-05-28 23:30:27 selenium.webdriver.remote.remote_connection::remote_connection.py:_request:361: POST http://localhost:10919/session/1e99bdcd35203f66eff4d2e341e1a0c0/execute/sync {"script": "return document.body.scrollHeight", "args": []}
DEBUG    2022-05-28 23:30:27 urllib3.connectionpool::connectionpool.py:_make_request:456: http://localhost:10919 "POST /session/1e99bdcd35203f66eff4d2e341e1a0c0/execute/sync HTTP/1.1" 200 16
DEBUG    2022-05-28 23:30:27 selenium.webdriver.remote.remote_connection::remote_connection.py:_request:383: Remote response: status=200 | data={"value":103564} | headers=HTTPHeaderDict({'Content-Length': '16', 'Content-Type': 'application/json; charset=utf-8', 'cache-control': 'no-cache'})
DEBUG    2022-05-28 23:30:27 selenium.webdriver.remote.remote_connection::remote_connection.py:_request:412: Finished Request
DEBUG    2022-05-28 23:30:27 selenium.webdriver.remote.remote_connection::remote_connection.py:_request:361: POST http://localhost:10919/session/1e99bdcd35203f66eff4d2e341e1a0c0/execute/sync {"script": "window.scrollTo(100024, 103564)", "args": []}
DEBUG    2022-05-28 23:30:28 urllib3.connectionpool::connectionpool.py:_make_request:456: http://localhost:10919 "POST /session/1e99bdcd35203f66eff4d2e341e1a0c0/execute/sync HTTP/1.1" 200 14
DEBUG    2022-05-28 23:30:28 selenium.webdriver.remote.remote_connection::remote_connection.py:_request:383: Remote response: status=200 | data={"value":null} | headers=HTTPHeaderDict({'Content-Length': '14', 'Content-Type': 'application/json; charset=utf-8', 'cache-control': 'no-cache'})
DEBUG    2022-05-28 23:30:28 selenium.webdriver.remote.remote_connection::remote_connection.py:_request:412: Finished Request
DEBUG    2022-05-28 23:30:28 selenium.webdriver.remote.remote_connection::remote_connection.py:_request:361: POST http://localhost:10919/session/1e99bdcd35203f66eff4d2e341e1a0c0/execute/sync {"script": "return document.body.scrollHeight", "args": []}
DEBUG    2022-05-28 23:30:28 urllib3.connectionpool::connectionpool.py:_make_request:456: http://localhost:10919 "POST /session/1e99bdcd35203f66eff4d2e341e1a0c0/execute/sync HTTP/1.1" 200 16
DEBUG    2022-05-28 23:30:28 selenium.webdriver.remote.remote_connection::remote_connection.py:_request:383: Remote response: status=200 | data={"value":107104} | headers=HTTPHeaderDict({'Content-Length': '16', 'Content-Type': 'application/json; charset=utf-8', 'cache-control': 'no-cache'})
DEBUG    2022-05-28 23:30:28 selenium.webdriver.remote.remote_connection::remote_connection.py:_request:412: Finished Request
DEBUG    2022-05-28 23:30:28 selenium.webdriver.remote.remote_connection::remote_connection.py:_request:361: POST http://localhost:10919/session/1e99bdcd35203f66eff4d2e341e1a0c0/execute/sync {"script": "window.scrollTo(103564, 107104)", "args": []}
DEBUG    2022-05-28 23:30:29 urllib3.connectionpool::connectionpool.py:_make_request:456: http://localhost:10919 "POST /session/1e99bdcd35203f66eff4d2e341e1a0c0/execute/sync HTTP/1.1" 200 14
DEBUG    2022-05-28 23:30:29 selenium.webdriver.remote.remote_connection::remote_connection.py:_request:383: Remote response: status=200 | data={"value":null} | headers=HTTPHeaderDict({'Content-Length': '14', 'Content-Type': 'application/json; charset=utf-8', 'cache-control': 'no-cache'})
DEBUG    2022-05-28 23:30:29 selenium.webdriver.remote.remote_connection::remote_connection.py:_request:412: Finished Request
DEBUG    2022-05-28 23:30:29 selenium.webdriver.remote.remote_connection::remote_connection.py:_request:361: POST http://localhost:10919/session/1e99bdcd35203f66eff4d2e341e1a0c0/execute/sync {"script": "return document.body.scrollHeight", "args": []}
DEBUG    2022-05-28 23:30:29 urllib3.connectionpool::connectionpool.py:_make_request:456: http://localhost:10919 "POST /session/1e99bdcd35203f66eff4d2e341e1a0c0/execute/sync HTTP/1.1" 200 16
DEBUG    2022-05-28 23:30:29 selenium.webdriver.remote.remote_connection::remote_connection.py:_request:383: Remote response: status=200 | data={"value":110644} | headers=HTTPHeaderDict({'Content-Length': '16', 'Content-Type': 'application/json; charset=utf-8', 'cache-control': 'no-cache'})
DEBUG    2022-05-28 23:30:29 selenium.webdriver.remote.remote_connection::remote_connection.py:_request:412: Finished Request
DEBUG    2022-05-28 23:30:29 selenium.webdriver.remote.remote_connection::remote_connection.py:_request:361: POST http://localhost:10919/session/1e99bdcd35203f66eff4d2e341e1a0c0/execute/sync {"script": "window.scrollTo(107104, 110644)", "args": []}
DEBUG    2022-05-28 23:30:30 urllib3.connectionpool::connectionpool.py:_make_request:456: http://localhost:10919 "POST /session/1e99bdcd35203f66eff4d2e341e1a0c0/execute/sync HTTP/1.1" 200 14
DEBUG    2022-05-28 23:30:30 selenium.webdriver.remote.remote_connection::remote_connection.py:_request:383: Remote response: status=200 | data={"value":null} | headers=HTTPHeaderDict({'Content-Length': '14', 'Content-Type': 'application/json; charset=utf-8', 'cache-control': 'no-cache'})
DEBUG    2022-05-28 23:30:30 selenium.webdriver.remote.remote_connection::remote_connection.py:_request:412: Finished Request
DEBUG    2022-05-28 23:30:30 selenium.webdriver.remote.remote_connection::remote_connection.py:_request:361: POST http://localhost:10919/session/1e99bdcd35203f66eff4d2e341e1a0c0/execute/sync {"script": "return document.body.scrollHeight", "args": []}
DEBUG    2022-05-28 23:30:30 urllib3.connectionpool::connectionpool.py:_make_request:456: http://localhost:10919 "POST /session/1e99bdcd35203f66eff4d2e341e1a0c0/execute/sync HTTP/1.1" 200 16
DEBUG    2022-05-28 23:30:30 selenium.webdriver.remote.remote_connection::remote_connection.py:_request:383: Remote response: status=200 | data={"value":114184} | headers=HTTPHeaderDict({'Content-Length': '16', 'Content-Type': 'application/json; charset=utf-8', 'cache-control': 'no-cache'})
DEBUG    2022-05-28 23:30:30 selenium.webdriver.remote.remote_connection::remote_connection.py:_request:412: Finished Request
DEBUG    2022-05-28 23:30:30 selenium.webdriver.remote.remote_connection::remote_connection.py:_request:361: POST http://localhost:10919/session/1e99bdcd35203f66eff4d2e341e1a0c0/execute/sync {"script": "window.scrollTo(110644, 114184)", "args": []}
DEBUG    2022-05-28 23:30:31 urllib3.connectionpool::connectionpool.py:_make_request:456: http://localhost:10919 "POST /session/1e99bdcd35203f66eff4d2e341e1a0c0/execute/sync HTTP/1.1" 200 14
DEBUG    2022-05-28 23:30:31 selenium.webdriver.remote.remote_connection::remote_connection.py:_request:383: Remote response: status=200 | data={"value":null} | headers=HTTPHeaderDict({'Content-Length': '14', 'Content-Type': 'application/json; charset=utf-8', 'cache-control': 'no-cache'})
DEBUG    2022-05-28 23:30:31 selenium.webdriver.remote.remote_connection::remote_connection.py:_request:412: Finished Request
DEBUG    2022-05-28 23:30:31 selenium.webdriver.remote.remote_connection::remote_connection.py:_request:361: POST http://localhost:10919/session/1e99bdcd35203f66eff4d2e341e1a0c0/execute/sync {"script": "return document.body.scrollHeight", "args": []}
DEBUG    2022-05-28 23:30:31 urllib3.connectionpool::connectionpool.py:_make_request:456: http://localhost:10919 "POST /session/1e99bdcd35203f66eff4d2e341e1a0c0/execute/sync HTTP/1.1" 200 16
DEBUG    2022-05-28 23:30:31 selenium.webdriver.remote.remote_connection::remote_connection.py:_request:383: Remote response: status=200 | data={"value":117724} | headers=HTTPHeaderDict({'Content-Length': '16', 'Content-Type': 'application/json; charset=utf-8', 'cache-control': 'no-cache'})
DEBUG    2022-05-28 23:30:31 selenium.webdriver.remote.remote_connection::remote_connection.py:_request:412: Finished Request
DEBUG    2022-05-28 23:30:31 selenium.webdriver.remote.remote_connection::remote_connection.py:_request:361: POST http://localhost:10919/session/1e99bdcd35203f66eff4d2e341e1a0c0/execute/sync {"script": "window.scrollTo(114184, 117724)", "args": []}
DEBUG    2022-05-28 23:30:32 urllib3.connectionpool::connectionpool.py:_make_request:456: http://localhost:10919 "POST /session/1e99bdcd35203f66eff4d2e341e1a0c0/execute/sync HTTP/1.1" 200 14
DEBUG    2022-05-28 23:30:32 selenium.webdriver.remote.remote_connection::remote_connection.py:_request:383: Remote response: status=200 | data={"value":null} | headers=HTTPHeaderDict({'Content-Length': '14', 'Content-Type': 'application/json; charset=utf-8', 'cache-control': 'no-cache'})
DEBUG    2022-05-28 23:30:32 selenium.webdriver.remote.remote_connection::remote_connection.py:_request:412: Finished Request
DEBUG    2022-05-28 23:30:32 selenium.webdriver.remote.remote_connection::remote_connection.py:_request:361: POST http://localhost:10919/session/1e99bdcd35203f66eff4d2e341e1a0c0/execute/sync {"script": "return document.body.scrollHeight", "args": []}
DEBUG    2022-05-28 23:30:32 urllib3.connectionpool::connectionpool.py:_make_request:456: http://localhost:10919 "POST /session/1e99bdcd35203f66eff4d2e341e1a0c0/execute/sync HTTP/1.1" 200 16
DEBUG    2022-05-28 23:30:32 selenium.webdriver.remote.remote_connection::remote_connection.py:_request:383: Remote response: status=200 | data={"value":121264} | headers=HTTPHeaderDict({'Content-Length': '16', 'Content-Type': 'application/json; charset=utf-8', 'cache-control': 'no-cache'})
DEBUG    2022-05-28 23:30:32 selenium.webdriver.remote.remote_connection::remote_connection.py:_request:412: Finished Request
DEBUG    2022-05-28 23:30:32 selenium.webdriver.remote.remote_connection::remote_connection.py:_request:361: POST http://localhost:10919/session/1e99bdcd35203f66eff4d2e341e1a0c0/execute/sync {"script": "window.scrollTo(117724, 121264)", "args": []}
DEBUG    2022-05-28 23:30:33 urllib3.connectionpool::connectionpool.py:_make_request:456: http://localhost:10919 "POST /session/1e99bdcd35203f66eff4d2e341e1a0c0/execute/sync HTTP/1.1" 200 14
DEBUG    2022-05-28 23:30:33 selenium.webdriver.remote.remote_connection::remote_connection.py:_request:383: Remote response: status=200 | data={"value":null} | headers=HTTPHeaderDict({'Content-Length': '14', 'Content-Type': 'application/json; charset=utf-8', 'cache-control': 'no-cache'})
DEBUG    2022-05-28 23:30:33 selenium.webdriver.remote.remote_connection::remote_connection.py:_request:412: Finished Request
DEBUG    2022-05-28 23:30:33 selenium.webdriver.remote.remote_connection::remote_connection.py:_request:361: POST http://localhost:10919/session/1e99bdcd35203f66eff4d2e341e1a0c0/execute/sync {"script": "return document.body.scrollHeight", "args": []}
DEBUG    2022-05-28 23:30:34 urllib3.connectionpool::connectionpool.py:_make_request:456: http://localhost:10919 "POST /session/1e99bdcd35203f66eff4d2e341e1a0c0/execute/sync HTTP/1.1" 200 16
DEBUG    2022-05-28 23:30:34 selenium.webdriver.remote.remote_connection::remote_connection.py:_request:383: Remote response: status=200 | data={"value":124804} | headers=HTTPHeaderDict({'Content-Length': '16', 'Content-Type': 'application/json; charset=utf-8', 'cache-control': 'no-cache'})
DEBUG    2022-05-28 23:30:34 selenium.webdriver.remote.remote_connection::remote_connection.py:_request:412: Finished Request
DEBUG    2022-05-28 23:30:34 selenium.webdriver.remote.remote_connection::remote_connection.py:_request:361: POST http://localhost:10919/session/1e99bdcd35203f66eff4d2e341e1a0c0/execute/sync {"script": "window.scrollTo(121264, 124804)", "args": []}
DEBUG    2022-05-28 23:30:34 urllib3.connectionpool::connectionpool.py:_make_request:456: http://localhost:10919 "POST /session/1e99bdcd35203f66eff4d2e341e1a0c0/execute/sync HTTP/1.1" 200 14
DEBUG    2022-05-28 23:30:34 selenium.webdriver.remote.remote_connection::remote_connection.py:_request:383: Remote response: status=200 | data={"value":null} | headers=HTTPHeaderDict({'Content-Length': '14', 'Content-Type': 'application/json; charset=utf-8', 'cache-control': 'no-cache'})
DEBUG    2022-05-28 23:30:34 selenium.webdriver.remote.remote_connection::remote_connection.py:_request:412: Finished Request
DEBUG    2022-05-28 23:30:35 selenium.webdriver.remote.remote_connection::remote_connection.py:_request:361: POST http://localhost:10919/session/1e99bdcd35203f66eff4d2e341e1a0c0/execute/sync {"script": "return document.body.scrollHeight", "args": []}
DEBUG    2022-05-28 23:30:35 urllib3.connectionpool::connectionpool.py:_make_request:456: http://localhost:10919 "POST /session/1e99bdcd35203f66eff4d2e341e1a0c0/execute/sync HTTP/1.1" 200 16
DEBUG    2022-05-28 23:30:35 selenium.webdriver.remote.remote_connection::remote_connection.py:_request:383: Remote response: status=200 | data={"value":128344} | headers=HTTPHeaderDict({'Content-Length': '16', 'Content-Type': 'application/json; charset=utf-8', 'cache-control': 'no-cache'})
DEBUG    2022-05-28 23:30:35 selenium.webdriver.remote.remote_connection::remote_connection.py:_request:412: Finished Request
DEBUG    2022-05-28 23:30:35 selenium.webdriver.remote.remote_connection::remote_connection.py:_request:361: POST http://localhost:10919/session/1e99bdcd35203f66eff4d2e341e1a0c0/execute/sync {"script": "window.scrollTo(124804, 128344)", "args": []}
DEBUG    2022-05-28 23:30:35 urllib3.connectionpool::connectionpool.py:_make_request:456: http://localhost:10919 "POST /session/1e99bdcd35203f66eff4d2e341e1a0c0/execute/sync HTTP/1.1" 200 14
DEBUG    2022-05-28 23:30:35 selenium.webdriver.remote.remote_connection::remote_connection.py:_request:383: Remote response: status=200 | data={"value":null} | headers=HTTPHeaderDict({'Content-Length': '14', 'Content-Type': 'application/json; charset=utf-8', 'cache-control': 'no-cache'})
DEBUG    2022-05-28 23:30:35 selenium.webdriver.remote.remote_connection::remote_connection.py:_request:412: Finished Request
DEBUG    2022-05-28 23:30:36 selenium.webdriver.remote.remote_connection::remote_connection.py:_request:361: POST http://localhost:10919/session/1e99bdcd35203f66eff4d2e341e1a0c0/execute/sync {"script": "return document.body.scrollHeight", "args": []}
DEBUG    2022-05-28 23:30:36 urllib3.connectionpool::connectionpool.py:_make_request:456: http://localhost:10919 "POST /session/1e99bdcd35203f66eff4d2e341e1a0c0/execute/sync HTTP/1.1" 200 16
DEBUG    2022-05-28 23:30:36 selenium.webdriver.remote.remote_connection::remote_connection.py:_request:383: Remote response: status=200 | data={"value":131884} | headers=HTTPHeaderDict({'Content-Length': '16', 'Content-Type': 'application/json; charset=utf-8', 'cache-control': 'no-cache'})
DEBUG    2022-05-28 23:30:36 selenium.webdriver.remote.remote_connection::remote_connection.py:_request:412: Finished Request
DEBUG    2022-05-28 23:30:36 selenium.webdriver.remote.remote_connection::remote_connection.py:_request:361: POST http://localhost:10919/session/1e99bdcd35203f66eff4d2e341e1a0c0/execute/sync {"script": "window.scrollTo(128344, 131884)", "args": []}
DEBUG    2022-05-28 23:30:36 urllib3.connectionpool::connectionpool.py:_make_request:456: http://localhost:10919 "POST /session/1e99bdcd35203f66eff4d2e341e1a0c0/execute/sync HTTP/1.1" 200 14
DEBUG    2022-05-28 23:30:36 selenium.webdriver.remote.remote_connection::remote_connection.py:_request:383: Remote response: status=200 | data={"value":null} | headers=HTTPHeaderDict({'Content-Length': '14', 'Content-Type': 'application/json; charset=utf-8', 'cache-control': 'no-cache'})
DEBUG    2022-05-28 23:30:36 selenium.webdriver.remote.remote_connection::remote_connection.py:_request:412: Finished Request
DEBUG    2022-05-28 23:30:37 selenium.webdriver.remote.remote_connection::remote_connection.py:_request:361: POST http://localhost:10919/session/1e99bdcd35203f66eff4d2e341e1a0c0/execute/sync {"script": "return document.body.scrollHeight", "args": []}
DEBUG    2022-05-28 23:30:37 urllib3.connectionpool::connectionpool.py:_make_request:456: http://localhost:10919 "POST /session/1e99bdcd35203f66eff4d2e341e1a0c0/execute/sync HTTP/1.1" 200 16
DEBUG    2022-05-28 23:30:37 selenium.webdriver.remote.remote_connection::remote_connection.py:_request:383: Remote response: status=200 | data={"value":135424} | headers=HTTPHeaderDict({'Content-Length': '16', 'Content-Type': 'application/json; charset=utf-8', 'cache-control': 'no-cache'})
DEBUG    2022-05-28 23:30:37 selenium.webdriver.remote.remote_connection::remote_connection.py:_request:412: Finished Request
DEBUG    2022-05-28 23:30:37 selenium.webdriver.remote.remote_connection::remote_connection.py:_request:361: POST http://localhost:10919/session/1e99bdcd35203f66eff4d2e341e1a0c0/execute/sync {"script": "window.scrollTo(131884, 135424)", "args": []}
DEBUG    2022-05-28 23:30:37 urllib3.connectionpool::connectionpool.py:_make_request:456: http://localhost:10919 "POST /session/1e99bdcd35203f66eff4d2e341e1a0c0/execute/sync HTTP/1.1" 200 14
DEBUG    2022-05-28 23:30:37 selenium.webdriver.remote.remote_connection::remote_connection.py:_request:383: Remote response: status=200 | data={"value":null} | headers=HTTPHeaderDict({'Content-Length': '14', 'Content-Type': 'application/json; charset=utf-8', 'cache-control': 'no-cache'})
DEBUG    2022-05-28 23:30:37 selenium.webdriver.remote.remote_connection::remote_connection.py:_request:412: Finished Request
DEBUG    2022-05-28 23:30:38 selenium.webdriver.remote.remote_connection::remote_connection.py:_request:361: POST http://localhost:10919/session/1e99bdcd35203f66eff4d2e341e1a0c0/execute/sync {"script": "return document.body.scrollHeight", "args": []}
DEBUG    2022-05-28 23:30:38 urllib3.connectionpool::connectionpool.py:_make_request:456: http://localhost:10919 "POST /session/1e99bdcd35203f66eff4d2e341e1a0c0/execute/sync HTTP/1.1" 200 16
DEBUG    2022-05-28 23:30:38 selenium.webdriver.remote.remote_connection::remote_connection.py:_request:383: Remote response: status=200 | data={"value":136250} | headers=HTTPHeaderDict({'Content-Length': '16', 'Content-Type': 'application/json; charset=utf-8', 'cache-control': 'no-cache'})
DEBUG    2022-05-28 23:30:38 selenium.webdriver.remote.remote_connection::remote_connection.py:_request:412: Finished Request
DEBUG    2022-05-28 23:30:38 selenium.webdriver.remote.remote_connection::remote_connection.py:_request:361: POST http://localhost:10919/session/1e99bdcd35203f66eff4d2e341e1a0c0/execute/sync {"script": "window.scrollTo(135424, 136250)", "args": []}
DEBUG    2022-05-28 23:30:38 urllib3.connectionpool::connectionpool.py:_make_request:456: http://localhost:10919 "POST /session/1e99bdcd35203f66eff4d2e341e1a0c0/execute/sync HTTP/1.1" 200 14
DEBUG    2022-05-28 23:30:38 selenium.webdriver.remote.remote_connection::remote_connection.py:_request:383: Remote response: status=200 | data={"value":null} | headers=HTTPHeaderDict({'Content-Length': '14', 'Content-Type': 'application/json; charset=utf-8', 'cache-control': 'no-cache'})
DEBUG    2022-05-28 23:30:38 selenium.webdriver.remote.remote_connection::remote_connection.py:_request:412: Finished Request
DEBUG    2022-05-28 23:30:39 selenium.webdriver.remote.remote_connection::remote_connection.py:_request:361: POST http://localhost:10919/session/1e99bdcd35203f66eff4d2e341e1a0c0/execute/sync {"script": "return document.body.scrollHeight", "args": []}
DEBUG    2022-05-28 23:30:39 urllib3.connectionpool::connectionpool.py:_make_request:456: http://localhost:10919 "POST /session/1e99bdcd35203f66eff4d2e341e1a0c0/execute/sync HTTP/1.1" 200 16
DEBUG    2022-05-28 23:30:39 selenium.webdriver.remote.remote_connection::remote_connection.py:_request:383: Remote response: status=200 | data={"value":136250} | headers=HTTPHeaderDict({'Content-Length': '16', 'Content-Type': 'application/json; charset=utf-8', 'cache-control': 'no-cache'})
DEBUG    2022-05-28 23:30:39 selenium.webdriver.remote.remote_connection::remote_connection.py:_request:412: Finished Request
DEBUG    2022-05-28 23:30:39 selenium.webdriver.remote.remote_connection::remote_connection.py:_request:361: POST http://localhost:10919/session/1e99bdcd35203f66eff4d2e341e1a0c0/elements {"using": "xpath", "value": "//span[@class='review_num ng-binding' and @ng-show='restaurant.owner_reply_count > 0']"}
DEBUG    2022-05-28 23:30:39 urllib3.connectionpool::connectionpool.py:_make_request:456: http://localhost:10919 "POST /session/1e99bdcd35203f66eff4d2e341e1a0c0/elements HTTP/1.1" 200 92836
DEBUG    2022-05-28 23:30:39 selenium.webdriver.remote.remote_connection::remote_connection.py:_request:383: Remote response: status=200 | data={"value":[{"element-6066-11e4-a52e-4f735466cecf":"23fc9d01-5075-4ac4-904e-1d272784ead0"},{"element-6066-11e4-a52e-4f735466cecf":"c2269aa2-a32e-4c11-b9ce-3450faa85fbb"},{"element-6066-11e4-a52e-4f735466cecf":"8cdae44c-280a-4348-adc7-534b5ed80c26"},{"element-6066-11e4-a52e-4f735466cecf":"6bcbd8df-12b8-4242-87d6-95fc01f45684"},{"element-6066-11e4-a52e-4f735466cecf":"778eeede-5075-4d09-bdb3-bfb8bad16954"},{"element-6066-11e4-a52e-4f735466cecf":"75102980-0e16-4e5a-89a2-eb1f3d13573b"},{"element-6066-11e4-a52e-4f735466cecf":"67e35678-322d-49a7-b8f5-bac3e2dd6fb5"},{"element-6066-11e4-a52e-4f735466cecf":"b1a301fe-617d-4ae1-bcff-0ddc17750da5"},{"element-6066-11e4-a52e-4f735466cecf":"7094c95b-9191-4498-b8fd-f3572ef7ce8a"},{"element-6066-11e4-a52e-4f735466cecf":"9e1596af-b50f-4bb5-96cc-ab20507f2202"},{"element-6066-11e4-a52e-4f735466cecf":"05303f28-c356-4aed-885f-0706d4933683"},{"element-6066-11e4-a52e-4f735466cecf":"b36ac5ba-759a-4684-955a-59005e7bbc07"},{"element-6066-11e4-a52e-4f735466cecf":"dcb4ff04-7018-4b4d-a39d-16fc4314962b"},{"element-6066-11e4-a52e-4f735466cecf":"18a43dd6-ce19-4160-84e7-4095b353d039"},{"element-6066-11e4-a52e-4f735466cecf":"70f8ed6b-8cd8-4d07-8902-b1154ea75e67"},{"element-6066-11e4-a52e-4f735466cecf":"19d47882-a306-4929-bc73-d44a64ec706b"},{"element-6066-11e4-a52e-4f735466cecf":"22e35d99-0ae3-4b36-8910-29ef42b92895"},{"element-6066-11e4-a52e-4f735466cecf":"ee4a3fce-b824-4c5d-bc0c-fb7bf1af9294"},{"element-6066-11e4-a52e-4f735466cecf":"80819bf8-7420-4401-8afa-351a56756a45"},{"element-6066-11e4-a52e-4f735466cecf":"383e7f39-5e65-4381-8720-9139ae051cb6"},{"element-6066-11e4-a52e-4f735466cecf":"c61689c4-17cd-4454-b195-9389718f2c5e"},{"element-6066-11e4-a52e-4f735466cecf":"61abf00f-3f00-4d5a-9917-b5e8834933f7"},{"element-6066-11e4-a52e-4f735466cecf":"f839bccb-de3a-41b4-8188-00f5ab6e9b15"},{"element-6066-11e4-a52e-4f735466cecf":"c3128fb0-a9f6-4efe-ba30-cc0a7de7be1e"},{"element-6066-11e4-a52e-4f735466cecf":"d06bcc32-e995-4162-b37c-8c7cdf6e287d"},{"element-6066-11e4-a52e-4f735466cecf":"72795260-bdca-4c6b-a13a-4f02e3ba1de2"},{"element-6066-11e4-a52e-4f735466cecf":"ba480d55-0be7-4919-998c-b88353af0212"},{"element-6066-11e4-a52e-4f735466cecf":"3e947ec9-93fb-4d7c-9cfd-060ef1e1f5a0"},{"element-6066-11e4-a52e-4f735466cecf":"9eeec995-7e9c-42f3-ad4f-dd807238c7e6"},{"element-6066-11e4-a52e-4f735466cecf":"785b578b-af0b-4cae-9e64-d5c9d0118e55"},{"element-6066-11e4-a52e-4f735466cecf":"7bfbc945-fd50-497d-b71d-27f7bf3d7a35"},{"element-6066-11e4-a52e-4f735466cecf":"3b6f03bf-a827-404a-ad4c-706cfa3cbe88"},{"element-6066-11e4-a52e-4f735466cecf":"dbd99c77-1024-43e9-ab5e-99045aca6b94"},{"element-6066-11e4-a52e-4f735466cecf":"4f25f3f8-4917-42fd-a6be-6ba73f3ae7f9"},{"element-6066-11e4-a52e-4f735466cecf":"bce555c7-ef20-4c95-935f-e59bb17f8db5"},{"element-6066-11e4-a52e-4f735466cecf":"b283c617-1831-4eb1-b1c9-9a6a39383684"},{"element-6066-11e4-a52e-4f735466cecf":"30e23606-7cad-4b7c-858f-3839bd64dec6"},{"element-6066-11e4-a52e-4f735466cecf":"a2c79e85-2f9a-4cf3-a40d-eba9bdd71f3e"},{"element-6066-11e4-a52e-4f735466cecf":"b49a0087-5990-4f13-a0f7-f44f77284802"},{"element-6066-11e4-a52e-4f735466cecf":"dda93aa4-a218-49da-988b-b8f8d19d5039"},{"element-6066-11e4-a52e-4f735466cecf":"ee7bc514-7677-47de-b50a-8953bf54e59d"},{"element-6066-11e4-a52e-4f735466cecf":"c996b359-809a-4af5-884d-4f06e3a511f1"},{"element-6066-11e4-a52e-4f735466cecf":"28e87100-b018-430c-9b89-8e1bf74fc0e4"},{"element-6066-11e4-a52e-4f735466cecf":"6c80b507-c29c-49a1-a600-3a852f5af35c"},{"element-6066-11e4-a52e-4f735466cecf":"83845f25-c38d-4ca6-b96a-59c83f883e67"},{"element-6066-11e4-a52e-4f735466cecf":"6b894d93-045f-4c3e-8e3f-598e990f4101"},{"element-6066-11e4-a52e-4f735466cecf":"08719adb-c8e2-4ba8-8c95-28b1c9475dfb"},{"element-6066-11e4-a52e-4f735466cecf":"c04eb6d0-0a07-480b-974e-edd772d2951a"},{"element-6066-11e4-a52e-4f735466cecf":"4b815979-1db9-4d59-a037-bfc22ae85346"},{"element-6066-11e4-a52e-4f735466cecf":"692ceb3e-a514-4f2a-91f1-e0b22d4e912c"},{"element-6066-11e4-a52e-4f735466cecf":"f179397a-1092-45f5-b405-ca2a93731769"},{"element-6066-11e4-a52e-4f735466cecf":"c26ac0a2-a7fa-4907-a47f-e0ddf151bc95"},{"element-6066-11e4-a52e-4f735466cecf":"0eb9a4c5-8212-42d5-ac04-49be47bb3d2e"},{"element-6066-11e4-a52e-4f735466cecf":"9cd84567-3565-4268-9a3f-f163731ea8a8"},{"element-6066-11e4-a52e-4f735466cecf":"0cd96622-b1fe-4e8f-8518-915d6783049e"},{"element-6066-11e4-a52e-4f735466cecf":"66168298-37e0-49e9-acc8-dd685721010d"},{"element-6066-11e4-a52e-4f735466cecf":"30b48957-a5bc-43b6-8b39-11bb113f1c64"},{"element-6066-11e4-a52e-4f735466cecf":"ac723e13-beca-4c36-ac34-aa6041421622"},{"element-6066-11e4-a52e-4f735466cecf":"5d3f283a-832c-4284-988d-0fca4d54a961"},{"element-6066-11e4-a52e-4f735466cecf":"02dcf85b-8c51-46cc-9edd-4abfa8e7d662"},{"element-6066-11e4-a52e-4f735466cecf":"647cc3ea-20c1-4b2a-971e-4a33e6662f83"},{"element-6066-11e4-a52e-4f735466cecf":"660ce24d-73da-4c38-9091-ac7e17aee8ca"},{"element-6066-11e4-a52e-4f735466cecf":"c87fd8e8-774e-4cc2-8411-d349d520454e"},{"element-6066-11e4-a52e-4f735466cecf":"5f2b7753-bd9e-4e39-b27e-3bdf807b5822"},{"element-6066-11e4-a52e-4f735466cecf":"b34a2b89-174b-4d28-a4a5-e3ed1f2e63cf"},{"element-6066-11e4-a52e-4f735466cecf":"cc40364f-9943-4d37-93cc-c28e66296034"},{"element-6066-11e4-a52e-4f735466cecf":"8fe45d9a-bdf7-4244-9e78-d4bc239817d3"},{"element-6066-11e4-a52e-4f735466cecf":"113e883c-6da7-48cb-9cd8-55d2a5b47076"},{"element-6066-11e4-a52e-4f735466cecf":"714cd53f-8e31-4031-a1b5-91b9d7c401b0"},{"element-6066-11e4-a52e-4f735466cecf":"84a962be-0e79-4273-920c-36836c0e104f"},{"element-6066-11e4-a52e-4f735466cecf":"911cadc4-f380-4bf5-a84a-23198be081a8"},{"element-6066-11e4-a52e-4f735466cecf":"ac25bc5b-a85e-47ba-9124-a49cc0498210"},{"element-6066-11e4-a52e-4f735466cecf":"ee6eb460-9303-47e4-a671-13261af3c654"},{"element-6066-11e4-a52e-4f735466cecf":"00437ee0-e183-4b2a-8e9a-7af7f6445774"},{"element-6066-11e4-a52e-4f735466cecf":"e4fce3eb-e601-4bf5-a65d-57960061f893"},{"element-6066-11e4-a52e-4f735466cecf":"0f26dd4e-7802-46b6-9046-c69b5f43063b"},{"element-6066-11e4-a52e-4f735466cecf":"7efb648b-97b6-4f99-819e-c6ac8ceb7e0d"},{"element-6066-11e4-a52e-4f735466cecf":"089338a1-fec4-4963-affe-7f5a5bfd670a"},{"element-6066-11e4-a52e-4f735466cecf":"6ff80efb-bb2a-45d9-bc25-c2923685c305"},{"element-6066-11e4-a52e-4f735466cecf":"0c2ca73e-d7f4-4580-8907-cfb73c406639"},{"element-6066-11e4-a52e-4f735466cecf":"c347b9d7-ca37-4ca7-aab7-9e67467ae646"},{"element-6066-11e4-a52e-4f735466cecf":"de7df4ed-a9c6-4c6a-a781-66019c16b340"},{"element-6066-11e4-a52e-4f735466cecf":"2d8668ef-a87d-4a61-adce-a9db1e03ccf4"},{"element-6066-11e4-a52e-4f735466cecf":"f7f78314-ee7e-4a41-921b-f06c782bc83a"},{"element-6066-11e4-a52e-4f735466cecf":"5af60406-180d-4802-9eab-13bd5d6b13f3"},{"element-6066-11e4-a52e-4f735466cecf":"1808be54-20b3-4c35-b5f7-0357b2b8ffd1"},{"element-6066-11e4-a52e-4f735466cecf":"33f451c0-e599-4ff0-9fcc-5f3e375955a3"},{"element-6066-11e4-a52e-4f735466cecf":"38877260-bcf5-469d-ae38-b95c0f32e792"},{"element-6066-11e4-a52e-4f735466cecf":"730696d0-8c9f-45dd-81f8-e20a29ae2dbb"},{"element-6066-11e4-a52e-4f735466cecf":"cfb100c4-bdee-4a57-8ebc-070b3d40071b"},{"element-6066-11e4-a52e-4f735466cecf":"d8f02af6-4eb8-432f-b94d-56a2cf297dcf"},{"element-6066-11e4-a52e-4f735466cecf":"073add21-a093-4d89-88ab-dfdc513838d7"},{"element-6066-11e4-a52e-4f735466cecf":"7d3f606e-b41e-484d-91b2-d63f3ac46589"},{"element-6066-11e4-a52e-4f735466cecf":"c3fb9780-dfa5-4ed8-aaad-32e203a69ae7"},{"element-6066-11e4-a52e-4f735466cecf":"c1c372e1-d72a-46c6-b495-bfd365cf50bc"},{"element-6066-11e4-a52e-4f735466cecf":"f0a6e15a-8009-4f3a-872e-f7f3da2a334f"},{"element-6066-11e4-a52e-4f735466cecf":"143e3e21-fa2f-4362-85a8-d0c6f3464bdc"},{"element-6066-11e4-a52e-4f735466cecf":"b189a68f-5b41-4889-9c39-4ee696078a83"},{"element-6066-11e4-a52e-4f735466cecf":"2276a40b-5da5-4eb2-8272-f5864e789a95"},{"element-6066-11e4-a52e-4f735466cecf":"86cc05df-b407-4965-901f-ba92e9a26804"},{"element-6066-11e4-a52e-4f735466cecf":"6c60d03f-e5ac-46d5-b0ae-a527ba4da4ab"},{"element-6066-11e4-a52e-4f735466cecf":"8004f11f-c055-4b17-8146-1d3220017d0b"},{"element-6066-11e4-a52e-4f735466cecf":"b9f673be-3f96-4cdb-be4a-5c782190e486"},{"element-6066-11e4-a52e-4f735466cecf":"484d56d9-8b49-49b0-9fa2-24295227546c"},{"element-6066-11e4-a52e-4f735466cecf":"2ff150a4-1500-4139-8112-284319169f00"},{"element-6066-11e4-a52e-4f735466cecf":"2d7aee4b-0fa2-4d2a-a573-a4b0a58b57d3"},{"element-6066-11e4-a52e-4f735466cecf":"6dcbd20e-b9a1-4c1e-a35a-8c627cb7f271"},{"element-6066-11e4-a52e-4f735466cecf":"0fecf81d-38d3-46e1-a977-0cada25eef70"},{"element-6066-11e4-a52e-4f735466cecf":"d087dffb-b49d-445c-9c9e-99ad36f85f2c"},{"element-6066-11e4-a52e-4f735466cecf":"00bf48e7-150c-4c8b-9eb0-9cf20486359d"},{"element-6066-11e4-a52e-4f735466cecf":"0a7f5400-ca57-45db-b1cb-6928d1af71b5"},{"element-6066-11e4-a52e-4f735466cecf":"996129d8-6ca4-44ed-ab84-b819f3a48b4a"},{"element-6066-11e4-a52e-4f735466cecf":"8472cf75-e057-47d8-b60d-ea42670f61ec"},{"element-6066-11e4-a52e-4f735466cecf":"adbc9097-95d6-4fa3-8bde-8e6c625434aa"},{"element-6066-11e4-a52e-4f735466cecf":"88e4e6ec-d813-42fc-a43a-036b1ef9fcb4"},{"element-6066-11e4-a52e-4f735466cecf":"c21325ed-3b86-4911-8530-43f13e934ff7"},{"element-6066-11e4-a52e-4f735466cecf":"6d7997ca-257f-4df4-a875-7737a364ff96"},{"element-6066-11e4-a52e-4f735466cecf":"df45b1ec-e258-4c04-b5b9-c34f54a67bb0"},{"element-6066-11e4-a52e-4f735466cecf":"ac325641-496e-49dd-9915-0d114dd7b328"},{"element-6066-11e4-a52e-4f735466cecf":"3db5275a-31ee-4692-a5d2-42e38c34796b"},{"element-6066-11e4-a52e-4f735466cecf":"342b5a00-a6ae-42f6-bdb1-a277ffd11dfe"},{"element-6066-11e4-a52e-4f735466cecf":"1d700d7c-ed36-4230-bde0-86523a055fc0"},{"element-6066-11e4-a52e-4f735466cecf":"2a24c67d-7622-479c-acc5-9028bb066e73"},{"element-6066-11e4-a52e-4f735466cecf":"0b5ef271-0d85-4424-a751-70d44a5255e2"},{"element-6066-11e4-a52e-4f735466cecf":"4217d14e-49f9-41ca-b2d0-1edfe9b64eac"},{"element-6066-11e4-a52e-4f735466cecf":"2795c52e-fb13-4b7f-8561-efe145b87307"},{"element-6066-11e4-a52e-4f735466cecf":"54b65f6c-f764-47b0-bab3-2f8e687a8551"},{"element-6066-11e4-a52e-4f735466cecf":"e26d24b0-d27d-44ee-ad61-9c0ae6a6f665"},{"element-6066-11e4-a52e-4f735466cecf":"fb576e44-08e5-4dda-9c34-b13faf8f046a"},{"element-6066-11e4-a52e-4f735466cecf":"12c520e1-d4d4-47a0-a062-021b43f86197"},{"element-6066-11e4-a52e-4f735466cecf":"d4c4c2f4-6c56-48e9-a115-8cddaafe1fc9"},{"element-6066-11e4-a52e-4f735466cecf":"bce45b84-acb5-44aa-920f-07107d480cf4"},{"element-6066-11e4-a52e-4f735466cecf":"40228625-8685-49bc-be81-25f6ce2be2c1"},{"element-6066-11e4-a52e-4f735466cecf":"354ab94c-2005-4da0-8574-eb0fe77f40bc"},{"element-6066-11e4-a52e-4f735466cecf":"b2cf7be7-d3f2-4afe-92b9-d8bab5df5d84"},{"element-6066-11e4-a52e-4f735466cecf":"e2ace599-5a56-4493-ae52-f5a52755d76c"},{"element-6066-11e4-a52e-4f735466cecf":"0abc750d-63fb-4910-a916-71649ef779c5"},{"element-6066-11e4-a52e-4f735466cecf":"90ee2113-5a15-44f3-a3e9-b2f4841a018b"},{"element-6066-11e4-a52e-4f735466cecf":"f0f14759-e3e9-4fec-938d-1c3a703b39ed"},{"element-6066-11e4-a52e-4f735466cecf":"1df9de79-6b07-4acb-a6ef-2c6567d043ae"},{"element-6066-11e4-a52e-4f735466cecf":"00b52725-42db-424d-bb30-eeb39b4d66dc"},{"element-6066-11e4-a52e-4f735466cecf":"23dc72c8-6895-4ba7-acc0-e416dea8c5e0"},{"element-6066-11e4-a52e-4f735466cecf":"e11390a0-10f3-4b3a-9608-c0b47bcb8508"},{"element-6066-11e4-a52e-4f735466cecf":"fe9bfa51-e3bd-4087-be4c-004397723563"},{"element-6066-11e4-a52e-4f735466cecf":"a45f2512-5db1-4e21-a7f9-1c73cd8612fb"},{"element-6066-11e4-a52e-4f735466cecf":"19913899-544b-4f87-b33f-7655b926eeb6"},{"element-6066-11e4-a52e-4f735466cecf":"8c59d2bd-edd0-42de-828c-d11aaa3937d1"},{"element-6066-11e4-a52e-4f735466cecf":"cdf0134e-da4c-4f71-8f38-575d8ac61242"},{"element-6066-11e4-a52e-4f735466cecf":"3563c7ec-b494-4d13-92da-ce7a98b234e2"},{"element-6066-11e4-a52e-4f735466cecf":"7011d8d5-a2a3-488c-9184-579eddb32016"},{"element-6066-11e4-a52e-4f735466cecf":"d3091685-6b79-4501-8569-bf83f0d02b37"},{"element-6066-11e4-a52e-4f735466cecf":"5dedcf3a-65a4-4c7a-ba04-ce8779f97cbf"},{"element-6066-11e4-a52e-4f735466cecf":"11d54bee-21b7-4fcf-bb56-42e5e32c1033"},{"element-6066-11e4-a52e-4f735466cecf":"b46f7783-9349-4cc7-b197-123339464877"},{"element-6066-11e4-a52e-4f735466cecf":"76af3372-f5fb-4dfa-8450-0a1c51e03e37"},{"element-6066-11e4-a52e-4f735466cecf":"1098a0d6-bd53-46c4-93a6-50577ce962fa"},{"element-6066-11e4-a52e-4f735466cecf":"4f3ec8ec-6f2b-49eb-9628-eef036ef5269"},{"element-6066-11e4-a52e-4f735466cecf":"80b75c05-1cca-4b12-8134-505ceb08a4f7"},{"element-6066-11e4-a52e-4f735466cecf":"65af5d03-490e-4f1d-8105-45ab1b7f5c7a"},{"element-6066-11e4-a52e-4f735466cecf":"c488097a-b42a-4c36-869b-8a80f3d760b1"},{"element-6066-11e4-a52e-4f735466cecf":"a673dc23-a119-41a6-a8eb-2a915716bec2"},{"element-6066-11e4-a52e-4f735466cecf":"46a24952-162d-403a-8a0d-062fd5ec069e"},{"element-6066-11e4-a52e-4f735466cecf":"5eabb5dc-6253-4508-be66-a8871a154afe"},{"element-6066-11e4-a52e-4f735466cecf":"3d7677e9-4563-43af-b0ad-2b78d1d3eaf0"},{"element-6066-11e4-a52e-4f735466cecf":"5ef83e3c-f2d1-4f71-a3c3-6ef563283919"},{"element-6066-11e4-a52e-4f735466cecf":"38cd89d7-3135-447e-8591-e12cf351635d"},{"element-6066-11e4-a52e-4f735466cecf":"aa12f835-e80d-4d78-b34b-35155cb47e55"},{"element-6066-11e4-a52e-4f735466cecf":"aabeaf93-243f-43ce-9109-a48cb69cde06"},{"element-6066-11e4-a52e-4f735466cecf":"18c2f5d4-c99f-4b04-9215-ad253132f37b"},{"element-6066-11e4-a52e-4f735466cecf":"631a74d4-a2c7-4952-ab95-38c59b20010f"},{"element-6066-11e4-a52e-4f735466cecf":"4a1e1b08-3e47-4b52-aa12-733b3a7f7d1b"},{"element-6066-11e4-a52e-4f735466cecf":"a06f95be-3353-48ce-83b1-87e696ef9d54"},{"element-6066-11e4-a52e-4f735466cecf":"87498842-e2e7-40ec-9152-8fab29d00c8d"},{"element-6066-11e4-a52e-4f735466cecf":"e3e28158-f3b4-4f09-ab66-0ba019835ad1"},{"element-6066-11e4-a52e-4f735466cecf":"ecc72cf4-aeac-4e87-b044-7f9395f94c77"},{"element-6066-11e4-a52e-4f735466cecf":"56f49398-8f5a-479a-9fd5-16714468cf49"},{"element-6066-11e4-a52e-4f735466cecf":"fe1fc005-ef6f-4b2f-b8f8-b99275831c71"},{"element-6066-11e4-a52e-4f735466cecf":"58c1f8ea-8327-451b-a153-cefc200a94d3"},{"element-6066-11e4-a52e-4f735466cecf":"7e472adf-e1b0-447e-888c-7dd7441fcba8"},{"element-6066-11e4-a52e-4f735466cecf":"3e4c267c-92cb-4de2-9fa1-ec53f07b3c7d"},{"element-6066-11e4-a52e-4f735466cecf":"4a50cc6e-aac9-4b95-b12e-0c14ac154951"},{"element-6066-11e4-a52e-4f735466cecf":"4bef1259-558d-4b4f-a944-d65738bb6e08"},{"element-6066-11e4-a52e-4f735466cecf":"cd1bbaba-0169-49bb-8b51-72b30109401f"},{"element-6066-11e4-a52e-4f735466cecf":"9f775fb7-d57a-4051-89f0-d0cbd1c3a5f5"},{"element-6066-11e4-a52e-4f735466cecf":"51bb58df-d709-4c89-ae8e-9d11ef9aa50a"},{"element-6066-11e4-a52e-4f735466cecf":"2b1444b9-53a4-4cbd-9104-413ed3d8ad59"},{"element-6066-11e4-a52e-4f735466cecf":"654ec702-cafa-4e35-8515-2391d23543ec"},{"element-6066-11e4-a52e-4f735466cecf":"8a37d486-f414-45ec-9fd6-9a7e09c28925"},{"element-6066-11e4-a52e-4f735466cecf":"f9bc9d7e-8082-4f4d-9696-ba1ae6bdd962"},{"element-6066-11e4-a52e-4f735466cecf":"50fc1634-342b-4dbe-88b5-ac651e6aab5c"},{"element-6066-11e4-a52e-4f735466cecf":"e8b99055-c99d-4b93-a590-ed17a870324d"},{"element-6066-11e4-a52e-4f735466cecf":"4df11393-5a1b-49e1-8061-d4e2319c5baf"},{"element-6066-11e4-a52e-4f735466cecf":"9a23169f-703a-4e97-8b36-989d37dc5f29"},{"element-6066-11e4-a52e-4f735466cecf":"91b20e35-6bef-48e2-ab20-fd44670e7c54"},{"element-6066-11e4-a52e-4f735466cecf":"d2915218-f502-4ccc-aa75-b124bed1916d"},{"element-6066-11e4-a52e-4f735466cecf":"bd4a8b22-235c-4f7b-8591-ee0495941608"},{"element-6066-11e4-a52e-4f735466cecf":"4ea618ae-b0bd-41c9-98e8-118e97aa30c3"},{"element-6066-11e4-a52e-4f735466cecf":"c36e4327-f1d4-46f0-ae10-7696fa30574c"},{"element-6066-11e4-a52e-4f735466cecf":"ac6268b8-b343-49e1-adf5-9110af816c19"},{"element-6066-11e4-a52e-4f735466cecf":"ab849cb3-4f6c-4007-93e8-5d0848a0d22f"},{"element-6066-11e4-a52e-4f735466cecf":"d0d8faf9-e4b3-45f7-a1bf-85b67629e905"},{"element-6066-11e4-a52e-4f735466cecf":"6144578e-1c02-4930-a6c4-bb31159ffcd5"},{"element-6066-11e4-a52e-4f735466cecf":"21c850db-ab4e-4781-ab87-a30ec9e65edb"},{"element-6066-11e4-a52e-4f735466cecf":"47be29f9-29ce-45e1-880e-124bbe626ed0"},{"element-6066-11e4-a52e-4f735466cecf":"76b95fb4-596f-41dd-a07f-34c814d7540e"},{"element-6066-11e4-a52e-4f735466cecf":"2b69a4d2-8185-4ac5-a95d-019e670f5106"},{"element-6066-11e4-a52e-4f735466cecf":"f12b0bcb-2246-44fb-8fc0-67cf6ec1ff99"},{"element-6066-11e4-a52e-4f735466cecf":"e68525ee-ef31-449e-bc3f-e146e6e64db4"},{"element-6066-11e4-a52e-4f735466cecf":"b1e1636e-317c-4977-9b41-68faa13fc621"},{"element-6066-11e4-a52e-4f735466cecf":"ed624cd1-0e40-4987-94af-2ee707c361d7"},{"element-6066-11e4-a52e-4f735466cecf":"dd07b248-9742-4036-b673-88bd72d17ff8"},{"element-6066-11e4-a52e-4f735466cecf":"f5aec5ab-d2f3-45e5-9c91-684a7ff345a4"},{"element-6066-11e4-a52e-4f735466cecf":"73d13ce5-c0ec-4bbd-ae27-f1779153500b"},{"element-6066-11e4-a52e-4f735466cecf":"031f70df-7d8f-4baf-9b87-5291be579fe6"},{"element-6066-11e4-a52e-4f735466cecf":"b3c0bc65-5e01-44e8-aade-2056c29f2467"},{"element-6066-11e4-a52e-4f735466cecf":"27c040b4-e8e8-4ec2-9b40-a364404c2d38"},{"element-6066-11e4-a52e-4f735466cecf":"04d8059f-9057-4fef-aa1f-4a43ad5af9cd"},{"element-6066-11e4-a52e-4f735466cecf":"1184f3d7-f906-46a6-a526-891fcbdf75ad"},{"element-6066-11e4-a52e-4f735466cecf":"df812b9f-4e5f-4362-9378-6211d9bcf41c"},{"element-6066-11e4-a52e-4f735466cecf":"6838c5d7-ebaf-4158-99ad-6010bdc89f5c"},{"element-6066-11e4-a52e-4f735466cecf":"28eae06d-1460-460d-99f9-6c4f50b9195e"},{"element-6066-11e4-a52e-4f735466cecf":"5929c14d-2d65-45d2-b35d-09a6edb0edad"},{"element-6066-11e4-a52e-4f735466cecf":"39a1d2e5-0cfa-4657-8b9c-999ebe90a3c9"},{"element-6066-11e4-a52e-4f735466cecf":"51ba71ff-2ab1-4491-a4e1-01cc257fdd96"},{"element-6066-11e4-a52e-4f735466cecf":"c6e0893a-4621-4ee3-8aa9-35017fef4b17"},{"element-6066-11e4-a52e-4f735466cecf":"c63bad49-801c-481e-b85c-2020063f5151"},{"element-6066-11e4-a52e-4f735466cecf":"a33bdf86-4287-42da-ae47-36f0e71b8881"},{"element-6066-11e4-a52e-4f735466cecf":"49b7f515-112c-49f6-9f2b-4b05afb193e7"},{"element-6066-11e4-a52e-4f735466cecf":"6101b763-78ca-4876-ac0a-c620f7d75ef0"},{"element-6066-11e4-a52e-4f735466cecf":"4beb684d-0e48-4bde-bada-4dbe27dd960c"},{"element-6066-11e4-a52e-4f735466cecf":"331711c6-ef7c-4ac4-a0a4-342df77f58e5"},{"element-6066-11e4-a52e-4f735466cecf":"be1a37b2-1a3a-416c-a709-591984c9218b"},{"element-6066-11e4-a52e-4f735466cecf":"ec0b7db8-6092-4feb-958e-a50a640340d3"},{"element-6066-11e4-a52e-4f735466cecf":"45e090ff-151d-4a73-ae7b-e0844c6ba61f"},{"element-6066-11e4-a52e-4f735466cecf":"94c739f6-9902-4062-b427-e921de81322b"},{"element-6066-11e4-a52e-4f735466cecf":"a1bfbbee-f1d7-43a8-8888-47761f66f8c8"},{"element-6066-11e4-a52e-4f735466cecf":"3e94db28-6497-4da3-a83d-8b84386b8014"},{"element-6066-11e4-a52e-4f735466cecf":"e8b258a5-f133-42a3-89dd-a0a2375f729a"},{"element-6066-11e4-a52e-4f735466cecf":"607484b2-8932-4316-99c6-8de0473e971a"},{"element-6066-11e4-a52e-4f735466cecf":"cd5a68c8-2781-4faf-ab88-2e0d1bd8fa74"},{"element-6066-11e4-a52e-4f735466cecf":"7b720ed6-252f-43ed-9cdb-253cadc1a3ab"},{"element-6066-11e4-a52e-4f735466cecf":"58382f1d-ff8b-4811-8715-839bae331e2b"},{"element-6066-11e4-a52e-4f735466cecf":"252fcbfe-105c-4db3-9238-18802162ef87"},{"element-6066-11e4-a52e-4f735466cecf":"9d70a705-5264-4145-b5ec-fc1f24348efe"},{"element-6066-11e4-a52e-4f735466cecf":"56e2b87e-c1f3-4841-991a-1abe11a845da"},{"element-6066-11e4-a52e-4f735466cecf":"5820d1fe-dc35-40f0-860f-c901d2602c1f"},{"element-6066-11e4-a52e-4f735466cecf":"500e95a4-3a2c-4bbb-9263-ec4affb4d5b3"},{"element-6066-11e4-a52e-4f735466cecf":"7116909d-4f95-4281-bc99-ef3d98ee8301"},{"element-6066-11e4-a52e-4f735466cecf":"4fce2a3c-c779-4f9b-99e3-1bdb5af2a003"},{"element-6066-11e4-a52e-4f735466cecf":"eb5d82f9-3750-4ab3-9eab-0be2de1f7b47"},{"element-6066-11e4-a52e-4f735466cecf":"45618657-5dbb-4ed1-95ff-1d816cdbc4e8"},{"element-6066-11e4-a52e-4f735466cecf":"4e8e4b5c-1142-43a3-91a8-4c4ee7b462b8"},{"element-6066-11e4-a52e-4f735466cecf":"160d32df-859c-488e-8377-8edb769abeb9"},{"element-6066-11e4-a52e-4f735466cecf":"b356cde5-9695-4daf-a356-136521ee9086"},{"element-6066-11e4-a52e-4f735466cecf":"07276d74-cf15-4e09-b928-e581489e0c76"},{"element-6066-11e4-a52e-4f735466cecf":"be4eec87-a8b9-4449-86c3-df28bfedb9c6"},{"element-6066-11e4-a52e-4f735466cecf":"4fa0c43a-a546-4a2b-a3f0-67dc4d44e233"},{"element-6066-11e4-a52e-4f735466cecf":"6b04bf24-03e7-4a1a-b9c2-8cbad5ffae08"},{"element-6066-11e4-a52e-4f735466cecf":"3de05c9b-35af-4fe2-94c0-c6076fb04d20"},{"element-6066-11e4-a52e-4f735466cecf":"e7a6f619-ba6a-4019-a983-af4528915ea7"},{"element-6066-11e4-a52e-4f735466cecf":"6089bd78-7e97-4c31-9691-c65f3ca182bf"},{"element-6066-11e4-a52e-4f735466cecf":"0599f0c8-e792-49dd-aae3-665cf4b7d219"},{"element-6066-11e4-a52e-4f735466cecf":"4d982aa0-7b3d-4f62-99ae-b76fbe1621df"},{"element-6066-11e4-a52e-4f735466cecf":"fe731419-d2a5-4f64-87fa-a610e8098eca"},{"element-6066-11e4-a52e-4f735466cecf":"f7f4e074-0b52-49f1-be55-16af10c9556b"},{"element-6066-11e4-a52e-4f735466cecf":"903c8bd9-01d9-4f7f-bdb1-72270977e6af"},{"element-6066-11e4-a52e-4f735466cecf":"2a0a9f09-82d6-4563-b9ed-b17bc98421bc"},{"element-6066-11e4-a52e-4f735466cecf":"8a1f0514-c985-4e93-8bd4-d90fef3c50c6"},{"element-6066-11e4-a52e-4f735466cecf":"209b009c-6211-4098-8d35-2c633f42d779"},{"element-6066-11e4-a52e-4f735466cecf":"7cc2006d-ff49-4750-8b1e-de3b6e491ab8"},{"element-6066-11e4-a52e-4f735466cecf":"2f99b981-dc94-4082-9f66-a34307e3a18b"},{"element-6066-11e4-a52e-4f735466cecf":"30171810-63a1-4016-baa1-d5bf94de621b"},{"element-6066-11e4-a52e-4f735466cecf":"4b20f980-b7f7-4056-bd23-48841585ee98"},{"element-6066-11e4-a52e-4f735466cecf":"21780007-dccb-478d-8b5f-a2f9b0617df3"},{"element-6066-11e4-a52e-4f735466cecf":"c3a8b359-fce9-4065-a836-4a34e701b2d5"},{"element-6066-11e4-a52e-4f735466cecf":"19674043-9449-4cb5-bcf8-33beda8c9c7d"},{"element-6066-11e4-a52e-4f735466cecf":"287cc827-b7d5-4f79-870f-b4f3b052b329"},{"element-6066-11e4-a52e-4f735466cecf":"ea213508-7a32-4790-8764-fc57789943ab"},{"element-6066-11e4-a52e-4f735466cecf":"7a2da787-1211-401d-950c-a8335b7bfe19"},{"element-6066-11e4-a52e-4f735466cecf":"c6d507c9-0e79-47a0-abf3-23faaa1d7033"},{"element-6066-11e4-a52e-4f735466cecf":"8bcc18a7-d684-4969-9c72-8f14654f5383"},{"element-6066-11e4-a52e-4f735466cecf":"5780e9e3-64b4-4112-b709-1409c7d6ce68"},{"element-6066-11e4-a52e-4f735466cecf":"f073dfe8-fce8-404f-a78b-64dd9fbd8574"},{"element-6066-11e4-a52e-4f735466cecf":"972ccf14-b77b-46cd-8086-9e62d95d9506"},{"element-6066-11e4-a52e-4f735466cecf":"419f5c4f-d83a-4f95-88af-f7d4eb9c8836"},{"element-6066-11e4-a52e-4f735466cecf":"2e4db39a-dd3a-47c9-bd55-49fbfd43feaa"},{"element-6066-11e4-a52e-4f735466cecf":"1f609c2f-0fba-49b1-a15c-8e12851a3fde"},{"element-6066-11e4-a52e-4f735466cecf":"c134b820-07bd-4269-a270-32ee19088e1a"},{"element-6066-11e4-a52e-4f735466cecf":"8441d2a0-0f20-4fd2-b7e2-033ad64c51cd"},{"element-6066-11e4-a52e-4f735466cecf":"9618ca56-df7c-40ea-95d7-e572cd2d961a"},{"element-6066-11e4-a52e-4f735466cecf":"29115530-5555-40c0-8b7c-fef968020063"},{"element-6066-11e4-a52e-4f735466cecf":"6a712233-fc6b-4eab-9b1b-8a0eec531a68"},{"element-6066-11e4-a52e-4f735466cecf":"aa9b6a98-f471-4317-8c42-345aefccfe48"},{"element-6066-11e4-a52e-4f735466cecf":"4388c216-9821-427f-b83d-c0affe89f6d7"},{"element-6066-11e4-a52e-4f735466cecf":"c5aba9f5-f58c-4087-8b21-08e56656d097"},{"element-6066-11e4-a52e-4f735466cecf":"95b1cdd3-a2b3-487c-ba78-aa3a5cd9211a"},{"element-6066-11e4-a52e-4f735466cecf":"29c7c954-5cc1-4c44-805c-3b63c9c4a14a"},{"element-6066-11e4-a52e-4f735466cecf":"0ad6f2ae-ae8e-4664-a9ba-5988b66ef6d9"},{"element-6066-11e4-a52e-4f735466cecf":"d32f4499-45de-4d91-b837-f50873c7c666"},{"element-6066-11e4-a52e-4f735466cecf":"a55658e4-de17-472d-bb9a-f708e12e6632"},{"element-6066-11e4-a52e-4f735466cecf":"9037ea1c-6193-44c4-8030-9f6fa68b7b22"},{"element-6066-11e4-a52e-4f735466cecf":"b2be723a-7cc6-4614-8d9c-0c3a09430d49"},{"element-6066-11e4-a52e-4f735466cecf":"48675a92-a6e2-4b47-91c9-8b3765b5403a"},{"element-6066-11e4-a52e-4f735466cecf":"118fd085-789c-4d32-8f8e-1d1b18fedd91"},{"element-6066-11e4-a52e-4f735466cecf":"21c6dfad-ce9a-4da4-a55a-f17569a28a7a"},{"element-6066-11e4-a52e-4f735466cecf":"ad546525-9307-4d85-ba2d-c5f44820b9d8"},{"element-6066-11e4-a52e-4f735466cecf":"f4c90a1a-3557-4419-b517-8804b978f199"},{"element-6066-11e4-a52e-4f735466cecf":"00c77709-dfc2-4017-9ade-2f4f137e7bcf"},{"element-6066-11e4-a52e-4f735466cecf":"1ba82e90-7bf8-4bab-9d9a-96e52585982c"},{"element-6066-11e4-a52e-4f735466cecf":"9b5a0a92-35b9-4250-945d-eb41fff02e8b"},{"element-6066-11e4-a52e-4f735466cecf":"b944b851-5f6a-4eef-b8c9-885452613f7f"},{"element-6066-11e4-a52e-4f735466cecf":"6539150e-4679-4339-ad80-9de9ea39fc47"},{"element-6066-11e4-a52e-4f735466cecf":"8398e8c6-75a5-42d2-a8d2-43d49ae7ef87"},{"element-6066-11e4-a52e-4f735466cecf":"dcca26ae-183b-4ff9-91df-591049ca6f24"},{"element-6066-11e4-a52e-4f735466cecf":"a6c4b23c-0822-401f-8646-d564880f0644"},{"element-6066-11e4-a52e-4f735466cecf":"8142996a-29c1-4eca-a537-015ea24d0244"},{"element-6066-11e4-a52e-4f735466cecf":"4a80b359-1303-44ca-a14a-3ba31c04b17e"},{"element-6066-11e4-a52e-4f735466cecf":"5a523800-1f22-4b82-8360-c183bf5d4c42"},{"element-6066-11e4-a52e-4f735466cecf":"1289dfe1-b3e7-4829-b6d3-d28197cbbfa5"},{"element-6066-11e4-a52e-4f735466cecf":"49853d98-a449-485b-8256-02fbf57dacce"},{"element-6066-11e4-a52e-4f735466cecf":"82d06ab2-c12e-4566-8199-5ba1cc1d9c98"},{"element-6066-11e4-a52e-4f735466cecf":"f2002154-ca5d-4f07-a2af-92354970864b"},{"element-6066-11e4-a52e-4f735466cecf":"5053d957-a5b4-467f-a5c2-f4e2a4ed3dfe"},{"element-6066-11e4-a52e-4f735466cecf":"0e3053fb-355f-4da1-9414-06ad859eb977"},{"element-6066-11e4-a52e-4f735466cecf":"7c769a3d-8398-4ad5-b613-47d2f9b7abba"},{"element-6066-11e4-a52e-4f735466cecf":"5bb314b8-3ad0-4490-af21-46ce432324e0"},{"element-6066-11e4-a52e-4f735466cecf":"bf605107-8299-4607-9a99-08a06bfc660d"},{"element-6066-11e4-a52e-4f735466cecf":"4a116904-8bda-45cb-ac87-a3c125a74189"},{"element-6066-11e4-a52e-4f735466cecf":"bac0e512-8100-4989-8738-050ca0696b20"},{"element-6066-11e4-a52e-4f735466cecf":"d7ba2acc-23e1-4d6e-bdda-c9ac74692faa"},{"element-6066-11e4-a52e-4f735466cecf":"222a231d-a9bc-4a5e-9862-176f4d4130ee"},{"element-6066-11e4-a52e-4f735466cecf":"80a2df90-4d19-446a-a9e8-711736518cb1"},{"element-6066-11e4-a52e-4f735466cecf":"79d8c0b9-b842-457f-94a9-595cb73ecdee"},{"element-6066-11e4-a52e-4f735466cecf":"b35a0810-7305-415b-b12e-20c5f347e6bf"},{"element-6066-11e4-a52e-4f735466cecf":"f6a6754e-48b6-479e-8730-2c6a0251541f"},{"element-6066-11e4-a52e-4f735466cecf":"c8e4537d-38f6-45a6-86ef-988f15fd082c"},{"element-6066-11e4-a52e-4f735466cecf":"f201e58a-5ad2-4ec4-94a1-a1975c58fa53"},{"element-6066-11e4-a52e-4f735466cecf":"d544fdb6-02b9-4609-b75a-54fb9601ace3"},{"element-6066-11e4-a52e-4f735466cecf":"90092d46-859b-4767-82b4-9602ee9e3807"},{"element-6066-11e4-a52e-4f735466cecf":"012d2362-1b42-4cb9-92ea-519f90a79191"},{"element-6066-11e4-a52e-4f735466cecf":"36ffa9ac-c810-440a-a51e-86de008bc2c2"},{"element-6066-11e4-a52e-4f735466cecf":"ede0192d-902d-4355-b6be-836fda10baaa"},{"element-6066-11e4-a52e-4f735466cecf":"dfc9364e-7de7-41a4-8616-1a4e47165aa1"},{"element-6066-11e4-a52e-4f735466cecf":"9309bab5-6a81-4165-a550-64d13de44fd0"},{"element-6066-11e4-a52e-4f735466cecf":"fc4f5110-f1fd-429d-aeb5-d528372a4980"},{"element-6066-11e4-a52e-4f735466cecf":"bf33788d-e614-4cc0-84eb-3750ea75381a"},{"element-6066-11e4-a52e-4f735466cecf":"4f6855a0-e3c5-49a2-a6a9-03a8db00f740"},{"element-6066-11e4-a52e-4f735466cecf":"76d7b409-5612-442f-942d-e4cd8f3dc4ec"},{"element-6066-11e4-a52e-4f735466cecf":"ecb79a48-fc2b-4e77-a1af-c0142e4dde1e"},{"element-6066-11e4-a52e-4f735466cecf":"f05bc411-f169-4b04-b71f-b8618da44f02"},{"element-6066-11e4-a52e-4f735466cecf":"6ba8cf50-7e9a-42cf-91b1-af95e95d4b29"},{"element-6066-11e4-a52e-4f735466cecf":"7e8dc30b-710b-4a77-b377-64af1afe3fdb"},{"element-6066-11e4-a52e-4f735466cecf":"7052e5e1-ff4e-499c-84f2-816df3b52acc"},{"element-6066-11e4-a52e-4f735466cecf":"6ea26415-6922-4cb2-a3c4-517f419cab34"},{"element-6066-11e4-a52e-4f735466cecf":"bfe96b4c-db4e-4472-8a18-55346b873f68"},{"element-6066-11e4-a52e-4f735466cecf":"44efd0bc-20b9-49ed-9d83-c1399958d81d"},{"element-6066-11e4-a52e-4f735466cecf":"ef3fa756-3289-480f-a672-76047641a81a"},{"element-6066-11e4-a52e-4f735466cecf":"24121f0d-59e1-4162-a7ed-43453c3a8c1f"},{"element-6066-11e4-a52e-4f735466cecf":"cccdc468-2319-461c-8ab7-a48558d2bafe"},{"element-6066-11e4-a52e-4f735466cecf":"b300b1d4-8b66-44ce-9ce0-2d776d335c56"},{"element-6066-11e4-a52e-4f735466cecf":"cd3ee79e-1064-4ce6-b6d3-cc2b06adf315"},{"element-6066-11e4-a52e-4f735466cecf":"8554e81b-b1b9-4d87-9188-a8fcbdf5a8ab"},{"element-6066-11e4-a52e-4f735466cecf":"adb35dde-0f22-43ec-b8a9-59f3021852d9"},{"element-6066-11e4-a52e-4f735466cecf":"7e762e15-6054-472b-a1e7-420c55af812a"},{"element-6066-11e4-a52e-4f735466cecf":"e4d8d306-820c-4f52-8332-2edaba77b036"},{"element-6066-11e4-a52e-4f735466cecf":"0e9e606f-4224-4a49-aca0-034ba728df97"},{"element-6066-11e4-a52e-4f735466cecf":"e40cecee-fd38-4dd9-a686-a51f250ecc9f"},{"element-6066-11e4-a52e-4f735466cecf":"0eaf1e49-cc2e-467a-ac25-84d93f28f27d"},{"element-6066-11e4-a52e-4f735466cecf":"9bed0186-a204-4a5e-9cfe-2fa221348f82"},{"element-6066-11e4-a52e-4f735466cecf":"a43eeb68-9102-44ce-9f6b-a920ff0815b2"},{"element-6066-11e4-a52e-4f735466cecf":"4b17ecbf-2c84-4ef9-b5ba-646d647871c4"},{"element-6066-11e4-a52e-4f735466cecf":"0d82af63-bb85-49a2-8c80-a7d69b4cc78d"},{"element-6066-11e4-a52e-4f735466cecf":"15804976-4349-4cb4-a98a-42af189b30d6"},{"element-6066-11e4-a52e-4f735466cecf":"6659fd04-7549-4449-a913-4e96f74e2521"},{"element-6066-11e4-a52e-4f735466cecf":"3b6ebfb3-65f9-4cc6-86d9-67ccc0c47f8e"},{"element-6066-11e4-a52e-4f735466cecf":"127702cf-7b37-40b8-a591-745f102abf3d"},{"element-6066-11e4-a52e-4f735466cecf":"826bd6c5-1c42-4396-b385-5e33936c572c"},{"element-6066-11e4-a52e-4f735466cecf":"145124dd-1ee4-4eef-8c67-66759806a354"},{"element-6066-11e4-a52e-4f735466cecf":"03c6f139-178b-4826-8e73-e8f59b552edb"},{"element-6066-11e4-a52e-4f735466cecf":"e26eb252-8838-46b8-9c08-62e5ddc9cbeb"},{"element-6066-11e4-a52e-4f735466cecf":"74ea1723-5d64-41ae-ad59-6ef10384b22c"},{"element-6066-11e4-a52e-4f735466cecf":"033ee4ed-ff19-41c7-95a2-b7bfc2c583d5"},{"element-6066-11e4-a52e-4f735466cecf":"2675e363-919c-414e-89a5-e54e69d641d3"},{"element-6066-11e4-a52e-4f735466cecf":"d1441a46-0cd3-4f7e-a49c-ae5fad253f47"},{"element-6066-11e4-a52e-4f735466cecf":"de153fa6-aaf1-4c3b-a213-8ef2719ddb5a"},{"element-6066-11e4-a52e-4f735466cecf":"0e975f0d-bc5e-4e2e-856a-1825511e45da"},{"element-6066-11e4-a52e-4f735466cecf":"aa37b19d-0f28-41b1-8769-1eae25b100b5"},{"element-6066-11e4-a52e-4f735466cecf":"10678f36-16a3-4812-8fb8-abab4b9faeea"},{"element-6066-11e4-a52e-4f735466cecf":"4c2c7f01-31be-47f8-9351-8a10017f5acf"},{"element-6066-11e4-a52e-4f735466cecf":"cbf0db6f-6cca-407f-8c27-bda51bd3b8dc"},{"element-6066-11e4-a52e-4f735466cecf":"f9b16659-cd5c-4ccd-a357-e1ec4416af6c"},{"element-6066-11e4-a52e-4f735466cecf":"36a075c3-bbb3-4103-8d4f-81e07a95af70"},{"element-6066-11e4-a52e-4f735466cecf":"241e8801-2eee-4c47-9ffe-11444bd69f5c"},{"element-6066-11e4-a52e-4f735466cecf":"34261496-6549-4df5-beca-57f1892a0647"},{"element-6066-11e4-a52e-4f735466cecf":"6f591f53-04e0-4178-a700-db97e9a1bd25"},{"element-6066-11e4-a52e-4f735466cecf":"e240fcef-394f-410b-818b-7ebf2de32748"},{"element-6066-11e4-a52e-4f735466cecf":"ce86fec8-53e1-43d5-84a5-34f5c6b368d8"},{"element-6066-11e4-a52e-4f735466cecf":"9dd0bdbf-18ac-405e-8ca9-8963e6816e30"},{"element-6066-11e4-a52e-4f735466cecf":"1aa50111-673f-42d9-a4ee-021d4986639c"},{"element-6066-11e4-a52e-4f735466cecf":"87ed865f-4c48-4f9b-8b53-b680d64928df"},{"element-6066-11e4-a52e-4f735466cecf":"b09ba009-6f50-4aa6-ac15-712df028bfad"},{"element-6066-11e4-a52e-4f735466cecf":"8c5ba09e-712e-46f3-b820-7410662da134"},{"element-6066-11e4-a52e-4f735466cecf":"42537b3c-fb54-4684-b7fc-bcf1992f04e4"},{"element-6066-11e4-a52e-4f735466cecf":"14e66f73-1a3c-4756-8556-339c040b2063"},{"element-6066-11e4-a52e-4f735466cecf":"29392162-75f1-47fb-b6e2-93aae078b0a0"},{"element-6066-11e4-a52e-4f735466cecf":"ae569c0c-5da2-4cb1-86aa-16fb28ba00de"},{"element-6066-11e4-a52e-4f735466cecf":"238b96f2-cc7a-4390-926a-027dea101701"},{"element-6066-11e4-a52e-4f735466cecf":"40de3255-e656-4717-9d7c-6cc0def7ccda"},{"element-6066-11e4-a52e-4f735466cecf":"bc6e2cca-3bc4-4397-a524-a819deab9d2f"},{"element-6066-11e4-a52e-4f735466cecf":"925ac749-8e48-42ba-8048-ae00dee4450f"},{"element-6066-11e4-a52e-4f735466cecf":"3beb65dc-cc86-4f3a-8a3b-84e608d8c725"},{"element-6066-11e4-a52e-4f735466cecf":"4cfecedc-4ba6-419d-ae95-0fcce7ce2601"},{"element-6066-11e4-a52e-4f735466cecf":"efa43476-5ba8-4c8b-b2af-93832906a6e9"},{"element-6066-11e4-a52e-4f735466cecf":"cbf63700-0c59-42c3-a5d9-573823013676"},{"element-6066-11e4-a52e-4f735466cecf":"65240444-fef3-4872-9bce-7cc8b918f472"},{"element-6066-11e4-a52e-4f735466cecf":"32185d78-3c3a-4fcf-8d99-6695c4463fb2"},{"element-6066-11e4-a52e-4f735466cecf":"77eacdaf-2f04-42dd-8330-920977deacbd"},{"element-6066-11e4-a52e-4f735466cecf":"42fd407b-1840-4d33-b290-36fc5cb26c16"},{"element-6066-11e4-a52e-4f735466cecf":"31d8c86e-6eed-441b-b7ff-6e8b5d0badcc"},{"element-6066-11e4-a52e-4f735466cecf":"df60eea7-cac7-41e3-886d-6157d406aa3b"},{"element-6066-11e4-a52e-4f735466cecf":"c6f5f033-cbcd-45ac-8e7e-0ea7662af921"},{"element-6066-11e4-a52e-4f735466cecf":"1a13e46c-0762-432e-ad29-df786e681513"},{"element-6066-11e4-a52e-4f735466cecf":"df32d1f4-48a4-485b-b472-a2ceb034b46d"},{"element-6066-11e4-a52e-4f735466cecf":"a2770a37-a490-412c-a184-8058d4f24146"},{"element-6066-11e4-a52e-4f735466cecf":"a71e30d8-188d-4e28-bb8f-46f636c4dafb"},{"element-6066-11e4-a52e-4f735466cecf":"068e90fe-ef75-4f31-a2d0-9fc310d35677"},{"element-6066-11e4-a52e-4f735466cecf":"8cdeff56-d640-49c3-ac8a-5a9d319a5023"},{"element-6066-11e4-a52e-4f735466cecf":"d1188932-e053-4226-9b12-47a705987a43"},{"element-6066-11e4-a52e-4f735466cecf":"dec6ee51-06bc-447b-9ece-d3f1c360d100"},{"element-6066-11e4-a52e-4f735466cecf":"c6e927b0-b07c-4f9b-98e1-0aa00bc0c109"},{"element-6066-11e4-a52e-4f735466cecf":"d1b758ca-41f7-4837-911f-7e19439e015b"},{"element-6066-11e4-a52e-4f735466cecf":"555112ec-1d49-4cf3-8b8c-4b729b2618a7"},{"element-6066-11e4-a52e-4f735466cecf":"5e27a6c3-a530-4782-b2d5-49074f2357c3"},{"element-6066-11e4-a52e-4f735466cecf":"e34c3b24-0bb9-44b3-ac57-fd474e8a247b"},{"element-6066-11e4-a52e-4f735466cecf":"d4ae6740-0107-4851-94bf-5e8c2e62ccba"},{"element-6066-11e4-a52e-4f735466cecf":"fc450765-59fe-4ea7-aa42-87ddc300c475"},{"element-6066-11e4-a52e-4f735466cecf":"215e13f6-b016-4a96-82e5-d888629d49f0"},{"element-6066-11e4-a52e-4f735466cecf":"71a1ab15-c60e-457c-b963-c3ef63dea69e"},{"element-6066-11e4-a52e-4f735466cecf":"7bfb4caf-6fff-4445-af1c-865e68ed4f21"},{"element-6066-11e4-a52e-4f735466cecf":"0f702325-e013-452e-832a-2ccf499ea97f"},{"element-6066-11e4-a52e-4f735466cecf":"8001dadf-c6e4-4516-a2d4-07d99a22e943"},{"element-6066-11e4-a52e-4f735466cecf":"120eb226-9d68-4f5f-a0b9-199fcd0250d7"},{"element-6066-11e4-a52e-4f735466cecf":"e062eb38-7e91-46ab-b3bb-c09e2d1561c5"},{"element-6066-11e4-a52e-4f735466cecf":"c6167b6f-0df5-47cf-a987-6fa501a89f61"},{"element-6066-11e4-a52e-4f735466cecf":"0f5d2f68-2ccb-4f8d-bbdd-79ab155e67e3"},{"element-6066-11e4-a52e-4f735466cecf":"f3192d31-d9a5-41d4-8fe7-31eaa2ff66b4"},{"element-6066-11e4-a52e-4f735466cecf":"a64f4bfb-4bfa-4cb8-8322-d921bca38203"},{"element-6066-11e4-a52e-4f735466cecf":"d8da37ae-7487-4acf-b26d-ee99f751a79f"},{"element-6066-11e4-a52e-4f735466cecf":"edca5b95-0ad4-4ea1-8294-522e48f1f21a"},{"element-6066-11e4-a52e-4f735466cecf":"1a6990be-426d-48dc-a89c-d8756b72b0ff"},{"element-6066-11e4-a52e-4f735466cecf":"86a67f2e-86fc-4bbd-8af3-73fbc04ce730"},{"element-6066-11e4-a52e-4f735466cecf":"d592af2c-de18-4fbb-a99a-cd4bd2ab4cca"},{"element-6066-11e4-a52e-4f735466cecf":"da7dc6dc-938e-4de7-9f89-ec213d59fd97"},{"element-6066-11e4-a52e-4f735466cecf":"e54eee11-1a1c-455a-8429-bd89a6f4aabb"},{"element-6066-11e4-a52e-4f735466cecf":"ec380bd1-d1b9-4d03-8d10-7ad716969ce2"},{"element-6066-11e4-a52e-4f735466cecf":"78edbffc-4063-40e2-a149-a02cde9999b0"},{"element-6066-11e4-a52e-4f735466cecf":"f2f43c24-a5e1-4ead-be3d-5cac68c8136d"},{"element-6066-11e4-a52e-4f735466cecf":"a9099412-512e-41f3-89f4-70721d99afd3"},{"element-6066-11e4-a52e-4f735466cecf":"26819a81-713f-4e9e-b928-f0d0d0abbff6"},{"element-6066-11e4-a52e-4f735466cecf":"da1e6ec5-bd14-4416-8e5e-c78e69f36046"},{"element-6066-11e4-a52e-4f735466cecf":"ba895b47-6bd1-4039-abd6-d321e2415058"},{"element-6066-11e4-a52e-4f735466cecf":"4b91d3fb-bbf6-429f-b030-c03e5e898941"},{"element-6066-11e4-a52e-4f735466cecf":"0c20c90a-4340-4ab3-9ef9-ed2cd1d10b9e"},{"element-6066-11e4-a52e-4f735466cecf":"5e40507d-fdcc-402e-aa37-f1c69e8d3f4b"},{"element-6066-11e4-a52e-4f735466cecf":"d25c42fc-86b3-4fb3-ab75-be9ccaa90375"},{"element-6066-11e4-a52e-4f735466cecf":"6538b9d8-fd01-4e5c-aff2-4947b0934ab7"},{"element-6066-11e4-a52e-4f735466cecf":"b43adb9e-fe89-4bf8-a92a-0de0915a2289"},{"element-6066-11e4-a52e-4f735466cecf":"63307c48-823b-4a4f-8f3f-4b74698ebce0"},{"element-6066-11e4-a52e-4f735466cecf":"9b853429-ecb6-47b9-8f75-409ebfcf9be6"},{"element-6066-11e4-a52e-4f735466cecf":"e03370e5-ee35-4aad-9391-9c5463f341eb"},{"element-6066-11e4-a52e-4f735466cecf":"52073402-8a3f-48f4-a152-ea548247b324"},{"element-6066-11e4-a52e-4f735466cecf":"af02aa79-fea0-4833-bc9c-cc9ad43592a9"},{"element-6066-11e4-a52e-4f735466cecf":"ebf46083-9b57-4f5f-b0f1-b7de28e9ee04"},{"element-6066-11e4-a52e-4f735466cecf":"f6cd3d9e-51b1-4073-ab1c-8ed7075c6841"},{"element-6066-11e4-a52e-4f735466cecf":"39cee289-da41-44ce-b52a-1e3bd7c63e64"},{"element-6066-11e4-a52e-4f735466cecf":"a096213b-29c8-4b76-a41b-b655a37d8ddc"},{"element-6066-11e4-a52e-4f735466cecf":"1b888d1e-3e2b-4632-b61d-297ee75e7020"},{"element-6066-11e4-a52e-4f735466cecf":"d0dd8d26-ca94-4fce-a878-1893799aa2a2"},{"element-6066-11e4-a52e-4f735466cecf":"8460ff3a-03d6-4f67-898c-8da907b393e5"},{"element-6066-11e4-a52e-4f735466cecf":"ad93db3b-b816-4896-9a0b-9f74ca899fcd"},{"element-6066-11e4-a52e-4f735466cecf":"b759bd46-4a9c-4ecf-9275-78742ac93e53"},{"element-6066-11e4-a52e-4f735466cecf":"ced5d154-255e-4865-a6cc-629c8656be6a"},{"element-6066-11e4-a52e-4f735466cecf":"05a52c09-9378-4db0-ba57-3c1e83db2201"},{"element-6066-11e4-a52e-4f735466cecf":"eea35237-03f0-417f-95a2-e377a4e3399d"},{"element-6066-11e4-a52e-4f735466cecf":"3e4738a6-ad45-4722-973d-d8a994de349d"},{"element-6066-11e4-a52e-4f735466cecf":"8226b640-57d3-4599-92d0-8236e7ff0b24"},{"element-6066-11e4-a52e-4f735466cecf":"1ecbd3a9-57ea-4f00-a887-64d68b27f644"},{"element-6066-11e4-a52e-4f735466cecf":"85fb807c-270b-4f23-934a-6130d06ff018"},{"element-6066-11e4-a52e-4f735466cecf":"bc95b328-ee0e-464c-a4e9-7d0cf4bdb5d6"},{"element-6066-11e4-a52e-4f735466cecf":"1dba90dc-11a6-4120-b85f-2eac1e66e177"},{"element-6066-11e4-a52e-4f735466cecf":"b2872159-d4f8-4990-bed7-5337b4a0069a"},{"element-6066-11e4-a52e-4f735466cecf":"7a348f3d-3a14-49cf-aa11-05d639b5037e"},{"element-6066-11e4-a52e-4f735466cecf":"d9fcc997-05df-4956-8e56-e94f127ecd26"},{"element-6066-11e4-a52e-4f735466cecf":"cbcab716-836b-401b-8f76-e12756607488"},{"element-6066-11e4-a52e-4f735466cecf":"b8f7fbfe-30be-4a86-97a5-37e9d9249947"},{"element-6066-11e4-a52e-4f735466cecf":"511f70ff-6e98-4c9a-8e99-f9019ffa6dcd"},{"element-6066-11e4-a52e-4f735466cecf":"15f1f471-f0ef-4315-82c4-4641a8fe7fc0"},{"element-6066-11e4-a52e-4f735466cecf":"8c45a86e-2cde-42c7-aecb-ae4180363a0b"},{"element-6066-11e4-a52e-4f735466cecf":"a1d974aa-8d98-47d9-b849-7f9a31719ba8"},{"element-6066-11e4-a52e-4f735466cecf":"4a92eb8d-bd64-4839-ba5b-ccb4522f3ce3"},{"element-6066-11e4-a52e-4f735466cecf":"47880fa6-d71f-4f09-8494-175a1af9a4a8"},{"element-6066-11e4-a52e-4f735466cecf":"a269194e-c089-4e1f-b566-23c9075d8a6f"},{"element-6066-11e4-a52e-4f735466cecf":"6a4cf6a7-c427-4b8d-9cad-93d66c766ba1"},{"element-6066-11e4-a52e-4f735466cecf":"42323a24-ae9f-4c27-9b2a-2ec18bcbf90d"},{"element-6066-11e4-a52e-4f735466cecf":"51d17e0e-49b5-47dd-8b42-21147a2cdfb6"},{"element-6066-11e4-a52e-4f735466cecf":"55411661-0f59-4d9d-b268-ecb76c84f4fe"},{"element-6066-11e4-a52e-4f735466cecf":"63ec59f0-3fbf-4387-9bcb-b5c8b88a48eb"},{"element-6066-11e4-a52e-4f735466cecf":"7a2318d4-046b-4160-b405-6faaf141b998"},{"element-6066-11e4-a52e-4f735466cecf":"caedde39-d417-4e04-91b4-1a459e37c602"},{"element-6066-11e4-a52e-4f735466cecf":"23c2e370-8f87-4ac8-9a19-3fcd0d8efeb9"},{"element-6066-11e4-a52e-4f735466cecf":"f0d305a7-8d47-43df-aa62-9c37f13571d2"},{"element-6066-11e4-a52e-4f735466cecf":"698f00a1-d049-47b1-876e-8554e8135feb"},{"element-6066-11e4-a52e-4f735466cecf":"f9974186-91ba-40b3-85ec-90c4e9e7c60a"},{"element-6066-11e4-a52e-4f735466cecf":"e1302387-a22f-480c-93d1-c4e76ad328c3"},{"element-6066-11e4-a52e-4f735466cecf":"2578ec21-0c25-46e3-9def-7179a877197d"},{"element-6066-11e4-a52e-4f735466cecf":"e14d00dc-fdab-4f95-b865-4d303123e482"},{"element-6066-11e4-a52e-4f735466cecf":"8360d99f-bf25-44f9-8906-42b1b913d3f3"},{"element-6066-11e4-a52e-4f735466cecf":"9cecc5a8-79b4-4dff-af45-ee713f60861a"},{"element-6066-11e4-a52e-4f735466cecf":"c83dbda5-f60c-4c44-a6e9-376cd4925826"},{"element-6066-11e4-a52e-4f735466cecf":"69298160-720c-40dd-859a-4200c5b95ec5"},{"element-6066-11e4-a52e-4f735466cecf":"2d8cf19e-94a5-4c4f-b0de-6097d78d5f9c"},{"element-6066-11e4-a52e-4f735466cecf":"cd1c5339-658e-4da9-b26a-9c068e367955"},{"element-6066-11e4-a52e-4f735466cecf":"bcf8bf80-8904-48ac-8405-d4115061c1fe"},{"element-6066-11e4-a52e-4f735466cecf":"9e4efd37-20d4-4ed3-b4c3-13a27a882427"},{"element-6066-11e4-a52e-4f735466cecf":"fa59b3a2-c0be-4673-a6d2-b1b821ee4e87"},{"element-6066-11e4-a52e-4f735466cecf":"3268cf4a-068b-408d-bbbd-2a221cab3278"},{"element-6066-11e4-a52e-4f735466cecf":"c94f7d75-64d0-4f14-b579-36eef17a80cd"},{"element-6066-11e4-a52e-4f735466cecf":"cdb026c9-9e0a-4b22-b071-127fd77910d4"},{"element-6066-11e4-a52e-4f735466cecf":"f9bc8505-46c7-4697-ba62-71fb5edc51f2"},{"element-6066-11e4-a52e-4f735466cecf":"ef5c3d30-16b6-4063-8793-dce16a4f1c9e"},{"element-6066-11e4-a52e-4f735466cecf":"6b1efd75-108f-4a73-a057-6b12a7e3aab1"},{"element-6066-11e4-a52e-4f735466cecf":"0d768ae2-d244-4b37-a6c8-5f6b446500c8"},{"element-6066-11e4-a52e-4f735466cecf":"34d53e0a-4a40-4430-b073-7e69f986051a"},{"element-6066-11e4-a52e-4f735466cecf":"cc2ee247-ad2c-4c08-8437-b8d1a110324d"},{"element-6066-11e4-a52e-4f735466cecf":"2e5fc9b0-1b67-4254-95cf-5c8098f83a67"},{"element-6066-11e4-a52e-4f735466cecf":"4b519514-77e0-4dbc-96a2-66bc73dd7920"},{"element-6066-11e4-a52e-4f735466cecf":"49275737-5bb0-470e-aa5c-734ab3db85a3"},{"element-6066-11e4-a52e-4f735466cecf":"8c915aa8-a11e-4220-b903-21ba76363d0c"},{"element-6066-11e4-a52e-4f735466cecf":"94b9c2ce-d9b6-41a5-8cc4-9afcfde72270"},{"element-6066-11e4-a52e-4f735466cecf":"d2d83e87-e194-41d6-8b15-448678948577"},{"element-6066-11e4-a52e-4f735466cecf":"3484ad07-8dd5-4ba4-aa47-15078edee960"},{"element-6066-11e4-a52e-4f735466cecf":"09463b3e-8ba5-4885-87a3-a96f1062c5a9"},{"element-6066-11e4-a52e-4f735466cecf":"d20590ca-e314-4c21-bd53-30ae84fd48b0"},{"element-6066-11e4-a52e-4f735466cecf":"9de7711f-4327-45e8-902b-09546b623d47"},{"element-6066-11e4-a52e-4f735466cecf":"4b48567f-cc6c-459b-b0e9-630d5e9139f6"},{"element-6066-11e4-a52e-4f735466cecf":"c80178c6-b25b-49c6-bff6-4f0ffdff1112"},{"element-6066-11e4-a52e-4f735466cecf":"eab61a51-b6a7-4244-9a8c-bea144c71671"},{"element-6066-11e4-a52e-4f735466cecf":"6c637a0d-38c1-4aa7-9cdd-122f85b9db00"},{"element-6066-11e4-a52e-4f735466cecf":"0e8e5f56-7515-4ff4-8af4-c65b6dbd7f3f"},{"element-6066-11e4-a52e-4f735466cecf":"09df3a37-85c4-4d13-b6ff-2879cd3e84ef"},{"element-6066-11e4-a52e-4f735466cecf":"e69d3f52-d454-497b-85f3-90503da2ecc7"},{"element-6066-11e4-a52e-4f735466cecf":"9f868304-b5eb-4a7e-b479-1f6339c9490a"},{"element-6066-11e4-a52e-4f735466cecf":"75dc28f4-5dcd-4f90-a81b-1fb24775c507"},{"element-6066-11e4-a52e-4f735466cecf":"3094bc1e-d0a9-4fc1-a5f0-2733d8a57920"},{"element-6066-11e4-a52e-4f735466cecf":"0bb73222-5699-448d-ad68-7e3862ff4f1c"},{"element-6066-11e4-a52e-4f735466cecf":"1c42ea10-691e-496d-9692-dbda8b84e6e2"},{"element-6066-11e4-a52e-4f735466cecf":"4685f9dc-20e2-4b59-b730-92a1121e40f9"},{"element-6066-11e4-a52e-4f735466cecf":"9d453860-5895-46ca-84aa-7abd1216937e"},{"element-6066-11e4-a52e-4f735466cecf":"5180aa67-e9eb-4db3-a0c9-aa940d34e3d7"},{"element-6066-11e4-a52e-4f735466cecf":"13e814ca-6120-4d4b-a42b-7c921b5157a5"},{"element-6066-11e4-a52e-4f735466cecf":"daf7e0c9-ef3a-4006-9441-aec13bf7132d"},{"element-6066-11e4-a52e-4f735466cecf":"116d43ef-13f7-4622-8ec1-14233878ce8b"},{"element-6066-11e4-a52e-4f735466cecf":"c7a57561-4c0d-47b9-8d7f-73fc2b40fb31"},{"element-6066-11e4-a52e-4f735466cecf":"3691b896-4559-499f-bf77-abfc26df20f3"},{"element-6066-11e4-a52e-4f735466cecf":"73adfd7d-3587-4b0f-b29d-3e7abf691fb7"},{"element-6066-11e4-a52e-4f735466cecf":"6f796b80-da1a-4aa3-9bd0-cf8e3eadab35"},{"element-6066-11e4-a52e-4f735466cecf":"47d6eb37-ecb9-4ade-892a-c0683e50fc1b"},{"element-6066-11e4-a52e-4f735466cecf":"1d8320f6-22df-47e8-a264-94899ebf41a2"},{"element-6066-11e4-a52e-4f735466cecf":"a973c417-2086-4970-8868-d3061cabbabe"},{"element-6066-11e4-a52e-4f735466cecf":"89b9a68f-a18b-477f-86d2-4c8c5caa6b83"},{"element-6066-11e4-a52e-4f735466cecf":"8cbe5313-a757-430e-84a3-7e7973831993"},{"element-6066-11e4-a52e-4f735466cecf":"c140847c-a025-42bf-950c-47a068a91db7"},{"element-6066-11e4-a52e-4f735466cecf":"7fe6529e-8328-4777-830c-56d0dc12b510"},{"element-6066-11e4-a52e-4f735466cecf":"ec2df991-3fb2-453d-a80d-78a86d405d86"},{"element-6066-11e4-a52e-4f735466cecf":"adcaaa79-7f35-4bcc-85ca-c090fe6fb902"},{"element-6066-11e4-a52e-4f735466cecf":"cf3eaa9e-10d5-4186-ae7d-57a868418bc4"},{"element-6066-11e4-a52e-4f735466cecf":"0abd3a86-c1ce-4354-b76e-e0cd8644305a"},{"element-6066-11e4-a52e-4f735466cecf":"a3275f1e-50eb-4361-8b28-941e618d158d"},{"element-6066-11e4-a52e-4f735466cecf":"6045f958-0054-4ae4-9315-81688a0f68c9"},{"element-6066-11e4-a52e-4f735466cecf":"fd9d5e7a-d150-4a71-822f-0973637db6d4"},{"element-6066-11e4-a52e-4f735466cecf":"9c9d6e4a-6d35-4768-ad6f-87295d0a4b97"},{"element-6066-11e4-a52e-4f735466cecf":"68e2925c-3283-4afa-ae70-8e02c3fdcc4e"},{"element-6066-11e4-a52e-4f735466cecf":"6d7b4dbc-55d2-4f08-acdd-b0a60810688f"},{"element-6066-11e4-a52e-4f735466cecf":"f0d2aaeb-a1ec-48f6-8a78-cb904058cc16"},{"element-6066-11e4-a52e-4f735466cecf":"dd1d7d17-f85d-4990-858d-ac7952dd8034"},{"element-6066-11e4-a52e-4f735466cecf":"5e2d3181-8a95-4fe3-8c93-6a61ad9344cc"},{"element-6066-11e4-a52e-4f735466cecf":"09e7c260-6577-4310-8625-d63ccdb9374a"},{"element-6066-11e4-a52e-4f735466cecf":"96689278-6d70-4d82-8588-4743bc6b1f12"},{"element-6066-11e4-a52e-4f735466cecf":"974c50a4-5262-4e6d-a780-946d0905b1bc"},{"element-6066-11e4-a52e-4f735466cecf":"ed2370be-fd80-4211-b1f6-44e8e3be226c"},{"element-6066-11e4-a52e-4f735466cecf":"f4d23bda-87f0-4996-8d0b-143ab529dbdf"},{"element-6066-11e4-a52e-4f735466cecf":"d67b58f6-f57a-4b43-8a98-4e933bd32bc0"},{"element-6066-11e4-a52e-4f735466cecf":"1d0f5bbe-6d05-421f-b271-d13c444cad4c"},{"element-6066-11e4-a52e-4f735466cecf":"e2f2352e-0107-4b92-8274-eb01cd3dbc7a"},{"element-6066-11e4-a52e-4f735466cecf":"a5fac911-19a8-4a94-b9c6-9b2a0f92c72a"},{"element-6066-11e4-a52e-4f735466cecf":"6b88e8d1-b10b-4738-b1c3-32a452d00d34"},{"element-6066-11e4-a52e-4f735466cecf":"f765633f-1025-4227-840b-92fbc6f4bb30"},{"element-6066-11e4-a52e-4f735466cecf":"1375ad06-6b8e-4dd9-bb15-be07e7fb7b3d"},{"element-6066-11e4-a52e-4f735466cecf":"ae41a07e-854c-41cf-897d-d6add8271d37"},{"element-6066-11e4-a52e-4f735466cecf":"96adca3a-f146-4b62-8cce-9f7dcf4da59d"},{"element-6066-11e4-a52e-4f735466cecf":"8f4b9df5-c718-4e64-ae9c-4edaa7f43c51"},{"element-6066-11e4-a52e-4f735466cecf":"6cb51b7f-6340-41aa-8079-668483fa1c3c"},{"element-6066-11e4-a52e-4f735466cecf":"f73d3e82-3c45-45f1-89da-34c2c24f5974"},{"element-6066-11e4-a52e-4f735466cecf":"a8728ed4-6f23-4382-aedc-828e0430e5dc"},{"element-6066-11e4-a52e-4f735466cecf":"9746b855-261b-410c-8530-86e6996f23fb"},{"element-6066-11e4-a52e-4f735466cecf":"e4391f23-6a68-4100-8010-6a0c818497b0"},{"element-6066-11e4-a52e-4f735466cecf":"084f688c-1e94-4d74-95f4-8b0ce366ae1e"},{"element-6066-11e4-a52e-4f735466cecf":"51196a44-6f83-4c68-8e3c-f420861586ab"},{"element-6066-11e4-a52e-4f735466cecf":"e071274f-6ceb-4d7e-b7f8-80c81c5a851b"},{"element-6066-11e4-a52e-4f735466cecf":"612e8ee9-243e-49d0-a6e8-e7744d42c47b"},{"element-6066-11e4-a52e-4f735466cecf":"1ab02a55-9e26-4003-93b2-7a85a7223fb2"},{"element-6066-11e4-a52e-4f735466cecf":"93f69f2f-f1ed-47bb-b652-51c4eac22805"},{"element-6066-11e4-a52e-4f735466cecf":"0a44435c-604b-4994-8d48-bd7572ccc1d3"},{"element-6066-11e4-a52e-4f735466cecf":"891d69ae-9448-4f4b-b870-6b889f6893fc"},{"element-6066-11e4-a52e-4f735466cecf":"34b15e30-9aee-4ee3-88c4-ddb9d63cb6c0"},{"element-6066-11e4-a52e-4f735466cecf":"6a35083a-b2fc-4a64-9a91-8858f8435ee4"},{"element-6066-11e4-a52e-4f735466cecf":"b95f1a97-0427-4e69-8795-f4c20dac5c7b"},{"element-6066-11e4-a52e-4f735466cecf":"3278c117-177c-4bfc-899c-02513b567556"},{"element-6066-11e4-a52e-4f735466cecf":"2070e15c-f697-4a1e-8436-28a156bbe4ea"},{"element-6066-11e4-a52e-4f735466cecf":"1d374cfb-849e-45ba-b827-73ceae7f8acd"},{"element-6066-11e4-a52e-4f735466cecf":"0b34e368-a46b-4d05-a3d5-18cfb86360d5"},{"element-6066-11e4-a52e-4f735466cecf":"dea8d834-ad2f-415e-8bdb-1485ed14871d"},{"element-6066-11e4-a52e-4f735466cecf":"24c69376-2ca9-43e2-9f93-ae11b0f85987"},{"element-6066-11e4-a52e-4f735466cecf":"95bd5881-bb53-468f-8055-a4476a795c82"},{"element-6066-11e4-a52e-4f735466cecf":"c562a7be-8ee4-420e-9f98-cd477ca7c102"},{"element-6066-11e4-a52e-4f735466cecf":"74100b8b-a77d-42e0-8635-b2c2bd10a967"},{"element-6066-11e4-a52e-4f735466cecf":"2772fcd6-da06-4073-a190-32e8fd9910fa"},{"element-6066-11e4-a52e-4f735466cecf":"985d36a8-487b-4bdd-84b3-e99df6cb5319"},{"element-6066-11e4-a52e-4f735466cecf":"6b54acf5-53cf-41e3-b157-5f70e0a06a1e"},{"element-6066-11e4-a52e-4f735466cecf":"a1f245f5-837b-4321-b338-1176307965a7"},{"element-6066-11e4-a52e-4f735466cecf":"d045b45e-f758-4572-9e71-c7fa4dc2e3cd"},{"element-6066-11e4-a52e-4f735466cecf":"570aa8e9-cb3a-4979-90b0-d248d2bebc47"},{"element-6066-11e4-a52e-4f735466cecf":"f559b33d-d25a-4817-9c57-ce344d87c073"},{"element-6066-11e4-a52e-4f735466cecf":"393d51ff-9e47-4c17-9f6b-67595ed52103"},{"element-6066-11e4-a52e-4f735466cecf":"4a7ad040-b9e1-45a8-8de1-2115067a0044"},{"element-6066-11e4-a52e-4f735466cecf":"42ec3261-21a4-42f1-9a3b-e467abd41382"},{"element-6066-11e4-a52e-4f735466cecf":"df1c9082-55ca-4f98-b20a-22d440d67ce5"},{"element-6066-11e4-a52e-4f735466cecf":"34a1f786-7cac-4087-97af-5c13f8b92d24"},{"element-6066-11e4-a52e-4f735466cecf":"4eaf57db-360b-4c6e-9d8f-e51f523a8083"},{"element-6066-11e4-a52e-4f735466cecf":"df26d770-47c7-458a-8bb9-01ea989aa167"},{"element-6066-11e4-a52e-4f735466cecf":"a8ddb3db-a925-4b95-8bf5-7ee51d800b5d"},{"element-6066-11e4-a52e-4f735466cecf":"2c32e810-1585-4e4c-9520-aa4de164df76"},{"element-6066-11e4-a52e-4f735466cecf":"9b8df52f-7ddd-4f86-b521-6da6357ebe12"},{"element-6066-11e4-a52e-4f735466cecf":"8399a318-0a26-4acf-a6de-d39a8673ae70"},{"element-6066-11e4-a52e-4f735466cecf":"7bb592f0-509b-41f7-a32e-0167f3ef83f6"},{"element-6066-11e4-a52e-4f735466cecf":"639f76d0-3835-4a31-845c-4c6f99a34b48"},{"element-6066-11e4-a52e-4f735466cecf":"acd71e73-5b53-4623-9793-674b1ba3d63b"},{"element-6066-11e4-a52e-4f735466cecf":"71d87035-d2e2-4915-9e88-304671a96807"},{"element-6066-11e4-a52e-4f735466cecf":"929915cc-04f1-4229-8071-0849b76d5ff7"},{"element-6066-11e4-a52e-4f735466cecf":"c14c4985-2206-4b32-81f2-2d96821d6b39"},{"element-6066-11e4-a52e-4f735466cecf":"4820c7c6-294b-4c45-965e-6fe4b0d6fee0"},{"element-6066-11e4-a52e-4f735466cecf":"2a9280f3-68a1-428f-804e-0f013e7fc31a"},{"element-6066-11e4-a52e-4f735466cecf":"871bcfe0-8860-4d4c-9bbd-797400b43dd7"},{"element-6066-11e4-a52e-4f735466cecf":"aec136bf-48f7-41e3-9b52-4a931fccae5e"},{"element-6066-11e4-a52e-4f735466cecf":"072b693e-9181-4c6d-b341-47c6cebd1865"},{"element-6066-11e4-a52e-4f735466cecf":"f8a0e92e-315f-4f0d-92e1-26c1d3d48291"},{"element-6066-11e4-a52e-4f735466cecf":"f9f88398-544a-4da9-8b60-710386168e8e"},{"element-6066-11e4-a52e-4f735466cecf":"4b944fd5-0173-486c-80f8-0808bd51b45f"},{"element-6066-11e4-a52e-4f735466cecf":"5e338a11-6ac6-41a3-a5ed-67e41621b55a"},{"element-6066-11e4-a52e-4f735466cecf":"a10210ed-06ea-493c-9d7b-c5ad783bb36d"},{"element-6066-11e4-a52e-4f735466cecf":"9b80a21d-187f-42e6-8f25-7406ddbbca6c"},{"element-6066-11e4-a52e-4f735466cecf":"3424ba35-a1dc-471a-ac30-5a6963dac1d4"},{"element-6066-11e4-a52e-4f735466cecf":"1bdf8491-9eee-4e0d-8757-911f89cc5fae"},{"element-6066-11e4-a52e-4f735466cecf":"491d3e96-f86d-47da-823b-88a75e5ba951"},{"element-6066-11e4-a52e-4f735466cecf":"f8fdc201-10e9-4a83-b5f4-c4c1eee4f730"},{"element-6066-11e4-a52e-4f735466cecf":"46b0f6ac-4081-4e02-958b-e6291b7b5a43"},{"element-6066-11e4-a52e-4f735466cecf":"787ce433-2573-44ef-8d39-68b16195f39e"},{"element-6066-11e4-a52e-4f735466cecf":"756d8508-fec1-4210-ba50-6adce5af7a13"},{"element-6066-11e4-a52e-4f735466cecf":"98860014-739b-46be-8137-6422aac49973"},{"element-6066-11e4-a52e-4f735466cecf":"1bed7b34-1350-4cd6-84f1-1ce99b86dfbb"},{"element-6066-11e4-a52e-4f735466cecf":"431e32dc-6bfa-42c1-b098-b1fd20667b13"},{"element-6066-11e4-a52e-4f735466cecf":"7c999601-5424-45eb-b76f-234659497872"},{"element-6066-11e4-a52e-4f735466cecf":"1c63290d-c0b7-447c-a7c0-03ae75775c89"},{"element-6066-11e4-a52e-4f735466cecf":"f0b0b58b-930a-4a07-b070-a4aaaf986b37"},{"element-6066-11e4-a52e-4f735466cecf":"3fab636d-695c-4823-8a71-db4c694f68ff"},{"element-6066-11e4-a52e-4f735466cecf":"a02808af-4679-46c9-8f82-6c65ff5413dd"},{"element-6066-11e4-a52e-4f735466cecf":"4ba484f8-8c78-45d4-8a49-eeda0e30cb48"},{"element-6066-11e4-a52e-4f735466cecf":"9ac38772-8b44-4842-9427-a4b1ad47654b"},{"element-6066-11e4-a52e-4f735466cecf":"1b4f9eae-e5e2-412c-b007-43be34cfaa39"},{"element-6066-11e4-a52e-4f735466cecf":"c9363a3e-5f15-4c08-af28-2a83b626474d"},{"element-6066-11e4-a52e-4f735466cecf":"091e26e0-f038-409d-a6f5-1b9718822a56"},{"element-6066-11e4-a52e-4f735466cecf":"88b6fefb-b6c3-4cdd-b07d-9adb600969a7"},{"element-6066-11e4-a52e-4f735466cecf":"cf08dd56-d26e-40da-9efc-02231053ee1a"},{"element-6066-11e4-a52e-4f735466cecf":"b77bfe64-cee1-4da3-8fd6-b80063a0554d"},{"element-6066-11e4-a52e-4f735466cecf":"d73791e3-af81-4200-8472-9e775a4fff5a"},{"element-6066-11e4-a52e-4f735466cecf":"d7070bc3-2f7c-48c9-b3fe-28a9f142ef95"},{"element-6066-11e4-a52e-4f735466cecf":"14732c91-1310-4548-bf85-9ecda330b5ea"},{"element-6066-11e4-a52e-4f735466cecf":"d8c2a721-1adb-4780-87b6-93626f448bcc"},{"element-6066-11e4-a52e-4f735466cecf":"d93e0fbb-fdda-40ed-b331-511f7f4c26ca"},{"element-6066-11e4-a52e-4f735466cecf":"92bfad61-e0a7-45cd-a956-0e14de894fef"},{"element-6066-11e4-a52e-4f735466cecf":"a9d3cd00-c412-4de2-9a61-ce41d53c2829"},{"element-6066-11e4-a52e-4f735466cecf":"2d854ca1-c8af-4610-a988-7031a94e314e"},{"element-6066-11e4-a52e-4f735466cecf":"8a634756-b308-478b-907d-76d793f71f5b"},{"element-6066-11e4-a52e-4f735466cecf":"c6eaa467-74b4-4200-82d7-31e796a137c6"},{"element-6066-11e4-a52e-4f735466cecf":"24934ea8-f1c9-4e44-b0cb-42bcdfa53883"},{"element-6066-11e4-a52e-4f735466cecf":"16e87022-4b9e-4796-acc6-57b0416e2af1"},{"element-6066-11e4-a52e-4f735466cecf":"bfad410f-6add-44ce-ac7f-c21d28cae6e2"},{"element-6066-11e4-a52e-4f735466cecf":"d6512afe-a2c9-453a-8357-eda21b86da0e"},{"element-6066-11e4-a52e-4f735466cecf":"b638006b-1c8a-4d49-8314-5a5b344b9ddc"},{"element-6066-11e4-a52e-4f735466cecf":"61ca498d-2e93-479c-97fb-379ff7b67336"},{"element-6066-11e4-a52e-4f735466cecf":"572cdb5a-e366-4a8b-bb10-edf1097c50fe"},{"element-6066-11e4-a52e-4f735466cecf":"e50b2e40-c618-4941-97f2-8c4727cc6dca"},{"element-6066-11e4-a52e-4f735466cecf":"e8822856-1720-4484-9047-fb1c51e81520"},{"element-6066-11e4-a52e-4f735466cecf":"75a500f1-c491-41bb-b5f4-f9fa7eeb3c02"},{"element-6066-11e4-a52e-4f735466cecf":"bc6421f8-0215-4b4f-808a-811939c15883"},{"element-6066-11e4-a52e-4f735466cecf":"79632ed0-50aa-422e-be88-786a5b2cde1a"},{"element-6066-11e4-a52e-4f735466cecf":"c480d1e1-f826-4f7b-bf53-fdb6cdbdb2f6"},{"element-6066-11e4-a52e-4f735466cecf":"28e84087-9913-4967-bd89-b603227eb220"},{"element-6066-11e4-a52e-4f735466cecf":"042ee835-e7e8-44ca-91be-0b1e1d50d4d9"},{"element-6066-11e4-a52e-4f735466cecf":"443d463c-fa51-460f-9fa3-c7e87e785a78"},{"element-6066-11e4-a52e-4f735466cecf":"6387f4bd-a58f-4155-89f3-1134296037e8"},{"element-6066-11e4-a52e-4f735466cecf":"077ae4f6-b98c-4d2c-902d-97729cc73844"},{"element-6066-11e4-a52e-4f735466cecf":"48a3ab1b-ef78-43f0-8978-371e943f6a90"},{"element-6066-11e4-a52e-4f735466cecf":"2c3e08d8-88d8-4d64-be91-b41fcd2aa8e0"},{"element-6066-11e4-a52e-4f735466cecf":"868819e1-eb14-4f3b-b684-95670de1ad24"},{"element-6066-11e4-a52e-4f735466cecf":"3d07caa4-6aec-4fef-887f-d057ab1a9f46"},{"element-6066-11e4-a52e-4f735466cecf":"a0e225d2-6fec-4560-91f8-7430d883ffd2"},{"element-6066-11e4-a52e-4f735466cecf":"cf72b305-7c97-48ba-bfd3-cf55adafee13"},{"element-6066-11e4-a52e-4f735466cecf":"16fbc482-c3b7-4525-be6a-654bf63e16b3"},{"element-6066-11e4-a52e-4f735466cecf":"6a5f134d-6a64-4930-9b18-c8deeb12cef7"},{"element-6066-11e4-a52e-4f735466cecf":"dced3137-c8ae-4e83-9bc9-182f1e6fad68"},{"element-6066-11e4-a52e-4f735466cecf":"ad0944ff-2a36-4b1e-98d5-7a795cff625c"},{"element-6066-11e4-a52e-4f735466cecf":"ef52449b-6acf-4846-918d-a3bcb16232f1"},{"element-6066-11e4-a52e-4f735466cecf":"d7b94f3c-e5c4-44a3-99ce-01c4916ed094"},{"element-6066-11e4-a52e-4f735466cecf":"0209cb33-cf0b-4f44-bc57-348d0b7d1d3a"},{"element-6066-11e4-a52e-4f735466cecf":"85c4d58e-d03f-4c9d-bb5a-58bcfa58ddc2"},{"element-6066-11e4-a52e-4f735466cecf":"99831a28-9ac7-49a0-9cf2-d91355d1c182"},{"element-6066-11e4-a52e-4f735466cecf":"37a633d1-9d54-4c7c-8942-766baad2cac4"},{"element-6066-11e4-a52e-4f735466cecf":"d969f78e-76d7-4c55-ba39-df0e60281dc3"},{"element-6066-11e4-a52e-4f735466cecf":"5c25ff0b-79b2-4171-88f0-580b0ef51a0a"},{"element-6066-11e4-a52e-4f735466cecf":"d2fd90d1-1203-4eda-a806-b118cfe6eaeb"},{"element-6066-11e4-a52e-4f735466cecf":"1edbd1dd-d6cf-432b-b5ac-d8170f7091fb"},{"element-6066-11e4-a52e-4f735466cecf":"45c3c4c0-dfd6-4bdd-a556-cfd3b254a7de"},{"element-6066-11e4-a52e-4f735466cecf":"36adc1ab-e55c-4902-b6f2-c83546015f6a"},{"element-6066-11e4-a52e-4f735466cecf":"02cbce4c-9cf1-4524-9990-7502761de30d"},{"element-6066-11e4-a52e-4f735466cecf":"383de9c5-7bb4-4c34-80a5-226fdfe85630"},{"element-6066-11e4-a52e-4f735466cecf":"e1c43908-1b53-4a86-9d96-69a8a9b67447"},{"element-6066-11e4-a52e-4f735466cecf":"3ef90ddc-0249-4361-af98-acbe1cc40cd3"},{"element-6066-11e4-a52e-4f735466cecf":"e57196a8-ee15-412f-8ead-974d553210a4"},{"element-6066-11e4-a52e-4f735466cecf":"2f3abc33-01a3-4e77-b2fa-29f740ec5e39"},{"element-6066-11e4-a52e-4f735466cecf":"9afe70ba-7f30-4fe4-9bb9-99fc09e31720"},{"element-6066-11e4-a52e-4f735466cecf":"639f7038-8551-454a-b1bb-6c2b476acf8f"},{"element-6066-11e4-a52e-4f735466cecf":"521a6f6d-93f5-418b-a35e-8ed74f3c6ff3"},{"element-6066-11e4-a52e-4f735466cecf":"63f42b73-f0c6-45a2-bcbe-5a1c92395b27"},{"element-6066-11e4-a52e-4f735466cecf":"e5fc9af4-1f65-4e86-a2cc-1d93460997c5"},{"element-6066-11e4-a52e-4f735466cecf":"719190a0-5e60-4036-8f85-71fc0315eea1"},{"element-6066-11e4-a52e-4f735466cecf":"a1d5159d-d634-4545-8327-f53072f1d67a"},{"element-6066-11e4-a52e-4f735466cecf":"7eb6ffdc-aded-483e-bd6e-f274f4fbe60b"},{"element-6066-11e4-a52e-4f735466cecf":"57e42a46-30be-4026-bd4d-c0d6be291e87"},{"element-6066-11e4-a52e-4f735466cecf":"440e8702-88a7-4a22-86f5-d2363e51ce70"},{"element-6066-11e4-a52e-4f735466cecf":"5e265132-cd9f-41d7-b56f-633497a8420e"},{"element-6066-11e4-a52e-4f735466cecf":"455f717c-9ec2-4353-8552-7cd71c8e2cdd"},{"element-6066-11e4-a52e-4f735466cecf":"83796aff-2666-4353-abff-ddcbda95bfcb"},{"element-6066-11e4-a52e-4f735466cecf":"345aec79-4d3b-441d-beaf-f3c7e71bd405"},{"element-6066-11e4-a52e-4f735466cecf":"b836f8a1-588e-474c-bfc1-b4c1e3d54a3c"},{"element-6066-11e4-a52e-4f735466cecf":"45deb5d5-cc48-4181-956a-4cd0bfb5c628"},{"element-6066-11e4-a52e-4f735466cecf":"fbe756f2-1059-4a9f-b186-4b1b34d73916"},{"element-6066-11e4-a52e-4f735466cecf":"151ba5b2-ef82-4569-9902-1e00ea428f5e"},{"element-6066-11e4-a52e-4f735466cecf":"ddc0696f-03b1-47b3-9d2f-40a859c1ac6d"},{"element-6066-11e4-a52e-4f735466cecf":"0a7a47ae-a86a-4260-b565-15313d1d988d"},{"element-6066-11e4-a52e-4f735466cecf":"2e1c5336-df11-4153-af40-4680600b0e54"},{"element-6066-11e4-a52e-4f735466cecf":"94dc7483-248b-4538-9510-a9475b7668e6"},{"element-6066-11e4-a52e-4f735466cecf":"28fe017e-1194-46f2-9e82-b0cf35195cfb"},{"element-6066-11e4-a52e-4f735466cecf":"e50709ac-a97f-494f-9ab8-6aff4be877bc"},{"element-6066-11e4-a52e-4f735466cecf":"60a7608d-37aa-4d71-8e86-79fba0c2210e"},{"element-6066-11e4-a52e-4f735466cecf":"77bb5bc0-dfc6-40d3-8bd8-99c72ce53b30"},{"element-6066-11e4-a52e-4f735466cecf":"4b863df9-acc2-4a76-aac1-41ffe1f5393f"},{"element-6066-11e4-a52e-4f735466cecf":"d4056d0a-b030-43c5-8f68-8b0f9bffc4d0"},{"element-6066-11e4-a52e-4f735466cecf":"abcb6da8-2666-4e7c-b381-00214567c9ad"},{"element-6066-11e4-a52e-4f735466cecf":"2d3a6510-26eb-45fe-a8bc-1a8145812813"},{"element-6066-11e4-a52e-4f735466cecf":"94a8ce79-96b3-4623-ae0f-a52b48a33cdd"},{"element-6066-11e4-a52e-4f735466cecf":"884250c5-3538-4be2-a5c0-bc2f879736d4"},{"element-6066-11e4-a52e-4f735466cecf":"f1ba73a7-2cda-4077-b0d5-f4e1cb79f862"},{"element-6066-11e4-a52e-4f735466cecf":"3b300c06-0061-4535-9e1d-005c288a0b72"},{"element-6066-11e4-a52e-4f735466cecf":"6e6edf5e-1c8f-4da2-be77-2b3d81aa6aa6"},{"element-6066-11e4-a52e-4f735466cecf":"18ccc577-7330-4a09-9ac1-f8ea406812ab"},{"element-6066-11e4-a52e-4f735466cecf":"be497120-25fc-4d0a-973e-6652a0ffc0d0"},{"element-6066-11e4-a52e-4f735466cecf":"3428c920-2d96-4518-82e5-8ff290021d52"},{"element-6066-11e4-a52e-4f735466cecf":"6a1869c7-8c50-4746-bf25-5a38a6725259"},{"element-6066-11e4-a52e-4f735466cecf":"9eac0d97-3505-488d-afd8-976d74820201"},{"element-6066-11e4-a52e-4f735466cecf":"ddfc81fa-1905-417d-9a84-1d276f0b1ca9"},{"element-6066-11e4-a52e-4f735466cecf":"17083f8f-ea86-4d81-9722-5ff38b301b39"},{"element-6066-11e4-a52e-4f735466cecf":"ca3ad664-8c0f-49e4-a27d-b93ea27a7782"},{"element-6066-11e4-a52e-4f735466cecf":"5d477a33-6b31-43da-91a1-0d412b47f088"},{"element-6066-11e4-a52e-4f735466cecf":"01bed806-9fc5-4186-8c02-00f02a05458b"},{"element-6066-11e4-a52e-4f735466cecf":"18032543-f665-485c-884a-1a191f777cbe"},{"element-6066-11e4-a52e-4f735466cecf":"69ef4bc9-1ae0-4df4-92e2-d2acc93e721f"},{"element-6066-11e4-a52e-4f735466cecf":"a613c8dc-be62-430d-a702-1b6ec12518b1"},{"element-6066-11e4-a52e-4f735466cecf":"38db3bb0-2129-4aea-a3ea-cd737ac0320b"},{"element-6066-11e4-a52e-4f735466cecf":"dcedbd55-a19f-4408-b50a-4a7666dbe9f1"},{"element-6066-11e4-a52e-4f735466cecf":"4de62b8b-cff6-4e6a-b6a7-639a52977c93"},{"element-6066-11e4-a52e-4f735466cecf":"c2022b37-b796-4651-a6c6-328a77163d66"},{"element-6066-11e4-a52e-4f735466cecf":"7fb3cfa7-c4a6-4657-a79f-d3a680180fca"},{"element-6066-11e4-a52e-4f735466cecf":"a705f7d6-8e45-4876-b80d-f0e58bc0606b"},{"element-6066-11e4-a52e-4f735466cecf":"8817ba4b-13f0-41f4-8eb9-ed153843c34e"},{"element-6066-11e4-a52e-4f735466cecf":"ede76c36-66f2-48f5-8bf4-3c24cb9f111b"},{"element-6066-11e4-a52e-4f735466cecf":"561bd50a-49c0-43ad-90dd-2ef9b9360921"},{"element-6066-11e4-a52e-4f735466cecf":"fc40ba0d-81b5-4b5d-9047-6c22b416b9b1"},{"element-6066-11e4-a52e-4f735466cecf":"ca783301-5285-41dc-8538-f5ab098de8f5"},{"element-6066-11e4-a52e-4f735466cecf":"680a8931-1f37-4d7a-acdf-f040a64b4d96"},{"element-6066-11e4-a52e-4f735466cecf":"9948ca25-e4fc-4f24-86fd-d96ecec18adc"},{"element-6066-11e4-a52e-4f735466cecf":"18341b13-6d05-4702-b026-107214239bee"},{"element-6066-11e4-a52e-4f735466cecf":"06baac08-ed08-46ae-8fa6-2e11fa12c7e6"},{"element-6066-11e4-a52e-4f735466cecf":"a793f6b9-9dde-4de9-aff1-889922ff609f"},{"element-6066-11e4-a52e-4f735466cecf":"590f9d42-0560-4437-8ee5-fd1064965a88"},{"element-6066-11e4-a52e-4f735466cecf":"abbf3a1d-812a-4786-801d-b61bb2ce7ead"},{"element-6066-11e4-a52e-4f735466cecf":"b787d8d1-18e3-4f47-a425-44904a1e9d4b"},{"element-6066-11e4-a52e-4f735466cecf":"2a1773c9-dac9-4b67-8f68-a965337b6a82"},{"element-6066-11e4-a52e-4f735466cecf":"2e801222-ad7b-4771-88f7-8708b0e178e0"},{"element-6066-11e4-a52e-4f735466cecf":"1106a522-1d3f-4f3f-b516-dcf2c248b0a8"},{"element-6066-11e4-a52e-4f735466cecf":"0fe4b321-13d2-4cef-8ec6-8dd146f63614"},{"element-6066-11e4-a52e-4f735466cecf":"45046429-40da-4ca3-add4-b5b3351bc766"},{"element-6066-11e4-a52e-4f735466cecf":"63e69eef-af71-41d8-ba42-7f7dc52bb988"},{"element-6066-11e4-a52e-4f735466cecf":"9ec48795-ac0d-44bb-89c5-4ca81a7d29fd"},{"element-6066-11e4-a52e-4f735466cecf":"a0af2e51-828d-423d-9226-29be8bac33e6"},{"element-6066-11e4-a52e-4f735466cecf":"f9ad3e55-0004-4301-801a-b85675e65494"},{"element-6066-11e4-a52e-4f735466cecf":"044a9fd1-69dc-4f84-9b82-0ebdbf838496"},{"element-6066-11e4-a52e-4f735466cecf":"246a2604-6736-45ee-a851-7ad25bf1ca1d"},{"element-6066-11e4-a52e-4f735466cecf":"6835594e-1a93-460a-b12e-0b5e77eaa692"},{"element-6066-11e4-a52e-4f735466cecf":"afc72b28-cfc0-48ae-8837-fb1fb383d940"},{"element-6066-11e4-a52e-4f735466cecf":"86b9ba95-0a0a-4685-b794-923eb6c2ce9f"},{"element-6066-11e4-a52e-4f735466cecf":"c197fa4d-8663-456a-99d0-2c7f755e28ce"},{"element-6066-11e4-a52e-4f735466cecf":"768a157a-d4ce-4de0-bec2-b039c929b637"},{"element-6066-11e4-a52e-4f735466cecf":"56c8b21f-9462-42c0-8e5c-85ec52450144"},{"element-6066-11e4-a52e-4f735466cecf":"7dbd9520-4c38-4c3d-87ad-c03474954c20"},{"element-6066-11e4-a52e-4f735466cecf":"e8a18a96-2ca4-4464-9009-c4b422aa6d50"},{"element-6066-11e4-a52e-4f735466cecf":"3de6a14e-1377-487d-951b-36a76bcd6781"},{"element-6066-11e4-a52e-4f735466cecf":"fc344f2c-7b8a-453d-8a6c-fb6f79e6865f"},{"element-6066-11e4-a52e-4f735466cecf":"42d512ad-8894-4301-a3fa-bf830dd1d837"},{"element-6066-11e4-a52e-4f735466cecf":"ed140845-9217-45d0-a4dc-ecf0869fc139"},{"element-6066-11e4-a52e-4f735466cecf":"118264f9-f383-4e64-81fb-7fb30789b008"},{"element-6066-11e4-a52e-4f735466cecf":"69ef7bba-36d0-4016-9228-56e5114cd65e"},{"element-6066-11e4-a52e-4f735466cecf":"9ef3113c-f119-4b18-af67-b33c30900dd5"},{"element-6066-11e4-a52e-4f735466cecf":"66148eb4-54da-4e0c-a186-1e385b8eb554"},{"element-6066-11e4-a52e-4f735466cecf":"a282eac6-f581-471b-a0cc-bab0b3612a38"},{"element-6066-11e4-a52e-4f735466cecf":"a2921922-eaed-4a4f-a0e1-1d5e6e2b63b1"},{"element-6066-11e4-a52e-4f735466cecf":"68d80d0c-5384-4ca5-b35a-fdf5bc127a6e"},{"element-6066-11e4-a52e-4f735466cecf":"1e9ab37b-7fb1-42a2-84d8-f9cadc8d28a2"},{"element-6066-11e4-a52e-4f735466cecf":"57d491da-dec2-429e-8d6e-93ca78474d5d"},{"element-6066-11e4-a52e-4f735466cecf":"422666ef-6d15-421c-bfc4-e2265517e19f"},{"element-6066-11e4-a52e-4f735466cecf":"15cc7aec-dd00-407b-bd00-a190efa6bf0b"},{"element-6066-11e4-a52e-4f735466cecf":"119c9a2b-9312-4a07-b623-b5a56fd65750"},{"element-6066-11e4-a52e-4f735466cecf":"2aa2383f-30d4-4347-9122-7b1791f08532"},{"element-6066-11e4-a52e-4f735466cecf":"c3f9bb4b-8535-4ce1-add0-e8aef86bdb52"},{"element-6066-11e4-a52e-4f735466cecf":"9707dc8b-6af9-4c52-9086-24798ae94134"},{"element-6066-11e4-a52e-4f735466cecf":"e4d4f9bb-6ebb-4ecb-96a6-924900dfeedc"},{"element-6066-11e4-a52e-4f735466cecf":"5a51b242-ff40-4c0f-bee3-8a3b5da9b68d"},{"element-6066-11e4-a52e-4f735466cecf":"4c2d19b1-6eb6-4c9a-b1bb-418a2440f518"},{"element-6066-11e4-a52e-4f735466cecf":"e23b3516-aaa6-4ee7-a846-842dc2eb0126"},{"element-6066-11e4-a52e-4f735466cecf":"21db55eb-21b8-4e4e-8ab4-bbac4530afdd"},{"element-6066-11e4-a52e-4f735466cecf":"e5240df0-da6e-40d2-abc0-1ecc20cb549b"},{"element-6066-11e4-a52e-4f735466cecf":"cb76bd1a-781e-4d79-ac0c-08e677c4a51f"},{"element-6066-11e4-a52e-4f735466cecf":"aa87ab43-44bd-4163-9949-d2a4667651fb"},{"element-6066-11e4-a52e-4f735466cecf":"37b9245c-7baa-4372-83f5-3e4b70c7191e"},{"element-6066-11e4-a52e-4f735466cecf":"7bc7fad2-f702-4740-9066-36a008606239"},{"element-6066-11e4-a52e-4f735466cecf":"4d9958c9-2396-4d4d-b92c-45978f20e2cc"},{"element-6066-11e4-a52e-4f735466cecf":"5b49d276-687c-48b9-ad5a-5459419f2a76"},{"element-6066-11e4-a52e-4f735466cecf":"ac3769c4-ef80-4412-9601-79eb1a4409e0"},{"element-6066-11e4-a52e-4f735466cecf":"b7e9624e-4a5d-431c-9793-20bcad66bb41"},{"element-6066-11e4-a52e-4f735466cecf":"698e0765-9be7-4574-8008-ee626ebe9013"},{"element-6066-11e4-a52e-4f735466cecf":"a6e30472-0810-4065-85cc-fc6f055368b8"},{"element-6066-11e4-a52e-4f735466cecf":"ede84069-c52c-4a39-8af1-2ea14e04e67c"},{"element-6066-11e4-a52e-4f735466cecf":"632fe7df-ab86-4ced-a0c8-e69e9fb62bcf"},{"element-6066-11e4-a52e-4f735466cecf":"e0fa3a57-71f9-4b53-8582-25a67bee735e"},{"element-6066-11e4-a52e-4f735466cecf":"68eae740-de72-4508-bef3-db841b37624f"},{"element-6066-11e4-a52e-4f735466cecf":"d5f9a907-0b0e-4500-b767-9c1ccf880888"},{"element-6066-11e4-a52e-4f735466cecf":"94ecab13-4c23-459d-8657-08d5108a693c"},{"element-6066-11e4-a52e-4f735466cecf":"27fd33c5-eaee-4e68-9ba7-444bcfad7c76"},{"element-6066-11e4-a52e-4f735466cecf":"2a35f12c-3cc0-4c43-98b5-20936d2f9a89"},{"element-6066-11e4-a52e-4f735466cecf":"17b2edee-9574-48f9-b11d-e9f633fea7ab"},{"element-6066-11e4-a52e-4f735466cecf":"3b3bb13f-d6a9-4e40-94f8-74241eef3526"},{"element-6066-11e4-a52e-4f735466cecf":"2b7ce5a0-109e-4045-b2da-7ce698a4b5be"},{"element-6066-11e4-a52e-4f735466cecf":"1cfc2c8e-0038-4def-b8ca-13befd090b9c"},{"element-6066-11e4-a52e-4f735466cecf":"b10c522e-11e0-4848-8104-a338878b33fe"},{"element-6066-11e4-a52e-4f735466cecf":"cc9795f3-cb9e-4fa9-8b5f-9953c267169b"},{"element-6066-11e4-a52e-4f735466cecf":"440249fc-f179-47ab-a136-b947da8e4cdf"},{"element-6066-11e4-a52e-4f735466cecf":"db5a1aef-9106-481a-9264-29d05f9609f4"},{"element-6066-11e4-a52e-4f735466cecf":"51422bc0-f85a-47be-b485-1e4e467b3acf"},{"element-6066-11e4-a52e-4f735466cecf":"2749784a-06fb-47a9-8ef5-a83ab943a39d"},{"element-6066-11e4-a52e-4f735466cecf":"88cfbba9-2bc0-4fa4-a1ab-13d0734dda6e"},{"element-6066-11e4-a52e-4f735466cecf":"b9b56ea9-8569-4467-8225-d6c5b80a4185"},{"element-6066-11e4-a52e-4f735466cecf":"d3a7b7fc-fc31-47ff-8835-3ee208e9cd5d"},{"element-6066-11e4-a52e-4f735466cecf":"e76d34c2-e902-4512-8678-d2418d700983"},{"element-6066-11e4-a52e-4f735466cecf":"9fb6680c-f034-430e-8a4c-d965a0f7c1af"},{"element-6066-11e4-a52e-4f735466cecf":"305ac8e5-328f-4a40-8685-e3ac0fe969f9"},{"element-6066-11e4-a52e-4f735466cecf":"8ffb6ff4-a95b-44c7-9068-5ee85e060224"},{"element-6066-11e4-a52e-4f735466cecf":"4bff7c44-ad9b-4832-b888-ed2ba5e72993"},{"element-6066-11e4-a52e-4f735466cecf":"fb783de0-8cc5-4974-b50c-ccb8061a209b"},{"element-6066-11e4-a52e-4f735466cecf":"d7021ea3-552a-4b31-a77b-b42276ece947"},{"element-6066-11e4-a52e-4f735466cecf":"fbb5db29-b643-4ace-90bd-e12cd0345190"},{"element-6066-11e4-a52e-4f735466cecf":"994362b8-8d6a-45af-8b07-46170a73a250"},{"element-6066-11e4-a52e-4f735466cecf":"e75083c3-1d29-4ae5-8fcf-f16211b0ad21"},{"element-6066-11e4-a52e-4f735466cecf":"93a41dba-be66-48bf-8a19-51d0fefc41a9"},{"element-6066-11e4-a52e-4f735466cecf":"ee24be6d-d04c-476d-8e2e-4205caf9ca98"},{"element-6066-11e4-a52e-4f735466cecf":"389596eb-d46b-4f5a-86f6-faad326a6e01"},{"element-6066-11e4-a52e-4f735466cecf":"152c91d0-8bbf-40cc-afc6-3c4defaf4dc1"},{"element-6066-11e4-a52e-4f735466cecf":"856e9450-8cf9-44e5-b99a-6fe87c1da733"},{"element-6066-11e4-a52e-4f735466cecf":"344b31b4-d691-40ac-aaf0-c99cd1f04303"},{"element-6066-11e4-a52e-4f735466cecf":"77be880f-d191-492f-aa6b-487309e1d283"},{"element-6066-11e4-a52e-4f735466cecf":"bd990901-c259-404b-8cd3-c05698d1b25b"},{"element-6066-11e4-a52e-4f735466cecf":"788bc910-3342-4e86-b383-307dfd6ef9b3"},{"element-6066-11e4-a52e-4f735466cecf":"c97bc028-1d37-4a5c-bcc9-17657576e3fd"},{"element-6066-11e4-a52e-4f735466cecf":"836f73a4-6311-412a-bdac-9f8b33319d3c"},{"element-6066-11e4-a52e-4f735466cecf":"703f841d-7e5d-4125-ac8a-7cd7a4b3cce2"},{"element-6066-11e4-a52e-4f735466cecf":"b40c4754-c0ed-472a-ba0c-efc7eb991fa9"},{"element-6066-11e4-a52e-4f735466cecf":"9e870a33-2fd7-4878-98a2-9a7a43a86687"},{"element-6066-11e4-a52e-4f735466cecf":"35dd7bf8-8cc6-4fc0-8e47-f02cd3d2dcea"},{"element-6066-11e4-a52e-4f735466cecf":"27d98e93-88ce-4aa4-a87c-5ef2978cb6cd"},{"element-6066-11e4-a52e-4f735466cecf":"f9a46ea2-ae78-4255-944a-9c3f050bfe64"},{"element-6066-11e4-a52e-4f735466cecf":"b0cf7df6-c304-4eda-bf77-1daa25e0ebb4"},{"element-6066-11e4-a52e-4f735466cecf":"2631fb2c-9b72-42dc-b677-a5d338a12daa"},{"element-6066-11e4-a52e-4f735466cecf":"ddfb0b8e-2c97-4ddb-b9a1-b5db1eb37f4b"},{"element-6066-11e4-a52e-4f735466cecf":"e225b541-02d8-4e48-a04c-a344615346a2"},{"element-6066-11e4-a52e-4f735466cecf":"837e4ab3-cfaa-4da4-9b68-f8cf2f73caaf"},{"element-6066-11e4-a52e-4f735466cecf":"39c6c96e-2271-425f-a38b-ff7b0f469e0e"},{"element-6066-11e4-a52e-4f735466cecf":"85626d27-f00a-47c2-80b7-4e732edad5c8"},{"element-6066-11e4-a52e-4f735466cecf":"4bbdbb97-2199-4179-ad7f-467b834e879b"},{"element-6066-11e4-a52e-4f735466cecf":"a96bae7d-6c09-4614-93ad-1c47aaa50df8"},{"element-6066-11e4-a52e-4f735466cecf":"d17084a7-6a38-44d0-8ba8-d49662c00f01"},{"element-6066-11e4-a52e-4f735466cecf":"33b621f9-3167-4f82-8f82-f4ce930c0341"},{"element-6066-11e4-a52e-4f735466cecf":"fbdb2cea-f5e8-4140-8a53-61bbead6257b"},{"element-6066-11e4-a52e-4f735466cecf":"76b8a280-b570-45bd-8213-cd11a85d0244"},{"element-6066-11e4-a52e-4f735466cecf":"1a630a45-6dfb-46b1-acca-ff11a071ca1b"},{"element-6066-11e4-a52e-4f735466cecf":"e86fa1fe-c42c-4347-a3aa-2ddc18e4009a"},{"element-6066-11e4-a52e-4f735466cecf":"86eae10d-b02e-42ab-90b1-ec90abd7a551"},{"element-6066-11e4-a52e-4f735466cecf":"be3df2d0-c878-4eca-8be7-194a007ac2b9"},{"element-6066-11e4-a52e-4f735466cecf":"f33b4865-8d2a-41a4-b317-69efb04e326c"},{"element-6066-11e4-a52e-4f735466cecf":"faef844f-18b3-43fe-b90b-64e370326bb1"},{"element-6066-11e4-a52e-4f735466cecf":"eb3e6327-4193-425f-b255-c8a84dfbfaad"},{"element-6066-11e4-a52e-4f735466cecf":"ca0d360d-f1f6-4097-9a30-71e145ddfab5"},{"element-6066-11e4-a52e-4f735466cecf":"0ed7b804-a03d-41c4-8bd6-a8ffbc37bb37"},{"element-6066-11e4-a52e-4f735466cecf":"dd0230f2-66a6-49eb-ba4c-c2cb07c83449"},{"element-6066-11e4-a52e-4f735466cecf":"c34867e9-de69-4fc3-9839-2d35bd20a8fe"},{"element-6066-11e4-a52e-4f735466cecf":"8dd163ba-271d-4daf-84a3-0233e9841251"},{"element-6066-11e4-a52e-4f735466cecf":"1b9a2b78-778f-400f-8146-5c2eeb020fcf"},{"element-6066-11e4-a52e-4f735466cecf":"763c31fc-1660-49f2-9c22-3ee681d47fce"},{"element-6066-11e4-a52e-4f735466cecf":"a95f34e2-41ed-4ff3-9a5c-3492ab5f305f"},{"element-6066-11e4-a52e-4f735466cecf":"4c6092ad-4750-43a3-8ca7-887c8c57ff20"},{"element-6066-11e4-a52e-4f735466cecf":"0aab06a7-f3f9-4af9-92f2-4412979b070a"},{"element-6066-11e4-a52e-4f735466cecf":"81bf7053-454e-45a3-b6e0-285e0c7316c9"},{"element-6066-11e4-a52e-4f735466cecf":"601ba82a-28bd-4f68-9e0e-8e563a7c504c"},{"element-6066-11e4-a52e-4f735466cecf":"1a05ebdf-5ac9-4406-92b7-d94d7dcafea6"},{"element-6066-11e4-a52e-4f735466cecf":"6d3d1033-11cc-40b2-8ba3-4f6282dd5464"},{"element-6066-11e4-a52e-4f735466cecf":"09832001-c506-4789-9455-dfe1ebb1a4c2"},{"element-6066-11e4-a52e-4f735466cecf":"e9b95249-0946-4b35-8bea-d9abd89f8dc3"},{"element-6066-11e4-a52e-4f735466cecf":"97538221-545c-4536-86eb-c6effa944a2d"},{"element-6066-11e4-a52e-4f735466cecf":"10eacc69-45b0-4d2f-9507-81f9f52a39d9"},{"element-6066-11e4-a52e-4f735466cecf":"086c0aa3-569d-464e-b22b-b7b531dd69bf"},{"element-6066-11e4-a52e-4f735466cecf":"8aae6ea5-65c4-4909-8fd8-852ae6ecc48e"},{"element-6066-11e4-a52e-4f735466cecf":"85f1fe66-76b8-4ac6-93e0-c95f15474ffe"},{"element-6066-11e4-a52e-4f735466cecf":"61667d35-f873-4bac-8bf5-1d60fd2982cd"},{"element-6066-11e4-a52e-4f735466cecf":"82439f28-cb33-431a-ab71-985e9a9b4900"},{"element-6066-11e4-a52e-4f735466cecf":"687e9047-a331-4a59-981c-ea2cc7e048f0"},{"element-6066-11e4-a52e-4f735466cecf":"d43e5ab8-4f0b-48a6-a83b-3c570c75c9c1"},{"element-6066-11e4-a52e-4f735466cecf":"fc080442-fabb-41ea-a6c0-2dc97e419bcb"},{"element-6066-11e4-a52e-4f735466cecf":"af34a35a-d2d4-4fd2-8804-91462cad289c"},{"element-6066-11e4-a52e-4f735466cecf":"24485e2a-cb00-4b07-8169-a0e589f8ee27"},{"element-6066-11e4-a52e-4f735466cecf":"b230f690-6f1a-4315-83a1-3cd719c7b1e8"},{"element-6066-11e4-a52e-4f735466cecf":"b7c5533d-1a40-4026-abb8-edd07cb7a40b"},{"element-6066-11e4-a52e-4f735466cecf":"7dd10148-3034-4f6a-8510-59641b9a0539"},{"element-6066-11e4-a52e-4f735466cecf":"2bb756ae-93be-4a8b-938c-f0a84d0136de"},{"element-6066-11e4-a52e-4f735466cecf":"748caad1-d622-40a4-93df-8f05035f8131"},{"element-6066-11e4-a52e-4f735466cecf":"8fe747f9-5bfd-4c60-a274-7ab0de750f7e"},{"element-6066-11e4-a52e-4f735466cecf":"8c0458ec-a616-4e56-b75b-7ddf76fa760a"},{"element-6066-11e4-a52e-4f735466cecf":"e33f5ac9-c2f2-45c5-b55e-c49d19aa4c1e"},{"element-6066-11e4-a52e-4f735466cecf":"6ad049b3-8ccf-41d7-80bc-1efa5a68b824"},{"element-6066-11e4-a52e-4f735466cecf":"7bfbcfe7-5d83-4f88-9374-161fab4367df"},{"element-6066-11e4-a52e-4f735466cecf":"4acfe28c-585f-4006-9782-079e860cbc18"},{"element-6066-11e4-a52e-4f735466cecf":"daa18208-0930-4c23-871e-328e90c68cd4"},{"element-6066-11e4-a52e-4f735466cecf":"219d14ba-0035-405a-83f4-3cb5abcd42ce"},{"element-6066-11e4-a52e-4f735466cecf":"a3f115d1-a255-424f-a4e5-ea79ab5d0d4d"},{"element-6066-11e4-a52e-4f735466cecf":"ddbc34bd-1375-42ba-b9c0-90d0e47011d2"},{"element-6066-11e4-a52e-4f735466cecf":"7f1951f3-5c7d-4338-9201-716ad0b7e4a2"},{"element-6066-11e4-a52e-4f735466cecf":"9be90b4d-dd47-4c8f-a9f7-fbdf7d8b4be2"},{"element-6066-11e4-a52e-4f735466cecf":"697fb0c9-c066-4fd9-92f2-cf235f825987"},{"element-6066-11e4-a52e-4f735466cecf":"20b46a74-b71f-4ed9-8a2d-71749daca70e"},{"element-6066-11e4-a52e-4f735466cecf":"e452ddc4-3766-4579-9126-97fd59f37863"},{"element-6066-11e4-a52e-4f735466cecf":"51265b2a-86d6-4473-949e-fc70227572b8"},{"element-6066-11e4-a52e-4f735466cecf":"86733905-9a38-4395-98d6-231f9f77ce52"},{"element-6066-11e4-a52e-4f735466cecf":"2c342d73-2856-4f08-97ea-6d6bdd18a31a"},{"element-6066-11e4-a52e-4f735466cecf":"4d6adc7c-1d46-4b52-807b-dac309b127ce"},{"element-6066-11e4-a52e-4f735466cecf":"00c1340c-dd3e-4b4a-b84c-78873d62b1b7"},{"element-6066-11e4-a52e-4f735466cecf":"f52e6e1a-26e8-4710-ba84-37cdd18f877d"},{"element-6066-11e4-a52e-4f735466cecf":"05f2de7e-c0bf-4361-af4c-783d94456210"},{"element-6066-11e4-a52e-4f735466cecf":"6cadbb4f-4cc0-4bd7-8f53-c0d03a141caa"},{"element-6066-11e4-a52e-4f735466cecf":"b8288f29-ca07-434e-a23e-3bb1275369b9"},{"element-6066-11e4-a52e-4f735466cecf":"aa00f6a2-57b9-408b-af06-2ffc66202e9a"},{"element-6066-11e4-a52e-4f735466cecf":"72bc03ed-1ce2-4c71-b948-4b0178380d00"},{"element-6066-11e4-a52e-4f735466cecf":"b3585dbf-ba9e-43d5-955d-cdb65816c872"},{"element-6066-11e4-a52e-4f735466cecf":"344a0484-df27-4a12-832c-d872be9d86fc"},{"element-6066-11e4-a52e-4f735466cecf":"13d6f690-2526-406e-9dc4-5f1c6701edd6"},{"element-6066-11e4-a52e-4f735466cecf":"a80d23e9-1827-4631-a87b-b668f27b18fb"},{"element-6066-11e4-a52e-4f735466cecf":"3c8263d4-e229-438e-b77c-ee42f9c01e80"},{"element-6066-11e4-a52e-4f735466cecf":"ba595d20-1cae-4563-bc28-667abeee3455"},{"element-6066-11e4-a52e-4f735466cecf":"0aea7367-b283-452c-81e6-52392f70f8c7"},{"element-6066-11e4-a52e-4f735466cecf":"0d2f295c-74e5-4293-b725-6c1edcc9884b"},{"element-6066-11e4-a52e-4f735466cecf":"44755733-e1de-4678-813e-8f195b910289"},{"element-6066-11e4-a52e-4f735466cecf":"d8d5d4d7-bf61-4f30-8f6c-e781735835c1"},{"element-6066-11e4-a52e-4f735466cecf":"e6e1b881-0ddb-4a21-a9d5-5f840f4ba9f9"},{"element-6066-11e4-a52e-4f735466cecf":"d8bb6bf9-fc43-4b85-aad3-df383c8b7959"},{"element-6066-11e4-a52e-4f735466cecf":"92323bc9-7747-4d3b-96c1-6e99e02595a3"},{"element-6066-11e4-a52e-4f735466cecf":"ec6af5d8-361e-41a4-9257-b60901627c75"},{"element-6066-11e4-a52e-4f735466cecf":"50ede562-2bf7-40a6-a150-8bc517f7eceb"},{"element-6066-11e4-a52e-4f735466cecf":"aee60f04-471c-492a-81d0-e98312f0d26a"},{"element-6066-11e4-a52e-4f735466cecf":"29557891-4118-4a1c-ad31-d1c34bcbae99"},{"element-6066-11e4-a52e-4f735466cecf":"4fd38a55-0639-4218-b89e-e1af36a512d7"},{"element-6066-11e4-a52e-4f735466cecf":"5828dca2-f4a3-40e7-91ed-8dbd70252326"},{"element-6066-11e4-a52e-4f735466cecf":"9ec6f3af-ec92-46b5-ad03-0945f6032b0d"},{"element-6066-11e4-a52e-4f735466cecf":"1c389032-d753-43b6-8413-a712350d7e70"},{"element-6066-11e4-a52e-4f735466cecf":"876cb270-4a36-477a-904b-8ce417037129"},{"element-6066-11e4-a52e-4f735466cecf":"6fe3f4ff-0080-40f3-9484-3c54070062f8"},{"element-6066-11e4-a52e-4f735466cecf":"bbbe2911-fbce-462d-82d1-207930f81326"},{"element-6066-11e4-a52e-4f735466cecf":"f8863cf6-d833-40c6-90dd-284ddc84af32"},{"element-6066-11e4-a52e-4f735466cecf":"97bdbc34-65ba-47dd-bfdc-2ba5b6b5541e"},{"element-6066-11e4-a52e-4f735466cecf":"7d714e28-9218-4977-a09f-4af2c47742e5"},{"element-6066-11e4-a52e-4f735466cecf":"6a774de2-c503-4bda-90b9-f40265dbc204"},{"element-6066-11e4-a52e-4f735466cecf":"f20aabd4-ad5e-4977-8657-93d4e6f1255f"},{"element-6066-11e4-a52e-4f735466cecf":"e1ab67b8-c200-49e6-b122-d0054591cade"},{"element-6066-11e4-a52e-4f735466cecf":"a2165805-f561-4529-a66d-bd6071d2f938"},{"element-6066-11e4-a52e-4f735466cecf":"73d90eee-3d47-4e51-a100-08529b8331db"},{"element-6066-11e4-a52e-4f735466cecf":"477efe22-0bfd-4c3b-ab6d-f4c6969c64bf"},{"element-6066-11e4-a52e-4f735466cecf":"cc2d7421-d49c-4872-a7c8-fd738cdb8a0f"},{"element-6066-11e4-a52e-4f735466cecf":"c88c3ddf-f41c-442c-9f5b-0f05d6610418"},{"element-6066-11e4-a52e-4f735466cecf":"cbe5cc28-70af-428d-966b-c23eec50c807"},{"element-6066-11e4-a52e-4f735466cecf":"61ae3156-7728-413a-9f4c-79d2a51dacbf"},{"element-6066-11e4-a52e-4f735466cecf":"ca966e58-bcec-4f72-85a5-e7924e7dff0c"},{"element-6066-11e4-a52e-4f735466cecf":"898084ec-22ca-4b30-b171-826398bbf242"},{"element-6066-11e4-a52e-4f735466cecf":"1cf671db-8356-4173-b907-464a0c7fc663"},{"element-6066-11e4-a52e-4f735466cecf":"ce488630-503c-402a-b156-6809e02f420e"},{"element-6066-11e4-a52e-4f735466cecf":"9f985a17-6bd3-415a-8c98-bb879e644464"},{"element-6066-11e4-a52e-4f735466cecf":"ca8b5bca-e27f-4089-b582-5872d1a1f261"},{"element-6066-11e4-a52e-4f735466cecf":"e19f0c4d-539f-4ae3-aeb2-ea48c058efa7"},{"element-6066-11e4-a52e-4f735466cecf":"5bbea228-24e0-45bb-8efb-5aa10ce10d21"},{"element-6066-11e4-a52e-4f735466cecf":"fe394ce0-2f50-4111-975b-e7f2c3ea23e8"},{"element-6066-11e4-a52e-4f735466cecf":"482905d0-e7c7-4631-b65f-7b78525810f0"},{"element-6066-11e4-a52e-4f735466cecf":"76ca2f19-abd3-4c7b-be93-111b9d645c1a"},{"element-6066-11e4-a52e-4f735466cecf":"33127aa0-4cac-4d80-9cb4-dba2e593d4c3"},{"element-6066-11e4-a52e-4f735466cecf":"14865cc4-f330-4d72-936f-445705e7bd00"},{"element-6066-11e4-a52e-4f735466cecf":"1cab4e9c-b9a4-483b-9d61-41c5813c9cbc"},{"element-6066-11e4-a52e-4f735466cecf":"6d9a579a-cfbd-4f51-bd44-7d2359194ec8"},{"element-6066-11e4-a52e-4f735466cecf":"4112b5d9-919a-4e79-84ae-b898d53e5023"},{"element-6066-11e4-a52e-4f735466cecf":"b1184d90-5530-466f-b382-14f7c227db16"},{"element-6066-11e4-a52e-4f735466cecf":"1796e2b8-bb98-4b17-8a8f-6e240070c976"},{"element-6066-11e4-a52e-4f735466cecf":"35250138-710d-4321-88da-5b9bd4eeede4"},{"element-6066-11e4-a52e-4f735466cecf":"3e6ebdc1-33f0-4219-a237-6d6906428fbb"},{"element-6066-11e4-a52e-4f735466cecf":"5569a03c-a363-4aa3-8251-dff0411572d8"},{"element-6066-11e4-a52e-4f735466cecf":"eb67af86-bebc-4047-a497-df507af48b17"},{"element-6066-11e4-a52e-4f735466cecf":"093f00ba-e998-474d-9808-0df7bc02a888"},{"element-6066-11e4-a52e-4f735466cecf":"220b385f-5366-4bf5-a91d-b09ca88cce96"},{"element-6066-11e4-a52e-4f735466cecf":"1299a32e-3ddb-40ae-9c2e-7d02d5f22425"},{"element-6066-11e4-a52e-4f735466cecf":"4d504c03-9cef-4806-9076-6bba2db2e340"},{"element-6066-11e4-a52e-4f735466cecf":"1453e42d-c5a2-4f0d-8d79-683873bbf0df"},{"element-6066-11e4-a52e-4f735466cecf":"036d5cea-8793-473e-ab9f-24c7aa4aaf90"},{"element-6066-11e4-a52e-4f735466cecf":"8cec4a16-b4a5-48f4-94cc-0244b04bb0a4"},{"element-6066-11e4-a52e-4f735466cecf":"3b68bf9e-339c-4023-9e80-3c735017dee1"},{"element-6066-11e4-a52e-4f735466cecf":"e463e345-905e-4997-80e9-ac3f583da68b"},{"element-6066-11e4-a52e-4f735466cecf":"13c88ecb-78d1-40b5-9b6f-a020c251fee8"},{"element-6066-11e4-a52e-4f735466cecf":"02d81ee7-bee7-451f-803d-67a528d2d6ce"},{"element-6066-11e4-a52e-4f735466cecf":"38302a7f-b9fa-4776-b63c-8a08368e24eb"},{"element-6066-11e4-a52e-4f735466cecf":"9fc56dc8-db47-445b-8408-e18f2557f094"},{"element-6066-11e4-a52e-4f735466cecf":"69bbbeac-3cd7-4421-8560-f1b900e027d9"},{"element-6066-11e4-a52e-4f735466cecf":"e1d413ea-ffef-4322-b6fa-86139fb7f8c7"},{"element-6066-11e4-a52e-4f735466cecf":"af63b8f7-242f-4cd3-a7e4-1a54a370998c"},{"element-6066-11e4-a52e-4f735466cecf":"75c1c145-8cbd-4265-8874-ebf33c938045"},{"element-6066-11e4-a52e-4f735466cecf":"35524ea6-dde3-4922-809e-348dfc174848"},{"element-6066-11e4-a52e-4f735466cecf":"636d0cc1-c3ea-45c0-acf3-87afc5e0c644"},{"element-6066-11e4-a52e-4f735466cecf":"d5189254-de94-4d07-a148-7eea084abb2e"},{"element-6066-11e4-a52e-4f735466cecf":"eeb2029d-739e-483d-be21-c73e529f6c5c"},{"element-6066-11e4-a52e-4f735466cecf":"7433382b-6a61-49fc-a7a6-58a72675c815"},{"element-6066-11e4-a52e-4f735466cecf":"2f56ef2b-6325-46c1-9aaa-34bbe29b0b71"},{"element-6066-11e4-a52e-4f735466cecf":"5d826177-d41b-4a2d-9005-c7beff33e158"},{"element-6066-11e4-a52e-4f735466cecf":"a5f28af2-0ea8-4c1b-898b-c35e0c52cadb"},{"element-6066-11e4-a52e-4f735466cecf":"7ffb88b1-8c71-4dd5-b6ff-80219e45f82f"},{"element-6066-11e4-a52e-4f735466cecf":"42636673-4bf6-42e9-9e74-83887d3a439e"},{"element-6066-11e4-a52e-4f735466cecf":"97423bc6-4b7b-4d69-8273-06a28daa127d"},{"element-6066-11e4-a52e-4f735466cecf":"005e4ad9-b1ba-4288-87e6-373301dfc42a"},{"element-6066-11e4-a52e-4f735466cecf":"446b5594-32e3-4620-a070-8194f9ee7157"},{"element-6066-11e4-a52e-4f735466cecf":"7c3543df-b182-4344-87d9-d7381f18ee43"},{"element-6066-11e4-a52e-4f735466cecf":"2f22f9f3-82bc-4736-b383-d020c7642e0f"},{"element-6066-11e4-a52e-4f735466cecf":"7c386534-fa79-448d-8695-f89d4593c86d"},{"element-6066-11e4-a52e-4f735466cecf":"89560dc1-dee1-40b0-9f75-9e895d4f7d9e"},{"element-6066-11e4-a52e-4f735466cecf":"407077da-b7b4-47ee-8d30-1ed4063f19e5"},{"element-6066-11e4-a52e-4f735466cecf":"a02d2564-4d31-46d0-9d6c-55856553b6b9"},{"element-6066-11e4-a52e-4f735466cecf":"2ebd785e-8274-4463-9841-7a23c2888121"},{"element-6066-11e4-a52e-4f735466cecf":"27d21b1d-6e3a-4e4b-b932-02e03cf20e5a"},{"element-6066-11e4-a52e-4f735466cecf":"37901685-cf80-4e4f-94e3-8aa854a765f1"},{"element-6066-11e4-a52e-4f735466cecf":"866a6e8b-d2d3-41ed-a261-531879f2e766"},{"element-6066-11e4-a52e-4f735466cecf":"e8605c44-a584-4fec-9996-78b5fa2f039f"},{"element-6066-11e4-a52e-4f735466cecf":"1eff5238-663e-47aa-a004-3a5f55cb6ef1"},{"element-6066-11e4-a52e-4f735466cecf":"95c2100b-b21d-4409-8082-76b48b1b5c0f"},{"element-6066-11e4-a52e-4f735466cecf":"39cb061c-333a-4ec6-be91-83abe942db0a"},{"element-6066-11e4-a52e-4f735466cecf":"4c24fd3d-5367-43c8-9ad1-53c92cfac049"},{"element-6066-11e4-a52e-4f735466cecf":"87907271-9e52-4af6-98ba-6c68e1a1c3d3"},{"element-6066-11e4-a52e-4f735466cecf":"b15aa508-a923-4500-82d3-b8d8bae956a6"},{"element-6066-11e4-a52e-4f735466cecf":"32b23dd6-f90e-4327-9445-e4920e9f55f8"},{"element-6066-11e4-a52e-4f735466cecf":"c4ec0a46-3db6-4465-9ddf-3a402fc0468c"},{"element-6066-11e4-a52e-4f735466cecf":"517fefa8-82c8-4d38-981b-4517a02b5ba1"},{"element-6066-11e4-a52e-4f735466cecf":"1592fe62-c83e-4142-b52a-d0306ce07ac5"},{"element-6066-11e4-a52e-4f735466cecf":"39937633-2a79-4b0a-ba4f-68a2113e1097"},{"element-6066-11e4-a52e-4f735466cecf":"c857dd07-2a7e-4541-9bf6-7ffb1dadccaf"},{"element-6066-11e4-a52e-4f735466cecf":"a69a8f5c-d15f-44d2-ac12-d72d626bb4dd"},{"element-6066-11e4-a52e-4f735466cecf":"4952e86d-7f02-4e42-81e5-f50c3515043b"},{"element-6066-11e4-a52e-4f735466cecf":"d6ff187d-64c6-4c5e-8cea-2ed11550bb5c"},{"element-6066-11e4-a52e-4f735466cecf":"d14c002a-2bc8-4c77-8cc6-02997f721ab9"},{"element-6066-11e4-a52e-4f735466cecf":"44d49088-e667-49dc-a65f-74bba0032fc8"},{"element-6066-11e4-a52e-4f735466cecf":"e89c6537-5b68-4105-96b3-62101606e177"},{"element-6066-11e4-a52e-4f735466cecf":"79311ff4-4e02-4e46-afcc-23a01bd50d71"},{"element-6066-11e4-a52e-4f735466cecf":"9a29a2f5-250b-4ca9-9bf1-27f23d933892"},{"element-6066-11e4-a52e-4f735466cecf":"f6d16549-6bc4-48dd-b16a-b7463e228f1f"},{"element-6066-11e4-a52e-4f735466cecf":"d8bd0bfc-4e37-4d0c-9461-1efccdec925e"},{"element-6066-11e4-a52e-4f735466cecf":"72753733-992e-45c4-92f9-01ac94fc91df"},{"element-6066-11e4-a52e-4f735466cecf":"cd7fbeba-3390-464d-8bae-ab79ed6d181c"},{"element-6066-11e4-a52e-4f735466cecf":"530b5e29-6e2f-44e7-b5dd-663ee6770bd9"},{"element-6066-11e4-a52e-4f735466cecf":"fb3a79c7-9b92-43b4-b90f-932b63efb86e"},{"element-6066-11e4-a52e-4f735466cecf":"480c7238-a693-4d0b-bf98-e925edb57438"},{"element-6066-11e4-a52e-4f735466cecf":"40b70155-9f16-447c-b970-ed59a41a53ee"},{"element-6066-11e4-a52e-4f735466cecf":"d8bc1599-edd5-4562-a8f7-5deafad5a4b1"},{"element-6066-11e4-a52e-4f735466cecf":"fabd2592-7695-464b-928f-e88a8556a8cc"},{"element-6066-11e4-a52e-4f735466cecf":"4ad1d49a-41de-401f-8319-04615f93420e"},{"element-6066-11e4-a52e-4f735466cecf":"2a2a7106-04b9-4b15-ac18-d682875792de"},{"element-6066-11e4-a52e-4f735466cecf":"bde5b9c6-bdf0-47e6-84f4-7c3bc71c358d"},{"element-6066-11e4-a52e-4f735466cecf":"96e1a99f-7f2c-4b3f-b4fe-9fbe13989c15"},{"element-6066-11e4-a52e-4f735466cecf":"ecff8cca-f910-47cc-a401-e39040db4d76"},{"element-6066-11e4-a52e-4f735466cecf":"fbe58cb7-2f95-4111-8a61-eb490a7aee96"},{"element-6066-11e4-a52e-4f735466cecf":"fb214e26-1064-4d7d-971d-798ffad2d99f"},{"element-6066-11e4-a52e-4f735466cecf":"ce168d95-0040-42bf-bddc-f9729601465a"},{"element-6066-11e4-a52e-4f735466cecf":"7800a3f4-105e-44d5-adaf-35d97206bf06"},{"element-6066-11e4-a52e-4f735466cecf":"5dd7f1eb-f84e-4456-a048-ac6dcc490bed"},{"element-6066-11e4-a52e-4f735466cecf":"7d29a455-40a9-468d-b6de-69dc476c2f7d"},{"element-6066-11e4-a52e-4f735466cecf":"2f85f346-3b98-4e3a-80f1-63a27fdd19e8"},{"element-6066-11e4-a52e-4f735466cecf":"bf410198-347e-49dd-a555-4d8aa45b9012"},{"element-6066-11e4-a52e-4f735466cecf":"10b8030b-54bb-40ea-9917-b198ddb7d9e2"},{"element-6066-11e4-a52e-4f735466cecf":"8a1818dd-ab36-42a8-8f0a-70572dd313ec"},{"element-6066-11e4-a52e-4f735466cecf":"bb999d28-f8a8-48ff-9bb5-596568ca5b83"},{"element-6066-11e4-a52e-4f735466cecf":"4ec7d983-5845-489f-bf00-20114b6ad513"},{"element-6066-11e4-a52e-4f735466cecf":"cf6acaaf-e03e-4430-8683-4bca05c3dea6"},{"element-6066-11e4-a52e-4f735466cecf":"315fa42b-ec35-4978-984f-989e58fb6280"},{"element-6066-11e4-a52e-4f735466cecf":"6dccf5ab-0269-4392-bc93-5471e757afcf"},{"element-6066-11e4-a52e-4f735466cecf":"fba4d0ae-3690-493e-8415-0b58f0ee8787"},{"element-6066-11e4-a52e-4f735466cecf":"2629af79-ef9c-4c4b-8725-b48261d5bf95"},{"element-6066-11e4-a52e-4f735466cecf":"709f558e-fa2f-477a-ab91-9c7f3d5f4c8f"},{"element-6066-11e4-a52e-4f735466cecf":"e45f542c-4408-4288-83a9-d7cf3b4ea35f"},{"element-6066-11e4-a52e-4f735466cecf":"9ff4bd69-3054-4cb6-9add-93dedec8e6c0"},{"element-6066-11e4-a52e-4f735466cecf":"f6dd61f7-a1e6-4d11-abd3-1f2153ef7cae"},{"element-6066-11e4-a52e-4f735466cecf":"a8ec2a41-e840-453b-932f-37537c52c965"},{"element-6066-11e4-a52e-4f735466cecf":"311d2e24-b2fc-4a9d-8e97-c68f6ae3f3b1"},{"element-6066-11e4-a52e-4f735466cecf":"d772370e-8b64-4d7c-b313-5138dffbb3b4"},{"element-6066-11e4-a52e-4f735466cecf":"af0d7227-f4bc-4cd3-84eb-c2d137c16b50"},{"element-6066-11e4-a52e-4f735466cecf":"c62f9a0e-d405-433e-9baa-4723be4ebc25"},{"element-6066-11e4-a52e-4f735466cecf":"5d911012-afd6-42fa-8cab-d213ffcabb5d"},{"element-6066-11e4-a52e-4f735466cecf":"022ed544-f56b-40c9-ab5f-26d4323d8c50"},{"element-6066-11e4-a52e-4f735466cecf":"8b5feaaf-3350-4d40-aa2a-a7916be79f4f"},{"element-6066-11e4-a52e-4f735466cecf":"d3334f81-1416-4bb4-82ea-823247612fb1"},{"element-6066-11e4-a52e-4f735466cecf":"e36f3ffe-1ebf-49c4-8057-45b5c9c6b072"},{"element-6066-11e4-a52e-4f735466cecf":"80bdc54f-6652-4de9-b0a2-30efb4edc501"},{"element-6066-11e4-a52e-4f735466cecf":"24c5ca84-6a91-4d09-a09a-2bfdf1c961dd"},{"element-6066-11e4-a52e-4f735466cecf":"6db91b54-b320-47d9-8c42-0c494bbfcbb3"},{"element-6066-11e4-a52e-4f735466cecf":"d9c2a37b-0ab7-4633-b055-9fdb6d059aa9"},{"element-6066-11e4-a52e-4f735466cecf":"173e3e69-57d0-4602-9887-01037bdbbee4"},{"element-6066-11e4-a52e-4f735466cecf":"ab0b338b-eda7-4fa9-8032-8a73a129397a"},{"element-6066-11e4-a52e-4f735466cecf":"3d0aa5be-9eb0-4a6a-b670-4e006a43c313"},{"element-6066-11e4-a52e-4f735466cecf":"dd67f5b2-7b1b-424b-a472-fb8c1433014b"},{"element-6066-11e4-a52e-4f735466cecf":"07421ef7-ab2c-45a0-a062-73f97b1495ee"},{"element-6066-11e4-a52e-4f735466cecf":"b8373532-f5fc-47a0-828d-22db1ff0de9b"},{"element-6066-11e4-a52e-4f735466cecf":"7b41e511-9616-4042-8376-45d17044764c"},{"element-6066-11e4-a52e-4f735466cecf":"ceee320d-54f6-4e43-a4fe-c2896d3962f2"},{"element-6066-11e4-a52e-4f735466cecf":"4b218b4a-4edc-4bc3-bd53-c1e2293e6497"},{"element-6066-11e4-a52e-4f735466cecf":"9c85fce9-482d-4cef-968b-bd6b8631af8e"},{"element-6066-11e4-a52e-4f735466cecf":"653849a5-c31d-4456-82e7-f4a6dc05f74e"},{"element-6066-11e4-a52e-4f735466cecf":"c3a626fc-902e-4e7d-8f4e-fdea29b61f04"},{"element-6066-11e4-a52e-4f735466cecf":"92d8f7fd-6efe-43a0-bfe6-d9f4f4c14401"},{"element-6066-11e4-a52e-4f735466cecf":"5014ac53-c2ee-4428-b823-3b2169a18063"},{"element-6066-11e4-a52e-4f735466cecf":"7ffc45f3-8410-4392-aec4-82b27fa98188"},{"element-6066-11e4-a52e-4f735466cecf":"d62d43d6-0789-4d0e-a4f9-b315c26c2357"},{"element-6066-11e4-a52e-4f735466cecf":"7146dd7d-b7c5-4592-911e-655baadb827d"}]} | headers=HTTPHeaderDict({'Content-Length': '92836', 'Content-Type': 'application/json; charset=utf-8', 'cache-control': 'no-cache'})
DEBUG    2022-05-28 23:30:39 selenium.webdriver.remote.remote_connection::remote_connection.py:_request:412: Finished Request
DEBUG    2022-05-28 23:30:39 selenium.webdriver.remote.remote_connection::remote_connection.py:_request:361: POST http://localhost:10919/session/1e99bdcd35203f66eff4d2e341e1a0c0/elements {"using": "xpath", "value": "//span[@class='review_num ng-binding ng-hide' and @ng-show='restaurant.owner_reply_count > 0']"}
DEBUG    2022-05-28 23:30:39 urllib3.connectionpool::connectionpool.py:_make_request:456: http://localhost:10919 "POST /session/1e99bdcd35203f66eff4d2e341e1a0c0/elements HTTP/1.1" 200 88412
DEBUG    2022-05-28 23:30:39 selenium.webdriver.remote.remote_connection::remote_connection.py:_request:383: Remote response: status=200 | data={"value":[{"element-6066-11e4-a52e-4f735466cecf":"4ac7af33-c2cb-467e-80dd-c49be4009be0"},{"element-6066-11e4-a52e-4f735466cecf":"365fbea7-0b41-4ca5-9c7a-2a298cb11d2c"},{"element-6066-11e4-a52e-4f735466cecf":"48c8fe24-0104-4eb8-afae-abf16aaf5572"},{"element-6066-11e4-a52e-4f735466cecf":"a3cae6a1-df07-4226-b24d-4dcf8400fec1"},{"element-6066-11e4-a52e-4f735466cecf":"9181654c-5b3a-4cd4-b607-be62d157995f"},{"element-6066-11e4-a52e-4f735466cecf":"ca207138-2216-4541-841e-9999b50b9eef"},{"element-6066-11e4-a52e-4f735466cecf":"457d2529-2113-4b6b-8b1c-c41c4b4a3ab9"},{"element-6066-11e4-a52e-4f735466cecf":"aa687719-e651-438b-8bcb-110485ffc87b"},{"element-6066-11e4-a52e-4f735466cecf":"a2f98e3f-82b4-47aa-9af7-26f578658db3"},{"element-6066-11e4-a52e-4f735466cecf":"2cd5bb66-d8aa-41b3-92d4-b4e1a3298460"},{"element-6066-11e4-a52e-4f735466cecf":"9a214238-2d15-4009-b4ab-c52b1140f2ff"},{"element-6066-11e4-a52e-4f735466cecf":"cba0b346-5c93-47e9-99e5-29277c4a0066"},{"element-6066-11e4-a52e-4f735466cecf":"1b32c53d-de80-40f4-b252-ac534d72e678"},{"element-6066-11e4-a52e-4f735466cecf":"92e3e86a-84fa-4d74-b612-5f1005fdafed"},{"element-6066-11e4-a52e-4f735466cecf":"9f8230ca-9ca3-4fae-918b-59b5043d7ad1"},{"element-6066-11e4-a52e-4f735466cecf":"e93c9413-628c-4732-b263-154f1322b4dd"},{"element-6066-11e4-a52e-4f735466cecf":"79cee68e-038b-4c4a-84b5-a5ede2f9fcde"},{"element-6066-11e4-a52e-4f735466cecf":"4162a107-8259-4e3f-b3cb-c89543628d3f"},{"element-6066-11e4-a52e-4f735466cecf":"f00835a9-7b53-4a96-af83-75c63c089e99"},{"element-6066-11e4-a52e-4f735466cecf":"2b74f054-41a0-47aa-952d-04f5c0b8c5e0"},{"element-6066-11e4-a52e-4f735466cecf":"a1c610af-deea-48a7-b29e-7a48aa0958ec"},{"element-6066-11e4-a52e-4f735466cecf":"89a06145-292e-448e-957a-6e099af6d60a"},{"element-6066-11e4-a52e-4f735466cecf":"861adc2d-42a0-44ed-81d4-ffa036422271"},{"element-6066-11e4-a52e-4f735466cecf":"9d536404-0062-479a-8576-37e60df7ab18"},{"element-6066-11e4-a52e-4f735466cecf":"6dfed696-86d2-4c92-9e70-6fdbed8dd43e"},{"element-6066-11e4-a52e-4f735466cecf":"97573c00-2a38-49f6-92fd-ccf4898a8745"},{"element-6066-11e4-a52e-4f735466cecf":"05a89e97-0f23-474c-81eb-2d2ec0c2b91a"},{"element-6066-11e4-a52e-4f735466cecf":"2dde2941-6bf5-4bdb-83ed-dd9aec63749e"},{"element-6066-11e4-a52e-4f735466cecf":"1f5189c4-a687-453d-bfbd-39cb7fcc19e1"},{"element-6066-11e4-a52e-4f735466cecf":"ffcb389d-5410-48e1-beba-30eff887aa07"},{"element-6066-11e4-a52e-4f735466cecf":"8916138a-b965-474e-be0d-a0f065c5d28c"},{"element-6066-11e4-a52e-4f735466cecf":"e5dd66dd-9ac0-4190-8d95-8a73b85cd2a8"},{"element-6066-11e4-a52e-4f735466cecf":"a4c858cc-ea79-4dc9-b54f-fd7e965ae75e"},{"element-6066-11e4-a52e-4f735466cecf":"bfae6823-11ce-4812-ae80-efded57572dc"},{"element-6066-11e4-a52e-4f735466cecf":"42ea3cee-70bd-4673-acfa-d9457def11f1"},{"element-6066-11e4-a52e-4f735466cecf":"3cd6cc6a-6562-4e50-8496-9b68c5dbcb5a"},{"element-6066-11e4-a52e-4f735466cecf":"6202b2b8-9050-453c-90dc-d73866cc6304"},{"element-6066-11e4-a52e-4f735466cecf":"ac9424dd-bce0-405d-817e-f1688b6e0bd6"},{"element-6066-11e4-a52e-4f735466cecf":"1c3d39c3-f6e3-4717-a46a-27da67be3a93"},{"element-6066-11e4-a52e-4f735466cecf":"f4745b0e-d430-4e68-9320-9115c95b5c44"},{"element-6066-11e4-a52e-4f735466cecf":"466ab8fe-c5f4-4ceb-8e89-d6177b8a7602"},{"element-6066-11e4-a52e-4f735466cecf":"900e19a3-1631-4e3b-9eb5-352ea0c79fcb"},{"element-6066-11e4-a52e-4f735466cecf":"27585d65-d617-407a-aff5-42135b49d39e"},{"element-6066-11e4-a52e-4f735466cecf":"a64d3a29-2964-4b7a-b6c4-242b3b981034"},{"element-6066-11e4-a52e-4f735466cecf":"0a1ad270-5a48-4561-a29e-c927ce9da7be"},{"element-6066-11e4-a52e-4f735466cecf":"9cd225dd-e39f-404f-967e-33399f805ac0"},{"element-6066-11e4-a52e-4f735466cecf":"2c7480b1-360e-4f54-bce4-d4c752a81738"},{"element-6066-11e4-a52e-4f735466cecf":"66fc8f27-eb2c-40ed-bf3d-4cf31fd9c14f"},{"element-6066-11e4-a52e-4f735466cecf":"0887bf27-c671-4434-a27f-84c1b3720637"},{"element-6066-11e4-a52e-4f735466cecf":"608e4b13-f94e-4633-952a-b01e49605cf7"},{"element-6066-11e4-a52e-4f735466cecf":"442df606-4456-4062-89f6-06fb57319e1e"},{"element-6066-11e4-a52e-4f735466cecf":"e2c6e74a-efdd-4713-bb07-4820c96a722e"},{"element-6066-11e4-a52e-4f735466cecf":"6ef52601-eaf9-46fc-a2bc-242199c45ff1"},{"element-6066-11e4-a52e-4f735466cecf":"e557f5ad-9db0-459f-96f3-89b6dde26dfd"},{"element-6066-11e4-a52e-4f735466cecf":"2866b5ca-190b-4a41-af99-f5ec755f02e9"},{"element-6066-11e4-a52e-4f735466cecf":"c76944ce-28af-47d6-b750-45de691d6a9a"},{"element-6066-11e4-a52e-4f735466cecf":"35d3ef32-c3f6-4721-adc8-5b99513c3f4f"},{"element-6066-11e4-a52e-4f735466cecf":"d4093670-ecf8-4796-8d68-8c72621405a1"},{"element-6066-11e4-a52e-4f735466cecf":"1897bcf4-c360-420e-9131-3a32a1fed4f6"},{"element-6066-11e4-a52e-4f735466cecf":"821be6e4-3374-4171-86d8-85f5bf68b4ad"},{"element-6066-11e4-a52e-4f735466cecf":"6dc1749b-c49d-435e-94b6-722492a73fc5"},{"element-6066-11e4-a52e-4f735466cecf":"fbce6fc9-2f5a-4b10-bab4-ed8a725b19c4"},{"element-6066-11e4-a52e-4f735466cecf":"641874b9-35da-4c95-803a-938da7dbe5bc"},{"element-6066-11e4-a52e-4f735466cecf":"b87fd841-d3c1-4be6-aea3-5d6a2f14931b"},{"element-6066-11e4-a52e-4f735466cecf":"85aad56b-fdbf-4ffc-9a86-006d6166dbe2"},{"element-6066-11e4-a52e-4f735466cecf":"e8fbb490-3767-4307-a945-40af9d4f6ea0"},{"element-6066-11e4-a52e-4f735466cecf":"12259f01-c2e2-4060-bf9a-9cf012875346"},{"element-6066-11e4-a52e-4f735466cecf":"3936ea9c-dc11-4706-a5fe-7d90b837e2d6"},{"element-6066-11e4-a52e-4f735466cecf":"11dc8d8c-5607-4c92-a190-db3573db7aa3"},{"element-6066-11e4-a52e-4f735466cecf":"beb3bfa7-28a1-47bb-b9f6-6796dcd965ce"},{"element-6066-11e4-a52e-4f735466cecf":"caac4d51-a021-4565-ace3-779858ff7884"},{"element-6066-11e4-a52e-4f735466cecf":"3cc5158a-e302-48e2-82be-8b8df00941ca"},{"element-6066-11e4-a52e-4f735466cecf":"bf6a3ef4-7805-4d10-b814-03fc317c1e99"},{"element-6066-11e4-a52e-4f735466cecf":"e1f4e800-09f0-4547-8404-7d89b2f0376a"},{"element-6066-11e4-a52e-4f735466cecf":"d5ab5dad-8e4d-469c-8de9-16b70199a14f"},{"element-6066-11e4-a52e-4f735466cecf":"efd7ec2a-c3d8-4dc5-aec2-6564b387a562"},{"element-6066-11e4-a52e-4f735466cecf":"7e5d9839-4270-491a-9877-1e4c56fdc1d0"},{"element-6066-11e4-a52e-4f735466cecf":"b4275e7e-32af-4f78-9e67-feb038ddbd29"},{"element-6066-11e4-a52e-4f735466cecf":"5801c15e-176c-4f99-bd44-0f2a2f894004"},{"element-6066-11e4-a52e-4f735466cecf":"23911fe3-7dde-4556-81c4-d4c939448039"},{"element-6066-11e4-a52e-4f735466cecf":"beb62fd4-de61-4ea8-bdab-2991c8d04cd1"},{"element-6066-11e4-a52e-4f735466cecf":"07f2fdd8-ea4d-4e0c-b41f-c87efdf9592f"},{"element-6066-11e4-a52e-4f735466cecf":"b2565f84-d87e-4a26-94de-b45d6bf8e0a4"},{"element-6066-11e4-a52e-4f735466cecf":"c9612a72-46ce-4feb-ad27-ce6bef1099db"},{"element-6066-11e4-a52e-4f735466cecf":"1bb14f5a-fb64-4eeb-9465-72cd95e48af0"},{"element-6066-11e4-a52e-4f735466cecf":"b807dd7f-a124-44c8-87d4-255df6d4256d"},{"element-6066-11e4-a52e-4f735466cecf":"228be9e8-8b62-4efc-bad7-23b559ce0984"},{"element-6066-11e4-a52e-4f735466cecf":"15e51942-f645-4d90-bbeb-968c395aa3f2"},{"element-6066-11e4-a52e-4f735466cecf":"ada216a6-78a2-463a-abac-c4f00bdf2dd4"},{"element-6066-11e4-a52e-4f735466cecf":"7500bc07-e0ce-4530-bc9d-0db9ba6cf823"},{"element-6066-11e4-a52e-4f735466cecf":"8bda0035-2feb-460c-a355-684db0dab0d4"},{"element-6066-11e4-a52e-4f735466cecf":"cc28ff3a-8d62-4706-930a-62b59bdb77d7"},{"element-6066-11e4-a52e-4f735466cecf":"e0a252b5-ae72-48be-ab2a-02dcb4a009c6"},{"element-6066-11e4-a52e-4f735466cecf":"fe0c2562-2e11-46d4-8141-00e94d2bbd84"},{"element-6066-11e4-a52e-4f735466cecf":"4494eb95-231e-4dd3-b217-cb25aaaeb444"},{"element-6066-11e4-a52e-4f735466cecf":"f16336f8-215b-4bdf-bd94-32ba9f0d08dd"},{"element-6066-11e4-a52e-4f735466cecf":"32a262ed-6142-4282-98ff-022709dbe964"},{"element-6066-11e4-a52e-4f735466cecf":"81d39a80-505c-47d0-89c9-75fdf3f3a0da"},{"element-6066-11e4-a52e-4f735466cecf":"f3bbd786-c236-47f4-b7ae-23d5fc3f9f8a"},{"element-6066-11e4-a52e-4f735466cecf":"009b70a8-92b3-4048-aefe-c5907b57417e"},{"element-6066-11e4-a52e-4f735466cecf":"3edae2de-86df-4edb-ba8c-263fd5b0e8a9"},{"element-6066-11e4-a52e-4f735466cecf":"ea330c4a-17fc-4d46-bb9e-fea05a388e4a"},{"element-6066-11e4-a52e-4f735466cecf":"0280434e-c37d-4566-b824-6c304ec5fc2f"},{"element-6066-11e4-a52e-4f735466cecf":"a3a85d75-3397-4399-8087-dd17d9f1d945"},{"element-6066-11e4-a52e-4f735466cecf":"0baf018c-a13a-4f2f-bd98-5b9e90507771"},{"element-6066-11e4-a52e-4f735466cecf":"acfa0372-f06c-432c-ad03-e20130e49423"},{"element-6066-11e4-a52e-4f735466cecf":"517d2526-8905-42de-9402-9ff945c52c02"},{"element-6066-11e4-a52e-4f735466cecf":"4b2a4a3d-0e07-4565-b9d9-08c5c8277095"},{"element-6066-11e4-a52e-4f735466cecf":"4d893438-2f32-4f8c-af97-6d881b87c8b4"},{"element-6066-11e4-a52e-4f735466cecf":"9b7a62b8-e136-4aac-9d9d-4cb467d8a963"},{"element-6066-11e4-a52e-4f735466cecf":"ac4e02e9-4cb4-4af8-81bf-ed0e506e3975"},{"element-6066-11e4-a52e-4f735466cecf":"af2bce11-7510-47c6-a150-54fde4bdf273"},{"element-6066-11e4-a52e-4f735466cecf":"a2a181e6-e5d0-4259-8d47-69437de9bd6c"},{"element-6066-11e4-a52e-4f735466cecf":"88fddfb5-7ea5-43e6-9182-4f03fa371822"},{"element-6066-11e4-a52e-4f735466cecf":"4647d6a3-b596-4555-ac13-a5a420b38e6b"},{"element-6066-11e4-a52e-4f735466cecf":"9a569e24-142a-4e49-a460-3324277a8fce"},{"element-6066-11e4-a52e-4f735466cecf":"f43da3b5-f139-4615-b67b-00df17c7df1f"},{"element-6066-11e4-a52e-4f735466cecf":"ae16ea43-4a92-4539-b427-147e3f04704b"},{"element-6066-11e4-a52e-4f735466cecf":"6a5b7cb9-ab45-4efe-9cb5-76a294ebbe37"},{"element-6066-11e4-a52e-4f735466cecf":"e36036d5-d831-4293-9da1-f7460b2d4490"},{"element-6066-11e4-a52e-4f735466cecf":"16996a57-ecf1-47fc-a521-fd20ddb096c3"},{"element-6066-11e4-a52e-4f735466cecf":"7bd94c57-e023-4a8e-bc5e-e0285d1ad15c"},{"element-6066-11e4-a52e-4f735466cecf":"c99954a1-4dd7-4a0a-a421-07b3a261e40e"},{"element-6066-11e4-a52e-4f735466cecf":"50d310d4-f0e1-47ea-b31d-39201f94beb0"},{"element-6066-11e4-a52e-4f735466cecf":"ad8690cf-a661-4171-b5c6-91e0e51b4e88"},{"element-6066-11e4-a52e-4f735466cecf":"7433fbfa-fc77-4669-b9a8-2f751cf048ef"},{"element-6066-11e4-a52e-4f735466cecf":"d8eb2860-f54e-4d56-88bd-bfcb73d8a401"},{"element-6066-11e4-a52e-4f735466cecf":"5dda4ca9-b38c-4e52-a242-e727b64d4b54"},{"element-6066-11e4-a52e-4f735466cecf":"706c2444-ec49-4616-bcd7-85c18161986b"},{"element-6066-11e4-a52e-4f735466cecf":"6e115f59-9ed6-4fd5-9e86-f5af2922993e"},{"element-6066-11e4-a52e-4f735466cecf":"433ba6ee-54e4-4239-bfa6-c620c5a7d2ac"},{"element-6066-11e4-a52e-4f735466cecf":"6c02c63b-3d77-4d14-8e2d-c8b26bf2259f"},{"element-6066-11e4-a52e-4f735466cecf":"449a1873-6b89-4dc9-8de6-22fd12edc564"},{"element-6066-11e4-a52e-4f735466cecf":"2e6ca176-22db-4bd1-b838-e92d941b55a7"},{"element-6066-11e4-a52e-4f735466cecf":"5889e83f-3679-43fd-bd39-1f73f59c5463"},{"element-6066-11e4-a52e-4f735466cecf":"3e2c5d7e-ddf2-4ea2-93b9-2e50a7851ae7"},{"element-6066-11e4-a52e-4f735466cecf":"6569990a-be9d-4b8b-a1d9-6fe7f51b8eb5"},{"element-6066-11e4-a52e-4f735466cecf":"76227a14-7687-4790-9d16-522206c100cc"},{"element-6066-11e4-a52e-4f735466cecf":"fae8ab51-1260-4177-9b9b-2f3496e382f0"},{"element-6066-11e4-a52e-4f735466cecf":"3b2aa098-1897-4dd3-82ee-dbecd4b11090"},{"element-6066-11e4-a52e-4f735466cecf":"c6cfefbf-b745-4661-b12a-522b55aec987"},{"element-6066-11e4-a52e-4f735466cecf":"a146fa8d-3306-4660-a63e-0f4c8c1c0e64"},{"element-6066-11e4-a52e-4f735466cecf":"b950b156-2554-4402-aadb-6ab2e03e520f"},{"element-6066-11e4-a52e-4f735466cecf":"2218cd64-21f0-4c17-9db8-fd12f6dbb06f"},{"element-6066-11e4-a52e-4f735466cecf":"62758125-9ada-41e8-83ee-063e8897f1d0"},{"element-6066-11e4-a52e-4f735466cecf":"b822ab36-5061-4722-9ee8-c42578bc7eba"},{"element-6066-11e4-a52e-4f735466cecf":"22b8d933-9a24-4a40-b1b1-beb789f143f4"},{"element-6066-11e4-a52e-4f735466cecf":"baf7aa5e-af14-4217-b8cb-d1c8f6ab0a6b"},{"element-6066-11e4-a52e-4f735466cecf":"a0d103e8-99d1-4960-b41a-db43e4a0347c"},{"element-6066-11e4-a52e-4f735466cecf":"e84e7811-52e8-42c7-b655-d98c9b30bd48"},{"element-6066-11e4-a52e-4f735466cecf":"f53f2609-12b9-47d6-bd6f-683e73de7000"},{"element-6066-11e4-a52e-4f735466cecf":"27c52b50-f1fa-481b-9cea-5877c421b106"},{"element-6066-11e4-a52e-4f735466cecf":"17c125e7-0200-4c01-94d9-ddc44985b8da"},{"element-6066-11e4-a52e-4f735466cecf":"a79440ea-4891-4e62-92e3-27d74d1164b7"},{"element-6066-11e4-a52e-4f735466cecf":"d33aac4d-c406-4d8a-a49a-9df8a63a736b"},{"element-6066-11e4-a52e-4f735466cecf":"0d44bbe1-62a5-4d9f-abb9-4db13c72b47b"},{"element-6066-11e4-a52e-4f735466cecf":"9e8d4b22-73d8-441b-a349-a298d7f72a5d"},{"element-6066-11e4-a52e-4f735466cecf":"54006685-2e48-4f95-ae19-be59e0f964b1"},{"element-6066-11e4-a52e-4f735466cecf":"eee491d4-656a-4ddf-8e96-58cfb5087754"},{"element-6066-11e4-a52e-4f735466cecf":"49a8478c-c24c-4c10-81b0-768ad03181d2"},{"element-6066-11e4-a52e-4f735466cecf":"bb8ae251-1b0d-4329-9f8c-9040a06166bf"},{"element-6066-11e4-a52e-4f735466cecf":"5ba9a33b-b46a-45ea-ac3e-b3d88255fcdb"},{"element-6066-11e4-a52e-4f735466cecf":"781d9cb0-ddf4-4150-b240-cc9b1c229a0a"},{"element-6066-11e4-a52e-4f735466cecf":"99e877b0-41d7-4df1-9021-8242e05fe086"},{"element-6066-11e4-a52e-4f735466cecf":"983819c2-7805-400b-a5f7-c6e8ecce6574"},{"element-6066-11e4-a52e-4f735466cecf":"8bb13857-9064-4c81-ac48-ba6cadb57e4b"},{"element-6066-11e4-a52e-4f735466cecf":"a74dd40e-27d7-4c9e-a30b-0d885ca5a612"},{"element-6066-11e4-a52e-4f735466cecf":"ac1e4cfa-e443-4605-9de1-95d5d17c5790"},{"element-6066-11e4-a52e-4f735466cecf":"b7277d35-1dd9-4dca-a15d-521394313cd2"},{"element-6066-11e4-a52e-4f735466cecf":"27a37773-3c7f-417d-9ae5-a8fa6ce2f7e4"},{"element-6066-11e4-a52e-4f735466cecf":"5d8cb29c-6b47-486f-a8c2-121760d816e5"},{"element-6066-11e4-a52e-4f735466cecf":"f7ebddfb-71f9-4ec0-b51d-0fa6114f4a6b"},{"element-6066-11e4-a52e-4f735466cecf":"134c2de8-13e0-454f-93db-89b56d87cfb3"},{"element-6066-11e4-a52e-4f735466cecf":"c0c42d7e-f26f-4ec3-b6a8-7baec5d66ff2"},{"element-6066-11e4-a52e-4f735466cecf":"859f80d5-bf4a-4776-8a09-eda838fcc9f9"},{"element-6066-11e4-a52e-4f735466cecf":"238912bc-fab9-480a-b24a-98ca0407b83b"},{"element-6066-11e4-a52e-4f735466cecf":"49e34184-168a-4c28-af57-36d02775ce0b"},{"element-6066-11e4-a52e-4f735466cecf":"dcc144a9-1d9f-407a-8e0b-ac1acf0f56c9"},{"element-6066-11e4-a52e-4f735466cecf":"762deb3a-6e69-4946-a436-ed09cf80b744"},{"element-6066-11e4-a52e-4f735466cecf":"9f6808f7-fbb1-46de-996a-ec81746c983a"},{"element-6066-11e4-a52e-4f735466cecf":"7894b7a8-3abc-4412-bbc7-9f14b1d25873"},{"element-6066-11e4-a52e-4f735466cecf":"510daab5-f23a-4031-8edf-131477c5b5e8"},{"element-6066-11e4-a52e-4f735466cecf":"5cbb1b46-39b5-467e-9dfe-c3d5ca9887a7"},{"element-6066-11e4-a52e-4f735466cecf":"49fb6095-ec0a-4e5a-ba7b-d0d0119740de"},{"element-6066-11e4-a52e-4f735466cecf":"b93e1138-2ff5-45b1-95f9-893e8cfdb899"},{"element-6066-11e4-a52e-4f735466cecf":"1db32b8f-9a2c-4209-af4d-260cdb428dc2"},{"element-6066-11e4-a52e-4f735466cecf":"e92b4574-e37b-408d-8039-0316e23d786e"},{"element-6066-11e4-a52e-4f735466cecf":"8fff5ba0-3c8b-4189-8057-b966b69c6aba"},{"element-6066-11e4-a52e-4f735466cecf":"6999c29f-9460-462b-ae54-0690868dd49a"},{"element-6066-11e4-a52e-4f735466cecf":"2ad18a03-0434-4a4b-bba7-50a5e7dffda2"},{"element-6066-11e4-a52e-4f735466cecf":"c3416a9d-772e-4b8a-b587-1fe84ddc10ef"},{"element-6066-11e4-a52e-4f735466cecf":"9f927454-41dd-4f74-a636-771b83dac5d2"},{"element-6066-11e4-a52e-4f735466cecf":"1f6793e2-8ab1-43f7-af97-8e46da64bfc4"},{"element-6066-11e4-a52e-4f735466cecf":"8193397e-46ce-485e-b97b-95e1c771ec40"},{"element-6066-11e4-a52e-4f735466cecf":"62a56ad8-eeff-485b-b561-686094212aca"},{"element-6066-11e4-a52e-4f735466cecf":"779e6e14-90af-4020-bec1-d134e0792f45"},{"element-6066-11e4-a52e-4f735466cecf":"bda313b6-1555-407a-9daa-02f0c5642e33"},{"element-6066-11e4-a52e-4f735466cecf":"0b8b2284-f637-4f78-b076-0b709c9ec7ce"},{"element-6066-11e4-a52e-4f735466cecf":"8bfa6e15-0e22-475d-80ed-ca588ad75627"},{"element-6066-11e4-a52e-4f735466cecf":"7882b9e1-0b1e-41fc-88e0-2b99fe59f3db"},{"element-6066-11e4-a52e-4f735466cecf":"e1ffa271-5d82-4333-bfd3-6bbe46ff777a"},{"element-6066-11e4-a52e-4f735466cecf":"88218801-197e-40ae-bf45-40edf386e152"},{"element-6066-11e4-a52e-4f735466cecf":"4a8d1c3c-f588-4b69-b7ea-73974caec1b2"},{"element-6066-11e4-a52e-4f735466cecf":"9ae4da9c-bf86-47ca-89ac-983b65cb33d1"},{"element-6066-11e4-a52e-4f735466cecf":"de1e3cbd-cd47-4225-b2d7-75e458d8c4af"},{"element-6066-11e4-a52e-4f735466cecf":"e01a750b-1aa9-4519-9659-6f12b3aa0ec5"},{"element-6066-11e4-a52e-4f735466cecf":"edaff27a-0104-4c36-8eab-7baa5eba380d"},{"element-6066-11e4-a52e-4f735466cecf":"861389c6-ac0e-41ea-bcf4-2b2987372bcd"},{"element-6066-11e4-a52e-4f735466cecf":"dc0ed4e4-331b-4745-ac3d-70396d1e109f"},{"element-6066-11e4-a52e-4f735466cecf":"27a4d9cd-3c43-42a4-826c-1ee1fe418549"},{"element-6066-11e4-a52e-4f735466cecf":"baf61f55-0695-46a3-aed4-c1ae18ee6967"},{"element-6066-11e4-a52e-4f735466cecf":"985448f6-8dde-43d1-8b90-1bb19850b7a6"},{"element-6066-11e4-a52e-4f735466cecf":"b62d7370-deba-46da-9062-8601d12d0060"},{"element-6066-11e4-a52e-4f735466cecf":"9deb5f9c-d952-4ef2-bd11-f3a1d11b320e"},{"element-6066-11e4-a52e-4f735466cecf":"e47bb424-b525-42e7-bd6b-3a0f9d2aa313"},{"element-6066-11e4-a52e-4f735466cecf":"03f7b7d2-27de-4392-86dc-7a823b6b9e55"},{"element-6066-11e4-a52e-4f735466cecf":"7bb538c3-133d-4efb-98e1-edbeefdb709f"},{"element-6066-11e4-a52e-4f735466cecf":"81160b3e-9ca3-471e-ac69-97298c69e6c2"},{"element-6066-11e4-a52e-4f735466cecf":"1ae20665-036c-441f-8681-692b2394ddd7"},{"element-6066-11e4-a52e-4f735466cecf":"5677f24d-c33f-47fa-a09d-977cff0e9f6b"},{"element-6066-11e4-a52e-4f735466cecf":"c11fb472-8e5b-45e5-a061-673dba643b83"},{"element-6066-11e4-a52e-4f735466cecf":"dfdd6b68-5b58-40d8-b2b7-accdde601261"},{"element-6066-11e4-a52e-4f735466cecf":"5ac5bfa9-adb7-47bb-a7e7-3faa4d66a353"},{"element-6066-11e4-a52e-4f735466cecf":"9574c0bc-df42-49fd-a4c0-618936eac76e"},{"element-6066-11e4-a52e-4f735466cecf":"9ce8962b-84bb-45c7-a0d2-38fbaccc975f"},{"element-6066-11e4-a52e-4f735466cecf":"1fa27173-39b6-49ce-87a1-fb8343223c27"},{"element-6066-11e4-a52e-4f735466cecf":"990d1c39-4241-40d3-999a-035da7c91c65"},{"element-6066-11e4-a52e-4f735466cecf":"8b0066f2-15f5-499f-94e1-5af7d412e234"},{"element-6066-11e4-a52e-4f735466cecf":"d00bc21a-3af4-45bd-9f5a-7fd220a9b706"},{"element-6066-11e4-a52e-4f735466cecf":"3fb7cd22-7fd6-4cb7-ba84-4fad617eb6a3"},{"element-6066-11e4-a52e-4f735466cecf":"6112f39c-ab93-4f49-a6df-d41fdfe430d9"},{"element-6066-11e4-a52e-4f735466cecf":"1426762e-500a-4f7e-a1ea-0778e03aa650"},{"element-6066-11e4-a52e-4f735466cecf":"7a35ca76-2362-4c74-b6ad-f16729846cc2"},{"element-6066-11e4-a52e-4f735466cecf":"9c90571b-e3c9-49ea-b58e-47cfa98dccaa"},{"element-6066-11e4-a52e-4f735466cecf":"62e68ba7-8a27-489c-8bfa-4345912edf2c"},{"element-6066-11e4-a52e-4f735466cecf":"899c15aa-58f5-43df-93c5-5d0a3967d511"},{"element-6066-11e4-a52e-4f735466cecf":"157e20a6-975a-4edc-9da1-62e4ec7ff54c"},{"element-6066-11e4-a52e-4f735466cecf":"09a869b1-e3d8-40fa-b32b-dc045d055a05"},{"element-6066-11e4-a52e-4f735466cecf":"0b43bb41-f5fd-4039-a6d3-990bfd2a1739"},{"element-6066-11e4-a52e-4f735466cecf":"00efe03a-6a69-40bc-a51f-ad6e43cee5f4"},{"element-6066-11e4-a52e-4f735466cecf":"026cff25-5c77-4694-b1fc-bcdd641015cf"},{"element-6066-11e4-a52e-4f735466cecf":"df437461-4e7d-4bba-a6d3-966010316220"},{"element-6066-11e4-a52e-4f735466cecf":"a875814a-a352-4ac4-9fc7-ef1acc9ac66a"},{"element-6066-11e4-a52e-4f735466cecf":"4e199bc5-5e22-4520-a9f4-dc37af411453"},{"element-6066-11e4-a52e-4f735466cecf":"eb91c7e3-0ddf-49da-9344-f998599c83ea"},{"element-6066-11e4-a52e-4f735466cecf":"2af17572-22e9-474f-b413-4ffd9bb16f3b"},{"element-6066-11e4-a52e-4f735466cecf":"e3a0b2c0-6938-4b43-9ba5-a1bbe3eebc41"},{"element-6066-11e4-a52e-4f735466cecf":"8203d5fe-ad39-4f83-9c9b-eb0001769497"},{"element-6066-11e4-a52e-4f735466cecf":"5018797c-b701-4751-a963-4260a655abb0"},{"element-6066-11e4-a52e-4f735466cecf":"881a3712-5a2c-4bd3-9e11-5d1cc80538ed"},{"element-6066-11e4-a52e-4f735466cecf":"5217433b-e765-4a33-9aed-46dcde962283"},{"element-6066-11e4-a52e-4f735466cecf":"fede73ce-2ba1-4c94-bfda-7cf204e1166c"},{"element-6066-11e4-a52e-4f735466cecf":"63282745-31cd-423b-9608-9616d3f89c87"},{"element-6066-11e4-a52e-4f735466cecf":"007a27dc-a07f-40e8-b1e4-adae5616b096"},{"element-6066-11e4-a52e-4f735466cecf":"b80f0274-2d7a-4847-839f-9c25228d64f0"},{"element-6066-11e4-a52e-4f735466cecf":"d58dc769-f5ba-48cf-8211-21db5a3eb732"},{"element-6066-11e4-a52e-4f735466cecf":"9314ec20-a064-4310-89ba-6adf9fc3b7fe"},{"element-6066-11e4-a52e-4f735466cecf":"d73fa7e5-4b75-4afa-aa01-1a4b6cc292e1"},{"element-6066-11e4-a52e-4f735466cecf":"efabab9c-3c13-42b8-9b59-2c5259247902"},{"element-6066-11e4-a52e-4f735466cecf":"6296726e-c93f-4520-bc2b-659ec0445204"},{"element-6066-11e4-a52e-4f735466cecf":"cfd63c56-65eb-41f3-a980-5d5849564a22"},{"element-6066-11e4-a52e-4f735466cecf":"73d9d155-4e88-4a2e-bbf9-048c653e013c"},{"element-6066-11e4-a52e-4f735466cecf":"9d25e0b7-c0d2-4661-9c41-e3756a10155f"},{"element-6066-11e4-a52e-4f735466cecf":"af018b19-5caf-42bf-9f64-4e595da2e423"},{"element-6066-11e4-a52e-4f735466cecf":"687a460b-f8df-492a-b2c5-02250aaba702"},{"element-6066-11e4-a52e-4f735466cecf":"65d0f736-9f02-49fb-8c01-d64ba5f47d65"},{"element-6066-11e4-a52e-4f735466cecf":"8f563068-f626-4e30-889d-9bcc97ee5498"},{"element-6066-11e4-a52e-4f735466cecf":"e9321ed1-e75c-45e9-8b5b-19daa5bf5f63"},{"element-6066-11e4-a52e-4f735466cecf":"a01fc395-712c-47a7-a4c8-df021ed47efd"},{"element-6066-11e4-a52e-4f735466cecf":"df5b4400-41d8-4f4a-9f00-071628914dd6"},{"element-6066-11e4-a52e-4f735466cecf":"3c96fa02-9597-41c3-b634-5f4ef7d8cd57"},{"element-6066-11e4-a52e-4f735466cecf":"11d2ad5b-90e2-4aa3-8c10-2510e0ffba76"},{"element-6066-11e4-a52e-4f735466cecf":"0723a155-4269-43e3-8eb3-d3b2c7defa30"},{"element-6066-11e4-a52e-4f735466cecf":"b6533d08-0e8b-48c7-882e-eb6486f3e4c6"},{"element-6066-11e4-a52e-4f735466cecf":"a4008a94-5747-4229-9dec-a673afbcb4c6"},{"element-6066-11e4-a52e-4f735466cecf":"65bb9fc1-9512-4ff7-939b-78eef9a28e2a"},{"element-6066-11e4-a52e-4f735466cecf":"d05e69e6-6557-484b-b093-a788c6fe51c9"},{"element-6066-11e4-a52e-4f735466cecf":"043678b1-9aa8-4faa-a04c-08e68e20abd3"},{"element-6066-11e4-a52e-4f735466cecf":"4e2b0c30-bbcb-4b33-b315-5a1d05cb1d0f"},{"element-6066-11e4-a52e-4f735466cecf":"045581eb-da9c-4d96-9791-312f09f53f8c"},{"element-6066-11e4-a52e-4f735466cecf":"69af11e4-b8f0-4158-8e95-c833e9df0f90"},{"element-6066-11e4-a52e-4f735466cecf":"43523526-32f2-48eb-84d2-b83b1b0cd65a"},{"element-6066-11e4-a52e-4f735466cecf":"045efb43-975a-45e4-ae38-05d433b1908a"},{"element-6066-11e4-a52e-4f735466cecf":"ec20f0a4-f06c-4bcb-9533-d3e4d7954d22"},{"element-6066-11e4-a52e-4f735466cecf":"a5e36ac5-10ca-4dcc-8adb-7f136b278736"},{"element-6066-11e4-a52e-4f735466cecf":"b66beb7d-994a-465a-9809-4f50f1f7bf7a"},{"element-6066-11e4-a52e-4f735466cecf":"01a2a39e-c797-42ee-a548-bf41e4c7fb16"},{"element-6066-11e4-a52e-4f735466cecf":"0ee65547-d77b-472d-9a07-0d7f085c0d94"},{"element-6066-11e4-a52e-4f735466cecf":"bab0fae3-fe87-43c9-85a8-2b6644784bd4"},{"element-6066-11e4-a52e-4f735466cecf":"07bbb50d-0688-4018-acdc-b7da95313c1c"},{"element-6066-11e4-a52e-4f735466cecf":"54e679f2-9966-4fc9-a997-2f28edfe483f"},{"element-6066-11e4-a52e-4f735466cecf":"7e3b747e-c38e-45c4-86a8-3852412ba963"},{"element-6066-11e4-a52e-4f735466cecf":"94af60b8-54ad-4682-b311-6c3256e68679"},{"element-6066-11e4-a52e-4f735466cecf":"c1f4b2ef-1e47-4f9f-baa4-179fcab89566"},{"element-6066-11e4-a52e-4f735466cecf":"a7d80858-7ffb-4bb6-a497-6f2f4433d2ab"},{"element-6066-11e4-a52e-4f735466cecf":"a7c422cb-81b9-4de6-8b58-3cc5c38577b8"},{"element-6066-11e4-a52e-4f735466cecf":"ea9de02a-2a3e-4e8c-bb68-7527ddc40371"},{"element-6066-11e4-a52e-4f735466cecf":"afe06abc-1f00-4385-a8e3-dd860f6b9ee2"},{"element-6066-11e4-a52e-4f735466cecf":"aca1e5a3-e0b8-40ef-be3f-aaea3ca57eea"},{"element-6066-11e4-a52e-4f735466cecf":"0b2c429c-3b74-4b64-bda1-0f0067ea60ca"},{"element-6066-11e4-a52e-4f735466cecf":"c88e3429-6bdc-481e-975e-7c29cd5c25a0"},{"element-6066-11e4-a52e-4f735466cecf":"f050b0de-1cf4-4cbd-b89a-e452472f1189"},{"element-6066-11e4-a52e-4f735466cecf":"d3b6c1d0-ee34-462b-aadf-8a11b1abf7ad"},{"element-6066-11e4-a52e-4f735466cecf":"aa0a4b0b-4e37-400c-834f-36b20dfd1fc5"},{"element-6066-11e4-a52e-4f735466cecf":"344de450-d05c-4747-ae72-604ec3b4d287"},{"element-6066-11e4-a52e-4f735466cecf":"7aabf4db-636f-4cd4-9293-a87558530de9"},{"element-6066-11e4-a52e-4f735466cecf":"46095ee3-bbbe-4f18-bb46-e834af3440b4"},{"element-6066-11e4-a52e-4f735466cecf":"fdd1ada6-875a-4d17-9e4c-a1c385e0a441"},{"element-6066-11e4-a52e-4f735466cecf":"20d05912-f737-4bf5-9287-392da4ecdd2b"},{"element-6066-11e4-a52e-4f735466cecf":"b3a918da-5041-4f6c-b61d-b1dbb6fd8a96"},{"element-6066-11e4-a52e-4f735466cecf":"1622d159-f6bf-4e88-9e21-b1100cb82435"},{"element-6066-11e4-a52e-4f735466cecf":"45ac89d3-6e39-4972-9282-1aadd113411c"},{"element-6066-11e4-a52e-4f735466cecf":"053852cf-7ba2-426c-8009-ce0b7ee74cc1"},{"element-6066-11e4-a52e-4f735466cecf":"92be0256-f7bb-4838-879c-d05c6ab48d6e"},{"element-6066-11e4-a52e-4f735466cecf":"c8c785e5-ebed-4867-bbb4-546ae218e123"},{"element-6066-11e4-a52e-4f735466cecf":"8d71f405-3548-47ed-bdbe-d0b903340d01"},{"element-6066-11e4-a52e-4f735466cecf":"6f3dcf46-e2a9-4308-a0be-ce3c585fdb67"},{"element-6066-11e4-a52e-4f735466cecf":"9c932a61-9482-4b6c-9d91-1d8830e42138"},{"element-6066-11e4-a52e-4f735466cecf":"67de564a-0a95-4573-9024-be5623f57ce3"},{"element-6066-11e4-a52e-4f735466cecf":"6cea75b0-78bd-4927-ba26-bc6a641eea9b"},{"element-6066-11e4-a52e-4f735466cecf":"67c4982a-ac7c-49ad-a810-7a39e7486d78"},{"element-6066-11e4-a52e-4f735466cecf":"f88846eb-367d-4d79-b20d-fb61385a6bb7"},{"element-6066-11e4-a52e-4f735466cecf":"83a0d540-c6ee-4783-939e-528a157c0b4a"},{"element-6066-11e4-a52e-4f735466cecf":"6f38f9c7-b79e-437c-968c-bbec7245c582"},{"element-6066-11e4-a52e-4f735466cecf":"f47bedbd-d8ea-4f95-bd8b-f7e70e078906"},{"element-6066-11e4-a52e-4f735466cecf":"3d6a0eae-9a91-494b-98de-c9d250050aeb"},{"element-6066-11e4-a52e-4f735466cecf":"bf7539e5-a0f9-445d-8339-f97b8f6b6db5"},{"element-6066-11e4-a52e-4f735466cecf":"b98bf515-d9f8-495c-8f6e-03b7438769d5"},{"element-6066-11e4-a52e-4f735466cecf":"69f7b3e2-5417-4730-9829-9cb30f8bb616"},{"element-6066-11e4-a52e-4f735466cecf":"f031b9c6-d34e-475d-a973-8303deb73e92"},{"element-6066-11e4-a52e-4f735466cecf":"cf28089d-8555-44d3-95b3-7d761bf53691"},{"element-6066-11e4-a52e-4f735466cecf":"2356d0df-c636-4c81-8357-dc0169a591ea"},{"element-6066-11e4-a52e-4f735466cecf":"6e9c5fb9-5a78-4deb-9320-4c5b53becd6a"},{"element-6066-11e4-a52e-4f735466cecf":"677f9380-823d-427d-ac69-2b209dfba320"},{"element-6066-11e4-a52e-4f735466cecf":"50850340-0802-4170-bf90-9b912484b37c"},{"element-6066-11e4-a52e-4f735466cecf":"89a4784d-a9a8-4a22-9134-9607d8708887"},{"element-6066-11e4-a52e-4f735466cecf":"a52eea1b-44a2-4890-a538-aa37d688c309"},{"element-6066-11e4-a52e-4f735466cecf":"700c4dcd-6df9-41ed-9deb-24b8454fb4f9"},{"element-6066-11e4-a52e-4f735466cecf":"5d9140b4-9c8a-478d-9d33-ed9757a84562"},{"element-6066-11e4-a52e-4f735466cecf":"aabfe5e5-890d-4728-95bb-fd65de0ddafe"},{"element-6066-11e4-a52e-4f735466cecf":"dcd35123-9d01-4fe1-88f7-5828d0b03a3e"},{"element-6066-11e4-a52e-4f735466cecf":"3334f54d-c78b-4795-a3f0-811b557e3961"},{"element-6066-11e4-a52e-4f735466cecf":"4cd95f9f-f72a-4a8a-8ebf-47d601292f9f"},{"element-6066-11e4-a52e-4f735466cecf":"afef883c-1904-4779-b53e-3220ced58116"},{"element-6066-11e4-a52e-4f735466cecf":"9c957d11-2c98-48c5-9626-cdc24f960692"},{"element-6066-11e4-a52e-4f735466cecf":"aead962c-d340-4ec1-b8ad-d24e6270c2a0"},{"element-6066-11e4-a52e-4f735466cecf":"be4030b7-f342-4972-a421-8dd9ee4b782e"},{"element-6066-11e4-a52e-4f735466cecf":"432149e3-3d7c-486f-95e3-b804a55ada73"},{"element-6066-11e4-a52e-4f735466cecf":"6554b0be-fa4f-4847-812b-2562716d3538"},{"element-6066-11e4-a52e-4f735466cecf":"790d6ea7-a0ea-46da-9aee-d31dd3f37ae6"},{"element-6066-11e4-a52e-4f735466cecf":"30697e2e-7bd9-4698-9ce9-2f9be87e9aee"},{"element-6066-11e4-a52e-4f735466cecf":"2b1f4015-e19e-40b7-bc4b-b16538631881"},{"element-6066-11e4-a52e-4f735466cecf":"3304770c-cbc4-4e04-b0c6-f25501724b81"},{"element-6066-11e4-a52e-4f735466cecf":"b08d71b2-50e6-4f66-9114-87926d26f9ae"},{"element-6066-11e4-a52e-4f735466cecf":"3ee590be-5cfd-4903-8d22-2bf861b50b73"},{"element-6066-11e4-a52e-4f735466cecf":"2436c392-4e9b-4a51-83d2-ac4fa20aaa78"},{"element-6066-11e4-a52e-4f735466cecf":"57fe78bb-c991-4341-b8fc-4d2136af2076"},{"element-6066-11e4-a52e-4f735466cecf":"88dee2ef-a29f-4cc3-b994-25b5d7bf09ad"},{"element-6066-11e4-a52e-4f735466cecf":"0caa830a-5fe3-496d-a9d9-f17375ee8a2f"},{"element-6066-11e4-a52e-4f735466cecf":"14568f4a-0d71-44bc-bb03-c3805b75d7eb"},{"element-6066-11e4-a52e-4f735466cecf":"be55aacd-e5cc-4127-a274-304566f06b8f"},{"element-6066-11e4-a52e-4f735466cecf":"6695ee7b-768c-4d41-a50e-0a4e4e3caef0"},{"element-6066-11e4-a52e-4f735466cecf":"4fa40948-ba83-425b-a604-31b7d9eea61d"},{"element-6066-11e4-a52e-4f735466cecf":"1453ee32-a53b-4423-ba9c-5622eac29507"},{"element-6066-11e4-a52e-4f735466cecf":"0eef9047-cd7e-4629-98b8-c175c27afabe"},{"element-6066-11e4-a52e-4f735466cecf":"46377c6e-9d67-4676-90c0-ef8a2be70634"},{"element-6066-11e4-a52e-4f735466cecf":"83157b83-637a-43de-9f94-d1851cb2b24d"},{"element-6066-11e4-a52e-4f735466cecf":"5c3c9425-7694-4b1a-8c9e-674bea8b6965"},{"element-6066-11e4-a52e-4f735466cecf":"cb173a78-8a8f-4216-955a-4f37b7ecd779"},{"element-6066-11e4-a52e-4f735466cecf":"e6466f8a-4c61-4711-a86d-9885fa547c5a"},{"element-6066-11e4-a52e-4f735466cecf":"48b7d3c1-ae1f-4b14-acbf-3cedc519903a"},{"element-6066-11e4-a52e-4f735466cecf":"97bbda9a-1c21-4394-8185-c738a5d5ef79"},{"element-6066-11e4-a52e-4f735466cecf":"29465220-2909-4876-b182-8208370d7fe5"},{"element-6066-11e4-a52e-4f735466cecf":"fae46185-ff46-494a-a7ec-8f1fb321e33d"},{"element-6066-11e4-a52e-4f735466cecf":"65ff2d54-aa54-4352-bf22-09b7d10a4b43"},{"element-6066-11e4-a52e-4f735466cecf":"0750014a-47ad-465e-95f1-87f76c22ee41"},{"element-6066-11e4-a52e-4f735466cecf":"2e865554-643f-42d0-8c2a-363afe8d9dd7"},{"element-6066-11e4-a52e-4f735466cecf":"affd0c16-0f1d-4c39-8f0d-af147ae1da99"},{"element-6066-11e4-a52e-4f735466cecf":"f17e2431-7585-4fb5-8219-dc47e10f8b46"},{"element-6066-11e4-a52e-4f735466cecf":"b7b44c20-f8cc-474a-bef4-924e7ea6c5d5"},{"element-6066-11e4-a52e-4f735466cecf":"ce745a4f-a5df-4420-b79b-07eb3e1e035e"},{"element-6066-11e4-a52e-4f735466cecf":"e174c1ff-f066-4523-a0bb-279ce3ca889a"},{"element-6066-11e4-a52e-4f735466cecf":"4c4ed49a-56a0-4bdd-9fd4-1194339cfb8e"},{"element-6066-11e4-a52e-4f735466cecf":"353cb7b9-1c30-493e-b1e4-633f1b028f85"},{"element-6066-11e4-a52e-4f735466cecf":"ba5960a4-308f-42f4-9f26-547b8915a6e2"},{"element-6066-11e4-a52e-4f735466cecf":"a7e2683e-7f07-464b-9560-9369b6b1419a"},{"element-6066-11e4-a52e-4f735466cecf":"e33d6de8-55e7-4282-a874-eb6927bdea4e"},{"element-6066-11e4-a52e-4f735466cecf":"4d19edbc-588b-415c-b898-8a684af45e41"},{"element-6066-11e4-a52e-4f735466cecf":"9dbb42ae-e9ba-4a27-b7a3-0c9f34a11c03"},{"element-6066-11e4-a52e-4f735466cecf":"353c2e6d-fe91-44d6-8b52-9351bebd9318"},{"element-6066-11e4-a52e-4f735466cecf":"e1f41a5a-474c-4093-a91d-3a81da5e2bab"},{"element-6066-11e4-a52e-4f735466cecf":"e59af2af-5566-49bf-aeb6-1291325314de"},{"element-6066-11e4-a52e-4f735466cecf":"9700c514-b195-41ef-90ba-d5dd5b6fd086"},{"element-6066-11e4-a52e-4f735466cecf":"d7620a33-7ba3-4937-9c14-ada820e03b44"},{"element-6066-11e4-a52e-4f735466cecf":"e1f49ea4-1ff4-4f89-87b6-b82784690618"},{"element-6066-11e4-a52e-4f735466cecf":"b5e876d1-ebd1-47b0-8adb-384000eeb0dd"},{"element-6066-11e4-a52e-4f735466cecf":"a9084243-bfc6-4eb5-9906-3f5a61c98466"},{"element-6066-11e4-a52e-4f735466cecf":"a59a9e4c-8c38-462f-8e6c-8e5c916c795c"},{"element-6066-11e4-a52e-4f735466cecf":"3e86c399-416f-4e86-ac3e-e85af4398f58"},{"element-6066-11e4-a52e-4f735466cecf":"3cdb483c-96fe-4d02-9072-312210765961"},{"element-6066-11e4-a52e-4f735466cecf":"4835a86c-dca0-4b33-8968-3e38e2816cef"},{"element-6066-11e4-a52e-4f735466cecf":"b6e4d941-c15f-41eb-adaf-4b4821506dcf"},{"element-6066-11e4-a52e-4f735466cecf":"fb48d386-1d05-4d75-a68b-e32754b58176"},{"element-6066-11e4-a52e-4f735466cecf":"d94864c1-04ea-4c72-83e4-f7065e58253e"},{"element-6066-11e4-a52e-4f735466cecf":"1927262a-defa-4610-b454-74cdae153809"},{"element-6066-11e4-a52e-4f735466cecf":"7ad4887c-64d9-403b-83ac-3ee440f55164"},{"element-6066-11e4-a52e-4f735466cecf":"f1823934-06b9-4e58-81c1-8daf40a74658"},{"element-6066-11e4-a52e-4f735466cecf":"e6b67bac-d1bb-406d-985d-7734621b677c"},{"element-6066-11e4-a52e-4f735466cecf":"b6844ff2-16c5-4514-9767-b820f0501c1c"},{"element-6066-11e4-a52e-4f735466cecf":"8791e981-02b3-4faf-9db0-8eda8d13472f"},{"element-6066-11e4-a52e-4f735466cecf":"a2e5d1a4-ed87-4506-b264-3ba038f6d1ef"},{"element-6066-11e4-a52e-4f735466cecf":"8c600053-45c8-4529-b500-e246c0f3afc3"},{"element-6066-11e4-a52e-4f735466cecf":"45758340-b17f-4ece-ba4f-5ccb65bf6f44"},{"element-6066-11e4-a52e-4f735466cecf":"ba07294f-fc08-4ebe-8a3a-17c7234b7708"},{"element-6066-11e4-a52e-4f735466cecf":"127ca86a-38df-4e51-a87e-d85e6b836f07"},{"element-6066-11e4-a52e-4f735466cecf":"a44039cb-0b55-4bdf-8329-5fcb82375c28"},{"element-6066-11e4-a52e-4f735466cecf":"054bfed7-f6f0-4860-b01b-8c0e16979644"},{"element-6066-11e4-a52e-4f735466cecf":"af057b26-6886-429b-a574-4ac6b46aeb6a"},{"element-6066-11e4-a52e-4f735466cecf":"9f134726-df10-4179-bd1c-6a6a08316d76"},{"element-6066-11e4-a52e-4f735466cecf":"00600fb5-b00e-40e2-91f3-969665430b0f"},{"element-6066-11e4-a52e-4f735466cecf":"5eb48475-b20d-474c-ae9f-a64854569533"},{"element-6066-11e4-a52e-4f735466cecf":"ebcc7825-8dc4-4bba-bdeb-04b6bdebbdac"},{"element-6066-11e4-a52e-4f735466cecf":"2c70ebd0-3954-494d-8551-861184b71366"},{"element-6066-11e4-a52e-4f735466cecf":"3beabcb8-54c9-4798-9e28-ca4eb4729914"},{"element-6066-11e4-a52e-4f735466cecf":"df2b2dc3-89a9-4cd6-a68e-3965209fd677"},{"element-6066-11e4-a52e-4f735466cecf":"96d7aeb0-5e4f-4821-8d88-4cb8d89b2cbf"},{"element-6066-11e4-a52e-4f735466cecf":"4e5eceb6-3ddc-42e6-a4c1-639ee240ff21"},{"element-6066-11e4-a52e-4f735466cecf":"80ddc64a-e78b-4fb5-ad5e-bf8334fbe0ee"},{"element-6066-11e4-a52e-4f735466cecf":"054de7d9-6cad-48c7-b71b-4f8549ae2910"},{"element-6066-11e4-a52e-4f735466cecf":"32564594-0996-4605-a399-d1e5410057a8"},{"element-6066-11e4-a52e-4f735466cecf":"c30b9121-ad7a-4e7e-a046-355a70db0473"},{"element-6066-11e4-a52e-4f735466cecf":"820c510e-d066-4acf-ac22-6084b4535de9"},{"element-6066-11e4-a52e-4f735466cecf":"d06ba27e-4539-49bd-a423-47cb0cf93081"},{"element-6066-11e4-a52e-4f735466cecf":"a25f67bb-0dbb-49ca-8a06-3938a68a5262"},{"element-6066-11e4-a52e-4f735466cecf":"4472321b-98e9-4999-8400-efc91cee0d08"},{"element-6066-11e4-a52e-4f735466cecf":"da534f34-31cb-4ae6-adf2-488747d769f6"},{"element-6066-11e4-a52e-4f735466cecf":"f3e0b803-64ac-4f77-add2-c5186f256de0"},{"element-6066-11e4-a52e-4f735466cecf":"0320a547-b7c9-4b5f-9847-24f2d4538d42"},{"element-6066-11e4-a52e-4f735466cecf":"b7aa3420-4570-4d73-b127-2aa860c1d37e"},{"element-6066-11e4-a52e-4f735466cecf":"aa2c839f-cfec-4165-a1fa-517095c75a31"},{"element-6066-11e4-a52e-4f735466cecf":"df543e6b-b3ec-4b61-bf20-411514e62955"},{"element-6066-11e4-a52e-4f735466cecf":"1c04e994-a5f5-4daa-9735-ef4ffe20f4ef"},{"element-6066-11e4-a52e-4f735466cecf":"a268b5e2-2cb4-47d9-bc94-ad106ed70df9"},{"element-6066-11e4-a52e-4f735466cecf":"bfde2c12-f24d-4d83-bf1b-5332c6a3f5b4"},{"element-6066-11e4-a52e-4f735466cecf":"4a70f06b-7d81-47bf-989c-3c45cc14a0d6"},{"element-6066-11e4-a52e-4f735466cecf":"1a0452e7-7a62-4ab2-817b-877e676cb5eb"},{"element-6066-11e4-a52e-4f735466cecf":"8ab1a727-0968-4d80-b635-97ea556decb7"},{"element-6066-11e4-a52e-4f735466cecf":"d591c4c9-e345-4f93-83f1-a0beff8c59e4"},{"element-6066-11e4-a52e-4f735466cecf":"79bb1bc1-4ab1-4cba-a8fc-879b96462f78"},{"element-6066-11e4-a52e-4f735466cecf":"26b509f6-c47a-4b05-a0af-4e4a1f4f7ea4"},{"element-6066-11e4-a52e-4f735466cecf":"38735f3f-b67d-48b6-b3e6-9b378dd48d63"},{"element-6066-11e4-a52e-4f735466cecf":"77e643f4-771b-40c1-bdde-aebfd7b7c006"},{"element-6066-11e4-a52e-4f735466cecf":"1f05847c-370d-48b5-afe9-479c0059fdd6"},{"element-6066-11e4-a52e-4f735466cecf":"fbc2da0c-88e5-4d17-909a-f1d3a0f164ed"},{"element-6066-11e4-a52e-4f735466cecf":"0b6fb8f3-ba06-4d95-a2c7-0516da951c44"},{"element-6066-11e4-a52e-4f735466cecf":"5a8182cd-0f07-46b2-988d-f301d5e8506e"},{"element-6066-11e4-a52e-4f735466cecf":"176230f0-f7f7-4693-9631-3de4a4002f63"},{"element-6066-11e4-a52e-4f735466cecf":"40477b8f-d3f2-4397-b08b-5f2961a6a9e1"},{"element-6066-11e4-a52e-4f735466cecf":"bd92f94d-6a2b-4642-9126-7cab365bc7dc"},{"element-6066-11e4-a52e-4f735466cecf":"1e421666-974b-44a9-9e55-037bb4614a47"},{"element-6066-11e4-a52e-4f735466cecf":"79e4af57-c1d1-4cdb-89c6-c7214d7f8cd6"},{"element-6066-11e4-a52e-4f735466cecf":"34c4a04a-89e3-45c2-9a76-9019b6f70aed"},{"element-6066-11e4-a52e-4f735466cecf":"4a50c8cc-d785-4f29-8e59-0570d69dc8d6"},{"element-6066-11e4-a52e-4f735466cecf":"bdb87d54-e0b1-40ad-91ea-0b5e9e83f0ca"},{"element-6066-11e4-a52e-4f735466cecf":"513d859b-baa9-447e-abb0-dbe9e7c64adf"},{"element-6066-11e4-a52e-4f735466cecf":"a23dd962-db9f-489c-9c6c-159ea67c7b6b"},{"element-6066-11e4-a52e-4f735466cecf":"9830b9af-fe9b-4dcf-bcbf-c3abbb43fc14"},{"element-6066-11e4-a52e-4f735466cecf":"c4a55e6b-35ae-4ef8-92c9-e32a8ec51491"},{"element-6066-11e4-a52e-4f735466cecf":"022490cf-99e7-4470-8f0f-8c21428c62c7"},{"element-6066-11e4-a52e-4f735466cecf":"633c0a55-7531-4a94-a40e-c775f7e31a49"},{"element-6066-11e4-a52e-4f735466cecf":"e502b095-36a9-4595-92c1-8e923d24d757"},{"element-6066-11e4-a52e-4f735466cecf":"0ff8e548-3d75-4a0a-9a20-f4611db40d36"},{"element-6066-11e4-a52e-4f735466cecf":"c8ce20b3-ee43-476e-b8bb-34ad6bb2ed92"},{"element-6066-11e4-a52e-4f735466cecf":"3985d74a-5c37-43f8-b1cc-3e6594b542bf"},{"element-6066-11e4-a52e-4f735466cecf":"b4d60be2-721e-419d-8604-9d4088450b78"},{"element-6066-11e4-a52e-4f735466cecf":"85f4032a-8320-4efc-b177-aa51e490fb53"},{"element-6066-11e4-a52e-4f735466cecf":"309da826-b9a7-4ac9-a3bd-583c6e38722e"},{"element-6066-11e4-a52e-4f735466cecf":"6bdc533e-623e-4ec5-b41c-197e85df35ec"},{"element-6066-11e4-a52e-4f735466cecf":"d3923298-63db-40ec-86af-2a59f1ceb4b3"},{"element-6066-11e4-a52e-4f735466cecf":"1f69ccd1-5751-4dd3-bc62-762881b81c1c"},{"element-6066-11e4-a52e-4f735466cecf":"e7deb40c-98b6-472e-9b80-a8f3b67c7305"},{"element-6066-11e4-a52e-4f735466cecf":"b7dfd19f-3ea2-4124-81f4-ed5bcdd5985c"},{"element-6066-11e4-a52e-4f735466cecf":"0c866f31-73c2-49b9-b27c-5ff49c77d7d7"},{"element-6066-11e4-a52e-4f735466cecf":"ed8e2649-771c-4084-8f74-e5af7a525431"},{"element-6066-11e4-a52e-4f735466cecf":"67da0032-6f5b-42c9-8341-5d2b519a383d"},{"element-6066-11e4-a52e-4f735466cecf":"0ac5f0c5-770c-42cf-984a-d602ccd0c680"},{"element-6066-11e4-a52e-4f735466cecf":"010ad3db-efe6-4253-ab9e-fd625cbf8ffb"},{"element-6066-11e4-a52e-4f735466cecf":"fb5ffa75-7359-4fc9-a3ba-4d1661322f37"},{"element-6066-11e4-a52e-4f735466cecf":"5aa5a857-28c8-4024-8047-29f1ea0aeb6a"},{"element-6066-11e4-a52e-4f735466cecf":"7d1a9945-dd3e-4be1-a1f0-ac8de1376a4b"},{"element-6066-11e4-a52e-4f735466cecf":"01e2d745-91e8-4ab1-a5f5-b8d61a1c65cf"},{"element-6066-11e4-a52e-4f735466cecf":"deea1db8-5fc6-400a-b200-92beb6545588"},{"element-6066-11e4-a52e-4f735466cecf":"a2fa1f8d-8c97-4875-8eea-9f787fbfa0eb"},{"element-6066-11e4-a52e-4f735466cecf":"eac061f7-cf16-4ad4-99ba-a90ec243b5de"},{"element-6066-11e4-a52e-4f735466cecf":"4f42ca7a-c5d4-4cbd-83f4-3edc69b68cb9"},{"element-6066-11e4-a52e-4f735466cecf":"9db8262e-736b-42dc-b2c7-bf81da485f0b"},{"element-6066-11e4-a52e-4f735466cecf":"9e43c9ae-d5cf-4cd2-bea3-ab72c451e233"},{"element-6066-11e4-a52e-4f735466cecf":"599c9aca-cf93-4457-ad68-3ad60b0439b5"},{"element-6066-11e4-a52e-4f735466cecf":"0f7cb423-1d5a-4d50-8ec0-dca1bf52c738"},{"element-6066-11e4-a52e-4f735466cecf":"d7c3c899-226d-4bae-a81e-f5816daab8af"},{"element-6066-11e4-a52e-4f735466cecf":"1b010c96-6e38-4efc-9019-2f4c109ab309"},{"element-6066-11e4-a52e-4f735466cecf":"f008a46e-cd04-4cad-bf26-239bb10dc942"},{"element-6066-11e4-a52e-4f735466cecf":"9782d1b5-7801-449d-8594-fe6b2da38a64"},{"element-6066-11e4-a52e-4f735466cecf":"9a9b5918-e8b8-417f-9ae8-375d139cd756"},{"element-6066-11e4-a52e-4f735466cecf":"de95009a-5896-4467-a6a4-4a4f6a6b0719"},{"element-6066-11e4-a52e-4f735466cecf":"0421bacd-2c86-4a2d-b8b9-3f011308ec64"},{"element-6066-11e4-a52e-4f735466cecf":"de667087-54dc-4ec9-a9eb-2a849067dc62"},{"element-6066-11e4-a52e-4f735466cecf":"a7672991-758f-4eef-8474-9a4cc621c684"},{"element-6066-11e4-a52e-4f735466cecf":"b95c60d3-32a3-4193-a795-51359d17527f"},{"element-6066-11e4-a52e-4f735466cecf":"6361fdb8-75ac-4cd1-8cf2-26c45b919cc0"},{"element-6066-11e4-a52e-4f735466cecf":"ac09d8ec-3081-438f-a283-90e5673a7b5c"},{"element-6066-11e4-a52e-4f735466cecf":"2591e78f-6fb6-4bcf-8ac8-b371997874fd"},{"element-6066-11e4-a52e-4f735466cecf":"bca84a99-fefe-4379-929b-44e6e5a5ac79"},{"element-6066-11e4-a52e-4f735466cecf":"0106510a-4075-4370-9bc7-06e9bcf4dc75"},{"element-6066-11e4-a52e-4f735466cecf":"030d2f5c-7402-4f28-af2a-120196168c2b"},{"element-6066-11e4-a52e-4f735466cecf":"0abb8cbf-9036-4349-a090-3dcba6c84f4f"},{"element-6066-11e4-a52e-4f735466cecf":"33eae74e-3976-4e73-8263-8493ae43e014"},{"element-6066-11e4-a52e-4f735466cecf":"e9ef3ec9-af25-46d0-a9f2-b3b25ab7f380"},{"element-6066-11e4-a52e-4f735466cecf":"b52bce39-5896-4aed-a222-0749b4e89964"},{"element-6066-11e4-a52e-4f735466cecf":"c773c1b3-270a-4aae-bb8e-850b7f84b40e"},{"element-6066-11e4-a52e-4f735466cecf":"150e407c-3fce-4fc8-8c49-d5a2990fe05a"},{"element-6066-11e4-a52e-4f735466cecf":"cb248797-7fee-4c87-aa0c-6614850ac9b4"},{"element-6066-11e4-a52e-4f735466cecf":"69385212-fae5-4fda-b1fd-c3153dabe2df"},{"element-6066-11e4-a52e-4f735466cecf":"2a8ba978-bf27-4f39-8c1f-9cdc6be3a1fc"},{"element-6066-11e4-a52e-4f735466cecf":"698e3550-dec6-4c6d-8fce-8a5961f211eb"},{"element-6066-11e4-a52e-4f735466cecf":"4cd3707d-55da-42ba-bb1a-f08dff169c48"},{"element-6066-11e4-a52e-4f735466cecf":"2639d25e-fd73-4e09-9fb0-3f9738f47ec2"},{"element-6066-11e4-a52e-4f735466cecf":"5cbba98b-9b73-4469-8730-f55fbda91052"},{"element-6066-11e4-a52e-4f735466cecf":"5af240cc-dc3f-414b-b952-bb0e36667b72"},{"element-6066-11e4-a52e-4f735466cecf":"00b609cd-3012-4362-b4fb-61f613192dd6"},{"element-6066-11e4-a52e-4f735466cecf":"98a7bf8e-3fca-48b3-bb67-1d4df897d3b7"},{"element-6066-11e4-a52e-4f735466cecf":"1ef8113d-87bd-4c32-ac1d-f88622d81521"},{"element-6066-11e4-a52e-4f735466cecf":"7366b6c0-b8b3-4e9e-bb81-577da016806e"},{"element-6066-11e4-a52e-4f735466cecf":"c500cf89-51a4-46bb-861c-bad5a73f42aa"},{"element-6066-11e4-a52e-4f735466cecf":"4c55816f-f945-44b8-b685-a3a9fb15f21c"},{"element-6066-11e4-a52e-4f735466cecf":"32a89d1b-b4f4-406c-839a-2b9903e8bf1c"},{"element-6066-11e4-a52e-4f735466cecf":"8d6b13bf-9bac-44dc-9853-336eac166c5a"},{"element-6066-11e4-a52e-4f735466cecf":"283e6615-c897-4e64-92de-b45bfbbb5338"},{"element-6066-11e4-a52e-4f735466cecf":"04c9eed2-1cad-40a5-a6ea-4ad792bd3487"},{"element-6066-11e4-a52e-4f735466cecf":"e14988dd-0da0-411a-b927-2c4e3bc6210d"},{"element-6066-11e4-a52e-4f735466cecf":"d5a882b7-5067-47a4-abea-b89388583561"},{"element-6066-11e4-a52e-4f735466cecf":"ea4d77ac-6032-4d7c-86f7-c40bb4aa8cb5"},{"element-6066-11e4-a52e-4f735466cecf":"bdc16066-849e-4dbd-9baa-83c3a2d37092"},{"element-6066-11e4-a52e-4f735466cecf":"2b1bf411-3e2c-4c5b-a92f-d93bf377803f"},{"element-6066-11e4-a52e-4f735466cecf":"0d710e23-3f04-4aba-a57b-7f5cfb6577f5"},{"element-6066-11e4-a52e-4f735466cecf":"9188d085-d1f5-4c35-a872-83228e85212b"},{"element-6066-11e4-a52e-4f735466cecf":"821cae2c-d79d-425c-819b-563dbf7aea0f"},{"element-6066-11e4-a52e-4f735466cecf":"03047975-677a-4783-b12b-afae28528b56"},{"element-6066-11e4-a52e-4f735466cecf":"6e688821-4483-4aaa-8610-bf854e736346"},{"element-6066-11e4-a52e-4f735466cecf":"f8395359-bf96-4d75-8717-5be96930d79b"},{"element-6066-11e4-a52e-4f735466cecf":"6de9d773-bae1-45a0-8d14-bb6e920db61b"},{"element-6066-11e4-a52e-4f735466cecf":"792a4ab5-3c91-474f-83b6-f66c875ca25a"},{"element-6066-11e4-a52e-4f735466cecf":"da84cbc7-cc4e-4956-b12b-4dae46139f24"},{"element-6066-11e4-a52e-4f735466cecf":"c87521de-71d9-47a8-9c0e-8fcf5564a28b"},{"element-6066-11e4-a52e-4f735466cecf":"ca1f174b-0c4c-49b8-8f97-8280c61ddef0"},{"element-6066-11e4-a52e-4f735466cecf":"85ec832b-cd28-40a4-8300-23abb459c443"},{"element-6066-11e4-a52e-4f735466cecf":"5895cab6-229b-42c6-90d7-9ff80b18cbc1"},{"element-6066-11e4-a52e-4f735466cecf":"49612401-c00a-493a-9e37-2b4fb002f6f2"},{"element-6066-11e4-a52e-4f735466cecf":"36552555-c487-4ea8-a6f1-25d274cf27d3"},{"element-6066-11e4-a52e-4f735466cecf":"c56b9933-d1c5-40fe-83e8-38f21b34b78c"},{"element-6066-11e4-a52e-4f735466cecf":"b91ca05a-e7ce-4ae3-bdb7-1dbe9cc88304"},{"element-6066-11e4-a52e-4f735466cecf":"20e9fde1-6c01-45d9-8e10-45050e4e97ef"},{"element-6066-11e4-a52e-4f735466cecf":"d884a793-b8ea-43f4-a2c0-7871baaee4aa"},{"element-6066-11e4-a52e-4f735466cecf":"27271856-6b1c-489f-810a-cecbe50e52b3"},{"element-6066-11e4-a52e-4f735466cecf":"bb4a586c-d8ac-44d5-bbf8-54e08bdc41ae"},{"element-6066-11e4-a52e-4f735466cecf":"f87b6e82-0d05-40e3-bc1e-dc931b8f8695"},{"element-6066-11e4-a52e-4f735466cecf":"b68b51fb-b104-46e4-901d-02eb59b9387b"},{"element-6066-11e4-a52e-4f735466cecf":"42988f3a-c0ee-40aa-bcaf-d0d8267b2b68"},{"element-6066-11e4-a52e-4f735466cecf":"ecbb00ce-5f98-4d9b-bc6c-5eedf8258de1"},{"element-6066-11e4-a52e-4f735466cecf":"29015cd5-882b-44bd-9096-e1594706625b"},{"element-6066-11e4-a52e-4f735466cecf":"c3e6d76f-24ab-42a7-b7ad-09e5fba22510"},{"element-6066-11e4-a52e-4f735466cecf":"1f769fd8-d5aa-4b04-b459-994e3e71356b"},{"element-6066-11e4-a52e-4f735466cecf":"332eefb3-48f7-4f28-bafc-2ee416eadf5e"},{"element-6066-11e4-a52e-4f735466cecf":"d6e6b913-c1f5-4fb3-bd19-b88d1c82ab51"},{"element-6066-11e4-a52e-4f735466cecf":"abe2cab3-49ed-4e33-a6ce-4720c994b463"},{"element-6066-11e4-a52e-4f735466cecf":"bed4f20c-dd69-4d62-8ae9-ffd1520403da"},{"element-6066-11e4-a52e-4f735466cecf":"cf4e466e-f72d-403e-af83-13f0655b320b"},{"element-6066-11e4-a52e-4f735466cecf":"d90cd13f-9d44-44bb-9ec0-5ca83aeeccbc"},{"element-6066-11e4-a52e-4f735466cecf":"d4b35f1b-7603-4716-a526-0c68537620bb"},{"element-6066-11e4-a52e-4f735466cecf":"ed7297a0-7128-40e3-be47-237556226156"},{"element-6066-11e4-a52e-4f735466cecf":"6e831231-3618-4959-98ba-e49d9cdde2e3"},{"element-6066-11e4-a52e-4f735466cecf":"206b7f73-760a-496d-a656-a0a3f99c4f6d"},{"element-6066-11e4-a52e-4f735466cecf":"4facb7ed-51cd-4945-a82c-594a724e6032"},{"element-6066-11e4-a52e-4f735466cecf":"144389bd-5a88-4092-88b9-3d5c49bb3c12"},{"element-6066-11e4-a52e-4f735466cecf":"2e8da9d5-6dce-4f5d-b343-1b58c2465e28"},{"element-6066-11e4-a52e-4f735466cecf":"108d4eed-523a-4332-84a9-83ec833d3aa3"},{"element-6066-11e4-a52e-4f735466cecf":"1b3ee566-35a5-4708-9d91-a6deac583846"},{"element-6066-11e4-a52e-4f735466cecf":"b1551271-e381-4708-992d-b7c024fb896e"},{"element-6066-11e4-a52e-4f735466cecf":"878a80f7-a1b5-411a-b5e3-a0adf17bee61"},{"element-6066-11e4-a52e-4f735466cecf":"d7ce0dfa-e788-4bd3-a3fa-23712ffd571b"},{"element-6066-11e4-a52e-4f735466cecf":"f18772a2-5cde-4987-a9e1-1f902c9de451"},{"element-6066-11e4-a52e-4f735466cecf":"d00062cf-b319-4908-8499-0dacf8c8b5e7"},{"element-6066-11e4-a52e-4f735466cecf":"99a2b2ec-660b-4291-b484-d69f50d607f3"},{"element-6066-11e4-a52e-4f735466cecf":"daf70109-6286-4e21-b84d-f9091ff0e563"},{"element-6066-11e4-a52e-4f735466cecf":"77088c04-b4f5-401a-944a-fd4809d5a283"},{"element-6066-11e4-a52e-4f735466cecf":"2850d2c8-5742-4b5f-b392-51c689bebdc4"},{"element-6066-11e4-a52e-4f735466cecf":"5ad66caa-e199-4a4c-b2be-69b786e21d4a"},{"element-6066-11e4-a52e-4f735466cecf":"3681dad9-f995-4e2d-9888-6cb2587c4779"},{"element-6066-11e4-a52e-4f735466cecf":"a0746028-f92f-4445-bf96-81a8e924aa44"},{"element-6066-11e4-a52e-4f735466cecf":"2a86c795-d292-4c54-b9e3-31fe19471395"},{"element-6066-11e4-a52e-4f735466cecf":"76d699cf-e9fb-4b5b-8d4c-fdffa6804547"},{"element-6066-11e4-a52e-4f735466cecf":"3da0012f-eb30-43ae-bbb7-0d1ef79f7416"},{"element-6066-11e4-a52e-4f735466cecf":"34b9a606-ec1f-4b41-bda3-ef8f9ed2afcc"},{"element-6066-11e4-a52e-4f735466cecf":"e6e275b9-ffc4-42c8-8d0e-88cd99d8e31f"},{"element-6066-11e4-a52e-4f735466cecf":"b6a1a923-f151-4f72-b3b3-3ea1c947797e"},{"element-6066-11e4-a52e-4f735466cecf":"0b53095f-19b9-48df-a778-dd863b4b2953"},{"element-6066-11e4-a52e-4f735466cecf":"b3377c08-0b21-4bb9-8588-b0446d0a7316"},{"element-6066-11e4-a52e-4f735466cecf":"15b7fa58-5ef3-41ae-95e7-9abb956a67f4"},{"element-6066-11e4-a52e-4f735466cecf":"2f0cd17c-1cf1-4ad8-9310-491cd368b589"},{"element-6066-11e4-a52e-4f735466cecf":"58b0013f-f294-49da-8554-c7cc6949a370"},{"element-6066-11e4-a52e-4f735466cecf":"89213799-8516-4504-8eed-9fbad4d95a84"},{"element-6066-11e4-a52e-4f735466cecf":"b10e6806-b25a-4705-b921-affcbc550ad5"},{"element-6066-11e4-a52e-4f735466cecf":"899dbb7e-4a46-4a77-bc68-371a7ece128a"},{"element-6066-11e4-a52e-4f735466cecf":"a8c96f66-5989-4249-a097-32029fd2ae9f"},{"element-6066-11e4-a52e-4f735466cecf":"e26dde7c-ba0e-4190-9d3e-6d710eb4ebe1"},{"element-6066-11e4-a52e-4f735466cecf":"1aac9d44-aff5-4086-9f21-44f5791bcbbf"},{"element-6066-11e4-a52e-4f735466cecf":"be4069b3-de9b-433e-b628-6fc8b0796dae"},{"element-6066-11e4-a52e-4f735466cecf":"79cedbc4-5bea-4dc2-a75a-1f73017e6707"},{"element-6066-11e4-a52e-4f735466cecf":"ee4d55d1-0b7a-4fb6-b1a2-129dd43b052c"},{"element-6066-11e4-a52e-4f735466cecf":"31395ae8-6956-45c8-adbf-4818e488d81b"},{"element-6066-11e4-a52e-4f735466cecf":"4a7b575e-fc67-4d8c-ac6b-c31cbaadc413"},{"element-6066-11e4-a52e-4f735466cecf":"f7a0431c-3b93-479f-88a2-faa4500bac1f"},{"element-6066-11e4-a52e-4f735466cecf":"5bc1b68e-3d8d-4222-b1bb-0efacd6240ad"},{"element-6066-11e4-a52e-4f735466cecf":"c0fbabe7-5033-4cb1-a436-2c710883e963"},{"element-6066-11e4-a52e-4f735466cecf":"97fced81-9be2-424c-a8a2-a237aecf5345"},{"element-6066-11e4-a52e-4f735466cecf":"556e7336-3c95-40ec-a1bc-156768477b0c"},{"element-6066-11e4-a52e-4f735466cecf":"ff14b22d-0e1b-4dcd-9f27-6ebc198b5b9f"},{"element-6066-11e4-a52e-4f735466cecf":"c16f4f35-7c02-468b-861f-b9f26c76f8e7"},{"element-6066-11e4-a52e-4f735466cecf":"202e86b8-2bef-4d32-a5ca-80641f0caef0"},{"element-6066-11e4-a52e-4f735466cecf":"821d6cc9-6e74-4b09-a38d-4cb864777a21"},{"element-6066-11e4-a52e-4f735466cecf":"6dee8d3d-7bcb-410c-8f5e-8490deadf75d"},{"element-6066-11e4-a52e-4f735466cecf":"01092f8f-01c0-4a8c-b702-fec8828bc0d8"},{"element-6066-11e4-a52e-4f735466cecf":"e03ba921-7510-41ac-a3f7-ccf7fcccfa9d"},{"element-6066-11e4-a52e-4f735466cecf":"3e7c31a6-6e62-48fb-a943-8d475743a865"},{"element-6066-11e4-a52e-4f735466cecf":"ffde0967-0dc8-4675-a072-d19c953ffdce"},{"element-6066-11e4-a52e-4f735466cecf":"33291465-b9fc-4050-b18f-210968c882a5"},{"element-6066-11e4-a52e-4f735466cecf":"78d1a4c3-e9af-4be7-9326-3f285890c8d2"},{"element-6066-11e4-a52e-4f735466cecf":"bd62b86a-a30b-4eba-a9df-f401eb31879b"},{"element-6066-11e4-a52e-4f735466cecf":"5f65182a-1997-422c-86bf-0326e2fe2b33"},{"element-6066-11e4-a52e-4f735466cecf":"8c847c3e-b412-45a1-9135-7a81a0327f60"},{"element-6066-11e4-a52e-4f735466cecf":"836e8a08-f21e-430d-916a-b523a5d569ff"},{"element-6066-11e4-a52e-4f735466cecf":"b408990c-1784-46fd-8a2e-5c48d0148ad2"},{"element-6066-11e4-a52e-4f735466cecf":"17bac963-1f99-424f-84f0-f4664ec79c3f"},{"element-6066-11e4-a52e-4f735466cecf":"65497768-534e-4920-9786-619d0e8b4c22"},{"element-6066-11e4-a52e-4f735466cecf":"53532eb1-9673-4a80-90e9-e7330369b9e3"},{"element-6066-11e4-a52e-4f735466cecf":"0a91851e-23d0-4d86-8f7e-26d5a2563f33"},{"element-6066-11e4-a52e-4f735466cecf":"c414e054-95f2-4f8b-a08e-57977f444c64"},{"element-6066-11e4-a52e-4f735466cecf":"3f4846ac-c8f0-4348-9db7-976a682db31b"},{"element-6066-11e4-a52e-4f735466cecf":"763d332b-3aef-4ed7-85a9-c4a8a5733528"},{"element-6066-11e4-a52e-4f735466cecf":"57b6f5a2-e7ae-443b-93c5-91bd304cdefc"},{"element-6066-11e4-a52e-4f735466cecf":"745264e6-c740-4c5d-b7fc-9401dcbe1a7a"},{"element-6066-11e4-a52e-4f735466cecf":"6a012a4c-dd93-4f8a-8ada-15329f549cfe"},{"element-6066-11e4-a52e-4f735466cecf":"360d8311-4f4f-467b-9428-067ce91b5eb8"},{"element-6066-11e4-a52e-4f735466cecf":"39d501d9-687b-40da-8519-00fa0ded1bce"},{"element-6066-11e4-a52e-4f735466cecf":"e9577175-98d9-4f6a-bd7f-3ca9fa600133"},{"element-6066-11e4-a52e-4f735466cecf":"34912b3d-e927-4b78-b872-dc4fdaa6733c"},{"element-6066-11e4-a52e-4f735466cecf":"662cc6e9-b70c-4b06-904e-02e850a5ab28"},{"element-6066-11e4-a52e-4f735466cecf":"32f4a883-9c04-4290-8980-6bb10c41acfa"},{"element-6066-11e4-a52e-4f735466cecf":"c6bafa6b-e27b-4f88-b264-869b978f8a37"},{"element-6066-11e4-a52e-4f735466cecf":"696dd9cb-eb9b-4f1c-845f-3781da60131b"},{"element-6066-11e4-a52e-4f735466cecf":"d9a84407-3f32-4948-9b98-ef23c6b0c762"},{"element-6066-11e4-a52e-4f735466cecf":"99e55b34-4c23-4980-b3a3-aebe8ba61d70"},{"element-6066-11e4-a52e-4f735466cecf":"7f5bb0ef-0a19-4ff1-bdd5-e59c7fd1d038"},{"element-6066-11e4-a52e-4f735466cecf":"e2d5476a-cc63-40d7-bf79-99c334811468"},{"element-6066-11e4-a52e-4f735466cecf":"daa7c88b-ac64-4833-bf0f-95989e4f44c3"},{"element-6066-11e4-a52e-4f735466cecf":"97e2c059-bed4-4e40-90e7-d5a719050e9f"},{"element-6066-11e4-a52e-4f735466cecf":"2bf89320-bc56-4cc7-9b09-be3901d3fa9b"},{"element-6066-11e4-a52e-4f735466cecf":"d10be809-d63c-4657-9e77-1747bc881932"},{"element-6066-11e4-a52e-4f735466cecf":"3cf9c1ed-0895-4bed-adaf-b756942e2403"},{"element-6066-11e4-a52e-4f735466cecf":"f8d407ab-29d8-4328-8dda-cbe2cf4e1fd9"},{"element-6066-11e4-a52e-4f735466cecf":"cab43b57-43ed-4b90-8e3e-19d4d14cb521"},{"element-6066-11e4-a52e-4f735466cecf":"5f19884f-a9e3-4dc0-8bc2-eabc03c7586a"},{"element-6066-11e4-a52e-4f735466cecf":"58897a0c-8cf0-4aa4-94c7-fbdfa1017cec"},{"element-6066-11e4-a52e-4f735466cecf":"0654a39c-6c8e-46be-b1af-f159c58945e5"},{"element-6066-11e4-a52e-4f735466cecf":"bbdaaf29-2cfa-40e1-8bc3-27e38f2397f0"},{"element-6066-11e4-a52e-4f735466cecf":"e6492ca5-8ca5-4514-be7c-22202e5cd3c4"},{"element-6066-11e4-a52e-4f735466cecf":"59e72314-4f0b-41df-90ea-761d3a67b117"},{"element-6066-11e4-a52e-4f735466cecf":"c90c05b1-def8-4991-ae68-dcdd7a1d333f"},{"element-6066-11e4-a52e-4f735466cecf":"5fa51bee-a77f-45b0-a01c-16d9749fa683"},{"element-6066-11e4-a52e-4f735466cecf":"f4818e5d-f5c6-4053-9627-6b7722f31219"},{"element-6066-11e4-a52e-4f735466cecf":"ef34842a-b589-4d22-afaa-53a72cf0b269"},{"element-6066-11e4-a52e-4f735466cecf":"119d706f-e3c8-4e0d-83ff-b4562aa933d4"},{"element-6066-11e4-a52e-4f735466cecf":"2b707a61-659d-4865-9ba4-023d1f5636b1"},{"element-6066-11e4-a52e-4f735466cecf":"e2e558ff-1adc-41c1-9690-08f4a5ab728b"},{"element-6066-11e4-a52e-4f735466cecf":"eb5accc1-a386-44bf-8efd-76e2f7415f93"},{"element-6066-11e4-a52e-4f735466cecf":"f9fa5968-de55-4ab9-a40f-bc9f83f4bcaa"},{"element-6066-11e4-a52e-4f735466cecf":"acb2f516-cdf3-4e2a-a609-03f05a40b114"},{"element-6066-11e4-a52e-4f735466cecf":"c5e734a1-8fa5-4e55-99e6-1884062f117c"},{"element-6066-11e4-a52e-4f735466cecf":"33e1e62a-0ef0-4060-8058-b7915a68060d"},{"element-6066-11e4-a52e-4f735466cecf":"7d115887-2076-4890-9688-251b6b3cabab"},{"element-6066-11e4-a52e-4f735466cecf":"e18fd889-4d1a-4b2e-9207-4ba530ae48bc"},{"element-6066-11e4-a52e-4f735466cecf":"7ddae6c5-4c93-467d-aedb-ef6e6dad386d"},{"element-6066-11e4-a52e-4f735466cecf":"6dad657d-f933-46f5-9361-e579add54d2e"},{"element-6066-11e4-a52e-4f735466cecf":"d44269a4-d30c-4a0e-9b07-abc1dcd5c1a7"},{"element-6066-11e4-a52e-4f735466cecf":"0b180523-9282-4722-a2b0-158765f2d2c8"},{"element-6066-11e4-a52e-4f735466cecf":"a78a6bde-2b1b-4394-845d-d57bc53ac92d"},{"element-6066-11e4-a52e-4f735466cecf":"75d7a354-a3c4-4f36-ab98-b4d932cb2399"},{"element-6066-11e4-a52e-4f735466cecf":"55bef092-c2ce-43b5-955c-be4340bb4f5f"},{"element-6066-11e4-a52e-4f735466cecf":"1fad1d20-716d-4cf6-bcbf-216baeec2fcf"},{"element-6066-11e4-a52e-4f735466cecf":"a45060d3-1b66-45c3-816c-7b9db0858d43"},{"element-6066-11e4-a52e-4f735466cecf":"a6ff9b9b-3127-4f55-8ab1-c3ed3b428605"},{"element-6066-11e4-a52e-4f735466cecf":"24814ddb-ecd5-42f5-b146-782ae9a6fdbc"},{"element-6066-11e4-a52e-4f735466cecf":"ec57aa8f-f6d6-406e-bb5e-eebb73c392f2"},{"element-6066-11e4-a52e-4f735466cecf":"b2236b16-5b8c-4112-89b2-ab8f42b93a9a"},{"element-6066-11e4-a52e-4f735466cecf":"18afd3e8-bdf0-4354-b696-4464478ef3e7"},{"element-6066-11e4-a52e-4f735466cecf":"85b0132f-94c2-4208-a7f9-1aa770cb5a3b"},{"element-6066-11e4-a52e-4f735466cecf":"23fd1327-d531-4b98-b195-60ca9eb7d083"},{"element-6066-11e4-a52e-4f735466cecf":"d6a91188-e025-4cce-b0d9-36fa54b2841a"},{"element-6066-11e4-a52e-4f735466cecf":"29e8ce7d-72d1-47d7-8a96-5781ee002b88"},{"element-6066-11e4-a52e-4f735466cecf":"4ed965a1-f6b8-484a-bc6f-880e57879430"},{"element-6066-11e4-a52e-4f735466cecf":"a0d9a348-36d5-4c70-8a24-b9af8b689eb6"},{"element-6066-11e4-a52e-4f735466cecf":"db034679-9705-4b35-ae67-eb015f7c089d"},{"element-6066-11e4-a52e-4f735466cecf":"8fec2865-1cea-4d46-a97a-bd1af84a6cd8"},{"element-6066-11e4-a52e-4f735466cecf":"52ee064c-c927-44d3-b2d4-c13f30ac7eee"},{"element-6066-11e4-a52e-4f735466cecf":"1205c565-b456-43eb-97bd-9683b084f5e1"},{"element-6066-11e4-a52e-4f735466cecf":"6a11e500-8dfa-4537-8968-7e8f8ae34cf1"},{"element-6066-11e4-a52e-4f735466cecf":"ab3c2e0e-0ec9-4fb9-a432-7c426e519233"},{"element-6066-11e4-a52e-4f735466cecf":"bb0db42d-0fd7-4bdc-8cf1-cbde5a80f351"},{"element-6066-11e4-a52e-4f735466cecf":"735ac0ce-96be-4dee-a463-576b6be64257"},{"element-6066-11e4-a52e-4f735466cecf":"5b2c3146-4d9c-42b4-bd3a-7bd364798f09"},{"element-6066-11e4-a52e-4f735466cecf":"6203a8c5-a1ab-48bb-a3b5-72ceb7ac9121"},{"element-6066-11e4-a52e-4f735466cecf":"7e1c1cd3-0e9f-4176-858d-e6a8e0bba34c"},{"element-6066-11e4-a52e-4f735466cecf":"f4f9540a-12de-44aa-8e96-7aa8e3a77f7e"},{"element-6066-11e4-a52e-4f735466cecf":"7cf19cb2-abf7-4f7d-9790-6eed35dfb97a"},{"element-6066-11e4-a52e-4f735466cecf":"7e4de04a-9bc5-471e-8510-41d3285b042b"},{"element-6066-11e4-a52e-4f735466cecf":"c809019e-e853-4f73-8f36-8a0c5782520b"},{"element-6066-11e4-a52e-4f735466cecf":"b6428ff2-1a77-4c46-a97b-0cfd32117b6d"},{"element-6066-11e4-a52e-4f735466cecf":"da980d2a-d3c6-4db9-ba83-4276cfd0766f"},{"element-6066-11e4-a52e-4f735466cecf":"efd2c148-9b5f-4d6c-8bcc-a74e8e4a8b0f"},{"element-6066-11e4-a52e-4f735466cecf":"aa180503-1a38-4d60-8610-572465efe086"},{"element-6066-11e4-a52e-4f735466cecf":"7232c06b-78ab-4df0-a8d0-88f32ba66217"},{"element-6066-11e4-a52e-4f735466cecf":"2d146b67-5897-4432-8dd0-14964684c0c8"},{"element-6066-11e4-a52e-4f735466cecf":"347d50c1-e0be-44bd-bcaa-a0d0f5a02b89"},{"element-6066-11e4-a52e-4f735466cecf":"e0129eb7-1457-425b-8033-15d710f0e778"},{"element-6066-11e4-a52e-4f735466cecf":"b242558c-8ae5-4db1-9906-80be3a03221d"},{"element-6066-11e4-a52e-4f735466cecf":"a3717cbf-5f5c-4abd-a413-750f440a201a"},{"element-6066-11e4-a52e-4f735466cecf":"0d67f98b-7f57-4957-8748-772f81fe162f"},{"element-6066-11e4-a52e-4f735466cecf":"7e1e8855-7c45-4b3a-847b-53fbb628e36e"},{"element-6066-11e4-a52e-4f735466cecf":"c991e9e6-9474-4073-927d-54b32d917087"},{"element-6066-11e4-a52e-4f735466cecf":"5f1efec9-8129-4d6c-971b-a43c767d8d24"},{"element-6066-11e4-a52e-4f735466cecf":"cd809ace-468a-42a5-85be-f35561cf39a9"},{"element-6066-11e4-a52e-4f735466cecf":"7337e6a8-4d0c-4e4d-b9f1-df5f453ea348"},{"element-6066-11e4-a52e-4f735466cecf":"45f66902-8d53-4b86-8591-e68d439f4290"},{"element-6066-11e4-a52e-4f735466cecf":"fb7d78ae-9d5b-4426-a28a-ec615a68674b"},{"element-6066-11e4-a52e-4f735466cecf":"4fcacc9c-d69a-4416-a523-2235426e9867"},{"element-6066-11e4-a52e-4f735466cecf":"0ffe21e3-8983-4262-8458-7116cd221898"},{"element-6066-11e4-a52e-4f735466cecf":"2e4bd7f6-21cf-47ab-9402-c8f2b2b29873"},{"element-6066-11e4-a52e-4f735466cecf":"c7fe17cc-aaba-40d4-b2c9-d057d826ce39"},{"element-6066-11e4-a52e-4f735466cecf":"8ce5af7f-7c65-416f-90de-f7f7ecdb5d1a"},{"element-6066-11e4-a52e-4f735466cecf":"82711286-b1ce-4971-9768-b4b4dc8b8a6f"},{"element-6066-11e4-a52e-4f735466cecf":"0a077a13-27b8-4363-9708-c3017d12eb04"},{"element-6066-11e4-a52e-4f735466cecf":"6891d2bb-6824-4f97-8c8f-df1f3089073a"},{"element-6066-11e4-a52e-4f735466cecf":"6f50d802-2e3b-4676-bbff-67776211c48e"},{"element-6066-11e4-a52e-4f735466cecf":"236a3e7d-16f1-474c-b191-3f4cdc44fc00"},{"element-6066-11e4-a52e-4f735466cecf":"59c3e704-547f-436a-8de3-320254b4b705"},{"element-6066-11e4-a52e-4f735466cecf":"755bd18e-f7df-4992-b95b-47f22696ec93"},{"element-6066-11e4-a52e-4f735466cecf":"1c295b0e-e9c0-468e-ab01-d8b1591a6b77"},{"element-6066-11e4-a52e-4f735466cecf":"9c05ab59-c83a-4f9d-8f4e-5dc1054303cd"},{"element-6066-11e4-a52e-4f735466cecf":"d9a07d89-8ab9-4a1d-b757-87bda5b09398"},{"element-6066-11e4-a52e-4f735466cecf":"4925e734-8a37-4218-83a9-3b215523e63a"},{"element-6066-11e4-a52e-4f735466cecf":"6de4b896-00ce-4040-85e9-e8fb0c81cfeb"},{"element-6066-11e4-a52e-4f735466cecf":"548de82e-9fa7-4aec-b174-9915c547a893"},{"element-6066-11e4-a52e-4f735466cecf":"52e2d9f9-61f2-40d1-8835-c1d31be2dc3d"},{"element-6066-11e4-a52e-4f735466cecf":"d27623e4-d59e-4eba-a8a7-f53f9e943592"},{"element-6066-11e4-a52e-4f735466cecf":"5d1cfa96-a2d3-4ee5-9842-21154a9b03f3"},{"element-6066-11e4-a52e-4f735466cecf":"5c3a2540-3a33-47ae-b7d6-08e12ef41f68"},{"element-6066-11e4-a52e-4f735466cecf":"720e4c25-4c87-4a82-8fac-4fa094391883"},{"element-6066-11e4-a52e-4f735466cecf":"326997f4-0a02-4bd8-b51a-bcf860a6af7e"},{"element-6066-11e4-a52e-4f735466cecf":"63f6e684-24e5-4dc3-b5f6-141fc19f1927"},{"element-6066-11e4-a52e-4f735466cecf":"f01c3423-9af8-4d25-8797-335d6731c312"},{"element-6066-11e4-a52e-4f735466cecf":"9b28d470-dbc3-4ab7-baa0-949dbe7629d0"},{"element-6066-11e4-a52e-4f735466cecf":"049dad48-2e4e-492b-8db9-6481cd06346d"},{"element-6066-11e4-a52e-4f735466cecf":"8240ef57-6c82-49f1-ae90-beae27662c19"},{"element-6066-11e4-a52e-4f735466cecf":"551af5da-c93c-4ad8-bd1e-7719a9cea669"},{"element-6066-11e4-a52e-4f735466cecf":"c6861c29-7ab7-4b99-88ba-a57658b8e92d"},{"element-6066-11e4-a52e-4f735466cecf":"a93debc2-cd27-496c-a851-7db5283d43de"},{"element-6066-11e4-a52e-4f735466cecf":"739d84e8-436f-4e41-9c2f-f683c2a80910"},{"element-6066-11e4-a52e-4f735466cecf":"9d2acebe-f2bb-40f1-b2aa-87787ac389e2"},{"element-6066-11e4-a52e-4f735466cecf":"77ab6d01-6aa9-49d9-a290-0aedc972f453"},{"element-6066-11e4-a52e-4f735466cecf":"a7f639fd-1efe-43ae-9311-2b65bc07141c"},{"element-6066-11e4-a52e-4f735466cecf":"d561f9d6-63a0-459b-adbb-78ead35aac62"},{"element-6066-11e4-a52e-4f735466cecf":"69c51e14-b9cf-4b83-86ec-1fa7d5f1e2e3"},{"element-6066-11e4-a52e-4f735466cecf":"524c5a15-09db-4af1-83bd-0321a27990f5"},{"element-6066-11e4-a52e-4f735466cecf":"d0bf0192-8ccb-449b-9e6c-02122e771c31"},{"element-6066-11e4-a52e-4f735466cecf":"227b68c5-0c28-4b44-a7ac-ed5b37ac554c"},{"element-6066-11e4-a52e-4f735466cecf":"f545795b-354a-4659-b0bc-4dd07a4140c4"},{"element-6066-11e4-a52e-4f735466cecf":"77b7e5ff-b45e-4f69-8d7e-b7b5b31e2ef8"},{"element-6066-11e4-a52e-4f735466cecf":"267c9546-2f11-4587-925b-43ea1c523254"},{"element-6066-11e4-a52e-4f735466cecf":"efcd0f12-3df2-4b11-8c37-ededd66e6fc9"},{"element-6066-11e4-a52e-4f735466cecf":"feac4c0d-b4be-4c5b-9e2e-8c15db6ce49e"},{"element-6066-11e4-a52e-4f735466cecf":"23b262ce-f5c9-4992-910f-b58cd36234cb"},{"element-6066-11e4-a52e-4f735466cecf":"fa5ab128-b6e5-4220-a7a5-0bc9ae63f44a"},{"element-6066-11e4-a52e-4f735466cecf":"93f5215c-e2bb-41af-b591-2bcd478808c0"},{"element-6066-11e4-a52e-4f735466cecf":"3b3a18cf-87a7-4ad1-b44d-252c94fb821a"},{"element-6066-11e4-a52e-4f735466cecf":"59d20935-3149-416f-ae95-d2ff08e3bb53"},{"element-6066-11e4-a52e-4f735466cecf":"abe01702-0820-4e72-aa6a-765a2ac8b44a"},{"element-6066-11e4-a52e-4f735466cecf":"9e91e887-621d-41e6-a41f-fcbb2bcfed10"},{"element-6066-11e4-a52e-4f735466cecf":"5e3358f5-8ebf-4b8f-a669-b43f08e7af06"},{"element-6066-11e4-a52e-4f735466cecf":"8f69844f-c80f-4ef9-9122-678224832375"},{"element-6066-11e4-a52e-4f735466cecf":"a58a4c82-03c8-4ee2-9ac8-d31e3e591f33"},{"element-6066-11e4-a52e-4f735466cecf":"98c847e5-8832-4d48-a889-3bf265902ae8"},{"element-6066-11e4-a52e-4f735466cecf":"492c617f-aba3-4d19-8602-5e335f89fe92"},{"element-6066-11e4-a52e-4f735466cecf":"2b7b7c5a-5699-423a-926d-99b7f8e8fbdb"},{"element-6066-11e4-a52e-4f735466cecf":"e6b120b2-d99f-4df8-88c4-49aeab227909"},{"element-6066-11e4-a52e-4f735466cecf":"747eb091-6b88-4476-8ddb-46093b363f30"},{"element-6066-11e4-a52e-4f735466cecf":"285dd0a0-03ac-438e-9535-c0bfebf317e2"},{"element-6066-11e4-a52e-4f735466cecf":"b19fc67e-21ac-4283-96b5-57649e760bae"},{"element-6066-11e4-a52e-4f735466cecf":"2e977034-3d8b-433e-9fc6-1e73db89bb53"},{"element-6066-11e4-a52e-4f735466cecf":"3257cd1b-b7b2-4830-937b-6302fc9684d9"},{"element-6066-11e4-a52e-4f735466cecf":"89c3850f-788a-4087-b977-d7efca29ea4c"},{"element-6066-11e4-a52e-4f735466cecf":"a966ee13-25a0-43e7-84c9-3e8a4a1d83d5"},{"element-6066-11e4-a52e-4f735466cecf":"fdd04175-1722-4e6d-866d-d17120dad2f2"},{"element-6066-11e4-a52e-4f735466cecf":"e79590de-5b5b-4b6e-bde1-f079328a14aa"},{"element-6066-11e4-a52e-4f735466cecf":"5571c678-e826-4aed-809e-64cc338e5546"},{"element-6066-11e4-a52e-4f735466cecf":"fd62b8d4-5a80-4508-903f-aa967ffa0f53"},{"element-6066-11e4-a52e-4f735466cecf":"88a2d600-fb4b-478c-9512-386f74c81bec"},{"element-6066-11e4-a52e-4f735466cecf":"cc560937-6109-45f3-b697-08dff72a0bb4"},{"element-6066-11e4-a52e-4f735466cecf":"d558f937-b37e-410d-8934-bcce878c9cc0"},{"element-6066-11e4-a52e-4f735466cecf":"babfac41-9c1c-4fcc-9a2d-6988fe794f36"},{"element-6066-11e4-a52e-4f735466cecf":"3d7aaf03-1c77-4d57-82a4-6fedbe6733ac"},{"element-6066-11e4-a52e-4f735466cecf":"47b038d1-a606-4203-b9ea-375c1c055983"},{"element-6066-11e4-a52e-4f735466cecf":"97f6ae08-549a-4322-94b0-6171b3bddb52"},{"element-6066-11e4-a52e-4f735466cecf":"01053df9-4415-40fb-8714-7e25910ff74b"},{"element-6066-11e4-a52e-4f735466cecf":"10ba1814-261e-4793-b610-6ab6d1190aef"},{"element-6066-11e4-a52e-4f735466cecf":"1dae5ece-4c5b-47d1-9bd5-e8da06c846b5"},{"element-6066-11e4-a52e-4f735466cecf":"d5788745-d90c-4b51-8513-78255de9cf27"},{"element-6066-11e4-a52e-4f735466cecf":"47ac3074-3edb-4eb6-81c1-c065ee38ea6c"},{"element-6066-11e4-a52e-4f735466cecf":"d8aa7294-cb4e-4b7d-b2cb-fb630310603f"},{"element-6066-11e4-a52e-4f735466cecf":"fa08d465-3d5d-4bd2-a9f6-104150e35d10"},{"element-6066-11e4-a52e-4f735466cecf":"19abb6ec-82e1-4b21-b9f6-d005a3fcc4c3"},{"element-6066-11e4-a52e-4f735466cecf":"e657c1c4-bd9d-4016-84df-f66aa6440864"},{"element-6066-11e4-a52e-4f735466cecf":"808c22da-fba7-4680-8cf9-13816a358392"},{"element-6066-11e4-a52e-4f735466cecf":"85c8a7a9-86dd-4371-8446-c776bfa1c256"},{"element-6066-11e4-a52e-4f735466cecf":"126515de-6eae-4b3f-b264-d808e4af6ff0"},{"element-6066-11e4-a52e-4f735466cecf":"90f1578d-94ed-42d7-93a9-528ffad98761"},{"element-6066-11e4-a52e-4f735466cecf":"5c10ddd1-27e3-46a9-b52b-bd9323ced081"},{"element-6066-11e4-a52e-4f735466cecf":"62bb6f26-b71b-4d9c-98c4-9af1a47141fa"},{"element-6066-11e4-a52e-4f735466cecf":"3a9fe01f-91b0-4425-89dc-cf556c19f10e"},{"element-6066-11e4-a52e-4f735466cecf":"22e05315-2d7f-4c3b-9fc5-fbe9e2b3b272"},{"element-6066-11e4-a52e-4f735466cecf":"e768aae7-96a3-4f71-9f3c-384329d5d059"},{"element-6066-11e4-a52e-4f735466cecf":"ce8f2d2c-e80b-4ecd-a575-ffb6ce56a7e1"},{"element-6066-11e4-a52e-4f735466cecf":"5167995a-c136-49d8-aff3-57c53e0987d9"},{"element-6066-11e4-a52e-4f735466cecf":"b87fb7eb-a142-4295-8dd1-934690a2d677"},{"element-6066-11e4-a52e-4f735466cecf":"048f8639-3f67-4b7b-a5a4-9950a4194ac6"},{"element-6066-11e4-a52e-4f735466cecf":"c4818058-805c-402c-b734-9c6eab68ee60"},{"element-6066-11e4-a52e-4f735466cecf":"e14e0dc4-3c86-418c-a9b8-c5df232a42b5"},{"element-6066-11e4-a52e-4f735466cecf":"7f2e88e6-1d96-49df-866b-3de95c377926"},{"element-6066-11e4-a52e-4f735466cecf":"792842f2-ce67-40ee-9f8d-8ff76c361eb9"},{"element-6066-11e4-a52e-4f735466cecf":"82b3b014-6d35-4af3-9bba-f959643954be"},{"element-6066-11e4-a52e-4f735466cecf":"5a7c24ff-e816-4eee-b5fb-8ca4a37c28d7"},{"element-6066-11e4-a52e-4f735466cecf":"f6c9f66a-3432-4607-9bef-ec29080a5f57"},{"element-6066-11e4-a52e-4f735466cecf":"433928c6-8c86-4ddb-b478-df580e0ffff9"},{"element-6066-11e4-a52e-4f735466cecf":"da08774c-b7a7-4980-b79d-92f35e12298c"},{"element-6066-11e4-a52e-4f735466cecf":"ceca040d-7b11-48ac-8389-0634498d5303"},{"element-6066-11e4-a52e-4f735466cecf":"4a99277d-e0b3-4e72-a36a-14606f2c8985"},{"element-6066-11e4-a52e-4f735466cecf":"dbd0e2d7-7115-41f8-b40f-4065b742e9c7"},{"element-6066-11e4-a52e-4f735466cecf":"aad7e8a7-ce24-4a1a-a1ec-bf2840cd350d"},{"element-6066-11e4-a52e-4f735466cecf":"ad368ba0-a67b-428f-8192-c2eda17a99e8"},{"element-6066-11e4-a52e-4f735466cecf":"59730aef-e49e-4249-9542-dc4a358d6c02"},{"element-6066-11e4-a52e-4f735466cecf":"5f79db32-341d-467d-b41a-f604b0bea895"},{"element-6066-11e4-a52e-4f735466cecf":"4a1bccc0-7dfd-4d8c-b128-fb04d71be262"},{"element-6066-11e4-a52e-4f735466cecf":"21f476ca-071a-4b03-9a5f-811b7097c7d9"},{"element-6066-11e4-a52e-4f735466cecf":"c29c0070-51ee-4fcc-aa45-2d8c0e70029c"},{"element-6066-11e4-a52e-4f735466cecf":"c9f0efdb-8e63-411a-a448-206dece5d90d"},{"element-6066-11e4-a52e-4f735466cecf":"52d163a2-5566-4d99-9ef1-da62457852bd"},{"element-6066-11e4-a52e-4f735466cecf":"aba36310-5124-4de3-bcef-93cf629d40f9"},{"element-6066-11e4-a52e-4f735466cecf":"a49c93d6-7fde-40c9-9eaf-244598e6f174"},{"element-6066-11e4-a52e-4f735466cecf":"617b6361-0be7-45eb-ab5c-a2dd8732e55e"},{"element-6066-11e4-a52e-4f735466cecf":"b4582234-9c3e-44c4-a6da-8ad554c619bc"},{"element-6066-11e4-a52e-4f735466cecf":"aee60f17-9e76-4a0c-9389-70eaf76fd03b"},{"element-6066-11e4-a52e-4f735466cecf":"063a2546-0d26-4dcb-ad74-5ea3b6e151a7"},{"element-6066-11e4-a52e-4f735466cecf":"e9e74e84-ccd3-4a98-aa33-d1b61583e2fa"},{"element-6066-11e4-a52e-4f735466cecf":"b0b1644a-43f9-461c-ab6a-7c6c67f9017b"},{"element-6066-11e4-a52e-4f735466cecf":"e7551c37-227a-4a13-b21d-3c01e31124d5"},{"element-6066-11e4-a52e-4f735466cecf":"0e7cfe69-b6c8-4714-b167-f9a868ab708b"},{"element-6066-11e4-a52e-4f735466cecf":"50f18073-41ca-4496-8046-55e022c70dd7"},{"element-6066-11e4-a52e-4f735466cecf":"eb271340-2a4e-4a19-b41f-fe2871232d79"},{"element-6066-11e4-a52e-4f735466cecf":"73340d64-68e2-4103-9612-36da6b52f2eb"},{"element-6066-11e4-a52e-4f735466cecf":"82542c2d-2fb2-45cb-ae84-13a4877fc99d"},{"element-6066-11e4-a52e-4f735466cecf":"00ff77e7-649b-4236-80e9-5f1bafeaeb34"},{"element-6066-11e4-a52e-4f735466cecf":"f2cc30cc-6c9b-420e-ac08-d59705c5de22"},{"element-6066-11e4-a52e-4f735466cecf":"39f4fb0c-36dd-4f2d-b94b-b887c408f4fc"},{"element-6066-11e4-a52e-4f735466cecf":"6de60d0a-533f-4f0b-befa-33689c60a4c8"},{"element-6066-11e4-a52e-4f735466cecf":"04962c44-2ea9-4e9c-ad54-fc1f59244911"},{"element-6066-11e4-a52e-4f735466cecf":"6552d49d-302c-45f7-abf0-13940a56c788"},{"element-6066-11e4-a52e-4f735466cecf":"d2f5c1b9-fcd7-435e-b7df-76230a3f17b3"},{"element-6066-11e4-a52e-4f735466cecf":"f893a964-a103-4e98-808e-8a8c134eed9a"},{"element-6066-11e4-a52e-4f735466cecf":"9a90ae0b-f129-4cca-9038-3f5dcadd8896"},{"element-6066-11e4-a52e-4f735466cecf":"b48cb9c0-8da3-493f-b10d-b2c5f1c8ab92"},{"element-6066-11e4-a52e-4f735466cecf":"294139fa-1ed4-4bed-a110-e58d0bcd3e9a"},{"element-6066-11e4-a52e-4f735466cecf":"88ee3c56-e012-4349-8321-8e54bc0615ad"},{"element-6066-11e4-a52e-4f735466cecf":"ae0790d4-ae70-47ce-9ebc-8cf8c007033f"},{"element-6066-11e4-a52e-4f735466cecf":"1c83eea0-f4aa-4fa9-aada-6e37a82dbc8c"},{"element-6066-11e4-a52e-4f735466cecf":"0b97d1d0-0d9d-4ef8-8707-a81b59e17862"},{"element-6066-11e4-a52e-4f735466cecf":"f3520d0a-ba5d-4581-802b-f6f8c87b2a55"},{"element-6066-11e4-a52e-4f735466cecf":"f26829e2-b17c-4df6-8cdb-178983b2022b"},{"element-6066-11e4-a52e-4f735466cecf":"565eecd9-b7e0-49bb-b8dc-ce2a23678d97"},{"element-6066-11e4-a52e-4f735466cecf":"79e4f176-7906-4e39-a574-170c7e5a6c8c"},{"element-6066-11e4-a52e-4f735466cecf":"7d41326b-d7c8-4c72-8904-6fb43dee4efb"},{"element-6066-11e4-a52e-4f735466cecf":"4e317fd7-8a55-4778-a294-19d7bfc534d9"},{"element-6066-11e4-a52e-4f735466cecf":"0dd7b14a-4a3a-4fb0-89ee-b98b99c330d9"},{"element-6066-11e4-a52e-4f735466cecf":"329fe679-9b02-4212-8c4b-49697117475a"},{"element-6066-11e4-a52e-4f735466cecf":"dc5ed1a4-cc7b-40e5-970f-eab556ea9c11"},{"element-6066-11e4-a52e-4f735466cecf":"0bd1a8e5-4277-44ee-8024-f88101e022a8"},{"element-6066-11e4-a52e-4f735466cecf":"5183de21-03a2-4f99-bf08-7ff64283b846"},{"element-6066-11e4-a52e-4f735466cecf":"e1d12c69-7e6b-4e5f-b6eb-276edbab55a5"},{"element-6066-11e4-a52e-4f735466cecf":"fad51a2a-2b5e-432c-b37b-6ed968d62b09"},{"element-6066-11e4-a52e-4f735466cecf":"b2259dbc-5f33-411b-b113-bfd580d8e693"},{"element-6066-11e4-a52e-4f735466cecf":"c37e6523-9e5f-4413-8856-d80be444aaaa"},{"element-6066-11e4-a52e-4f735466cecf":"612170b2-ee77-472c-ad78-151466e050a4"},{"element-6066-11e4-a52e-4f735466cecf":"cd649029-15f9-4497-a1cb-aba575de6ec5"},{"element-6066-11e4-a52e-4f735466cecf":"a93b7b5a-dbd1-4dcd-a12b-50f74742b1fa"},{"element-6066-11e4-a52e-4f735466cecf":"2b8d6882-4c48-4395-8cf3-52f82b6bd8cf"},{"element-6066-11e4-a52e-4f735466cecf":"25e336e7-4bf3-4ed8-893e-08d34c7babec"},{"element-6066-11e4-a52e-4f735466cecf":"cf6ad5fb-d7f4-4945-8eb4-d28c8c9ee4f9"},{"element-6066-11e4-a52e-4f735466cecf":"519d9729-4050-4921-94e7-89c82b6459d1"},{"element-6066-11e4-a52e-4f735466cecf":"70fe563b-3a97-4037-ab84-3c28248dfe3c"},{"element-6066-11e4-a52e-4f735466cecf":"90a190db-8dd3-4f4e-ae0e-74f1ef698eb7"},{"element-6066-11e4-a52e-4f735466cecf":"24c7fc0c-4b0d-4329-ade1-af00d9fbf5fb"},{"element-6066-11e4-a52e-4f735466cecf":"02a22af2-0b2b-4a3d-90e9-f11981c5a779"},{"element-6066-11e4-a52e-4f735466cecf":"d4dba94b-a885-4883-931b-0df203f3edb7"},{"element-6066-11e4-a52e-4f735466cecf":"65484fa1-722a-438e-b786-aed8f953fa1e"},{"element-6066-11e4-a52e-4f735466cecf":"9d602c3a-82e6-4a96-b4fa-803f72850d95"},{"element-6066-11e4-a52e-4f735466cecf":"6a2b2cde-5255-4280-8a79-5d5615b8ac4b"},{"element-6066-11e4-a52e-4f735466cecf":"2b69329f-5f10-4560-aca4-3f2fe582ff4f"},{"element-6066-11e4-a52e-4f735466cecf":"ed5722ec-c10d-4603-afe8-852e05e2a6a5"},{"element-6066-11e4-a52e-4f735466cecf":"969cb6f1-d9fd-4dda-9ca5-bc2f08cb96f3"},{"element-6066-11e4-a52e-4f735466cecf":"c12e2906-20d7-4176-b5bc-1e2a20713f9a"},{"element-6066-11e4-a52e-4f735466cecf":"672aa62e-a468-4719-a609-d3cfd2c229c8"},{"element-6066-11e4-a52e-4f735466cecf":"63739873-0af3-4875-b976-226397a9ae4e"},{"element-6066-11e4-a52e-4f735466cecf":"a34dbfcc-0177-4ac3-b409-879965d30914"},{"element-6066-11e4-a52e-4f735466cecf":"7a6bf9f1-c2a2-4466-a323-65a5ec8855dd"},{"element-6066-11e4-a52e-4f735466cecf":"810948fe-e732-4403-9bfa-ec9b7bf975a7"},{"element-6066-11e4-a52e-4f735466cecf":"8bcc8f4c-7bd3-48fc-a5e9-83f18e739f75"},{"element-6066-11e4-a52e-4f735466cecf":"2076ebe8-8123-4bfe-bb2b-1dcdc2955324"},{"element-6066-11e4-a52e-4f735466cecf":"8c86fc2f-fb4e-490d-8e2b-054882935229"},{"element-6066-11e4-a52e-4f735466cecf":"5c9a0dd6-0c12-484e-ae7c-562152b2edb4"},{"element-6066-11e4-a52e-4f735466cecf":"a6b28a83-64a9-40bb-a176-0fbe145c3300"},{"element-6066-11e4-a52e-4f735466cecf":"51bb7eb9-d15b-4469-a075-c8db68f9d8c1"},{"element-6066-11e4-a52e-4f735466cecf":"f444d9a9-5633-4f8f-a915-1fc38e046cff"},{"element-6066-11e4-a52e-4f735466cecf":"85710bff-69f4-4cf2-a151-cefbee7d6d46"},{"element-6066-11e4-a52e-4f735466cecf":"710cfa82-2954-4caa-b776-a6fa7c83bade"},{"element-6066-11e4-a52e-4f735466cecf":"14165363-edb8-4b1a-a490-b4645dfb1bbb"},{"element-6066-11e4-a52e-4f735466cecf":"dcc6b699-b561-48ad-8084-074beff730e8"},{"element-6066-11e4-a52e-4f735466cecf":"9c22add1-5516-4621-b4b1-8b2461e1a5ad"},{"element-6066-11e4-a52e-4f735466cecf":"14b4a240-04b4-4c21-bc9f-921f4242040d"},{"element-6066-11e4-a52e-4f735466cecf":"8db50851-35b5-4a56-a0a1-66b6a38cf211"},{"element-6066-11e4-a52e-4f735466cecf":"8832dc6e-2749-4bbd-8ee2-023e99024b51"},{"element-6066-11e4-a52e-4f735466cecf":"7bd51a98-9d1f-443a-8ab2-973bb6807b08"},{"element-6066-11e4-a52e-4f735466cecf":"235c8d00-6d99-4aec-9aee-ba0a55fc4048"},{"element-6066-11e4-a52e-4f735466cecf":"1346cd4a-aa0d-4d23-8961-cc82991f40dc"},{"element-6066-11e4-a52e-4f735466cecf":"07d5e04a-a057-493d-a631-63f30f70780b"},{"element-6066-11e4-a52e-4f735466cecf":"c05eb88a-3ca5-4b51-9579-9435d412cce5"},{"element-6066-11e4-a52e-4f735466cecf":"e49eaf1c-39a4-41f0-828f-6c9caaa223c8"},{"element-6066-11e4-a52e-4f735466cecf":"a672eb2d-7393-477f-91fd-6927c581f3df"},{"element-6066-11e4-a52e-4f735466cecf":"c106faa6-8efd-41ff-8fcf-1a1f34cfb9c6"},{"element-6066-11e4-a52e-4f735466cecf":"b5e5015a-3fae-442a-ba8d-e000bcb019b1"},{"element-6066-11e4-a52e-4f735466cecf":"8de7f407-0eca-46a8-a590-12157dc748dc"},{"element-6066-11e4-a52e-4f735466cecf":"0da24339-3726-4585-8c48-88b405b5fcf0"},{"element-6066-11e4-a52e-4f735466cecf":"d849fa75-479f-4849-931f-c318b6ec036a"},{"element-6066-11e4-a52e-4f735466cecf":"429e168d-6aa6-485c-b89c-69ac48340294"},{"element-6066-11e4-a52e-4f735466cecf":"bef5ded2-a500-438e-a1cb-4afdadb57d2c"},{"element-6066-11e4-a52e-4f735466cecf":"6c68c654-dbcc-41de-b2d4-9f1b6bd64c8e"},{"element-6066-11e4-a52e-4f735466cecf":"1cc1cf70-6cf6-40c7-b7a3-acc97a6ba0f4"},{"element-6066-11e4-a52e-4f735466cecf":"fe887243-3cb3-486b-b28e-290bcdc05a59"},{"element-6066-11e4-a52e-4f735466cecf":"cb365aa4-e0a6-48c7-88ec-7ede48a8096f"},{"element-6066-11e4-a52e-4f735466cecf":"5e5915dd-9b31-4a13-b059-fd82161c9d27"},{"element-6066-11e4-a52e-4f735466cecf":"6b4dcb12-086f-49e8-99cf-3777a94a4043"},{"element-6066-11e4-a52e-4f735466cecf":"4b08de5f-1a9d-42b9-a1eb-3bda9cfd20f1"},{"element-6066-11e4-a52e-4f735466cecf":"d85f46cf-fae7-4ec9-89e6-7922dcb50f17"},{"element-6066-11e4-a52e-4f735466cecf":"4635f87f-7fa3-4610-b43b-0bc93bd736fa"},{"element-6066-11e4-a52e-4f735466cecf":"5daf4e1b-e548-4f97-8870-6cff0f721276"},{"element-6066-11e4-a52e-4f735466cecf":"1106312e-dcd3-4fca-b9b7-05b7449fa920"},{"element-6066-11e4-a52e-4f735466cecf":"7809ab93-4c8a-4a03-983b-787c82c977df"},{"element-6066-11e4-a52e-4f735466cecf":"9871d57f-ea4e-4c8f-912a-53991bb3c289"},{"element-6066-11e4-a52e-4f735466cecf":"fea90491-3a9b-465b-8e37-bad859abefe9"},{"element-6066-11e4-a52e-4f735466cecf":"ea0030df-6fbc-406a-a81b-7c5f6a03ccf1"},{"element-6066-11e4-a52e-4f735466cecf":"5f4c5bfe-e48f-477c-822d-6f8d5209d84e"},{"element-6066-11e4-a52e-4f735466cecf":"e39261eb-507a-490b-b428-499f9b4d0aa7"},{"element-6066-11e4-a52e-4f735466cecf":"6e2742eb-e222-4664-930d-463c3ca3bfb7"},{"element-6066-11e4-a52e-4f735466cecf":"6249c000-2d6d-4d12-aa2c-e6794e741a90"},{"element-6066-11e4-a52e-4f735466cecf":"46eec0eb-544c-4913-8ce7-a67faaff3a3d"},{"element-6066-11e4-a52e-4f735466cecf":"a6df2cdd-54da-4416-afc1-6ce9096eaa77"},{"element-6066-11e4-a52e-4f735466cecf":"d01ef033-39f7-4574-a77c-995ee332d185"},{"element-6066-11e4-a52e-4f735466cecf":"b59fa0e9-f10d-4142-9cdb-428c58845ac2"},{"element-6066-11e4-a52e-4f735466cecf":"e3102353-1cd2-4b8a-8af8-92addc9def4b"},{"element-6066-11e4-a52e-4f735466cecf":"ccc4c75d-4a77-4768-b1f3-e07651677798"},{"element-6066-11e4-a52e-4f735466cecf":"9e77d26c-f2d4-419a-87ec-55169f508b5a"},{"element-6066-11e4-a52e-4f735466cecf":"4c7a0aff-877b-4014-89d3-48980e6c3edf"},{"element-6066-11e4-a52e-4f735466cecf":"b037d660-20c3-4e9f-a462-d524ca91f6c4"},{"element-6066-11e4-a52e-4f735466cecf":"b19c344c-588e-4c47-a844-1878666884fd"},{"element-6066-11e4-a52e-4f735466cecf":"781c46da-a11d-487f-ad7f-79e0ceb99284"},{"element-6066-11e4-a52e-4f735466cecf":"5f29a50d-ea7b-47f3-b7fa-f48cdc333019"},{"element-6066-11e4-a52e-4f735466cecf":"f4c7672b-8f19-4690-9084-8e741e0fea25"},{"element-6066-11e4-a52e-4f735466cecf":"25a2103f-3fba-4811-9bf3-34d184ce2b38"},{"element-6066-11e4-a52e-4f735466cecf":"e2978634-8b60-4d1b-8be5-c1513e7c25e2"},{"element-6066-11e4-a52e-4f735466cecf":"102a6976-e8c2-4431-b429-fc34889c1640"},{"element-6066-11e4-a52e-4f735466cecf":"f71cbb76-1e88-4a00-b008-4a5502564e36"},{"element-6066-11e4-a52e-4f735466cecf":"0c90b36e-9b13-448f-ad20-50bea7da19f8"},{"element-6066-11e4-a52e-4f735466cecf":"3daa2663-3961-4d56-9ee6-b3bd22715d6d"},{"element-6066-11e4-a52e-4f735466cecf":"efdfed0d-e1d7-4a17-8d26-8e78a7623637"},{"element-6066-11e4-a52e-4f735466cecf":"28d30fd1-147b-4d67-b758-dcf326008d9f"},{"element-6066-11e4-a52e-4f735466cecf":"e717da89-04f6-4d70-bda5-dea738e51d4e"},{"element-6066-11e4-a52e-4f735466cecf":"61c7660d-43ec-4b99-b5f5-e5870c5e1cdf"},{"element-6066-11e4-a52e-4f735466cecf":"3d187ae1-1a8e-4a69-ad52-b91be21a98a6"},{"element-6066-11e4-a52e-4f735466cecf":"f2ed7f08-4bfa-4641-a768-db2036c3a71b"},{"element-6066-11e4-a52e-4f735466cecf":"6891ef35-658e-4981-a1ff-570a0528c541"},{"element-6066-11e4-a52e-4f735466cecf":"fe1719b9-eacd-491d-9249-97d1eb294754"},{"element-6066-11e4-a52e-4f735466cecf":"e1f88375-086d-4161-9553-8049c2c20ee3"},{"element-6066-11e4-a52e-4f735466cecf":"2fef5771-ac0f-4a99-9cef-2de99c9fba05"},{"element-6066-11e4-a52e-4f735466cecf":"e608d96e-a5d7-499e-9a29-038680af9d0d"},{"element-6066-11e4-a52e-4f735466cecf":"481d01f0-5d42-47b7-85e8-b5053e61856a"},{"element-6066-11e4-a52e-4f735466cecf":"9451b2d2-8ec7-475b-b116-7a6795f06a14"},{"element-6066-11e4-a52e-4f735466cecf":"9e6b5c6d-17a8-4586-98c3-a6d7a648d8cd"},{"element-6066-11e4-a52e-4f735466cecf":"57062d5a-865e-4770-940c-295e76e25f65"},{"element-6066-11e4-a52e-4f735466cecf":"80911622-c979-419d-937c-65a7e81b4fef"},{"element-6066-11e4-a52e-4f735466cecf":"255bce4c-8ebb-4f58-9cce-7fe145e98c4b"},{"element-6066-11e4-a52e-4f735466cecf":"39118cdc-2b0e-4fb4-a515-fff3df131013"},{"element-6066-11e4-a52e-4f735466cecf":"363b6f4d-af65-461b-9939-359fe6177b34"},{"element-6066-11e4-a52e-4f735466cecf":"8e7e78cd-5231-4eb5-a43d-8b7ce92e4393"},{"element-6066-11e4-a52e-4f735466cecf":"0d3877f2-3814-4a5a-a1b8-1838af9f7a6f"},{"element-6066-11e4-a52e-4f735466cecf":"18931034-9c95-47dc-b2e7-e66f674df578"},{"element-6066-11e4-a52e-4f735466cecf":"efbdc5e8-b9ee-4dff-b316-953e76a11a53"},{"element-6066-11e4-a52e-4f735466cecf":"b438e05b-ef50-4034-bff4-fda40b133af9"},{"element-6066-11e4-a52e-4f735466cecf":"1e495fb9-f4f6-4397-a6dc-5b896d169a34"},{"element-6066-11e4-a52e-4f735466cecf":"8c24f8e3-316b-43d3-b145-0c063c5f611d"},{"element-6066-11e4-a52e-4f735466cecf":"e2f5f382-bef5-4008-841a-47bce68aaf31"},{"element-6066-11e4-a52e-4f735466cecf":"97b9fdae-b8b9-4d03-b2f2-6a71cf36b54f"},{"element-6066-11e4-a52e-4f735466cecf":"ae39586f-f44e-4a92-ae91-55399b8fa209"},{"element-6066-11e4-a52e-4f735466cecf":"ebe1de45-6ae8-4d34-9176-62ac89c58301"},{"element-6066-11e4-a52e-4f735466cecf":"33224f0f-303a-4a96-bd3c-44223a4be208"},{"element-6066-11e4-a52e-4f735466cecf":"a6e218d0-4e08-422f-b019-943b08c9e53f"},{"element-6066-11e4-a52e-4f735466cecf":"e9f19509-5538-43ea-a8e7-39719240df48"},{"element-6066-11e4-a52e-4f735466cecf":"16d123f6-ed71-465d-8f8d-c5031fbecfdd"},{"element-6066-11e4-a52e-4f735466cecf":"69e9d6fc-93aa-42e3-9545-a243aba69d9c"},{"element-6066-11e4-a52e-4f735466cecf":"995a1c23-d163-40fd-84e2-c68ebbe62375"},{"element-6066-11e4-a52e-4f735466cecf":"0b4b6e37-d071-4997-828a-fcfba48edf98"},{"element-6066-11e4-a52e-4f735466cecf":"1c70e6f0-501b-48d1-a4eb-af7b4c90d7a6"},{"element-6066-11e4-a52e-4f735466cecf":"1e37c709-bfe5-42bf-8f23-416ff1ccfeca"},{"element-6066-11e4-a52e-4f735466cecf":"e1330c0d-1320-4bec-9ac9-72814f29a5fd"},{"element-6066-11e4-a52e-4f735466cecf":"0b765ed0-7251-4fc3-b49a-71cc6dae724d"},{"element-6066-11e4-a52e-4f735466cecf":"70a4d007-35e3-43af-ba3e-daa053e3299a"},{"element-6066-11e4-a52e-4f735466cecf":"818f5b8f-8616-4f05-aa9d-65c31f2ade7d"},{"element-6066-11e4-a52e-4f735466cecf":"109e7a1e-5320-4396-b101-6a9567a007b1"},{"element-6066-11e4-a52e-4f735466cecf":"78ec349e-efa1-4861-a5f3-e1806c4dae15"},{"element-6066-11e4-a52e-4f735466cecf":"72dfff94-f62e-469b-b98f-b8000ab25531"},{"element-6066-11e4-a52e-4f735466cecf":"9d748548-5c37-411d-b33b-dced3f5aa7d0"},{"element-6066-11e4-a52e-4f735466cecf":"74dd35da-30b0-4d8f-b27a-778a247cfd3f"},{"element-6066-11e4-a52e-4f735466cecf":"648d4e4b-06f3-4e0e-8f03-57af68d521aa"},{"element-6066-11e4-a52e-4f735466cecf":"469fed6b-aaf2-45e9-88cf-495e72d0fe5b"},{"element-6066-11e4-a52e-4f735466cecf":"f5484b92-6aba-4e6a-a5ed-34ecb34111fe"},{"element-6066-11e4-a52e-4f735466cecf":"0e900907-035d-43a1-bf10-80d5f2b5eac5"},{"element-6066-11e4-a52e-4f735466cecf":"17cc3312-752b-437f-905e-42521ee6678e"},{"element-6066-11e4-a52e-4f735466cecf":"2e4c26e6-ea97-4825-8bda-44637f0fe831"},{"element-6066-11e4-a52e-4f735466cecf":"12838a0b-6324-4610-9d01-58ec99f921e7"},{"element-6066-11e4-a52e-4f735466cecf":"2b1e3ed0-4b47-418f-b0b2-d53e5c342d25"},{"element-6066-11e4-a52e-4f735466cecf":"d7b701f4-6fbf-4b28-8de2-5e1bf5faa506"},{"element-6066-11e4-a52e-4f735466cecf":"3f26f964-b6b4-41f5-a235-58161511f427"},{"element-6066-11e4-a52e-4f735466cecf":"3bf4a5b2-02ed-4962-9be8-9d52679cbd9a"},{"element-6066-11e4-a52e-4f735466cecf":"42556b39-3206-4e03-bbe2-1237d3cf76df"},{"element-6066-11e4-a52e-4f735466cecf":"05c94b0a-4b08-4f39-9183-8b3091e292cb"},{"element-6066-11e4-a52e-4f735466cecf":"3c460b28-e386-4020-97e4-80e7e0ecee14"},{"element-6066-11e4-a52e-4f735466cecf":"0ba6ece5-c2e7-4760-86fb-3ed67a9af0f8"},{"element-6066-11e4-a52e-4f735466cecf":"525044e1-7d36-4fbc-83fe-61e2608d22ec"},{"element-6066-11e4-a52e-4f735466cecf":"270d0213-145e-4e2d-94ce-326b3d76bcfc"},{"element-6066-11e4-a52e-4f735466cecf":"6993f2af-1961-478f-9822-11955adb23aa"},{"element-6066-11e4-a52e-4f735466cecf":"0d16da5d-2421-46c6-8a75-ca897a843577"},{"element-6066-11e4-a52e-4f735466cecf":"524d2a20-7487-4be6-a98b-c54323e05874"},{"element-6066-11e4-a52e-4f735466cecf":"bf0c47d7-0b0e-4003-b602-17f2c530991b"},{"element-6066-11e4-a52e-4f735466cecf":"bd5b0b16-c9f4-4c6f-8c44-1ed618b32c9f"},{"element-6066-11e4-a52e-4f735466cecf":"e9d96d20-1eb1-4202-94c7-7cba7c888146"},{"element-6066-11e4-a52e-4f735466cecf":"7484d10b-ddf8-410c-a889-76ae8f31c648"},{"element-6066-11e4-a52e-4f735466cecf":"f006b527-079d-4b1a-95cd-727cb8cf0a5a"},{"element-6066-11e4-a52e-4f735466cecf":"7e9330fe-6776-4259-bd30-d69265f896e1"},{"element-6066-11e4-a52e-4f735466cecf":"53359455-eaab-409a-91ad-567efece05d4"},{"element-6066-11e4-a52e-4f735466cecf":"73d41c9e-ebdc-42f9-b04d-0fb274891983"},{"element-6066-11e4-a52e-4f735466cecf":"e2cb1028-5671-4201-b66f-8458c993c6a1"},{"element-6066-11e4-a52e-4f735466cecf":"c70bfb5c-625a-465e-8402-aaf3446d1c0b"},{"element-6066-11e4-a52e-4f735466cecf":"24f4f7a0-5938-4041-8aac-29bed4cc1e8b"},{"element-6066-11e4-a52e-4f735466cecf":"3fe6fb18-5a48-42bf-8834-f955a416ad50"},{"element-6066-11e4-a52e-4f735466cecf":"350433f5-8f91-4849-af37-7b624c213eb1"},{"element-6066-11e4-a52e-4f735466cecf":"c76cc623-f11a-47d8-b923-2b0ddba46c24"},{"element-6066-11e4-a52e-4f735466cecf":"c106b513-b8fe-44e5-bab3-70f7edfdce40"},{"element-6066-11e4-a52e-4f735466cecf":"720a516f-26e9-4668-8e35-98c1ae125524"},{"element-6066-11e4-a52e-4f735466cecf":"3979b690-70dd-46ee-b9aa-9f5e7e138ac7"},{"element-6066-11e4-a52e-4f735466cecf":"e5114c08-a06c-482e-9f54-efa7e7224845"},{"element-6066-11e4-a52e-4f735466cecf":"e99ca851-0f44-43dd-9c43-fba248500528"},{"element-6066-11e4-a52e-4f735466cecf":"1165f2c2-3c01-4ccf-890b-db1a8900b448"},{"element-6066-11e4-a52e-4f735466cecf":"8ef8568d-5530-4f5b-b058-681ffb4e73c2"},{"element-6066-11e4-a52e-4f735466cecf":"bb500acc-ca6e-4bc0-a9fe-18e0e63726f9"},{"element-6066-11e4-a52e-4f735466cecf":"69f1bd34-6e91-482a-8d36-2a71fd8103d9"},{"element-6066-11e4-a52e-4f735466cecf":"36445138-752c-4f53-bcb1-b0ef95a40a4c"},{"element-6066-11e4-a52e-4f735466cecf":"d5b3fee8-b090-4b7e-97ac-dc1bfff85da8"},{"element-6066-11e4-a52e-4f735466cecf":"a2477eff-54f7-42c1-8ecb-ea7e6cba2ab7"},{"element-6066-11e4-a52e-4f735466cecf":"dcc6a264-561f-4e96-9f46-4c75c1e118a4"},{"element-6066-11e4-a52e-4f735466cecf":"87f56fed-584b-4739-9df4-a43362d906f0"},{"element-6066-11e4-a52e-4f735466cecf":"da7684a1-9bf3-4830-85c8-b39dc5647c3a"},{"element-6066-11e4-a52e-4f735466cecf":"0d0b18a2-7251-4b11-9846-f63a62702dac"},{"element-6066-11e4-a52e-4f735466cecf":"8e39a321-69ff-4aa1-b08c-ffb7d1e89073"},{"element-6066-11e4-a52e-4f735466cecf":"8755b391-bd49-48d7-b960-5c49c33044c4"},{"element-6066-11e4-a52e-4f735466cecf":"109dc949-3285-423f-8eda-8a68c35668af"},{"element-6066-11e4-a52e-4f735466cecf":"3826d370-3a5e-4334-a734-2dc79056e34f"},{"element-6066-11e4-a52e-4f735466cecf":"51375fa2-5066-4794-88bc-5f045b8cd7b6"},{"element-6066-11e4-a52e-4f735466cecf":"cfef71cc-6cd8-4754-9e7f-d6bd71ca5c74"},{"element-6066-11e4-a52e-4f735466cecf":"2796c4cd-a8de-4ba8-ad42-39cc5c99ca03"},{"element-6066-11e4-a52e-4f735466cecf":"b4ba3090-5153-4212-95d0-26e490bf90da"},{"element-6066-11e4-a52e-4f735466cecf":"1afcef7c-e4d8-4a0f-9412-3fc3d933cd6f"},{"element-6066-11e4-a52e-4f735466cecf":"0820afdc-2915-48f9-b1ca-47675e327d36"},{"element-6066-11e4-a52e-4f735466cecf":"1168dc00-ad5b-40ed-b473-e591abeb8d61"},{"element-6066-11e4-a52e-4f735466cecf":"e06b2583-1f55-4f54-934b-2bec274ecc6a"},{"element-6066-11e4-a52e-4f735466cecf":"f971e0b2-af3f-4397-97ec-1bf7879bc75d"},{"element-6066-11e4-a52e-4f735466cecf":"7723afd2-8e8a-4499-a492-67d075229222"},{"element-6066-11e4-a52e-4f735466cecf":"fdbdb040-4ec6-481a-b12e-3407531cd4c0"},{"element-6066-11e4-a52e-4f735466cecf":"2bdd2f98-a824-4781-a3c9-c236fabd13cc"},{"element-6066-11e4-a52e-4f735466cecf":"083e4b15-7707-48ce-a678-bce1166a9ff9"},{"element-6066-11e4-a52e-4f735466cecf":"502f33c9-86e7-4237-981d-f9ac54b2b4c1"},{"element-6066-11e4-a52e-4f735466cecf":"a938eba7-c94f-46e2-ad96-a4d05dedefec"},{"element-6066-11e4-a52e-4f735466cecf":"e5f49829-cce6-4638-b916-0046baaec22d"},{"element-6066-11e4-a52e-4f735466cecf":"493a9cfe-ceff-4b8e-8d13-4b812a04af10"}]} | headers=HTTPHeaderDict({'Content-Length': '88412', 'Content-Type': 'application/json; charset=utf-8', 'cache-control': 'no-cache'})
DEBUG    2022-05-28 23:30:39 selenium.webdriver.remote.remote_connection::remote_connection.py:_request:412: Finished Request
DEBUG    2022-05-28 23:30:39 selenium.webdriver.remote.remote_connection::remote_connection.py:_request:361: POST http://localhost:10919/session/1e99bdcd35203f66eff4d2e341e1a0c0/elements {"using": "xpath", "value": "//div[@class='item clearfix']"}
DEBUG    2022-05-28 23:30:40 urllib3.connectionpool::connectionpool.py:_make_request:456: http://localhost:10919 "POST /session/1e99bdcd35203f66eff4d2e341e1a0c0/elements HTTP/1.1" 200 181237
DEBUG    2022-05-28 23:30:40 selenium.webdriver.remote.remote_connection::remote_connection.py:_request:383: Remote response: status=200 | data={"value":[{"element-6066-11e4-a52e-4f735466cecf":"d506cbe5-7ef4-4f19-a280-348f5f39d9f2"},{"element-6066-11e4-a52e-4f735466cecf":"67d41d6c-6eaa-4529-8eda-a8bab6be35e5"},{"element-6066-11e4-a52e-4f735466cecf":"3cea87ea-8134-449e-be0b-c7898147b6ac"},{"element-6066-11e4-a52e-4f735466cecf":"889ed40a-bdab-4dd6-9861-d29da14c65c9"},{"element-6066-11e4-a52e-4f735466cecf":"178eaafd-3872-4996-90c8-1489cc0e409b"},{"element-6066-11e4-a52e-4f735466cecf":"021a4520-235b-441b-8b7a-50909c86d52c"},{"element-6066-11e4-a52e-4f735466cecf":"8d238f85-afb8-4cc9-b34d-932a893a4775"},{"element-6066-11e4-a52e-4f735466cecf":"cacbad2b-5551-407b-b1be-90b0697fb725"},{"element-6066-11e4-a52e-4f735466cecf":"a8a29f93-0555-4d60-9af2-8740b8778d91"},{"element-6066-11e4-a52e-4f735466cecf":"139f3e46-9bf1-4dcc-915f-6406d5fc54c2"},{"element-6066-11e4-a52e-4f735466cecf":"9bfc8635-8de4-4bce-b5ef-74bd91990b5a"},{"element-6066-11e4-a52e-4f735466cecf":"add692c1-d06f-4dd0-a238-e6292d3aaa3e"},{"element-6066-11e4-a52e-4f735466cecf":"b9b445a9-d456-427f-94c4-f48ae9804d00"},{"element-6066-11e4-a52e-4f735466cecf":"f1e7b721-dfaa-4347-81c7-0ba26cb73589"},{"element-6066-11e4-a52e-4f735466cecf":"12f8308a-a26a-49f2-a81d-40a3acad8fa3"},{"element-6066-11e4-a52e-4f735466cecf":"70a50377-e8ff-44eb-bc69-210cd2c6cfde"},{"element-6066-11e4-a52e-4f735466cecf":"1b916060-f6e1-45ad-9c5e-a8f5a99d4f93"},{"element-6066-11e4-a52e-4f735466cecf":"ab2d6368-4ca3-46d8-ac34-9f869d9f75db"},{"element-6066-11e4-a52e-4f735466cecf":"c64f3784-7579-4b7d-9fde-1142f8a91ee3"},{"element-6066-11e4-a52e-4f735466cecf":"aa382c70-045c-459b-9b2b-41c73fb8135e"},{"element-6066-11e4-a52e-4f735466cecf":"4b3a6c56-c02c-4a0d-9d87-5c338d49e016"},{"element-6066-11e4-a52e-4f735466cecf":"3082a946-5eb0-4db0-8f21-323c66e2f383"},{"element-6066-11e4-a52e-4f735466cecf":"286d44ea-4504-424d-9fef-6944843e2291"},{"element-6066-11e4-a52e-4f735466cecf":"02d3e188-e47e-4f91-b964-9779589b91a1"},{"element-6066-11e4-a52e-4f735466cecf":"0581eceb-86aa-45ef-ade3-bd50d0387c8b"},{"element-6066-11e4-a52e-4f735466cecf":"e2e77ae0-d94f-48b7-8b9b-571bdd19374a"},{"element-6066-11e4-a52e-4f735466cecf":"4d833862-b02e-4250-9ffa-2076f48678fa"},{"element-6066-11e4-a52e-4f735466cecf":"b0309d71-9584-49a7-aeb7-60b5030a870a"},{"element-6066-11e4-a52e-4f735466cecf":"3038033e-07c1-4f38-a90c-0a46c520b1b5"},{"element-6066-11e4-a52e-4f735466cecf":"e801e446-d84c-4413-8456-ad297516d99a"},{"element-6066-11e4-a52e-4f735466cecf":"86e0e49e-0d91-4695-920e-c3c2a0a3d19a"},{"element-6066-11e4-a52e-4f735466cecf":"1cb688fa-143f-4da7-a4ef-ba062e17194e"},{"element-6066-11e4-a52e-4f735466cecf":"c54ac6cc-70d6-480c-afd9-762d9c8a6d23"},{"element-6066-11e4-a52e-4f735466cecf":"16ab64e5-2aa3-4e39-b444-bb4584a5136c"},{"element-6066-11e4-a52e-4f735466cecf":"80d85937-36f4-470b-8918-260bf7b99828"},{"element-6066-11e4-a52e-4f735466cecf":"f403d351-d2db-4fd4-88bb-5f190d3875b5"},{"element-6066-11e4-a52e-4f735466cecf":"ba67a4a7-fdbd-4018-a5c7-59fb64a3019e"},{"element-6066-11e4-a52e-4f735466cecf":"b895cb17-ff93-4d32-95b0-0f5c54bbabc0"},{"element-6066-11e4-a52e-4f735466cecf":"af2f3d53-ed8c-485d-85b3-ef0f095eb90f"},{"element-6066-11e4-a52e-4f735466cecf":"0aa19b10-562c-49d4-9e40-381738f6c2f9"},{"element-6066-11e4-a52e-4f735466cecf":"f73ee0bd-9caf-40fd-ae64-6a277260346f"},{"element-6066-11e4-a52e-4f735466cecf":"584e9b95-7029-4f1a-8a46-24c5b9cef13e"},{"element-6066-11e4-a52e-4f735466cecf":"1faa3e99-ad7c-4966-87e9-a19de3f49f15"},{"element-6066-11e4-a52e-4f735466cecf":"092bb4b5-f3b6-4ecd-b248-8d6efe630004"},{"element-6066-11e4-a52e-4f735466cecf":"ecfd2cf1-7dcc-4c01-9532-cbd5d077fcb2"},{"element-6066-11e4-a52e-4f735466cecf":"0ee3574f-bf6e-42ac-acd5-7ec55c534287"},{"element-6066-11e4-a52e-4f735466cecf":"a4fad815-5b33-43bb-bb02-398d329b15ff"},{"element-6066-11e4-a52e-4f735466cecf":"05600fcd-064d-4331-a1b8-65e7cd1df985"},{"element-6066-11e4-a52e-4f735466cecf":"cba08156-6907-411b-a7b6-377f719f21d5"},{"element-6066-11e4-a52e-4f735466cecf":"f61b9ab5-5219-4fa3-814e-484849c63dbc"},{"element-6066-11e4-a52e-4f735466cecf":"62b86ee5-b91b-4161-a152-53e7b03ad3c6"},{"element-6066-11e4-a52e-4f735466cecf":"943c2d45-d203-4657-943b-4ee103f66352"},{"element-6066-11e4-a52e-4f735466cecf":"98ea1b9f-7bef-4201-9f6a-4741b7ee6e68"},{"element-6066-11e4-a52e-4f735466cecf":"f8b5d80c-7c0f-4217-a43f-7e021f4b7636"},{"element-6066-11e4-a52e-4f735466cecf":"76d4f4af-d31a-4e0e-8c79-7daa1036cc03"},{"element-6066-11e4-a52e-4f735466cecf":"19218920-c892-4439-a2b7-7e8a8eb8f62a"},{"element-6066-11e4-a52e-4f735466cecf":"bc531c6c-8d32-4143-83db-8467e820af58"},{"element-6066-11e4-a52e-4f735466cecf":"c0e1f692-8bf4-49e8-a348-f9727a33cc3c"},{"element-6066-11e4-a52e-4f735466cecf":"1ffa4b24-d0b6-4f90-a856-1367b5ba1ecd"},{"element-6066-11e4-a52e-4f735466cecf":"dd768b4d-879f-4b3d-b9e6-02efab1fdffb"},{"element-6066-11e4-a52e-4f735466cecf":"efb0283f-a591-430a-8bfa-def65d0515e1"},{"element-6066-11e4-a52e-4f735466cecf":"2200b865-7567-452f-883e-bfd45d1d2a80"},{"element-6066-11e4-a52e-4f735466cecf":"9cb8c781-c004-41d1-ac7f-edc49b33e0d7"},{"element-6066-11e4-a52e-4f735466cecf":"abf90781-3b33-4a91-9973-119110f29500"},{"element-6066-11e4-a52e-4f735466cecf":"10391025-fc59-4b32-b27f-ed63f0bef9c9"},{"element-6066-11e4-a52e-4f735466cecf":"341f7351-9b40-463a-8553-482e67455acb"},{"element-6066-11e4-a52e-4f735466cecf":"109f4ac4-d500-4fea-aa7e-0577a00266b6"},{"element-6066-11e4-a52e-4f735466cecf":"f4409d17-07df-48f8-be9f-696223414247"},{"element-6066-11e4-a52e-4f735466cecf":"91e693a4-f480-4fa7-b681-6ae638487934"},{"element-6066-11e4-a52e-4f735466cecf":"5a1e89f2-85e1-4923-a735-fd204d2cf4ec"},{"element-6066-11e4-a52e-4f735466cecf":"aef57412-5dd8-4631-b3c3-f82d27b976e3"},{"element-6066-11e4-a52e-4f735466cecf":"460ea977-a029-4ec4-b714-8c1c44f25390"},{"element-6066-11e4-a52e-4f735466cecf":"a0fc714a-4589-4191-93a4-87306b54828e"},{"element-6066-11e4-a52e-4f735466cecf":"df2c8495-2384-40b7-a402-5099f2cea171"},{"element-6066-11e4-a52e-4f735466cecf":"89b7dcd8-38bd-4c8b-9e5f-1e4842facbdf"},{"element-6066-11e4-a52e-4f735466cecf":"d2ce43fe-951e-4c23-b268-d88c39eabc63"},{"element-6066-11e4-a52e-4f735466cecf":"94739f9e-f6e7-4984-a94e-9546482672f7"},{"element-6066-11e4-a52e-4f735466cecf":"07b27598-1841-41c3-a7f8-6e34061cb703"},{"element-6066-11e4-a52e-4f735466cecf":"918f343d-ed18-4db6-b441-5096011af8e3"},{"element-6066-11e4-a52e-4f735466cecf":"bd465dbd-3c9b-4aab-a1fd-926a8a5c9344"},{"element-6066-11e4-a52e-4f735466cecf":"4164609b-fdc2-4679-bff0-075eeb4ce23d"},{"element-6066-11e4-a52e-4f735466cecf":"208a40a3-df0c-40c1-b920-ef201f60dbd4"},{"element-6066-11e4-a52e-4f735466cecf":"19d0114a-ecf5-4b3a-9520-38d52db559c6"},{"element-6066-11e4-a52e-4f735466cecf":"adc89860-0991-44f1-9c4b-ebfc0985c014"},{"element-6066-11e4-a52e-4f735466cecf":"1d90b54a-dac3-4860-a64d-32035e73286a"},{"element-6066-11e4-a52e-4f735466cecf":"2d9f49c7-52c3-48a4-8204-bbaf0a861526"},{"element-6066-11e4-a52e-4f735466cecf":"7d7a9dd1-81c5-48fa-a64f-8f058eb854ba"},{"element-6066-11e4-a52e-4f735466cecf":"ce4cc967-071f-41a2-86ba-3feb2c1d85cb"},{"element-6066-11e4-a52e-4f735466cecf":"8ae6a45b-dbd9-4317-aeba-7b947fb671d2"},{"element-6066-11e4-a52e-4f735466cecf":"f3a5c2fc-5f0c-4033-9bf0-5e1206455b99"},{"element-6066-11e4-a52e-4f735466cecf":"d80e143c-fb72-4755-b7a2-1d187dfe1c6c"},{"element-6066-11e4-a52e-4f735466cecf":"1173f2f7-7e69-4c97-949c-93e3be4fcc1e"},{"element-6066-11e4-a52e-4f735466cecf":"3cb3d551-9f6d-47c0-89bf-f62eaaa21149"},{"element-6066-11e4-a52e-4f735466cecf":"4a87e50a-5472-4474-8418-ddc32b9bf083"},{"element-6066-11e4-a52e-4f735466cecf":"ed332eb7-d9a2-4f17-9f99-1284803c6665"},{"element-6066-11e4-a52e-4f735466cecf":"ae9bca6f-6a77-4d62-8d76-3a174bb9a7a5"},{"element-6066-11e4-a52e-4f735466cecf":"a478180d-0c52-4869-a48a-4523ff8fbb85"},{"element-6066-11e4-a52e-4f735466cecf":"d018a882-8669-49b7-bac4-3cd3afdf14ad"},{"element-6066-11e4-a52e-4f735466cecf":"ad4e90eb-91c0-4d70-8d82-65f6482c31e4"},{"element-6066-11e4-a52e-4f735466cecf":"e1115ba8-7a9f-42a3-bc44-659a07b4d463"},{"element-6066-11e4-a52e-4f735466cecf":"346638da-15b4-45ab-b7e3-1003aee512ef"},{"element-6066-11e4-a52e-4f735466cecf":"3a0d79fb-c38e-4723-98d0-2979ea4b4eba"},{"element-6066-11e4-a52e-4f735466cecf":"1e366e1a-501c-4024-be72-68ce31495f45"},{"element-6066-11e4-a52e-4f735466cecf":"7460e693-e36a-48d6-ac41-a137ea99ec99"},{"element-6066-11e4-a52e-4f735466cecf":"67d0e41c-d1b4-4cf5-bf2b-c5851a1523eb"},{"element-6066-11e4-a52e-4f735466cecf":"14327642-3fe9-4f9e-9531-da4f57846e97"},{"element-6066-11e4-a52e-4f735466cecf":"eb03ada5-8dc0-417b-b0b8-c2a14ce033d8"},{"element-6066-11e4-a52e-4f735466cecf":"64586af3-27b2-4d2d-8561-84c180dc762c"},{"element-6066-11e4-a52e-4f735466cecf":"8798c2b9-df74-4b69-8b8a-6b2dc08f745c"},{"element-6066-11e4-a52e-4f735466cecf":"6f89bbad-b2c1-46b9-ba78-ef653b4262a8"},{"element-6066-11e4-a52e-4f735466cecf":"2e9048f9-618c-499c-8230-991018c531a6"},{"element-6066-11e4-a52e-4f735466cecf":"b9d6ab07-3ee3-44c2-adf8-0cf90ea38c12"},{"element-6066-11e4-a52e-4f735466cecf":"a79e1340-dd64-4bdb-aad5-355e35999ac7"},{"element-6066-11e4-a52e-4f735466cecf":"cc4339d6-1735-4958-bbfb-2251a7b3393b"},{"element-6066-11e4-a52e-4f735466cecf":"4546d49c-6c40-4e89-a1a5-c02a8ea79657"},{"element-6066-11e4-a52e-4f735466cecf":"f193c48e-3f9d-41f7-816d-d771d7151775"},{"element-6066-11e4-a52e-4f735466cecf":"edffc338-c1ac-4183-87d3-ff737534e6a8"},{"element-6066-11e4-a52e-4f735466cecf":"7e6481dd-93e5-4cbd-a764-71048d118d0c"},{"element-6066-11e4-a52e-4f735466cecf":"1eca80fd-a3e6-4b96-829c-c76bf0f38353"},{"element-6066-11e4-a52e-4f735466cecf":"e0e9df8d-5d50-4826-bb7e-446298e5e989"},{"element-6066-11e4-a52e-4f735466cecf":"7b3e65f7-cc83-430f-80f7-30ad56e8dcf2"},{"element-6066-11e4-a52e-4f735466cecf":"ace50afd-e5cf-41ff-a268-4e3ca7ca0960"},{"element-6066-11e4-a52e-4f735466cecf":"889513d3-f53f-4356-84ab-426a7ac20132"},{"element-6066-11e4-a52e-4f735466cecf":"8140995a-da71-4ad7-9e4a-4c4b9a53cedd"},{"element-6066-11e4-a52e-4f735466cecf":"63aa4239-a99f-46f6-bf2d-2975fe38b454"},{"element-6066-11e4-a52e-4f735466cecf":"82db1a19-e183-49f7-9ce4-d6a14a43e86d"},{"element-6066-11e4-a52e-4f735466cecf":"1c5f0e20-3e0c-4995-b4e6-5d4a0aec51e2"},{"element-6066-11e4-a52e-4f735466cecf":"20de6983-3358-4f6f-9339-8f47de04d6be"},{"element-6066-11e4-a52e-4f735466cecf":"07d0c3b3-27f7-4200-a360-49afc9243f6c"},{"element-6066-11e4-a52e-4f735466cecf":"a6a297ee-5860-4bb0-a787-e4964deade46"},{"element-6066-11e4-a52e-4f735466cecf":"a9b30ee4-c7f8-4093-971b-aacc34f28c49"},{"element-6066-11e4-a52e-4f735466cecf":"bf22ec54-da7e-4cca-99c8-f5b8fd8ddc5b"},{"element-6066-11e4-a52e-4f735466cecf":"05e44300-bec8-46de-ad09-11322b33eedc"},{"element-6066-11e4-a52e-4f735466cecf":"ab03a312-03e9-4a22-8b2f-27e6090280bd"},{"element-6066-11e4-a52e-4f735466cecf":"b5f71e9b-029d-4916-b4f9-142b4fb52835"},{"element-6066-11e4-a52e-4f735466cecf":"464cc44e-6b86-4181-8216-ffb1473f3be9"},{"element-6066-11e4-a52e-4f735466cecf":"d6729bec-b67d-4a2f-9ddb-6cf6313d93af"},{"element-6066-11e4-a52e-4f735466cecf":"fee66624-5d21-4ddd-bdda-247d798455c7"},{"element-6066-11e4-a52e-4f735466cecf":"b16c345a-2d70-4466-9a96-38e45238022b"},{"element-6066-11e4-a52e-4f735466cecf":"60e9fca5-35d5-476f-9247-5ca083546576"},{"element-6066-11e4-a52e-4f735466cecf":"95c300d4-9bbf-4f05-8a07-6c7e173688f6"},{"element-6066-11e4-a52e-4f735466cecf":"9156d289-0f25-4bb2-a3cf-f208e9ebf3a9"},{"element-6066-11e4-a52e-4f735466cecf":"98cb5e67-55ce-4ae4-829b-741be5a92ed6"},{"element-6066-11e4-a52e-4f735466cecf":"8cad03ed-e39a-4cd9-a0c6-765393822355"},{"element-6066-11e4-a52e-4f735466cecf":"ecd858bb-6d0d-4599-820a-cbfbb01707f1"},{"element-6066-11e4-a52e-4f735466cecf":"b6a7772e-4877-4ca7-8a7f-93b0b6c12a13"},{"element-6066-11e4-a52e-4f735466cecf":"85d4f864-95d1-42ed-b9a1-f10f62827d88"},{"element-6066-11e4-a52e-4f735466cecf":"19bc05a5-59ee-4c19-b366-ac626af04a33"},{"element-6066-11e4-a52e-4f735466cecf":"3a697627-2b49-4374-9ad2-b87e127884c8"},{"element-6066-11e4-a52e-4f735466cecf":"9ddfa7ee-a183-4e32-8da1-a0de980cc1f3"},{"element-6066-11e4-a52e-4f735466cecf":"e1d41031-ec77-4a06-89c9-536e657b7876"},{"element-6066-11e4-a52e-4f735466cecf":"140d8a1f-38e3-4397-b438-31653bcefcf7"},{"element-6066-11e4-a52e-4f735466cecf":"174eb859-7e46-4198-989f-78f15aaf8553"},{"element-6066-11e4-a52e-4f735466cecf":"e908eb29-0649-46ce-a12e-914573d71a41"},{"element-6066-11e4-a52e-4f735466cecf":"87707eda-d82f-4f71-ae8c-16a02b90e800"},{"element-6066-11e4-a52e-4f735466cecf":"8cdc3615-3463-46af-80a7-89737ddce0b2"},{"element-6066-11e4-a52e-4f735466cecf":"50ad4ee6-17e3-4654-aced-123487fc42c4"},{"element-6066-11e4-a52e-4f735466cecf":"7209d14e-0712-4dfe-a1d9-801610e83402"},{"element-6066-11e4-a52e-4f735466cecf":"d961287a-6ba9-4ddd-82a2-b1c0c568703b"},{"element-6066-11e4-a52e-4f735466cecf":"45833bea-b4a4-4c2d-ac9a-a87a50aaee2c"},{"element-6066-11e4-a52e-4f735466cecf":"53991a05-74c6-40c8-ae2a-ed9638af55bc"},{"element-6066-11e4-a52e-4f735466cecf":"3f761e9e-d555-4d8d-b99f-dc517826a6f1"},{"element-6066-11e4-a52e-4f735466cecf":"5608811c-543d-4ee8-b9cd-e7ca11fee296"},{"element-6066-11e4-a52e-4f735466cecf":"e69e01df-77cc-4d4f-ae85-fc75d133b5dc"},{"element-6066-11e4-a52e-4f735466cecf":"861a90ef-c4f8-4124-8fa8-88312f0f1904"},{"element-6066-11e4-a52e-4f735466cecf":"dfb2ba47-02a5-482e-8b3a-a6910c15f67d"},{"element-6066-11e4-a52e-4f735466cecf":"24d003bf-9fff-4fd1-b527-7d3347e739e1"},{"element-6066-11e4-a52e-4f735466cecf":"6911c0b4-e93c-438d-9836-e3a37a724695"},{"element-6066-11e4-a52e-4f735466cecf":"24f0b699-585e-4f12-a449-b7d8f77ede78"},{"element-6066-11e4-a52e-4f735466cecf":"b212086c-2600-4848-b301-8e8b2b924b12"},{"element-6066-11e4-a52e-4f735466cecf":"44834bef-ba8a-4a35-bed3-55a5eb358410"},{"element-6066-11e4-a52e-4f735466cecf":"b75590c1-7539-4bf7-86c2-16644bec82d9"},{"element-6066-11e4-a52e-4f735466cecf":"c3628cc5-917b-429a-9d33-0c40fa4bc583"},{"element-6066-11e4-a52e-4f735466cecf":"c786c2f8-8412-4e6c-82ac-c3f49ff49908"},{"element-6066-11e4-a52e-4f735466cecf":"35d04b3c-8996-43da-abfa-1ed353a13601"},{"element-6066-11e4-a52e-4f735466cecf":"ed10ef6d-7049-4371-aca7-1b6ebcaf12e2"},{"element-6066-11e4-a52e-4f735466cecf":"841c900b-7290-47c0-9d1b-645262923f56"},{"element-6066-11e4-a52e-4f735466cecf":"aff545c2-9c32-445f-ac5b-5b5d64f0cbee"},{"element-6066-11e4-a52e-4f735466cecf":"5bb2eba0-d5b9-453e-91bb-2a074900d2ba"},{"element-6066-11e4-a52e-4f735466cecf":"c55cfa2a-93ea-4067-848c-6b2aa36b68be"},{"element-6066-11e4-a52e-4f735466cecf":"85cca2a7-07e2-46b0-a1a0-3e5cfa8ad338"},{"element-6066-11e4-a52e-4f735466cecf":"fb6c097c-3736-41bc-970d-23d1859f30fc"},{"element-6066-11e4-a52e-4f735466cecf":"7149e12a-cc60-4914-b881-5b2bab0ed385"},{"element-6066-11e4-a52e-4f735466cecf":"a5a3dfd1-064e-4ef3-b79f-b451e9f20d36"},{"element-6066-11e4-a52e-4f735466cecf":"34370abc-f569-4ea5-93b6-1026afb312e4"},{"element-6066-11e4-a52e-4f735466cecf":"c5d545bc-1cc8-4a63-9bd3-a1efda82c769"},{"element-6066-11e4-a52e-4f735466cecf":"a3c945eb-35f9-45f0-944b-98930d6264e4"},{"element-6066-11e4-a52e-4f735466cecf":"0aa21982-1625-4399-aad7-7a469a31fe05"},{"element-6066-11e4-a52e-4f735466cecf":"9469f31e-75f0-4ac8-92b8-ab4f931f7844"},{"element-6066-11e4-a52e-4f735466cecf":"30e83c17-ec82-4b53-8c89-086cf1afa03c"},{"element-6066-11e4-a52e-4f735466cecf":"2d71e262-23ea-41ee-ad6d-d5dd6e83da7f"},{"element-6066-11e4-a52e-4f735466cecf":"db30b8ee-01b2-4b75-8de3-f915f4bd8222"},{"element-6066-11e4-a52e-4f735466cecf":"7b820b55-5456-434a-bd97-02ce8f4b2f8e"},{"element-6066-11e4-a52e-4f735466cecf":"6859e0bc-2a15-4100-bfb9-b3bc2081cca2"},{"element-6066-11e4-a52e-4f735466cecf":"d179538c-590a-4051-9e68-34cf325072f8"},{"element-6066-11e4-a52e-4f735466cecf":"d5278c5e-74df-4218-be00-6778d513557b"},{"element-6066-11e4-a52e-4f735466cecf":"4b28d87d-e0ad-457f-a1f7-480cb2b41ab4"},{"element-6066-11e4-a52e-4f735466cecf":"2e67c6e7-96b5-4972-a862-35585bf8eda4"},{"element-6066-11e4-a52e-4f735466cecf":"26395e66-7349-4822-8494-3672670e2542"},{"element-6066-11e4-a52e-4f735466cecf":"c6a15afd-c35c-492f-ae81-359361523e5e"},{"element-6066-11e4-a52e-4f735466cecf":"349bbe70-7575-496c-9ef3-90ad45795585"},{"element-6066-11e4-a52e-4f735466cecf":"09957910-30ed-436c-8e48-fb4208760853"},{"element-6066-11e4-a52e-4f735466cecf":"eb114f3a-304d-4b33-8464-ce1ae1f45226"},{"element-6066-11e4-a52e-4f735466cecf":"e5b1f132-140f-4d84-9291-a383f942486d"},{"element-6066-11e4-a52e-4f735466cecf":"e45559fc-5488-4efb-8180-dff77a8560e3"},{"element-6066-11e4-a52e-4f735466cecf":"a98ce2e6-4895-49f0-ae85-9dca311e6281"},{"element-6066-11e4-a52e-4f735466cecf":"4bf56fb6-0026-40ef-b3ea-260541ed6475"},{"element-6066-11e4-a52e-4f735466cecf":"9b06d125-0ca6-4147-a97e-6e21cb9565ab"},{"element-6066-11e4-a52e-4f735466cecf":"5557f52e-3b65-47d4-bc77-511c37eef9ca"},{"element-6066-11e4-a52e-4f735466cecf":"b3fb0774-886a-4c5e-8e4d-16b5fb565154"},{"element-6066-11e4-a52e-4f735466cecf":"709d847b-745c-48f2-bdf5-762552e8122b"},{"element-6066-11e4-a52e-4f735466cecf":"e7c69802-be6c-49e4-808b-d3ab3dc0d086"},{"element-6066-11e4-a52e-4f735466cecf":"932eba12-6bd4-4ce6-82f5-6cbc73708bfe"},{"element-6066-11e4-a52e-4f735466cecf":"e9be3ea6-df60-4a9c-b27f-b126d65a05b0"},{"element-6066-11e4-a52e-4f735466cecf":"31f5b5af-694b-41b9-bd44-4ceeac5c2dd9"},{"element-6066-11e4-a52e-4f735466cecf":"8f8fa55a-c4ae-482f-9c8a-45bc75dda240"},{"element-6066-11e4-a52e-4f735466cecf":"4b2c14b9-7866-40e5-a1c0-b4fec5430108"},{"element-6066-11e4-a52e-4f735466cecf":"c87e3e9d-cacd-49d5-afc2-92a4415ddd3d"},{"element-6066-11e4-a52e-4f735466cecf":"517f89b1-2461-4ae7-966a-222951162a68"},{"element-6066-11e4-a52e-4f735466cecf":"0661b0ed-2bd7-47aa-a942-77cae11814f5"},{"element-6066-11e4-a52e-4f735466cecf":"7de73e7e-2f9d-495b-bff1-fc9494249072"},{"element-6066-11e4-a52e-4f735466cecf":"51be4eae-00df-4639-b942-6378ef007075"},{"element-6066-11e4-a52e-4f735466cecf":"e30d1a69-c80e-43d3-8425-49df63a41274"},{"element-6066-11e4-a52e-4f735466cecf":"9c23f977-7984-4d87-b7b1-42e617ff80bf"},{"element-6066-11e4-a52e-4f735466cecf":"a2d16550-7660-491e-8a77-9feea787f8c8"},{"element-6066-11e4-a52e-4f735466cecf":"62cb0f4f-c98f-44c7-a4ca-f7214ba24f6e"},{"element-6066-11e4-a52e-4f735466cecf":"25811124-7437-41bb-a0bf-6b765ea1888b"},{"element-6066-11e4-a52e-4f735466cecf":"68148447-4727-42ca-8345-d886a97af165"},{"element-6066-11e4-a52e-4f735466cecf":"c8073866-94ba-4d98-aac9-91a3097bedca"},{"element-6066-11e4-a52e-4f735466cecf":"3f9ba55e-b835-484d-a531-9fcdca654f1a"},{"element-6066-11e4-a52e-4f735466cecf":"8ab014e9-9668-4292-b1e6-bafa161c7855"},{"element-6066-11e4-a52e-4f735466cecf":"09c48291-9f29-437e-aa7e-3f5a9730989c"},{"element-6066-11e4-a52e-4f735466cecf":"d9f27d7f-b9ab-4869-96e5-07983e6247ea"},{"element-6066-11e4-a52e-4f735466cecf":"9f2d74c4-5974-456b-ab2d-8262683c86fc"},{"element-6066-11e4-a52e-4f735466cecf":"180a7942-19ed-4a03-84d2-e68b98e7bed0"},{"element-6066-11e4-a52e-4f735466cecf":"d9a6d055-7003-47f8-b445-e329054a4fc3"},{"element-6066-11e4-a52e-4f735466cecf":"04417da0-748e-4afa-a816-811c752aa166"},{"element-6066-11e4-a52e-4f735466cecf":"616d8bf7-a713-4abd-aa4f-4aad77d56036"},{"element-6066-11e4-a52e-4f735466cecf":"80497bd6-bd92-497e-a2ca-9bda387781d4"},{"element-6066-11e4-a52e-4f735466cecf":"66659325-632a-4705-81da-cebc0969c37d"},{"element-6066-11e4-a52e-4f735466cecf":"4450d0e7-483a-4d12-8c38-08512b51a628"},{"element-6066-11e4-a52e-4f735466cecf":"c869a726-eeaa-41c8-aaa5-220ee8adfdf6"},{"element-6066-11e4-a52e-4f735466cecf":"1fb4f4da-c054-46fe-b61a-da329c08434f"},{"element-6066-11e4-a52e-4f735466cecf":"bfb3fbdd-a104-4fec-a493-b8e3f95256be"},{"element-6066-11e4-a52e-4f735466cecf":"6a3070ff-b329-4698-b86c-89d5fa18b1b8"},{"element-6066-11e4-a52e-4f735466cecf":"48106181-163f-474b-8ff6-72f6005e3808"},{"element-6066-11e4-a52e-4f735466cecf":"60a233eb-05dc-4dee-ad74-a497c7c6058e"},{"element-6066-11e4-a52e-4f735466cecf":"fe80865b-d57a-4da1-850a-ecbb83ac877a"},{"element-6066-11e4-a52e-4f735466cecf":"3f01c6a5-5717-441e-be59-70e121b363bd"},{"element-6066-11e4-a52e-4f735466cecf":"5ed1c711-7770-48ca-8903-6968c5dfbb34"},{"element-6066-11e4-a52e-4f735466cecf":"c0aed98f-a2f6-4cdc-bfe3-df3c65251b4c"},{"element-6066-11e4-a52e-4f735466cecf":"11e3ef84-b87b-45a3-be7d-1c5c8c5442a7"},{"element-6066-11e4-a52e-4f735466cecf":"c29ae6cb-240e-4a16-b573-6ab909cbc395"},{"element-6066-11e4-a52e-4f735466cecf":"cb4f5ebe-c2c2-4659-bd99-ca4b27620baa"},{"element-6066-11e4-a52e-4f735466cecf":"d00b31dd-1bd5-430b-9e51-35b2cad3031e"},{"element-6066-11e4-a52e-4f735466cecf":"8599ea61-e28d-42a1-b2e0-ab3666d13b09"},{"element-6066-11e4-a52e-4f735466cecf":"31ce2217-4476-4f24-a29a-5efd23e6ab5e"},{"element-6066-11e4-a52e-4f735466cecf":"4b3cf2db-a8b5-4e92-8284-21b16d827796"},{"element-6066-11e4-a52e-4f735466cecf":"6b6d08df-6bbe-4086-9392-cc84eb05a458"},{"element-6066-11e4-a52e-4f735466cecf":"b4701967-bf56-4241-94c1-001d34340b38"},{"element-6066-11e4-a52e-4f735466cecf":"af5afb1d-bd68-4af8-aa20-4e48741868c0"},{"element-6066-11e4-a52e-4f735466cecf":"0d80f5fe-60f6-404a-8c30-6b57d77abf36"},{"element-6066-11e4-a52e-4f735466cecf":"f446ee89-9968-4360-a14f-2a4318b32b9b"},{"element-6066-11e4-a52e-4f735466cecf":"6cb49440-d0ea-4b30-b745-3af53fe09073"},{"element-6066-11e4-a52e-4f735466cecf":"f1a91144-f662-452f-9f6c-cd37c677a1c3"},{"element-6066-11e4-a52e-4f735466cecf":"767953ea-d716-4b58-ae6c-6255b6dc84b9"},{"element-6066-11e4-a52e-4f735466cecf":"71bb8cbc-f4e1-46b0-9c64-cc7d8b164d6e"},{"element-6066-11e4-a52e-4f735466cecf":"86a1ce76-5452-4cf2-88d4-cf19f76f5f14"},{"element-6066-11e4-a52e-4f735466cecf":"afb3ab1d-a26f-4d02-b46d-94f0c5ba5cff"},{"element-6066-11e4-a52e-4f735466cecf":"f937d8b0-0460-42cc-9641-821cb002c585"},{"element-6066-11e4-a52e-4f735466cecf":"514ae9d6-6c56-4317-85dd-7b5e8b8837e3"},{"element-6066-11e4-a52e-4f735466cecf":"cf2ca35e-b18f-4791-b320-9e0860524d1b"},{"element-6066-11e4-a52e-4f735466cecf":"35a87ebb-cccb-4fda-8024-a4a0cf2f8944"},{"element-6066-11e4-a52e-4f735466cecf":"cdf488fd-b9e7-4db8-8291-e071740fc1eb"},{"element-6066-11e4-a52e-4f735466cecf":"b0199d46-e627-4e35-a430-85fb09b8d6d0"},{"element-6066-11e4-a52e-4f735466cecf":"45b1865b-44a6-43ab-bd8d-2d883c05376c"},{"element-6066-11e4-a52e-4f735466cecf":"73b5853b-6dac-483a-9104-a7aa3978cce5"},{"element-6066-11e4-a52e-4f735466cecf":"fc5a55c8-c963-48f6-b05f-4172d021c54b"},{"element-6066-11e4-a52e-4f735466cecf":"2fe40dc2-b95d-4167-a0cb-59ac92ed6525"},{"element-6066-11e4-a52e-4f735466cecf":"008c3f63-eaf6-4bc1-9fb9-4b388c028189"},{"element-6066-11e4-a52e-4f735466cecf":"cfb5562e-b9c1-4961-89f8-f92216159892"},{"element-6066-11e4-a52e-4f735466cecf":"277622d8-6b8c-46cc-b036-b140c787868c"},{"element-6066-11e4-a52e-4f735466cecf":"c1cd874e-8cbd-4469-864d-21a06ef9a877"},{"element-6066-11e4-a52e-4f735466cecf":"321321d0-05ef-4232-b52c-20189b64470e"},{"element-6066-11e4-a52e-4f735466cecf":"c017d838-c226-4dc3-9efb-3383cc770e58"},{"element-6066-11e4-a52e-4f735466cecf":"85be4a5e-aabf-456c-ba1c-19a3ced36b04"},{"element-6066-11e4-a52e-4f735466cecf":"ca6a52ee-f979-4521-83f9-f090f4848fbb"},{"element-6066-11e4-a52e-4f735466cecf":"ef421d83-dd4b-4335-aac2-e9f89b89567a"},{"element-6066-11e4-a52e-4f735466cecf":"2d1409cb-f584-4302-9a96-ae230cc0ec16"},{"element-6066-11e4-a52e-4f735466cecf":"17c4f135-a9b2-4590-bd4c-bcc4696796a9"},{"element-6066-11e4-a52e-4f735466cecf":"135ef09b-5746-4f80-b00e-87234cf19dfd"},{"element-6066-11e4-a52e-4f735466cecf":"d7a198d8-9365-4a03-9f29-94670822fbe6"},{"element-6066-11e4-a52e-4f735466cecf":"938b2610-e429-4dc4-948d-6651eafa98ab"},{"element-6066-11e4-a52e-4f735466cecf":"80604ee0-be87-41f3-b665-5b272421e6bc"},{"element-6066-11e4-a52e-4f735466cecf":"75f0033b-5907-4ffc-b3db-338ce9c0252f"},{"element-6066-11e4-a52e-4f735466cecf":"a1864bd0-1540-436d-8d4a-1702c3f2f8f0"},{"element-6066-11e4-a52e-4f735466cecf":"9ed13a8c-4b9e-4dda-9419-e09e204a62fe"},{"element-6066-11e4-a52e-4f735466cecf":"31f393f7-863a-48cc-84d6-6b55a9955f66"},{"element-6066-11e4-a52e-4f735466cecf":"6d1e9728-ebfb-4051-ae48-20664593aa92"},{"element-6066-11e4-a52e-4f735466cecf":"9881d654-8594-4f96-a427-9007e2f34a8f"},{"element-6066-11e4-a52e-4f735466cecf":"e60f3836-7cf1-4dfe-912c-f19e9c492ae4"},{"element-6066-11e4-a52e-4f735466cecf":"d9b8dc9b-5ed4-46fa-97d8-34421b153b95"},{"element-6066-11e4-a52e-4f735466cecf":"effd5bc4-ed59-44e6-857a-5ae2bb3ecddf"},{"element-6066-11e4-a52e-4f735466cecf":"fce248a4-c64c-461d-b18e-34ad34792ee9"},{"element-6066-11e4-a52e-4f735466cecf":"f82baf1d-f7c1-4e53-a371-ba8f6df35218"},{"element-6066-11e4-a52e-4f735466cecf":"e23a6d83-e687-4814-bfce-009c7132367b"},{"element-6066-11e4-a52e-4f735466cecf":"585a1a18-449c-47dd-a664-3ee31de54b26"},{"element-6066-11e4-a52e-4f735466cecf":"544ef2cb-4808-4039-a985-6d67c4ee7d46"},{"element-6066-11e4-a52e-4f735466cecf":"5b668ef6-405a-4baa-878b-44261b86d742"},{"element-6066-11e4-a52e-4f735466cecf":"97beaee4-b7f7-44ae-9c8c-49f3d7fe22d8"},{"element-6066-11e4-a52e-4f735466cecf":"6ce18960-8a93-4acc-ad81-210185b18386"},{"element-6066-11e4-a52e-4f735466cecf":"faadd1b4-46f4-44f1-8996-19c91a624521"},{"element-6066-11e4-a52e-4f735466cecf":"73f56260-9940-4a28-8417-58daaaf79e06"},{"element-6066-11e4-a52e-4f735466cecf":"13846d15-99d0-4232-840a-5bda4b79d524"},{"element-6066-11e4-a52e-4f735466cecf":"4c3a47c4-6668-4fc6-be3c-177e80e8a551"},{"element-6066-11e4-a52e-4f735466cecf":"d74a473c-1d2e-4d8d-b258-bc0806239ecc"},{"element-6066-11e4-a52e-4f735466cecf":"304fd0f5-cc7d-4693-bef0-554e425a94d3"},{"element-6066-11e4-a52e-4f735466cecf":"955ed2c0-f9cd-4599-90cd-19ae502306e2"},{"element-6066-11e4-a52e-4f735466cecf":"c776b371-fd5a-4276-8e75-b9c463997512"},{"element-6066-11e4-a52e-4f735466cecf":"30576132-d06b-456a-b181-675c47be08d0"},{"element-6066-11e4-a52e-4f735466cecf":"42628893-000b-4d08-ae1b-46bccf01ee40"},{"element-6066-11e4-a52e-4f735466cecf":"5e556875-1488-4d69-96db-1686f5558d66"},{"element-6066-11e4-a52e-4f735466cecf":"b21092d7-f126-4fc9-bbdc-df5f18a5bb44"},{"element-6066-11e4-a52e-4f735466cecf":"68942c69-ab4f-4948-9325-e4e8792f5ae1"},{"element-6066-11e4-a52e-4f735466cecf":"e05e8515-26ce-40fe-adc3-3169d0c05b93"},{"element-6066-11e4-a52e-4f735466cecf":"b88102bd-9376-4ba7-89b1-459575c99936"},{"element-6066-11e4-a52e-4f735466cecf":"5d6d2084-24e7-4d69-b84e-b0249893f52a"},{"element-6066-11e4-a52e-4f735466cecf":"be952f74-06f4-408e-bb1f-853410b9f40a"},{"element-6066-11e4-a52e-4f735466cecf":"e8244838-7d4c-46b3-81a4-70a15ff88a46"},{"element-6066-11e4-a52e-4f735466cecf":"889a19ad-e3c5-44d0-991d-076a19473194"},{"element-6066-11e4-a52e-4f735466cecf":"723e5b8c-ca81-4973-91c2-37198a4f34aa"},{"element-6066-11e4-a52e-4f735466cecf":"dcf181c2-da74-4e5e-84f8-a41c6b1472c1"},{"element-6066-11e4-a52e-4f735466cecf":"85a9fbf2-d8d7-477e-83b5-77fb3ddb049c"},{"element-6066-11e4-a52e-4f735466cecf":"965da307-4a2e-44ff-aeae-3464b3c8728c"},{"element-6066-11e4-a52e-4f735466cecf":"31d38fb3-72b8-4ebf-885e-4e78c0417875"},{"element-6066-11e4-a52e-4f735466cecf":"96b4ccf6-e862-4eb5-8d3f-4e05b3adb887"},{"element-6066-11e4-a52e-4f735466cecf":"9a1de8ed-bbe6-4eb1-97e7-0aa4671e7007"},{"element-6066-11e4-a52e-4f735466cecf":"def8ed62-31f8-42d2-ad2e-98c956dd5da8"},{"element-6066-11e4-a52e-4f735466cecf":"471b787d-49b0-4b88-8195-80bb920cdb1b"},{"element-6066-11e4-a52e-4f735466cecf":"4dbc8f97-3eca-458c-9d81-3857a80e7391"},{"element-6066-11e4-a52e-4f735466cecf":"c49ced6c-0c19-4abf-a771-d7e2823c4fe2"},{"element-6066-11e4-a52e-4f735466cecf":"43a1138a-a4c8-48cc-aa3a-dfdf96778e1b"},{"element-6066-11e4-a52e-4f735466cecf":"58c39b53-0a5a-454b-a807-716c08d10557"},{"element-6066-11e4-a52e-4f735466cecf":"7a30f13c-c8b6-415b-a6ad-23fd58eb9c56"},{"element-6066-11e4-a52e-4f735466cecf":"54427bc4-0e32-4847-b45d-f7ce5c35718a"},{"element-6066-11e4-a52e-4f735466cecf":"87f3ab55-03e5-492f-b645-177724124bb9"},{"element-6066-11e4-a52e-4f735466cecf":"f331f377-e06a-4f68-bdff-22411be85cef"},{"element-6066-11e4-a52e-4f735466cecf":"dd7ad0f3-edfa-4b78-b78b-f96fb315d7bc"},{"element-6066-11e4-a52e-4f735466cecf":"13489ca4-78c7-40eb-8859-e7594d4887f4"},{"element-6066-11e4-a52e-4f735466cecf":"f17aeee7-8344-438c-ad7f-6014817ac30d"},{"element-6066-11e4-a52e-4f735466cecf":"a728c6b7-192d-4af6-9014-9a09d032aacf"},{"element-6066-11e4-a52e-4f735466cecf":"4cd7335b-62da-4148-92e1-69f41dc41d86"},{"element-6066-11e4-a52e-4f735466cecf":"458e80cb-19aa-441a-9d3b-2264ab4233be"},{"element-6066-11e4-a52e-4f735466cecf":"2462e0cb-9a17-4959-bd24-e3fcc44c9fae"},{"element-6066-11e4-a52e-4f735466cecf":"9dd57c06-020d-4ca9-aeda-2e4f92619a69"},{"element-6066-11e4-a52e-4f735466cecf":"1e35c58e-ff3c-4bdd-ab7e-94bfeb881daf"},{"element-6066-11e4-a52e-4f735466cecf":"041d85d3-d649-4ad8-ae54-3aed65008460"},{"element-6066-11e4-a52e-4f735466cecf":"9f48045a-6bbf-4d33-a7e3-76bcc1d62c4c"},{"element-6066-11e4-a52e-4f735466cecf":"914552db-7010-4919-b29e-e3bdc875b03e"},{"element-6066-11e4-a52e-4f735466cecf":"0ae55ead-4384-4d45-a441-02fcd3a3f831"},{"element-6066-11e4-a52e-4f735466cecf":"8e27f191-538d-4782-8651-ac780e8708b1"},{"element-6066-11e4-a52e-4f735466cecf":"32e6fe97-c91e-434e-b710-d941715ffe02"},{"element-6066-11e4-a52e-4f735466cecf":"a59ee465-d721-4610-a7cc-4a9ce9b58161"},{"element-6066-11e4-a52e-4f735466cecf":"8d1dfe73-0784-409f-9731-531e08f89cc8"},{"element-6066-11e4-a52e-4f735466cecf":"7d6abfe5-3463-4646-a2d3-9e6c04a8cdfc"},{"element-6066-11e4-a52e-4f735466cecf":"2a46dda9-e07b-4502-be1e-0c3482809fa6"},{"element-6066-11e4-a52e-4f735466cecf":"91629cd8-a3a8-47c3-a0c7-0e0cadf386a2"},{"element-6066-11e4-a52e-4f735466cecf":"c99866e5-4ca7-4b33-ad40-3ee04ec43fc1"},{"element-6066-11e4-a52e-4f735466cecf":"8b137b91-2103-42ae-a077-461dc186b39d"},{"element-6066-11e4-a52e-4f735466cecf":"e68528cc-0153-4419-a197-66c28249a5fc"},{"element-6066-11e4-a52e-4f735466cecf":"ccda6f23-b26d-423d-9cef-91c6e0a6902c"},{"element-6066-11e4-a52e-4f735466cecf":"58cbf305-7399-4219-aaaf-be841bab62e5"},{"element-6066-11e4-a52e-4f735466cecf":"b4c9812f-c191-459e-a4b3-f6e5c672442c"},{"element-6066-11e4-a52e-4f735466cecf":"9d20cd9d-6829-481b-b25b-bca29427ee1c"},{"element-6066-11e4-a52e-4f735466cecf":"1e2e0a02-c630-494c-ae71-a0d6e9c50cb7"},{"element-6066-11e4-a52e-4f735466cecf":"7bdffccf-cbab-462e-9cb3-d0f2cd44b164"},{"element-6066-11e4-a52e-4f735466cecf":"bb198323-1651-46ce-a61e-1562293a1d62"},{"element-6066-11e4-a52e-4f735466cecf":"18d66fc9-dd46-48c7-aa2a-263766f3c132"},{"element-6066-11e4-a52e-4f735466cecf":"770c45ea-6e61-4ebe-b2b1-d5d1dfda00f4"},{"element-6066-11e4-a52e-4f735466cecf":"0263caf4-70a5-497f-b94d-391fb1487567"},{"element-6066-11e4-a52e-4f735466cecf":"91ad2227-860a-4207-86e3-13d736d00699"},{"element-6066-11e4-a52e-4f735466cecf":"3b4e3d7c-e7a4-495c-91d4-a8d5d4371f3e"},{"element-6066-11e4-a52e-4f735466cecf":"c9300e1d-f184-402b-a76b-4e08dc705bb4"},{"element-6066-11e4-a52e-4f735466cecf":"9ec6c0dc-c5f4-47ff-9c8e-4809fd9aff45"},{"element-6066-11e4-a52e-4f735466cecf":"1fc308a0-6bf3-423e-9c80-982b79152636"},{"element-6066-11e4-a52e-4f735466cecf":"86f34968-51e8-41c9-af68-774c9db6b22f"},{"element-6066-11e4-a52e-4f735466cecf":"6150f217-5b4a-4d7c-b83d-8d142794a87f"},{"element-6066-11e4-a52e-4f735466cecf":"47f6d1a7-5030-4d2b-89fe-ea07cecf8bbf"},{"element-6066-11e4-a52e-4f735466cecf":"0d2eba78-ce85-432c-8a88-4db164c7d68d"},{"element-6066-11e4-a52e-4f735466cecf":"56fa208a-3471-4665-835d-6c417823c811"},{"element-6066-11e4-a52e-4f735466cecf":"a35ed26e-f014-4283-94ed-d84cca669d66"},{"element-6066-11e4-a52e-4f735466cecf":"06b3f007-41d1-413c-a6c3-7240a61a1aa1"},{"element-6066-11e4-a52e-4f735466cecf":"e0d6e9d6-8089-434a-b548-d5409baf957f"},{"element-6066-11e4-a52e-4f735466cecf":"cce4dcd2-3fea-4540-8db1-94e05fff5f94"},{"element-6066-11e4-a52e-4f735466cecf":"c20eef11-7929-43f0-8d65-5bef912f5971"},{"element-6066-11e4-a52e-4f735466cecf":"8b532631-9ec4-4c60-9520-c09ac988b8b5"},{"element-6066-11e4-a52e-4f735466cecf":"c298cc27-4720-49a6-a096-f3e94cdaf5e9"},{"element-6066-11e4-a52e-4f735466cecf":"121d97a9-7b82-4273-9de4-63f649df0a0a"},{"element-6066-11e4-a52e-4f735466cecf":"7f1f8bff-39a7-42cd-866d-28ef3133efdc"},{"element-6066-11e4-a52e-4f735466cecf":"2b811978-a9b1-4d58-9cfe-f5e8a5cacb1b"},{"element-6066-11e4-a52e-4f735466cecf":"e27bf0a7-764d-4a3e-979b-275f9f3e18e9"},{"element-6066-11e4-a52e-4f735466cecf":"d8bce452-08aa-48c9-bf0a-e01f37018470"},{"element-6066-11e4-a52e-4f735466cecf":"0e509dce-b4a6-4abb-8593-7367e4e5572c"},{"element-6066-11e4-a52e-4f735466cecf":"01feb0e3-e991-4a4b-ac3b-b741ac8717f2"},{"element-6066-11e4-a52e-4f735466cecf":"eda1c70b-586e-4b50-b90e-13ba998f2741"},{"element-6066-11e4-a52e-4f735466cecf":"b5e08b7b-d3c2-4465-ae2a-0e95bff7ca11"},{"element-6066-11e4-a52e-4f735466cecf":"3aa0e19b-fabd-4826-8e1f-1f194bf9e38a"},{"element-6066-11e4-a52e-4f735466cecf":"703c4e4c-ded2-4e85-8efe-fc805ac460dd"},{"element-6066-11e4-a52e-4f735466cecf":"eef78c32-f415-461d-ac26-c69d3f5d4c42"},{"element-6066-11e4-a52e-4f735466cecf":"be8a5704-ffae-4a13-b299-d9c568ed4c03"},{"element-6066-11e4-a52e-4f735466cecf":"fc1dbd9f-348a-4fec-8e0c-d3410d4ccb11"},{"element-6066-11e4-a52e-4f735466cecf":"376d5636-c1d0-4d7f-8c4d-8f09f25f7b56"},{"element-6066-11e4-a52e-4f735466cecf":"f3f980d5-6fd9-41c5-a75b-cc965010074c"},{"element-6066-11e4-a52e-4f735466cecf":"24037dac-4d24-4400-9b2a-a30bae7af9ba"},{"element-6066-11e4-a52e-4f735466cecf":"815a7a65-3b1a-401e-94c2-a31f1e724630"},{"element-6066-11e4-a52e-4f735466cecf":"c57d90e9-82ff-462f-b4a4-8bf655a8da9f"},{"element-6066-11e4-a52e-4f735466cecf":"271cb0d6-b38d-4211-83d7-91a8116166e0"},{"element-6066-11e4-a52e-4f735466cecf":"efb08a31-73e6-4152-9143-5cb42f55e02a"},{"element-6066-11e4-a52e-4f735466cecf":"030075cb-c75a-4588-8c1c-4d50b7911f19"},{"element-6066-11e4-a52e-4f735466cecf":"f6540c77-7aca-45df-888a-707f9c0c8219"},{"element-6066-11e4-a52e-4f735466cecf":"6c0a1cdb-c4ea-4b35-b1fb-855a30282ba5"},{"element-6066-11e4-a52e-4f735466cecf":"e17433cb-9cc0-4fa9-b0ea-c4186ffd1345"},{"element-6066-11e4-a52e-4f735466cecf":"3326b544-4a48-42d4-a761-1a42276d3683"},{"element-6066-11e4-a52e-4f735466cecf":"225b61d0-16c5-49ec-a710-8630a6db4461"},{"element-6066-11e4-a52e-4f735466cecf":"cd50767c-f679-4d99-9dd3-86c4ed117178"},{"element-6066-11e4-a52e-4f735466cecf":"67d8ccb0-1091-4ffa-94ed-658b87100671"},{"element-6066-11e4-a52e-4f735466cecf":"0958f5b9-02b3-4f96-8990-de30755e68e1"},{"element-6066-11e4-a52e-4f735466cecf":"7eac04c3-3e8f-489f-8c80-99fc0142338d"},{"element-6066-11e4-a52e-4f735466cecf":"f3f3ecdc-3497-4961-9d66-9df98a72b2a6"},{"element-6066-11e4-a52e-4f735466cecf":"572e4311-fb11-49a2-bba0-91cd2ca10d83"},{"element-6066-11e4-a52e-4f735466cecf":"142a85b0-24aa-468a-8877-b8b0a9e8ed40"},{"element-6066-11e4-a52e-4f735466cecf":"ee516a45-46cc-4b5b-83f8-a8c6d6c8e428"},{"element-6066-11e4-a52e-4f735466cecf":"c2e4fdef-a93d-4deb-9938-45f1e75d0543"},{"element-6066-11e4-a52e-4f735466cecf":"4a44f0f2-8826-4b94-b673-052d90ed691f"},{"element-6066-11e4-a52e-4f735466cecf":"024b74bf-ce23-4c76-91e7-8bd865934114"},{"element-6066-11e4-a52e-4f735466cecf":"64cd05e1-0892-469b-864f-8073c1103167"},{"element-6066-11e4-a52e-4f735466cecf":"08a54bde-c0aa-4ccb-8113-44ab71c8b44f"},{"element-6066-11e4-a52e-4f735466cecf":"7b8809e5-0232-4105-906b-b3e53415faba"},{"element-6066-11e4-a52e-4f735466cecf":"18eb3781-d6ef-4d19-9666-8f279cade9a4"},{"element-6066-11e4-a52e-4f735466cecf":"dd6f1742-b5b0-4c78-95ba-ee5bc26f87dd"},{"element-6066-11e4-a52e-4f735466cecf":"aad62d50-cc2b-446e-8a11-c6636ee7e875"},{"element-6066-11e4-a52e-4f735466cecf":"8dd7a33b-316e-46f1-9340-2652b2b0d74e"},{"element-6066-11e4-a52e-4f735466cecf":"a8760dfd-8fd4-459c-bcc3-a206cdb2abd7"},{"element-6066-11e4-a52e-4f735466cecf":"6a08886a-be73-402f-af39-c7a1a4cabed7"},{"element-6066-11e4-a52e-4f735466cecf":"b18c71fd-00e9-470f-8257-d8f463c506f1"},{"element-6066-11e4-a52e-4f735466cecf":"be8b4fc5-a55d-4943-a1f4-df1bd8723521"},{"element-6066-11e4-a52e-4f735466cecf":"fef9bd94-13bf-410b-857b-84ee4c7bfdc5"},{"element-6066-11e4-a52e-4f735466cecf":"8c130985-e051-4d66-9ea5-34fc9b1da018"},{"element-6066-11e4-a52e-4f735466cecf":"639f2a38-721f-4a31-ad4b-3c031a6cb9de"},{"element-6066-11e4-a52e-4f735466cecf":"1b8d244e-de94-40c9-83f7-f3793a20b64d"},{"element-6066-11e4-a52e-4f735466cecf":"6f1679f9-5f1a-40df-9a74-a26b7168a41c"},{"element-6066-11e4-a52e-4f735466cecf":"55db09d8-3b9e-469c-80fc-c0d899fe3e0d"},{"element-6066-11e4-a52e-4f735466cecf":"29998637-563b-44fd-89b7-654cc0d5e7eb"},{"element-6066-11e4-a52e-4f735466cecf":"f4d403b5-7edf-4c20-8708-bb73b24ba1b8"},{"element-6066-11e4-a52e-4f735466cecf":"d4cd1289-5c00-4b1a-8d70-41e2a73e7eac"},{"element-6066-11e4-a52e-4f735466cecf":"b16346f1-fd79-4fad-96ac-e9a565e7647a"},{"element-6066-11e4-a52e-4f735466cecf":"13d2f6ae-34e3-49a1-8366-0dc04e8acab9"},{"element-6066-11e4-a52e-4f735466cecf":"1cf6266b-70c1-4c2c-a08c-ba2aa8e6d5ef"},{"element-6066-11e4-a52e-4f735466cecf":"1c071cbe-7559-4555-ac2f-32233b8f8599"},{"element-6066-11e4-a52e-4f735466cecf":"b434b099-d8e1-427f-a2e7-a01ce708dec4"},{"element-6066-11e4-a52e-4f735466cecf":"b5c4994e-b0d5-4158-aa66-5419faba9aa0"},{"element-6066-11e4-a52e-4f735466cecf":"caee29aa-5202-48aa-9347-fd349b561142"},{"element-6066-11e4-a52e-4f735466cecf":"f5afdf76-72e5-483a-a0c2-8fe290d7ea7c"},{"element-6066-11e4-a52e-4f735466cecf":"db1e6ec9-48c0-4c82-8bd9-13d3e35c594e"},{"element-6066-11e4-a52e-4f735466cecf":"d1482ac7-0cf6-43a1-8b6c-e3b3e92bcfe3"},{"element-6066-11e4-a52e-4f735466cecf":"7556a5c6-8ec0-4b38-b3ce-88cd8f782d65"},{"element-6066-11e4-a52e-4f735466cecf":"b361d93e-6aed-4ed2-9cc0-aaaa273df89d"},{"element-6066-11e4-a52e-4f735466cecf":"ab4cea69-0139-4bc8-ab3a-ad152f40acf5"},{"element-6066-11e4-a52e-4f735466cecf":"9ee76e0c-bf54-4294-afe8-bb84dc995f69"},{"element-6066-11e4-a52e-4f735466cecf":"b00fa7c3-7c1d-41ee-9829-21fab1fd94a3"},{"element-6066-11e4-a52e-4f735466cecf":"5f1a3f81-5200-43c7-b431-9cabfc35f7eb"},{"element-6066-11e4-a52e-4f735466cecf":"93025ed7-e520-4baa-b60d-e1afc9993cd1"},{"element-6066-11e4-a52e-4f735466cecf":"751e956d-c86d-47c6-9e69-988451c88ef2"},{"element-6066-11e4-a52e-4f735466cecf":"8ca684a6-846a-49cb-99a0-f249b5a9f923"},{"element-6066-11e4-a52e-4f735466cecf":"71ef5d5a-74e2-4bdb-8b89-aa3961039435"},{"element-6066-11e4-a52e-4f735466cecf":"a13a2027-7992-41c4-9a75-3e2b2b711d1a"},{"element-6066-11e4-a52e-4f735466cecf":"09799203-f72d-4de8-bf2e-0369e948b07a"},{"element-6066-11e4-a52e-4f735466cecf":"45022830-cc92-425a-8e4b-314c0e41f6f6"},{"element-6066-11e4-a52e-4f735466cecf":"4a7eb699-5dd5-4307-b045-284be881dfb4"},{"element-6066-11e4-a52e-4f735466cecf":"77c0d222-86ad-4ccf-9836-3591266e1fca"},{"element-6066-11e4-a52e-4f735466cecf":"26b37164-255a-465f-ac1f-18f7331494d8"},{"element-6066-11e4-a52e-4f735466cecf":"84d939ae-7d98-498c-b06d-e93c7d1ce9a4"},{"element-6066-11e4-a52e-4f735466cecf":"863a37fe-43f1-43bf-a831-a7c72602d6d7"},{"element-6066-11e4-a52e-4f735466cecf":"f20b9a56-af63-4af6-8659-b26d587935e6"},{"element-6066-11e4-a52e-4f735466cecf":"9e9872c2-2d2c-4a9a-a8f5-d48912ac027f"},{"element-6066-11e4-a52e-4f735466cecf":"5ac71e83-6749-4c9f-a87e-1b8ed8e9fe7d"},{"element-6066-11e4-a52e-4f735466cecf":"f0596480-8e36-4ad7-90d0-918c8db43ce9"},{"element-6066-11e4-a52e-4f735466cecf":"5547dcb1-00ee-400b-a869-3f62fb2f5017"},{"element-6066-11e4-a52e-4f735466cecf":"7d57e02c-4198-4913-8efa-2f214c90c295"},{"element-6066-11e4-a52e-4f735466cecf":"48123b4a-c8b5-4874-8c51-3c9e6cc88e23"},{"element-6066-11e4-a52e-4f735466cecf":"5436b5c0-a89f-4d79-ae28-d8b5fb7bcb97"},{"element-6066-11e4-a52e-4f735466cecf":"aa4dd86f-eca0-4ba4-a756-0281abc49a92"},{"element-6066-11e4-a52e-4f735466cecf":"547e1cc7-85db-4c8b-b739-9f29267401b3"},{"element-6066-11e4-a52e-4f735466cecf":"97dc91dd-844b-4482-ab25-6bcf61069a6b"},{"element-6066-11e4-a52e-4f735466cecf":"0c0172a9-233c-469a-a24e-38c055838b26"},{"element-6066-11e4-a52e-4f735466cecf":"280757cb-06ca-4bfd-929b-a78cfba83516"},{"element-6066-11e4-a52e-4f735466cecf":"8a1f253a-13cf-4106-8169-4442e26664ab"},{"element-6066-11e4-a52e-4f735466cecf":"6fd73748-129f-4651-b199-6e3009d39a97"},{"element-6066-11e4-a52e-4f735466cecf":"2d7bfe22-5e9d-42e5-bf4e-89014d186578"},{"element-6066-11e4-a52e-4f735466cecf":"42781ea6-acb5-4f4f-a65b-974138687e9a"},{"element-6066-11e4-a52e-4f735466cecf":"116a03fa-4e00-4709-926f-5b9260d05557"},{"element-6066-11e4-a52e-4f735466cecf":"5ce432a9-6299-44a6-a42b-33a2be254e20"},{"element-6066-11e4-a52e-4f735466cecf":"04aa1cdd-b610-446b-bb48-b52d6a89d2d0"},{"element-6066-11e4-a52e-4f735466cecf":"3b298c73-7f9d-4cc9-9220-f51473fdee6e"},{"element-6066-11e4-a52e-4f735466cecf":"55741b5a-314d-4246-993f-9436b586574a"},{"element-6066-11e4-a52e-4f735466cecf":"835ee861-bcf9-44a9-8041-00e1cc5fecea"},{"element-6066-11e4-a52e-4f735466cecf":"00d4d063-810b-47cb-842b-73b819d157ce"},{"element-6066-11e4-a52e-4f735466cecf":"2b34a108-0051-4e19-a30a-25b91c7a5536"},{"element-6066-11e4-a52e-4f735466cecf":"ed29b67a-bcd9-435f-b4b8-94e6880d414b"},{"element-6066-11e4-a52e-4f735466cecf":"ebd0d3af-5c6b-47d7-8a98-4f98d59c7ab5"},{"element-6066-11e4-a52e-4f735466cecf":"2e02b8a9-829b-4263-a7de-2c9b518824cb"},{"element-6066-11e4-a52e-4f735466cecf":"3541a12f-bbe6-4e0c-8c83-5a3306adda03"},{"element-6066-11e4-a52e-4f735466cecf":"3f23c86b-fa75-4cc3-b19e-4340b7ae7127"},{"element-6066-11e4-a52e-4f735466cecf":"734779b2-ca56-41d7-ba3d-927403726527"},{"element-6066-11e4-a52e-4f735466cecf":"a14b7dcf-2cbc-445f-9c58-bf8d31ad05c5"},{"element-6066-11e4-a52e-4f735466cecf":"7821b7fa-1f88-4fad-9e97-5b6ca65cbaeb"},{"element-6066-11e4-a52e-4f735466cecf":"45981912-4017-42b9-b1e6-a4d9fa1a5c21"},{"element-6066-11e4-a52e-4f735466cecf":"25ca3191-e7e7-4eaa-bd33-28b096be947e"},{"element-6066-11e4-a52e-4f735466cecf":"d02d10c2-d6a4-46da-831f-017af8b0cea9"},{"element-6066-11e4-a52e-4f735466cecf":"50eea522-d260-4776-840d-9b72916ca177"},{"element-6066-11e4-a52e-4f735466cecf":"a3feb5f5-e0f9-4344-9c1e-8a43353d2f2c"},{"element-6066-11e4-a52e-4f735466cecf":"e7a7f015-3c7a-47ba-90ce-3e372c3c0896"},{"element-6066-11e4-a52e-4f735466cecf":"2ed24e48-975c-4f72-9c37-8e7b8b44b4d7"},{"element-6066-11e4-a52e-4f735466cecf":"8584b700-e483-4658-a3a7-de8cbd226385"},{"element-6066-11e4-a52e-4f735466cecf":"ed7d0cf5-8b19-421c-af2f-c62a9a01e909"},{"element-6066-11e4-a52e-4f735466cecf":"7e44d30e-b025-4d13-902e-da616de14df8"},{"element-6066-11e4-a52e-4f735466cecf":"645cbbd2-692a-412a-a955-1cb2c52dee7f"},{"element-6066-11e4-a52e-4f735466cecf":"cabe1a1b-8a9a-456b-95e8-d157db460af6"},{"element-6066-11e4-a52e-4f735466cecf":"5ac8bb90-75e7-41fe-b054-c72958579471"},{"element-6066-11e4-a52e-4f735466cecf":"6a79a1f4-0ff2-48f9-a65b-816369e178aa"},{"element-6066-11e4-a52e-4f735466cecf":"86c9539f-bb3b-48ca-b751-e9b9b1b90207"},{"element-6066-11e4-a52e-4f735466cecf":"36851aac-33a8-4be5-aabf-e2d7302d700a"},{"element-6066-11e4-a52e-4f735466cecf":"361a4ff8-bed8-44d1-8dcb-1a862afa5527"},{"element-6066-11e4-a52e-4f735466cecf":"a1549c7e-cab8-4cfe-b530-23230e176a5c"},{"element-6066-11e4-a52e-4f735466cecf":"32c10739-4ebf-443c-b037-5046822f9028"},{"element-6066-11e4-a52e-4f735466cecf":"716e687a-812a-48b0-990c-f7b9806b61f4"},{"element-6066-11e4-a52e-4f735466cecf":"623a86b7-8688-4aa9-8fa9-d56663338802"},{"element-6066-11e4-a52e-4f735466cecf":"28b04e09-fbef-4fda-983b-ec0fe821cfae"},{"element-6066-11e4-a52e-4f735466cecf":"437f4cba-9168-4577-9441-f6fc456f19f6"},{"element-6066-11e4-a52e-4f735466cecf":"c33d8426-2aa1-4e4a-852d-953a4934e74c"},{"element-6066-11e4-a52e-4f735466cecf":"b141c108-ec60-4b08-afb2-17ca41cb22a6"},{"element-6066-11e4-a52e-4f735466cecf":"a622f1b0-709a-4bbc-9b67-6a2a37a82dab"},{"element-6066-11e4-a52e-4f735466cecf":"4459f737-6169-401b-9767-838be744fee8"},{"element-6066-11e4-a52e-4f735466cecf":"75bdb5d3-b401-4e59-81d3-4b06aa2ee20d"},{"element-6066-11e4-a52e-4f735466cecf":"7ce6ffb6-b8eb-4acb-a161-21464b6fe276"},{"element-6066-11e4-a52e-4f735466cecf":"d47ddbb7-620a-4b0f-a842-d60bf64ad519"},{"element-6066-11e4-a52e-4f735466cecf":"da43e888-9765-467a-964c-8353b4700094"},{"element-6066-11e4-a52e-4f735466cecf":"c90bba7f-99ba-41da-ac87-c28c617d25b1"},{"element-6066-11e4-a52e-4f735466cecf":"ed936ae7-5111-4186-981b-bc2bb0b3e7ff"},{"element-6066-11e4-a52e-4f735466cecf":"31499479-1129-4008-8e62-805e6e7d4bea"},{"element-6066-11e4-a52e-4f735466cecf":"fc1a98a6-cbfe-4a1c-a991-e8c4c4eae727"},{"element-6066-11e4-a52e-4f735466cecf":"ff817669-362b-4303-aa3a-6ebb4f57df24"},{"element-6066-11e4-a52e-4f735466cecf":"4a2af9f0-1b9f-4dd2-8094-ba4ec6bdaf2f"},{"element-6066-11e4-a52e-4f735466cecf":"cd4d8013-b4cf-4dcb-b686-34575a36fbec"},{"element-6066-11e4-a52e-4f735466cecf":"b6709204-0381-43ea-8067-40757ee76989"},{"element-6066-11e4-a52e-4f735466cecf":"f176f895-7d31-4617-a310-f6e5aab4d94c"},{"element-6066-11e4-a52e-4f735466cecf":"17b1a8ed-3bca-4633-bf6f-76a08949b715"},{"element-6066-11e4-a52e-4f735466cecf":"83668a40-f343-4e54-8e19-36d330cfe401"},{"element-6066-11e4-a52e-4f735466cecf":"b3984d8a-a57c-462b-b2b1-4775ca35a1e3"},{"element-6066-11e4-a52e-4f735466cecf":"674a4259-1aee-49d7-bc28-35113b6bc182"},{"element-6066-11e4-a52e-4f735466cecf":"7bb5362f-c7c0-4fa9-abd1-23cb19e03996"},{"element-6066-11e4-a52e-4f735466cecf":"8441bf54-2469-4faf-b4bd-2b1333b97a61"},{"element-6066-11e4-a52e-4f735466cecf":"d8f52eb6-a52d-429a-a723-01271a1ba8f5"},{"element-6066-11e4-a52e-4f735466cecf":"1ac7c0a8-1498-4054-b833-5f8b2b73fdd0"},{"element-6066-11e4-a52e-4f735466cecf":"f37a53b6-4b36-489f-a069-b7cac3ff2d7b"},{"element-6066-11e4-a52e-4f735466cecf":"7f425d47-3f63-48ef-81b7-642a90a7f647"},{"element-6066-11e4-a52e-4f735466cecf":"e72ce168-d789-4b3e-a213-16513799ecda"},{"element-6066-11e4-a52e-4f735466cecf":"103568c3-6896-48b7-8ff5-c21d6a76febe"},{"element-6066-11e4-a52e-4f735466cecf":"fd73eddf-e9f9-4ab8-a646-a5bc5875f6ba"},{"element-6066-11e4-a52e-4f735466cecf":"e08c8459-1bda-403c-8f5c-30cfbe9507e7"},{"element-6066-11e4-a52e-4f735466cecf":"8060bb25-86ea-43fb-b6fe-f479400afd8b"},{"element-6066-11e4-a52e-4f735466cecf":"3eaab665-21e5-4b5a-9b4f-87f0507c5897"},{"element-6066-11e4-a52e-4f735466cecf":"cceb2737-66d2-489e-afa2-8807d77d4c1c"},{"element-6066-11e4-a52e-4f735466cecf":"9c26cb7a-65ab-4f46-aa15-bf8d97cc65df"},{"element-6066-11e4-a52e-4f735466cecf":"ad77a3a1-3231-4696-83cc-250cf2001663"},{"element-6066-11e4-a52e-4f735466cecf":"6a62c5b7-9dec-4eb8-896c-66f6c616ba10"},{"element-6066-11e4-a52e-4f735466cecf":"84f313e1-de1c-429f-b134-ce7a4cd4047c"},{"element-6066-11e4-a52e-4f735466cecf":"b412697c-25b6-4e33-9712-831ca9a1db74"},{"element-6066-11e4-a52e-4f735466cecf":"3dad63ff-47b0-4c80-90ca-83b3ce375755"},{"element-6066-11e4-a52e-4f735466cecf":"87684adb-bbf4-450a-8de1-3f5a8d78e142"},{"element-6066-11e4-a52e-4f735466cecf":"2dab31c7-a6ed-4400-991d-2e572b10b7b9"},{"element-6066-11e4-a52e-4f735466cecf":"c9819ba7-2682-474e-830a-c5bdd364dfd7"},{"element-6066-11e4-a52e-4f735466cecf":"1b9b6f3e-34d1-470e-bb1d-50ed8e2cbffe"},{"element-6066-11e4-a52e-4f735466cecf":"397b67ca-2acd-4e9a-bd60-2ba8a2be4e7d"},{"element-6066-11e4-a52e-4f735466cecf":"62268552-d80e-4337-bf34-b751fd7e2316"},{"element-6066-11e4-a52e-4f735466cecf":"28895577-fa90-462e-9159-2f4fac32cd94"},{"element-6066-11e4-a52e-4f735466cecf":"a553cb61-49c7-49d9-9930-1e927a185126"},{"element-6066-11e4-a52e-4f735466cecf":"b3076040-f449-44cf-9ffe-e092928b9d40"},{"element-6066-11e4-a52e-4f735466cecf":"6042abea-13fc-4ddf-9085-314ee345bdea"},{"element-6066-11e4-a52e-4f735466cecf":"b0ce216d-1b6b-4431-96cf-b65f1731410a"},{"element-6066-11e4-a52e-4f735466cecf":"1fa76951-a9c2-4df8-845d-64a3a8fb6a7a"},{"element-6066-11e4-a52e-4f735466cecf":"0ba301be-32c2-4c3e-9aca-bd6bd335dc1c"},{"element-6066-11e4-a52e-4f735466cecf":"235c26af-21e5-4ac3-8e97-e528aad14bc2"},{"element-6066-11e4-a52e-4f735466cecf":"95d64977-b011-4177-91df-1535d454397e"},{"element-6066-11e4-a52e-4f735466cecf":"52c8a216-5309-49cd-830f-62d3b3411ea0"},{"element-6066-11e4-a52e-4f735466cecf":"ac08992c-e2f5-4b75-9637-d8eedabc3fca"},{"element-6066-11e4-a52e-4f735466cecf":"a270a7ba-dc97-4853-b03a-acc2f0933943"},{"element-6066-11e4-a52e-4f735466cecf":"2f34894c-c909-4234-8ca6-76788cb791f6"},{"element-6066-11e4-a52e-4f735466cecf":"f1011427-fe1a-44bd-80f7-1a661a0a4cd7"},{"element-6066-11e4-a52e-4f735466cecf":"dd28ab20-20dc-4d99-84ef-bf5ee73ec059"},{"element-6066-11e4-a52e-4f735466cecf":"06685144-4a3e-48ed-abe9-b6d3baef84a6"},{"element-6066-11e4-a52e-4f735466cecf":"c12a5807-90f1-4bb1-b345-bb3f4a641cb5"},{"element-6066-11e4-a52e-4f735466cecf":"f95f6012-5a8e-4cf4-82b8-1dc97966ff1d"},{"element-6066-11e4-a52e-4f735466cecf":"f4aa2029-8b3a-4f7b-b15b-571baed6cb22"},{"element-6066-11e4-a52e-4f735466cecf":"d070c60f-f913-46ac-8e35-3d39ee8a0af6"},{"element-6066-11e4-a52e-4f735466cecf":"09642657-e2ec-461a-b83c-9e708d027df4"},{"element-6066-11e4-a52e-4f735466cecf":"167712ef-a968-4af5-90a7-fa7f0c076ad4"},{"element-6066-11e4-a52e-4f735466cecf":"9059c23e-03b4-4652-9c51-eaa01a5fcbd7"},{"element-6066-11e4-a52e-4f735466cecf":"7781c5a3-dc21-43ac-be64-52a7341cb6b8"},{"element-6066-11e4-a52e-4f735466cecf":"0811f28c-e00a-4d0c-b41e-4bfbcc183f72"},{"element-6066-11e4-a52e-4f735466cecf":"1f9a5aed-ce31-4711-a5e2-433ca73ae0d8"},{"element-6066-11e4-a52e-4f735466cecf":"1be9ec14-ccf5-4218-add7-d682007b52a2"},{"element-6066-11e4-a52e-4f735466cecf":"17bdc199-41e7-4fe9-bafe-a45630d7e80e"},{"element-6066-11e4-a52e-4f735466cecf":"7b0d1dbb-851f-4990-9b15-4daed08deadc"},{"element-6066-11e4-a52e-4f735466cecf":"d3bb40c0-5d6c-4bc7-b0a9-f8fea91c00bf"},{"element-6066-11e4-a52e-4f735466cecf":"3d9e3e99-daeb-4fc1-963c-e9794cfe6659"},{"element-6066-11e4-a52e-4f735466cecf":"84337f1a-b340-41dd-97a4-e5a75d6a9415"},{"element-6066-11e4-a52e-4f735466cecf":"a5b8d4cf-f468-4b8a-ba95-f39aa0eabae5"},{"element-6066-11e4-a52e-4f735466cecf":"51d622b2-540b-4cbd-b98b-3d5cb06f44e2"},{"element-6066-11e4-a52e-4f735466cecf":"de58e64a-51a3-4efb-80cf-36356449351e"},{"element-6066-11e4-a52e-4f735466cecf":"3d0b178a-dc25-4c3d-b2a6-135e97585966"},{"element-6066-11e4-a52e-4f735466cecf":"8d47f762-06c8-4fb7-9281-da8548bb9023"},{"element-6066-11e4-a52e-4f735466cecf":"8eaac3a4-93a1-4eed-af7f-fa8c21a5a9d9"},{"element-6066-11e4-a52e-4f735466cecf":"20f1f7f9-1484-45d2-8a99-67ed5d595309"},{"element-6066-11e4-a52e-4f735466cecf":"70999917-ab0e-48a2-afe0-a24c776e47cd"},{"element-6066-11e4-a52e-4f735466cecf":"177b6ae8-103e-498e-8e96-2d7d1bda5ef1"},{"element-6066-11e4-a52e-4f735466cecf":"cd2a4a01-7ffc-46df-8820-d8b8fc462a17"},{"element-6066-11e4-a52e-4f735466cecf":"9b1fe582-b4ee-4288-996e-b16bdd26d59c"},{"element-6066-11e4-a52e-4f735466cecf":"3712593d-8abd-4229-b5d6-37754bdc9e6a"},{"element-6066-11e4-a52e-4f735466cecf":"5c60ae28-6b34-4aa8-9779-01ccb3a78700"},{"element-6066-11e4-a52e-4f735466cecf":"b9fabee4-1abf-4d4e-9fc0-6b426e4fd60f"},{"element-6066-11e4-a52e-4f735466cecf":"411960ea-af6d-46f7-bc79-24088c173b9b"},{"element-6066-11e4-a52e-4f735466cecf":"5fe4bb7f-00cf-4d86-ade8-7d33fec4e85d"},{"element-6066-11e4-a52e-4f735466cecf":"dfcc485a-7c6f-457d-99fe-02e12ff48a51"},{"element-6066-11e4-a52e-4f735466cecf":"1b0189ce-68d4-46b3-998e-e14e3cf51d19"},{"element-6066-11e4-a52e-4f735466cecf":"152900b3-8542-4cf2-9c9b-56f8b3689246"},{"element-6066-11e4-a52e-4f735466cecf":"4f6fca3f-e224-442d-849a-a7b260c764e3"},{"element-6066-11e4-a52e-4f735466cecf":"6f699138-8c30-404e-adef-65a93d042372"},{"element-6066-11e4-a52e-4f735466cecf":"7cbd17a9-2cb9-4cb5-9c5d-fc6f39b3407a"},{"element-6066-11e4-a52e-4f735466cecf":"0c80d65a-82bf-43e9-9e2f-01f454cd41bd"},{"element-6066-11e4-a52e-4f735466cecf":"51bd9dc7-2d91-4e0f-b06f-24fb18ef989c"},{"element-6066-11e4-a52e-4f735466cecf":"2599681a-e96a-492a-946a-8ecd50d4f541"},{"element-6066-11e4-a52e-4f735466cecf":"ea62bd58-e919-42ae-a277-ae6bcdded3f9"},{"element-6066-11e4-a52e-4f735466cecf":"1fb54bfb-21b9-4011-b104-f97d7f6b98c7"},{"element-6066-11e4-a52e-4f735466cecf":"331971a2-62e1-4415-b35c-1ad7bd39ef3f"},{"element-6066-11e4-a52e-4f735466cecf":"089d7f6c-2c58-42b4-942e-1152fd84cd5a"},{"element-6066-11e4-a52e-4f735466cecf":"ddd5e3c0-6cc8-400e-9a31-c3df911d34c5"},{"element-6066-11e4-a52e-4f735466cecf":"9f429d49-e282-466c-b0a1-0d84ca941871"},{"element-6066-11e4-a52e-4f735466cecf":"e438e1d0-b565-4aeb-8f38-a7f634522751"},{"element-6066-11e4-a52e-4f735466cecf":"2e4d793b-74bd-4296-b751-5525458dfce7"},{"element-6066-11e4-a52e-4f735466cecf":"6eeef028-4509-454b-b415-f99d64ef91da"},{"element-6066-11e4-a52e-4f735466cecf":"b6c4fb97-764a-48c8-8179-f7a2b3b3e138"},{"element-6066-11e4-a52e-4f735466cecf":"a1793a1b-006c-4a8b-8b80-476d41012b50"},{"element-6066-11e4-a52e-4f735466cecf":"aae70b5e-50e6-4003-b728-1a2af1c2ae95"},{"element-6066-11e4-a52e-4f735466cecf":"f44c218c-e099-43a3-a7a3-1eb9083238e0"},{"element-6066-11e4-a52e-4f735466cecf":"73facd13-07ab-4952-943e-0af6a4d5c524"},{"element-6066-11e4-a52e-4f735466cecf":"b8e7bb16-07d0-4d5f-9af9-c4b3e0606855"},{"element-6066-11e4-a52e-4f735466cecf":"2d74c4e9-aba7-453b-81a7-3698d8a7b928"},{"element-6066-11e4-a52e-4f735466cecf":"8d9ced54-ad29-4962-ba1e-5f48ebb22201"},{"element-6066-11e4-a52e-4f735466cecf":"f344c794-b6f7-435f-b447-183acf412429"},{"element-6066-11e4-a52e-4f735466cecf":"13bb7af0-a668-4088-9be8-5b888e549421"},{"element-6066-11e4-a52e-4f735466cecf":"d3341a96-6f80-45c5-b9ee-20281a537f1b"},{"element-6066-11e4-a52e-4f735466cecf":"e93aaa15-44c3-4912-8191-55116d508176"},{"element-6066-11e4-a52e-4f735466cecf":"6700afe9-be02-47e3-a394-2d36ce00fc85"},{"element-6066-11e4-a52e-4f735466cecf":"d7f4d380-6f87-486b-a191-741e99414640"},{"element-6066-11e4-a52e-4f735466cecf":"1c4473ef-c162-4f1e-bec4-393f6762d65d"},{"element-6066-11e4-a52e-4f735466cecf":"258c7ef4-fd60-4321-8377-f1462e4dab46"},{"element-6066-11e4-a52e-4f735466cecf":"fff4fa2c-ed47-4027-874a-4de9e92331ce"},{"element-6066-11e4-a52e-4f735466cecf":"6a1cc2a4-547c-428c-bb91-666ce1ce8f30"},{"element-6066-11e4-a52e-4f735466cecf":"d5953b1a-6d1c-40c9-b984-58f440b1c03a"},{"element-6066-11e4-a52e-4f735466cecf":"d6e13531-a149-4941-b083-8af8edafa5d1"},{"element-6066-11e4-a52e-4f735466cecf":"7f7ca7e8-098e-44d0-be23-679541afab2e"},{"element-6066-11e4-a52e-4f735466cecf":"486e2146-619d-4942-ae10-ea64cea2159c"},{"element-6066-11e4-a52e-4f735466cecf":"3209eb80-5f25-4ab9-948d-e72c6a4d1e70"},{"element-6066-11e4-a52e-4f735466cecf":"b7f41529-4370-4609-8fd3-bdfd037f2671"},{"element-6066-11e4-a52e-4f735466cecf":"88c3081d-cfa1-4334-87eb-6f3b2c84cf4b"},{"element-6066-11e4-a52e-4f735466cecf":"14ee6c97-a2d5-4c80-a187-6b9aaf5fa310"},{"element-6066-11e4-a52e-4f735466cecf":"ec0291d1-98b2-4dc7-9ba4-4ba0ab27266b"},{"element-6066-11e4-a52e-4f735466cecf":"1f3dad2b-e41b-4dea-9cbd-2d97253c51e5"},{"element-6066-11e4-a52e-4f735466cecf":"6e4699dc-ff54-4689-9688-0c6b0cb26a0f"},{"element-6066-11e4-a52e-4f735466cecf":"e001f63f-8fac-4921-89cd-daf23a9ddf85"},{"element-6066-11e4-a52e-4f735466cecf":"622e3f88-c53b-4cfd-a6b5-6d29b92b631c"},{"element-6066-11e4-a52e-4f735466cecf":"6d3065e1-7c3b-4bff-9d3b-08777eabc3b0"},{"element-6066-11e4-a52e-4f735466cecf":"b503a298-36dc-4528-b708-502b92314915"},{"element-6066-11e4-a52e-4f735466cecf":"c2852e02-bbca-45ff-9bb0-b35d81773b0a"},{"element-6066-11e4-a52e-4f735466cecf":"d8cd4b27-48ce-4eec-81ff-d5ebb9935ca5"},{"element-6066-11e4-a52e-4f735466cecf":"958b16a0-c790-416c-8791-7b1082099f2e"},{"element-6066-11e4-a52e-4f735466cecf":"1993d1be-5d07-40d5-b497-50d91626d932"},{"element-6066-11e4-a52e-4f735466cecf":"ecdf1f2b-f138-4283-9c96-9a94f3b50f5a"},{"element-6066-11e4-a52e-4f735466cecf":"c01821d9-097e-43e0-8b59-87f69421264d"},{"element-6066-11e4-a52e-4f735466cecf":"58ac6fa7-3563-4d3e-a00f-f324470889e2"},{"element-6066-11e4-a52e-4f735466cecf":"79121760-0a16-4b23-882e-3c438b710f15"},{"element-6066-11e4-a52e-4f735466cecf":"c2ca159e-6b62-483a-9c29-19ef4e987ac9"},{"element-6066-11e4-a52e-4f735466cecf":"943157f7-8ebb-4341-b3a9-3d0e6a1619f1"},{"element-6066-11e4-a52e-4f735466cecf":"801a479c-45fa-41d8-9c46-ba29855c71c2"},{"element-6066-11e4-a52e-4f735466cecf":"112c235c-ceeb-4d0e-a663-82e59156446d"},{"element-6066-11e4-a52e-4f735466cecf":"5e0b549a-e74d-42fe-8924-8d00d6442075"},{"element-6066-11e4-a52e-4f735466cecf":"9887ec5d-3cae-4bb0-a1aa-dab812cbe7df"},{"element-6066-11e4-a52e-4f735466cecf":"33c13c4f-9439-49bc-806d-0dd6912c28ad"},{"element-6066-11e4-a52e-4f735466cecf":"10e1fc3f-00dc-4bf2-b5d2-10d58e46a605"},{"element-6066-11e4-a52e-4f735466cecf":"48baa7dd-a221-4c71-8144-039f0b0acf26"},{"element-6066-11e4-a52e-4f735466cecf":"56c88c02-d8c9-4477-ae51-0299b4d0aa8c"},{"element-6066-11e4-a52e-4f735466cecf":"4c0695dd-2488-401a-9cf2-f19eed0befcb"},{"element-6066-11e4-a52e-4f735466cecf":"18f5444e-597f-476a-b0a1-24d60ebe1a42"},{"element-6066-11e4-a52e-4f735466cecf":"d551fee1-153f-4dad-9e58-8985ac1c9bb8"},{"element-6066-11e4-a52e-4f735466cecf":"984ecee4-d3e9-4c9a-ac93-d0939e2b544c"},{"element-6066-11e4-a52e-4f735466cecf":"ec645d4c-98fb-4779-879d-40df2ce3402a"},{"element-6066-11e4-a52e-4f735466cecf":"ea308244-3f00-4233-a1eb-7ca210b2ddbf"},{"element-6066-11e4-a52e-4f735466cecf":"541f66d4-9374-4a9e-8561-fac23203afab"},{"element-6066-11e4-a52e-4f735466cecf":"c2217e7e-d790-472b-a811-636082aa08d2"},{"element-6066-11e4-a52e-4f735466cecf":"e77d67e4-1f40-43a6-b1a9-d33cefec9cfa"},{"element-6066-11e4-a52e-4f735466cecf":"f021092f-3f56-4c80-b4b1-98f771457c38"},{"element-6066-11e4-a52e-4f735466cecf":"257d2573-1b65-4d29-a340-411479327a50"},{"element-6066-11e4-a52e-4f735466cecf":"b4d095d6-b63f-49ff-bd0d-e29e38f86bda"},{"element-6066-11e4-a52e-4f735466cecf":"d19450dd-ea9d-4035-ab13-e2164301bbc3"},{"element-6066-11e4-a52e-4f735466cecf":"296319ae-82e0-4258-9725-637ea05154e3"},{"element-6066-11e4-a52e-4f735466cecf":"e942c80d-d570-48a1-a94e-86c83c83388c"},{"element-6066-11e4-a52e-4f735466cecf":"e06e1ba7-c587-46f1-938a-14f2b9c3e1a7"},{"element-6066-11e4-a52e-4f735466cecf":"586d217e-5882-49eb-a238-2e1e563027e2"},{"element-6066-11e4-a52e-4f735466cecf":"4e4c48e1-9009-4002-9726-6e1066a1c5ef"},{"element-6066-11e4-a52e-4f735466cecf":"fdf8bfb0-1861-4c7c-8446-8072e6fb120e"},{"element-6066-11e4-a52e-4f735466cecf":"335314ec-9ae5-4b40-aa38-7d44d78b0860"},{"element-6066-11e4-a52e-4f735466cecf":"16ef3ab5-717a-4605-8858-554ca03a027a"},{"element-6066-11e4-a52e-4f735466cecf":"c3f2fdb9-65c5-4c51-887a-97d8f7137296"},{"element-6066-11e4-a52e-4f735466cecf":"8d580161-4d3f-4459-83ad-011b5f1eb015"},{"element-6066-11e4-a52e-4f735466cecf":"9a2b4630-748c-4e54-8cee-12897436adee"},{"element-6066-11e4-a52e-4f735466cecf":"6275c5a7-440a-48b4-94e7-3d92ceece63c"},{"element-6066-11e4-a52e-4f735466cecf":"3481e6f1-68f5-4689-8270-802c5212d682"},{"element-6066-11e4-a52e-4f735466cecf":"681e7e39-d8bb-4b1a-92e9-7a9eba4d8334"},{"element-6066-11e4-a52e-4f735466cecf":"c50aeb53-b6a7-4c97-945d-c6b10e5c2315"},{"element-6066-11e4-a52e-4f735466cecf":"64379ea3-4372-49c2-a768-8e72b2c8b2ab"},{"element-6066-11e4-a52e-4f735466cecf":"355913e5-67c7-423a-9f00-6ff065c3ab0e"},{"element-6066-11e4-a52e-4f735466cecf":"96fe44c8-f5ed-4063-8f8f-251aec04f9c6"},{"element-6066-11e4-a52e-4f735466cecf":"dab374c2-2fb0-4b02-b249-ded60ebf02eb"},{"element-6066-11e4-a52e-4f735466cecf":"e8d40392-3f09-492f-9c5e-587102b0001c"},{"element-6066-11e4-a52e-4f735466cecf":"83e718f0-027a-4f49-9979-70362b003104"},{"element-6066-11e4-a52e-4f735466cecf":"9b41d6c6-cc19-4e8b-8908-b98ebcb41bf7"},{"element-6066-11e4-a52e-4f735466cecf":"4f277676-3ab1-4fcf-bb98-2333cf4e3655"},{"element-6066-11e4-a52e-4f735466cecf":"ac968319-2f5a-45a2-8bf7-c6cee0276d4b"},{"element-6066-11e4-a52e-4f735466cecf":"599b41e0-f379-4c1f-990d-943b6a3d8038"},{"element-6066-11e4-a52e-4f735466cecf":"fc1561b3-4235-4884-815f-64357be9ae35"},{"element-6066-11e4-a52e-4f735466cecf":"f78a9602-2e1a-4ca8-a279-4a738c06e717"},{"element-6066-11e4-a52e-4f735466cecf":"b0045299-6f15-43ae-907e-2f21a028057f"},{"element-6066-11e4-a52e-4f735466cecf":"c3f2548f-4079-4f91-a0cd-38e8766bea0b"},{"element-6066-11e4-a52e-4f735466cecf":"4f9b6fbf-f53f-4678-936e-eb811c983d7e"},{"element-6066-11e4-a52e-4f735466cecf":"092dfbe9-e6dc-484a-859e-48938906dddd"},{"element-6066-11e4-a52e-4f735466cecf":"e4b3abe9-cebd-41d9-a1be-623f28d9209c"},{"element-6066-11e4-a52e-4f735466cecf":"15911283-ae0c-413a-9ad3-1ef8fdf019ce"},{"element-6066-11e4-a52e-4f735466cecf":"5ea8bcb3-d438-4991-9f4c-6e87b8fa1621"},{"element-6066-11e4-a52e-4f735466cecf":"208d71e9-96e2-4e9b-928f-b42ef6b3a805"},{"element-6066-11e4-a52e-4f735466cecf":"4000b676-555c-44e7-87c9-d09d3d58bd28"},{"element-6066-11e4-a52e-4f735466cecf":"ad44e472-5c8d-4242-96ad-934d2466a501"},{"element-6066-11e4-a52e-4f735466cecf":"6391537f-d996-49c3-9b30-155cb372afff"},{"element-6066-11e4-a52e-4f735466cecf":"7e469742-68b8-4d0f-8219-36b862c8b716"},{"element-6066-11e4-a52e-4f735466cecf":"af75ab26-0fa5-4c33-a1bb-e84af83e0182"},{"element-6066-11e4-a52e-4f735466cecf":"625dc5af-c3d5-4731-8529-01edb2d08f19"},{"element-6066-11e4-a52e-4f735466cecf":"a0ecf6ed-0144-4ffa-a3b7-871c070a58b0"},{"element-6066-11e4-a52e-4f735466cecf":"8d5240ea-58c7-4498-954f-751e1dcc95c8"},{"element-6066-11e4-a52e-4f735466cecf":"002cca44-2ffd-4574-9d65-163c35a2e930"},{"element-6066-11e4-a52e-4f735466cecf":"17330f5c-5054-4584-9076-bc4314d6e0ba"},{"element-6066-11e4-a52e-4f735466cecf":"c0c00814-b37f-43ae-bd43-eef775499184"},{"element-6066-11e4-a52e-4f735466cecf":"03a23ab6-f85d-4aed-b0a5-b4ce1ccf195f"},{"element-6066-11e4-a52e-4f735466cecf":"b7add99b-7a9a-454d-8f48-d6a46d5d2eed"},{"element-6066-11e4-a52e-4f735466cecf":"68abad36-9190-457c-9009-bac24250e242"},{"element-6066-11e4-a52e-4f735466cecf":"dd768f3c-f149-4d76-8dbf-4da7f7a91b07"},{"element-6066-11e4-a52e-4f735466cecf":"bf1e66c0-5b5b-40e7-b61d-090ca00fc4fd"},{"element-6066-11e4-a52e-4f735466cecf":"9e4e65be-4d99-4a58-ad3a-96f3a232920b"},{"element-6066-11e4-a52e-4f735466cecf":"c0a93d37-9d71-497d-bd11-92bdc4c38a55"},{"element-6066-11e4-a52e-4f735466cecf":"6f162fc0-1c9d-466e-825b-c42b14126630"},{"element-6066-11e4-a52e-4f735466cecf":"94e8fb65-472d-41ad-b736-04dfee1ae67a"},{"element-6066-11e4-a52e-4f735466cecf":"48a1313f-1fbe-486d-b244-da472a328142"},{"element-6066-11e4-a52e-4f735466cecf":"52c61edf-cd03-428a-a308-cf25d77d26ca"},{"element-6066-11e4-a52e-4f735466cecf":"adb46c43-a3ab-4a68-95f1-ebb71cf5ce6b"},{"element-6066-11e4-a52e-4f735466cecf":"8a8145f7-1d28-4d98-bd11-682eb9621ca7"},{"element-6066-11e4-a52e-4f735466cecf":"f1b1454d-330b-4358-b6a8-cbad8194ceca"},{"element-6066-11e4-a52e-4f735466cecf":"5235d0dc-fcff-4f91-b13c-9fabcd86fd52"},{"element-6066-11e4-a52e-4f735466cecf":"f1988c95-e427-41d3-8324-cddd054b262b"},{"element-6066-11e4-a52e-4f735466cecf":"f0028624-0a84-4c63-8346-3d8e4eba6a2c"},{"element-6066-11e4-a52e-4f735466cecf":"6af7dae7-1747-4ba9-878e-619f65f35730"},{"element-6066-11e4-a52e-4f735466cecf":"dbdbd069-5a20-49f3-b67b-7074dfc1b801"},{"element-6066-11e4-a52e-4f735466cecf":"ae647f01-560e-4604-8b64-a96c07bf0604"},{"element-6066-11e4-a52e-4f735466cecf":"8901938a-633a-49ae-8737-93ba38f3f1da"},{"element-6066-11e4-a52e-4f735466cecf":"e1adb73c-77eb-4854-abb2-87e85ab11ad2"},{"element-6066-11e4-a52e-4f735466cecf":"0d836598-75d8-4929-b1dc-de5f2c78d8b3"},{"element-6066-11e4-a52e-4f735466cecf":"78cc74a8-728d-4993-a876-cf1a998f7e87"},{"element-6066-11e4-a52e-4f735466cecf":"2a9852f5-58ab-433b-b098-eeec25241639"},{"element-6066-11e4-a52e-4f735466cecf":"8ac4a5bc-3f0d-4984-9107-51b5fefe48b6"},{"element-6066-11e4-a52e-4f735466cecf":"a1787339-7bc7-4457-8786-a1769c631f32"},{"element-6066-11e4-a52e-4f735466cecf":"16e4a84b-ac60-415b-864a-ea4b13b70aef"},{"element-6066-11e4-a52e-4f735466cecf":"8b9e26f9-1a11-4e7d-b2c0-3696c601e23b"},{"element-6066-11e4-a52e-4f735466cecf":"4a4054b9-bd86-48b8-84ee-90bc48895b61"},{"element-6066-11e4-a52e-4f735466cecf":"2bf31a94-f847-4650-a956-e60e21a3cfa0"},{"element-6066-11e4-a52e-4f735466cecf":"674933ca-8627-45ab-af3c-ebdd9fcc860a"},{"element-6066-11e4-a52e-4f735466cecf":"5285d8f0-32bd-4435-961e-72ec7a10356e"},{"element-6066-11e4-a52e-4f735466cecf":"16d02f6c-101b-48b8-8fa1-ba9c79477a55"},{"element-6066-11e4-a52e-4f735466cecf":"06b56c6d-812f-42e1-bb89-73608c830c25"},{"element-6066-11e4-a52e-4f735466cecf":"2a6cd8a2-fe1c-41a3-bc21-33a8b35a5677"},{"element-6066-11e4-a52e-4f735466cecf":"5f4dffc3-f189-40b3-a647-9e5dfdbb7516"},{"element-6066-11e4-a52e-4f735466cecf":"448c3cb5-ba32-4d6d-9666-c715a971cf63"},{"element-6066-11e4-a52e-4f735466cecf":"a683887e-003d-4f99-9a19-0fda29978bbf"},{"element-6066-11e4-a52e-4f735466cecf":"fd83a8af-6263-4fd6-a272-f6c94848f9d2"},{"element-6066-11e4-a52e-4f735466cecf":"37ebfafa-d613-46fc-af94-19260fb90e3b"},{"element-6066-11e4-a52e-4f735466cecf":"f3fbd5f7-f578-4470-877c-dd7b98fc7d27"},{"element-6066-11e4-a52e-4f735466cecf":"1e193f55-549f-4821-b8e3-52f222b03ef9"},{"element-6066-11e4-a52e-4f735466cecf":"ff72dd7a-1002-49d4-9fe6-e571138922ab"},{"element-6066-11e4-a52e-4f735466cecf":"90a7657d-a1fa-4fc7-9f2d-20ad46fc891c"},{"element-6066-11e4-a52e-4f735466cecf":"be1bb769-61c5-4f51-887d-03f0e3fa018c"},{"element-6066-11e4-a52e-4f735466cecf":"27360847-d0e0-401d-96fe-48161b1adb7e"},{"element-6066-11e4-a52e-4f735466cecf":"35233a3a-4ef9-4fb2-911b-4f622244d63b"},{"element-6066-11e4-a52e-4f735466cecf":"f5eea0ec-8cfd-432a-a232-657935840e3b"},{"element-6066-11e4-a52e-4f735466cecf":"06d63419-180e-4c43-8da5-90bdb3820d8d"},{"element-6066-11e4-a52e-4f735466cecf":"3497270a-633b-4b6b-89c0-3231cd840a81"},{"element-6066-11e4-a52e-4f735466cecf":"1a46ad61-6742-4b2d-8ae7-4b7fc4622833"},{"element-6066-11e4-a52e-4f735466cecf":"877bbbbd-7df8-425c-855a-fae22a5d8502"},{"element-6066-11e4-a52e-4f735466cecf":"a8df7b46-d2a8-4657-88fe-785c01af297a"},{"element-6066-11e4-a52e-4f735466cecf":"7a8c764e-fe0b-4ff5-89cf-9e0d11690406"},{"element-6066-11e4-a52e-4f735466cecf":"801f6a50-38a9-4867-842a-1230d96aa6e8"},{"element-6066-11e4-a52e-4f735466cecf":"6a5e41b9-ead1-4734-8240-465198e61b27"},{"element-6066-11e4-a52e-4f735466cecf":"444f2ae3-cc90-4d70-9afe-178a9185ed7a"},{"element-6066-11e4-a52e-4f735466cecf":"9b53796b-6b2d-465d-9294-f0cf930fd180"},{"element-6066-11e4-a52e-4f735466cecf":"15925769-ca7c-4407-b621-3f836d17b966"},{"element-6066-11e4-a52e-4f735466cecf":"9b8114f9-4c40-4103-9392-c5066a920e5c"},{"element-6066-11e4-a52e-4f735466cecf":"19f8c58e-9484-493e-93e4-2afa79ab0b23"},{"element-6066-11e4-a52e-4f735466cecf":"07c45a64-3d31-4530-a1e5-5b65c2aa7cce"},{"element-6066-11e4-a52e-4f735466cecf":"d21c4747-6a77-4daf-b059-db63c479cec2"},{"element-6066-11e4-a52e-4f735466cecf":"a0d55024-2f7c-4be0-8b10-dd9cbef372da"},{"element-6066-11e4-a52e-4f735466cecf":"e81ca41b-71b6-4d6d-81c5-1342b0df1f98"},{"element-6066-11e4-a52e-4f735466cecf":"fb202a2f-8117-4a7e-a269-758e70e0b6d1"},{"element-6066-11e4-a52e-4f735466cecf":"05506036-13d1-40cb-80f4-34792c03ccf5"},{"element-6066-11e4-a52e-4f735466cecf":"9bc1b79b-5bd9-4705-89f7-91d6a3a63051"},{"element-6066-11e4-a52e-4f735466cecf":"d7778640-3b11-4762-a39d-175d2d3d2b9b"},{"element-6066-11e4-a52e-4f735466cecf":"c3783ebf-d262-4aec-85a4-75e4885b58de"},{"element-6066-11e4-a52e-4f735466cecf":"3f155f1b-12ca-478f-a452-14c3ab3e60c8"},{"element-6066-11e4-a52e-4f735466cecf":"9c554ff1-f3fd-4e11-b08d-2cd09a69ee63"},{"element-6066-11e4-a52e-4f735466cecf":"190f2278-1990-4e53-aef4-48edc172d29f"},{"element-6066-11e4-a52e-4f735466cecf":"0c1742bc-2bb7-476f-8312-969041b31f0d"},{"element-6066-11e4-a52e-4f735466cecf":"73976bb8-3a27-4f87-893a-59d8774d8475"},{"element-6066-11e4-a52e-4f735466cecf":"c2c82fcf-cf8a-463e-be4f-0a73cc833ca9"},{"element-6066-11e4-a52e-4f735466cecf":"536ae26b-7595-4ccc-9521-fe80576ac33c"},{"element-6066-11e4-a52e-4f735466cecf":"149d7d6b-7421-4f10-a392-8c04959f6ed6"},{"element-6066-11e4-a52e-4f735466cecf":"a21996ea-8dcd-41f4-9edd-815ec8e70c2a"},{"element-6066-11e4-a52e-4f735466cecf":"c1fa5f39-2a92-46b9-b26e-cf9878915bf7"},{"element-6066-11e4-a52e-4f735466cecf":"1509df51-21cc-4eba-ad70-5f3639ad9ae8"},{"element-6066-11e4-a52e-4f735466cecf":"0d21eb29-37dc-4dee-94dd-471f7bfc20b7"},{"element-6066-11e4-a52e-4f735466cecf":"c0cd5f31-2aa2-40d4-95e9-6603456b4353"},{"element-6066-11e4-a52e-4f735466cecf":"63041d0b-cac9-4222-ae61-c593cd90893e"},{"element-6066-11e4-a52e-4f735466cecf":"c76bc2f0-b063-4e45-9f4d-c92daa61a6ed"},{"element-6066-11e4-a52e-4f735466cecf":"4f6719cc-695e-4aa9-80a2-464134ec287c"},{"element-6066-11e4-a52e-4f735466cecf":"92c8efda-d387-43e7-a004-70ea60ff3c96"},{"element-6066-11e4-a52e-4f735466cecf":"1c512a83-d23e-43c7-890c-ae04235d38be"},{"element-6066-11e4-a52e-4f735466cecf":"f9799031-94e6-419a-b2c8-c9733a27882c"},{"element-6066-11e4-a52e-4f735466cecf":"c304f322-a0bc-4f89-bfdb-d45fe4781a5b"},{"element-6066-11e4-a52e-4f735466cecf":"092a4e51-03b5-4304-a84e-cab3b8ed7ed3"},{"element-6066-11e4-a52e-4f735466cecf":"59f14560-63eb-470b-8f04-c7cfcca8202b"},{"element-6066-11e4-a52e-4f735466cecf":"3941dc51-47e5-4036-a81b-099a23e84bb4"},{"element-6066-11e4-a52e-4f735466cecf":"32250289-1dcb-4d49-bc3d-7ff1e5846796"},{"element-6066-11e4-a52e-4f735466cecf":"a5db42bc-7d5d-4518-ac76-217718c066c7"},{"element-6066-11e4-a52e-4f735466cecf":"2da7ddea-00d9-4444-987a-4c1164766c9b"},{"element-6066-11e4-a52e-4f735466cecf":"4fdd1fd6-0190-46a8-b76d-3ddf087f2d81"},{"element-6066-11e4-a52e-4f735466cecf":"a695aefe-248a-4887-b80b-aabb017c1293"},{"element-6066-11e4-a52e-4f735466cecf":"fa886ccc-9c09-4888-9ea6-815d3763a105"},{"element-6066-11e4-a52e-4f735466cecf":"7b1677b0-19f0-4097-831d-a8e5846d4c15"},{"element-6066-11e4-a52e-4f735466cecf":"e2fc5151-3fd0-489d-bfaf-9d4354140edf"},{"element-6066-11e4-a52e-4f735466cecf":"9758c907-52c0-4758-8b65-8d5161d483ad"},{"element-6066-11e4-a52e-4f735466cecf":"bada0cd4-2a40-454a-8e89-601837610fc6"},{"element-6066-11e4-a52e-4f735466cecf":"b0c766ff-a415-4843-bce1-0acf3f284d70"},{"element-6066-11e4-a52e-4f735466cecf":"ff7cb77e-a51a-49e0-b57a-26e25d5878f7"},{"element-6066-11e4-a52e-4f735466cecf":"1ff05931-8a79-41ca-a662-79fac44ccf48"},{"element-6066-11e4-a52e-4f735466cecf":"f1773bba-3b90-4344-ae4d-e3f49fe458c1"},{"element-6066-11e4-a52e-4f735466cecf":"723abb03-4b2c-4ffe-9ca4-22d03111f3ee"},{"element-6066-11e4-a52e-4f735466cecf":"fb4f626e-f8e6-4dc3-9b35-c81e078d4eb5"},{"element-6066-11e4-a52e-4f735466cecf":"d0c860f3-1022-4ea9-9879-9a3eba3154f1"},{"element-6066-11e4-a52e-4f735466cecf":"5299fd1c-0191-44e8-81aa-cdcb51ca64e6"},{"element-6066-11e4-a52e-4f735466cecf":"6ce3f5f3-28ce-4c4c-a1fc-2c187852a8ba"},{"element-6066-11e4-a52e-4f735466cecf":"e7fd196d-8f80-4258-8b23-96b8418cb29e"},{"element-6066-11e4-a52e-4f735466cecf":"30b4c0af-6542-4f7c-bde2-8b759f846dd8"},{"element-6066-11e4-a52e-4f735466cecf":"a53e0295-d21e-4f9c-8fd0-b7553b1117c5"},{"element-6066-11e4-a52e-4f735466cecf":"20c69579-2087-47cc-9d09-ab251cecd1ea"},{"element-6066-11e4-a52e-4f735466cecf":"761a8a8c-a617-40b9-a3fd-dacbbc456910"},{"element-6066-11e4-a52e-4f735466cecf":"5f997746-f3af-4f05-9745-42ecbac9d027"},{"element-6066-11e4-a52e-4f735466cecf":"be8ff37e-86c4-4c15-b1ff-225d7a80afad"},{"element-6066-11e4-a52e-4f735466cecf":"87dd631f-6085-4df7-983f-ff0190bbaa6b"},{"element-6066-11e4-a52e-4f735466cecf":"2ee9fc74-abe9-4dd8-b2c4-73dd6a0c3f37"},{"element-6066-11e4-a52e-4f735466cecf":"b6acab25-4f08-4c3f-9cd2-f93155ed327d"},{"element-6066-11e4-a52e-4f735466cecf":"f6663bd1-4bfd-48c4-8f14-dd509aeda0c0"},{"element-6066-11e4-a52e-4f735466cecf":"8c7babee-c156-4141-aec5-82090f79bec4"},{"element-6066-11e4-a52e-4f735466cecf":"84204dbe-6dc7-4d2c-a5c4-aa652e115f8a"},{"element-6066-11e4-a52e-4f735466cecf":"2a2e0700-b152-4549-83dc-0d6f4d872159"},{"element-6066-11e4-a52e-4f735466cecf":"585aecb3-e2dd-42b6-aa08-898911e26cf6"},{"element-6066-11e4-a52e-4f735466cecf":"c7e6e8c5-5bcf-401b-b69d-83663e4aa45e"},{"element-6066-11e4-a52e-4f735466cecf":"07ebe2e0-6a8e-4edd-abac-ed216e9dc63b"},{"element-6066-11e4-a52e-4f735466cecf":"2ebebb68-5f20-4e88-b111-fcafcc73d370"},{"element-6066-11e4-a52e-4f735466cecf":"94105a72-fb37-4c39-a773-8591ba1bf4f4"},{"element-6066-11e4-a52e-4f735466cecf":"939326b8-6ead-4c9d-a742-0efcd4db523c"},{"element-6066-11e4-a52e-4f735466cecf":"2eba27b5-5d03-4fd8-a7ea-1f16dc3cebe4"},{"element-6066-11e4-a52e-4f735466cecf":"4d42f8f8-86dd-41c6-965a-8c7f1e27130d"},{"element-6066-11e4-a52e-4f735466cecf":"7cace4a7-a359-4618-ae3f-078d95bb5588"},{"element-6066-11e4-a52e-4f735466cecf":"35fde581-088f-4eba-8309-d1a40d403d43"},{"element-6066-11e4-a52e-4f735466cecf":"9feca566-4180-44b1-a992-b8bcccd6ba26"},{"element-6066-11e4-a52e-4f735466cecf":"1e92ef55-ea88-4ef8-b4ed-0e40d0c5922f"},{"element-6066-11e4-a52e-4f735466cecf":"6396cc2c-9036-47f4-be2c-d90f6c7a9a94"},{"element-6066-11e4-a52e-4f735466cecf":"ef2bc261-5856-4458-b247-8d19882ee38b"},{"element-6066-11e4-a52e-4f735466cecf":"7aebcfbd-ad95-4cb9-aad1-e1a970cdfc4a"},{"element-6066-11e4-a52e-4f735466cecf":"11b83a72-2575-4889-9938-004645300db4"},{"element-6066-11e4-a52e-4f735466cecf":"5cb441c4-bf17-42e5-b435-d7b39d9d7a0d"},{"element-6066-11e4-a52e-4f735466cecf":"dcc13378-3323-40bd-86ec-907e91f75027"},{"element-6066-11e4-a52e-4f735466cecf":"571d9a83-c359-47ce-9e16-36e900df6a7d"},{"element-6066-11e4-a52e-4f735466cecf":"c2121c06-a729-4697-b422-bb6f606d524a"},{"element-6066-11e4-a52e-4f735466cecf":"299a2f2e-eae1-476a-b596-190ba147cf26"},{"element-6066-11e4-a52e-4f735466cecf":"d2f85d00-8249-4b61-8c1f-e82024a29900"},{"element-6066-11e4-a52e-4f735466cecf":"a1b502f8-25b9-4a92-8f80-a92d5049b749"},{"element-6066-11e4-a52e-4f735466cecf":"189dd7c9-076f-4826-8900-8049b4987039"},{"element-6066-11e4-a52e-4f735466cecf":"37fed8ca-2d9b-4860-a78e-b4b4023b44a3"},{"element-6066-11e4-a52e-4f735466cecf":"0c60242e-d97a-42db-aa44-5555fe7200a7"},{"element-6066-11e4-a52e-4f735466cecf":"960c7677-c4e7-4aac-a073-394c22c1882b"},{"element-6066-11e4-a52e-4f735466cecf":"11ce2551-5fb8-4662-afa1-7c3a78b30daa"},{"element-6066-11e4-a52e-4f735466cecf":"cbf70266-72d8-4f05-82a6-45f67ecc7a0e"},{"element-6066-11e4-a52e-4f735466cecf":"f076af25-c19b-43db-9a73-08e1ff04d4c1"},{"element-6066-11e4-a52e-4f735466cecf":"ff3928ef-4c35-48ef-b32f-aa0254ca6df0"},{"element-6066-11e4-a52e-4f735466cecf":"2aafda98-1987-4fdd-bf4d-e371fbdd1df1"},{"element-6066-11e4-a52e-4f735466cecf":"79974186-60ef-42ce-ae52-55a7535775ed"},{"element-6066-11e4-a52e-4f735466cecf":"8bb31d55-1d55-4dd5-a2fd-d695164b8385"},{"element-6066-11e4-a52e-4f735466cecf":"87f8bfe2-b5a9-4d99-a6ff-53f6564992fc"},{"element-6066-11e4-a52e-4f735466cecf":"32423f46-b928-45ee-8224-4451fd48534b"},{"element-6066-11e4-a52e-4f735466cecf":"ca2169b1-d886-4257-bc33-b7f100a56d25"},{"element-6066-11e4-a52e-4f735466cecf":"fd66cec5-ec4f-433f-9a29-271b5262174a"},{"element-6066-11e4-a52e-4f735466cecf":"781fba52-1ee0-4550-9892-b6e59ea87edc"},{"element-6066-11e4-a52e-4f735466cecf":"f5d24516-3c75-4446-b981-b12be7ee2ea4"},{"element-6066-11e4-a52e-4f735466cecf":"9a85fcfa-60e8-4864-a1c4-6f9178bc06cc"},{"element-6066-11e4-a52e-4f735466cecf":"cb66d30e-bc63-4301-8e61-7a56bbb0ceb7"},{"element-6066-11e4-a52e-4f735466cecf":"60b90048-00b7-4fda-bd00-c001c4ba8204"},{"element-6066-11e4-a52e-4f735466cecf":"c45653e4-0d65-4118-94ee-7d6c190c889e"},{"element-6066-11e4-a52e-4f735466cecf":"0d4db684-7284-4ba0-b600-b4d6332cfae6"},{"element-6066-11e4-a52e-4f735466cecf":"c6d76d6b-e076-4771-babe-01bc73d139a8"},{"element-6066-11e4-a52e-4f735466cecf":"0a65962b-3066-4172-9d7e-13a00229f48a"},{"element-6066-11e4-a52e-4f735466cecf":"72766782-c889-4ffb-aec3-427382bd6c20"},{"element-6066-11e4-a52e-4f735466cecf":"d3d807fa-33d5-4b44-9f1f-7e394f51d1c1"},{"element-6066-11e4-a52e-4f735466cecf":"11f7e4b1-22a7-4784-8174-5873702fe9c8"},{"element-6066-11e4-a52e-4f735466cecf":"bb0bb509-98a3-4364-8d16-72d202596b73"},{"element-6066-11e4-a52e-4f735466cecf":"167bbdcd-7e65-4acd-87ca-f084200df457"},{"element-6066-11e4-a52e-4f735466cecf":"199db7c0-cfea-4fec-8c4d-5836abb5d6ce"},{"element-6066-11e4-a52e-4f735466cecf":"18e0cd83-9cf2-40b4-a3f5-7324d6a731cb"},{"element-6066-11e4-a52e-4f735466cecf":"00715f15-fb8c-4501-a3f3-1c5bba5cb070"},{"element-6066-11e4-a52e-4f735466cecf":"65bd6b6a-8985-4433-8aca-7d8f3cffc149"},{"element-6066-11e4-a52e-4f735466cecf":"919f76d9-bc54-4ec6-96bc-7dad6ca5939a"},{"element-6066-11e4-a52e-4f735466cecf":"01fe2f77-aea9-4a5e-a894-225a57ac1cda"},{"element-6066-11e4-a52e-4f735466cecf":"cbe38e1f-7498-4fe1-8f6d-441ed0807e39"},{"element-6066-11e4-a52e-4f735466cecf":"497c4d79-e112-489d-bd50-5367af3e53ed"},{"element-6066-11e4-a52e-4f735466cecf":"2b9df8ac-09f9-4a4f-bffe-f32512eefbe8"},{"element-6066-11e4-a52e-4f735466cecf":"e9701503-218b-4b34-a60c-ef198928c25f"},{"element-6066-11e4-a52e-4f735466cecf":"478fc051-9634-4ead-b080-1ebc2300de04"},{"element-6066-11e4-a52e-4f735466cecf":"4e277476-4f44-44dd-a5dc-e46ffbf27263"},{"element-6066-11e4-a52e-4f735466cecf":"06fea980-7f18-4732-900a-3957bd4a0a7b"},{"element-6066-11e4-a52e-4f735466cecf":"efdcba29-9445-492f-a0a5-79bc26f92b1c"},{"element-6066-11e4-a52e-4f735466cecf":"e11e8ae0-b4e5-4d62-9017-ef5dcb8622b7"},{"element-6066-11e4-a52e-4f735466cecf":"1c6b7866-7b19-4869-a894-0dedbd05593e"},{"element-6066-11e4-a52e-4f735466cecf":"0bb3d5a4-55ec-47a9-a4f2-3dd162ed0b32"},{"element-6066-11e4-a52e-4f735466cecf":"95f94781-2aca-46eb-a35f-0f68bd2c0e44"},{"element-6066-11e4-a52e-4f735466cecf":"8bf27577-3bba-4bae-992f-745f50aec851"},{"element-6066-11e4-a52e-4f735466cecf":"ac0611ab-6479-46b0-bf7d-12cb0156918c"},{"element-6066-11e4-a52e-4f735466cecf":"df582f97-3fe0-4442-8aae-9073e88ddf9c"},{"element-6066-11e4-a52e-4f735466cecf":"0e2b8842-bcfe-495e-881e-2771c6bfb248"},{"element-6066-11e4-a52e-4f735466cecf":"a30ea69e-3a48-47d4-bee3-4fcab57f5991"},{"element-6066-11e4-a52e-4f735466cecf":"7ebb1bf7-4ab0-40c0-97f8-e53e6bd0cf82"},{"element-6066-11e4-a52e-4f735466cecf":"71d96172-8a04-4cb1-b8a4-4cf190b6807b"},{"element-6066-11e4-a52e-4f735466cecf":"b2e47eff-d102-4447-a732-7dd3957609c8"},{"element-6066-11e4-a52e-4f735466cecf":"655c2b7b-fbbf-472e-94bd-a0eaa4763d77"},{"element-6066-11e4-a52e-4f735466cecf":"c066bfc7-7acc-4121-9e6e-326f23acab74"},{"element-6066-11e4-a52e-4f735466cecf":"f5fef598-a19b-4e6e-8357-3f9b727e9240"},{"element-6066-11e4-a52e-4f735466cecf":"eae82c7f-1ada-49c7-a343-088d100910f4"},{"element-6066-11e4-a52e-4f735466cecf":"3ebbba15-54fe-4623-a3b3-0b352533783c"},{"element-6066-11e4-a52e-4f735466cecf":"3def7ad6-c001-4a90-b30d-3722f3dfbf2b"},{"element-6066-11e4-a52e-4f735466cecf":"3aaada5c-0169-47ec-8775-f15fc21479d8"},{"element-6066-11e4-a52e-4f735466cecf":"d1af3c32-47cb-4c5d-940c-034389acf7a0"},{"element-6066-11e4-a52e-4f735466cecf":"8dfdba61-d90b-45b8-a01e-fafb2d0a0ed4"},{"element-6066-11e4-a52e-4f735466cecf":"e50359c1-4bb8-4c4c-b8c0-3045150db0ec"},{"element-6066-11e4-a52e-4f735466cecf":"9bbe6642-2cbc-41b2-a0cb-da2db21da7fc"},{"element-6066-11e4-a52e-4f735466cecf":"52e1bc28-6d9e-4b2f-a55a-02ae37d1bf7a"},{"element-6066-11e4-a52e-4f735466cecf":"ec94b6d9-c8af-438b-aca9-b1b63ccfc26d"},{"element-6066-11e4-a52e-4f735466cecf":"fe9b1247-2c02-4cd1-9ded-fbe950d34ffd"},{"element-6066-11e4-a52e-4f735466cecf":"8aa1d215-6f00-48f1-8984-13a46bab6bf1"},{"element-6066-11e4-a52e-4f735466cecf":"16f0cc75-8b98-4b9b-b97e-380af62c8939"},{"element-6066-11e4-a52e-4f735466cecf":"657a791f-a853-4145-859e-f20f2e76ce6a"},{"element-6066-11e4-a52e-4f735466cecf":"01c9812a-26bc-4351-932c-0c7064f225ed"},{"element-6066-11e4-a52e-4f735466cecf":"ed178899-d19e-422b-a6e1-b7e486c9b15b"},{"element-6066-11e4-a52e-4f735466cecf":"19ef1ab2-5b3b-401c-b111-ab07adb710e9"},{"element-6066-11e4-a52e-4f735466cecf":"40c9e6a8-9510-4b21-a37e-f5af0a53f677"},{"element-6066-11e4-a52e-4f735466cecf":"4d81da2f-36f6-42d9-879f-dc91206fcb68"},{"element-6066-11e4-a52e-4f735466cecf":"2c5c5ab4-5b47-451c-91f0-c34aaf1ba238"},{"element-6066-11e4-a52e-4f735466cecf":"af08876d-5771-4de0-9325-dc776fc6a146"},{"element-6066-11e4-a52e-4f735466cecf":"6b52acd9-b4d6-4869-ae64-3fdd9c7c0b0e"},{"element-6066-11e4-a52e-4f735466cecf":"2fdebc97-db8d-4123-89a0-7bd8c3fc89fe"},{"element-6066-11e4-a52e-4f735466cecf":"ac5d0f54-e833-4821-a3da-437b514cff17"},{"element-6066-11e4-a52e-4f735466cecf":"bbfe70ae-0361-4bea-b810-d7141ab13784"},{"element-6066-11e4-a52e-4f735466cecf":"208b980c-726e-41c6-b5c6-cf78f0c4cc6a"},{"element-6066-11e4-a52e-4f735466cecf":"6c3cf9c3-7a0b-485c-b2e5-35d75e2dfb87"},{"element-6066-11e4-a52e-4f735466cecf":"044dd26b-5180-4ad5-9620-2f9951c82fb1"},{"element-6066-11e4-a52e-4f735466cecf":"27f19cb8-453b-44d0-a565-d5aecdbd7841"},{"element-6066-11e4-a52e-4f735466cecf":"2722c172-7fa5-4f78-b961-14e03806b25f"},{"element-6066-11e4-a52e-4f735466cecf":"4b6cd1a7-120b-4a7b-b1fb-704e631d9285"},{"element-6066-11e4-a52e-4f735466cecf":"f47711d7-6ef6-44be-a1d1-e977954b6e61"},{"element-6066-11e4-a52e-4f735466cecf":"8d023e9d-06f1-49d0-bd35-980d7291dde1"},{"element-6066-11e4-a52e-4f735466cecf":"7bbcf3fe-b7d1-4317-89c3-230b4c657a29"},{"element-6066-11e4-a52e-4f735466cecf":"d88a168a-ff92-4ff7-9637-92c30e00778c"},{"element-6066-11e4-a52e-4f735466cecf":"34666313-f253-4980-94a5-21641c9948dd"},{"element-6066-11e4-a52e-4f735466cecf":"a96c2233-a67a-4cd4-8b08-d42998ed5ee1"},{"element-6066-11e4-a52e-4f735466cecf":"0d45b50c-a7fd-4ba0-9619-55a4af00b2c4"},{"element-6066-11e4-a52e-4f735466cecf":"57beb652-37bc-4a16-8d6a-da6dc7def1b9"},{"element-6066-11e4-a52e-4f735466cecf":"58b93e01-6500-4253-9730-54f1d995eb8e"},{"element-6066-11e4-a52e-4f735466cecf":"ca5e4d01-4bbf-4fa3-bbb3-cd3be4f22a35"},{"element-6066-11e4-a52e-4f735466cecf":"1518b00e-37ab-4a1c-91c4-eb55d08d48e7"},{"element-6066-11e4-a52e-4f735466cecf":"2b2633dc-0303-4fba-885b-6651b81f001d"},{"element-6066-11e4-a52e-4f735466cecf":"b48d1c83-b9cb-454d-96d1-49538d2f72bb"},{"element-6066-11e4-a52e-4f735466cecf":"f676cd98-1cb6-41fd-8116-85eb676a2f9b"},{"element-6066-11e4-a52e-4f735466cecf":"2f95b7d6-e06b-4917-8270-83eeb495d9ab"},{"element-6066-11e4-a52e-4f735466cecf":"d0ec95c4-701f-4425-9a3f-d38806750a79"},{"element-6066-11e4-a52e-4f735466cecf":"3c84ea5f-311f-4caa-831f-982f74ee2120"},{"element-6066-11e4-a52e-4f735466cecf":"d8aae9d9-f6ff-45a9-b687-9752603b9b07"},{"element-6066-11e4-a52e-4f735466cecf":"965a2d3a-2e1c-4426-a3b8-cb3c09f00e39"},{"element-6066-11e4-a52e-4f735466cecf":"cdba0c27-0210-4665-bc85-024c6dacd6fc"},{"element-6066-11e4-a52e-4f735466cecf":"c13fde83-9bc7-4cc8-bd52-c93aead8482a"},{"element-6066-11e4-a52e-4f735466cecf":"11043954-adaf-4443-a15b-2b815e99faec"},{"element-6066-11e4-a52e-4f735466cecf":"fb4569bb-5779-41a3-9a61-d0a9e3d49a15"},{"element-6066-11e4-a52e-4f735466cecf":"3bf48600-53e1-4f39-bbe9-3f06cca470a7"},{"element-6066-11e4-a52e-4f735466cecf":"93d1c001-2265-4e31-a66d-5300d5cd37fa"},{"element-6066-11e4-a52e-4f735466cecf":"c9af347e-c461-4370-850c-89443282ca3e"},{"element-6066-11e4-a52e-4f735466cecf":"40ec4bca-d004-4c85-a3ff-d3d52096e2a8"},{"element-6066-11e4-a52e-4f735466cecf":"44e7c95c-af50-45ec-9b1d-fa593b10a0f0"},{"element-6066-11e4-a52e-4f735466cecf":"52e2b7df-9a0a-469a-9784-2f02263d1a80"},{"element-6066-11e4-a52e-4f735466cecf":"22824477-dae9-49c9-9fe2-4218bbac3178"},{"element-6066-11e4-a52e-4f735466cecf":"060367c9-8124-4121-82cc-88b13d50d6d4"},{"element-6066-11e4-a52e-4f735466cecf":"99983aa9-16b2-4491-8419-89e75d65456a"},{"element-6066-11e4-a52e-4f735466cecf":"97bd9b9a-fe45-4ce3-b851-838d70a1cfee"},{"element-6066-11e4-a52e-4f735466cecf":"ce7d9978-618c-4459-acd6-c975a5234093"},{"element-6066-11e4-a52e-4f735466cecf":"98f09db3-4657-4b85-a05b-b76aae0a8123"},{"element-6066-11e4-a52e-4f735466cecf":"04236739-76d0-42c8-b121-0962945951ed"},{"element-6066-11e4-a52e-4f735466cecf":"f88e7314-db59-4ff1-bfe0-060889ff0004"},{"element-6066-11e4-a52e-4f735466cecf":"a345e61b-7fe0-4a95-91d8-3c91bed2a7e6"},{"element-6066-11e4-a52e-4f735466cecf":"f095e2b2-ce54-4bf1-948c-fe8a2545e9c1"},{"element-6066-11e4-a52e-4f735466cecf":"4542da77-df0c-41de-8043-2b2664519615"},{"element-6066-11e4-a52e-4f735466cecf":"5efbe5a8-1290-4547-9ce9-dceef69f02d5"},{"element-6066-11e4-a52e-4f735466cecf":"5d2780b4-1f00-4570-b426-1a0fa6f6ca9f"},{"element-6066-11e4-a52e-4f735466cecf":"03425a9f-2ee3-419b-a988-9031b8c202df"},{"element-6066-11e4-a52e-4f735466cecf":"6f85840f-3ae3-480b-a806-db45ac6b413d"},{"element-6066-11e4-a52e-4f735466cecf":"59b5ee13-920e-40cb-841c-605d20a639ec"},{"element-6066-11e4-a52e-4f735466cecf":"860d39da-6855-4512-8ca2-aaaf567621f6"},{"element-6066-11e4-a52e-4f735466cecf":"48732485-4c8e-47f4-9a14-cf652b5d0cfc"},{"element-6066-11e4-a52e-4f735466cecf":"2d2117da-f398-4f28-ae49-bf791275b02c"},{"element-6066-11e4-a52e-4f735466cecf":"cf3ce2f5-5e09-46bb-828e-44428477afcb"},{"element-6066-11e4-a52e-4f735466cecf":"3857ac63-9199-4ad3-ab94-c77cd3ba073c"},{"element-6066-11e4-a52e-4f735466cecf":"c0f24585-e2bb-4fbc-a1d6-4319087da4a8"},{"element-6066-11e4-a52e-4f735466cecf":"1b4e8a38-232f-4fcf-8701-c16f88a1ef74"},{"element-6066-11e4-a52e-4f735466cecf":"6d8f4129-bce2-4de8-8b49-16641af9747c"},{"element-6066-11e4-a52e-4f735466cecf":"b85095bb-1233-4a2a-a0e6-16aba670a769"},{"element-6066-11e4-a52e-4f735466cecf":"4bf414a1-c146-46e1-bf50-7c48f070f071"},{"element-6066-11e4-a52e-4f735466cecf":"abbe1de4-8cc9-4817-b972-4b253d3c9bee"},{"element-6066-11e4-a52e-4f735466cecf":"d4272512-b54e-4c8d-957c-8af0951f18b8"},{"element-6066-11e4-a52e-4f735466cecf":"0cfda3f6-6634-4a3f-94a0-04b4c87ee25b"},{"element-6066-11e4-a52e-4f735466cecf":"05484b9d-5d5a-452d-b106-6cb51f3c3622"},{"element-6066-11e4-a52e-4f735466cecf":"a49979fc-9e98-45b3-99a7-c79c7b760f2f"},{"element-6066-11e4-a52e-4f735466cecf":"d013f2d9-8a78-43a9-9cd1-4981287fbdcc"},{"element-6066-11e4-a52e-4f735466cecf":"a1819ccf-7da2-4064-b00d-699e74e59fce"},{"element-6066-11e4-a52e-4f735466cecf":"50492a4c-4d2f-4b17-8894-e2a7bd52cf87"},{"element-6066-11e4-a52e-4f735466cecf":"2890c4b4-9ffb-4704-8512-6fe3c3db17ab"},{"element-6066-11e4-a52e-4f735466cecf":"36fba6ba-1eaf-4508-94d3-42fafc3212a3"},{"element-6066-11e4-a52e-4f735466cecf":"dbb5923b-f59e-490c-a085-3bda160d0a39"},{"element-6066-11e4-a52e-4f735466cecf":"5e031589-878e-4be6-94d0-6745ee07eb74"},{"element-6066-11e4-a52e-4f735466cecf":"a5a75639-4364-47ff-bd5a-6055109adcb0"},{"element-6066-11e4-a52e-4f735466cecf":"8a6f692d-57d6-4333-94e2-a2dca01a1cd1"},{"element-6066-11e4-a52e-4f735466cecf":"49b41081-3c8a-4912-b932-db295c3b77a1"},{"element-6066-11e4-a52e-4f735466cecf":"07ecafb4-5845-4752-ab68-e6e5dff78187"},{"element-6066-11e4-a52e-4f735466cecf":"47e0cb2b-50ad-48b5-9867-858a0c32e44e"},{"element-6066-11e4-a52e-4f735466cecf":"c287a859-d323-4394-99df-31744eda75ac"},{"element-6066-11e4-a52e-4f735466cecf":"0a6daf0b-b2d2-4ba3-9c38-a140b9f77aa7"},{"element-6066-11e4-a52e-4f735466cecf":"7515b6dd-d117-413d-9e9a-4d9feb834f53"},{"element-6066-11e4-a52e-4f735466cecf":"bf35f042-4dc5-471f-a104-ee2a7b119ca0"},{"element-6066-11e4-a52e-4f735466cecf":"c55e887d-cf08-4034-b4df-71a8af18f5ce"},{"element-6066-11e4-a52e-4f735466cecf":"1e97d214-5482-4468-8093-4e7c7d19a846"},{"element-6066-11e4-a52e-4f735466cecf":"7e044812-fc27-4b65-9aa4-6cdbba8356af"},{"element-6066-11e4-a52e-4f735466cecf":"25dcf726-7ff5-4a2e-b64e-789ca0dbbc42"},{"element-6066-11e4-a52e-4f735466cecf":"faf92823-ee42-4689-b130-7d006438b1e7"},{"element-6066-11e4-a52e-4f735466cecf":"60657705-106d-4ab7-bd41-3f781f2d22c4"},{"element-6066-11e4-a52e-4f735466cecf":"6cc8162b-b8ab-4e01-aeb7-a757b1f9d4d5"},{"element-6066-11e4-a52e-4f735466cecf":"945f9eea-319b-471a-a4c6-2942f1bb930e"},{"element-6066-11e4-a52e-4f735466cecf":"08bda4f7-4ed2-42be-a756-ac8dd865cc3c"},{"element-6066-11e4-a52e-4f735466cecf":"5da0d7de-7930-4444-9d38-b58ab3cf40c9"},{"element-6066-11e4-a52e-4f735466cecf":"bb819273-8aa7-4c64-b795-dd7572f668ba"},{"element-6066-11e4-a52e-4f735466cecf":"1718436b-81b5-4824-9e6b-f2d8f06280e1"},{"element-6066-11e4-a52e-4f735466cecf":"e69b84b6-bac2-45ff-9bef-5068603d98dd"},{"element-6066-11e4-a52e-4f735466cecf":"21390e79-9521-431b-95f8-685948807ea9"},{"element-6066-11e4-a52e-4f735466cecf":"a047290f-5d76-4ceb-87da-7f94060a92bb"},{"element-6066-11e4-a52e-4f735466cecf":"9f551616-93f5-4de5-b9f5-97e9e4e71aaf"},{"element-6066-11e4-a52e-4f735466cecf":"00d032f8-758e-4fc0-977f-f856bbd8f0c6"},{"element-6066-11e4-a52e-4f735466cecf":"890d9a71-7fc9-4053-806b-d30f144e9e07"},{"element-6066-11e4-a52e-4f735466cecf":"8d18ac46-b774-4929-88a3-170577279782"},{"element-6066-11e4-a52e-4f735466cecf":"25727d72-b32a-46ec-b5e9-47afc8600f33"},{"element-6066-11e4-a52e-4f735466cecf":"cfcfb722-76ca-4fcc-a3ac-ff8196bd3471"},{"element-6066-11e4-a52e-4f735466cecf":"59e47ae8-6d3a-45e0-a8ec-38d0cca86fb6"},{"element-6066-11e4-a52e-4f735466cecf":"7cfb219a-409b-4c6d-af76-353119c52619"},{"element-6066-11e4-a52e-4f735466cecf":"dffa6a89-6b7a-4ab2-bcbb-d66b12531736"},{"element-6066-11e4-a52e-4f735466cecf":"17dbc6a9-46c1-4765-b3af-6d3677aa561d"},{"element-6066-11e4-a52e-4f735466cecf":"eceb67ab-c523-46cc-abe6-a03b785f3754"},{"element-6066-11e4-a52e-4f735466cecf":"a1c16eee-3200-4ea6-b18f-5ffe9550c4fe"},{"element-6066-11e4-a52e-4f735466cecf":"80be7498-251e-468f-8455-850320fab95c"},{"element-6066-11e4-a52e-4f735466cecf":"fc54aebe-fffa-42c5-a398-14c68b1e644c"},{"element-6066-11e4-a52e-4f735466cecf":"9101d065-2b63-4d7a-be43-2ba2a89fe293"},{"element-6066-11e4-a52e-4f735466cecf":"f6822aa0-bb11-434b-ab68-a4e9b15012ce"},{"element-6066-11e4-a52e-4f735466cecf":"3fe75b4a-15c6-4369-b3fa-c79ab770518e"},{"element-6066-11e4-a52e-4f735466cecf":"2c89c566-698b-4cf6-901b-5bb29918c7d7"},{"element-6066-11e4-a52e-4f735466cecf":"f0f970f7-b1d4-464e-bade-028bfc71239b"},{"element-6066-11e4-a52e-4f735466cecf":"5074275b-b184-4e13-818e-3fbc5a8e1e11"},{"element-6066-11e4-a52e-4f735466cecf":"6176393b-6803-46c3-8d95-0fe7809213ba"},{"element-6066-11e4-a52e-4f735466cecf":"33a35889-29b6-4250-bb15-5370713e63a6"},{"element-6066-11e4-a52e-4f735466cecf":"f362a735-0666-4876-abee-d09886cbcc93"},{"element-6066-11e4-a52e-4f735466cecf":"afeccc10-79b5-4948-a596-33ef542655a6"},{"element-6066-11e4-a52e-4f735466cecf":"6ae4301e-caed-4090-a0b0-f1ffe0afdbac"},{"element-6066-11e4-a52e-4f735466cecf":"d8af6829-2bfe-42d9-814e-08dfde8b8961"},{"element-6066-11e4-a52e-4f735466cecf":"d41e1253-63c2-4fa7-b39f-522532083146"},{"element-6066-11e4-a52e-4f735466cecf":"91359013-b3e5-4a05-b625-70b6a473e07f"},{"element-6066-11e4-a52e-4f735466cecf":"a6941a09-3235-475c-b849-f901b1adc1a2"},{"element-6066-11e4-a52e-4f735466cecf":"ea711e75-4d5e-4e03-8a80-d0645109f40e"},{"element-6066-11e4-a52e-4f735466cecf":"72e65bf2-3e16-4215-886c-8d5aa04cf5b1"},{"element-6066-11e4-a52e-4f735466cecf":"57a5a84c-18c0-4ab8-95be-f1f725083b1e"},{"element-6066-11e4-a52e-4f735466cecf":"a71390ec-1500-4409-9ba1-098541f3025a"},{"element-6066-11e4-a52e-4f735466cecf":"7cc2eff9-8792-4013-88a1-7a7f8338b162"},{"element-6066-11e4-a52e-4f735466cecf":"0a936536-5810-48d6-9f83-75a32f83d67c"},{"element-6066-11e4-a52e-4f735466cecf":"79447c53-822e-47c5-ad89-cf2c5dfc2432"},{"element-6066-11e4-a52e-4f735466cecf":"d9041037-a48a-45e5-bc13-42911d5d6a3f"},{"element-6066-11e4-a52e-4f735466cecf":"80a63205-2d6f-4fa1-8f42-cd56fa0e7303"},{"element-6066-11e4-a52e-4f735466cecf":"d9af595c-592f-49e8-9540-b689eb3fb250"},{"element-6066-11e4-a52e-4f735466cecf":"b1145cab-90e4-4a4a-90e2-33e407995fb0"},{"element-6066-11e4-a52e-4f735466cecf":"13684c9e-e6de-44f8-aad2-ad3819884533"},{"element-6066-11e4-a52e-4f735466cecf":"33c85812-19d2-47c0-be84-f02df48cda78"},{"element-6066-11e4-a52e-4f735466cecf":"c1f46311-1b09-41cf-9ee0-8ec79a2453fa"},{"element-6066-11e4-a52e-4f735466cecf":"4e1ebcc6-dd3f-48d7-a9be-603ac82926cd"},{"element-6066-11e4-a52e-4f735466cecf":"2c9209a5-a357-432e-b197-de3e1aaf8466"},{"element-6066-11e4-a52e-4f735466cecf":"3a4da430-8830-4a5f-8bfd-854cc756afc6"},{"element-6066-11e4-a52e-4f735466cecf":"818da6e1-41d4-453f-bc03-161a7824840e"},{"element-6066-11e4-a52e-4f735466cecf":"749f399b-c0c6-4f6b-bbd0-051c5105f3cc"},{"element-6066-11e4-a52e-4f735466cecf":"c2389b01-c33c-42f0-9029-767c530e76c3"},{"element-6066-11e4-a52e-4f735466cecf":"419566a7-1095-4d46-af6b-a06e12f0839b"},{"element-6066-11e4-a52e-4f735466cecf":"f996ecb9-6953-4ad5-a10c-555c03fcced2"},{"element-6066-11e4-a52e-4f735466cecf":"a92a9622-9b7f-42a4-8093-0c1c5e828f6b"},{"element-6066-11e4-a52e-4f735466cecf":"6952a94c-3ed8-48a6-acc1-620def965183"},{"element-6066-11e4-a52e-4f735466cecf":"c6fd3cd9-4a3e-490c-bc8e-aa905677b469"},{"element-6066-11e4-a52e-4f735466cecf":"04868a7a-898b-49fa-9389-2c699bbc71cb"},{"element-6066-11e4-a52e-4f735466cecf":"df580591-8258-4ab8-b223-85fec5538c5d"},{"element-6066-11e4-a52e-4f735466cecf":"187e4f5c-d215-4097-bb6a-fe40ceaa6bd8"},{"element-6066-11e4-a52e-4f735466cecf":"ffda7d5d-0823-42b3-906f-7cef4d74b857"},{"element-6066-11e4-a52e-4f735466cecf":"46806253-9f15-4640-985e-b3d64d12f25b"},{"element-6066-11e4-a52e-4f735466cecf":"2a1a61f8-9057-4c95-8df9-6039cd3bf62c"},{"element-6066-11e4-a52e-4f735466cecf":"13dc9256-ac91-4245-969d-365146c3871a"},{"element-6066-11e4-a52e-4f735466cecf":"0cc07346-a4b3-4c4c-9b7d-822db43ea21b"},{"element-6066-11e4-a52e-4f735466cecf":"95d7d5e1-c826-4111-8701-021aed1709f1"},{"element-6066-11e4-a52e-4f735466cecf":"259ebd62-0e67-40b6-92ae-eaba3f30d95e"},{"element-6066-11e4-a52e-4f735466cecf":"45fd3d6a-996c-45f5-af97-80a91944e40f"},{"element-6066-11e4-a52e-4f735466cecf":"d83fb3ba-af5a-4726-97ba-2f1e22d0defe"},{"element-6066-11e4-a52e-4f735466cecf":"079e825f-2249-4cf7-a994-f1821efea137"},{"element-6066-11e4-a52e-4f735466cecf":"2aae97c7-2bfb-437b-9f54-532d91cfb866"},{"element-6066-11e4-a52e-4f735466cecf":"556eb325-8587-4d18-b9ad-aecea751d9a6"},{"element-6066-11e4-a52e-4f735466cecf":"30c439be-7ec7-4ec6-8297-8eb30da66349"},{"element-6066-11e4-a52e-4f735466cecf":"4005441a-6645-40fd-acc5-43c7ec853e26"},{"element-6066-11e4-a52e-4f735466cecf":"d0dbdb19-9227-45b8-bbb0-fe6c4144e2b1"},{"element-6066-11e4-a52e-4f735466cecf":"dba0b99f-0865-471c-b66b-0fd1900a8038"},{"element-6066-11e4-a52e-4f735466cecf":"5f2e53c1-438d-45a1-bf60-28035ad288c2"},{"element-6066-11e4-a52e-4f735466cecf":"13a022bc-4d25-40e4-ad6e-49ab0ab7b350"},{"element-6066-11e4-a52e-4f735466cecf":"5428cc34-9243-46e8-9a40-bc342b06bd50"},{"element-6066-11e4-a52e-4f735466cecf":"87ef8bad-00fc-4bd1-887a-e693cd6e81bc"},{"element-6066-11e4-a52e-4f735466cecf":"62c10513-0806-4492-916f-b7b166fee423"},{"element-6066-11e4-a52e-4f735466cecf":"b05a4d02-e4a4-4c0c-ba26-b3abc17c2e8f"},{"element-6066-11e4-a52e-4f735466cecf":"712f285e-d54c-4cf2-b455-ff7eb2f94bd1"},{"element-6066-11e4-a52e-4f735466cecf":"1403a01d-d84a-485a-a6a6-095f055c4883"},{"element-6066-11e4-a52e-4f735466cecf":"4fbc5538-cb96-4891-a315-fbb1d9a916ed"},{"element-6066-11e4-a52e-4f735466cecf":"1139dac3-01c7-4289-8f3a-7f96224166e2"},{"element-6066-11e4-a52e-4f735466cecf":"f6c5eea6-6ee9-42b5-acb9-33d3a72c5d6a"},{"element-6066-11e4-a52e-4f735466cecf":"2eb8d274-61c4-465e-99d3-f4ef6af1bfad"},{"element-6066-11e4-a52e-4f735466cecf":"3e5fef97-70ca-4179-b528-8258a8eac5d0"},{"element-6066-11e4-a52e-4f735466cecf":"c620b68d-d2a7-4901-b508-7a173bc40425"},{"element-6066-11e4-a52e-4f735466cecf":"fb907447-a770-4f7b-8cc7-b829e3ca1c7f"},{"element-6066-11e4-a52e-4f735466cecf":"523bd944-8392-4c74-b290-b7fcc9ca7aca"},{"element-6066-11e4-a52e-4f735466cecf":"88e8868a-ae3b-493f-b3e3-0b5bc523857b"},{"element-6066-11e4-a52e-4f735466cecf":"07b99073-c142-4a04-bf36-054765d0c24b"},{"element-6066-11e4-a52e-4f735466cecf":"d2fa99f2-c466-40ff-88f6-1d4112385caf"},{"element-6066-11e4-a52e-4f735466cecf":"8df8081a-d811-4042-b38a-03e5459e8d87"},{"element-6066-11e4-a52e-4f735466cecf":"e2bc1b7b-3eb9-4455-943d-ccc1b948559d"},{"element-6066-11e4-a52e-4f735466cecf":"31fb71c5-8739-4537-a326-76c1fedad6e3"},{"element-6066-11e4-a52e-4f735466cecf":"be9b353a-c4eb-4c74-b9e7-d43509e17437"},{"element-6066-11e4-a52e-4f735466cecf":"a1a480bf-1cc4-4a75-8f2a-a51d58124074"},{"element-6066-11e4-a52e-4f735466cecf":"474c6ef6-bc22-440d-b36f-cff814345ed6"},{"element-6066-11e4-a52e-4f735466cecf":"af549ca0-21fe-467c-affa-1ffa4657cbc1"},{"element-6066-11e4-a52e-4f735466cecf":"a16e355f-486d-4654-bf5f-6fc92a7ae864"},{"element-6066-11e4-a52e-4f735466cecf":"3d82af26-b46f-4a91-829a-f40e71d33060"},{"element-6066-11e4-a52e-4f735466cecf":"6365c2be-74e8-45a0-9668-ba48e2f1cdc0"},{"element-6066-11e4-a52e-4f735466cecf":"12c20d1a-60f8-41b7-956c-846fd2241668"},{"element-6066-11e4-a52e-4f735466cecf":"60c97af2-3689-4b9e-87c3-a5a35a9c38c3"},{"element-6066-11e4-a52e-4f735466cecf":"e25316eb-0955-489d-ad78-4f1f7cd4d4e6"},{"element-6066-11e4-a52e-4f735466cecf":"63f7297a-e5b0-49b9-9409-b9ec7e7c057a"},{"element-6066-11e4-a52e-4f735466cecf":"3f49ee4f-80f4-456f-933f-d44cd46c421d"},{"element-6066-11e4-a52e-4f735466cecf":"dffa6f9d-86cc-4ad6-bf3b-1fb42e926849"},{"element-6066-11e4-a52e-4f735466cecf":"93220af1-f5c2-494c-b18a-9aa18a72a162"},{"element-6066-11e4-a52e-4f735466cecf":"72440b07-7065-45d1-bc34-b1996468db6d"},{"element-6066-11e4-a52e-4f735466cecf":"a2b00f36-e512-4b69-8a96-ff0946396b0c"},{"element-6066-11e4-a52e-4f735466cecf":"bba8d80c-7bba-4d42-83d8-a3544915050c"},{"element-6066-11e4-a52e-4f735466cecf":"3af53249-508c-4d38-b742-bf50b27ada5c"},{"element-6066-11e4-a52e-4f735466cecf":"2b68f7ab-131d-4492-90d4-ef88c535ef0f"},{"element-6066-11e4-a52e-4f735466cecf":"65bdb44f-c445-43f7-a5e5-7e67c43a9270"},{"element-6066-11e4-a52e-4f735466cecf":"004a5787-c696-49c2-a2cb-49ad15330925"},{"element-6066-11e4-a52e-4f735466cecf":"efbd57e9-2ce7-44bd-9aec-e161a9ce3f97"},{"element-6066-11e4-a52e-4f735466cecf":"3818536b-56d3-43f2-b1eb-fcd80e40e89a"},{"element-6066-11e4-a52e-4f735466cecf":"ccd2dfac-e6e2-4b6f-971f-ba0d675dfd45"},{"element-6066-11e4-a52e-4f735466cecf":"c07dd260-2930-4736-8daa-caeadfddc4f9"},{"element-6066-11e4-a52e-4f735466cecf":"0975dde1-8a16-4b75-877a-4fccb5d07905"},{"element-6066-11e4-a52e-4f735466cecf":"9dbbf126-2b5d-45fb-9a7d-d1b34c3d059d"},{"element-6066-11e4-a52e-4f735466cecf":"1fdf0d23-4ef9-4c3e-aa67-f17e395485bb"},{"element-6066-11e4-a52e-4f735466cecf":"6e1d744f-2a3b-4ee1-a382-682ab8937e73"},{"element-6066-11e4-a52e-4f735466cecf":"590ac6b4-c118-46e0-bd8d-322716666c41"},{"element-6066-11e4-a52e-4f735466cecf":"e1995fda-b9d7-4024-a218-f40966b9f1e5"},{"element-6066-11e4-a52e-4f735466cecf":"42fddbc6-cfe9-42d0-b0b1-6ed2253a8102"},{"element-6066-11e4-a52e-4f735466cecf":"737ac42f-d13a-4267-93f6-94bd5f256b50"},{"element-6066-11e4-a52e-4f735466cecf":"1bb365e1-f446-4e9e-8d88-341c680c1247"},{"element-6066-11e4-a52e-4f735466cecf":"7cf4bfae-8af9-4e7d-b7a8-6ee39fdcf0b4"},{"element-6066-11e4-a52e-4f735466cecf":"ebe83072-a3a0-4f21-9c1d-dec36825279c"},{"element-6066-11e4-a52e-4f735466cecf":"2a31bf38-aea5-4199-a359-eb1af9f43e09"},{"element-6066-11e4-a52e-4f735466cecf":"a06e19e9-c8e2-48b7-926a-7bcb3edc5d96"},{"element-6066-11e4-a52e-4f735466cecf":"2d5fab2b-a14c-4537-87ea-41b00f7f0400"},{"element-6066-11e4-a52e-4f735466cecf":"b1920fd2-2a74-481b-bdb5-b2f737c8198c"},{"element-6066-11e4-a52e-4f735466cecf":"d5550df9-37ca-4e7e-b228-acdff23d54fb"},{"element-6066-11e4-a52e-4f735466cecf":"b83e4a9f-145e-42b5-a843-3c3d7e4f3006"},{"element-6066-11e4-a52e-4f735466cecf":"1a603a76-4056-4ced-8758-a9b5310f86f8"},{"element-6066-11e4-a52e-4f735466cecf":"e12b980a-de59-452a-aac0-77323471553e"},{"element-6066-11e4-a52e-4f735466cecf":"c927af41-829c-4bc6-a752-e0724328d1b0"},{"element-6066-11e4-a52e-4f735466cecf":"5fbd5135-92b9-4882-b532-595bcd9ad15b"},{"element-6066-11e4-a52e-4f735466cecf":"d892850a-e3e1-4104-bc18-b1a1b0cf3414"},{"element-6066-11e4-a52e-4f735466cecf":"44b08630-65a4-4d15-a558-d1ee172f623b"},{"element-6066-11e4-a52e-4f735466cecf":"fda67b68-342a-4541-9c18-e90b73959e3a"},{"element-6066-11e4-a52e-4f735466cecf":"acea23f5-629d-4734-a869-191b28ab0f32"},{"element-6066-11e4-a52e-4f735466cecf":"b77d4d56-0176-4f27-ad48-ff7d2332bff8"},{"element-6066-11e4-a52e-4f735466cecf":"a7edad9b-f7e7-446e-a01b-c810857a6a87"},{"element-6066-11e4-a52e-4f735466cecf":"4f2338c2-acf1-4063-b3d1-e6df0f8ed778"},{"element-6066-11e4-a52e-4f735466cecf":"58383c8b-7946-4532-b20b-bf3f79db64ea"},{"element-6066-11e4-a52e-4f735466cecf":"b5dbd5b4-386e-47f1-9de6-f11c527418e8"},{"element-6066-11e4-a52e-4f735466cecf":"7a35c259-c891-408f-b8a7-f5f8ad8e39f2"},{"element-6066-11e4-a52e-4f735466cecf":"48d3d796-d16e-43fc-b2c9-7d5fd1863dea"},{"element-6066-11e4-a52e-4f735466cecf":"08213243-b3c4-4dc7-8d29-b123f367dd58"},{"element-6066-11e4-a52e-4f735466cecf":"0ea0e822-f6b4-45f7-96b5-f47ef062e522"},{"element-6066-11e4-a52e-4f735466cecf":"8466c239-ef72-4ec6-b084-171d8d186a4f"},{"element-6066-11e4-a52e-4f735466cecf":"bcb02b29-3b73-4be9-8d3a-1703e289f452"},{"element-6066-11e4-a52e-4f735466cecf":"3b6a36ad-8aa2-4b37-bce0-c624b842db73"},{"element-6066-11e4-a52e-4f735466cecf":"333af8c5-f169-4266-99f3-0613db985da5"},{"element-6066-11e4-a52e-4f735466cecf":"55d2cb61-8fcd-40a7-87d1-b1199d3a4ce0"},{"element-6066-11e4-a52e-4f735466cecf":"121bfdd3-c759-4950-af8f-3412cb58f9fe"},{"element-6066-11e4-a52e-4f735466cecf":"159ca490-a1f3-45b1-b93a-80241dcc1fe2"},{"element-6066-11e4-a52e-4f735466cecf":"1ca3c164-e62b-4c76-8674-3989fd60bb8f"},{"element-6066-11e4-a52e-4f735466cecf":"4e944a8c-9660-4ca8-9450-e92fe4c46adb"},{"element-6066-11e4-a52e-4f735466cecf":"1e1ca22c-42a4-45f7-be6f-3d4aa59803fb"},{"element-6066-11e4-a52e-4f735466cecf":"163edf2d-6b95-4438-86aa-a91e555907dd"},{"element-6066-11e4-a52e-4f735466cecf":"fe6a5efe-30d3-4f6c-8aed-be3ad5d68f76"},{"element-6066-11e4-a52e-4f735466cecf":"db3725bf-7e16-4e6d-b037-f9e16dbc2bc6"},{"element-6066-11e4-a52e-4f735466cecf":"d2c69481-f05b-473d-a5c3-0a7c8de31e93"},{"element-6066-11e4-a52e-4f735466cecf":"23c33693-31da-4292-8a77-6926a87535ae"},{"element-6066-11e4-a52e-4f735466cecf":"dbe4240a-68e2-47db-ad24-e385a7d98439"},{"element-6066-11e4-a52e-4f735466cecf":"77b319c5-4e1f-4b2c-8c49-b0b456d1eb9c"},{"element-6066-11e4-a52e-4f735466cecf":"87e5eeb0-f147-40cd-be00-2512245cd489"},{"element-6066-11e4-a52e-4f735466cecf":"e90a0326-402d-443f-bc80-86fa90fdda88"},{"element-6066-11e4-a52e-4f735466cecf":"09a5cf6b-e32c-429f-b345-a5319be0966f"},{"element-6066-11e4-a52e-4f735466cecf":"bf6998b9-d440-4874-9036-b5ae1b5e1080"},{"element-6066-11e4-a52e-4f735466cecf":"06061f70-e48d-495d-84a2-7b5465825783"},{"element-6066-11e4-a52e-4f735466cecf":"7916efd2-fbe2-4278-89b8-af0767f83fab"},{"element-6066-11e4-a52e-4f735466cecf":"b603ed56-49dc-4c17-ac6c-e1baa8ec8dfa"},{"element-6066-11e4-a52e-4f735466cecf":"3663a225-e71c-45f7-8902-48d5a6515a42"},{"element-6066-11e4-a52e-4f735466cecf":"b21b089e-a56f-4b0d-bf62-a2d628742a35"},{"element-6066-11e4-a52e-4f735466cecf":"1d4f030d-f0b0-430f-9380-6334569cf43c"},{"element-6066-11e4-a52e-4f735466cecf":"af186fe9-c4a5-473d-8dd7-869913d20b46"},{"element-6066-11e4-a52e-4f735466cecf":"0b8a61a0-b2f5-45c5-b909-26764e2fb77c"},{"element-6066-11e4-a52e-4f735466cecf":"16260673-5c7d-4d77-8964-2a24acc4bd5f"},{"element-6066-11e4-a52e-4f735466cecf":"22c29c60-f979-4cd7-a5d9-3f1b46bfdaae"},{"element-6066-11e4-a52e-4f735466cecf":"b1252a62-41ab-409a-a8be-4dac39b1a77e"},{"element-6066-11e4-a52e-4f735466cecf":"81d7ea8e-4a41-474f-a151-a90a202f0c6d"},{"element-6066-11e4-a52e-4f735466cecf":"e4c98dfd-8553-43e4-b640-412351d73025"},{"element-6066-11e4-a52e-4f735466cecf":"ded75aec-ad8e-4d96-9e57-2ac78bbfc6a0"},{"element-6066-11e4-a52e-4f735466cecf":"fe53a236-303e-457b-8a40-3e7a14d5d6d4"},{"element-6066-11e4-a52e-4f735466cecf":"7abc5e9b-734c-4820-9bda-b5363cc986bb"},{"element-6066-11e4-a52e-4f735466cecf":"d3828833-8a46-403e-b624-4e68da55da18"},{"element-6066-11e4-a52e-4f735466cecf":"a2cf4f54-4500-4f8f-b233-822cb478c66c"},{"element-6066-11e4-a52e-4f735466cecf":"95b79ba0-26ad-4499-bf74-b48932bd2a94"},{"element-6066-11e4-a52e-4f735466cecf":"1400237c-1004-427e-ac6e-a316968a8e65"},{"element-6066-11e4-a52e-4f735466cecf":"e0763c15-ae03-4003-9ab4-0db035bbe4dd"},{"element-6066-11e4-a52e-4f735466cecf":"df3a01d8-809f-49ce-9a5e-862375208b15"},{"element-6066-11e4-a52e-4f735466cecf":"3432aa6a-4c4b-4ae3-9a68-b5cdb4829a69"},{"element-6066-11e4-a52e-4f735466cecf":"0b3f3f3f-9d0d-4b90-b5d1-9dd14d4ed848"},{"element-6066-11e4-a52e-4f735466cecf":"c8733f10-e867-4257-a4b1-6ae1025b8206"},{"element-6066-11e4-a52e-4f735466cecf":"962e3efb-f641-421f-8802-bdc096a4b533"},{"element-6066-11e4-a52e-4f735466cecf":"86c02759-7720-43f3-bec0-96a2aab80b11"},{"element-6066-11e4-a52e-4f735466cecf":"a8384c65-766e-44bb-bd23-bd0cc31c9204"},{"element-6066-11e4-a52e-4f735466cecf":"2f1a2a48-ab3c-4db5-b6ac-963541f86b63"},{"element-6066-11e4-a52e-4f735466cecf":"6f6d9780-0e25-4c9e-aa71-8788ea90ede6"},{"element-6066-11e4-a52e-4f735466cecf":"6e704888-5167-487f-b8d5-b3e2a540e57b"},{"element-6066-11e4-a52e-4f735466cecf":"de63fce9-15e9-4785-bd89-17156601608f"},{"element-6066-11e4-a52e-4f735466cecf":"cd4dcf02-820b-49de-bce6-51b2a06f0bff"},{"element-6066-11e4-a52e-4f735466cecf":"a01a7fa0-e899-442f-a326-884e756cfa3a"},{"element-6066-11e4-a52e-4f735466cecf":"668d722d-2195-41b4-a72c-36ce0cde3043"},{"element-6066-11e4-a52e-4f735466cecf":"74530547-0be8-4072-94d6-01691988a75c"},{"element-6066-11e4-a52e-4f735466cecf":"07494864-6927-404b-b3aa-e657a05bc1a4"},{"element-6066-11e4-a52e-4f735466cecf":"8bf03860-f556-4dec-8984-5624f9b26b8d"},{"element-6066-11e4-a52e-4f735466cecf":"7b501137-94db-472f-90f3-c925c4c45329"},{"element-6066-11e4-a52e-4f735466cecf":"b36eccfd-0de5-4b4d-97df-145c007504a1"},{"element-6066-11e4-a52e-4f735466cecf":"88b5dfb1-49ab-4443-b3a3-e1e1e0dfe8b3"},{"element-6066-11e4-a52e-4f735466cecf":"67dcfbfe-2119-48cc-838c-3f2be981dd97"},{"element-6066-11e4-a52e-4f735466cecf":"b4e67210-1d54-47f1-bf87-9e75c3a0f62d"},{"element-6066-11e4-a52e-4f735466cecf":"d936f49a-6563-4385-a06b-f720b6f18320"},{"element-6066-11e4-a52e-4f735466cecf":"80f96ff4-b4d6-4d99-9cfe-cfdd891f3ed7"},{"element-6066-11e4-a52e-4f735466cecf":"41f09073-1fdb-4d4d-8a7b-959c817df61f"},{"element-6066-11e4-a52e-4f735466cecf":"8139b404-3a0f-4f73-ab2c-3abeb1255504"},{"element-6066-11e4-a52e-4f735466cecf":"833d9872-8842-4f73-9730-9d68ab78525b"},{"element-6066-11e4-a52e-4f735466cecf":"b4bb93c7-9f91-40b3-94a4-3e82a03f0dcb"},{"element-6066-11e4-a52e-4f735466cecf":"765fda2c-968c-4ab3-8ff3-db98bfbc651d"},{"element-6066-11e4-a52e-4f735466cecf":"c09c8b04-8aef-452c-97d3-0dbda5827dc2"},{"element-6066-11e4-a52e-4f735466cecf":"137aa2b4-4046-4c99-ac64-6f6f45e47d87"},{"element-6066-11e4-a52e-4f735466cecf":"a6ab8d15-afab-43cf-943f-9199b552801d"},{"element-6066-11e4-a52e-4f735466cecf":"4aae6d36-6ae1-4862-92d8-52daf91c88f1"},{"element-6066-11e4-a52e-4f735466cecf":"029bc68e-10aa-44be-842a-68a8706a50aa"},{"element-6066-11e4-a52e-4f735466cecf":"f1d140f6-d203-4d1d-83e9-4e01bcb4d265"},{"element-6066-11e4-a52e-4f735466cecf":"cb2585de-612b-436b-b84f-589e465cd972"},{"element-6066-11e4-a52e-4f735466cecf":"1290c11e-561d-4d6f-878e-1a37cd943dfb"},{"element-6066-11e4-a52e-4f735466cecf":"7668946e-6d0a-4db0-ad69-47c0b657bd1b"},{"element-6066-11e4-a52e-4f735466cecf":"562e4f4c-5658-4c7d-90af-36f16396e051"},{"element-6066-11e4-a52e-4f735466cecf":"0524c5db-2554-41fa-9fbe-0ed8e3a91d75"},{"element-6066-11e4-a52e-4f735466cecf":"56310cb9-454c-4808-9ec1-698beb5190a8"},{"element-6066-11e4-a52e-4f735466cecf":"ae5238ec-6ff7-439a-a294-48fc70ad81dc"},{"element-6066-11e4-a52e-4f735466cecf":"941cae02-5df4-4d9c-9c59-f828fd50add6"},{"element-6066-11e4-a52e-4f735466cecf":"022db740-ed6d-4db0-910e-ae216f01a89e"},{"element-6066-11e4-a52e-4f735466cecf":"57bbe97d-e162-4d4b-91e2-2f69962fa3f7"},{"element-6066-11e4-a52e-4f735466cecf":"fdfc2035-7669-4670-a3f7-cc3aeca5f273"},{"element-6066-11e4-a52e-4f735466cecf":"55f4c72b-16e3-4fcd-959a-bc73322719cc"},{"element-6066-11e4-a52e-4f735466cecf":"44625554-b63a-488e-ad73-1410374e29c0"},{"element-6066-11e4-a52e-4f735466cecf":"77023476-42e5-44bc-8395-3f50f4eb2c77"},{"element-6066-11e4-a52e-4f735466cecf":"1f5032a3-9768-4070-844c-7bde8687011f"},{"element-6066-11e4-a52e-4f735466cecf":"43dabc74-353f-4494-a92e-768677b45e68"},{"element-6066-11e4-a52e-4f735466cecf":"ef7cf12c-34c2-4aa1-9437-956cf9e27f20"},{"element-6066-11e4-a52e-4f735466cecf":"ae9a2625-6139-4ffc-9801-3abf287588ef"},{"element-6066-11e4-a52e-4f735466cecf":"48dbbdf2-4430-4983-9b8a-1b6051165c85"},{"element-6066-11e4-a52e-4f735466cecf":"991df812-75cc-4109-96a2-3655e527a6db"},{"element-6066-11e4-a52e-4f735466cecf":"32c24f34-430f-4a48-8314-4420c646f182"},{"element-6066-11e4-a52e-4f735466cecf":"37c7d377-f316-4125-9a3a-6f9920e8b0b9"},{"element-6066-11e4-a52e-4f735466cecf":"c3771f76-e856-4109-8aad-896090605421"},{"element-6066-11e4-a52e-4f735466cecf":"b791ff31-2a66-4850-b830-631c4f437f5f"},{"element-6066-11e4-a52e-4f735466cecf":"6e949175-3b25-4d8e-be71-f1ce5478f8c9"},{"element-6066-11e4-a52e-4f735466cecf":"cd2f0db9-f0ba-4a08-80e5-0b06d9709c07"},{"element-6066-11e4-a52e-4f735466cecf":"1bb31de4-f4a4-4fab-973f-51572c89aa0d"},{"element-6066-11e4-a52e-4f735466cecf":"b995e166-14cd-40cf-9ff7-585f88eef709"},{"element-6066-11e4-a52e-4f735466cecf":"8ab3b985-abb8-4443-a8b2-fc9af5d8e4c4"},{"element-6066-11e4-a52e-4f735466cecf":"c1fc0649-132f-4177-9687-bc8d5fe1677f"},{"element-6066-11e4-a52e-4f735466cecf":"279a4b71-0d47-4628-904e-ac2c4bb57354"},{"element-6066-11e4-a52e-4f735466cecf":"7dc2dab5-c9f9-48ac-bf35-44fd49c24d8f"},{"element-6066-11e4-a52e-4f735466cecf":"85d46092-be9b-4e79-a487-5f76ff62b9c4"},{"element-6066-11e4-a52e-4f735466cecf":"224e6114-ce23-4e5e-9510-6f06be0a8f6d"},{"element-6066-11e4-a52e-4f735466cecf":"47451b8a-3a9d-4691-aa48-503c9b6b781a"},{"element-6066-11e4-a52e-4f735466cecf":"9383f2fa-2fd2-444d-9b69-7b89bdb7969a"},{"element-6066-11e4-a52e-4f735466cecf":"5ee11208-0dc9-4f44-899f-d01922ac4588"},{"element-6066-11e4-a52e-4f735466cecf":"c655341e-26c1-4f40-8ec4-23a41ee02658"},{"element-6066-11e4-a52e-4f735466cecf":"d6cc21f1-2df0-4282-b4e1-4ff55e6c12d6"},{"element-6066-11e4-a52e-4f735466cecf":"b13b1a33-e90d-401d-8326-f2ff06de56d3"},{"element-6066-11e4-a52e-4f735466cecf":"babce89f-98ee-4074-a06a-e126a6bff38b"},{"element-6066-11e4-a52e-4f735466cecf":"1dedf98f-8430-4b67-9783-42bed8d389f6"},{"element-6066-11e4-a52e-4f735466cecf":"a3794471-9a22-47c4-a1a1-62f4d8b4ef4f"},{"element-6066-11e4-a52e-4f735466cecf":"e98a8739-1763-4416-9812-bc77dbe236e9"},{"element-6066-11e4-a52e-4f735466cecf":"9620375c-277f-4a9d-a2c5-93d7b304b4d0"},{"element-6066-11e4-a52e-4f735466cecf":"83b1c2b4-e9ff-4d9a-8687-9b8c6811abdf"},{"element-6066-11e4-a52e-4f735466cecf":"ffb7e2f5-af41-43eb-8ff6-4d2799136e86"},{"element-6066-11e4-a52e-4f735466cecf":"79154cdb-5c00-4449-b9d0-f023803a5f22"},{"element-6066-11e4-a52e-4f735466cecf":"d8d0a590-0d60-4c9a-b233-dce495032f74"},{"element-6066-11e4-a52e-4f735466cecf":"0c0526f0-6ab1-464a-a07d-4e019b816c5b"},{"element-6066-11e4-a52e-4f735466cecf":"0a564a70-d466-48aa-b5cd-3272367db391"},{"element-6066-11e4-a52e-4f735466cecf":"3f4a9af0-8876-4223-8f31-e51451e27ac0"},{"element-6066-11e4-a52e-4f735466cecf":"4d81b078-f82e-4835-a1f1-941590d0a8dd"},{"element-6066-11e4-a52e-4f735466cecf":"d6fd1898-4201-443b-9072-466b16e1404d"},{"element-6066-11e4-a52e-4f735466cecf":"3a65250b-cec5-4c8d-a0d6-bbdddebaac05"},{"element-6066-11e4-a52e-4f735466cecf":"ea8ee15f-640e-4891-a29e-d3621dd4f018"},{"element-6066-11e4-a52e-4f735466cecf":"781c06a9-bea5-4ab7-8d4c-01594eefb98f"},{"element-6066-11e4-a52e-4f735466cecf":"13225d34-a810-48f6-ac2b-38455dc454e1"},{"element-6066-11e4-a52e-4f735466cecf":"4d0e95d1-e25b-4cdd-8714-683b2c9e2e1d"},{"element-6066-11e4-a52e-4f735466cecf":"1ad175cd-f5b7-4530-a678-686b0e04e475"},{"element-6066-11e4-a52e-4f735466cecf":"655efac2-57fe-4d2f-91d0-a58831c427c5"},{"element-6066-11e4-a52e-4f735466cecf":"5eba13df-6ed2-4121-b594-b34d17794843"},{"element-6066-11e4-a52e-4f735466cecf":"b7380d1a-4d2b-431a-8cc4-b226c79d4228"},{"element-6066-11e4-a52e-4f735466cecf":"338454ec-ed96-4374-b1dc-d733025aec09"},{"element-6066-11e4-a52e-4f735466cecf":"c5bd7a41-3d28-4d96-bbf3-2aaf58da7adf"},{"element-6066-11e4-a52e-4f735466cecf":"8cee49e6-9cf4-4cc6-b7ef-611800a18cf7"},{"element-6066-11e4-a52e-4f735466cecf":"c1890a51-de72-4fa7-aa39-7e2f9bc82ce8"},{"element-6066-11e4-a52e-4f735466cecf":"7aec39e3-c970-48b9-92b5-abae9e322a45"},{"element-6066-11e4-a52e-4f735466cecf":"41a1b038-4a39-4dfa-aaf7-acd3b30d2321"},{"element-6066-11e4-a52e-4f735466cecf":"883bf604-15d2-425e-a8e8-cd9ae66f9f9d"},{"element-6066-11e4-a52e-4f735466cecf":"839340b5-288c-42c8-8f12-ee6ab992ba83"},{"element-6066-11e4-a52e-4f735466cecf":"b70c478d-d2cc-4609-8260-482751c315dd"},{"element-6066-11e4-a52e-4f735466cecf":"e1910498-4ba1-4f8d-b15c-47b6eb40fc8e"},{"element-6066-11e4-a52e-4f735466cecf":"57f93407-0cfb-4ee6-9dc8-b3bf1769cf1e"},{"element-6066-11e4-a52e-4f735466cecf":"99431db4-c166-44b3-92bc-8fcdad531e9b"},{"element-6066-11e4-a52e-4f735466cecf":"85f4f6af-beaf-44a5-9b26-14a1d4e969b8"},{"element-6066-11e4-a52e-4f735466cecf":"ff400953-c564-449c-bc62-c02f720f08ef"},{"element-6066-11e4-a52e-4f735466cecf":"5cc4a7fb-5cad-4c77-a525-8c6150081f08"},{"element-6066-11e4-a52e-4f735466cecf":"d1790027-a96c-4995-8af5-c6022210565d"},{"element-6066-11e4-a52e-4f735466cecf":"68acf3e2-0e0f-4df2-91cf-27aa77be82f7"},{"element-6066-11e4-a52e-4f735466cecf":"9d912722-f020-4218-90b0-c4068d19e1c6"},{"element-6066-11e4-a52e-4f735466cecf":"be80b351-ef6d-4838-8d81-82f44dce386e"},{"element-6066-11e4-a52e-4f735466cecf":"52e083f2-41c9-4836-a0c2-9e322383bf20"},{"element-6066-11e4-a52e-4f735466cecf":"1a5886e3-1743-4d71-bc34-7d59203011e8"},{"element-6066-11e4-a52e-4f735466cecf":"19e41dcc-07d5-41d9-ab90-f16a870a95e4"},{"element-6066-11e4-a52e-4f735466cecf":"b0111a57-7433-4022-a8f9-8200bb821e48"},{"element-6066-11e4-a52e-4f735466cecf":"cc1a42d8-20d4-432d-8157-495975cf2b04"},{"element-6066-11e4-a52e-4f735466cecf":"b9d54a08-0492-4fbf-ac10-c917e9eca1e8"},{"element-6066-11e4-a52e-4f735466cecf":"020e0fed-1b16-425c-b942-54f4064e2f26"},{"element-6066-11e4-a52e-4f735466cecf":"c67a249e-a778-493d-b1c0-d526154b4783"},{"element-6066-11e4-a52e-4f735466cecf":"90a0c615-bca4-40bf-a110-6e7f7c95e414"},{"element-6066-11e4-a52e-4f735466cecf":"4a709986-073b-4c9c-91cb-07564edb484f"},{"element-6066-11e4-a52e-4f735466cecf":"7143f7f5-2666-4ceb-bc9e-a5cd3dafc733"},{"element-6066-11e4-a52e-4f735466cecf":"8731a18c-01ee-4ccb-8e6f-39ce07306c0e"},{"element-6066-11e4-a52e-4f735466cecf":"c827f6bc-370f-4326-9a27-b8a388a1240c"},{"element-6066-11e4-a52e-4f735466cecf":"a93bc8e3-ff91-48a2-b2c4-2c8eb6d99e0d"},{"element-6066-11e4-a52e-4f735466cecf":"56465886-f05a-48bf-b9cf-f9d7c3301112"},{"element-6066-11e4-a52e-4f735466cecf":"f0404f05-5973-4789-8e61-aebf97647c5c"},{"element-6066-11e4-a52e-4f735466cecf":"1bb06417-e9dd-436a-99fc-7212d51dd08a"},{"element-6066-11e4-a52e-4f735466cecf":"c18b1456-c689-4348-9257-a3c05a2c88be"},{"element-6066-11e4-a52e-4f735466cecf":"0e9431f0-138d-48fc-8429-7be105240705"},{"element-6066-11e4-a52e-4f735466cecf":"5d8fa7c0-610a-4c7f-b3aa-60c437237afd"},{"element-6066-11e4-a52e-4f735466cecf":"b3c73095-bc5c-4a92-875d-eead48e66e8d"},{"element-6066-11e4-a52e-4f735466cecf":"37d16b3d-0fe4-4d74-8c59-0ddcb0cbef43"},{"element-6066-11e4-a52e-4f735466cecf":"5a370dc8-bdcb-44f9-8dfd-8236cecb92f5"},{"element-6066-11e4-a52e-4f735466cecf":"bd66869e-56c8-420b-81e2-a0b93c75c291"},{"element-6066-11e4-a52e-4f735466cecf":"34e92d2d-43fa-442c-b25a-056387bedf1e"},{"element-6066-11e4-a52e-4f735466cecf":"272c9574-c4d5-4b72-a45f-1fe9c0f2131f"},{"element-6066-11e4-a52e-4f735466cecf":"1d19dd4a-f67f-4528-93dd-44ad0931acb5"},{"element-6066-11e4-a52e-4f735466cecf":"0cd87750-1c2d-45e2-bcdf-3167faa803ff"},{"element-6066-11e4-a52e-4f735466cecf":"b92b7d66-d20f-41cd-a1ec-54c23dff57ef"},{"element-6066-11e4-a52e-4f735466cecf":"768869d0-6951-4efa-b260-5257f6cc2246"},{"element-6066-11e4-a52e-4f735466cecf":"91690612-5d0d-4613-9c17-d0d1323aee7d"},{"element-6066-11e4-a52e-4f735466cecf":"34382de9-af14-4a20-96a6-7c89cdf93587"},{"element-6066-11e4-a52e-4f735466cecf":"6426bfe2-fc73-441b-82a3-b79a9a76dad6"},{"element-6066-11e4-a52e-4f735466cecf":"4424c20f-1b34-47e0-9329-d527dd7de624"},{"element-6066-11e4-a52e-4f735466cecf":"c8b7ccf4-3a58-42c8-85c1-fcb7071dc4ff"},{"element-6066-11e4-a52e-4f735466cecf":"d8dc24c7-a189-4110-8d62-2b068fb34640"},{"element-6066-11e4-a52e-4f735466cecf":"079f6550-593c-4633-8d9d-57aa406f89f5"},{"element-6066-11e4-a52e-4f735466cecf":"56b52722-ce7a-4bcf-8037-9f7017e1306d"},{"element-6066-11e4-a52e-4f735466cecf":"945ba5c3-322d-4b64-9155-d66fa2789b96"},{"element-6066-11e4-a52e-4f735466cecf":"a85e7a51-84af-47c9-9e29-b7f3d6eaa5c8"},{"element-6066-11e4-a52e-4f735466cecf":"ffade59c-8174-4008-baf4-6e0fc1156242"},{"element-6066-11e4-a52e-4f735466cecf":"dbe8d42c-2bba-4ae9-9d62-510c4bf638a4"},{"element-6066-11e4-a52e-4f735466cecf":"6648bccf-4ea9-464d-8336-0e64660f2494"},{"element-6066-11e4-a52e-4f735466cecf":"07b6efd3-cba5-4ed6-b84b-0d240994655e"},{"element-6066-11e4-a52e-4f735466cecf":"6b3df9f8-e544-47c3-b09f-80ae37d46e45"},{"element-6066-11e4-a52e-4f735466cecf":"bc2511ac-090c-4986-b677-b965add94ea6"},{"element-6066-11e4-a52e-4f735466cecf":"45f991c9-1b93-4963-ad22-000c53d18aa8"},{"element-6066-11e4-a52e-4f735466cecf":"77ad56ee-cfa1-45c5-aa93-73b870dbf82b"},{"element-6066-11e4-a52e-4f735466cecf":"c0818489-349b-4532-9190-8b47ed13a2ea"},{"element-6066-11e4-a52e-4f735466cecf":"076eeed8-31d5-4b9a-8d82-5a966c07bd86"},{"element-6066-11e4-a52e-4f735466cecf":"61a83493-9cc3-4f59-a37b-3d520315d389"},{"element-6066-11e4-a52e-4f735466cecf":"b7b8b1ad-9556-496e-83a1-b39685f6d8d4"},{"element-6066-11e4-a52e-4f735466cecf":"6a18fedc-4736-4cdd-8033-f2497584deec"},{"element-6066-11e4-a52e-4f735466cecf":"47cc9281-cad3-478d-9fd3-bd16c348f1ed"},{"element-6066-11e4-a52e-4f735466cecf":"76a35f03-adf2-44d9-a6ce-486b0f22e6f8"},{"element-6066-11e4-a52e-4f735466cecf":"f6426f38-8714-4e3b-9e2f-fb0daa9ee4be"},{"element-6066-11e4-a52e-4f735466cecf":"96effb14-ce4d-42bf-ac23-39fbc76d7b15"},{"element-6066-11e4-a52e-4f735466cecf":"4e0f0ecb-fd9e-458b-b26f-794591a53dd9"},{"element-6066-11e4-a52e-4f735466cecf":"518760bb-8332-4ed1-961c-16f839e04814"},{"element-6066-11e4-a52e-4f735466cecf":"220a5235-a2f1-48e0-bf44-5669314aee98"},{"element-6066-11e4-a52e-4f735466cecf":"04e87929-185f-4259-8bf4-023e12da71c6"},{"element-6066-11e4-a52e-4f735466cecf":"0ef7542d-b8ee-4f51-82e6-c6b6546fa89d"},{"element-6066-11e4-a52e-4f735466cecf":"a3348a4b-b3b7-46e6-b206-77c1152bcf2e"},{"element-6066-11e4-a52e-4f735466cecf":"fa667e7b-abbe-4db2-9989-1269c5267d00"},{"element-6066-11e4-a52e-4f735466cecf":"d9ac1ac5-65a6-4824-a747-f8531e18aaa1"},{"element-6066-11e4-a52e-4f735466cecf":"68dc9212-295e-4bb5-a32f-4cf58a0bde28"},{"element-6066-11e4-a52e-4f735466cecf":"5ed498ce-1063-4c45-8ae4-6c98dc7e57af"},{"element-6066-11e4-a52e-4f735466cecf":"966d8a97-c843-4c2a-be86-20fcdd3cbc2b"},{"element-6066-11e4-a52e-4f735466cecf":"3f6a0411-365a-4070-b4c0-ce9e2aa54479"},{"element-6066-11e4-a52e-4f735466cecf":"55e172c6-f68a-43d4-a1e7-18871f4c6c09"},{"element-6066-11e4-a52e-4f735466cecf":"b61afd4a-30cd-4190-a8d8-b511878c544f"},{"element-6066-11e4-a52e-4f735466cecf":"c334e41b-345c-4510-9f7d-b055da91921f"},{"element-6066-11e4-a52e-4f735466cecf":"6984240b-4967-42a0-99a4-398e3eb607e0"},{"element-6066-11e4-a52e-4f735466cecf":"4e435c2f-d437-4e6e-9477-10c095a788ff"},{"element-6066-11e4-a52e-4f735466cecf":"6050c43a-320f-408b-9729-3048899ec539"},{"element-6066-11e4-a52e-4f735466cecf":"c160d058-08ab-41e8-8840-5da64f576664"},{"element-6066-11e4-a52e-4f735466cecf":"3ab45141-2039-4a33-b43e-cc82d0a6baa4"},{"element-6066-11e4-a52e-4f735466cecf":"2b88fda5-0c58-4031-824d-f5fbd9973951"},{"element-6066-11e4-a52e-4f735466cecf":"f7a175ef-44be-4705-a5fe-d90dcb1b9f9d"},{"element-6066-11e4-a52e-4f735466cecf":"958a6d22-3544-4a3d-83d7-008ccf3fe3e6"},{"element-6066-11e4-a52e-4f735466cecf":"6d39ccd7-c35f-4073-8f9b-365a7f3643fa"},{"element-6066-11e4-a52e-4f735466cecf":"1812a0e3-9119-45ca-8209-569398ca0bf1"},{"element-6066-11e4-a52e-4f735466cecf":"a08fab78-1e8c-4ee6-b546-d98fef958463"},{"element-6066-11e4-a52e-4f735466cecf":"ecec179e-5768-463b-a0f4-c01bd062862c"},{"element-6066-11e4-a52e-4f735466cecf":"0c0276f0-cdf1-44b1-a9ed-754c7a60cf53"},{"element-6066-11e4-a52e-4f735466cecf":"5e8fea70-8cbc-419b-b841-1028873f422e"},{"element-6066-11e4-a52e-4f735466cecf":"90e5f763-3e40-48d6-955c-f9bfb47f5007"},{"element-6066-11e4-a52e-4f735466cecf":"2486c0b4-2057-4771-8df7-97585e771444"},{"element-6066-11e4-a52e-4f735466cecf":"a210310d-a675-4008-9d04-0a35a9e7de9b"},{"element-6066-11e4-a52e-4f735466cecf":"4b36f764-ecbf-42e9-83e1-778c13358f65"},{"element-6066-11e4-a52e-4f735466cecf":"4e225309-e476-4537-ad0e-a6548cd91e34"},{"element-6066-11e4-a52e-4f735466cecf":"cd4ae9e9-df93-4aad-9ea5-d69c287eb73a"},{"element-6066-11e4-a52e-4f735466cecf":"8e81c956-6714-45e4-9846-ee2337d82bc6"},{"element-6066-11e4-a52e-4f735466cecf":"75ceef03-720c-48df-a029-95b443309acb"},{"element-6066-11e4-a52e-4f735466cecf":"91d625e1-1e79-4d25-85a2-c873af3c7e69"},{"element-6066-11e4-a52e-4f735466cecf":"a1055d71-620e-47d9-a98c-38af0fb64af6"},{"element-6066-11e4-a52e-4f735466cecf":"093dc490-1ab0-438d-8143-757d0d303202"},{"element-6066-11e4-a52e-4f735466cecf":"e1c4abf4-8c9c-4cc9-897e-6d740950769b"},{"element-6066-11e4-a52e-4f735466cecf":"7bc8559c-b98a-427f-aa2e-d1f3894e415d"},{"element-6066-11e4-a52e-4f735466cecf":"c22be99f-f17a-438e-898e-35cf514a6dc4"},{"element-6066-11e4-a52e-4f735466cecf":"256ba91e-1290-4a30-a4fc-46db1b753215"},{"element-6066-11e4-a52e-4f735466cecf":"489664b8-9731-4290-9fc4-4846fee781c9"},{"element-6066-11e4-a52e-4f735466cecf":"f84e5c64-91a0-4e28-8e74-589829882179"},{"element-6066-11e4-a52e-4f735466cecf":"4c336636-da65-4fdc-8f7e-4ebeb163bbdb"},{"element-6066-11e4-a52e-4f735466cecf":"944fbfdf-4fbf-48b7-89e5-99b230dafa05"},{"element-6066-11e4-a52e-4f735466cecf":"dfba26c0-421f-4ad3-80a2-600bdabed796"},{"element-6066-11e4-a52e-4f735466cecf":"9f1fa049-7579-454c-a318-1251f7d63b88"},{"element-6066-11e4-a52e-4f735466cecf":"809abe72-b487-4cda-89fc-44e9e9c349b0"},{"element-6066-11e4-a52e-4f735466cecf":"faeb6a62-ac2d-43b8-bb76-6e1b5fceeefa"},{"element-6066-11e4-a52e-4f735466cecf":"72ca1ce3-c745-403d-a44d-40a2f10297bc"},{"element-6066-11e4-a52e-4f735466cecf":"0d0f6855-4685-4ed2-bd79-9f42db27fd2a"},{"element-6066-11e4-a52e-4f735466cecf":"559d3d51-9a22-4448-b0ef-f7dadc27dac5"},{"element-6066-11e4-a52e-4f735466cecf":"ae240988-4a4b-433b-8f62-8383a73ed28c"},{"element-6066-11e4-a52e-4f735466cecf":"07370241-fd9a-48a8-9568-e219f1c8d960"},{"element-6066-11e4-a52e-4f735466cecf":"0dfafbd8-0c30-4390-baa8-be8ef09ff3e2"},{"element-6066-11e4-a52e-4f735466cecf":"5add0f87-3a60-47c2-9de2-43cef71c527e"},{"element-6066-11e4-a52e-4f735466cecf":"0eb0610c-a171-4917-b439-4857e3564baf"},{"element-6066-11e4-a52e-4f735466cecf":"64642fec-cc36-46a1-8b23-a9d3a09a79d1"},{"element-6066-11e4-a52e-4f735466cecf":"dc720d97-e349-4070-acf6-37c9847159f6"},{"element-6066-11e4-a52e-4f735466cecf":"3035f0be-9406-4e7e-976f-a0f5f26daa2a"},{"element-6066-11e4-a52e-4f735466cecf":"852b9672-9cf5-4324-b7d0-c61b91d4c94f"},{"element-6066-11e4-a52e-4f735466cecf":"9bd88445-9c34-4e49-b32e-8663502b172a"},{"element-6066-11e4-a52e-4f735466cecf":"f23190f8-ba49-426e-8404-0607d06a542d"},{"element-6066-11e4-a52e-4f735466cecf":"a25a5c38-1bc5-46e0-880a-c75d1d46689e"},{"element-6066-11e4-a52e-4f735466cecf":"58e99164-1939-4aff-807e-dd0cb86aad02"},{"element-6066-11e4-a52e-4f735466cecf":"6380a8ff-26ce-4b37-9473-e15f820a2fd5"},{"element-6066-11e4-a52e-4f735466cecf":"f272f298-45ce-487b-8af0-1ac09389fec9"},{"element-6066-11e4-a52e-4f735466cecf":"0964a7eb-ab16-4b1b-99ca-32f328be7dae"},{"element-6066-11e4-a52e-4f735466cecf":"c13a7fcd-940c-4419-964e-da066c830cde"},{"element-6066-11e4-a52e-4f735466cecf":"ee8e953c-5c17-4600-9fc5-649752d4fac4"},{"element-6066-11e4-a52e-4f735466cecf":"cac9432e-038c-47b4-a950-d12c52d6fb8b"},{"element-6066-11e4-a52e-4f735466cecf":"b8711093-9442-43a1-b4bc-dda328483c6d"},{"element-6066-11e4-a52e-4f735466cecf":"a74b8cef-63d5-4621-92ec-2fe9bb00d169"},{"element-6066-11e4-a52e-4f735466cecf":"58f0507e-f9dd-4fe4-8e73-9fb65613b0f1"},{"element-6066-11e4-a52e-4f735466cecf":"4af8a4c5-8d58-4b25-b961-95a48033a71c"},{"element-6066-11e4-a52e-4f735466cecf":"02e51ec2-f521-46d2-b645-13296239a27c"},{"element-6066-11e4-a52e-4f735466cecf":"7f45ddb3-428e-4477-b4f8-f8cd8ce74755"},{"element-6066-11e4-a52e-4f735466cecf":"fa56aabe-2b3f-46e1-aa13-63c56a35d639"},{"element-6066-11e4-a52e-4f735466cecf":"c0389dda-2ad2-4f9b-8af4-12f8b9322350"},{"element-6066-11e4-a52e-4f735466cecf":"b3812226-bccc-4238-8cc7-bc6911df2906"},{"element-6066-11e4-a52e-4f735466cecf":"ca77d8fb-1a37-4352-8365-245b306dc0c1"},{"element-6066-11e4-a52e-4f735466cecf":"cbd25812-ecf9-4830-a184-2d5a238f0834"},{"element-6066-11e4-a52e-4f735466cecf":"2d2260e0-34b8-47c5-9061-a3f5e9543707"},{"element-6066-11e4-a52e-4f735466cecf":"0693d99e-7aa6-4cd3-8552-c81ff0854617"},{"element-6066-11e4-a52e-4f735466cecf":"cb65c739-6caa-4782-b163-6aba336ad9d0"},{"element-6066-11e4-a52e-4f735466cecf":"c7005da3-8e95-4191-bf96-cff821217b47"},{"element-6066-11e4-a52e-4f735466cecf":"62a98586-17ee-4fb1-9a3f-81b53dbc583f"},{"element-6066-11e4-a52e-4f735466cecf":"e106247c-ff41-48fe-883b-5a5fcd5a0dd4"},{"element-6066-11e4-a52e-4f735466cecf":"31898db2-85e4-4a10-98aa-e95d4d3924a4"},{"element-6066-11e4-a52e-4f735466cecf":"bdcf793d-8ec0-40a3-b33f-a5fcb4051012"},{"element-6066-11e4-a52e-4f735466cecf":"b40968b8-d9de-4532-96d0-70287f69c9e4"},{"element-6066-11e4-a52e-4f735466cecf":"b4b2dd66-3683-4930-a721-92e4c7826ec1"},{"element-6066-11e4-a52e-4f735466cecf":"4bd21535-ce4d-4cd5-8f7b-d503c775af06"},{"element-6066-11e4-a52e-4f735466cecf":"7fd93746-2cf8-436d-9c3d-5a5ad9cf764b"},{"element-6066-11e4-a52e-4f735466cecf":"26700ae3-0646-42d1-950a-1def70fccc03"},{"element-6066-11e4-a52e-4f735466cecf":"b32c6cec-5319-40c9-abe8-f66cba36e23f"},{"element-6066-11e4-a52e-4f735466cecf":"4b04cfaf-9d3e-4afb-a230-10a5958b284f"},{"element-6066-11e4-a52e-4f735466cecf":"636ef4be-e907-42e2-8da5-1d461cc4e983"},{"element-6066-11e4-a52e-4f735466cecf":"ad00fbba-fcf1-4c65-aef2-da8c4dd0ef0b"},{"element-6066-11e4-a52e-4f735466cecf":"0a21b5e4-8c01-4568-b847-592d1c87945b"},{"element-6066-11e4-a52e-4f735466cecf":"d74a6681-6e8c-4663-ba75-7c328d73574e"},{"element-6066-11e4-a52e-4f735466cecf":"fba8b515-7f5e-461c-a20f-05f02e373d69"},{"element-6066-11e4-a52e-4f735466cecf":"0b2935b4-44fd-4ccb-9f9b-1b3b575c668e"},{"element-6066-11e4-a52e-4f735466cecf":"21e31efc-02fb-478c-b612-d6a8f1146c67"},{"element-6066-11e4-a52e-4f735466cecf":"706133b7-e30b-4a8b-955b-bb346d7dda7e"},{"element-6066-11e4-a52e-4f735466cecf":"cb540883-6327-4d5f-ba3b-078b1446c064"},{"element-6066-11e4-a52e-4f735466cecf":"5048e8c6-7d79-4664-8129-73d9321fcf90"},{"element-6066-11e4-a52e-4f735466cecf":"de47d84c-4641-4562-9e7b-ab7b45de23f7"},{"element-6066-11e4-a52e-4f735466cecf":"8c556fbb-05ce-4cb4-8260-3783f5337ec7"},{"element-6066-11e4-a52e-4f735466cecf":"3fb6fc7c-cdaa-41d7-81e6-41972fe10481"},{"element-6066-11e4-a52e-4f735466cecf":"7ebf6738-a7a8-4899-9521-9bba89e2b847"},{"element-6066-11e4-a52e-4f735466cecf":"cb8934b3-0018-4517-b557-a03f8e8167a0"},{"element-6066-11e4-a52e-4f735466cecf":"dd36b5cf-5747-45b5-9fd6-36c3b1f127ed"},{"element-6066-11e4-a52e-4f735466cecf":"59ffa20b-2123-4f69-8087-38df3db55a5b"},{"element-6066-11e4-a52e-4f735466cecf":"5abad408-9840-471a-95e2-ae743d06981c"},{"element-6066-11e4-a52e-4f735466cecf":"d8ddc9e4-2e61-47b2-8332-326d284fe015"},{"element-6066-11e4-a52e-4f735466cecf":"9cccd0dd-b44e-419b-b039-cf0d27dd05ca"},{"element-6066-11e4-a52e-4f735466cecf":"2ab2b248-b253-4cc7-9c0d-f02692c9a7b1"},{"element-6066-11e4-a52e-4f735466cecf":"ea1b15bb-8ffc-4b22-bde9-7aa8f444ad3c"},{"element-6066-11e4-a52e-4f735466cecf":"deb60573-9af2-4b38-947c-dc2cda7e6a26"},{"element-6066-11e4-a52e-4f735466cecf":"3e576183-b007-41cc-985b-1860d3b2c78a"},{"element-6066-11e4-a52e-4f735466cecf":"3311a293-b00b-4873-b035-31bb40319836"},{"element-6066-11e4-a52e-4f735466cecf":"c39bc18e-9ee4-44ca-8268-80478cd297bf"},{"element-6066-11e4-a52e-4f735466cecf":"da87ff46-1e05-4942-827a-6b1b4580e249"},{"element-6066-11e4-a52e-4f735466cecf":"bf8bdd20-bc1a-495a-96c0-e2b56ed1d495"},{"element-6066-11e4-a52e-4f735466cecf":"daea288d-07b1-42db-b19b-234a16a1e55e"},{"element-6066-11e4-a52e-4f735466cecf":"1ea1aec7-dfe1-425a-9cad-4372cce0ba51"},{"element-6066-11e4-a52e-4f735466cecf":"40b306e6-7acd-4e36-9bb7-f18e96cd5778"},{"element-6066-11e4-a52e-4f735466cecf":"126b05eb-49b9-469c-92b4-96c3fc571f57"},{"element-6066-11e4-a52e-4f735466cecf":"5a5fc2e1-4d08-4403-9ea1-50cefcfe8503"},{"element-6066-11e4-a52e-4f735466cecf":"507ad4e6-e41d-44ee-bb44-8691d3df1f76"},{"element-6066-11e4-a52e-4f735466cecf":"585e41ee-619c-4a21-9170-a019e9d09804"},{"element-6066-11e4-a52e-4f735466cecf":"452be83d-f85b-4a26-af12-b10c72e5797f"},{"element-6066-11e4-a52e-4f735466cecf":"17f74954-ec58-4714-b1cb-6879ece059dd"},{"element-6066-11e4-a52e-4f735466cecf":"81eaebf0-b2c8-4793-a889-98ccf66ec753"},{"element-6066-11e4-a52e-4f735466cecf":"bbbc86b7-7f0f-4dbb-aeb3-7f8d99154f09"},{"element-6066-11e4-a52e-4f735466cecf":"11646c1c-9506-4fbc-89f4-16fb054ad7f3"},{"element-6066-11e4-a52e-4f735466cecf":"ef701a05-9a06-40fd-93ef-8829a495b888"},{"element-6066-11e4-a52e-4f735466cecf":"bce73ded-29e9-4844-9cfe-c33a8f5ccfa0"},{"element-6066-11e4-a52e-4f735466cecf":"ddf50850-ef90-41f0-95e1-943db39f614f"},{"element-6066-11e4-a52e-4f735466cecf":"7e86416a-c798-4cb7-8f51-db0ab04d559b"},{"element-6066-11e4-a52e-4f735466cecf":"fcd03cad-1d9b-4a32-8851-ad88dca42fa8"},{"element-6066-11e4-a52e-4f735466cecf":"65775913-2688-40c3-a767-75df51b92208"},{"element-6066-11e4-a52e-4f735466cecf":"5b4f09d2-f0df-438c-bc97-a19631ee283c"},{"element-6066-11e4-a52e-4f735466cecf":"80e0b4fe-4d23-4c60-96b7-14e5ebb9834b"},{"element-6066-11e4-a52e-4f735466cecf":"4a6b1869-1d62-4cfc-b53b-bf38203bd1d6"},{"element-6066-11e4-a52e-4f735466cecf":"1e132ece-4062-4339-b2b7-5234030e5e56"},{"element-6066-11e4-a52e-4f735466cecf":"23fc3779-9afa-4bd2-b265-6b1d69bf3ead"},{"element-6066-11e4-a52e-4f735466cecf":"fd6f5367-a335-4097-9b1d-406018460659"},{"element-6066-11e4-a52e-4f735466cecf":"b046881c-9f23-4a5c-98ef-8b90b1b07d0e"},{"element-6066-11e4-a52e-4f735466cecf":"21eaa4df-991f-4c12-af97-1305a4f75271"},{"element-6066-11e4-a52e-4f735466cecf":"e2b1bc3c-a09b-4c60-ba6a-743daef8051a"},{"element-6066-11e4-a52e-4f735466cecf":"8f660b50-a518-406e-a242-8fe00177507b"},{"element-6066-11e4-a52e-4f735466cecf":"64947e8d-789d-4a08-9f38-e4cbbfceaa8c"},{"element-6066-11e4-a52e-4f735466cecf":"3f3711dc-b8f1-4f47-b147-1ec2496c00c8"},{"element-6066-11e4-a52e-4f735466cecf":"45265981-5928-4203-8adf-b347bd6bde1d"},{"element-6066-11e4-a52e-4f735466cecf":"8a8ffc30-cd2a-4b68-b24f-e3f68823aeed"},{"element-6066-11e4-a52e-4f735466cecf":"232a4683-1b0b-49c9-8ef1-2323451432c5"},{"element-6066-11e4-a52e-4f735466cecf":"3d3bd975-ce22-4b4b-adef-890cdb07d46b"},{"element-6066-11e4-a52e-4f735466cecf":"bd2d2d1c-361b-4192-a48d-2e877bdd1a9d"},{"element-6066-11e4-a52e-4f735466cecf":"0c8faabc-f123-4545-a4ce-0fc7079610eb"},{"element-6066-11e4-a52e-4f735466cecf":"b33ea31b-2fa3-40ad-aad1-b19516210c2a"},{"element-6066-11e4-a52e-4f735466cecf":"bec57975-c8dd-457f-9c81-579b649c5b3d"},{"element-6066-11e4-a52e-4f735466cecf":"b2b0c9ec-e730-4066-9092-fdcc84bb3dcb"},{"element-6066-11e4-a52e-4f735466cecf":"4a2ce420-1029-450a-b228-56f00219c554"},{"element-6066-11e4-a52e-4f735466cecf":"36c0a864-fe63-4563-948d-5bbfedf6a715"},{"element-6066-11e4-a52e-4f735466cecf":"fc23e70f-b518-4b9a-8271-ac071a14ffcc"},{"element-6066-11e4-a52e-4f735466cecf":"97f16a8b-cd21-42fe-9b0b-49eb374fd1a9"},{"element-6066-11e4-a52e-4f735466cecf":"249b4858-56c8-4677-b7a0-35bc175ff192"},{"element-6066-11e4-a52e-4f735466cecf":"acb2148d-2826-4630-be7c-7c783978d27a"},{"element-6066-11e4-a52e-4f735466cecf":"801ab08e-c94b-4bdc-be9d-001bd8fd58d4"},{"element-6066-11e4-a52e-4f735466cecf":"98c47446-cb42-4572-835a-6e9590b49de1"},{"element-6066-11e4-a52e-4f735466cecf":"4d26ac89-6ee1-46e0-abb0-b486932eb585"},{"element-6066-11e4-a52e-4f735466cecf":"595e263f-2714-4ca2-9099-aad883c5bf1f"},{"element-6066-11e4-a52e-4f735466cecf":"959c7f13-c294-4cfd-a365-f05c15d7baaa"},{"element-6066-11e4-a52e-4f735466cecf":"bd48cda8-c9c7-4eb1-a72a-81696e082608"},{"element-6066-11e4-a52e-4f735466cecf":"468cb9a6-1301-4f77-b9d0-b94f5a42d15a"},{"element-6066-11e4-a52e-4f735466cecf":"cc89c0d9-d1f0-4952-9aab-ea3cd2db6221"},{"element-6066-11e4-a52e-4f735466cecf":"48484351-f8ae-4e78-b98d-b26e748215c0"},{"element-6066-11e4-a52e-4f735466cecf":"4220a32b-48ba-4f59-998a-66a23efc6345"},{"element-6066-11e4-a52e-4f735466cecf":"2758a98c-3c98-4540-bd4c-8cc85c2174e3"},{"element-6066-11e4-a52e-4f735466cecf":"75af2ae5-f429-4c33-a024-feb1d5da2195"},{"element-6066-11e4-a52e-4f735466cecf":"6c91cf61-cef6-47a5-a822-ded93e1681f5"},{"element-6066-11e4-a52e-4f735466cecf":"d5d19ae1-7b4c-4724-bd07-288bb853a36b"},{"element-6066-11e4-a52e-4f735466cecf":"c73fc05a-7990-4963-85c9-f79c061c329d"},{"element-6066-11e4-a52e-4f735466cecf":"0be80534-63db-4aad-848d-01a15581ce3a"},{"element-6066-11e4-a52e-4f735466cecf":"7848d024-82d0-48af-8ac1-0de96a669b03"},{"element-6066-11e4-a52e-4f735466cecf":"4844cf79-245e-4927-aef4-bed41670890c"},{"element-6066-11e4-a52e-4f735466cecf":"7711260f-b9d0-4c58-ac52-9f0a460e8efc"},{"element-6066-11e4-a52e-4f735466cecf":"0d6d71ef-95a4-4c1c-91a1-81be725552f6"},{"element-6066-11e4-a52e-4f735466cecf":"f982f991-704a-443c-9fc8-9da577816e78"},{"element-6066-11e4-a52e-4f735466cecf":"8adaf378-0eb1-4da9-9a1c-0fa5f4e04435"},{"element-6066-11e4-a52e-4f735466cecf":"22ba41ca-a36f-4dcf-beb0-7dd4d8459c20"},{"element-6066-11e4-a52e-4f735466cecf":"74c476fe-0ba8-49c6-b2fd-cd86fe4646e5"},{"element-6066-11e4-a52e-4f735466cecf":"bf99d601-89ee-466e-adc5-e3802dcff17f"},{"element-6066-11e4-a52e-4f735466cecf":"da39d29a-d07e-4573-a5ce-fb0d89803d24"},{"element-6066-11e4-a52e-4f735466cecf":"d3ae356d-fab4-4521-a37f-864c79292ece"},{"element-6066-11e4-a52e-4f735466cecf":"afbbb071-cad2-4bd2-951f-734e1c69c7bf"},{"element-6066-11e4-a52e-4f735466cecf":"caa8cd5c-38e2-47d6-a9ec-79c9529edece"},{"element-6066-11e4-a52e-4f735466cecf":"ffa566cc-2c99-4d0f-8b1c-1b3c3a91e724"},{"element-6066-11e4-a52e-4f735466cecf":"7ba40871-9845-4c66-8137-0c4cfc6a3bab"},{"element-6066-11e4-a52e-4f735466cecf":"21f1b67c-9b93-4963-98af-a40bff514282"},{"element-6066-11e4-a52e-4f735466cecf":"9b45fde1-b540-4701-ac3f-524169160a0d"},{"element-6066-11e4-a52e-4f735466cecf":"45625c08-78cd-437c-92d9-6976309c10bd"},{"element-6066-11e4-a52e-4f735466cecf":"7aa908de-dc42-4bd8-ab76-cc5e1725cce2"},{"element-6066-11e4-a52e-4f735466cecf":"5f3c2c3e-cd1c-472c-990a-3406f96b14a1"},{"element-6066-11e4-a52e-4f735466cecf":"d0b066fb-b2e2-4591-ad6e-7d1ad2543644"},{"element-6066-11e4-a52e-4f735466cecf":"ce2c6462-ea67-4ba3-8177-2c156d69b1e2"},{"element-6066-11e4-a52e-4f735466cecf":"56353972-73bb-46d7-950f-6fd8f0beea98"},{"element-6066-11e4-a52e-4f735466cecf":"75e34056-7816-4b8e-b4a7-507ddb401557"},{"element-6066-11e4-a52e-4f735466cecf":"e135ad1a-7378-49ba-b749-abb6cfcea9ff"},{"element-6066-11e4-a52e-4f735466cecf":"9bceedd7-6cc2-458f-b16a-f7b82e5a1803"},{"element-6066-11e4-a52e-4f735466cecf":"6e3d1a87-6c57-498c-836a-a6b2c7d40886"},{"element-6066-11e4-a52e-4f735466cecf":"e60545e5-5ee1-4b55-8ea5-746a3494ab7f"},{"element-6066-11e4-a52e-4f735466cecf":"ccb9931e-1d49-4109-940e-3e673e2e585b"},{"element-6066-11e4-a52e-4f735466cecf":"0543a3cf-1b14-49f2-848f-03b28386aff0"},{"element-6066-11e4-a52e-4f735466cecf":"859ecb87-3bc1-46a9-8d70-2df23da02f96"},{"element-6066-11e4-a52e-4f735466cecf":"fe159d81-aec0-41ab-b1b1-411fd7d38358"},{"element-6066-11e4-a52e-4f735466cecf":"4ce42bd9-ea13-4390-8769-9e4bf044baec"},{"element-6066-11e4-a52e-4f735466cecf":"dea8f138-e4be-4e0d-93d2-72d5346c14b4"},{"element-6066-11e4-a52e-4f735466cecf":"aac190b6-5ccc-4f61-823e-d1405b1a2c83"},{"element-6066-11e4-a52e-4f735466cecf":"896db164-23f2-4fe1-8011-970b5442aff7"},{"element-6066-11e4-a52e-4f735466cecf":"a26b3eb2-174b-413b-85ae-62220ada959d"},{"element-6066-11e4-a52e-4f735466cecf":"0dde92f9-37f1-4d1f-88e3-c11186b0f17d"},{"element-6066-11e4-a52e-4f735466cecf":"4244d009-1aab-4ef8-b22e-81c0b1c3f3fe"},{"element-6066-11e4-a52e-4f735466cecf":"38f71b8e-7d20-4022-887e-e2d180b49df2"},{"element-6066-11e4-a52e-4f735466cecf":"6ee7c408-ef53-4655-8969-9aa0c215d726"},{"element-6066-11e4-a52e-4f735466cecf":"4f049b19-33e4-4720-ad07-dfb9c940cc51"},{"element-6066-11e4-a52e-4f735466cecf":"79ed17ae-5b90-40fe-b817-c36c1555963b"},{"element-6066-11e4-a52e-4f735466cecf":"b5a26559-8641-49dc-9654-f210a60cea79"},{"element-6066-11e4-a52e-4f735466cecf":"0f8c554d-21dc-4c40-aea3-64d87d7dc524"},{"element-6066-11e4-a52e-4f735466cecf":"468de836-cc9c-439c-bfab-f64b97675c0f"},{"element-6066-11e4-a52e-4f735466cecf":"50dfc0ce-be92-4695-b245-88e90f43f5d5"},{"element-6066-11e4-a52e-4f735466cecf":"cb3ee876-f804-4310-bae9-66e5679e06cc"},{"element-6066-11e4-a52e-4f735466cecf":"ce3b9323-5d83-4ed7-8228-124a6a4f95d0"},{"element-6066-11e4-a52e-4f735466cecf":"9c31d359-a869-4a11-ae70-c6eb5c930f0f"},{"element-6066-11e4-a52e-4f735466cecf":"c50fce1a-9a91-4835-b457-f723d5cb2489"},{"element-6066-11e4-a52e-4f735466cecf":"12175ddd-cbaa-47e5-adea-74276a7e0e73"},{"element-6066-11e4-a52e-4f735466cecf":"19b37a1a-5e16-497c-a53a-de2565008a3a"},{"element-6066-11e4-a52e-4f735466cecf":"53d0f56e-de33-4cae-8692-e0b796d8b750"},{"element-6066-11e4-a52e-4f735466cecf":"874f8c9f-827d-4a76-b935-5ad6ccc42448"},{"element-6066-11e4-a52e-4f735466cecf":"f9a9d110-16a7-470c-9472-7b79f03a7ddf"},{"element-6066-11e4-a52e-4f735466cecf":"168ae5e1-9e3f-4d98-91e1-5bfc686e2aee"},{"element-6066-11e4-a52e-4f735466cecf":"1d6bd3c1-7a6e-48f4-bced-b061f64471f8"},{"element-6066-11e4-a52e-4f735466cecf":"766f2a8e-8b9d-462a-acf4-8b94db04157c"},{"element-6066-11e4-a52e-4f735466cecf":"ad230347-f9c5-45ef-822f-16cc9b97a881"},{"element-6066-11e4-a52e-4f735466cecf":"e8abb9df-0abb-4363-b403-5ae8d7fe0b3b"},{"element-6066-11e4-a52e-4f735466cecf":"b85bc858-f28d-4648-9865-26368ea2c8d8"},{"element-6066-11e4-a52e-4f735466cecf":"fd0cfcbc-1d50-414f-8c0d-70e9178023ef"},{"element-6066-11e4-a52e-4f735466cecf":"e00b5e98-1a45-4915-8519-7b51d40c7797"},{"element-6066-11e4-a52e-4f735466cecf":"45606c00-7f1b-402d-bd43-06fee946fe57"},{"element-6066-11e4-a52e-4f735466cecf":"b1c35838-6742-4fa5-b40a-d6b989b3967f"},{"element-6066-11e4-a52e-4f735466cecf":"b63a5f73-850d-432c-9a2e-d6e9189f0543"},{"element-6066-11e4-a52e-4f735466cecf":"44e0c845-4912-4fa1-8310-4006f72576b7"},{"element-6066-11e4-a52e-4f735466cecf":"4c258f42-6c7e-4aae-ba1e-29a605042a88"},{"element-6066-11e4-a52e-4f735466cecf":"57c7c8a7-ba61-4b63-adf0-b29bb2771153"},{"element-6066-11e4-a52e-4f735466cecf":"603b8515-0036-474a-900e-1749e257bfc1"},{"element-6066-11e4-a52e-4f735466cecf":"188727e7-4183-4206-a0a8-5236750858fc"},{"element-6066-11e4-a52e-4f735466cecf":"c890ab55-066f-4d61-917d-40bb1b0ac94f"},{"element-6066-11e4-a52e-4f735466cecf":"cd63733a-ec75-47b3-a4e6-905543a40bab"},{"element-6066-11e4-a52e-4f735466cecf":"0bf3510c-7af8-43fb-8c41-c02fce94fa8d"},{"element-6066-11e4-a52e-4f735466cecf":"23387a6a-0a55-4249-88f5-16d636e2b1ac"},{"element-6066-11e4-a52e-4f735466cecf":"bb9de728-1178-4857-be13-f551cf7aa9c7"},{"element-6066-11e4-a52e-4f735466cecf":"20193387-54bf-4b6c-adee-799aa86875d8"},{"element-6066-11e4-a52e-4f735466cecf":"15d93b5c-2714-4c04-b226-3ffb885de0bf"},{"element-6066-11e4-a52e-4f735466cecf":"254ca8ad-884a-462e-9066-d61e362268fa"},{"element-6066-11e4-a52e-4f735466cecf":"4c4addfe-7cfa-4f2e-88bb-d8c250273d48"},{"element-6066-11e4-a52e-4f735466cecf":"d501613d-5048-4dc6-9888-87c66396b9ef"},{"element-6066-11e4-a52e-4f735466cecf":"6d50cdf0-3d42-4f17-8de4-750d356a88be"},{"element-6066-11e4-a52e-4f735466cecf":"595dbf67-a967-4cf7-b7fd-67b5892d94bc"},{"element-6066-11e4-a52e-4f735466cecf":"52c7cd36-3f11-4471-a4f6-2e6d015a2f85"},{"element-6066-11e4-a52e-4f735466cecf":"f57a1ab5-698f-470a-a268-7718fa7bcd06"},{"element-6066-11e4-a52e-4f735466cecf":"4c54d1f5-f0b9-487e-9927-e7d479ea3328"},{"element-6066-11e4-a52e-4f735466cecf":"47458bae-f958-4fae-b279-1568e7d65df3"},{"element-6066-11e4-a52e-4f735466cecf":"6719050f-037b-4e93-87e0-c1db8f80ef67"},{"element-6066-11e4-a52e-4f735466cecf":"c3f79d6d-532b-40f6-9565-4fb27f26d411"},{"element-6066-11e4-a52e-4f735466cecf":"744bed05-665a-4635-beef-420e67bd7c15"},{"element-6066-11e4-a52e-4f735466cecf":"4cf5c431-6eb0-4d39-bc1b-405d98836bc2"},{"element-6066-11e4-a52e-4f735466cecf":"751e73e9-f406-461f-b63a-cb7f4ce94b9a"},{"element-6066-11e4-a52e-4f735466cecf":"3e3869d7-30be-45bc-b565-02f3592821a0"},{"element-6066-11e4-a52e-4f735466cecf":"b067cfd8-8877-4f62-82fb-5630409433f3"},{"element-6066-11e4-a52e-4f735466cecf":"5d2546b9-7d82-4113-a83a-f63012cd958c"},{"element-6066-11e4-a52e-4f735466cecf":"20b97061-d3a0-427c-a7b3-9752fbf9535a"},{"element-6066-11e4-a52e-4f735466cecf":"f483557a-3022-4554-953a-b2bc38517200"},{"element-6066-11e4-a52e-4f735466cecf":"9af41b47-7bf1-45a1-a0e1-0155cbc34356"},{"element-6066-11e4-a52e-4f735466cecf":"01ebc0a9-19aa-498d-a63a-51b11e2bc378"},{"element-6066-11e4-a52e-4f735466cecf":"6a8643f1-00e4-4d5a-a7f7-8c58583686e3"},{"element-6066-11e4-a52e-4f735466cecf":"f31fbf78-7460-423a-ad45-cab0d0ece339"},{"element-6066-11e4-a52e-4f735466cecf":"57872805-3650-498d-935b-094a59ded880"},{"element-6066-11e4-a52e-4f735466cecf":"8d0ed7b7-5905-42b9-8f5a-2030996241d7"},{"element-6066-11e4-a52e-4f735466cecf":"192c0141-da11-4a5e-94fd-886cd609403d"},{"element-6066-11e4-a52e-4f735466cecf":"ecef8d2b-ae9c-4100-bcc7-16e126c280e7"},{"element-6066-11e4-a52e-4f735466cecf":"d087c486-c872-4d8b-8bce-3dc1dab4b0d2"},{"element-6066-11e4-a52e-4f735466cecf":"be2672d3-b808-4b7a-8be0-92ac95415990"},{"element-6066-11e4-a52e-4f735466cecf":"a997d03c-4339-43af-86fc-7cb803d9beb9"},{"element-6066-11e4-a52e-4f735466cecf":"6c040bec-a21d-48a5-8964-ca26b5801ddb"},{"element-6066-11e4-a52e-4f735466cecf":"6b9665e0-6f1a-4a11-aacc-0324c0d8c7cf"},{"element-6066-11e4-a52e-4f735466cecf":"c4646e38-70c6-48d6-9106-94603dd685eb"},{"element-6066-11e4-a52e-4f735466cecf":"1b4f9c17-127f-48a9-883a-e7da9fcf7594"},{"element-6066-11e4-a52e-4f735466cecf":"38aa5f7b-4758-45ab-8b4b-f45736f66c90"},{"element-6066-11e4-a52e-4f735466cecf":"8813d9dd-bc57-4c09-b3ba-359da15928e0"},{"element-6066-11e4-a52e-4f735466cecf":"052868b4-ede4-403b-a877-05b78ceb2f40"},{"element-6066-11e4-a52e-4f735466cecf":"480a64fa-6b92-4b15-894c-8c55be9b78a4"},{"element-6066-11e4-a52e-4f735466cecf":"e9caa297-02a5-42c4-826d-b24871dd3920"},{"element-6066-11e4-a52e-4f735466cecf":"c9526290-1e39-4e81-94f9-53f20f554c5b"},{"element-6066-11e4-a52e-4f735466cecf":"ed6aa1d9-8cad-4c0c-8689-508b14041687"},{"element-6066-11e4-a52e-4f735466cecf":"00bef07c-49b5-4f4a-a642-982f60fcbc9c"},{"element-6066-11e4-a52e-4f735466cecf":"5e8ce17b-a126-4aa4-8c5d-953b6e588a68"},{"element-6066-11e4-a52e-4f735466cecf":"d8a8f129-5ba3-4adb-9824-e78c6b983095"},{"element-6066-11e4-a52e-4f735466cecf":"23b777bc-b659-4b3c-b7a3-20ad9a06a863"},{"element-6066-11e4-a52e-4f735466cecf":"a7b4fcdc-a8f3-4d21-bbcf-c1ac785d8089"},{"element-6066-11e4-a52e-4f735466cecf":"4e5fc961-32b2-43a2-92d2-c0260a83db92"},{"element-6066-11e4-a52e-4f735466cecf":"307b3be0-4ceb-46b5-bf5b-490fc4cd2132"},{"element-6066-11e4-a52e-4f735466cecf":"6f8908e2-95f9-4ded-8618-892d68b87da6"},{"element-6066-11e4-a52e-4f735466cecf":"c175f0b7-ddf5-4189-b256-f21676303c66"},{"element-6066-11e4-a52e-4f735466cecf":"1400fa6d-ad6c-4f27-93b6-8e61c1fea10a"},{"element-6066-11e4-a52e-4f735466cecf":"fa120feb-cd2f-4d7c-92bc-569647c89b07"},{"element-6066-11e4-a52e-4f735466cecf":"83e2e0b6-3102-43be-9035-eda4ab0127b0"},{"element-6066-11e4-a52e-4f735466cecf":"8973f52d-dd8e-460a-aa27-4a3f1dfb6095"},{"element-6066-11e4-a52e-4f735466cecf":"6279eb38-e264-42f0-8961-0fd541e81418"},{"element-6066-11e4-a52e-4f735466cecf":"dd210114-6484-4b53-bff7-b306c67595c4"},{"element-6066-11e4-a52e-4f735466cecf":"677e4003-e17f-436e-b204-9b7d3529ed52"},{"element-6066-11e4-a52e-4f735466cecf":"2b09df8b-5e79-438f-aedd-e06c53ba1875"},{"element-6066-11e4-a52e-4f735466cecf":"83178b60-31e8-46d5-8bd6-ce20a2e13516"},{"element-6066-11e4-a52e-4f735466cecf":"02f9c851-8d60-4b25-88ee-4f17ed671ec3"},{"element-6066-11e4-a52e-4f735466cecf":"58b9acc6-52af-46df-86a2-aca496032a41"},{"element-6066-11e4-a52e-4f735466cecf":"64dd14aa-98ba-4fe5-81a1-a3ba2c636fcc"},{"element-6066-11e4-a52e-4f735466cecf":"62632d03-d6c3-4559-a047-7234f41a9f09"},{"element-6066-11e4-a52e-4f735466cecf":"eebfe71d-d9c9-4753-a8a1-70806f5dbf7c"},{"element-6066-11e4-a52e-4f735466cecf":"58e7e6c3-d44b-4c25-a1fd-b80f05aebc46"},{"element-6066-11e4-a52e-4f735466cecf":"744c4198-ab12-41e0-86e2-7a171281ff0d"},{"element-6066-11e4-a52e-4f735466cecf":"881753f4-45f4-49e7-af31-8c654a985617"},{"element-6066-11e4-a52e-4f735466cecf":"caf14053-3213-4b74-8038-b5544a96ce3d"},{"element-6066-11e4-a52e-4f735466cecf":"05869b13-db6c-4538-ab69-a17187c9141e"},{"element-6066-11e4-a52e-4f735466cecf":"dd129603-0e56-40f1-91a1-63b87676005e"},{"element-6066-11e4-a52e-4f735466cecf":"03d2a14a-1b87-4c1c-ae75-1e872f53b9a3"},{"element-6066-11e4-a52e-4f735466cecf":"8061bd7c-ff06-45a4-97e8-2f051d2944ac"},{"element-6066-11e4-a52e-4f735466cecf":"6366611a-ce53-4561-8863-36e596698177"},{"element-6066-11e4-a52e-4f735466cecf":"4d7257f2-1dd7-4d95-8a81-99d190412ce8"},{"element-6066-11e4-a52e-4f735466cecf":"069cf039-f538-4d3b-93c8-9ca2943bcbbd"},{"element-6066-11e4-a52e-4f735466cecf":"77a8edb5-98d6-4106-9f16-7d07ffc15724"},{"element-6066-11e4-a52e-4f735466cecf":"bc289a19-e89b-445e-96ce-03db5dab1050"},{"element-6066-11e4-a52e-4f735466cecf":"5b4d210e-0715-4660-85c8-b0079baf75a0"},{"element-6066-11e4-a52e-4f735466cecf":"fb52b248-496a-4a7a-825f-06774791d874"},{"element-6066-11e4-a52e-4f735466cecf":"f46d5afd-89f4-4773-8ec8-23b63c583286"},{"element-6066-11e4-a52e-4f735466cecf":"70f66add-9d26-48a8-97bf-697b5a3631f0"},{"element-6066-11e4-a52e-4f735466cecf":"f6006d96-2eff-44ef-9797-9d1d229c6e96"},{"element-6066-11e4-a52e-4f735466cecf":"fd93b4a8-2895-43ca-a7ef-6811198c0a9e"},{"element-6066-11e4-a52e-4f735466cecf":"e1400969-a1de-4e61-9b99-9be46503603e"},{"element-6066-11e4-a52e-4f735466cecf":"411cba87-ad0a-4fa3-9414-0bfee4ed2af5"},{"element-6066-11e4-a52e-4f735466cecf":"f1543c01-0bcb-4127-92f4-0c58ac34d8b6"},{"element-6066-11e4-a52e-4f735466cecf":"38937a9b-6643-426d-9abc-101692782955"},{"element-6066-11e4-a52e-4f735466cecf":"c4c6038a-6327-4f07-95fa-2c2c25760f4c"},{"element-6066-11e4-a52e-4f735466cecf":"ccbf1269-bcbc-4226-82a1-97b0ba822469"},{"element-6066-11e4-a52e-4f735466cecf":"f6c563aa-c587-4142-a728-95a77b63eb06"},{"element-6066-11e4-a52e-4f735466cecf":"9e13052e-7f9c-4942-baff-b61be1835004"},{"element-6066-11e4-a52e-4f735466cecf":"89445129-c4e2-4204-a740-7ebc6701a293"},{"element-6066-11e4-a52e-4f735466cecf":"6b15e364-2f67-40bc-9dd6-0b88214d2c31"},{"element-6066-11e4-a52e-4f735466cecf":"ceaeb348-e58e-4714-8c91-f5a233abde3c"},{"element-6066-11e4-a52e-4f735466cecf":"cf591d67-45f4-4205-8716-d36d2de239e1"},{"element-6066-11e4-a52e-4f735466cecf":"f1bd7c9d-b3cb-47e4-b212-ee17b86226f8"},{"element-6066-11e4-a52e-4f735466cecf":"edd225e7-15fb-410c-9eb6-3474b4591f22"},{"element-6066-11e4-a52e-4f735466cecf":"23184ad8-7884-4fb0-8e2f-c09641d8b582"},{"element-6066-11e4-a52e-4f735466cecf":"23082d1c-a11d-4b65-92b4-10db29a40e83"},{"element-6066-11e4-a52e-4f735466cecf":"8329dd81-607d-46be-9f10-e4dcf588c8df"},{"element-6066-11e4-a52e-4f735466cecf":"db80ffed-f25e-41b7-b64c-9d1f848d865f"},{"element-6066-11e4-a52e-4f735466cecf":"afb4808d-51b8-4c43-99d6-44b623c63457"},{"element-6066-11e4-a52e-4f735466cecf":"744ca0b6-c0f4-4b2e-8747-0403d9b89d8d"},{"element-6066-11e4-a52e-4f735466cecf":"dc45c13c-7742-461a-af76-41cd1fe46ad5"},{"element-6066-11e4-a52e-4f735466cecf":"7a1f6b1f-d96b-40d7-8b6e-ba58bb32d120"},{"element-6066-11e4-a52e-4f735466cecf":"95cd2ba0-dc10-4359-b159-04301dd12cd9"},{"element-6066-11e4-a52e-4f735466cecf":"d9ca2167-86ed-4758-8276-1ae661a583c2"},{"element-6066-11e4-a52e-4f735466cecf":"853e1582-4339-4506-a831-b3b40a489752"},{"element-6066-11e4-a52e-4f735466cecf":"0b3c2fa8-65c1-4642-82aa-0262e944ad9c"},{"element-6066-11e4-a52e-4f735466cecf":"0d0f740e-5aba-4382-a841-a99351c132f9"},{"element-6066-11e4-a52e-4f735466cecf":"7e75c680-ad61-4b96-b1a7-f30cb215d2d2"},{"element-6066-11e4-a52e-4f735466cecf":"f6128608-8f0a-41a9-86f0-4c4c7558f327"},{"element-6066-11e4-a52e-4f735466cecf":"7ed91531-6845-4da7-97e9-8e85777c85ea"},{"element-6066-11e4-a52e-4f735466cecf":"b960dd9e-b760-4b09-b5da-4fd6e6dc4388"},{"element-6066-11e4-a52e-4f735466cecf":"2f79655f-b619-4009-910b-73f2b8ed0339"},{"element-6066-11e4-a52e-4f735466cecf":"c23caefd-af7a-417e-8b7f-051e455cc6f6"},{"element-6066-11e4-a52e-4f735466cecf":"bd2bf1ca-eb48-4f1d-9e1c-4b88fa432748"},{"element-6066-11e4-a52e-4f735466cecf":"0e65816a-85c6-4f75-959c-8a69569fefb3"},{"element-6066-11e4-a52e-4f735466cecf":"83efd5de-8386-452a-b1f7-3227f0a02e2a"},{"element-6066-11e4-a52e-4f735466cecf":"b192737a-f1e0-41e6-9764-b46164995cee"},{"element-6066-11e4-a52e-4f735466cecf":"7b0226d1-c0d3-4741-a96b-58b57faeaf58"},{"element-6066-11e4-a52e-4f735466cecf":"abe64859-0e1d-4a39-a825-b54eb5402900"},{"element-6066-11e4-a52e-4f735466cecf":"92fd01a9-adb0-437b-9610-5b1843b4125a"},{"element-6066-11e4-a52e-4f735466cecf":"08f8a94f-cc47-472b-a9c7-ffc8b463b909"},{"element-6066-11e4-a52e-4f735466cecf":"14c6231f-e3f6-4740-b53c-604bd3b88e43"},{"element-6066-11e4-a52e-4f735466cecf":"01a7b180-38ba-425a-9cd5-01868db43ad2"},{"element-6066-11e4-a52e-4f735466cecf":"dbf1289a-715c-4ad1-baf4-1477b01cdd54"},{"element-6066-11e4-a52e-4f735466cecf":"5fbfcc38-0b4d-458e-9294-93d12e1d3011"},{"element-6066-11e4-a52e-4f735466cecf":"e7350852-3ef9-4c6a-ac32-e3f1bb10eba5"},{"element-6066-11e4-a52e-4f735466cecf":"53ac1814-21c6-4b79-96a0-9c640b98f8b7"},{"element-6066-11e4-a52e-4f735466cecf":"d333d0b7-4bc1-427c-be36-a9bdc6d4b805"},{"element-6066-11e4-a52e-4f735466cecf":"8297e70d-44fe-4b49-ba30-9dcb54fc0ece"},{"element-6066-11e4-a52e-4f735466cecf":"403ede07-b2a7-4e35-b475-f056fae97d6b"},{"element-6066-11e4-a52e-4f735466cecf":"e0ac0f12-5b78-45bb-bac1-7bba66521ac6"},{"element-6066-11e4-a52e-4f735466cecf":"2486e191-a759-45ee-9c08-98ec376d5cb7"},{"element-6066-11e4-a52e-4f735466cecf":"91a50881-f795-4202-b40e-2e270fac9197"},{"element-6066-11e4-a52e-4f735466cecf":"a59b3857-8a25-40d6-9bc0-6fa10d877e45"},{"element-6066-11e4-a52e-4f735466cecf":"14389a42-b9f9-4581-9322-6cf275131d34"},{"element-6066-11e4-a52e-4f735466cecf":"0b4c569d-f29e-41eb-8893-796c31a69b53"},{"element-6066-11e4-a52e-4f735466cecf":"8b10d309-b46b-4276-9c4e-7ff8c1550506"},{"element-6066-11e4-a52e-4f735466cecf":"328d3695-dd2f-4c1c-9362-9e1f97a8055c"},{"element-6066-11e4-a52e-4f735466cecf":"0083fd6d-df90-4d22-96b9-644263ba23bd"},{"element-6066-11e4-a52e-4f735466cecf":"151dc392-a001-4d82-8a2e-269f25cd764a"},{"element-6066-11e4-a52e-4f735466cecf":"16f825a0-2412-4574-9d77-cfa88230444c"},{"element-6066-11e4-a52e-4f735466cecf":"fee77668-56a0-4b42-b251-20011bf00c9c"},{"element-6066-11e4-a52e-4f735466cecf":"264ca6c6-fd8d-4197-ab65-4d400eb507fb"},{"element-6066-11e4-a52e-4f735466cecf":"5a698bea-39ab-4806-bc90-c41b18918110"},{"element-6066-11e4-a52e-4f735466cecf":"48c079f9-5f11-48dc-b7db-4a037d59f02a"},{"element-6066-11e4-a52e-4f735466cecf":"aa48bf2c-758c-46e9-a64f-a3a15442cc23"},{"element-6066-11e4-a52e-4f735466cecf":"070b8f5b-3128-4fdc-b5c1-b313f3cf1d3f"},{"element-6066-11e4-a52e-4f735466cecf":"a612ab20-e9d8-4f23-94fa-c42f1556eb5e"},{"element-6066-11e4-a52e-4f735466cecf":"07d02e91-e04f-4cc6-8fc8-b83c45eebfea"},{"element-6066-11e4-a52e-4f735466cecf":"2e254399-70df-4e83-9970-cde26fe0806d"},{"element-6066-11e4-a52e-4f735466cecf":"f05486bc-2f0f-431b-9cd3-8e8c4c6fad89"},{"element-6066-11e4-a52e-4f735466cecf":"b3df51ad-26b6-4a9c-b0c0-41e746277b0e"},{"element-6066-11e4-a52e-4f735466cecf":"386fdba7-15fa-47ad-8a26-e1e8f52d08d2"},{"element-6066-11e4-a52e-4f735466cecf":"410a7552-b695-41d0-b646-dd87ee80b79d"},{"element-6066-11e4-a52e-4f735466cecf":"d427f2f8-aaea-4e0e-8eb4-280481ed4895"},{"element-6066-11e4-a52e-4f735466cecf":"1e5c1ba6-81d1-4790-b6a1-b71cc29bb690"},{"element-6066-11e4-a52e-4f735466cecf":"33039fc6-cde4-4e8c-8b9e-b5c8784190fb"},{"element-6066-11e4-a52e-4f735466cecf":"efaa0db7-e224-4f26-a089-d231e65aeb3f"},{"element-6066-11e4-a52e-4f735466cecf":"4d303225-7d32-4365-b6f7-2cbf1d027350"},{"element-6066-11e4-a52e-4f735466cecf":"b566ebfc-4de5-43ab-9ca0-3f9a3ce17b4c"},{"element-6066-11e4-a52e-4f735466cecf":"71c60a33-3a2a-4c2c-9dea-e0f9765df0f9"},{"element-6066-11e4-a52e-4f735466cecf":"a8a262d6-627a-4592-8da5-333b66aa7376"},{"element-6066-11e4-a52e-4f735466cecf":"987380de-a195-4a0f-825b-e97d59beb4c3"},{"element-6066-11e4-a52e-4f735466cecf":"a9468b7f-8309-41b3-9da2-f18855efce5a"},{"element-6066-11e4-a52e-4f735466cecf":"14ca8658-83a2-4144-bb92-7ee30cdd88df"},{"element-6066-11e4-a52e-4f735466cecf":"c68c3bbc-222c-48f3-829d-0e2db0bb1ee4"},{"element-6066-11e4-a52e-4f735466cecf":"964682b4-f415-46a5-87b5-7e1c69bf62fc"},{"element-6066-11e4-a52e-4f735466cecf":"a85862df-b82f-46ae-a738-081bf21d4715"},{"element-6066-11e4-a52e-4f735466cecf":"20e09127-1a98-4464-ad5d-18d941123211"},{"element-6066-11e4-a52e-4f735466cecf":"2f4a6c92-973f-4938-afb3-2e484640eb54"},{"element-6066-11e4-a52e-4f735466cecf":"a45ee509-e8ac-40c8-89b9-159cf382a165"},{"element-6066-11e4-a52e-4f735466cecf":"884f4303-1aa3-42ff-b123-cc156ac7f89a"},{"element-6066-11e4-a52e-4f735466cecf":"b927dd0b-2bcc-4bb1-b76e-7b4ac8d08bb9"},{"element-6066-11e4-a52e-4f735466cecf":"289985d4-24ad-4d1a-86e4-368d8d1bcb1b"},{"element-6066-11e4-a52e-4f735466cecf":"9e99cf06-278c-4ba0-9256-a97b8bbfb87d"},{"element-6066-11e4-a52e-4f735466cecf":"2612cb65-5e2c-4b96-8d83-a4deb8d28f9a"},{"element-6066-11e4-a52e-4f735466cecf":"98b8832b-f00a-4a02-9aef-1d79c6b14b6e"},{"element-6066-11e4-a52e-4f735466cecf":"c50f0e41-5f50-4587-9e6a-1e8412d1fd38"},{"element-6066-11e4-a52e-4f735466cecf":"f6a3df39-62b5-4942-89c3-4c85b4017b25"},{"element-6066-11e4-a52e-4f735466cecf":"594f00ef-ccd8-4e92-a65b-bb191fd3c842"},{"element-6066-11e4-a52e-4f735466cecf":"2a636fbc-73e2-40c2-8d4f-7279ef49d549"},{"element-6066-11e4-a52e-4f735466cecf":"94d4b401-1d05-41b6-8cff-982178be6b3e"},{"element-6066-11e4-a52e-4f735466cecf":"c1f7a774-11a6-4a1c-88e4-a20ad3b08db4"},{"element-6066-11e4-a52e-4f735466cecf":"81104c48-9a76-459d-9c4e-115b9a221d95"},{"element-6066-11e4-a52e-4f735466cecf":"5dcb0884-dd7c-43d6-8945-c841d1857c31"},{"element-6066-11e4-a52e-4f735466cecf":"97b66d5b-8f93-48e3-94c7-763955b45b43"},{"element-6066-11e4-a52e-4f735466cecf":"22374c55-d7aa-4b4e-92e7-9ed5910aac3d"},{"element-6066-11e4-a52e-4f735466cecf":"93f3f060-ba3f-427e-8fe3-9115acce946c"},{"element-6066-11e4-a52e-4f735466cecf":"0be111c6-4129-41c2-ba79-63dfcf374fb2"},{"element-6066-11e4-a52e-4f735466cecf":"5a584ca5-2a6f-4852-a22b-fe8e8a13df8b"},{"element-6066-11e4-a52e-4f735466cecf":"7ac1f18c-f191-478b-a475-35ed99dc66f3"},{"element-6066-11e4-a52e-4f735466cecf":"d204164a-b665-4e2c-a2e4-b462c52c68d4"},{"element-6066-11e4-a52e-4f735466cecf":"446d3afa-923f-4fb6-8787-344eaa1ebc14"},{"element-6066-11e4-a52e-4f735466cecf":"1fe3b436-2939-4dcf-ae79-d9e099180fab"},{"element-6066-11e4-a52e-4f735466cecf":"70be4b80-02d4-428c-80a0-2e79ea6a2064"},{"element-6066-11e4-a52e-4f735466cecf":"236324bb-699f-483f-a9cd-dcd5d664564b"},{"element-6066-11e4-a52e-4f735466cecf":"a912712d-b262-4959-89ca-408b07268d78"},{"element-6066-11e4-a52e-4f735466cecf":"1ca75cd3-c02c-46f2-b891-d3df5339f981"},{"element-6066-11e4-a52e-4f735466cecf":"0316e1ae-6a75-47af-9969-63f69150f7d5"},{"element-6066-11e4-a52e-4f735466cecf":"730f8bbc-9930-4974-a7c9-00a28f4ba8ea"},{"element-6066-11e4-a52e-4f735466cecf":"36a52d62-a61c-49ca-973b-7a4ff3085da0"},{"element-6066-11e4-a52e-4f735466cecf":"d312fcf0-5799-4478-98db-5cf433545e72"},{"element-6066-11e4-a52e-4f735466cecf":"2d06482b-9390-4f7e-bcf8-c9be56e8904b"},{"element-6066-11e4-a52e-4f735466cecf":"4db2666c-a6c6-4967-81e1-376b71e971cd"},{"element-6066-11e4-a52e-4f735466cecf":"f9fc25ba-4ecf-493c-98a9-f5248d881ead"},{"element-6066-11e4-a52e-4f735466cecf":"1e8ee3bc-c449-45d1-b8fa-7c13a98846fc"},{"element-6066-11e4-a52e-4f735466cecf":"0988aa96-890e-4bed-9eb6-fa5dd7fbe1fe"},{"element-6066-11e4-a52e-4f735466cecf":"179e565e-5d08-49bc-9c4a-488a264e9b64"},{"element-6066-11e4-a52e-4f735466cecf":"ce05b680-07d3-4209-883a-d0f26c533e7f"},{"element-6066-11e4-a52e-4f735466cecf":"678c4528-98b7-47e0-a23e-c3c1966c42d4"},{"element-6066-11e4-a52e-4f735466cecf":"38b4003c-6236-405c-8f95-a7cc390b27d8"},{"element-6066-11e4-a52e-4f735466cecf":"8228003a-c2ea-40c2-a36c-9586982a24ac"},{"element-6066-11e4-a52e-4f735466cecf":"6e68afce-2b7b-4cf4-b1b1-f051ab5b3cb2"},{"element-6066-11e4-a52e-4f735466cecf":"f50035ff-c2b7-4db9-ac33-02a52d3d5945"},{"element-6066-11e4-a52e-4f735466cecf":"e27e18fd-fdea-4f41-898a-8b7c7e8836ac"},{"element-6066-11e4-a52e-4f735466cecf":"65d1f918-8d23-448b-840f-85ac62304e84"},{"element-6066-11e4-a52e-4f735466cecf":"fbb5a161-9a3b-4fca-a0ea-f759991de38c"},{"element-6066-11e4-a52e-4f735466cecf":"f40cc32c-1ae6-48b4-bb1f-9d3dc18bd137"},{"element-6066-11e4-a52e-4f735466cecf":"ef830377-9719-4072-a3a7-f62e9b2bbef0"},{"element-6066-11e4-a52e-4f735466cecf":"86a8c8a8-27be-4ccb-add6-8cbeafebe2b2"},{"element-6066-11e4-a52e-4f735466cecf":"2092aa19-da16-4a25-8417-e351d937948b"},{"element-6066-11e4-a52e-4f735466cecf":"694aed43-9c53-4195-b09e-891d429c9abd"},{"element-6066-11e4-a52e-4f735466cecf":"00b58fd9-3b3c-4ea1-bc6f-2d33505034ec"},{"element-6066-11e4-a52e-4f735466cecf":"db56f8a9-f2c7-4c4f-9cdf-47ca55e2de3b"},{"element-6066-11e4-a52e-4f735466cecf":"a5f1a4d7-cf90-4469-84e6-a91151ffd776"},{"element-6066-11e4-a52e-4f735466cecf":"4f585772-53bd-4708-be15-62e984155a47"},{"element-6066-11e4-a52e-4f735466cecf":"90165952-98b0-4ebf-89c8-e2f5089b61da"},{"element-6066-11e4-a52e-4f735466cecf":"576ba328-6313-4cff-b89b-8d05a3ad6fb1"},{"element-6066-11e4-a52e-4f735466cecf":"c093a7f8-443d-4070-8727-575b33768e9b"},{"element-6066-11e4-a52e-4f735466cecf":"3ffd73d3-c9b8-4147-b2bd-5b434f2b6299"},{"element-6066-11e4-a52e-4f735466cecf":"bef65889-e9cf-4259-9530-dc4a9474eba6"},{"element-6066-11e4-a52e-4f735466cecf":"49d0aa72-f5cd-41bf-b05c-60c56bbdbac4"},{"element-6066-11e4-a52e-4f735466cecf":"782fa606-484b-445b-b8a6-6ffdd17ccaae"},{"element-6066-11e4-a52e-4f735466cecf":"388125bb-3fb6-4cee-8ef7-4f13e1339dbf"},{"element-6066-11e4-a52e-4f735466cecf":"82197671-b61d-40ad-b1e6-60732c0965f7"},{"element-6066-11e4-a52e-4f735466cecf":"3bf415b3-f880-4322-9682-dfa9643d242e"},{"element-6066-11e4-a52e-4f735466cecf":"30eb5f66-95c6-4a2b-a5d1-0c0128d5d977"},{"element-6066-11e4-a52e-4f735466cecf":"b4975915-27a0-4b1d-a10d-4d7102e78e1b"},{"element-6066-11e4-a52e-4f735466cecf":"ea244251-10df-46d7-9b7a-8f4e6f2ada2f"},{"element-6066-11e4-a52e-4f735466cecf":"f89a0980-de1c-4a89-a07b-a61fb3dfd7a7"},{"element-6066-11e4-a52e-4f735466cecf":"cf34ce50-121a-41cc-9482-938f967b88b6"},{"element-6066-11e4-a52e-4f735466cecf":"440fc5c1-593a-4c3a-a494-c21c8382edcb"},{"element-6066-11e4-a52e-4f735466cecf":"64be4070-c5c2-4f84-9b12-a385e713d394"},{"element-6066-11e4-a52e-4f735466cecf":"0c860877-1ecd-4dce-a7f2-512c7a255f82"},{"element-6066-11e4-a52e-4f735466cecf":"93ce78b3-bad6-4415-8086-9c1bf27fcb86"},{"element-6066-11e4-a52e-4f735466cecf":"aadb065b-8755-49aa-bd58-d99276e8525e"},{"element-6066-11e4-a52e-4f735466cecf":"aaee071e-3046-432a-907a-986aca95da77"},{"element-6066-11e4-a52e-4f735466cecf":"d5975073-558a-4973-8ea8-1f489b78a96a"},{"element-6066-11e4-a52e-4f735466cecf":"adeebe9e-1453-4a76-ac94-9fa4b5cfbb84"},{"element-6066-11e4-a52e-4f735466cecf":"f58c7335-ab60-491e-bed5-4f4e517596ed"},{"element-6066-11e4-a52e-4f735466cecf":"22ca456e-319f-4b0b-92ca-e898a789e43b"},{"element-6066-11e4-a52e-4f735466cecf":"494c3199-c44b-464f-aba6-64bc6f61c4ec"},{"element-6066-11e4-a52e-4f735466cecf":"31818b8f-83da-442c-ac9f-7892b0168c59"},{"element-6066-11e4-a52e-4f735466cecf":"663ea6ee-3fd8-4eea-9b13-ff16b5145950"},{"element-6066-11e4-a52e-4f735466cecf":"14927954-6d42-480f-86d7-06408d1ba743"},{"element-6066-11e4-a52e-4f735466cecf":"d2c43255-2f2c-4a3b-b93d-3dc9b6cb90ab"},{"element-6066-11e4-a52e-4f735466cecf":"a5a75442-82ba-42e6-8bbb-871a866d5c80"},{"element-6066-11e4-a52e-4f735466cecf":"986bb6e8-cf8f-4153-b781-2619db8ed199"},{"element-6066-11e4-a52e-4f735466cecf":"c12ea9ab-b240-475b-8756-4e201f77bccf"},{"element-6066-11e4-a52e-4f735466cecf":"0e5b2fd9-c958-4931-a3f7-178048cf91a9"},{"element-6066-11e4-a52e-4f735466cecf":"0c4ce6b1-4148-463c-91c1-b7a9df739a06"},{"element-6066-11e4-a52e-4f735466cecf":"54d1b858-8194-4226-9caa-06ecc9e30270"},{"element-6066-11e4-a52e-4f735466cecf":"195bd66a-e081-4b51-bef3-4d8af09b6873"},{"element-6066-11e4-a52e-4f735466cecf":"ddd25215-9dee-4b66-8751-30e70b3a00a6"},{"element-6066-11e4-a52e-4f735466cecf":"ec09d6cb-675a-4dc0-8cc6-4b886a5377cd"},{"element-6066-11e4-a52e-4f735466cecf":"25e5ebac-27af-48be-9e42-473ca2718a11"},{"element-6066-11e4-a52e-4f735466cecf":"91361c7a-7ef9-42e9-9a56-bc4611016657"},{"element-6066-11e4-a52e-4f735466cecf":"7436e3c7-ac12-4a48-8cca-a9a98c470565"},{"element-6066-11e4-a52e-4f735466cecf":"eb7e075a-5466-42b2-b389-b384a94b2bec"},{"element-6066-11e4-a52e-4f735466cecf":"040dd7e8-f341-4282-97c1-b3a76b034e8e"},{"element-6066-11e4-a52e-4f735466cecf":"e0c4721c-e6b1-442e-91aa-c75d1c8fcd0c"},{"element-6066-11e4-a52e-4f735466cecf":"c61c79aa-7015-4eee-93a1-bb052ed8bf11"},{"element-6066-11e4-a52e-4f735466cecf":"8160357b-b8ff-47ac-ae2b-0f70e68c7934"},{"element-6066-11e4-a52e-4f735466cecf":"d351f332-7778-477b-a2a3-0d7a0e3e82ac"},{"element-6066-11e4-a52e-4f735466cecf":"401f8329-e808-4c0a-8d17-43eddacda163"},{"element-6066-11e4-a52e-4f735466cecf":"79c1a8ca-f833-4855-9368-f8beb4517e64"},{"element-6066-11e4-a52e-4f735466cecf":"a74304cc-5f5a-48ae-9ce9-8e23ab4998aa"},{"element-6066-11e4-a52e-4f735466cecf":"be90b9fd-fff7-4003-b540-302c13f84b70"},{"element-6066-11e4-a52e-4f735466cecf":"85dd64a0-cb89-43a4-9aa6-e112f755a0dd"},{"element-6066-11e4-a52e-4f735466cecf":"6795f672-056e-4906-b425-f15f11443b26"},{"element-6066-11e4-a52e-4f735466cecf":"1e220ae8-265c-44f7-960f-4efdecca948c"},{"element-6066-11e4-a52e-4f735466cecf":"781bf810-c4cf-4b6f-9b89-51a830ee4597"},{"element-6066-11e4-a52e-4f735466cecf":"7b159b87-1ead-470d-a08d-972dc2f1f6c1"},{"element-6066-11e4-a52e-4f735466cecf":"dd7457f3-799d-44fb-a2af-09a79ec5ff64"},{"element-6066-11e4-a52e-4f735466cecf":"ac79c427-ed87-499b-8feb-874c265cec14"},{"element-6066-11e4-a52e-4f735466cecf":"f173fdb6-f50f-4758-a531-8c661e4a8945"},{"element-6066-11e4-a52e-4f735466cecf":"e9b2b451-f4b8-440e-9c49-217634d3b4aa"},{"element-6066-11e4-a52e-4f735466cecf":"5e9c5ab2-9a39-4d2b-8996-c851207d427e"},{"element-6066-11e4-a52e-4f735466cecf":"1db904ba-76ad-4949-a5c3-dbfdbb8ce7d6"},{"element-6066-11e4-a52e-4f735466cecf":"bdac35aa-3b2f-4c42-9444-702c3b8a8706"},{"element-6066-11e4-a52e-4f735466cecf":"44baac4a-1d13-498a-a5f5-3334a65e6c9c"},{"element-6066-11e4-a52e-4f735466cecf":"7dee7251-0572-409a-a830-98c91d5a610e"},{"element-6066-11e4-a52e-4f735466cecf":"2af13eed-f03f-47ad-9026-21d56c55d88b"},{"element-6066-11e4-a52e-4f735466cecf":"da46f460-ea7e-4899-9c69-7b91c3e7e37f"},{"element-6066-11e4-a52e-4f735466cecf":"b2f0141b-6563-47e6-93d7-9b5118e9ffc8"},{"element-6066-11e4-a52e-4f735466cecf":"c21a417d-4645-4980-bc4c-5d886be3d420"},{"element-6066-11e4-a52e-4f735466cecf":"5470bae1-f1e6-447a-94b7-8e50daca533f"},{"element-6066-11e4-a52e-4f735466cecf":"9d9cb9e3-4138-45bd-8ca6-fe1f6c465b51"},{"element-6066-11e4-a52e-4f735466cecf":"b36bfc0b-ec17-4062-81df-f9bd8e36cc77"},{"element-6066-11e4-a52e-4f735466cecf":"6c689c82-5e97-449e-9e80-c3e2a35a3d9b"},{"element-6066-11e4-a52e-4f735466cecf":"c797b627-1d6b-49d3-8569-a65c084c2712"},{"element-6066-11e4-a52e-4f735466cecf":"a2873f71-68a6-415d-be26-35bc1bd515dd"},{"element-6066-11e4-a52e-4f735466cecf":"dca43cac-56a1-4a55-a8bb-52e264dd239f"},{"element-6066-11e4-a52e-4f735466cecf":"fe921638-5e21-49f8-af3a-fe38608ee35e"},{"element-6066-11e4-a52e-4f735466cecf":"3e1c2db1-0940-4732-b1fc-535faabcf7b6"},{"element-6066-11e4-a52e-4f735466cecf":"7183c706-316c-4aba-944f-fc0740c91326"},{"element-6066-11e4-a52e-4f735466cecf":"52fe6ccf-913b-4033-8d4c-63084d493422"},{"element-6066-11e4-a52e-4f735466cecf":"f5e11375-461f-4484-96bc-87356edf3ec7"},{"element-6066-11e4-a52e-4f735466cecf":"9892c0ae-84ae-43b7-be4c-71bf388787b6"},{"element-6066-11e4-a52e-4f735466cecf":"66e75de0-24bf-4730-a8c2-aa60a8033c64"},{"element-6066-11e4-a52e-4f735466cecf":"b8029add-8683-422b-b647-3f437a238a61"},{"element-6066-11e4-a52e-4f735466cecf":"cdafca27-57ba-4dce-944e-e83f1664567e"},{"element-6066-11e4-a52e-4f735466cecf":"a6f93067-641e-4292-85f6-66eb5c994e48"},{"element-6066-11e4-a52e-4f735466cecf":"f6a131c7-7bf0-44da-ab9c-149bdc2ddece"},{"element-6066-11e4-a52e-4f735466cecf":"5cbdf63f-2394-48f6-8cf2-59aaabb5f828"},{"element-6066-11e4-a52e-4f735466cecf":"1acfb671-0cc3-410c-b87b-9a28c9b9267c"},{"element-6066-11e4-a52e-4f735466cecf":"ec0ed241-acd6-4f34-bf16-745688e69ead"},{"element-6066-11e4-a52e-4f735466cecf":"1009da3c-5c5f-4818-aa4e-3e8eedfdaee6"},{"element-6066-11e4-a52e-4f735466cecf":"41f40e33-8c9f-45c8-b2c0-62f3613755eb"},{"element-6066-11e4-a52e-4f735466cecf":"e718e99b-ab28-4d09-8b2d-04257fe0c9dd"},{"element-6066-11e4-a52e-4f735466cecf":"605144a6-405a-46c3-b60e-4a71ba06dd6e"},{"element-6066-11e4-a52e-4f735466cecf":"8ecb9ee5-1207-4f41-9d2c-b30907f518c6"},{"element-6066-11e4-a52e-4f735466cecf":"de8e8d4b-d6f2-452c-97d5-423ef3a7f029"},{"element-6066-11e4-a52e-4f735466cecf":"f68819f2-4e58-4a80-a387-c7c1be86e450"},{"element-6066-11e4-a52e-4f735466cecf":"4b2f1fd7-16f3-47f4-9851-eda8a1bee9e3"},{"element-6066-11e4-a52e-4f735466cecf":"1c6f22d0-f770-4e94-bed2-530c482ea09d"},{"element-6066-11e4-a52e-4f735466cecf":"20ce8aa4-29ae-4979-a09b-b4c31c3b3a96"},{"element-6066-11e4-a52e-4f735466cecf":"5b4b5a94-4d57-4fd5-ad07-446e2cb27113"},{"element-6066-11e4-a52e-4f735466cecf":"2fcb9992-a6fb-4b43-a4fb-bc34fbf39c7c"},{"element-6066-11e4-a52e-4f735466cecf":"d7decc74-941d-4451-b98d-7a8329d1e175"},{"element-6066-11e4-a52e-4f735466cecf":"2af9109b-c7f8-48c5-b187-314202c27183"},{"element-6066-11e4-a52e-4f735466cecf":"debb745b-ba87-463c-b2e7-7f3b092b18d4"},{"element-6066-11e4-a52e-4f735466cecf":"42c06131-c49a-4580-b7b3-006c602a699b"},{"element-6066-11e4-a52e-4f735466cecf":"c9e5dac6-d92b-446f-b6a0-38673ee6aeb6"},{"element-6066-11e4-a52e-4f735466cecf":"1d239f91-fab7-4182-957d-0299a88c89d9"},{"element-6066-11e4-a52e-4f735466cecf":"bab407e9-93ca-4900-b261-50fab2b7d946"},{"element-6066-11e4-a52e-4f735466cecf":"6669e16c-e3c7-4266-bfac-1a4515eec176"},{"element-6066-11e4-a52e-4f735466cecf":"3e6d5674-3b18-403f-8012-c1be8ae67476"},{"element-6066-11e4-a52e-4f735466cecf":"700215cb-d37d-46f6-ad04-e786148aa7a4"},{"element-6066-11e4-a52e-4f735466cecf":"9f436603-9318-46ff-878a-942dbad93fc4"},{"element-6066-11e4-a52e-4f735466cecf":"b7e9d06f-858f-4e56-989e-b28aac01914d"},{"element-6066-11e4-a52e-4f735466cecf":"c6278c32-512b-4e4e-90d4-3554f5319728"},{"element-6066-11e4-a52e-4f735466cecf":"6ad5b85c-25f2-4ab5-966a-43a537f56f64"},{"element-6066-11e4-a52e-4f735466cecf":"d3fdcf6f-d7b7-4ec2-b30f-fa59e46ed517"},{"element-6066-11e4-a52e-4f735466cecf":"bc97a43f-6ab8-48e7-87f4-a02ee0e6b75f"},{"element-6066-11e4-a52e-4f735466cecf":"cb169e51-a0ea-4b54-b375-f58a333cb128"},{"element-6066-11e4-a52e-4f735466cecf":"0f769192-e840-4776-a7a6-e758604cee82"},{"element-6066-11e4-a52e-4f735466cecf":"5dfdfc8f-b4dc-4075-adfc-5b2a37619f6c"},{"element-6066-11e4-a52e-4f735466cecf":"1acdda2f-fd35-4b5c-bf64-6d0351f8bf79"},{"element-6066-11e4-a52e-4f735466cecf":"3330462a-bc81-4e76-a528-09d8610b980a"},{"element-6066-11e4-a52e-4f735466cecf":"625097fc-78f6-4fb6-954c-83852b657a36"},{"element-6066-11e4-a52e-4f735466cecf":"14cea0e6-e9eb-4159-9ee1-d7fba929b722"},{"element-6066-11e4-a52e-4f735466cecf":"b670cbba-8abf-4a5b-86a8-52e5fb5a2c39"},{"element-6066-11e4-a52e-4f735466cecf":"3a3b7246-018a-4b3c-84e9-ed8ff0e41292"},{"element-6066-11e4-a52e-4f735466cecf":"422539c6-44a6-4bd5-b597-2de92869e100"},{"element-6066-11e4-a52e-4f735466cecf":"19be03c8-9929-4fb8-af4c-e2dc9a41b652"},{"element-6066-11e4-a52e-4f735466cecf":"534f4425-274e-46a7-88f9-30370937d98f"},{"element-6066-11e4-a52e-4f735466cecf":"0ed37704-f882-421c-9b6e-f580a97e8237"},{"element-6066-11e4-a52e-4f735466cecf":"a8bd58c8-5881-4329-a7b8-931e38fc8894"},{"element-6066-11e4-a52e-4f735466cecf":"dcfb3b48-746c-4943-a990-fbcebc7c366d"},{"element-6066-11e4-a52e-4f735466cecf":"a2175f32-2e91-4157-8de4-ad1b81c33f4c"},{"element-6066-11e4-a52e-4f735466cecf":"0bdc72e4-4195-4fec-8e6b-2565c5a6f2c0"},{"element-6066-11e4-a52e-4f735466cecf":"2aa52c4a-c90a-429e-9bf2-4b612c0e0852"},{"element-6066-11e4-a52e-4f735466cecf":"bd4c31c8-24cf-4d9f-b6d6-f91ba0fb6efa"},{"element-6066-11e4-a52e-4f735466cecf":"4a40716d-8c36-47ba-9f92-448bd4964bfe"},{"element-6066-11e4-a52e-4f735466cecf":"440c6006-824e-424d-acae-d35e9ffce601"},{"element-6066-11e4-a52e-4f735466cecf":"df0aa2d1-1c7a-4b4b-9803-d749d0aad342"},{"element-6066-11e4-a52e-4f735466cecf":"a9163632-86ef-47fe-9ff2-e03c2f376f68"},{"element-6066-11e4-a52e-4f735466cecf":"82279539-5f77-40c4-8753-a14b3677eddb"},{"element-6066-11e4-a52e-4f735466cecf":"0a919287-6e42-48f3-ba4b-c4b4de0fc4ff"},{"element-6066-11e4-a52e-4f735466cecf":"1abc28b3-478a-4557-844f-13bf82825640"},{"element-6066-11e4-a52e-4f735466cecf":"f434bb7c-6de6-4356-a9a3-923c4990ae24"},{"element-6066-11e4-a52e-4f735466cecf":"a6e835b1-ef96-4976-877d-5ff3de58b7c9"},{"element-6066-11e4-a52e-4f735466cecf":"56dc56d9-c627-47e6-b00a-6d3cf0757c85"},{"element-6066-11e4-a52e-4f735466cecf":"8ace3954-bb03-44f5-bcbe-33c755acbbcf"},{"element-6066-11e4-a52e-4f735466cecf":"9698955b-761d-447c-9113-ace85b44d060"},{"element-6066-11e4-a52e-4f735466cecf":"7e2ade86-cefe-4e22-b09a-1df953ca9c00"},{"element-6066-11e4-a52e-4f735466cecf":"cc839956-e382-4d4c-9822-540b5334e847"},{"element-6066-11e4-a52e-4f735466cecf":"4dbc7789-ecad-491d-8ace-0e74cde5ada4"},{"element-6066-11e4-a52e-4f735466cecf":"8145d8e6-89fe-4516-ba83-701655c89514"},{"element-6066-11e4-a52e-4f735466cecf":"2963e9af-3e05-4bb8-95da-75b5f646546b"},{"element-6066-11e4-a52e-4f735466cecf":"b3a1ad9a-a791-4a78-8abd-338ed76c6616"},{"element-6066-11e4-a52e-4f735466cecf":"db9ac467-280b-4dcd-ae3b-b6066852c531"},{"element-6066-11e4-a52e-4f735466cecf":"20b53767-637c-4a14-bfce-10363841cca2"},{"element-6066-11e4-a52e-4f735466cecf":"4377c072-583b-406e-b91f-0a95f1dc858c"},{"element-6066-11e4-a52e-4f735466cecf":"46f2fc8e-824f-41bd-8980-83edb0549e05"},{"element-6066-11e4-a52e-4f735466cecf":"7515aaaa-0989-4c20-9065-98f3d3b0d1cb"},{"element-6066-11e4-a52e-4f735466cecf":"d3cce8e8-33cf-41c7-aedd-e03252a1b613"},{"element-6066-11e4-a52e-4f735466cecf":"a05082fb-38fa-4b03-9538-56b70156b22c"},{"element-6066-11e4-a52e-4f735466cecf":"600b150a-d843-4619-8010-9b185645e44f"},{"element-6066-11e4-a52e-4f735466cecf":"80439b75-2fbf-46c6-9af7-5c2445ebd189"},{"element-6066-11e4-a52e-4f735466cecf":"cd7d87f7-aec5-4e49-9435-b7eb169c0793"},{"element-6066-11e4-a52e-4f735466cecf":"a3f54914-0c2c-4f6a-bb88-0aaf11d1bbdf"},{"element-6066-11e4-a52e-4f735466cecf":"9d44b0b2-b8d1-47c0-8e32-6fd1da8f5d86"},{"element-6066-11e4-a52e-4f735466cecf":"03f4844b-dbc8-42a6-a7b7-c526b44a27d2"},{"element-6066-11e4-a52e-4f735466cecf":"ca5ce705-2667-40e3-972b-27b887a0b825"},{"element-6066-11e4-a52e-4f735466cecf":"8670e407-fb9c-4f44-b71c-858e66b42f02"},{"element-6066-11e4-a52e-4f735466cecf":"37a8ee7b-6792-4320-b074-fb17d3afb602"},{"element-6066-11e4-a52e-4f735466cecf":"0ebc363c-dc39-4938-93a2-29882f5669a9"},{"element-6066-11e4-a52e-4f735466cecf":"527b2589-a859-4906-930e-203931f2604e"},{"element-6066-11e4-a52e-4f735466cecf":"f2256d7e-b3d9-4ffe-8d28-6ee2fda2a663"},{"element-6066-11e4-a52e-4f735466cecf":"1d4548f4-62f3-4f4b-85b6-7a0e82f80321"},{"element-6066-11e4-a52e-4f735466cecf":"97fef438-c863-414c-ad06-bc6b43ec8161"},{"element-6066-11e4-a52e-4f735466cecf":"3eee9bdc-d277-49dd-9f5d-3d125e93bf58"},{"element-6066-11e4-a52e-4f735466cecf":"a821e3de-710e-4070-a1da-dfecf115781e"},{"element-6066-11e4-a52e-4f735466cecf":"dff9692a-a44a-4781-a52f-0a2b198641da"},{"element-6066-11e4-a52e-4f735466cecf":"5f740897-4da9-4939-955e-978b52d35cea"},{"element-6066-11e4-a52e-4f735466cecf":"1263250e-23f9-4ef8-9540-3602dd6e12aa"},{"element-6066-11e4-a52e-4f735466cecf":"69bf959f-970f-4a5d-a547-cd0e42b82321"},{"element-6066-11e4-a52e-4f735466cecf":"f101afc3-7a52-4699-8baa-35edf84f9af1"},{"element-6066-11e4-a52e-4f735466cecf":"9f2639c5-b102-4230-90b0-c9fc3f36d5e1"},{"element-6066-11e4-a52e-4f735466cecf":"07aaf387-0481-40f4-905d-2cf888882884"},{"element-6066-11e4-a52e-4f735466cecf":"d2dd8896-610c-454f-8389-2cd140277acf"},{"element-6066-11e4-a52e-4f735466cecf":"deafe467-06e2-4680-878e-8b70ef7d8da1"},{"element-6066-11e4-a52e-4f735466cecf":"0bea3802-a36b-432a-8fb0-43e1f8ef0845"},{"element-6066-11e4-a52e-4f735466cecf":"da5ec5ea-c8f9-43eb-86f9-34650b73ed5e"},{"element-6066-11e4-a52e-4f735466cecf":"9abd79ba-b5d8-4425-a012-85677209d455"},{"element-6066-11e4-a52e-4f735466cecf":"93ceb665-52b2-4748-8dff-9e1da796a71b"},{"element-6066-11e4-a52e-4f735466cecf":"b0e57ba8-841a-42a5-ac91-34fb342bbda4"},{"element-6066-11e4-a52e-4f735466cecf":"0975707d-12dd-43e8-a8c9-12d6c66c2489"},{"element-6066-11e4-a52e-4f735466cecf":"e2506be6-d705-49df-bfe9-c7f1ea9a1341"},{"element-6066-11e4-a52e-4f735466cecf":"763c6778-dcb4-4223-aee3-a53d2cde9b74"},{"element-6066-11e4-a52e-4f735466cecf":"0c1cfcb4-1e8b-4a2c-9404-bc75db339dae"},{"element-6066-11e4-a52e-4f735466cecf":"285ba247-6a1b-465e-b77e-423a1ddf16bf"},{"element-6066-11e4-a52e-4f735466cecf":"e16777bd-9d4d-4de9-ba54-f7a91f5b9840"},{"element-6066-11e4-a52e-4f735466cecf":"dcc8f0ef-85a8-41f8-9f4d-662025a52a18"},{"element-6066-11e4-a52e-4f735466cecf":"2ad2559b-e7cb-4a48-92ca-092c35607fb6"},{"element-6066-11e4-a52e-4f735466cecf":"075627de-42d0-4326-a01b-5706343aa227"},{"element-6066-11e4-a52e-4f735466cecf":"a34abceb-95ba-4a90-bcd4-f77a63107e8b"},{"element-6066-11e4-a52e-4f735466cecf":"39466220-fbca-4dc1-b2da-d7e25c5c48de"},{"element-6066-11e4-a52e-4f735466cecf":"598dae1e-51ce-4bb4-9a3d-dbf68e0513ca"},{"element-6066-11e4-a52e-4f735466cecf":"a4fe9598-ab17-4075-bb3a-eb92cd7d2ac5"},{"element-6066-11e4-a52e-4f735466cecf":"08f1678d-9dcf-4211-b0cf-7f654b0f300e"},{"element-6066-11e4-a52e-4f735466cecf":"6507eb71-443f-45a7-93ad-8a38f6267364"},{"element-6066-11e4-a52e-4f735466cecf":"95e83d2c-a861-4b59-b190-e2cf17321c1d"},{"element-6066-11e4-a52e-4f735466cecf":"20a104dc-a346-444f-ab3c-c13d480f23a0"},{"element-6066-11e4-a52e-4f735466cecf":"abb7fe75-8eef-4ef1-8a6b-d72639186f91"},{"element-6066-11e4-a52e-4f735466cecf":"170f12e7-8366-4fd6-9cb8-b05ae3b681e6"},{"element-6066-11e4-a52e-4f735466cecf":"aa8ffb76-316d-469c-8750-1d0ad1bf9a56"},{"element-6066-11e4-a52e-4f735466cecf":"60943563-b9d7-4693-bd20-2abf9cd05380"},{"element-6066-11e4-a52e-4f735466cecf":"d5303c0a-a008-43a3-9764-6a213bb4a49d"},{"element-6066-11e4-a52e-4f735466cecf":"4392837c-cf5c-4d57-8801-881e2145bf40"},{"element-6066-11e4-a52e-4f735466cecf":"23c8b312-aaa9-4d8d-beb0-d95eb90df749"},{"element-6066-11e4-a52e-4f735466cecf":"c43615f7-6b96-4031-9968-b907cf4e6269"},{"element-6066-11e4-a52e-4f735466cecf":"d3173457-9fee-470d-b6b7-a5000554bfe3"},{"element-6066-11e4-a52e-4f735466cecf":"5a654c6e-3691-4b1a-9446-9678edcfe6fe"},{"element-6066-11e4-a52e-4f735466cecf":"4a13f5f5-5cfb-492e-a000-b241a700ad63"},{"element-6066-11e4-a52e-4f735466cecf":"1cccde5e-c259-42c6-ad62-7b8de8120eb7"},{"element-6066-11e4-a52e-4f735466cecf":"14f91bdf-c332-4bfc-94e0-0554a29008ba"},{"element-6066-11e4-a52e-4f735466cecf":"3fbb3200-cc7d-434e-9405-86faaab466d8"},{"element-6066-11e4-a52e-4f735466cecf":"9c533d42-a4fa-4d2c-ab53-7f8bac4d93fd"},{"element-6066-11e4-a52e-4f735466cecf":"8a229c10-3847-41d1-b2e6-ad40edd9c972"},{"element-6066-11e4-a52e-4f735466cecf":"3fe6214e-33a2-4fee-bb7f-46ce3fc727c2"},{"element-6066-11e4-a52e-4f735466cecf":"46c054df-15e0-4259-bf79-3c42d4d0af93"},{"element-6066-11e4-a52e-4f735466cecf":"682e963c-3741-4520-9fdb-6dfe627c4f02"},{"element-6066-11e4-a52e-4f735466cecf":"19777527-3eb4-47c0-8ebd-8398ef248c0e"},{"element-6066-11e4-a52e-4f735466cecf":"d33b7d9d-4f3e-4657-b862-95b60c6fd8b9"},{"element-6066-11e4-a52e-4f735466cecf":"b7aaa138-e4d0-4624-81c3-ee38b1f1b988"},{"element-6066-11e4-a52e-4f735466cecf":"aa6135e0-6b92-4a20-92ef-67448da1efc1"},{"element-6066-11e4-a52e-4f735466cecf":"04dcffa9-cf32-4e15-a049-7aa820ebb776"},{"element-6066-11e4-a52e-4f735466cecf":"80680d05-6cf9-4a82-b048-91ac880f8a00"},{"element-6066-11e4-a52e-4f735466cecf":"4a4617e4-df2b-4a9a-befa-675044ac9a59"},{"element-6066-11e4-a52e-4f735466cecf":"e624cd21-771e-473a-9354-ff6911ffd264"},{"element-6066-11e4-a52e-4f735466cecf":"29d1627f-532b-44af-975e-4a1daacd71b2"},{"element-6066-11e4-a52e-4f735466cecf":"cee6efe5-100c-478f-b522-76444335da91"},{"element-6066-11e4-a52e-4f735466cecf":"4eea0cd7-b8c1-4376-8234-4e790dfb4c4c"},{"element-6066-11e4-a52e-4f735466cecf":"23034184-fc24-43cc-a680-8fcc948c9481"},{"element-6066-11e4-a52e-4f735466cecf":"9d3988ff-acb0-4038-a6f8-280eb30900e6"},{"element-6066-11e4-a52e-4f735466cecf":"ef8ddfb1-2fad-45c3-aeb4-e78e3ce46e9e"},{"element-6066-11e4-a52e-4f735466cecf":"1989471d-24e6-4191-8ecf-cccf20bfc30a"},{"element-6066-11e4-a52e-4f735466cecf":"f8d17d0a-1c28-49f8-be87-1490596da7ec"},{"element-6066-11e4-a52e-4f735466cecf":"1d495c4e-a4a9-400c-b21e-4d16cc74d15e"},{"element-6066-11e4-a52e-4f735466cecf":"4a8840c6-928b-4c57-9f2b-023c3681c51f"},{"element-6066-11e4-a52e-4f735466cecf":"af372228-d9f6-4d17-a8b4-b8d03fa997b3"},{"element-6066-11e4-a52e-4f735466cecf":"6a31ff25-a705-4a13-b6ea-dbd950cecd7a"},{"element-6066-11e4-a52e-4f735466cecf":"0de9d19e-ddbf-449a-b6fc-f351e387e4f4"},{"element-6066-11e4-a52e-4f735466cecf":"cb3b58fd-e11c-492f-95dd-828a696dc2d3"},{"element-6066-11e4-a52e-4f735466cecf":"5e41671b-bc42-4b29-b1ee-626bc345c6a4"},{"element-6066-11e4-a52e-4f735466cecf":"930be758-0b50-4413-bbac-dabfdf2e61fd"},{"element-6066-11e4-a52e-4f735466cecf":"de159d19-b3a2-4965-b7fd-3d05799dc01f"},{"element-6066-11e4-a52e-4f735466cecf":"a7ee7587-7df7-421d-b361-c358807fe9d6"},{"element-6066-11e4-a52e-4f735466cecf":"9207c043-b55e-4117-9c88-58064073179d"},{"element-6066-11e4-a52e-4f735466cecf":"29df0e08-a07e-4e12-9f62-a4efaf67f6cd"},{"element-6066-11e4-a52e-4f735466cecf":"e1752bdd-6507-4bb3-8643-69bfda3fdd80"},{"element-6066-11e4-a52e-4f735466cecf":"f17fb138-9c7a-4ab3-8dc0-388b32cba3b8"},{"element-6066-11e4-a52e-4f735466cecf":"54dbcaa9-4ac5-4c04-8f14-6ea952986cd9"},{"element-6066-11e4-a52e-4f735466cecf":"5b88746b-4823-48fe-8d74-aad390f20acf"},{"element-6066-11e4-a52e-4f735466cecf":"190a2d0f-ce44-4fa7-b89d-83a6faf1228e"},{"element-6066-11e4-a52e-4f735466cecf":"8be213b8-35c1-4b9d-b4fc-b86872ee8b26"},{"element-6066-11e4-a52e-4f735466cecf":"7405b4e1-ff24-4616-beb8-d70dc53afc18"},{"element-6066-11e4-a52e-4f735466cecf":"3b57f5e7-a851-4ee2-8080-fe985a11518e"},{"element-6066-11e4-a52e-4f735466cecf":"b8f0f3dd-1df3-4844-859a-a0cbdb541f50"},{"element-6066-11e4-a52e-4f735466cecf":"05683761-4da0-4c10-b24b-f4518e8431fa"},{"element-6066-11e4-a52e-4f735466cecf":"5bf0b6f2-2a92-45bc-aa9a-130b329ac3e2"},{"element-6066-11e4-a52e-4f735466cecf":"d7721c9b-8017-411f-887b-e09a4e0114e7"},{"element-6066-11e4-a52e-4f735466cecf":"7364b658-f6d7-4dbb-8db6-e66df1b30acd"},{"element-6066-11e4-a52e-4f735466cecf":"82587318-43b4-4143-8055-50c12bdc651d"},{"element-6066-11e4-a52e-4f735466cecf":"130a8ca6-9fde-409e-addc-a50eba10027c"},{"element-6066-11e4-a52e-4f735466cecf":"9da24e90-af7d-4289-bb37-3a09f736c23b"},{"element-6066-11e4-a52e-4f735466cecf":"4b34b069-e103-4611-9da1-6e965b41a87d"},{"element-6066-11e4-a52e-4f735466cecf":"1194c73a-fcbd-4fd7-9bbe-6ccaa66b7c20"},{"element-6066-11e4-a52e-4f735466cecf":"b7654e97-ccc5-4f88-b1d2-2bf32fff8691"},{"element-6066-11e4-a52e-4f735466cecf":"c541cea7-5ae7-4956-a6d5-d69a21124cf7"},{"element-6066-11e4-a52e-4f735466cecf":"809a7732-1402-4fdc-8532-3bfcf013dda3"},{"element-6066-11e4-a52e-4f735466cecf":"030f3079-e403-4003-889a-012d1a961b53"},{"element-6066-11e4-a52e-4f735466cecf":"e4e1d3d4-13d0-4b99-b34b-b215ebab5fc4"},{"element-6066-11e4-a52e-4f735466cecf":"4854d1ed-8eae-4bb2-b94f-c5ce89401273"},{"element-6066-11e4-a52e-4f735466cecf":"071491f4-73d7-4c83-bb0f-76671de69224"},{"element-6066-11e4-a52e-4f735466cecf":"8a16804e-5124-452b-8f09-f31e5d40900f"},{"element-6066-11e4-a52e-4f735466cecf":"bf32b102-13b6-49b6-9bcb-3725bee72ab7"},{"element-6066-11e4-a52e-4f735466cecf":"5ff7f5c2-7275-4f2f-ae5f-ca0a49382ac5"},{"element-6066-11e4-a52e-4f735466cecf":"6b4dbd77-85a6-4826-875e-2acaba786987"},{"element-6066-11e4-a52e-4f735466cecf":"6e89409e-d2b7-474f-b750-eb5f811b60ac"},{"element-6066-11e4-a52e-4f735466cecf":"444975ac-8c68-4b35-8d65-386a459bc2ef"},{"element-6066-11e4-a52e-4f735466cecf":"56a25996-f996-46d1-9f1e-878b39dbddd2"},{"element-6066-11e4-a52e-4f735466cecf":"43448d8c-ad7e-454f-90dd-abe5df67b648"},{"element-6066-11e4-a52e-4f735466cecf":"fc583f6e-309e-481f-bd60-50018e14306a"},{"element-6066-11e4-a52e-4f735466cecf":"4e7d3d3f-418a-496a-a9a9-3bdd67d7df2a"},{"element-6066-11e4-a52e-4f735466cecf":"00523981-3edc-4a5e-8fcf-bee48f9b73c7"},{"element-6066-11e4-a52e-4f735466cecf":"a3a0c3b0-131d-4965-8328-8edc89bfc5f2"},{"element-6066-11e4-a52e-4f735466cecf":"34939394-a88e-4826-853b-f8eb8a7640ab"},{"element-6066-11e4-a52e-4f735466cecf":"d898aad2-a474-438f-b34a-6604d84bd610"},{"element-6066-11e4-a52e-4f735466cecf":"a26fe4b3-d4c5-4b9d-bb3a-fa7b920ea4d7"},{"element-6066-11e4-a52e-4f735466cecf":"9984b695-a1e3-4f84-a6f4-12ac103146cc"},{"element-6066-11e4-a52e-4f735466cecf":"a423826a-7b50-49b2-8f19-c26bb8461b8b"},{"element-6066-11e4-a52e-4f735466cecf":"ed1ffb1b-9c14-467e-a4b2-9e695c951ab2"},{"element-6066-11e4-a52e-4f735466cecf":"b1dae287-f620-4509-80b8-4f65dbed236c"},{"element-6066-11e4-a52e-4f735466cecf":"973ed653-796e-47a4-ad82-56e1d5db9875"},{"element-6066-11e4-a52e-4f735466cecf":"6fe93f54-7abc-4ec7-8c13-1992bb2743e7"},{"element-6066-11e4-a52e-4f735466cecf":"691b4b60-52ad-46a9-abca-535d2e7a6bed"},{"element-6066-11e4-a52e-4f735466cecf":"b35d05d0-2c60-4837-99cf-1e019ee98887"},{"element-6066-11e4-a52e-4f735466cecf":"0639b5dd-f632-4efc-ac95-8479aa7c555b"},{"element-6066-11e4-a52e-4f735466cecf":"04d271ca-08e7-42b4-90c9-22aff9244651"},{"element-6066-11e4-a52e-4f735466cecf":"a9e4dc0d-ae1e-4e64-a026-26ee42bf9320"},{"element-6066-11e4-a52e-4f735466cecf":"c66d717d-1fb5-43fd-af75-02f61f1dd195"},{"element-6066-11e4-a52e-4f735466cecf":"62ee6985-227a-4614-8a14-c1de557b8291"},{"element-6066-11e4-a52e-4f735466cecf":"d22079d9-8966-404a-9582-73b82b804799"},{"element-6066-11e4-a52e-4f735466cecf":"4f963c02-e99a-4390-ae60-c7bb14af4763"},{"element-6066-11e4-a52e-4f735466cecf":"ecc8f1fc-d6bf-4a9d-8728-dc86c70c7868"},{"element-6066-11e4-a52e-4f735466cecf":"2f2efff2-af15-4c30-bf87-0f058f10b402"},{"element-6066-11e4-a52e-4f735466cecf":"8f5b0ecb-e6ed-4be8-960e-5d301a4d3780"},{"element-6066-11e4-a52e-4f735466cecf":"909e9d63-afbd-4815-b58c-4f77e3b7ffcc"},{"element-6066-11e4-a52e-4f735466cecf":"a9d7d19d-42d5-430b-8a5f-89c910135b6b"},{"element-6066-11e4-a52e-4f735466cecf":"5189747b-627f-4ee4-ba66-5bdeef25bab4"},{"element-6066-11e4-a52e-4f735466cecf":"860c015c-df0e-4bad-8c19-c0e4060d98eb"},{"element-6066-11e4-a52e-4f735466cecf":"0807e8f1-4be3-45c5-b90d-787173702d91"},{"element-6066-11e4-a52e-4f735466cecf":"7fdf512b-b175-49fb-8526-148c7b611a9b"},{"element-6066-11e4-a52e-4f735466cecf":"7f7fb64d-bb18-44e3-851f-227035b73b8e"},{"element-6066-11e4-a52e-4f735466cecf":"99b156f0-3a45-4ffb-b1dc-4a438d86e9f7"},{"element-6066-11e4-a52e-4f735466cecf":"fb8f6645-97be-46bc-9c5b-2a1e8118d9c0"},{"element-6066-11e4-a52e-4f735466cecf":"a2c00e21-1ac2-4f55-9f14-7b440ac8e2ca"},{"element-6066-11e4-a52e-4f735466cecf":"3cfd05df-d322-4209-84ec-694a020fec0f"},{"element-6066-11e4-a52e-4f735466cecf":"48c190a1-2908-4e9a-bf65-a564a07e75bd"},{"element-6066-11e4-a52e-4f735466cecf":"c72348e3-035c-4a5f-b8d3-be2612786b13"},{"element-6066-11e4-a52e-4f735466cecf":"c8416ecc-7d74-4184-85ab-98c3033e40fe"},{"element-6066-11e4-a52e-4f735466cecf":"a571ec46-f561-4bad-a96f-5043c301c367"},{"element-6066-11e4-a52e-4f735466cecf":"98aa2419-8786-46dd-87da-aba450d1885a"},{"element-6066-11e4-a52e-4f735466cecf":"3938c6d7-1b65-45d1-83d2-34252039e012"},{"element-6066-11e4-a52e-4f735466cecf":"1353d45b-138c-4d68-b80c-e87dc49710ce"},{"element-6066-11e4-a52e-4f735466cecf":"a7acdeed-b73c-435e-821f-6042874c32ab"},{"element-6066-11e4-a52e-4f735466cecf":"0b525da2-f8f5-413e-8bb7-cfcf0d272326"},{"element-6066-11e4-a52e-4f735466cecf":"b5515498-0a66-4a89-8047-76a81f59f870"}]} | headers=HTTPHeaderDict({'Content-Length': '181237', 'Content-Type': 'application/json; charset=utf-8', 'cache-control': 'no-cache'})
DEBUG    2022-05-28 23:30:40 selenium.webdriver.remote.remote_connection::remote_connection.py:_request:412: Finished Request
INFO     2022-05-28 23:30:40 root::func_item.py:item_reply_total:184: Pass : 전체 레스토랑 항목들에서 사장님 댓글 영역 있음/없음이 정상적으로 노출 중입니다.
DEBUG    2022-05-28 23:30:40 selenium.webdriver.remote.remote_connection::remote_connection.py:_request:361: DELETE http://localhost:10919/session/1e99bdcd35203f66eff4d2e341e1a0c0 {}
DEBUG    2022-05-28 23:30:40 urllib3.connectionpool::connectionpool.py:_make_request:456: http://localhost:10919 "DELETE /session/1e99bdcd35203f66eff4d2e341e1a0c0 HTTP/1.1" 200 14
DEBUG    2022-05-28 23:30:40 selenium.webdriver.remote.remote_connection::remote_connection.py:_request:383: Remote response: status=200 | data={"value":null} | headers=HTTPHeaderDict({'Content-Length': '14', 'Content-Type': 'application/json; charset=utf-8', 'cache-control': 'no-cache'})
DEBUG    2022-05-28 23:30:40 selenium.webdriver.remote.remote_connection::remote_connection.py:_request:412: Finished Request
INFO     2022-05-28 23:30:42 WDM::logger.py:log:16: ====== WebDriver manager ======
INFO     2022-05-28 23:30:44 WDM::logger.py:log:16: Current google-chrome version is 102.0.5005
INFO     2022-05-28 23:30:44 WDM::logger.py:log:16: Get LATEST chromedriver version for 102.0.5005 google-chrome
DEBUG    2022-05-28 23:30:44 urllib3.connectionpool::connectionpool.py:_new_conn:1001: Starting new HTTPS connection (1): chromedriver.storage.googleapis.com:443
DEBUG    2022-05-28 23:30:44 urllib3.connectionpool::connectionpool.py:_make_request:456: https://chromedriver.storage.googleapis.com:443 "GET /LATEST_RELEASE_102.0.5005 HTTP/1.1" 200 13
INFO     2022-05-28 23:30:44 WDM::logger.py:log:16: Driver [C:\Users\teddy\.wdm\drivers\chromedriver\win32\102.0.5005.61\chromedriver.exe] found in cache
DEBUG    2022-05-28 23:30:44 selenium.webdriver.remote.remote_connection::remote_connection.py:_request:361: POST http://localhost:11008/session {"capabilities": {"firstMatch": [{}], "alwaysMatch": {"browserName": "chrome", "pageLoadStrategy": "normal", "goog:chromeOptions": {"extensions": [], "args": []}}}}
DEBUG    2022-05-28 23:30:44 urllib3.connectionpool::connectionpool.py:_new_conn:228: Starting new HTTP connection (1): localhost:11008
DEBUG    2022-05-28 23:30:45 urllib3.connectionpool::connectionpool.py:_make_request:456: http://localhost:11008 "POST /session HTTP/1.1" 200 789
DEBUG    2022-05-28 23:30:45 selenium.webdriver.remote.remote_connection::remote_connection.py:_request:383: Remote response: status=200 | data={"value":{"capabilities":{"acceptInsecureCerts":false,"browserName":"chrome","browserVersion":"102.0.5005.61","chrome":{"chromedriverVersion":"102.0.5005.61 (0e59bcc00cc4985ce39ad31c150065f159d95ad3-refs/branch-heads/5005@{#819})","userDataDir":"C:\\Users\\teddy\\AppData\\Local\\Temp\\scoped_dir73836_827460117"},"goog:chromeOptions":{"debuggerAddress":"localhost:11012"},"networkConnectionEnabled":false,"pageLoadStrategy":"normal","platformName":"windows","proxy":{},"setWindowRect":true,"strictFileInteractability":false,"timeouts":{"implicit":0,"pageLoad":300000,"script":30000},"unhandledPromptBehavior":"dismiss and notify","webauthn:extension:credBlob":true,"webauthn:extension:largeBlob":true,"webauthn:virtualAuthenticators":true},"sessionId":"afeb63244dd1f30bb6e1f7716822b468"}} | headers=HTTPHeaderDict({'Content-Length': '789', 'Content-Type': 'application/json; charset=utf-8', 'cache-control': 'no-cache'})
DEBUG    2022-05-28 23:30:45 selenium.webdriver.remote.remote_connection::remote_connection.py:_request:412: Finished Request
DEBUG    2022-05-28 23:30:45 selenium.webdriver.remote.remote_connection::remote_connection.py:_request:361: POST http://localhost:11008/session/afeb63244dd1f30bb6e1f7716822b468/window/maximize {}
DEBUG    2022-05-28 23:30:46 urllib3.connectionpool::connectionpool.py:_make_request:456: http://localhost:11008 "POST /session/afeb63244dd1f30bb6e1f7716822b468/window/maximize HTTP/1.1" 200 52
DEBUG    2022-05-28 23:30:46 selenium.webdriver.remote.remote_connection::remote_connection.py:_request:383: Remote response: status=200 | data={"value":{"height":1048,"width":1936,"x":-8,"y":-8}} | headers=HTTPHeaderDict({'Content-Length': '52', 'Content-Type': 'application/json; charset=utf-8', 'cache-control': 'no-cache'})
DEBUG    2022-05-28 23:30:46 selenium.webdriver.remote.remote_connection::remote_connection.py:_request:412: Finished Request
DEBUG    2022-05-28 23:30:46 selenium.webdriver.remote.remote_connection::remote_connection.py:_request:361: POST http://localhost:11008/session/afeb63244dd1f30bb6e1f7716822b468/timeouts {"implicit": 10000}
DEBUG    2022-05-28 23:30:46 urllib3.connectionpool::connectionpool.py:_make_request:456: http://localhost:11008 "POST /session/afeb63244dd1f30bb6e1f7716822b468/timeouts HTTP/1.1" 200 14
DEBUG    2022-05-28 23:30:46 selenium.webdriver.remote.remote_connection::remote_connection.py:_request:383: Remote response: status=200 | data={"value":null} | headers=HTTPHeaderDict({'Content-Length': '14', 'Content-Type': 'application/json; charset=utf-8', 'cache-control': 'no-cache'})
DEBUG    2022-05-28 23:30:46 selenium.webdriver.remote.remote_connection::remote_connection.py:_request:412: Finished Request
DEBUG    2022-05-28 23:30:46 selenium.webdriver.remote.remote_connection::remote_connection.py:_request:361: POST http://localhost:11008/session/afeb63244dd1f30bb6e1f7716822b468/url {"url": "https://www.yogiyo.co.kr/mobile/#/"}
DEBUG    2022-05-28 23:30:48 urllib3.connectionpool::connectionpool.py:_make_request:456: http://localhost:11008 "POST /session/afeb63244dd1f30bb6e1f7716822b468/url HTTP/1.1" 200 14
DEBUG    2022-05-28 23:30:48 selenium.webdriver.remote.remote_connection::remote_connection.py:_request:383: Remote response: status=200 | data={"value":null} | headers=HTTPHeaderDict({'Content-Length': '14', 'Content-Type': 'application/json; charset=utf-8', 'cache-control': 'no-cache'})
DEBUG    2022-05-28 23:30:48 selenium.webdriver.remote.remote_connection::remote_connection.py:_request:412: Finished Request
DEBUG    2022-05-28 23:30:48 selenium.webdriver.remote.remote_connection::remote_connection.py:_request:361: POST http://localhost:11008/session/afeb63244dd1f30bb6e1f7716822b468/element {"using": "xpath", "value": "//input[@name='address_input']"}
DEBUG    2022-05-28 23:30:48 urllib3.connectionpool::connectionpool.py:_make_request:456: http://localhost:11008 "POST /session/afeb63244dd1f30bb6e1f7716822b468/element HTTP/1.1" 200 88
DEBUG    2022-05-28 23:30:48 selenium.webdriver.remote.remote_connection::remote_connection.py:_request:383: Remote response: status=200 | data={"value":{"element-6066-11e4-a52e-4f735466cecf":"80e96aa5-d7ad-4381-873b-bcd0cc47b63d"}} | headers=HTTPHeaderDict({'Content-Length': '88', 'Content-Type': 'application/json; charset=utf-8', 'cache-control': 'no-cache'})
DEBUG    2022-05-28 23:30:48 selenium.webdriver.remote.remote_connection::remote_connection.py:_request:412: Finished Request
DEBUG    2022-05-28 23:30:48 selenium.webdriver.remote.remote_connection::remote_connection.py:_request:361: POST http://localhost:11008/session/afeb63244dd1f30bb6e1f7716822b468/element/80e96aa5-d7ad-4381-873b-bcd0cc47b63d/clear {"id": "80e96aa5-d7ad-4381-873b-bcd0cc47b63d"}
DEBUG    2022-05-28 23:30:48 urllib3.connectionpool::connectionpool.py:_make_request:456: http://localhost:11008 "POST /session/afeb63244dd1f30bb6e1f7716822b468/element/80e96aa5-d7ad-4381-873b-bcd0cc47b63d/clear HTTP/1.1" 200 14
DEBUG    2022-05-28 23:30:48 selenium.webdriver.remote.remote_connection::remote_connection.py:_request:383: Remote response: status=200 | data={"value":null} | headers=HTTPHeaderDict({'Content-Length': '14', 'Content-Type': 'application/json; charset=utf-8', 'cache-control': 'no-cache'})
DEBUG    2022-05-28 23:30:48 selenium.webdriver.remote.remote_connection::remote_connection.py:_request:412: Finished Request
DEBUG    2022-05-28 23:30:48 selenium.webdriver.remote.remote_connection::remote_connection.py:_request:361: POST http://localhost:11008/session/afeb63244dd1f30bb6e1f7716822b468/element {"using": "xpath", "value": "//input[@name='address_input']"}
DEBUG    2022-05-28 23:30:48 urllib3.connectionpool::connectionpool.py:_make_request:456: http://localhost:11008 "POST /session/afeb63244dd1f30bb6e1f7716822b468/element HTTP/1.1" 200 88
DEBUG    2022-05-28 23:30:48 selenium.webdriver.remote.remote_connection::remote_connection.py:_request:383: Remote response: status=200 | data={"value":{"element-6066-11e4-a52e-4f735466cecf":"80e96aa5-d7ad-4381-873b-bcd0cc47b63d"}} | headers=HTTPHeaderDict({'Content-Length': '88', 'Content-Type': 'application/json; charset=utf-8', 'cache-control': 'no-cache'})
DEBUG    2022-05-28 23:30:48 selenium.webdriver.remote.remote_connection::remote_connection.py:_request:412: Finished Request
DEBUG    2022-05-28 23:30:48 selenium.webdriver.remote.remote_connection::remote_connection.py:_request:361: POST http://localhost:11008/session/afeb63244dd1f30bb6e1f7716822b468/element/80e96aa5-d7ad-4381-873b-bcd0cc47b63d/value {"text": "\uc11c\uc6b8\ud2b9\ubcc4\uc2dc \ub3d9\uc791\uad6c \uc0ac\ub2f9\ub3d9 144-4 \uc774\uc218\uc5ed(7\ud638\uc120)", "value": ["\uc11c", "\uc6b8", "\ud2b9", "\ubcc4", "\uc2dc", " ", "\ub3d9", "\uc791", "\uad6c", " ", "\uc0ac", "\ub2f9", "\ub3d9", " ", "1", "4", "4", "-", "4", " ", "\uc774", "\uc218", "\uc5ed", "(", "7", "\ud638", "\uc120", ")"], "id": "80e96aa5-d7ad-4381-873b-bcd0cc47b63d"}
DEBUG    2022-05-28 23:30:48 urllib3.connectionpool::connectionpool.py:_make_request:456: http://localhost:11008 "POST /session/afeb63244dd1f30bb6e1f7716822b468/element/80e96aa5-d7ad-4381-873b-bcd0cc47b63d/value HTTP/1.1" 200 14
DEBUG    2022-05-28 23:30:48 selenium.webdriver.remote.remote_connection::remote_connection.py:_request:383: Remote response: status=200 | data={"value":null} | headers=HTTPHeaderDict({'Content-Length': '14', 'Content-Type': 'application/json; charset=utf-8', 'cache-control': 'no-cache'})
DEBUG    2022-05-28 23:30:48 selenium.webdriver.remote.remote_connection::remote_connection.py:_request:412: Finished Request
DEBUG    2022-05-28 23:30:48 selenium.webdriver.remote.remote_connection::remote_connection.py:_request:361: POST http://localhost:11008/session/afeb63244dd1f30bb6e1f7716822b468/element {"using": "xpath", "value": "//button[@class='btn btn-default ico-pick']"}
DEBUG    2022-05-28 23:30:49 urllib3.connectionpool::connectionpool.py:_make_request:456: http://localhost:11008 "POST /session/afeb63244dd1f30bb6e1f7716822b468/element HTTP/1.1" 200 88
DEBUG    2022-05-28 23:30:49 selenium.webdriver.remote.remote_connection::remote_connection.py:_request:383: Remote response: status=200 | data={"value":{"element-6066-11e4-a52e-4f735466cecf":"c44db5de-94ba-4fea-b262-9ec67ac0eb35"}} | headers=HTTPHeaderDict({'Content-Length': '88', 'Content-Type': 'application/json; charset=utf-8', 'cache-control': 'no-cache'})
DEBUG    2022-05-28 23:30:49 selenium.webdriver.remote.remote_connection::remote_connection.py:_request:412: Finished Request
DEBUG    2022-05-28 23:30:49 selenium.webdriver.remote.remote_connection::remote_connection.py:_request:361: POST http://localhost:11008/session/afeb63244dd1f30bb6e1f7716822b468/element/c44db5de-94ba-4fea-b262-9ec67ac0eb35/click {"id": "c44db5de-94ba-4fea-b262-9ec67ac0eb35"}
DEBUG    2022-05-28 23:30:49 urllib3.connectionpool::connectionpool.py:_make_request:456: http://localhost:11008 "POST /session/afeb63244dd1f30bb6e1f7716822b468/element/c44db5de-94ba-4fea-b262-9ec67ac0eb35/click HTTP/1.1" 200 14
DEBUG    2022-05-28 23:30:49 selenium.webdriver.remote.remote_connection::remote_connection.py:_request:383: Remote response: status=200 | data={"value":null} | headers=HTTPHeaderDict({'Content-Length': '14', 'Content-Type': 'application/json; charset=utf-8', 'cache-control': 'no-cache'})
DEBUG    2022-05-28 23:30:49 selenium.webdriver.remote.remote_connection::remote_connection.py:_request:412: Finished Request
DEBUG    2022-05-28 23:30:50 selenium.webdriver.remote.remote_connection::remote_connection.py:_request:361: GET http://localhost:11008/session/afeb63244dd1f30bb6e1f7716822b468/url {}
DEBUG    2022-05-28 23:30:50 urllib3.connectionpool::connectionpool.py:_make_request:456: http://localhost:11008 "GET /session/afeb63244dd1f30bb6e1f7716822b468/url HTTP/1.1" 200 99
DEBUG    2022-05-28 23:30:50 selenium.webdriver.remote.remote_connection::remote_connection.py:_request:383: Remote response: status=200 | data={"value":"https://www.yogiyo.co.kr/mobile/#/%EC%84%9C%EC%9A%B8%ED%8A%B9%EB%B3%84%EC%8B%9C/156091/"} | headers=HTTPHeaderDict({'Content-Length': '99', 'Content-Type': 'application/json; charset=utf-8', 'cache-control': 'no-cache'})
DEBUG    2022-05-28 23:30:50 selenium.webdriver.remote.remote_connection::remote_connection.py:_request:412: Finished Request
INFO     2022-05-28 23:30:50 root::mod_common.py:compare_url:25: 현재 URL : https://www.yogiyo.co.kr/mobile/#/%EC%84%9C%EC%9A%B8%ED%8A%B9%EB%B3%84%EC%8B%9C/156091/
INFO     2022-05-28 23:30:50 root::mod_common.py:compare_url:26: 비교 URL : https://www.yogiyo.co.kr/mobile/#/%EC%84%9C%EC%9A%B8%ED%8A%B9%EB%B3%84%EC%8B%9C/156091/
INFO     2022-05-28 23:30:50 root::mod_common.py:compare_url:28: 두 URL이 일치합니다.
INFO     2022-05-28 23:30:50 root::mod_enter.py:enter_restaurant_list:19: Success : 레스토랑 리스트 페이지 진입에 성공했습니다.
DEBUG    2022-05-28 23:30:50 selenium.webdriver.remote.remote_connection::remote_connection.py:_request:361: POST http://localhost:11008/session/afeb63244dd1f30bb6e1f7716822b468/execute/sync {"script": "return document.body.scrollHeight", "args": []}
DEBUG    2022-05-28 23:30:50 urllib3.connectionpool::connectionpool.py:_make_request:456: http://localhost:11008 "POST /session/afeb63244dd1f30bb6e1f7716822b468/execute/sync HTTP/1.1" 200 14
DEBUG    2022-05-28 23:30:50 selenium.webdriver.remote.remote_connection::remote_connection.py:_request:383: Remote response: status=200 | data={"value":4505} | headers=HTTPHeaderDict({'Content-Length': '14', 'Content-Type': 'application/json; charset=utf-8', 'cache-control': 'no-cache'})
DEBUG    2022-05-28 23:30:50 selenium.webdriver.remote.remote_connection::remote_connection.py:_request:412: Finished Request
DEBUG    2022-05-28 23:30:50 selenium.webdriver.remote.remote_connection::remote_connection.py:_request:361: POST http://localhost:11008/session/afeb63244dd1f30bb6e1f7716822b468/execute/sync {"script": "window.scrollTo(0, 4505)", "args": []}
DEBUG    2022-05-28 23:30:50 urllib3.connectionpool::connectionpool.py:_make_request:456: http://localhost:11008 "POST /session/afeb63244dd1f30bb6e1f7716822b468/execute/sync HTTP/1.1" 200 14
DEBUG    2022-05-28 23:30:50 selenium.webdriver.remote.remote_connection::remote_connection.py:_request:383: Remote response: status=200 | data={"value":null} | headers=HTTPHeaderDict({'Content-Length': '14', 'Content-Type': 'application/json; charset=utf-8', 'cache-control': 'no-cache'})
DEBUG    2022-05-28 23:30:50 selenium.webdriver.remote.remote_connection::remote_connection.py:_request:412: Finished Request
DEBUG    2022-05-28 23:30:51 selenium.webdriver.remote.remote_connection::remote_connection.py:_request:361: POST http://localhost:11008/session/afeb63244dd1f30bb6e1f7716822b468/execute/sync {"script": "return document.body.scrollHeight", "args": []}
DEBUG    2022-05-28 23:30:51 urllib3.connectionpool::connectionpool.py:_make_request:456: http://localhost:11008 "POST /session/afeb63244dd1f30bb6e1f7716822b468/execute/sync HTTP/1.1" 200 14
DEBUG    2022-05-28 23:30:51 selenium.webdriver.remote.remote_connection::remote_connection.py:_request:383: Remote response: status=200 | data={"value":7984} | headers=HTTPHeaderDict({'Content-Length': '14', 'Content-Type': 'application/json; charset=utf-8', 'cache-control': 'no-cache'})
DEBUG    2022-05-28 23:30:51 selenium.webdriver.remote.remote_connection::remote_connection.py:_request:412: Finished Request
DEBUG    2022-05-28 23:30:51 selenium.webdriver.remote.remote_connection::remote_connection.py:_request:361: POST http://localhost:11008/session/afeb63244dd1f30bb6e1f7716822b468/execute/sync {"script": "window.scrollTo(4505, 7984)", "args": []}
DEBUG    2022-05-28 23:30:51 urllib3.connectionpool::connectionpool.py:_make_request:456: http://localhost:11008 "POST /session/afeb63244dd1f30bb6e1f7716822b468/execute/sync HTTP/1.1" 200 14
DEBUG    2022-05-28 23:30:51 selenium.webdriver.remote.remote_connection::remote_connection.py:_request:383: Remote response: status=200 | data={"value":null} | headers=HTTPHeaderDict({'Content-Length': '14', 'Content-Type': 'application/json; charset=utf-8', 'cache-control': 'no-cache'})
DEBUG    2022-05-28 23:30:51 selenium.webdriver.remote.remote_connection::remote_connection.py:_request:412: Finished Request
DEBUG    2022-05-28 23:30:51 selenium.webdriver.remote.remote_connection::remote_connection.py:_request:361: POST http://localhost:11008/session/afeb63244dd1f30bb6e1f7716822b468/execute/sync {"script": "return document.body.scrollHeight", "args": []}
DEBUG    2022-05-28 23:30:51 urllib3.connectionpool::connectionpool.py:_make_request:456: http://localhost:11008 "POST /session/afeb63244dd1f30bb6e1f7716822b468/execute/sync HTTP/1.1" 200 15
DEBUG    2022-05-28 23:30:51 selenium.webdriver.remote.remote_connection::remote_connection.py:_request:383: Remote response: status=200 | data={"value":11524} | headers=HTTPHeaderDict({'Content-Length': '15', 'Content-Type': 'application/json; charset=utf-8', 'cache-control': 'no-cache'})
DEBUG    2022-05-28 23:30:51 selenium.webdriver.remote.remote_connection::remote_connection.py:_request:412: Finished Request
DEBUG    2022-05-28 23:30:51 selenium.webdriver.remote.remote_connection::remote_connection.py:_request:361: POST http://localhost:11008/session/afeb63244dd1f30bb6e1f7716822b468/execute/sync {"script": "window.scrollTo(7984, 11524)", "args": []}
DEBUG    2022-05-28 23:30:51 urllib3.connectionpool::connectionpool.py:_make_request:456: http://localhost:11008 "POST /session/afeb63244dd1f30bb6e1f7716822b468/execute/sync HTTP/1.1" 200 14
DEBUG    2022-05-28 23:30:51 selenium.webdriver.remote.remote_connection::remote_connection.py:_request:383: Remote response: status=200 | data={"value":null} | headers=HTTPHeaderDict({'Content-Length': '14', 'Content-Type': 'application/json; charset=utf-8', 'cache-control': 'no-cache'})
DEBUG    2022-05-28 23:30:51 selenium.webdriver.remote.remote_connection::remote_connection.py:_request:412: Finished Request
DEBUG    2022-05-28 23:30:52 selenium.webdriver.remote.remote_connection::remote_connection.py:_request:361: POST http://localhost:11008/session/afeb63244dd1f30bb6e1f7716822b468/execute/sync {"script": "return document.body.scrollHeight", "args": []}
DEBUG    2022-05-28 23:30:52 urllib3.connectionpool::connectionpool.py:_make_request:456: http://localhost:11008 "POST /session/afeb63244dd1f30bb6e1f7716822b468/execute/sync HTTP/1.1" 200 15
DEBUG    2022-05-28 23:30:52 selenium.webdriver.remote.remote_connection::remote_connection.py:_request:383: Remote response: status=200 | data={"value":15064} | headers=HTTPHeaderDict({'Content-Length': '15', 'Content-Type': 'application/json; charset=utf-8', 'cache-control': 'no-cache'})
DEBUG    2022-05-28 23:30:52 selenium.webdriver.remote.remote_connection::remote_connection.py:_request:412: Finished Request
DEBUG    2022-05-28 23:30:52 selenium.webdriver.remote.remote_connection::remote_connection.py:_request:361: POST http://localhost:11008/session/afeb63244dd1f30bb6e1f7716822b468/execute/sync {"script": "window.scrollTo(11524, 15064)", "args": []}
DEBUG    2022-05-28 23:30:52 urllib3.connectionpool::connectionpool.py:_make_request:456: http://localhost:11008 "POST /session/afeb63244dd1f30bb6e1f7716822b468/execute/sync HTTP/1.1" 200 14
DEBUG    2022-05-28 23:30:52 selenium.webdriver.remote.remote_connection::remote_connection.py:_request:383: Remote response: status=200 | data={"value":null} | headers=HTTPHeaderDict({'Content-Length': '14', 'Content-Type': 'application/json; charset=utf-8', 'cache-control': 'no-cache'})
DEBUG    2022-05-28 23:30:52 selenium.webdriver.remote.remote_connection::remote_connection.py:_request:412: Finished Request
DEBUG    2022-05-28 23:30:52 selenium.webdriver.remote.remote_connection::remote_connection.py:_request:361: POST http://localhost:11008/session/afeb63244dd1f30bb6e1f7716822b468/execute/sync {"script": "return document.body.scrollHeight", "args": []}
DEBUG    2022-05-28 23:30:52 urllib3.connectionpool::connectionpool.py:_make_request:456: http://localhost:11008 "POST /session/afeb63244dd1f30bb6e1f7716822b468/execute/sync HTTP/1.1" 200 15
DEBUG    2022-05-28 23:30:52 selenium.webdriver.remote.remote_connection::remote_connection.py:_request:383: Remote response: status=200 | data={"value":18604} | headers=HTTPHeaderDict({'Content-Length': '15', 'Content-Type': 'application/json; charset=utf-8', 'cache-control': 'no-cache'})
DEBUG    2022-05-28 23:30:52 selenium.webdriver.remote.remote_connection::remote_connection.py:_request:412: Finished Request
DEBUG    2022-05-28 23:30:52 selenium.webdriver.remote.remote_connection::remote_connection.py:_request:361: POST http://localhost:11008/session/afeb63244dd1f30bb6e1f7716822b468/execute/sync {"script": "window.scrollTo(15064, 18604)", "args": []}
DEBUG    2022-05-28 23:30:52 urllib3.connectionpool::connectionpool.py:_make_request:456: http://localhost:11008 "POST /session/afeb63244dd1f30bb6e1f7716822b468/execute/sync HTTP/1.1" 200 14
DEBUG    2022-05-28 23:30:52 selenium.webdriver.remote.remote_connection::remote_connection.py:_request:383: Remote response: status=200 | data={"value":null} | headers=HTTPHeaderDict({'Content-Length': '14', 'Content-Type': 'application/json; charset=utf-8', 'cache-control': 'no-cache'})
DEBUG    2022-05-28 23:30:52 selenium.webdriver.remote.remote_connection::remote_connection.py:_request:412: Finished Request
DEBUG    2022-05-28 23:30:53 selenium.webdriver.remote.remote_connection::remote_connection.py:_request:361: POST http://localhost:11008/session/afeb63244dd1f30bb6e1f7716822b468/elements {"using": "xpath", "value": "//li[@class='payment-methods ng-binding yogiseo-payment']"}
DEBUG    2022-05-28 23:30:53 urllib3.connectionpool::connectionpool.py:_make_request:456: http://localhost:11008 "POST /session/afeb63244dd1f30bb6e1f7716822b468/elements HTTP/1.1" 200 28451
DEBUG    2022-05-28 23:30:53 selenium.webdriver.remote.remote_connection::remote_connection.py:_request:383: Remote response: status=200 | data={"value":[{"element-6066-11e4-a52e-4f735466cecf":"d6cb6a2c-ecea-47ca-91c6-001c7d4189ac"},{"element-6066-11e4-a52e-4f735466cecf":"803a6b4e-08ea-41ca-a067-9f4d354f80a3"},{"element-6066-11e4-a52e-4f735466cecf":"2609f864-adfb-428b-a9ff-ffe6b7436b2c"},{"element-6066-11e4-a52e-4f735466cecf":"e85b18c8-acc4-46f3-a169-d6a52046887d"},{"element-6066-11e4-a52e-4f735466cecf":"0669e4b3-8dcc-4f8a-afdf-e130240054ca"},{"element-6066-11e4-a52e-4f735466cecf":"168c5895-af78-4fe7-9941-05546b771921"},{"element-6066-11e4-a52e-4f735466cecf":"2a8dc26f-234c-4608-8a31-3fcc4d26b6b3"},{"element-6066-11e4-a52e-4f735466cecf":"665a523f-61bd-4124-89ef-69dd73c2d5d5"},{"element-6066-11e4-a52e-4f735466cecf":"62c639e6-ab03-443c-b99f-8d4b42e4f5f7"},{"element-6066-11e4-a52e-4f735466cecf":"e30a0efe-70bb-4522-a2e1-329af1645d7d"},{"element-6066-11e4-a52e-4f735466cecf":"c1c507e3-e088-4ab0-b1b0-32f8a630acaf"},{"element-6066-11e4-a52e-4f735466cecf":"93d77153-919f-4383-8b25-4ba6a107ade1"},{"element-6066-11e4-a52e-4f735466cecf":"f384ee7f-3c07-464d-be27-b74f9cc0e789"},{"element-6066-11e4-a52e-4f735466cecf":"f027d703-bea4-4de3-a3bd-e89ee1ec4708"},{"element-6066-11e4-a52e-4f735466cecf":"b3a377ec-21aa-40f7-83f7-6ad07ad3f299"},{"element-6066-11e4-a52e-4f735466cecf":"7d136629-538c-4eb6-9a19-c9cda8f55fe7"},{"element-6066-11e4-a52e-4f735466cecf":"121231cc-741f-4664-aa74-b7e2e680cd39"},{"element-6066-11e4-a52e-4f735466cecf":"cdbcb8ec-bd48-4b91-bf20-26c4e46707a7"},{"element-6066-11e4-a52e-4f735466cecf":"413d78f2-19e6-4191-a04e-16481c82344c"},{"element-6066-11e4-a52e-4f735466cecf":"536dddc6-7ac1-4359-87a8-d0b58c454876"},{"element-6066-11e4-a52e-4f735466cecf":"402a4e7d-74d0-4145-9347-8afb8b50e614"},{"element-6066-11e4-a52e-4f735466cecf":"d985ede5-1e57-40d2-ab27-e7df7b123507"},{"element-6066-11e4-a52e-4f735466cecf":"1914d819-54bd-43cb-b3ac-24c3e2daa0a1"},{"element-6066-11e4-a52e-4f735466cecf":"9bab5f22-efb2-4fdd-a42e-c7439b601578"},{"element-6066-11e4-a52e-4f735466cecf":"b96fb1af-d945-4cee-9630-d11d6c288bc5"},{"element-6066-11e4-a52e-4f735466cecf":"47eebcb7-cebd-4dc3-a7d3-78cf4dc38b04"},{"element-6066-11e4-a52e-4f735466cecf":"f0a0d060-ff56-48f6-91aa-ae04444ea1aa"},{"element-6066-11e4-a52e-4f735466cecf":"7678c1e1-c4f0-477e-898c-1cba700b3364"},{"element-6066-11e4-a52e-4f735466cecf":"6953a41d-9a4a-421e-b11c-9135f22e3301"},{"element-6066-11e4-a52e-4f735466cecf":"19ee845b-09e9-4083-ac77-d651e90f1e58"},{"element-6066-11e4-a52e-4f735466cecf":"48937bc1-cc24-4e4f-a3fc-e5d9b966bfec"},{"element-6066-11e4-a52e-4f735466cecf":"c06453c7-c2c8-422c-947d-17503cab7472"},{"element-6066-11e4-a52e-4f735466cecf":"dfc9706d-88f1-412f-aeff-3f239368d20b"},{"element-6066-11e4-a52e-4f735466cecf":"71fd7480-bf1f-410d-97e6-9c4170d9b9d5"},{"element-6066-11e4-a52e-4f735466cecf":"ed4d6e05-71c2-4f2a-8a76-06e35c9dc556"},{"element-6066-11e4-a52e-4f735466cecf":"b900bedd-b8cb-45ea-8c7e-61697ec3ad1a"},{"element-6066-11e4-a52e-4f735466cecf":"fe2fe8fe-5b74-4cc1-93f8-6a3ae667f4ab"},{"element-6066-11e4-a52e-4f735466cecf":"67be9bcf-d5df-4f85-bede-8f1ed783ef88"},{"element-6066-11e4-a52e-4f735466cecf":"ab9eeea2-addd-4e87-b881-44fb4eb45993"},{"element-6066-11e4-a52e-4f735466cecf":"45ce5651-8b68-46fb-8b4f-c23261520064"},{"element-6066-11e4-a52e-4f735466cecf":"2dff41bc-e759-40de-9f44-5bdc9a35a8e5"},{"element-6066-11e4-a52e-4f735466cecf":"9ec02f94-485b-4853-a234-0aa1484fbfec"},{"element-6066-11e4-a52e-4f735466cecf":"6c88e122-55f5-424c-b9bc-5a91dd1fcced"},{"element-6066-11e4-a52e-4f735466cecf":"e1f95506-d8b6-4d5a-af61-8636970f94c3"},{"element-6066-11e4-a52e-4f735466cecf":"d38cda4e-2316-4119-abe4-c1a4065e3d98"},{"element-6066-11e4-a52e-4f735466cecf":"8ce73f03-109a-4e09-8d1e-623c91189304"},{"element-6066-11e4-a52e-4f735466cecf":"96d6ac39-0cad-41ef-ac07-e8d704722dc0"},{"element-6066-11e4-a52e-4f735466cecf":"7028c056-2524-4e21-ab73-c99b6a39dd79"},{"element-6066-11e4-a52e-4f735466cecf":"aa933ad1-3376-4cd7-9b7b-78eff94a6ea8"},{"element-6066-11e4-a52e-4f735466cecf":"19dd39e9-f773-4a8e-9ef3-c8b379056593"},{"element-6066-11e4-a52e-4f735466cecf":"22221ec0-8819-4c47-9fca-79eab4ef29f1"},{"element-6066-11e4-a52e-4f735466cecf":"be35b65b-b4cc-4a89-94cb-72a95b4fd2b2"},{"element-6066-11e4-a52e-4f735466cecf":"10783b5d-6639-40bf-b299-34e7d352d455"},{"element-6066-11e4-a52e-4f735466cecf":"d90728ad-92fb-4bb0-9f52-290bb4b662a7"},{"element-6066-11e4-a52e-4f735466cecf":"6f8ed1f9-76e9-47e1-a7b9-1bb89849cbf6"},{"element-6066-11e4-a52e-4f735466cecf":"31815217-734e-4c18-a564-94eb97722dcf"},{"element-6066-11e4-a52e-4f735466cecf":"f221af8e-ec85-4c3f-ac94-759fb6f4a2bd"},{"element-6066-11e4-a52e-4f735466cecf":"0779e568-6288-416e-8ca9-ac123091a417"},{"element-6066-11e4-a52e-4f735466cecf":"56506c8a-e8ab-4cc4-a93c-ea1ed1b4b04c"},{"element-6066-11e4-a52e-4f735466cecf":"98d3914b-f6a9-4146-8a87-4dd610a1bb6f"},{"element-6066-11e4-a52e-4f735466cecf":"8a9c98d4-402d-4975-b456-c2c0029bda1f"},{"element-6066-11e4-a52e-4f735466cecf":"52b1fce1-1aff-4c2e-a1f8-6a1323dff7a5"},{"element-6066-11e4-a52e-4f735466cecf":"11423b45-c6bd-4125-8b67-ba50e433b6e5"},{"element-6066-11e4-a52e-4f735466cecf":"144feb07-2b62-4f76-94cf-36fbf8981265"},{"element-6066-11e4-a52e-4f735466cecf":"b8ebe35b-5b6e-43be-b7bd-17891d0084f1"},{"element-6066-11e4-a52e-4f735466cecf":"70c1ba17-bf49-4340-8475-e6acb81b7dc7"},{"element-6066-11e4-a52e-4f735466cecf":"96044604-d6ae-42ab-9db3-47113617857e"},{"element-6066-11e4-a52e-4f735466cecf":"3b1ceae3-d7da-4e29-8963-fe76ea061154"},{"element-6066-11e4-a52e-4f735466cecf":"6deeda6c-e974-49c3-a3d9-2c78f167ffd9"},{"element-6066-11e4-a52e-4f735466cecf":"5a5a6e99-dd0d-474a-89d8-ce1318cce5e8"},{"element-6066-11e4-a52e-4f735466cecf":"57a5e13f-ec23-479b-bd6f-52609a46f1fc"},{"element-6066-11e4-a52e-4f735466cecf":"bf1da82e-c7e8-4d1c-a686-8aa769273c3c"},{"element-6066-11e4-a52e-4f735466cecf":"30f23404-0a4d-4c09-b572-24a26d84aa1c"},{"element-6066-11e4-a52e-4f735466cecf":"9edf274a-304f-403d-a6d3-0e379eac7aef"},{"element-6066-11e4-a52e-4f735466cecf":"76b9328d-c470-49e5-8538-c197651adaf5"},{"element-6066-11e4-a52e-4f735466cecf":"2e74e59f-0b30-48ad-bfcf-df2ae403d80e"},{"element-6066-11e4-a52e-4f735466cecf":"d7e95cb6-3688-4ac4-9db9-28cb62c87912"},{"element-6066-11e4-a52e-4f735466cecf":"5b4c2876-3a81-437f-a111-80271e081950"},{"element-6066-11e4-a52e-4f735466cecf":"5c254dff-1e1d-4e61-a6e0-a0b56811273c"},{"element-6066-11e4-a52e-4f735466cecf":"d24e7739-abdc-4da9-90f9-e641537b71b8"},{"element-6066-11e4-a52e-4f735466cecf":"7fe1b392-3c6f-4054-a2ca-82cd6d0cf13d"},{"element-6066-11e4-a52e-4f735466cecf":"5158c6de-e3bb-478b-a5bd-15de6f607128"},{"element-6066-11e4-a52e-4f735466cecf":"9635d1b5-1364-469d-b562-84bab61618ad"},{"element-6066-11e4-a52e-4f735466cecf":"27b8aec5-bde7-42a7-9c04-2fa2763ee36a"},{"element-6066-11e4-a52e-4f735466cecf":"6b1946af-8445-47fb-8383-097417ceeaf7"},{"element-6066-11e4-a52e-4f735466cecf":"d2424e74-45c9-49d1-ae04-f686431c0ab6"},{"element-6066-11e4-a52e-4f735466cecf":"5b2836b0-024a-4015-b1ae-f21a07a872c6"},{"element-6066-11e4-a52e-4f735466cecf":"41da790a-a1f6-4258-89a1-ead7758a92e9"},{"element-6066-11e4-a52e-4f735466cecf":"887f1f76-e105-4abf-a03e-c0e08d3c5ffe"},{"element-6066-11e4-a52e-4f735466cecf":"34ff54bc-c28d-4e40-98d3-0a4d123e5ee8"},{"element-6066-11e4-a52e-4f735466cecf":"490740d2-eb7c-4d1a-82a6-9f16dd51e10a"},{"element-6066-11e4-a52e-4f735466cecf":"83f291f3-ee80-40ef-a3d1-88df08723463"},{"element-6066-11e4-a52e-4f735466cecf":"2a6b589a-36b7-421d-8120-7d776364f69f"},{"element-6066-11e4-a52e-4f735466cecf":"26dc4707-01a3-4677-bc55-792783ebd8cd"},{"element-6066-11e4-a52e-4f735466cecf":"b85eb257-27cc-4d9c-ada7-81f12d8ed8c4"},{"element-6066-11e4-a52e-4f735466cecf":"950e6c50-6baa-4f73-9ed7-7c13bf8395fd"},{"element-6066-11e4-a52e-4f735466cecf":"22b0a140-033d-4b3f-bf93-c391668fec9f"},{"element-6066-11e4-a52e-4f735466cecf":"d7b5575a-2683-47d1-ad07-a40a03e6b85c"},{"element-6066-11e4-a52e-4f735466cecf":"d4dcfde2-038a-4517-a0d0-3177fe3cb657"},{"element-6066-11e4-a52e-4f735466cecf":"a1a800da-5b83-4391-b4d9-1b12840d9154"},{"element-6066-11e4-a52e-4f735466cecf":"2a6c7a38-a10b-4a04-a4eb-1d12636e08d0"},{"element-6066-11e4-a52e-4f735466cecf":"7bda6432-93d2-4c3f-aba3-28749ffc20ef"},{"element-6066-11e4-a52e-4f735466cecf":"22a1d632-233b-44b7-921e-9e087d70e110"},{"element-6066-11e4-a52e-4f735466cecf":"604c71fc-f56f-4ffc-a9d1-398149333a78"},{"element-6066-11e4-a52e-4f735466cecf":"83aa5919-1391-437b-9caa-3383b2019965"},{"element-6066-11e4-a52e-4f735466cecf":"1af23b03-f152-427c-b9b5-1e77e9fb2903"},{"element-6066-11e4-a52e-4f735466cecf":"77621961-1b63-4e7e-bc1b-4379ac0e2f8a"},{"element-6066-11e4-a52e-4f735466cecf":"4dd33086-f14d-40e8-9dde-1cbe910ce478"},{"element-6066-11e4-a52e-4f735466cecf":"f3e20799-2238-4a52-97f6-1966a8258276"},{"element-6066-11e4-a52e-4f735466cecf":"66b83adc-7b4a-4842-b77e-94455b4be0c7"},{"element-6066-11e4-a52e-4f735466cecf":"5262b237-b6ed-4192-a539-45be1e0057d4"},{"element-6066-11e4-a52e-4f735466cecf":"bca84d2d-e945-4db9-abd2-a339a2c44bf6"},{"element-6066-11e4-a52e-4f735466cecf":"5fd9bd38-fc5f-479e-90f0-9052e1f4ccdb"},{"element-6066-11e4-a52e-4f735466cecf":"8890ad41-3fae-4a7a-bcb2-79926164154f"},{"element-6066-11e4-a52e-4f735466cecf":"7be5a53f-40db-42da-97a8-68992a7d0185"},{"element-6066-11e4-a52e-4f735466cecf":"c5fa7b92-2228-4cff-82dc-5e7e60de6ce6"},{"element-6066-11e4-a52e-4f735466cecf":"9871a459-1625-4dfd-b595-381f2da84f85"},{"element-6066-11e4-a52e-4f735466cecf":"d0418f25-9d92-4366-a0c8-da4475a5bf0f"},{"element-6066-11e4-a52e-4f735466cecf":"1962b107-5cfc-41d1-b25c-43123394450e"},{"element-6066-11e4-a52e-4f735466cecf":"6782fa7b-322f-4f6e-a4dc-2a91c7dc6230"},{"element-6066-11e4-a52e-4f735466cecf":"db24ca4d-7963-42a4-b8a5-8024432f56aa"},{"element-6066-11e4-a52e-4f735466cecf":"9ee6ead1-a1ee-4b1f-89c7-f4251aa30334"},{"element-6066-11e4-a52e-4f735466cecf":"8bca344c-c3f9-4af9-b21b-fce4cf78440a"},{"element-6066-11e4-a52e-4f735466cecf":"96f5c7c8-497c-4884-9f92-915281e74225"},{"element-6066-11e4-a52e-4f735466cecf":"65936330-263f-470d-8c9d-01b4b282ddce"},{"element-6066-11e4-a52e-4f735466cecf":"b64a9d98-29e1-4e61-abd2-22cb68715236"},{"element-6066-11e4-a52e-4f735466cecf":"af0d9686-be4f-423d-b221-d25fb6b94275"},{"element-6066-11e4-a52e-4f735466cecf":"8fe3af91-1fd1-46e5-8b0d-2daa297678fa"},{"element-6066-11e4-a52e-4f735466cecf":"4b792144-0bae-477c-b60e-913349b16117"},{"element-6066-11e4-a52e-4f735466cecf":"65b59df6-e46d-43e6-8d3a-1b86c775007b"},{"element-6066-11e4-a52e-4f735466cecf":"65e730e7-191c-4957-b0dd-a7df31563fa5"},{"element-6066-11e4-a52e-4f735466cecf":"790b0180-b74b-4d79-b350-5ba81ffbeef7"},{"element-6066-11e4-a52e-4f735466cecf":"a4fd7c71-7020-43b4-9a58-e2e97e3f1964"},{"element-6066-11e4-a52e-4f735466cecf":"68bd59c8-37a8-4883-9c21-ce2dd69faa04"},{"element-6066-11e4-a52e-4f735466cecf":"9d829127-4656-4718-9d20-0666244baae8"},{"element-6066-11e4-a52e-4f735466cecf":"4eb3a4ff-616a-4492-ae60-cc7504369f76"},{"element-6066-11e4-a52e-4f735466cecf":"065c482e-d433-4333-b857-211cf4c7a378"},{"element-6066-11e4-a52e-4f735466cecf":"b89098a5-3823-4baf-9acb-eebc22499279"},{"element-6066-11e4-a52e-4f735466cecf":"49e939a2-8f40-4d83-808a-75089417f598"},{"element-6066-11e4-a52e-4f735466cecf":"a2e7d24b-9c71-444d-b330-e64866f24c35"},{"element-6066-11e4-a52e-4f735466cecf":"e9120bba-f367-4460-9a9b-78febe7bb1ef"},{"element-6066-11e4-a52e-4f735466cecf":"a5d58496-024a-4ce5-953d-f78426e45d08"},{"element-6066-11e4-a52e-4f735466cecf":"a705b91c-d044-4b7b-ba97-0d56cbd77b62"},{"element-6066-11e4-a52e-4f735466cecf":"60fe8eec-7485-42db-9abc-6fda788b7ed6"},{"element-6066-11e4-a52e-4f735466cecf":"842fe3bd-7eb1-4de5-be4c-8a96cffc63d0"},{"element-6066-11e4-a52e-4f735466cecf":"01ef859f-306c-4633-b806-0d0c3615bd45"},{"element-6066-11e4-a52e-4f735466cecf":"cabd20ce-ddd4-47ac-a475-490e5d64bfe1"},{"element-6066-11e4-a52e-4f735466cecf":"dbbbe5e0-f95e-4bc6-ad8c-b1e5d38f38fa"},{"element-6066-11e4-a52e-4f735466cecf":"43cde136-e4b2-410f-8b01-b0bfacdf3f10"},{"element-6066-11e4-a52e-4f735466cecf":"0e5a573f-6f76-4060-bbf0-85e524d57366"},{"element-6066-11e4-a52e-4f735466cecf":"c37f4c7f-a350-4f9f-b869-911103d517d6"},{"element-6066-11e4-a52e-4f735466cecf":"147623e7-1e6c-448f-b383-9eaf8e51d52f"},{"element-6066-11e4-a52e-4f735466cecf":"58f61fd5-8a05-4011-b48c-60cd6211c18f"},{"element-6066-11e4-a52e-4f735466cecf":"a403dd9f-5cab-4ec7-b936-2fc3c4ae4eb9"},{"element-6066-11e4-a52e-4f735466cecf":"eb965f10-3e10-4836-bf3b-e7ccf6649bda"},{"element-6066-11e4-a52e-4f735466cecf":"03d5d32f-faca-4cef-bbc2-a25697f280e8"},{"element-6066-11e4-a52e-4f735466cecf":"d49d879c-b861-4c5f-8d99-eb70dc301d76"},{"element-6066-11e4-a52e-4f735466cecf":"c3737f0e-2942-4a46-9eac-66b9b073fe49"},{"element-6066-11e4-a52e-4f735466cecf":"ea7d4e94-074a-4231-958b-f76edad05af5"},{"element-6066-11e4-a52e-4f735466cecf":"5254682c-a4d0-418a-a755-c40ddd9af86b"},{"element-6066-11e4-a52e-4f735466cecf":"6ab06716-f30b-46ff-972f-7b7736be1eeb"},{"element-6066-11e4-a52e-4f735466cecf":"08d8e4f7-71b3-4aba-a6d5-8132c3a59f93"},{"element-6066-11e4-a52e-4f735466cecf":"ca495c67-eff8-4753-8735-2a718b5bd276"},{"element-6066-11e4-a52e-4f735466cecf":"b62ad310-6bf7-40d6-95f8-268ab67ca394"},{"element-6066-11e4-a52e-4f735466cecf":"188b9f46-f562-4583-b75b-1b20a6baa409"},{"element-6066-11e4-a52e-4f735466cecf":"15e225d5-b29f-47d8-bd1d-af5409f7e02f"},{"element-6066-11e4-a52e-4f735466cecf":"a3e2b73a-2b3a-4e6f-9dc0-ade56aa7c4f7"},{"element-6066-11e4-a52e-4f735466cecf":"12846551-9cd7-4222-a026-5bb1f983217d"},{"element-6066-11e4-a52e-4f735466cecf":"02cdff07-8a0c-427c-a08a-015e66d3bb72"},{"element-6066-11e4-a52e-4f735466cecf":"f97d978b-131e-4eff-b58d-d49c92325898"},{"element-6066-11e4-a52e-4f735466cecf":"32ea7061-57ea-47e4-bec3-c06c6a4c5c0e"},{"element-6066-11e4-a52e-4f735466cecf":"ae0293e8-4ab5-4f70-b84b-1bca77add691"},{"element-6066-11e4-a52e-4f735466cecf":"09f551e3-a5fa-4c59-8d84-f93c1cae8500"},{"element-6066-11e4-a52e-4f735466cecf":"c4a1fdae-8490-4520-a841-fdccb02f1349"},{"element-6066-11e4-a52e-4f735466cecf":"9aa7016e-5423-4827-bfcc-100a5df4c855"},{"element-6066-11e4-a52e-4f735466cecf":"a5762a15-b743-4d79-a9b4-83d3fce3fa0e"},{"element-6066-11e4-a52e-4f735466cecf":"597866fa-6f16-482b-9ea2-e3bcf88119cb"},{"element-6066-11e4-a52e-4f735466cecf":"24649626-2f3a-41e2-bea5-b0894e042ebc"},{"element-6066-11e4-a52e-4f735466cecf":"8fbe07f0-18eb-4831-b6b1-442b3f509370"},{"element-6066-11e4-a52e-4f735466cecf":"cdafae53-e2a2-4101-b452-24fbddf8df0c"},{"element-6066-11e4-a52e-4f735466cecf":"109ff977-17a6-488a-83b3-d1ed3b37e9f5"},{"element-6066-11e4-a52e-4f735466cecf":"7c16eac1-ffdc-4b35-92f7-af099b1f5604"},{"element-6066-11e4-a52e-4f735466cecf":"0c7eb56a-7e6e-4fda-bb11-6ae56e898991"},{"element-6066-11e4-a52e-4f735466cecf":"2508c70d-a163-4bbf-8053-28e60ab2b79e"},{"element-6066-11e4-a52e-4f735466cecf":"11d596ba-653c-4304-8efc-5d7bd9ac15ba"},{"element-6066-11e4-a52e-4f735466cecf":"935642bf-4119-48ca-abb5-f3e58d5d91fd"},{"element-6066-11e4-a52e-4f735466cecf":"6f53b436-8287-411c-936b-d181469758d1"},{"element-6066-11e4-a52e-4f735466cecf":"41a8918b-bd65-4c75-89b4-780581c069a8"},{"element-6066-11e4-a52e-4f735466cecf":"e92e01b1-d68f-489b-be67-e8b949019b3f"},{"element-6066-11e4-a52e-4f735466cecf":"01dbe8e6-c4a2-4cf0-89cf-e55967a572ac"},{"element-6066-11e4-a52e-4f735466cecf":"80f19569-498d-436d-b345-0aba5d24a6c2"},{"element-6066-11e4-a52e-4f735466cecf":"8bea3551-eac7-47cf-8bce-8470b01fce4c"},{"element-6066-11e4-a52e-4f735466cecf":"bc22a905-981e-443a-9a59-eacf9a682d5a"},{"element-6066-11e4-a52e-4f735466cecf":"983a7b08-b65a-4780-a84f-ed89932d236a"},{"element-6066-11e4-a52e-4f735466cecf":"d2d24be9-28d5-4a65-be9c-d33f1ee694dd"},{"element-6066-11e4-a52e-4f735466cecf":"c478971c-3c73-4001-9f41-a5b6c56d6105"},{"element-6066-11e4-a52e-4f735466cecf":"9f09e282-901c-429b-8ccd-25dbf34db70c"},{"element-6066-11e4-a52e-4f735466cecf":"597ee155-a093-4782-b94b-acc461f19cd4"},{"element-6066-11e4-a52e-4f735466cecf":"74e0c44c-f496-43aa-a0bd-3b16606cb9c2"},{"element-6066-11e4-a52e-4f735466cecf":"a04ce6d9-a23b-41e0-9039-3701b38e660b"},{"element-6066-11e4-a52e-4f735466cecf":"92c071bf-1ec8-4c45-9d12-0438e9019352"},{"element-6066-11e4-a52e-4f735466cecf":"2b6519b8-bd0a-42dc-93e3-3f8722ef982a"},{"element-6066-11e4-a52e-4f735466cecf":"4d9cb61d-ca0f-4a4d-aed7-9ad78914442d"},{"element-6066-11e4-a52e-4f735466cecf":"f8653327-fd24-49a3-917d-d797a4dc572d"},{"element-6066-11e4-a52e-4f735466cecf":"50a8e82b-1343-465c-8fff-c0537320cf5b"},{"element-6066-11e4-a52e-4f735466cecf":"1d604aeb-ad2b-4729-96f6-36ea5c1a61fc"},{"element-6066-11e4-a52e-4f735466cecf":"ebf4be73-8d68-404c-b478-43b87ea45e5f"},{"element-6066-11e4-a52e-4f735466cecf":"e9567a36-2ac5-48e4-b2f0-fce4210141ac"},{"element-6066-11e4-a52e-4f735466cecf":"94730e19-48c6-4443-8a60-b11e0a6f1963"},{"element-6066-11e4-a52e-4f735466cecf":"a1059d9c-2716-428d-b834-243cfb72f994"},{"element-6066-11e4-a52e-4f735466cecf":"f7a0d39f-beb3-45fe-8175-5263834d64a7"},{"element-6066-11e4-a52e-4f735466cecf":"3d33666e-f171-46d4-b591-dae80e24b705"},{"element-6066-11e4-a52e-4f735466cecf":"7d5e4b4e-e76c-4c11-b4b1-3535e0a4f35b"},{"element-6066-11e4-a52e-4f735466cecf":"71e1784f-19e4-4669-8928-ad934f847e43"},{"element-6066-11e4-a52e-4f735466cecf":"d90c1ae7-fc87-4961-92a0-fee93b687951"},{"element-6066-11e4-a52e-4f735466cecf":"638c2c5c-4699-448b-b01f-3a7a811aac32"},{"element-6066-11e4-a52e-4f735466cecf":"933e133b-f0e0-47bd-a691-30fd40ee8d00"},{"element-6066-11e4-a52e-4f735466cecf":"4165a66b-1860-49f0-b196-6a2ab569f4f6"},{"element-6066-11e4-a52e-4f735466cecf":"60eda296-9679-461b-b6a3-61e69311d585"},{"element-6066-11e4-a52e-4f735466cecf":"3165fe6c-0b12-4ec7-a3a9-41cd7a706d05"},{"element-6066-11e4-a52e-4f735466cecf":"e02a34ea-ec24-44b0-8ca5-c559fd70474d"},{"element-6066-11e4-a52e-4f735466cecf":"21066a71-a312-4ae0-9596-4c4517a0320b"},{"element-6066-11e4-a52e-4f735466cecf":"201666c5-992d-47d3-9776-c2a89985953f"},{"element-6066-11e4-a52e-4f735466cecf":"f75189ca-9d0e-4d50-8c88-e3f92681ef17"},{"element-6066-11e4-a52e-4f735466cecf":"edda6740-acc7-4c0b-affe-dce46d99cd3e"},{"element-6066-11e4-a52e-4f735466cecf":"feeb6713-d576-4aef-92db-2346a608f881"},{"element-6066-11e4-a52e-4f735466cecf":"92b68373-4846-48e5-9756-bbde99681474"},{"element-6066-11e4-a52e-4f735466cecf":"7bb24d50-233b-4507-a94a-dcd35b7ebabf"},{"element-6066-11e4-a52e-4f735466cecf":"3f494835-7143-4bf7-a4ae-49b1488d2023"},{"element-6066-11e4-a52e-4f735466cecf":"86f8e1f8-ea51-4f01-9331-ff592e01bcbf"},{"element-6066-11e4-a52e-4f735466cecf":"bc2264fc-f1ca-4021-a20d-6abc4a7ab44b"},{"element-6066-11e4-a52e-4f735466cecf":"eeb515e0-fcc6-4edc-a7f2-32732e02cba7"},{"element-6066-11e4-a52e-4f735466cecf":"32902664-bb19-4e66-9f68-f49bd3dd9ca6"},{"element-6066-11e4-a52e-4f735466cecf":"7cb8082f-9f95-4b60-a707-3261985afb5f"},{"element-6066-11e4-a52e-4f735466cecf":"0f04517e-f554-4fad-9ec7-fa3d9e4c676a"},{"element-6066-11e4-a52e-4f735466cecf":"e36f19fc-6190-476d-a5ed-1df414eaf05a"},{"element-6066-11e4-a52e-4f735466cecf":"d301c8d2-9bbc-4b7a-a02b-02ca4d04a7d1"},{"element-6066-11e4-a52e-4f735466cecf":"ee31502d-77a4-43eb-8de5-9dc49d79f630"},{"element-6066-11e4-a52e-4f735466cecf":"591996fe-814d-4e5b-8269-acd49180e6b1"},{"element-6066-11e4-a52e-4f735466cecf":"042d91ca-6247-455a-9e81-0ef18c49b10f"},{"element-6066-11e4-a52e-4f735466cecf":"d756b7ea-fb9c-4966-aac2-183ec12f6956"},{"element-6066-11e4-a52e-4f735466cecf":"d64af788-e3f8-4645-9b7d-0b10c3f97d31"},{"element-6066-11e4-a52e-4f735466cecf":"7d01562a-cfb5-4470-89a9-82fdf348eed2"},{"element-6066-11e4-a52e-4f735466cecf":"51793d6c-73d9-4554-ad9e-6a07bf6ae7ef"},{"element-6066-11e4-a52e-4f735466cecf":"d9e0611b-0804-4164-bf3c-fff5b7ac2bfc"},{"element-6066-11e4-a52e-4f735466cecf":"4f6f4d5e-7f74-4ede-8e0a-609389f2ed91"},{"element-6066-11e4-a52e-4f735466cecf":"47a5498c-e0db-40c3-a66a-fa702a362b60"},{"element-6066-11e4-a52e-4f735466cecf":"6861d813-12fb-4799-956d-3d65efc1d823"},{"element-6066-11e4-a52e-4f735466cecf":"479da5f4-bf6c-416a-8c7b-89c643d7f95b"},{"element-6066-11e4-a52e-4f735466cecf":"94e9c7f5-8b69-4230-a250-88b4e45aa7ed"},{"element-6066-11e4-a52e-4f735466cecf":"7e80a7de-23aa-429f-bd77-ee49796264a1"},{"element-6066-11e4-a52e-4f735466cecf":"7c7e06d7-5fd6-4d6d-b678-d0a2046d3c74"},{"element-6066-11e4-a52e-4f735466cecf":"ff46e88c-7b2b-4f44-82fb-e682644cc2f9"},{"element-6066-11e4-a52e-4f735466cecf":"c4dbf23c-143a-45bf-a1b2-e55bcc8de181"},{"element-6066-11e4-a52e-4f735466cecf":"de37ab33-ee8b-4c5f-978c-6ffe9699afcf"},{"element-6066-11e4-a52e-4f735466cecf":"c8e6506e-8ece-44f8-a4b2-e0dfb4410752"},{"element-6066-11e4-a52e-4f735466cecf":"5c4df579-aea4-4042-b1cb-b215c5d2e4ce"},{"element-6066-11e4-a52e-4f735466cecf":"0691979a-56ba-4b1a-9920-c327db476222"},{"element-6066-11e4-a52e-4f735466cecf":"303c75d6-2880-404d-8e3b-487fdde1e461"},{"element-6066-11e4-a52e-4f735466cecf":"1164175d-f3d4-4c20-bb89-7f0cad5dce33"},{"element-6066-11e4-a52e-4f735466cecf":"e698c2de-5e2e-4227-bd88-378afe7f4022"},{"element-6066-11e4-a52e-4f735466cecf":"704676c8-cd02-488b-a265-380d02cbc3aa"},{"element-6066-11e4-a52e-4f735466cecf":"cd80bbb7-9554-434e-9628-c2533437790f"},{"element-6066-11e4-a52e-4f735466cecf":"47fbc4b8-9fbc-4a08-a540-cdfb5d3e4eb0"},{"element-6066-11e4-a52e-4f735466cecf":"3c3ec080-b02d-4874-9459-fe2d449a98f7"},{"element-6066-11e4-a52e-4f735466cecf":"8ec50144-0004-4ca0-ad39-bfde893f03af"},{"element-6066-11e4-a52e-4f735466cecf":"28933992-26df-4c64-ae50-1059a7e980fb"},{"element-6066-11e4-a52e-4f735466cecf":"ab4eefea-fe50-476a-b360-f6bb0ee673ab"},{"element-6066-11e4-a52e-4f735466cecf":"e2281dcf-4407-43d0-bfee-b89192a81822"},{"element-6066-11e4-a52e-4f735466cecf":"f6056350-507d-4364-9c83-2a49d16b7397"},{"element-6066-11e4-a52e-4f735466cecf":"e40375bd-d470-488d-ace9-80b497eb7f55"},{"element-6066-11e4-a52e-4f735466cecf":"683499e0-76f1-4cc8-b4ff-5fe5e1a3bbe3"},{"element-6066-11e4-a52e-4f735466cecf":"d5ada06a-f3b5-4c2d-a3b4-d2c3eeabe0dd"},{"element-6066-11e4-a52e-4f735466cecf":"536e1be8-06bc-43c2-ba72-25e704ff187f"},{"element-6066-11e4-a52e-4f735466cecf":"50700d56-1b57-4475-8ba8-1204cda54589"},{"element-6066-11e4-a52e-4f735466cecf":"91bd5a20-b28a-4a53-8d10-d04bef8350fc"},{"element-6066-11e4-a52e-4f735466cecf":"15093094-0d8a-4d40-bc22-31c48c81c320"},{"element-6066-11e4-a52e-4f735466cecf":"c3660acf-1571-403a-9072-b735473ea0ea"},{"element-6066-11e4-a52e-4f735466cecf":"c3b60fd0-7e4b-4da9-b8f4-8cc05e771288"},{"element-6066-11e4-a52e-4f735466cecf":"06151111-be6b-44c4-a652-f47e3ccdaaea"},{"element-6066-11e4-a52e-4f735466cecf":"63f589e2-08a1-4e5f-bf65-0eef2a337d6f"},{"element-6066-11e4-a52e-4f735466cecf":"63acc59b-cceb-41ee-85ff-6f9f4ccd076c"},{"element-6066-11e4-a52e-4f735466cecf":"8436db03-8492-4f2a-8f6f-daccceebddc6"},{"element-6066-11e4-a52e-4f735466cecf":"e90c0198-c9e0-4498-a4de-62ce470d50fc"},{"element-6066-11e4-a52e-4f735466cecf":"46d3bbfe-ee22-4472-81da-1c91bbab37d1"},{"element-6066-11e4-a52e-4f735466cecf":"4d6940a0-3b6b-491d-b950-fa13fd6e8673"},{"element-6066-11e4-a52e-4f735466cecf":"8e7604e1-647d-486d-8a82-1e3087b4b936"},{"element-6066-11e4-a52e-4f735466cecf":"b1ee92af-9ca3-436c-8353-d169f88bf582"},{"element-6066-11e4-a52e-4f735466cecf":"24dbc26b-7694-4873-957d-53fbba34f8eb"},{"element-6066-11e4-a52e-4f735466cecf":"40a57ed4-32a6-417f-af15-0c1e0587d52e"},{"element-6066-11e4-a52e-4f735466cecf":"4b504e4b-9de6-4ede-a60a-c25eeb0e2218"},{"element-6066-11e4-a52e-4f735466cecf":"53368e5d-541e-4172-b8c1-2fe34153dda9"},{"element-6066-11e4-a52e-4f735466cecf":"ff54d246-09c3-41aa-b111-df104b1b073b"},{"element-6066-11e4-a52e-4f735466cecf":"72c64095-4f1e-49a9-b322-f8c0f58f7511"},{"element-6066-11e4-a52e-4f735466cecf":"8b3816cd-bf29-424a-8de9-a49ab77e8ba7"},{"element-6066-11e4-a52e-4f735466cecf":"c0777e95-b989-4b2b-ade4-8e1959d85c86"},{"element-6066-11e4-a52e-4f735466cecf":"f8023b58-200c-4888-92e8-4e12a6b71371"},{"element-6066-11e4-a52e-4f735466cecf":"57670295-78a6-48c2-b00f-32bd301df01a"},{"element-6066-11e4-a52e-4f735466cecf":"55a73891-b1d4-423d-ad2e-887c36baddb9"},{"element-6066-11e4-a52e-4f735466cecf":"de403e2e-55c1-4343-9152-4471b02942a1"},{"element-6066-11e4-a52e-4f735466cecf":"67a0ae6f-181e-4f1d-9482-ba7b935128e9"},{"element-6066-11e4-a52e-4f735466cecf":"31d2f548-e0e5-427b-8c7b-1ce2bb600384"},{"element-6066-11e4-a52e-4f735466cecf":"940ca601-80c7-4875-9c28-ec02b5b437ac"},{"element-6066-11e4-a52e-4f735466cecf":"6feeb9ca-a804-4f8e-97d0-845387183ac1"},{"element-6066-11e4-a52e-4f735466cecf":"c5157a70-df43-4efd-bd83-2e8c0f5edbf3"},{"element-6066-11e4-a52e-4f735466cecf":"114c3b34-f69b-40a1-9c2e-738fe21130b2"},{"element-6066-11e4-a52e-4f735466cecf":"bf0df204-8a9b-4851-b542-6e794af68a7b"},{"element-6066-11e4-a52e-4f735466cecf":"46d03d35-6678-443c-80d9-1b8e76e01571"},{"element-6066-11e4-a52e-4f735466cecf":"d3c09737-71c2-432c-9ead-305000b7d33d"},{"element-6066-11e4-a52e-4f735466cecf":"3a336063-a666-443b-b5a3-589342577973"},{"element-6066-11e4-a52e-4f735466cecf":"3d6b39da-6581-481b-8c2c-07ad9bc4c8ee"},{"element-6066-11e4-a52e-4f735466cecf":"9e06fe8e-ea75-4621-bdb5-98504945d315"},{"element-6066-11e4-a52e-4f735466cecf":"ba445a91-3118-49ca-80b3-a4032d621157"},{"element-6066-11e4-a52e-4f735466cecf":"eb5a73cb-b810-4c7e-8d95-407177344f78"},{"element-6066-11e4-a52e-4f735466cecf":"06012a91-7529-4947-9619-7c97216f4e1a"},{"element-6066-11e4-a52e-4f735466cecf":"04037afa-dda3-44c7-935d-71c8e9657e4b"},{"element-6066-11e4-a52e-4f735466cecf":"74d07815-72fe-49f4-b599-144e90752ad8"},{"element-6066-11e4-a52e-4f735466cecf":"9ff19795-b816-4951-b61d-81223e3385b1"},{"element-6066-11e4-a52e-4f735466cecf":"d464c1d0-72e3-445f-97e2-b0c506234622"},{"element-6066-11e4-a52e-4f735466cecf":"4cbdaf08-2e0f-43c9-b8a8-09d9f58260ff"},{"element-6066-11e4-a52e-4f735466cecf":"60a1f5f8-1385-41a8-8875-fd27d300e3b7"},{"element-6066-11e4-a52e-4f735466cecf":"49f903be-1def-49cc-823e-c4d04b7142b7"},{"element-6066-11e4-a52e-4f735466cecf":"ab63b70e-1860-4f74-851d-771a3ec4a63f"},{"element-6066-11e4-a52e-4f735466cecf":"c10b2f3f-2d53-481f-99c8-3554c2d2c90a"},{"element-6066-11e4-a52e-4f735466cecf":"c3d258d0-9f92-40fe-b90b-07faa6202ae8"},{"element-6066-11e4-a52e-4f735466cecf":"147892a1-a78d-447f-83ab-a12ba391e958"},{"element-6066-11e4-a52e-4f735466cecf":"e2f965ba-904b-4c12-8649-9aa883c3b1ee"},{"element-6066-11e4-a52e-4f735466cecf":"fac1a2b8-4c05-4ad2-a7a6-41aba43d8895"},{"element-6066-11e4-a52e-4f735466cecf":"6e531cf8-dc67-4a06-94a6-717a80a8942e"},{"element-6066-11e4-a52e-4f735466cecf":"4bacbfd7-2679-4acc-9e77-6cf71d76cd4f"},{"element-6066-11e4-a52e-4f735466cecf":"19c66bdb-2484-45ac-99bf-94be36a6a1e8"},{"element-6066-11e4-a52e-4f735466cecf":"2b4fb97a-1869-41eb-96d4-5919da4e4ced"},{"element-6066-11e4-a52e-4f735466cecf":"50351a2f-5bb3-4a78-9908-c7f214906e14"},{"element-6066-11e4-a52e-4f735466cecf":"6ae5be80-a902-4651-a580-6b2a44cbe16e"},{"element-6066-11e4-a52e-4f735466cecf":"e24f795a-ba62-47ce-8f05-b620163cf8ea"},{"element-6066-11e4-a52e-4f735466cecf":"ef8790d8-3a54-44a4-8525-9ba3ef633bb6"},{"element-6066-11e4-a52e-4f735466cecf":"a542c242-181e-40a9-994c-1356dadb9328"},{"element-6066-11e4-a52e-4f735466cecf":"3a372f25-7da6-42c0-84c7-dbcfb63a387a"},{"element-6066-11e4-a52e-4f735466cecf":"6028a2bb-02a9-4b49-bc23-e14eb6ddfe27"},{"element-6066-11e4-a52e-4f735466cecf":"cfbcfdae-4cdf-43d4-9df1-b94589bbb08e"},{"element-6066-11e4-a52e-4f735466cecf":"d4db476c-dab0-4f22-a43c-dfe3c12390cd"},{"element-6066-11e4-a52e-4f735466cecf":"636d4d6a-ec31-471a-8b5c-c99954e8e369"},{"element-6066-11e4-a52e-4f735466cecf":"99f12203-bbce-4f02-961b-4ed58e552af9"},{"element-6066-11e4-a52e-4f735466cecf":"a39e080c-a623-4345-bebe-9c6384007baf"},{"element-6066-11e4-a52e-4f735466cecf":"7f8dd087-dd36-46da-8548-2a5481d1285e"},{"element-6066-11e4-a52e-4f735466cecf":"72edd2bb-f6d0-442c-a6e1-f1916bbcf06a"},{"element-6066-11e4-a52e-4f735466cecf":"7d0d11d2-ad65-4daf-9a30-3e18d9202805"},{"element-6066-11e4-a52e-4f735466cecf":"c98a1ca2-1d7b-4a1c-b48a-b04e65f12740"},{"element-6066-11e4-a52e-4f735466cecf":"a2050261-56a5-4dd1-b3e6-fdb351049af0"},{"element-6066-11e4-a52e-4f735466cecf":"d45bab1d-efaa-4616-9658-3f1de99bd4c3"},{"element-6066-11e4-a52e-4f735466cecf":"26b4d3c0-f676-452c-86de-25f6b843639e"},{"element-6066-11e4-a52e-4f735466cecf":"28e2d184-a7bc-4d32-b234-b63a60698ea2"},{"element-6066-11e4-a52e-4f735466cecf":"c951cc85-6da6-4f76-afd3-07e82ce62aad"},{"element-6066-11e4-a52e-4f735466cecf":"c46a624e-75e9-488b-8b30-8fac4c3a84f2"},{"element-6066-11e4-a52e-4f735466cecf":"a0476335-6263-4427-8d86-f64bc60fc8e2"},{"element-6066-11e4-a52e-4f735466cecf":"03b49a0c-9eb4-4a56-a0df-e334d6f3d594"},{"element-6066-11e4-a52e-4f735466cecf":"c44e4df3-ddb1-4e58-a067-104a0586d187"},{"element-6066-11e4-a52e-4f735466cecf":"9a286fb6-8878-4632-8858-c8618c28b0b8"},{"element-6066-11e4-a52e-4f735466cecf":"1d0d1e87-4c5b-41fd-98f7-85a6ec15353e"},{"element-6066-11e4-a52e-4f735466cecf":"c39d41bd-242b-4018-8bf6-89d4585a9453"}]} | headers=HTTPHeaderDict({'Content-Length': '28451', 'Content-Type': 'application/json; charset=utf-8', 'cache-control': 'no-cache'})
DEBUG    2022-05-28 23:30:53 selenium.webdriver.remote.remote_connection::remote_connection.py:_request:412: Finished Request
DEBUG    2022-05-28 23:30:53 selenium.webdriver.remote.remote_connection::remote_connection.py:_request:361: POST http://localhost:11008/session/afeb63244dd1f30bb6e1f7716822b468/elements {"using": "xpath", "value": "//div[@class='item clearfix']"}
DEBUG    2022-05-28 23:30:53 urllib3.connectionpool::connectionpool.py:_make_request:456: http://localhost:11008 "POST /session/afeb63244dd1f30bb6e1f7716822b468/elements HTTP/1.1" 200 28451
DEBUG    2022-05-28 23:30:53 selenium.webdriver.remote.remote_connection::remote_connection.py:_request:383: Remote response: status=200 | data={"value":[{"element-6066-11e4-a52e-4f735466cecf":"a44f5e12-91c9-438e-bafb-5ac01d7889d6"},{"element-6066-11e4-a52e-4f735466cecf":"84c9c81b-91dc-435e-9b6b-9d864b832039"},{"element-6066-11e4-a52e-4f735466cecf":"38ea22b7-90c5-4add-820c-9e1e8bdc9c5d"},{"element-6066-11e4-a52e-4f735466cecf":"7b9e0a99-a0d9-4bce-b583-f934054a44b5"},{"element-6066-11e4-a52e-4f735466cecf":"acd1ee92-c128-4de4-86ea-d177291f3304"},{"element-6066-11e4-a52e-4f735466cecf":"c1e07e41-b591-4bde-a540-2886a2c9cb53"},{"element-6066-11e4-a52e-4f735466cecf":"0381fbe8-0bef-4dea-9b4d-fe6ea7d2525c"},{"element-6066-11e4-a52e-4f735466cecf":"612649e1-e835-48c7-9f1e-625eba98c508"},{"element-6066-11e4-a52e-4f735466cecf":"172ed669-c00e-4359-9201-96384d45b18a"},{"element-6066-11e4-a52e-4f735466cecf":"f63ef142-b37e-4727-8d69-242967fc6234"},{"element-6066-11e4-a52e-4f735466cecf":"23bb10d8-307a-4bc0-a4db-9d1016e3f179"},{"element-6066-11e4-a52e-4f735466cecf":"2e275521-3e5d-4270-a199-8cf7b7e2fa57"},{"element-6066-11e4-a52e-4f735466cecf":"78228709-2b77-49fb-9325-153d859aa012"},{"element-6066-11e4-a52e-4f735466cecf":"74fc0c6a-898f-494d-98e3-ebde5dd61632"},{"element-6066-11e4-a52e-4f735466cecf":"1f28eae6-76e5-4b99-a305-e6badbe39ee5"},{"element-6066-11e4-a52e-4f735466cecf":"1cb9a079-1a42-4e64-9329-014e46b7f606"},{"element-6066-11e4-a52e-4f735466cecf":"82b852f6-e29b-40d6-973d-f11305520756"},{"element-6066-11e4-a52e-4f735466cecf":"5e466fbf-4342-4730-876b-1f6a13a86639"},{"element-6066-11e4-a52e-4f735466cecf":"93110ce2-df11-427f-8f78-6fe2ce057873"},{"element-6066-11e4-a52e-4f735466cecf":"5d786d5d-cb1b-459f-b4eb-e3e38d146f4a"},{"element-6066-11e4-a52e-4f735466cecf":"b64b13a0-934b-4338-b635-aeba9fa84a4f"},{"element-6066-11e4-a52e-4f735466cecf":"5b491394-0c81-44e0-88e8-944429a6cbad"},{"element-6066-11e4-a52e-4f735466cecf":"c57272fa-9146-4480-bb33-033a71743743"},{"element-6066-11e4-a52e-4f735466cecf":"be06b976-2e97-4415-9d7a-10d61df64960"},{"element-6066-11e4-a52e-4f735466cecf":"5244f5a0-0797-4cf5-993d-463e9ff1eddd"},{"element-6066-11e4-a52e-4f735466cecf":"dfaa278f-0c75-4bd4-8138-5f4e47bfb16d"},{"element-6066-11e4-a52e-4f735466cecf":"06c16ff5-46c6-4e76-b707-b8d20f3e63a3"},{"element-6066-11e4-a52e-4f735466cecf":"c523ce04-a41e-451f-9ef2-2c59dc334071"},{"element-6066-11e4-a52e-4f735466cecf":"c449cc1f-461b-46bf-85c9-70acdb48ea61"},{"element-6066-11e4-a52e-4f735466cecf":"4220b325-22bf-4688-b541-879795dc620c"},{"element-6066-11e4-a52e-4f735466cecf":"07ba9bc5-1dfe-454c-b09a-4df43ebc2f6e"},{"element-6066-11e4-a52e-4f735466cecf":"86e1ef3d-b413-49df-87e6-1733525af38b"},{"element-6066-11e4-a52e-4f735466cecf":"a9758fea-05e8-4195-a637-b459491d9d80"},{"element-6066-11e4-a52e-4f735466cecf":"aaf32886-bd90-424e-8119-3356c12cb49e"},{"element-6066-11e4-a52e-4f735466cecf":"406af80a-7fec-435a-8a23-ef404b4de839"},{"element-6066-11e4-a52e-4f735466cecf":"bc6044a8-60b1-40ec-9ebc-6d451684f36e"},{"element-6066-11e4-a52e-4f735466cecf":"0f7a3fdb-ef06-4f74-bdc9-bd7c315623b7"},{"element-6066-11e4-a52e-4f735466cecf":"3b8ac110-41ee-4f3d-868d-0f0e07d3aa88"},{"element-6066-11e4-a52e-4f735466cecf":"68a255f9-3389-4d79-b2af-3e63e94be301"},{"element-6066-11e4-a52e-4f735466cecf":"14224df7-097e-4fa9-857a-bc4b7503964f"},{"element-6066-11e4-a52e-4f735466cecf":"0872f702-b24e-4421-84bb-54a0f2018e6d"},{"element-6066-11e4-a52e-4f735466cecf":"b2a31e44-b0d2-460a-ae14-2bf1db598650"},{"element-6066-11e4-a52e-4f735466cecf":"4fa9e004-dc85-4a96-9c55-b55695613339"},{"element-6066-11e4-a52e-4f735466cecf":"e63df1af-6546-406a-ab13-aa02b3ff0d65"},{"element-6066-11e4-a52e-4f735466cecf":"6ed2c191-4b66-40a8-8f83-0bf446c112c9"},{"element-6066-11e4-a52e-4f735466cecf":"adda1ebf-f86d-463a-b917-aaf70e17da35"},{"element-6066-11e4-a52e-4f735466cecf":"11e99b17-378d-469c-932c-123969e97de0"},{"element-6066-11e4-a52e-4f735466cecf":"0cbe8d2c-138c-4952-8a09-31db3d28f4c9"},{"element-6066-11e4-a52e-4f735466cecf":"f54d8d97-f945-4d9d-bf08-2dca72406b26"},{"element-6066-11e4-a52e-4f735466cecf":"5aec3a6a-8e75-4dad-a881-cba35fbef778"},{"element-6066-11e4-a52e-4f735466cecf":"314ce23c-7616-455e-89d2-f5751714e601"},{"element-6066-11e4-a52e-4f735466cecf":"19abfe43-770a-410d-87da-cdca4bed75c5"},{"element-6066-11e4-a52e-4f735466cecf":"0c82f8ef-72a1-4e28-8042-0fa4ad2acf8c"},{"element-6066-11e4-a52e-4f735466cecf":"ddd0a1c5-a827-4e68-89af-ef2f829e2862"},{"element-6066-11e4-a52e-4f735466cecf":"27c7a3cb-0073-4886-84ed-5cdaed2b84a0"},{"element-6066-11e4-a52e-4f735466cecf":"da01d38f-dba6-4a21-9be4-e726cdb6e60d"},{"element-6066-11e4-a52e-4f735466cecf":"1a924d29-6615-488e-b20a-24df3f099f7a"},{"element-6066-11e4-a52e-4f735466cecf":"5387235b-559e-441e-83de-fd6a7c8d76a6"},{"element-6066-11e4-a52e-4f735466cecf":"1291b797-abc4-42c7-a730-552ad4f3d027"},{"element-6066-11e4-a52e-4f735466cecf":"7aeae0b2-b713-49f6-b4a0-22d5baa6ca3e"},{"element-6066-11e4-a52e-4f735466cecf":"cb929beb-625a-4811-93a9-81ab862cd65e"},{"element-6066-11e4-a52e-4f735466cecf":"92210586-30a7-4e0c-836f-081a22f4c0f3"},{"element-6066-11e4-a52e-4f735466cecf":"f55517ae-8f23-4828-9ba8-1fef7f986d70"},{"element-6066-11e4-a52e-4f735466cecf":"6793b5e3-bca7-4a7a-8e5f-91f507ee0b34"},{"element-6066-11e4-a52e-4f735466cecf":"4e295c2c-d6e5-4e95-a31f-43c7f1b010c6"},{"element-6066-11e4-a52e-4f735466cecf":"6abdf1dd-139c-4aab-b134-70cb94c875f2"},{"element-6066-11e4-a52e-4f735466cecf":"15eff18a-39aa-4fcc-81f0-7a5cc47f3cbe"},{"element-6066-11e4-a52e-4f735466cecf":"76930747-bbbc-4ad5-8bd0-d64d3fc5f692"},{"element-6066-11e4-a52e-4f735466cecf":"6b5e8e31-9fd5-4369-86ef-7d4abf0b74d5"},{"element-6066-11e4-a52e-4f735466cecf":"30da93a7-e03d-4606-9082-c97fb81e8823"},{"element-6066-11e4-a52e-4f735466cecf":"18b031e4-6221-463f-8b21-ebf92fb4a683"},{"element-6066-11e4-a52e-4f735466cecf":"d337b7bc-49f2-4528-a53b-0273eb8c355a"},{"element-6066-11e4-a52e-4f735466cecf":"6839e58e-5142-4961-ba84-428bc3385efb"},{"element-6066-11e4-a52e-4f735466cecf":"12c5ef5e-2279-4677-ad87-a5a69ad788cf"},{"element-6066-11e4-a52e-4f735466cecf":"4a577c06-11fa-4a07-bfbd-7b27a672cbd2"},{"element-6066-11e4-a52e-4f735466cecf":"440a5958-7a5b-4aaa-954a-6cfc34536d1d"},{"element-6066-11e4-a52e-4f735466cecf":"fdc35daa-b95e-4ea2-a1d8-cfeecb982348"},{"element-6066-11e4-a52e-4f735466cecf":"b846f551-5d6a-44bd-8ede-84896cc978c2"},{"element-6066-11e4-a52e-4f735466cecf":"c91f252f-a17a-4e77-8828-487736999131"},{"element-6066-11e4-a52e-4f735466cecf":"e96f6143-97c1-4e05-9a34-70efe17b7b02"},{"element-6066-11e4-a52e-4f735466cecf":"82ca17d8-c620-4df2-9938-e284477d94b6"},{"element-6066-11e4-a52e-4f735466cecf":"ad78ff58-886e-4933-b210-b53f9de9896b"},{"element-6066-11e4-a52e-4f735466cecf":"c00745a8-697e-4ece-8356-c3fea9e533b9"},{"element-6066-11e4-a52e-4f735466cecf":"cbbfdd9b-4b4e-4bdf-a3c8-244fd4ffc562"},{"element-6066-11e4-a52e-4f735466cecf":"e8af4533-be6e-42ba-8ef4-bb79b42a3d86"},{"element-6066-11e4-a52e-4f735466cecf":"1a66d6e1-bca9-4a6b-b49b-f04e66af2bca"},{"element-6066-11e4-a52e-4f735466cecf":"1a1d7344-db7e-40cf-a69d-866f0dfb8e0f"},{"element-6066-11e4-a52e-4f735466cecf":"1f500b55-b9d8-4779-9ccf-f56267dd09a6"},{"element-6066-11e4-a52e-4f735466cecf":"a93c05e6-cf3e-45c5-a9a5-921fefc1d461"},{"element-6066-11e4-a52e-4f735466cecf":"1dc10bc8-daad-413b-9503-e9bfd93d75d3"},{"element-6066-11e4-a52e-4f735466cecf":"637a7634-df44-40d6-bb46-c276510dbc3c"},{"element-6066-11e4-a52e-4f735466cecf":"91a2e22a-c731-45d2-bf15-659d67f1d8eb"},{"element-6066-11e4-a52e-4f735466cecf":"e5e5e1ad-f51c-4f3d-9aeb-2abf978b2772"},{"element-6066-11e4-a52e-4f735466cecf":"8dfec315-81ba-490d-85d6-9c0e3d516f63"},{"element-6066-11e4-a52e-4f735466cecf":"fe1b0439-0ecd-4ddc-a219-ebe6fa0d2296"},{"element-6066-11e4-a52e-4f735466cecf":"b812eb71-c60d-4eb9-bb48-c261b376e0af"},{"element-6066-11e4-a52e-4f735466cecf":"26cbab7d-947e-4673-a263-dfaa41d6a9de"},{"element-6066-11e4-a52e-4f735466cecf":"93e11ddd-436c-45f4-a2c8-45fad1ea8bbc"},{"element-6066-11e4-a52e-4f735466cecf":"987fbd52-155d-4da5-8bfa-2bc26dac9a15"},{"element-6066-11e4-a52e-4f735466cecf":"45dbb7dd-b7a6-4ea4-8f92-4d32325412fa"},{"element-6066-11e4-a52e-4f735466cecf":"3e10ed61-a748-402b-968e-363fd53160c9"},{"element-6066-11e4-a52e-4f735466cecf":"df089e9d-b546-4df0-a1ee-7ad0435c5d3b"},{"element-6066-11e4-a52e-4f735466cecf":"e75d19c6-f7fe-4945-9021-ed458b2e3b4b"},{"element-6066-11e4-a52e-4f735466cecf":"0009cac2-9979-4bbe-8ee4-26868a20d41a"},{"element-6066-11e4-a52e-4f735466cecf":"0eeb7295-2603-43cc-b614-6c910b190351"},{"element-6066-11e4-a52e-4f735466cecf":"b01b6cfa-0071-4c78-be52-d5076af9acf7"},{"element-6066-11e4-a52e-4f735466cecf":"271a108b-7dda-4a82-9946-4c5fcba1c760"},{"element-6066-11e4-a52e-4f735466cecf":"8be174ea-d08a-4f92-9cfc-ea9da23b13ab"},{"element-6066-11e4-a52e-4f735466cecf":"d52b82d2-451e-4556-b136-bde8ad4c09ae"},{"element-6066-11e4-a52e-4f735466cecf":"7ebce56c-43e9-4b05-95c0-07000114ec84"},{"element-6066-11e4-a52e-4f735466cecf":"271d870e-9b00-4077-8f3c-90e73fc74181"},{"element-6066-11e4-a52e-4f735466cecf":"a790fbd0-b1d1-41e1-9b47-21f0989c7eaf"},{"element-6066-11e4-a52e-4f735466cecf":"ecf90c13-a487-480e-b63a-d5c3d20c7857"},{"element-6066-11e4-a52e-4f735466cecf":"300affa5-2905-430a-823b-506024a2fae9"},{"element-6066-11e4-a52e-4f735466cecf":"9beb85ad-1111-4d1c-bf5f-89a9153e78c8"},{"element-6066-11e4-a52e-4f735466cecf":"96c3da9d-ce9f-458f-a5be-0db0230b2da3"},{"element-6066-11e4-a52e-4f735466cecf":"a1debcb5-ac6b-4747-98a6-ca0e85dd3555"},{"element-6066-11e4-a52e-4f735466cecf":"7af12bc4-6684-46da-b6ce-5a636b2dd990"},{"element-6066-11e4-a52e-4f735466cecf":"a493f8e2-ab68-4ba0-9916-6635fa115962"},{"element-6066-11e4-a52e-4f735466cecf":"3b8989ae-46ee-49ec-a5d1-3e79e9a117d0"},{"element-6066-11e4-a52e-4f735466cecf":"093302f4-0d26-44cc-94ea-f783660b802e"},{"element-6066-11e4-a52e-4f735466cecf":"52a51109-2a60-4be3-9ce2-533506e50cb7"},{"element-6066-11e4-a52e-4f735466cecf":"eaa7430d-cb17-4dc8-ae9d-3a6905e64b63"},{"element-6066-11e4-a52e-4f735466cecf":"c3c929d5-f2e2-4cd5-aae9-6203e8fd04a2"},{"element-6066-11e4-a52e-4f735466cecf":"69e65d2a-ff4b-44ee-aedf-58e45fd4c034"},{"element-6066-11e4-a52e-4f735466cecf":"f9bbe7d3-e4f5-4fea-832a-beafddbbcad5"},{"element-6066-11e4-a52e-4f735466cecf":"59b5159f-ee23-4259-b711-e4fa53c8a779"},{"element-6066-11e4-a52e-4f735466cecf":"5902ee17-d46e-4030-9b66-c0fc07e44a31"},{"element-6066-11e4-a52e-4f735466cecf":"0926e990-07b5-4e80-b3ca-218fec026f6c"},{"element-6066-11e4-a52e-4f735466cecf":"8013196d-ebaf-4213-ad80-0cd1383ac2df"},{"element-6066-11e4-a52e-4f735466cecf":"42318488-08f7-44f4-8f9d-807396636922"},{"element-6066-11e4-a52e-4f735466cecf":"c015079a-da3b-4080-951a-42d0e4d96daa"},{"element-6066-11e4-a52e-4f735466cecf":"db3508c7-4955-4d1a-aa0c-0e9313e16618"},{"element-6066-11e4-a52e-4f735466cecf":"78d50e00-5770-42d4-84d1-881456782622"},{"element-6066-11e4-a52e-4f735466cecf":"2dc1302e-616e-48bc-a5d1-0704628d1eef"},{"element-6066-11e4-a52e-4f735466cecf":"e96ee7b0-a84a-4fff-a02c-b093a2dd0418"},{"element-6066-11e4-a52e-4f735466cecf":"8b92731d-e64c-4381-83fa-a6a814d156bb"},{"element-6066-11e4-a52e-4f735466cecf":"2e34291a-c8e3-4272-b133-12f0c7770f3a"},{"element-6066-11e4-a52e-4f735466cecf":"0a1d946b-458b-4f7c-b397-dcece2dd8459"},{"element-6066-11e4-a52e-4f735466cecf":"301ccffc-9d78-4951-8bed-31ab9315f9ba"},{"element-6066-11e4-a52e-4f735466cecf":"787a4c7d-8be1-4d02-9a41-273d6acebf85"},{"element-6066-11e4-a52e-4f735466cecf":"d6348322-a00c-4eba-91e0-d74e32758473"},{"element-6066-11e4-a52e-4f735466cecf":"af3e7172-1a33-4178-b2c5-1ae1701101aa"},{"element-6066-11e4-a52e-4f735466cecf":"c9bd920a-9edb-427b-a7f2-661c0897957e"},{"element-6066-11e4-a52e-4f735466cecf":"ed58bcd3-8c87-4be6-bc9b-088267bbaef4"},{"element-6066-11e4-a52e-4f735466cecf":"3ccccd68-3c41-4d5f-b67c-1803cc5a2caf"},{"element-6066-11e4-a52e-4f735466cecf":"ec26473e-2bde-4b0d-bf7d-d448aa0e053f"},{"element-6066-11e4-a52e-4f735466cecf":"3a20f7d8-a242-486b-b98d-ce3a0a0c3196"},{"element-6066-11e4-a52e-4f735466cecf":"7e315218-8a6b-4bb1-b3d0-a147ade1ee06"},{"element-6066-11e4-a52e-4f735466cecf":"814b4f4c-3ad5-4757-8e0a-de999f5ce32f"},{"element-6066-11e4-a52e-4f735466cecf":"50b9b17b-9f68-4813-a382-f9569c8fde94"},{"element-6066-11e4-a52e-4f735466cecf":"cddd37e6-9b94-4de9-913b-6ad5fcbb7350"},{"element-6066-11e4-a52e-4f735466cecf":"de1872f2-5cee-4a28-aa4d-e4b6f3a79f42"},{"element-6066-11e4-a52e-4f735466cecf":"141080e7-9a5f-4a6e-a0b6-991fc2a9ce8f"},{"element-6066-11e4-a52e-4f735466cecf":"bfc28094-c00c-4bfc-894d-7bef10daa614"},{"element-6066-11e4-a52e-4f735466cecf":"203e4210-729c-4a1c-af05-cdf172637c7f"},{"element-6066-11e4-a52e-4f735466cecf":"c596ccfe-90a4-4cb4-9845-299f022818d1"},{"element-6066-11e4-a52e-4f735466cecf":"eec4ca0e-e5e7-45b7-b9bb-dd3bc84c3571"},{"element-6066-11e4-a52e-4f735466cecf":"5a382130-d2a5-45d4-bf03-662a6dba1985"},{"element-6066-11e4-a52e-4f735466cecf":"33bc0647-ef5d-43cb-9654-17750c66c4ba"},{"element-6066-11e4-a52e-4f735466cecf":"2a6b53c7-f5b2-4c0c-91c5-ec63a4788494"},{"element-6066-11e4-a52e-4f735466cecf":"29ffa0d4-1f94-4131-82f8-48728c8f8540"},{"element-6066-11e4-a52e-4f735466cecf":"61a604c6-29a9-4cab-9673-f401cefd91d1"},{"element-6066-11e4-a52e-4f735466cecf":"ca189f5a-aa75-4c7c-a5c0-6c7f42ccf936"},{"element-6066-11e4-a52e-4f735466cecf":"3c6aa027-9c53-4d95-9864-08fa2d963bf4"},{"element-6066-11e4-a52e-4f735466cecf":"1c832fd5-e86e-4f77-87c2-d49b620ffc64"},{"element-6066-11e4-a52e-4f735466cecf":"92130e7e-bc56-4295-abd8-256da3769d12"},{"element-6066-11e4-a52e-4f735466cecf":"b2380aff-3172-457f-8c84-07465be03d15"},{"element-6066-11e4-a52e-4f735466cecf":"2aea0d57-5348-48d5-9863-d2f8ba53140b"},{"element-6066-11e4-a52e-4f735466cecf":"b6c7292d-40bd-467a-834c-9fe0a0f1461c"},{"element-6066-11e4-a52e-4f735466cecf":"292ea60e-2068-4f54-8769-412b17b12c57"},{"element-6066-11e4-a52e-4f735466cecf":"2ba19f61-c583-4b0c-8f29-93df7db6dce6"},{"element-6066-11e4-a52e-4f735466cecf":"49a8d61a-39d3-46a2-951b-dc8d15625fd3"},{"element-6066-11e4-a52e-4f735466cecf":"9d58a7fb-b5c1-44d4-b1aa-9829451b35b5"},{"element-6066-11e4-a52e-4f735466cecf":"2fb7f279-76ae-4ce8-b3e7-da10a71f0859"},{"element-6066-11e4-a52e-4f735466cecf":"8e43b079-f1e5-4de5-93d6-566373e27bee"},{"element-6066-11e4-a52e-4f735466cecf":"b2a3bb4f-cb1f-4edf-9f3f-95b543fc42c5"},{"element-6066-11e4-a52e-4f735466cecf":"8e9792e5-3dff-46fa-929a-9f08096c2560"},{"element-6066-11e4-a52e-4f735466cecf":"68630173-0d63-4145-a881-01b0fe3b0f11"},{"element-6066-11e4-a52e-4f735466cecf":"f1fc6d86-3dbf-4e6e-89b9-e291f0256e63"},{"element-6066-11e4-a52e-4f735466cecf":"909de17d-911c-4d24-9a1a-7174b571233f"},{"element-6066-11e4-a52e-4f735466cecf":"a2cf1ad4-ec10-4b0c-919f-c7b64b28aa0f"},{"element-6066-11e4-a52e-4f735466cecf":"29c9232a-1f62-4679-b708-ae11a6d3278c"},{"element-6066-11e4-a52e-4f735466cecf":"f8aa42cb-9782-4061-b634-afbe7bc893d0"},{"element-6066-11e4-a52e-4f735466cecf":"70cfd846-762f-427d-bb45-9546cdaa457c"},{"element-6066-11e4-a52e-4f735466cecf":"ae5e16e2-5689-4580-87b0-77a47709e915"},{"element-6066-11e4-a52e-4f735466cecf":"87d02366-320d-4427-8b9f-3b7ac4502191"},{"element-6066-11e4-a52e-4f735466cecf":"43912229-29cd-4038-b5d5-8f6da541aa5a"},{"element-6066-11e4-a52e-4f735466cecf":"21f1945a-5c70-435d-a1a8-28bf0b696bfa"},{"element-6066-11e4-a52e-4f735466cecf":"fd87fe10-aaf1-4da5-8b92-495ae813627e"},{"element-6066-11e4-a52e-4f735466cecf":"0d21a7cc-f6b3-4bb2-9c31-80b33d922349"},{"element-6066-11e4-a52e-4f735466cecf":"74410a84-5910-4307-9f02-4abb77845e92"},{"element-6066-11e4-a52e-4f735466cecf":"dff46c07-d3f8-43cb-b07f-40d56f417e96"},{"element-6066-11e4-a52e-4f735466cecf":"08537b05-3105-413b-804d-f631f2c71257"},{"element-6066-11e4-a52e-4f735466cecf":"ea55edbe-ad58-46a1-a053-baf6d8156a3e"},{"element-6066-11e4-a52e-4f735466cecf":"ee663eb8-644d-4ac5-bd97-5b3648eb9f4b"},{"element-6066-11e4-a52e-4f735466cecf":"beb2475d-dd1c-43ee-bafa-67796b0a9b16"},{"element-6066-11e4-a52e-4f735466cecf":"92dc2f0d-f6d2-4181-9bba-dea080e99567"},{"element-6066-11e4-a52e-4f735466cecf":"470a9673-4481-43ef-9f8a-55b75cfd0e7c"},{"element-6066-11e4-a52e-4f735466cecf":"04d5adb2-c916-4859-aa7e-f853124d43d9"},{"element-6066-11e4-a52e-4f735466cecf":"5b0612bc-2d58-4716-98de-559132ef623f"},{"element-6066-11e4-a52e-4f735466cecf":"a4ac7749-d0fc-4999-9c00-f5189fc6920f"},{"element-6066-11e4-a52e-4f735466cecf":"60f999fa-055c-4fbd-88b9-2d2f415bb36f"},{"element-6066-11e4-a52e-4f735466cecf":"9861998f-35d1-4c88-b93a-b6a3ca7e6e6e"},{"element-6066-11e4-a52e-4f735466cecf":"66f09d08-ada1-4474-ba1b-b502d7857d64"},{"element-6066-11e4-a52e-4f735466cecf":"491d31c0-600a-4667-9afc-6d041ce7e140"},{"element-6066-11e4-a52e-4f735466cecf":"cd0f293a-1533-4487-be73-78e8cece7e29"},{"element-6066-11e4-a52e-4f735466cecf":"c73f5e58-de11-40eb-9b4f-066e60cad05a"},{"element-6066-11e4-a52e-4f735466cecf":"effa4b9a-fed9-470a-973b-d658c7b3f977"},{"element-6066-11e4-a52e-4f735466cecf":"e6053460-6a42-4fd8-9db0-813aaf709162"},{"element-6066-11e4-a52e-4f735466cecf":"727682cf-7cf6-492d-b2ef-7b9c897c551d"},{"element-6066-11e4-a52e-4f735466cecf":"3d39e363-6003-41aa-97d3-3fe729e3e3c4"},{"element-6066-11e4-a52e-4f735466cecf":"53e34c6a-9197-4628-854e-9aab05ac9d6e"},{"element-6066-11e4-a52e-4f735466cecf":"319c817f-8ac6-45f6-ad98-f6df745ec151"},{"element-6066-11e4-a52e-4f735466cecf":"f664f283-02e3-4a04-81d4-f3680081cda4"},{"element-6066-11e4-a52e-4f735466cecf":"3851c5f4-bab4-4654-ad55-fae141796645"},{"element-6066-11e4-a52e-4f735466cecf":"e52f33d7-6707-4689-90ae-9613f6a6e13d"},{"element-6066-11e4-a52e-4f735466cecf":"a88330db-db11-48c6-9d75-b8c9445283cb"},{"element-6066-11e4-a52e-4f735466cecf":"962081b8-d995-4573-a407-8700228b9a97"},{"element-6066-11e4-a52e-4f735466cecf":"569260fe-821d-48df-bcfe-28e8ce83fe37"},{"element-6066-11e4-a52e-4f735466cecf":"3f7ae2a4-e707-466d-a459-80fb8430d8b5"},{"element-6066-11e4-a52e-4f735466cecf":"cee993f0-27fc-4ffc-8421-6c21c32a04cd"},{"element-6066-11e4-a52e-4f735466cecf":"13e94466-a48e-41f9-989f-f0bc5f38688c"},{"element-6066-11e4-a52e-4f735466cecf":"b6f10cf7-c612-4eb3-b53f-2f37b593065b"},{"element-6066-11e4-a52e-4f735466cecf":"95738a9d-b029-4309-a87a-4ce8a5b8196e"},{"element-6066-11e4-a52e-4f735466cecf":"9a559fd5-285e-4681-8627-36407eafbf97"},{"element-6066-11e4-a52e-4f735466cecf":"7eb6d367-ca4a-4796-b92b-f88a6f46e93f"},{"element-6066-11e4-a52e-4f735466cecf":"ef3392f6-f532-4f29-a49b-bfd151d92187"},{"element-6066-11e4-a52e-4f735466cecf":"a36b5a90-ebf6-4415-862e-aae563befa3b"},{"element-6066-11e4-a52e-4f735466cecf":"cc90e03e-01fb-42cb-a19d-b5979932bf82"},{"element-6066-11e4-a52e-4f735466cecf":"c825a3ad-d08c-4f5a-8a15-918c3badd6a4"},{"element-6066-11e4-a52e-4f735466cecf":"b5d275ee-a797-405d-9b80-ff2a7dcaa98c"},{"element-6066-11e4-a52e-4f735466cecf":"97452ed1-1e17-41b1-8e53-5c4c2c6f059e"},{"element-6066-11e4-a52e-4f735466cecf":"8712d681-3407-4871-95e0-0c073b22b1a9"},{"element-6066-11e4-a52e-4f735466cecf":"a6a30c2b-e84e-428d-85de-769ffad86a45"},{"element-6066-11e4-a52e-4f735466cecf":"f5069eba-c2c5-44ad-94cd-e98e5802712d"},{"element-6066-11e4-a52e-4f735466cecf":"1fe17c3d-8251-4e23-b48a-4efb54283204"},{"element-6066-11e4-a52e-4f735466cecf":"0fbf0e79-54f0-4716-be48-a9efb4378cd0"},{"element-6066-11e4-a52e-4f735466cecf":"fc6891e0-8153-4e00-9386-8a5e988c54c4"},{"element-6066-11e4-a52e-4f735466cecf":"28d57a11-dee5-4d81-848f-87ca553b43ce"},{"element-6066-11e4-a52e-4f735466cecf":"90d9d9e4-2f56-4a07-9fbe-6dbc4596e2b7"},{"element-6066-11e4-a52e-4f735466cecf":"bd647825-9cb8-4d88-abbb-80bb5de1e0ce"},{"element-6066-11e4-a52e-4f735466cecf":"ff50720c-7d4e-4fb9-bfb7-1c5ee84ee992"},{"element-6066-11e4-a52e-4f735466cecf":"f230dc50-6fa2-4719-8c86-c9622e103042"},{"element-6066-11e4-a52e-4f735466cecf":"d5eb2bbc-64e8-4385-a13e-d39ae33b2046"},{"element-6066-11e4-a52e-4f735466cecf":"c12cb6a7-32ac-4be5-b35f-55a806c0369d"},{"element-6066-11e4-a52e-4f735466cecf":"da4c4bce-8f39-412e-ae37-713a0c6bea2d"},{"element-6066-11e4-a52e-4f735466cecf":"576ac89b-33e1-4a35-b5af-b0f17a8aae33"},{"element-6066-11e4-a52e-4f735466cecf":"c9c4b635-4620-4c05-8926-3652d312b3e0"},{"element-6066-11e4-a52e-4f735466cecf":"be812dba-ff9f-48da-9781-cf07d1858a5a"},{"element-6066-11e4-a52e-4f735466cecf":"4c1d6c9a-602e-471b-964e-93f388b5d08d"},{"element-6066-11e4-a52e-4f735466cecf":"ea6303bd-d855-4145-ade4-ca31d2f7ff40"},{"element-6066-11e4-a52e-4f735466cecf":"aacf506b-3348-4b62-a970-29d7e574fef6"},{"element-6066-11e4-a52e-4f735466cecf":"6c343f72-842e-4dd1-8e74-a3d6a8b0fcf6"},{"element-6066-11e4-a52e-4f735466cecf":"62a17c92-00f7-43be-bab6-50c4d1e27248"},{"element-6066-11e4-a52e-4f735466cecf":"130eea4f-29f5-4b82-9386-13b018648aed"},{"element-6066-11e4-a52e-4f735466cecf":"c24cdf93-ea19-4a22-b760-f65274833f1b"},{"element-6066-11e4-a52e-4f735466cecf":"3f4e498f-1e17-48af-8ea1-8ac87cbbfd34"},{"element-6066-11e4-a52e-4f735466cecf":"9b03e45c-e6da-4a8a-9881-90daa59a6f89"},{"element-6066-11e4-a52e-4f735466cecf":"60d9c282-9ffa-4b56-bca3-d63374dae661"},{"element-6066-11e4-a52e-4f735466cecf":"93453714-368c-41fb-8327-3a4b1424c2f7"},{"element-6066-11e4-a52e-4f735466cecf":"4bed0a5e-5ed7-47af-ba12-426e1f6b40fb"},{"element-6066-11e4-a52e-4f735466cecf":"7ab8192b-6109-4eb6-bc03-60bb889a3298"},{"element-6066-11e4-a52e-4f735466cecf":"9e2599fe-eca5-4526-aa59-5cda0d7197d9"},{"element-6066-11e4-a52e-4f735466cecf":"0eebd9f9-25d2-4744-968b-56d669380a7f"},{"element-6066-11e4-a52e-4f735466cecf":"13e79ebc-01c6-40b9-843d-337fc7154613"},{"element-6066-11e4-a52e-4f735466cecf":"7c1cc933-3c15-42a9-ab13-7fdba8f21bff"},{"element-6066-11e4-a52e-4f735466cecf":"f3fad3ae-eab3-4261-b3c3-bf028192f794"},{"element-6066-11e4-a52e-4f735466cecf":"5ac15f91-b354-4594-b413-300a9a825de6"},{"element-6066-11e4-a52e-4f735466cecf":"b660e6b6-7eb0-4640-b368-c094356504cf"},{"element-6066-11e4-a52e-4f735466cecf":"f1dea80d-5742-4933-a47d-fa850a3f2f11"},{"element-6066-11e4-a52e-4f735466cecf":"5f50834e-cfbd-414e-bc6f-cc7493b066d5"},{"element-6066-11e4-a52e-4f735466cecf":"7331c62e-6795-419b-bd06-fefa0d890f4a"},{"element-6066-11e4-a52e-4f735466cecf":"3794843e-5c36-4abd-882d-6f3ba6e2b532"},{"element-6066-11e4-a52e-4f735466cecf":"441ed818-dcc0-4e37-8280-dd8ee56bfee5"},{"element-6066-11e4-a52e-4f735466cecf":"250f96e7-3159-4dbf-8a23-581a95bbd3c7"},{"element-6066-11e4-a52e-4f735466cecf":"66f6efd6-1aec-45b4-8c38-cc0f1b1ad6c8"},{"element-6066-11e4-a52e-4f735466cecf":"4df6849a-5a59-441d-8e09-e40869c9bae3"},{"element-6066-11e4-a52e-4f735466cecf":"4ee05048-ee21-4671-a80f-4d6c9436cabb"},{"element-6066-11e4-a52e-4f735466cecf":"86f5ad3c-abdd-4584-bc26-31f27c5216d5"},{"element-6066-11e4-a52e-4f735466cecf":"6e39abd9-b08c-45fc-9963-b96da1c457e7"},{"element-6066-11e4-a52e-4f735466cecf":"3b631748-ac3e-4b6b-946d-3b445e51e033"},{"element-6066-11e4-a52e-4f735466cecf":"698ce89c-bb96-4513-acd1-246b4c0c2c93"},{"element-6066-11e4-a52e-4f735466cecf":"2e8c5e59-13a0-46fc-b074-c52c0e2e2351"},{"element-6066-11e4-a52e-4f735466cecf":"8aba6202-f393-45ea-a043-7cea852c8a32"},{"element-6066-11e4-a52e-4f735466cecf":"f9e27331-16c5-428b-aeb7-bbdadb2196a8"},{"element-6066-11e4-a52e-4f735466cecf":"54794ae9-a734-4b70-a520-184b3563fb64"},{"element-6066-11e4-a52e-4f735466cecf":"f8e151ee-5b4a-40a8-87d0-0619a47d561d"},{"element-6066-11e4-a52e-4f735466cecf":"ae3711cf-9f83-44e7-9312-4a23a1bedf3f"},{"element-6066-11e4-a52e-4f735466cecf":"5fd01891-cf12-42a5-a672-dca495993d81"},{"element-6066-11e4-a52e-4f735466cecf":"96d8fd28-bd7e-447d-93b6-0429b46cf5ea"},{"element-6066-11e4-a52e-4f735466cecf":"e9315f91-ea6c-4b13-beb5-78782cad88ab"},{"element-6066-11e4-a52e-4f735466cecf":"e22ba4ba-6718-4fb1-838a-1c2e58429fdf"},{"element-6066-11e4-a52e-4f735466cecf":"bdcddab3-a282-4a70-9067-4fbf25ea299b"},{"element-6066-11e4-a52e-4f735466cecf":"745b8ca0-4ab2-4b04-aa1e-fe671a8dd13c"},{"element-6066-11e4-a52e-4f735466cecf":"49f3771b-2ccf-4048-b4ad-b6ced165b972"},{"element-6066-11e4-a52e-4f735466cecf":"38308924-c0ec-4fdb-9ba2-ae921f6eb131"},{"element-6066-11e4-a52e-4f735466cecf":"3a433bdd-f4a8-4f88-a388-fdd06b3973d6"},{"element-6066-11e4-a52e-4f735466cecf":"6c0f16b8-72c5-421e-ab8c-457c37efae57"},{"element-6066-11e4-a52e-4f735466cecf":"a3bea850-bb26-473f-80c7-d083f06e8b94"},{"element-6066-11e4-a52e-4f735466cecf":"efefec33-707d-4999-a3c8-9b4d331e26d1"},{"element-6066-11e4-a52e-4f735466cecf":"e317839a-fb42-4140-b6b7-e0a2dcce7f7b"},{"element-6066-11e4-a52e-4f735466cecf":"0f3782a8-0961-4234-8025-29e0f0ee1247"},{"element-6066-11e4-a52e-4f735466cecf":"a4b41739-cc24-4013-8c32-1ddac82c90b0"},{"element-6066-11e4-a52e-4f735466cecf":"2d0a5db2-f3b6-4f62-9183-f6c06785a80b"},{"element-6066-11e4-a52e-4f735466cecf":"e25d9503-b75a-4cae-9e22-a098e859a94a"},{"element-6066-11e4-a52e-4f735466cecf":"25aac99e-45db-41db-833a-379520a1d0a5"},{"element-6066-11e4-a52e-4f735466cecf":"4645af59-5a63-454b-bd57-595399d8cd95"},{"element-6066-11e4-a52e-4f735466cecf":"381507fb-817f-4217-997a-412e6113cd31"},{"element-6066-11e4-a52e-4f735466cecf":"23acd007-eb8f-4e65-a6d5-7bd02fb50afa"},{"element-6066-11e4-a52e-4f735466cecf":"58bbf51f-b53c-4962-9666-851643de4381"},{"element-6066-11e4-a52e-4f735466cecf":"4ac4e5cd-950d-43eb-a4c4-f814d72f7191"},{"element-6066-11e4-a52e-4f735466cecf":"cc1e6bd6-657f-4d67-8d83-66cb6d2ef51a"},{"element-6066-11e4-a52e-4f735466cecf":"fa44d6ca-81e9-4007-ae80-0676971f1bc7"},{"element-6066-11e4-a52e-4f735466cecf":"853f2139-4189-4931-a477-81d6bf0f6782"},{"element-6066-11e4-a52e-4f735466cecf":"4c88aecb-ca68-4dd8-83f2-300076c53774"},{"element-6066-11e4-a52e-4f735466cecf":"9c006e07-db51-4da5-8464-ddedf66fb240"},{"element-6066-11e4-a52e-4f735466cecf":"e349adf0-c61e-4d10-8b0b-50496952b5ae"},{"element-6066-11e4-a52e-4f735466cecf":"99159ff4-859c-4532-818e-782f886908a4"},{"element-6066-11e4-a52e-4f735466cecf":"bfada9cb-36cd-46a3-8f5b-a276966dd54c"},{"element-6066-11e4-a52e-4f735466cecf":"0f6bd0f9-5ad1-44d7-be1e-3205451b08cb"},{"element-6066-11e4-a52e-4f735466cecf":"fdf5f41e-f21c-4031-b2cb-b818732719f0"},{"element-6066-11e4-a52e-4f735466cecf":"e6356896-256f-49d8-b003-784e42499d5f"},{"element-6066-11e4-a52e-4f735466cecf":"d6ba15c0-7234-4f20-9cf1-8780d9285c1d"},{"element-6066-11e4-a52e-4f735466cecf":"6f11de0c-f163-42a7-9b38-2b34ac8e9e20"},{"element-6066-11e4-a52e-4f735466cecf":"ea62b2cf-aa18-42b1-b9f8-03b7cd9af9a3"},{"element-6066-11e4-a52e-4f735466cecf":"49bc5f6e-2b1c-4e9a-b9f2-752174cae26f"},{"element-6066-11e4-a52e-4f735466cecf":"61ee2e6f-8006-4046-83c2-e9161ac2261e"},{"element-6066-11e4-a52e-4f735466cecf":"844725d0-4213-4351-92b3-74d7f7b381eb"},{"element-6066-11e4-a52e-4f735466cecf":"3acd391c-d45a-4cd7-82f8-73fd0ed41527"},{"element-6066-11e4-a52e-4f735466cecf":"71325aa7-8b2d-42b7-aad9-89f39799d103"},{"element-6066-11e4-a52e-4f735466cecf":"695183ec-e38d-4f38-97f2-752a484ed148"},{"element-6066-11e4-a52e-4f735466cecf":"b98d2ffd-3985-417d-86af-06357faaebfb"},{"element-6066-11e4-a52e-4f735466cecf":"ff2e20ac-e755-4371-bd42-ca89a7c8a051"},{"element-6066-11e4-a52e-4f735466cecf":"996e590a-9b13-4be1-ae91-8c467e2ac2e0"},{"element-6066-11e4-a52e-4f735466cecf":"7a45dda9-a957-4bac-88bf-77edfb9e463d"},{"element-6066-11e4-a52e-4f735466cecf":"f400a480-71f4-40c0-ac49-eb5f918b95e9"},{"element-6066-11e4-a52e-4f735466cecf":"70714092-4866-4edd-ae4c-589b16d88f87"},{"element-6066-11e4-a52e-4f735466cecf":"f4b0c72d-cc36-4b59-a5fe-21f11e6ffa97"},{"element-6066-11e4-a52e-4f735466cecf":"870d8bef-736d-49c4-a563-1d276a2fe835"},{"element-6066-11e4-a52e-4f735466cecf":"f43047e2-7ed6-43fa-ac63-cb894d703309"},{"element-6066-11e4-a52e-4f735466cecf":"36bd64d0-4b46-46bb-9f4e-128acefbf323"},{"element-6066-11e4-a52e-4f735466cecf":"e731d2ec-beb0-460e-984b-c5fe839e8e64"},{"element-6066-11e4-a52e-4f735466cecf":"b2be157c-3f97-4c4b-bcbe-b7759eb3909f"},{"element-6066-11e4-a52e-4f735466cecf":"d58a1df6-838f-43ce-8dc1-748b46050029"},{"element-6066-11e4-a52e-4f735466cecf":"ec645b7b-3279-439d-92de-b979bb2b04cc"},{"element-6066-11e4-a52e-4f735466cecf":"76f1cf0a-31bf-4b73-bc3a-93774550fc62"},{"element-6066-11e4-a52e-4f735466cecf":"ea5a26d3-414a-421d-9598-dbbdc5570f9f"},{"element-6066-11e4-a52e-4f735466cecf":"9d7dc18e-e64a-4b1e-bfb1-bc4f1f5f7528"},{"element-6066-11e4-a52e-4f735466cecf":"00c33511-5ad9-43de-9a97-4ec785b122af"},{"element-6066-11e4-a52e-4f735466cecf":"7d707ff0-bd4d-4fd1-89b1-db4bc83e231c"},{"element-6066-11e4-a52e-4f735466cecf":"7d11a91d-2016-427d-9ec4-6277781c49f8"},{"element-6066-11e4-a52e-4f735466cecf":"e3d9c0f9-72fd-41ea-94de-0988a977ce7a"},{"element-6066-11e4-a52e-4f735466cecf":"fa49271c-aa73-44a7-b415-56b85dd5b352"},{"element-6066-11e4-a52e-4f735466cecf":"744c55a3-fe3e-4c8d-8542-7a38b6255580"},{"element-6066-11e4-a52e-4f735466cecf":"ab0b8fd7-8c8b-4d97-9245-03fa402a8592"},{"element-6066-11e4-a52e-4f735466cecf":"a0611827-070c-46be-88f4-5129393ae1b5"},{"element-6066-11e4-a52e-4f735466cecf":"c7a7996e-a918-4283-93a8-53617f7d784a"},{"element-6066-11e4-a52e-4f735466cecf":"7b4dc154-8943-4849-88b9-31928ff29a03"},{"element-6066-11e4-a52e-4f735466cecf":"351d244f-4f2c-4538-957a-51db78626707"}]} | headers=HTTPHeaderDict({'Content-Length': '28451', 'Content-Type': 'application/json; charset=utf-8', 'cache-control': 'no-cache'})
DEBUG    2022-05-28 23:30:53 selenium.webdriver.remote.remote_connection::remote_connection.py:_request:412: Finished Request
DEBUG    2022-05-28 23:30:53 selenium.webdriver.remote.remote_connection::remote_connection.py:_request:361: POST http://localhost:11008/session/afeb63244dd1f30bb6e1f7716822b468/elements {"using": "xpath", "value": "//li[@class='payment-methods ng-binding yogiseo-payment']"}
DEBUG    2022-05-28 23:30:53 urllib3.connectionpool::connectionpool.py:_make_request:456: http://localhost:11008 "POST /session/afeb63244dd1f30bb6e1f7716822b468/elements HTTP/1.1" 200 28451
DEBUG    2022-05-28 23:30:53 selenium.webdriver.remote.remote_connection::remote_connection.py:_request:383: Remote response: status=200 | data={"value":[{"element-6066-11e4-a52e-4f735466cecf":"d6cb6a2c-ecea-47ca-91c6-001c7d4189ac"},{"element-6066-11e4-a52e-4f735466cecf":"803a6b4e-08ea-41ca-a067-9f4d354f80a3"},{"element-6066-11e4-a52e-4f735466cecf":"2609f864-adfb-428b-a9ff-ffe6b7436b2c"},{"element-6066-11e4-a52e-4f735466cecf":"e85b18c8-acc4-46f3-a169-d6a52046887d"},{"element-6066-11e4-a52e-4f735466cecf":"0669e4b3-8dcc-4f8a-afdf-e130240054ca"},{"element-6066-11e4-a52e-4f735466cecf":"168c5895-af78-4fe7-9941-05546b771921"},{"element-6066-11e4-a52e-4f735466cecf":"2a8dc26f-234c-4608-8a31-3fcc4d26b6b3"},{"element-6066-11e4-a52e-4f735466cecf":"665a523f-61bd-4124-89ef-69dd73c2d5d5"},{"element-6066-11e4-a52e-4f735466cecf":"62c639e6-ab03-443c-b99f-8d4b42e4f5f7"},{"element-6066-11e4-a52e-4f735466cecf":"e30a0efe-70bb-4522-a2e1-329af1645d7d"},{"element-6066-11e4-a52e-4f735466cecf":"c1c507e3-e088-4ab0-b1b0-32f8a630acaf"},{"element-6066-11e4-a52e-4f735466cecf":"93d77153-919f-4383-8b25-4ba6a107ade1"},{"element-6066-11e4-a52e-4f735466cecf":"f384ee7f-3c07-464d-be27-b74f9cc0e789"},{"element-6066-11e4-a52e-4f735466cecf":"f027d703-bea4-4de3-a3bd-e89ee1ec4708"},{"element-6066-11e4-a52e-4f735466cecf":"b3a377ec-21aa-40f7-83f7-6ad07ad3f299"},{"element-6066-11e4-a52e-4f735466cecf":"7d136629-538c-4eb6-9a19-c9cda8f55fe7"},{"element-6066-11e4-a52e-4f735466cecf":"121231cc-741f-4664-aa74-b7e2e680cd39"},{"element-6066-11e4-a52e-4f735466cecf":"cdbcb8ec-bd48-4b91-bf20-26c4e46707a7"},{"element-6066-11e4-a52e-4f735466cecf":"413d78f2-19e6-4191-a04e-16481c82344c"},{"element-6066-11e4-a52e-4f735466cecf":"536dddc6-7ac1-4359-87a8-d0b58c454876"},{"element-6066-11e4-a52e-4f735466cecf":"402a4e7d-74d0-4145-9347-8afb8b50e614"},{"element-6066-11e4-a52e-4f735466cecf":"d985ede5-1e57-40d2-ab27-e7df7b123507"},{"element-6066-11e4-a52e-4f735466cecf":"1914d819-54bd-43cb-b3ac-24c3e2daa0a1"},{"element-6066-11e4-a52e-4f735466cecf":"9bab5f22-efb2-4fdd-a42e-c7439b601578"},{"element-6066-11e4-a52e-4f735466cecf":"b96fb1af-d945-4cee-9630-d11d6c288bc5"},{"element-6066-11e4-a52e-4f735466cecf":"47eebcb7-cebd-4dc3-a7d3-78cf4dc38b04"},{"element-6066-11e4-a52e-4f735466cecf":"f0a0d060-ff56-48f6-91aa-ae04444ea1aa"},{"element-6066-11e4-a52e-4f735466cecf":"7678c1e1-c4f0-477e-898c-1cba700b3364"},{"element-6066-11e4-a52e-4f735466cecf":"6953a41d-9a4a-421e-b11c-9135f22e3301"},{"element-6066-11e4-a52e-4f735466cecf":"19ee845b-09e9-4083-ac77-d651e90f1e58"},{"element-6066-11e4-a52e-4f735466cecf":"48937bc1-cc24-4e4f-a3fc-e5d9b966bfec"},{"element-6066-11e4-a52e-4f735466cecf":"c06453c7-c2c8-422c-947d-17503cab7472"},{"element-6066-11e4-a52e-4f735466cecf":"dfc9706d-88f1-412f-aeff-3f239368d20b"},{"element-6066-11e4-a52e-4f735466cecf":"71fd7480-bf1f-410d-97e6-9c4170d9b9d5"},{"element-6066-11e4-a52e-4f735466cecf":"ed4d6e05-71c2-4f2a-8a76-06e35c9dc556"},{"element-6066-11e4-a52e-4f735466cecf":"b900bedd-b8cb-45ea-8c7e-61697ec3ad1a"},{"element-6066-11e4-a52e-4f735466cecf":"fe2fe8fe-5b74-4cc1-93f8-6a3ae667f4ab"},{"element-6066-11e4-a52e-4f735466cecf":"67be9bcf-d5df-4f85-bede-8f1ed783ef88"},{"element-6066-11e4-a52e-4f735466cecf":"ab9eeea2-addd-4e87-b881-44fb4eb45993"},{"element-6066-11e4-a52e-4f735466cecf":"45ce5651-8b68-46fb-8b4f-c23261520064"},{"element-6066-11e4-a52e-4f735466cecf":"2dff41bc-e759-40de-9f44-5bdc9a35a8e5"},{"element-6066-11e4-a52e-4f735466cecf":"9ec02f94-485b-4853-a234-0aa1484fbfec"},{"element-6066-11e4-a52e-4f735466cecf":"6c88e122-55f5-424c-b9bc-5a91dd1fcced"},{"element-6066-11e4-a52e-4f735466cecf":"e1f95506-d8b6-4d5a-af61-8636970f94c3"},{"element-6066-11e4-a52e-4f735466cecf":"d38cda4e-2316-4119-abe4-c1a4065e3d98"},{"element-6066-11e4-a52e-4f735466cecf":"8ce73f03-109a-4e09-8d1e-623c91189304"},{"element-6066-11e4-a52e-4f735466cecf":"96d6ac39-0cad-41ef-ac07-e8d704722dc0"},{"element-6066-11e4-a52e-4f735466cecf":"7028c056-2524-4e21-ab73-c99b6a39dd79"},{"element-6066-11e4-a52e-4f735466cecf":"aa933ad1-3376-4cd7-9b7b-78eff94a6ea8"},{"element-6066-11e4-a52e-4f735466cecf":"19dd39e9-f773-4a8e-9ef3-c8b379056593"},{"element-6066-11e4-a52e-4f735466cecf":"22221ec0-8819-4c47-9fca-79eab4ef29f1"},{"element-6066-11e4-a52e-4f735466cecf":"be35b65b-b4cc-4a89-94cb-72a95b4fd2b2"},{"element-6066-11e4-a52e-4f735466cecf":"10783b5d-6639-40bf-b299-34e7d352d455"},{"element-6066-11e4-a52e-4f735466cecf":"d90728ad-92fb-4bb0-9f52-290bb4b662a7"},{"element-6066-11e4-a52e-4f735466cecf":"6f8ed1f9-76e9-47e1-a7b9-1bb89849cbf6"},{"element-6066-11e4-a52e-4f735466cecf":"31815217-734e-4c18-a564-94eb97722dcf"},{"element-6066-11e4-a52e-4f735466cecf":"f221af8e-ec85-4c3f-ac94-759fb6f4a2bd"},{"element-6066-11e4-a52e-4f735466cecf":"0779e568-6288-416e-8ca9-ac123091a417"},{"element-6066-11e4-a52e-4f735466cecf":"56506c8a-e8ab-4cc4-a93c-ea1ed1b4b04c"},{"element-6066-11e4-a52e-4f735466cecf":"98d3914b-f6a9-4146-8a87-4dd610a1bb6f"},{"element-6066-11e4-a52e-4f735466cecf":"8a9c98d4-402d-4975-b456-c2c0029bda1f"},{"element-6066-11e4-a52e-4f735466cecf":"52b1fce1-1aff-4c2e-a1f8-6a1323dff7a5"},{"element-6066-11e4-a52e-4f735466cecf":"11423b45-c6bd-4125-8b67-ba50e433b6e5"},{"element-6066-11e4-a52e-4f735466cecf":"144feb07-2b62-4f76-94cf-36fbf8981265"},{"element-6066-11e4-a52e-4f735466cecf":"b8ebe35b-5b6e-43be-b7bd-17891d0084f1"},{"element-6066-11e4-a52e-4f735466cecf":"70c1ba17-bf49-4340-8475-e6acb81b7dc7"},{"element-6066-11e4-a52e-4f735466cecf":"96044604-d6ae-42ab-9db3-47113617857e"},{"element-6066-11e4-a52e-4f735466cecf":"3b1ceae3-d7da-4e29-8963-fe76ea061154"},{"element-6066-11e4-a52e-4f735466cecf":"6deeda6c-e974-49c3-a3d9-2c78f167ffd9"},{"element-6066-11e4-a52e-4f735466cecf":"5a5a6e99-dd0d-474a-89d8-ce1318cce5e8"},{"element-6066-11e4-a52e-4f735466cecf":"57a5e13f-ec23-479b-bd6f-52609a46f1fc"},{"element-6066-11e4-a52e-4f735466cecf":"bf1da82e-c7e8-4d1c-a686-8aa769273c3c"},{"element-6066-11e4-a52e-4f735466cecf":"30f23404-0a4d-4c09-b572-24a26d84aa1c"},{"element-6066-11e4-a52e-4f735466cecf":"9edf274a-304f-403d-a6d3-0e379eac7aef"},{"element-6066-11e4-a52e-4f735466cecf":"76b9328d-c470-49e5-8538-c197651adaf5"},{"element-6066-11e4-a52e-4f735466cecf":"2e74e59f-0b30-48ad-bfcf-df2ae403d80e"},{"element-6066-11e4-a52e-4f735466cecf":"d7e95cb6-3688-4ac4-9db9-28cb62c87912"},{"element-6066-11e4-a52e-4f735466cecf":"5b4c2876-3a81-437f-a111-80271e081950"},{"element-6066-11e4-a52e-4f735466cecf":"5c254dff-1e1d-4e61-a6e0-a0b56811273c"},{"element-6066-11e4-a52e-4f735466cecf":"d24e7739-abdc-4da9-90f9-e641537b71b8"},{"element-6066-11e4-a52e-4f735466cecf":"7fe1b392-3c6f-4054-a2ca-82cd6d0cf13d"},{"element-6066-11e4-a52e-4f735466cecf":"5158c6de-e3bb-478b-a5bd-15de6f607128"},{"element-6066-11e4-a52e-4f735466cecf":"9635d1b5-1364-469d-b562-84bab61618ad"},{"element-6066-11e4-a52e-4f735466cecf":"27b8aec5-bde7-42a7-9c04-2fa2763ee36a"},{"element-6066-11e4-a52e-4f735466cecf":"6b1946af-8445-47fb-8383-097417ceeaf7"},{"element-6066-11e4-a52e-4f735466cecf":"d2424e74-45c9-49d1-ae04-f686431c0ab6"},{"element-6066-11e4-a52e-4f735466cecf":"5b2836b0-024a-4015-b1ae-f21a07a872c6"},{"element-6066-11e4-a52e-4f735466cecf":"41da790a-a1f6-4258-89a1-ead7758a92e9"},{"element-6066-11e4-a52e-4f735466cecf":"887f1f76-e105-4abf-a03e-c0e08d3c5ffe"},{"element-6066-11e4-a52e-4f735466cecf":"34ff54bc-c28d-4e40-98d3-0a4d123e5ee8"},{"element-6066-11e4-a52e-4f735466cecf":"490740d2-eb7c-4d1a-82a6-9f16dd51e10a"},{"element-6066-11e4-a52e-4f735466cecf":"83f291f3-ee80-40ef-a3d1-88df08723463"},{"element-6066-11e4-a52e-4f735466cecf":"2a6b589a-36b7-421d-8120-7d776364f69f"},{"element-6066-11e4-a52e-4f735466cecf":"26dc4707-01a3-4677-bc55-792783ebd8cd"},{"element-6066-11e4-a52e-4f735466cecf":"b85eb257-27cc-4d9c-ada7-81f12d8ed8c4"},{"element-6066-11e4-a52e-4f735466cecf":"950e6c50-6baa-4f73-9ed7-7c13bf8395fd"},{"element-6066-11e4-a52e-4f735466cecf":"22b0a140-033d-4b3f-bf93-c391668fec9f"},{"element-6066-11e4-a52e-4f735466cecf":"d7b5575a-2683-47d1-ad07-a40a03e6b85c"},{"element-6066-11e4-a52e-4f735466cecf":"d4dcfde2-038a-4517-a0d0-3177fe3cb657"},{"element-6066-11e4-a52e-4f735466cecf":"a1a800da-5b83-4391-b4d9-1b12840d9154"},{"element-6066-11e4-a52e-4f735466cecf":"2a6c7a38-a10b-4a04-a4eb-1d12636e08d0"},{"element-6066-11e4-a52e-4f735466cecf":"7bda6432-93d2-4c3f-aba3-28749ffc20ef"},{"element-6066-11e4-a52e-4f735466cecf":"22a1d632-233b-44b7-921e-9e087d70e110"},{"element-6066-11e4-a52e-4f735466cecf":"604c71fc-f56f-4ffc-a9d1-398149333a78"},{"element-6066-11e4-a52e-4f735466cecf":"83aa5919-1391-437b-9caa-3383b2019965"},{"element-6066-11e4-a52e-4f735466cecf":"1af23b03-f152-427c-b9b5-1e77e9fb2903"},{"element-6066-11e4-a52e-4f735466cecf":"77621961-1b63-4e7e-bc1b-4379ac0e2f8a"},{"element-6066-11e4-a52e-4f735466cecf":"4dd33086-f14d-40e8-9dde-1cbe910ce478"},{"element-6066-11e4-a52e-4f735466cecf":"f3e20799-2238-4a52-97f6-1966a8258276"},{"element-6066-11e4-a52e-4f735466cecf":"66b83adc-7b4a-4842-b77e-94455b4be0c7"},{"element-6066-11e4-a52e-4f735466cecf":"5262b237-b6ed-4192-a539-45be1e0057d4"},{"element-6066-11e4-a52e-4f735466cecf":"bca84d2d-e945-4db9-abd2-a339a2c44bf6"},{"element-6066-11e4-a52e-4f735466cecf":"5fd9bd38-fc5f-479e-90f0-9052e1f4ccdb"},{"element-6066-11e4-a52e-4f735466cecf":"8890ad41-3fae-4a7a-bcb2-79926164154f"},{"element-6066-11e4-a52e-4f735466cecf":"7be5a53f-40db-42da-97a8-68992a7d0185"},{"element-6066-11e4-a52e-4f735466cecf":"c5fa7b92-2228-4cff-82dc-5e7e60de6ce6"},{"element-6066-11e4-a52e-4f735466cecf":"9871a459-1625-4dfd-b595-381f2da84f85"},{"element-6066-11e4-a52e-4f735466cecf":"d0418f25-9d92-4366-a0c8-da4475a5bf0f"},{"element-6066-11e4-a52e-4f735466cecf":"1962b107-5cfc-41d1-b25c-43123394450e"},{"element-6066-11e4-a52e-4f735466cecf":"6782fa7b-322f-4f6e-a4dc-2a91c7dc6230"},{"element-6066-11e4-a52e-4f735466cecf":"db24ca4d-7963-42a4-b8a5-8024432f56aa"},{"element-6066-11e4-a52e-4f735466cecf":"9ee6ead1-a1ee-4b1f-89c7-f4251aa30334"},{"element-6066-11e4-a52e-4f735466cecf":"8bca344c-c3f9-4af9-b21b-fce4cf78440a"},{"element-6066-11e4-a52e-4f735466cecf":"96f5c7c8-497c-4884-9f92-915281e74225"},{"element-6066-11e4-a52e-4f735466cecf":"65936330-263f-470d-8c9d-01b4b282ddce"},{"element-6066-11e4-a52e-4f735466cecf":"b64a9d98-29e1-4e61-abd2-22cb68715236"},{"element-6066-11e4-a52e-4f735466cecf":"af0d9686-be4f-423d-b221-d25fb6b94275"},{"element-6066-11e4-a52e-4f735466cecf":"8fe3af91-1fd1-46e5-8b0d-2daa297678fa"},{"element-6066-11e4-a52e-4f735466cecf":"4b792144-0bae-477c-b60e-913349b16117"},{"element-6066-11e4-a52e-4f735466cecf":"65b59df6-e46d-43e6-8d3a-1b86c775007b"},{"element-6066-11e4-a52e-4f735466cecf":"65e730e7-191c-4957-b0dd-a7df31563fa5"},{"element-6066-11e4-a52e-4f735466cecf":"790b0180-b74b-4d79-b350-5ba81ffbeef7"},{"element-6066-11e4-a52e-4f735466cecf":"a4fd7c71-7020-43b4-9a58-e2e97e3f1964"},{"element-6066-11e4-a52e-4f735466cecf":"68bd59c8-37a8-4883-9c21-ce2dd69faa04"},{"element-6066-11e4-a52e-4f735466cecf":"9d829127-4656-4718-9d20-0666244baae8"},{"element-6066-11e4-a52e-4f735466cecf":"4eb3a4ff-616a-4492-ae60-cc7504369f76"},{"element-6066-11e4-a52e-4f735466cecf":"065c482e-d433-4333-b857-211cf4c7a378"},{"element-6066-11e4-a52e-4f735466cecf":"b89098a5-3823-4baf-9acb-eebc22499279"},{"element-6066-11e4-a52e-4f735466cecf":"49e939a2-8f40-4d83-808a-75089417f598"},{"element-6066-11e4-a52e-4f735466cecf":"a2e7d24b-9c71-444d-b330-e64866f24c35"},{"element-6066-11e4-a52e-4f735466cecf":"e9120bba-f367-4460-9a9b-78febe7bb1ef"},{"element-6066-11e4-a52e-4f735466cecf":"a5d58496-024a-4ce5-953d-f78426e45d08"},{"element-6066-11e4-a52e-4f735466cecf":"a705b91c-d044-4b7b-ba97-0d56cbd77b62"},{"element-6066-11e4-a52e-4f735466cecf":"60fe8eec-7485-42db-9abc-6fda788b7ed6"},{"element-6066-11e4-a52e-4f735466cecf":"842fe3bd-7eb1-4de5-be4c-8a96cffc63d0"},{"element-6066-11e4-a52e-4f735466cecf":"01ef859f-306c-4633-b806-0d0c3615bd45"},{"element-6066-11e4-a52e-4f735466cecf":"cabd20ce-ddd4-47ac-a475-490e5d64bfe1"},{"element-6066-11e4-a52e-4f735466cecf":"dbbbe5e0-f95e-4bc6-ad8c-b1e5d38f38fa"},{"element-6066-11e4-a52e-4f735466cecf":"43cde136-e4b2-410f-8b01-b0bfacdf3f10"},{"element-6066-11e4-a52e-4f735466cecf":"0e5a573f-6f76-4060-bbf0-85e524d57366"},{"element-6066-11e4-a52e-4f735466cecf":"c37f4c7f-a350-4f9f-b869-911103d517d6"},{"element-6066-11e4-a52e-4f735466cecf":"147623e7-1e6c-448f-b383-9eaf8e51d52f"},{"element-6066-11e4-a52e-4f735466cecf":"58f61fd5-8a05-4011-b48c-60cd6211c18f"},{"element-6066-11e4-a52e-4f735466cecf":"a403dd9f-5cab-4ec7-b936-2fc3c4ae4eb9"},{"element-6066-11e4-a52e-4f735466cecf":"eb965f10-3e10-4836-bf3b-e7ccf6649bda"},{"element-6066-11e4-a52e-4f735466cecf":"03d5d32f-faca-4cef-bbc2-a25697f280e8"},{"element-6066-11e4-a52e-4f735466cecf":"d49d879c-b861-4c5f-8d99-eb70dc301d76"},{"element-6066-11e4-a52e-4f735466cecf":"c3737f0e-2942-4a46-9eac-66b9b073fe49"},{"element-6066-11e4-a52e-4f735466cecf":"ea7d4e94-074a-4231-958b-f76edad05af5"},{"element-6066-11e4-a52e-4f735466cecf":"5254682c-a4d0-418a-a755-c40ddd9af86b"},{"element-6066-11e4-a52e-4f735466cecf":"6ab06716-f30b-46ff-972f-7b7736be1eeb"},{"element-6066-11e4-a52e-4f735466cecf":"08d8e4f7-71b3-4aba-a6d5-8132c3a59f93"},{"element-6066-11e4-a52e-4f735466cecf":"ca495c67-eff8-4753-8735-2a718b5bd276"},{"element-6066-11e4-a52e-4f735466cecf":"b62ad310-6bf7-40d6-95f8-268ab67ca394"},{"element-6066-11e4-a52e-4f735466cecf":"188b9f46-f562-4583-b75b-1b20a6baa409"},{"element-6066-11e4-a52e-4f735466cecf":"15e225d5-b29f-47d8-bd1d-af5409f7e02f"},{"element-6066-11e4-a52e-4f735466cecf":"a3e2b73a-2b3a-4e6f-9dc0-ade56aa7c4f7"},{"element-6066-11e4-a52e-4f735466cecf":"12846551-9cd7-4222-a026-5bb1f983217d"},{"element-6066-11e4-a52e-4f735466cecf":"02cdff07-8a0c-427c-a08a-015e66d3bb72"},{"element-6066-11e4-a52e-4f735466cecf":"f97d978b-131e-4eff-b58d-d49c92325898"},{"element-6066-11e4-a52e-4f735466cecf":"32ea7061-57ea-47e4-bec3-c06c6a4c5c0e"},{"element-6066-11e4-a52e-4f735466cecf":"ae0293e8-4ab5-4f70-b84b-1bca77add691"},{"element-6066-11e4-a52e-4f735466cecf":"09f551e3-a5fa-4c59-8d84-f93c1cae8500"},{"element-6066-11e4-a52e-4f735466cecf":"c4a1fdae-8490-4520-a841-fdccb02f1349"},{"element-6066-11e4-a52e-4f735466cecf":"9aa7016e-5423-4827-bfcc-100a5df4c855"},{"element-6066-11e4-a52e-4f735466cecf":"a5762a15-b743-4d79-a9b4-83d3fce3fa0e"},{"element-6066-11e4-a52e-4f735466cecf":"597866fa-6f16-482b-9ea2-e3bcf88119cb"},{"element-6066-11e4-a52e-4f735466cecf":"24649626-2f3a-41e2-bea5-b0894e042ebc"},{"element-6066-11e4-a52e-4f735466cecf":"8fbe07f0-18eb-4831-b6b1-442b3f509370"},{"element-6066-11e4-a52e-4f735466cecf":"cdafae53-e2a2-4101-b452-24fbddf8df0c"},{"element-6066-11e4-a52e-4f735466cecf":"109ff977-17a6-488a-83b3-d1ed3b37e9f5"},{"element-6066-11e4-a52e-4f735466cecf":"7c16eac1-ffdc-4b35-92f7-af099b1f5604"},{"element-6066-11e4-a52e-4f735466cecf":"0c7eb56a-7e6e-4fda-bb11-6ae56e898991"},{"element-6066-11e4-a52e-4f735466cecf":"2508c70d-a163-4bbf-8053-28e60ab2b79e"},{"element-6066-11e4-a52e-4f735466cecf":"11d596ba-653c-4304-8efc-5d7bd9ac15ba"},{"element-6066-11e4-a52e-4f735466cecf":"935642bf-4119-48ca-abb5-f3e58d5d91fd"},{"element-6066-11e4-a52e-4f735466cecf":"6f53b436-8287-411c-936b-d181469758d1"},{"element-6066-11e4-a52e-4f735466cecf":"41a8918b-bd65-4c75-89b4-780581c069a8"},{"element-6066-11e4-a52e-4f735466cecf":"e92e01b1-d68f-489b-be67-e8b949019b3f"},{"element-6066-11e4-a52e-4f735466cecf":"01dbe8e6-c4a2-4cf0-89cf-e55967a572ac"},{"element-6066-11e4-a52e-4f735466cecf":"80f19569-498d-436d-b345-0aba5d24a6c2"},{"element-6066-11e4-a52e-4f735466cecf":"8bea3551-eac7-47cf-8bce-8470b01fce4c"},{"element-6066-11e4-a52e-4f735466cecf":"bc22a905-981e-443a-9a59-eacf9a682d5a"},{"element-6066-11e4-a52e-4f735466cecf":"983a7b08-b65a-4780-a84f-ed89932d236a"},{"element-6066-11e4-a52e-4f735466cecf":"d2d24be9-28d5-4a65-be9c-d33f1ee694dd"},{"element-6066-11e4-a52e-4f735466cecf":"c478971c-3c73-4001-9f41-a5b6c56d6105"},{"element-6066-11e4-a52e-4f735466cecf":"9f09e282-901c-429b-8ccd-25dbf34db70c"},{"element-6066-11e4-a52e-4f735466cecf":"597ee155-a093-4782-b94b-acc461f19cd4"},{"element-6066-11e4-a52e-4f735466cecf":"74e0c44c-f496-43aa-a0bd-3b16606cb9c2"},{"element-6066-11e4-a52e-4f735466cecf":"a04ce6d9-a23b-41e0-9039-3701b38e660b"},{"element-6066-11e4-a52e-4f735466cecf":"92c071bf-1ec8-4c45-9d12-0438e9019352"},{"element-6066-11e4-a52e-4f735466cecf":"2b6519b8-bd0a-42dc-93e3-3f8722ef982a"},{"element-6066-11e4-a52e-4f735466cecf":"4d9cb61d-ca0f-4a4d-aed7-9ad78914442d"},{"element-6066-11e4-a52e-4f735466cecf":"f8653327-fd24-49a3-917d-d797a4dc572d"},{"element-6066-11e4-a52e-4f735466cecf":"50a8e82b-1343-465c-8fff-c0537320cf5b"},{"element-6066-11e4-a52e-4f735466cecf":"1d604aeb-ad2b-4729-96f6-36ea5c1a61fc"},{"element-6066-11e4-a52e-4f735466cecf":"ebf4be73-8d68-404c-b478-43b87ea45e5f"},{"element-6066-11e4-a52e-4f735466cecf":"e9567a36-2ac5-48e4-b2f0-fce4210141ac"},{"element-6066-11e4-a52e-4f735466cecf":"94730e19-48c6-4443-8a60-b11e0a6f1963"},{"element-6066-11e4-a52e-4f735466cecf":"a1059d9c-2716-428d-b834-243cfb72f994"},{"element-6066-11e4-a52e-4f735466cecf":"f7a0d39f-beb3-45fe-8175-5263834d64a7"},{"element-6066-11e4-a52e-4f735466cecf":"3d33666e-f171-46d4-b591-dae80e24b705"},{"element-6066-11e4-a52e-4f735466cecf":"7d5e4b4e-e76c-4c11-b4b1-3535e0a4f35b"},{"element-6066-11e4-a52e-4f735466cecf":"71e1784f-19e4-4669-8928-ad934f847e43"},{"element-6066-11e4-a52e-4f735466cecf":"d90c1ae7-fc87-4961-92a0-fee93b687951"},{"element-6066-11e4-a52e-4f735466cecf":"638c2c5c-4699-448b-b01f-3a7a811aac32"},{"element-6066-11e4-a52e-4f735466cecf":"933e133b-f0e0-47bd-a691-30fd40ee8d00"},{"element-6066-11e4-a52e-4f735466cecf":"4165a66b-1860-49f0-b196-6a2ab569f4f6"},{"element-6066-11e4-a52e-4f735466cecf":"60eda296-9679-461b-b6a3-61e69311d585"},{"element-6066-11e4-a52e-4f735466cecf":"3165fe6c-0b12-4ec7-a3a9-41cd7a706d05"},{"element-6066-11e4-a52e-4f735466cecf":"e02a34ea-ec24-44b0-8ca5-c559fd70474d"},{"element-6066-11e4-a52e-4f735466cecf":"21066a71-a312-4ae0-9596-4c4517a0320b"},{"element-6066-11e4-a52e-4f735466cecf":"201666c5-992d-47d3-9776-c2a89985953f"},{"element-6066-11e4-a52e-4f735466cecf":"f75189ca-9d0e-4d50-8c88-e3f92681ef17"},{"element-6066-11e4-a52e-4f735466cecf":"edda6740-acc7-4c0b-affe-dce46d99cd3e"},{"element-6066-11e4-a52e-4f735466cecf":"feeb6713-d576-4aef-92db-2346a608f881"},{"element-6066-11e4-a52e-4f735466cecf":"92b68373-4846-48e5-9756-bbde99681474"},{"element-6066-11e4-a52e-4f735466cecf":"7bb24d50-233b-4507-a94a-dcd35b7ebabf"},{"element-6066-11e4-a52e-4f735466cecf":"3f494835-7143-4bf7-a4ae-49b1488d2023"},{"element-6066-11e4-a52e-4f735466cecf":"86f8e1f8-ea51-4f01-9331-ff592e01bcbf"},{"element-6066-11e4-a52e-4f735466cecf":"bc2264fc-f1ca-4021-a20d-6abc4a7ab44b"},{"element-6066-11e4-a52e-4f735466cecf":"eeb515e0-fcc6-4edc-a7f2-32732e02cba7"},{"element-6066-11e4-a52e-4f735466cecf":"32902664-bb19-4e66-9f68-f49bd3dd9ca6"},{"element-6066-11e4-a52e-4f735466cecf":"7cb8082f-9f95-4b60-a707-3261985afb5f"},{"element-6066-11e4-a52e-4f735466cecf":"0f04517e-f554-4fad-9ec7-fa3d9e4c676a"},{"element-6066-11e4-a52e-4f735466cecf":"e36f19fc-6190-476d-a5ed-1df414eaf05a"},{"element-6066-11e4-a52e-4f735466cecf":"d301c8d2-9bbc-4b7a-a02b-02ca4d04a7d1"},{"element-6066-11e4-a52e-4f735466cecf":"ee31502d-77a4-43eb-8de5-9dc49d79f630"},{"element-6066-11e4-a52e-4f735466cecf":"591996fe-814d-4e5b-8269-acd49180e6b1"},{"element-6066-11e4-a52e-4f735466cecf":"042d91ca-6247-455a-9e81-0ef18c49b10f"},{"element-6066-11e4-a52e-4f735466cecf":"d756b7ea-fb9c-4966-aac2-183ec12f6956"},{"element-6066-11e4-a52e-4f735466cecf":"d64af788-e3f8-4645-9b7d-0b10c3f97d31"},{"element-6066-11e4-a52e-4f735466cecf":"7d01562a-cfb5-4470-89a9-82fdf348eed2"},{"element-6066-11e4-a52e-4f735466cecf":"51793d6c-73d9-4554-ad9e-6a07bf6ae7ef"},{"element-6066-11e4-a52e-4f735466cecf":"d9e0611b-0804-4164-bf3c-fff5b7ac2bfc"},{"element-6066-11e4-a52e-4f735466cecf":"4f6f4d5e-7f74-4ede-8e0a-609389f2ed91"},{"element-6066-11e4-a52e-4f735466cecf":"47a5498c-e0db-40c3-a66a-fa702a362b60"},{"element-6066-11e4-a52e-4f735466cecf":"6861d813-12fb-4799-956d-3d65efc1d823"},{"element-6066-11e4-a52e-4f735466cecf":"479da5f4-bf6c-416a-8c7b-89c643d7f95b"},{"element-6066-11e4-a52e-4f735466cecf":"94e9c7f5-8b69-4230-a250-88b4e45aa7ed"},{"element-6066-11e4-a52e-4f735466cecf":"7e80a7de-23aa-429f-bd77-ee49796264a1"},{"element-6066-11e4-a52e-4f735466cecf":"7c7e06d7-5fd6-4d6d-b678-d0a2046d3c74"},{"element-6066-11e4-a52e-4f735466cecf":"ff46e88c-7b2b-4f44-82fb-e682644cc2f9"},{"element-6066-11e4-a52e-4f735466cecf":"c4dbf23c-143a-45bf-a1b2-e55bcc8de181"},{"element-6066-11e4-a52e-4f735466cecf":"de37ab33-ee8b-4c5f-978c-6ffe9699afcf"},{"element-6066-11e4-a52e-4f735466cecf":"c8e6506e-8ece-44f8-a4b2-e0dfb4410752"},{"element-6066-11e4-a52e-4f735466cecf":"5c4df579-aea4-4042-b1cb-b215c5d2e4ce"},{"element-6066-11e4-a52e-4f735466cecf":"0691979a-56ba-4b1a-9920-c327db476222"},{"element-6066-11e4-a52e-4f735466cecf":"303c75d6-2880-404d-8e3b-487fdde1e461"},{"element-6066-11e4-a52e-4f735466cecf":"1164175d-f3d4-4c20-bb89-7f0cad5dce33"},{"element-6066-11e4-a52e-4f735466cecf":"e698c2de-5e2e-4227-bd88-378afe7f4022"},{"element-6066-11e4-a52e-4f735466cecf":"704676c8-cd02-488b-a265-380d02cbc3aa"},{"element-6066-11e4-a52e-4f735466cecf":"cd80bbb7-9554-434e-9628-c2533437790f"},{"element-6066-11e4-a52e-4f735466cecf":"47fbc4b8-9fbc-4a08-a540-cdfb5d3e4eb0"},{"element-6066-11e4-a52e-4f735466cecf":"3c3ec080-b02d-4874-9459-fe2d449a98f7"},{"element-6066-11e4-a52e-4f735466cecf":"8ec50144-0004-4ca0-ad39-bfde893f03af"},{"element-6066-11e4-a52e-4f735466cecf":"28933992-26df-4c64-ae50-1059a7e980fb"},{"element-6066-11e4-a52e-4f735466cecf":"ab4eefea-fe50-476a-b360-f6bb0ee673ab"},{"element-6066-11e4-a52e-4f735466cecf":"e2281dcf-4407-43d0-bfee-b89192a81822"},{"element-6066-11e4-a52e-4f735466cecf":"f6056350-507d-4364-9c83-2a49d16b7397"},{"element-6066-11e4-a52e-4f735466cecf":"e40375bd-d470-488d-ace9-80b497eb7f55"},{"element-6066-11e4-a52e-4f735466cecf":"683499e0-76f1-4cc8-b4ff-5fe5e1a3bbe3"},{"element-6066-11e4-a52e-4f735466cecf":"d5ada06a-f3b5-4c2d-a3b4-d2c3eeabe0dd"},{"element-6066-11e4-a52e-4f735466cecf":"536e1be8-06bc-43c2-ba72-25e704ff187f"},{"element-6066-11e4-a52e-4f735466cecf":"50700d56-1b57-4475-8ba8-1204cda54589"},{"element-6066-11e4-a52e-4f735466cecf":"91bd5a20-b28a-4a53-8d10-d04bef8350fc"},{"element-6066-11e4-a52e-4f735466cecf":"15093094-0d8a-4d40-bc22-31c48c81c320"},{"element-6066-11e4-a52e-4f735466cecf":"c3660acf-1571-403a-9072-b735473ea0ea"},{"element-6066-11e4-a52e-4f735466cecf":"c3b60fd0-7e4b-4da9-b8f4-8cc05e771288"},{"element-6066-11e4-a52e-4f735466cecf":"06151111-be6b-44c4-a652-f47e3ccdaaea"},{"element-6066-11e4-a52e-4f735466cecf":"63f589e2-08a1-4e5f-bf65-0eef2a337d6f"},{"element-6066-11e4-a52e-4f735466cecf":"63acc59b-cceb-41ee-85ff-6f9f4ccd076c"},{"element-6066-11e4-a52e-4f735466cecf":"8436db03-8492-4f2a-8f6f-daccceebddc6"},{"element-6066-11e4-a52e-4f735466cecf":"e90c0198-c9e0-4498-a4de-62ce470d50fc"},{"element-6066-11e4-a52e-4f735466cecf":"46d3bbfe-ee22-4472-81da-1c91bbab37d1"},{"element-6066-11e4-a52e-4f735466cecf":"4d6940a0-3b6b-491d-b950-fa13fd6e8673"},{"element-6066-11e4-a52e-4f735466cecf":"8e7604e1-647d-486d-8a82-1e3087b4b936"},{"element-6066-11e4-a52e-4f735466cecf":"b1ee92af-9ca3-436c-8353-d169f88bf582"},{"element-6066-11e4-a52e-4f735466cecf":"24dbc26b-7694-4873-957d-53fbba34f8eb"},{"element-6066-11e4-a52e-4f735466cecf":"40a57ed4-32a6-417f-af15-0c1e0587d52e"},{"element-6066-11e4-a52e-4f735466cecf":"4b504e4b-9de6-4ede-a60a-c25eeb0e2218"},{"element-6066-11e4-a52e-4f735466cecf":"53368e5d-541e-4172-b8c1-2fe34153dda9"},{"element-6066-11e4-a52e-4f735466cecf":"ff54d246-09c3-41aa-b111-df104b1b073b"},{"element-6066-11e4-a52e-4f735466cecf":"72c64095-4f1e-49a9-b322-f8c0f58f7511"},{"element-6066-11e4-a52e-4f735466cecf":"8b3816cd-bf29-424a-8de9-a49ab77e8ba7"},{"element-6066-11e4-a52e-4f735466cecf":"c0777e95-b989-4b2b-ade4-8e1959d85c86"},{"element-6066-11e4-a52e-4f735466cecf":"f8023b58-200c-4888-92e8-4e12a6b71371"},{"element-6066-11e4-a52e-4f735466cecf":"57670295-78a6-48c2-b00f-32bd301df01a"},{"element-6066-11e4-a52e-4f735466cecf":"55a73891-b1d4-423d-ad2e-887c36baddb9"},{"element-6066-11e4-a52e-4f735466cecf":"de403e2e-55c1-4343-9152-4471b02942a1"},{"element-6066-11e4-a52e-4f735466cecf":"67a0ae6f-181e-4f1d-9482-ba7b935128e9"},{"element-6066-11e4-a52e-4f735466cecf":"31d2f548-e0e5-427b-8c7b-1ce2bb600384"},{"element-6066-11e4-a52e-4f735466cecf":"940ca601-80c7-4875-9c28-ec02b5b437ac"},{"element-6066-11e4-a52e-4f735466cecf":"6feeb9ca-a804-4f8e-97d0-845387183ac1"},{"element-6066-11e4-a52e-4f735466cecf":"c5157a70-df43-4efd-bd83-2e8c0f5edbf3"},{"element-6066-11e4-a52e-4f735466cecf":"114c3b34-f69b-40a1-9c2e-738fe21130b2"},{"element-6066-11e4-a52e-4f735466cecf":"bf0df204-8a9b-4851-b542-6e794af68a7b"},{"element-6066-11e4-a52e-4f735466cecf":"46d03d35-6678-443c-80d9-1b8e76e01571"},{"element-6066-11e4-a52e-4f735466cecf":"d3c09737-71c2-432c-9ead-305000b7d33d"},{"element-6066-11e4-a52e-4f735466cecf":"3a336063-a666-443b-b5a3-589342577973"},{"element-6066-11e4-a52e-4f735466cecf":"3d6b39da-6581-481b-8c2c-07ad9bc4c8ee"},{"element-6066-11e4-a52e-4f735466cecf":"9e06fe8e-ea75-4621-bdb5-98504945d315"},{"element-6066-11e4-a52e-4f735466cecf":"ba445a91-3118-49ca-80b3-a4032d621157"},{"element-6066-11e4-a52e-4f735466cecf":"eb5a73cb-b810-4c7e-8d95-407177344f78"},{"element-6066-11e4-a52e-4f735466cecf":"06012a91-7529-4947-9619-7c97216f4e1a"},{"element-6066-11e4-a52e-4f735466cecf":"04037afa-dda3-44c7-935d-71c8e9657e4b"},{"element-6066-11e4-a52e-4f735466cecf":"74d07815-72fe-49f4-b599-144e90752ad8"},{"element-6066-11e4-a52e-4f735466cecf":"9ff19795-b816-4951-b61d-81223e3385b1"},{"element-6066-11e4-a52e-4f735466cecf":"d464c1d0-72e3-445f-97e2-b0c506234622"},{"element-6066-11e4-a52e-4f735466cecf":"4cbdaf08-2e0f-43c9-b8a8-09d9f58260ff"},{"element-6066-11e4-a52e-4f735466cecf":"60a1f5f8-1385-41a8-8875-fd27d300e3b7"},{"element-6066-11e4-a52e-4f735466cecf":"49f903be-1def-49cc-823e-c4d04b7142b7"},{"element-6066-11e4-a52e-4f735466cecf":"ab63b70e-1860-4f74-851d-771a3ec4a63f"},{"element-6066-11e4-a52e-4f735466cecf":"c10b2f3f-2d53-481f-99c8-3554c2d2c90a"},{"element-6066-11e4-a52e-4f735466cecf":"c3d258d0-9f92-40fe-b90b-07faa6202ae8"},{"element-6066-11e4-a52e-4f735466cecf":"147892a1-a78d-447f-83ab-a12ba391e958"},{"element-6066-11e4-a52e-4f735466cecf":"e2f965ba-904b-4c12-8649-9aa883c3b1ee"},{"element-6066-11e4-a52e-4f735466cecf":"fac1a2b8-4c05-4ad2-a7a6-41aba43d8895"},{"element-6066-11e4-a52e-4f735466cecf":"6e531cf8-dc67-4a06-94a6-717a80a8942e"},{"element-6066-11e4-a52e-4f735466cecf":"4bacbfd7-2679-4acc-9e77-6cf71d76cd4f"},{"element-6066-11e4-a52e-4f735466cecf":"19c66bdb-2484-45ac-99bf-94be36a6a1e8"},{"element-6066-11e4-a52e-4f735466cecf":"2b4fb97a-1869-41eb-96d4-5919da4e4ced"},{"element-6066-11e4-a52e-4f735466cecf":"50351a2f-5bb3-4a78-9908-c7f214906e14"},{"element-6066-11e4-a52e-4f735466cecf":"6ae5be80-a902-4651-a580-6b2a44cbe16e"},{"element-6066-11e4-a52e-4f735466cecf":"e24f795a-ba62-47ce-8f05-b620163cf8ea"},{"element-6066-11e4-a52e-4f735466cecf":"ef8790d8-3a54-44a4-8525-9ba3ef633bb6"},{"element-6066-11e4-a52e-4f735466cecf":"a542c242-181e-40a9-994c-1356dadb9328"},{"element-6066-11e4-a52e-4f735466cecf":"3a372f25-7da6-42c0-84c7-dbcfb63a387a"},{"element-6066-11e4-a52e-4f735466cecf":"6028a2bb-02a9-4b49-bc23-e14eb6ddfe27"},{"element-6066-11e4-a52e-4f735466cecf":"cfbcfdae-4cdf-43d4-9df1-b94589bbb08e"},{"element-6066-11e4-a52e-4f735466cecf":"d4db476c-dab0-4f22-a43c-dfe3c12390cd"},{"element-6066-11e4-a52e-4f735466cecf":"636d4d6a-ec31-471a-8b5c-c99954e8e369"},{"element-6066-11e4-a52e-4f735466cecf":"99f12203-bbce-4f02-961b-4ed58e552af9"},{"element-6066-11e4-a52e-4f735466cecf":"a39e080c-a623-4345-bebe-9c6384007baf"},{"element-6066-11e4-a52e-4f735466cecf":"7f8dd087-dd36-46da-8548-2a5481d1285e"},{"element-6066-11e4-a52e-4f735466cecf":"72edd2bb-f6d0-442c-a6e1-f1916bbcf06a"},{"element-6066-11e4-a52e-4f735466cecf":"7d0d11d2-ad65-4daf-9a30-3e18d9202805"},{"element-6066-11e4-a52e-4f735466cecf":"c98a1ca2-1d7b-4a1c-b48a-b04e65f12740"},{"element-6066-11e4-a52e-4f735466cecf":"a2050261-56a5-4dd1-b3e6-fdb351049af0"},{"element-6066-11e4-a52e-4f735466cecf":"d45bab1d-efaa-4616-9658-3f1de99bd4c3"},{"element-6066-11e4-a52e-4f735466cecf":"26b4d3c0-f676-452c-86de-25f6b843639e"},{"element-6066-11e4-a52e-4f735466cecf":"28e2d184-a7bc-4d32-b234-b63a60698ea2"},{"element-6066-11e4-a52e-4f735466cecf":"c951cc85-6da6-4f76-afd3-07e82ce62aad"},{"element-6066-11e4-a52e-4f735466cecf":"c46a624e-75e9-488b-8b30-8fac4c3a84f2"},{"element-6066-11e4-a52e-4f735466cecf":"a0476335-6263-4427-8d86-f64bc60fc8e2"},{"element-6066-11e4-a52e-4f735466cecf":"03b49a0c-9eb4-4a56-a0df-e334d6f3d594"},{"element-6066-11e4-a52e-4f735466cecf":"c44e4df3-ddb1-4e58-a067-104a0586d187"},{"element-6066-11e4-a52e-4f735466cecf":"9a286fb6-8878-4632-8858-c8618c28b0b8"},{"element-6066-11e4-a52e-4f735466cecf":"1d0d1e87-4c5b-41fd-98f7-85a6ec15353e"},{"element-6066-11e4-a52e-4f735466cecf":"c39d41bd-242b-4018-8bf6-89d4585a9453"}]} | headers=HTTPHeaderDict({'Content-Length': '28451', 'Content-Type': 'application/json; charset=utf-8', 'cache-control': 'no-cache'})
DEBUG    2022-05-28 23:30:53 selenium.webdriver.remote.remote_connection::remote_connection.py:_request:412: Finished Request
INFO     2022-05-28 23:30:53 root::mod_common.py:is_element_exist:13: //li[@class='payment-methods ng-binding yogiseo-payment']엘리먼트가 존재합니다.
INFO     2022-05-28 23:30:53 root::func_item.py:item_yogiseo_payment:203: Pass : 전체 레스토랑 항목들에서 요기서결제가 노출 중입니다.
DEBUG    2022-05-28 23:30:53 selenium.webdriver.remote.remote_connection::remote_connection.py:_request:361: DELETE http://localhost:11008/session/afeb63244dd1f30bb6e1f7716822b468 {}
DEBUG    2022-05-28 23:30:53 urllib3.connectionpool::connectionpool.py:_make_request:456: http://localhost:11008 "DELETE /session/afeb63244dd1f30bb6e1f7716822b468 HTTP/1.1" 200 14
DEBUG    2022-05-28 23:30:53 selenium.webdriver.remote.remote_connection::remote_connection.py:_request:383: Remote response: status=200 | data={"value":null} | headers=HTTPHeaderDict({'Content-Length': '14', 'Content-Type': 'application/json; charset=utf-8', 'cache-control': 'no-cache'})
DEBUG    2022-05-28 23:30:53 selenium.webdriver.remote.remote_connection::remote_connection.py:_request:412: Finished Request
INFO     2022-05-28 23:30:55 WDM::logger.py:log:16: ====== WebDriver manager ======
INFO     2022-05-28 23:30:56 WDM::logger.py:log:16: Current google-chrome version is 102.0.5005
INFO     2022-05-28 23:30:56 WDM::logger.py:log:16: Get LATEST chromedriver version for 102.0.5005 google-chrome
DEBUG    2022-05-28 23:30:56 urllib3.connectionpool::connectionpool.py:_new_conn:1001: Starting new HTTPS connection (1): chromedriver.storage.googleapis.com:443
DEBUG    2022-05-28 23:30:57 urllib3.connectionpool::connectionpool.py:_make_request:456: https://chromedriver.storage.googleapis.com:443 "GET /LATEST_RELEASE_102.0.5005 HTTP/1.1" 200 13
INFO     2022-05-28 23:30:57 WDM::logger.py:log:16: Driver [C:\Users\teddy\.wdm\drivers\chromedriver\win32\102.0.5005.61\chromedriver.exe] found in cache
DEBUG    2022-05-28 23:30:57 selenium.webdriver.remote.remote_connection::remote_connection.py:_request:361: POST http://localhost:11067/session {"capabilities": {"firstMatch": [{}], "alwaysMatch": {"browserName": "chrome", "pageLoadStrategy": "normal", "goog:chromeOptions": {"extensions": [], "args": []}}}}
DEBUG    2022-05-28 23:30:57 urllib3.connectionpool::connectionpool.py:_new_conn:228: Starting new HTTP connection (1): localhost:11067
DEBUG    2022-05-28 23:30:58 urllib3.connectionpool::connectionpool.py:_make_request:456: http://localhost:11067 "POST /session HTTP/1.1" 200 790
DEBUG    2022-05-28 23:30:58 selenium.webdriver.remote.remote_connection::remote_connection.py:_request:383: Remote response: status=200 | data={"value":{"capabilities":{"acceptInsecureCerts":false,"browserName":"chrome","browserVersion":"102.0.5005.61","chrome":{"chromedriverVersion":"102.0.5005.61 (0e59bcc00cc4985ce39ad31c150065f159d95ad3-refs/branch-heads/5005@{#819})","userDataDir":"C:\\Users\\teddy\\AppData\\Local\\Temp\\scoped_dir81036_1950657818"},"goog:chromeOptions":{"debuggerAddress":"localhost:11072"},"networkConnectionEnabled":false,"pageLoadStrategy":"normal","platformName":"windows","proxy":{},"setWindowRect":true,"strictFileInteractability":false,"timeouts":{"implicit":0,"pageLoad":300000,"script":30000},"unhandledPromptBehavior":"dismiss and notify","webauthn:extension:credBlob":true,"webauthn:extension:largeBlob":true,"webauthn:virtualAuthenticators":true},"sessionId":"a44f054d687dc6d0cfabd1998291d35b"}} | headers=HTTPHeaderDict({'Content-Length': '790', 'Content-Type': 'application/json; charset=utf-8', 'cache-control': 'no-cache'})
DEBUG    2022-05-28 23:30:58 selenium.webdriver.remote.remote_connection::remote_connection.py:_request:412: Finished Request
DEBUG    2022-05-28 23:30:58 selenium.webdriver.remote.remote_connection::remote_connection.py:_request:361: POST http://localhost:11067/session/a44f054d687dc6d0cfabd1998291d35b/window/maximize {}
DEBUG    2022-05-28 23:30:58 urllib3.connectionpool::connectionpool.py:_make_request:456: http://localhost:11067 "POST /session/a44f054d687dc6d0cfabd1998291d35b/window/maximize HTTP/1.1" 200 52
DEBUG    2022-05-28 23:30:58 selenium.webdriver.remote.remote_connection::remote_connection.py:_request:383: Remote response: status=200 | data={"value":{"height":1048,"width":1936,"x":-8,"y":-8}} | headers=HTTPHeaderDict({'Content-Length': '52', 'Content-Type': 'application/json; charset=utf-8', 'cache-control': 'no-cache'})
DEBUG    2022-05-28 23:30:58 selenium.webdriver.remote.remote_connection::remote_connection.py:_request:412: Finished Request
DEBUG    2022-05-28 23:30:58 selenium.webdriver.remote.remote_connection::remote_connection.py:_request:361: POST http://localhost:11067/session/a44f054d687dc6d0cfabd1998291d35b/timeouts {"implicit": 10000}
DEBUG    2022-05-28 23:30:58 urllib3.connectionpool::connectionpool.py:_make_request:456: http://localhost:11067 "POST /session/a44f054d687dc6d0cfabd1998291d35b/timeouts HTTP/1.1" 200 14
DEBUG    2022-05-28 23:30:58 selenium.webdriver.remote.remote_connection::remote_connection.py:_request:383: Remote response: status=200 | data={"value":null} | headers=HTTPHeaderDict({'Content-Length': '14', 'Content-Type': 'application/json; charset=utf-8', 'cache-control': 'no-cache'})
DEBUG    2022-05-28 23:30:58 selenium.webdriver.remote.remote_connection::remote_connection.py:_request:412: Finished Request
DEBUG    2022-05-28 23:30:58 selenium.webdriver.remote.remote_connection::remote_connection.py:_request:361: POST http://localhost:11067/session/a44f054d687dc6d0cfabd1998291d35b/url {"url": "https://www.yogiyo.co.kr/mobile/#/"}
DEBUG    2022-05-28 23:31:00 urllib3.connectionpool::connectionpool.py:_make_request:456: http://localhost:11067 "POST /session/a44f054d687dc6d0cfabd1998291d35b/url HTTP/1.1" 200 14
DEBUG    2022-05-28 23:31:00 selenium.webdriver.remote.remote_connection::remote_connection.py:_request:383: Remote response: status=200 | data={"value":null} | headers=HTTPHeaderDict({'Content-Length': '14', 'Content-Type': 'application/json; charset=utf-8', 'cache-control': 'no-cache'})
DEBUG    2022-05-28 23:31:00 selenium.webdriver.remote.remote_connection::remote_connection.py:_request:412: Finished Request
DEBUG    2022-05-28 23:31:01 selenium.webdriver.remote.remote_connection::remote_connection.py:_request:361: POST http://localhost:11067/session/a44f054d687dc6d0cfabd1998291d35b/element {"using": "xpath", "value": "//input[@name='address_input']"}
DEBUG    2022-05-28 23:31:01 urllib3.connectionpool::connectionpool.py:_make_request:456: http://localhost:11067 "POST /session/a44f054d687dc6d0cfabd1998291d35b/element HTTP/1.1" 200 88
DEBUG    2022-05-28 23:31:01 selenium.webdriver.remote.remote_connection::remote_connection.py:_request:383: Remote response: status=200 | data={"value":{"element-6066-11e4-a52e-4f735466cecf":"b62cb480-ffc7-4afe-8bd0-d45977e79b22"}} | headers=HTTPHeaderDict({'Content-Length': '88', 'Content-Type': 'application/json; charset=utf-8', 'cache-control': 'no-cache'})
DEBUG    2022-05-28 23:31:01 selenium.webdriver.remote.remote_connection::remote_connection.py:_request:412: Finished Request
DEBUG    2022-05-28 23:31:01 selenium.webdriver.remote.remote_connection::remote_connection.py:_request:361: POST http://localhost:11067/session/a44f054d687dc6d0cfabd1998291d35b/element/b62cb480-ffc7-4afe-8bd0-d45977e79b22/clear {"id": "b62cb480-ffc7-4afe-8bd0-d45977e79b22"}
DEBUG    2022-05-28 23:31:01 urllib3.connectionpool::connectionpool.py:_make_request:456: http://localhost:11067 "POST /session/a44f054d687dc6d0cfabd1998291d35b/element/b62cb480-ffc7-4afe-8bd0-d45977e79b22/clear HTTP/1.1" 200 14
DEBUG    2022-05-28 23:31:01 selenium.webdriver.remote.remote_connection::remote_connection.py:_request:383: Remote response: status=200 | data={"value":null} | headers=HTTPHeaderDict({'Content-Length': '14', 'Content-Type': 'application/json; charset=utf-8', 'cache-control': 'no-cache'})
DEBUG    2022-05-28 23:31:01 selenium.webdriver.remote.remote_connection::remote_connection.py:_request:412: Finished Request
DEBUG    2022-05-28 23:31:01 selenium.webdriver.remote.remote_connection::remote_connection.py:_request:361: POST http://localhost:11067/session/a44f054d687dc6d0cfabd1998291d35b/element {"using": "xpath", "value": "//input[@name='address_input']"}
DEBUG    2022-05-28 23:31:01 urllib3.connectionpool::connectionpool.py:_make_request:456: http://localhost:11067 "POST /session/a44f054d687dc6d0cfabd1998291d35b/element HTTP/1.1" 200 88
DEBUG    2022-05-28 23:31:01 selenium.webdriver.remote.remote_connection::remote_connection.py:_request:383: Remote response: status=200 | data={"value":{"element-6066-11e4-a52e-4f735466cecf":"b62cb480-ffc7-4afe-8bd0-d45977e79b22"}} | headers=HTTPHeaderDict({'Content-Length': '88', 'Content-Type': 'application/json; charset=utf-8', 'cache-control': 'no-cache'})
DEBUG    2022-05-28 23:31:01 selenium.webdriver.remote.remote_connection::remote_connection.py:_request:412: Finished Request
DEBUG    2022-05-28 23:31:01 selenium.webdriver.remote.remote_connection::remote_connection.py:_request:361: POST http://localhost:11067/session/a44f054d687dc6d0cfabd1998291d35b/element/b62cb480-ffc7-4afe-8bd0-d45977e79b22/value {"text": "\uc11c\uc6b8\ud2b9\ubcc4\uc2dc \ub3d9\uc791\uad6c \uc0ac\ub2f9\ub3d9 144-4 \uc774\uc218\uc5ed(7\ud638\uc120)", "value": ["\uc11c", "\uc6b8", "\ud2b9", "\ubcc4", "\uc2dc", " ", "\ub3d9", "\uc791", "\uad6c", " ", "\uc0ac", "\ub2f9", "\ub3d9", " ", "1", "4", "4", "-", "4", " ", "\uc774", "\uc218", "\uc5ed", "(", "7", "\ud638", "\uc120", ")"], "id": "b62cb480-ffc7-4afe-8bd0-d45977e79b22"}
DEBUG    2022-05-28 23:31:01 urllib3.connectionpool::connectionpool.py:_make_request:456: http://localhost:11067 "POST /session/a44f054d687dc6d0cfabd1998291d35b/element/b62cb480-ffc7-4afe-8bd0-d45977e79b22/value HTTP/1.1" 200 14
DEBUG    2022-05-28 23:31:01 selenium.webdriver.remote.remote_connection::remote_connection.py:_request:383: Remote response: status=200 | data={"value":null} | headers=HTTPHeaderDict({'Content-Length': '14', 'Content-Type': 'application/json; charset=utf-8', 'cache-control': 'no-cache'})
DEBUG    2022-05-28 23:31:01 selenium.webdriver.remote.remote_connection::remote_connection.py:_request:412: Finished Request
DEBUG    2022-05-28 23:31:01 selenium.webdriver.remote.remote_connection::remote_connection.py:_request:361: POST http://localhost:11067/session/a44f054d687dc6d0cfabd1998291d35b/element {"using": "xpath", "value": "//button[@class='btn btn-default ico-pick']"}
DEBUG    2022-05-28 23:31:01 urllib3.connectionpool::connectionpool.py:_make_request:456: http://localhost:11067 "POST /session/a44f054d687dc6d0cfabd1998291d35b/element HTTP/1.1" 200 88
DEBUG    2022-05-28 23:31:01 selenium.webdriver.remote.remote_connection::remote_connection.py:_request:383: Remote response: status=200 | data={"value":{"element-6066-11e4-a52e-4f735466cecf":"4b2d30b3-f165-4cd8-93c3-7ace019e4ca1"}} | headers=HTTPHeaderDict({'Content-Length': '88', 'Content-Type': 'application/json; charset=utf-8', 'cache-control': 'no-cache'})
DEBUG    2022-05-28 23:31:01 selenium.webdriver.remote.remote_connection::remote_connection.py:_request:412: Finished Request
DEBUG    2022-05-28 23:31:01 selenium.webdriver.remote.remote_connection::remote_connection.py:_request:361: POST http://localhost:11067/session/a44f054d687dc6d0cfabd1998291d35b/element/4b2d30b3-f165-4cd8-93c3-7ace019e4ca1/click {"id": "4b2d30b3-f165-4cd8-93c3-7ace019e4ca1"}
DEBUG    2022-05-28 23:31:01 urllib3.connectionpool::connectionpool.py:_make_request:456: http://localhost:11067 "POST /session/a44f054d687dc6d0cfabd1998291d35b/element/4b2d30b3-f165-4cd8-93c3-7ace019e4ca1/click HTTP/1.1" 200 14
DEBUG    2022-05-28 23:31:01 selenium.webdriver.remote.remote_connection::remote_connection.py:_request:383: Remote response: status=200 | data={"value":null} | headers=HTTPHeaderDict({'Content-Length': '14', 'Content-Type': 'application/json; charset=utf-8', 'cache-control': 'no-cache'})
DEBUG    2022-05-28 23:31:01 selenium.webdriver.remote.remote_connection::remote_connection.py:_request:412: Finished Request
DEBUG    2022-05-28 23:31:02 selenium.webdriver.remote.remote_connection::remote_connection.py:_request:361: GET http://localhost:11067/session/a44f054d687dc6d0cfabd1998291d35b/url {}
DEBUG    2022-05-28 23:31:02 urllib3.connectionpool::connectionpool.py:_make_request:456: http://localhost:11067 "GET /session/a44f054d687dc6d0cfabd1998291d35b/url HTTP/1.1" 200 99
DEBUG    2022-05-28 23:31:02 selenium.webdriver.remote.remote_connection::remote_connection.py:_request:383: Remote response: status=200 | data={"value":"https://www.yogiyo.co.kr/mobile/#/%EC%84%9C%EC%9A%B8%ED%8A%B9%EB%B3%84%EC%8B%9C/156091/"} | headers=HTTPHeaderDict({'Content-Length': '99', 'Content-Type': 'application/json; charset=utf-8', 'cache-control': 'no-cache'})
DEBUG    2022-05-28 23:31:02 selenium.webdriver.remote.remote_connection::remote_connection.py:_request:412: Finished Request
INFO     2022-05-28 23:31:02 root::mod_common.py:compare_url:25: 현재 URL : https://www.yogiyo.co.kr/mobile/#/%EC%84%9C%EC%9A%B8%ED%8A%B9%EB%B3%84%EC%8B%9C/156091/
INFO     2022-05-28 23:31:02 root::mod_common.py:compare_url:26: 비교 URL : https://www.yogiyo.co.kr/mobile/#/%EC%84%9C%EC%9A%B8%ED%8A%B9%EB%B3%84%EC%8B%9C/156091/
INFO     2022-05-28 23:31:02 root::mod_common.py:compare_url:28: 두 URL이 일치합니다.
INFO     2022-05-28 23:31:02 root::mod_enter.py:enter_restaurant_list:19: Success : 레스토랑 리스트 페이지 진입에 성공했습니다.
DEBUG    2022-05-28 23:31:02 selenium.webdriver.remote.remote_connection::remote_connection.py:_request:361: POST http://localhost:11067/session/a44f054d687dc6d0cfabd1998291d35b/execute/sync {"script": "return document.body.scrollHeight", "args": []}
DEBUG    2022-05-28 23:31:02 urllib3.connectionpool::connectionpool.py:_make_request:456: http://localhost:11067 "POST /session/a44f054d687dc6d0cfabd1998291d35b/execute/sync HTTP/1.1" 200 14
DEBUG    2022-05-28 23:31:02 selenium.webdriver.remote.remote_connection::remote_connection.py:_request:383: Remote response: status=200 | data={"value":4505} | headers=HTTPHeaderDict({'Content-Length': '14', 'Content-Type': 'application/json; charset=utf-8', 'cache-control': 'no-cache'})
DEBUG    2022-05-28 23:31:02 selenium.webdriver.remote.remote_connection::remote_connection.py:_request:412: Finished Request
DEBUG    2022-05-28 23:31:02 selenium.webdriver.remote.remote_connection::remote_connection.py:_request:361: POST http://localhost:11067/session/a44f054d687dc6d0cfabd1998291d35b/execute/sync {"script": "window.scrollTo(0, 4505)", "args": []}
DEBUG    2022-05-28 23:31:02 urllib3.connectionpool::connectionpool.py:_make_request:456: http://localhost:11067 "POST /session/a44f054d687dc6d0cfabd1998291d35b/execute/sync HTTP/1.1" 200 14
DEBUG    2022-05-28 23:31:02 selenium.webdriver.remote.remote_connection::remote_connection.py:_request:383: Remote response: status=200 | data={"value":null} | headers=HTTPHeaderDict({'Content-Length': '14', 'Content-Type': 'application/json; charset=utf-8', 'cache-control': 'no-cache'})
DEBUG    2022-05-28 23:31:02 selenium.webdriver.remote.remote_connection::remote_connection.py:_request:412: Finished Request
DEBUG    2022-05-28 23:31:03 selenium.webdriver.remote.remote_connection::remote_connection.py:_request:361: POST http://localhost:11067/session/a44f054d687dc6d0cfabd1998291d35b/execute/sync {"script": "return document.body.scrollHeight", "args": []}
DEBUG    2022-05-28 23:31:03 urllib3.connectionpool::connectionpool.py:_make_request:456: http://localhost:11067 "POST /session/a44f054d687dc6d0cfabd1998291d35b/execute/sync HTTP/1.1" 200 14
DEBUG    2022-05-28 23:31:03 selenium.webdriver.remote.remote_connection::remote_connection.py:_request:383: Remote response: status=200 | data={"value":7984} | headers=HTTPHeaderDict({'Content-Length': '14', 'Content-Type': 'application/json; charset=utf-8', 'cache-control': 'no-cache'})
DEBUG    2022-05-28 23:31:03 selenium.webdriver.remote.remote_connection::remote_connection.py:_request:412: Finished Request
DEBUG    2022-05-28 23:31:03 selenium.webdriver.remote.remote_connection::remote_connection.py:_request:361: POST http://localhost:11067/session/a44f054d687dc6d0cfabd1998291d35b/execute/sync {"script": "window.scrollTo(4505, 7984)", "args": []}
DEBUG    2022-05-28 23:31:03 urllib3.connectionpool::connectionpool.py:_make_request:456: http://localhost:11067 "POST /session/a44f054d687dc6d0cfabd1998291d35b/execute/sync HTTP/1.1" 200 14
DEBUG    2022-05-28 23:31:03 selenium.webdriver.remote.remote_connection::remote_connection.py:_request:383: Remote response: status=200 | data={"value":null} | headers=HTTPHeaderDict({'Content-Length': '14', 'Content-Type': 'application/json; charset=utf-8', 'cache-control': 'no-cache'})
DEBUG    2022-05-28 23:31:03 selenium.webdriver.remote.remote_connection::remote_connection.py:_request:412: Finished Request
DEBUG    2022-05-28 23:31:03 selenium.webdriver.remote.remote_connection::remote_connection.py:_request:361: POST http://localhost:11067/session/a44f054d687dc6d0cfabd1998291d35b/execute/sync {"script": "return document.body.scrollHeight", "args": []}
DEBUG    2022-05-28 23:31:03 urllib3.connectionpool::connectionpool.py:_make_request:456: http://localhost:11067 "POST /session/a44f054d687dc6d0cfabd1998291d35b/execute/sync HTTP/1.1" 200 15
DEBUG    2022-05-28 23:31:03 selenium.webdriver.remote.remote_connection::remote_connection.py:_request:383: Remote response: status=200 | data={"value":11524} | headers=HTTPHeaderDict({'Content-Length': '15', 'Content-Type': 'application/json; charset=utf-8', 'cache-control': 'no-cache'})
DEBUG    2022-05-28 23:31:03 selenium.webdriver.remote.remote_connection::remote_connection.py:_request:412: Finished Request
DEBUG    2022-05-28 23:31:03 selenium.webdriver.remote.remote_connection::remote_connection.py:_request:361: POST http://localhost:11067/session/a44f054d687dc6d0cfabd1998291d35b/execute/sync {"script": "window.scrollTo(7984, 11524)", "args": []}
DEBUG    2022-05-28 23:31:03 urllib3.connectionpool::connectionpool.py:_make_request:456: http://localhost:11067 "POST /session/a44f054d687dc6d0cfabd1998291d35b/execute/sync HTTP/1.1" 200 14
DEBUG    2022-05-28 23:31:03 selenium.webdriver.remote.remote_connection::remote_connection.py:_request:383: Remote response: status=200 | data={"value":null} | headers=HTTPHeaderDict({'Content-Length': '14', 'Content-Type': 'application/json; charset=utf-8', 'cache-control': 'no-cache'})
DEBUG    2022-05-28 23:31:03 selenium.webdriver.remote.remote_connection::remote_connection.py:_request:412: Finished Request
ERROR    2022-05-28 23:31:04 root::func_item.py:item_min_price:227: Fail : 전체 레스토랑 항목들에서 배달 최소 금액이 노출되지 않는 항목이 존재합니다.
DEBUG    2022-05-28 23:31:04 selenium.webdriver.remote.remote_connection::remote_connection.py:_request:361: DELETE http://localhost:11067/session/a44f054d687dc6d0cfabd1998291d35b {}
DEBUG    2022-05-28 23:31:04 urllib3.util.retry::retry.py:increment:594: Incremented Retry for (url='/session/a44f054d687dc6d0cfabd1998291d35b'): Retry(total=2, connect=None, read=None, redirect=None, status=None)
WARNING  2022-05-28 23:31:04 urllib3.connectionpool::connectionpool.py:urlopen:810: Retrying (Retry(total=2, connect=None, read=None, redirect=None, status=None)) after connection broken by 'ProtocolError('Connection aborted.', ConnectionResetError(10054, '현재 연결은 원격 호스트에 의해 강제로 끊겼습니다', None, 10054, None))': /session/a44f054d687dc6d0cfabd1998291d35b
DEBUG    2022-05-28 23:31:04 urllib3.connectionpool::connectionpool.py:_new_conn:228: Starting new HTTP connection (2): localhost:11067
